Range@sketch_1_1 :: (no solution — no constraints generated)
Encoding::Converter@sketch_1_1 :: (no solution — no constraints generated)
Encoding::InvalidByteSequenceError@sketch_1_1 :: (no solution — no constraints generated)
Encoding::UndefinedConversionError@sketch_1_1 :: (no solution — no constraints generated)
MatchData@sketch_1_1 :: (no solution — no constraints generated)
Regexp@sketch_1_1 :: (no solution — no constraints generated)
Data@sketch_1_1 :: (no solution — no constraints generated)
Struct@sketch_1_1 :: (no solution — no constraints generated)
Hash@sketch_1_1 :: (no solution — no constraints generated)
Array@sketch_1_1 :: (no solution — no constraints generated)
Float@sketch_1_1 :: (no solution — no constraints generated)
Integer@sketch_1_1 :: (no solution — no constraints generated)
Numeric@sketch_1_1 :: (no solution — no constraints generated)
UncaughtThrowError@sketch_1_1 :: (no solution — no constraints generated)
Warning::buffer@sketch_1_1 :: (no solution — no constraints generated)
SystemCallError@sketch_1_1 :: (no solution — no constraints generated)
NoMatchingPatternKeyError@sketch_1_1 :: (no solution — no constraints generated)
FrozenError@sketch_1_1 :: (no solution — no constraints generated)
NoMethodError@sketch_1_1 :: (no solution — no constraints generated)
NameError::message@sketch_1_1 :: (no solution — no constraints generated)
NameError@sketch_1_1 :: (no solution — no constraints generated)
LoadError@sketch_1_1 :: (no solution — no constraints generated)
SyntaxError@sketch_1_1 :: (no solution — no constraints generated)
KeyError@sketch_1_1 :: (no solution — no constraints generated)
SignalException@sketch_1_1 :: (no solution — no constraints generated)
SystemExit@sketch_1_1 :: (no solution — no constraints generated)
Exception@sketch_1_1 :: (no solution — no constraints generated)
Symbol@sketch_1_1 :: (no solution — no constraints generated)
String@sketch_1_1 :: (no solution — no constraints generated)
Encoding@sketch_1_1 :: (no solution — no constraints generated)
FalseClass@sketch_1_1 :: (no solution — no constraints generated)
TrueClass@sketch_1_1 :: (no solution — no constraints generated)
NilClass@sketch_1_1 :: (no solution — no constraints generated)
Refinement@sketch_1_1 :: (no solution — no constraints generated)
Class@sketch_1_1 :: (no solution — no constraints generated)
Module@sketch_1_1 :: (no solution — no constraints generated)
Object@sketch_1_1 :: (no solution — no constraints generated)
BasicObject@sketch_1_1 :: (no solution — no constraints generated)
Bundler::GemHelpers::PlatformMatch@sketch_1_1 :: (no solution — no constraints generated)
SyntaxSuggest::MiniStringIO@sketch_1_1 :: (no solution — no constraints generated)
URI::Generic@sketch_1_1 :: (no solution — no constraints generated)
DidYouMean::DeprecatedMapping@sketch_1_1 :: (no solution — no constraints generated)
DidYouMean::Formatter@sketch_1_1 :: (no solution — no constraints generated)
Gem::Source::Vendor@sketch_1_1 :: (no solution — no constraints generated)
DidYouMean::PatternKeyNameChecker@sketch_1_1 :: (no solution — no constraints generated)
Gem::Source::Lock@sketch_1_1 :: (no solution — no constraints generated)
DidYouMean::RequirePathChecker@sketch_1_1 :: (no solution — no constraints generated)
Gem::Source::Local@sketch_1_1 :: (no solution — no constraints generated)
DidYouMean::TreeSpellChecker@sketch_1_1 :: (no solution — no constraints generated)
Gem::UnsatisfiableDependencyError@sketch_1_1 :: (no solution — no constraints generated)
Gem::SystemExitException@sketch_1_1 :: (no solution — no constraints generated)
RubyVM::AbstractSyntaxTree::Node@sketch_1_1 :: (no solution — no constraints generated)
TracePoint@sketch_1_1 :: (no solution — no constraints generated)
Complex@sketch_1_1 :: (no solution — no constraints generated)
Rational@sketch_1_1 :: (no solution — no constraints generated)
Fiber@sketch_1_1 :: (no solution — no constraints generated)
Process::Tms@sketch_1_1 :: (no solution — no constraints generated)
Process::Status@sketch_1_1 :: (no solution — no constraints generated)
Process::Waiter@sketch_1_1 :: (no solution — no constraints generated)
Thread::ConditionVariable@sketch_1_1 :: (no solution — no constraints generated)
Thread::SizedQueue@sketch_1_1 :: (no solution — no constraints generated)
Thread::Queue@sketch_1_1 :: (no solution — no constraints generated)
Thread::Mutex@sketch_1_1 :: (no solution — no constraints generated)
ThreadGroup@sketch_1_1 :: (no solution — no constraints generated)
RubyVM::InstructionSequence@sketch_1_1 :: (no solution — no constraints generated)
Thread::Backtrace::Location@sketch_1_1 :: (no solution — no constraints generated)
Thread::Backtrace@sketch_1_1 :: (no solution — no constraints generated)
Thread@sketch_1_1 :: (no solution — no constraints generated)
RubyVM@sketch_1_1 :: (no solution — no constraints generated)
Ractor::MovedObject@sketch_1_1 :: (no solution — no constraints generated)
Ractor::RemoteError@sketch_1_1 :: (no solution — no constraints generated)
Ractor@sketch_1_1 :: (no solution — no constraints generated)
Enumerator::ArithmeticSequence@sketch_1_1 :: (no solution — no constraints generated)
Enumerator::Product@sketch_1_1 :: (no solution — no constraints generated)
Enumerator::Chain@sketch_1_1 :: (no solution — no constraints generated)
Enumerator::Producer@sketch_1_1 :: (no solution — no constraints generated)
Enumerator::Yielder@sketch_1_1 :: (no solution — no constraints generated)
Enumerator::Generator@sketch_1_1 :: (no solution — no constraints generated)
StopIteration@sketch_1_1 :: (no solution — no constraints generated)
Enumerator::Lazy@sketch_1_1 :: (no solution — no constraints generated)
Enumerator@sketch_1_1 :: (no solution — no constraints generated)
ObjectSpace::WeakMap@sketch_1_1 :: (no solution — no constraints generated)
Binding@sketch_1_1 :: (no solution — no constraints generated)
UnboundMethod@sketch_1_1 :: (no solution — no constraints generated)
Method@sketch_1_1 :: (no solution — no constraints generated)
LocalJumpError@sketch_1_1 :: (no solution — no constraints generated)
Proc@sketch_1_1 :: (no solution — no constraints generated)
Random@sketch_1_1 :: (no solution — no constraints generated)
Random::Base@sketch_1_1 :: (no solution — no constraints generated)
Time::tm@sketch_1_1 :: (no solution — no constraints generated)
Time@sketch_1_1 :: (no solution — no constraints generated)
Dir@sketch_1_1 :: (no solution — no constraints generated)
IO::Buffer@sketch_1_1 :: (no solution — no constraints generated)
File::Stat@sketch_1_1 :: (no solution — no constraints generated)
File@sketch_1_1 :: (no solution — no constraints generated)
ARGF.class@sketch_1_1 :: (no solution — no constraints generated)
IO@sketch_1_1 :: (no solution — no constraints generated)
Gem::RuntimeRequirementNotMetError@sketch_1_1 :: (no solution — no constraints generated)
Gem::Source::SpecificFile@sketch_1_1 :: (no solution — no constraints generated)
Gem::ImpossibleDependenciesError@sketch_1_1 :: (no solution — no constraints generated)
Gem::SpecificGemNotFoundException@sketch_1_1 :: (no solution — no constraints generated)
Gem::FormatException@sketch_1_1 :: (no solution — no constraints generated)
Gem::FilePermissionError@sketch_1_1 :: (no solution — no constraints generated)
Gem::UninstallError@sketch_1_1 :: (no solution — no constraints generated)
Gem::GemNotInHomeException@sketch_1_1 :: (no solution — no constraints generated)
Gem::DependencyResolutionError@sketch_1_1 :: (no solution — no constraints generated)
Gem::UnknownCommandError@sketch_1_1 :: (no solution — no constraints generated)
Gem::UnknownCommandSpellChecker@sketch_1_1 :: (no solution — no constraints generated)
Gem::Source::Installed@sketch_1_1 :: (no solution — no constraints generated)
Gem::Source::Git@sketch_1_1 :: (no solution — no constraints generated)
DidYouMean::NullChecker@sketch_1_1 :: (no solution — no constraints generated)
DidYouMean::KeyErrorChecker@sketch_1_1 :: (no solution — no constraints generated)
DidYouMean::MethodNameChecker@sketch_1_1 :: (no solution — no constraints generated)
Gem::Source@sketch_1_1 :: (no solution — no constraints generated)
DidYouMean::VariableNameChecker@sketch_1_1 :: (no solution — no constraints generated)
Gem::SourceFetchProblem@sketch_1_1 :: (no solution — no constraints generated)
Gem::PlatformMismatch@sketch_1_1 :: (no solution — no constraints generated)
DidYouMean::ClassNameChecker::ClassName@sketch_1_1 :: (no solution — no constraints generated)
Gem::ConflictError@sketch_1_1 :: (no solution — no constraints generated)
Gem::MissingSpecVersionError@sketch_1_1 :: (no solution — no constraints generated)
Gem::MissingSpecError@sketch_1_1 :: (no solution — no constraints generated)
DidYouMean::ClassNameChecker@sketch_1_1 :: (no solution — no constraints generated)
Gem::LoadError@sketch_1_1 :: (no solution — no constraints generated)
DidYouMean::SpellChecker@sketch_1_1 :: (no solution — no constraints generated)
Bundler::Source::Metadata@sketch_1_1 :: (no solution — no constraints generated)
Bundler::SourceList@sketch_1_1 :: (no solution — no constraints generated)
ErrorHighlight::DefaultFormatter@sketch_1_1 :: (no solution — no constraints generated)
Bundler::Plugin::API@sketch_1_1 :: (no solution — no constraints generated)
ErrorHighlight::Spotter@sketch_1_1 :: (no solution — no constraints generated)
Gem::Requirement@sketch_1_1 :: (no solution — no constraints generated)
Gem::Version@sketch_1_1 :: (no solution — no constraints generated)
Bundler::Dsl::DSLError@sketch_1_1 :: (no solution — no constraints generated)
Digest::Base@sketch_1_1 :: (no solution — no constraints generated)
Bundler::Dsl@sketch_1_1 :: (no solution — no constraints generated)
Digest::Class@sketch_1_1 :: (no solution — no constraints generated)
Bundler::UI::RGProxy@sketch_1_1 :: (no solution — no constraints generated)
Gem::PathSupport@sketch_1_1 :: (no solution — no constraints generated)
Bundler::Thor::Shell::Color@sketch_1_1 :: (no solution — no constraints generated)
Bundler::Thor::Shell::Basic@sketch_1_1 :: (no solution — no constraints generated)
Gem::Dependency@sketch_1_1 :: (no solution — no constraints generated)
MonitorMixin::ConditionVariable@sketch_1_1 :: (no solution — no constraints generated)
Monitor@sketch_1_1 :: (no solution — no constraints generated)
Bundler::Dependency@sketch_1_1 :: (no solution — no constraints generated)
SimpleDelegator@sketch_1_1 :: (no solution — no constraints generated)
Delegator@sketch_1_1 :: (no solution — no constraints generated)
Bundler::EnvironmentPreserver@sketch_1_1 :: (no solution — no constraints generated)
Bundler::DirectoryRemovalError@sketch_1_1 :: (no solution — no constraints generated)
Bundler::GenericSystemCallError@sketch_1_1 :: (no solution — no constraints generated)
Bundler::NoSpaceOnDeviceError@sketch_1_1 :: (no solution — no constraints generated)
Bundler::OperationNotSupportedError@sketch_1_1 :: (no solution — no constraints generated)
Bundler::VirtualProtocolError@sketch_1_1 :: (no solution — no constraints generated)
Bundler::TemporaryResourceError@sketch_1_1 :: (no solution — no constraints generated)
Bundler::YamlSyntaxError@sketch_1_1 :: (no solution — no constraints generated)
Bundler::GemRequireError@sketch_1_1 :: (no solution — no constraints generated)
Gem::Specification@sketch_1_1 :: (no solution — no constraints generated)
Gem::List@sketch_1_1 :: (no solution — no constraints generated)
Bundler::PermissionError@sketch_1_1 :: (no solution — no constraints generated)
Gem::Platform@sketch_1_1 :: (no solution — no constraints generated)
Bundler::APIResponseInvalidDependenciesError@sketch_1_1 :: (no solution — no constraints generated)
Bundler::APIResponseMismatchError@sketch_1_1 :: (no solution — no constraints generated)
Bundler::ThreadCreationError@sketch_1_1 :: (no solution — no constraints generated)
Bundler::PluginError@sketch_1_1 :: (no solution — no constraints generated)
Bundler::GemfileLockNotFound@sketch_1_1 :: (no solution — no constraints generated)
Bundler::CyclicDependencyError@sketch_1_1 :: (no solution — no constraints generated)
Bundler::LockfileError@sketch_1_1 :: (no solution — no constraints generated)
Bundler::SecurityError@sketch_1_1 :: (no solution — no constraints generated)
Bundler::RubyVersionMismatch@sketch_1_1 :: (no solution — no constraints generated)
Bundler::HTTPError@sketch_1_1 :: (no solution — no constraints generated)
Bundler::ProductionError@sketch_1_1 :: (no solution — no constraints generated)
Bundler::InvalidOption@sketch_1_1 :: (no solution — no constraints generated)
Bundler::GemspecError@sketch_1_1 :: (no solution — no constraints generated)
Bundler::PathError@sketch_1_1 :: (no solution — no constraints generated)
Bundler::DeprecatedError@sketch_1_1 :: (no solution — no constraints generated)
Bundler::GitError@sketch_1_1 :: (no solution — no constraints generated)
Bundler::GemfileNotFound@sketch_1_1 :: (no solution — no constraints generated)
Bundler::InstallHookError@sketch_1_1 :: (no solution — no constraints generated)
Bundler::GemNotFound@sketch_1_1 :: (no solution — no constraints generated)
Gem::Ext::Builder@sketch_1_1 :: (no solution — no constraints generated)
Gem::SilentUI::NullIO@sketch_1_1 :: (no solution — no constraints generated)
Gem::SilentUI@sketch_1_1 :: (no solution — no constraints generated)
Gem::StubSpecification::StubLine@sketch_1_1 :: (no solution — no constraints generated)
Gem::StubSpecification@sketch_1_1 :: (no solution — no constraints generated)
Gem::StreamUI::ThreadedDownloadReporter@sketch_1_1 :: (no solution — no constraints generated)
Gem::StreamUI::SilentDownloadReporter@sketch_1_1 :: (no solution — no constraints generated)
Bundler::SolveFailure@sketch_1_1 :: (no solution — no constraints generated)
Gem::BasicSpecification@sketch_1_1 :: (no solution — no constraints generated)
Gem::StreamUI::VerboseProgressReporter@sketch_1_1 :: (no solution — no constraints generated)
Gem::StreamUI::SimpleProgressReporter@sketch_1_1 :: (no solution — no constraints generated)
Bundler::InstallError@sketch_1_1 :: (no solution — no constraints generated)
Gem::StreamUI::SilentProgressReporter@sketch_1_1 :: (no solution — no constraints generated)
Bundler::GemfileError@sketch_1_1 :: (no solution — no constraints generated)
Gem::StreamUI@sketch_1_1 :: (no solution — no constraints generated)
Bundler::BundlerError@sketch_1_1 :: (no solution — no constraints generated)
Bundler::UI::Shell@sketch_1_1 :: (no solution — no constraints generated)
Bundler::CurrentRuby@sketch_1_1 :: (no solution — no constraints generated)
Bundler::RubygemsIntegration@sketch_1_1 :: (no solution — no constraints generated)
Bundler::Definition@sketch_1_1 :: (no solution — no constraints generated)
Bundler::Thor::LineEditor::Readline::PathCompletion@sketch_1_1 :: (no solution — no constraints generated)
Bundler::Thor::LineEditor::Readline@sketch_1_1 :: (no solution — no constraints generated)
Bundler::Source::Rubygems@sketch_1_1 :: (no solution — no constraints generated)
Bundler::Thor::LineEditor::Basic@sketch_1_1 :: (no solution — no constraints generated)
Pathname@sketch_1_1 :: (no solution — no constraints generated)
Bundler::FileUtils::Entry_@sketch_1_1 :: (no solution — no constraints generated)
Bundler::Thor::Options@sketch_1_1 :: (no solution — no constraints generated)
Bundler::Source::Git@sketch_1_1 :: (no solution — no constraints generated)
Bundler::Source::Path@sketch_1_1 :: (no solution — no constraints generated)
Bundler::Thor::Option@sketch_1_1 :: (no solution — no constraints generated)
Bundler::Thor::Arguments@sketch_1_1 :: (no solution — no constraints generated)
Bundler::Thor::Argument@sketch_1_1 :: (no solution — no constraints generated)
Bundler::Thor::NestedContext@sketch_1_1 :: (no solution — no constraints generated)
Set@sketch_1_1 :: (no solution — no constraints generated)
Bundler::Source@sketch_1_1 :: (no solution — no constraints generated)
Bundler::Thor::UnknownArgumentError::SpellChecker@sketch_1_1 :: (no solution — no constraints generated)
Bundler::Thor::UnknownArgumentError@sketch_1_1 :: (no solution — no constraints generated)
Bundler::Thor::UndefinedCommandError::SpellChecker@sketch_1_1 :: (no solution — no constraints generated)
Bundler::Thor::UndefinedCommandError@sketch_1_1 :: (no solution — no constraints generated)
Bundler::LockfileParser@sketch_1_1 :: (no solution — no constraints generated)
Bundler::Thor::CoreExt::HashWithIndifferentAccess@sketch_1_1 :: (no solution — no constraints generated)
Bundler::Thor::DynamicCommand@sketch_1_1 :: (no solution — no constraints generated)
Bundler::Thor::HiddenCommand@sketch_1_1 :: (no solution — no constraints generated)
Bundler::Thor::Command@sketch_1_1 :: (no solution — no constraints generated)
Bundler::Thor@sketch_1_1 :: (no solution — no constraints generated)
Bundler::URI::RFC3986_Parser@sketch_1_1 :: (no solution — no constraints generated)
Bundler::URI::RFC2396_Parser@sketch_1_1 :: (no solution — no constraints generated)
Bundler::Settings::Path@sketch_1_1 :: (no solution — no constraints generated)
Bundler::Settings@sketch_1_1 :: (no solution — no constraints generated)
Bundler::URI::Generic@sketch_1_1 :: (no solution — no constraints generated)
Gem::SpecificationPolicy@sketch_1_1 :: (no solution — no constraints generated)
Bundler::StubSpecification@sketch_1_1 :: (no solution — no constraints generated)
Bundler::EndpointSpecification@sketch_1_1 :: (no solution — no constraints generated)
Bundler::Runtime@sketch_1_1 :: (no solution — no constraints generated)
Bundler::Index@sketch_1_1 :: (no solution — no constraints generated)
Bundler::SpecSet@sketch_1_1 :: (no solution — no constraints generated)
URI::RFC3986_Parser@sketch_1_1 :: (no solution — no constraints generated)
URI::RFC2396_Parser@sketch_1_1 :: (no solution — no constraints generated)
Bundler::RemoteSpecification@sketch_1_1 :: (no solution — no constraints generated)
URI::WS@sketch_1_1 :: (no solution — no constraints generated)
URI::MailTo@sketch_1_1 :: (no solution — no constraints generated)
Bundler::LazySpecification@sketch_1_1 :: (no solution — no constraints generated)
Bundler::FeatureFlag@sketch_1_1 :: (no solution — no constraints generated)
URI::LDAP@sketch_1_1 :: (no solution — no constraints generated)
Bundler::Source::Git::GitProxy@sketch_1_1 :: (no solution — no constraints generated)
Bundler::Source::Git::GitCommandError@sketch_1_1 :: (no solution — no constraints generated)
Bundler::URI::LDAP@sketch_1_1 :: (no solution — no constraints generated)
URI::HTTP@sketch_1_1 :: (no solution — no constraints generated)
Bundler::Source::Gemspec@sketch_1_1 :: (no solution — no constraints generated)
Bundler::URI::HTTP@sketch_1_1 :: (no solution — no constraints generated)
URI::FTP@sketch_1_1 :: (no solution — no constraints generated)
Bundler::URI::FTP@sketch_1_1 :: (no solution — no constraints generated)
Bundler::URI::WS@sketch_1_1 :: (no solution — no constraints generated)
URI::File@sketch_1_1 :: (no solution — no constraints generated)
Bundler::URI::File@sketch_1_1 :: (no solution — no constraints generated)
Bundler::URI::MailTo@sketch_1_1 :: (no solution — no constraints generated)
Parser::Diagnostic@sketch_1_1 :: (no solution — no constraints generated)
Parser::SyntaxError@sketch_1_1 :: (no solution — no constraints generated)
Parser::Source::Map::ObjcKwarg@sketch_1_1 :: (no solution — no constraints generated)
Parser::Source::Map::Heredoc@sketch_1_1 :: (no solution — no constraints generated)
Parser::Source::Map::RescueBody@sketch_1_1 :: (no solution — no constraints generated)
Parser::Source::Map::For@sketch_1_1 :: (no solution — no constraints generated)
Parser::Source::Map::Ternary@sketch_1_1 :: (no solution — no constraints generated)
Parser::Source::Map::Condition@sketch_1_1 :: (no solution — no constraints generated)
Parser::Source::Map::Index@sketch_1_1 :: (no solution — no constraints generated)
Parser::Source::Map::Send@sketch_1_1 :: (no solution — no constraints generated)
Parser::Source::Map::MethodDefinition@sketch_1_1 :: (no solution — no constraints generated)
Parser::Source::Map::Definition@sketch_1_1 :: (no solution — no constraints generated)
Parser::Source::Map::Keyword@sketch_1_1 :: (no solution — no constraints generated)
Parser::Source::Map::Variable@sketch_1_1 :: (no solution — no constraints generated)
T::Props::Decorator@sketch_1_1 :: (no solution — no constraints generated)
Parser::Source::Map::Constant@sketch_1_1 :: (no solution — no constraints generated)
Parser::Source::Map::Collection@sketch_1_1 :: (no solution — no constraints generated)
Parser::Source::Map::Operator@sketch_1_1 :: (no solution — no constraints generated)
Parser::Source::Map@sketch_1_1 :: (no solution — no constraints generated)
Parser::Source::TreeRewriter::Action@sketch_1_1 :: (no solution — no constraints generated)
Parser::Source::TreeRewriter@sketch_1_1 :: (no solution — no constraints generated)
T::Private::DeclState@sketch_1_1 :: (no solution — no constraints generated)
Rake::NameSpace@sketch_1_1 :: (no solution — no constraints generated)
Rake::LateTime@sketch_1_1 :: (no solution — no constraints generated)
Rake::RuleRecursionOverflowError@sketch_1_1 :: (no solution — no constraints generated)
Rake::DefaultLoader@sketch_1_1 :: (no solution — no constraints generated)
Parser::Source::Rewriter::Action@sketch_1_1 :: (no solution — no constraints generated)
Rake::Scope::EmptyScope@sketch_1_1 :: (no solution — no constraints generated)
Rake::Scope@sketch_1_1 :: (no solution — no constraints generated)
Parser::Source::Rewriter@sketch_1_1 :: (no solution — no constraints generated)
Etc::Group@sketch_1_1 :: (no solution — no constraints generated)
Etc::Passwd@sketch_1_1 :: (no solution — no constraints generated)
Rake::CpuCounter@sketch_1_1 :: (no solution — no constraints generated)
Parlour::Plugin@sketch_1_1 :: (no solution — no constraints generated)
Rake::LinkedList::EmptyLinkedList@sketch_1_1 :: (no solution — no constraints generated)
Rake::LinkedList@sketch_1_1 :: (no solution — no constraints generated)
Rake::FileCreationTask@sketch_1_1 :: (no solution — no constraints generated)
QDL::Query@sketch_1_1 :: (no solution — no constraints generated)
Rainbow::Wrapper@sketch_1_1 :: (no solution — no constraints generated)
Rake::FileTask@sketch_1_1 :: (no solution — no constraints generated)
Rake::EarlyTime@sketch_1_1 :: (no solution — no constraints generated)
Rainbow::NullPresenter@sketch_1_1 :: (no solution — no constraints generated)
Parser::Source::Comment::Associator@sketch_1_1 :: (no solution — no constraints generated)
OptionParser::ParseError@sketch_1_1 :: (no solution — no constraints generated)
QDL::Wrap@sketch_1_1 :: (no solution — no constraints generated)
Rainbow::Presenter@sketch_1_1 :: (no solution — no constraints generated)
Parser::Source::Comment@sketch_1_1 :: (no solution — no constraints generated)
OptionParser::CompletingHash@sketch_1_1 :: (no solution — no constraints generated)
Rainbow::Color::X11Named@sketch_1_1 :: (no solution — no constraints generated)
OptionParser::List@sketch_1_1 :: (no solution — no constraints generated)
OptionParser::Switch::PlacedArgument@sketch_1_1 :: (no solution — no constraints generated)
OptionParser::Switch::OptionalArgument@sketch_1_1 :: (no solution — no constraints generated)
OptionParser::Switch::RequiredArgument@sketch_1_1 :: (no solution — no constraints generated)
Parser::Source::Range@sketch_1_1 :: (no solution — no constraints generated)
OptionParser::Switch::NoArgument@sketch_1_1 :: (no solution — no constraints generated)
Rake::Task@sketch_1_1 :: (no solution — no constraints generated)
Rainbow::Color::RGB@sketch_1_1 :: (no solution — no constraints generated)
OptionParser::Switch@sketch_1_1 :: (no solution — no constraints generated)
OptionParser@sketch_1_1 :: (no solution — no constraints generated)
Rainbow::Color::Named@sketch_1_1 :: (no solution — no constraints generated)
Rainbow::Color::Indexed@sketch_1_1 :: (no solution — no constraints generated)
Rainbow::Color@sketch_1_1 :: (no solution — no constraints generated)
Parser::Source::Buffer@sketch_1_1 :: (no solution — no constraints generated)
Parser::Ruby27@sketch_1_1 :: (no solution — no constraints generated)
Parser::TreeRewriter@sketch_1_1 :: (no solution — no constraints generated)
ClassIndexer::Processor@sketch_1_1 :: (no solution — no constraints generated)
QDL::Util@sketch_1_1 :: (no solution — no constraints generated)
StringIO@sketch_1_1 :: (no solution — no constraints generated)
QDL::Contract::ProcContract@sketch_1_1 :: (no solution — no constraints generated)
QDL::Contract::OrContract@sketch_1_1 :: (no solution — no constraints generated)
QDL::Contract::FlatContract@sketch_1_1 :: (no solution — no constraints generated)
QDL::Contract::AndContract@sketch_1_1 :: (no solution — no constraints generated)
QDL::Type::PreciseStringType@sketch_1_1 :: (no solution — no constraints generated)
QDL::Type::WildQuery@sketch_1_1 :: (no solution — no constraints generated)
QDL::Type::VarargType@sketch_1_1 :: (no solution — no constraints generated)
QDL::Type::ChoiceType@sketch_1_1 :: (no solution — no constraints generated)
QDL::Type::VarType@sketch_1_1 :: (no solution — no constraints generated)
QDL::Type::UnionType@sketch_1_1 :: (no solution — no constraints generated)
QDL::Type::TupleType@sketch_1_1 :: (no solution — no constraints generated)
QDL::Type::TopType@sketch_1_1 :: (no solution — no constraints generated)
QDL::Type::StructuralType@sketch_1_1 :: (no solution — no constraints generated)
QDL::Heuristic@sketch_1_1 :: (no solution — no constraints generated)
QDL::Reporting::InferenceReport::MethodInfo@sketch_1_1 :: (no solution — no constraints generated)
QDL::Reporting::InferenceReport@sketch_1_1 :: (no solution — no constraints generated)
T::Types::TypedClass::Anything@sketch_1_1 :: (no solution — no constraints generated)
T::Types::TypedClass::Untyped@sketch_1_1 :: (no solution — no constraints generated)
T::Types::TypedClass@sketch_1_1 :: (no solution — no constraints generated)
JSON::Ext::Generator::State@sketch_1_1 :: (no solution — no constraints generated)
JSON::Ext::ParserConfig@sketch_1_1 :: (no solution — no constraints generated)
JSON::Ext::Parser@sketch_1_1 :: (no solution — no constraints generated)
T::Types::TypedModule::Anything@sketch_1_1 :: (no solution — no constraints generated)
T::Types::TypedModule::Untyped@sketch_1_1 :: (no solution — no constraints generated)
T::Types::TypedModule@sketch_1_1 :: (no solution — no constraints generated)
QDL::Type::OptionalType@sketch_1_1 :: (no solution — no constraints generated)
T::Types::TypedArray::Untyped@sketch_1_1 :: (no solution — no constraints generated)
T::Types::TypedArray@sketch_1_1 :: (no solution — no constraints generated)
JSON::Coder@sketch_1_1 :: (no solution — no constraints generated)
QDL::Type::NonNullType@sketch_1_1 :: (no solution — no constraints generated)
QDL::Type::NominalType@sketch_1_1 :: (no solution — no constraints generated)
QDL::Type::AstNode@sketch_1_1 :: (no solution — no constraints generated)
PP@sketch_1_1 :: (no solution — no constraints generated)
PrettyPrint::SingleLine@sketch_1_1 :: (no solution — no constraints generated)
PrettyPrint::GroupQueue@sketch_1_1 :: (no solution — no constraints generated)
PrettyPrint::Group@sketch_1_1 :: (no solution — no constraints generated)
PrettyPrint::Breakable@sketch_1_1 :: (no solution — no constraints generated)
PrettyPrint::Text@sketch_1_1 :: (no solution — no constraints generated)
PrettyPrint@sketch_1_1 :: (no solution — no constraints generated)
T::Utils::Nilable::TypeInfo@sketch_1_1 :: (no solution — no constraints generated)
JSON::Fragment@sketch_1_1 :: (no solution — no constraints generated)
JSON::GeneratorError@sketch_1_1 :: (no solution — no constraints generated)
JSON::ParserError@sketch_1_1 :: (no solution — no constraints generated)
T::Private::Methods::Signature@sketch_1_1 :: (no solution — no constraints generated)
CSV::FieldInfo@sketch_1_1 :: (no solution — no constraints generated)
CSV::MalformedCSVError@sketch_1_1 :: (no solution — no constraints generated)
CSV::Writer@sketch_1_1 :: (no solution — no constraints generated)
T::Private::Methods::DeclBuilder@sketch_1_1 :: (no solution — no constraints generated)
CSV::Parser::UnoptimizedStringIO@sketch_1_1 :: (no solution — no constraints generated)
QDL::Type::SingletonType@sketch_1_1 :: (no solution — no constraints generated)
T::Private::Methods::Declaration@sketch_1_1 :: (no solution — no constraints generated)
QDL::Type::MethodType@sketch_1_1 :: (no solution — no constraints generated)
CSV::Parser::InputsScanner@sketch_1_1 :: (no solution — no constraints generated)
CSV::Parser::Scanner@sketch_1_1 :: (no solution — no constraints generated)
CSV::Parser@sketch_1_1 :: (no solution — no constraints generated)
CSV::Table@sketch_1_1 :: (no solution — no constraints generated)
StringScanner@sketch_1_1 :: (no solution — no constraints generated)
QDL::Type::Parser@sketch_1_1 :: (no solution — no constraints generated)
QDL::Type::IntersectionType@sketch_1_1 :: (no solution — no constraints generated)
QDL::Type::GenericType@sketch_1_1 :: (no solution — no constraints generated)
QDL::Type::FiniteHashType@sketch_1_1 :: (no solution — no constraints generated)
Rake::InvocationChain::EmptyInvocationChain@sketch_1_1 :: (no solution — no constraints generated)
Rake::InvocationChain@sketch_1_1 :: (no solution — no constraints generated)
QDL::Type::DynamicType@sketch_1_1 :: (no solution — no constraints generated)
QDL::Type::DotsQuery@sketch_1_1 :: (no solution — no constraints generated)
QDL::Type::DependentArgType@sketch_1_1 :: (no solution — no constraints generated)
QDL::Type::ComputedType@sketch_1_1 :: (no solution — no constraints generated)
QDL::Type::BotType@sketch_1_1 :: (no solution — no constraints generated)
CSV::Row@sketch_1_1 :: (no solution — no constraints generated)
QDL::Type::BoundArgType@sketch_1_1 :: (no solution — no constraints generated)
QDL::Type::AnnotatedArgType@sketch_1_1 :: (no solution — no constraints generated)
QDL::Type::Type@sketch_1_1 :: (no solution — no constraints generated)
Rake::TaskArguments@sketch_1_1 :: (no solution — no constraints generated)
Rake::PseudoStatus@sketch_1_1 :: (no solution — no constraints generated)
Rake::Application@sketch_1_1 :: (no solution — no constraints generated)
Parlour::TypeParser::IntermediateSig@sketch_1_1 :: (no solution — no constraints generated)
Rake::ThreadHistoryDisplay@sketch_1_1 :: (no solution — no constraints generated)
Net::ReadAdapter@sketch_1_1 :: (no solution — no constraints generated)
Net::WriteAdapter@sketch_1_1 :: (no solution — no constraints generated)
Net::InternetMessageIO@sketch_1_1 :: (no solution — no constraints generated)
Net::BufferedIO@sketch_1_1 :: (no solution — no constraints generated)
Rake::ThreadPool@sketch_1_1 :: (no solution — no constraints generated)
Rake::Promise@sketch_1_1 :: (no solution — no constraints generated)
Net::WriteTimeout@sketch_1_1 :: (no solution — no constraints generated)
Net::ReadTimeout@sketch_1_1 :: (no solution — no constraints generated)
Parser::Rewriter@sketch_1_1 :: (no solution — no constraints generated)
Net::Protocol@sketch_1_1 :: (no solution — no constraints generated)
Parlour::TypeParser::NodePath@sketch_1_1 :: (no solution — no constraints generated)
Timeout::Request@sketch_1_1 :: (no solution — no constraints generated)
Timeout::State@sketch_1_1 :: (no solution — no constraints generated)
Parlour::TypeParser@sketch_1_1 :: (no solution — no constraints generated)
Timeout::Error@sketch_1_1 :: (no solution — no constraints generated)
Timeout::ExitException@sketch_1_1 :: (no solution — no constraints generated)
Parser::Base@sketch_1_1 :: (no solution — no constraints generated)
Zlib::GzipReader@sketch_1_1 :: (no solution — no constraints generated)
Zlib::GzipWriter@sketch_1_1 :: (no solution — no constraints generated)
Zlib::GzipFile::Error@sketch_1_1 :: (no solution — no constraints generated)
Zlib::GzipFile@sketch_1_1 :: (no solution — no constraints generated)
Zlib::Inflate@sketch_1_1 :: (no solution — no constraints generated)
Zlib::Deflate@sketch_1_1 :: (no solution — no constraints generated)
Zlib::ZStream@sketch_1_1 :: (no solution — no constraints generated)
Net::HTTP@sketch_1_1 :: (no solution — no constraints generated)
Resolv::LOC::Alt@sketch_1_1 :: (no solution — no constraints generated)
Resolv::LOC::Coord@sketch_1_1 :: (no solution — no constraints generated)
Resolv::LOC::Size@sketch_1_1 :: (no solution — no constraints generated)
Resolv::MDNS@sketch_1_1 :: (no solution — no constraints generated)
Resolv::IPv6@sketch_1_1 :: (no solution — no constraints generated)
Resolv::IPv4@sketch_1_1 :: (no solution — no constraints generated)
Resolv::DNS::Resource::IN::SRV@sketch_1_1 :: (no solution — no constraints generated)
Resolv::DNS::Resource::IN::AAAA@sketch_1_1 :: (no solution — no constraints generated)
Resolv::DNS::Resource::IN::WKS@sketch_1_1 :: (no solution — no constraints generated)
Resolv::DNS::Resource::IN::A@sketch_1_1 :: (no solution — no constraints generated)
Resolv::DNS::Resource::LOC@sketch_1_1 :: (no solution — no constraints generated)
Resolv::DNS::Resource::TXT@sketch_1_1 :: (no solution — no constraints generated)
Resolv::DNS::Resource::MX@sketch_1_1 :: (no solution — no constraints generated)
Resolv::DNS::Resource::MINFO@sketch_1_1 :: (no solution — no constraints generated)
Resolv::DNS::Resource::HINFO@sketch_1_1 :: (no solution — no constraints generated)
Resolv::DNS::Resource::SOA@sketch_1_1 :: (no solution — no constraints generated)
Resolv::DNS::Resource::DomainName@sketch_1_1 :: (no solution — no constraints generated)
Resolv::DNS::Resource::Generic@sketch_1_1 :: (no solution — no constraints generated)
Resolv::DNS::Resource@sketch_1_1 :: (no solution — no constraints generated)
Resolv::DNS::Query@sketch_1_1 :: (no solution — no constraints generated)
Resolv::DNS::Message::MessageDecoder@sketch_1_1 :: (no solution — no constraints generated)
Resolv::DNS::Message::MessageEncoder@sketch_1_1 :: (no solution — no constraints generated)
Resolv::DNS::Message@sketch_1_1 :: (no solution — no constraints generated)
Resolv::DNS::Name@sketch_1_1 :: (no solution — no constraints generated)
Resolv::DNS::Label::Str@sketch_1_1 :: (no solution — no constraints generated)
Resolv::DNS::Config@sketch_1_1 :: (no solution — no constraints generated)
Resolv::DNS::Requester::TCP::Sender@sketch_1_1 :: (no solution — no constraints generated)
Resolv::DNS::Requester::TCP@sketch_1_1 :: (no solution — no constraints generated)
Resolv::DNS::Requester::MDNSOneShot@sketch_1_1 :: (no solution — no constraints generated)
Resolv::DNS::Requester::ConnectedUDP::Sender@sketch_1_1 :: (no solution — no constraints generated)
Resolv::DNS::Requester::ConnectedUDP@sketch_1_1 :: (no solution — no constraints generated)
Resolv::DNS::Requester::UnconnectedUDP::Sender@sketch_1_1 :: (no solution — no constraints generated)
Resolv::DNS::Requester::UnconnectedUDP@sketch_1_1 :: (no solution — no constraints generated)
Resolv::DNS::Requester@sketch_1_1 :: (no solution — no constraints generated)
Resolv::DNS@sketch_1_1 :: (no solution — no constraints generated)
Resolv::Hosts@sketch_1_1 :: (no solution — no constraints generated)
Resolv@sketch_1_1 :: (no solution — no constraints generated)
Rainbow::StringUtils@sketch_1_1 :: (no solution — no constraints generated)
CSV::FieldsConverter@sketch_1_1 :: (no solution — no constraints generated)
CSV@sketch_1_1 :: (no solution — no constraints generated)
Date::Infinity@sketch_1_1 :: (no solution — no constraints generated)
T::Types::FixedHash@sketch_1_1 :: (no solution — no constraints generated)
T::Types::FixedArray@sketch_1_1 :: (no solution — no constraints generated)
Parlour::ParseError@sketch_1_1 :: (no solution — no constraints generated)
T::Types::Enum@sketch_1_1 :: (no solution — no constraints generated)
T::Types::ClassOf@sketch_1_1 :: (no solution — no constraints generated)
Parlour::ConflictResolver@sketch_1_1 :: (no solution — no constraints generated)
T::Types::TypedEnumerable::Untyped@sketch_1_1 :: (no solution — no constraints generated)
T::Types::TypedEnumerable@sketch_1_1 :: (no solution — no constraints generated)
T::ImmutableStruct@sketch_1_1 :: (no solution — no constraints generated)
T::Struct@sketch_1_1 :: (no solution — no constraints generated)
T::Types::Base@sketch_1_1 :: (no solution — no constraints generated)
Parlour::DetachedRbiGenerator@sketch_1_1 :: (no solution — no constraints generated)
Parlour::RbiGenerator::EnumClassNamespace@sketch_1_1 :: (no solution — no constraints generated)
Parlour::RbiGenerator::ClassNamespace@sketch_1_1 :: (no solution — no constraints generated)
T::Private::Methods::DeclarationBlock@sketch_1_1 :: (no solution — no constraints generated)
T::Props::Private::ApplyDefaultFactory@sketch_1_1 :: (no solution — no constraints generated)
T::Props::Private::ApplyEmptyHashDefault@sketch_1_1 :: (no solution — no constraints generated)
T::Props::Private::ApplyEmptyArrayDefault@sketch_1_1 :: (no solution — no constraints generated)
T::Props::Private::ApplyComplexDefault@sketch_1_1 :: (no solution — no constraints generated)
T::Props::Private::ApplyPrimitiveDefault@sketch_1_1 :: (no solution — no constraints generated)
T::Props::Private::ApplyFixedDefault@sketch_1_1 :: (no solution — no constraints generated)
T::Props::Private::ApplyDefault@sketch_1_1 :: (no solution — no constraints generated)
QDL::Switch@sketch_1_1 :: (no solution — no constraints generated)
Parlour::RbiGenerator::ModuleNamespace@sketch_1_1 :: (no solution — no constraints generated)
QDL::Info@sketch_1_1 :: (no solution — no constraints generated)
QDL::Logging@sketch_1_1 :: (no solution — no constraints generated)
Parlour::RbiGenerator::Namespace@sketch_1_1 :: (no solution — no constraints generated)
QDL::Config@sketch_1_1 :: (no solution — no constraints generated)
T::Enum@sketch_1_1 :: (no solution — no constraints generated)
DateTime@sketch_1_1 :: (no solution — no constraints generated)
Date@sketch_1_1 :: (no solution — no constraints generated)
Parlour::RbiGenerator::Extend@sketch_1_1 :: (no solution — no constraints generated)
Parlour::RbiGenerator::Include@sketch_1_1 :: (no solution — no constraints generated)
Parlour::RbiGenerator::Options@sketch_1_1 :: (no solution — no constraints generated)
Parlour::RbiGenerator::Arbitrary@sketch_1_1 :: (no solution — no constraints generated)
Parlour::RbiGenerator::Attribute@sketch_1_1 :: (no solution — no constraints generated)
Parlour::RbiGenerator::Method@sketch_1_1 :: (no solution — no constraints generated)
Parlour::RbiGenerator::RbiObject@sketch_1_1 :: (no solution — no constraints generated)
Parlour::RbiGenerator::Parameter@sketch_1_1 :: (no solution — no constraints generated)
Parlour::RbiGenerator@sketch_1_1 :: (no solution — no constraints generated)
Parser::VariablesStack@sketch_1_1 :: (no solution — no constraints generated)
Net::HTTPResponse::Inflater@sketch_1_1 :: (no solution — no constraints generated)
Parser::CurrentArgStack@sketch_1_1 :: (no solution — no constraints generated)
Net::HTTPResponse@sketch_1_1 :: (no solution — no constraints generated)
Parser::MaxNumparamStack@sketch_1_1 :: (no solution — no constraints generated)
Parser::Context@sketch_1_1 :: (no solution — no constraints generated)
Parser::Builders::Default@sketch_1_1 :: (no solution — no constraints generated)
Socket::UDPSource@sketch_1_1 :: (no solution — no constraints generated)
Socket::Ifaddr@sketch_1_1 :: (no solution — no constraints generated)
Addrinfo@sketch_1_1 :: (no solution — no constraints generated)
Socket::AncillaryData@sketch_1_1 :: (no solution — no constraints generated)
Socket::Option@sketch_1_1 :: (no solution — no constraints generated)
UNIXServer@sketch_1_1 :: (no solution — no constraints generated)
UNIXSocket@sketch_1_1 :: (no solution — no constraints generated)
UDPSocket@sketch_1_1 :: (no solution — no constraints generated)
TCPServer@sketch_1_1 :: (no solution — no constraints generated)
TCPSocket@sketch_1_1 :: (no solution — no constraints generated)
IPSocket@sketch_1_1 :: (no solution — no constraints generated)
Socket@sketch_1_1 :: (no solution — no constraints generated)
BasicSocket@sketch_1_1 :: (no solution — no constraints generated)
AST::Node@sketch_1_1 :: (no solution — no constraints generated)
Rake::FileList@sketch_1_1 :: (no solution — no constraints generated)
T::Types::TypeVariable@sketch_1_1 :: (no solution — no constraints generated)
T::Private::Types::SimplePairUnion@sketch_1_1 :: (no solution — no constraints generated)
T::Private::Types::TypeAlias@sketch_1_1 :: (no solution — no constraints generated)
Racc::Parser@sketch_1_1 :: (no solution — no constraints generated)
T::Private::Types::StringHolder@sketch_1_1 :: (no solution — no constraints generated)
T::Private::Types::Void@sketch_1_1 :: (no solution — no constraints generated)
T::Private::Types::NotTyped@sketch_1_1 :: (no solution — no constraints generated)
Parser::Lexer::Dedenter@sketch_1_1 :: (no solution — no constraints generated)
T::Types::Untyped@sketch_1_1 :: (no solution — no constraints generated)
Parser::Lexer::StackState@sketch_1_1 :: (no solution — no constraints generated)
Parser::Lexer::Literal@sketch_1_1 :: (no solution — no constraints generated)
T::Types::Union@sketch_1_1 :: (no solution — no constraints generated)
Net::HTTPGenericRequest::Chunker@sketch_1_1 :: (no solution — no constraints generated)
Net::HTTPGenericRequest@sketch_1_1 :: (no solution — no constraints generated)
Parser::Lexer@sketch_1_1 :: (no solution — no constraints generated)
T::Types::TypedSet::Untyped@sketch_1_1 :: (no solution — no constraints generated)
T::Types::TypedSet@sketch_1_1 :: (no solution — no constraints generated)
T::Types::TypedRange::Untyped@sketch_1_1 :: (no solution — no constraints generated)
T::Types::TypedRange@sketch_1_1 :: (no solution — no constraints generated)
T::Types::TypedHash::Untyped@sketch_1_1 :: (no solution — no constraints generated)
T::Types::TypedHash@sketch_1_1 :: (no solution — no constraints generated)
FileUtils::Entry_@sketch_1_1 :: (no solution — no constraints generated)
T::Types::TypedEnumeratorLazy::Untyped@sketch_1_1 :: (no solution — no constraints generated)
T::Types::TypedEnumeratorLazy@sketch_1_1 :: (no solution — no constraints generated)
WrapCall@sketch_1_1 :: (no solution — no constraints generated)
Diagnostic@sketch_1_1 :: (no solution — no constraints generated)
T::Types::TypedEnumeratorChain::Untyped@sketch_1_1 :: (no solution — no constraints generated)
T::Types::TypedEnumeratorChain@sketch_1_1 :: (no solution — no constraints generated)
T::Types::TypedEnumerator::Untyped@sketch_1_1 :: (no solution — no constraints generated)
T::Types::TypedEnumerator@sketch_1_1 :: (no solution — no constraints generated)
T::Types::TypeParameter@sketch_1_1 :: (no solution — no constraints generated)
T::Types::TEnum@sketch_1_1 :: (no solution — no constraints generated)
QDL::Typecheck::Env@sketch_1_1 :: (no solution — no constraints generated)
QDL::Typecheck::ASTMapper@sketch_1_1 :: (no solution — no constraints generated)
Rake::Options@sketch_1_1 :: (no solution — no constraints generated)
T::Types::Simple@sketch_1_1 :: (no solution — no constraints generated)
T::Types::SelfType@sketch_1_1 :: (no solution — no constraints generated)
Parser::AST::Processor@sketch_1_1 :: (no solution — no constraints generated)
T::Types::AttachedClassType@sketch_1_1 :: (no solution — no constraints generated)
T::Types::Proc@sketch_1_1 :: (no solution — no constraints generated)
Parlour::RbiGenerator::Constant@sketch_1_1 :: (no solution — no constraints generated)
T::Types::Anything@sketch_1_1 :: (no solution — no constraints generated)
Parser::AST::Node@sketch_1_1 :: (no solution — no constraints generated)
T::Types::NoReturn@sketch_1_1 :: (no solution — no constraints generated)
Parser::StaticEnvironment@sketch_1_1 :: (no solution — no constraints generated)
T::Types::Intersection@sketch_1_1 :: (no solution — no constraints generated)
Parser::Diagnostic::Engine@sketch_1_1 :: (no solution — no constraints generated)
