
----------------
TTYPES
true or false
true or false
Integer
Integer
Integer
String
%bot

PROGS

LOCAL_COUNT: 1
GLOBAL_COUNT: 1

BASE_AFTER:
(filled-hole
  (true)
  (false)
  (int 0)
  (int 1)
  (int 2)
  (str "")
  (hole 1 {:hash_depth=>0, :method_arg=>false, :variance=>:-}) {:method_arg=>false})
BASETYPE: %bot
SIZE WORK_LIST: 0
SIZE generated: 7
EVALUABLE#: 6

-------------------------

----------------
TTYPES
true or false
true or false

PROGS

LOCAL_COUNT: 2
GLOBAL_COUNT: 2

BASE_AFTER:
(true)
BASETYPE: true or false
SIZE WORK_LIST: 6
SIZE generated: 2
EVALUABLE#: 0

-------------------------

----------------
TTYPES
true or false
true or false

PROGS

LOCAL_COUNT: 3
GLOBAL_COUNT: 3

BASE_AFTER:
(false)
BASETYPE: true or false
SIZE WORK_LIST: 7
SIZE generated: 2
EVALUABLE#: 0

-------------------------

----------------
TTYPES
Integer
Integer

PROGS

LOCAL_COUNT: 4
GLOBAL_COUNT: 4

BASE_AFTER:
(int 0)
BASETYPE: Integer
SIZE WORK_LIST: 8
SIZE generated: 2
EVALUABLE#: 0

-------------------------

----------------
TTYPES
Integer
Integer

PROGS

LOCAL_COUNT: 5
GLOBAL_COUNT: 5

BASE_AFTER:
(int 1)
BASETYPE: Integer
SIZE WORK_LIST: 9
SIZE generated: 2
EVALUABLE#: 0

-------------------------

----------------
TTYPES
Integer
Integer

PROGS

LOCAL_COUNT: 6
GLOBAL_COUNT: 6

BASE_AFTER:
(int 2)
BASETYPE: Integer
SIZE WORK_LIST: 10
SIZE generated: 2
EVALUABLE#: 0

-------------------------

----------------
TTYPES
String
String

PROGS

LOCAL_COUNT: 7
GLOBAL_COUNT: 7

BASE_AFTER:
(str "")
BASETYPE: String
SIZE WORK_LIST: 11
SIZE generated: 2
EVALUABLE#: 0

-------------------------

----------------
TTYPES
%bot

PROGS

LOCAL_COUNT: 8
GLOBAL_COUNT: 8

BASE_AFTER:
(filled-hole
  (begin
    (send
      (hole 0 {:hash_depth=>0, :limit_depth=>true, :recv=>true}) :-
      (hole 0 {:hash_depth=>0, :method_arg=>true})))
  (begin
    (send
      (hole 0 {:hash_depth=>0, :limit_depth=>true, :recv=>true}) :count))
  (begin
    (send
      (hole 0 {:hash_depth=>0, :limit_depth=>true, :recv=>true}) :-
      (hole 0 {:hash_depth=>0, :method_arg=>true})))
  (hole 2 {:hash_depth=>0, :method_arg=>false, :variance=>:-}) {:method_arg=>false})
BASETYPE: %bot
SIZE WORK_LIST: 12
SIZE generated: 1
EVALUABLE#: 0

-------------------------

----------------
TTYPES
true or false
true or false
true or false
true or false

PROGS

LOCAL_COUNT: 9
GLOBAL_COUNT: 9

BASE_AFTER:
(begin
  (send
    (hole 0 {:hash_depth=>0, :limit_depth=>true, :recv=>true}) :count=
    (hole 0 {:hash_depth=>0, :method_arg=>true}))
  (true))
BASETYPE: true or false
SIZE WORK_LIST: 12
SIZE generated: 4
EVALUABLE#: 3

-------------------------

----------------
TTYPES
true or false

PROGS

LOCAL_COUNT: 10
GLOBAL_COUNT: 10

BASE_AFTER:
(begin
  (send
    (hole 0 {:hash_depth=>0, :limit_depth=>true, :recv=>true}) :diaspora_user=
    (hole 0 {:hash_depth=>0, :method_arg=>true}))
  (true))
BASETYPE: true or false
SIZE WORK_LIST: 14
SIZE generated: 1
EVALUABLE#: 0

-------------------------

----------------
TTYPES
true or false
true or false
true or false
true or false

PROGS

LOCAL_COUNT: 11
GLOBAL_COUNT: 11

BASE_AFTER:
(begin
  (send
    (hole 0 {:hash_depth=>0, :limit_depth=>true, :recv=>true}) :count=
    (hole 0 {:hash_depth=>0, :method_arg=>true}))
  (false))
BASETYPE: true or false
SIZE WORK_LIST: 14
SIZE generated: 4
EVALUABLE#: 3

-------------------------

----------------
TTYPES
true or false

PROGS

LOCAL_COUNT: 12
GLOBAL_COUNT: 12

BASE_AFTER:
(begin
  (send
    (hole 0 {:hash_depth=>0, :limit_depth=>true, :recv=>true}) :diaspora_user=
    (hole 0 {:hash_depth=>0, :method_arg=>true}))
  (false))
BASETYPE: true or false
SIZE WORK_LIST: 16
SIZE generated: 1
EVALUABLE#: 0

-------------------------

----------------
TTYPES
Integer
Integer
Integer
Integer
Integer

PROGS

LOCAL_COUNT: 13
GLOBAL_COUNT: 13

BASE_AFTER:
(begin
  (send
    (hole 0 {:hash_depth=>0, :limit_depth=>true, :recv=>true}) :count=
    (hole 0 {:hash_depth=>0, :method_arg=>true}))
  (int 0))
BASETYPE: Integer
SIZE WORK_LIST: 16
SIZE generated: 5
EVALUABLE#: 4

-------------------------

----------------
TTYPES
Integer

PROGS

LOCAL_COUNT: 14
GLOBAL_COUNT: 14

BASE_AFTER:
(begin
  (send
    (hole 0 {:hash_depth=>0, :limit_depth=>true, :recv=>true}) :diaspora_user=
    (hole 0 {:hash_depth=>0, :method_arg=>true}))
  (int 0))
BASETYPE: Integer
SIZE WORK_LIST: 19
SIZE generated: 1
EVALUABLE#: 0

-------------------------

----------------
TTYPES
Integer
Integer
Integer
Integer
Integer

PROGS

LOCAL_COUNT: 15
GLOBAL_COUNT: 15

BASE_AFTER:
(begin
  (send
    (hole 0 {:hash_depth=>0, :limit_depth=>true, :recv=>true}) :count=
    (hole 0 {:hash_depth=>0, :method_arg=>true}))
  (int 1))
BASETYPE: Integer
SIZE WORK_LIST: 19
SIZE generated: 5
EVALUABLE#: 4

-------------------------

----------------
TTYPES
Integer

PROGS

LOCAL_COUNT: 16
GLOBAL_COUNT: 16

BASE_AFTER:
(begin
  (send
    (hole 0 {:hash_depth=>0, :limit_depth=>true, :recv=>true}) :diaspora_user=
    (hole 0 {:hash_depth=>0, :method_arg=>true}))
  (int 1))
BASETYPE: Integer
SIZE WORK_LIST: 22
SIZE generated: 1
EVALUABLE#: 0

-------------------------

----------------
TTYPES
Integer
Integer
Integer
Integer
Integer

PROGS

LOCAL_COUNT: 17
GLOBAL_COUNT: 17

BASE_AFTER:
(begin
  (send
    (hole 0 {:hash_depth=>0, :limit_depth=>true, :recv=>true}) :count=
    (hole 0 {:hash_depth=>0, :method_arg=>true}))
  (int 2))
BASETYPE: Integer
SIZE WORK_LIST: 22
SIZE generated: 5
EVALUABLE#: 4

-------------------------

----------------
TTYPES
Integer

PROGS

LOCAL_COUNT: 18
GLOBAL_COUNT: 18

BASE_AFTER:
(begin
  (send
    (hole 0 {:hash_depth=>0, :limit_depth=>true, :recv=>true}) :diaspora_user=
    (hole 0 {:hash_depth=>0, :method_arg=>true}))
  (int 2))
BASETYPE: Integer
SIZE WORK_LIST: 24
SIZE generated: 1
EVALUABLE#: 0

-------------------------

----------------
TTYPES
String
String
String
String

PROGS

LOCAL_COUNT: 19
GLOBAL_COUNT: 19

BASE_AFTER:
(begin
  (send
    (hole 0 {:hash_depth=>0, :limit_depth=>true, :recv=>true}) :count=
    (hole 0 {:hash_depth=>0, :method_arg=>true}))
  (str ""))
BASETYPE: String
SIZE WORK_LIST: 24
SIZE generated: 4
EVALUABLE#: 3

-------------------------

----------------
TTYPES
String

PROGS

LOCAL_COUNT: 20
GLOBAL_COUNT: 20

BASE_AFTER:
(begin
  (send
    (hole 0 {:hash_depth=>0, :limit_depth=>true, :recv=>true}) :diaspora_user=
    (hole 0 {:hash_depth=>0, :method_arg=>true}))
  (str ""))
BASETYPE: String
SIZE WORK_LIST: 26
SIZE generated: 1
EVALUABLE#: 0

-------------------------

----------------
TTYPES
true or false
true or false

PROGS

LOCAL_COUNT: 21
GLOBAL_COUNT: 21

BASE_AFTER:
(begin
  (send
    (lvar :arg0) :count=
    (int 0))
  (true))
BASETYPE: true or false
SIZE WORK_LIST: 26
SIZE generated: 2
EVALUABLE#: 0

-------------------------

----------------
TTYPES
true or false
true or false

PROGS

LOCAL_COUNT: 22
GLOBAL_COUNT: 22

BASE_AFTER:
(begin
  (send
    (lvar :arg0) :count=
    (int 1))
  (true))
BASETYPE: true or false
SIZE WORK_LIST: 27
SIZE generated: 2
EVALUABLE#: 0

-------------------------

----------------
TTYPES
true or false
true or false

PROGS

LOCAL_COUNT: 23
GLOBAL_COUNT: 23

BASE_AFTER:
(begin
  (send
    (lvar :arg0) :count=
    (int 0))
  (false))
BASETYPE: true or false
SIZE WORK_LIST: 28
SIZE generated: 2
EVALUABLE#: 0

-------------------------

----------------
TTYPES
true or false
true or false

PROGS

LOCAL_COUNT: 24
GLOBAL_COUNT: 24

BASE_AFTER:
(begin
  (send
    (lvar :arg0) :count=
    (int 1))
  (false))
BASETYPE: true or false
SIZE WORK_LIST: 29
SIZE generated: 2
EVALUABLE#: 0

-------------------------

----------------
TTYPES
Integer
Integer

PROGS

LOCAL_COUNT: 25
GLOBAL_COUNT: 25

BASE_AFTER:
(begin
  (send
    (lvar :arg0) :count=
    (int 0))
  (int 0))
BASETYPE: Integer
SIZE WORK_LIST: 30
SIZE generated: 2
EVALUABLE#: 0

-------------------------

----------------
TTYPES
Integer
Integer

PROGS

LOCAL_COUNT: 26
GLOBAL_COUNT: 26

BASE_AFTER:
(begin
  (send
    (lvar :arg0) :count=
    (int 1))
  (int 0))
BASETYPE: Integer
SIZE WORK_LIST: 31
SIZE generated: 2
EVALUABLE#: 0

-------------------------

----------------
TTYPES
Integer
Integer

PROGS

LOCAL_COUNT: 27
GLOBAL_COUNT: 27

BASE_AFTER:
(begin
  (lvasgn :t0
    (int 0))
  (send
    (lvar :arg0) :count=
    (lvar :t0))
  (lvar :t0))
BASETYPE: Integer
SIZE WORK_LIST: 32
SIZE generated: 2
EVALUABLE#: 0

-------------------------

----------------
TTYPES
Integer
Integer

PROGS

LOCAL_COUNT: 28
GLOBAL_COUNT: 28

BASE_AFTER:
(begin
  (send
    (lvar :arg0) :count=
    (int 0))
  (int 1))
BASETYPE: Integer
SIZE WORK_LIST: 33
SIZE generated: 2
EVALUABLE#: 0

-------------------------

----------------
TTYPES
Integer
Integer

PROGS

LOCAL_COUNT: 29
GLOBAL_COUNT: 29

BASE_AFTER:
(begin
  (send
    (lvar :arg0) :count=
    (int 1))
  (int 1))
BASETYPE: Integer
SIZE WORK_LIST: 34
SIZE generated: 2
EVALUABLE#: 0

-------------------------

----------------
TTYPES
Integer
Integer

PROGS

LOCAL_COUNT: 30
GLOBAL_COUNT: 30

BASE_AFTER:
(begin
  (lvasgn :t0
    (int 1))
  (send
    (lvar :arg0) :count=
    (lvar :t0))
  (lvar :t0))
BASETYPE: Integer
SIZE WORK_LIST: 35
SIZE generated: 2
EVALUABLE#: 0

-------------------------

----------------
TTYPES
Integer
Integer

PROGS

LOCAL_COUNT: 31
GLOBAL_COUNT: 31

BASE_AFTER:
(begin
  (send
    (lvar :arg0) :count=
    (int 0))
  (int 2))
BASETYPE: Integer
SIZE WORK_LIST: 36
SIZE generated: 2
EVALUABLE#: 0

-------------------------

----------------
TTYPES
Integer
Integer

PROGS

LOCAL_COUNT: 32
GLOBAL_COUNT: 32

BASE_AFTER:
(begin
  (send
    (lvar :arg0) :count=
    (int 1))
  (int 2))
BASETYPE: Integer
SIZE WORK_LIST: 37
SIZE generated: 2
EVALUABLE#: 0

-------------------------

----------------
TTYPES
String
String

PROGS

LOCAL_COUNT: 33
GLOBAL_COUNT: 33

BASE_AFTER:
(begin
  (send
    (lvar :arg0) :count=
    (int 0))
  (str ""))
BASETYPE: String
SIZE WORK_LIST: 38
SIZE generated: 2
EVALUABLE#: 0

-------------------------

----------------
TTYPES
String
String

PROGS

LOCAL_COUNT: 34
GLOBAL_COUNT: 34

BASE_AFTER:
(begin
  (send
    (lvar :arg0) :count=
    (int 1))
  (str ""))
BASETYPE: String
SIZE WORK_LIST: 39
SIZE generated: 2
EVALUABLE#: 0

-------------------------

----------------
TTYPES
true or false
true or false
Integer
Integer
Integer
String
%bot

PROGS

LOCAL_COUNT: 1
GLOBAL_COUNT: 35

BASE_AFTER:
(filled-hole
  (true)
  (false)
  (int 0)
  (int 1)
  (int 2)
  (str "")
  (hole 1 {:hash_depth=>0, :method_arg=>false, :variance=>:-}) {:method_arg=>false})
BASETYPE: %bot
SIZE WORK_LIST: 0
SIZE generated: 7
EVALUABLE#: 6

-------------------------

----------------
TTYPES
true or false
true or false

PROGS

LOCAL_COUNT: 2
GLOBAL_COUNT: 36

BASE_AFTER:
(true)
BASETYPE: true or false
SIZE WORK_LIST: 6
SIZE generated: 2
EVALUABLE#: 0

-------------------------

----------------
TTYPES
true or false
true or false

PROGS

LOCAL_COUNT: 3
GLOBAL_COUNT: 37

BASE_AFTER:
(false)
BASETYPE: true or false
SIZE WORK_LIST: 7
SIZE generated: 2
EVALUABLE#: 0

-------------------------

----------------
TTYPES
Integer
Integer

PROGS

LOCAL_COUNT: 4
GLOBAL_COUNT: 38

BASE_AFTER:
(int 0)
BASETYPE: Integer
SIZE WORK_LIST: 8
SIZE generated: 2
EVALUABLE#: 0

-------------------------

----------------
TTYPES
Integer
Integer

PROGS

LOCAL_COUNT: 5
GLOBAL_COUNT: 39

BASE_AFTER:
(int 1)
BASETYPE: Integer
SIZE WORK_LIST: 9
SIZE generated: 2
EVALUABLE#: 0

-------------------------

----------------
TTYPES
Integer
Integer

PROGS

LOCAL_COUNT: 6
GLOBAL_COUNT: 40

BASE_AFTER:
(int 2)
BASETYPE: Integer
SIZE WORK_LIST: 10
SIZE generated: 2
EVALUABLE#: 0

-------------------------

----------------
TTYPES
String
String

PROGS

LOCAL_COUNT: 7
GLOBAL_COUNT: 41

BASE_AFTER:
(str "")
BASETYPE: String
SIZE WORK_LIST: 11
SIZE generated: 2
EVALUABLE#: 0

-------------------------

----------------
TTYPES
%bot

PROGS

LOCAL_COUNT: 8
GLOBAL_COUNT: 42

BASE_AFTER:
(filled-hole
  (hole 2 {:hash_depth=>0, :method_arg=>false, :variance=>:-}) {:method_arg=>false})
BASETYPE: %bot
SIZE WORK_LIST: 12
SIZE generated: 1
EVALUABLE#: 0

-------------------------

----------------
TTYPES
true or false
true or false
true or false
true or false

PROGS

LOCAL_COUNT: 9
GLOBAL_COUNT: 43

BASE_AFTER:
(begin
  (send
    (hole 0 {:hash_depth=>0, :limit_depth=>true, :recv=>true}) :count=
    (hole 0 {:hash_depth=>0, :method_arg=>true}))
  (true))
BASETYPE: true or false
SIZE WORK_LIST: 12
SIZE generated: 4
EVALUABLE#: 3

-------------------------

----------------
TTYPES
true or false

PROGS

LOCAL_COUNT: 1
GLOBAL_COUNT: 44

BASE_AFTER:
(filled-hole
  (hole 1 {:hash_depth=>0, :method_arg=>false, :variance=>:+}) {:method_arg=>false})
BASETYPE: true or false
SIZE WORK_LIST: 0
SIZE generated: 1
EVALUABLE#: 0

-------------------------

----------------
TTYPES
true or false
true or false

PROGS

LOCAL_COUNT: 2
GLOBAL_COUNT: 45

BASE_AFTER:
(filled-hole
  (send
    (begin
      (hole 0 {:hash_depth=>0, :limit_depth=>true, :recv=>true})) :!)
  (hole 2 {:hash_depth=>0, :method_arg=>false, :variance=>:+}) {:method_arg=>false})
BASETYPE: true or false
SIZE WORK_LIST: 0
SIZE generated: 2
EVALUABLE#: 0

-------------------------

----------------
TTYPES
true or false

PROGS

LOCAL_COUNT: 3
GLOBAL_COUNT: 46

BASE_AFTER:
(send
  (begin
    (filled-hole
      (lvar :arg0) {:method_arg=>false})) :!)
BASETYPE: true or false
SIZE WORK_LIST: 1
SIZE generated: 1
EVALUABLE#: 1

-------------------------

----------------
TTYPES
true or false
true or false
true or false
true or false
true or false
true or false
true or false
true or false
true or false
true or false
true or false
true or false

PROGS

LOCAL_COUNT: 4
GLOBAL_COUNT: 47

BASE_AFTER:
(filled-hole
  (send
    (begin
      (send
        (hole 0 {:hash_depth=>0, :limit_depth=>true, :recv=>true}) :id=
        (hole 0 {:hash_depth=>0, :method_arg=>true}))) :!)
  (send
    (begin
      (send
        (hole 0 {:hash_depth=>0, :limit_depth=>true, :recv=>true}) :id)) :!)
  (send
    (begin
      (send
        (hole 0 {:hash_depth=>0, :limit_depth=>true, :recv=>true}) :token=
        (hole 0 {:hash_depth=>0, :method_arg=>true}))) :!)
  (send
    (begin
      (send
        (hole 0 {:hash_depth=>0, :limit_depth=>true, :recv=>true}) :token)) :!)
  (send
    (begin
      (send
        (hole 0 {:hash_depth=>0, :limit_depth=>true, :recv=>true}) :diaspora_user_id=
        (hole 0 {:hash_depth=>0, :method_arg=>true}))) :!)
  (send
    (begin
      (send
        (hole 0 {:hash_depth=>0, :limit_depth=>true, :recv=>true}) :diaspora_user_id)) :!)
  (send
    (begin
      (send
        (hole 0 {:hash_depth=>0, :limit_depth=>true, :recv=>true}) :count=
        (hole 0 {:hash_depth=>0, :method_arg=>true}))) :!)
  (send
    (begin
      (begin
        (send
          (hole 0 {:hash_depth=>0, :limit_depth=>true, :recv=>true}) :count))) :!)
  (send
    (begin
      (send
        (hole 0 {:hash_depth=>0, :limit_depth=>true, :recv=>true}) :diaspora_user)) :!)
  (send
    (begin
      (send
        (hole 0 {:hash_depth=>0, :limit_depth=>true, :recv=>true}) :diaspora_user=
        (hole 0 {:hash_depth=>0, :method_arg=>true}))) :!)
  (send
    (begin
      (send
        (begin
          (hole 0 {:hash_depth=>0, :limit_depth=>true, :recv=>true})) :!)) :!)
  (hole 3 {:hash_depth=>0, :method_arg=>false, :variance=>:+}) {:method_arg=>false})
BASETYPE: true or false
SIZE WORK_LIST: 0
SIZE generated: 12
EVALUABLE#: 0

-------------------------

----------------
TTYPES
true or false
true or false
true or false
true or false

PROGS

LOCAL_COUNT: 5
GLOBAL_COUNT: 48

BASE_AFTER:
(send
  (begin
    (send
      (filled-hole
        (lvar :arg0) {:method_arg=>false}) :id=
      (filled-hole
        (int 0)
        (int 1)
        (int 2)
        (hole 1 {:hash_depth=>0, :method_arg=>true, :variance=>:+}) {:method_arg=>true}))) :!)
BASETYPE: true or false
SIZE WORK_LIST: 11
SIZE generated: 4
EVALUABLE#: 3

-------------------------

----------------
TTYPES
true or false

PROGS

LOCAL_COUNT: 6
GLOBAL_COUNT: 49

BASE_AFTER:
(send
  (begin
    (send
      (filled-hole
        (lvar :arg0) {:method_arg=>false}) :id)) :!)
BASETYPE: true or false
SIZE WORK_LIST: 11
SIZE generated: 1
EVALUABLE#: 1

-------------------------

----------------
TTYPES
true or false
true or false

PROGS

LOCAL_COUNT: 7
GLOBAL_COUNT: 50

BASE_AFTER:
(send
  (begin
    (send
      (filled-hole
        (lvar :arg0) {:method_arg=>false}) :token=
      (filled-hole
        (str "")
        (hole 1 {:hash_depth=>0, :method_arg=>true, :variance=>:+}) {:method_arg=>true}))) :!)
BASETYPE: true or false
SIZE WORK_LIST: 10
SIZE generated: 2
EVALUABLE#: 1

-------------------------

----------------
TTYPES
true or false

PROGS

LOCAL_COUNT: 8
GLOBAL_COUNT: 51

BASE_AFTER:
(send
  (begin
    (send
      (filled-hole
        (lvar :arg0) {:method_arg=>false}) :token)) :!)
BASETYPE: true or false
SIZE WORK_LIST: 10
SIZE generated: 1
EVALUABLE#: 1

-------------------------

----------------
TTYPES
true or false
true or false
true or false
true or false

PROGS

LOCAL_COUNT: 9
GLOBAL_COUNT: 52

BASE_AFTER:
(send
  (begin
    (send
      (filled-hole
        (lvar :arg0) {:method_arg=>false}) :diaspora_user_id=
      (filled-hole
        (int 0)
        (int 1)
        (int 2)
        (hole 1 {:hash_depth=>0, :method_arg=>true, :variance=>:+}) {:method_arg=>true}))) :!)
BASETYPE: true or false
SIZE WORK_LIST: 9
SIZE generated: 4
EVALUABLE#: 3

-------------------------

----------------
TTYPES
true or false

PROGS

LOCAL_COUNT: 10
GLOBAL_COUNT: 53

BASE_AFTER:
(send
  (begin
    (send
      (filled-hole
        (lvar :arg0) {:method_arg=>false}) :diaspora_user_id)) :!)
BASETYPE: true or false
SIZE WORK_LIST: 9
SIZE generated: 1
EVALUABLE#: 1

-------------------------

----------------
TTYPES
true or false
true or false
Integer
Integer
Integer
String
%bot

PROGS

LOCAL_COUNT: 1
GLOBAL_COUNT: 1

BASE_AFTER:
(filled-hole
  (true)
  (false)
  (int 0)
  (int 1)
  (int 2)
  (str "")
  (hole 1 {:hash_depth=>0, :method_arg=>false, :variance=>:-}) {:method_arg=>false})
BASETYPE: %bot
SIZE WORK_LIST: 0
SIZE generated: 7
EVALUABLE#: 6

-------------------------

----------------
TTYPES
true or false
true or false

PROGS

LOCAL_COUNT: 2
GLOBAL_COUNT: 2

BASE_AFTER:
(true)
BASETYPE: true or false
SIZE WORK_LIST: 6
SIZE generated: 2
EVALUABLE#: 0

-------------------------

----------------
TTYPES
true or false
true or false

PROGS

LOCAL_COUNT: 3
GLOBAL_COUNT: 3

BASE_AFTER:
(false)
BASETYPE: true or false
SIZE WORK_LIST: 7
SIZE generated: 2
EVALUABLE#: 0

-------------------------

----------------
TTYPES
Integer
Integer

PROGS

LOCAL_COUNT: 4
GLOBAL_COUNT: 4

BASE_AFTER:
(int 0)
BASETYPE: Integer
SIZE WORK_LIST: 8
SIZE generated: 2
EVALUABLE#: 0

-------------------------

----------------
TTYPES
Integer
Integer

PROGS

LOCAL_COUNT: 5
GLOBAL_COUNT: 5

BASE_AFTER:
(int 1)
BASETYPE: Integer
SIZE WORK_LIST: 9
SIZE generated: 2
EVALUABLE#: 0

-------------------------

----------------
TTYPES
Integer
Integer

PROGS

LOCAL_COUNT: 6
GLOBAL_COUNT: 6

BASE_AFTER:
(int 2)
BASETYPE: Integer
SIZE WORK_LIST: 10
SIZE generated: 2
EVALUABLE#: 0

-------------------------

----------------
TTYPES
String
String

PROGS

LOCAL_COUNT: 7
GLOBAL_COUNT: 7

BASE_AFTER:
(str "")
BASETYPE: String
SIZE WORK_LIST: 11
SIZE generated: 2
EVALUABLE#: 0

-------------------------

----------------
TTYPES
%bot

PROGS

LOCAL_COUNT: 8
GLOBAL_COUNT: 8

BASE_AFTER:
(filled-hole
  (begin
    (send
      (hole 0 {:hash_depth=>0, :limit_depth=>true, :recv=>true}) :-
      (hole 0 {:hash_depth=>0, :method_arg=>true})))
  (begin
    (send
      (hole 0 {:hash_depth=>0, :limit_depth=>true, :recv=>true}) :count))
  (begin
    (send
      (hole 0 {:hash_depth=>0, :limit_depth=>true, :recv=>true}) :-
      (hole 0 {:hash_depth=>0, :method_arg=>true})))
  (hole 2 {:hash_depth=>0, :method_arg=>false, :variance=>:-}) {:method_arg=>false})
BASETYPE: %bot
SIZE WORK_LIST: 12
SIZE generated: 1
EVALUABLE#: 0

-------------------------

----------------
TTYPES
true or false
true or false
true or false
true or false

PROGS

LOCAL_COUNT: 9
GLOBAL_COUNT: 9

BASE_AFTER:
(begin
  (send
    (hole 0 {:hash_depth=>0, :limit_depth=>true, :recv=>true}) :count=
    (hole 0 {:hash_depth=>0, :method_arg=>true}))
  (true))
BASETYPE: true or false
SIZE WORK_LIST: 12
SIZE generated: 4
EVALUABLE#: 3

-------------------------

----------------
TTYPES
true or false

PROGS

LOCAL_COUNT: 10
GLOBAL_COUNT: 10

BASE_AFTER:
(begin
  (send
    (hole 0 {:hash_depth=>0, :limit_depth=>true, :recv=>true}) :diaspora_user=
    (hole 0 {:hash_depth=>0, :method_arg=>true}))
  (true))
BASETYPE: true or false
SIZE WORK_LIST: 14
SIZE generated: 1
EVALUABLE#: 0

-------------------------

----------------
TTYPES
true or false
true or false
true or false
true or false

PROGS

LOCAL_COUNT: 11
GLOBAL_COUNT: 11

BASE_AFTER:
(begin
  (send
    (hole 0 {:hash_depth=>0, :limit_depth=>true, :recv=>true}) :count=
    (hole 0 {:hash_depth=>0, :method_arg=>true}))
  (false))
BASETYPE: true or false
SIZE WORK_LIST: 14
SIZE generated: 4
EVALUABLE#: 3

-------------------------

----------------
TTYPES
true or false

PROGS

LOCAL_COUNT: 12
GLOBAL_COUNT: 12

BASE_AFTER:
(begin
  (send
    (hole 0 {:hash_depth=>0, :limit_depth=>true, :recv=>true}) :diaspora_user=
    (hole 0 {:hash_depth=>0, :method_arg=>true}))
  (false))
BASETYPE: true or false
SIZE WORK_LIST: 16
SIZE generated: 1
EVALUABLE#: 0

-------------------------

----------------
TTYPES
Integer
Integer
Integer
Integer
Integer

PROGS

LOCAL_COUNT: 13
GLOBAL_COUNT: 13

BASE_AFTER:
(begin
  (send
    (hole 0 {:hash_depth=>0, :limit_depth=>true, :recv=>true}) :count=
    (hole 0 {:hash_depth=>0, :method_arg=>true}))
  (int 0))
BASETYPE: Integer
SIZE WORK_LIST: 16
SIZE generated: 5
EVALUABLE#: 4

-------------------------

----------------
TTYPES
Integer

PROGS

LOCAL_COUNT: 14
GLOBAL_COUNT: 14

BASE_AFTER:
(begin
  (send
    (hole 0 {:hash_depth=>0, :limit_depth=>true, :recv=>true}) :diaspora_user=
    (hole 0 {:hash_depth=>0, :method_arg=>true}))
  (int 0))
BASETYPE: Integer
SIZE WORK_LIST: 19
SIZE generated: 1
EVALUABLE#: 0

-------------------------

----------------
TTYPES
Integer
Integer
Integer
Integer
Integer

PROGS

LOCAL_COUNT: 15
GLOBAL_COUNT: 15

BASE_AFTER:
(begin
  (send
    (hole 0 {:hash_depth=>0, :limit_depth=>true, :recv=>true}) :count=
    (hole 0 {:hash_depth=>0, :method_arg=>true}))
  (int 1))
BASETYPE: Integer
SIZE WORK_LIST: 19
SIZE generated: 5
EVALUABLE#: 4

-------------------------

----------------
TTYPES
Integer

PROGS

LOCAL_COUNT: 16
GLOBAL_COUNT: 16

BASE_AFTER:
(begin
  (send
    (hole 0 {:hash_depth=>0, :limit_depth=>true, :recv=>true}) :diaspora_user=
    (hole 0 {:hash_depth=>0, :method_arg=>true}))
  (int 1))
BASETYPE: Integer
SIZE WORK_LIST: 22
SIZE generated: 1
EVALUABLE#: 0

-------------------------

----------------
TTYPES
Integer
Integer
Integer
Integer
Integer

PROGS

LOCAL_COUNT: 17
GLOBAL_COUNT: 17

BASE_AFTER:
(begin
  (send
    (hole 0 {:hash_depth=>0, :limit_depth=>true, :recv=>true}) :count=
    (hole 0 {:hash_depth=>0, :method_arg=>true}))
  (int 2))
BASETYPE: Integer
SIZE WORK_LIST: 22
SIZE generated: 5
EVALUABLE#: 4

-------------------------

----------------
TTYPES
Integer

PROGS

LOCAL_COUNT: 18
GLOBAL_COUNT: 18

BASE_AFTER:
(begin
  (send
    (hole 0 {:hash_depth=>0, :limit_depth=>true, :recv=>true}) :diaspora_user=
    (hole 0 {:hash_depth=>0, :method_arg=>true}))
  (int 2))
BASETYPE: Integer
SIZE WORK_LIST: 24
SIZE generated: 1
EVALUABLE#: 0

-------------------------

----------------
TTYPES
String
String
String
String

PROGS

LOCAL_COUNT: 19
GLOBAL_COUNT: 19

BASE_AFTER:
(begin
  (send
    (hole 0 {:hash_depth=>0, :limit_depth=>true, :recv=>true}) :count=
    (hole 0 {:hash_depth=>0, :method_arg=>true}))
  (str ""))
BASETYPE: String
SIZE WORK_LIST: 24
SIZE generated: 4
EVALUABLE#: 3

-------------------------

----------------
TTYPES
String

PROGS

LOCAL_COUNT: 20
GLOBAL_COUNT: 20

BASE_AFTER:
(begin
  (send
    (hole 0 {:hash_depth=>0, :limit_depth=>true, :recv=>true}) :diaspora_user=
    (hole 0 {:hash_depth=>0, :method_arg=>true}))
  (str ""))
BASETYPE: String
SIZE WORK_LIST: 26
SIZE generated: 1
EVALUABLE#: 0

-------------------------

----------------
TTYPES
true or false
true or false

PROGS

LOCAL_COUNT: 21
GLOBAL_COUNT: 21

BASE_AFTER:
(begin
  (send
    (lvar :arg0) :count=
    (int 0))
  (true))
BASETYPE: true or false
SIZE WORK_LIST: 26
SIZE generated: 2
EVALUABLE#: 0

-------------------------

----------------
TTYPES
true or false
true or false

PROGS

LOCAL_COUNT: 22
GLOBAL_COUNT: 22

BASE_AFTER:
(begin
  (send
    (lvar :arg0) :count=
    (int 1))
  (true))
BASETYPE: true or false
SIZE WORK_LIST: 27
SIZE generated: 2
EVALUABLE#: 0

-------------------------

----------------
TTYPES
true or false
true or false

PROGS

LOCAL_COUNT: 23
GLOBAL_COUNT: 23

BASE_AFTER:
(begin
  (send
    (lvar :arg0) :count=
    (int 0))
  (false))
BASETYPE: true or false
SIZE WORK_LIST: 28
SIZE generated: 2
EVALUABLE#: 0

-------------------------

----------------
TTYPES
true or false
true or false

PROGS

LOCAL_COUNT: 24
GLOBAL_COUNT: 24

BASE_AFTER:
(begin
  (send
    (lvar :arg0) :count=
    (int 1))
  (false))
BASETYPE: true or false
SIZE WORK_LIST: 29
SIZE generated: 2
EVALUABLE#: 0

-------------------------

----------------
TTYPES
Integer
Integer

PROGS

LOCAL_COUNT: 25
GLOBAL_COUNT: 25

BASE_AFTER:
(begin
  (send
    (lvar :arg0) :count=
    (int 0))
  (int 0))
BASETYPE: Integer
SIZE WORK_LIST: 30
SIZE generated: 2
EVALUABLE#: 0

-------------------------

----------------
TTYPES
Integer
Integer

PROGS

LOCAL_COUNT: 26
GLOBAL_COUNT: 26

BASE_AFTER:
(begin
  (send
    (lvar :arg0) :count=
    (int 1))
  (int 0))
BASETYPE: Integer
SIZE WORK_LIST: 31
SIZE generated: 2
EVALUABLE#: 0

-------------------------

----------------
TTYPES
Integer
Integer

PROGS

LOCAL_COUNT: 27
GLOBAL_COUNT: 27

BASE_AFTER:
(begin
  (lvasgn :t0
    (int 0))
  (send
    (lvar :arg0) :count=
    (lvar :t0))
  (lvar :t0))
BASETYPE: Integer
SIZE WORK_LIST: 32
SIZE generated: 2
EVALUABLE#: 0

-------------------------

----------------
TTYPES
Integer
Integer

PROGS

LOCAL_COUNT: 28
GLOBAL_COUNT: 28

BASE_AFTER:
(begin
  (send
    (lvar :arg0) :count=
    (int 0))
  (int 1))
BASETYPE: Integer
SIZE WORK_LIST: 33
SIZE generated: 2
EVALUABLE#: 0

-------------------------

----------------
TTYPES
Integer
Integer

PROGS

LOCAL_COUNT: 29
GLOBAL_COUNT: 29

BASE_AFTER:
(begin
  (send
    (lvar :arg0) :count=
    (int 1))
  (int 1))
BASETYPE: Integer
SIZE WORK_LIST: 34
SIZE generated: 2
EVALUABLE#: 0

-------------------------

----------------
TTYPES
Integer
Integer

PROGS

LOCAL_COUNT: 30
GLOBAL_COUNT: 30

BASE_AFTER:
(begin
  (lvasgn :t0
    (int 1))
  (send
    (lvar :arg0) :count=
    (lvar :t0))
  (lvar :t0))
BASETYPE: Integer
SIZE WORK_LIST: 35
SIZE generated: 2
EVALUABLE#: 0

-------------------------

----------------
TTYPES
Integer
Integer

PROGS

LOCAL_COUNT: 31
GLOBAL_COUNT: 31

BASE_AFTER:
(begin
  (send
    (lvar :arg0) :count=
    (int 0))
  (int 2))
BASETYPE: Integer
SIZE WORK_LIST: 36
SIZE generated: 2
EVALUABLE#: 0

-------------------------

----------------
TTYPES
Integer
Integer

PROGS

LOCAL_COUNT: 32
GLOBAL_COUNT: 32

BASE_AFTER:
(begin
  (send
    (lvar :arg0) :count=
    (int 1))
  (int 2))
BASETYPE: Integer
SIZE WORK_LIST: 37
SIZE generated: 2
EVALUABLE#: 0

-------------------------

----------------
TTYPES
String
String

PROGS

LOCAL_COUNT: 33
GLOBAL_COUNT: 33

BASE_AFTER:
(begin
  (send
    (lvar :arg0) :count=
    (int 0))
  (str ""))
BASETYPE: String
SIZE WORK_LIST: 38
SIZE generated: 2
EVALUABLE#: 0

-------------------------

----------------
TTYPES
String
String

PROGS

LOCAL_COUNT: 34
GLOBAL_COUNT: 34

BASE_AFTER:
(begin
  (send
    (lvar :arg0) :count=
    (int 1))
  (str ""))
BASETYPE: String
SIZE WORK_LIST: 39
SIZE generated: 2
EVALUABLE#: 0

-------------------------

----------------
TTYPES
true or false
true or false
Integer
Integer
Integer
String
%bot

PROGS

LOCAL_COUNT: 1
GLOBAL_COUNT: 1

BASE_AFTER:
(filled-hole
  (true)
  (false)
  (int 0)
  (int 1)
  (int 2)
  (str "")
  (hole 1 {:hash_depth=>0, :method_arg=>false, :variance=>:-}) {:method_arg=>false})
BASETYPE: %bot
SIZE WORK_LIST: 0
SIZE generated: 7
EVALUABLE#: 6

-------------------------

----------------
TTYPES
true or false
true or false

PROGS

LOCAL_COUNT: 2
GLOBAL_COUNT: 2

BASE_AFTER:
(true)
BASETYPE: true or false
SIZE WORK_LIST: 6
SIZE generated: 2
EVALUABLE#: 0

-------------------------

----------------
TTYPES
true or false
true or false

PROGS

LOCAL_COUNT: 3
GLOBAL_COUNT: 3

BASE_AFTER:
(false)
BASETYPE: true or false
SIZE WORK_LIST: 7
SIZE generated: 2
EVALUABLE#: 0

-------------------------

----------------
TTYPES
Integer
Integer

PROGS

LOCAL_COUNT: 4
GLOBAL_COUNT: 4

BASE_AFTER:
(int 0)
BASETYPE: Integer
SIZE WORK_LIST: 8
SIZE generated: 2
EVALUABLE#: 0

-------------------------

----------------
TTYPES
Integer
Integer

PROGS

LOCAL_COUNT: 5
GLOBAL_COUNT: 5

BASE_AFTER:
(int 1)
BASETYPE: Integer
SIZE WORK_LIST: 9
SIZE generated: 2
EVALUABLE#: 0

-------------------------

----------------
TTYPES
Integer
Integer

PROGS

LOCAL_COUNT: 6
GLOBAL_COUNT: 6

BASE_AFTER:
(int 2)
BASETYPE: Integer
SIZE WORK_LIST: 10
SIZE generated: 2
EVALUABLE#: 0

-------------------------

----------------
TTYPES
String
String

PROGS

LOCAL_COUNT: 7
GLOBAL_COUNT: 7

BASE_AFTER:
(str "")
BASETYPE: String
SIZE WORK_LIST: 11
SIZE generated: 2
EVALUABLE#: 0

-------------------------

----------------
TTYPES
%bot

PROGS

LOCAL_COUNT: 8
GLOBAL_COUNT: 8

BASE_AFTER:
(filled-hole
  (begin
    (send
      (hole 0 {:hash_depth=>0, :limit_depth=>true, :recv=>true}) :-
      (hole 0 {:hash_depth=>0, :method_arg=>true})))
  (begin
    (send
      (hole 0 {:hash_depth=>0, :limit_depth=>true, :recv=>true}) :count))
  (begin
    (send
      (hole 0 {:hash_depth=>0, :limit_depth=>true, :recv=>true}) :-
      (hole 0 {:hash_depth=>0, :method_arg=>true})))
  (hole 2 {:hash_depth=>0, :method_arg=>false, :variance=>:-}) {:method_arg=>false})
BASETYPE: %bot
SIZE WORK_LIST: 12
SIZE generated: 1
EVALUABLE#: 0

-------------------------

----------------
TTYPES
true or false
true or false
true or false
true or false

PROGS

LOCAL_COUNT: 9
GLOBAL_COUNT: 9

BASE_AFTER:
(begin
  (send
    (hole 0 {:hash_depth=>0, :limit_depth=>true, :recv=>true}) :count=
    (hole 0 {:hash_depth=>0, :method_arg=>true}))
  (true))
BASETYPE: true or false
SIZE WORK_LIST: 12
SIZE generated: 4
EVALUABLE#: 3

-------------------------

----------------
TTYPES
true or false

PROGS

LOCAL_COUNT: 10
GLOBAL_COUNT: 10

BASE_AFTER:
(begin
  (send
    (hole 0 {:hash_depth=>0, :limit_depth=>true, :recv=>true}) :diaspora_user=
    (hole 0 {:hash_depth=>0, :method_arg=>true}))
  (true))
BASETYPE: true or false
SIZE WORK_LIST: 14
SIZE generated: 1
EVALUABLE#: 0

-------------------------

----------------
TTYPES
true or false
true or false
true or false
true or false

PROGS

LOCAL_COUNT: 11
GLOBAL_COUNT: 11

BASE_AFTER:
(begin
  (send
    (hole 0 {:hash_depth=>0, :limit_depth=>true, :recv=>true}) :count=
    (hole 0 {:hash_depth=>0, :method_arg=>true}))
  (false))
BASETYPE: true or false
SIZE WORK_LIST: 14
SIZE generated: 4
EVALUABLE#: 3

-------------------------

----------------
TTYPES
true or false

PROGS

LOCAL_COUNT: 12
GLOBAL_COUNT: 12

BASE_AFTER:
(begin
  (send
    (hole 0 {:hash_depth=>0, :limit_depth=>true, :recv=>true}) :diaspora_user=
    (hole 0 {:hash_depth=>0, :method_arg=>true}))
  (false))
BASETYPE: true or false
SIZE WORK_LIST: 16
SIZE generated: 1
EVALUABLE#: 0

-------------------------

----------------
TTYPES
Integer
Integer
Integer
Integer
Integer

PROGS

LOCAL_COUNT: 13
GLOBAL_COUNT: 13

BASE_AFTER:
(begin
  (send
    (hole 0 {:hash_depth=>0, :limit_depth=>true, :recv=>true}) :count=
    (hole 0 {:hash_depth=>0, :method_arg=>true}))
  (int 0))
BASETYPE: Integer
SIZE WORK_LIST: 16
SIZE generated: 5
EVALUABLE#: 4

-------------------------

----------------
TTYPES
Integer

PROGS

LOCAL_COUNT: 14
GLOBAL_COUNT: 14

BASE_AFTER:
(begin
  (send
    (hole 0 {:hash_depth=>0, :limit_depth=>true, :recv=>true}) :diaspora_user=
    (hole 0 {:hash_depth=>0, :method_arg=>true}))
  (int 0))
BASETYPE: Integer
SIZE WORK_LIST: 19
SIZE generated: 1
EVALUABLE#: 0

-------------------------

----------------
TTYPES
Integer
Integer
Integer
Integer
Integer

PROGS

LOCAL_COUNT: 15
GLOBAL_COUNT: 15

BASE_AFTER:
(begin
  (send
    (hole 0 {:hash_depth=>0, :limit_depth=>true, :recv=>true}) :count=
    (hole 0 {:hash_depth=>0, :method_arg=>true}))
  (int 1))
BASETYPE: Integer
SIZE WORK_LIST: 19
SIZE generated: 5
EVALUABLE#: 4

-------------------------

----------------
TTYPES
Integer

PROGS

LOCAL_COUNT: 16
GLOBAL_COUNT: 16

BASE_AFTER:
(begin
  (send
    (hole 0 {:hash_depth=>0, :limit_depth=>true, :recv=>true}) :diaspora_user=
    (hole 0 {:hash_depth=>0, :method_arg=>true}))
  (int 1))
BASETYPE: Integer
SIZE WORK_LIST: 22
SIZE generated: 1
EVALUABLE#: 0

-------------------------

----------------
TTYPES
Integer
Integer
Integer
Integer
Integer

PROGS

LOCAL_COUNT: 17
GLOBAL_COUNT: 17

BASE_AFTER:
(begin
  (send
    (hole 0 {:hash_depth=>0, :limit_depth=>true, :recv=>true}) :count=
    (hole 0 {:hash_depth=>0, :method_arg=>true}))
  (int 2))
BASETYPE: Integer
SIZE WORK_LIST: 22
SIZE generated: 5
EVALUABLE#: 4

-------------------------

----------------
TTYPES
Integer

PROGS

LOCAL_COUNT: 18
GLOBAL_COUNT: 18

BASE_AFTER:
(begin
  (send
    (hole 0 {:hash_depth=>0, :limit_depth=>true, :recv=>true}) :diaspora_user=
    (hole 0 {:hash_depth=>0, :method_arg=>true}))
  (int 2))
BASETYPE: Integer
SIZE WORK_LIST: 24
SIZE generated: 1
EVALUABLE#: 0

-------------------------

----------------
TTYPES
String
String
String
String

PROGS

LOCAL_COUNT: 19
GLOBAL_COUNT: 19

BASE_AFTER:
(begin
  (send
    (hole 0 {:hash_depth=>0, :limit_depth=>true, :recv=>true}) :count=
    (hole 0 {:hash_depth=>0, :method_arg=>true}))
  (str ""))
BASETYPE: String
SIZE WORK_LIST: 24
SIZE generated: 4
EVALUABLE#: 3

-------------------------

----------------
TTYPES
String

PROGS

LOCAL_COUNT: 20
GLOBAL_COUNT: 20

BASE_AFTER:
(begin
  (send
    (hole 0 {:hash_depth=>0, :limit_depth=>true, :recv=>true}) :diaspora_user=
    (hole 0 {:hash_depth=>0, :method_arg=>true}))
  (str ""))
BASETYPE: String
SIZE WORK_LIST: 26
SIZE generated: 1
EVALUABLE#: 0

-------------------------

----------------
TTYPES
true or false
true or false

PROGS

LOCAL_COUNT: 21
GLOBAL_COUNT: 21

BASE_AFTER:
(begin
  (send
    (lvar :arg0) :count=
    (int 0))
  (true))
BASETYPE: true or false
SIZE WORK_LIST: 26
SIZE generated: 2
EVALUABLE#: 0

-------------------------

----------------
TTYPES
true or false
true or false

PROGS

LOCAL_COUNT: 22
GLOBAL_COUNT: 22

BASE_AFTER:
(begin
  (send
    (lvar :arg0) :count=
    (int 1))
  (true))
BASETYPE: true or false
SIZE WORK_LIST: 27
SIZE generated: 2
EVALUABLE#: 0

-------------------------

----------------
TTYPES
true or false
true or false

PROGS

LOCAL_COUNT: 23
GLOBAL_COUNT: 23

BASE_AFTER:
(begin
  (send
    (lvar :arg0) :count=
    (int 0))
  (false))
BASETYPE: true or false
SIZE WORK_LIST: 28
SIZE generated: 2
EVALUABLE#: 0

-------------------------

----------------
TTYPES
true or false
true or false

PROGS

LOCAL_COUNT: 24
GLOBAL_COUNT: 24

BASE_AFTER:
(begin
  (send
    (lvar :arg0) :count=
    (int 1))
  (false))
BASETYPE: true or false
SIZE WORK_LIST: 29
SIZE generated: 2
EVALUABLE#: 0

-------------------------

----------------
TTYPES
Integer
Integer

PROGS

LOCAL_COUNT: 25
GLOBAL_COUNT: 25

BASE_AFTER:
(begin
  (send
    (lvar :arg0) :count=
    (int 0))
  (int 0))
BASETYPE: Integer
SIZE WORK_LIST: 30
SIZE generated: 2
EVALUABLE#: 0

-------------------------

----------------
TTYPES
Integer
Integer

PROGS

LOCAL_COUNT: 26
GLOBAL_COUNT: 26

BASE_AFTER:
(begin
  (send
    (lvar :arg0) :count=
    (int 1))
  (int 0))
BASETYPE: Integer
SIZE WORK_LIST: 31
SIZE generated: 2
EVALUABLE#: 0

-------------------------

----------------
TTYPES
Integer
Integer

PROGS

LOCAL_COUNT: 27
GLOBAL_COUNT: 27

BASE_AFTER:
(begin
  (lvasgn :t0
    (int 0))
  (send
    (lvar :arg0) :count=
    (lvar :t0))
  (lvar :t0))
BASETYPE: Integer
SIZE WORK_LIST: 32
SIZE generated: 2
EVALUABLE#: 0

-------------------------

----------------
TTYPES
Integer
Integer

PROGS

LOCAL_COUNT: 28
GLOBAL_COUNT: 28

BASE_AFTER:
(begin
  (send
    (lvar :arg0) :count=
    (int 0))
  (int 1))
BASETYPE: Integer
SIZE WORK_LIST: 33
SIZE generated: 2
EVALUABLE#: 0

-------------------------

----------------
TTYPES
Integer
Integer

PROGS

LOCAL_COUNT: 29
GLOBAL_COUNT: 29

BASE_AFTER:
(begin
  (send
    (lvar :arg0) :count=
    (int 1))
  (int 1))
BASETYPE: Integer
SIZE WORK_LIST: 34
SIZE generated: 2
EVALUABLE#: 0

-------------------------

----------------
TTYPES
Integer
Integer

PROGS

LOCAL_COUNT: 30
GLOBAL_COUNT: 30

BASE_AFTER:
(begin
  (lvasgn :t0
    (int 1))
  (send
    (lvar :arg0) :count=
    (lvar :t0))
  (lvar :t0))
BASETYPE: Integer
SIZE WORK_LIST: 35
SIZE generated: 2
EVALUABLE#: 0

-------------------------

----------------
TTYPES
Integer
Integer

PROGS

LOCAL_COUNT: 31
GLOBAL_COUNT: 31

BASE_AFTER:
(begin
  (send
    (lvar :arg0) :count=
    (int 0))
  (int 2))
BASETYPE: Integer
SIZE WORK_LIST: 36
SIZE generated: 2
EVALUABLE#: 0

-------------------------

----------------
TTYPES
Integer
Integer

PROGS

LOCAL_COUNT: 32
GLOBAL_COUNT: 32

BASE_AFTER:
(begin
  (send
    (lvar :arg0) :count=
    (int 1))
  (int 2))
BASETYPE: Integer
SIZE WORK_LIST: 37
SIZE generated: 2
EVALUABLE#: 0

-------------------------

----------------
TTYPES
String
String

PROGS

LOCAL_COUNT: 33
GLOBAL_COUNT: 33

BASE_AFTER:
(begin
  (send
    (lvar :arg0) :count=
    (int 0))
  (str ""))
BASETYPE: String
SIZE WORK_LIST: 38
SIZE generated: 2
EVALUABLE#: 0

-------------------------

----------------
TTYPES
String
String

PROGS

LOCAL_COUNT: 34
GLOBAL_COUNT: 34

BASE_AFTER:
(begin
  (send
    (lvar :arg0) :count=
    (int 1))
  (str ""))
BASETYPE: String
SIZE WORK_LIST: 39
SIZE generated: 2
EVALUABLE#: 0

-------------------------

----------------
TTYPES
Integer
Integer
Integer
Integer
Integer
Integer
Integer
Integer
%bot

PROGS

LOCAL_COUNT: 35
GLOBAL_COUNT: 35

BASE_AFTER:
(filled-hole
  (begin
    (send
      (send
        (hole 0 {:hash_depth=>0, :limit_depth=>true, :recv=>true}) :id=
        (hole 0 {:hash_depth=>0, :method_arg=>true})) :-
      (hole 0 {:hash_depth=>0, :method_arg=>true})))
  (begin
    (send
      (send
        (hole 0 {:hash_depth=>0, :limit_depth=>true, :recv=>true}) :id=
        (hole 0 {:hash_depth=>0, :method_arg=>true})) :-
      (hole 0 {:hash_depth=>0, :method_arg=>true})))
  (begin
    (send
      (send
        (hole 0 {:hash_depth=>0, :limit_depth=>true, :recv=>true}) :id=
        (hole 0 {:hash_depth=>0, :method_arg=>true})) :count))
  (begin
    (send
      (send
        (hole 0 {:hash_depth=>0, :limit_depth=>true, :recv=>true}) :id) :-
      (hole 0 {:hash_depth=>0, :method_arg=>true})))
  (begin
    (send
      (send
        (hole 0 {:hash_depth=>0, :limit_depth=>true, :recv=>true}) :id) :-
      (hole 0 {:hash_depth=>0, :method_arg=>true})))
  (begin
    (send
      (send
        (hole 0 {:hash_depth=>0, :limit_depth=>true, :recv=>true}) :id) :count))
  (begin
    (send
      (send
        (hole 0 {:hash_depth=>0, :limit_depth=>true, :recv=>true}) :token=
        (hole 0 {:hash_depth=>0, :method_arg=>true})) :count))
  (begin
    (send
      (send
        (hole 0 {:hash_depth=>0, :limit_depth=>true, :recv=>true}) :token=
        (hole 0 {:hash_depth=>0, :method_arg=>true})) :-
      (hole 0 {:hash_depth=>0, :method_arg=>true})))
  (begin
    (send
      (send
        (hole 0 {:hash_depth=>0, :limit_depth=>true, :recv=>true}) :token) :count))
  (begin
    (send
      (send
        (hole 0 {:hash_depth=>0, :limit_depth=>true, :recv=>true}) :token) :-
      (hole 0 {:hash_depth=>0, :method_arg=>true})))
  (begin
    (send
      (send
        (hole 0 {:hash_depth=>0, :limit_depth=>true, :recv=>true}) :diaspora_user_id=
        (hole 0 {:hash_depth=>0, :method_arg=>true})) :-
      (hole 0 {:hash_depth=>0, :method_arg=>true})))
  (begin
    (send
      (send
        (hole 0 {:hash_depth=>0, :limit_depth=>true, :recv=>true}) :diaspora_user_id=
        (hole 0 {:hash_depth=>0, :method_arg=>true})) :-
      (hole 0 {:hash_depth=>0, :method_arg=>true})))
  (begin
    (send
      (send
        (hole 0 {:hash_depth=>0, :limit_depth=>true, :recv=>true}) :diaspora_user_id=
        (hole 0 {:hash_depth=>0, :method_arg=>true})) :count))
  (begin
    (send
      (send
        (hole 0 {:hash_depth=>0, :limit_depth=>true, :recv=>true}) :diaspora_user_id) :-
      (hole 0 {:hash_depth=>0, :method_arg=>true})))
  (begin
    (send
      (send
        (hole 0 {:hash_depth=>0, :limit_depth=>true, :recv=>true}) :diaspora_user_id) :-
      (hole 0 {:hash_depth=>0, :method_arg=>true})))
  (begin
    (send
      (send
        (hole 0 {:hash_depth=>0, :limit_depth=>true, :recv=>true}) :diaspora_user_id) :count))
  (begin
    (send
      (send
        (hole 0 {:hash_depth=>0, :limit_depth=>true, :recv=>true}) :count=
        (hole 0 {:hash_depth=>0, :method_arg=>true})) :-
      (hole 0 {:hash_depth=>0, :method_arg=>true})))
  (begin
    (send
      (send
        (hole 0 {:hash_depth=>0, :limit_depth=>true, :recv=>true}) :count=
        (hole 0 {:hash_depth=>0, :method_arg=>true})) :-
      (hole 0 {:hash_depth=>0, :method_arg=>true})))
  (begin
    (send
      (send
        (hole 0 {:hash_depth=>0, :limit_depth=>true, :recv=>true}) :count=
        (hole 0 {:hash_depth=>0, :method_arg=>true})) :count))
  (begin
    (send
      (begin
        (send
          (hole 0 {:hash_depth=>0, :limit_depth=>true, :recv=>true}) :count)) :-
      (hole 0 {:hash_depth=>0, :method_arg=>true})))
  (begin
    (send
      (begin
        (send
          (hole 0 {:hash_depth=>0, :limit_depth=>true, :recv=>true}) :count)) :-
      (hole 0 {:hash_depth=>0, :method_arg=>true})))
  (begin
    (send
      (begin
        (send
          (hole 0 {:hash_depth=>0, :limit_depth=>true, :recv=>true}) :count)) :count))
  (begin
    (send
      (send
        (hole 0 {:hash_depth=>0, :limit_depth=>true, :recv=>true}) :diaspora_user) :count))
  (begin
    (send
      (send
        (hole 0 {:hash_depth=>0, :limit_depth=>true, :recv=>true}) :diaspora_user) :-
      (hole 0 {:hash_depth=>0, :method_arg=>true})))
  (begin
    (send
      (send
        (hole 0 {:hash_depth=>0, :limit_depth=>true, :recv=>true}) :diaspora_user=
        (hole 0 {:hash_depth=>0, :method_arg=>true})) :count))
  (begin
    (send
      (send
        (hole 0 {:hash_depth=>0, :limit_depth=>true, :recv=>true}) :diaspora_user=
        (hole 0 {:hash_depth=>0, :method_arg=>true})) :-
      (hole 0 {:hash_depth=>0, :method_arg=>true})))
  (begin
    (send
      (begin
        (send
          (hole 0 {:hash_depth=>0, :limit_depth=>true, :recv=>true}) :-
          (hole 0 {:hash_depth=>0, :method_arg=>true}))) :-
      (hole 0 {:hash_depth=>0, :method_arg=>true})))
  (begin
    (send
      (begin
        (send
          (hole 0 {:hash_depth=>0, :limit_depth=>true, :recv=>true}) :-
          (hole 0 {:hash_depth=>0, :method_arg=>true}))) :-
      (hole 0 {:hash_depth=>0, :method_arg=>true})))
  (begin
    (send
      (begin
        (send
          (hole 0 {:hash_depth=>0, :limit_depth=>true, :recv=>true}) :count)) :-
      (hole 0 {:hash_depth=>0, :method_arg=>true})))
  (begin
    (send
      (begin
        (send
          (hole 0 {:hash_depth=>0, :limit_depth=>true, :recv=>true}) :count)) :-
      (hole 0 {:hash_depth=>0, :method_arg=>true})))
  (begin
    (send
      (begin
        (send
          (hole 0 {:hash_depth=>0, :limit_depth=>true, :recv=>true}) :-
          (hole 0 {:hash_depth=>0, :method_arg=>true}))) :-
      (hole 0 {:hash_depth=>0, :method_arg=>true})))
  (begin
    (send
      (begin
        (send
          (hole 0 {:hash_depth=>0, :limit_depth=>true, :recv=>true}) :-
          (hole 0 {:hash_depth=>0, :method_arg=>true}))) :-
      (hole 0 {:hash_depth=>0, :method_arg=>true})))
  (hole 3 {:hash_depth=>0, :method_arg=>false, :variance=>:-}) {:method_arg=>false})
BASETYPE: %bot
SIZE WORK_LIST: 40
SIZE generated: 9
EVALUABLE#: 0

-------------------------

----------------
TTYPES
Integer
Integer
Integer
Integer
Integer
Integer
Integer
Integer
Integer
Integer
Integer
Integer
Integer
Integer
Integer
Integer
Integer
Integer
Integer
Integer
Integer
Integer
Integer
Integer
Integer
Integer
Integer
Integer
Integer
Integer
Integer
Integer
Integer
Integer
Integer
Integer

PROGS

LOCAL_COUNT: 36
GLOBAL_COUNT: 36

BASE_AFTER:
(begin
  (send
    (begin
      (send
        (filled-hole
          (lvar InvitationCode(id: integer, token: string, diaspora_user_id: integer, count: integer)) {:method_arg=>false}) :-
        (filled-hole
          (lvar :arg0)
          (lvar InvitationCode(id: integer, token: string, diaspora_user_id: integer, count: integer))
          (true)
          (false)
          (int 0)
          (int 1)
          (int 2)
          (str "")
          (hole 1 {:hash_depth=>0, :method_arg=>true, :variance=>:+}) {:method_arg=>true}))) :-
    (filled-hole
      (int 0)
      (int 1)
      (int 2)
      (hole 1 {:hash_depth=>0, :method_arg=>true, :variance=>:+}) {:method_arg=>true})))
BASETYPE: Integer
SIZE WORK_LIST: 48
SIZE generated: 36
EVALUABLE#: 24

-------------------------

----------------
TTYPES
Integer
Integer
Integer
Integer

PROGS

LOCAL_COUNT: 37
GLOBAL_COUNT: 37

BASE_AFTER:
(begin
  (send
    (begin
      (send
        (filled-hole
          (lvar InvitationCode(id: integer, token: string, diaspora_user_id: integer, count: integer)) {:method_arg=>false}) :count)) :-
    (filled-hole
      (int 0)
      (int 1)
      (int 2)
      (hole 1 {:hash_depth=>0, :method_arg=>true, :variance=>:+}) {:method_arg=>true})))
BASETYPE: Integer
SIZE WORK_LIST: 59
SIZE generated: 4
EVALUABLE#: 3

-------------------------

----------------
TTYPES
true or false
true or false
true or false
true or false
true or false
true or false
true or false
true or false
true or false
true or false
true or false

PROGS

LOCAL_COUNT: 38
GLOBAL_COUNT: 38

BASE_AFTER:
(begin
  (send
    (lvar :arg0) :count=
    (hole 1 {:hash_depth=>0, :method_arg=>true, :variance=>:+}))
  (true))
BASETYPE: true or false
SIZE WORK_LIST: 62
SIZE generated: 11
EVALUABLE#: 0

-------------------------

----------------
TTYPES
Integer
Integer

PROGS

LOCAL_COUNT: 39
GLOBAL_COUNT: 39

BASE_AFTER:
(begin
  (send
    (begin
      (send
        (lvar InvitationCode(id: integer, token: string, diaspora_user_id: integer, count: integer)) :count)) :-
    (int 0)))
BASETYPE: Integer
SIZE WORK_LIST: 72
SIZE generated: 2
EVALUABLE#: 0

-------------------------

----------------
TTYPES
Integer
Integer

PROGS

LOCAL_COUNT: 40
GLOBAL_COUNT: 40

BASE_AFTER:
(begin
  (send
    (begin
      (send
        (lvar InvitationCode(id: integer, token: string, diaspora_user_id: integer, count: integer)) :count)) :-
    (int 1)))
BASETYPE: Integer
SIZE WORK_LIST: 73
SIZE generated: 2
EVALUABLE#: 0

-------------------------

----------------
TTYPES
Integer
Integer

PROGS

LOCAL_COUNT: 41
GLOBAL_COUNT: 41

BASE_AFTER:
(begin
  (send
    (begin
      (send
        (lvar InvitationCode(id: integer, token: string, diaspora_user_id: integer, count: integer)) :count)) :-
    (int 2)))
BASETYPE: Integer
SIZE WORK_LIST: 74
SIZE generated: 2
EVALUABLE#: 0

-------------------------

----------------
TTYPES
true or false
true or false
true or false
true or false
true or false
true or false
true or false
true or false
true or false
true or false

PROGS

LOCAL_COUNT: 42
GLOBAL_COUNT: 42

BASE_AFTER:
(begin
  (send
    (lvar :arg0) :count=
    (begin
      (send
        (hole 0 {:hash_depth=>0, :limit_depth=>true, :recv=>true}) :-
        (hole 0 {:hash_depth=>0, :method_arg=>true}))))
  (true))
BASETYPE: true or false
SIZE WORK_LIST: 75
SIZE generated: 10
EVALUABLE#: 9

-------------------------

----------------
TTYPES
true or false

PROGS

LOCAL_COUNT: 43
GLOBAL_COUNT: 43

BASE_AFTER:
(begin
  (send
    (lvar :arg0) :count=
    (begin
      (send
        (hole 0 {:hash_depth=>0, :limit_depth=>true, :recv=>true}) :count)))
  (true))
BASETYPE: true or false
SIZE WORK_LIST: 75
SIZE generated: 1
EVALUABLE#: 1

-------------------------

----------------
TTYPES
true or false
true or false
true or false
true or false
true or false
true or false

PROGS

LOCAL_COUNT: 44
GLOBAL_COUNT: 44

BASE_AFTER:
(begin
  (send
    (lvar :arg0) :diaspora_user=
    (hole 1 {:hash_depth=>0, :method_arg=>true, :variance=>:+}))
  (true))
BASETYPE: true or false
SIZE WORK_LIST: 75
SIZE generated: 6
EVALUABLE#: 0

-------------------------

----------------
TTYPES
true or false
true or false

PROGS

LOCAL_COUNT: 45
GLOBAL_COUNT: 45

BASE_AFTER:
(begin
  (send
    (lvar :arg0) :count=
    (begin
      (send
        (lvar InvitationCode(id: integer, token: string, diaspora_user_id: integer, count: integer)) :count)))
  (true))
BASETYPE: true or false
SIZE WORK_LIST: 80
SIZE generated: 2
EVALUABLE#: 0

-------------------------

----------------
TTYPES
true or false

PROGS

LOCAL_COUNT: 46
GLOBAL_COUNT: 46

BASE_AFTER:
(begin
  (send
    (lvar :arg0) :diaspora_user=
    (begin
      (send
        (hole 0 {:hash_depth=>0, :limit_depth=>true, :recv=>true}) :count)))
  (true))
BASETYPE: true or false
SIZE WORK_LIST: 81
SIZE generated: 1
EVALUABLE#: 1

-------------------------

----------------
TTYPES
true or false
true or false
true or false
true or false
true or false
true or false
true or false
true or false
true or false
true or false
true or false

PROGS

LOCAL_COUNT: 47
GLOBAL_COUNT: 47

BASE_AFTER:
(begin
  (send
    (lvar :arg0) :count=
    (hole 1 {:hash_depth=>0, :method_arg=>true, :variance=>:+}))
  (false))
BASETYPE: true or false
SIZE WORK_LIST: 80
SIZE generated: 11
EVALUABLE#: 0

-------------------------

----------------
TTYPES
true or false

PROGS

LOCAL_COUNT: 48
GLOBAL_COUNT: 48

BASE_AFTER:
(begin
  (send
    (lvar :arg0) :count=
    (begin
      (send
        (hole 0 {:hash_depth=>0, :limit_depth=>true, :recv=>true}) :count)))
  (false))
BASETYPE: true or false
SIZE WORK_LIST: 90
SIZE generated: 1
EVALUABLE#: 1

-------------------------

----------------
TTYPES
true or false
true or false
true or false
true or false
true or false
true or false

PROGS

LOCAL_COUNT: 49
GLOBAL_COUNT: 49

BASE_AFTER:
(begin
  (send
    (lvar :arg0) :diaspora_user=
    (hole 1 {:hash_depth=>0, :method_arg=>true, :variance=>:+}))
  (false))
BASETYPE: true or false
SIZE WORK_LIST: 90
SIZE generated: 6
EVALUABLE#: 0

-------------------------

----------------
TTYPES
true or false
true or false

PROGS

LOCAL_COUNT: 50
GLOBAL_COUNT: 50

BASE_AFTER:
(begin
  (send
    (lvar :arg0) :count=
    (begin
      (send
        (lvar InvitationCode(id: integer, token: string, diaspora_user_id: integer, count: integer)) :count)))
  (false))
BASETYPE: true or false
SIZE WORK_LIST: 95
SIZE generated: 2
EVALUABLE#: 0

-------------------------

----------------
TTYPES
true or false

PROGS

LOCAL_COUNT: 51
GLOBAL_COUNT: 51

BASE_AFTER:
(begin
  (send
    (lvar :arg0) :diaspora_user=
    (begin
      (send
        (hole 0 {:hash_depth=>0, :limit_depth=>true, :recv=>true}) :count)))
  (false))
BASETYPE: true or false
SIZE WORK_LIST: 96
SIZE generated: 1
EVALUABLE#: 1

-------------------------

----------------
TTYPES
Integer
Integer
Integer
Integer
Integer
Integer
Integer
Integer
Integer
Integer
Integer

PROGS

LOCAL_COUNT: 52
GLOBAL_COUNT: 52

BASE_AFTER:
(begin
  (send
    (lvar :arg0) :count=
    (hole 1 {:hash_depth=>0, :method_arg=>true, :variance=>:+}))
  (int 0))
BASETYPE: Integer
SIZE WORK_LIST: 95
SIZE generated: 11
EVALUABLE#: 0

-------------------------

----------------
TTYPES
Integer

PROGS

LOCAL_COUNT: 53
GLOBAL_COUNT: 53

BASE_AFTER:
(begin
  (send
    (lvar :arg0) :count=
    (begin
      (send
        (hole 0 {:hash_depth=>0, :limit_depth=>true, :recv=>true}) :count)))
  (int 0))
BASETYPE: Integer
SIZE WORK_LIST: 105
SIZE generated: 1
EVALUABLE#: 1

-------------------------

----------------
TTYPES
Integer
Integer
Integer
Integer
Integer
Integer

PROGS

LOCAL_COUNT: 54
GLOBAL_COUNT: 54

BASE_AFTER:
(begin
  (send
    (lvar :arg0) :diaspora_user=
    (hole 1 {:hash_depth=>0, :method_arg=>true, :variance=>:+}))
  (int 0))
BASETYPE: Integer
SIZE WORK_LIST: 105
SIZE generated: 6
EVALUABLE#: 0

-------------------------

----------------
TTYPES
Integer
Integer

PROGS

LOCAL_COUNT: 55
GLOBAL_COUNT: 55

BASE_AFTER:
(begin
  (send
    (lvar :arg0) :count=
    (begin
      (send
        (lvar InvitationCode(id: integer, token: string, diaspora_user_id: integer, count: integer)) :count)))
  (int 0))
BASETYPE: Integer
SIZE WORK_LIST: 110
SIZE generated: 2
EVALUABLE#: 0

-------------------------

----------------
TTYPES
Integer

PROGS

LOCAL_COUNT: 56
GLOBAL_COUNT: 56

BASE_AFTER:
(begin
  (send
    (lvar :arg0) :diaspora_user=
    (begin
      (send
        (hole 0 {:hash_depth=>0, :limit_depth=>true, :recv=>true}) :count)))
  (int 0))
BASETYPE: Integer
SIZE WORK_LIST: 111
SIZE generated: 1
EVALUABLE#: 1

-------------------------

----------------
TTYPES
Integer
Integer
Integer
Integer
Integer
Integer
Integer
Integer
Integer
Integer
Integer

PROGS

LOCAL_COUNT: 57
GLOBAL_COUNT: 57

BASE_AFTER:
(begin
  (send
    (lvar :arg0) :count=
    (hole 1 {:hash_depth=>0, :method_arg=>true, :variance=>:+}))
  (int 1))
BASETYPE: Integer
SIZE WORK_LIST: 110
SIZE generated: 11
EVALUABLE#: 0

-------------------------

----------------
TTYPES
Integer

PROGS

LOCAL_COUNT: 58
GLOBAL_COUNT: 58

BASE_AFTER:
(begin
  (send
    (lvar :arg0) :count=
    (begin
      (send
        (hole 0 {:hash_depth=>0, :limit_depth=>true, :recv=>true}) :count)))
  (int 1))
BASETYPE: Integer
SIZE WORK_LIST: 120
SIZE generated: 1
EVALUABLE#: 1

-------------------------

----------------
TTYPES
Integer
Integer
Integer
Integer
Integer
Integer

PROGS

LOCAL_COUNT: 59
GLOBAL_COUNT: 59

BASE_AFTER:
(begin
  (send
    (lvar :arg0) :diaspora_user=
    (hole 1 {:hash_depth=>0, :method_arg=>true, :variance=>:+}))
  (int 1))
BASETYPE: Integer
SIZE WORK_LIST: 120
SIZE generated: 6
EVALUABLE#: 0

-------------------------

----------------
TTYPES
Integer
Integer

PROGS

LOCAL_COUNT: 60
GLOBAL_COUNT: 60

BASE_AFTER:
(begin
  (send
    (lvar :arg0) :count=
    (begin
      (send
        (lvar InvitationCode(id: integer, token: string, diaspora_user_id: integer, count: integer)) :count)))
  (int 1))
BASETYPE: Integer
SIZE WORK_LIST: 125
SIZE generated: 2
EVALUABLE#: 0

-------------------------

----------------
TTYPES
Integer

PROGS

LOCAL_COUNT: 61
GLOBAL_COUNT: 61

BASE_AFTER:
(begin
  (send
    (lvar :arg0) :diaspora_user=
    (begin
      (send
        (hole 0 {:hash_depth=>0, :limit_depth=>true, :recv=>true}) :count)))
  (int 1))
BASETYPE: Integer
SIZE WORK_LIST: 126
SIZE generated: 1
EVALUABLE#: 1

-------------------------

----------------
TTYPES
Integer
Integer
Integer
Integer
Integer
Integer
Integer
Integer
Integer
Integer
Integer

PROGS

LOCAL_COUNT: 62
GLOBAL_COUNT: 62

BASE_AFTER:
(begin
  (send
    (lvar :arg0) :count=
    (hole 1 {:hash_depth=>0, :method_arg=>true, :variance=>:+}))
  (int 2))
BASETYPE: Integer
SIZE WORK_LIST: 125
SIZE generated: 11
EVALUABLE#: 0

-------------------------

----------------
TTYPES
Integer

PROGS

LOCAL_COUNT: 63
GLOBAL_COUNT: 63

BASE_AFTER:
(begin
  (send
    (lvar :arg0) :count=
    (begin
      (send
        (hole 0 {:hash_depth=>0, :limit_depth=>true, :recv=>true}) :count)))
  (int 2))
BASETYPE: Integer
SIZE WORK_LIST: 135
SIZE generated: 1
EVALUABLE#: 1

-------------------------

----------------
TTYPES
Integer
Integer
Integer
Integer
Integer
Integer

PROGS

LOCAL_COUNT: 64
GLOBAL_COUNT: 64

BASE_AFTER:
(begin
  (send
    (lvar :arg0) :diaspora_user=
    (hole 1 {:hash_depth=>0, :method_arg=>true, :variance=>:+}))
  (int 2))
BASETYPE: Integer
SIZE WORK_LIST: 135
SIZE generated: 6
EVALUABLE#: 0

-------------------------

----------------
TTYPES
Integer
Integer

PROGS

LOCAL_COUNT: 65
GLOBAL_COUNT: 65

BASE_AFTER:
(begin
  (send
    (lvar :arg0) :count=
    (begin
      (send
        (lvar InvitationCode(id: integer, token: string, diaspora_user_id: integer, count: integer)) :count)))
  (int 2))
BASETYPE: Integer
SIZE WORK_LIST: 140
SIZE generated: 2
EVALUABLE#: 0

-------------------------

----------------
TTYPES
Integer

PROGS

LOCAL_COUNT: 66
GLOBAL_COUNT: 66

BASE_AFTER:
(begin
  (send
    (lvar :arg0) :diaspora_user=
    (begin
      (send
        (hole 0 {:hash_depth=>0, :limit_depth=>true, :recv=>true}) :count)))
  (int 2))
BASETYPE: Integer
SIZE WORK_LIST: 141
SIZE generated: 1
EVALUABLE#: 1

-------------------------

----------------
TTYPES
String
String
String
String
String
String
String
String
String
String
String

PROGS

LOCAL_COUNT: 67
GLOBAL_COUNT: 67

BASE_AFTER:
(begin
  (send
    (lvar :arg0) :count=
    (hole 1 {:hash_depth=>0, :method_arg=>true, :variance=>:+}))
  (str ""))
BASETYPE: String
SIZE WORK_LIST: 140
SIZE generated: 11
EVALUABLE#: 0

-------------------------

----------------
TTYPES
String

PROGS

LOCAL_COUNT: 68
GLOBAL_COUNT: 68

BASE_AFTER:
(begin
  (send
    (lvar :arg0) :count=
    (begin
      (send
        (hole 0 {:hash_depth=>0, :limit_depth=>true, :recv=>true}) :count)))
  (str ""))
BASETYPE: String
SIZE WORK_LIST: 150
SIZE generated: 1
EVALUABLE#: 1

-------------------------

----------------
TTYPES
String
String
String
String
String
String

PROGS

LOCAL_COUNT: 69
GLOBAL_COUNT: 69

BASE_AFTER:
(begin
  (send
    (lvar :arg0) :diaspora_user=
    (hole 1 {:hash_depth=>0, :method_arg=>true, :variance=>:+}))
  (str ""))
BASETYPE: String
SIZE WORK_LIST: 150
SIZE generated: 6
EVALUABLE#: 0

-------------------------

----------------
TTYPES
String
String

PROGS

LOCAL_COUNT: 70
GLOBAL_COUNT: 70

BASE_AFTER:
(begin
  (send
    (lvar :arg0) :count=
    (begin
      (send
        (lvar InvitationCode(id: integer, token: string, diaspora_user_id: integer, count: integer)) :count)))
  (str ""))
BASETYPE: String
SIZE WORK_LIST: 155
SIZE generated: 2
EVALUABLE#: 0

-------------------------

----------------
TTYPES
String

PROGS

LOCAL_COUNT: 71
GLOBAL_COUNT: 71

BASE_AFTER:
(begin
  (send
    (lvar :arg0) :diaspora_user=
    (begin
      (send
        (hole 0 {:hash_depth=>0, :limit_depth=>true, :recv=>true}) :count)))
  (str ""))
BASETYPE: String
SIZE WORK_LIST: 156
SIZE generated: 1
EVALUABLE#: 1

-------------------------

----------------
TTYPES
true or false
true or false
true or false
true or false

PROGS

LOCAL_COUNT: 72
GLOBAL_COUNT: 72

BASE_AFTER:
(begin
  (send
    (lvar :arg0) :count=
    (int 0))
  (send
    (hole 0 {:hash_depth=>0, :limit_depth=>true, :recv=>true}) :count=
    (hole 0 {:hash_depth=>0, :method_arg=>true}))
  (true))
BASETYPE: true or false
SIZE WORK_LIST: 155
SIZE generated: 4
EVALUABLE#: 3

-------------------------

----------------
TTYPES
true or false

PROGS

LOCAL_COUNT: 73
GLOBAL_COUNT: 73

BASE_AFTER:
(begin
  (send
    (lvar :arg0) :count=
    (int 0))
  (send
    (hole 0 {:hash_depth=>0, :limit_depth=>true, :recv=>true}) :diaspora_user=
    (hole 0 {:hash_depth=>0, :method_arg=>true}))
  (true))
BASETYPE: true or false
SIZE WORK_LIST: 157
SIZE generated: 1
EVALUABLE#: 0

-------------------------

----------------
TTYPES
true or false
true or false
true or false
true or false

PROGS

LOCAL_COUNT: 74
GLOBAL_COUNT: 74

BASE_AFTER:
(begin
  (send
    (lvar :arg0) :count=
    (int 1))
  (send
    (hole 0 {:hash_depth=>0, :limit_depth=>true, :recv=>true}) :count=
    (hole 0 {:hash_depth=>0, :method_arg=>true}))
  (true))
BASETYPE: true or false
SIZE WORK_LIST: 157
SIZE generated: 4
EVALUABLE#: 3

-------------------------

----------------
TTYPES
true or false

PROGS

LOCAL_COUNT: 75
GLOBAL_COUNT: 75

BASE_AFTER:
(begin
  (send
    (lvar :arg0) :count=
    (int 1))
  (send
    (hole 0 {:hash_depth=>0, :limit_depth=>true, :recv=>true}) :diaspora_user=
    (hole 0 {:hash_depth=>0, :method_arg=>true}))
  (true))
BASETYPE: true or false
SIZE WORK_LIST: 159
SIZE generated: 1
EVALUABLE#: 0

-------------------------

----------------
TTYPES
true or false
true or false
true or false
true or false

PROGS

LOCAL_COUNT: 76
GLOBAL_COUNT: 76

BASE_AFTER:
(begin
  (send
    (lvar :arg0) :count=
    (int 0))
  (send
    (hole 0 {:hash_depth=>0, :limit_depth=>true, :recv=>true}) :count=
    (hole 0 {:hash_depth=>0, :method_arg=>true}))
  (false))
BASETYPE: true or false
SIZE WORK_LIST: 159
SIZE generated: 4
EVALUABLE#: 3

-------------------------

----------------
TTYPES
true or false

PROGS

LOCAL_COUNT: 77
GLOBAL_COUNT: 77

BASE_AFTER:
(begin
  (send
    (lvar :arg0) :count=
    (int 0))
  (send
    (hole 0 {:hash_depth=>0, :limit_depth=>true, :recv=>true}) :diaspora_user=
    (hole 0 {:hash_depth=>0, :method_arg=>true}))
  (false))
BASETYPE: true or false
SIZE WORK_LIST: 161
SIZE generated: 1
EVALUABLE#: 0

-------------------------

----------------
TTYPES
true or false
true or false
true or false
true or false

PROGS

LOCAL_COUNT: 78
GLOBAL_COUNT: 78

BASE_AFTER:
(begin
  (send
    (lvar :arg0) :count=
    (int 1))
  (send
    (hole 0 {:hash_depth=>0, :limit_depth=>true, :recv=>true}) :count=
    (hole 0 {:hash_depth=>0, :method_arg=>true}))
  (false))
BASETYPE: true or false
SIZE WORK_LIST: 161
SIZE generated: 4
EVALUABLE#: 3

-------------------------

----------------
TTYPES
true or false

PROGS

LOCAL_COUNT: 79
GLOBAL_COUNT: 79

BASE_AFTER:
(begin
  (send
    (lvar :arg0) :count=
    (int 1))
  (send
    (hole 0 {:hash_depth=>0, :limit_depth=>true, :recv=>true}) :diaspora_user=
    (hole 0 {:hash_depth=>0, :method_arg=>true}))
  (false))
BASETYPE: true or false
SIZE WORK_LIST: 163
SIZE generated: 1
EVALUABLE#: 0

-------------------------

----------------
TTYPES
Integer
Integer
Integer
Integer
Integer

PROGS

LOCAL_COUNT: 80
GLOBAL_COUNT: 80

BASE_AFTER:
(begin
  (send
    (lvar :arg0) :count=
    (int 0))
  (send
    (hole 0 {:hash_depth=>0, :limit_depth=>true, :recv=>true}) :count=
    (hole 0 {:hash_depth=>0, :method_arg=>true}))
  (int 0))
BASETYPE: Integer
SIZE WORK_LIST: 163
SIZE generated: 5
EVALUABLE#: 4

-------------------------

----------------
TTYPES
Integer

PROGS

LOCAL_COUNT: 81
GLOBAL_COUNT: 81

BASE_AFTER:
(begin
  (send
    (lvar :arg0) :count=
    (int 0))
  (send
    (hole 0 {:hash_depth=>0, :limit_depth=>true, :recv=>true}) :diaspora_user=
    (hole 0 {:hash_depth=>0, :method_arg=>true}))
  (int 0))
BASETYPE: Integer
SIZE WORK_LIST: 166
SIZE generated: 1
EVALUABLE#: 0

-------------------------

----------------
TTYPES
Integer
Integer
Integer
Integer
Integer

PROGS

LOCAL_COUNT: 82
GLOBAL_COUNT: 82

BASE_AFTER:
(begin
  (send
    (lvar :arg0) :count=
    (int 1))
  (send
    (hole 0 {:hash_depth=>0, :limit_depth=>true, :recv=>true}) :count=
    (hole 0 {:hash_depth=>0, :method_arg=>true}))
  (int 0))
BASETYPE: Integer
SIZE WORK_LIST: 166
SIZE generated: 5
EVALUABLE#: 4

-------------------------

----------------
TTYPES
Integer

PROGS

LOCAL_COUNT: 83
GLOBAL_COUNT: 83

BASE_AFTER:
(begin
  (send
    (lvar :arg0) :count=
    (int 1))
  (send
    (hole 0 {:hash_depth=>0, :limit_depth=>true, :recv=>true}) :diaspora_user=
    (hole 0 {:hash_depth=>0, :method_arg=>true}))
  (int 0))
BASETYPE: Integer
SIZE WORK_LIST: 169
SIZE generated: 1
EVALUABLE#: 0

-------------------------

----------------
TTYPES
Integer
Integer
Integer
Integer
Integer

PROGS

LOCAL_COUNT: 84
GLOBAL_COUNT: 84

BASE_AFTER:
(begin
  (lvasgn :t0
    (int 0))
  (send
    (lvar :arg0) :count=
    (lvar :t0))
  (send
    (hole 0 {:hash_depth=>0, :limit_depth=>true, :recv=>true}) :count=
    (hole 0 {:hash_depth=>0, :method_arg=>true}))
  (lvar :t0))
BASETYPE: Integer
SIZE WORK_LIST: 169
SIZE generated: 5
EVALUABLE#: 4

-------------------------

----------------
TTYPES
Integer

PROGS

LOCAL_COUNT: 85
GLOBAL_COUNT: 85

BASE_AFTER:
(begin
  (lvasgn :t0
    (int 0))
  (send
    (lvar :arg0) :count=
    (lvar :t0))
  (send
    (hole 0 {:hash_depth=>0, :limit_depth=>true, :recv=>true}) :diaspora_user=
    (hole 0 {:hash_depth=>0, :method_arg=>true}))
  (lvar :t0))
BASETYPE: Integer
SIZE WORK_LIST: 172
SIZE generated: 1
EVALUABLE#: 0

-------------------------

----------------
TTYPES
Integer
Integer
Integer
Integer
Integer

PROGS

LOCAL_COUNT: 86
GLOBAL_COUNT: 86

BASE_AFTER:
(begin
  (send
    (lvar :arg0) :count=
    (int 0))
  (send
    (hole 0 {:hash_depth=>0, :limit_depth=>true, :recv=>true}) :count=
    (hole 0 {:hash_depth=>0, :method_arg=>true}))
  (int 1))
BASETYPE: Integer
SIZE WORK_LIST: 172
SIZE generated: 5
EVALUABLE#: 4

-------------------------

----------------
TTYPES
Integer

PROGS

LOCAL_COUNT: 87
GLOBAL_COUNT: 87

BASE_AFTER:
(begin
  (send
    (lvar :arg0) :count=
    (int 0))
  (send
    (hole 0 {:hash_depth=>0, :limit_depth=>true, :recv=>true}) :diaspora_user=
    (hole 0 {:hash_depth=>0, :method_arg=>true}))
  (int 1))
BASETYPE: Integer
SIZE WORK_LIST: 175
SIZE generated: 1
EVALUABLE#: 0

-------------------------

----------------
TTYPES
Integer
Integer
Integer
Integer
Integer

PROGS

LOCAL_COUNT: 88
GLOBAL_COUNT: 88

BASE_AFTER:
(begin
  (send
    (lvar :arg0) :count=
    (int 1))
  (send
    (hole 0 {:hash_depth=>0, :limit_depth=>true, :recv=>true}) :count=
    (hole 0 {:hash_depth=>0, :method_arg=>true}))
  (int 1))
BASETYPE: Integer
SIZE WORK_LIST: 175
SIZE generated: 5
EVALUABLE#: 4

-------------------------

----------------
TTYPES
Integer

PROGS

LOCAL_COUNT: 89
GLOBAL_COUNT: 89

BASE_AFTER:
(begin
  (send
    (lvar :arg0) :count=
    (int 1))
  (send
    (hole 0 {:hash_depth=>0, :limit_depth=>true, :recv=>true}) :diaspora_user=
    (hole 0 {:hash_depth=>0, :method_arg=>true}))
  (int 1))
BASETYPE: Integer
SIZE WORK_LIST: 178
SIZE generated: 1
EVALUABLE#: 0

-------------------------

----------------
TTYPES
Integer
Integer
Integer
Integer
Integer

PROGS

LOCAL_COUNT: 90
GLOBAL_COUNT: 90

BASE_AFTER:
(begin
  (lvasgn :t0
    (int 1))
  (send
    (lvar :arg0) :count=
    (lvar :t0))
  (send
    (hole 0 {:hash_depth=>0, :limit_depth=>true, :recv=>true}) :count=
    (hole 0 {:hash_depth=>0, :method_arg=>true}))
  (lvar :t0))
BASETYPE: Integer
SIZE WORK_LIST: 178
SIZE generated: 5
EVALUABLE#: 4

-------------------------

----------------
TTYPES
Integer

PROGS

LOCAL_COUNT: 91
GLOBAL_COUNT: 91

BASE_AFTER:
(begin
  (lvasgn :t0
    (int 1))
  (send
    (lvar :arg0) :count=
    (lvar :t0))
  (send
    (hole 0 {:hash_depth=>0, :limit_depth=>true, :recv=>true}) :diaspora_user=
    (hole 0 {:hash_depth=>0, :method_arg=>true}))
  (lvar :t0))
BASETYPE: Integer
SIZE WORK_LIST: 181
SIZE generated: 1
EVALUABLE#: 0

-------------------------

----------------
TTYPES
Integer
Integer
Integer
Integer
Integer

PROGS

LOCAL_COUNT: 92
GLOBAL_COUNT: 92

BASE_AFTER:
(begin
  (send
    (lvar :arg0) :count=
    (int 0))
  (send
    (hole 0 {:hash_depth=>0, :limit_depth=>true, :recv=>true}) :count=
    (hole 0 {:hash_depth=>0, :method_arg=>true}))
  (int 2))
BASETYPE: Integer
SIZE WORK_LIST: 181
SIZE generated: 5
EVALUABLE#: 4

-------------------------

----------------
TTYPES
Integer

PROGS

LOCAL_COUNT: 93
GLOBAL_COUNT: 93

BASE_AFTER:
(begin
  (send
    (lvar :arg0) :count=
    (int 0))
  (send
    (hole 0 {:hash_depth=>0, :limit_depth=>true, :recv=>true}) :diaspora_user=
    (hole 0 {:hash_depth=>0, :method_arg=>true}))
  (int 2))
BASETYPE: Integer
SIZE WORK_LIST: 183
SIZE generated: 1
EVALUABLE#: 0

-------------------------

----------------
TTYPES
Integer
Integer
Integer
Integer
Integer

PROGS

LOCAL_COUNT: 94
GLOBAL_COUNT: 94

BASE_AFTER:
(begin
  (send
    (lvar :arg0) :count=
    (int 1))
  (send
    (hole 0 {:hash_depth=>0, :limit_depth=>true, :recv=>true}) :count=
    (hole 0 {:hash_depth=>0, :method_arg=>true}))
  (int 2))
BASETYPE: Integer
SIZE WORK_LIST: 183
SIZE generated: 5
EVALUABLE#: 4

-------------------------

----------------
TTYPES
Integer

PROGS

LOCAL_COUNT: 95
GLOBAL_COUNT: 95

BASE_AFTER:
(begin
  (send
    (lvar :arg0) :count=
    (int 1))
  (send
    (hole 0 {:hash_depth=>0, :limit_depth=>true, :recv=>true}) :diaspora_user=
    (hole 0 {:hash_depth=>0, :method_arg=>true}))
  (int 2))
BASETYPE: Integer
SIZE WORK_LIST: 185
SIZE generated: 1
EVALUABLE#: 0

-------------------------

----------------
TTYPES
String
String
String
String

PROGS

LOCAL_COUNT: 96
GLOBAL_COUNT: 96

BASE_AFTER:
(begin
  (send
    (lvar :arg0) :count=
    (int 0))
  (send
    (hole 0 {:hash_depth=>0, :limit_depth=>true, :recv=>true}) :count=
    (hole 0 {:hash_depth=>0, :method_arg=>true}))
  (str ""))
BASETYPE: String
SIZE WORK_LIST: 185
SIZE generated: 4
EVALUABLE#: 3

-------------------------

----------------
TTYPES
String

PROGS

LOCAL_COUNT: 97
GLOBAL_COUNT: 97

BASE_AFTER:
(begin
  (send
    (lvar :arg0) :count=
    (int 0))
  (send
    (hole 0 {:hash_depth=>0, :limit_depth=>true, :recv=>true}) :diaspora_user=
    (hole 0 {:hash_depth=>0, :method_arg=>true}))
  (str ""))
BASETYPE: String
SIZE WORK_LIST: 187
SIZE generated: 1
EVALUABLE#: 0

-------------------------

----------------
TTYPES
String
String
String
String

PROGS

LOCAL_COUNT: 98
GLOBAL_COUNT: 98

BASE_AFTER:
(begin
  (send
    (lvar :arg0) :count=
    (int 1))
  (send
    (hole 0 {:hash_depth=>0, :limit_depth=>true, :recv=>true}) :count=
    (hole 0 {:hash_depth=>0, :method_arg=>true}))
  (str ""))
BASETYPE: String
SIZE WORK_LIST: 187
SIZE generated: 4
EVALUABLE#: 3

-------------------------

----------------
TTYPES
String

PROGS

LOCAL_COUNT: 99
GLOBAL_COUNT: 99

BASE_AFTER:
(begin
  (send
    (lvar :arg0) :count=
    (int 1))
  (send
    (hole 0 {:hash_depth=>0, :limit_depth=>true, :recv=>true}) :diaspora_user=
    (hole 0 {:hash_depth=>0, :method_arg=>true}))
  (str ""))
BASETYPE: String
SIZE WORK_LIST: 189
SIZE generated: 1
EVALUABLE#: 0

-------------------------

----------------
TTYPES
Integer
Integer
Integer
Integer
Integer
Integer
Integer
Integer
Integer
Integer
Integer
Integer
Integer
Integer
Integer
Integer

PROGS

LOCAL_COUNT: 100
GLOBAL_COUNT: 100

BASE_AFTER:
(begin
  (send
    (send
      (filled-hole
        (lvar :arg0) {:method_arg=>false}) :id=
      (filled-hole
        (int 0)
        (int 1)
        (int 2)
        (hole 1 {:hash_depth=>0, :method_arg=>true, :variance=>:+}) {:method_arg=>true})) :-
    (filled-hole
      (int 0)
      (int 1)
      (int 2)
      (hole 1 {:hash_depth=>0, :method_arg=>true, :variance=>:+}) {:method_arg=>true})))
BASETYPE: Integer
SIZE WORK_LIST: 189
SIZE generated: 16
EVALUABLE#: 9

-------------------------

----------------
TTYPES
true or false
true or false
Integer
Integer
Integer
String
%bot

PROGS

LOCAL_COUNT: 1
GLOBAL_COUNT: 101

BASE_AFTER:
(filled-hole
  (true)
  (false)
  (int 0)
  (int 1)
  (int 2)
  (str "")
  (hole 1 {:hash_depth=>0, :method_arg=>false, :variance=>:-}) {:method_arg=>false})
BASETYPE: %bot
SIZE WORK_LIST: 0
SIZE generated: 7
EVALUABLE#: 6

-------------------------

----------------
TTYPES
true or false
true or false

PROGS

LOCAL_COUNT: 2
GLOBAL_COUNT: 102

BASE_AFTER:
(true)
BASETYPE: true or false
SIZE WORK_LIST: 6
SIZE generated: 2
EVALUABLE#: 0

-------------------------

----------------
TTYPES
true or false
true or false

PROGS

LOCAL_COUNT: 3
GLOBAL_COUNT: 103

BASE_AFTER:
(false)
BASETYPE: true or false
SIZE WORK_LIST: 7
SIZE generated: 2
EVALUABLE#: 0

-------------------------

----------------
TTYPES
Integer
Integer

PROGS

LOCAL_COUNT: 4
GLOBAL_COUNT: 104

BASE_AFTER:
(int 0)
BASETYPE: Integer
SIZE WORK_LIST: 8
SIZE generated: 2
EVALUABLE#: 0

-------------------------

----------------
TTYPES
Integer
Integer

PROGS

LOCAL_COUNT: 5
GLOBAL_COUNT: 105

BASE_AFTER:
(int 1)
BASETYPE: Integer
SIZE WORK_LIST: 9
SIZE generated: 2
EVALUABLE#: 0

-------------------------

----------------
TTYPES
Integer
Integer

PROGS

LOCAL_COUNT: 6
GLOBAL_COUNT: 106

BASE_AFTER:
(int 2)
BASETYPE: Integer
SIZE WORK_LIST: 10
SIZE generated: 2
EVALUABLE#: 0

-------------------------

----------------
TTYPES
String
String

PROGS

LOCAL_COUNT: 7
GLOBAL_COUNT: 107

BASE_AFTER:
(str "")
BASETYPE: String
SIZE WORK_LIST: 11
SIZE generated: 2
EVALUABLE#: 0

-------------------------

----------------
TTYPES
%bot

PROGS

LOCAL_COUNT: 8
GLOBAL_COUNT: 108

BASE_AFTER:
(filled-hole
  (hole 2 {:hash_depth=>0, :method_arg=>false, :variance=>:-}) {:method_arg=>false})
BASETYPE: %bot
SIZE WORK_LIST: 12
SIZE generated: 1
EVALUABLE#: 0

-------------------------

----------------
TTYPES
true or false
true or false
true or false
true or false

PROGS

LOCAL_COUNT: 9
GLOBAL_COUNT: 109

BASE_AFTER:
(begin
  (send
    (hole 0 {:hash_depth=>0, :limit_depth=>true, :recv=>true}) :count=
    (hole 0 {:hash_depth=>0, :method_arg=>true}))
  (true))
BASETYPE: true or false
SIZE WORK_LIST: 12
SIZE generated: 4
EVALUABLE#: 3

-------------------------

----------------
TTYPES
true or false

PROGS

LOCAL_COUNT: 1
GLOBAL_COUNT: 110

BASE_AFTER:
(filled-hole
  (hole 1 {:hash_depth=>0, :method_arg=>false, :variance=>:+}) {:method_arg=>false})
BASETYPE: true or false
SIZE WORK_LIST: 0
SIZE generated: 1
EVALUABLE#: 0

-------------------------

----------------
TTYPES
true or false

PROGS

LOCAL_COUNT: 2
GLOBAL_COUNT: 111

BASE_AFTER:
(filled-hole
  (hole 2 {:hash_depth=>0, :method_arg=>false, :variance=>:+}) {:method_arg=>false})
BASETYPE: true or false
SIZE WORK_LIST: 0
SIZE generated: 1
EVALUABLE#: 0

-------------------------

----------------
TTYPES
true or false

PROGS

LOCAL_COUNT: 3
GLOBAL_COUNT: 112

BASE_AFTER:
(filled-hole
  (hole 3 {:hash_depth=>0, :method_arg=>false, :variance=>:+}) {:method_arg=>false})
BASETYPE: true or false
SIZE WORK_LIST: 0
SIZE generated: 1
EVALUABLE#: 0

-------------------------

----------------
TTYPES
true or false

PROGS

LOCAL_COUNT: 4
GLOBAL_COUNT: 113

BASE_AFTER:
(filled-hole
  (hole 4 {:hash_depth=>0, :method_arg=>false, :variance=>:+}) {:method_arg=>false})
BASETYPE: true or false
SIZE WORK_LIST: 0
SIZE generated: 1
EVALUABLE#: 0

-------------------------

----------------
TTYPES
true or false

PROGS

LOCAL_COUNT: 5
GLOBAL_COUNT: 114

BASE_AFTER:
(filled-hole
  (hole 5 {:hash_depth=>0, :method_arg=>false, :variance=>:+}) {:method_arg=>false})
BASETYPE: true or false
SIZE WORK_LIST: 0
SIZE generated: 1
EVALUABLE#: 0

-------------------------

----------------
TTYPES
true or false

PROGS

LOCAL_COUNT: 6
GLOBAL_COUNT: 115

BASE_AFTER:
(filled-hole
  (hole 6 {:hash_depth=>0, :method_arg=>false, :variance=>:+}) {:method_arg=>false})
BASETYPE: true or false
SIZE WORK_LIST: 0
SIZE generated: 1
EVALUABLE#: 0

-------------------------

----------------
TTYPES
true or false
true or false
Integer
Integer
Integer
String
%bot

PROGS

LOCAL_COUNT: 1
GLOBAL_COUNT: 1

BASE_AFTER:
(filled-hole
  (true)
  (false)
  (int 0)
  (int 1)
  (int 2)
  (str "")
  (hole 1 {:hash_depth=>0, :method_arg=>false, :variance=>:-}) {:method_arg=>false})
BASETYPE: %bot
SIZE WORK_LIST: 0
SIZE generated: 7
EVALUABLE#: 6

-------------------------

----------------
TTYPES
true or false
true or false
Integer
Integer
Integer
String
%bot

PROGS

LOCAL_COUNT: 1
GLOBAL_COUNT: 2

BASE_AFTER:
(filled-hole
  (true)
  (false)
  (int 0)
  (int 1)
  (int 2)
  (str "")
  (hole 1 {:hash_depth=>0, :method_arg=>false, :variance=>:-}) {:method_arg=>false})
BASETYPE: %bot
SIZE WORK_LIST: 0
SIZE generated: 7
EVALUABLE#: 6

-------------------------

----------------
TTYPES
true or false
true or false
Integer
Integer
Integer
String
%bot

PROGS

LOCAL_COUNT: 1
GLOBAL_COUNT: 1

BASE_AFTER:
(filled-hole
  (true)
  (false)
  (int 0)
  (int 1)
  (int 2)
  (str "")
  (hole 1 {:hash_depth=>0, :method_arg=>false, :variance=>:-}) {:method_arg=>false})
BASETYPE: %bot
SIZE WORK_LIST: 0
SIZE generated: 7
EVALUABLE#: 6

-------------------------

----------------
TTYPES
true or false
true or false

PROGS

LOCAL_COUNT: 2
GLOBAL_COUNT: 2

BASE_AFTER:
(true)
BASETYPE: true or false
SIZE WORK_LIST: 6
SIZE generated: 2
EVALUABLE#: 0

-------------------------

----------------
TTYPES
true or false
true or false

PROGS

LOCAL_COUNT: 3
GLOBAL_COUNT: 3

BASE_AFTER:
(false)
BASETYPE: true or false
SIZE WORK_LIST: 7
SIZE generated: 2
EVALUABLE#: 0

-------------------------

----------------
TTYPES
Integer
Integer

PROGS

LOCAL_COUNT: 4
GLOBAL_COUNT: 4

BASE_AFTER:
(int 0)
BASETYPE: Integer
SIZE WORK_LIST: 8
SIZE generated: 2
EVALUABLE#: 0

-------------------------

----------------
TTYPES
Integer
Integer

PROGS

LOCAL_COUNT: 5
GLOBAL_COUNT: 5

BASE_AFTER:
(int 1)
BASETYPE: Integer
SIZE WORK_LIST: 9
SIZE generated: 2
EVALUABLE#: 0

-------------------------

----------------
TTYPES
Integer
Integer

PROGS

LOCAL_COUNT: 6
GLOBAL_COUNT: 6

BASE_AFTER:
(int 2)
BASETYPE: Integer
SIZE WORK_LIST: 10
SIZE generated: 2
EVALUABLE#: 0

-------------------------

----------------
TTYPES
String
String

PROGS

LOCAL_COUNT: 7
GLOBAL_COUNT: 7

BASE_AFTER:
(str "")
BASETYPE: String
SIZE WORK_LIST: 11
SIZE generated: 2
EVALUABLE#: 0

-------------------------

----------------
TTYPES
%bot

PROGS

LOCAL_COUNT: 8
GLOBAL_COUNT: 8

BASE_AFTER:
(filled-hole
  (begin
    (send
      (hole 0 {:hash_depth=>0, :limit_depth=>true, :recv=>true}) :-
      (hole 0 {:hash_depth=>0, :method_arg=>true})))
  (begin
    (send
      (hole 0 {:hash_depth=>0, :limit_depth=>true, :recv=>true}) :count))
  (begin
    (send
      (hole 0 {:hash_depth=>0, :limit_depth=>true, :recv=>true}) :-
      (hole 0 {:hash_depth=>0, :method_arg=>true})))
  (hole 2 {:hash_depth=>0, :method_arg=>false, :variance=>:-}) {:method_arg=>false})
BASETYPE: %bot
SIZE WORK_LIST: 12
SIZE generated: 1
EVALUABLE#: 0

-------------------------

----------------
TTYPES
true or false
true or false
true or false
true or false

PROGS

LOCAL_COUNT: 9
GLOBAL_COUNT: 9

BASE_AFTER:
(begin
  (send
    (hole 0 {:hash_depth=>0, :limit_depth=>true, :recv=>true}) :count=
    (hole 0 {:hash_depth=>0, :method_arg=>true}))
  (true))
BASETYPE: true or false
SIZE WORK_LIST: 12
SIZE generated: 4
EVALUABLE#: 3

-------------------------

----------------
TTYPES
true or false

PROGS

LOCAL_COUNT: 10
GLOBAL_COUNT: 10

BASE_AFTER:
(begin
  (send
    (hole 0 {:hash_depth=>0, :limit_depth=>true, :recv=>true}) :diaspora_user=
    (hole 0 {:hash_depth=>0, :method_arg=>true}))
  (true))
BASETYPE: true or false
SIZE WORK_LIST: 14
SIZE generated: 1
EVALUABLE#: 0

-------------------------

----------------
TTYPES
true or false
true or false
true or false
true or false

PROGS

LOCAL_COUNT: 11
GLOBAL_COUNT: 11

BASE_AFTER:
(begin
  (send
    (hole 0 {:hash_depth=>0, :limit_depth=>true, :recv=>true}) :count=
    (hole 0 {:hash_depth=>0, :method_arg=>true}))
  (false))
BASETYPE: true or false
SIZE WORK_LIST: 14
SIZE generated: 4
EVALUABLE#: 3

-------------------------

----------------
TTYPES
true or false

PROGS

LOCAL_COUNT: 12
GLOBAL_COUNT: 12

BASE_AFTER:
(begin
  (send
    (hole 0 {:hash_depth=>0, :limit_depth=>true, :recv=>true}) :diaspora_user=
    (hole 0 {:hash_depth=>0, :method_arg=>true}))
  (false))
BASETYPE: true or false
SIZE WORK_LIST: 16
SIZE generated: 1
EVALUABLE#: 0

-------------------------

----------------
TTYPES
Integer
Integer
Integer
Integer
Integer

PROGS

LOCAL_COUNT: 13
GLOBAL_COUNT: 13

BASE_AFTER:
(begin
  (send
    (hole 0 {:hash_depth=>0, :limit_depth=>true, :recv=>true}) :count=
    (hole 0 {:hash_depth=>0, :method_arg=>true}))
  (int 0))
BASETYPE: Integer
SIZE WORK_LIST: 16
SIZE generated: 5
EVALUABLE#: 4

-------------------------

----------------
TTYPES
Integer

PROGS

LOCAL_COUNT: 14
GLOBAL_COUNT: 14

BASE_AFTER:
(begin
  (send
    (hole 0 {:hash_depth=>0, :limit_depth=>true, :recv=>true}) :diaspora_user=
    (hole 0 {:hash_depth=>0, :method_arg=>true}))
  (int 0))
BASETYPE: Integer
SIZE WORK_LIST: 19
SIZE generated: 1
EVALUABLE#: 0

-------------------------

----------------
TTYPES
Integer
Integer
Integer
Integer
Integer

PROGS

LOCAL_COUNT: 15
GLOBAL_COUNT: 15

BASE_AFTER:
(begin
  (send
    (hole 0 {:hash_depth=>0, :limit_depth=>true, :recv=>true}) :count=
    (hole 0 {:hash_depth=>0, :method_arg=>true}))
  (int 1))
BASETYPE: Integer
SIZE WORK_LIST: 19
SIZE generated: 5
EVALUABLE#: 4

-------------------------

----------------
TTYPES
Integer

PROGS

LOCAL_COUNT: 16
GLOBAL_COUNT: 16

BASE_AFTER:
(begin
  (send
    (hole 0 {:hash_depth=>0, :limit_depth=>true, :recv=>true}) :diaspora_user=
    (hole 0 {:hash_depth=>0, :method_arg=>true}))
  (int 1))
BASETYPE: Integer
SIZE WORK_LIST: 22
SIZE generated: 1
EVALUABLE#: 0

-------------------------

----------------
TTYPES
Integer
Integer
Integer
Integer
Integer

PROGS

LOCAL_COUNT: 17
GLOBAL_COUNT: 17

BASE_AFTER:
(begin
  (send
    (hole 0 {:hash_depth=>0, :limit_depth=>true, :recv=>true}) :count=
    (hole 0 {:hash_depth=>0, :method_arg=>true}))
  (int 2))
BASETYPE: Integer
SIZE WORK_LIST: 22
SIZE generated: 5
EVALUABLE#: 4

-------------------------

----------------
TTYPES
Integer

PROGS

LOCAL_COUNT: 18
GLOBAL_COUNT: 18

BASE_AFTER:
(begin
  (send
    (hole 0 {:hash_depth=>0, :limit_depth=>true, :recv=>true}) :diaspora_user=
    (hole 0 {:hash_depth=>0, :method_arg=>true}))
  (int 2))
BASETYPE: Integer
SIZE WORK_LIST: 24
SIZE generated: 1
EVALUABLE#: 0

-------------------------

----------------
TTYPES
String
String
String
String

PROGS

LOCAL_COUNT: 19
GLOBAL_COUNT: 19

BASE_AFTER:
(begin
  (send
    (hole 0 {:hash_depth=>0, :limit_depth=>true, :recv=>true}) :count=
    (hole 0 {:hash_depth=>0, :method_arg=>true}))
  (str ""))
BASETYPE: String
SIZE WORK_LIST: 24
SIZE generated: 4
EVALUABLE#: 3

-------------------------

----------------
TTYPES
String

PROGS

LOCAL_COUNT: 20
GLOBAL_COUNT: 20

BASE_AFTER:
(begin
  (send
    (hole 0 {:hash_depth=>0, :limit_depth=>true, :recv=>true}) :diaspora_user=
    (hole 0 {:hash_depth=>0, :method_arg=>true}))
  (str ""))
BASETYPE: String
SIZE WORK_LIST: 26
SIZE generated: 1
EVALUABLE#: 0

-------------------------

----------------
TTYPES
true or false
true or false

PROGS

LOCAL_COUNT: 21
GLOBAL_COUNT: 21

BASE_AFTER:
(begin
  (send
    (lvar :arg0) :count=
    (int 0))
  (true))
BASETYPE: true or false
SIZE WORK_LIST: 26
SIZE generated: 2
EVALUABLE#: 0

-------------------------

----------------
TTYPES
true or false
true or false

PROGS

LOCAL_COUNT: 22
GLOBAL_COUNT: 22

BASE_AFTER:
(begin
  (send
    (lvar :arg0) :count=
    (int 1))
  (true))
BASETYPE: true or false
SIZE WORK_LIST: 27
SIZE generated: 2
EVALUABLE#: 0

-------------------------

----------------
TTYPES
true or false
true or false

PROGS

LOCAL_COUNT: 23
GLOBAL_COUNT: 23

BASE_AFTER:
(begin
  (send
    (lvar :arg0) :count=
    (int 0))
  (false))
BASETYPE: true or false
SIZE WORK_LIST: 28
SIZE generated: 2
EVALUABLE#: 0

-------------------------

----------------
TTYPES
true or false
true or false

PROGS

LOCAL_COUNT: 24
GLOBAL_COUNT: 24

BASE_AFTER:
(begin
  (send
    (lvar :arg0) :count=
    (int 1))
  (false))
BASETYPE: true or false
SIZE WORK_LIST: 29
SIZE generated: 2
EVALUABLE#: 0

-------------------------

----------------
TTYPES
Integer
Integer

PROGS

LOCAL_COUNT: 25
GLOBAL_COUNT: 25

BASE_AFTER:
(begin
  (send
    (lvar :arg0) :count=
    (int 0))
  (int 0))
BASETYPE: Integer
SIZE WORK_LIST: 30
SIZE generated: 2
EVALUABLE#: 0

-------------------------

----------------
TTYPES
Integer
Integer

PROGS

LOCAL_COUNT: 26
GLOBAL_COUNT: 26

BASE_AFTER:
(begin
  (send
    (lvar :arg0) :count=
    (int 1))
  (int 0))
BASETYPE: Integer
SIZE WORK_LIST: 31
SIZE generated: 2
EVALUABLE#: 0

-------------------------

----------------
TTYPES
Integer
Integer

PROGS

LOCAL_COUNT: 27
GLOBAL_COUNT: 27

BASE_AFTER:
(begin
  (lvasgn :t0
    (int 0))
  (send
    (lvar :arg0) :count=
    (lvar :t0))
  (lvar :t0))
BASETYPE: Integer
SIZE WORK_LIST: 32
SIZE generated: 2
EVALUABLE#: 0

-------------------------

----------------
TTYPES
Integer
Integer

PROGS

LOCAL_COUNT: 28
GLOBAL_COUNT: 28

BASE_AFTER:
(begin
  (send
    (lvar :arg0) :count=
    (int 0))
  (int 1))
BASETYPE: Integer
SIZE WORK_LIST: 33
SIZE generated: 2
EVALUABLE#: 0

-------------------------

----------------
TTYPES
Integer
Integer

PROGS

LOCAL_COUNT: 29
GLOBAL_COUNT: 29

BASE_AFTER:
(begin
  (send
    (lvar :arg0) :count=
    (int 1))
  (int 1))
BASETYPE: Integer
SIZE WORK_LIST: 34
SIZE generated: 2
EVALUABLE#: 0

-------------------------

----------------
TTYPES
Integer
Integer

PROGS

LOCAL_COUNT: 30
GLOBAL_COUNT: 30

BASE_AFTER:
(begin
  (lvasgn :t0
    (int 1))
  (send
    (lvar :arg0) :count=
    (lvar :t0))
  (lvar :t0))
BASETYPE: Integer
SIZE WORK_LIST: 35
SIZE generated: 2
EVALUABLE#: 0

-------------------------

----------------
TTYPES
Integer
Integer

PROGS

LOCAL_COUNT: 31
GLOBAL_COUNT: 31

BASE_AFTER:
(begin
  (send
    (lvar :arg0) :count=
    (int 0))
  (int 2))
BASETYPE: Integer
SIZE WORK_LIST: 36
SIZE generated: 2
EVALUABLE#: 0

-------------------------

----------------
TTYPES
Integer
Integer

PROGS

LOCAL_COUNT: 32
GLOBAL_COUNT: 32

BASE_AFTER:
(begin
  (send
    (lvar :arg0) :count=
    (int 1))
  (int 2))
BASETYPE: Integer
SIZE WORK_LIST: 37
SIZE generated: 2
EVALUABLE#: 0

-------------------------

----------------
TTYPES
String
String

PROGS

LOCAL_COUNT: 33
GLOBAL_COUNT: 33

BASE_AFTER:
(begin
  (send
    (lvar :arg0) :count=
    (int 0))
  (str ""))
BASETYPE: String
SIZE WORK_LIST: 38
SIZE generated: 2
EVALUABLE#: 0

-------------------------

----------------
TTYPES
String
String

PROGS

LOCAL_COUNT: 34
GLOBAL_COUNT: 34

BASE_AFTER:
(begin
  (send
    (lvar :arg0) :count=
    (int 1))
  (str ""))
BASETYPE: String
SIZE WORK_LIST: 39
SIZE generated: 2
EVALUABLE#: 0

-------------------------

----------------
TTYPES
Integer
Integer
Integer
Integer
Integer
Integer
Integer
Integer
%bot

PROGS

LOCAL_COUNT: 35
GLOBAL_COUNT: 35

BASE_AFTER:
(filled-hole
  (begin
    (send
      (send
        (hole 0 {:hash_depth=>0, :limit_depth=>true, :recv=>true}) :id=
        (hole 0 {:hash_depth=>0, :method_arg=>true})) :-
      (hole 0 {:hash_depth=>0, :method_arg=>true})))
  (begin
    (send
      (send
        (hole 0 {:hash_depth=>0, :limit_depth=>true, :recv=>true}) :id=
        (hole 0 {:hash_depth=>0, :method_arg=>true})) :-
      (hole 0 {:hash_depth=>0, :method_arg=>true})))
  (begin
    (send
      (send
        (hole 0 {:hash_depth=>0, :limit_depth=>true, :recv=>true}) :id=
        (hole 0 {:hash_depth=>0, :method_arg=>true})) :count))
  (begin
    (send
      (send
        (hole 0 {:hash_depth=>0, :limit_depth=>true, :recv=>true}) :id) :-
      (hole 0 {:hash_depth=>0, :method_arg=>true})))
  (begin
    (send
      (send
        (hole 0 {:hash_depth=>0, :limit_depth=>true, :recv=>true}) :id) :-
      (hole 0 {:hash_depth=>0, :method_arg=>true})))
  (begin
    (send
      (send
        (hole 0 {:hash_depth=>0, :limit_depth=>true, :recv=>true}) :id) :count))
  (begin
    (send
      (send
        (hole 0 {:hash_depth=>0, :limit_depth=>true, :recv=>true}) :token=
        (hole 0 {:hash_depth=>0, :method_arg=>true})) :count))
  (begin
    (send
      (send
        (hole 0 {:hash_depth=>0, :limit_depth=>true, :recv=>true}) :token=
        (hole 0 {:hash_depth=>0, :method_arg=>true})) :-
      (hole 0 {:hash_depth=>0, :method_arg=>true})))
  (begin
    (send
      (send
        (hole 0 {:hash_depth=>0, :limit_depth=>true, :recv=>true}) :token) :count))
  (begin
    (send
      (send
        (hole 0 {:hash_depth=>0, :limit_depth=>true, :recv=>true}) :token) :-
      (hole 0 {:hash_depth=>0, :method_arg=>true})))
  (begin
    (send
      (send
        (hole 0 {:hash_depth=>0, :limit_depth=>true, :recv=>true}) :diaspora_user_id=
        (hole 0 {:hash_depth=>0, :method_arg=>true})) :-
      (hole 0 {:hash_depth=>0, :method_arg=>true})))
  (begin
    (send
      (send
        (hole 0 {:hash_depth=>0, :limit_depth=>true, :recv=>true}) :diaspora_user_id=
        (hole 0 {:hash_depth=>0, :method_arg=>true})) :-
      (hole 0 {:hash_depth=>0, :method_arg=>true})))
  (begin
    (send
      (send
        (hole 0 {:hash_depth=>0, :limit_depth=>true, :recv=>true}) :diaspora_user_id=
        (hole 0 {:hash_depth=>0, :method_arg=>true})) :count))
  (begin
    (send
      (send
        (hole 0 {:hash_depth=>0, :limit_depth=>true, :recv=>true}) :diaspora_user_id) :-
      (hole 0 {:hash_depth=>0, :method_arg=>true})))
  (begin
    (send
      (send
        (hole 0 {:hash_depth=>0, :limit_depth=>true, :recv=>true}) :diaspora_user_id) :-
      (hole 0 {:hash_depth=>0, :method_arg=>true})))
  (begin
    (send
      (send
        (hole 0 {:hash_depth=>0, :limit_depth=>true, :recv=>true}) :diaspora_user_id) :count))
  (begin
    (send
      (send
        (hole 0 {:hash_depth=>0, :limit_depth=>true, :recv=>true}) :count=
        (hole 0 {:hash_depth=>0, :method_arg=>true})) :-
      (hole 0 {:hash_depth=>0, :method_arg=>true})))
  (begin
    (send
      (send
        (hole 0 {:hash_depth=>0, :limit_depth=>true, :recv=>true}) :count=
        (hole 0 {:hash_depth=>0, :method_arg=>true})) :-
      (hole 0 {:hash_depth=>0, :method_arg=>true})))
  (begin
    (send
      (send
        (hole 0 {:hash_depth=>0, :limit_depth=>true, :recv=>true}) :count=
        (hole 0 {:hash_depth=>0, :method_arg=>true})) :count))
  (begin
    (send
      (begin
        (send
          (hole 0 {:hash_depth=>0, :limit_depth=>true, :recv=>true}) :count)) :-
      (hole 0 {:hash_depth=>0, :method_arg=>true})))
  (begin
    (send
      (begin
        (send
          (hole 0 {:hash_depth=>0, :limit_depth=>true, :recv=>true}) :count)) :-
      (hole 0 {:hash_depth=>0, :method_arg=>true})))
  (begin
    (send
      (begin
        (send
          (hole 0 {:hash_depth=>0, :limit_depth=>true, :recv=>true}) :count)) :count))
  (begin
    (send
      (send
        (hole 0 {:hash_depth=>0, :limit_depth=>true, :recv=>true}) :diaspora_user) :count))
  (begin
    (send
      (send
        (hole 0 {:hash_depth=>0, :limit_depth=>true, :recv=>true}) :diaspora_user) :-
      (hole 0 {:hash_depth=>0, :method_arg=>true})))
  (begin
    (send
      (send
        (hole 0 {:hash_depth=>0, :limit_depth=>true, :recv=>true}) :diaspora_user=
        (hole 0 {:hash_depth=>0, :method_arg=>true})) :count))
  (begin
    (send
      (send
        (hole 0 {:hash_depth=>0, :limit_depth=>true, :recv=>true}) :diaspora_user=
        (hole 0 {:hash_depth=>0, :method_arg=>true})) :-
      (hole 0 {:hash_depth=>0, :method_arg=>true})))
  (begin
    (send
      (begin
        (send
          (hole 0 {:hash_depth=>0, :limit_depth=>true, :recv=>true}) :-
          (hole 0 {:hash_depth=>0, :method_arg=>true}))) :-
      (hole 0 {:hash_depth=>0, :method_arg=>true})))
  (begin
    (send
      (begin
        (send
          (hole 0 {:hash_depth=>0, :limit_depth=>true, :recv=>true}) :-
          (hole 0 {:hash_depth=>0, :method_arg=>true}))) :-
      (hole 0 {:hash_depth=>0, :method_arg=>true})))
  (begin
    (send
      (begin
        (send
          (hole 0 {:hash_depth=>0, :limit_depth=>true, :recv=>true}) :count)) :-
      (hole 0 {:hash_depth=>0, :method_arg=>true})))
  (begin
    (send
      (begin
        (send
          (hole 0 {:hash_depth=>0, :limit_depth=>true, :recv=>true}) :count)) :-
      (hole 0 {:hash_depth=>0, :method_arg=>true})))
  (begin
    (send
      (begin
        (send
          (hole 0 {:hash_depth=>0, :limit_depth=>true, :recv=>true}) :-
          (hole 0 {:hash_depth=>0, :method_arg=>true}))) :-
      (hole 0 {:hash_depth=>0, :method_arg=>true})))
  (begin
    (send
      (begin
        (send
          (hole 0 {:hash_depth=>0, :limit_depth=>true, :recv=>true}) :-
          (hole 0 {:hash_depth=>0, :method_arg=>true}))) :-
      (hole 0 {:hash_depth=>0, :method_arg=>true})))
  (hole 3 {:hash_depth=>0, :method_arg=>false, :variance=>:-}) {:method_arg=>false})
BASETYPE: %bot
SIZE WORK_LIST: 40
SIZE generated: 9
EVALUABLE#: 0

-------------------------

----------------
TTYPES
Integer
Integer
Integer
Integer
Integer
Integer
Integer
Integer
Integer
Integer
Integer
Integer
Integer
Integer
Integer
Integer
Integer
Integer
Integer
Integer
Integer
Integer
Integer
Integer
Integer
Integer
Integer
Integer
Integer
Integer
Integer
Integer
Integer
Integer
Integer
Integer

PROGS

LOCAL_COUNT: 36
GLOBAL_COUNT: 36

BASE_AFTER:
(begin
  (send
    (begin
      (send
        (filled-hole
          (lvar InvitationCode(id: integer, token: string, diaspora_user_id: integer, count: integer)) {:method_arg=>false}) :-
        (filled-hole
          (lvar :arg0)
          (lvar InvitationCode(id: integer, token: string, diaspora_user_id: integer, count: integer))
          (true)
          (false)
          (int 0)
          (int 1)
          (int 2)
          (str "")
          (hole 1 {:hash_depth=>0, :method_arg=>true, :variance=>:+}) {:method_arg=>true}))) :-
    (filled-hole
      (int 0)
      (int 1)
      (int 2)
      (hole 1 {:hash_depth=>0, :method_arg=>true, :variance=>:+}) {:method_arg=>true})))
BASETYPE: Integer
SIZE WORK_LIST: 48
SIZE generated: 36
EVALUABLE#: 24

-------------------------

----------------
TTYPES
Integer
Integer
Integer
Integer

PROGS

LOCAL_COUNT: 37
GLOBAL_COUNT: 37

BASE_AFTER:
(begin
  (send
    (begin
      (send
        (filled-hole
          (lvar InvitationCode(id: integer, token: string, diaspora_user_id: integer, count: integer)) {:method_arg=>false}) :count)) :-
    (filled-hole
      (int 0)
      (int 1)
      (int 2)
      (hole 1 {:hash_depth=>0, :method_arg=>true, :variance=>:+}) {:method_arg=>true})))
BASETYPE: Integer
SIZE WORK_LIST: 59
SIZE generated: 4
EVALUABLE#: 3

-------------------------

----------------
TTYPES
true or false
true or false
true or false
true or false
true or false
true or false
true or false
true or false
true or false
true or false
true or false

PROGS

LOCAL_COUNT: 38
GLOBAL_COUNT: 38

BASE_AFTER:
(begin
  (send
    (lvar :arg0) :count=
    (hole 1 {:hash_depth=>0, :method_arg=>true, :variance=>:+}))
  (true))
BASETYPE: true or false
SIZE WORK_LIST: 62
SIZE generated: 11
EVALUABLE#: 0

-------------------------

----------------
TTYPES
Integer
Integer

PROGS

LOCAL_COUNT: 39
GLOBAL_COUNT: 39

BASE_AFTER:
(begin
  (send
    (begin
      (send
        (lvar InvitationCode(id: integer, token: string, diaspora_user_id: integer, count: integer)) :count)) :-
    (int 0)))
BASETYPE: Integer
SIZE WORK_LIST: 72
SIZE generated: 2
EVALUABLE#: 0

-------------------------

----------------
TTYPES
Integer
Integer

PROGS

LOCAL_COUNT: 40
GLOBAL_COUNT: 40

BASE_AFTER:
(begin
  (send
    (begin
      (send
        (lvar InvitationCode(id: integer, token: string, diaspora_user_id: integer, count: integer)) :count)) :-
    (int 1)))
BASETYPE: Integer
SIZE WORK_LIST: 73
SIZE generated: 2
EVALUABLE#: 0

-------------------------

----------------
TTYPES
Integer
Integer

PROGS

LOCAL_COUNT: 41
GLOBAL_COUNT: 41

BASE_AFTER:
(begin
  (send
    (begin
      (send
        (lvar InvitationCode(id: integer, token: string, diaspora_user_id: integer, count: integer)) :count)) :-
    (int 2)))
BASETYPE: Integer
SIZE WORK_LIST: 74
SIZE generated: 2
EVALUABLE#: 0

-------------------------

----------------
TTYPES
true or false
true or false
true or false
true or false
true or false
true or false
true or false
true or false
true or false
true or false

PROGS

LOCAL_COUNT: 42
GLOBAL_COUNT: 42

BASE_AFTER:
(begin
  (send
    (lvar :arg0) :count=
    (begin
      (send
        (hole 0 {:hash_depth=>0, :limit_depth=>true, :recv=>true}) :-
        (hole 0 {:hash_depth=>0, :method_arg=>true}))))
  (true))
BASETYPE: true or false
SIZE WORK_LIST: 75
SIZE generated: 10
EVALUABLE#: 9

-------------------------

----------------
TTYPES
true or false

PROGS

LOCAL_COUNT: 43
GLOBAL_COUNT: 43

BASE_AFTER:
(begin
  (send
    (lvar :arg0) :count=
    (begin
      (send
        (hole 0 {:hash_depth=>0, :limit_depth=>true, :recv=>true}) :count)))
  (true))
BASETYPE: true or false
SIZE WORK_LIST: 75
SIZE generated: 1
EVALUABLE#: 1

-------------------------

----------------
TTYPES
true or false
true or false
true or false
true or false
true or false
true or false

PROGS

LOCAL_COUNT: 44
GLOBAL_COUNT: 44

BASE_AFTER:
(begin
  (send
    (lvar :arg0) :diaspora_user=
    (hole 1 {:hash_depth=>0, :method_arg=>true, :variance=>:+}))
  (true))
BASETYPE: true or false
SIZE WORK_LIST: 75
SIZE generated: 6
EVALUABLE#: 0

-------------------------

----------------
TTYPES
true or false
true or false

PROGS

LOCAL_COUNT: 45
GLOBAL_COUNT: 45

BASE_AFTER:
(begin
  (send
    (lvar :arg0) :count=
    (begin
      (send
        (lvar InvitationCode(id: integer, token: string, diaspora_user_id: integer, count: integer)) :count)))
  (true))
BASETYPE: true or false
SIZE WORK_LIST: 80
SIZE generated: 2
EVALUABLE#: 0

-------------------------

----------------
TTYPES
true or false

PROGS

LOCAL_COUNT: 46
GLOBAL_COUNT: 46

BASE_AFTER:
(begin
  (send
    (lvar :arg0) :diaspora_user=
    (begin
      (send
        (hole 0 {:hash_depth=>0, :limit_depth=>true, :recv=>true}) :count)))
  (true))
BASETYPE: true or false
SIZE WORK_LIST: 81
SIZE generated: 1
EVALUABLE#: 1

-------------------------

----------------
TTYPES
true or false
true or false
true or false
true or false
true or false
true or false
true or false
true or false
true or false
true or false
true or false

PROGS

LOCAL_COUNT: 47
GLOBAL_COUNT: 47

BASE_AFTER:
(begin
  (send
    (lvar :arg0) :count=
    (hole 1 {:hash_depth=>0, :method_arg=>true, :variance=>:+}))
  (false))
BASETYPE: true or false
SIZE WORK_LIST: 80
SIZE generated: 11
EVALUABLE#: 0

-------------------------

----------------
TTYPES
true or false

PROGS

LOCAL_COUNT: 48
GLOBAL_COUNT: 48

BASE_AFTER:
(begin
  (send
    (lvar :arg0) :count=
    (begin
      (send
        (hole 0 {:hash_depth=>0, :limit_depth=>true, :recv=>true}) :count)))
  (false))
BASETYPE: true or false
SIZE WORK_LIST: 90
SIZE generated: 1
EVALUABLE#: 1

-------------------------

----------------
TTYPES
true or false
true or false
true or false
true or false
true or false
true or false

PROGS

LOCAL_COUNT: 49
GLOBAL_COUNT: 49

BASE_AFTER:
(begin
  (send
    (lvar :arg0) :diaspora_user=
    (hole 1 {:hash_depth=>0, :method_arg=>true, :variance=>:+}))
  (false))
BASETYPE: true or false
SIZE WORK_LIST: 90
SIZE generated: 6
EVALUABLE#: 0

-------------------------

----------------
TTYPES
true or false
true or false

PROGS

LOCAL_COUNT: 50
GLOBAL_COUNT: 50

BASE_AFTER:
(begin
  (send
    (lvar :arg0) :count=
    (begin
      (send
        (lvar InvitationCode(id: integer, token: string, diaspora_user_id: integer, count: integer)) :count)))
  (false))
BASETYPE: true or false
SIZE WORK_LIST: 95
SIZE generated: 2
EVALUABLE#: 0

-------------------------

----------------
TTYPES
true or false

PROGS

LOCAL_COUNT: 51
GLOBAL_COUNT: 51

BASE_AFTER:
(begin
  (send
    (lvar :arg0) :diaspora_user=
    (begin
      (send
        (hole 0 {:hash_depth=>0, :limit_depth=>true, :recv=>true}) :count)))
  (false))
BASETYPE: true or false
SIZE WORK_LIST: 96
SIZE generated: 1
EVALUABLE#: 1

-------------------------

----------------
TTYPES
Integer
Integer
Integer
Integer
Integer
Integer
Integer
Integer
Integer
Integer
Integer

PROGS

LOCAL_COUNT: 52
GLOBAL_COUNT: 52

BASE_AFTER:
(begin
  (send
    (lvar :arg0) :count=
    (hole 1 {:hash_depth=>0, :method_arg=>true, :variance=>:+}))
  (int 0))
BASETYPE: Integer
SIZE WORK_LIST: 95
SIZE generated: 11
EVALUABLE#: 0

-------------------------

----------------
TTYPES
Integer

PROGS

LOCAL_COUNT: 53
GLOBAL_COUNT: 53

BASE_AFTER:
(begin
  (send
    (lvar :arg0) :count=
    (begin
      (send
        (hole 0 {:hash_depth=>0, :limit_depth=>true, :recv=>true}) :count)))
  (int 0))
BASETYPE: Integer
SIZE WORK_LIST: 105
SIZE generated: 1
EVALUABLE#: 1

-------------------------

----------------
TTYPES
Integer
Integer
Integer
Integer
Integer
Integer

PROGS

LOCAL_COUNT: 54
GLOBAL_COUNT: 54

BASE_AFTER:
(begin
  (send
    (lvar :arg0) :diaspora_user=
    (hole 1 {:hash_depth=>0, :method_arg=>true, :variance=>:+}))
  (int 0))
BASETYPE: Integer
SIZE WORK_LIST: 105
SIZE generated: 6
EVALUABLE#: 0

-------------------------

----------------
TTYPES
Integer
Integer

PROGS

LOCAL_COUNT: 55
GLOBAL_COUNT: 55

BASE_AFTER:
(begin
  (send
    (lvar :arg0) :count=
    (begin
      (send
        (lvar InvitationCode(id: integer, token: string, diaspora_user_id: integer, count: integer)) :count)))
  (int 0))
BASETYPE: Integer
SIZE WORK_LIST: 110
SIZE generated: 2
EVALUABLE#: 0

-------------------------

----------------
TTYPES
Integer

PROGS

LOCAL_COUNT: 56
GLOBAL_COUNT: 56

BASE_AFTER:
(begin
  (send
    (lvar :arg0) :diaspora_user=
    (begin
      (send
        (hole 0 {:hash_depth=>0, :limit_depth=>true, :recv=>true}) :count)))
  (int 0))
BASETYPE: Integer
SIZE WORK_LIST: 111
SIZE generated: 1
EVALUABLE#: 1

-------------------------

----------------
TTYPES
Integer
Integer
Integer
Integer
Integer
Integer
Integer
Integer
Integer
Integer
Integer

PROGS

LOCAL_COUNT: 57
GLOBAL_COUNT: 57

BASE_AFTER:
(begin
  (send
    (lvar :arg0) :count=
    (hole 1 {:hash_depth=>0, :method_arg=>true, :variance=>:+}))
  (int 1))
BASETYPE: Integer
SIZE WORK_LIST: 110
SIZE generated: 11
EVALUABLE#: 0

-------------------------

----------------
TTYPES
Integer

PROGS

LOCAL_COUNT: 58
GLOBAL_COUNT: 58

BASE_AFTER:
(begin
  (send
    (lvar :arg0) :count=
    (begin
      (send
        (hole 0 {:hash_depth=>0, :limit_depth=>true, :recv=>true}) :count)))
  (int 1))
BASETYPE: Integer
SIZE WORK_LIST: 120
SIZE generated: 1
EVALUABLE#: 1

-------------------------

----------------
TTYPES
Integer
Integer
Integer
Integer
Integer
Integer

PROGS

LOCAL_COUNT: 59
GLOBAL_COUNT: 59

BASE_AFTER:
(begin
  (send
    (lvar :arg0) :diaspora_user=
    (hole 1 {:hash_depth=>0, :method_arg=>true, :variance=>:+}))
  (int 1))
BASETYPE: Integer
SIZE WORK_LIST: 120
SIZE generated: 6
EVALUABLE#: 0

-------------------------

----------------
TTYPES
Integer
Integer

PROGS

LOCAL_COUNT: 60
GLOBAL_COUNT: 60

BASE_AFTER:
(begin
  (send
    (lvar :arg0) :count=
    (begin
      (send
        (lvar InvitationCode(id: integer, token: string, diaspora_user_id: integer, count: integer)) :count)))
  (int 1))
BASETYPE: Integer
SIZE WORK_LIST: 125
SIZE generated: 2
EVALUABLE#: 0

-------------------------

----------------
TTYPES
Integer

PROGS

LOCAL_COUNT: 61
GLOBAL_COUNT: 61

BASE_AFTER:
(begin
  (send
    (lvar :arg0) :diaspora_user=
    (begin
      (send
        (hole 0 {:hash_depth=>0, :limit_depth=>true, :recv=>true}) :count)))
  (int 1))
BASETYPE: Integer
SIZE WORK_LIST: 126
SIZE generated: 1
EVALUABLE#: 1

-------------------------

----------------
TTYPES
Integer
Integer
Integer
Integer
Integer
Integer
Integer
Integer
Integer
Integer
Integer

PROGS

LOCAL_COUNT: 62
GLOBAL_COUNT: 62

BASE_AFTER:
(begin
  (send
    (lvar :arg0) :count=
    (hole 1 {:hash_depth=>0, :method_arg=>true, :variance=>:+}))
  (int 2))
BASETYPE: Integer
SIZE WORK_LIST: 125
SIZE generated: 11
EVALUABLE#: 0

-------------------------

----------------
TTYPES
Integer

PROGS

LOCAL_COUNT: 63
GLOBAL_COUNT: 63

BASE_AFTER:
(begin
  (send
    (lvar :arg0) :count=
    (begin
      (send
        (hole 0 {:hash_depth=>0, :limit_depth=>true, :recv=>true}) :count)))
  (int 2))
BASETYPE: Integer
SIZE WORK_LIST: 135
SIZE generated: 1
EVALUABLE#: 1

-------------------------

----------------
TTYPES
Integer
Integer
Integer
Integer
Integer
Integer

PROGS

LOCAL_COUNT: 64
GLOBAL_COUNT: 64

BASE_AFTER:
(begin
  (send
    (lvar :arg0) :diaspora_user=
    (hole 1 {:hash_depth=>0, :method_arg=>true, :variance=>:+}))
  (int 2))
BASETYPE: Integer
SIZE WORK_LIST: 135
SIZE generated: 6
EVALUABLE#: 0

-------------------------

----------------
TTYPES
Integer
Integer

PROGS

LOCAL_COUNT: 65
GLOBAL_COUNT: 65

BASE_AFTER:
(begin
  (send
    (lvar :arg0) :count=
    (begin
      (send
        (lvar InvitationCode(id: integer, token: string, diaspora_user_id: integer, count: integer)) :count)))
  (int 2))
BASETYPE: Integer
SIZE WORK_LIST: 140
SIZE generated: 2
EVALUABLE#: 0

-------------------------

----------------
TTYPES
Integer

PROGS

LOCAL_COUNT: 66
GLOBAL_COUNT: 66

BASE_AFTER:
(begin
  (send
    (lvar :arg0) :diaspora_user=
    (begin
      (send
        (hole 0 {:hash_depth=>0, :limit_depth=>true, :recv=>true}) :count)))
  (int 2))
BASETYPE: Integer
SIZE WORK_LIST: 141
SIZE generated: 1
EVALUABLE#: 1

-------------------------

----------------
TTYPES
String
String
String
String
String
String
String
String
String
String
String

PROGS

LOCAL_COUNT: 67
GLOBAL_COUNT: 67

BASE_AFTER:
(begin
  (send
    (lvar :arg0) :count=
    (hole 1 {:hash_depth=>0, :method_arg=>true, :variance=>:+}))
  (str ""))
BASETYPE: String
SIZE WORK_LIST: 140
SIZE generated: 11
EVALUABLE#: 0

-------------------------

----------------
TTYPES
String

PROGS

LOCAL_COUNT: 68
GLOBAL_COUNT: 68

BASE_AFTER:
(begin
  (send
    (lvar :arg0) :count=
    (begin
      (send
        (hole 0 {:hash_depth=>0, :limit_depth=>true, :recv=>true}) :count)))
  (str ""))
BASETYPE: String
SIZE WORK_LIST: 150
SIZE generated: 1
EVALUABLE#: 1

-------------------------

----------------
TTYPES
String
String
String
String
String
String

PROGS

LOCAL_COUNT: 69
GLOBAL_COUNT: 69

BASE_AFTER:
(begin
  (send
    (lvar :arg0) :diaspora_user=
    (hole 1 {:hash_depth=>0, :method_arg=>true, :variance=>:+}))
  (str ""))
BASETYPE: String
SIZE WORK_LIST: 150
SIZE generated: 6
EVALUABLE#: 0

-------------------------

----------------
TTYPES
String
String

PROGS

LOCAL_COUNT: 70
GLOBAL_COUNT: 70

BASE_AFTER:
(begin
  (send
    (lvar :arg0) :count=
    (begin
      (send
        (lvar InvitationCode(id: integer, token: string, diaspora_user_id: integer, count: integer)) :count)))
  (str ""))
BASETYPE: String
SIZE WORK_LIST: 155
SIZE generated: 2
EVALUABLE#: 0

-------------------------

----------------
TTYPES
String

PROGS

LOCAL_COUNT: 71
GLOBAL_COUNT: 71

BASE_AFTER:
(begin
  (send
    (lvar :arg0) :diaspora_user=
    (begin
      (send
        (hole 0 {:hash_depth=>0, :limit_depth=>true, :recv=>true}) :count)))
  (str ""))
BASETYPE: String
SIZE WORK_LIST: 156
SIZE generated: 1
EVALUABLE#: 1

-------------------------

----------------
TTYPES
true or false
true or false
true or false
true or false

PROGS

LOCAL_COUNT: 72
GLOBAL_COUNT: 72

BASE_AFTER:
(begin
  (send
    (lvar :arg0) :count=
    (int 0))
  (send
    (hole 0 {:hash_depth=>0, :limit_depth=>true, :recv=>true}) :count=
    (hole 0 {:hash_depth=>0, :method_arg=>true}))
  (true))
BASETYPE: true or false
SIZE WORK_LIST: 155
SIZE generated: 4
EVALUABLE#: 3

-------------------------

----------------
TTYPES
true or false

PROGS

LOCAL_COUNT: 73
GLOBAL_COUNT: 73

BASE_AFTER:
(begin
  (send
    (lvar :arg0) :count=
    (int 0))
  (send
    (hole 0 {:hash_depth=>0, :limit_depth=>true, :recv=>true}) :diaspora_user=
    (hole 0 {:hash_depth=>0, :method_arg=>true}))
  (true))
BASETYPE: true or false
SIZE WORK_LIST: 157
SIZE generated: 1
EVALUABLE#: 0

-------------------------

----------------
TTYPES
true or false
true or false
true or false
true or false

PROGS

LOCAL_COUNT: 74
GLOBAL_COUNT: 74

BASE_AFTER:
(begin
  (send
    (lvar :arg0) :count=
    (int 1))
  (send
    (hole 0 {:hash_depth=>0, :limit_depth=>true, :recv=>true}) :count=
    (hole 0 {:hash_depth=>0, :method_arg=>true}))
  (true))
BASETYPE: true or false
SIZE WORK_LIST: 157
SIZE generated: 4
EVALUABLE#: 3

-------------------------

----------------
TTYPES
true or false

PROGS

LOCAL_COUNT: 75
GLOBAL_COUNT: 75

BASE_AFTER:
(begin
  (send
    (lvar :arg0) :count=
    (int 1))
  (send
    (hole 0 {:hash_depth=>0, :limit_depth=>true, :recv=>true}) :diaspora_user=
    (hole 0 {:hash_depth=>0, :method_arg=>true}))
  (true))
BASETYPE: true or false
SIZE WORK_LIST: 159
SIZE generated: 1
EVALUABLE#: 0

-------------------------

----------------
TTYPES
true or false
true or false
true or false
true or false

PROGS

LOCAL_COUNT: 76
GLOBAL_COUNT: 76

BASE_AFTER:
(begin
  (send
    (lvar :arg0) :count=
    (int 0))
  (send
    (hole 0 {:hash_depth=>0, :limit_depth=>true, :recv=>true}) :count=
    (hole 0 {:hash_depth=>0, :method_arg=>true}))
  (false))
BASETYPE: true or false
SIZE WORK_LIST: 159
SIZE generated: 4
EVALUABLE#: 3

-------------------------

----------------
TTYPES
true or false

PROGS

LOCAL_COUNT: 77
GLOBAL_COUNT: 77

BASE_AFTER:
(begin
  (send
    (lvar :arg0) :count=
    (int 0))
  (send
    (hole 0 {:hash_depth=>0, :limit_depth=>true, :recv=>true}) :diaspora_user=
    (hole 0 {:hash_depth=>0, :method_arg=>true}))
  (false))
BASETYPE: true or false
SIZE WORK_LIST: 161
SIZE generated: 1
EVALUABLE#: 0

-------------------------

----------------
TTYPES
true or false
true or false
true or false
true or false

PROGS

LOCAL_COUNT: 78
GLOBAL_COUNT: 78

BASE_AFTER:
(begin
  (send
    (lvar :arg0) :count=
    (int 1))
  (send
    (hole 0 {:hash_depth=>0, :limit_depth=>true, :recv=>true}) :count=
    (hole 0 {:hash_depth=>0, :method_arg=>true}))
  (false))
BASETYPE: true or false
SIZE WORK_LIST: 161
SIZE generated: 4
EVALUABLE#: 3

-------------------------

----------------
TTYPES
true or false

PROGS

LOCAL_COUNT: 79
GLOBAL_COUNT: 79

BASE_AFTER:
(begin
  (send
    (lvar :arg0) :count=
    (int 1))
  (send
    (hole 0 {:hash_depth=>0, :limit_depth=>true, :recv=>true}) :diaspora_user=
    (hole 0 {:hash_depth=>0, :method_arg=>true}))
  (false))
BASETYPE: true or false
SIZE WORK_LIST: 163
SIZE generated: 1
EVALUABLE#: 0

-------------------------

----------------
TTYPES
Integer
Integer
Integer
Integer
Integer

PROGS

LOCAL_COUNT: 80
GLOBAL_COUNT: 80

BASE_AFTER:
(begin
  (send
    (lvar :arg0) :count=
    (int 0))
  (send
    (hole 0 {:hash_depth=>0, :limit_depth=>true, :recv=>true}) :count=
    (hole 0 {:hash_depth=>0, :method_arg=>true}))
  (int 0))
BASETYPE: Integer
SIZE WORK_LIST: 163
SIZE generated: 5
EVALUABLE#: 4

-------------------------

----------------
TTYPES
Integer

PROGS

LOCAL_COUNT: 81
GLOBAL_COUNT: 81

BASE_AFTER:
(begin
  (send
    (lvar :arg0) :count=
    (int 0))
  (send
    (hole 0 {:hash_depth=>0, :limit_depth=>true, :recv=>true}) :diaspora_user=
    (hole 0 {:hash_depth=>0, :method_arg=>true}))
  (int 0))
BASETYPE: Integer
SIZE WORK_LIST: 166
SIZE generated: 1
EVALUABLE#: 0

-------------------------

----------------
TTYPES
Integer
Integer
Integer
Integer
Integer

PROGS

LOCAL_COUNT: 82
GLOBAL_COUNT: 82

BASE_AFTER:
(begin
  (send
    (lvar :arg0) :count=
    (int 1))
  (send
    (hole 0 {:hash_depth=>0, :limit_depth=>true, :recv=>true}) :count=
    (hole 0 {:hash_depth=>0, :method_arg=>true}))
  (int 0))
BASETYPE: Integer
SIZE WORK_LIST: 166
SIZE generated: 5
EVALUABLE#: 4

-------------------------

----------------
TTYPES
Integer

PROGS

LOCAL_COUNT: 83
GLOBAL_COUNT: 83

BASE_AFTER:
(begin
  (send
    (lvar :arg0) :count=
    (int 1))
  (send
    (hole 0 {:hash_depth=>0, :limit_depth=>true, :recv=>true}) :diaspora_user=
    (hole 0 {:hash_depth=>0, :method_arg=>true}))
  (int 0))
BASETYPE: Integer
SIZE WORK_LIST: 169
SIZE generated: 1
EVALUABLE#: 0

-------------------------

----------------
TTYPES
Integer
Integer
Integer
Integer
Integer

PROGS

LOCAL_COUNT: 84
GLOBAL_COUNT: 84

BASE_AFTER:
(begin
  (lvasgn :t0
    (int 0))
  (send
    (lvar :arg0) :count=
    (lvar :t0))
  (send
    (hole 0 {:hash_depth=>0, :limit_depth=>true, :recv=>true}) :count=
    (hole 0 {:hash_depth=>0, :method_arg=>true}))
  (lvar :t0))
BASETYPE: Integer
SIZE WORK_LIST: 169
SIZE generated: 5
EVALUABLE#: 4

-------------------------

----------------
TTYPES
Integer

PROGS

LOCAL_COUNT: 85
GLOBAL_COUNT: 85

BASE_AFTER:
(begin
  (lvasgn :t0
    (int 0))
  (send
    (lvar :arg0) :count=
    (lvar :t0))
  (send
    (hole 0 {:hash_depth=>0, :limit_depth=>true, :recv=>true}) :diaspora_user=
    (hole 0 {:hash_depth=>0, :method_arg=>true}))
  (lvar :t0))
BASETYPE: Integer
SIZE WORK_LIST: 172
SIZE generated: 1
EVALUABLE#: 0

-------------------------

----------------
TTYPES
Integer
Integer
Integer
Integer
Integer

PROGS

LOCAL_COUNT: 86
GLOBAL_COUNT: 86

BASE_AFTER:
(begin
  (send
    (lvar :arg0) :count=
    (int 0))
  (send
    (hole 0 {:hash_depth=>0, :limit_depth=>true, :recv=>true}) :count=
    (hole 0 {:hash_depth=>0, :method_arg=>true}))
  (int 1))
BASETYPE: Integer
SIZE WORK_LIST: 172
SIZE generated: 5
EVALUABLE#: 4

-------------------------

----------------
TTYPES
Integer

PROGS

LOCAL_COUNT: 87
GLOBAL_COUNT: 87

BASE_AFTER:
(begin
  (send
    (lvar :arg0) :count=
    (int 0))
  (send
    (hole 0 {:hash_depth=>0, :limit_depth=>true, :recv=>true}) :diaspora_user=
    (hole 0 {:hash_depth=>0, :method_arg=>true}))
  (int 1))
BASETYPE: Integer
SIZE WORK_LIST: 175
SIZE generated: 1
EVALUABLE#: 0

-------------------------

----------------
TTYPES
Integer
Integer
Integer
Integer
Integer

PROGS

LOCAL_COUNT: 88
GLOBAL_COUNT: 88

BASE_AFTER:
(begin
  (send
    (lvar :arg0) :count=
    (int 1))
  (send
    (hole 0 {:hash_depth=>0, :limit_depth=>true, :recv=>true}) :count=
    (hole 0 {:hash_depth=>0, :method_arg=>true}))
  (int 1))
BASETYPE: Integer
SIZE WORK_LIST: 175
SIZE generated: 5
EVALUABLE#: 4

-------------------------

----------------
TTYPES
Integer

PROGS

LOCAL_COUNT: 89
GLOBAL_COUNT: 89

BASE_AFTER:
(begin
  (send
    (lvar :arg0) :count=
    (int 1))
  (send
    (hole 0 {:hash_depth=>0, :limit_depth=>true, :recv=>true}) :diaspora_user=
    (hole 0 {:hash_depth=>0, :method_arg=>true}))
  (int 1))
BASETYPE: Integer
SIZE WORK_LIST: 178
SIZE generated: 1
EVALUABLE#: 0

-------------------------

----------------
TTYPES
Integer
Integer
Integer
Integer
Integer

PROGS

LOCAL_COUNT: 90
GLOBAL_COUNT: 90

BASE_AFTER:
(begin
  (lvasgn :t0
    (int 1))
  (send
    (lvar :arg0) :count=
    (lvar :t0))
  (send
    (hole 0 {:hash_depth=>0, :limit_depth=>true, :recv=>true}) :count=
    (hole 0 {:hash_depth=>0, :method_arg=>true}))
  (lvar :t0))
BASETYPE: Integer
SIZE WORK_LIST: 178
SIZE generated: 5
EVALUABLE#: 4

-------------------------

----------------
TTYPES
Integer

PROGS

LOCAL_COUNT: 91
GLOBAL_COUNT: 91

BASE_AFTER:
(begin
  (lvasgn :t0
    (int 1))
  (send
    (lvar :arg0) :count=
    (lvar :t0))
  (send
    (hole 0 {:hash_depth=>0, :limit_depth=>true, :recv=>true}) :diaspora_user=
    (hole 0 {:hash_depth=>0, :method_arg=>true}))
  (lvar :t0))
BASETYPE: Integer
SIZE WORK_LIST: 181
SIZE generated: 1
EVALUABLE#: 0

-------------------------

----------------
TTYPES
Integer
Integer
Integer
Integer
Integer

PROGS

LOCAL_COUNT: 92
GLOBAL_COUNT: 92

BASE_AFTER:
(begin
  (send
    (lvar :arg0) :count=
    (int 0))
  (send
    (hole 0 {:hash_depth=>0, :limit_depth=>true, :recv=>true}) :count=
    (hole 0 {:hash_depth=>0, :method_arg=>true}))
  (int 2))
BASETYPE: Integer
SIZE WORK_LIST: 181
SIZE generated: 5
EVALUABLE#: 4

-------------------------

----------------
TTYPES
Integer

PROGS

LOCAL_COUNT: 93
GLOBAL_COUNT: 93

BASE_AFTER:
(begin
  (send
    (lvar :arg0) :count=
    (int 0))
  (send
    (hole 0 {:hash_depth=>0, :limit_depth=>true, :recv=>true}) :diaspora_user=
    (hole 0 {:hash_depth=>0, :method_arg=>true}))
  (int 2))
BASETYPE: Integer
SIZE WORK_LIST: 183
SIZE generated: 1
EVALUABLE#: 0

-------------------------

----------------
TTYPES
Integer
Integer
Integer
Integer
Integer

PROGS

LOCAL_COUNT: 94
GLOBAL_COUNT: 94

BASE_AFTER:
(begin
  (send
    (lvar :arg0) :count=
    (int 1))
  (send
    (hole 0 {:hash_depth=>0, :limit_depth=>true, :recv=>true}) :count=
    (hole 0 {:hash_depth=>0, :method_arg=>true}))
  (int 2))
BASETYPE: Integer
SIZE WORK_LIST: 183
SIZE generated: 5
EVALUABLE#: 4

-------------------------

----------------
TTYPES
Integer

PROGS

LOCAL_COUNT: 95
GLOBAL_COUNT: 95

BASE_AFTER:
(begin
  (send
    (lvar :arg0) :count=
    (int 1))
  (send
    (hole 0 {:hash_depth=>0, :limit_depth=>true, :recv=>true}) :diaspora_user=
    (hole 0 {:hash_depth=>0, :method_arg=>true}))
  (int 2))
BASETYPE: Integer
SIZE WORK_LIST: 185
SIZE generated: 1
EVALUABLE#: 0

-------------------------

----------------
TTYPES
String
String
String
String

PROGS

LOCAL_COUNT: 96
GLOBAL_COUNT: 96

BASE_AFTER:
(begin
  (send
    (lvar :arg0) :count=
    (int 0))
  (send
    (hole 0 {:hash_depth=>0, :limit_depth=>true, :recv=>true}) :count=
    (hole 0 {:hash_depth=>0, :method_arg=>true}))
  (str ""))
BASETYPE: String
SIZE WORK_LIST: 185
SIZE generated: 4
EVALUABLE#: 3

-------------------------

----------------
TTYPES
String

PROGS

LOCAL_COUNT: 97
GLOBAL_COUNT: 97

BASE_AFTER:
(begin
  (send
    (lvar :arg0) :count=
    (int 0))
  (send
    (hole 0 {:hash_depth=>0, :limit_depth=>true, :recv=>true}) :diaspora_user=
    (hole 0 {:hash_depth=>0, :method_arg=>true}))
  (str ""))
BASETYPE: String
SIZE WORK_LIST: 187
SIZE generated: 1
EVALUABLE#: 0

-------------------------

----------------
TTYPES
String
String
String
String

PROGS

LOCAL_COUNT: 98
GLOBAL_COUNT: 98

BASE_AFTER:
(begin
  (send
    (lvar :arg0) :count=
    (int 1))
  (send
    (hole 0 {:hash_depth=>0, :limit_depth=>true, :recv=>true}) :count=
    (hole 0 {:hash_depth=>0, :method_arg=>true}))
  (str ""))
BASETYPE: String
SIZE WORK_LIST: 187
SIZE generated: 4
EVALUABLE#: 3

-------------------------

----------------
TTYPES
String

PROGS

LOCAL_COUNT: 99
GLOBAL_COUNT: 99

BASE_AFTER:
(begin
  (send
    (lvar :arg0) :count=
    (int 1))
  (send
    (hole 0 {:hash_depth=>0, :limit_depth=>true, :recv=>true}) :diaspora_user=
    (hole 0 {:hash_depth=>0, :method_arg=>true}))
  (str ""))
BASETYPE: String
SIZE WORK_LIST: 189
SIZE generated: 1
EVALUABLE#: 0

-------------------------

----------------
TTYPES
Integer
Integer
Integer
Integer
Integer
Integer
Integer
Integer
Integer
Integer
Integer
Integer
Integer
Integer
Integer
Integer

PROGS

LOCAL_COUNT: 100
GLOBAL_COUNT: 100

BASE_AFTER:
(begin
  (send
    (send
      (filled-hole
        (lvar :arg0) {:method_arg=>false}) :id=
      (filled-hole
        (int 0)
        (int 1)
        (int 2)
        (hole 1 {:hash_depth=>0, :method_arg=>true, :variance=>:+}) {:method_arg=>true})) :-
    (filled-hole
      (int 0)
      (int 1)
      (int 2)
      (hole 1 {:hash_depth=>0, :method_arg=>true, :variance=>:+}) {:method_arg=>true})))
BASETYPE: Integer
SIZE WORK_LIST: 189
SIZE generated: 16
EVALUABLE#: 9

-------------------------

----------------
TTYPES
true or false
true or false
Integer
Integer
Integer
String
%bot

PROGS

LOCAL_COUNT: 1
GLOBAL_COUNT: 101

BASE_AFTER:
(filled-hole
  (true)
  (false)
  (int 0)
  (int 1)
  (int 2)
  (str "")
  (hole 1 {:hash_depth=>0, :method_arg=>false, :variance=>:-}) {:method_arg=>false})
BASETYPE: %bot
SIZE WORK_LIST: 0
SIZE generated: 7
EVALUABLE#: 6

-------------------------

----------------
TTYPES
true or false
true or false

PROGS

LOCAL_COUNT: 2
GLOBAL_COUNT: 102

BASE_AFTER:
(true)
BASETYPE: true or false
SIZE WORK_LIST: 6
SIZE generated: 2
EVALUABLE#: 0

-------------------------

----------------
TTYPES
true or false
true or false

PROGS

LOCAL_COUNT: 3
GLOBAL_COUNT: 103

BASE_AFTER:
(false)
BASETYPE: true or false
SIZE WORK_LIST: 7
SIZE generated: 2
EVALUABLE#: 0

-------------------------

----------------
TTYPES
Integer
Integer

PROGS

LOCAL_COUNT: 4
GLOBAL_COUNT: 104

BASE_AFTER:
(int 0)
BASETYPE: Integer
SIZE WORK_LIST: 8
SIZE generated: 2
EVALUABLE#: 0

-------------------------

----------------
TTYPES
Integer
Integer

PROGS

LOCAL_COUNT: 5
GLOBAL_COUNT: 105

BASE_AFTER:
(int 1)
BASETYPE: Integer
SIZE WORK_LIST: 9
SIZE generated: 2
EVALUABLE#: 0

-------------------------

----------------
TTYPES
Integer
Integer

PROGS

LOCAL_COUNT: 6
GLOBAL_COUNT: 106

BASE_AFTER:
(int 2)
BASETYPE: Integer
SIZE WORK_LIST: 10
SIZE generated: 2
EVALUABLE#: 0

-------------------------

----------------
TTYPES
String
String

PROGS

LOCAL_COUNT: 7
GLOBAL_COUNT: 107

BASE_AFTER:
(str "")
BASETYPE: String
SIZE WORK_LIST: 11
SIZE generated: 2
EVALUABLE#: 0

-------------------------

----------------
TTYPES
%bot

PROGS

LOCAL_COUNT: 8
GLOBAL_COUNT: 108

BASE_AFTER:
(filled-hole
  (hole 2 {:hash_depth=>0, :method_arg=>false, :variance=>:-}) {:method_arg=>false})
BASETYPE: %bot
SIZE WORK_LIST: 12
SIZE generated: 1
EVALUABLE#: 0

-------------------------

----------------
TTYPES
true or false
true or false
true or false
true or false

PROGS

LOCAL_COUNT: 9
GLOBAL_COUNT: 109

BASE_AFTER:
(begin
  (send
    (hole 0 {:hash_depth=>0, :limit_depth=>true, :recv=>true}) :count=
    (hole 0 {:hash_depth=>0, :method_arg=>true}))
  (true))
BASETYPE: true or false
SIZE WORK_LIST: 12
SIZE generated: 4
EVALUABLE#: 3

-------------------------

----------------
TTYPES
true or false

PROGS

LOCAL_COUNT: 1
GLOBAL_COUNT: 110

BASE_AFTER:
(filled-hole
  (hole 1 {:hash_depth=>0, :method_arg=>false, :variance=>:+}) {:method_arg=>false})
BASETYPE: true or false
SIZE WORK_LIST: 0
SIZE generated: 1
EVALUABLE#: 0

-------------------------

----------------
TTYPES
true or false

PROGS

LOCAL_COUNT: 2
GLOBAL_COUNT: 111

BASE_AFTER:
(filled-hole
  (hole 2 {:hash_depth=>0, :method_arg=>false, :variance=>:+}) {:method_arg=>false})
BASETYPE: true or false
SIZE WORK_LIST: 0
SIZE generated: 1
EVALUABLE#: 0

-------------------------

----------------
TTYPES
true or false

PROGS

LOCAL_COUNT: 3
GLOBAL_COUNT: 112

BASE_AFTER:
(filled-hole
  (hole 3 {:hash_depth=>0, :method_arg=>false, :variance=>:+}) {:method_arg=>false})
BASETYPE: true or false
SIZE WORK_LIST: 0
SIZE generated: 1
EVALUABLE#: 0

-------------------------

----------------
TTYPES
true or false

PROGS

LOCAL_COUNT: 4
GLOBAL_COUNT: 113

BASE_AFTER:
(filled-hole
  (hole 4 {:hash_depth=>0, :method_arg=>false, :variance=>:+}) {:method_arg=>false})
BASETYPE: true or false
SIZE WORK_LIST: 0
SIZE generated: 1
EVALUABLE#: 0

-------------------------

----------------
TTYPES
true or false

PROGS

LOCAL_COUNT: 5
GLOBAL_COUNT: 114

BASE_AFTER:
(filled-hole
  (hole 5 {:hash_depth=>0, :method_arg=>false, :variance=>:+}) {:method_arg=>false})
BASETYPE: true or false
SIZE WORK_LIST: 0
SIZE generated: 1
EVALUABLE#: 0

-------------------------

----------------
TTYPES
true or false

PROGS

LOCAL_COUNT: 6
GLOBAL_COUNT: 115

BASE_AFTER:
(filled-hole
  (hole 6 {:hash_depth=>0, :method_arg=>false, :variance=>:+}) {:method_arg=>false})
BASETYPE: true or false
SIZE WORK_LIST: 0
SIZE generated: 1
EVALUABLE#: 0

-------------------------

----------------
TTYPES
true or false
true or false
Integer
Integer
Integer
String
%bot

PROGS

LOCAL_COUNT: 1
GLOBAL_COUNT: 1

BASE_AFTER:
(filled-hole
  (true)
  (false)
  (int 0)
  (int 1)
  (int 2)
  (str "")
  (hole 1 {:hash_depth=>0, :method_arg=>false, :variance=>:-}) {:method_arg=>false})
BASETYPE: %bot
SIZE WORK_LIST: 0
SIZE generated: 7
EVALUABLE#: 6

-------------------------

----------------
TTYPES
true or false
true or false
true or false

PROGS

LOCAL_COUNT: 2
GLOBAL_COUNT: 2

BASE_AFTER:
(true)
BASETYPE: true or false
SIZE WORK_LIST: 6
SIZE generated: 3
EVALUABLE#: 0

-------------------------

----------------
TTYPES
true or false
true or false
true or false

PROGS

LOCAL_COUNT: 3
GLOBAL_COUNT: 3

BASE_AFTER:
(false)
BASETYPE: true or false
SIZE WORK_LIST: 8
SIZE generated: 3
EVALUABLE#: 0

-------------------------

----------------
TTYPES
Integer
Integer
Integer

PROGS

LOCAL_COUNT: 4
GLOBAL_COUNT: 4

BASE_AFTER:
(int 0)
BASETYPE: Integer
SIZE WORK_LIST: 10
SIZE generated: 3
EVALUABLE#: 0

-------------------------

----------------
TTYPES
Integer
Integer
Integer

PROGS

LOCAL_COUNT: 5
GLOBAL_COUNT: 5

BASE_AFTER:
(int 1)
BASETYPE: Integer
SIZE WORK_LIST: 12
SIZE generated: 3
EVALUABLE#: 0

-------------------------

----------------
TTYPES
Integer
Integer
Integer

PROGS

LOCAL_COUNT: 6
GLOBAL_COUNT: 6

BASE_AFTER:
(int 2)
BASETYPE: Integer
SIZE WORK_LIST: 14
SIZE generated: 3
EVALUABLE#: 0

-------------------------

----------------
TTYPES
String
String
String

PROGS

LOCAL_COUNT: 7
GLOBAL_COUNT: 7

BASE_AFTER:
(str "")
BASETYPE: String
SIZE WORK_LIST: 16
SIZE generated: 3
EVALUABLE#: 0

-------------------------

----------------
TTYPES
%bot

PROGS

LOCAL_COUNT: 8
GLOBAL_COUNT: 8

BASE_AFTER:
(filled-hole
  (begin
    (send
      (hole 0 {:hash_depth=>0, :limit_depth=>true, :recv=>true}) :-
      (hole 0 {:hash_depth=>0, :method_arg=>true})))
  (begin
    (send
      (hole 0 {:hash_depth=>0, :limit_depth=>true, :recv=>true}) :count))
  (begin
    (send
      (hole 0 {:hash_depth=>0, :limit_depth=>true, :recv=>true}) :-
      (hole 0 {:hash_depth=>0, :method_arg=>true})))
  (hole 2 {:hash_depth=>0, :method_arg=>false, :variance=>:-}) {:method_arg=>false})
BASETYPE: %bot
SIZE WORK_LIST: 18
SIZE generated: 1
EVALUABLE#: 0

-------------------------

----------------
TTYPES
true or false
true or false
true or false
true or false

PROGS

LOCAL_COUNT: 9
GLOBAL_COUNT: 9

BASE_AFTER:
(begin
  (send
    (hole 0 {:hash_depth=>0, :limit_depth=>true, :recv=>true}) :count=
    (hole 0 {:hash_depth=>0, :method_arg=>true}))
  (true))
BASETYPE: true or false
SIZE WORK_LIST: 18
SIZE generated: 4
EVALUABLE#: 3

-------------------------

----------------
TTYPES
true or false

PROGS

LOCAL_COUNT: 10
GLOBAL_COUNT: 10

BASE_AFTER:
(begin
  (send
    (hole 0 {:hash_depth=>0, :limit_depth=>true, :recv=>true}) :diaspora_user=
    (hole 0 {:hash_depth=>0, :method_arg=>true}))
  (true))
BASETYPE: true or false
SIZE WORK_LIST: 20
SIZE generated: 1
EVALUABLE#: 0

-------------------------

----------------
TTYPES
true or false

PROGS

LOCAL_COUNT: 11
GLOBAL_COUNT: 11

BASE_AFTER:
(begin
  (send
    (hole 0 {:hash_depth=>0, :limit_depth=>true, :recv=>true}) :save)
  (true))
BASETYPE: true or false
SIZE WORK_LIST: 20
SIZE generated: 1
EVALUABLE#: 1

-------------------------

----------------
TTYPES
true or false
true or false
true or false
true or false

PROGS

LOCAL_COUNT: 12
GLOBAL_COUNT: 12

BASE_AFTER:
(begin
  (send
    (hole 0 {:hash_depth=>0, :limit_depth=>true, :recv=>true}) :count=
    (hole 0 {:hash_depth=>0, :method_arg=>true}))
  (false))
BASETYPE: true or false
SIZE WORK_LIST: 20
SIZE generated: 4
EVALUABLE#: 3

-------------------------

----------------
TTYPES
true or false

PROGS

LOCAL_COUNT: 13
GLOBAL_COUNT: 13

BASE_AFTER:
(begin
  (send
    (hole 0 {:hash_depth=>0, :limit_depth=>true, :recv=>true}) :diaspora_user=
    (hole 0 {:hash_depth=>0, :method_arg=>true}))
  (false))
BASETYPE: true or false
SIZE WORK_LIST: 22
SIZE generated: 1
EVALUABLE#: 0

-------------------------

----------------
TTYPES
true or false

PROGS

LOCAL_COUNT: 14
GLOBAL_COUNT: 14

BASE_AFTER:
(begin
  (send
    (hole 0 {:hash_depth=>0, :limit_depth=>true, :recv=>true}) :save)
  (false))
BASETYPE: true or false
SIZE WORK_LIST: 22
SIZE generated: 1
EVALUABLE#: 1

-------------------------

----------------
TTYPES
Integer
Integer
Integer
Integer
Integer

PROGS

LOCAL_COUNT: 15
GLOBAL_COUNT: 15

BASE_AFTER:
(begin
  (send
    (hole 0 {:hash_depth=>0, :limit_depth=>true, :recv=>true}) :count=
    (hole 0 {:hash_depth=>0, :method_arg=>true}))
  (int 0))
BASETYPE: Integer
SIZE WORK_LIST: 22
SIZE generated: 5
EVALUABLE#: 4

-------------------------

----------------
TTYPES
Integer

PROGS

LOCAL_COUNT: 16
GLOBAL_COUNT: 16

BASE_AFTER:
(begin
  (send
    (hole 0 {:hash_depth=>0, :limit_depth=>true, :recv=>true}) :diaspora_user=
    (hole 0 {:hash_depth=>0, :method_arg=>true}))
  (int 0))
BASETYPE: Integer
SIZE WORK_LIST: 25
SIZE generated: 1
EVALUABLE#: 0

-------------------------

----------------
TTYPES
Integer

PROGS

LOCAL_COUNT: 17
GLOBAL_COUNT: 17

BASE_AFTER:
(begin
  (send
    (hole 0 {:hash_depth=>0, :limit_depth=>true, :recv=>true}) :save)
  (int 0))
BASETYPE: Integer
SIZE WORK_LIST: 25
SIZE generated: 1
EVALUABLE#: 1

-------------------------

----------------
TTYPES
Integer
Integer
Integer
Integer
Integer

PROGS

LOCAL_COUNT: 18
GLOBAL_COUNT: 18

BASE_AFTER:
(begin
  (send
    (hole 0 {:hash_depth=>0, :limit_depth=>true, :recv=>true}) :count=
    (hole 0 {:hash_depth=>0, :method_arg=>true}))
  (int 1))
BASETYPE: Integer
SIZE WORK_LIST: 25
SIZE generated: 5
EVALUABLE#: 4

-------------------------

----------------
TTYPES
Integer

PROGS

LOCAL_COUNT: 19
GLOBAL_COUNT: 19

BASE_AFTER:
(begin
  (send
    (hole 0 {:hash_depth=>0, :limit_depth=>true, :recv=>true}) :diaspora_user=
    (hole 0 {:hash_depth=>0, :method_arg=>true}))
  (int 1))
BASETYPE: Integer
SIZE WORK_LIST: 28
SIZE generated: 1
EVALUABLE#: 0

-------------------------

----------------
TTYPES
Integer

PROGS

LOCAL_COUNT: 20
GLOBAL_COUNT: 20

BASE_AFTER:
(begin
  (send
    (hole 0 {:hash_depth=>0, :limit_depth=>true, :recv=>true}) :save)
  (int 1))
BASETYPE: Integer
SIZE WORK_LIST: 28
SIZE generated: 1
EVALUABLE#: 1

-------------------------

----------------
TTYPES
Integer
Integer
Integer
Integer
Integer

PROGS

LOCAL_COUNT: 21
GLOBAL_COUNT: 21

BASE_AFTER:
(begin
  (send
    (hole 0 {:hash_depth=>0, :limit_depth=>true, :recv=>true}) :count=
    (hole 0 {:hash_depth=>0, :method_arg=>true}))
  (int 2))
BASETYPE: Integer
SIZE WORK_LIST: 28
SIZE generated: 5
EVALUABLE#: 4

-------------------------

----------------
TTYPES
Integer

PROGS

LOCAL_COUNT: 22
GLOBAL_COUNT: 22

BASE_AFTER:
(begin
  (send
    (hole 0 {:hash_depth=>0, :limit_depth=>true, :recv=>true}) :diaspora_user=
    (hole 0 {:hash_depth=>0, :method_arg=>true}))
  (int 2))
BASETYPE: Integer
SIZE WORK_LIST: 30
SIZE generated: 1
EVALUABLE#: 0

-------------------------

----------------
TTYPES
Integer

PROGS

LOCAL_COUNT: 23
GLOBAL_COUNT: 23

BASE_AFTER:
(begin
  (send
    (hole 0 {:hash_depth=>0, :limit_depth=>true, :recv=>true}) :save)
  (int 2))
BASETYPE: Integer
SIZE WORK_LIST: 30
SIZE generated: 1
EVALUABLE#: 1

-------------------------

----------------
TTYPES
String
String
String
String

PROGS

LOCAL_COUNT: 24
GLOBAL_COUNT: 24

BASE_AFTER:
(begin
  (send
    (hole 0 {:hash_depth=>0, :limit_depth=>true, :recv=>true}) :count=
    (hole 0 {:hash_depth=>0, :method_arg=>true}))
  (str ""))
BASETYPE: String
SIZE WORK_LIST: 30
SIZE generated: 4
EVALUABLE#: 3

-------------------------

----------------
TTYPES
String

PROGS

LOCAL_COUNT: 25
GLOBAL_COUNT: 25

BASE_AFTER:
(begin
  (send
    (hole 0 {:hash_depth=>0, :limit_depth=>true, :recv=>true}) :diaspora_user=
    (hole 0 {:hash_depth=>0, :method_arg=>true}))
  (str ""))
BASETYPE: String
SIZE WORK_LIST: 32
SIZE generated: 1
EVALUABLE#: 0

-------------------------

----------------
TTYPES
String

PROGS

LOCAL_COUNT: 26
GLOBAL_COUNT: 26

BASE_AFTER:
(begin
  (send
    (hole 0 {:hash_depth=>0, :limit_depth=>true, :recv=>true}) :save)
  (str ""))
BASETYPE: String
SIZE WORK_LIST: 32
SIZE generated: 1
EVALUABLE#: 1

-------------------------

----------------
TTYPES
true or false
true or false
true or false

PROGS

LOCAL_COUNT: 27
GLOBAL_COUNT: 27

BASE_AFTER:
(begin
  (send
    (lvar :arg0) :count=
    (int 0))
  (true))
BASETYPE: true or false
SIZE WORK_LIST: 32
SIZE generated: 3
EVALUABLE#: 0

-------------------------

----------------
TTYPES
true or false
true or false
true or false

PROGS

LOCAL_COUNT: 28
GLOBAL_COUNT: 28

BASE_AFTER:
(begin
  (send
    (lvar :arg0) :count=
    (int 1))
  (true))
BASETYPE: true or false
SIZE WORK_LIST: 34
SIZE generated: 3
EVALUABLE#: 0

-------------------------

----------------
TTYPES
true or false
true or false
true or false

PROGS

LOCAL_COUNT: 29
GLOBAL_COUNT: 29

BASE_AFTER:
(begin
  (send
    (lvar :arg0) :save)
  (true))
BASETYPE: true or false
SIZE WORK_LIST: 36
SIZE generated: 3
EVALUABLE#: 0

-------------------------

----------------
TTYPES
true or false
true or false
true or false

PROGS

LOCAL_COUNT: 30
GLOBAL_COUNT: 30

BASE_AFTER:
(begin
  (send
    (lvar :arg0) :count=
    (int 0))
  (false))
BASETYPE: true or false
SIZE WORK_LIST: 38
SIZE generated: 3
EVALUABLE#: 0

-------------------------

----------------
TTYPES
true or false
true or false
true or false

PROGS

LOCAL_COUNT: 31
GLOBAL_COUNT: 31

BASE_AFTER:
(begin
  (send
    (lvar :arg0) :count=
    (int 1))
  (false))
BASETYPE: true or false
SIZE WORK_LIST: 40
SIZE generated: 3
EVALUABLE#: 0

-------------------------

----------------
TTYPES
true or false
true or false
true or false

PROGS

LOCAL_COUNT: 32
GLOBAL_COUNT: 32

BASE_AFTER:
(begin
  (send
    (lvar :arg0) :save)
  (false))
BASETYPE: true or false
SIZE WORK_LIST: 42
SIZE generated: 3
EVALUABLE#: 0

-------------------------

----------------
TTYPES
Integer
Integer
Integer

PROGS

LOCAL_COUNT: 33
GLOBAL_COUNT: 33

BASE_AFTER:
(begin
  (send
    (lvar :arg0) :count=
    (int 0))
  (int 0))
BASETYPE: Integer
SIZE WORK_LIST: 44
SIZE generated: 3
EVALUABLE#: 0

-------------------------

----------------
TTYPES
Integer
Integer
Integer

PROGS

LOCAL_COUNT: 34
GLOBAL_COUNT: 34

BASE_AFTER:
(begin
  (send
    (lvar :arg0) :count=
    (int 1))
  (int 0))
BASETYPE: Integer
SIZE WORK_LIST: 46
SIZE generated: 3
EVALUABLE#: 0

-------------------------

----------------
TTYPES
Integer
Integer
Integer

PROGS

LOCAL_COUNT: 35
GLOBAL_COUNT: 35

BASE_AFTER:
(begin
  (lvasgn :t0
    (int 0))
  (send
    (lvar :arg0) :count=
    (lvar :t0))
  (lvar :t0))
BASETYPE: Integer
SIZE WORK_LIST: 48
SIZE generated: 3
EVALUABLE#: 0

-------------------------

----------------
TTYPES
Integer
Integer
Integer

PROGS

LOCAL_COUNT: 36
GLOBAL_COUNT: 36

BASE_AFTER:
(begin
  (send
    (lvar :arg0) :save)
  (int 0))
BASETYPE: Integer
SIZE WORK_LIST: 50
SIZE generated: 3
EVALUABLE#: 0

-------------------------

----------------
TTYPES
Integer
Integer
Integer

PROGS

LOCAL_COUNT: 37
GLOBAL_COUNT: 37

BASE_AFTER:
(begin
  (send
    (lvar :arg0) :count=
    (int 0))
  (int 1))
BASETYPE: Integer
SIZE WORK_LIST: 52
SIZE generated: 3
EVALUABLE#: 0

-------------------------

----------------
TTYPES
Integer
Integer
Integer

PROGS

LOCAL_COUNT: 38
GLOBAL_COUNT: 38

BASE_AFTER:
(begin
  (send
    (lvar :arg0) :count=
    (int 1))
  (int 1))
BASETYPE: Integer
SIZE WORK_LIST: 54
SIZE generated: 3
EVALUABLE#: 0

-------------------------

----------------
TTYPES
Integer
Integer
Integer

PROGS

LOCAL_COUNT: 39
GLOBAL_COUNT: 39

BASE_AFTER:
(begin
  (lvasgn :t0
    (int 1))
  (send
    (lvar :arg0) :count=
    (lvar :t0))
  (lvar :t0))
BASETYPE: Integer
SIZE WORK_LIST: 56
SIZE generated: 3
EVALUABLE#: 0

-------------------------

----------------
TTYPES
Integer
Integer
Integer

PROGS

LOCAL_COUNT: 40
GLOBAL_COUNT: 40

BASE_AFTER:
(begin
  (send
    (lvar :arg0) :save)
  (int 1))
BASETYPE: Integer
SIZE WORK_LIST: 58
SIZE generated: 3
EVALUABLE#: 0

-------------------------

----------------
TTYPES
Integer
Integer
Integer

PROGS

LOCAL_COUNT: 41
GLOBAL_COUNT: 41

BASE_AFTER:
(begin
  (send
    (lvar :arg0) :count=
    (int 0))
  (int 2))
BASETYPE: Integer
SIZE WORK_LIST: 60
SIZE generated: 3
EVALUABLE#: 0

-------------------------

----------------
TTYPES
Integer
Integer
Integer

PROGS

LOCAL_COUNT: 42
GLOBAL_COUNT: 42

BASE_AFTER:
(begin
  (send
    (lvar :arg0) :count=
    (int 1))
  (int 2))
BASETYPE: Integer
SIZE WORK_LIST: 62
SIZE generated: 3
EVALUABLE#: 0

-------------------------

----------------
TTYPES
Integer
Integer
Integer

PROGS

LOCAL_COUNT: 43
GLOBAL_COUNT: 43

BASE_AFTER:
(begin
  (send
    (lvar :arg0) :save)
  (int 2))
BASETYPE: Integer
SIZE WORK_LIST: 64
SIZE generated: 3
EVALUABLE#: 0

-------------------------

----------------
TTYPES
String
String
String

PROGS

LOCAL_COUNT: 44
GLOBAL_COUNT: 44

BASE_AFTER:
(begin
  (send
    (lvar :arg0) :count=
    (int 0))
  (str ""))
BASETYPE: String
SIZE WORK_LIST: 66
SIZE generated: 3
EVALUABLE#: 0

-------------------------

----------------
TTYPES
String
String
String

PROGS

LOCAL_COUNT: 45
GLOBAL_COUNT: 45

BASE_AFTER:
(begin
  (send
    (lvar :arg0) :count=
    (int 1))
  (str ""))
BASETYPE: String
SIZE WORK_LIST: 68
SIZE generated: 3
EVALUABLE#: 0

-------------------------

----------------
TTYPES
String
String
String

PROGS

LOCAL_COUNT: 46
GLOBAL_COUNT: 46

BASE_AFTER:
(begin
  (send
    (lvar :arg0) :save)
  (str ""))
BASETYPE: String
SIZE WORK_LIST: 70
SIZE generated: 3
EVALUABLE#: 0

-------------------------

----------------
TTYPES
true or false
true or false
Integer
Integer
Integer
String
%bot

PROGS

LOCAL_COUNT: 1
GLOBAL_COUNT: 47

BASE_AFTER:
(filled-hole
  (true)
  (false)
  (int 0)
  (int 1)
  (int 2)
  (str "")
  (hole 1 {:hash_depth=>0, :method_arg=>false, :variance=>:-}) {:method_arg=>false})
BASETYPE: %bot
SIZE WORK_LIST: 0
SIZE generated: 7
EVALUABLE#: 6

-------------------------

----------------
TTYPES
true or false
true or false
true or false

PROGS

LOCAL_COUNT: 2
GLOBAL_COUNT: 48

BASE_AFTER:
(true)
BASETYPE: true or false
SIZE WORK_LIST: 6
SIZE generated: 3
EVALUABLE#: 0

-------------------------

----------------
TTYPES
true or false
true or false
true or false

PROGS

LOCAL_COUNT: 3
GLOBAL_COUNT: 49

BASE_AFTER:
(false)
BASETYPE: true or false
SIZE WORK_LIST: 8
SIZE generated: 3
EVALUABLE#: 0

-------------------------

----------------
TTYPES
Integer
Integer
Integer

PROGS

LOCAL_COUNT: 4
GLOBAL_COUNT: 50

BASE_AFTER:
(int 0)
BASETYPE: Integer
SIZE WORK_LIST: 10
SIZE generated: 3
EVALUABLE#: 0

-------------------------

----------------
TTYPES
Integer
Integer
Integer

PROGS

LOCAL_COUNT: 5
GLOBAL_COUNT: 51

BASE_AFTER:
(int 1)
BASETYPE: Integer
SIZE WORK_LIST: 12
SIZE generated: 3
EVALUABLE#: 0

-------------------------

----------------
TTYPES
Integer
Integer
Integer

PROGS

LOCAL_COUNT: 6
GLOBAL_COUNT: 52

BASE_AFTER:
(int 2)
BASETYPE: Integer
SIZE WORK_LIST: 14
SIZE generated: 3
EVALUABLE#: 0

-------------------------

----------------
TTYPES
String
String
String

PROGS

LOCAL_COUNT: 7
GLOBAL_COUNT: 53

BASE_AFTER:
(str "")
BASETYPE: String
SIZE WORK_LIST: 16
SIZE generated: 3
EVALUABLE#: 0

-------------------------

----------------
TTYPES
%bot

PROGS

LOCAL_COUNT: 8
GLOBAL_COUNT: 54

BASE_AFTER:
(filled-hole
  (hole 2 {:hash_depth=>0, :method_arg=>false, :variance=>:-}) {:method_arg=>false})
BASETYPE: %bot
SIZE WORK_LIST: 18
SIZE generated: 1
EVALUABLE#: 0

-------------------------

----------------
TTYPES
true or false
true or false
true or false
true or false

PROGS

LOCAL_COUNT: 9
GLOBAL_COUNT: 55

BASE_AFTER:
(begin
  (send
    (hole 0 {:hash_depth=>0, :limit_depth=>true, :recv=>true}) :count=
    (hole 0 {:hash_depth=>0, :method_arg=>true}))
  (true))
BASETYPE: true or false
SIZE WORK_LIST: 18
SIZE generated: 4
EVALUABLE#: 3

-------------------------

----------------
TTYPES
true or false

PROGS

LOCAL_COUNT: 1
GLOBAL_COUNT: 56

BASE_AFTER:
(filled-hole
  (hole 1 {:hash_depth=>0, :method_arg=>false, :variance=>:+}) {:method_arg=>false})
BASETYPE: true or false
SIZE WORK_LIST: 0
SIZE generated: 1
EVALUABLE#: 0

-------------------------

----------------
TTYPES
true or false
true or false
true or false
true or false

PROGS

LOCAL_COUNT: 2
GLOBAL_COUNT: 57

BASE_AFTER:
(filled-hole
  (send
    (hole 0 {:hash_depth=>0, :limit_depth=>true, :recv=>true}) :save)
  (send
    (begin
      (hole 0 {:hash_depth=>0, :limit_depth=>true, :recv=>true})) :!)
  (send
    (hole 0 {:hash_depth=>0, :limit_depth=>true, :recv=>true}) :exists?
    (hole 0 {:hash_depth=>0, :method_arg=>true}))
  (hole 2 {:hash_depth=>0, :method_arg=>false, :variance=>:+}) {:method_arg=>false})
BASETYPE: true or false
SIZE WORK_LIST: 0
SIZE generated: 4
EVALUABLE#: 0

-------------------------

----------------
TTYPES
true or false

PROGS

LOCAL_COUNT: 3
GLOBAL_COUNT: 58

BASE_AFTER:
(send
  (filled-hole
    (lvar :arg0) {:method_arg=>false}) :save)
BASETYPE: true or false
SIZE WORK_LIST: 3
SIZE generated: 1
EVALUABLE#: 1

-------------------------

----------------
TTYPES
true or false
true or false
Integer
Integer
Integer
String
%bot

PROGS

LOCAL_COUNT: 1
GLOBAL_COUNT: 1

BASE_AFTER:
(filled-hole
  (true)
  (false)
  (int 0)
  (int 1)
  (int 2)
  (str "")
  (hole 1 {:hash_depth=>0, :method_arg=>false, :variance=>:-}) {:method_arg=>false})
BASETYPE: %bot
SIZE WORK_LIST: 0
SIZE generated: 7
EVALUABLE#: 6

-------------------------

----------------
TTYPES
true or false
true or false

PROGS

LOCAL_COUNT: 2
GLOBAL_COUNT: 2

BASE_AFTER:
(true)
BASETYPE: true or false
SIZE WORK_LIST: 6
SIZE generated: 2
EVALUABLE#: 0

-------------------------

----------------
TTYPES
true or false
true or false

PROGS

LOCAL_COUNT: 3
GLOBAL_COUNT: 3

BASE_AFTER:
(false)
BASETYPE: true or false
SIZE WORK_LIST: 7
SIZE generated: 2
EVALUABLE#: 0

-------------------------

----------------
TTYPES
Integer
Integer

PROGS

LOCAL_COUNT: 4
GLOBAL_COUNT: 4

BASE_AFTER:
(int 0)
BASETYPE: Integer
SIZE WORK_LIST: 8
SIZE generated: 2
EVALUABLE#: 0

-------------------------

----------------
TTYPES
Integer
Integer

PROGS

LOCAL_COUNT: 5
GLOBAL_COUNT: 5

BASE_AFTER:
(int 1)
BASETYPE: Integer
SIZE WORK_LIST: 9
SIZE generated: 2
EVALUABLE#: 0

-------------------------

----------------
TTYPES
Integer
Integer

PROGS

LOCAL_COUNT: 6
GLOBAL_COUNT: 6

BASE_AFTER:
(int 2)
BASETYPE: Integer
SIZE WORK_LIST: 10
SIZE generated: 2
EVALUABLE#: 0

-------------------------

----------------
TTYPES
String
String

PROGS

LOCAL_COUNT: 7
GLOBAL_COUNT: 7

BASE_AFTER:
(str "")
BASETYPE: String
SIZE WORK_LIST: 11
SIZE generated: 2
EVALUABLE#: 0

-------------------------

----------------
TTYPES
%bot

PROGS

LOCAL_COUNT: 8
GLOBAL_COUNT: 8

BASE_AFTER:
(filled-hole
  (begin
    (send
      (hole 0 {:hash_depth=>0, :limit_depth=>true, :recv=>true}) :-
      (hole 0 {:hash_depth=>0, :method_arg=>true})))
  (begin
    (send
      (hole 0 {:hash_depth=>0, :limit_depth=>true, :recv=>true}) :count))
  (begin
    (send
      (hole 0 {:hash_depth=>0, :limit_depth=>true, :recv=>true}) :-
      (hole 0 {:hash_depth=>0, :method_arg=>true})))
  (hole 2 {:hash_depth=>0, :method_arg=>false, :variance=>:-}) {:method_arg=>false})
BASETYPE: %bot
SIZE WORK_LIST: 12
SIZE generated: 1
EVALUABLE#: 0

-------------------------

----------------
TTYPES
true or false
true or false
true or false
true or false

PROGS

LOCAL_COUNT: 9
GLOBAL_COUNT: 9

BASE_AFTER:
(begin
  (send
    (hole 0 {:hash_depth=>0, :limit_depth=>true, :recv=>true}) :count=
    (hole 0 {:hash_depth=>0, :method_arg=>true}))
  (true))
BASETYPE: true or false
SIZE WORK_LIST: 12
SIZE generated: 4
EVALUABLE#: 3

-------------------------

----------------
TTYPES
true or false

PROGS

LOCAL_COUNT: 10
GLOBAL_COUNT: 10

BASE_AFTER:
(begin
  (send
    (hole 0 {:hash_depth=>0, :limit_depth=>true, :recv=>true}) :diaspora_user=
    (hole 0 {:hash_depth=>0, :method_arg=>true}))
  (true))
BASETYPE: true or false
SIZE WORK_LIST: 14
SIZE generated: 1
EVALUABLE#: 0

-------------------------

----------------
TTYPES
true or false
true or false
true or false
true or false

PROGS

LOCAL_COUNT: 11
GLOBAL_COUNT: 11

BASE_AFTER:
(begin
  (send
    (hole 0 {:hash_depth=>0, :limit_depth=>true, :recv=>true}) :count=
    (hole 0 {:hash_depth=>0, :method_arg=>true}))
  (false))
BASETYPE: true or false
SIZE WORK_LIST: 14
SIZE generated: 4
EVALUABLE#: 3

-------------------------

----------------
TTYPES
true or false

PROGS

LOCAL_COUNT: 12
GLOBAL_COUNT: 12

BASE_AFTER:
(begin
  (send
    (hole 0 {:hash_depth=>0, :limit_depth=>true, :recv=>true}) :diaspora_user=
    (hole 0 {:hash_depth=>0, :method_arg=>true}))
  (false))
BASETYPE: true or false
SIZE WORK_LIST: 16
SIZE generated: 1
EVALUABLE#: 0

-------------------------

----------------
TTYPES
Integer
Integer
Integer
Integer
Integer

PROGS

LOCAL_COUNT: 13
GLOBAL_COUNT: 13

BASE_AFTER:
(begin
  (send
    (hole 0 {:hash_depth=>0, :limit_depth=>true, :recv=>true}) :count=
    (hole 0 {:hash_depth=>0, :method_arg=>true}))
  (int 0))
BASETYPE: Integer
SIZE WORK_LIST: 16
SIZE generated: 5
EVALUABLE#: 4

-------------------------

----------------
TTYPES
Integer

PROGS

LOCAL_COUNT: 14
GLOBAL_COUNT: 14

BASE_AFTER:
(begin
  (send
    (hole 0 {:hash_depth=>0, :limit_depth=>true, :recv=>true}) :diaspora_user=
    (hole 0 {:hash_depth=>0, :method_arg=>true}))
  (int 0))
BASETYPE: Integer
SIZE WORK_LIST: 19
SIZE generated: 1
EVALUABLE#: 0

-------------------------

----------------
TTYPES
Integer
Integer
Integer
Integer
Integer

PROGS

LOCAL_COUNT: 15
GLOBAL_COUNT: 15

BASE_AFTER:
(begin
  (send
    (hole 0 {:hash_depth=>0, :limit_depth=>true, :recv=>true}) :count=
    (hole 0 {:hash_depth=>0, :method_arg=>true}))
  (int 1))
BASETYPE: Integer
SIZE WORK_LIST: 19
SIZE generated: 5
EVALUABLE#: 4

-------------------------

----------------
TTYPES
Integer

PROGS

LOCAL_COUNT: 16
GLOBAL_COUNT: 16

BASE_AFTER:
(begin
  (send
    (hole 0 {:hash_depth=>0, :limit_depth=>true, :recv=>true}) :diaspora_user=
    (hole 0 {:hash_depth=>0, :method_arg=>true}))
  (int 1))
BASETYPE: Integer
SIZE WORK_LIST: 22
SIZE generated: 1
EVALUABLE#: 0

-------------------------

----------------
TTYPES
Integer
Integer
Integer
Integer
Integer

PROGS

LOCAL_COUNT: 17
GLOBAL_COUNT: 17

BASE_AFTER:
(begin
  (send
    (hole 0 {:hash_depth=>0, :limit_depth=>true, :recv=>true}) :count=
    (hole 0 {:hash_depth=>0, :method_arg=>true}))
  (int 2))
BASETYPE: Integer
SIZE WORK_LIST: 22
SIZE generated: 5
EVALUABLE#: 4

-------------------------

----------------
TTYPES
Integer

PROGS

LOCAL_COUNT: 18
GLOBAL_COUNT: 18

BASE_AFTER:
(begin
  (send
    (hole 0 {:hash_depth=>0, :limit_depth=>true, :recv=>true}) :diaspora_user=
    (hole 0 {:hash_depth=>0, :method_arg=>true}))
  (int 2))
BASETYPE: Integer
SIZE WORK_LIST: 24
SIZE generated: 1
EVALUABLE#: 0

-------------------------

----------------
TTYPES
String
String
String
String

PROGS

LOCAL_COUNT: 19
GLOBAL_COUNT: 19

BASE_AFTER:
(begin
  (send
    (hole 0 {:hash_depth=>0, :limit_depth=>true, :recv=>true}) :count=
    (hole 0 {:hash_depth=>0, :method_arg=>true}))
  (str ""))
BASETYPE: String
SIZE WORK_LIST: 24
SIZE generated: 4
EVALUABLE#: 3

-------------------------

----------------
TTYPES
String

PROGS

LOCAL_COUNT: 20
GLOBAL_COUNT: 20

BASE_AFTER:
(begin
  (send
    (hole 0 {:hash_depth=>0, :limit_depth=>true, :recv=>true}) :diaspora_user=
    (hole 0 {:hash_depth=>0, :method_arg=>true}))
  (str ""))
BASETYPE: String
SIZE WORK_LIST: 26
SIZE generated: 1
EVALUABLE#: 0

-------------------------

----------------
TTYPES
true or false
true or false

PROGS

LOCAL_COUNT: 21
GLOBAL_COUNT: 21

BASE_AFTER:
(begin
  (send
    (lvar :arg0) :count=
    (int 0))
  (true))
BASETYPE: true or false
SIZE WORK_LIST: 26
SIZE generated: 2
EVALUABLE#: 0

-------------------------

----------------
TTYPES
true or false
true or false

PROGS

LOCAL_COUNT: 22
GLOBAL_COUNT: 22

BASE_AFTER:
(begin
  (send
    (lvar :arg0) :count=
    (int 1))
  (true))
BASETYPE: true or false
SIZE WORK_LIST: 27
SIZE generated: 2
EVALUABLE#: 0

-------------------------

----------------
TTYPES
true or false
true or false

PROGS

LOCAL_COUNT: 23
GLOBAL_COUNT: 23

BASE_AFTER:
(begin
  (send
    (lvar :arg0) :count=
    (int 0))
  (false))
BASETYPE: true or false
SIZE WORK_LIST: 28
SIZE generated: 2
EVALUABLE#: 0

-------------------------

----------------
TTYPES
true or false
true or false

PROGS

LOCAL_COUNT: 24
GLOBAL_COUNT: 24

BASE_AFTER:
(begin
  (send
    (lvar :arg0) :count=
    (int 1))
  (false))
BASETYPE: true or false
SIZE WORK_LIST: 29
SIZE generated: 2
EVALUABLE#: 0

-------------------------

----------------
TTYPES
Integer
Integer

PROGS

LOCAL_COUNT: 25
GLOBAL_COUNT: 25

BASE_AFTER:
(begin
  (send
    (lvar :arg0) :count=
    (int 0))
  (int 0))
BASETYPE: Integer
SIZE WORK_LIST: 30
SIZE generated: 2
EVALUABLE#: 0

-------------------------

----------------
TTYPES
Integer
Integer

PROGS

LOCAL_COUNT: 26
GLOBAL_COUNT: 26

BASE_AFTER:
(begin
  (send
    (lvar :arg0) :count=
    (int 1))
  (int 0))
BASETYPE: Integer
SIZE WORK_LIST: 31
SIZE generated: 2
EVALUABLE#: 0

-------------------------

----------------
TTYPES
Integer
Integer

PROGS

LOCAL_COUNT: 27
GLOBAL_COUNT: 27

BASE_AFTER:
(begin
  (lvasgn :t0
    (int 0))
  (send
    (lvar :arg0) :count=
    (lvar :t0))
  (lvar :t0))
BASETYPE: Integer
SIZE WORK_LIST: 32
SIZE generated: 2
EVALUABLE#: 0

-------------------------

----------------
TTYPES
Integer
Integer

PROGS

LOCAL_COUNT: 28
GLOBAL_COUNT: 28

BASE_AFTER:
(begin
  (send
    (lvar :arg0) :count=
    (int 0))
  (int 1))
BASETYPE: Integer
SIZE WORK_LIST: 33
SIZE generated: 2
EVALUABLE#: 0

-------------------------

----------------
TTYPES
Integer
Integer

PROGS

LOCAL_COUNT: 29
GLOBAL_COUNT: 29

BASE_AFTER:
(begin
  (send
    (lvar :arg0) :count=
    (int 1))
  (int 1))
BASETYPE: Integer
SIZE WORK_LIST: 34
SIZE generated: 2
EVALUABLE#: 0

-------------------------

----------------
TTYPES
Integer
Integer

PROGS

LOCAL_COUNT: 30
GLOBAL_COUNT: 30

BASE_AFTER:
(begin
  (lvasgn :t0
    (int 1))
  (send
    (lvar :arg0) :count=
    (lvar :t0))
  (lvar :t0))
BASETYPE: Integer
SIZE WORK_LIST: 35
SIZE generated: 2
EVALUABLE#: 0

-------------------------

----------------
TTYPES
Integer
Integer

PROGS

LOCAL_COUNT: 31
GLOBAL_COUNT: 31

BASE_AFTER:
(begin
  (send
    (lvar :arg0) :count=
    (int 0))
  (int 2))
BASETYPE: Integer
SIZE WORK_LIST: 36
SIZE generated: 2
EVALUABLE#: 0

-------------------------

----------------
TTYPES
Integer
Integer

PROGS

LOCAL_COUNT: 32
GLOBAL_COUNT: 32

BASE_AFTER:
(begin
  (send
    (lvar :arg0) :count=
    (int 1))
  (int 2))
BASETYPE: Integer
SIZE WORK_LIST: 37
SIZE generated: 2
EVALUABLE#: 0

-------------------------

----------------
TTYPES
String
String

PROGS

LOCAL_COUNT: 33
GLOBAL_COUNT: 33

BASE_AFTER:
(begin
  (send
    (lvar :arg0) :count=
    (int 0))
  (str ""))
BASETYPE: String
SIZE WORK_LIST: 38
SIZE generated: 2
EVALUABLE#: 0

-------------------------

----------------
TTYPES
String
String

PROGS

LOCAL_COUNT: 34
GLOBAL_COUNT: 34

BASE_AFTER:
(begin
  (send
    (lvar :arg0) :count=
    (int 1))
  (str ""))
BASETYPE: String
SIZE WORK_LIST: 39
SIZE generated: 2
EVALUABLE#: 0

-------------------------

----------------
TTYPES
Integer
Integer
Integer
Integer
Integer
Integer
Integer
Integer
%bot

PROGS

LOCAL_COUNT: 35
GLOBAL_COUNT: 35

BASE_AFTER:
(filled-hole
  (begin
    (send
      (send
        (hole 0 {:hash_depth=>0, :limit_depth=>true, :recv=>true}) :id=
        (hole 0 {:hash_depth=>0, :method_arg=>true})) :-
      (hole 0 {:hash_depth=>0, :method_arg=>true})))
  (begin
    (send
      (send
        (hole 0 {:hash_depth=>0, :limit_depth=>true, :recv=>true}) :id=
        (hole 0 {:hash_depth=>0, :method_arg=>true})) :-
      (hole 0 {:hash_depth=>0, :method_arg=>true})))
  (begin
    (send
      (send
        (hole 0 {:hash_depth=>0, :limit_depth=>true, :recv=>true}) :id=
        (hole 0 {:hash_depth=>0, :method_arg=>true})) :count))
  (begin
    (send
      (send
        (hole 0 {:hash_depth=>0, :limit_depth=>true, :recv=>true}) :id) :-
      (hole 0 {:hash_depth=>0, :method_arg=>true})))
  (begin
    (send
      (send
        (hole 0 {:hash_depth=>0, :limit_depth=>true, :recv=>true}) :id) :-
      (hole 0 {:hash_depth=>0, :method_arg=>true})))
  (begin
    (send
      (send
        (hole 0 {:hash_depth=>0, :limit_depth=>true, :recv=>true}) :id) :count))
  (begin
    (send
      (send
        (hole 0 {:hash_depth=>0, :limit_depth=>true, :recv=>true}) :token=
        (hole 0 {:hash_depth=>0, :method_arg=>true})) :count))
  (begin
    (send
      (send
        (hole 0 {:hash_depth=>0, :limit_depth=>true, :recv=>true}) :token=
        (hole 0 {:hash_depth=>0, :method_arg=>true})) :-
      (hole 0 {:hash_depth=>0, :method_arg=>true})))
  (begin
    (send
      (send
        (hole 0 {:hash_depth=>0, :limit_depth=>true, :recv=>true}) :token) :count))
  (begin
    (send
      (send
        (hole 0 {:hash_depth=>0, :limit_depth=>true, :recv=>true}) :token) :-
      (hole 0 {:hash_depth=>0, :method_arg=>true})))
  (begin
    (send
      (send
        (hole 0 {:hash_depth=>0, :limit_depth=>true, :recv=>true}) :diaspora_user_id=
        (hole 0 {:hash_depth=>0, :method_arg=>true})) :-
      (hole 0 {:hash_depth=>0, :method_arg=>true})))
  (begin
    (send
      (send
        (hole 0 {:hash_depth=>0, :limit_depth=>true, :recv=>true}) :diaspora_user_id=
        (hole 0 {:hash_depth=>0, :method_arg=>true})) :-
      (hole 0 {:hash_depth=>0, :method_arg=>true})))
  (begin
    (send
      (send
        (hole 0 {:hash_depth=>0, :limit_depth=>true, :recv=>true}) :diaspora_user_id=
        (hole 0 {:hash_depth=>0, :method_arg=>true})) :count))
  (begin
    (send
      (send
        (hole 0 {:hash_depth=>0, :limit_depth=>true, :recv=>true}) :diaspora_user_id) :-
      (hole 0 {:hash_depth=>0, :method_arg=>true})))
  (begin
    (send
      (send
        (hole 0 {:hash_depth=>0, :limit_depth=>true, :recv=>true}) :diaspora_user_id) :-
      (hole 0 {:hash_depth=>0, :method_arg=>true})))
  (begin
    (send
      (send
        (hole 0 {:hash_depth=>0, :limit_depth=>true, :recv=>true}) :diaspora_user_id) :count))
  (begin
    (send
      (send
        (hole 0 {:hash_depth=>0, :limit_depth=>true, :recv=>true}) :count=
        (hole 0 {:hash_depth=>0, :method_arg=>true})) :-
      (hole 0 {:hash_depth=>0, :method_arg=>true})))
  (begin
    (send
      (send
        (hole 0 {:hash_depth=>0, :limit_depth=>true, :recv=>true}) :count=
        (hole 0 {:hash_depth=>0, :method_arg=>true})) :-
      (hole 0 {:hash_depth=>0, :method_arg=>true})))
  (begin
    (send
      (send
        (hole 0 {:hash_depth=>0, :limit_depth=>true, :recv=>true}) :count=
        (hole 0 {:hash_depth=>0, :method_arg=>true})) :count))
  (begin
    (send
      (begin
        (send
          (hole 0 {:hash_depth=>0, :limit_depth=>true, :recv=>true}) :count)) :-
      (hole 0 {:hash_depth=>0, :method_arg=>true})))
  (begin
    (send
      (begin
        (send
          (hole 0 {:hash_depth=>0, :limit_depth=>true, :recv=>true}) :count)) :-
      (hole 0 {:hash_depth=>0, :method_arg=>true})))
  (begin
    (send
      (begin
        (send
          (hole 0 {:hash_depth=>0, :limit_depth=>true, :recv=>true}) :count)) :count))
  (begin
    (send
      (send
        (hole 0 {:hash_depth=>0, :limit_depth=>true, :recv=>true}) :diaspora_user) :count))
  (begin
    (send
      (send
        (hole 0 {:hash_depth=>0, :limit_depth=>true, :recv=>true}) :diaspora_user) :-
      (hole 0 {:hash_depth=>0, :method_arg=>true})))
  (begin
    (send
      (send
        (hole 0 {:hash_depth=>0, :limit_depth=>true, :recv=>true}) :diaspora_user=
        (hole 0 {:hash_depth=>0, :method_arg=>true})) :count))
  (begin
    (send
      (send
        (hole 0 {:hash_depth=>0, :limit_depth=>true, :recv=>true}) :diaspora_user=
        (hole 0 {:hash_depth=>0, :method_arg=>true})) :-
      (hole 0 {:hash_depth=>0, :method_arg=>true})))
  (begin
    (send
      (begin
        (send
          (hole 0 {:hash_depth=>0, :limit_depth=>true, :recv=>true}) :-
          (hole 0 {:hash_depth=>0, :method_arg=>true}))) :-
      (hole 0 {:hash_depth=>0, :method_arg=>true})))
  (begin
    (send
      (begin
        (send
          (hole 0 {:hash_depth=>0, :limit_depth=>true, :recv=>true}) :-
          (hole 0 {:hash_depth=>0, :method_arg=>true}))) :-
      (hole 0 {:hash_depth=>0, :method_arg=>true})))
  (begin
    (send
      (begin
        (send
          (hole 0 {:hash_depth=>0, :limit_depth=>true, :recv=>true}) :count)) :-
      (hole 0 {:hash_depth=>0, :method_arg=>true})))
  (begin
    (send
      (begin
        (send
          (hole 0 {:hash_depth=>0, :limit_depth=>true, :recv=>true}) :count)) :-
      (hole 0 {:hash_depth=>0, :method_arg=>true})))
  (begin
    (send
      (begin
        (send
          (hole 0 {:hash_depth=>0, :limit_depth=>true, :recv=>true}) :-
          (hole 0 {:hash_depth=>0, :method_arg=>true}))) :-
      (hole 0 {:hash_depth=>0, :method_arg=>true})))
  (begin
    (send
      (begin
        (send
          (hole 0 {:hash_depth=>0, :limit_depth=>true, :recv=>true}) :-
          (hole 0 {:hash_depth=>0, :method_arg=>true}))) :-
      (hole 0 {:hash_depth=>0, :method_arg=>true})))
  (hole 3 {:hash_depth=>0, :method_arg=>false, :variance=>:-}) {:method_arg=>false})
BASETYPE: %bot
SIZE WORK_LIST: 40
SIZE generated: 9
EVALUABLE#: 0

-------------------------

----------------
TTYPES
Integer
Integer
Integer
Integer
Integer
Integer
Integer
Integer
Integer
Integer
Integer
Integer
Integer
Integer
Integer
Integer
Integer
Integer
Integer
Integer
Integer
Integer
Integer
Integer
Integer
Integer
Integer
Integer
Integer
Integer
Integer
Integer
Integer
Integer
Integer
Integer

PROGS

LOCAL_COUNT: 36
GLOBAL_COUNT: 36

BASE_AFTER:
(begin
  (send
    (begin
      (send
        (filled-hole
          (lvar InvitationCode(id: integer, token: string, diaspora_user_id: integer, count: integer)) {:method_arg=>false}) :-
        (filled-hole
          (lvar :arg0)
          (lvar InvitationCode(id: integer, token: string, diaspora_user_id: integer, count: integer))
          (true)
          (false)
          (int 0)
          (int 1)
          (int 2)
          (str "")
          (hole 1 {:hash_depth=>0, :method_arg=>true, :variance=>:+}) {:method_arg=>true}))) :-
    (filled-hole
      (int 0)
      (int 1)
      (int 2)
      (hole 1 {:hash_depth=>0, :method_arg=>true, :variance=>:+}) {:method_arg=>true})))
BASETYPE: Integer
SIZE WORK_LIST: 48
SIZE generated: 36
EVALUABLE#: 24

-------------------------

----------------
TTYPES
Integer
Integer
Integer
Integer

PROGS

LOCAL_COUNT: 37
GLOBAL_COUNT: 37

BASE_AFTER:
(begin
  (send
    (begin
      (send
        (filled-hole
          (lvar InvitationCode(id: integer, token: string, diaspora_user_id: integer, count: integer)) {:method_arg=>false}) :count)) :-
    (filled-hole
      (int 0)
      (int 1)
      (int 2)
      (hole 1 {:hash_depth=>0, :method_arg=>true, :variance=>:+}) {:method_arg=>true})))
BASETYPE: Integer
SIZE WORK_LIST: 59
SIZE generated: 4
EVALUABLE#: 3

-------------------------

----------------
TTYPES
true or false
true or false
true or false
true or false
true or false
true or false
true or false
true or false
true or false
true or false
true or false

PROGS

LOCAL_COUNT: 38
GLOBAL_COUNT: 38

BASE_AFTER:
(begin
  (send
    (lvar :arg0) :count=
    (hole 1 {:hash_depth=>0, :method_arg=>true, :variance=>:+}))
  (true))
BASETYPE: true or false
SIZE WORK_LIST: 62
SIZE generated: 11
EVALUABLE#: 0

-------------------------

----------------
TTYPES
Integer
Integer

PROGS

LOCAL_COUNT: 39
GLOBAL_COUNT: 39

BASE_AFTER:
(begin
  (send
    (begin
      (send
        (lvar InvitationCode(id: integer, token: string, diaspora_user_id: integer, count: integer)) :count)) :-
    (int 0)))
BASETYPE: Integer
SIZE WORK_LIST: 72
SIZE generated: 2
EVALUABLE#: 0

-------------------------

----------------
TTYPES
Integer
Integer

PROGS

LOCAL_COUNT: 40
GLOBAL_COUNT: 40

BASE_AFTER:
(begin
  (send
    (begin
      (send
        (lvar InvitationCode(id: integer, token: string, diaspora_user_id: integer, count: integer)) :count)) :-
    (int 1)))
BASETYPE: Integer
SIZE WORK_LIST: 73
SIZE generated: 2
EVALUABLE#: 0

-------------------------

----------------
TTYPES
Integer
Integer

PROGS

LOCAL_COUNT: 41
GLOBAL_COUNT: 41

BASE_AFTER:
(begin
  (send
    (begin
      (send
        (lvar InvitationCode(id: integer, token: string, diaspora_user_id: integer, count: integer)) :count)) :-
    (int 2)))
BASETYPE: Integer
SIZE WORK_LIST: 74
SIZE generated: 2
EVALUABLE#: 0

-------------------------

----------------
TTYPES
true or false
true or false
true or false
true or false
true or false
true or false
true or false
true or false
true or false
true or false

PROGS

LOCAL_COUNT: 42
GLOBAL_COUNT: 42

BASE_AFTER:
(begin
  (send
    (lvar :arg0) :count=
    (begin
      (send
        (hole 0 {:hash_depth=>0, :limit_depth=>true, :recv=>true}) :-
        (hole 0 {:hash_depth=>0, :method_arg=>true}))))
  (true))
BASETYPE: true or false
SIZE WORK_LIST: 75
SIZE generated: 10
EVALUABLE#: 9

-------------------------

----------------
TTYPES
true or false

PROGS

LOCAL_COUNT: 43
GLOBAL_COUNT: 43

BASE_AFTER:
(begin
  (send
    (lvar :arg0) :count=
    (begin
      (send
        (hole 0 {:hash_depth=>0, :limit_depth=>true, :recv=>true}) :count)))
  (true))
BASETYPE: true or false
SIZE WORK_LIST: 75
SIZE generated: 1
EVALUABLE#: 1

-------------------------

----------------
TTYPES
true or false
true or false
true or false
true or false
true or false
true or false

PROGS

LOCAL_COUNT: 44
GLOBAL_COUNT: 44

BASE_AFTER:
(begin
  (send
    (lvar :arg0) :diaspora_user=
    (hole 1 {:hash_depth=>0, :method_arg=>true, :variance=>:+}))
  (true))
BASETYPE: true or false
SIZE WORK_LIST: 75
SIZE generated: 6
EVALUABLE#: 0

-------------------------

----------------
TTYPES
true or false
true or false

PROGS

LOCAL_COUNT: 45
GLOBAL_COUNT: 45

BASE_AFTER:
(begin
  (send
    (lvar :arg0) :count=
    (begin
      (send
        (lvar InvitationCode(id: integer, token: string, diaspora_user_id: integer, count: integer)) :count)))
  (true))
BASETYPE: true or false
SIZE WORK_LIST: 80
SIZE generated: 2
EVALUABLE#: 0

-------------------------

----------------
TTYPES
true or false

PROGS

LOCAL_COUNT: 46
GLOBAL_COUNT: 46

BASE_AFTER:
(begin
  (send
    (lvar :arg0) :diaspora_user=
    (begin
      (send
        (hole 0 {:hash_depth=>0, :limit_depth=>true, :recv=>true}) :count)))
  (true))
BASETYPE: true or false
SIZE WORK_LIST: 81
SIZE generated: 1
EVALUABLE#: 1

-------------------------

----------------
TTYPES
true or false
true or false
true or false
true or false
true or false
true or false
true or false
true or false
true or false
true or false
true or false

PROGS

LOCAL_COUNT: 47
GLOBAL_COUNT: 47

BASE_AFTER:
(begin
  (send
    (lvar :arg0) :count=
    (hole 1 {:hash_depth=>0, :method_arg=>true, :variance=>:+}))
  (false))
BASETYPE: true or false
SIZE WORK_LIST: 80
SIZE generated: 11
EVALUABLE#: 0

-------------------------

----------------
TTYPES
true or false

PROGS

LOCAL_COUNT: 48
GLOBAL_COUNT: 48

BASE_AFTER:
(begin
  (send
    (lvar :arg0) :count=
    (begin
      (send
        (hole 0 {:hash_depth=>0, :limit_depth=>true, :recv=>true}) :count)))
  (false))
BASETYPE: true or false
SIZE WORK_LIST: 90
SIZE generated: 1
EVALUABLE#: 1

-------------------------

----------------
TTYPES
true or false
true or false
true or false
true or false
true or false
true or false

PROGS

LOCAL_COUNT: 49
GLOBAL_COUNT: 49

BASE_AFTER:
(begin
  (send
    (lvar :arg0) :diaspora_user=
    (hole 1 {:hash_depth=>0, :method_arg=>true, :variance=>:+}))
  (false))
BASETYPE: true or false
SIZE WORK_LIST: 90
SIZE generated: 6
EVALUABLE#: 0

-------------------------

----------------
TTYPES
true or false
true or false

PROGS

LOCAL_COUNT: 50
GLOBAL_COUNT: 50

BASE_AFTER:
(begin
  (send
    (lvar :arg0) :count=
    (begin
      (send
        (lvar InvitationCode(id: integer, token: string, diaspora_user_id: integer, count: integer)) :count)))
  (false))
BASETYPE: true or false
SIZE WORK_LIST: 95
SIZE generated: 2
EVALUABLE#: 0

-------------------------

----------------
TTYPES
true or false

PROGS

LOCAL_COUNT: 51
GLOBAL_COUNT: 51

BASE_AFTER:
(begin
  (send
    (lvar :arg0) :diaspora_user=
    (begin
      (send
        (hole 0 {:hash_depth=>0, :limit_depth=>true, :recv=>true}) :count)))
  (false))
BASETYPE: true or false
SIZE WORK_LIST: 96
SIZE generated: 1
EVALUABLE#: 1

-------------------------

----------------
TTYPES
Integer
Integer
Integer
Integer
Integer
Integer
Integer
Integer
Integer
Integer
Integer

PROGS

LOCAL_COUNT: 52
GLOBAL_COUNT: 52

BASE_AFTER:
(begin
  (send
    (lvar :arg0) :count=
    (hole 1 {:hash_depth=>0, :method_arg=>true, :variance=>:+}))
  (int 0))
BASETYPE: Integer
SIZE WORK_LIST: 95
SIZE generated: 11
EVALUABLE#: 0

-------------------------

----------------
TTYPES
Integer

PROGS

LOCAL_COUNT: 53
GLOBAL_COUNT: 53

BASE_AFTER:
(begin
  (send
    (lvar :arg0) :count=
    (begin
      (send
        (hole 0 {:hash_depth=>0, :limit_depth=>true, :recv=>true}) :count)))
  (int 0))
BASETYPE: Integer
SIZE WORK_LIST: 105
SIZE generated: 1
EVALUABLE#: 1

-------------------------

----------------
TTYPES
Integer
Integer
Integer
Integer
Integer
Integer

PROGS

LOCAL_COUNT: 54
GLOBAL_COUNT: 54

BASE_AFTER:
(begin
  (send
    (lvar :arg0) :diaspora_user=
    (hole 1 {:hash_depth=>0, :method_arg=>true, :variance=>:+}))
  (int 0))
BASETYPE: Integer
SIZE WORK_LIST: 105
SIZE generated: 6
EVALUABLE#: 0

-------------------------

----------------
TTYPES
Integer
Integer

PROGS

LOCAL_COUNT: 55
GLOBAL_COUNT: 55

BASE_AFTER:
(begin
  (send
    (lvar :arg0) :count=
    (begin
      (send
        (lvar InvitationCode(id: integer, token: string, diaspora_user_id: integer, count: integer)) :count)))
  (int 0))
BASETYPE: Integer
SIZE WORK_LIST: 110
SIZE generated: 2
EVALUABLE#: 0

-------------------------

----------------
TTYPES
Integer

PROGS

LOCAL_COUNT: 56
GLOBAL_COUNT: 56

BASE_AFTER:
(begin
  (send
    (lvar :arg0) :diaspora_user=
    (begin
      (send
        (hole 0 {:hash_depth=>0, :limit_depth=>true, :recv=>true}) :count)))
  (int 0))
BASETYPE: Integer
SIZE WORK_LIST: 111
SIZE generated: 1
EVALUABLE#: 1

-------------------------

----------------
TTYPES
Integer
Integer
Integer
Integer
Integer
Integer
Integer
Integer
Integer
Integer
Integer

PROGS

LOCAL_COUNT: 57
GLOBAL_COUNT: 57

BASE_AFTER:
(begin
  (send
    (lvar :arg0) :count=
    (hole 1 {:hash_depth=>0, :method_arg=>true, :variance=>:+}))
  (int 1))
BASETYPE: Integer
SIZE WORK_LIST: 110
SIZE generated: 11
EVALUABLE#: 0

-------------------------

----------------
TTYPES
Integer

PROGS

LOCAL_COUNT: 58
GLOBAL_COUNT: 58

BASE_AFTER:
(begin
  (send
    (lvar :arg0) :count=
    (begin
      (send
        (hole 0 {:hash_depth=>0, :limit_depth=>true, :recv=>true}) :count)))
  (int 1))
BASETYPE: Integer
SIZE WORK_LIST: 120
SIZE generated: 1
EVALUABLE#: 1

-------------------------

----------------
TTYPES
Integer
Integer
Integer
Integer
Integer
Integer

PROGS

LOCAL_COUNT: 59
GLOBAL_COUNT: 59

BASE_AFTER:
(begin
  (send
    (lvar :arg0) :diaspora_user=
    (hole 1 {:hash_depth=>0, :method_arg=>true, :variance=>:+}))
  (int 1))
BASETYPE: Integer
SIZE WORK_LIST: 120
SIZE generated: 6
EVALUABLE#: 0

-------------------------

----------------
TTYPES
Integer
Integer

PROGS

LOCAL_COUNT: 60
GLOBAL_COUNT: 60

BASE_AFTER:
(begin
  (send
    (lvar :arg0) :count=
    (begin
      (send
        (lvar InvitationCode(id: integer, token: string, diaspora_user_id: integer, count: integer)) :count)))
  (int 1))
BASETYPE: Integer
SIZE WORK_LIST: 125
SIZE generated: 2
EVALUABLE#: 0

-------------------------

----------------
TTYPES
Integer

PROGS

LOCAL_COUNT: 61
GLOBAL_COUNT: 61

BASE_AFTER:
(begin
  (send
    (lvar :arg0) :diaspora_user=
    (begin
      (send
        (hole 0 {:hash_depth=>0, :limit_depth=>true, :recv=>true}) :count)))
  (int 1))
BASETYPE: Integer
SIZE WORK_LIST: 126
SIZE generated: 1
EVALUABLE#: 1

-------------------------

----------------
TTYPES
Integer
Integer
Integer
Integer
Integer
Integer
Integer
Integer
Integer
Integer
Integer

PROGS

LOCAL_COUNT: 62
GLOBAL_COUNT: 62

BASE_AFTER:
(begin
  (send
    (lvar :arg0) :count=
    (hole 1 {:hash_depth=>0, :method_arg=>true, :variance=>:+}))
  (int 2))
BASETYPE: Integer
SIZE WORK_LIST: 125
SIZE generated: 11
EVALUABLE#: 0

-------------------------

----------------
TTYPES
Integer

PROGS

LOCAL_COUNT: 63
GLOBAL_COUNT: 63

BASE_AFTER:
(begin
  (send
    (lvar :arg0) :count=
    (begin
      (send
        (hole 0 {:hash_depth=>0, :limit_depth=>true, :recv=>true}) :count)))
  (int 2))
BASETYPE: Integer
SIZE WORK_LIST: 135
SIZE generated: 1
EVALUABLE#: 1

-------------------------

----------------
TTYPES
Integer
Integer
Integer
Integer
Integer
Integer

PROGS

LOCAL_COUNT: 64
GLOBAL_COUNT: 64

BASE_AFTER:
(begin
  (send
    (lvar :arg0) :diaspora_user=
    (hole 1 {:hash_depth=>0, :method_arg=>true, :variance=>:+}))
  (int 2))
BASETYPE: Integer
SIZE WORK_LIST: 135
SIZE generated: 6
EVALUABLE#: 0

-------------------------

----------------
TTYPES
Integer
Integer

PROGS

LOCAL_COUNT: 65
GLOBAL_COUNT: 65

BASE_AFTER:
(begin
  (send
    (lvar :arg0) :count=
    (begin
      (send
        (lvar InvitationCode(id: integer, token: string, diaspora_user_id: integer, count: integer)) :count)))
  (int 2))
BASETYPE: Integer
SIZE WORK_LIST: 140
SIZE generated: 2
EVALUABLE#: 0

-------------------------

----------------
TTYPES
Integer

PROGS

LOCAL_COUNT: 66
GLOBAL_COUNT: 66

BASE_AFTER:
(begin
  (send
    (lvar :arg0) :diaspora_user=
    (begin
      (send
        (hole 0 {:hash_depth=>0, :limit_depth=>true, :recv=>true}) :count)))
  (int 2))
BASETYPE: Integer
SIZE WORK_LIST: 141
SIZE generated: 1
EVALUABLE#: 1

-------------------------

----------------
TTYPES
String
String
String
String
String
String
String
String
String
String
String

PROGS

LOCAL_COUNT: 67
GLOBAL_COUNT: 67

BASE_AFTER:
(begin
  (send
    (lvar :arg0) :count=
    (hole 1 {:hash_depth=>0, :method_arg=>true, :variance=>:+}))
  (str ""))
BASETYPE: String
SIZE WORK_LIST: 140
SIZE generated: 11
EVALUABLE#: 0

-------------------------

----------------
TTYPES
String

PROGS

LOCAL_COUNT: 68
GLOBAL_COUNT: 68

BASE_AFTER:
(begin
  (send
    (lvar :arg0) :count=
    (begin
      (send
        (hole 0 {:hash_depth=>0, :limit_depth=>true, :recv=>true}) :count)))
  (str ""))
BASETYPE: String
SIZE WORK_LIST: 150
SIZE generated: 1
EVALUABLE#: 1

-------------------------

----------------
TTYPES
String
String
String
String
String
String

PROGS

LOCAL_COUNT: 69
GLOBAL_COUNT: 69

BASE_AFTER:
(begin
  (send
    (lvar :arg0) :diaspora_user=
    (hole 1 {:hash_depth=>0, :method_arg=>true, :variance=>:+}))
  (str ""))
BASETYPE: String
SIZE WORK_LIST: 150
SIZE generated: 6
EVALUABLE#: 0

-------------------------

----------------
TTYPES
String
String

PROGS

LOCAL_COUNT: 70
GLOBAL_COUNT: 70

BASE_AFTER:
(begin
  (send
    (lvar :arg0) :count=
    (begin
      (send
        (lvar InvitationCode(id: integer, token: string, diaspora_user_id: integer, count: integer)) :count)))
  (str ""))
BASETYPE: String
SIZE WORK_LIST: 155
SIZE generated: 2
EVALUABLE#: 0

-------------------------

----------------
TTYPES
String

PROGS

LOCAL_COUNT: 71
GLOBAL_COUNT: 71

BASE_AFTER:
(begin
  (send
    (lvar :arg0) :diaspora_user=
    (begin
      (send
        (hole 0 {:hash_depth=>0, :limit_depth=>true, :recv=>true}) :count)))
  (str ""))
BASETYPE: String
SIZE WORK_LIST: 156
SIZE generated: 1
EVALUABLE#: 1

-------------------------

----------------
TTYPES
true or false
true or false
true or false
true or false

PROGS

LOCAL_COUNT: 72
GLOBAL_COUNT: 72

BASE_AFTER:
(begin
  (send
    (lvar :arg0) :count=
    (int 0))
  (send
    (hole 0 {:hash_depth=>0, :limit_depth=>true, :recv=>true}) :count=
    (hole 0 {:hash_depth=>0, :method_arg=>true}))
  (true))
BASETYPE: true or false
SIZE WORK_LIST: 155
SIZE generated: 4
EVALUABLE#: 3

-------------------------

----------------
TTYPES
true or false

PROGS

LOCAL_COUNT: 73
GLOBAL_COUNT: 73

BASE_AFTER:
(begin
  (send
    (lvar :arg0) :count=
    (int 0))
  (send
    (hole 0 {:hash_depth=>0, :limit_depth=>true, :recv=>true}) :diaspora_user=
    (hole 0 {:hash_depth=>0, :method_arg=>true}))
  (true))
BASETYPE: true or false
SIZE WORK_LIST: 157
SIZE generated: 1
EVALUABLE#: 0

-------------------------

----------------
TTYPES
true or false
true or false
true or false
true or false

PROGS

LOCAL_COUNT: 74
GLOBAL_COUNT: 74

BASE_AFTER:
(begin
  (send
    (lvar :arg0) :count=
    (int 1))
  (send
    (hole 0 {:hash_depth=>0, :limit_depth=>true, :recv=>true}) :count=
    (hole 0 {:hash_depth=>0, :method_arg=>true}))
  (true))
BASETYPE: true or false
SIZE WORK_LIST: 157
SIZE generated: 4
EVALUABLE#: 3

-------------------------

----------------
TTYPES
true or false

PROGS

LOCAL_COUNT: 75
GLOBAL_COUNT: 75

BASE_AFTER:
(begin
  (send
    (lvar :arg0) :count=
    (int 1))
  (send
    (hole 0 {:hash_depth=>0, :limit_depth=>true, :recv=>true}) :diaspora_user=
    (hole 0 {:hash_depth=>0, :method_arg=>true}))
  (true))
BASETYPE: true or false
SIZE WORK_LIST: 159
SIZE generated: 1
EVALUABLE#: 0

-------------------------

----------------
TTYPES
true or false
true or false
true or false
true or false

PROGS

LOCAL_COUNT: 76
GLOBAL_COUNT: 76

BASE_AFTER:
(begin
  (send
    (lvar :arg0) :count=
    (int 0))
  (send
    (hole 0 {:hash_depth=>0, :limit_depth=>true, :recv=>true}) :count=
    (hole 0 {:hash_depth=>0, :method_arg=>true}))
  (false))
BASETYPE: true or false
SIZE WORK_LIST: 159
SIZE generated: 4
EVALUABLE#: 3

-------------------------

----------------
TTYPES
true or false

PROGS

LOCAL_COUNT: 77
GLOBAL_COUNT: 77

BASE_AFTER:
(begin
  (send
    (lvar :arg0) :count=
    (int 0))
  (send
    (hole 0 {:hash_depth=>0, :limit_depth=>true, :recv=>true}) :diaspora_user=
    (hole 0 {:hash_depth=>0, :method_arg=>true}))
  (false))
BASETYPE: true or false
SIZE WORK_LIST: 161
SIZE generated: 1
EVALUABLE#: 0

-------------------------

----------------
TTYPES
true or false
true or false
true or false
true or false

PROGS

LOCAL_COUNT: 78
GLOBAL_COUNT: 78

BASE_AFTER:
(begin
  (send
    (lvar :arg0) :count=
    (int 1))
  (send
    (hole 0 {:hash_depth=>0, :limit_depth=>true, :recv=>true}) :count=
    (hole 0 {:hash_depth=>0, :method_arg=>true}))
  (false))
BASETYPE: true or false
SIZE WORK_LIST: 161
SIZE generated: 4
EVALUABLE#: 3

-------------------------

----------------
TTYPES
true or false

PROGS

LOCAL_COUNT: 79
GLOBAL_COUNT: 79

BASE_AFTER:
(begin
  (send
    (lvar :arg0) :count=
    (int 1))
  (send
    (hole 0 {:hash_depth=>0, :limit_depth=>true, :recv=>true}) :diaspora_user=
    (hole 0 {:hash_depth=>0, :method_arg=>true}))
  (false))
BASETYPE: true or false
SIZE WORK_LIST: 163
SIZE generated: 1
EVALUABLE#: 0

-------------------------

----------------
TTYPES
Integer
Integer
Integer
Integer
Integer

PROGS

LOCAL_COUNT: 80
GLOBAL_COUNT: 80

BASE_AFTER:
(begin
  (send
    (lvar :arg0) :count=
    (int 0))
  (send
    (hole 0 {:hash_depth=>0, :limit_depth=>true, :recv=>true}) :count=
    (hole 0 {:hash_depth=>0, :method_arg=>true}))
  (int 0))
BASETYPE: Integer
SIZE WORK_LIST: 163
SIZE generated: 5
EVALUABLE#: 4

-------------------------

----------------
TTYPES
Integer

PROGS

LOCAL_COUNT: 81
GLOBAL_COUNT: 81

BASE_AFTER:
(begin
  (send
    (lvar :arg0) :count=
    (int 0))
  (send
    (hole 0 {:hash_depth=>0, :limit_depth=>true, :recv=>true}) :diaspora_user=
    (hole 0 {:hash_depth=>0, :method_arg=>true}))
  (int 0))
BASETYPE: Integer
SIZE WORK_LIST: 166
SIZE generated: 1
EVALUABLE#: 0

-------------------------

----------------
TTYPES
Integer
Integer
Integer
Integer
Integer

PROGS

LOCAL_COUNT: 82
GLOBAL_COUNT: 82

BASE_AFTER:
(begin
  (send
    (lvar :arg0) :count=
    (int 1))
  (send
    (hole 0 {:hash_depth=>0, :limit_depth=>true, :recv=>true}) :count=
    (hole 0 {:hash_depth=>0, :method_arg=>true}))
  (int 0))
BASETYPE: Integer
SIZE WORK_LIST: 166
SIZE generated: 5
EVALUABLE#: 4

-------------------------

----------------
TTYPES
Integer

PROGS

LOCAL_COUNT: 83
GLOBAL_COUNT: 83

BASE_AFTER:
(begin
  (send
    (lvar :arg0) :count=
    (int 1))
  (send
    (hole 0 {:hash_depth=>0, :limit_depth=>true, :recv=>true}) :diaspora_user=
    (hole 0 {:hash_depth=>0, :method_arg=>true}))
  (int 0))
BASETYPE: Integer
SIZE WORK_LIST: 169
SIZE generated: 1
EVALUABLE#: 0

-------------------------

----------------
TTYPES
Integer
Integer
Integer
Integer
Integer

PROGS

LOCAL_COUNT: 84
GLOBAL_COUNT: 84

BASE_AFTER:
(begin
  (lvasgn :t0
    (int 0))
  (send
    (lvar :arg0) :count=
    (lvar :t0))
  (send
    (hole 0 {:hash_depth=>0, :limit_depth=>true, :recv=>true}) :count=
    (hole 0 {:hash_depth=>0, :method_arg=>true}))
  (lvar :t0))
BASETYPE: Integer
SIZE WORK_LIST: 169
SIZE generated: 5
EVALUABLE#: 4

-------------------------

----------------
TTYPES
Integer

PROGS

LOCAL_COUNT: 85
GLOBAL_COUNT: 85

BASE_AFTER:
(begin
  (lvasgn :t0
    (int 0))
  (send
    (lvar :arg0) :count=
    (lvar :t0))
  (send
    (hole 0 {:hash_depth=>0, :limit_depth=>true, :recv=>true}) :diaspora_user=
    (hole 0 {:hash_depth=>0, :method_arg=>true}))
  (lvar :t0))
BASETYPE: Integer
SIZE WORK_LIST: 172
SIZE generated: 1
EVALUABLE#: 0

-------------------------

----------------
TTYPES
Integer
Integer
Integer
Integer
Integer

PROGS

LOCAL_COUNT: 86
GLOBAL_COUNT: 86

BASE_AFTER:
(begin
  (send
    (lvar :arg0) :count=
    (int 0))
  (send
    (hole 0 {:hash_depth=>0, :limit_depth=>true, :recv=>true}) :count=
    (hole 0 {:hash_depth=>0, :method_arg=>true}))
  (int 1))
BASETYPE: Integer
SIZE WORK_LIST: 172
SIZE generated: 5
EVALUABLE#: 4

-------------------------

----------------
TTYPES
Integer

PROGS

LOCAL_COUNT: 87
GLOBAL_COUNT: 87

BASE_AFTER:
(begin
  (send
    (lvar :arg0) :count=
    (int 0))
  (send
    (hole 0 {:hash_depth=>0, :limit_depth=>true, :recv=>true}) :diaspora_user=
    (hole 0 {:hash_depth=>0, :method_arg=>true}))
  (int 1))
BASETYPE: Integer
SIZE WORK_LIST: 175
SIZE generated: 1
EVALUABLE#: 0

-------------------------

----------------
TTYPES
Integer
Integer
Integer
Integer
Integer

PROGS

LOCAL_COUNT: 88
GLOBAL_COUNT: 88

BASE_AFTER:
(begin
  (send
    (lvar :arg0) :count=
    (int 1))
  (send
    (hole 0 {:hash_depth=>0, :limit_depth=>true, :recv=>true}) :count=
    (hole 0 {:hash_depth=>0, :method_arg=>true}))
  (int 1))
BASETYPE: Integer
SIZE WORK_LIST: 175
SIZE generated: 5
EVALUABLE#: 4

-------------------------

----------------
TTYPES
Integer

PROGS

LOCAL_COUNT: 89
GLOBAL_COUNT: 89

BASE_AFTER:
(begin
  (send
    (lvar :arg0) :count=
    (int 1))
  (send
    (hole 0 {:hash_depth=>0, :limit_depth=>true, :recv=>true}) :diaspora_user=
    (hole 0 {:hash_depth=>0, :method_arg=>true}))
  (int 1))
BASETYPE: Integer
SIZE WORK_LIST: 178
SIZE generated: 1
EVALUABLE#: 0

-------------------------

----------------
TTYPES
Integer
Integer
Integer
Integer
Integer

PROGS

LOCAL_COUNT: 90
GLOBAL_COUNT: 90

BASE_AFTER:
(begin
  (lvasgn :t0
    (int 1))
  (send
    (lvar :arg0) :count=
    (lvar :t0))
  (send
    (hole 0 {:hash_depth=>0, :limit_depth=>true, :recv=>true}) :count=
    (hole 0 {:hash_depth=>0, :method_arg=>true}))
  (lvar :t0))
BASETYPE: Integer
SIZE WORK_LIST: 178
SIZE generated: 5
EVALUABLE#: 4

-------------------------

----------------
TTYPES
Integer

PROGS

LOCAL_COUNT: 91
GLOBAL_COUNT: 91

BASE_AFTER:
(begin
  (lvasgn :t0
    (int 1))
  (send
    (lvar :arg0) :count=
    (lvar :t0))
  (send
    (hole 0 {:hash_depth=>0, :limit_depth=>true, :recv=>true}) :diaspora_user=
    (hole 0 {:hash_depth=>0, :method_arg=>true}))
  (lvar :t0))
BASETYPE: Integer
SIZE WORK_LIST: 181
SIZE generated: 1
EVALUABLE#: 0

-------------------------

----------------
TTYPES
Integer
Integer
Integer
Integer
Integer

PROGS

LOCAL_COUNT: 92
GLOBAL_COUNT: 92

BASE_AFTER:
(begin
  (send
    (lvar :arg0) :count=
    (int 0))
  (send
    (hole 0 {:hash_depth=>0, :limit_depth=>true, :recv=>true}) :count=
    (hole 0 {:hash_depth=>0, :method_arg=>true}))
  (int 2))
BASETYPE: Integer
SIZE WORK_LIST: 181
SIZE generated: 5
EVALUABLE#: 4

-------------------------

----------------
TTYPES
Integer

PROGS

LOCAL_COUNT: 93
GLOBAL_COUNT: 93

BASE_AFTER:
(begin
  (send
    (lvar :arg0) :count=
    (int 0))
  (send
    (hole 0 {:hash_depth=>0, :limit_depth=>true, :recv=>true}) :diaspora_user=
    (hole 0 {:hash_depth=>0, :method_arg=>true}))
  (int 2))
BASETYPE: Integer
SIZE WORK_LIST: 183
SIZE generated: 1
EVALUABLE#: 0

-------------------------

----------------
TTYPES
Integer
Integer
Integer
Integer
Integer

PROGS

LOCAL_COUNT: 94
GLOBAL_COUNT: 94

BASE_AFTER:
(begin
  (send
    (lvar :arg0) :count=
    (int 1))
  (send
    (hole 0 {:hash_depth=>0, :limit_depth=>true, :recv=>true}) :count=
    (hole 0 {:hash_depth=>0, :method_arg=>true}))
  (int 2))
BASETYPE: Integer
SIZE WORK_LIST: 183
SIZE generated: 5
EVALUABLE#: 4

-------------------------

----------------
TTYPES
Integer

PROGS

LOCAL_COUNT: 95
GLOBAL_COUNT: 95

BASE_AFTER:
(begin
  (send
    (lvar :arg0) :count=
    (int 1))
  (send
    (hole 0 {:hash_depth=>0, :limit_depth=>true, :recv=>true}) :diaspora_user=
    (hole 0 {:hash_depth=>0, :method_arg=>true}))
  (int 2))
BASETYPE: Integer
SIZE WORK_LIST: 185
SIZE generated: 1
EVALUABLE#: 0

-------------------------

----------------
TTYPES
String
String
String
String

PROGS

LOCAL_COUNT: 96
GLOBAL_COUNT: 96

BASE_AFTER:
(begin
  (send
    (lvar :arg0) :count=
    (int 0))
  (send
    (hole 0 {:hash_depth=>0, :limit_depth=>true, :recv=>true}) :count=
    (hole 0 {:hash_depth=>0, :method_arg=>true}))
  (str ""))
BASETYPE: String
SIZE WORK_LIST: 185
SIZE generated: 4
EVALUABLE#: 3

-------------------------

----------------
TTYPES
String

PROGS

LOCAL_COUNT: 97
GLOBAL_COUNT: 97

BASE_AFTER:
(begin
  (send
    (lvar :arg0) :count=
    (int 0))
  (send
    (hole 0 {:hash_depth=>0, :limit_depth=>true, :recv=>true}) :diaspora_user=
    (hole 0 {:hash_depth=>0, :method_arg=>true}))
  (str ""))
BASETYPE: String
SIZE WORK_LIST: 187
SIZE generated: 1
EVALUABLE#: 0

-------------------------

----------------
TTYPES
String
String
String
String

PROGS

LOCAL_COUNT: 98
GLOBAL_COUNT: 98

BASE_AFTER:
(begin
  (send
    (lvar :arg0) :count=
    (int 1))
  (send
    (hole 0 {:hash_depth=>0, :limit_depth=>true, :recv=>true}) :count=
    (hole 0 {:hash_depth=>0, :method_arg=>true}))
  (str ""))
BASETYPE: String
SIZE WORK_LIST: 187
SIZE generated: 4
EVALUABLE#: 3

-------------------------

----------------
TTYPES
String

PROGS

LOCAL_COUNT: 99
GLOBAL_COUNT: 99

BASE_AFTER:
(begin
  (send
    (lvar :arg0) :count=
    (int 1))
  (send
    (hole 0 {:hash_depth=>0, :limit_depth=>true, :recv=>true}) :diaspora_user=
    (hole 0 {:hash_depth=>0, :method_arg=>true}))
  (str ""))
BASETYPE: String
SIZE WORK_LIST: 189
SIZE generated: 1
EVALUABLE#: 0

-------------------------

----------------
TTYPES
Integer
Integer
Integer
Integer
Integer
Integer
Integer
Integer
Integer
Integer
Integer
Integer
Integer
Integer
Integer
Integer

PROGS

LOCAL_COUNT: 100
GLOBAL_COUNT: 100

BASE_AFTER:
(begin
  (send
    (send
      (filled-hole
        (lvar :arg0) {:method_arg=>false}) :id=
      (filled-hole
        (int 0)
        (int 1)
        (int 2)
        (hole 1 {:hash_depth=>0, :method_arg=>true, :variance=>:+}) {:method_arg=>true})) :-
    (filled-hole
      (int 0)
      (int 1)
      (int 2)
      (hole 1 {:hash_depth=>0, :method_arg=>true, :variance=>:+}) {:method_arg=>true})))
BASETYPE: Integer
SIZE WORK_LIST: 189
SIZE generated: 16
EVALUABLE#: 9

-------------------------

----------------
TTYPES
true or false
true or false
Integer
Integer
Integer
String
%bot

PROGS

LOCAL_COUNT: 1
GLOBAL_COUNT: 101

BASE_AFTER:
(filled-hole
  (true)
  (false)
  (int 0)
  (int 1)
  (int 2)
  (str "")
  (hole 1 {:hash_depth=>0, :method_arg=>false, :variance=>:-}) {:method_arg=>false})
BASETYPE: %bot
SIZE WORK_LIST: 0
SIZE generated: 7
EVALUABLE#: 6

-------------------------

----------------
TTYPES
true or false
true or false

PROGS

LOCAL_COUNT: 2
GLOBAL_COUNT: 102

BASE_AFTER:
(true)
BASETYPE: true or false
SIZE WORK_LIST: 6
SIZE generated: 2
EVALUABLE#: 0

-------------------------

----------------
TTYPES
true or false
true or false

PROGS

LOCAL_COUNT: 3
GLOBAL_COUNT: 103

BASE_AFTER:
(false)
BASETYPE: true or false
SIZE WORK_LIST: 7
SIZE generated: 2
EVALUABLE#: 0

-------------------------

----------------
TTYPES
Integer
Integer

PROGS

LOCAL_COUNT: 4
GLOBAL_COUNT: 104

BASE_AFTER:
(int 0)
BASETYPE: Integer
SIZE WORK_LIST: 8
SIZE generated: 2
EVALUABLE#: 0

-------------------------

----------------
TTYPES
Integer
Integer

PROGS

LOCAL_COUNT: 5
GLOBAL_COUNT: 105

BASE_AFTER:
(int 1)
BASETYPE: Integer
SIZE WORK_LIST: 9
SIZE generated: 2
EVALUABLE#: 0

-------------------------

----------------
TTYPES
Integer
Integer

PROGS

LOCAL_COUNT: 6
GLOBAL_COUNT: 106

BASE_AFTER:
(int 2)
BASETYPE: Integer
SIZE WORK_LIST: 10
SIZE generated: 2
EVALUABLE#: 0

-------------------------

----------------
TTYPES
String
String

PROGS

LOCAL_COUNT: 7
GLOBAL_COUNT: 107

BASE_AFTER:
(str "")
BASETYPE: String
SIZE WORK_LIST: 11
SIZE generated: 2
EVALUABLE#: 0

-------------------------

----------------
TTYPES
%bot

PROGS

LOCAL_COUNT: 8
GLOBAL_COUNT: 108

BASE_AFTER:
(filled-hole
  (hole 2 {:hash_depth=>0, :method_arg=>false, :variance=>:-}) {:method_arg=>false})
BASETYPE: %bot
SIZE WORK_LIST: 12
SIZE generated: 1
EVALUABLE#: 0

-------------------------

----------------
TTYPES
true or false
true or false
true or false
true or false

PROGS

LOCAL_COUNT: 9
GLOBAL_COUNT: 109

BASE_AFTER:
(begin
  (send
    (hole 0 {:hash_depth=>0, :limit_depth=>true, :recv=>true}) :count=
    (hole 0 {:hash_depth=>0, :method_arg=>true}))
  (true))
BASETYPE: true or false
SIZE WORK_LIST: 12
SIZE generated: 4
EVALUABLE#: 3

-------------------------

----------------
TTYPES
true or false

PROGS

LOCAL_COUNT: 1
GLOBAL_COUNT: 110

BASE_AFTER:
(filled-hole
  (hole 1 {:hash_depth=>0, :method_arg=>false, :variance=>:+}) {:method_arg=>false})
BASETYPE: true or false
SIZE WORK_LIST: 0
SIZE generated: 1
EVALUABLE#: 0

-------------------------

----------------
TTYPES
true or false

PROGS

LOCAL_COUNT: 2
GLOBAL_COUNT: 111

BASE_AFTER:
(filled-hole
  (hole 2 {:hash_depth=>0, :method_arg=>false, :variance=>:+}) {:method_arg=>false})
BASETYPE: true or false
SIZE WORK_LIST: 0
SIZE generated: 1
EVALUABLE#: 0

-------------------------

----------------
TTYPES
true or false

PROGS

LOCAL_COUNT: 3
GLOBAL_COUNT: 112

BASE_AFTER:
(filled-hole
  (hole 3 {:hash_depth=>0, :method_arg=>false, :variance=>:+}) {:method_arg=>false})
BASETYPE: true or false
SIZE WORK_LIST: 0
SIZE generated: 1
EVALUABLE#: 0

-------------------------

----------------
TTYPES
true or false

PROGS

LOCAL_COUNT: 4
GLOBAL_COUNT: 113

BASE_AFTER:
(filled-hole
  (hole 4 {:hash_depth=>0, :method_arg=>false, :variance=>:+}) {:method_arg=>false})
BASETYPE: true or false
SIZE WORK_LIST: 0
SIZE generated: 1
EVALUABLE#: 0

-------------------------

----------------
TTYPES
true or false

PROGS

LOCAL_COUNT: 5
GLOBAL_COUNT: 114

BASE_AFTER:
(filled-hole
  (hole 5 {:hash_depth=>0, :method_arg=>false, :variance=>:+}) {:method_arg=>false})
BASETYPE: true or false
SIZE WORK_LIST: 0
SIZE generated: 1
EVALUABLE#: 0

-------------------------

----------------
TTYPES
true or false

PROGS

LOCAL_COUNT: 6
GLOBAL_COUNT: 115

BASE_AFTER:
(filled-hole
  (hole 6 {:hash_depth=>0, :method_arg=>false, :variance=>:+}) {:method_arg=>false})
BASETYPE: true or false
SIZE WORK_LIST: 0
SIZE generated: 1
EVALUABLE#: 0

-------------------------

----------------
TTYPES
true or false
true or false
Integer
Integer
Integer
String
%bot

PROGS

LOCAL_COUNT: 1
GLOBAL_COUNT: 1

BASE_AFTER:
(filled-hole
  (true)
  (false)
  (int 0)
  (int 1)
  (int 2)
  (str "")
  (hole 1 {:hash_depth=>0, :method_arg=>false, :variance=>:-}) {:method_arg=>false})
BASETYPE: %bot
SIZE WORK_LIST: 0
SIZE generated: 7
EVALUABLE#: 6

-------------------------

----------------
TTYPES
true or false
true or false

PROGS

LOCAL_COUNT: 2
GLOBAL_COUNT: 2

BASE_AFTER:
(true)
BASETYPE: true or false
SIZE WORK_LIST: 6
SIZE generated: 2
EVALUABLE#: 0

-------------------------

----------------
TTYPES
true or false
true or false

PROGS

LOCAL_COUNT: 3
GLOBAL_COUNT: 3

BASE_AFTER:
(false)
BASETYPE: true or false
SIZE WORK_LIST: 7
SIZE generated: 2
EVALUABLE#: 0

-------------------------

----------------
TTYPES
Integer
Integer

PROGS

LOCAL_COUNT: 4
GLOBAL_COUNT: 4

BASE_AFTER:
(int 0)
BASETYPE: Integer
SIZE WORK_LIST: 8
SIZE generated: 2
EVALUABLE#: 0

-------------------------

----------------
TTYPES
Integer
Integer

PROGS

LOCAL_COUNT: 5
GLOBAL_COUNT: 5

BASE_AFTER:
(int 1)
BASETYPE: Integer
SIZE WORK_LIST: 9
SIZE generated: 2
EVALUABLE#: 0

-------------------------

----------------
TTYPES
Integer
Integer

PROGS

LOCAL_COUNT: 6
GLOBAL_COUNT: 6

BASE_AFTER:
(int 2)
BASETYPE: Integer
SIZE WORK_LIST: 10
SIZE generated: 2
EVALUABLE#: 0

-------------------------

----------------
TTYPES
String
String

PROGS

LOCAL_COUNT: 7
GLOBAL_COUNT: 7

BASE_AFTER:
(str "")
BASETYPE: String
SIZE WORK_LIST: 11
SIZE generated: 2
EVALUABLE#: 0

-------------------------

----------------
TTYPES
%bot

PROGS

LOCAL_COUNT: 8
GLOBAL_COUNT: 8

BASE_AFTER:
(filled-hole
  (begin
    (send
      (hole 0 {:hash_depth=>0, :limit_depth=>true, :recv=>true}) :-
      (hole 0 {:hash_depth=>0, :method_arg=>true})))
  (begin
    (send
      (hole 0 {:hash_depth=>0, :limit_depth=>true, :recv=>true}) :count))
  (begin
    (send
      (hole 0 {:hash_depth=>0, :limit_depth=>true, :recv=>true}) :-
      (hole 0 {:hash_depth=>0, :method_arg=>true})))
  (hole 2 {:hash_depth=>0, :method_arg=>false, :variance=>:-}) {:method_arg=>false})
BASETYPE: %bot
SIZE WORK_LIST: 12
SIZE generated: 1
EVALUABLE#: 0

-------------------------

----------------
TTYPES
true or false
true or false
true or false
true or false

PROGS

LOCAL_COUNT: 9
GLOBAL_COUNT: 9

BASE_AFTER:
(begin
  (send
    (hole 0 {:hash_depth=>0, :limit_depth=>true, :recv=>true}) :count=
    (hole 0 {:hash_depth=>0, :method_arg=>true}))
  (true))
BASETYPE: true or false
SIZE WORK_LIST: 12
SIZE generated: 4
EVALUABLE#: 3

-------------------------

----------------
TTYPES
true or false

PROGS

LOCAL_COUNT: 10
GLOBAL_COUNT: 10

BASE_AFTER:
(begin
  (send
    (hole 0 {:hash_depth=>0, :limit_depth=>true, :recv=>true}) :diaspora_user=
    (hole 0 {:hash_depth=>0, :method_arg=>true}))
  (true))
BASETYPE: true or false
SIZE WORK_LIST: 14
SIZE generated: 1
EVALUABLE#: 0

-------------------------

----------------
TTYPES
true or false
true or false
true or false
true or false

PROGS

LOCAL_COUNT: 11
GLOBAL_COUNT: 11

BASE_AFTER:
(begin
  (send
    (hole 0 {:hash_depth=>0, :limit_depth=>true, :recv=>true}) :count=
    (hole 0 {:hash_depth=>0, :method_arg=>true}))
  (false))
BASETYPE: true or false
SIZE WORK_LIST: 14
SIZE generated: 4
EVALUABLE#: 3

-------------------------

----------------
TTYPES
true or false

PROGS

LOCAL_COUNT: 12
GLOBAL_COUNT: 12

BASE_AFTER:
(begin
  (send
    (hole 0 {:hash_depth=>0, :limit_depth=>true, :recv=>true}) :diaspora_user=
    (hole 0 {:hash_depth=>0, :method_arg=>true}))
  (false))
BASETYPE: true or false
SIZE WORK_LIST: 16
SIZE generated: 1
EVALUABLE#: 0

-------------------------

----------------
TTYPES
Integer
Integer
Integer
Integer
Integer

PROGS

LOCAL_COUNT: 13
GLOBAL_COUNT: 13

BASE_AFTER:
(begin
  (send
    (hole 0 {:hash_depth=>0, :limit_depth=>true, :recv=>true}) :count=
    (hole 0 {:hash_depth=>0, :method_arg=>true}))
  (int 0))
BASETYPE: Integer
SIZE WORK_LIST: 16
SIZE generated: 5
EVALUABLE#: 4

-------------------------

----------------
TTYPES
Integer

PROGS

LOCAL_COUNT: 14
GLOBAL_COUNT: 14

BASE_AFTER:
(begin
  (send
    (hole 0 {:hash_depth=>0, :limit_depth=>true, :recv=>true}) :diaspora_user=
    (hole 0 {:hash_depth=>0, :method_arg=>true}))
  (int 0))
BASETYPE: Integer
SIZE WORK_LIST: 19
SIZE generated: 1
EVALUABLE#: 0

-------------------------

----------------
TTYPES
Integer
Integer
Integer
Integer
Integer

PROGS

LOCAL_COUNT: 15
GLOBAL_COUNT: 15

BASE_AFTER:
(begin
  (send
    (hole 0 {:hash_depth=>0, :limit_depth=>true, :recv=>true}) :count=
    (hole 0 {:hash_depth=>0, :method_arg=>true}))
  (int 1))
BASETYPE: Integer
SIZE WORK_LIST: 19
SIZE generated: 5
EVALUABLE#: 4

-------------------------

----------------
TTYPES
Integer

PROGS

LOCAL_COUNT: 16
GLOBAL_COUNT: 16

BASE_AFTER:
(begin
  (send
    (hole 0 {:hash_depth=>0, :limit_depth=>true, :recv=>true}) :diaspora_user=
    (hole 0 {:hash_depth=>0, :method_arg=>true}))
  (int 1))
BASETYPE: Integer
SIZE WORK_LIST: 22
SIZE generated: 1
EVALUABLE#: 0

-------------------------

----------------
TTYPES
Integer
Integer
Integer
Integer
Integer

PROGS

LOCAL_COUNT: 17
GLOBAL_COUNT: 17

BASE_AFTER:
(begin
  (send
    (hole 0 {:hash_depth=>0, :limit_depth=>true, :recv=>true}) :count=
    (hole 0 {:hash_depth=>0, :method_arg=>true}))
  (int 2))
BASETYPE: Integer
SIZE WORK_LIST: 22
SIZE generated: 5
EVALUABLE#: 4

-------------------------

----------------
TTYPES
Integer

PROGS

LOCAL_COUNT: 18
GLOBAL_COUNT: 18

BASE_AFTER:
(begin
  (send
    (hole 0 {:hash_depth=>0, :limit_depth=>true, :recv=>true}) :diaspora_user=
    (hole 0 {:hash_depth=>0, :method_arg=>true}))
  (int 2))
BASETYPE: Integer
SIZE WORK_LIST: 24
SIZE generated: 1
EVALUABLE#: 0

-------------------------

----------------
TTYPES
String
String
String
String

PROGS

LOCAL_COUNT: 19
GLOBAL_COUNT: 19

BASE_AFTER:
(begin
  (send
    (hole 0 {:hash_depth=>0, :limit_depth=>true, :recv=>true}) :count=
    (hole 0 {:hash_depth=>0, :method_arg=>true}))
  (str ""))
BASETYPE: String
SIZE WORK_LIST: 24
SIZE generated: 4
EVALUABLE#: 3

-------------------------

----------------
TTYPES
String

PROGS

LOCAL_COUNT: 20
GLOBAL_COUNT: 20

BASE_AFTER:
(begin
  (send
    (hole 0 {:hash_depth=>0, :limit_depth=>true, :recv=>true}) :diaspora_user=
    (hole 0 {:hash_depth=>0, :method_arg=>true}))
  (str ""))
BASETYPE: String
SIZE WORK_LIST: 26
SIZE generated: 1
EVALUABLE#: 0

-------------------------

----------------
TTYPES
true or false
true or false

PROGS

LOCAL_COUNT: 21
GLOBAL_COUNT: 21

BASE_AFTER:
(begin
  (send
    (lvar :arg0) :count=
    (int 0))
  (true))
BASETYPE: true or false
SIZE WORK_LIST: 26
SIZE generated: 2
EVALUABLE#: 0

-------------------------

----------------
TTYPES
true or false
true or false

PROGS

LOCAL_COUNT: 22
GLOBAL_COUNT: 22

BASE_AFTER:
(begin
  (send
    (lvar :arg0) :count=
    (int 1))
  (true))
BASETYPE: true or false
SIZE WORK_LIST: 27
SIZE generated: 2
EVALUABLE#: 0

-------------------------

----------------
TTYPES
true or false
true or false

PROGS

LOCAL_COUNT: 23
GLOBAL_COUNT: 23

BASE_AFTER:
(begin
  (send
    (lvar :arg0) :count=
    (int 0))
  (false))
BASETYPE: true or false
SIZE WORK_LIST: 28
SIZE generated: 2
EVALUABLE#: 0

-------------------------

----------------
TTYPES
true or false
true or false

PROGS

LOCAL_COUNT: 24
GLOBAL_COUNT: 24

BASE_AFTER:
(begin
  (send
    (lvar :arg0) :count=
    (int 1))
  (false))
BASETYPE: true or false
SIZE WORK_LIST: 29
SIZE generated: 2
EVALUABLE#: 0

-------------------------

----------------
TTYPES
Integer
Integer

PROGS

LOCAL_COUNT: 25
GLOBAL_COUNT: 25

BASE_AFTER:
(begin
  (send
    (lvar :arg0) :count=
    (int 0))
  (int 0))
BASETYPE: Integer
SIZE WORK_LIST: 30
SIZE generated: 2
EVALUABLE#: 0

-------------------------

----------------
TTYPES
Integer
Integer

PROGS

LOCAL_COUNT: 26
GLOBAL_COUNT: 26

BASE_AFTER:
(begin
  (send
    (lvar :arg0) :count=
    (int 1))
  (int 0))
BASETYPE: Integer
SIZE WORK_LIST: 31
SIZE generated: 2
EVALUABLE#: 0

-------------------------

----------------
TTYPES
Integer
Integer

PROGS

LOCAL_COUNT: 27
GLOBAL_COUNT: 27

BASE_AFTER:
(begin
  (lvasgn :t0
    (int 0))
  (send
    (lvar :arg0) :count=
    (lvar :t0))
  (lvar :t0))
BASETYPE: Integer
SIZE WORK_LIST: 32
SIZE generated: 2
EVALUABLE#: 0

-------------------------

----------------
TTYPES
Integer
Integer

PROGS

LOCAL_COUNT: 28
GLOBAL_COUNT: 28

BASE_AFTER:
(begin
  (send
    (lvar :arg0) :count=
    (int 0))
  (int 1))
BASETYPE: Integer
SIZE WORK_LIST: 33
SIZE generated: 2
EVALUABLE#: 0

-------------------------

----------------
TTYPES
Integer
Integer

PROGS

LOCAL_COUNT: 29
GLOBAL_COUNT: 29

BASE_AFTER:
(begin
  (send
    (lvar :arg0) :count=
    (int 1))
  (int 1))
BASETYPE: Integer
SIZE WORK_LIST: 34
SIZE generated: 2
EVALUABLE#: 0

-------------------------

----------------
TTYPES
Integer
Integer

PROGS

LOCAL_COUNT: 30
GLOBAL_COUNT: 30

BASE_AFTER:
(begin
  (lvasgn :t0
    (int 1))
  (send
    (lvar :arg0) :count=
    (lvar :t0))
  (lvar :t0))
BASETYPE: Integer
SIZE WORK_LIST: 35
SIZE generated: 2
EVALUABLE#: 0

-------------------------

----------------
TTYPES
Integer
Integer

PROGS

LOCAL_COUNT: 31
GLOBAL_COUNT: 31

BASE_AFTER:
(begin
  (send
    (lvar :arg0) :count=
    (int 0))
  (int 2))
BASETYPE: Integer
SIZE WORK_LIST: 36
SIZE generated: 2
EVALUABLE#: 0

-------------------------

----------------
TTYPES
Integer
Integer

PROGS

LOCAL_COUNT: 32
GLOBAL_COUNT: 32

BASE_AFTER:
(begin
  (send
    (lvar :arg0) :count=
    (int 1))
  (int 2))
BASETYPE: Integer
SIZE WORK_LIST: 37
SIZE generated: 2
EVALUABLE#: 0

-------------------------

----------------
TTYPES
String
String

PROGS

LOCAL_COUNT: 33
GLOBAL_COUNT: 33

BASE_AFTER:
(begin
  (send
    (lvar :arg0) :count=
    (int 0))
  (str ""))
BASETYPE: String
SIZE WORK_LIST: 38
SIZE generated: 2
EVALUABLE#: 0

-------------------------

----------------
TTYPES
String
String

PROGS

LOCAL_COUNT: 34
GLOBAL_COUNT: 34

BASE_AFTER:
(begin
  (send
    (lvar :arg0) :count=
    (int 1))
  (str ""))
BASETYPE: String
SIZE WORK_LIST: 39
SIZE generated: 2
EVALUABLE#: 0

-------------------------

----------------
TTYPES
Integer
Integer
Integer
Integer
Integer
Integer
Integer
Integer
%bot

PROGS

LOCAL_COUNT: 35
GLOBAL_COUNT: 35

BASE_AFTER:
(filled-hole
  (begin
    (send
      (send
        (hole 0 {:hash_depth=>0, :limit_depth=>true, :recv=>true}) :id=
        (hole 0 {:hash_depth=>0, :method_arg=>true})) :-
      (hole 0 {:hash_depth=>0, :method_arg=>true})))
  (begin
    (send
      (send
        (hole 0 {:hash_depth=>0, :limit_depth=>true, :recv=>true}) :id=
        (hole 0 {:hash_depth=>0, :method_arg=>true})) :-
      (hole 0 {:hash_depth=>0, :method_arg=>true})))
  (begin
    (send
      (send
        (hole 0 {:hash_depth=>0, :limit_depth=>true, :recv=>true}) :id=
        (hole 0 {:hash_depth=>0, :method_arg=>true})) :count))
  (begin
    (send
      (send
        (hole 0 {:hash_depth=>0, :limit_depth=>true, :recv=>true}) :id) :-
      (hole 0 {:hash_depth=>0, :method_arg=>true})))
  (begin
    (send
      (send
        (hole 0 {:hash_depth=>0, :limit_depth=>true, :recv=>true}) :id) :-
      (hole 0 {:hash_depth=>0, :method_arg=>true})))
  (begin
    (send
      (send
        (hole 0 {:hash_depth=>0, :limit_depth=>true, :recv=>true}) :id) :count))
  (begin
    (send
      (send
        (hole 0 {:hash_depth=>0, :limit_depth=>true, :recv=>true}) :token=
        (hole 0 {:hash_depth=>0, :method_arg=>true})) :count))
  (begin
    (send
      (send
        (hole 0 {:hash_depth=>0, :limit_depth=>true, :recv=>true}) :token=
        (hole 0 {:hash_depth=>0, :method_arg=>true})) :-
      (hole 0 {:hash_depth=>0, :method_arg=>true})))
  (begin
    (send
      (send
        (hole 0 {:hash_depth=>0, :limit_depth=>true, :recv=>true}) :token) :count))
  (begin
    (send
      (send
        (hole 0 {:hash_depth=>0, :limit_depth=>true, :recv=>true}) :token) :-
      (hole 0 {:hash_depth=>0, :method_arg=>true})))
  (begin
    (send
      (send
        (hole 0 {:hash_depth=>0, :limit_depth=>true, :recv=>true}) :diaspora_user_id=
        (hole 0 {:hash_depth=>0, :method_arg=>true})) :-
      (hole 0 {:hash_depth=>0, :method_arg=>true})))
  (begin
    (send
      (send
        (hole 0 {:hash_depth=>0, :limit_depth=>true, :recv=>true}) :diaspora_user_id=
        (hole 0 {:hash_depth=>0, :method_arg=>true})) :-
      (hole 0 {:hash_depth=>0, :method_arg=>true})))
  (begin
    (send
      (send
        (hole 0 {:hash_depth=>0, :limit_depth=>true, :recv=>true}) :diaspora_user_id=
        (hole 0 {:hash_depth=>0, :method_arg=>true})) :count))
  (begin
    (send
      (send
        (hole 0 {:hash_depth=>0, :limit_depth=>true, :recv=>true}) :diaspora_user_id) :-
      (hole 0 {:hash_depth=>0, :method_arg=>true})))
  (begin
    (send
      (send
        (hole 0 {:hash_depth=>0, :limit_depth=>true, :recv=>true}) :diaspora_user_id) :-
      (hole 0 {:hash_depth=>0, :method_arg=>true})))
  (begin
    (send
      (send
        (hole 0 {:hash_depth=>0, :limit_depth=>true, :recv=>true}) :diaspora_user_id) :count))
  (begin
    (send
      (send
        (hole 0 {:hash_depth=>0, :limit_depth=>true, :recv=>true}) :count=
        (hole 0 {:hash_depth=>0, :method_arg=>true})) :-
      (hole 0 {:hash_depth=>0, :method_arg=>true})))
  (begin
    (send
      (send
        (hole 0 {:hash_depth=>0, :limit_depth=>true, :recv=>true}) :count=
        (hole 0 {:hash_depth=>0, :method_arg=>true})) :-
      (hole 0 {:hash_depth=>0, :method_arg=>true})))
  (begin
    (send
      (send
        (hole 0 {:hash_depth=>0, :limit_depth=>true, :recv=>true}) :count=
        (hole 0 {:hash_depth=>0, :method_arg=>true})) :count))
  (begin
    (send
      (begin
        (send
          (hole 0 {:hash_depth=>0, :limit_depth=>true, :recv=>true}) :count)) :-
      (hole 0 {:hash_depth=>0, :method_arg=>true})))
  (begin
    (send
      (begin
        (send
          (hole 0 {:hash_depth=>0, :limit_depth=>true, :recv=>true}) :count)) :-
      (hole 0 {:hash_depth=>0, :method_arg=>true})))
  (begin
    (send
      (begin
        (send
          (hole 0 {:hash_depth=>0, :limit_depth=>true, :recv=>true}) :count)) :count))
  (begin
    (send
      (send
        (hole 0 {:hash_depth=>0, :limit_depth=>true, :recv=>true}) :diaspora_user) :count))
  (begin
    (send
      (send
        (hole 0 {:hash_depth=>0, :limit_depth=>true, :recv=>true}) :diaspora_user) :-
      (hole 0 {:hash_depth=>0, :method_arg=>true})))
  (begin
    (send
      (send
        (hole 0 {:hash_depth=>0, :limit_depth=>true, :recv=>true}) :diaspora_user=
        (hole 0 {:hash_depth=>0, :method_arg=>true})) :count))
  (begin
    (send
      (send
        (hole 0 {:hash_depth=>0, :limit_depth=>true, :recv=>true}) :diaspora_user=
        (hole 0 {:hash_depth=>0, :method_arg=>true})) :-
      (hole 0 {:hash_depth=>0, :method_arg=>true})))
  (begin
    (send
      (begin
        (send
          (hole 0 {:hash_depth=>0, :limit_depth=>true, :recv=>true}) :-
          (hole 0 {:hash_depth=>0, :method_arg=>true}))) :-
      (hole 0 {:hash_depth=>0, :method_arg=>true})))
  (begin
    (send
      (begin
        (send
          (hole 0 {:hash_depth=>0, :limit_depth=>true, :recv=>true}) :-
          (hole 0 {:hash_depth=>0, :method_arg=>true}))) :-
      (hole 0 {:hash_depth=>0, :method_arg=>true})))
  (begin
    (send
      (begin
        (send
          (hole 0 {:hash_depth=>0, :limit_depth=>true, :recv=>true}) :count)) :-
      (hole 0 {:hash_depth=>0, :method_arg=>true})))
  (begin
    (send
      (begin
        (send
          (hole 0 {:hash_depth=>0, :limit_depth=>true, :recv=>true}) :count)) :-
      (hole 0 {:hash_depth=>0, :method_arg=>true})))
  (begin
    (send
      (begin
        (send
          (hole 0 {:hash_depth=>0, :limit_depth=>true, :recv=>true}) :-
          (hole 0 {:hash_depth=>0, :method_arg=>true}))) :-
      (hole 0 {:hash_depth=>0, :method_arg=>true})))
  (begin
    (send
      (begin
        (send
          (hole 0 {:hash_depth=>0, :limit_depth=>true, :recv=>true}) :-
          (hole 0 {:hash_depth=>0, :method_arg=>true}))) :-
      (hole 0 {:hash_depth=>0, :method_arg=>true})))
  (hole 3 {:hash_depth=>0, :method_arg=>false, :variance=>:-}) {:method_arg=>false})
BASETYPE: %bot
SIZE WORK_LIST: 40
SIZE generated: 9
EVALUABLE#: 0

-------------------------

----------------
TTYPES
Integer
Integer
Integer
Integer
Integer
Integer
Integer
Integer
Integer
Integer
Integer
Integer
Integer
Integer
Integer
Integer
Integer
Integer
Integer
Integer
Integer
Integer
Integer
Integer
Integer
Integer
Integer
Integer
Integer
Integer
Integer
Integer
Integer
Integer
Integer
Integer

PROGS

LOCAL_COUNT: 36
GLOBAL_COUNT: 36

BASE_AFTER:
(begin
  (send
    (begin
      (send
        (filled-hole
          (lvar InvitationCode(id: integer, token: string, diaspora_user_id: integer, count: integer)) {:method_arg=>false}) :-
        (filled-hole
          (lvar :arg0)
          (lvar InvitationCode(id: integer, token: string, diaspora_user_id: integer, count: integer))
          (true)
          (false)
          (int 0)
          (int 1)
          (int 2)
          (str "")
          (hole 1 {:hash_depth=>0, :method_arg=>true, :variance=>:+}) {:method_arg=>true}))) :-
    (filled-hole
      (int 0)
      (int 1)
      (int 2)
      (hole 1 {:hash_depth=>0, :method_arg=>true, :variance=>:+}) {:method_arg=>true})))
BASETYPE: Integer
SIZE WORK_LIST: 48
SIZE generated: 36
EVALUABLE#: 24

-------------------------

----------------
TTYPES
Integer
Integer
Integer
Integer

PROGS

LOCAL_COUNT: 37
GLOBAL_COUNT: 37

BASE_AFTER:
(begin
  (send
    (begin
      (send
        (filled-hole
          (lvar InvitationCode(id: integer, token: string, diaspora_user_id: integer, count: integer)) {:method_arg=>false}) :count)) :-
    (filled-hole
      (int 0)
      (int 1)
      (int 2)
      (hole 1 {:hash_depth=>0, :method_arg=>true, :variance=>:+}) {:method_arg=>true})))
BASETYPE: Integer
SIZE WORK_LIST: 59
SIZE generated: 4
EVALUABLE#: 3

-------------------------

----------------
TTYPES
true or false
true or false
true or false
true or false
true or false
true or false
true or false
true or false
true or false
true or false
true or false

PROGS

LOCAL_COUNT: 38
GLOBAL_COUNT: 38

BASE_AFTER:
(begin
  (send
    (lvar :arg0) :count=
    (hole 1 {:hash_depth=>0, :method_arg=>true, :variance=>:+}))
  (true))
BASETYPE: true or false
SIZE WORK_LIST: 62
SIZE generated: 11
EVALUABLE#: 0

-------------------------

----------------
TTYPES
Integer
Integer

PROGS

LOCAL_COUNT: 39
GLOBAL_COUNT: 39

BASE_AFTER:
(begin
  (send
    (begin
      (send
        (lvar InvitationCode(id: integer, token: string, diaspora_user_id: integer, count: integer)) :count)) :-
    (int 0)))
BASETYPE: Integer
SIZE WORK_LIST: 72
SIZE generated: 2
EVALUABLE#: 0

-------------------------

----------------
TTYPES
Integer
Integer

PROGS

LOCAL_COUNT: 40
GLOBAL_COUNT: 40

BASE_AFTER:
(begin
  (send
    (begin
      (send
        (lvar InvitationCode(id: integer, token: string, diaspora_user_id: integer, count: integer)) :count)) :-
    (int 1)))
BASETYPE: Integer
SIZE WORK_LIST: 73
SIZE generated: 2
EVALUABLE#: 0

-------------------------

----------------
TTYPES
Integer
Integer

PROGS

LOCAL_COUNT: 41
GLOBAL_COUNT: 41

BASE_AFTER:
(begin
  (send
    (begin
      (send
        (lvar InvitationCode(id: integer, token: string, diaspora_user_id: integer, count: integer)) :count)) :-
    (int 2)))
BASETYPE: Integer
SIZE WORK_LIST: 74
SIZE generated: 2
EVALUABLE#: 0

-------------------------

----------------
TTYPES
true or false
true or false
true or false
true or false
true or false
true or false
true or false
true or false
true or false
true or false

PROGS

LOCAL_COUNT: 42
GLOBAL_COUNT: 42

BASE_AFTER:
(begin
  (send
    (lvar :arg0) :count=
    (begin
      (send
        (hole 0 {:hash_depth=>0, :limit_depth=>true, :recv=>true}) :-
        (hole 0 {:hash_depth=>0, :method_arg=>true}))))
  (true))
BASETYPE: true or false
SIZE WORK_LIST: 75
SIZE generated: 10
EVALUABLE#: 9

-------------------------

----------------
TTYPES
true or false

PROGS

LOCAL_COUNT: 43
GLOBAL_COUNT: 43

BASE_AFTER:
(begin
  (send
    (lvar :arg0) :count=
    (begin
      (send
        (hole 0 {:hash_depth=>0, :limit_depth=>true, :recv=>true}) :count)))
  (true))
BASETYPE: true or false
SIZE WORK_LIST: 75
SIZE generated: 1
EVALUABLE#: 1

-------------------------

----------------
TTYPES
true or false
true or false
true or false
true or false
true or false
true or false

PROGS

LOCAL_COUNT: 44
GLOBAL_COUNT: 44

BASE_AFTER:
(begin
  (send
    (lvar :arg0) :diaspora_user=
    (hole 1 {:hash_depth=>0, :method_arg=>true, :variance=>:+}))
  (true))
BASETYPE: true or false
SIZE WORK_LIST: 75
SIZE generated: 6
EVALUABLE#: 0

-------------------------

----------------
TTYPES
true or false
true or false

PROGS

LOCAL_COUNT: 45
GLOBAL_COUNT: 45

BASE_AFTER:
(begin
  (send
    (lvar :arg0) :count=
    (begin
      (send
        (lvar InvitationCode(id: integer, token: string, diaspora_user_id: integer, count: integer)) :count)))
  (true))
BASETYPE: true or false
SIZE WORK_LIST: 80
SIZE generated: 2
EVALUABLE#: 0

-------------------------

----------------
TTYPES
true or false

PROGS

LOCAL_COUNT: 46
GLOBAL_COUNT: 46

BASE_AFTER:
(begin
  (send
    (lvar :arg0) :diaspora_user=
    (begin
      (send
        (hole 0 {:hash_depth=>0, :limit_depth=>true, :recv=>true}) :count)))
  (true))
BASETYPE: true or false
SIZE WORK_LIST: 81
SIZE generated: 1
EVALUABLE#: 1

-------------------------

----------------
TTYPES
true or false
true or false
true or false
true or false
true or false
true or false
true or false
true or false
true or false
true or false
true or false

PROGS

LOCAL_COUNT: 47
GLOBAL_COUNT: 47

BASE_AFTER:
(begin
  (send
    (lvar :arg0) :count=
    (hole 1 {:hash_depth=>0, :method_arg=>true, :variance=>:+}))
  (false))
BASETYPE: true or false
SIZE WORK_LIST: 80
SIZE generated: 11
EVALUABLE#: 0

-------------------------

----------------
TTYPES
true or false

PROGS

LOCAL_COUNT: 48
GLOBAL_COUNT: 48

BASE_AFTER:
(begin
  (send
    (lvar :arg0) :count=
    (begin
      (send
        (hole 0 {:hash_depth=>0, :limit_depth=>true, :recv=>true}) :count)))
  (false))
BASETYPE: true or false
SIZE WORK_LIST: 90
SIZE generated: 1
EVALUABLE#: 1

-------------------------

----------------
TTYPES
true or false
true or false
true or false
true or false
true or false
true or false

PROGS

LOCAL_COUNT: 49
GLOBAL_COUNT: 49

BASE_AFTER:
(begin
  (send
    (lvar :arg0) :diaspora_user=
    (hole 1 {:hash_depth=>0, :method_arg=>true, :variance=>:+}))
  (false))
BASETYPE: true or false
SIZE WORK_LIST: 90
SIZE generated: 6
EVALUABLE#: 0

-------------------------

----------------
TTYPES
true or false
true or false

PROGS

LOCAL_COUNT: 50
GLOBAL_COUNT: 50

BASE_AFTER:
(begin
  (send
    (lvar :arg0) :count=
    (begin
      (send
        (lvar InvitationCode(id: integer, token: string, diaspora_user_id: integer, count: integer)) :count)))
  (false))
BASETYPE: true or false
SIZE WORK_LIST: 95
SIZE generated: 2
EVALUABLE#: 0

-------------------------

----------------
TTYPES
true or false

PROGS

LOCAL_COUNT: 51
GLOBAL_COUNT: 51

BASE_AFTER:
(begin
  (send
    (lvar :arg0) :diaspora_user=
    (begin
      (send
        (hole 0 {:hash_depth=>0, :limit_depth=>true, :recv=>true}) :count)))
  (false))
BASETYPE: true or false
SIZE WORK_LIST: 96
SIZE generated: 1
EVALUABLE#: 1

-------------------------

----------------
TTYPES
Integer
Integer
Integer
Integer
Integer
Integer
Integer
Integer
Integer
Integer
Integer

PROGS

LOCAL_COUNT: 52
GLOBAL_COUNT: 52

BASE_AFTER:
(begin
  (send
    (lvar :arg0) :count=
    (hole 1 {:hash_depth=>0, :method_arg=>true, :variance=>:+}))
  (int 0))
BASETYPE: Integer
SIZE WORK_LIST: 95
SIZE generated: 11
EVALUABLE#: 0

-------------------------

----------------
TTYPES
Integer

PROGS

LOCAL_COUNT: 53
GLOBAL_COUNT: 53

BASE_AFTER:
(begin
  (send
    (lvar :arg0) :count=
    (begin
      (send
        (hole 0 {:hash_depth=>0, :limit_depth=>true, :recv=>true}) :count)))
  (int 0))
BASETYPE: Integer
SIZE WORK_LIST: 105
SIZE generated: 1
EVALUABLE#: 1

-------------------------

----------------
TTYPES
Integer
Integer
Integer
Integer
Integer
Integer

PROGS

LOCAL_COUNT: 54
GLOBAL_COUNT: 54

BASE_AFTER:
(begin
  (send
    (lvar :arg0) :diaspora_user=
    (hole 1 {:hash_depth=>0, :method_arg=>true, :variance=>:+}))
  (int 0))
BASETYPE: Integer
SIZE WORK_LIST: 105
SIZE generated: 6
EVALUABLE#: 0

-------------------------

----------------
TTYPES
Integer
Integer

PROGS

LOCAL_COUNT: 55
GLOBAL_COUNT: 55

BASE_AFTER:
(begin
  (send
    (lvar :arg0) :count=
    (begin
      (send
        (lvar InvitationCode(id: integer, token: string, diaspora_user_id: integer, count: integer)) :count)))
  (int 0))
BASETYPE: Integer
SIZE WORK_LIST: 110
SIZE generated: 2
EVALUABLE#: 0

-------------------------

----------------
TTYPES
Integer

PROGS

LOCAL_COUNT: 56
GLOBAL_COUNT: 56

BASE_AFTER:
(begin
  (send
    (lvar :arg0) :diaspora_user=
    (begin
      (send
        (hole 0 {:hash_depth=>0, :limit_depth=>true, :recv=>true}) :count)))
  (int 0))
BASETYPE: Integer
SIZE WORK_LIST: 111
SIZE generated: 1
EVALUABLE#: 1

-------------------------

----------------
TTYPES
Integer
Integer
Integer
Integer
Integer
Integer
Integer
Integer
Integer
Integer
Integer

PROGS

LOCAL_COUNT: 57
GLOBAL_COUNT: 57

BASE_AFTER:
(begin
  (send
    (lvar :arg0) :count=
    (hole 1 {:hash_depth=>0, :method_arg=>true, :variance=>:+}))
  (int 1))
BASETYPE: Integer
SIZE WORK_LIST: 110
SIZE generated: 11
EVALUABLE#: 0

-------------------------

----------------
TTYPES
Integer

PROGS

LOCAL_COUNT: 58
GLOBAL_COUNT: 58

BASE_AFTER:
(begin
  (send
    (lvar :arg0) :count=
    (begin
      (send
        (hole 0 {:hash_depth=>0, :limit_depth=>true, :recv=>true}) :count)))
  (int 1))
BASETYPE: Integer
SIZE WORK_LIST: 120
SIZE generated: 1
EVALUABLE#: 1

-------------------------

----------------
TTYPES
Integer
Integer
Integer
Integer
Integer
Integer

PROGS

LOCAL_COUNT: 59
GLOBAL_COUNT: 59

BASE_AFTER:
(begin
  (send
    (lvar :arg0) :diaspora_user=
    (hole 1 {:hash_depth=>0, :method_arg=>true, :variance=>:+}))
  (int 1))
BASETYPE: Integer
SIZE WORK_LIST: 120
SIZE generated: 6
EVALUABLE#: 0

-------------------------

----------------
TTYPES
Integer
Integer

PROGS

LOCAL_COUNT: 60
GLOBAL_COUNT: 60

BASE_AFTER:
(begin
  (send
    (lvar :arg0) :count=
    (begin
      (send
        (lvar InvitationCode(id: integer, token: string, diaspora_user_id: integer, count: integer)) :count)))
  (int 1))
BASETYPE: Integer
SIZE WORK_LIST: 125
SIZE generated: 2
EVALUABLE#: 0

-------------------------

----------------
TTYPES
Integer

PROGS

LOCAL_COUNT: 61
GLOBAL_COUNT: 61

BASE_AFTER:
(begin
  (send
    (lvar :arg0) :diaspora_user=
    (begin
      (send
        (hole 0 {:hash_depth=>0, :limit_depth=>true, :recv=>true}) :count)))
  (int 1))
BASETYPE: Integer
SIZE WORK_LIST: 126
SIZE generated: 1
EVALUABLE#: 1

-------------------------

----------------
TTYPES
Integer
Integer
Integer
Integer
Integer
Integer
Integer
Integer
Integer
Integer
Integer

PROGS

LOCAL_COUNT: 62
GLOBAL_COUNT: 62

BASE_AFTER:
(begin
  (send
    (lvar :arg0) :count=
    (hole 1 {:hash_depth=>0, :method_arg=>true, :variance=>:+}))
  (int 2))
BASETYPE: Integer
SIZE WORK_LIST: 125
SIZE generated: 11
EVALUABLE#: 0

-------------------------

----------------
TTYPES
Integer

PROGS

LOCAL_COUNT: 63
GLOBAL_COUNT: 63

BASE_AFTER:
(begin
  (send
    (lvar :arg0) :count=
    (begin
      (send
        (hole 0 {:hash_depth=>0, :limit_depth=>true, :recv=>true}) :count)))
  (int 2))
BASETYPE: Integer
SIZE WORK_LIST: 135
SIZE generated: 1
EVALUABLE#: 1

-------------------------

----------------
TTYPES
Integer
Integer
Integer
Integer
Integer
Integer

PROGS

LOCAL_COUNT: 64
GLOBAL_COUNT: 64

BASE_AFTER:
(begin
  (send
    (lvar :arg0) :diaspora_user=
    (hole 1 {:hash_depth=>0, :method_arg=>true, :variance=>:+}))
  (int 2))
BASETYPE: Integer
SIZE WORK_LIST: 135
SIZE generated: 6
EVALUABLE#: 0

-------------------------

----------------
TTYPES
Integer
Integer

PROGS

LOCAL_COUNT: 65
GLOBAL_COUNT: 65

BASE_AFTER:
(begin
  (send
    (lvar :arg0) :count=
    (begin
      (send
        (lvar InvitationCode(id: integer, token: string, diaspora_user_id: integer, count: integer)) :count)))
  (int 2))
BASETYPE: Integer
SIZE WORK_LIST: 140
SIZE generated: 2
EVALUABLE#: 0

-------------------------

----------------
TTYPES
Integer

PROGS

LOCAL_COUNT: 66
GLOBAL_COUNT: 66

BASE_AFTER:
(begin
  (send
    (lvar :arg0) :diaspora_user=
    (begin
      (send
        (hole 0 {:hash_depth=>0, :limit_depth=>true, :recv=>true}) :count)))
  (int 2))
BASETYPE: Integer
SIZE WORK_LIST: 141
SIZE generated: 1
EVALUABLE#: 1

-------------------------

----------------
TTYPES
String
String
String
String
String
String
String
String
String
String
String

PROGS

LOCAL_COUNT: 67
GLOBAL_COUNT: 67

BASE_AFTER:
(begin
  (send
    (lvar :arg0) :count=
    (hole 1 {:hash_depth=>0, :method_arg=>true, :variance=>:+}))
  (str ""))
BASETYPE: String
SIZE WORK_LIST: 140
SIZE generated: 11
EVALUABLE#: 0

-------------------------

----------------
TTYPES
String

PROGS

LOCAL_COUNT: 68
GLOBAL_COUNT: 68

BASE_AFTER:
(begin
  (send
    (lvar :arg0) :count=
    (begin
      (send
        (hole 0 {:hash_depth=>0, :limit_depth=>true, :recv=>true}) :count)))
  (str ""))
BASETYPE: String
SIZE WORK_LIST: 150
SIZE generated: 1
EVALUABLE#: 1

-------------------------

----------------
TTYPES
String
String
String
String
String
String

PROGS

LOCAL_COUNT: 69
GLOBAL_COUNT: 69

BASE_AFTER:
(begin
  (send
    (lvar :arg0) :diaspora_user=
    (hole 1 {:hash_depth=>0, :method_arg=>true, :variance=>:+}))
  (str ""))
BASETYPE: String
SIZE WORK_LIST: 150
SIZE generated: 6
EVALUABLE#: 0

-------------------------

----------------
TTYPES
String
String

PROGS

LOCAL_COUNT: 70
GLOBAL_COUNT: 70

BASE_AFTER:
(begin
  (send
    (lvar :arg0) :count=
    (begin
      (send
        (lvar InvitationCode(id: integer, token: string, diaspora_user_id: integer, count: integer)) :count)))
  (str ""))
BASETYPE: String
SIZE WORK_LIST: 155
SIZE generated: 2
EVALUABLE#: 0

-------------------------

----------------
TTYPES
String

PROGS

LOCAL_COUNT: 71
GLOBAL_COUNT: 71

BASE_AFTER:
(begin
  (send
    (lvar :arg0) :diaspora_user=
    (begin
      (send
        (hole 0 {:hash_depth=>0, :limit_depth=>true, :recv=>true}) :count)))
  (str ""))
BASETYPE: String
SIZE WORK_LIST: 156
SIZE generated: 1
EVALUABLE#: 1

-------------------------

----------------
TTYPES
true or false
true or false
true or false
true or false

PROGS

LOCAL_COUNT: 72
GLOBAL_COUNT: 72

BASE_AFTER:
(begin
  (send
    (lvar :arg0) :count=
    (int 0))
  (send
    (hole 0 {:hash_depth=>0, :limit_depth=>true, :recv=>true}) :count=
    (hole 0 {:hash_depth=>0, :method_arg=>true}))
  (true))
BASETYPE: true or false
SIZE WORK_LIST: 155
SIZE generated: 4
EVALUABLE#: 3

-------------------------

----------------
TTYPES
true or false

PROGS

LOCAL_COUNT: 73
GLOBAL_COUNT: 73

BASE_AFTER:
(begin
  (send
    (lvar :arg0) :count=
    (int 0))
  (send
    (hole 0 {:hash_depth=>0, :limit_depth=>true, :recv=>true}) :diaspora_user=
    (hole 0 {:hash_depth=>0, :method_arg=>true}))
  (true))
BASETYPE: true or false
SIZE WORK_LIST: 157
SIZE generated: 1
EVALUABLE#: 0

-------------------------

----------------
TTYPES
true or false
true or false
true or false
true or false

PROGS

LOCAL_COUNT: 74
GLOBAL_COUNT: 74

BASE_AFTER:
(begin
  (send
    (lvar :arg0) :count=
    (int 1))
  (send
    (hole 0 {:hash_depth=>0, :limit_depth=>true, :recv=>true}) :count=
    (hole 0 {:hash_depth=>0, :method_arg=>true}))
  (true))
BASETYPE: true or false
SIZE WORK_LIST: 157
SIZE generated: 4
EVALUABLE#: 3

-------------------------

----------------
TTYPES
true or false

PROGS

LOCAL_COUNT: 75
GLOBAL_COUNT: 75

BASE_AFTER:
(begin
  (send
    (lvar :arg0) :count=
    (int 1))
  (send
    (hole 0 {:hash_depth=>0, :limit_depth=>true, :recv=>true}) :diaspora_user=
    (hole 0 {:hash_depth=>0, :method_arg=>true}))
  (true))
BASETYPE: true or false
SIZE WORK_LIST: 159
SIZE generated: 1
EVALUABLE#: 0

-------------------------

----------------
TTYPES
true or false
true or false
true or false
true or false

PROGS

LOCAL_COUNT: 76
GLOBAL_COUNT: 76

BASE_AFTER:
(begin
  (send
    (lvar :arg0) :count=
    (int 0))
  (send
    (hole 0 {:hash_depth=>0, :limit_depth=>true, :recv=>true}) :count=
    (hole 0 {:hash_depth=>0, :method_arg=>true}))
  (false))
BASETYPE: true or false
SIZE WORK_LIST: 159
SIZE generated: 4
EVALUABLE#: 3

-------------------------

----------------
TTYPES
true or false

PROGS

LOCAL_COUNT: 77
GLOBAL_COUNT: 77

BASE_AFTER:
(begin
  (send
    (lvar :arg0) :count=
    (int 0))
  (send
    (hole 0 {:hash_depth=>0, :limit_depth=>true, :recv=>true}) :diaspora_user=
    (hole 0 {:hash_depth=>0, :method_arg=>true}))
  (false))
BASETYPE: true or false
SIZE WORK_LIST: 161
SIZE generated: 1
EVALUABLE#: 0

-------------------------

----------------
TTYPES
true or false
true or false
true or false
true or false

PROGS

LOCAL_COUNT: 78
GLOBAL_COUNT: 78

BASE_AFTER:
(begin
  (send
    (lvar :arg0) :count=
    (int 1))
  (send
    (hole 0 {:hash_depth=>0, :limit_depth=>true, :recv=>true}) :count=
    (hole 0 {:hash_depth=>0, :method_arg=>true}))
  (false))
BASETYPE: true or false
SIZE WORK_LIST: 161
SIZE generated: 4
EVALUABLE#: 3

-------------------------

----------------
TTYPES
true or false

PROGS

LOCAL_COUNT: 79
GLOBAL_COUNT: 79

BASE_AFTER:
(begin
  (send
    (lvar :arg0) :count=
    (int 1))
  (send
    (hole 0 {:hash_depth=>0, :limit_depth=>true, :recv=>true}) :diaspora_user=
    (hole 0 {:hash_depth=>0, :method_arg=>true}))
  (false))
BASETYPE: true or false
SIZE WORK_LIST: 163
SIZE generated: 1
EVALUABLE#: 0

-------------------------

----------------
TTYPES
Integer
Integer
Integer
Integer
Integer

PROGS

LOCAL_COUNT: 80
GLOBAL_COUNT: 80

BASE_AFTER:
(begin
  (send
    (lvar :arg0) :count=
    (int 0))
  (send
    (hole 0 {:hash_depth=>0, :limit_depth=>true, :recv=>true}) :count=
    (hole 0 {:hash_depth=>0, :method_arg=>true}))
  (int 0))
BASETYPE: Integer
SIZE WORK_LIST: 163
SIZE generated: 5
EVALUABLE#: 4

-------------------------

----------------
TTYPES
Integer

PROGS

LOCAL_COUNT: 81
GLOBAL_COUNT: 81

BASE_AFTER:
(begin
  (send
    (lvar :arg0) :count=
    (int 0))
  (send
    (hole 0 {:hash_depth=>0, :limit_depth=>true, :recv=>true}) :diaspora_user=
    (hole 0 {:hash_depth=>0, :method_arg=>true}))
  (int 0))
BASETYPE: Integer
SIZE WORK_LIST: 166
SIZE generated: 1
EVALUABLE#: 0

-------------------------

----------------
TTYPES
Integer
Integer
Integer
Integer
Integer

PROGS

LOCAL_COUNT: 82
GLOBAL_COUNT: 82

BASE_AFTER:
(begin
  (send
    (lvar :arg0) :count=
    (int 1))
  (send
    (hole 0 {:hash_depth=>0, :limit_depth=>true, :recv=>true}) :count=
    (hole 0 {:hash_depth=>0, :method_arg=>true}))
  (int 0))
BASETYPE: Integer
SIZE WORK_LIST: 166
SIZE generated: 5
EVALUABLE#: 4

-------------------------

----------------
TTYPES
Integer

PROGS

LOCAL_COUNT: 83
GLOBAL_COUNT: 83

BASE_AFTER:
(begin
  (send
    (lvar :arg0) :count=
    (int 1))
  (send
    (hole 0 {:hash_depth=>0, :limit_depth=>true, :recv=>true}) :diaspora_user=
    (hole 0 {:hash_depth=>0, :method_arg=>true}))
  (int 0))
BASETYPE: Integer
SIZE WORK_LIST: 169
SIZE generated: 1
EVALUABLE#: 0

-------------------------

----------------
TTYPES
Integer
Integer
Integer
Integer
Integer

PROGS

LOCAL_COUNT: 84
GLOBAL_COUNT: 84

BASE_AFTER:
(begin
  (lvasgn :t0
    (int 0))
  (send
    (lvar :arg0) :count=
    (lvar :t0))
  (send
    (hole 0 {:hash_depth=>0, :limit_depth=>true, :recv=>true}) :count=
    (hole 0 {:hash_depth=>0, :method_arg=>true}))
  (lvar :t0))
BASETYPE: Integer
SIZE WORK_LIST: 169
SIZE generated: 5
EVALUABLE#: 4

-------------------------

----------------
TTYPES
Integer

PROGS

LOCAL_COUNT: 85
GLOBAL_COUNT: 85

BASE_AFTER:
(begin
  (lvasgn :t0
    (int 0))
  (send
    (lvar :arg0) :count=
    (lvar :t0))
  (send
    (hole 0 {:hash_depth=>0, :limit_depth=>true, :recv=>true}) :diaspora_user=
    (hole 0 {:hash_depth=>0, :method_arg=>true}))
  (lvar :t0))
BASETYPE: Integer
SIZE WORK_LIST: 172
SIZE generated: 1
EVALUABLE#: 0

-------------------------

----------------
TTYPES
Integer
Integer
Integer
Integer
Integer

PROGS

LOCAL_COUNT: 86
GLOBAL_COUNT: 86

BASE_AFTER:
(begin
  (send
    (lvar :arg0) :count=
    (int 0))
  (send
    (hole 0 {:hash_depth=>0, :limit_depth=>true, :recv=>true}) :count=
    (hole 0 {:hash_depth=>0, :method_arg=>true}))
  (int 1))
BASETYPE: Integer
SIZE WORK_LIST: 172
SIZE generated: 5
EVALUABLE#: 4

-------------------------

----------------
TTYPES
Integer

PROGS

LOCAL_COUNT: 87
GLOBAL_COUNT: 87

BASE_AFTER:
(begin
  (send
    (lvar :arg0) :count=
    (int 0))
  (send
    (hole 0 {:hash_depth=>0, :limit_depth=>true, :recv=>true}) :diaspora_user=
    (hole 0 {:hash_depth=>0, :method_arg=>true}))
  (int 1))
BASETYPE: Integer
SIZE WORK_LIST: 175
SIZE generated: 1
EVALUABLE#: 0

-------------------------

----------------
TTYPES
Integer
Integer
Integer
Integer
Integer

PROGS

LOCAL_COUNT: 88
GLOBAL_COUNT: 88

BASE_AFTER:
(begin
  (send
    (lvar :arg0) :count=
    (int 1))
  (send
    (hole 0 {:hash_depth=>0, :limit_depth=>true, :recv=>true}) :count=
    (hole 0 {:hash_depth=>0, :method_arg=>true}))
  (int 1))
BASETYPE: Integer
SIZE WORK_LIST: 175
SIZE generated: 5
EVALUABLE#: 4

-------------------------

----------------
TTYPES
Integer

PROGS

LOCAL_COUNT: 89
GLOBAL_COUNT: 89

BASE_AFTER:
(begin
  (send
    (lvar :arg0) :count=
    (int 1))
  (send
    (hole 0 {:hash_depth=>0, :limit_depth=>true, :recv=>true}) :diaspora_user=
    (hole 0 {:hash_depth=>0, :method_arg=>true}))
  (int 1))
BASETYPE: Integer
SIZE WORK_LIST: 178
SIZE generated: 1
EVALUABLE#: 0

-------------------------

----------------
TTYPES
Integer
Integer
Integer
Integer
Integer

PROGS

LOCAL_COUNT: 90
GLOBAL_COUNT: 90

BASE_AFTER:
(begin
  (lvasgn :t0
    (int 1))
  (send
    (lvar :arg0) :count=
    (lvar :t0))
  (send
    (hole 0 {:hash_depth=>0, :limit_depth=>true, :recv=>true}) :count=
    (hole 0 {:hash_depth=>0, :method_arg=>true}))
  (lvar :t0))
BASETYPE: Integer
SIZE WORK_LIST: 178
SIZE generated: 5
EVALUABLE#: 4

-------------------------

----------------
TTYPES
Integer

PROGS

LOCAL_COUNT: 91
GLOBAL_COUNT: 91

BASE_AFTER:
(begin
  (lvasgn :t0
    (int 1))
  (send
    (lvar :arg0) :count=
    (lvar :t0))
  (send
    (hole 0 {:hash_depth=>0, :limit_depth=>true, :recv=>true}) :diaspora_user=
    (hole 0 {:hash_depth=>0, :method_arg=>true}))
  (lvar :t0))
BASETYPE: Integer
SIZE WORK_LIST: 181
SIZE generated: 1
EVALUABLE#: 0

-------------------------

----------------
TTYPES
Integer
Integer
Integer
Integer
Integer

PROGS

LOCAL_COUNT: 92
GLOBAL_COUNT: 92

BASE_AFTER:
(begin
  (send
    (lvar :arg0) :count=
    (int 0))
  (send
    (hole 0 {:hash_depth=>0, :limit_depth=>true, :recv=>true}) :count=
    (hole 0 {:hash_depth=>0, :method_arg=>true}))
  (int 2))
BASETYPE: Integer
SIZE WORK_LIST: 181
SIZE generated: 5
EVALUABLE#: 4

-------------------------

----------------
TTYPES
Integer

PROGS

LOCAL_COUNT: 93
GLOBAL_COUNT: 93

BASE_AFTER:
(begin
  (send
    (lvar :arg0) :count=
    (int 0))
  (send
    (hole 0 {:hash_depth=>0, :limit_depth=>true, :recv=>true}) :diaspora_user=
    (hole 0 {:hash_depth=>0, :method_arg=>true}))
  (int 2))
BASETYPE: Integer
SIZE WORK_LIST: 183
SIZE generated: 1
EVALUABLE#: 0

-------------------------

----------------
TTYPES
Integer
Integer
Integer
Integer
Integer

PROGS

LOCAL_COUNT: 94
GLOBAL_COUNT: 94

BASE_AFTER:
(begin
  (send
    (lvar :arg0) :count=
    (int 1))
  (send
    (hole 0 {:hash_depth=>0, :limit_depth=>true, :recv=>true}) :count=
    (hole 0 {:hash_depth=>0, :method_arg=>true}))
  (int 2))
BASETYPE: Integer
SIZE WORK_LIST: 183
SIZE generated: 5
EVALUABLE#: 4

-------------------------

----------------
TTYPES
Integer

PROGS

LOCAL_COUNT: 95
GLOBAL_COUNT: 95

BASE_AFTER:
(begin
  (send
    (lvar :arg0) :count=
    (int 1))
  (send
    (hole 0 {:hash_depth=>0, :limit_depth=>true, :recv=>true}) :diaspora_user=
    (hole 0 {:hash_depth=>0, :method_arg=>true}))
  (int 2))
BASETYPE: Integer
SIZE WORK_LIST: 185
SIZE generated: 1
EVALUABLE#: 0

-------------------------

----------------
TTYPES
String
String
String
String

PROGS

LOCAL_COUNT: 96
GLOBAL_COUNT: 96

BASE_AFTER:
(begin
  (send
    (lvar :arg0) :count=
    (int 0))
  (send
    (hole 0 {:hash_depth=>0, :limit_depth=>true, :recv=>true}) :count=
    (hole 0 {:hash_depth=>0, :method_arg=>true}))
  (str ""))
BASETYPE: String
SIZE WORK_LIST: 185
SIZE generated: 4
EVALUABLE#: 3

-------------------------

----------------
TTYPES
String

PROGS

LOCAL_COUNT: 97
GLOBAL_COUNT: 97

BASE_AFTER:
(begin
  (send
    (lvar :arg0) :count=
    (int 0))
  (send
    (hole 0 {:hash_depth=>0, :limit_depth=>true, :recv=>true}) :diaspora_user=
    (hole 0 {:hash_depth=>0, :method_arg=>true}))
  (str ""))
BASETYPE: String
SIZE WORK_LIST: 187
SIZE generated: 1
EVALUABLE#: 0

-------------------------

----------------
TTYPES
String
String
String
String

PROGS

LOCAL_COUNT: 98
GLOBAL_COUNT: 98

BASE_AFTER:
(begin
  (send
    (lvar :arg0) :count=
    (int 1))
  (send
    (hole 0 {:hash_depth=>0, :limit_depth=>true, :recv=>true}) :count=
    (hole 0 {:hash_depth=>0, :method_arg=>true}))
  (str ""))
BASETYPE: String
SIZE WORK_LIST: 187
SIZE generated: 4
EVALUABLE#: 3

-------------------------

----------------
TTYPES
String

PROGS

LOCAL_COUNT: 99
GLOBAL_COUNT: 99

BASE_AFTER:
(begin
  (send
    (lvar :arg0) :count=
    (int 1))
  (send
    (hole 0 {:hash_depth=>0, :limit_depth=>true, :recv=>true}) :diaspora_user=
    (hole 0 {:hash_depth=>0, :method_arg=>true}))
  (str ""))
BASETYPE: String
SIZE WORK_LIST: 189
SIZE generated: 1
EVALUABLE#: 0

-------------------------

----------------
TTYPES
Integer
Integer
Integer
Integer
Integer
Integer
Integer
Integer
Integer
Integer
Integer
Integer
Integer
Integer
Integer
Integer

PROGS

LOCAL_COUNT: 100
GLOBAL_COUNT: 100

BASE_AFTER:
(begin
  (send
    (send
      (filled-hole
        (lvar :arg0) {:method_arg=>false}) :id=
      (filled-hole
        (int 0)
        (int 1)
        (int 2)
        (hole 1 {:hash_depth=>0, :method_arg=>true, :variance=>:+}) {:method_arg=>true})) :-
    (filled-hole
      (int 0)
      (int 1)
      (int 2)
      (hole 1 {:hash_depth=>0, :method_arg=>true, :variance=>:+}) {:method_arg=>true})))
BASETYPE: Integer
SIZE WORK_LIST: 189
SIZE generated: 16
EVALUABLE#: 9

-------------------------

----------------
TTYPES
Integer
Integer
Integer
Integer

PROGS

LOCAL_COUNT: 101
GLOBAL_COUNT: 101

BASE_AFTER:
(begin
  (send
    (send
      (filled-hole
        (lvar :arg0) {:method_arg=>false}) :id) :-
    (filled-hole
      (int 0)
      (int 1)
      (int 2)
      (hole 1 {:hash_depth=>0, :method_arg=>true, :variance=>:+}) {:method_arg=>true})))
BASETYPE: Integer
SIZE WORK_LIST: 204
SIZE generated: 4
EVALUABLE#: 3

-------------------------

----------------
TTYPES
Integer
Integer
Integer
Integer
Integer
Integer
Integer
Integer
Integer
Integer
Integer
Integer
Integer
Integer
Integer
Integer

PROGS

LOCAL_COUNT: 102
GLOBAL_COUNT: 102

BASE_AFTER:
(begin
  (send
    (send
      (filled-hole
        (lvar :arg0) {:method_arg=>false}) :diaspora_user_id=
      (filled-hole
        (int 0)
        (int 1)
        (int 2)
        (hole 1 {:hash_depth=>0, :method_arg=>true, :variance=>:+}) {:method_arg=>true})) :-
    (filled-hole
      (int 0)
      (int 1)
      (int 2)
      (hole 1 {:hash_depth=>0, :method_arg=>true, :variance=>:+}) {:method_arg=>true})))
BASETYPE: Integer
SIZE WORK_LIST: 207
SIZE generated: 16
EVALUABLE#: 9

-------------------------

----------------
TTYPES
Integer
Integer
Integer
Integer

PROGS

LOCAL_COUNT: 103
GLOBAL_COUNT: 103

BASE_AFTER:
(begin
  (send
    (send
      (filled-hole
        (lvar :arg0) {:method_arg=>false}) :diaspora_user_id) :-
    (filled-hole
      (int 0)
      (int 1)
      (int 2)
      (hole 1 {:hash_depth=>0, :method_arg=>true, :variance=>:+}) {:method_arg=>true})))
BASETYPE: Integer
SIZE WORK_LIST: 222
SIZE generated: 4
EVALUABLE#: 3

-------------------------

----------------
TTYPES
Integer
Integer
Integer
Integer
Integer
Integer
Integer
Integer
Integer
Integer
Integer
Integer
Integer
Integer
Integer
Integer

PROGS

LOCAL_COUNT: 104
GLOBAL_COUNT: 104

BASE_AFTER:
(begin
  (send
    (send
      (filled-hole
        (lvar :arg0) {:method_arg=>false}) :count=
      (filled-hole
        (int 0)
        (int 1)
        (int 2)
        (hole 1 {:hash_depth=>0, :method_arg=>true, :variance=>:+}) {:method_arg=>true})) :-
    (filled-hole
      (int 0)
      (int 1)
      (int 2)
      (hole 1 {:hash_depth=>0, :method_arg=>true, :variance=>:+}) {:method_arg=>true})))
BASETYPE: Integer
SIZE WORK_LIST: 222
SIZE generated: 16
EVALUABLE#: 9

-------------------------

----------------
TTYPES
Integer
Integer
Integer
Integer

PROGS

LOCAL_COUNT: 105
GLOBAL_COUNT: 105

BASE_AFTER:
(begin
  (send
    (begin
      (send
        (filled-hole
          (lvar :arg0) {:method_arg=>false}) :count)) :-
    (filled-hole
      (int 0)
      (int 1)
      (int 2)
      (hole 1 {:hash_depth=>0, :method_arg=>true, :variance=>:+}) {:method_arg=>true})))
BASETYPE: Integer
SIZE WORK_LIST: 234
SIZE generated: 4
EVALUABLE#: 3

-------------------------

----------------
TTYPES
true or false
true or false
true or false
true or false

PROGS

LOCAL_COUNT: 106
GLOBAL_COUNT: 106

BASE_AFTER:
(begin
  (send
    (lvar :arg0) :count=
    (send
      (hole 0 {:hash_depth=>0, :limit_depth=>true, :recv=>true}) :id=
      (hole 0 {:hash_depth=>0, :method_arg=>true})))
  (true))
BASETYPE: true or false
SIZE WORK_LIST: 237
SIZE generated: 4
EVALUABLE#: 3

-------------------------

----------------
TTYPES
true or false

PROGS

LOCAL_COUNT: 107
GLOBAL_COUNT: 107

BASE_AFTER:
(begin
  (send
    (lvar :arg0) :count=
    (send
      (hole 0 {:hash_depth=>0, :limit_depth=>true, :recv=>true}) :id))
  (true))
BASETYPE: true or false
SIZE WORK_LIST: 239
SIZE generated: 1
EVALUABLE#: 1

-------------------------

----------------
TTYPES
true or false
true or false
true or false
true or false

PROGS

LOCAL_COUNT: 108
GLOBAL_COUNT: 108

BASE_AFTER:
(begin
  (send
    (lvar :arg0) :count=
    (send
      (hole 0 {:hash_depth=>0, :limit_depth=>true, :recv=>true}) :diaspora_user_id=
      (hole 0 {:hash_depth=>0, :method_arg=>true})))
  (true))
BASETYPE: true or false
SIZE WORK_LIST: 239
SIZE generated: 4
EVALUABLE#: 3

-------------------------

----------------
TTYPES
true or false

PROGS

LOCAL_COUNT: 109
GLOBAL_COUNT: 109

BASE_AFTER:
(begin
  (send
    (lvar :arg0) :count=
    (send
      (hole 0 {:hash_depth=>0, :limit_depth=>true, :recv=>true}) :diaspora_user_id))
  (true))
BASETYPE: true or false
SIZE WORK_LIST: 241
SIZE generated: 1
EVALUABLE#: 1

-------------------------

----------------
TTYPES
true or false
true or false
true or false
true or false

PROGS

LOCAL_COUNT: 110
GLOBAL_COUNT: 110

BASE_AFTER:
(begin
  (send
    (lvar :arg0) :count=
    (send
      (hole 0 {:hash_depth=>0, :limit_depth=>true, :recv=>true}) :count=
      (hole 0 {:hash_depth=>0, :method_arg=>true})))
  (true))
BASETYPE: true or false
SIZE WORK_LIST: 240
SIZE generated: 4
EVALUABLE#: 3

-------------------------

----------------
TTYPES
true or false

PROGS

LOCAL_COUNT: 111
GLOBAL_COUNT: 111

BASE_AFTER:
(begin
  (send
    (lvar :arg0) :count=
    (begin
      (send
        (hole 0 {:hash_depth=>0, :limit_depth=>true, :recv=>true}) :count)))
  (true))
BASETYPE: true or false
SIZE WORK_LIST: 242
SIZE generated: 1
EVALUABLE#: 1

-------------------------

----------------
TTYPES
true or false

PROGS

LOCAL_COUNT: 113
GLOBAL_COUNT: 112

BASE_AFTER:
(begin
  (send
    (lvar :arg0) :diaspora_user=
    (send
      (hole 0 {:hash_depth=>0, :limit_depth=>true, :recv=>true}) :diaspora_user))
  (true))
BASETYPE: true or false
SIZE WORK_LIST: 241
SIZE generated: 1
EVALUABLE#: 1

-------------------------

----------------
TTYPES
true or false

PROGS

LOCAL_COUNT: 114
GLOBAL_COUNT: 113

BASE_AFTER:
(begin
  (send
    (lvar :arg0) :diaspora_user=
    (send
      (hole 0 {:hash_depth=>0, :limit_depth=>true, :recv=>true}) :diaspora_user=
      (hole 0 {:hash_depth=>0, :method_arg=>true})))
  (true))
BASETYPE: true or false
SIZE WORK_LIST: 241
SIZE generated: 1
EVALUABLE#: 0

-------------------------

----------------
TTYPES
true or false
true or false
true or false
true or false

PROGS

LOCAL_COUNT: 115
GLOBAL_COUNT: 114

BASE_AFTER:
(begin
  (send
    (lvar :arg0) :count=
    (send
      (hole 0 {:hash_depth=>0, :limit_depth=>true, :recv=>true}) :id=
      (hole 0 {:hash_depth=>0, :method_arg=>true})))
  (false))
BASETYPE: true or false
SIZE WORK_LIST: 241
SIZE generated: 4
EVALUABLE#: 3

-------------------------

----------------
TTYPES
true or false

PROGS

LOCAL_COUNT: 116
GLOBAL_COUNT: 115

BASE_AFTER:
(begin
  (send
    (lvar :arg0) :count=
    (send
      (hole 0 {:hash_depth=>0, :limit_depth=>true, :recv=>true}) :id))
  (false))
BASETYPE: true or false
SIZE WORK_LIST: 243
SIZE generated: 1
EVALUABLE#: 1

-------------------------

----------------
TTYPES
true or false
true or false
true or false
true or false

PROGS

LOCAL_COUNT: 117
GLOBAL_COUNT: 116

BASE_AFTER:
(begin
  (send
    (lvar :arg0) :count=
    (send
      (hole 0 {:hash_depth=>0, :limit_depth=>true, :recv=>true}) :diaspora_user_id=
      (hole 0 {:hash_depth=>0, :method_arg=>true})))
  (false))
BASETYPE: true or false
SIZE WORK_LIST: 243
SIZE generated: 4
EVALUABLE#: 3

-------------------------

----------------
TTYPES
true or false

PROGS

LOCAL_COUNT: 118
GLOBAL_COUNT: 117

BASE_AFTER:
(begin
  (send
    (lvar :arg0) :count=
    (send
      (hole 0 {:hash_depth=>0, :limit_depth=>true, :recv=>true}) :diaspora_user_id))
  (false))
BASETYPE: true or false
SIZE WORK_LIST: 245
SIZE generated: 1
EVALUABLE#: 1

-------------------------

----------------
TTYPES
true or false
true or false
true or false
true or false

PROGS

LOCAL_COUNT: 119
GLOBAL_COUNT: 118

BASE_AFTER:
(begin
  (send
    (lvar :arg0) :count=
    (send
      (hole 0 {:hash_depth=>0, :limit_depth=>true, :recv=>true}) :count=
      (hole 0 {:hash_depth=>0, :method_arg=>true})))
  (false))
BASETYPE: true or false
SIZE WORK_LIST: 244
SIZE generated: 4
EVALUABLE#: 3

-------------------------

----------------
TTYPES
true or false

PROGS

LOCAL_COUNT: 120
GLOBAL_COUNT: 119

BASE_AFTER:
(begin
  (send
    (lvar :arg0) :count=
    (begin
      (send
        (hole 0 {:hash_depth=>0, :limit_depth=>true, :recv=>true}) :count)))
  (false))
BASETYPE: true or false
SIZE WORK_LIST: 246
SIZE generated: 1
EVALUABLE#: 1

-------------------------

----------------
TTYPES
true or false

PROGS

LOCAL_COUNT: 122
GLOBAL_COUNT: 120

BASE_AFTER:
(begin
  (send
    (lvar :arg0) :diaspora_user=
    (send
      (hole 0 {:hash_depth=>0, :limit_depth=>true, :recv=>true}) :diaspora_user))
  (false))
BASETYPE: true or false
SIZE WORK_LIST: 245
SIZE generated: 1
EVALUABLE#: 1

-------------------------

----------------
TTYPES
true or false

PROGS

LOCAL_COUNT: 123
GLOBAL_COUNT: 121

BASE_AFTER:
(begin
  (send
    (lvar :arg0) :diaspora_user=
    (send
      (hole 0 {:hash_depth=>0, :limit_depth=>true, :recv=>true}) :diaspora_user=
      (hole 0 {:hash_depth=>0, :method_arg=>true})))
  (false))
BASETYPE: true or false
SIZE WORK_LIST: 245
SIZE generated: 1
EVALUABLE#: 0

-------------------------

----------------
TTYPES
Integer
Integer
Integer
Integer
Integer

PROGS

LOCAL_COUNT: 124
GLOBAL_COUNT: 122

BASE_AFTER:
(begin
  (send
    (lvar :arg0) :count=
    (send
      (hole 0 {:hash_depth=>0, :limit_depth=>true, :recv=>true}) :id=
      (hole 0 {:hash_depth=>0, :method_arg=>true})))
  (int 0))
BASETYPE: Integer
SIZE WORK_LIST: 245
SIZE generated: 5
EVALUABLE#: 4

-------------------------

----------------
TTYPES
Integer

PROGS

LOCAL_COUNT: 125
GLOBAL_COUNT: 123

BASE_AFTER:
(begin
  (send
    (lvar :arg0) :count=
    (send
      (hole 0 {:hash_depth=>0, :limit_depth=>true, :recv=>true}) :id))
  (int 0))
BASETYPE: Integer
SIZE WORK_LIST: 248
SIZE generated: 1
EVALUABLE#: 1

-------------------------

----------------
TTYPES
Integer
Integer
Integer
Integer
Integer

PROGS

LOCAL_COUNT: 126
GLOBAL_COUNT: 124

BASE_AFTER:
(begin
  (send
    (lvar :arg0) :count=
    (send
      (hole 0 {:hash_depth=>0, :limit_depth=>true, :recv=>true}) :diaspora_user_id=
      (hole 0 {:hash_depth=>0, :method_arg=>true})))
  (int 0))
BASETYPE: Integer
SIZE WORK_LIST: 248
SIZE generated: 5
EVALUABLE#: 4

-------------------------

----------------
TTYPES
Integer

PROGS

LOCAL_COUNT: 127
GLOBAL_COUNT: 125

BASE_AFTER:
(begin
  (send
    (lvar :arg0) :count=
    (send
      (hole 0 {:hash_depth=>0, :limit_depth=>true, :recv=>true}) :diaspora_user_id))
  (int 0))
BASETYPE: Integer
SIZE WORK_LIST: 251
SIZE generated: 1
EVALUABLE#: 1

-------------------------

----------------
TTYPES
Integer
Integer
Integer
Integer
Integer

PROGS

LOCAL_COUNT: 128
GLOBAL_COUNT: 126

BASE_AFTER:
(begin
  (send
    (lvar :arg0) :count=
    (send
      (hole 0 {:hash_depth=>0, :limit_depth=>true, :recv=>true}) :count=
      (hole 0 {:hash_depth=>0, :method_arg=>true})))
  (int 0))
BASETYPE: Integer
SIZE WORK_LIST: 250
SIZE generated: 5
EVALUABLE#: 4

-------------------------

----------------
TTYPES
Integer

PROGS

LOCAL_COUNT: 129
GLOBAL_COUNT: 127

BASE_AFTER:
(begin
  (send
    (lvar :arg0) :count=
    (begin
      (send
        (hole 0 {:hash_depth=>0, :limit_depth=>true, :recv=>true}) :count)))
  (int 0))
BASETYPE: Integer
SIZE WORK_LIST: 253
SIZE generated: 1
EVALUABLE#: 1

-------------------------

----------------
TTYPES
Integer

PROGS

LOCAL_COUNT: 131
GLOBAL_COUNT: 128

BASE_AFTER:
(begin
  (send
    (lvar :arg0) :diaspora_user=
    (send
      (hole 0 {:hash_depth=>0, :limit_depth=>true, :recv=>true}) :diaspora_user))
  (int 0))
BASETYPE: Integer
SIZE WORK_LIST: 252
SIZE generated: 1
EVALUABLE#: 1

-------------------------

----------------
TTYPES
Integer

PROGS

LOCAL_COUNT: 132
GLOBAL_COUNT: 129

BASE_AFTER:
(begin
  (send
    (lvar :arg0) :diaspora_user=
    (send
      (hole 0 {:hash_depth=>0, :limit_depth=>true, :recv=>true}) :diaspora_user=
      (hole 0 {:hash_depth=>0, :method_arg=>true})))
  (int 0))
BASETYPE: Integer
SIZE WORK_LIST: 252
SIZE generated: 1
EVALUABLE#: 0

-------------------------

----------------
TTYPES
Integer
Integer
Integer
Integer
Integer

PROGS

LOCAL_COUNT: 133
GLOBAL_COUNT: 130

BASE_AFTER:
(begin
  (send
    (lvar :arg0) :count=
    (send
      (hole 0 {:hash_depth=>0, :limit_depth=>true, :recv=>true}) :id=
      (hole 0 {:hash_depth=>0, :method_arg=>true})))
  (int 1))
BASETYPE: Integer
SIZE WORK_LIST: 252
SIZE generated: 5
EVALUABLE#: 4

-------------------------

----------------
TTYPES
Integer

PROGS

LOCAL_COUNT: 134
GLOBAL_COUNT: 131

BASE_AFTER:
(begin
  (send
    (lvar :arg0) :count=
    (send
      (hole 0 {:hash_depth=>0, :limit_depth=>true, :recv=>true}) :id))
  (int 1))
BASETYPE: Integer
SIZE WORK_LIST: 255
SIZE generated: 1
EVALUABLE#: 1

-------------------------

----------------
TTYPES
Integer
Integer
Integer
Integer
Integer

PROGS

LOCAL_COUNT: 135
GLOBAL_COUNT: 132

BASE_AFTER:
(begin
  (send
    (lvar :arg0) :count=
    (send
      (hole 0 {:hash_depth=>0, :limit_depth=>true, :recv=>true}) :diaspora_user_id=
      (hole 0 {:hash_depth=>0, :method_arg=>true})))
  (int 1))
BASETYPE: Integer
SIZE WORK_LIST: 255
SIZE generated: 5
EVALUABLE#: 4

-------------------------

----------------
TTYPES
Integer

PROGS

LOCAL_COUNT: 136
GLOBAL_COUNT: 133

BASE_AFTER:
(begin
  (send
    (lvar :arg0) :count=
    (send
      (hole 0 {:hash_depth=>0, :limit_depth=>true, :recv=>true}) :diaspora_user_id))
  (int 1))
BASETYPE: Integer
SIZE WORK_LIST: 258
SIZE generated: 1
EVALUABLE#: 1

-------------------------

----------------
TTYPES
Integer
Integer
Integer
Integer
Integer

PROGS

LOCAL_COUNT: 137
GLOBAL_COUNT: 134

BASE_AFTER:
(begin
  (send
    (lvar :arg0) :count=
    (send
      (hole 0 {:hash_depth=>0, :limit_depth=>true, :recv=>true}) :count=
      (hole 0 {:hash_depth=>0, :method_arg=>true})))
  (int 1))
BASETYPE: Integer
SIZE WORK_LIST: 257
SIZE generated: 5
EVALUABLE#: 4

-------------------------

----------------
TTYPES
Integer

PROGS

LOCAL_COUNT: 138
GLOBAL_COUNT: 135

BASE_AFTER:
(begin
  (send
    (lvar :arg0) :count=
    (begin
      (send
        (hole 0 {:hash_depth=>0, :limit_depth=>true, :recv=>true}) :count)))
  (int 1))
BASETYPE: Integer
SIZE WORK_LIST: 260
SIZE generated: 1
EVALUABLE#: 1

-------------------------

----------------
TTYPES
Integer

PROGS

LOCAL_COUNT: 140
GLOBAL_COUNT: 136

BASE_AFTER:
(begin
  (send
    (lvar :arg0) :diaspora_user=
    (send
      (hole 0 {:hash_depth=>0, :limit_depth=>true, :recv=>true}) :diaspora_user))
  (int 1))
BASETYPE: Integer
SIZE WORK_LIST: 259
SIZE generated: 1
EVALUABLE#: 1

-------------------------

----------------
TTYPES
Integer

PROGS

LOCAL_COUNT: 141
GLOBAL_COUNT: 137

BASE_AFTER:
(begin
  (send
    (lvar :arg0) :diaspora_user=
    (send
      (hole 0 {:hash_depth=>0, :limit_depth=>true, :recv=>true}) :diaspora_user=
      (hole 0 {:hash_depth=>0, :method_arg=>true})))
  (int 1))
BASETYPE: Integer
SIZE WORK_LIST: 259
SIZE generated: 1
EVALUABLE#: 0

-------------------------

----------------
TTYPES
Integer
Integer
Integer
Integer
Integer

PROGS

LOCAL_COUNT: 142
GLOBAL_COUNT: 138

BASE_AFTER:
(begin
  (send
    (lvar :arg0) :count=
    (send
      (hole 0 {:hash_depth=>0, :limit_depth=>true, :recv=>true}) :id=
      (hole 0 {:hash_depth=>0, :method_arg=>true})))
  (int 2))
BASETYPE: Integer
SIZE WORK_LIST: 259
SIZE generated: 5
EVALUABLE#: 4

-------------------------

----------------
TTYPES
Integer

PROGS

LOCAL_COUNT: 143
GLOBAL_COUNT: 139

BASE_AFTER:
(begin
  (send
    (lvar :arg0) :count=
    (send
      (hole 0 {:hash_depth=>0, :limit_depth=>true, :recv=>true}) :id))
  (int 2))
BASETYPE: Integer
SIZE WORK_LIST: 261
SIZE generated: 1
EVALUABLE#: 1

-------------------------

----------------
TTYPES
Integer
Integer
Integer
Integer
Integer

PROGS

LOCAL_COUNT: 144
GLOBAL_COUNT: 140

BASE_AFTER:
(begin
  (send
    (lvar :arg0) :count=
    (send
      (hole 0 {:hash_depth=>0, :limit_depth=>true, :recv=>true}) :diaspora_user_id=
      (hole 0 {:hash_depth=>0, :method_arg=>true})))
  (int 2))
BASETYPE: Integer
SIZE WORK_LIST: 261
SIZE generated: 5
EVALUABLE#: 4

-------------------------

----------------
TTYPES
Integer

PROGS

LOCAL_COUNT: 145
GLOBAL_COUNT: 141

BASE_AFTER:
(begin
  (send
    (lvar :arg0) :count=
    (send
      (hole 0 {:hash_depth=>0, :limit_depth=>true, :recv=>true}) :diaspora_user_id))
  (int 2))
BASETYPE: Integer
SIZE WORK_LIST: 263
SIZE generated: 1
EVALUABLE#: 1

-------------------------

----------------
TTYPES
Integer
Integer
Integer
Integer
Integer

PROGS

LOCAL_COUNT: 146
GLOBAL_COUNT: 142

BASE_AFTER:
(begin
  (send
    (lvar :arg0) :count=
    (send
      (hole 0 {:hash_depth=>0, :limit_depth=>true, :recv=>true}) :count=
      (hole 0 {:hash_depth=>0, :method_arg=>true})))
  (int 2))
BASETYPE: Integer
SIZE WORK_LIST: 262
SIZE generated: 5
EVALUABLE#: 4

-------------------------

----------------
TTYPES
Integer

PROGS

LOCAL_COUNT: 147
GLOBAL_COUNT: 143

BASE_AFTER:
(begin
  (send
    (lvar :arg0) :count=
    (begin
      (send
        (hole 0 {:hash_depth=>0, :limit_depth=>true, :recv=>true}) :count)))
  (int 2))
BASETYPE: Integer
SIZE WORK_LIST: 264
SIZE generated: 1
EVALUABLE#: 1

-------------------------

----------------
TTYPES
Integer

PROGS

LOCAL_COUNT: 149
GLOBAL_COUNT: 144

BASE_AFTER:
(begin
  (send
    (lvar :arg0) :diaspora_user=
    (send
      (hole 0 {:hash_depth=>0, :limit_depth=>true, :recv=>true}) :diaspora_user))
  (int 2))
BASETYPE: Integer
SIZE WORK_LIST: 263
SIZE generated: 1
EVALUABLE#: 1

-------------------------

----------------
TTYPES
Integer

PROGS

LOCAL_COUNT: 150
GLOBAL_COUNT: 145

BASE_AFTER:
(begin
  (send
    (lvar :arg0) :diaspora_user=
    (send
      (hole 0 {:hash_depth=>0, :limit_depth=>true, :recv=>true}) :diaspora_user=
      (hole 0 {:hash_depth=>0, :method_arg=>true})))
  (int 2))
BASETYPE: Integer
SIZE WORK_LIST: 263
SIZE generated: 1
EVALUABLE#: 0

-------------------------

----------------
TTYPES
true or false
true or false
Integer
Integer
Integer
String
%bot

PROGS

LOCAL_COUNT: 1
GLOBAL_COUNT: 146

BASE_AFTER:
(filled-hole
  (true)
  (false)
  (int 0)
  (int 1)
  (int 2)
  (str "")
  (hole 1 {:hash_depth=>0, :method_arg=>false, :variance=>:-}) {:method_arg=>false})
BASETYPE: %bot
SIZE WORK_LIST: 0
SIZE generated: 7
EVALUABLE#: 6

-------------------------

----------------
TTYPES
true or false
true or false

PROGS

LOCAL_COUNT: 2
GLOBAL_COUNT: 147

BASE_AFTER:
(true)
BASETYPE: true or false
SIZE WORK_LIST: 6
SIZE generated: 2
EVALUABLE#: 0

-------------------------

----------------
TTYPES
true or false
true or false

PROGS

LOCAL_COUNT: 3
GLOBAL_COUNT: 148

BASE_AFTER:
(false)
BASETYPE: true or false
SIZE WORK_LIST: 7
SIZE generated: 2
EVALUABLE#: 0

-------------------------

----------------
TTYPES
Integer
Integer

PROGS

LOCAL_COUNT: 4
GLOBAL_COUNT: 149

BASE_AFTER:
(int 0)
BASETYPE: Integer
SIZE WORK_LIST: 8
SIZE generated: 2
EVALUABLE#: 0

-------------------------

----------------
TTYPES
Integer
Integer

PROGS

LOCAL_COUNT: 5
GLOBAL_COUNT: 150

BASE_AFTER:
(int 1)
BASETYPE: Integer
SIZE WORK_LIST: 9
SIZE generated: 2
EVALUABLE#: 0

-------------------------

----------------
TTYPES
Integer
Integer

PROGS

LOCAL_COUNT: 6
GLOBAL_COUNT: 151

BASE_AFTER:
(int 2)
BASETYPE: Integer
SIZE WORK_LIST: 10
SIZE generated: 2
EVALUABLE#: 0

-------------------------

----------------
TTYPES
String
String

PROGS

LOCAL_COUNT: 7
GLOBAL_COUNT: 152

BASE_AFTER:
(str "")
BASETYPE: String
SIZE WORK_LIST: 11
SIZE generated: 2
EVALUABLE#: 0

-------------------------

----------------
TTYPES
%bot

PROGS

LOCAL_COUNT: 8
GLOBAL_COUNT: 153

BASE_AFTER:
(filled-hole
  (hole 2 {:hash_depth=>0, :method_arg=>false, :variance=>:-}) {:method_arg=>false})
BASETYPE: %bot
SIZE WORK_LIST: 12
SIZE generated: 1
EVALUABLE#: 0

-------------------------

----------------
TTYPES
true or false
true or false
true or false
true or false

PROGS

LOCAL_COUNT: 9
GLOBAL_COUNT: 154

BASE_AFTER:
(begin
  (send
    (hole 0 {:hash_depth=>0, :limit_depth=>true, :recv=>true}) :count=
    (hole 0 {:hash_depth=>0, :method_arg=>true}))
  (true))
BASETYPE: true or false
SIZE WORK_LIST: 12
SIZE generated: 4
EVALUABLE#: 3

-------------------------

----------------
TTYPES
true or false

PROGS

LOCAL_COUNT: 1
GLOBAL_COUNT: 155

BASE_AFTER:
(filled-hole
  (hole 1 {:hash_depth=>0, :method_arg=>false, :variance=>:+}) {:method_arg=>false})
BASETYPE: true or false
SIZE WORK_LIST: 0
SIZE generated: 1
EVALUABLE#: 0

-------------------------

----------------
TTYPES
true or false

PROGS

LOCAL_COUNT: 2
GLOBAL_COUNT: 156

BASE_AFTER:
(filled-hole
  (hole 2 {:hash_depth=>0, :method_arg=>false, :variance=>:+}) {:method_arg=>false})
BASETYPE: true or false
SIZE WORK_LIST: 0
SIZE generated: 1
EVALUABLE#: 0

-------------------------

----------------
TTYPES
true or false

PROGS

LOCAL_COUNT: 3
GLOBAL_COUNT: 157

BASE_AFTER:
(filled-hole
  (hole 3 {:hash_depth=>0, :method_arg=>false, :variance=>:+}) {:method_arg=>false})
BASETYPE: true or false
SIZE WORK_LIST: 0
SIZE generated: 1
EVALUABLE#: 0

-------------------------

----------------
TTYPES
true or false

PROGS

LOCAL_COUNT: 4
GLOBAL_COUNT: 158

BASE_AFTER:
(filled-hole
  (hole 4 {:hash_depth=>0, :method_arg=>false, :variance=>:+}) {:method_arg=>false})
BASETYPE: true or false
SIZE WORK_LIST: 0
SIZE generated: 1
EVALUABLE#: 0

-------------------------

----------------
TTYPES
true or false

PROGS

LOCAL_COUNT: 5
GLOBAL_COUNT: 159

BASE_AFTER:
(filled-hole
  (hole 5 {:hash_depth=>0, :method_arg=>false, :variance=>:+}) {:method_arg=>false})
BASETYPE: true or false
SIZE WORK_LIST: 0
SIZE generated: 1
EVALUABLE#: 0

-------------------------

----------------
TTYPES
true or false

PROGS

LOCAL_COUNT: 6
GLOBAL_COUNT: 160

BASE_AFTER:
(filled-hole
  (hole 6 {:hash_depth=>0, :method_arg=>false, :variance=>:+}) {:method_arg=>false})
BASETYPE: true or false
SIZE WORK_LIST: 0
SIZE generated: 1
EVALUABLE#: 0

-------------------------

----------------
TTYPES
true or false
true or false
Integer
Integer
Integer
String
%bot

PROGS

LOCAL_COUNT: 1
GLOBAL_COUNT: 1

BASE_AFTER:
(filled-hole
  (true)
  (false)
  (int 0)
  (int 1)
  (int 2)
  (str "")
  (hole 1 {:hash_depth=>0, :method_arg=>false, :variance=>:-}) {:method_arg=>false})
BASETYPE: %bot
SIZE WORK_LIST: 0
SIZE generated: 7
EVALUABLE#: 6

-------------------------

----------------
TTYPES
true or false
true or false

PROGS

LOCAL_COUNT: 2
GLOBAL_COUNT: 2

BASE_AFTER:
(true)
BASETYPE: true or false
SIZE WORK_LIST: 6
SIZE generated: 2
EVALUABLE#: 0

-------------------------

----------------
TTYPES
true or false
true or false

PROGS

LOCAL_COUNT: 3
GLOBAL_COUNT: 3

BASE_AFTER:
(false)
BASETYPE: true or false
SIZE WORK_LIST: 7
SIZE generated: 2
EVALUABLE#: 0

-------------------------

----------------
TTYPES
Integer
Integer

PROGS

LOCAL_COUNT: 4
GLOBAL_COUNT: 4

BASE_AFTER:
(int 0)
BASETYPE: Integer
SIZE WORK_LIST: 8
SIZE generated: 2
EVALUABLE#: 0

-------------------------

----------------
TTYPES
Integer
Integer

PROGS

LOCAL_COUNT: 5
GLOBAL_COUNT: 5

BASE_AFTER:
(int 1)
BASETYPE: Integer
SIZE WORK_LIST: 9
SIZE generated: 2
EVALUABLE#: 0

-------------------------

----------------
TTYPES
Integer
Integer

PROGS

LOCAL_COUNT: 6
GLOBAL_COUNT: 6

BASE_AFTER:
(int 2)
BASETYPE: Integer
SIZE WORK_LIST: 10
SIZE generated: 2
EVALUABLE#: 0

-------------------------

----------------
TTYPES
String
String

PROGS

LOCAL_COUNT: 7
GLOBAL_COUNT: 7

BASE_AFTER:
(str "")
BASETYPE: String
SIZE WORK_LIST: 11
SIZE generated: 2
EVALUABLE#: 0

-------------------------

----------------
TTYPES
%bot

PROGS

LOCAL_COUNT: 8
GLOBAL_COUNT: 8

BASE_AFTER:
(filled-hole
  (begin
    (send
      (hole 0 {:hash_depth=>0, :limit_depth=>true, :recv=>true}) :-
      (hole 0 {:hash_depth=>0, :method_arg=>true})))
  (begin
    (send
      (hole 0 {:hash_depth=>0, :limit_depth=>true, :recv=>true}) :count))
  (begin
    (send
      (hole 0 {:hash_depth=>0, :limit_depth=>true, :recv=>true}) :-
      (hole 0 {:hash_depth=>0, :method_arg=>true})))
  (hole 2 {:hash_depth=>0, :method_arg=>false, :variance=>:-}) {:method_arg=>false})
BASETYPE: %bot
SIZE WORK_LIST: 12
SIZE generated: 1
EVALUABLE#: 0

-------------------------

----------------
TTYPES
true or false
true or false
true or false
true or false

PROGS

LOCAL_COUNT: 9
GLOBAL_COUNT: 9

BASE_AFTER:
(begin
  (send
    (hole 0 {:hash_depth=>0, :limit_depth=>true, :recv=>true}) :count=
    (hole 0 {:hash_depth=>0, :method_arg=>true}))
  (true))
BASETYPE: true or false
SIZE WORK_LIST: 12
SIZE generated: 4
EVALUABLE#: 3

-------------------------

----------------
TTYPES
true or false

PROGS

LOCAL_COUNT: 10
GLOBAL_COUNT: 10

BASE_AFTER:
(begin
  (send
    (hole 0 {:hash_depth=>0, :limit_depth=>true, :recv=>true}) :diaspora_user=
    (hole 0 {:hash_depth=>0, :method_arg=>true}))
  (true))
BASETYPE: true or false
SIZE WORK_LIST: 14
SIZE generated: 1
EVALUABLE#: 0

-------------------------

----------------
TTYPES
true or false
true or false
true or false
true or false

PROGS

LOCAL_COUNT: 11
GLOBAL_COUNT: 11

BASE_AFTER:
(begin
  (send
    (hole 0 {:hash_depth=>0, :limit_depth=>true, :recv=>true}) :count=
    (hole 0 {:hash_depth=>0, :method_arg=>true}))
  (false))
BASETYPE: true or false
SIZE WORK_LIST: 14
SIZE generated: 4
EVALUABLE#: 3

-------------------------

----------------
TTYPES
true or false

PROGS

LOCAL_COUNT: 12
GLOBAL_COUNT: 12

BASE_AFTER:
(begin
  (send
    (hole 0 {:hash_depth=>0, :limit_depth=>true, :recv=>true}) :diaspora_user=
    (hole 0 {:hash_depth=>0, :method_arg=>true}))
  (false))
BASETYPE: true or false
SIZE WORK_LIST: 16
SIZE generated: 1
EVALUABLE#: 0

-------------------------

----------------
TTYPES
Integer
Integer
Integer
Integer
Integer

PROGS

LOCAL_COUNT: 13
GLOBAL_COUNT: 13

BASE_AFTER:
(begin
  (send
    (hole 0 {:hash_depth=>0, :limit_depth=>true, :recv=>true}) :count=
    (hole 0 {:hash_depth=>0, :method_arg=>true}))
  (int 0))
BASETYPE: Integer
SIZE WORK_LIST: 16
SIZE generated: 5
EVALUABLE#: 4

-------------------------

----------------
TTYPES
Integer

PROGS

LOCAL_COUNT: 14
GLOBAL_COUNT: 14

BASE_AFTER:
(begin
  (send
    (hole 0 {:hash_depth=>0, :limit_depth=>true, :recv=>true}) :diaspora_user=
    (hole 0 {:hash_depth=>0, :method_arg=>true}))
  (int 0))
BASETYPE: Integer
SIZE WORK_LIST: 19
SIZE generated: 1
EVALUABLE#: 0

-------------------------

----------------
TTYPES
Integer
Integer
Integer
Integer
Integer

PROGS

LOCAL_COUNT: 15
GLOBAL_COUNT: 15

BASE_AFTER:
(begin
  (send
    (hole 0 {:hash_depth=>0, :limit_depth=>true, :recv=>true}) :count=
    (hole 0 {:hash_depth=>0, :method_arg=>true}))
  (int 1))
BASETYPE: Integer
SIZE WORK_LIST: 19
SIZE generated: 5
EVALUABLE#: 4

-------------------------

----------------
TTYPES
Integer

PROGS

LOCAL_COUNT: 16
GLOBAL_COUNT: 16

BASE_AFTER:
(begin
  (send
    (hole 0 {:hash_depth=>0, :limit_depth=>true, :recv=>true}) :diaspora_user=
    (hole 0 {:hash_depth=>0, :method_arg=>true}))
  (int 1))
BASETYPE: Integer
SIZE WORK_LIST: 22
SIZE generated: 1
EVALUABLE#: 0

-------------------------

----------------
TTYPES
Integer
Integer
Integer
Integer
Integer

PROGS

LOCAL_COUNT: 17
GLOBAL_COUNT: 17

BASE_AFTER:
(begin
  (send
    (hole 0 {:hash_depth=>0, :limit_depth=>true, :recv=>true}) :count=
    (hole 0 {:hash_depth=>0, :method_arg=>true}))
  (int 2))
BASETYPE: Integer
SIZE WORK_LIST: 22
SIZE generated: 5
EVALUABLE#: 4

-------------------------

----------------
TTYPES
Integer

PROGS

LOCAL_COUNT: 18
GLOBAL_COUNT: 18

BASE_AFTER:
(begin
  (send
    (hole 0 {:hash_depth=>0, :limit_depth=>true, :recv=>true}) :diaspora_user=
    (hole 0 {:hash_depth=>0, :method_arg=>true}))
  (int 2))
BASETYPE: Integer
SIZE WORK_LIST: 24
SIZE generated: 1
EVALUABLE#: 0

-------------------------

----------------
TTYPES
String
String
String
String

PROGS

LOCAL_COUNT: 19
GLOBAL_COUNT: 19

BASE_AFTER:
(begin
  (send
    (hole 0 {:hash_depth=>0, :limit_depth=>true, :recv=>true}) :count=
    (hole 0 {:hash_depth=>0, :method_arg=>true}))
  (str ""))
BASETYPE: String
SIZE WORK_LIST: 24
SIZE generated: 4
EVALUABLE#: 3

-------------------------

----------------
TTYPES
String

PROGS

LOCAL_COUNT: 20
GLOBAL_COUNT: 20

BASE_AFTER:
(begin
  (send
    (hole 0 {:hash_depth=>0, :limit_depth=>true, :recv=>true}) :diaspora_user=
    (hole 0 {:hash_depth=>0, :method_arg=>true}))
  (str ""))
BASETYPE: String
SIZE WORK_LIST: 26
SIZE generated: 1
EVALUABLE#: 0

-------------------------

----------------
TTYPES
true or false
true or false

PROGS

LOCAL_COUNT: 21
GLOBAL_COUNT: 21

BASE_AFTER:
(begin
  (send
    (lvar :arg0) :count=
    (int 0))
  (true))
BASETYPE: true or false
SIZE WORK_LIST: 26
SIZE generated: 2
EVALUABLE#: 0

-------------------------

----------------
TTYPES
true or false
true or false

PROGS

LOCAL_COUNT: 22
GLOBAL_COUNT: 22

BASE_AFTER:
(begin
  (send
    (lvar :arg0) :count=
    (int 1))
  (true))
BASETYPE: true or false
SIZE WORK_LIST: 27
SIZE generated: 2
EVALUABLE#: 0

-------------------------

----------------
TTYPES
true or false
true or false

PROGS

LOCAL_COUNT: 23
GLOBAL_COUNT: 23

BASE_AFTER:
(begin
  (send
    (lvar :arg0) :count=
    (int 0))
  (false))
BASETYPE: true or false
SIZE WORK_LIST: 28
SIZE generated: 2
EVALUABLE#: 0

-------------------------

----------------
TTYPES
true or false
true or false

PROGS

LOCAL_COUNT: 24
GLOBAL_COUNT: 24

BASE_AFTER:
(begin
  (send
    (lvar :arg0) :count=
    (int 1))
  (false))
BASETYPE: true or false
SIZE WORK_LIST: 29
SIZE generated: 2
EVALUABLE#: 0

-------------------------

----------------
TTYPES
Integer
Integer

PROGS

LOCAL_COUNT: 25
GLOBAL_COUNT: 25

BASE_AFTER:
(begin
  (send
    (lvar :arg0) :count=
    (int 0))
  (int 0))
BASETYPE: Integer
SIZE WORK_LIST: 30
SIZE generated: 2
EVALUABLE#: 0

-------------------------

----------------
TTYPES
Integer
Integer

PROGS

LOCAL_COUNT: 26
GLOBAL_COUNT: 26

BASE_AFTER:
(begin
  (send
    (lvar :arg0) :count=
    (int 1))
  (int 0))
BASETYPE: Integer
SIZE WORK_LIST: 31
SIZE generated: 2
EVALUABLE#: 0

-------------------------

----------------
TTYPES
Integer
Integer

PROGS

LOCAL_COUNT: 27
GLOBAL_COUNT: 27

BASE_AFTER:
(begin
  (lvasgn :t0
    (int 0))
  (send
    (lvar :arg0) :count=
    (lvar :t0))
  (lvar :t0))
BASETYPE: Integer
SIZE WORK_LIST: 32
SIZE generated: 2
EVALUABLE#: 0

-------------------------

----------------
TTYPES
Integer
Integer

PROGS

LOCAL_COUNT: 28
GLOBAL_COUNT: 28

BASE_AFTER:
(begin
  (send
    (lvar :arg0) :count=
    (int 0))
  (int 1))
BASETYPE: Integer
SIZE WORK_LIST: 33
SIZE generated: 2
EVALUABLE#: 0

-------------------------

----------------
TTYPES
Integer
Integer

PROGS

LOCAL_COUNT: 29
GLOBAL_COUNT: 29

BASE_AFTER:
(begin
  (send
    (lvar :arg0) :count=
    (int 1))
  (int 1))
BASETYPE: Integer
SIZE WORK_LIST: 34
SIZE generated: 2
EVALUABLE#: 0

-------------------------

----------------
TTYPES
Integer
Integer

PROGS

LOCAL_COUNT: 30
GLOBAL_COUNT: 30

BASE_AFTER:
(begin
  (lvasgn :t0
    (int 1))
  (send
    (lvar :arg0) :count=
    (lvar :t0))
  (lvar :t0))
BASETYPE: Integer
SIZE WORK_LIST: 35
SIZE generated: 2
EVALUABLE#: 0

-------------------------

----------------
TTYPES
Integer
Integer

PROGS

LOCAL_COUNT: 31
GLOBAL_COUNT: 31

BASE_AFTER:
(begin
  (send
    (lvar :arg0) :count=
    (int 0))
  (int 2))
BASETYPE: Integer
SIZE WORK_LIST: 36
SIZE generated: 2
EVALUABLE#: 0

-------------------------

----------------
TTYPES
Integer
Integer

PROGS

LOCAL_COUNT: 32
GLOBAL_COUNT: 32

BASE_AFTER:
(begin
  (send
    (lvar :arg0) :count=
    (int 1))
  (int 2))
BASETYPE: Integer
SIZE WORK_LIST: 37
SIZE generated: 2
EVALUABLE#: 0

-------------------------

----------------
TTYPES
String
String

PROGS

LOCAL_COUNT: 33
GLOBAL_COUNT: 33

BASE_AFTER:
(begin
  (send
    (lvar :arg0) :count=
    (int 0))
  (str ""))
BASETYPE: String
SIZE WORK_LIST: 38
SIZE generated: 2
EVALUABLE#: 0

-------------------------

----------------
TTYPES
String
String

PROGS

LOCAL_COUNT: 34
GLOBAL_COUNT: 34

BASE_AFTER:
(begin
  (send
    (lvar :arg0) :count=
    (int 1))
  (str ""))
BASETYPE: String
SIZE WORK_LIST: 39
SIZE generated: 2
EVALUABLE#: 0

-------------------------

----------------
TTYPES
Integer
Integer
Integer
Integer
Integer
Integer
Integer
Integer
%bot

PROGS

LOCAL_COUNT: 35
GLOBAL_COUNT: 35

BASE_AFTER:
(filled-hole
  (begin
    (send
      (send
        (hole 0 {:hash_depth=>0, :limit_depth=>true, :recv=>true}) :id=
        (hole 0 {:hash_depth=>0, :method_arg=>true})) :-
      (hole 0 {:hash_depth=>0, :method_arg=>true})))
  (begin
    (send
      (send
        (hole 0 {:hash_depth=>0, :limit_depth=>true, :recv=>true}) :id=
        (hole 0 {:hash_depth=>0, :method_arg=>true})) :-
      (hole 0 {:hash_depth=>0, :method_arg=>true})))
  (begin
    (send
      (send
        (hole 0 {:hash_depth=>0, :limit_depth=>true, :recv=>true}) :id=
        (hole 0 {:hash_depth=>0, :method_arg=>true})) :count))
  (begin
    (send
      (send
        (hole 0 {:hash_depth=>0, :limit_depth=>true, :recv=>true}) :id) :-
      (hole 0 {:hash_depth=>0, :method_arg=>true})))
  (begin
    (send
      (send
        (hole 0 {:hash_depth=>0, :limit_depth=>true, :recv=>true}) :id) :-
      (hole 0 {:hash_depth=>0, :method_arg=>true})))
  (begin
    (send
      (send
        (hole 0 {:hash_depth=>0, :limit_depth=>true, :recv=>true}) :id) :count))
  (begin
    (send
      (send
        (hole 0 {:hash_depth=>0, :limit_depth=>true, :recv=>true}) :token=
        (hole 0 {:hash_depth=>0, :method_arg=>true})) :count))
  (begin
    (send
      (send
        (hole 0 {:hash_depth=>0, :limit_depth=>true, :recv=>true}) :token=
        (hole 0 {:hash_depth=>0, :method_arg=>true})) :-
      (hole 0 {:hash_depth=>0, :method_arg=>true})))
  (begin
    (send
      (send
        (hole 0 {:hash_depth=>0, :limit_depth=>true, :recv=>true}) :token) :count))
  (begin
    (send
      (send
        (hole 0 {:hash_depth=>0, :limit_depth=>true, :recv=>true}) :token) :-
      (hole 0 {:hash_depth=>0, :method_arg=>true})))
  (begin
    (send
      (send
        (hole 0 {:hash_depth=>0, :limit_depth=>true, :recv=>true}) :diaspora_user_id=
        (hole 0 {:hash_depth=>0, :method_arg=>true})) :-
      (hole 0 {:hash_depth=>0, :method_arg=>true})))
  (begin
    (send
      (send
        (hole 0 {:hash_depth=>0, :limit_depth=>true, :recv=>true}) :diaspora_user_id=
        (hole 0 {:hash_depth=>0, :method_arg=>true})) :-
      (hole 0 {:hash_depth=>0, :method_arg=>true})))
  (begin
    (send
      (send
        (hole 0 {:hash_depth=>0, :limit_depth=>true, :recv=>true}) :diaspora_user_id=
        (hole 0 {:hash_depth=>0, :method_arg=>true})) :count))
  (begin
    (send
      (send
        (hole 0 {:hash_depth=>0, :limit_depth=>true, :recv=>true}) :diaspora_user_id) :-
      (hole 0 {:hash_depth=>0, :method_arg=>true})))
  (begin
    (send
      (send
        (hole 0 {:hash_depth=>0, :limit_depth=>true, :recv=>true}) :diaspora_user_id) :-
      (hole 0 {:hash_depth=>0, :method_arg=>true})))
  (begin
    (send
      (send
        (hole 0 {:hash_depth=>0, :limit_depth=>true, :recv=>true}) :diaspora_user_id) :count))
  (begin
    (send
      (send
        (hole 0 {:hash_depth=>0, :limit_depth=>true, :recv=>true}) :count=
        (hole 0 {:hash_depth=>0, :method_arg=>true})) :-
      (hole 0 {:hash_depth=>0, :method_arg=>true})))
  (begin
    (send
      (send
        (hole 0 {:hash_depth=>0, :limit_depth=>true, :recv=>true}) :count=
        (hole 0 {:hash_depth=>0, :method_arg=>true})) :-
      (hole 0 {:hash_depth=>0, :method_arg=>true})))
  (begin
    (send
      (send
        (hole 0 {:hash_depth=>0, :limit_depth=>true, :recv=>true}) :count=
        (hole 0 {:hash_depth=>0, :method_arg=>true})) :count))
  (begin
    (send
      (begin
        (send
          (hole 0 {:hash_depth=>0, :limit_depth=>true, :recv=>true}) :count)) :-
      (hole 0 {:hash_depth=>0, :method_arg=>true})))
  (begin
    (send
      (begin
        (send
          (hole 0 {:hash_depth=>0, :limit_depth=>true, :recv=>true}) :count)) :-
      (hole 0 {:hash_depth=>0, :method_arg=>true})))
  (begin
    (send
      (begin
        (send
          (hole 0 {:hash_depth=>0, :limit_depth=>true, :recv=>true}) :count)) :count))
  (begin
    (send
      (send
        (hole 0 {:hash_depth=>0, :limit_depth=>true, :recv=>true}) :diaspora_user) :count))
  (begin
    (send
      (send
        (hole 0 {:hash_depth=>0, :limit_depth=>true, :recv=>true}) :diaspora_user) :-
      (hole 0 {:hash_depth=>0, :method_arg=>true})))
  (begin
    (send
      (send
        (hole 0 {:hash_depth=>0, :limit_depth=>true, :recv=>true}) :diaspora_user=
        (hole 0 {:hash_depth=>0, :method_arg=>true})) :count))
  (begin
    (send
      (send
        (hole 0 {:hash_depth=>0, :limit_depth=>true, :recv=>true}) :diaspora_user=
        (hole 0 {:hash_depth=>0, :method_arg=>true})) :-
      (hole 0 {:hash_depth=>0, :method_arg=>true})))
  (begin
    (send
      (begin
        (send
          (hole 0 {:hash_depth=>0, :limit_depth=>true, :recv=>true}) :-
          (hole 0 {:hash_depth=>0, :method_arg=>true}))) :-
      (hole 0 {:hash_depth=>0, :method_arg=>true})))
  (begin
    (send
      (begin
        (send
          (hole 0 {:hash_depth=>0, :limit_depth=>true, :recv=>true}) :-
          (hole 0 {:hash_depth=>0, :method_arg=>true}))) :-
      (hole 0 {:hash_depth=>0, :method_arg=>true})))
  (begin
    (send
      (begin
        (send
          (hole 0 {:hash_depth=>0, :limit_depth=>true, :recv=>true}) :save)) :count))
  (begin
    (send
      (begin
        (send
          (hole 0 {:hash_depth=>0, :limit_depth=>true, :recv=>true}) :save)) :-
      (hole 0 {:hash_depth=>0, :method_arg=>true})))
  (begin
    (send
      (begin
        (send
          (hole 0 {:hash_depth=>0, :limit_depth=>true, :recv=>true}) :count)) :-
      (hole 0 {:hash_depth=>0, :method_arg=>true})))
  (begin
    (send
      (begin
        (send
          (hole 0 {:hash_depth=>0, :limit_depth=>true, :recv=>true}) :count)) :-
      (hole 0 {:hash_depth=>0, :method_arg=>true})))
  (begin
    (send
      (begin
        (send
          (hole 0 {:hash_depth=>0, :limit_depth=>true, :recv=>true}) :-
          (hole 0 {:hash_depth=>0, :method_arg=>true}))) :-
      (hole 0 {:hash_depth=>0, :method_arg=>true})))
  (begin
    (send
      (begin
        (send
          (hole 0 {:hash_depth=>0, :limit_depth=>true, :recv=>true}) :-
          (hole 0 {:hash_depth=>0, :method_arg=>true}))) :-
      (hole 0 {:hash_depth=>0, :method_arg=>true})))
  (begin
    (send
      (begin
        (send
          (hole 0 {:hash_depth=>0, :limit_depth=>true, :recv=>true}) :save)) :count))
  (begin
    (send
      (begin
        (send
          (hole 0 {:hash_depth=>0, :limit_depth=>true, :recv=>true}) :save)) :-
      (hole 0 {:hash_depth=>0, :method_arg=>true})))
  (hole 3 {:hash_depth=>0, :method_arg=>false, :variance=>:-}) {:method_arg=>false})
BASETYPE: %bot
SIZE WORK_LIST: 40
SIZE generated: 9
EVALUABLE#: 0

-------------------------

----------------
TTYPES
Integer
Integer
Integer
Integer
Integer
Integer
Integer
Integer
Integer
Integer
Integer
Integer
Integer
Integer
Integer
Integer
Integer
Integer
Integer
Integer
Integer
Integer
Integer
Integer
Integer
Integer
Integer
Integer
Integer
Integer
Integer
Integer
Integer
Integer
Integer
Integer

PROGS

LOCAL_COUNT: 36
GLOBAL_COUNT: 36

BASE_AFTER:
(begin
  (send
    (begin
      (send
        (filled-hole
          (lvar InvitationCode(id: integer, token: string, diaspora_user_id: integer, count: integer)) {:method_arg=>false}) :-
        (filled-hole
          (lvar :arg0)
          (lvar InvitationCode(id: integer, token: string, diaspora_user_id: integer, count: integer))
          (true)
          (false)
          (int 0)
          (int 1)
          (int 2)
          (str "")
          (hole 1 {:hash_depth=>0, :method_arg=>true, :variance=>:+}) {:method_arg=>true}))) :-
    (filled-hole
      (int 0)
      (int 1)
      (int 2)
      (hole 1 {:hash_depth=>0, :method_arg=>true, :variance=>:+}) {:method_arg=>true})))
BASETYPE: Integer
SIZE WORK_LIST: 48
SIZE generated: 36
EVALUABLE#: 24

-------------------------

----------------
TTYPES
Integer
Integer
Integer
Integer

PROGS

LOCAL_COUNT: 37
GLOBAL_COUNT: 37

BASE_AFTER:
(begin
  (send
    (begin
      (send
        (filled-hole
          (lvar InvitationCode(id: integer, token: string, diaspora_user_id: integer, count: integer)) {:method_arg=>false}) :count)) :-
    (filled-hole
      (int 0)
      (int 1)
      (int 2)
      (hole 1 {:hash_depth=>0, :method_arg=>true, :variance=>:+}) {:method_arg=>true})))
BASETYPE: Integer
SIZE WORK_LIST: 59
SIZE generated: 4
EVALUABLE#: 3

-------------------------

----------------
TTYPES
true or false
true or false
true or false
true or false
true or false
true or false
true or false
true or false
true or false
true or false
true or false

PROGS

LOCAL_COUNT: 38
GLOBAL_COUNT: 38

BASE_AFTER:
(begin
  (send
    (lvar :arg0) :count=
    (hole 1 {:hash_depth=>0, :method_arg=>true, :variance=>:+}))
  (true))
BASETYPE: true or false
SIZE WORK_LIST: 62
SIZE generated: 11
EVALUABLE#: 0

-------------------------

----------------
TTYPES
Integer
Integer

PROGS

LOCAL_COUNT: 39
GLOBAL_COUNT: 39

BASE_AFTER:
(begin
  (send
    (begin
      (send
        (lvar InvitationCode(id: integer, token: string, diaspora_user_id: integer, count: integer)) :count)) :-
    (int 0)))
BASETYPE: Integer
SIZE WORK_LIST: 72
SIZE generated: 2
EVALUABLE#: 0

-------------------------

----------------
TTYPES
Integer
Integer

PROGS

LOCAL_COUNT: 40
GLOBAL_COUNT: 40

BASE_AFTER:
(begin
  (send
    (begin
      (send
        (lvar InvitationCode(id: integer, token: string, diaspora_user_id: integer, count: integer)) :count)) :-
    (int 1)))
BASETYPE: Integer
SIZE WORK_LIST: 73
SIZE generated: 2
EVALUABLE#: 0

-------------------------

----------------
TTYPES
Integer
Integer

PROGS

LOCAL_COUNT: 41
GLOBAL_COUNT: 41

BASE_AFTER:
(begin
  (send
    (begin
      (send
        (lvar InvitationCode(id: integer, token: string, diaspora_user_id: integer, count: integer)) :count)) :-
    (int 2)))
BASETYPE: Integer
SIZE WORK_LIST: 74
SIZE generated: 2
EVALUABLE#: 0

-------------------------

----------------
TTYPES
true or false
true or false
true or false
true or false
true or false
true or false
true or false
true or false
true or false
true or false

PROGS

LOCAL_COUNT: 42
GLOBAL_COUNT: 42

BASE_AFTER:
(begin
  (send
    (lvar :arg0) :count=
    (begin
      (send
        (hole 0 {:hash_depth=>0, :limit_depth=>true, :recv=>true}) :-
        (hole 0 {:hash_depth=>0, :method_arg=>true}))))
  (true))
BASETYPE: true or false
SIZE WORK_LIST: 75
SIZE generated: 10
EVALUABLE#: 9

-------------------------

----------------
TTYPES
true or false

PROGS

LOCAL_COUNT: 43
GLOBAL_COUNT: 43

BASE_AFTER:
(begin
  (send
    (lvar :arg0) :count=
    (begin
      (send
        (hole 0 {:hash_depth=>0, :limit_depth=>true, :recv=>true}) :count)))
  (true))
BASETYPE: true or false
SIZE WORK_LIST: 75
SIZE generated: 1
EVALUABLE#: 1

-------------------------

----------------
TTYPES
true or false
true or false
true or false
true or false
true or false
true or false

PROGS

LOCAL_COUNT: 44
GLOBAL_COUNT: 44

BASE_AFTER:
(begin
  (send
    (lvar :arg0) :diaspora_user=
    (hole 1 {:hash_depth=>0, :method_arg=>true, :variance=>:+}))
  (true))
BASETYPE: true or false
SIZE WORK_LIST: 75
SIZE generated: 6
EVALUABLE#: 0

-------------------------

----------------
TTYPES
true or false
true or false

PROGS

LOCAL_COUNT: 45
GLOBAL_COUNT: 45

BASE_AFTER:
(begin
  (send
    (lvar :arg0) :count=
    (begin
      (send
        (lvar InvitationCode(id: integer, token: string, diaspora_user_id: integer, count: integer)) :count)))
  (true))
BASETYPE: true or false
SIZE WORK_LIST: 80
SIZE generated: 2
EVALUABLE#: 0

-------------------------

----------------
TTYPES
true or false

PROGS

LOCAL_COUNT: 46
GLOBAL_COUNT: 46

BASE_AFTER:
(begin
  (send
    (lvar :arg0) :diaspora_user=
    (begin
      (send
        (hole 0 {:hash_depth=>0, :limit_depth=>true, :recv=>true}) :count)))
  (true))
BASETYPE: true or false
SIZE WORK_LIST: 81
SIZE generated: 1
EVALUABLE#: 1

-------------------------

----------------
TTYPES
true or false
true or false
true or false
true or false
true or false
true or false
true or false
true or false
true or false
true or false
true or false

PROGS

LOCAL_COUNT: 47
GLOBAL_COUNT: 47

BASE_AFTER:
(begin
  (send
    (lvar :arg0) :count=
    (hole 1 {:hash_depth=>0, :method_arg=>true, :variance=>:+}))
  (false))
BASETYPE: true or false
SIZE WORK_LIST: 80
SIZE generated: 11
EVALUABLE#: 0

-------------------------

----------------
TTYPES
true or false

PROGS

LOCAL_COUNT: 48
GLOBAL_COUNT: 48

BASE_AFTER:
(begin
  (send
    (lvar :arg0) :count=
    (begin
      (send
        (hole 0 {:hash_depth=>0, :limit_depth=>true, :recv=>true}) :count)))
  (false))
BASETYPE: true or false
SIZE WORK_LIST: 90
SIZE generated: 1
EVALUABLE#: 1

-------------------------

----------------
TTYPES
true or false
true or false
true or false
true or false
true or false
true or false

PROGS

LOCAL_COUNT: 49
GLOBAL_COUNT: 49

BASE_AFTER:
(begin
  (send
    (lvar :arg0) :diaspora_user=
    (hole 1 {:hash_depth=>0, :method_arg=>true, :variance=>:+}))
  (false))
BASETYPE: true or false
SIZE WORK_LIST: 90
SIZE generated: 6
EVALUABLE#: 0

-------------------------

----------------
TTYPES
true or false
true or false

PROGS

LOCAL_COUNT: 50
GLOBAL_COUNT: 50

BASE_AFTER:
(begin
  (send
    (lvar :arg0) :count=
    (begin
      (send
        (lvar InvitationCode(id: integer, token: string, diaspora_user_id: integer, count: integer)) :count)))
  (false))
BASETYPE: true or false
SIZE WORK_LIST: 95
SIZE generated: 2
EVALUABLE#: 0

-------------------------

----------------
TTYPES
true or false

PROGS

LOCAL_COUNT: 51
GLOBAL_COUNT: 51

BASE_AFTER:
(begin
  (send
    (lvar :arg0) :diaspora_user=
    (begin
      (send
        (hole 0 {:hash_depth=>0, :limit_depth=>true, :recv=>true}) :count)))
  (false))
BASETYPE: true or false
SIZE WORK_LIST: 96
SIZE generated: 1
EVALUABLE#: 1

-------------------------

----------------
TTYPES
Integer
Integer
Integer
Integer
Integer
Integer
Integer
Integer
Integer
Integer
Integer

PROGS

LOCAL_COUNT: 52
GLOBAL_COUNT: 52

BASE_AFTER:
(begin
  (send
    (lvar :arg0) :count=
    (hole 1 {:hash_depth=>0, :method_arg=>true, :variance=>:+}))
  (int 0))
BASETYPE: Integer
SIZE WORK_LIST: 95
SIZE generated: 11
EVALUABLE#: 0

-------------------------

----------------
TTYPES
Integer

PROGS

LOCAL_COUNT: 53
GLOBAL_COUNT: 53

BASE_AFTER:
(begin
  (send
    (lvar :arg0) :count=
    (begin
      (send
        (hole 0 {:hash_depth=>0, :limit_depth=>true, :recv=>true}) :count)))
  (int 0))
BASETYPE: Integer
SIZE WORK_LIST: 105
SIZE generated: 1
EVALUABLE#: 1

-------------------------

----------------
TTYPES
Integer
Integer
Integer
Integer
Integer
Integer

PROGS

LOCAL_COUNT: 54
GLOBAL_COUNT: 54

BASE_AFTER:
(begin
  (send
    (lvar :arg0) :diaspora_user=
    (hole 1 {:hash_depth=>0, :method_arg=>true, :variance=>:+}))
  (int 0))
BASETYPE: Integer
SIZE WORK_LIST: 105
SIZE generated: 6
EVALUABLE#: 0

-------------------------

----------------
TTYPES
Integer
Integer

PROGS

LOCAL_COUNT: 55
GLOBAL_COUNT: 55

BASE_AFTER:
(begin
  (send
    (lvar :arg0) :count=
    (begin
      (send
        (lvar InvitationCode(id: integer, token: string, diaspora_user_id: integer, count: integer)) :count)))
  (int 0))
BASETYPE: Integer
SIZE WORK_LIST: 110
SIZE generated: 2
EVALUABLE#: 0

-------------------------

----------------
TTYPES
Integer

PROGS

LOCAL_COUNT: 56
GLOBAL_COUNT: 56

BASE_AFTER:
(begin
  (send
    (lvar :arg0) :diaspora_user=
    (begin
      (send
        (hole 0 {:hash_depth=>0, :limit_depth=>true, :recv=>true}) :count)))
  (int 0))
BASETYPE: Integer
SIZE WORK_LIST: 111
SIZE generated: 1
EVALUABLE#: 1

-------------------------

----------------
TTYPES
Integer
Integer
Integer
Integer
Integer
Integer
Integer
Integer
Integer
Integer
Integer

PROGS

LOCAL_COUNT: 57
GLOBAL_COUNT: 57

BASE_AFTER:
(begin
  (send
    (lvar :arg0) :count=
    (hole 1 {:hash_depth=>0, :method_arg=>true, :variance=>:+}))
  (int 1))
BASETYPE: Integer
SIZE WORK_LIST: 110
SIZE generated: 11
EVALUABLE#: 0

-------------------------

----------------
TTYPES
Integer

PROGS

LOCAL_COUNT: 58
GLOBAL_COUNT: 58

BASE_AFTER:
(begin
  (send
    (lvar :arg0) :count=
    (begin
      (send
        (hole 0 {:hash_depth=>0, :limit_depth=>true, :recv=>true}) :count)))
  (int 1))
BASETYPE: Integer
SIZE WORK_LIST: 120
SIZE generated: 1
EVALUABLE#: 1

-------------------------

----------------
TTYPES
Integer
Integer
Integer
Integer
Integer
Integer

PROGS

LOCAL_COUNT: 59
GLOBAL_COUNT: 59

BASE_AFTER:
(begin
  (send
    (lvar :arg0) :diaspora_user=
    (hole 1 {:hash_depth=>0, :method_arg=>true, :variance=>:+}))
  (int 1))
BASETYPE: Integer
SIZE WORK_LIST: 120
SIZE generated: 6
EVALUABLE#: 0

-------------------------

----------------
TTYPES
Integer
Integer

PROGS

LOCAL_COUNT: 60
GLOBAL_COUNT: 60

BASE_AFTER:
(begin
  (send
    (lvar :arg0) :count=
    (begin
      (send
        (lvar InvitationCode(id: integer, token: string, diaspora_user_id: integer, count: integer)) :count)))
  (int 1))
BASETYPE: Integer
SIZE WORK_LIST: 125
SIZE generated: 2
EVALUABLE#: 0

-------------------------

----------------
TTYPES
Integer

PROGS

LOCAL_COUNT: 61
GLOBAL_COUNT: 61

BASE_AFTER:
(begin
  (send
    (lvar :arg0) :diaspora_user=
    (begin
      (send
        (hole 0 {:hash_depth=>0, :limit_depth=>true, :recv=>true}) :count)))
  (int 1))
BASETYPE: Integer
SIZE WORK_LIST: 126
SIZE generated: 1
EVALUABLE#: 1

-------------------------

----------------
TTYPES
Integer
Integer
Integer
Integer
Integer
Integer
Integer
Integer
Integer
Integer
Integer

PROGS

LOCAL_COUNT: 62
GLOBAL_COUNT: 62

BASE_AFTER:
(begin
  (send
    (lvar :arg0) :count=
    (hole 1 {:hash_depth=>0, :method_arg=>true, :variance=>:+}))
  (int 2))
BASETYPE: Integer
SIZE WORK_LIST: 125
SIZE generated: 11
EVALUABLE#: 0

-------------------------

----------------
TTYPES
Integer

PROGS

LOCAL_COUNT: 63
GLOBAL_COUNT: 63

BASE_AFTER:
(begin
  (send
    (lvar :arg0) :count=
    (begin
      (send
        (hole 0 {:hash_depth=>0, :limit_depth=>true, :recv=>true}) :count)))
  (int 2))
BASETYPE: Integer
SIZE WORK_LIST: 135
SIZE generated: 1
EVALUABLE#: 1

-------------------------

----------------
TTYPES
Integer
Integer
Integer
Integer
Integer
Integer

PROGS

LOCAL_COUNT: 64
GLOBAL_COUNT: 64

BASE_AFTER:
(begin
  (send
    (lvar :arg0) :diaspora_user=
    (hole 1 {:hash_depth=>0, :method_arg=>true, :variance=>:+}))
  (int 2))
BASETYPE: Integer
SIZE WORK_LIST: 135
SIZE generated: 6
EVALUABLE#: 0

-------------------------

----------------
TTYPES
Integer
Integer

PROGS

LOCAL_COUNT: 65
GLOBAL_COUNT: 65

BASE_AFTER:
(begin
  (send
    (lvar :arg0) :count=
    (begin
      (send
        (lvar InvitationCode(id: integer, token: string, diaspora_user_id: integer, count: integer)) :count)))
  (int 2))
BASETYPE: Integer
SIZE WORK_LIST: 140
SIZE generated: 2
EVALUABLE#: 0

-------------------------

----------------
TTYPES
Integer

PROGS

LOCAL_COUNT: 66
GLOBAL_COUNT: 66

BASE_AFTER:
(begin
  (send
    (lvar :arg0) :diaspora_user=
    (begin
      (send
        (hole 0 {:hash_depth=>0, :limit_depth=>true, :recv=>true}) :count)))
  (int 2))
BASETYPE: Integer
SIZE WORK_LIST: 141
SIZE generated: 1
EVALUABLE#: 1

-------------------------

----------------
TTYPES
String
String
String
String
String
String
String
String
String
String
String

PROGS

LOCAL_COUNT: 67
GLOBAL_COUNT: 67

BASE_AFTER:
(begin
  (send
    (lvar :arg0) :count=
    (hole 1 {:hash_depth=>0, :method_arg=>true, :variance=>:+}))
  (str ""))
BASETYPE: String
SIZE WORK_LIST: 140
SIZE generated: 11
EVALUABLE#: 0

-------------------------

----------------
TTYPES
String

PROGS

LOCAL_COUNT: 68
GLOBAL_COUNT: 68

BASE_AFTER:
(begin
  (send
    (lvar :arg0) :count=
    (begin
      (send
        (hole 0 {:hash_depth=>0, :limit_depth=>true, :recv=>true}) :count)))
  (str ""))
BASETYPE: String
SIZE WORK_LIST: 150
SIZE generated: 1
EVALUABLE#: 1

-------------------------

----------------
TTYPES
String
String
String
String
String
String

PROGS

LOCAL_COUNT: 69
GLOBAL_COUNT: 69

BASE_AFTER:
(begin
  (send
    (lvar :arg0) :diaspora_user=
    (hole 1 {:hash_depth=>0, :method_arg=>true, :variance=>:+}))
  (str ""))
BASETYPE: String
SIZE WORK_LIST: 150
SIZE generated: 6
EVALUABLE#: 0

-------------------------

----------------
TTYPES
String
String

PROGS

LOCAL_COUNT: 70
GLOBAL_COUNT: 70

BASE_AFTER:
(begin
  (send
    (lvar :arg0) :count=
    (begin
      (send
        (lvar InvitationCode(id: integer, token: string, diaspora_user_id: integer, count: integer)) :count)))
  (str ""))
BASETYPE: String
SIZE WORK_LIST: 155
SIZE generated: 2
EVALUABLE#: 0

-------------------------

----------------
TTYPES
String

PROGS

LOCAL_COUNT: 71
GLOBAL_COUNT: 71

BASE_AFTER:
(begin
  (send
    (lvar :arg0) :diaspora_user=
    (begin
      (send
        (hole 0 {:hash_depth=>0, :limit_depth=>true, :recv=>true}) :count)))
  (str ""))
BASETYPE: String
SIZE WORK_LIST: 156
SIZE generated: 1
EVALUABLE#: 1

-------------------------

----------------
TTYPES
true or false
true or false
true or false
true or false

PROGS

LOCAL_COUNT: 72
GLOBAL_COUNT: 72

BASE_AFTER:
(begin
  (send
    (lvar :arg0) :count=
    (int 0))
  (send
    (hole 0 {:hash_depth=>0, :limit_depth=>true, :recv=>true}) :count=
    (hole 0 {:hash_depth=>0, :method_arg=>true}))
  (true))
BASETYPE: true or false
SIZE WORK_LIST: 155
SIZE generated: 4
EVALUABLE#: 3

-------------------------

----------------
TTYPES
true or false

PROGS

LOCAL_COUNT: 73
GLOBAL_COUNT: 73

BASE_AFTER:
(begin
  (send
    (lvar :arg0) :count=
    (int 0))
  (send
    (hole 0 {:hash_depth=>0, :limit_depth=>true, :recv=>true}) :diaspora_user=
    (hole 0 {:hash_depth=>0, :method_arg=>true}))
  (true))
BASETYPE: true or false
SIZE WORK_LIST: 157
SIZE generated: 1
EVALUABLE#: 0

-------------------------

----------------
TTYPES
true or false
true or false
true or false
true or false

PROGS

LOCAL_COUNT: 74
GLOBAL_COUNT: 74

BASE_AFTER:
(begin
  (send
    (lvar :arg0) :count=
    (int 1))
  (send
    (hole 0 {:hash_depth=>0, :limit_depth=>true, :recv=>true}) :count=
    (hole 0 {:hash_depth=>0, :method_arg=>true}))
  (true))
BASETYPE: true or false
SIZE WORK_LIST: 157
SIZE generated: 4
EVALUABLE#: 3

-------------------------

----------------
TTYPES
true or false

PROGS

LOCAL_COUNT: 75
GLOBAL_COUNT: 75

BASE_AFTER:
(begin
  (send
    (lvar :arg0) :count=
    (int 1))
  (send
    (hole 0 {:hash_depth=>0, :limit_depth=>true, :recv=>true}) :diaspora_user=
    (hole 0 {:hash_depth=>0, :method_arg=>true}))
  (true))
BASETYPE: true or false
SIZE WORK_LIST: 159
SIZE generated: 1
EVALUABLE#: 0

-------------------------

----------------
TTYPES
true or false
true or false
true or false
true or false

PROGS

LOCAL_COUNT: 76
GLOBAL_COUNT: 76

BASE_AFTER:
(begin
  (send
    (lvar :arg0) :count=
    (int 0))
  (send
    (hole 0 {:hash_depth=>0, :limit_depth=>true, :recv=>true}) :count=
    (hole 0 {:hash_depth=>0, :method_arg=>true}))
  (false))
BASETYPE: true or false
SIZE WORK_LIST: 159
SIZE generated: 4
EVALUABLE#: 3

-------------------------

----------------
TTYPES
true or false

PROGS

LOCAL_COUNT: 77
GLOBAL_COUNT: 77

BASE_AFTER:
(begin
  (send
    (lvar :arg0) :count=
    (int 0))
  (send
    (hole 0 {:hash_depth=>0, :limit_depth=>true, :recv=>true}) :diaspora_user=
    (hole 0 {:hash_depth=>0, :method_arg=>true}))
  (false))
BASETYPE: true or false
SIZE WORK_LIST: 161
SIZE generated: 1
EVALUABLE#: 0

-------------------------

----------------
TTYPES
true or false
true or false
true or false
true or false

PROGS

LOCAL_COUNT: 78
GLOBAL_COUNT: 78

BASE_AFTER:
(begin
  (send
    (lvar :arg0) :count=
    (int 1))
  (send
    (hole 0 {:hash_depth=>0, :limit_depth=>true, :recv=>true}) :count=
    (hole 0 {:hash_depth=>0, :method_arg=>true}))
  (false))
BASETYPE: true or false
SIZE WORK_LIST: 161
SIZE generated: 4
EVALUABLE#: 3

-------------------------

----------------
TTYPES
true or false

PROGS

LOCAL_COUNT: 79
GLOBAL_COUNT: 79

BASE_AFTER:
(begin
  (send
    (lvar :arg0) :count=
    (int 1))
  (send
    (hole 0 {:hash_depth=>0, :limit_depth=>true, :recv=>true}) :diaspora_user=
    (hole 0 {:hash_depth=>0, :method_arg=>true}))
  (false))
BASETYPE: true or false
SIZE WORK_LIST: 163
SIZE generated: 1
EVALUABLE#: 0

-------------------------

----------------
TTYPES
Integer
Integer
Integer
Integer
Integer

PROGS

LOCAL_COUNT: 80
GLOBAL_COUNT: 80

BASE_AFTER:
(begin
  (send
    (lvar :arg0) :count=
    (int 0))
  (send
    (hole 0 {:hash_depth=>0, :limit_depth=>true, :recv=>true}) :count=
    (hole 0 {:hash_depth=>0, :method_arg=>true}))
  (int 0))
BASETYPE: Integer
SIZE WORK_LIST: 163
SIZE generated: 5
EVALUABLE#: 4

-------------------------

----------------
TTYPES
Integer

PROGS

LOCAL_COUNT: 81
GLOBAL_COUNT: 81

BASE_AFTER:
(begin
  (send
    (lvar :arg0) :count=
    (int 0))
  (send
    (hole 0 {:hash_depth=>0, :limit_depth=>true, :recv=>true}) :diaspora_user=
    (hole 0 {:hash_depth=>0, :method_arg=>true}))
  (int 0))
BASETYPE: Integer
SIZE WORK_LIST: 166
SIZE generated: 1
EVALUABLE#: 0

-------------------------

----------------
TTYPES
Integer
Integer
Integer
Integer
Integer

PROGS

LOCAL_COUNT: 82
GLOBAL_COUNT: 82

BASE_AFTER:
(begin
  (send
    (lvar :arg0) :count=
    (int 1))
  (send
    (hole 0 {:hash_depth=>0, :limit_depth=>true, :recv=>true}) :count=
    (hole 0 {:hash_depth=>0, :method_arg=>true}))
  (int 0))
BASETYPE: Integer
SIZE WORK_LIST: 166
SIZE generated: 5
EVALUABLE#: 4

-------------------------

----------------
TTYPES
Integer

PROGS

LOCAL_COUNT: 83
GLOBAL_COUNT: 83

BASE_AFTER:
(begin
  (send
    (lvar :arg0) :count=
    (int 1))
  (send
    (hole 0 {:hash_depth=>0, :limit_depth=>true, :recv=>true}) :diaspora_user=
    (hole 0 {:hash_depth=>0, :method_arg=>true}))
  (int 0))
BASETYPE: Integer
SIZE WORK_LIST: 169
SIZE generated: 1
EVALUABLE#: 0

-------------------------

----------------
TTYPES
Integer
Integer
Integer
Integer
Integer

PROGS

LOCAL_COUNT: 84
GLOBAL_COUNT: 84

BASE_AFTER:
(begin
  (lvasgn :t0
    (int 0))
  (send
    (lvar :arg0) :count=
    (lvar :t0))
  (send
    (hole 0 {:hash_depth=>0, :limit_depth=>true, :recv=>true}) :count=
    (hole 0 {:hash_depth=>0, :method_arg=>true}))
  (lvar :t0))
BASETYPE: Integer
SIZE WORK_LIST: 169
SIZE generated: 5
EVALUABLE#: 4

-------------------------

----------------
TTYPES
Integer

PROGS

LOCAL_COUNT: 85
GLOBAL_COUNT: 85

BASE_AFTER:
(begin
  (lvasgn :t0
    (int 0))
  (send
    (lvar :arg0) :count=
    (lvar :t0))
  (send
    (hole 0 {:hash_depth=>0, :limit_depth=>true, :recv=>true}) :diaspora_user=
    (hole 0 {:hash_depth=>0, :method_arg=>true}))
  (lvar :t0))
BASETYPE: Integer
SIZE WORK_LIST: 172
SIZE generated: 1
EVALUABLE#: 0

-------------------------

----------------
TTYPES
Integer
Integer
Integer
Integer
Integer

PROGS

LOCAL_COUNT: 86
GLOBAL_COUNT: 86

BASE_AFTER:
(begin
  (send
    (lvar :arg0) :count=
    (int 0))
  (send
    (hole 0 {:hash_depth=>0, :limit_depth=>true, :recv=>true}) :count=
    (hole 0 {:hash_depth=>0, :method_arg=>true}))
  (int 1))
BASETYPE: Integer
SIZE WORK_LIST: 172
SIZE generated: 5
EVALUABLE#: 4

-------------------------

----------------
TTYPES
Integer

PROGS

LOCAL_COUNT: 87
GLOBAL_COUNT: 87

BASE_AFTER:
(begin
  (send
    (lvar :arg0) :count=
    (int 0))
  (send
    (hole 0 {:hash_depth=>0, :limit_depth=>true, :recv=>true}) :diaspora_user=
    (hole 0 {:hash_depth=>0, :method_arg=>true}))
  (int 1))
BASETYPE: Integer
SIZE WORK_LIST: 175
SIZE generated: 1
EVALUABLE#: 0

-------------------------

----------------
TTYPES
Integer
Integer
Integer
Integer
Integer

PROGS

LOCAL_COUNT: 88
GLOBAL_COUNT: 88

BASE_AFTER:
(begin
  (send
    (lvar :arg0) :count=
    (int 1))
  (send
    (hole 0 {:hash_depth=>0, :limit_depth=>true, :recv=>true}) :count=
    (hole 0 {:hash_depth=>0, :method_arg=>true}))
  (int 1))
BASETYPE: Integer
SIZE WORK_LIST: 175
SIZE generated: 5
EVALUABLE#: 4

-------------------------

----------------
TTYPES
Integer

PROGS

LOCAL_COUNT: 89
GLOBAL_COUNT: 89

BASE_AFTER:
(begin
  (send
    (lvar :arg0) :count=
    (int 1))
  (send
    (hole 0 {:hash_depth=>0, :limit_depth=>true, :recv=>true}) :diaspora_user=
    (hole 0 {:hash_depth=>0, :method_arg=>true}))
  (int 1))
BASETYPE: Integer
SIZE WORK_LIST: 178
SIZE generated: 1
EVALUABLE#: 0

-------------------------

----------------
TTYPES
Integer
Integer
Integer
Integer
Integer

PROGS

LOCAL_COUNT: 90
GLOBAL_COUNT: 90

BASE_AFTER:
(begin
  (lvasgn :t0
    (int 1))
  (send
    (lvar :arg0) :count=
    (lvar :t0))
  (send
    (hole 0 {:hash_depth=>0, :limit_depth=>true, :recv=>true}) :count=
    (hole 0 {:hash_depth=>0, :method_arg=>true}))
  (lvar :t0))
BASETYPE: Integer
SIZE WORK_LIST: 178
SIZE generated: 5
EVALUABLE#: 4

-------------------------

----------------
TTYPES
Integer

PROGS

LOCAL_COUNT: 91
GLOBAL_COUNT: 91

BASE_AFTER:
(begin
  (lvasgn :t0
    (int 1))
  (send
    (lvar :arg0) :count=
    (lvar :t0))
  (send
    (hole 0 {:hash_depth=>0, :limit_depth=>true, :recv=>true}) :diaspora_user=
    (hole 0 {:hash_depth=>0, :method_arg=>true}))
  (lvar :t0))
BASETYPE: Integer
SIZE WORK_LIST: 181
SIZE generated: 1
EVALUABLE#: 0

-------------------------

----------------
TTYPES
Integer
Integer
Integer
Integer
Integer

PROGS

LOCAL_COUNT: 92
GLOBAL_COUNT: 92

BASE_AFTER:
(begin
  (send
    (lvar :arg0) :count=
    (int 0))
  (send
    (hole 0 {:hash_depth=>0, :limit_depth=>true, :recv=>true}) :count=
    (hole 0 {:hash_depth=>0, :method_arg=>true}))
  (int 2))
BASETYPE: Integer
SIZE WORK_LIST: 181
SIZE generated: 5
EVALUABLE#: 4

-------------------------

----------------
TTYPES
Integer

PROGS

LOCAL_COUNT: 93
GLOBAL_COUNT: 93

BASE_AFTER:
(begin
  (send
    (lvar :arg0) :count=
    (int 0))
  (send
    (hole 0 {:hash_depth=>0, :limit_depth=>true, :recv=>true}) :diaspora_user=
    (hole 0 {:hash_depth=>0, :method_arg=>true}))
  (int 2))
BASETYPE: Integer
SIZE WORK_LIST: 183
SIZE generated: 1
EVALUABLE#: 0

-------------------------

----------------
TTYPES
Integer
Integer
Integer
Integer
Integer

PROGS

LOCAL_COUNT: 94
GLOBAL_COUNT: 94

BASE_AFTER:
(begin
  (send
    (lvar :arg0) :count=
    (int 1))
  (send
    (hole 0 {:hash_depth=>0, :limit_depth=>true, :recv=>true}) :count=
    (hole 0 {:hash_depth=>0, :method_arg=>true}))
  (int 2))
BASETYPE: Integer
SIZE WORK_LIST: 183
SIZE generated: 5
EVALUABLE#: 4

-------------------------

----------------
TTYPES
Integer

PROGS

LOCAL_COUNT: 95
GLOBAL_COUNT: 95

BASE_AFTER:
(begin
  (send
    (lvar :arg0) :count=
    (int 1))
  (send
    (hole 0 {:hash_depth=>0, :limit_depth=>true, :recv=>true}) :diaspora_user=
    (hole 0 {:hash_depth=>0, :method_arg=>true}))
  (int 2))
BASETYPE: Integer
SIZE WORK_LIST: 185
SIZE generated: 1
EVALUABLE#: 0

-------------------------

----------------
TTYPES
String
String
String
String

PROGS

LOCAL_COUNT: 96
GLOBAL_COUNT: 96

BASE_AFTER:
(begin
  (send
    (lvar :arg0) :count=
    (int 0))
  (send
    (hole 0 {:hash_depth=>0, :limit_depth=>true, :recv=>true}) :count=
    (hole 0 {:hash_depth=>0, :method_arg=>true}))
  (str ""))
BASETYPE: String
SIZE WORK_LIST: 185
SIZE generated: 4
EVALUABLE#: 3

-------------------------

----------------
TTYPES
String

PROGS

LOCAL_COUNT: 97
GLOBAL_COUNT: 97

BASE_AFTER:
(begin
  (send
    (lvar :arg0) :count=
    (int 0))
  (send
    (hole 0 {:hash_depth=>0, :limit_depth=>true, :recv=>true}) :diaspora_user=
    (hole 0 {:hash_depth=>0, :method_arg=>true}))
  (str ""))
BASETYPE: String
SIZE WORK_LIST: 187
SIZE generated: 1
EVALUABLE#: 0

-------------------------

----------------
TTYPES
String
String
String
String

PROGS

LOCAL_COUNT: 98
GLOBAL_COUNT: 98

BASE_AFTER:
(begin
  (send
    (lvar :arg0) :count=
    (int 1))
  (send
    (hole 0 {:hash_depth=>0, :limit_depth=>true, :recv=>true}) :count=
    (hole 0 {:hash_depth=>0, :method_arg=>true}))
  (str ""))
BASETYPE: String
SIZE WORK_LIST: 187
SIZE generated: 4
EVALUABLE#: 3

-------------------------

----------------
TTYPES
String

PROGS

LOCAL_COUNT: 99
GLOBAL_COUNT: 99

BASE_AFTER:
(begin
  (send
    (lvar :arg0) :count=
    (int 1))
  (send
    (hole 0 {:hash_depth=>0, :limit_depth=>true, :recv=>true}) :diaspora_user=
    (hole 0 {:hash_depth=>0, :method_arg=>true}))
  (str ""))
BASETYPE: String
SIZE WORK_LIST: 189
SIZE generated: 1
EVALUABLE#: 0

-------------------------

----------------
TTYPES
Integer
Integer
Integer
Integer
Integer
Integer
Integer
Integer
Integer
Integer
Integer
Integer
Integer
Integer
Integer
Integer

PROGS

LOCAL_COUNT: 100
GLOBAL_COUNT: 100

BASE_AFTER:
(begin
  (send
    (send
      (filled-hole
        (lvar :arg0) {:method_arg=>false}) :id=
      (filled-hole
        (int 0)
        (int 1)
        (int 2)
        (hole 1 {:hash_depth=>0, :method_arg=>true, :variance=>:+}) {:method_arg=>true})) :-
    (filled-hole
      (int 0)
      (int 1)
      (int 2)
      (hole 1 {:hash_depth=>0, :method_arg=>true, :variance=>:+}) {:method_arg=>true})))
BASETYPE: Integer
SIZE WORK_LIST: 189
SIZE generated: 16
EVALUABLE#: 9

-------------------------

----------------
TTYPES
Integer
Integer
Integer
Integer

PROGS

LOCAL_COUNT: 101
GLOBAL_COUNT: 101

BASE_AFTER:
(begin
  (send
    (send
      (filled-hole
        (lvar :arg0) {:method_arg=>false}) :id) :-
    (filled-hole
      (int 0)
      (int 1)
      (int 2)
      (hole 1 {:hash_depth=>0, :method_arg=>true, :variance=>:+}) {:method_arg=>true})))
BASETYPE: Integer
SIZE WORK_LIST: 204
SIZE generated: 4
EVALUABLE#: 3

-------------------------

----------------
TTYPES
Integer
Integer
Integer
Integer
Integer
Integer
Integer
Integer
Integer
Integer
Integer
Integer
Integer
Integer
Integer
Integer

PROGS

LOCAL_COUNT: 102
GLOBAL_COUNT: 102

BASE_AFTER:
(begin
  (send
    (send
      (filled-hole
        (lvar :arg0) {:method_arg=>false}) :diaspora_user_id=
      (filled-hole
        (int 0)
        (int 1)
        (int 2)
        (hole 1 {:hash_depth=>0, :method_arg=>true, :variance=>:+}) {:method_arg=>true})) :-
    (filled-hole
      (int 0)
      (int 1)
      (int 2)
      (hole 1 {:hash_depth=>0, :method_arg=>true, :variance=>:+}) {:method_arg=>true})))
BASETYPE: Integer
SIZE WORK_LIST: 207
SIZE generated: 16
EVALUABLE#: 9

-------------------------

----------------
TTYPES
Integer
Integer
Integer
Integer

PROGS

LOCAL_COUNT: 103
GLOBAL_COUNT: 103

BASE_AFTER:
(begin
  (send
    (send
      (filled-hole
        (lvar :arg0) {:method_arg=>false}) :diaspora_user_id) :-
    (filled-hole
      (int 0)
      (int 1)
      (int 2)
      (hole 1 {:hash_depth=>0, :method_arg=>true, :variance=>:+}) {:method_arg=>true})))
BASETYPE: Integer
SIZE WORK_LIST: 222
SIZE generated: 4
EVALUABLE#: 3

-------------------------

----------------
TTYPES
Integer
Integer
Integer
Integer
Integer
Integer
Integer
Integer
Integer
Integer
Integer
Integer
Integer
Integer
Integer
Integer

PROGS

LOCAL_COUNT: 104
GLOBAL_COUNT: 104

BASE_AFTER:
(begin
  (send
    (send
      (filled-hole
        (lvar :arg0) {:method_arg=>false}) :count=
      (filled-hole
        (int 0)
        (int 1)
        (int 2)
        (hole 1 {:hash_depth=>0, :method_arg=>true, :variance=>:+}) {:method_arg=>true})) :-
    (filled-hole
      (int 0)
      (int 1)
      (int 2)
      (hole 1 {:hash_depth=>0, :method_arg=>true, :variance=>:+}) {:method_arg=>true})))
BASETYPE: Integer
SIZE WORK_LIST: 222
SIZE generated: 16
EVALUABLE#: 9

-------------------------

----------------
TTYPES
Integer
Integer
Integer
Integer

PROGS

LOCAL_COUNT: 105
GLOBAL_COUNT: 105

BASE_AFTER:
(begin
  (send
    (begin
      (send
        (filled-hole
          (lvar :arg0) {:method_arg=>false}) :count)) :-
    (filled-hole
      (int 0)
      (int 1)
      (int 2)
      (hole 1 {:hash_depth=>0, :method_arg=>true, :variance=>:+}) {:method_arg=>true})))
BASETYPE: Integer
SIZE WORK_LIST: 234
SIZE generated: 4
EVALUABLE#: 3

-------------------------

----------------
TTYPES
true or false
true or false
true or false
true or false

PROGS

LOCAL_COUNT: 106
GLOBAL_COUNT: 106

BASE_AFTER:
(begin
  (send
    (lvar :arg0) :count=
    (send
      (hole 0 {:hash_depth=>0, :limit_depth=>true, :recv=>true}) :id=
      (hole 0 {:hash_depth=>0, :method_arg=>true})))
  (true))
BASETYPE: true or false
SIZE WORK_LIST: 237
SIZE generated: 4
EVALUABLE#: 3

-------------------------

----------------
TTYPES
true or false

PROGS

LOCAL_COUNT: 107
GLOBAL_COUNT: 107

BASE_AFTER:
(begin
  (send
    (lvar :arg0) :count=
    (send
      (hole 0 {:hash_depth=>0, :limit_depth=>true, :recv=>true}) :id))
  (true))
BASETYPE: true or false
SIZE WORK_LIST: 239
SIZE generated: 1
EVALUABLE#: 1

-------------------------

----------------
TTYPES
true or false
true or false
true or false
true or false

PROGS

LOCAL_COUNT: 108
GLOBAL_COUNT: 108

BASE_AFTER:
(begin
  (send
    (lvar :arg0) :count=
    (send
      (hole 0 {:hash_depth=>0, :limit_depth=>true, :recv=>true}) :diaspora_user_id=
      (hole 0 {:hash_depth=>0, :method_arg=>true})))
  (true))
BASETYPE: true or false
SIZE WORK_LIST: 239
SIZE generated: 4
EVALUABLE#: 3

-------------------------

----------------
TTYPES
true or false

PROGS

LOCAL_COUNT: 109
GLOBAL_COUNT: 109

BASE_AFTER:
(begin
  (send
    (lvar :arg0) :count=
    (send
      (hole 0 {:hash_depth=>0, :limit_depth=>true, :recv=>true}) :diaspora_user_id))
  (true))
BASETYPE: true or false
SIZE WORK_LIST: 241
SIZE generated: 1
EVALUABLE#: 1

-------------------------

----------------
TTYPES
true or false
true or false
true or false
true or false

PROGS

LOCAL_COUNT: 110
GLOBAL_COUNT: 110

BASE_AFTER:
(begin
  (send
    (lvar :arg0) :count=
    (send
      (hole 0 {:hash_depth=>0, :limit_depth=>true, :recv=>true}) :count=
      (hole 0 {:hash_depth=>0, :method_arg=>true})))
  (true))
BASETYPE: true or false
SIZE WORK_LIST: 240
SIZE generated: 4
EVALUABLE#: 3

-------------------------

----------------
TTYPES
true or false

PROGS

LOCAL_COUNT: 111
GLOBAL_COUNT: 111

BASE_AFTER:
(begin
  (send
    (lvar :arg0) :count=
    (begin
      (send
        (hole 0 {:hash_depth=>0, :limit_depth=>true, :recv=>true}) :count)))
  (true))
BASETYPE: true or false
SIZE WORK_LIST: 242
SIZE generated: 1
EVALUABLE#: 1

-------------------------

----------------
TTYPES
true or false

PROGS

LOCAL_COUNT: 113
GLOBAL_COUNT: 112

BASE_AFTER:
(begin
  (send
    (lvar :arg0) :diaspora_user=
    (send
      (hole 0 {:hash_depth=>0, :limit_depth=>true, :recv=>true}) :diaspora_user))
  (true))
BASETYPE: true or false
SIZE WORK_LIST: 241
SIZE generated: 1
EVALUABLE#: 1

-------------------------

----------------
TTYPES
true or false

PROGS

LOCAL_COUNT: 114
GLOBAL_COUNT: 113

BASE_AFTER:
(begin
  (send
    (lvar :arg0) :diaspora_user=
    (send
      (hole 0 {:hash_depth=>0, :limit_depth=>true, :recv=>true}) :diaspora_user=
      (hole 0 {:hash_depth=>0, :method_arg=>true})))
  (true))
BASETYPE: true or false
SIZE WORK_LIST: 241
SIZE generated: 1
EVALUABLE#: 0

-------------------------

----------------
TTYPES
true or false
true or false
true or false
true or false

PROGS

LOCAL_COUNT: 115
GLOBAL_COUNT: 114

BASE_AFTER:
(begin
  (send
    (lvar :arg0) :count=
    (send
      (hole 0 {:hash_depth=>0, :limit_depth=>true, :recv=>true}) :id=
      (hole 0 {:hash_depth=>0, :method_arg=>true})))
  (false))
BASETYPE: true or false
SIZE WORK_LIST: 241
SIZE generated: 4
EVALUABLE#: 3

-------------------------

----------------
TTYPES
true or false

PROGS

LOCAL_COUNT: 116
GLOBAL_COUNT: 115

BASE_AFTER:
(begin
  (send
    (lvar :arg0) :count=
    (send
      (hole 0 {:hash_depth=>0, :limit_depth=>true, :recv=>true}) :id))
  (false))
BASETYPE: true or false
SIZE WORK_LIST: 243
SIZE generated: 1
EVALUABLE#: 1

-------------------------

----------------
TTYPES
true or false
true or false
true or false
true or false

PROGS

LOCAL_COUNT: 117
GLOBAL_COUNT: 116

BASE_AFTER:
(begin
  (send
    (lvar :arg0) :count=
    (send
      (hole 0 {:hash_depth=>0, :limit_depth=>true, :recv=>true}) :diaspora_user_id=
      (hole 0 {:hash_depth=>0, :method_arg=>true})))
  (false))
BASETYPE: true or false
SIZE WORK_LIST: 243
SIZE generated: 4
EVALUABLE#: 3

-------------------------

----------------
TTYPES
true or false

PROGS

LOCAL_COUNT: 118
GLOBAL_COUNT: 117

BASE_AFTER:
(begin
  (send
    (lvar :arg0) :count=
    (send
      (hole 0 {:hash_depth=>0, :limit_depth=>true, :recv=>true}) :diaspora_user_id))
  (false))
BASETYPE: true or false
SIZE WORK_LIST: 245
SIZE generated: 1
EVALUABLE#: 1

-------------------------

----------------
TTYPES
true or false
true or false
true or false
true or false

PROGS

LOCAL_COUNT: 119
GLOBAL_COUNT: 118

BASE_AFTER:
(begin
  (send
    (lvar :arg0) :count=
    (send
      (hole 0 {:hash_depth=>0, :limit_depth=>true, :recv=>true}) :count=
      (hole 0 {:hash_depth=>0, :method_arg=>true})))
  (false))
BASETYPE: true or false
SIZE WORK_LIST: 244
SIZE generated: 4
EVALUABLE#: 3

-------------------------

----------------
TTYPES
true or false

PROGS

LOCAL_COUNT: 120
GLOBAL_COUNT: 119

BASE_AFTER:
(begin
  (send
    (lvar :arg0) :count=
    (begin
      (send
        (hole 0 {:hash_depth=>0, :limit_depth=>true, :recv=>true}) :count)))
  (false))
BASETYPE: true or false
SIZE WORK_LIST: 246
SIZE generated: 1
EVALUABLE#: 1

-------------------------

----------------
TTYPES
true or false

PROGS

LOCAL_COUNT: 122
GLOBAL_COUNT: 120

BASE_AFTER:
(begin
  (send
    (lvar :arg0) :diaspora_user=
    (send
      (hole 0 {:hash_depth=>0, :limit_depth=>true, :recv=>true}) :diaspora_user))
  (false))
BASETYPE: true or false
SIZE WORK_LIST: 245
SIZE generated: 1
EVALUABLE#: 1

-------------------------

----------------
TTYPES
true or false

PROGS

LOCAL_COUNT: 123
GLOBAL_COUNT: 121

BASE_AFTER:
(begin
  (send
    (lvar :arg0) :diaspora_user=
    (send
      (hole 0 {:hash_depth=>0, :limit_depth=>true, :recv=>true}) :diaspora_user=
      (hole 0 {:hash_depth=>0, :method_arg=>true})))
  (false))
BASETYPE: true or false
SIZE WORK_LIST: 245
SIZE generated: 1
EVALUABLE#: 0

-------------------------

----------------
TTYPES
Integer
Integer
Integer
Integer
Integer

PROGS

LOCAL_COUNT: 124
GLOBAL_COUNT: 122

BASE_AFTER:
(begin
  (send
    (lvar :arg0) :count=
    (send
      (hole 0 {:hash_depth=>0, :limit_depth=>true, :recv=>true}) :id=
      (hole 0 {:hash_depth=>0, :method_arg=>true})))
  (int 0))
BASETYPE: Integer
SIZE WORK_LIST: 245
SIZE generated: 5
EVALUABLE#: 4

-------------------------

----------------
TTYPES
Integer

PROGS

LOCAL_COUNT: 125
GLOBAL_COUNT: 123

BASE_AFTER:
(begin
  (send
    (lvar :arg0) :count=
    (send
      (hole 0 {:hash_depth=>0, :limit_depth=>true, :recv=>true}) :id))
  (int 0))
BASETYPE: Integer
SIZE WORK_LIST: 248
SIZE generated: 1
EVALUABLE#: 1

-------------------------

----------------
TTYPES
Integer
Integer
Integer
Integer
Integer

PROGS

LOCAL_COUNT: 126
GLOBAL_COUNT: 124

BASE_AFTER:
(begin
  (send
    (lvar :arg0) :count=
    (send
      (hole 0 {:hash_depth=>0, :limit_depth=>true, :recv=>true}) :diaspora_user_id=
      (hole 0 {:hash_depth=>0, :method_arg=>true})))
  (int 0))
BASETYPE: Integer
SIZE WORK_LIST: 248
SIZE generated: 5
EVALUABLE#: 4

-------------------------

----------------
TTYPES
Integer

PROGS

LOCAL_COUNT: 127
GLOBAL_COUNT: 125

BASE_AFTER:
(begin
  (send
    (lvar :arg0) :count=
    (send
      (hole 0 {:hash_depth=>0, :limit_depth=>true, :recv=>true}) :diaspora_user_id))
  (int 0))
BASETYPE: Integer
SIZE WORK_LIST: 251
SIZE generated: 1
EVALUABLE#: 1

-------------------------

----------------
TTYPES
Integer
Integer
Integer
Integer
Integer

PROGS

LOCAL_COUNT: 128
GLOBAL_COUNT: 126

BASE_AFTER:
(begin
  (send
    (lvar :arg0) :count=
    (send
      (hole 0 {:hash_depth=>0, :limit_depth=>true, :recv=>true}) :count=
      (hole 0 {:hash_depth=>0, :method_arg=>true})))
  (int 0))
BASETYPE: Integer
SIZE WORK_LIST: 250
SIZE generated: 5
EVALUABLE#: 4

-------------------------

----------------
TTYPES
Integer

PROGS

LOCAL_COUNT: 129
GLOBAL_COUNT: 127

BASE_AFTER:
(begin
  (send
    (lvar :arg0) :count=
    (begin
      (send
        (hole 0 {:hash_depth=>0, :limit_depth=>true, :recv=>true}) :count)))
  (int 0))
BASETYPE: Integer
SIZE WORK_LIST: 253
SIZE generated: 1
EVALUABLE#: 1

-------------------------

----------------
TTYPES
Integer

PROGS

LOCAL_COUNT: 131
GLOBAL_COUNT: 128

BASE_AFTER:
(begin
  (send
    (lvar :arg0) :diaspora_user=
    (send
      (hole 0 {:hash_depth=>0, :limit_depth=>true, :recv=>true}) :diaspora_user))
  (int 0))
BASETYPE: Integer
SIZE WORK_LIST: 252
SIZE generated: 1
EVALUABLE#: 1

-------------------------

----------------
TTYPES
Integer

PROGS

LOCAL_COUNT: 132
GLOBAL_COUNT: 129

BASE_AFTER:
(begin
  (send
    (lvar :arg0) :diaspora_user=
    (send
      (hole 0 {:hash_depth=>0, :limit_depth=>true, :recv=>true}) :diaspora_user=
      (hole 0 {:hash_depth=>0, :method_arg=>true})))
  (int 0))
BASETYPE: Integer
SIZE WORK_LIST: 252
SIZE generated: 1
EVALUABLE#: 0

-------------------------

----------------
TTYPES
Integer
Integer
Integer
Integer
Integer

PROGS

LOCAL_COUNT: 133
GLOBAL_COUNT: 130

BASE_AFTER:
(begin
  (send
    (lvar :arg0) :count=
    (send
      (hole 0 {:hash_depth=>0, :limit_depth=>true, :recv=>true}) :id=
      (hole 0 {:hash_depth=>0, :method_arg=>true})))
  (int 1))
BASETYPE: Integer
SIZE WORK_LIST: 252
SIZE generated: 5
EVALUABLE#: 4

-------------------------

----------------
TTYPES
Integer

PROGS

LOCAL_COUNT: 134
GLOBAL_COUNT: 131

BASE_AFTER:
(begin
  (send
    (lvar :arg0) :count=
    (send
      (hole 0 {:hash_depth=>0, :limit_depth=>true, :recv=>true}) :id))
  (int 1))
BASETYPE: Integer
SIZE WORK_LIST: 255
SIZE generated: 1
EVALUABLE#: 1

-------------------------

----------------
TTYPES
Integer
Integer
Integer
Integer
Integer

PROGS

LOCAL_COUNT: 135
GLOBAL_COUNT: 132

BASE_AFTER:
(begin
  (send
    (lvar :arg0) :count=
    (send
      (hole 0 {:hash_depth=>0, :limit_depth=>true, :recv=>true}) :diaspora_user_id=
      (hole 0 {:hash_depth=>0, :method_arg=>true})))
  (int 1))
BASETYPE: Integer
SIZE WORK_LIST: 255
SIZE generated: 5
EVALUABLE#: 4

-------------------------

----------------
TTYPES
Integer

PROGS

LOCAL_COUNT: 136
GLOBAL_COUNT: 133

BASE_AFTER:
(begin
  (send
    (lvar :arg0) :count=
    (send
      (hole 0 {:hash_depth=>0, :limit_depth=>true, :recv=>true}) :diaspora_user_id))
  (int 1))
BASETYPE: Integer
SIZE WORK_LIST: 258
SIZE generated: 1
EVALUABLE#: 1

-------------------------

----------------
TTYPES
Integer
Integer
Integer
Integer
Integer

PROGS

LOCAL_COUNT: 137
GLOBAL_COUNT: 134

BASE_AFTER:
(begin
  (send
    (lvar :arg0) :count=
    (send
      (hole 0 {:hash_depth=>0, :limit_depth=>true, :recv=>true}) :count=
      (hole 0 {:hash_depth=>0, :method_arg=>true})))
  (int 1))
BASETYPE: Integer
SIZE WORK_LIST: 257
SIZE generated: 5
EVALUABLE#: 4

-------------------------

----------------
TTYPES
Integer

PROGS

LOCAL_COUNT: 138
GLOBAL_COUNT: 135

BASE_AFTER:
(begin
  (send
    (lvar :arg0) :count=
    (begin
      (send
        (hole 0 {:hash_depth=>0, :limit_depth=>true, :recv=>true}) :count)))
  (int 1))
BASETYPE: Integer
SIZE WORK_LIST: 260
SIZE generated: 1
EVALUABLE#: 1

-------------------------

----------------
TTYPES
Integer

PROGS

LOCAL_COUNT: 140
GLOBAL_COUNT: 136

BASE_AFTER:
(begin
  (send
    (lvar :arg0) :diaspora_user=
    (send
      (hole 0 {:hash_depth=>0, :limit_depth=>true, :recv=>true}) :diaspora_user))
  (int 1))
BASETYPE: Integer
SIZE WORK_LIST: 259
SIZE generated: 1
EVALUABLE#: 1

-------------------------

----------------
TTYPES
Integer

PROGS

LOCAL_COUNT: 141
GLOBAL_COUNT: 137

BASE_AFTER:
(begin
  (send
    (lvar :arg0) :diaspora_user=
    (send
      (hole 0 {:hash_depth=>0, :limit_depth=>true, :recv=>true}) :diaspora_user=
      (hole 0 {:hash_depth=>0, :method_arg=>true})))
  (int 1))
BASETYPE: Integer
SIZE WORK_LIST: 259
SIZE generated: 1
EVALUABLE#: 0

-------------------------

----------------
TTYPES
Integer
Integer
Integer
Integer
Integer

PROGS

LOCAL_COUNT: 142
GLOBAL_COUNT: 138

BASE_AFTER:
(begin
  (send
    (lvar :arg0) :count=
    (send
      (hole 0 {:hash_depth=>0, :limit_depth=>true, :recv=>true}) :id=
      (hole 0 {:hash_depth=>0, :method_arg=>true})))
  (int 2))
BASETYPE: Integer
SIZE WORK_LIST: 259
SIZE generated: 5
EVALUABLE#: 4

-------------------------

----------------
TTYPES
Integer

PROGS

LOCAL_COUNT: 143
GLOBAL_COUNT: 139

BASE_AFTER:
(begin
  (send
    (lvar :arg0) :count=
    (send
      (hole 0 {:hash_depth=>0, :limit_depth=>true, :recv=>true}) :id))
  (int 2))
BASETYPE: Integer
SIZE WORK_LIST: 261
SIZE generated: 1
EVALUABLE#: 1

-------------------------

----------------
TTYPES
Integer
Integer
Integer
Integer
Integer

PROGS

LOCAL_COUNT: 144
GLOBAL_COUNT: 140

BASE_AFTER:
(begin
  (send
    (lvar :arg0) :count=
    (send
      (hole 0 {:hash_depth=>0, :limit_depth=>true, :recv=>true}) :diaspora_user_id=
      (hole 0 {:hash_depth=>0, :method_arg=>true})))
  (int 2))
BASETYPE: Integer
SIZE WORK_LIST: 261
SIZE generated: 5
EVALUABLE#: 4

-------------------------

----------------
TTYPES
Integer

PROGS

LOCAL_COUNT: 145
GLOBAL_COUNT: 141

BASE_AFTER:
(begin
  (send
    (lvar :arg0) :count=
    (send
      (hole 0 {:hash_depth=>0, :limit_depth=>true, :recv=>true}) :diaspora_user_id))
  (int 2))
BASETYPE: Integer
SIZE WORK_LIST: 263
SIZE generated: 1
EVALUABLE#: 1

-------------------------

----------------
TTYPES
Integer
Integer
Integer
Integer
Integer

PROGS

LOCAL_COUNT: 146
GLOBAL_COUNT: 142

BASE_AFTER:
(begin
  (send
    (lvar :arg0) :count=
    (send
      (hole 0 {:hash_depth=>0, :limit_depth=>true, :recv=>true}) :count=
      (hole 0 {:hash_depth=>0, :method_arg=>true})))
  (int 2))
BASETYPE: Integer
SIZE WORK_LIST: 262
SIZE generated: 5
EVALUABLE#: 4

-------------------------

----------------
TTYPES
Integer

PROGS

LOCAL_COUNT: 147
GLOBAL_COUNT: 143

BASE_AFTER:
(begin
  (send
    (lvar :arg0) :count=
    (begin
      (send
        (hole 0 {:hash_depth=>0, :limit_depth=>true, :recv=>true}) :count)))
  (int 2))
BASETYPE: Integer
SIZE WORK_LIST: 264
SIZE generated: 1
EVALUABLE#: 1

-------------------------

----------------
TTYPES
Integer

PROGS

LOCAL_COUNT: 149
GLOBAL_COUNT: 144

BASE_AFTER:
(begin
  (send
    (lvar :arg0) :diaspora_user=
    (send
      (hole 0 {:hash_depth=>0, :limit_depth=>true, :recv=>true}) :diaspora_user))
  (int 2))
BASETYPE: Integer
SIZE WORK_LIST: 263
SIZE generated: 1
EVALUABLE#: 1

-------------------------

----------------
TTYPES
Integer

PROGS

LOCAL_COUNT: 150
GLOBAL_COUNT: 145

BASE_AFTER:
(begin
  (send
    (lvar :arg0) :diaspora_user=
    (send
      (hole 0 {:hash_depth=>0, :limit_depth=>true, :recv=>true}) :diaspora_user=
      (hole 0 {:hash_depth=>0, :method_arg=>true})))
  (int 2))
BASETYPE: Integer
SIZE WORK_LIST: 263
SIZE generated: 1
EVALUABLE#: 0

-------------------------

----------------
TTYPES
true or false
true or false
Integer
Integer
Integer
String
%bot

PROGS

LOCAL_COUNT: 1
GLOBAL_COUNT: 146

BASE_AFTER:
(filled-hole
  (true)
  (false)
  (int 0)
  (int 1)
  (int 2)
  (str "")
  (hole 1 {:hash_depth=>0, :method_arg=>false, :variance=>:-}) {:method_arg=>false})
BASETYPE: %bot
SIZE WORK_LIST: 0
SIZE generated: 7
EVALUABLE#: 6

-------------------------

----------------
TTYPES
true or false
true or false

PROGS

LOCAL_COUNT: 2
GLOBAL_COUNT: 147

BASE_AFTER:
(true)
BASETYPE: true or false
SIZE WORK_LIST: 6
SIZE generated: 2
EVALUABLE#: 0

-------------------------

----------------
TTYPES
true or false
true or false

PROGS

LOCAL_COUNT: 3
GLOBAL_COUNT: 148

BASE_AFTER:
(false)
BASETYPE: true or false
SIZE WORK_LIST: 7
SIZE generated: 2
EVALUABLE#: 0

-------------------------

----------------
TTYPES
Integer
Integer

PROGS

LOCAL_COUNT: 4
GLOBAL_COUNT: 149

BASE_AFTER:
(int 0)
BASETYPE: Integer
SIZE WORK_LIST: 8
SIZE generated: 2
EVALUABLE#: 0

-------------------------

----------------
TTYPES
Integer
Integer

PROGS

LOCAL_COUNT: 5
GLOBAL_COUNT: 150

BASE_AFTER:
(int 1)
BASETYPE: Integer
SIZE WORK_LIST: 9
SIZE generated: 2
EVALUABLE#: 0

-------------------------

----------------
TTYPES
Integer
Integer

PROGS

LOCAL_COUNT: 6
GLOBAL_COUNT: 151

BASE_AFTER:
(int 2)
BASETYPE: Integer
SIZE WORK_LIST: 10
SIZE generated: 2
EVALUABLE#: 0

-------------------------

----------------
TTYPES
String
String

PROGS

LOCAL_COUNT: 7
GLOBAL_COUNT: 152

BASE_AFTER:
(str "")
BASETYPE: String
SIZE WORK_LIST: 11
SIZE generated: 2
EVALUABLE#: 0

-------------------------

----------------
TTYPES
%bot

PROGS

LOCAL_COUNT: 8
GLOBAL_COUNT: 153

BASE_AFTER:
(filled-hole
  (hole 2 {:hash_depth=>0, :method_arg=>false, :variance=>:-}) {:method_arg=>false})
BASETYPE: %bot
SIZE WORK_LIST: 12
SIZE generated: 1
EVALUABLE#: 0

-------------------------

----------------
TTYPES
true or false
true or false
true or false
true or false

PROGS

LOCAL_COUNT: 9
GLOBAL_COUNT: 154

BASE_AFTER:
(begin
  (send
    (hole 0 {:hash_depth=>0, :limit_depth=>true, :recv=>true}) :count=
    (hole 0 {:hash_depth=>0, :method_arg=>true}))
  (true))
BASETYPE: true or false
SIZE WORK_LIST: 12
SIZE generated: 4
EVALUABLE#: 3

-------------------------

----------------
TTYPES
true or false

PROGS

LOCAL_COUNT: 1
GLOBAL_COUNT: 155

BASE_AFTER:
(filled-hole
  (hole 1 {:hash_depth=>0, :method_arg=>false, :variance=>:+}) {:method_arg=>false})
BASETYPE: true or false
SIZE WORK_LIST: 0
SIZE generated: 1
EVALUABLE#: 0

-------------------------

----------------
TTYPES
true or false

PROGS

LOCAL_COUNT: 2
GLOBAL_COUNT: 156

BASE_AFTER:
(filled-hole
  (hole 2 {:hash_depth=>0, :method_arg=>false, :variance=>:+}) {:method_arg=>false})
BASETYPE: true or false
SIZE WORK_LIST: 0
SIZE generated: 1
EVALUABLE#: 0

-------------------------

----------------
TTYPES
true or false

PROGS

LOCAL_COUNT: 3
GLOBAL_COUNT: 157

BASE_AFTER:
(filled-hole
  (hole 3 {:hash_depth=>0, :method_arg=>false, :variance=>:+}) {:method_arg=>false})
BASETYPE: true or false
SIZE WORK_LIST: 0
SIZE generated: 1
EVALUABLE#: 0

-------------------------

----------------
TTYPES
true or false

PROGS

LOCAL_COUNT: 4
GLOBAL_COUNT: 158

BASE_AFTER:
(filled-hole
  (hole 4 {:hash_depth=>0, :method_arg=>false, :variance=>:+}) {:method_arg=>false})
BASETYPE: true or false
SIZE WORK_LIST: 0
SIZE generated: 1
EVALUABLE#: 0

-------------------------

----------------
TTYPES
true or false

PROGS

LOCAL_COUNT: 5
GLOBAL_COUNT: 159

BASE_AFTER:
(filled-hole
  (hole 5 {:hash_depth=>0, :method_arg=>false, :variance=>:+}) {:method_arg=>false})
BASETYPE: true or false
SIZE WORK_LIST: 0
SIZE generated: 1
EVALUABLE#: 0

-------------------------

----------------
TTYPES
true or false

PROGS

LOCAL_COUNT: 6
GLOBAL_COUNT: 160

BASE_AFTER:
(filled-hole
  (hole 6 {:hash_depth=>0, :method_arg=>false, :variance=>:+}) {:method_arg=>false})
BASETYPE: true or false
SIZE WORK_LIST: 0
SIZE generated: 1
EVALUABLE#: 0

-------------------------

----------------
TTYPES
true or false
true or false
Integer
Integer
Integer
String
%bot

PROGS

LOCAL_COUNT: 1
GLOBAL_COUNT: 1

BASE_AFTER:
(filled-hole
  (true)
  (false)
  (int 0)
  (int 1)
  (int 2)
  (str "")
  (hole 1 {:hash_depth=>0, :method_arg=>false, :variance=>:-}) {:method_arg=>false})
BASETYPE: %bot
SIZE WORK_LIST: 0
SIZE generated: 7
EVALUABLE#: 6

-------------------------

----------------
TTYPES
true or false
true or false

PROGS

LOCAL_COUNT: 2
GLOBAL_COUNT: 2

BASE_AFTER:
(true)
BASETYPE: true or false
SIZE WORK_LIST: 6
SIZE generated: 2
EVALUABLE#: 0

-------------------------

----------------
TTYPES
true or false
true or false

PROGS

LOCAL_COUNT: 3
GLOBAL_COUNT: 3

BASE_AFTER:
(false)
BASETYPE: true or false
SIZE WORK_LIST: 7
SIZE generated: 2
EVALUABLE#: 0

-------------------------

----------------
TTYPES
Integer
Integer

PROGS

LOCAL_COUNT: 4
GLOBAL_COUNT: 4

BASE_AFTER:
(int 0)
BASETYPE: Integer
SIZE WORK_LIST: 8
SIZE generated: 2
EVALUABLE#: 0

-------------------------

----------------
TTYPES
Integer
Integer

PROGS

LOCAL_COUNT: 5
GLOBAL_COUNT: 5

BASE_AFTER:
(int 1)
BASETYPE: Integer
SIZE WORK_LIST: 9
SIZE generated: 2
EVALUABLE#: 0

-------------------------

----------------
TTYPES
Integer
Integer

PROGS

LOCAL_COUNT: 6
GLOBAL_COUNT: 6

BASE_AFTER:
(int 2)
BASETYPE: Integer
SIZE WORK_LIST: 10
SIZE generated: 2
EVALUABLE#: 0

-------------------------

----------------
TTYPES
String
String

PROGS

LOCAL_COUNT: 7
GLOBAL_COUNT: 7

BASE_AFTER:
(str "")
BASETYPE: String
SIZE WORK_LIST: 11
SIZE generated: 2
EVALUABLE#: 0

-------------------------

----------------
TTYPES
%bot

PROGS

LOCAL_COUNT: 8
GLOBAL_COUNT: 8

BASE_AFTER:
(filled-hole
  (begin
    (send
      (hole 0 {:hash_depth=>0, :limit_depth=>true, :recv=>true}) :-
      (hole 0 {:hash_depth=>0, :method_arg=>true})))
  (begin
    (send
      (hole 0 {:hash_depth=>0, :limit_depth=>true, :recv=>true}) :count))
  (begin
    (send
      (hole 0 {:hash_depth=>0, :limit_depth=>true, :recv=>true}) :-
      (hole 0 {:hash_depth=>0, :method_arg=>true})))
  (hole 2 {:hash_depth=>0, :method_arg=>false, :variance=>:-}) {:method_arg=>false})
BASETYPE: %bot
SIZE WORK_LIST: 12
SIZE generated: 1
EVALUABLE#: 0

-------------------------

----------------
TTYPES
true or false
true or false
true or false
true or false

PROGS

LOCAL_COUNT: 9
GLOBAL_COUNT: 9

BASE_AFTER:
(begin
  (send
    (hole 0 {:hash_depth=>0, :limit_depth=>true, :recv=>true}) :count=
    (hole 0 {:hash_depth=>0, :method_arg=>true}))
  (true))
BASETYPE: true or false
SIZE WORK_LIST: 12
SIZE generated: 4
EVALUABLE#: 3

-------------------------

----------------
TTYPES
true or false

PROGS

LOCAL_COUNT: 10
GLOBAL_COUNT: 10

BASE_AFTER:
(begin
  (send
    (hole 0 {:hash_depth=>0, :limit_depth=>true, :recv=>true}) :diaspora_user=
    (hole 0 {:hash_depth=>0, :method_arg=>true}))
  (true))
BASETYPE: true or false
SIZE WORK_LIST: 14
SIZE generated: 1
EVALUABLE#: 0

-------------------------

----------------
TTYPES
true or false
true or false
true or false
true or false

PROGS

LOCAL_COUNT: 11
GLOBAL_COUNT: 11

BASE_AFTER:
(begin
  (send
    (hole 0 {:hash_depth=>0, :limit_depth=>true, :recv=>true}) :count=
    (hole 0 {:hash_depth=>0, :method_arg=>true}))
  (false))
BASETYPE: true or false
SIZE WORK_LIST: 14
SIZE generated: 4
EVALUABLE#: 3

-------------------------

----------------
TTYPES
true or false

PROGS

LOCAL_COUNT: 12
GLOBAL_COUNT: 12

BASE_AFTER:
(begin
  (send
    (hole 0 {:hash_depth=>0, :limit_depth=>true, :recv=>true}) :diaspora_user=
    (hole 0 {:hash_depth=>0, :method_arg=>true}))
  (false))
BASETYPE: true or false
SIZE WORK_LIST: 16
SIZE generated: 1
EVALUABLE#: 0

-------------------------

----------------
TTYPES
Integer
Integer
Integer
Integer
Integer

PROGS

LOCAL_COUNT: 13
GLOBAL_COUNT: 13

BASE_AFTER:
(begin
  (send
    (hole 0 {:hash_depth=>0, :limit_depth=>true, :recv=>true}) :count=
    (hole 0 {:hash_depth=>0, :method_arg=>true}))
  (int 0))
BASETYPE: Integer
SIZE WORK_LIST: 16
SIZE generated: 5
EVALUABLE#: 4

-------------------------

----------------
TTYPES
Integer

PROGS

LOCAL_COUNT: 14
GLOBAL_COUNT: 14

BASE_AFTER:
(begin
  (send
    (hole 0 {:hash_depth=>0, :limit_depth=>true, :recv=>true}) :diaspora_user=
    (hole 0 {:hash_depth=>0, :method_arg=>true}))
  (int 0))
BASETYPE: Integer
SIZE WORK_LIST: 19
SIZE generated: 1
EVALUABLE#: 0

-------------------------

----------------
TTYPES
Integer
Integer
Integer
Integer
Integer

PROGS

LOCAL_COUNT: 15
GLOBAL_COUNT: 15

BASE_AFTER:
(begin
  (send
    (hole 0 {:hash_depth=>0, :limit_depth=>true, :recv=>true}) :count=
    (hole 0 {:hash_depth=>0, :method_arg=>true}))
  (int 1))
BASETYPE: Integer
SIZE WORK_LIST: 19
SIZE generated: 5
EVALUABLE#: 4

-------------------------

----------------
TTYPES
Integer

PROGS

LOCAL_COUNT: 16
GLOBAL_COUNT: 16

BASE_AFTER:
(begin
  (send
    (hole 0 {:hash_depth=>0, :limit_depth=>true, :recv=>true}) :diaspora_user=
    (hole 0 {:hash_depth=>0, :method_arg=>true}))
  (int 1))
BASETYPE: Integer
SIZE WORK_LIST: 22
SIZE generated: 1
EVALUABLE#: 0

-------------------------

----------------
TTYPES
Integer
Integer
Integer
Integer
Integer

PROGS

LOCAL_COUNT: 17
GLOBAL_COUNT: 17

BASE_AFTER:
(begin
  (send
    (hole 0 {:hash_depth=>0, :limit_depth=>true, :recv=>true}) :count=
    (hole 0 {:hash_depth=>0, :method_arg=>true}))
  (int 2))
BASETYPE: Integer
SIZE WORK_LIST: 22
SIZE generated: 5
EVALUABLE#: 4

-------------------------

----------------
TTYPES
Integer

PROGS

LOCAL_COUNT: 18
GLOBAL_COUNT: 18

BASE_AFTER:
(begin
  (send
    (hole 0 {:hash_depth=>0, :limit_depth=>true, :recv=>true}) :diaspora_user=
    (hole 0 {:hash_depth=>0, :method_arg=>true}))
  (int 2))
BASETYPE: Integer
SIZE WORK_LIST: 24
SIZE generated: 1
EVALUABLE#: 0

-------------------------

----------------
TTYPES
String
String
String
String

PROGS

LOCAL_COUNT: 19
GLOBAL_COUNT: 19

BASE_AFTER:
(begin
  (send
    (hole 0 {:hash_depth=>0, :limit_depth=>true, :recv=>true}) :count=
    (hole 0 {:hash_depth=>0, :method_arg=>true}))
  (str ""))
BASETYPE: String
SIZE WORK_LIST: 24
SIZE generated: 4
EVALUABLE#: 3

-------------------------

----------------
TTYPES
String

PROGS

LOCAL_COUNT: 20
GLOBAL_COUNT: 20

BASE_AFTER:
(begin
  (send
    (hole 0 {:hash_depth=>0, :limit_depth=>true, :recv=>true}) :diaspora_user=
    (hole 0 {:hash_depth=>0, :method_arg=>true}))
  (str ""))
BASETYPE: String
SIZE WORK_LIST: 26
SIZE generated: 1
EVALUABLE#: 0

-------------------------

----------------
TTYPES
true or false
true or false

PROGS

LOCAL_COUNT: 21
GLOBAL_COUNT: 21

BASE_AFTER:
(begin
  (send
    (lvar :arg0) :count=
    (int 0))
  (true))
BASETYPE: true or false
SIZE WORK_LIST: 26
SIZE generated: 2
EVALUABLE#: 0

-------------------------

----------------
TTYPES
true or false
true or false

PROGS

LOCAL_COUNT: 22
GLOBAL_COUNT: 22

BASE_AFTER:
(begin
  (send
    (lvar :arg0) :count=
    (int 1))
  (true))
BASETYPE: true or false
SIZE WORK_LIST: 27
SIZE generated: 2
EVALUABLE#: 0

-------------------------

----------------
TTYPES
true or false
true or false

PROGS

LOCAL_COUNT: 23
GLOBAL_COUNT: 23

BASE_AFTER:
(begin
  (send
    (lvar :arg0) :count=
    (int 0))
  (false))
BASETYPE: true or false
SIZE WORK_LIST: 28
SIZE generated: 2
EVALUABLE#: 0

-------------------------

----------------
TTYPES
true or false
true or false

PROGS

LOCAL_COUNT: 24
GLOBAL_COUNT: 24

BASE_AFTER:
(begin
  (send
    (lvar :arg0) :count=
    (int 1))
  (false))
BASETYPE: true or false
SIZE WORK_LIST: 29
SIZE generated: 2
EVALUABLE#: 0

-------------------------

----------------
TTYPES
Integer
Integer

PROGS

LOCAL_COUNT: 25
GLOBAL_COUNT: 25

BASE_AFTER:
(begin
  (send
    (lvar :arg0) :count=
    (int 0))
  (int 0))
BASETYPE: Integer
SIZE WORK_LIST: 30
SIZE generated: 2
EVALUABLE#: 0

-------------------------

----------------
TTYPES
Integer
Integer

PROGS

LOCAL_COUNT: 26
GLOBAL_COUNT: 26

BASE_AFTER:
(begin
  (send
    (lvar :arg0) :count=
    (int 1))
  (int 0))
BASETYPE: Integer
SIZE WORK_LIST: 31
SIZE generated: 2
EVALUABLE#: 0

-------------------------

----------------
TTYPES
Integer
Integer

PROGS

LOCAL_COUNT: 27
GLOBAL_COUNT: 27

BASE_AFTER:
(begin
  (lvasgn :t0
    (int 0))
  (send
    (lvar :arg0) :count=
    (lvar :t0))
  (lvar :t0))
BASETYPE: Integer
SIZE WORK_LIST: 32
SIZE generated: 2
EVALUABLE#: 0

-------------------------

----------------
TTYPES
Integer
Integer

PROGS

LOCAL_COUNT: 28
GLOBAL_COUNT: 28

BASE_AFTER:
(begin
  (send
    (lvar :arg0) :count=
    (int 0))
  (int 1))
BASETYPE: Integer
SIZE WORK_LIST: 33
SIZE generated: 2
EVALUABLE#: 0

-------------------------

----------------
TTYPES
Integer
Integer

PROGS

LOCAL_COUNT: 29
GLOBAL_COUNT: 29

BASE_AFTER:
(begin
  (send
    (lvar :arg0) :count=
    (int 1))
  (int 1))
BASETYPE: Integer
SIZE WORK_LIST: 34
SIZE generated: 2
EVALUABLE#: 0

-------------------------

----------------
TTYPES
Integer
Integer

PROGS

LOCAL_COUNT: 30
GLOBAL_COUNT: 30

BASE_AFTER:
(begin
  (lvasgn :t0
    (int 1))
  (send
    (lvar :arg0) :count=
    (lvar :t0))
  (lvar :t0))
BASETYPE: Integer
SIZE WORK_LIST: 35
SIZE generated: 2
EVALUABLE#: 0

-------------------------

----------------
TTYPES
Integer
Integer

PROGS

LOCAL_COUNT: 31
GLOBAL_COUNT: 31

BASE_AFTER:
(begin
  (send
    (lvar :arg0) :count=
    (int 0))
  (int 2))
BASETYPE: Integer
SIZE WORK_LIST: 36
SIZE generated: 2
EVALUABLE#: 0

-------------------------

----------------
TTYPES
Integer
Integer

PROGS

LOCAL_COUNT: 32
GLOBAL_COUNT: 32

BASE_AFTER:
(begin
  (send
    (lvar :arg0) :count=
    (int 1))
  (int 2))
BASETYPE: Integer
SIZE WORK_LIST: 37
SIZE generated: 2
EVALUABLE#: 0

-------------------------

----------------
TTYPES
String
String

PROGS

LOCAL_COUNT: 33
GLOBAL_COUNT: 33

BASE_AFTER:
(begin
  (send
    (lvar :arg0) :count=
    (int 0))
  (str ""))
BASETYPE: String
SIZE WORK_LIST: 38
SIZE generated: 2
EVALUABLE#: 0

-------------------------

----------------
TTYPES
String
String

PROGS

LOCAL_COUNT: 34
GLOBAL_COUNT: 34

BASE_AFTER:
(begin
  (send
    (lvar :arg0) :count=
    (int 1))
  (str ""))
BASETYPE: String
SIZE WORK_LIST: 39
SIZE generated: 2
EVALUABLE#: 0

-------------------------

----------------
TTYPES
Integer
Integer
Integer
Integer
Integer
Integer
Integer
Integer
%bot

PROGS

LOCAL_COUNT: 35
GLOBAL_COUNT: 35

BASE_AFTER:
(filled-hole
  (begin
    (send
      (send
        (hole 0 {:hash_depth=>0, :limit_depth=>true, :recv=>true}) :id=
        (hole 0 {:hash_depth=>0, :method_arg=>true})) :-
      (hole 0 {:hash_depth=>0, :method_arg=>true})))
  (begin
    (send
      (send
        (hole 0 {:hash_depth=>0, :limit_depth=>true, :recv=>true}) :id=
        (hole 0 {:hash_depth=>0, :method_arg=>true})) :-
      (hole 0 {:hash_depth=>0, :method_arg=>true})))
  (begin
    (send
      (send
        (hole 0 {:hash_depth=>0, :limit_depth=>true, :recv=>true}) :id=
        (hole 0 {:hash_depth=>0, :method_arg=>true})) :count))
  (begin
    (send
      (send
        (hole 0 {:hash_depth=>0, :limit_depth=>true, :recv=>true}) :id) :-
      (hole 0 {:hash_depth=>0, :method_arg=>true})))
  (begin
    (send
      (send
        (hole 0 {:hash_depth=>0, :limit_depth=>true, :recv=>true}) :id) :-
      (hole 0 {:hash_depth=>0, :method_arg=>true})))
  (begin
    (send
      (send
        (hole 0 {:hash_depth=>0, :limit_depth=>true, :recv=>true}) :id) :count))
  (begin
    (send
      (send
        (hole 0 {:hash_depth=>0, :limit_depth=>true, :recv=>true}) :token=
        (hole 0 {:hash_depth=>0, :method_arg=>true})) :count))
  (begin
    (send
      (send
        (hole 0 {:hash_depth=>0, :limit_depth=>true, :recv=>true}) :token=
        (hole 0 {:hash_depth=>0, :method_arg=>true})) :-
      (hole 0 {:hash_depth=>0, :method_arg=>true})))
  (begin
    (send
      (send
        (hole 0 {:hash_depth=>0, :limit_depth=>true, :recv=>true}) :token) :count))
  (begin
    (send
      (send
        (hole 0 {:hash_depth=>0, :limit_depth=>true, :recv=>true}) :token) :-
      (hole 0 {:hash_depth=>0, :method_arg=>true})))
  (begin
    (send
      (send
        (hole 0 {:hash_depth=>0, :limit_depth=>true, :recv=>true}) :diaspora_user_id=
        (hole 0 {:hash_depth=>0, :method_arg=>true})) :-
      (hole 0 {:hash_depth=>0, :method_arg=>true})))
  (begin
    (send
      (send
        (hole 0 {:hash_depth=>0, :limit_depth=>true, :recv=>true}) :diaspora_user_id=
        (hole 0 {:hash_depth=>0, :method_arg=>true})) :-
      (hole 0 {:hash_depth=>0, :method_arg=>true})))
  (begin
    (send
      (send
        (hole 0 {:hash_depth=>0, :limit_depth=>true, :recv=>true}) :diaspora_user_id=
        (hole 0 {:hash_depth=>0, :method_arg=>true})) :count))
  (begin
    (send
      (send
        (hole 0 {:hash_depth=>0, :limit_depth=>true, :recv=>true}) :diaspora_user_id) :-
      (hole 0 {:hash_depth=>0, :method_arg=>true})))
  (begin
    (send
      (send
        (hole 0 {:hash_depth=>0, :limit_depth=>true, :recv=>true}) :diaspora_user_id) :-
      (hole 0 {:hash_depth=>0, :method_arg=>true})))
  (begin
    (send
      (send
        (hole 0 {:hash_depth=>0, :limit_depth=>true, :recv=>true}) :diaspora_user_id) :count))
  (begin
    (send
      (send
        (hole 0 {:hash_depth=>0, :limit_depth=>true, :recv=>true}) :count=
        (hole 0 {:hash_depth=>0, :method_arg=>true})) :-
      (hole 0 {:hash_depth=>0, :method_arg=>true})))
  (begin
    (send
      (send
        (hole 0 {:hash_depth=>0, :limit_depth=>true, :recv=>true}) :count=
        (hole 0 {:hash_depth=>0, :method_arg=>true})) :-
      (hole 0 {:hash_depth=>0, :method_arg=>true})))
  (begin
    (send
      (send
        (hole 0 {:hash_depth=>0, :limit_depth=>true, :recv=>true}) :count=
        (hole 0 {:hash_depth=>0, :method_arg=>true})) :count))
  (begin
    (send
      (begin
        (send
          (hole 0 {:hash_depth=>0, :limit_depth=>true, :recv=>true}) :count)) :-
      (hole 0 {:hash_depth=>0, :method_arg=>true})))
  (begin
    (send
      (begin
        (send
          (hole 0 {:hash_depth=>0, :limit_depth=>true, :recv=>true}) :count)) :-
      (hole 0 {:hash_depth=>0, :method_arg=>true})))
  (begin
    (send
      (begin
        (send
          (hole 0 {:hash_depth=>0, :limit_depth=>true, :recv=>true}) :count)) :count))
  (begin
    (send
      (send
        (hole 0 {:hash_depth=>0, :limit_depth=>true, :recv=>true}) :diaspora_user) :count))
  (begin
    (send
      (send
        (hole 0 {:hash_depth=>0, :limit_depth=>true, :recv=>true}) :diaspora_user) :-
      (hole 0 {:hash_depth=>0, :method_arg=>true})))
  (begin
    (send
      (send
        (hole 0 {:hash_depth=>0, :limit_depth=>true, :recv=>true}) :diaspora_user=
        (hole 0 {:hash_depth=>0, :method_arg=>true})) :count))
  (begin
    (send
      (send
        (hole 0 {:hash_depth=>0, :limit_depth=>true, :recv=>true}) :diaspora_user=
        (hole 0 {:hash_depth=>0, :method_arg=>true})) :-
      (hole 0 {:hash_depth=>0, :method_arg=>true})))
  (begin
    (send
      (begin
        (send
          (hole 0 {:hash_depth=>0, :limit_depth=>true, :recv=>true}) :-
          (hole 0 {:hash_depth=>0, :method_arg=>true}))) :-
      (hole 0 {:hash_depth=>0, :method_arg=>true})))
  (begin
    (send
      (begin
        (send
          (hole 0 {:hash_depth=>0, :limit_depth=>true, :recv=>true}) :-
          (hole 0 {:hash_depth=>0, :method_arg=>true}))) :-
      (hole 0 {:hash_depth=>0, :method_arg=>true})))
  (begin
    (send
      (begin
        (send
          (hole 0 {:hash_depth=>0, :limit_depth=>true, :recv=>true}) :save)) :count))
  (begin
    (send
      (begin
        (send
          (hole 0 {:hash_depth=>0, :limit_depth=>true, :recv=>true}) :save)) :-
      (hole 0 {:hash_depth=>0, :method_arg=>true})))
  (begin
    (send
      (begin
        (send
          (hole 0 {:hash_depth=>0, :limit_depth=>true, :recv=>true}) :count)) :-
      (hole 0 {:hash_depth=>0, :method_arg=>true})))
  (begin
    (send
      (begin
        (send
          (hole 0 {:hash_depth=>0, :limit_depth=>true, :recv=>true}) :count)) :-
      (hole 0 {:hash_depth=>0, :method_arg=>true})))
  (begin
    (send
      (begin
        (send
          (hole 0 {:hash_depth=>0, :limit_depth=>true, :recv=>true}) :-
          (hole 0 {:hash_depth=>0, :method_arg=>true}))) :-
      (hole 0 {:hash_depth=>0, :method_arg=>true})))
  (begin
    (send
      (begin
        (send
          (hole 0 {:hash_depth=>0, :limit_depth=>true, :recv=>true}) :-
          (hole 0 {:hash_depth=>0, :method_arg=>true}))) :-
      (hole 0 {:hash_depth=>0, :method_arg=>true})))
  (begin
    (send
      (begin
        (send
          (hole 0 {:hash_depth=>0, :limit_depth=>true, :recv=>true}) :save)) :count))
  (begin
    (send
      (begin
        (send
          (hole 0 {:hash_depth=>0, :limit_depth=>true, :recv=>true}) :save)) :-
      (hole 0 {:hash_depth=>0, :method_arg=>true})))
  (hole 3 {:hash_depth=>0, :method_arg=>false, :variance=>:-}) {:method_arg=>false})
BASETYPE: %bot
SIZE WORK_LIST: 40
SIZE generated: 9
EVALUABLE#: 0

-------------------------

----------------
TTYPES
Integer
Integer
Integer
Integer
Integer
Integer
Integer
Integer
Integer
Integer
Integer
Integer
Integer
Integer
Integer
Integer
Integer
Integer
Integer
Integer
Integer
Integer
Integer
Integer
Integer
Integer
Integer
Integer
Integer
Integer
Integer
Integer
Integer
Integer
Integer
Integer

PROGS

LOCAL_COUNT: 36
GLOBAL_COUNT: 36

BASE_AFTER:
(begin
  (send
    (begin
      (send
        (filled-hole
          (lvar InvitationCode(id: integer, token: string, diaspora_user_id: integer, count: integer)) {:method_arg=>false}) :-
        (filled-hole
          (lvar :arg0)
          (lvar InvitationCode(id: integer, token: string, diaspora_user_id: integer, count: integer))
          (true)
          (false)
          (int 0)
          (int 1)
          (int 2)
          (str "")
          (hole 1 {:hash_depth=>0, :method_arg=>true, :variance=>:+}) {:method_arg=>true}))) :-
    (filled-hole
      (int 0)
      (int 1)
      (int 2)
      (hole 1 {:hash_depth=>0, :method_arg=>true, :variance=>:+}) {:method_arg=>true})))
BASETYPE: Integer
SIZE WORK_LIST: 48
SIZE generated: 36
EVALUABLE#: 24

-------------------------

----------------
TTYPES
Integer
Integer
Integer
Integer

PROGS

LOCAL_COUNT: 37
GLOBAL_COUNT: 37

BASE_AFTER:
(begin
  (send
    (begin
      (send
        (filled-hole
          (lvar InvitationCode(id: integer, token: string, diaspora_user_id: integer, count: integer)) {:method_arg=>false}) :count)) :-
    (filled-hole
      (int 0)
      (int 1)
      (int 2)
      (hole 1 {:hash_depth=>0, :method_arg=>true, :variance=>:+}) {:method_arg=>true})))
BASETYPE: Integer
SIZE WORK_LIST: 59
SIZE generated: 4
EVALUABLE#: 3

-------------------------

----------------
TTYPES
true or false
true or false
true or false
true or false
true or false
true or false
true or false
true or false
true or false
true or false
true or false

PROGS

LOCAL_COUNT: 38
GLOBAL_COUNT: 38

BASE_AFTER:
(begin
  (send
    (lvar :arg0) :count=
    (hole 1 {:hash_depth=>0, :method_arg=>true, :variance=>:+}))
  (true))
BASETYPE: true or false
SIZE WORK_LIST: 62
SIZE generated: 11
EVALUABLE#: 0

-------------------------

----------------
TTYPES
Integer
Integer

PROGS

LOCAL_COUNT: 39
GLOBAL_COUNT: 39

BASE_AFTER:
(begin
  (send
    (begin
      (send
        (lvar InvitationCode(id: integer, token: string, diaspora_user_id: integer, count: integer)) :count)) :-
    (int 0)))
BASETYPE: Integer
SIZE WORK_LIST: 72
SIZE generated: 2
EVALUABLE#: 0

-------------------------

----------------
TTYPES
Integer
Integer

PROGS

LOCAL_COUNT: 40
GLOBAL_COUNT: 40

BASE_AFTER:
(begin
  (send
    (begin
      (send
        (lvar InvitationCode(id: integer, token: string, diaspora_user_id: integer, count: integer)) :count)) :-
    (int 1)))
BASETYPE: Integer
SIZE WORK_LIST: 73
SIZE generated: 2
EVALUABLE#: 0

-------------------------

----------------
TTYPES
Integer
Integer

PROGS

LOCAL_COUNT: 41
GLOBAL_COUNT: 41

BASE_AFTER:
(begin
  (send
    (begin
      (send
        (lvar InvitationCode(id: integer, token: string, diaspora_user_id: integer, count: integer)) :count)) :-
    (int 2)))
BASETYPE: Integer
SIZE WORK_LIST: 74
SIZE generated: 2
EVALUABLE#: 0

-------------------------

----------------
TTYPES
true or false
true or false
true or false
true or false
true or false
true or false
true or false
true or false
true or false
true or false

PROGS

LOCAL_COUNT: 42
GLOBAL_COUNT: 42

BASE_AFTER:
(begin
  (send
    (lvar :arg0) :count=
    (begin
      (send
        (hole 0 {:hash_depth=>0, :limit_depth=>true, :recv=>true}) :-
        (hole 0 {:hash_depth=>0, :method_arg=>true}))))
  (true))
BASETYPE: true or false
SIZE WORK_LIST: 75
SIZE generated: 10
EVALUABLE#: 9

-------------------------

----------------
TTYPES
true or false

PROGS

LOCAL_COUNT: 43
GLOBAL_COUNT: 43

BASE_AFTER:
(begin
  (send
    (lvar :arg0) :count=
    (begin
      (send
        (hole 0 {:hash_depth=>0, :limit_depth=>true, :recv=>true}) :count)))
  (true))
BASETYPE: true or false
SIZE WORK_LIST: 75
SIZE generated: 1
EVALUABLE#: 1

-------------------------

----------------
TTYPES
true or false
true or false
true or false
true or false
true or false
true or false

PROGS

LOCAL_COUNT: 44
GLOBAL_COUNT: 44

BASE_AFTER:
(begin
  (send
    (lvar :arg0) :diaspora_user=
    (hole 1 {:hash_depth=>0, :method_arg=>true, :variance=>:+}))
  (true))
BASETYPE: true or false
SIZE WORK_LIST: 75
SIZE generated: 6
EVALUABLE#: 0

-------------------------

----------------
TTYPES
true or false
true or false

PROGS

LOCAL_COUNT: 45
GLOBAL_COUNT: 45

BASE_AFTER:
(begin
  (send
    (lvar :arg0) :count=
    (begin
      (send
        (lvar InvitationCode(id: integer, token: string, diaspora_user_id: integer, count: integer)) :count)))
  (true))
BASETYPE: true or false
SIZE WORK_LIST: 80
SIZE generated: 2
EVALUABLE#: 0

-------------------------

----------------
TTYPES
true or false

PROGS

LOCAL_COUNT: 46
GLOBAL_COUNT: 46

BASE_AFTER:
(begin
  (send
    (lvar :arg0) :diaspora_user=
    (begin
      (send
        (hole 0 {:hash_depth=>0, :limit_depth=>true, :recv=>true}) :count)))
  (true))
BASETYPE: true or false
SIZE WORK_LIST: 81
SIZE generated: 1
EVALUABLE#: 1

-------------------------

----------------
TTYPES
true or false
true or false
true or false
true or false
true or false
true or false
true or false
true or false
true or false
true or false
true or false

PROGS

LOCAL_COUNT: 47
GLOBAL_COUNT: 47

BASE_AFTER:
(begin
  (send
    (lvar :arg0) :count=
    (hole 1 {:hash_depth=>0, :method_arg=>true, :variance=>:+}))
  (false))
BASETYPE: true or false
SIZE WORK_LIST: 80
SIZE generated: 11
EVALUABLE#: 0

-------------------------

----------------
TTYPES
true or false

PROGS

LOCAL_COUNT: 48
GLOBAL_COUNT: 48

BASE_AFTER:
(begin
  (send
    (lvar :arg0) :count=
    (begin
      (send
        (hole 0 {:hash_depth=>0, :limit_depth=>true, :recv=>true}) :count)))
  (false))
BASETYPE: true or false
SIZE WORK_LIST: 90
SIZE generated: 1
EVALUABLE#: 1

-------------------------

----------------
TTYPES
true or false
true or false
true or false
true or false
true or false
true or false

PROGS

LOCAL_COUNT: 49
GLOBAL_COUNT: 49

BASE_AFTER:
(begin
  (send
    (lvar :arg0) :diaspora_user=
    (hole 1 {:hash_depth=>0, :method_arg=>true, :variance=>:+}))
  (false))
BASETYPE: true or false
SIZE WORK_LIST: 90
SIZE generated: 6
EVALUABLE#: 0

-------------------------

----------------
TTYPES
true or false
true or false

PROGS

LOCAL_COUNT: 50
GLOBAL_COUNT: 50

BASE_AFTER:
(begin
  (send
    (lvar :arg0) :count=
    (begin
      (send
        (lvar InvitationCode(id: integer, token: string, diaspora_user_id: integer, count: integer)) :count)))
  (false))
BASETYPE: true or false
SIZE WORK_LIST: 95
SIZE generated: 2
EVALUABLE#: 0

-------------------------

----------------
TTYPES
true or false

PROGS

LOCAL_COUNT: 51
GLOBAL_COUNT: 51

BASE_AFTER:
(begin
  (send
    (lvar :arg0) :diaspora_user=
    (begin
      (send
        (hole 0 {:hash_depth=>0, :limit_depth=>true, :recv=>true}) :count)))
  (false))
BASETYPE: true or false
SIZE WORK_LIST: 96
SIZE generated: 1
EVALUABLE#: 1

-------------------------

----------------
TTYPES
Integer
Integer
Integer
Integer
Integer
Integer
Integer
Integer
Integer
Integer
Integer

PROGS

LOCAL_COUNT: 52
GLOBAL_COUNT: 52

BASE_AFTER:
(begin
  (send
    (lvar :arg0) :count=
    (hole 1 {:hash_depth=>0, :method_arg=>true, :variance=>:+}))
  (int 0))
BASETYPE: Integer
SIZE WORK_LIST: 95
SIZE generated: 11
EVALUABLE#: 0

-------------------------

----------------
TTYPES
Integer

PROGS

LOCAL_COUNT: 53
GLOBAL_COUNT: 53

BASE_AFTER:
(begin
  (send
    (lvar :arg0) :count=
    (begin
      (send
        (hole 0 {:hash_depth=>0, :limit_depth=>true, :recv=>true}) :count)))
  (int 0))
BASETYPE: Integer
SIZE WORK_LIST: 105
SIZE generated: 1
EVALUABLE#: 1

-------------------------

----------------
TTYPES
Integer
Integer
Integer
Integer
Integer
Integer

PROGS

LOCAL_COUNT: 54
GLOBAL_COUNT: 54

BASE_AFTER:
(begin
  (send
    (lvar :arg0) :diaspora_user=
    (hole 1 {:hash_depth=>0, :method_arg=>true, :variance=>:+}))
  (int 0))
BASETYPE: Integer
SIZE WORK_LIST: 105
SIZE generated: 6
EVALUABLE#: 0

-------------------------

----------------
TTYPES
Integer
Integer

PROGS

LOCAL_COUNT: 55
GLOBAL_COUNT: 55

BASE_AFTER:
(begin
  (send
    (lvar :arg0) :count=
    (begin
      (send
        (lvar InvitationCode(id: integer, token: string, diaspora_user_id: integer, count: integer)) :count)))
  (int 0))
BASETYPE: Integer
SIZE WORK_LIST: 110
SIZE generated: 2
EVALUABLE#: 0

-------------------------

----------------
TTYPES
Integer

PROGS

LOCAL_COUNT: 56
GLOBAL_COUNT: 56

BASE_AFTER:
(begin
  (send
    (lvar :arg0) :diaspora_user=
    (begin
      (send
        (hole 0 {:hash_depth=>0, :limit_depth=>true, :recv=>true}) :count)))
  (int 0))
BASETYPE: Integer
SIZE WORK_LIST: 111
SIZE generated: 1
EVALUABLE#: 1

-------------------------

----------------
TTYPES
Integer
Integer
Integer
Integer
Integer
Integer
Integer
Integer
Integer
Integer
Integer

PROGS

LOCAL_COUNT: 57
GLOBAL_COUNT: 57

BASE_AFTER:
(begin
  (send
    (lvar :arg0) :count=
    (hole 1 {:hash_depth=>0, :method_arg=>true, :variance=>:+}))
  (int 1))
BASETYPE: Integer
SIZE WORK_LIST: 110
SIZE generated: 11
EVALUABLE#: 0

-------------------------

----------------
TTYPES
Integer

PROGS

LOCAL_COUNT: 58
GLOBAL_COUNT: 58

BASE_AFTER:
(begin
  (send
    (lvar :arg0) :count=
    (begin
      (send
        (hole 0 {:hash_depth=>0, :limit_depth=>true, :recv=>true}) :count)))
  (int 1))
BASETYPE: Integer
SIZE WORK_LIST: 120
SIZE generated: 1
EVALUABLE#: 1

-------------------------

----------------
TTYPES
Integer
Integer
Integer
Integer
Integer
Integer

PROGS

LOCAL_COUNT: 59
GLOBAL_COUNT: 59

BASE_AFTER:
(begin
  (send
    (lvar :arg0) :diaspora_user=
    (hole 1 {:hash_depth=>0, :method_arg=>true, :variance=>:+}))
  (int 1))
BASETYPE: Integer
SIZE WORK_LIST: 120
SIZE generated: 6
EVALUABLE#: 0

-------------------------

----------------
TTYPES
Integer
Integer

PROGS

LOCAL_COUNT: 60
GLOBAL_COUNT: 60

BASE_AFTER:
(begin
  (send
    (lvar :arg0) :count=
    (begin
      (send
        (lvar InvitationCode(id: integer, token: string, diaspora_user_id: integer, count: integer)) :count)))
  (int 1))
BASETYPE: Integer
SIZE WORK_LIST: 125
SIZE generated: 2
EVALUABLE#: 0

-------------------------

----------------
TTYPES
Integer

PROGS

LOCAL_COUNT: 61
GLOBAL_COUNT: 61

BASE_AFTER:
(begin
  (send
    (lvar :arg0) :diaspora_user=
    (begin
      (send
        (hole 0 {:hash_depth=>0, :limit_depth=>true, :recv=>true}) :count)))
  (int 1))
BASETYPE: Integer
SIZE WORK_LIST: 126
SIZE generated: 1
EVALUABLE#: 1

-------------------------

----------------
TTYPES
Integer
Integer
Integer
Integer
Integer
Integer
Integer
Integer
Integer
Integer
Integer

PROGS

LOCAL_COUNT: 62
GLOBAL_COUNT: 62

BASE_AFTER:
(begin
  (send
    (lvar :arg0) :count=
    (hole 1 {:hash_depth=>0, :method_arg=>true, :variance=>:+}))
  (int 2))
BASETYPE: Integer
SIZE WORK_LIST: 125
SIZE generated: 11
EVALUABLE#: 0

-------------------------

----------------
TTYPES
Integer

PROGS

LOCAL_COUNT: 63
GLOBAL_COUNT: 63

BASE_AFTER:
(begin
  (send
    (lvar :arg0) :count=
    (begin
      (send
        (hole 0 {:hash_depth=>0, :limit_depth=>true, :recv=>true}) :count)))
  (int 2))
BASETYPE: Integer
SIZE WORK_LIST: 135
SIZE generated: 1
EVALUABLE#: 1

-------------------------

----------------
TTYPES
Integer
Integer
Integer
Integer
Integer
Integer

PROGS

LOCAL_COUNT: 64
GLOBAL_COUNT: 64

BASE_AFTER:
(begin
  (send
    (lvar :arg0) :diaspora_user=
    (hole 1 {:hash_depth=>0, :method_arg=>true, :variance=>:+}))
  (int 2))
BASETYPE: Integer
SIZE WORK_LIST: 135
SIZE generated: 6
EVALUABLE#: 0

-------------------------

----------------
TTYPES
Integer
Integer

PROGS

LOCAL_COUNT: 65
GLOBAL_COUNT: 65

BASE_AFTER:
(begin
  (send
    (lvar :arg0) :count=
    (begin
      (send
        (lvar InvitationCode(id: integer, token: string, diaspora_user_id: integer, count: integer)) :count)))
  (int 2))
BASETYPE: Integer
SIZE WORK_LIST: 140
SIZE generated: 2
EVALUABLE#: 0

-------------------------

----------------
TTYPES
Integer

PROGS

LOCAL_COUNT: 66
GLOBAL_COUNT: 66

BASE_AFTER:
(begin
  (send
    (lvar :arg0) :diaspora_user=
    (begin
      (send
        (hole 0 {:hash_depth=>0, :limit_depth=>true, :recv=>true}) :count)))
  (int 2))
BASETYPE: Integer
SIZE WORK_LIST: 141
SIZE generated: 1
EVALUABLE#: 1

-------------------------

----------------
TTYPES
String
String
String
String
String
String
String
String
String
String
String

PROGS

LOCAL_COUNT: 67
GLOBAL_COUNT: 67

BASE_AFTER:
(begin
  (send
    (lvar :arg0) :count=
    (hole 1 {:hash_depth=>0, :method_arg=>true, :variance=>:+}))
  (str ""))
BASETYPE: String
SIZE WORK_LIST: 140
SIZE generated: 11
EVALUABLE#: 0

-------------------------

----------------
TTYPES
String

PROGS

LOCAL_COUNT: 68
GLOBAL_COUNT: 68

BASE_AFTER:
(begin
  (send
    (lvar :arg0) :count=
    (begin
      (send
        (hole 0 {:hash_depth=>0, :limit_depth=>true, :recv=>true}) :count)))
  (str ""))
BASETYPE: String
SIZE WORK_LIST: 150
SIZE generated: 1
EVALUABLE#: 1

-------------------------

----------------
TTYPES
String
String
String
String
String
String

PROGS

LOCAL_COUNT: 69
GLOBAL_COUNT: 69

BASE_AFTER:
(begin
  (send
    (lvar :arg0) :diaspora_user=
    (hole 1 {:hash_depth=>0, :method_arg=>true, :variance=>:+}))
  (str ""))
BASETYPE: String
SIZE WORK_LIST: 150
SIZE generated: 6
EVALUABLE#: 0

-------------------------

----------------
TTYPES
String
String

PROGS

LOCAL_COUNT: 70
GLOBAL_COUNT: 70

BASE_AFTER:
(begin
  (send
    (lvar :arg0) :count=
    (begin
      (send
        (lvar InvitationCode(id: integer, token: string, diaspora_user_id: integer, count: integer)) :count)))
  (str ""))
BASETYPE: String
SIZE WORK_LIST: 155
SIZE generated: 2
EVALUABLE#: 0

-------------------------

----------------
TTYPES
String

PROGS

LOCAL_COUNT: 71
GLOBAL_COUNT: 71

BASE_AFTER:
(begin
  (send
    (lvar :arg0) :diaspora_user=
    (begin
      (send
        (hole 0 {:hash_depth=>0, :limit_depth=>true, :recv=>true}) :count)))
  (str ""))
BASETYPE: String
SIZE WORK_LIST: 156
SIZE generated: 1
EVALUABLE#: 1

-------------------------

----------------
TTYPES
true or false
true or false
true or false
true or false

PROGS

LOCAL_COUNT: 72
GLOBAL_COUNT: 72

BASE_AFTER:
(begin
  (send
    (lvar :arg0) :count=
    (int 0))
  (send
    (hole 0 {:hash_depth=>0, :limit_depth=>true, :recv=>true}) :count=
    (hole 0 {:hash_depth=>0, :method_arg=>true}))
  (true))
BASETYPE: true or false
SIZE WORK_LIST: 155
SIZE generated: 4
EVALUABLE#: 3

-------------------------

----------------
TTYPES
true or false

PROGS

LOCAL_COUNT: 73
GLOBAL_COUNT: 73

BASE_AFTER:
(begin
  (send
    (lvar :arg0) :count=
    (int 0))
  (send
    (hole 0 {:hash_depth=>0, :limit_depth=>true, :recv=>true}) :diaspora_user=
    (hole 0 {:hash_depth=>0, :method_arg=>true}))
  (true))
BASETYPE: true or false
SIZE WORK_LIST: 157
SIZE generated: 1
EVALUABLE#: 0

-------------------------

----------------
TTYPES
true or false
true or false
true or false
true or false

PROGS

LOCAL_COUNT: 74
GLOBAL_COUNT: 74

BASE_AFTER:
(begin
  (send
    (lvar :arg0) :count=
    (int 1))
  (send
    (hole 0 {:hash_depth=>0, :limit_depth=>true, :recv=>true}) :count=
    (hole 0 {:hash_depth=>0, :method_arg=>true}))
  (true))
BASETYPE: true or false
SIZE WORK_LIST: 157
SIZE generated: 4
EVALUABLE#: 3

-------------------------

----------------
TTYPES
true or false

PROGS

LOCAL_COUNT: 75
GLOBAL_COUNT: 75

BASE_AFTER:
(begin
  (send
    (lvar :arg0) :count=
    (int 1))
  (send
    (hole 0 {:hash_depth=>0, :limit_depth=>true, :recv=>true}) :diaspora_user=
    (hole 0 {:hash_depth=>0, :method_arg=>true}))
  (true))
BASETYPE: true or false
SIZE WORK_LIST: 159
SIZE generated: 1
EVALUABLE#: 0

-------------------------

----------------
TTYPES
true or false
true or false
true or false
true or false

PROGS

LOCAL_COUNT: 76
GLOBAL_COUNT: 76

BASE_AFTER:
(begin
  (send
    (lvar :arg0) :count=
    (int 0))
  (send
    (hole 0 {:hash_depth=>0, :limit_depth=>true, :recv=>true}) :count=
    (hole 0 {:hash_depth=>0, :method_arg=>true}))
  (false))
BASETYPE: true or false
SIZE WORK_LIST: 159
SIZE generated: 4
EVALUABLE#: 3

-------------------------

----------------
TTYPES
true or false

PROGS

LOCAL_COUNT: 77
GLOBAL_COUNT: 77

BASE_AFTER:
(begin
  (send
    (lvar :arg0) :count=
    (int 0))
  (send
    (hole 0 {:hash_depth=>0, :limit_depth=>true, :recv=>true}) :diaspora_user=
    (hole 0 {:hash_depth=>0, :method_arg=>true}))
  (false))
BASETYPE: true or false
SIZE WORK_LIST: 161
SIZE generated: 1
EVALUABLE#: 0

-------------------------

----------------
TTYPES
true or false
true or false
true or false
true or false

PROGS

LOCAL_COUNT: 78
GLOBAL_COUNT: 78

BASE_AFTER:
(begin
  (send
    (lvar :arg0) :count=
    (int 1))
  (send
    (hole 0 {:hash_depth=>0, :limit_depth=>true, :recv=>true}) :count=
    (hole 0 {:hash_depth=>0, :method_arg=>true}))
  (false))
BASETYPE: true or false
SIZE WORK_LIST: 161
SIZE generated: 4
EVALUABLE#: 3

-------------------------

----------------
TTYPES
true or false

PROGS

LOCAL_COUNT: 79
GLOBAL_COUNT: 79

BASE_AFTER:
(begin
  (send
    (lvar :arg0) :count=
    (int 1))
  (send
    (hole 0 {:hash_depth=>0, :limit_depth=>true, :recv=>true}) :diaspora_user=
    (hole 0 {:hash_depth=>0, :method_arg=>true}))
  (false))
BASETYPE: true or false
SIZE WORK_LIST: 163
SIZE generated: 1
EVALUABLE#: 0

-------------------------

----------------
TTYPES
Integer
Integer
Integer
Integer
Integer

PROGS

LOCAL_COUNT: 80
GLOBAL_COUNT: 80

BASE_AFTER:
(begin
  (send
    (lvar :arg0) :count=
    (int 0))
  (send
    (hole 0 {:hash_depth=>0, :limit_depth=>true, :recv=>true}) :count=
    (hole 0 {:hash_depth=>0, :method_arg=>true}))
  (int 0))
BASETYPE: Integer
SIZE WORK_LIST: 163
SIZE generated: 5
EVALUABLE#: 4

-------------------------

----------------
TTYPES
Integer

PROGS

LOCAL_COUNT: 81
GLOBAL_COUNT: 81

BASE_AFTER:
(begin
  (send
    (lvar :arg0) :count=
    (int 0))
  (send
    (hole 0 {:hash_depth=>0, :limit_depth=>true, :recv=>true}) :diaspora_user=
    (hole 0 {:hash_depth=>0, :method_arg=>true}))
  (int 0))
BASETYPE: Integer
SIZE WORK_LIST: 166
SIZE generated: 1
EVALUABLE#: 0

-------------------------

----------------
TTYPES
Integer
Integer
Integer
Integer
Integer

PROGS

LOCAL_COUNT: 82
GLOBAL_COUNT: 82

BASE_AFTER:
(begin
  (send
    (lvar :arg0) :count=
    (int 1))
  (send
    (hole 0 {:hash_depth=>0, :limit_depth=>true, :recv=>true}) :count=
    (hole 0 {:hash_depth=>0, :method_arg=>true}))
  (int 0))
BASETYPE: Integer
SIZE WORK_LIST: 166
SIZE generated: 5
EVALUABLE#: 4

-------------------------

----------------
TTYPES
Integer

PROGS

LOCAL_COUNT: 83
GLOBAL_COUNT: 83

BASE_AFTER:
(begin
  (send
    (lvar :arg0) :count=
    (int 1))
  (send
    (hole 0 {:hash_depth=>0, :limit_depth=>true, :recv=>true}) :diaspora_user=
    (hole 0 {:hash_depth=>0, :method_arg=>true}))
  (int 0))
BASETYPE: Integer
SIZE WORK_LIST: 169
SIZE generated: 1
EVALUABLE#: 0

-------------------------

----------------
TTYPES
Integer
Integer
Integer
Integer
Integer

PROGS

LOCAL_COUNT: 84
GLOBAL_COUNT: 84

BASE_AFTER:
(begin
  (lvasgn :t0
    (int 0))
  (send
    (lvar :arg0) :count=
    (lvar :t0))
  (send
    (hole 0 {:hash_depth=>0, :limit_depth=>true, :recv=>true}) :count=
    (hole 0 {:hash_depth=>0, :method_arg=>true}))
  (lvar :t0))
BASETYPE: Integer
SIZE WORK_LIST: 169
SIZE generated: 5
EVALUABLE#: 4

-------------------------

----------------
TTYPES
Integer

PROGS

LOCAL_COUNT: 85
GLOBAL_COUNT: 85

BASE_AFTER:
(begin
  (lvasgn :t0
    (int 0))
  (send
    (lvar :arg0) :count=
    (lvar :t0))
  (send
    (hole 0 {:hash_depth=>0, :limit_depth=>true, :recv=>true}) :diaspora_user=
    (hole 0 {:hash_depth=>0, :method_arg=>true}))
  (lvar :t0))
BASETYPE: Integer
SIZE WORK_LIST: 172
SIZE generated: 1
EVALUABLE#: 0

-------------------------

----------------
TTYPES
Integer
Integer
Integer
Integer
Integer

PROGS

LOCAL_COUNT: 86
GLOBAL_COUNT: 86

BASE_AFTER:
(begin
  (send
    (lvar :arg0) :count=
    (int 0))
  (send
    (hole 0 {:hash_depth=>0, :limit_depth=>true, :recv=>true}) :count=
    (hole 0 {:hash_depth=>0, :method_arg=>true}))
  (int 1))
BASETYPE: Integer
SIZE WORK_LIST: 172
SIZE generated: 5
EVALUABLE#: 4

-------------------------

----------------
TTYPES
Integer

PROGS

LOCAL_COUNT: 87
GLOBAL_COUNT: 87

BASE_AFTER:
(begin
  (send
    (lvar :arg0) :count=
    (int 0))
  (send
    (hole 0 {:hash_depth=>0, :limit_depth=>true, :recv=>true}) :diaspora_user=
    (hole 0 {:hash_depth=>0, :method_arg=>true}))
  (int 1))
BASETYPE: Integer
SIZE WORK_LIST: 175
SIZE generated: 1
EVALUABLE#: 0

-------------------------

----------------
TTYPES
Integer
Integer
Integer
Integer
Integer

PROGS

LOCAL_COUNT: 88
GLOBAL_COUNT: 88

BASE_AFTER:
(begin
  (send
    (lvar :arg0) :count=
    (int 1))
  (send
    (hole 0 {:hash_depth=>0, :limit_depth=>true, :recv=>true}) :count=
    (hole 0 {:hash_depth=>0, :method_arg=>true}))
  (int 1))
BASETYPE: Integer
SIZE WORK_LIST: 175
SIZE generated: 5
EVALUABLE#: 4

-------------------------

----------------
TTYPES
Integer

PROGS

LOCAL_COUNT: 89
GLOBAL_COUNT: 89

BASE_AFTER:
(begin
  (send
    (lvar :arg0) :count=
    (int 1))
  (send
    (hole 0 {:hash_depth=>0, :limit_depth=>true, :recv=>true}) :diaspora_user=
    (hole 0 {:hash_depth=>0, :method_arg=>true}))
  (int 1))
BASETYPE: Integer
SIZE WORK_LIST: 178
SIZE generated: 1
EVALUABLE#: 0

-------------------------

----------------
TTYPES
Integer
Integer
Integer
Integer
Integer

PROGS

LOCAL_COUNT: 90
GLOBAL_COUNT: 90

BASE_AFTER:
(begin
  (lvasgn :t0
    (int 1))
  (send
    (lvar :arg0) :count=
    (lvar :t0))
  (send
    (hole 0 {:hash_depth=>0, :limit_depth=>true, :recv=>true}) :count=
    (hole 0 {:hash_depth=>0, :method_arg=>true}))
  (lvar :t0))
BASETYPE: Integer
SIZE WORK_LIST: 178
SIZE generated: 5
EVALUABLE#: 4

-------------------------

----------------
TTYPES
Integer

PROGS

LOCAL_COUNT: 91
GLOBAL_COUNT: 91

BASE_AFTER:
(begin
  (lvasgn :t0
    (int 1))
  (send
    (lvar :arg0) :count=
    (lvar :t0))
  (send
    (hole 0 {:hash_depth=>0, :limit_depth=>true, :recv=>true}) :diaspora_user=
    (hole 0 {:hash_depth=>0, :method_arg=>true}))
  (lvar :t0))
BASETYPE: Integer
SIZE WORK_LIST: 181
SIZE generated: 1
EVALUABLE#: 0

-------------------------

----------------
TTYPES
Integer
Integer
Integer
Integer
Integer

PROGS

LOCAL_COUNT: 92
GLOBAL_COUNT: 92

BASE_AFTER:
(begin
  (send
    (lvar :arg0) :count=
    (int 0))
  (send
    (hole 0 {:hash_depth=>0, :limit_depth=>true, :recv=>true}) :count=
    (hole 0 {:hash_depth=>0, :method_arg=>true}))
  (int 2))
BASETYPE: Integer
SIZE WORK_LIST: 181
SIZE generated: 5
EVALUABLE#: 4

-------------------------

----------------
TTYPES
Integer

PROGS

LOCAL_COUNT: 93
GLOBAL_COUNT: 93

BASE_AFTER:
(begin
  (send
    (lvar :arg0) :count=
    (int 0))
  (send
    (hole 0 {:hash_depth=>0, :limit_depth=>true, :recv=>true}) :diaspora_user=
    (hole 0 {:hash_depth=>0, :method_arg=>true}))
  (int 2))
BASETYPE: Integer
SIZE WORK_LIST: 183
SIZE generated: 1
EVALUABLE#: 0

-------------------------

----------------
TTYPES
Integer
Integer
Integer
Integer
Integer

PROGS

LOCAL_COUNT: 94
GLOBAL_COUNT: 94

BASE_AFTER:
(begin
  (send
    (lvar :arg0) :count=
    (int 1))
  (send
    (hole 0 {:hash_depth=>0, :limit_depth=>true, :recv=>true}) :count=
    (hole 0 {:hash_depth=>0, :method_arg=>true}))
  (int 2))
BASETYPE: Integer
SIZE WORK_LIST: 183
SIZE generated: 5
EVALUABLE#: 4

-------------------------

----------------
TTYPES
Integer

PROGS

LOCAL_COUNT: 95
GLOBAL_COUNT: 95

BASE_AFTER:
(begin
  (send
    (lvar :arg0) :count=
    (int 1))
  (send
    (hole 0 {:hash_depth=>0, :limit_depth=>true, :recv=>true}) :diaspora_user=
    (hole 0 {:hash_depth=>0, :method_arg=>true}))
  (int 2))
BASETYPE: Integer
SIZE WORK_LIST: 185
SIZE generated: 1
EVALUABLE#: 0

-------------------------

----------------
TTYPES
String
String
String
String

PROGS

LOCAL_COUNT: 96
GLOBAL_COUNT: 96

BASE_AFTER:
(begin
  (send
    (lvar :arg0) :count=
    (int 0))
  (send
    (hole 0 {:hash_depth=>0, :limit_depth=>true, :recv=>true}) :count=
    (hole 0 {:hash_depth=>0, :method_arg=>true}))
  (str ""))
BASETYPE: String
SIZE WORK_LIST: 185
SIZE generated: 4
EVALUABLE#: 3

-------------------------

----------------
TTYPES
String

PROGS

LOCAL_COUNT: 97
GLOBAL_COUNT: 97

BASE_AFTER:
(begin
  (send
    (lvar :arg0) :count=
    (int 0))
  (send
    (hole 0 {:hash_depth=>0, :limit_depth=>true, :recv=>true}) :diaspora_user=
    (hole 0 {:hash_depth=>0, :method_arg=>true}))
  (str ""))
BASETYPE: String
SIZE WORK_LIST: 187
SIZE generated: 1
EVALUABLE#: 0

-------------------------

----------------
TTYPES
String
String
String
String

PROGS

LOCAL_COUNT: 98
GLOBAL_COUNT: 98

BASE_AFTER:
(begin
  (send
    (lvar :arg0) :count=
    (int 1))
  (send
    (hole 0 {:hash_depth=>0, :limit_depth=>true, :recv=>true}) :count=
    (hole 0 {:hash_depth=>0, :method_arg=>true}))
  (str ""))
BASETYPE: String
SIZE WORK_LIST: 187
SIZE generated: 4
EVALUABLE#: 3

-------------------------

----------------
TTYPES
String

PROGS

LOCAL_COUNT: 99
GLOBAL_COUNT: 99

BASE_AFTER:
(begin
  (send
    (lvar :arg0) :count=
    (int 1))
  (send
    (hole 0 {:hash_depth=>0, :limit_depth=>true, :recv=>true}) :diaspora_user=
    (hole 0 {:hash_depth=>0, :method_arg=>true}))
  (str ""))
BASETYPE: String
SIZE WORK_LIST: 189
SIZE generated: 1
EVALUABLE#: 0

-------------------------

----------------
TTYPES
Integer
Integer
Integer
Integer
Integer
Integer
Integer
Integer
Integer
Integer
Integer
Integer
Integer
Integer
Integer
Integer

PROGS

LOCAL_COUNT: 100
GLOBAL_COUNT: 100

BASE_AFTER:
(begin
  (send
    (send
      (filled-hole
        (lvar :arg0) {:method_arg=>false}) :id=
      (filled-hole
        (int 0)
        (int 1)
        (int 2)
        (hole 1 {:hash_depth=>0, :method_arg=>true, :variance=>:+}) {:method_arg=>true})) :-
    (filled-hole
      (int 0)
      (int 1)
      (int 2)
      (hole 1 {:hash_depth=>0, :method_arg=>true, :variance=>:+}) {:method_arg=>true})))
BASETYPE: Integer
SIZE WORK_LIST: 189
SIZE generated: 16
EVALUABLE#: 9

-------------------------

----------------
TTYPES
Integer
Integer
Integer
Integer

PROGS

LOCAL_COUNT: 101
GLOBAL_COUNT: 101

BASE_AFTER:
(begin
  (send
    (send
      (filled-hole
        (lvar :arg0) {:method_arg=>false}) :id) :-
    (filled-hole
      (int 0)
      (int 1)
      (int 2)
      (hole 1 {:hash_depth=>0, :method_arg=>true, :variance=>:+}) {:method_arg=>true})))
BASETYPE: Integer
SIZE WORK_LIST: 204
SIZE generated: 4
EVALUABLE#: 3

-------------------------

----------------
TTYPES
Integer
Integer
Integer
Integer
Integer
Integer
Integer
Integer
Integer
Integer
Integer
Integer
Integer
Integer
Integer
Integer

PROGS

LOCAL_COUNT: 102
GLOBAL_COUNT: 102

BASE_AFTER:
(begin
  (send
    (send
      (filled-hole
        (lvar :arg0) {:method_arg=>false}) :diaspora_user_id=
      (filled-hole
        (int 0)
        (int 1)
        (int 2)
        (hole 1 {:hash_depth=>0, :method_arg=>true, :variance=>:+}) {:method_arg=>true})) :-
    (filled-hole
      (int 0)
      (int 1)
      (int 2)
      (hole 1 {:hash_depth=>0, :method_arg=>true, :variance=>:+}) {:method_arg=>true})))
BASETYPE: Integer
SIZE WORK_LIST: 207
SIZE generated: 16
EVALUABLE#: 9

-------------------------

----------------
TTYPES
Integer
Integer
Integer
Integer

PROGS

LOCAL_COUNT: 103
GLOBAL_COUNT: 103

BASE_AFTER:
(begin
  (send
    (send
      (filled-hole
        (lvar :arg0) {:method_arg=>false}) :diaspora_user_id) :-
    (filled-hole
      (int 0)
      (int 1)
      (int 2)
      (hole 1 {:hash_depth=>0, :method_arg=>true, :variance=>:+}) {:method_arg=>true})))
BASETYPE: Integer
SIZE WORK_LIST: 222
SIZE generated: 4
EVALUABLE#: 3

-------------------------

----------------
TTYPES
Integer
Integer
Integer
Integer
Integer
Integer
Integer
Integer
Integer
Integer
Integer
Integer
Integer
Integer
Integer
Integer

PROGS

LOCAL_COUNT: 104
GLOBAL_COUNT: 104

BASE_AFTER:
(begin
  (send
    (send
      (filled-hole
        (lvar :arg0) {:method_arg=>false}) :count=
      (filled-hole
        (int 0)
        (int 1)
        (int 2)
        (hole 1 {:hash_depth=>0, :method_arg=>true, :variance=>:+}) {:method_arg=>true})) :-
    (filled-hole
      (int 0)
      (int 1)
      (int 2)
      (hole 1 {:hash_depth=>0, :method_arg=>true, :variance=>:+}) {:method_arg=>true})))
BASETYPE: Integer
SIZE WORK_LIST: 222
SIZE generated: 16
EVALUABLE#: 9

-------------------------

----------------
TTYPES
Integer
Integer
Integer
Integer

PROGS

LOCAL_COUNT: 105
GLOBAL_COUNT: 105

BASE_AFTER:
(begin
  (send
    (begin
      (send
        (filled-hole
          (lvar :arg0) {:method_arg=>false}) :count)) :-
    (filled-hole
      (int 0)
      (int 1)
      (int 2)
      (hole 1 {:hash_depth=>0, :method_arg=>true, :variance=>:+}) {:method_arg=>true})))
BASETYPE: Integer
SIZE WORK_LIST: 234
SIZE generated: 4
EVALUABLE#: 3

-------------------------

----------------
TTYPES
true or false
true or false
true or false
true or false

PROGS

LOCAL_COUNT: 106
GLOBAL_COUNT: 106

BASE_AFTER:
(begin
  (send
    (lvar :arg0) :count=
    (send
      (hole 0 {:hash_depth=>0, :limit_depth=>true, :recv=>true}) :id=
      (hole 0 {:hash_depth=>0, :method_arg=>true})))
  (true))
BASETYPE: true or false
SIZE WORK_LIST: 237
SIZE generated: 4
EVALUABLE#: 3

-------------------------

----------------
TTYPES
true or false

PROGS

LOCAL_COUNT: 107
GLOBAL_COUNT: 107

BASE_AFTER:
(begin
  (send
    (lvar :arg0) :count=
    (send
      (hole 0 {:hash_depth=>0, :limit_depth=>true, :recv=>true}) :id))
  (true))
BASETYPE: true or false
SIZE WORK_LIST: 239
SIZE generated: 1
EVALUABLE#: 1

-------------------------

----------------
TTYPES
true or false
true or false
true or false
true or false

PROGS

LOCAL_COUNT: 108
GLOBAL_COUNT: 108

BASE_AFTER:
(begin
  (send
    (lvar :arg0) :count=
    (send
      (hole 0 {:hash_depth=>0, :limit_depth=>true, :recv=>true}) :diaspora_user_id=
      (hole 0 {:hash_depth=>0, :method_arg=>true})))
  (true))
BASETYPE: true or false
SIZE WORK_LIST: 239
SIZE generated: 4
EVALUABLE#: 3

-------------------------

----------------
TTYPES
true or false

PROGS

LOCAL_COUNT: 109
GLOBAL_COUNT: 109

BASE_AFTER:
(begin
  (send
    (lvar :arg0) :count=
    (send
      (hole 0 {:hash_depth=>0, :limit_depth=>true, :recv=>true}) :diaspora_user_id))
  (true))
BASETYPE: true or false
SIZE WORK_LIST: 241
SIZE generated: 1
EVALUABLE#: 1

-------------------------

----------------
TTYPES
true or false
true or false
true or false
true or false

PROGS

LOCAL_COUNT: 110
GLOBAL_COUNT: 110

BASE_AFTER:
(begin
  (send
    (lvar :arg0) :count=
    (send
      (hole 0 {:hash_depth=>0, :limit_depth=>true, :recv=>true}) :count=
      (hole 0 {:hash_depth=>0, :method_arg=>true})))
  (true))
BASETYPE: true or false
SIZE WORK_LIST: 240
SIZE generated: 4
EVALUABLE#: 3

-------------------------

----------------
TTYPES
true or false

PROGS

LOCAL_COUNT: 111
GLOBAL_COUNT: 111

BASE_AFTER:
(begin
  (send
    (lvar :arg0) :count=
    (begin
      (send
        (hole 0 {:hash_depth=>0, :limit_depth=>true, :recv=>true}) :count)))
  (true))
BASETYPE: true or false
SIZE WORK_LIST: 242
SIZE generated: 1
EVALUABLE#: 1

-------------------------

----------------
TTYPES
true or false

PROGS

LOCAL_COUNT: 113
GLOBAL_COUNT: 112

BASE_AFTER:
(begin
  (send
    (lvar :arg0) :diaspora_user=
    (send
      (hole 0 {:hash_depth=>0, :limit_depth=>true, :recv=>true}) :diaspora_user))
  (true))
BASETYPE: true or false
SIZE WORK_LIST: 241
SIZE generated: 1
EVALUABLE#: 1

-------------------------

----------------
TTYPES
true or false

PROGS

LOCAL_COUNT: 114
GLOBAL_COUNT: 113

BASE_AFTER:
(begin
  (send
    (lvar :arg0) :diaspora_user=
    (send
      (hole 0 {:hash_depth=>0, :limit_depth=>true, :recv=>true}) :diaspora_user=
      (hole 0 {:hash_depth=>0, :method_arg=>true})))
  (true))
BASETYPE: true or false
SIZE WORK_LIST: 241
SIZE generated: 1
EVALUABLE#: 0

-------------------------

----------------
TTYPES
true or false
true or false
true or false
true or false

PROGS

LOCAL_COUNT: 115
GLOBAL_COUNT: 114

BASE_AFTER:
(begin
  (send
    (lvar :arg0) :count=
    (send
      (hole 0 {:hash_depth=>0, :limit_depth=>true, :recv=>true}) :id=
      (hole 0 {:hash_depth=>0, :method_arg=>true})))
  (false))
BASETYPE: true or false
SIZE WORK_LIST: 241
SIZE generated: 4
EVALUABLE#: 3

-------------------------

----------------
TTYPES
true or false

PROGS

LOCAL_COUNT: 116
GLOBAL_COUNT: 115

BASE_AFTER:
(begin
  (send
    (lvar :arg0) :count=
    (send
      (hole 0 {:hash_depth=>0, :limit_depth=>true, :recv=>true}) :id))
  (false))
BASETYPE: true or false
SIZE WORK_LIST: 243
SIZE generated: 1
EVALUABLE#: 1

-------------------------

----------------
TTYPES
true or false
true or false
true or false
true or false

PROGS

LOCAL_COUNT: 117
GLOBAL_COUNT: 116

BASE_AFTER:
(begin
  (send
    (lvar :arg0) :count=
    (send
      (hole 0 {:hash_depth=>0, :limit_depth=>true, :recv=>true}) :diaspora_user_id=
      (hole 0 {:hash_depth=>0, :method_arg=>true})))
  (false))
BASETYPE: true or false
SIZE WORK_LIST: 243
SIZE generated: 4
EVALUABLE#: 3

-------------------------

----------------
TTYPES
true or false

PROGS

LOCAL_COUNT: 118
GLOBAL_COUNT: 117

BASE_AFTER:
(begin
  (send
    (lvar :arg0) :count=
    (send
      (hole 0 {:hash_depth=>0, :limit_depth=>true, :recv=>true}) :diaspora_user_id))
  (false))
BASETYPE: true or false
SIZE WORK_LIST: 245
SIZE generated: 1
EVALUABLE#: 1

-------------------------

----------------
TTYPES
true or false
true or false
true or false
true or false

PROGS

LOCAL_COUNT: 119
GLOBAL_COUNT: 118

BASE_AFTER:
(begin
  (send
    (lvar :arg0) :count=
    (send
      (hole 0 {:hash_depth=>0, :limit_depth=>true, :recv=>true}) :count=
      (hole 0 {:hash_depth=>0, :method_arg=>true})))
  (false))
BASETYPE: true or false
SIZE WORK_LIST: 244
SIZE generated: 4
EVALUABLE#: 3

-------------------------

----------------
TTYPES
true or false

PROGS

LOCAL_COUNT: 120
GLOBAL_COUNT: 119

BASE_AFTER:
(begin
  (send
    (lvar :arg0) :count=
    (begin
      (send
        (hole 0 {:hash_depth=>0, :limit_depth=>true, :recv=>true}) :count)))
  (false))
BASETYPE: true or false
SIZE WORK_LIST: 246
SIZE generated: 1
EVALUABLE#: 1

-------------------------

----------------
TTYPES
true or false

PROGS

LOCAL_COUNT: 122
GLOBAL_COUNT: 120

BASE_AFTER:
(begin
  (send
    (lvar :arg0) :diaspora_user=
    (send
      (hole 0 {:hash_depth=>0, :limit_depth=>true, :recv=>true}) :diaspora_user))
  (false))
BASETYPE: true or false
SIZE WORK_LIST: 245
SIZE generated: 1
EVALUABLE#: 1

-------------------------

----------------
TTYPES
true or false

PROGS

LOCAL_COUNT: 123
GLOBAL_COUNT: 121

BASE_AFTER:
(begin
  (send
    (lvar :arg0) :diaspora_user=
    (send
      (hole 0 {:hash_depth=>0, :limit_depth=>true, :recv=>true}) :diaspora_user=
      (hole 0 {:hash_depth=>0, :method_arg=>true})))
  (false))
BASETYPE: true or false
SIZE WORK_LIST: 245
SIZE generated: 1
EVALUABLE#: 0

-------------------------

----------------
TTYPES
Integer
Integer
Integer
Integer
Integer

PROGS

LOCAL_COUNT: 124
GLOBAL_COUNT: 122

BASE_AFTER:
(begin
  (send
    (lvar :arg0) :count=
    (send
      (hole 0 {:hash_depth=>0, :limit_depth=>true, :recv=>true}) :id=
      (hole 0 {:hash_depth=>0, :method_arg=>true})))
  (int 0))
BASETYPE: Integer
SIZE WORK_LIST: 245
SIZE generated: 5
EVALUABLE#: 4

-------------------------

----------------
TTYPES
Integer

PROGS

LOCAL_COUNT: 125
GLOBAL_COUNT: 123

BASE_AFTER:
(begin
  (send
    (lvar :arg0) :count=
    (send
      (hole 0 {:hash_depth=>0, :limit_depth=>true, :recv=>true}) :id))
  (int 0))
BASETYPE: Integer
SIZE WORK_LIST: 248
SIZE generated: 1
EVALUABLE#: 1

-------------------------

----------------
TTYPES
Integer
Integer
Integer
Integer
Integer

PROGS

LOCAL_COUNT: 126
GLOBAL_COUNT: 124

BASE_AFTER:
(begin
  (send
    (lvar :arg0) :count=
    (send
      (hole 0 {:hash_depth=>0, :limit_depth=>true, :recv=>true}) :diaspora_user_id=
      (hole 0 {:hash_depth=>0, :method_arg=>true})))
  (int 0))
BASETYPE: Integer
SIZE WORK_LIST: 248
SIZE generated: 5
EVALUABLE#: 4

-------------------------

----------------
TTYPES
Integer

PROGS

LOCAL_COUNT: 127
GLOBAL_COUNT: 125

BASE_AFTER:
(begin
  (send
    (lvar :arg0) :count=
    (send
      (hole 0 {:hash_depth=>0, :limit_depth=>true, :recv=>true}) :diaspora_user_id))
  (int 0))
BASETYPE: Integer
SIZE WORK_LIST: 251
SIZE generated: 1
EVALUABLE#: 1

-------------------------

----------------
TTYPES
Integer
Integer
Integer
Integer
Integer

PROGS

LOCAL_COUNT: 128
GLOBAL_COUNT: 126

BASE_AFTER:
(begin
  (send
    (lvar :arg0) :count=
    (send
      (hole 0 {:hash_depth=>0, :limit_depth=>true, :recv=>true}) :count=
      (hole 0 {:hash_depth=>0, :method_arg=>true})))
  (int 0))
BASETYPE: Integer
SIZE WORK_LIST: 250
SIZE generated: 5
EVALUABLE#: 4

-------------------------

----------------
TTYPES
Integer

PROGS

LOCAL_COUNT: 129
GLOBAL_COUNT: 127

BASE_AFTER:
(begin
  (send
    (lvar :arg0) :count=
    (begin
      (send
        (hole 0 {:hash_depth=>0, :limit_depth=>true, :recv=>true}) :count)))
  (int 0))
BASETYPE: Integer
SIZE WORK_LIST: 253
SIZE generated: 1
EVALUABLE#: 1

-------------------------

----------------
TTYPES
Integer

PROGS

LOCAL_COUNT: 131
GLOBAL_COUNT: 128

BASE_AFTER:
(begin
  (send
    (lvar :arg0) :diaspora_user=
    (send
      (hole 0 {:hash_depth=>0, :limit_depth=>true, :recv=>true}) :diaspora_user))
  (int 0))
BASETYPE: Integer
SIZE WORK_LIST: 252
SIZE generated: 1
EVALUABLE#: 1

-------------------------

----------------
TTYPES
Integer

PROGS

LOCAL_COUNT: 132
GLOBAL_COUNT: 129

BASE_AFTER:
(begin
  (send
    (lvar :arg0) :diaspora_user=
    (send
      (hole 0 {:hash_depth=>0, :limit_depth=>true, :recv=>true}) :diaspora_user=
      (hole 0 {:hash_depth=>0, :method_arg=>true})))
  (int 0))
BASETYPE: Integer
SIZE WORK_LIST: 252
SIZE generated: 1
EVALUABLE#: 0

-------------------------

----------------
TTYPES
Integer
Integer
Integer
Integer
Integer

PROGS

LOCAL_COUNT: 133
GLOBAL_COUNT: 130

BASE_AFTER:
(begin
  (send
    (lvar :arg0) :count=
    (send
      (hole 0 {:hash_depth=>0, :limit_depth=>true, :recv=>true}) :id=
      (hole 0 {:hash_depth=>0, :method_arg=>true})))
  (int 1))
BASETYPE: Integer
SIZE WORK_LIST: 252
SIZE generated: 5
EVALUABLE#: 4

-------------------------

----------------
TTYPES
Integer

PROGS

LOCAL_COUNT: 134
GLOBAL_COUNT: 131

BASE_AFTER:
(begin
  (send
    (lvar :arg0) :count=
    (send
      (hole 0 {:hash_depth=>0, :limit_depth=>true, :recv=>true}) :id))
  (int 1))
BASETYPE: Integer
SIZE WORK_LIST: 255
SIZE generated: 1
EVALUABLE#: 1

-------------------------

----------------
TTYPES
Integer
Integer
Integer
Integer
Integer

PROGS

LOCAL_COUNT: 135
GLOBAL_COUNT: 132

BASE_AFTER:
(begin
  (send
    (lvar :arg0) :count=
    (send
      (hole 0 {:hash_depth=>0, :limit_depth=>true, :recv=>true}) :diaspora_user_id=
      (hole 0 {:hash_depth=>0, :method_arg=>true})))
  (int 1))
BASETYPE: Integer
SIZE WORK_LIST: 255
SIZE generated: 5
EVALUABLE#: 4

-------------------------

----------------
TTYPES
Integer

PROGS

LOCAL_COUNT: 136
GLOBAL_COUNT: 133

BASE_AFTER:
(begin
  (send
    (lvar :arg0) :count=
    (send
      (hole 0 {:hash_depth=>0, :limit_depth=>true, :recv=>true}) :diaspora_user_id))
  (int 1))
BASETYPE: Integer
SIZE WORK_LIST: 258
SIZE generated: 1
EVALUABLE#: 1

-------------------------

----------------
TTYPES
Integer
Integer
Integer
Integer
Integer

PROGS

LOCAL_COUNT: 137
GLOBAL_COUNT: 134

BASE_AFTER:
(begin
  (send
    (lvar :arg0) :count=
    (send
      (hole 0 {:hash_depth=>0, :limit_depth=>true, :recv=>true}) :count=
      (hole 0 {:hash_depth=>0, :method_arg=>true})))
  (int 1))
BASETYPE: Integer
SIZE WORK_LIST: 257
SIZE generated: 5
EVALUABLE#: 4

-------------------------

----------------
TTYPES
Integer

PROGS

LOCAL_COUNT: 138
GLOBAL_COUNT: 135

BASE_AFTER:
(begin
  (send
    (lvar :arg0) :count=
    (begin
      (send
        (hole 0 {:hash_depth=>0, :limit_depth=>true, :recv=>true}) :count)))
  (int 1))
BASETYPE: Integer
SIZE WORK_LIST: 260
SIZE generated: 1
EVALUABLE#: 1

-------------------------

----------------
TTYPES
Integer

PROGS

LOCAL_COUNT: 140
GLOBAL_COUNT: 136

BASE_AFTER:
(begin
  (send
    (lvar :arg0) :diaspora_user=
    (send
      (hole 0 {:hash_depth=>0, :limit_depth=>true, :recv=>true}) :diaspora_user))
  (int 1))
BASETYPE: Integer
SIZE WORK_LIST: 259
SIZE generated: 1
EVALUABLE#: 1

-------------------------

----------------
TTYPES
Integer

PROGS

LOCAL_COUNT: 141
GLOBAL_COUNT: 137

BASE_AFTER:
(begin
  (send
    (lvar :arg0) :diaspora_user=
    (send
      (hole 0 {:hash_depth=>0, :limit_depth=>true, :recv=>true}) :diaspora_user=
      (hole 0 {:hash_depth=>0, :method_arg=>true})))
  (int 1))
BASETYPE: Integer
SIZE WORK_LIST: 259
SIZE generated: 1
EVALUABLE#: 0

-------------------------

----------------
TTYPES
Integer
Integer
Integer
Integer
Integer

PROGS

LOCAL_COUNT: 142
GLOBAL_COUNT: 138

BASE_AFTER:
(begin
  (send
    (lvar :arg0) :count=
    (send
      (hole 0 {:hash_depth=>0, :limit_depth=>true, :recv=>true}) :id=
      (hole 0 {:hash_depth=>0, :method_arg=>true})))
  (int 2))
BASETYPE: Integer
SIZE WORK_LIST: 259
SIZE generated: 5
EVALUABLE#: 4

-------------------------

----------------
TTYPES
Integer

PROGS

LOCAL_COUNT: 143
GLOBAL_COUNT: 139

BASE_AFTER:
(begin
  (send
    (lvar :arg0) :count=
    (send
      (hole 0 {:hash_depth=>0, :limit_depth=>true, :recv=>true}) :id))
  (int 2))
BASETYPE: Integer
SIZE WORK_LIST: 261
SIZE generated: 1
EVALUABLE#: 1

-------------------------

----------------
TTYPES
Integer
Integer
Integer
Integer
Integer

PROGS

LOCAL_COUNT: 144
GLOBAL_COUNT: 140

BASE_AFTER:
(begin
  (send
    (lvar :arg0) :count=
    (send
      (hole 0 {:hash_depth=>0, :limit_depth=>true, :recv=>true}) :diaspora_user_id=
      (hole 0 {:hash_depth=>0, :method_arg=>true})))
  (int 2))
BASETYPE: Integer
SIZE WORK_LIST: 261
SIZE generated: 5
EVALUABLE#: 4

-------------------------

----------------
TTYPES
Integer

PROGS

LOCAL_COUNT: 145
GLOBAL_COUNT: 141

BASE_AFTER:
(begin
  (send
    (lvar :arg0) :count=
    (send
      (hole 0 {:hash_depth=>0, :limit_depth=>true, :recv=>true}) :diaspora_user_id))
  (int 2))
BASETYPE: Integer
SIZE WORK_LIST: 263
SIZE generated: 1
EVALUABLE#: 1

-------------------------

----------------
TTYPES
Integer
Integer
Integer
Integer
Integer

PROGS

LOCAL_COUNT: 146
GLOBAL_COUNT: 142

BASE_AFTER:
(begin
  (send
    (lvar :arg0) :count=
    (send
      (hole 0 {:hash_depth=>0, :limit_depth=>true, :recv=>true}) :count=
      (hole 0 {:hash_depth=>0, :method_arg=>true})))
  (int 2))
BASETYPE: Integer
SIZE WORK_LIST: 262
SIZE generated: 5
EVALUABLE#: 4

-------------------------

----------------
TTYPES
Integer

PROGS

LOCAL_COUNT: 147
GLOBAL_COUNT: 143

BASE_AFTER:
(begin
  (send
    (lvar :arg0) :count=
    (begin
      (send
        (hole 0 {:hash_depth=>0, :limit_depth=>true, :recv=>true}) :count)))
  (int 2))
BASETYPE: Integer
SIZE WORK_LIST: 264
SIZE generated: 1
EVALUABLE#: 1

-------------------------

----------------
TTYPES
Integer

PROGS

LOCAL_COUNT: 149
GLOBAL_COUNT: 144

BASE_AFTER:
(begin
  (send
    (lvar :arg0) :diaspora_user=
    (send
      (hole 0 {:hash_depth=>0, :limit_depth=>true, :recv=>true}) :diaspora_user))
  (int 2))
BASETYPE: Integer
SIZE WORK_LIST: 263
SIZE generated: 1
EVALUABLE#: 1

-------------------------

----------------
TTYPES
Integer

PROGS

LOCAL_COUNT: 150
GLOBAL_COUNT: 145

BASE_AFTER:
(begin
  (send
    (lvar :arg0) :diaspora_user=
    (send
      (hole 0 {:hash_depth=>0, :limit_depth=>true, :recv=>true}) :diaspora_user=
      (hole 0 {:hash_depth=>0, :method_arg=>true})))
  (int 2))
BASETYPE: Integer
SIZE WORK_LIST: 263
SIZE generated: 1
EVALUABLE#: 0

-------------------------

----------------
TTYPES
true or false
true or false
Integer
Integer
Integer
String
%bot

PROGS

LOCAL_COUNT: 1
GLOBAL_COUNT: 146

BASE_AFTER:
(filled-hole
  (true)
  (false)
  (int 0)
  (int 1)
  (int 2)
  (str "")
  (hole 1 {:hash_depth=>0, :method_arg=>false, :variance=>:-}) {:method_arg=>false})
BASETYPE: %bot
SIZE WORK_LIST: 0
SIZE generated: 7
EVALUABLE#: 6

-------------------------

----------------
TTYPES
true or false
true or false

PROGS

LOCAL_COUNT: 2
GLOBAL_COUNT: 147

BASE_AFTER:
(true)
BASETYPE: true or false
SIZE WORK_LIST: 6
SIZE generated: 2
EVALUABLE#: 0

-------------------------

----------------
TTYPES
true or false
true or false

PROGS

LOCAL_COUNT: 3
GLOBAL_COUNT: 148

BASE_AFTER:
(false)
BASETYPE: true or false
SIZE WORK_LIST: 7
SIZE generated: 2
EVALUABLE#: 0

-------------------------

----------------
TTYPES
Integer
Integer

PROGS

LOCAL_COUNT: 4
GLOBAL_COUNT: 149

BASE_AFTER:
(int 0)
BASETYPE: Integer
SIZE WORK_LIST: 8
SIZE generated: 2
EVALUABLE#: 0

-------------------------

----------------
TTYPES
Integer
Integer

PROGS

LOCAL_COUNT: 5
GLOBAL_COUNT: 150

BASE_AFTER:
(int 1)
BASETYPE: Integer
SIZE WORK_LIST: 9
SIZE generated: 2
EVALUABLE#: 0

-------------------------

----------------
TTYPES
Integer
Integer

PROGS

LOCAL_COUNT: 6
GLOBAL_COUNT: 151

BASE_AFTER:
(int 2)
BASETYPE: Integer
SIZE WORK_LIST: 10
SIZE generated: 2
EVALUABLE#: 0

-------------------------

----------------
TTYPES
String
String

PROGS

LOCAL_COUNT: 7
GLOBAL_COUNT: 152

BASE_AFTER:
(str "")
BASETYPE: String
SIZE WORK_LIST: 11
SIZE generated: 2
EVALUABLE#: 0

-------------------------

----------------
TTYPES
%bot

PROGS

LOCAL_COUNT: 8
GLOBAL_COUNT: 153

BASE_AFTER:
(filled-hole
  (hole 2 {:hash_depth=>0, :method_arg=>false, :variance=>:-}) {:method_arg=>false})
BASETYPE: %bot
SIZE WORK_LIST: 12
SIZE generated: 1
EVALUABLE#: 0

-------------------------

----------------
TTYPES
true or false
true or false
true or false
true or false

PROGS

LOCAL_COUNT: 9
GLOBAL_COUNT: 154

BASE_AFTER:
(begin
  (send
    (hole 0 {:hash_depth=>0, :limit_depth=>true, :recv=>true}) :count=
    (hole 0 {:hash_depth=>0, :method_arg=>true}))
  (true))
BASETYPE: true or false
SIZE WORK_LIST: 12
SIZE generated: 4
EVALUABLE#: 3

-------------------------

----------------
TTYPES
true or false

PROGS

LOCAL_COUNT: 1
GLOBAL_COUNT: 155

BASE_AFTER:
(filled-hole
  (hole 1 {:hash_depth=>0, :method_arg=>false, :variance=>:+}) {:method_arg=>false})
BASETYPE: true or false
SIZE WORK_LIST: 0
SIZE generated: 1
EVALUABLE#: 0

-------------------------

----------------
TTYPES
true or false
true or false

PROGS

LOCAL_COUNT: 2
GLOBAL_COUNT: 156

BASE_AFTER:
(filled-hole
  (begin
    (send
      (hole 0 {:hash_depth=>0, :limit_depth=>true, :recv=>true}) :-
      (hole 0 {:hash_depth=>0, :method_arg=>true})))
  (begin
    (send
      (hole 0 {:hash_depth=>0, :limit_depth=>true, :recv=>true}) :save))
  (begin
    (send
      (hole 0 {:hash_depth=>0, :limit_depth=>true, :recv=>true}) :count))
  (begin
    (send
      (hole 0 {:hash_depth=>0, :limit_depth=>true, :recv=>true}) :-
      (hole 0 {:hash_depth=>0, :method_arg=>true})))
  (begin
    (send
      (hole 0 {:hash_depth=>0, :limit_depth=>true, :recv=>true}) :save))
  (hole 2 {:hash_depth=>0, :method_arg=>false, :variance=>:+}) {:method_arg=>false})
BASETYPE: true or false
SIZE WORK_LIST: 0
SIZE generated: 2
EVALUABLE#: 0

-------------------------

----------------
TTYPES
true or false

PROGS

LOCAL_COUNT: 3
GLOBAL_COUNT: 157

BASE_AFTER:
(begin
  (send
    (filled-hole
      (lvar InvitationCode(id: integer, token: string, diaspora_user_id: integer, count: integer)) {:method_arg=>false}) :save))
BASETYPE: true or false
SIZE WORK_LIST: 1
SIZE generated: 1
EVALUABLE#: 1

-------------------------

----------------
TTYPES
Integer
true or false
Integer
true or false
true or false
true or false
Integer
true or false
Integer
true or false
Integer
true or false
Integer
true or false
true or false
true or false
true or false
true or false
true or false
true or false
true or false
true or false
true or false
true or false
true or false
true or false
true or false
true or false
true or false
true or false
true or false
true or false
true or false
true or false
true or false
true or false
Integer
true or false
true or false
true or false
true or false
true or false
true or false
true or false
true or false
true or false
true or false
true or false
true or false
true or false
true or false
true or false
true or false
true or false
true or false
true or false
true or false
true or false
true or false
Integer
true or false
true or false

PROGS

LOCAL_COUNT: 4
GLOBAL_COUNT: 158

BASE_AFTER:
(filled-hole
  (begin
    (send
      (send
        (hole 0 {:hash_depth=>0, :limit_depth=>true, :recv=>true}) :id=
        (hole 0 {:hash_depth=>0, :method_arg=>true})) :-
      (hole 0 {:hash_depth=>0, :method_arg=>true})))
  (begin
    (send
      (send
        (hole 0 {:hash_depth=>0, :limit_depth=>true, :recv=>true}) :id=
        (hole 0 {:hash_depth=>0, :method_arg=>true})) :-
      (hole 0 {:hash_depth=>0, :method_arg=>true})))
  (begin
    (send
      (send
        (hole 0 {:hash_depth=>0, :limit_depth=>true, :recv=>true}) :id=
        (hole 0 {:hash_depth=>0, :method_arg=>true})) :-
      (hole 0 {:hash_depth=>0, :method_arg=>true})))
  (begin
    (send
      (send
        (hole 0 {:hash_depth=>0, :limit_depth=>true, :recv=>true}) :id=
        (hole 0 {:hash_depth=>0, :method_arg=>true})) :count))
  (begin
    (send
      (send
        (hole 0 {:hash_depth=>0, :limit_depth=>true, :recv=>true}) :id=
        (hole 0 {:hash_depth=>0, :method_arg=>true})) :save))
  (begin
    (send
      (send
        (hole 0 {:hash_depth=>0, :limit_depth=>true, :recv=>true}) :id) :-
      (hole 0 {:hash_depth=>0, :method_arg=>true})))
  (begin
    (send
      (send
        (hole 0 {:hash_depth=>0, :limit_depth=>true, :recv=>true}) :id) :-
      (hole 0 {:hash_depth=>0, :method_arg=>true})))
  (begin
    (send
      (send
        (hole 0 {:hash_depth=>0, :limit_depth=>true, :recv=>true}) :id) :-
      (hole 0 {:hash_depth=>0, :method_arg=>true})))
  (begin
    (send
      (send
        (hole 0 {:hash_depth=>0, :limit_depth=>true, :recv=>true}) :id) :count))
  (begin
    (send
      (send
        (hole 0 {:hash_depth=>0, :limit_depth=>true, :recv=>true}) :id) :save))
  (begin
    (send
      (send
        (hole 0 {:hash_depth=>0, :limit_depth=>true, :recv=>true}) :token=
        (hole 0 {:hash_depth=>0, :method_arg=>true})) :count))
  (begin
    (send
      (send
        (hole 0 {:hash_depth=>0, :limit_depth=>true, :recv=>true}) :token=
        (hole 0 {:hash_depth=>0, :method_arg=>true})) :-
      (hole 0 {:hash_depth=>0, :method_arg=>true})))
  (begin
    (send
      (send
        (hole 0 {:hash_depth=>0, :limit_depth=>true, :recv=>true}) :token=
        (hole 0 {:hash_depth=>0, :method_arg=>true})) :save))
  (begin
    (send
      (send
        (hole 0 {:hash_depth=>0, :limit_depth=>true, :recv=>true}) :token) :count))
  (begin
    (send
      (send
        (hole 0 {:hash_depth=>0, :limit_depth=>true, :recv=>true}) :token) :-
      (hole 0 {:hash_depth=>0, :method_arg=>true})))
  (begin
    (send
      (send
        (hole 0 {:hash_depth=>0, :limit_depth=>true, :recv=>true}) :token) :save))
  (begin
    (send
      (send
        (hole 0 {:hash_depth=>0, :limit_depth=>true, :recv=>true}) :diaspora_user_id=
        (hole 0 {:hash_depth=>0, :method_arg=>true})) :-
      (hole 0 {:hash_depth=>0, :method_arg=>true})))
  (begin
    (send
      (send
        (hole 0 {:hash_depth=>0, :limit_depth=>true, :recv=>true}) :diaspora_user_id=
        (hole 0 {:hash_depth=>0, :method_arg=>true})) :-
      (hole 0 {:hash_depth=>0, :method_arg=>true})))
  (begin
    (send
      (send
        (hole 0 {:hash_depth=>0, :limit_depth=>true, :recv=>true}) :diaspora_user_id=
        (hole 0 {:hash_depth=>0, :method_arg=>true})) :-
      (hole 0 {:hash_depth=>0, :method_arg=>true})))
  (begin
    (send
      (send
        (hole 0 {:hash_depth=>0, :limit_depth=>true, :recv=>true}) :diaspora_user_id=
        (hole 0 {:hash_depth=>0, :method_arg=>true})) :count))
  (begin
    (send
      (send
        (hole 0 {:hash_depth=>0, :limit_depth=>true, :recv=>true}) :diaspora_user_id=
        (hole 0 {:hash_depth=>0, :method_arg=>true})) :save))
  (begin
    (send
      (send
        (hole 0 {:hash_depth=>0, :limit_depth=>true, :recv=>true}) :diaspora_user_id) :-
      (hole 0 {:hash_depth=>0, :method_arg=>true})))
  (begin
    (send
      (send
        (hole 0 {:hash_depth=>0, :limit_depth=>true, :recv=>true}) :diaspora_user_id) :-
      (hole 0 {:hash_depth=>0, :method_arg=>true})))
  (begin
    (send
      (send
        (hole 0 {:hash_depth=>0, :limit_depth=>true, :recv=>true}) :diaspora_user_id) :-
      (hole 0 {:hash_depth=>0, :method_arg=>true})))
  (begin
    (send
      (send
        (hole 0 {:hash_depth=>0, :limit_depth=>true, :recv=>true}) :diaspora_user_id) :count))
  (begin
    (send
      (send
        (hole 0 {:hash_depth=>0, :limit_depth=>true, :recv=>true}) :diaspora_user_id) :save))
  (begin
    (send
      (send
        (hole 0 {:hash_depth=>0, :limit_depth=>true, :recv=>true}) :count=
        (hole 0 {:hash_depth=>0, :method_arg=>true})) :-
      (hole 0 {:hash_depth=>0, :method_arg=>true})))
  (begin
    (send
      (send
        (hole 0 {:hash_depth=>0, :limit_depth=>true, :recv=>true}) :count=
        (hole 0 {:hash_depth=>0, :method_arg=>true})) :-
      (hole 0 {:hash_depth=>0, :method_arg=>true})))
  (begin
    (send
      (send
        (hole 0 {:hash_depth=>0, :limit_depth=>true, :recv=>true}) :count=
        (hole 0 {:hash_depth=>0, :method_arg=>true})) :-
      (hole 0 {:hash_depth=>0, :method_arg=>true})))
  (begin
    (send
      (send
        (hole 0 {:hash_depth=>0, :limit_depth=>true, :recv=>true}) :count=
        (hole 0 {:hash_depth=>0, :method_arg=>true})) :count))
  (begin
    (send
      (send
        (hole 0 {:hash_depth=>0, :limit_depth=>true, :recv=>true}) :count=
        (hole 0 {:hash_depth=>0, :method_arg=>true})) :save))
  (begin
    (send
      (begin
        (send
          (hole 0 {:hash_depth=>0, :limit_depth=>true, :recv=>true}) :count)) :-
      (hole 0 {:hash_depth=>0, :method_arg=>true})))
  (begin
    (send
      (begin
        (send
          (hole 0 {:hash_depth=>0, :limit_depth=>true, :recv=>true}) :count)) :-
      (hole 0 {:hash_depth=>0, :method_arg=>true})))
  (begin
    (send
      (begin
        (send
          (hole 0 {:hash_depth=>0, :limit_depth=>true, :recv=>true}) :count)) :-
      (hole 0 {:hash_depth=>0, :method_arg=>true})))
  (begin
    (send
      (begin
        (send
          (hole 0 {:hash_depth=>0, :limit_depth=>true, :recv=>true}) :count)) :-
      (hole 0 {:hash_depth=>0, :method_arg=>true})))
  (begin
    (send
      (begin
        (send
          (hole 0 {:hash_depth=>0, :limit_depth=>true, :recv=>true}) :count)) :-
      (hole 0 {:hash_depth=>0, :method_arg=>true})))
  (begin
    (send
      (begin
        (send
          (hole 0 {:hash_depth=>0, :limit_depth=>true, :recv=>true}) :count)) :-
      (hole 0 {:hash_depth=>0, :method_arg=>true})))
  (begin
    (send
      (begin
        (send
          (hole 0 {:hash_depth=>0, :limit_depth=>true, :recv=>true}) :count)) :-
      (hole 0 {:hash_depth=>0, :method_arg=>true})))
  (begin
    (send
      (begin
        (send
          (hole 0 {:hash_depth=>0, :limit_depth=>true, :recv=>true}) :count)) :-
      (hole 0 {:hash_depth=>0, :method_arg=>true})))
  (begin
    (send
      (begin
        (send
          (hole 0 {:hash_depth=>0, :limit_depth=>true, :recv=>true}) :count)) :-
      (hole 0 {:hash_depth=>0, :method_arg=>true})))
  (begin
    (send
      (begin
        (send
          (hole 0 {:hash_depth=>0, :limit_depth=>true, :recv=>true}) :count)) :count))
  (begin
    (send
      (begin
        (send
          (hole 0 {:hash_depth=>0, :limit_depth=>true, :recv=>true}) :count)) :count))
  (begin
    (send
      (begin
        (send
          (hole 0 {:hash_depth=>0, :limit_depth=>true, :recv=>true}) :count)) :count))
  (begin
    (send
      (begin
        (send
          (hole 0 {:hash_depth=>0, :limit_depth=>true, :recv=>true}) :count)) :save))
  (begin
    (send
      (begin
        (send
          (hole 0 {:hash_depth=>0, :limit_depth=>true, :recv=>true}) :count)) :save))
  (begin
    (send
      (begin
        (send
          (hole 0 {:hash_depth=>0, :limit_depth=>true, :recv=>true}) :count)) :save))
  (begin
    (send
      (send
        (hole 0 {:hash_depth=>0, :limit_depth=>true, :recv=>true}) :diaspora_user) :count))
  (begin
    (send
      (send
        (hole 0 {:hash_depth=>0, :limit_depth=>true, :recv=>true}) :diaspora_user) :-
      (hole 0 {:hash_depth=>0, :method_arg=>true})))
  (begin
    (send
      (send
        (hole 0 {:hash_depth=>0, :limit_depth=>true, :recv=>true}) :diaspora_user) :save))
  (begin
    (send
      (send
        (hole 0 {:hash_depth=>0, :limit_depth=>true, :recv=>true}) :diaspora_user=
        (hole 0 {:hash_depth=>0, :method_arg=>true})) :count))
  (begin
    (send
      (send
        (hole 0 {:hash_depth=>0, :limit_depth=>true, :recv=>true}) :diaspora_user=
        (hole 0 {:hash_depth=>0, :method_arg=>true})) :-
      (hole 0 {:hash_depth=>0, :method_arg=>true})))
  (begin
    (send
      (send
        (hole 0 {:hash_depth=>0, :limit_depth=>true, :recv=>true}) :diaspora_user=
        (hole 0 {:hash_depth=>0, :method_arg=>true})) :save))
  (send
    (begin
      (send
        (hole 0 {:hash_depth=>0, :limit_depth=>true, :recv=>true}) :-
        (hole 0 {:hash_depth=>0, :method_arg=>true}))) :confirmed=
    (hole 0 {:hash_depth=>0, :method_arg=>true}))
  (send
    (begin
      (send
        (hole 0 {:hash_depth=>0, :limit_depth=>true, :recv=>true}) :-
        (hole 0 {:hash_depth=>0, :method_arg=>true}))) :confirmed)
  (send
    (begin
      (send
        (hole 0 {:hash_depth=>0, :limit_depth=>true, :recv=>true}) :-
        (hole 0 {:hash_depth=>0, :method_arg=>true}))) :expired=
    (hole 0 {:hash_depth=>0, :method_arg=>true}))
  (send
    (begin
      (send
        (hole 0 {:hash_depth=>0, :limit_depth=>true, :recv=>true}) :-
        (hole 0 {:hash_depth=>0, :method_arg=>true}))) :expired)
  (send
    (begin
      (send
        (hole 0 {:hash_depth=>0, :limit_depth=>true, :recv=>true}) :-
        (hole 0 {:hash_depth=>0, :method_arg=>true}))) :discoverable=
    (hole 0 {:hash_depth=>0, :method_arg=>true}))
  (send
    (begin
      (send
        (hole 0 {:hash_depth=>0, :limit_depth=>true, :recv=>true}) :-
        (hole 0 {:hash_depth=>0, :method_arg=>true}))) :discoverable)
  (send
    (begin
      (send
        (hole 0 {:hash_depth=>0, :limit_depth=>true, :recv=>true}) :-
        (hole 0 {:hash_depth=>0, :method_arg=>true}))) :scheduled_check=
    (hole 0 {:hash_depth=>0, :method_arg=>true}))
  (send
    (begin
      (send
        (hole 0 {:hash_depth=>0, :limit_depth=>true, :recv=>true}) :-
        (hole 0 {:hash_depth=>0, :method_arg=>true}))) :scheduled_check)
  (send
    (begin
      (send
        (hole 0 {:hash_depth=>0, :limit_depth=>true, :recv=>true}) :-
        (hole 0 {:hash_depth=>0, :method_arg=>true}))) :otp_required_for_login=
    (hole 0 {:hash_depth=>0, :method_arg=>true}))
  (send
    (begin
      (send
        (hole 0 {:hash_depth=>0, :limit_depth=>true, :recv=>true}) :-
        (hole 0 {:hash_depth=>0, :method_arg=>true}))) :otp_required_for_login)
  (send
    (begin
      (send
        (hole 0 {:hash_depth=>0, :limit_depth=>true, :recv=>true}) :-
        (hole 0 {:hash_depth=>0, :method_arg=>true}))) :admin=
    (hole 0 {:hash_depth=>0, :method_arg=>true}))
  (send
    (begin
      (send
        (hole 0 {:hash_depth=>0, :limit_depth=>true, :recv=>true}) :-
        (hole 0 {:hash_depth=>0, :method_arg=>true}))) :admin)
  (send
    (begin
      (send
        (hole 0 {:hash_depth=>0, :limit_depth=>true, :recv=>true}) :-
        (hole 0 {:hash_depth=>0, :method_arg=>true}))) :staged=
    (hole 0 {:hash_depth=>0, :method_arg=>true}))
  (send
    (begin
      (send
        (hole 0 {:hash_depth=>0, :limit_depth=>true, :recv=>true}) :-
        (hole 0 {:hash_depth=>0, :method_arg=>true}))) :staged)
  (send
    (begin
      (send
        (hole 0 {:hash_depth=>0, :limit_depth=>true, :recv=>true}) :-
        (hole 0 {:hash_depth=>0, :method_arg=>true}))) :active=
    (hole 0 {:hash_depth=>0, :method_arg=>true}))
  (send
    (begin
      (send
        (hole 0 {:hash_depth=>0, :limit_depth=>true, :recv=>true}) :-
        (hole 0 {:hash_depth=>0, :method_arg=>true}))) :active)
  (send
    (begin
      (send
        (hole 0 {:hash_depth=>0, :limit_depth=>true, :recv=>true}) :-
        (hole 0 {:hash_depth=>0, :method_arg=>true}))) :primary=
    (hole 0 {:hash_depth=>0, :method_arg=>true}))
  (send
    (begin
      (send
        (hole 0 {:hash_depth=>0, :limit_depth=>true, :recv=>true}) :-
        (hole 0 {:hash_depth=>0, :method_arg=>true}))) :primary)
  (send
    (begin
      (send
        (hole 0 {:hash_depth=>0, :limit_depth=>true, :recv=>true}) :-
        (hole 0 {:hash_depth=>0, :method_arg=>true}))) :moderator=
    (hole 0 {:hash_depth=>0, :method_arg=>true}))
  (send
    (begin
      (send
        (hole 0 {:hash_depth=>0, :limit_depth=>true, :recv=>true}) :-
        (hole 0 {:hash_depth=>0, :method_arg=>true}))) :moderator)
  (begin
    (send
      (begin
        (send
          (hole 0 {:hash_depth=>0, :limit_depth=>true, :recv=>true}) :-
          (hole 0 {:hash_depth=>0, :method_arg=>true}))) :-
      (hole 0 {:hash_depth=>0, :method_arg=>true})))
  (begin
    (send
      (begin
        (send
          (hole 0 {:hash_depth=>0, :limit_depth=>true, :recv=>true}) :-
          (hole 0 {:hash_depth=>0, :method_arg=>true}))) :-
      (hole 0 {:hash_depth=>0, :method_arg=>true})))
  (begin
    (send
      (begin
        (send
          (hole 0 {:hash_depth=>0, :limit_depth=>true, :recv=>true}) :-
          (hole 0 {:hash_depth=>0, :method_arg=>true}))) :-
      (hole 0 {:hash_depth=>0, :method_arg=>true})))
  (begin
    (send
      (begin
        (send
          (hole 0 {:hash_depth=>0, :limit_depth=>true, :recv=>true}) :-
          (hole 0 {:hash_depth=>0, :method_arg=>true}))) :save))
  (begin
    (send
      (begin
        (send
          (hole 0 {:hash_depth=>0, :limit_depth=>true, :recv=>true}) :save)) :count))
  (begin
    (send
      (begin
        (send
          (hole 0 {:hash_depth=>0, :limit_depth=>true, :recv=>true}) :save)) :-
      (hole 0 {:hash_depth=>0, :method_arg=>true})))
  (begin
    (send
      (begin
        (send
          (hole 0 {:hash_depth=>0, :limit_depth=>true, :recv=>true}) :save)) :save))
  (send
    (begin
      (send
        (hole 0 {:hash_depth=>0, :limit_depth=>true, :recv=>true}) :count)) :confirmed=
    (hole 0 {:hash_depth=>0, :method_arg=>true}))
  (send
    (begin
      (send
        (hole 0 {:hash_depth=>0, :limit_depth=>true, :recv=>true}) :count)) :confirmed)
  (send
    (begin
      (send
        (hole 0 {:hash_depth=>0, :limit_depth=>true, :recv=>true}) :count)) :expired=
    (hole 0 {:hash_depth=>0, :method_arg=>true}))
  (send
    (begin
      (send
        (hole 0 {:hash_depth=>0, :limit_depth=>true, :recv=>true}) :count)) :expired)
  (send
    (begin
      (send
        (hole 0 {:hash_depth=>0, :limit_depth=>true, :recv=>true}) :count)) :discoverable=
    (hole 0 {:hash_depth=>0, :method_arg=>true}))
  (send
    (begin
      (send
        (hole 0 {:hash_depth=>0, :limit_depth=>true, :recv=>true}) :count)) :discoverable)
  (send
    (begin
      (send
        (hole 0 {:hash_depth=>0, :limit_depth=>true, :recv=>true}) :count)) :scheduled_check=
    (hole 0 {:hash_depth=>0, :method_arg=>true}))
  (send
    (begin
      (send
        (hole 0 {:hash_depth=>0, :limit_depth=>true, :recv=>true}) :count)) :scheduled_check)
  (send
    (begin
      (send
        (hole 0 {:hash_depth=>0, :limit_depth=>true, :recv=>true}) :count)) :otp_required_for_login=
    (hole 0 {:hash_depth=>0, :method_arg=>true}))
  (send
    (begin
      (send
        (hole 0 {:hash_depth=>0, :limit_depth=>true, :recv=>true}) :count)) :otp_required_for_login)
  (send
    (begin
      (send
        (hole 0 {:hash_depth=>0, :limit_depth=>true, :recv=>true}) :count)) :admin=
    (hole 0 {:hash_depth=>0, :method_arg=>true}))
  (send
    (begin
      (send
        (hole 0 {:hash_depth=>0, :limit_depth=>true, :recv=>true}) :count)) :admin)
  (send
    (begin
      (send
        (hole 0 {:hash_depth=>0, :limit_depth=>true, :recv=>true}) :count)) :staged=
    (hole 0 {:hash_depth=>0, :method_arg=>true}))
  (send
    (begin
      (send
        (hole 0 {:hash_depth=>0, :limit_depth=>true, :recv=>true}) :count)) :staged)
  (send
    (begin
      (send
        (hole 0 {:hash_depth=>0, :limit_depth=>true, :recv=>true}) :count)) :active=
    (hole 0 {:hash_depth=>0, :method_arg=>true}))
  (send
    (begin
      (send
        (hole 0 {:hash_depth=>0, :limit_depth=>true, :recv=>true}) :count)) :active)
  (send
    (begin
      (send
        (hole 0 {:hash_depth=>0, :limit_depth=>true, :recv=>true}) :count)) :primary=
    (hole 0 {:hash_depth=>0, :method_arg=>true}))
  (send
    (begin
      (send
        (hole 0 {:hash_depth=>0, :limit_depth=>true, :recv=>true}) :count)) :primary)
  (send
    (begin
      (send
        (hole 0 {:hash_depth=>0, :limit_depth=>true, :recv=>true}) :count)) :moderator=
    (hole 0 {:hash_depth=>0, :method_arg=>true}))
  (send
    (begin
      (send
        (hole 0 {:hash_depth=>0, :limit_depth=>true, :recv=>true}) :count)) :moderator)
  (begin
    (send
      (begin
        (send
          (hole 0 {:hash_depth=>0, :limit_depth=>true, :recv=>true}) :count)) :-
      (hole 0 {:hash_depth=>0, :method_arg=>true})))
  (begin
    (send
      (begin
        (send
          (hole 0 {:hash_depth=>0, :limit_depth=>true, :recv=>true}) :count)) :-
      (hole 0 {:hash_depth=>0, :method_arg=>true})))
  (begin
    (send
      (begin
        (send
          (hole 0 {:hash_depth=>0, :limit_depth=>true, :recv=>true}) :count)) :-
      (hole 0 {:hash_depth=>0, :method_arg=>true})))
  (begin
    (send
      (begin
        (send
          (hole 0 {:hash_depth=>0, :limit_depth=>true, :recv=>true}) :count)) :save))
  (send
    (begin
      (send
        (hole 0 {:hash_depth=>0, :limit_depth=>true, :recv=>true}) :-
        (hole 0 {:hash_depth=>0, :method_arg=>true}))) :confirmed=
    (hole 0 {:hash_depth=>0, :method_arg=>true}))
  (send
    (begin
      (send
        (hole 0 {:hash_depth=>0, :limit_depth=>true, :recv=>true}) :-
        (hole 0 {:hash_depth=>0, :method_arg=>true}))) :confirmed)
  (send
    (begin
      (send
        (hole 0 {:hash_depth=>0, :limit_depth=>true, :recv=>true}) :-
        (hole 0 {:hash_depth=>0, :method_arg=>true}))) :expired=
    (hole 0 {:hash_depth=>0, :method_arg=>true}))
  (send
    (begin
      (send
        (hole 0 {:hash_depth=>0, :limit_depth=>true, :recv=>true}) :-
        (hole 0 {:hash_depth=>0, :method_arg=>true}))) :expired)
  (send
    (begin
      (send
        (hole 0 {:hash_depth=>0, :limit_depth=>true, :recv=>true}) :-
        (hole 0 {:hash_depth=>0, :method_arg=>true}))) :discoverable=
    (hole 0 {:hash_depth=>0, :method_arg=>true}))
  (send
    (begin
      (send
        (hole 0 {:hash_depth=>0, :limit_depth=>true, :recv=>true}) :-
        (hole 0 {:hash_depth=>0, :method_arg=>true}))) :discoverable)
  (send
    (begin
      (send
        (hole 0 {:hash_depth=>0, :limit_depth=>true, :recv=>true}) :-
        (hole 0 {:hash_depth=>0, :method_arg=>true}))) :scheduled_check=
    (hole 0 {:hash_depth=>0, :method_arg=>true}))
  (send
    (begin
      (send
        (hole 0 {:hash_depth=>0, :limit_depth=>true, :recv=>true}) :-
        (hole 0 {:hash_depth=>0, :method_arg=>true}))) :scheduled_check)
  (send
    (begin
      (send
        (hole 0 {:hash_depth=>0, :limit_depth=>true, :recv=>true}) :-
        (hole 0 {:hash_depth=>0, :method_arg=>true}))) :otp_required_for_login=
    (hole 0 {:hash_depth=>0, :method_arg=>true}))
  (send
    (begin
      (send
        (hole 0 {:hash_depth=>0, :limit_depth=>true, :recv=>true}) :-
        (hole 0 {:hash_depth=>0, :method_arg=>true}))) :otp_required_for_login)
  (send
    (begin
      (send
        (hole 0 {:hash_depth=>0, :limit_depth=>true, :recv=>true}) :-
        (hole 0 {:hash_depth=>0, :method_arg=>true}))) :admin=
    (hole 0 {:hash_depth=>0, :method_arg=>true}))
  (send
    (begin
      (send
        (hole 0 {:hash_depth=>0, :limit_depth=>true, :recv=>true}) :-
        (hole 0 {:hash_depth=>0, :method_arg=>true}))) :admin)
  (send
    (begin
      (send
        (hole 0 {:hash_depth=>0, :limit_depth=>true, :recv=>true}) :-
        (hole 0 {:hash_depth=>0, :method_arg=>true}))) :staged=
    (hole 0 {:hash_depth=>0, :method_arg=>true}))
  (send
    (begin
      (send
        (hole 0 {:hash_depth=>0, :limit_depth=>true, :recv=>true}) :-
        (hole 0 {:hash_depth=>0, :method_arg=>true}))) :staged)
  (send
    (begin
      (send
        (hole 0 {:hash_depth=>0, :limit_depth=>true, :recv=>true}) :-
        (hole 0 {:hash_depth=>0, :method_arg=>true}))) :active=
    (hole 0 {:hash_depth=>0, :method_arg=>true}))
  (send
    (begin
      (send
        (hole 0 {:hash_depth=>0, :limit_depth=>true, :recv=>true}) :-
        (hole 0 {:hash_depth=>0, :method_arg=>true}))) :active)
  (send
    (begin
      (send
        (hole 0 {:hash_depth=>0, :limit_depth=>true, :recv=>true}) :-
        (hole 0 {:hash_depth=>0, :method_arg=>true}))) :primary=
    (hole 0 {:hash_depth=>0, :method_arg=>true}))
  (send
    (begin
      (send
        (hole 0 {:hash_depth=>0, :limit_depth=>true, :recv=>true}) :-
        (hole 0 {:hash_depth=>0, :method_arg=>true}))) :primary)
  (send
    (begin
      (send
        (hole 0 {:hash_depth=>0, :limit_depth=>true, :recv=>true}) :-
        (hole 0 {:hash_depth=>0, :method_arg=>true}))) :moderator=
    (hole 0 {:hash_depth=>0, :method_arg=>true}))
  (send
    (begin
      (send
        (hole 0 {:hash_depth=>0, :limit_depth=>true, :recv=>true}) :-
        (hole 0 {:hash_depth=>0, :method_arg=>true}))) :moderator)
  (begin
    (send
      (begin
        (send
          (hole 0 {:hash_depth=>0, :limit_depth=>true, :recv=>true}) :-
          (hole 0 {:hash_depth=>0, :method_arg=>true}))) :-
      (hole 0 {:hash_depth=>0, :method_arg=>true})))
  (begin
    (send
      (begin
        (send
          (hole 0 {:hash_depth=>0, :limit_depth=>true, :recv=>true}) :-
          (hole 0 {:hash_depth=>0, :method_arg=>true}))) :-
      (hole 0 {:hash_depth=>0, :method_arg=>true})))
  (begin
    (send
      (begin
        (send
          (hole 0 {:hash_depth=>0, :limit_depth=>true, :recv=>true}) :-
          (hole 0 {:hash_depth=>0, :method_arg=>true}))) :-
      (hole 0 {:hash_depth=>0, :method_arg=>true})))
  (begin
    (send
      (begin
        (send
          (hole 0 {:hash_depth=>0, :limit_depth=>true, :recv=>true}) :-
          (hole 0 {:hash_depth=>0, :method_arg=>true}))) :save))
  (begin
    (send
      (begin
        (send
          (hole 0 {:hash_depth=>0, :limit_depth=>true, :recv=>true}) :save)) :count))
  (begin
    (send
      (begin
        (send
          (hole 0 {:hash_depth=>0, :limit_depth=>true, :recv=>true}) :save)) :-
      (hole 0 {:hash_depth=>0, :method_arg=>true})))
  (begin
    (send
      (begin
        (send
          (hole 0 {:hash_depth=>0, :limit_depth=>true, :recv=>true}) :save)) :save))
  (hole 3 {:hash_depth=>0, :method_arg=>false, :variance=>:+}) {:method_arg=>false})
BASETYPE: true or false
SIZE WORK_LIST: 0
SIZE generated: 62
EVALUABLE#: 0

-------------------------

----------------
TTYPES
true or false
true or false
true or false

PROGS

LOCAL_COUNT: 5
GLOBAL_COUNT: 159

BASE_AFTER:
(send
  (begin
    (send
      (filled-hole
        (lvar InvitationCode(id: integer, token: string, diaspora_user_id: integer, count: integer)) {:method_arg=>false}) :count)) :confirmed=
  (filled-hole
    (true)
    (false)
    (hole 1 {:hash_depth=>0, :method_arg=>true, :variance=>:+}) {:method_arg=>true}))
BASETYPE: true or false
SIZE WORK_LIST: 61
SIZE generated: 3
EVALUABLE#: 2

-------------------------

----------------
TTYPES
true or false

PROGS

LOCAL_COUNT: 6
GLOBAL_COUNT: 160

BASE_AFTER:
(send
  (begin
    (send
      (filled-hole
        (lvar InvitationCode(id: integer, token: string, diaspora_user_id: integer, count: integer)) {:method_arg=>false}) :count)) :confirmed)
BASETYPE: true or false
SIZE WORK_LIST: 61
SIZE generated: 1
EVALUABLE#: 1

-------------------------

----------------
TTYPES
true or false
true or false
true or false

PROGS

LOCAL_COUNT: 7
GLOBAL_COUNT: 161

BASE_AFTER:
(send
  (begin
    (send
      (filled-hole
        (lvar InvitationCode(id: integer, token: string, diaspora_user_id: integer, count: integer)) {:method_arg=>false}) :count)) :expired=
  (filled-hole
    (true)
    (false)
    (hole 1 {:hash_depth=>0, :method_arg=>true, :variance=>:+}) {:method_arg=>true}))
BASETYPE: true or false
SIZE WORK_LIST: 60
SIZE generated: 3
EVALUABLE#: 2

-------------------------

----------------
TTYPES
true or false

PROGS

LOCAL_COUNT: 8
GLOBAL_COUNT: 162

BASE_AFTER:
(send
  (begin
    (send
      (filled-hole
        (lvar InvitationCode(id: integer, token: string, diaspora_user_id: integer, count: integer)) {:method_arg=>false}) :count)) :expired)
BASETYPE: true or false
SIZE WORK_LIST: 60
SIZE generated: 1
EVALUABLE#: 1

-------------------------

----------------
TTYPES
true or false
true or false
true or false

PROGS

LOCAL_COUNT: 9
GLOBAL_COUNT: 163

BASE_AFTER:
(send
  (begin
    (send
      (filled-hole
        (lvar InvitationCode(id: integer, token: string, diaspora_user_id: integer, count: integer)) {:method_arg=>false}) :count)) :discoverable=
  (filled-hole
    (true)
    (false)
    (hole 1 {:hash_depth=>0, :method_arg=>true, :variance=>:+}) {:method_arg=>true}))
BASETYPE: true or false
SIZE WORK_LIST: 59
SIZE generated: 3
EVALUABLE#: 2

-------------------------

----------------
TTYPES
true or false

PROGS

LOCAL_COUNT: 10
GLOBAL_COUNT: 164

BASE_AFTER:
(send
  (begin
    (send
      (filled-hole
        (lvar InvitationCode(id: integer, token: string, diaspora_user_id: integer, count: integer)) {:method_arg=>false}) :count)) :discoverable)
BASETYPE: true or false
SIZE WORK_LIST: 59
SIZE generated: 1
EVALUABLE#: 1

-------------------------

----------------
TTYPES
true or false
true or false
true or false

PROGS

LOCAL_COUNT: 11
GLOBAL_COUNT: 165

BASE_AFTER:
(send
  (begin
    (send
      (filled-hole
        (lvar InvitationCode(id: integer, token: string, diaspora_user_id: integer, count: integer)) {:method_arg=>false}) :count)) :scheduled_check=
  (filled-hole
    (true)
    (false)
    (hole 1 {:hash_depth=>0, :method_arg=>true, :variance=>:+}) {:method_arg=>true}))
BASETYPE: true or false
SIZE WORK_LIST: 58
SIZE generated: 3
EVALUABLE#: 2

-------------------------

----------------
TTYPES
true or false

PROGS

LOCAL_COUNT: 12
GLOBAL_COUNT: 166

BASE_AFTER:
(send
  (begin
    (send
      (filled-hole
        (lvar InvitationCode(id: integer, token: string, diaspora_user_id: integer, count: integer)) {:method_arg=>false}) :count)) :scheduled_check)
BASETYPE: true or false
SIZE WORK_LIST: 58
SIZE generated: 1
EVALUABLE#: 1

-------------------------

----------------
TTYPES
true or false
true or false
true or false

PROGS

LOCAL_COUNT: 13
GLOBAL_COUNT: 167

BASE_AFTER:
(send
  (begin
    (send
      (filled-hole
        (lvar InvitationCode(id: integer, token: string, diaspora_user_id: integer, count: integer)) {:method_arg=>false}) :count)) :otp_required_for_login=
  (filled-hole
    (true)
    (false)
    (hole 1 {:hash_depth=>0, :method_arg=>true, :variance=>:+}) {:method_arg=>true}))
BASETYPE: true or false
SIZE WORK_LIST: 57
SIZE generated: 3
EVALUABLE#: 2

-------------------------

----------------
TTYPES
true or false

PROGS

LOCAL_COUNT: 14
GLOBAL_COUNT: 168

BASE_AFTER:
(send
  (begin
    (send
      (filled-hole
        (lvar InvitationCode(id: integer, token: string, diaspora_user_id: integer, count: integer)) {:method_arg=>false}) :count)) :otp_required_for_login)
BASETYPE: true or false
SIZE WORK_LIST: 57
SIZE generated: 1
EVALUABLE#: 1

-------------------------

----------------
TTYPES
true or false
true or false
true or false

PROGS

LOCAL_COUNT: 15
GLOBAL_COUNT: 169

BASE_AFTER:
(send
  (begin
    (send
      (filled-hole
        (lvar InvitationCode(id: integer, token: string, diaspora_user_id: integer, count: integer)) {:method_arg=>false}) :count)) :admin=
  (filled-hole
    (true)
    (false)
    (hole 1 {:hash_depth=>0, :method_arg=>true, :variance=>:+}) {:method_arg=>true}))
BASETYPE: true or false
SIZE WORK_LIST: 56
SIZE generated: 3
EVALUABLE#: 2

-------------------------

----------------
TTYPES
true or false

PROGS

LOCAL_COUNT: 16
GLOBAL_COUNT: 170

BASE_AFTER:
(send
  (begin
    (send
      (filled-hole
        (lvar InvitationCode(id: integer, token: string, diaspora_user_id: integer, count: integer)) {:method_arg=>false}) :count)) :admin)
BASETYPE: true or false
SIZE WORK_LIST: 56
SIZE generated: 1
EVALUABLE#: 1

-------------------------

----------------
TTYPES
true or false
true or false
true or false

PROGS

LOCAL_COUNT: 17
GLOBAL_COUNT: 171

BASE_AFTER:
(send
  (begin
    (send
      (filled-hole
        (lvar InvitationCode(id: integer, token: string, diaspora_user_id: integer, count: integer)) {:method_arg=>false}) :count)) :staged=
  (filled-hole
    (true)
    (false)
    (hole 1 {:hash_depth=>0, :method_arg=>true, :variance=>:+}) {:method_arg=>true}))
BASETYPE: true or false
SIZE WORK_LIST: 55
SIZE generated: 3
EVALUABLE#: 2

-------------------------

----------------
TTYPES
true or false

PROGS

LOCAL_COUNT: 18
GLOBAL_COUNT: 172

BASE_AFTER:
(send
  (begin
    (send
      (filled-hole
        (lvar InvitationCode(id: integer, token: string, diaspora_user_id: integer, count: integer)) {:method_arg=>false}) :count)) :staged)
BASETYPE: true or false
SIZE WORK_LIST: 55
SIZE generated: 1
EVALUABLE#: 1

-------------------------

----------------
TTYPES
true or false
true or false
true or false

PROGS

LOCAL_COUNT: 19
GLOBAL_COUNT: 173

BASE_AFTER:
(send
  (begin
    (send
      (filled-hole
        (lvar InvitationCode(id: integer, token: string, diaspora_user_id: integer, count: integer)) {:method_arg=>false}) :count)) :active=
  (filled-hole
    (true)
    (false)
    (hole 1 {:hash_depth=>0, :method_arg=>true, :variance=>:+}) {:method_arg=>true}))
BASETYPE: true or false
SIZE WORK_LIST: 54
SIZE generated: 3
EVALUABLE#: 2

-------------------------

----------------
TTYPES
true or false

PROGS

LOCAL_COUNT: 20
GLOBAL_COUNT: 174

BASE_AFTER:
(send
  (begin
    (send
      (filled-hole
        (lvar InvitationCode(id: integer, token: string, diaspora_user_id: integer, count: integer)) {:method_arg=>false}) :count)) :active)
BASETYPE: true or false
SIZE WORK_LIST: 54
SIZE generated: 1
EVALUABLE#: 1

-------------------------

----------------
TTYPES
true or false
true or false
true or false

PROGS

LOCAL_COUNT: 21
GLOBAL_COUNT: 175

BASE_AFTER:
(send
  (begin
    (send
      (filled-hole
        (lvar InvitationCode(id: integer, token: string, diaspora_user_id: integer, count: integer)) {:method_arg=>false}) :count)) :primary=
  (filled-hole
    (true)
    (false)
    (hole 1 {:hash_depth=>0, :method_arg=>true, :variance=>:+}) {:method_arg=>true}))
BASETYPE: true or false
SIZE WORK_LIST: 53
SIZE generated: 3
EVALUABLE#: 2

-------------------------

----------------
TTYPES
true or false

PROGS

LOCAL_COUNT: 22
GLOBAL_COUNT: 176

BASE_AFTER:
(send
  (begin
    (send
      (filled-hole
        (lvar InvitationCode(id: integer, token: string, diaspora_user_id: integer, count: integer)) {:method_arg=>false}) :count)) :primary)
BASETYPE: true or false
SIZE WORK_LIST: 53
SIZE generated: 1
EVALUABLE#: 1

-------------------------

----------------
TTYPES
true or false
true or false
true or false

PROGS

LOCAL_COUNT: 23
GLOBAL_COUNT: 177

BASE_AFTER:
(send
  (begin
    (send
      (filled-hole
        (lvar InvitationCode(id: integer, token: string, diaspora_user_id: integer, count: integer)) {:method_arg=>false}) :count)) :moderator=
  (filled-hole
    (true)
    (false)
    (hole 1 {:hash_depth=>0, :method_arg=>true, :variance=>:+}) {:method_arg=>true}))
BASETYPE: true or false
SIZE WORK_LIST: 52
SIZE generated: 3
EVALUABLE#: 2

-------------------------

----------------
TTYPES
true or false

PROGS

LOCAL_COUNT: 24
GLOBAL_COUNT: 178

BASE_AFTER:
(send
  (begin
    (send
      (filled-hole
        (lvar InvitationCode(id: integer, token: string, diaspora_user_id: integer, count: integer)) {:method_arg=>false}) :count)) :moderator)
BASETYPE: true or false
SIZE WORK_LIST: 52
SIZE generated: 1
EVALUABLE#: 1

-------------------------

----------------
TTYPES
Integer
Integer
Integer
Integer

PROGS

LOCAL_COUNT: 25
GLOBAL_COUNT: 179

BASE_AFTER:
(begin
  (send
    (begin
      (send
        (filled-hole
          (lvar InvitationCode(id: integer, token: string, diaspora_user_id: integer, count: integer)) {:method_arg=>false}) :count)) :-
    (filled-hole
      (int 0)
      (int 1)
      (int 2)
      (hole 1 {:hash_depth=>0, :method_arg=>true, :variance=>:+}) {:method_arg=>true})))
BASETYPE: Integer
SIZE WORK_LIST: 51
SIZE generated: 4
EVALUABLE#: 3

-------------------------

----------------
TTYPES
Integer
Integer
Integer
Integer
Integer
Integer
Integer
Integer
Integer
Integer
Integer
Integer
Integer
Integer
Integer
Integer

PROGS

LOCAL_COUNT: 26
GLOBAL_COUNT: 180

BASE_AFTER:
(begin
  (send
    (send
      (filled-hole
        (lvar :arg0) {:method_arg=>false}) :id=
      (filled-hole
        (int 0)
        (int 1)
        (int 2)
        (hole 1 {:hash_depth=>0, :method_arg=>true, :variance=>:+}) {:method_arg=>true})) :-
    (filled-hole
      (int 0)
      (int 1)
      (int 2)
      (hole 1 {:hash_depth=>0, :method_arg=>true, :variance=>:+}) {:method_arg=>true})))
BASETYPE: Integer
SIZE WORK_LIST: 51
SIZE generated: 16
EVALUABLE#: 9

-------------------------

----------------
TTYPES
true or false
true or false
true or false
true or false

PROGS

LOCAL_COUNT: 27
GLOBAL_COUNT: 181

BASE_AFTER:
(begin
  (send
    (send
      (filled-hole
        (lvar :arg0) {:method_arg=>false}) :id=
      (filled-hole
        (int 0)
        (int 1)
        (int 2)
        (hole 1 {:hash_depth=>0, :method_arg=>true, :variance=>:+}) {:method_arg=>true})) :save))
BASETYPE: true or false
SIZE WORK_LIST: 57
SIZE generated: 4
EVALUABLE#: 3

-------------------------

----------------
TTYPES
Integer
Integer
Integer
Integer

PROGS

LOCAL_COUNT: 28
GLOBAL_COUNT: 182

BASE_AFTER:
(begin
  (send
    (send
      (filled-hole
        (lvar :arg0) {:method_arg=>false}) :id) :-
    (filled-hole
      (int 0)
      (int 1)
      (int 2)
      (hole 1 {:hash_depth=>0, :method_arg=>true, :variance=>:+}) {:method_arg=>true})))
BASETYPE: Integer
SIZE WORK_LIST: 57
SIZE generated: 4
EVALUABLE#: 3

-------------------------

----------------
TTYPES
true or false
true or false

PROGS

LOCAL_COUNT: 29
GLOBAL_COUNT: 183

BASE_AFTER:
(begin
  (send
    (send
      (filled-hole
        (lvar :arg0) {:method_arg=>false}) :token=
      (filled-hole
        (str "")
        (hole 1 {:hash_depth=>0, :method_arg=>true, :variance=>:+}) {:method_arg=>true})) :save))
BASETYPE: true or false
SIZE WORK_LIST: 57
SIZE generated: 2
EVALUABLE#: 1

-------------------------

----------------
TTYPES
Integer
Integer
Integer
Integer
Integer
Integer
Integer
Integer
Integer
Integer
Integer
Integer
Integer
Integer
Integer
Integer

PROGS

LOCAL_COUNT: 30
GLOBAL_COUNT: 184

BASE_AFTER:
(begin
  (send
    (send
      (filled-hole
        (lvar :arg0) {:method_arg=>false}) :diaspora_user_id=
      (filled-hole
        (int 0)
        (int 1)
        (int 2)
        (hole 1 {:hash_depth=>0, :method_arg=>true, :variance=>:+}) {:method_arg=>true})) :-
    (filled-hole
      (int 0)
      (int 1)
      (int 2)
      (hole 1 {:hash_depth=>0, :method_arg=>true, :variance=>:+}) {:method_arg=>true})))
BASETYPE: Integer
SIZE WORK_LIST: 57
SIZE generated: 16
EVALUABLE#: 9

-------------------------

----------------
TTYPES
Integer
Integer
Integer
Integer

PROGS

LOCAL_COUNT: 31
GLOBAL_COUNT: 185

BASE_AFTER:
(begin
  (send
    (send
      (filled-hole
        (lvar :arg0) {:method_arg=>false}) :diaspora_user_id) :-
    (filled-hole
      (int 0)
      (int 1)
      (int 2)
      (hole 1 {:hash_depth=>0, :method_arg=>true, :variance=>:+}) {:method_arg=>true})))
BASETYPE: Integer
SIZE WORK_LIST: 63
SIZE generated: 4
EVALUABLE#: 3

-------------------------

----------------
TTYPES
Integer
Integer
Integer
Integer
Integer
Integer
Integer
Integer
Integer
Integer
Integer
Integer
Integer
Integer
Integer
Integer

PROGS

LOCAL_COUNT: 32
GLOBAL_COUNT: 186

BASE_AFTER:
(begin
  (send
    (send
      (filled-hole
        (lvar :arg0) {:method_arg=>false}) :count=
      (filled-hole
        (int 0)
        (int 1)
        (int 2)
        (hole 1 {:hash_depth=>0, :method_arg=>true, :variance=>:+}) {:method_arg=>true})) :-
    (filled-hole
      (int 0)
      (int 1)
      (int 2)
      (hole 1 {:hash_depth=>0, :method_arg=>true, :variance=>:+}) {:method_arg=>true})))
BASETYPE: Integer
SIZE WORK_LIST: 63
SIZE generated: 16
EVALUABLE#: 9

-------------------------

----------------
TTYPES
Integer
Integer
Integer
Integer

PROGS

LOCAL_COUNT: 33
GLOBAL_COUNT: 187

BASE_AFTER:
(begin
  (send
    (begin
      (send
        (filled-hole
          (lvar :arg0) {:method_arg=>false}) :count)) :-
    (filled-hole
      (int 0)
      (int 1)
      (int 2)
      (hole 1 {:hash_depth=>0, :method_arg=>true, :variance=>:+}) {:method_arg=>true})))
BASETYPE: Integer
SIZE WORK_LIST: 69
SIZE generated: 4
EVALUABLE#: 3

-------------------------

----------------
TTYPES
true or false

PROGS

LOCAL_COUNT: 34
GLOBAL_COUNT: 188

BASE_AFTER:
(begin
  (send
    (send
      (filled-hole
        (lvar :arg0) {:method_arg=>false}) :diaspora_user) :save))
BASETYPE: true or false
SIZE WORK_LIST: 69
SIZE generated: 1
EVALUABLE#: 1

-------------------------

----------------
TTYPES
true or false

PROGS

LOCAL_COUNT: 35
GLOBAL_COUNT: 189

BASE_AFTER:
(begin
  (send
    (send
      (filled-hole
        (lvar :arg0) {:method_arg=>false}) :diaspora_user=
      (filled-hole
        (hole 1 {:hash_depth=>0, :method_arg=>true, :variance=>:+}) {:method_arg=>true})) :save))
BASETYPE: true or false
SIZE WORK_LIST: 68
SIZE generated: 1
EVALUABLE#: 0

-------------------------

----------------
TTYPES
true or false
true or false
true or false
true or false

PROGS

LOCAL_COUNT: 36
GLOBAL_COUNT: 190

BASE_AFTER:
(send
  (begin
    (send
      (lvar InvitationCode(id: integer, token: string, diaspora_user_id: integer, count: integer)) :count)) :confirmed=
  (filled-hole
    (begin
      (send
        (hole 0 {:hash_depth=>0, :limit_depth=>true, :recv=>true}) :-
        (hole 0 {:hash_depth=>0, :method_arg=>true})))
    (begin
      (send
        (hole 0 {:hash_depth=>0, :limit_depth=>true, :recv=>true}) :save))
    (begin
      (send
        (hole 0 {:hash_depth=>0, :limit_depth=>true, :recv=>true}) :count))
    (begin
      (send
        (hole 0 {:hash_depth=>0, :limit_depth=>true, :recv=>true}) :-
        (hole 0 {:hash_depth=>0, :method_arg=>true})))
    (begin
      (send
        (hole 0 {:hash_depth=>0, :limit_depth=>true, :recv=>true}) :save))
    (hole 2 {:hash_depth=>0, :method_arg=>true, :variance=>:+}) {:method_arg=>true}))
BASETYPE: true or false
SIZE WORK_LIST: 68
SIZE generated: 4
EVALUABLE#: 0

-------------------------

----------------
TTYPES
true or false

PROGS

LOCAL_COUNT: 37
GLOBAL_COUNT: 191

BASE_AFTER:
(send
  (begin
    (send
      (lvar InvitationCode(id: integer, token: string, diaspora_user_id: integer, count: integer)) :count)) :confirmed=
  (begin
    (send
      (filled-hole
        (lvar InvitationCode(id: integer, token: string, diaspora_user_id: integer, count: integer)) {:method_arg=>false}) :count)))
BASETYPE: true or false
SIZE WORK_LIST: 71
SIZE generated: 1
EVALUABLE#: 1

-------------------------

----------------
TTYPES
true or false
true or false
true or false
true or false

PROGS

LOCAL_COUNT: 38
GLOBAL_COUNT: 192

BASE_AFTER:
(send
  (begin
    (send
      (lvar InvitationCode(id: integer, token: string, diaspora_user_id: integer, count: integer)) :count)) :expired=
  (filled-hole
    (begin
      (send
        (hole 0 {:hash_depth=>0, :limit_depth=>true, :recv=>true}) :-
        (hole 0 {:hash_depth=>0, :method_arg=>true})))
    (begin
      (send
        (hole 0 {:hash_depth=>0, :limit_depth=>true, :recv=>true}) :save))
    (begin
      (send
        (hole 0 {:hash_depth=>0, :limit_depth=>true, :recv=>true}) :count))
    (begin
      (send
        (hole 0 {:hash_depth=>0, :limit_depth=>true, :recv=>true}) :-
        (hole 0 {:hash_depth=>0, :method_arg=>true})))
    (begin
      (send
        (hole 0 {:hash_depth=>0, :limit_depth=>true, :recv=>true}) :save))
    (hole 2 {:hash_depth=>0, :method_arg=>true, :variance=>:+}) {:method_arg=>true}))
BASETYPE: true or false
SIZE WORK_LIST: 70
SIZE generated: 4
EVALUABLE#: 0

-------------------------

----------------
TTYPES
true or false

PROGS

LOCAL_COUNT: 39
GLOBAL_COUNT: 193

BASE_AFTER:
(send
  (begin
    (send
      (lvar InvitationCode(id: integer, token: string, diaspora_user_id: integer, count: integer)) :count)) :expired=
  (begin
    (send
      (filled-hole
        (lvar InvitationCode(id: integer, token: string, diaspora_user_id: integer, count: integer)) {:method_arg=>false}) :count)))
BASETYPE: true or false
SIZE WORK_LIST: 73
SIZE generated: 1
EVALUABLE#: 1

-------------------------

----------------
TTYPES
true or false
true or false
true or false
true or false

PROGS

LOCAL_COUNT: 40
GLOBAL_COUNT: 194

BASE_AFTER:
(send
  (begin
    (send
      (lvar InvitationCode(id: integer, token: string, diaspora_user_id: integer, count: integer)) :count)) :discoverable=
  (filled-hole
    (begin
      (send
        (hole 0 {:hash_depth=>0, :limit_depth=>true, :recv=>true}) :-
        (hole 0 {:hash_depth=>0, :method_arg=>true})))
    (begin
      (send
        (hole 0 {:hash_depth=>0, :limit_depth=>true, :recv=>true}) :save))
    (begin
      (send
        (hole 0 {:hash_depth=>0, :limit_depth=>true, :recv=>true}) :count))
    (begin
      (send
        (hole 0 {:hash_depth=>0, :limit_depth=>true, :recv=>true}) :-
        (hole 0 {:hash_depth=>0, :method_arg=>true})))
    (begin
      (send
        (hole 0 {:hash_depth=>0, :limit_depth=>true, :recv=>true}) :save))
    (hole 2 {:hash_depth=>0, :method_arg=>true, :variance=>:+}) {:method_arg=>true}))
BASETYPE: true or false
SIZE WORK_LIST: 72
SIZE generated: 4
EVALUABLE#: 0

-------------------------

----------------
TTYPES
true or false

PROGS

LOCAL_COUNT: 41
GLOBAL_COUNT: 195

BASE_AFTER:
(send
  (begin
    (send
      (lvar InvitationCode(id: integer, token: string, diaspora_user_id: integer, count: integer)) :count)) :discoverable=
  (begin
    (send
      (filled-hole
        (lvar InvitationCode(id: integer, token: string, diaspora_user_id: integer, count: integer)) {:method_arg=>false}) :count)))
BASETYPE: true or false
SIZE WORK_LIST: 75
SIZE generated: 1
EVALUABLE#: 1

-------------------------

----------------
TTYPES
true or false
true or false
true or false
true or false

PROGS

LOCAL_COUNT: 42
GLOBAL_COUNT: 196

BASE_AFTER:
(send
  (begin
    (send
      (lvar InvitationCode(id: integer, token: string, diaspora_user_id: integer, count: integer)) :count)) :scheduled_check=
  (filled-hole
    (begin
      (send
        (hole 0 {:hash_depth=>0, :limit_depth=>true, :recv=>true}) :-
        (hole 0 {:hash_depth=>0, :method_arg=>true})))
    (begin
      (send
        (hole 0 {:hash_depth=>0, :limit_depth=>true, :recv=>true}) :save))
    (begin
      (send
        (hole 0 {:hash_depth=>0, :limit_depth=>true, :recv=>true}) :count))
    (begin
      (send
        (hole 0 {:hash_depth=>0, :limit_depth=>true, :recv=>true}) :-
        (hole 0 {:hash_depth=>0, :method_arg=>true})))
    (begin
      (send
        (hole 0 {:hash_depth=>0, :limit_depth=>true, :recv=>true}) :save))
    (hole 2 {:hash_depth=>0, :method_arg=>true, :variance=>:+}) {:method_arg=>true}))
BASETYPE: true or false
SIZE WORK_LIST: 74
SIZE generated: 4
EVALUABLE#: 0

-------------------------

----------------
TTYPES
true or false

PROGS

LOCAL_COUNT: 43
GLOBAL_COUNT: 197

BASE_AFTER:
(send
  (begin
    (send
      (lvar InvitationCode(id: integer, token: string, diaspora_user_id: integer, count: integer)) :count)) :scheduled_check=
  (begin
    (send
      (filled-hole
        (lvar InvitationCode(id: integer, token: string, diaspora_user_id: integer, count: integer)) {:method_arg=>false}) :count)))
BASETYPE: true or false
SIZE WORK_LIST: 77
SIZE generated: 1
EVALUABLE#: 1

-------------------------

----------------
TTYPES
true or false
true or false
true or false
true or false

PROGS

LOCAL_COUNT: 44
GLOBAL_COUNT: 198

BASE_AFTER:
(send
  (begin
    (send
      (lvar InvitationCode(id: integer, token: string, diaspora_user_id: integer, count: integer)) :count)) :otp_required_for_login=
  (filled-hole
    (begin
      (send
        (hole 0 {:hash_depth=>0, :limit_depth=>true, :recv=>true}) :-
        (hole 0 {:hash_depth=>0, :method_arg=>true})))
    (begin
      (send
        (hole 0 {:hash_depth=>0, :limit_depth=>true, :recv=>true}) :save))
    (begin
      (send
        (hole 0 {:hash_depth=>0, :limit_depth=>true, :recv=>true}) :count))
    (begin
      (send
        (hole 0 {:hash_depth=>0, :limit_depth=>true, :recv=>true}) :-
        (hole 0 {:hash_depth=>0, :method_arg=>true})))
    (begin
      (send
        (hole 0 {:hash_depth=>0, :limit_depth=>true, :recv=>true}) :save))
    (hole 2 {:hash_depth=>0, :method_arg=>true, :variance=>:+}) {:method_arg=>true}))
BASETYPE: true or false
SIZE WORK_LIST: 76
SIZE generated: 4
EVALUABLE#: 0

-------------------------

----------------
TTYPES
true or false

PROGS

LOCAL_COUNT: 45
GLOBAL_COUNT: 199

BASE_AFTER:
(send
  (begin
    (send
      (lvar InvitationCode(id: integer, token: string, diaspora_user_id: integer, count: integer)) :count)) :otp_required_for_login=
  (begin
    (send
      (filled-hole
        (lvar InvitationCode(id: integer, token: string, diaspora_user_id: integer, count: integer)) {:method_arg=>false}) :count)))
BASETYPE: true or false
SIZE WORK_LIST: 79
SIZE generated: 1
EVALUABLE#: 1

-------------------------

----------------
TTYPES
true or false
true or false
true or false
true or false

PROGS

LOCAL_COUNT: 46
GLOBAL_COUNT: 200

BASE_AFTER:
(send
  (begin
    (send
      (lvar InvitationCode(id: integer, token: string, diaspora_user_id: integer, count: integer)) :count)) :admin=
  (filled-hole
    (begin
      (send
        (hole 0 {:hash_depth=>0, :limit_depth=>true, :recv=>true}) :-
        (hole 0 {:hash_depth=>0, :method_arg=>true})))
    (begin
      (send
        (hole 0 {:hash_depth=>0, :limit_depth=>true, :recv=>true}) :save))
    (begin
      (send
        (hole 0 {:hash_depth=>0, :limit_depth=>true, :recv=>true}) :count))
    (begin
      (send
        (hole 0 {:hash_depth=>0, :limit_depth=>true, :recv=>true}) :-
        (hole 0 {:hash_depth=>0, :method_arg=>true})))
    (begin
      (send
        (hole 0 {:hash_depth=>0, :limit_depth=>true, :recv=>true}) :save))
    (hole 2 {:hash_depth=>0, :method_arg=>true, :variance=>:+}) {:method_arg=>true}))
BASETYPE: true or false
SIZE WORK_LIST: 78
SIZE generated: 4
EVALUABLE#: 0

-------------------------

----------------
TTYPES
true or false

PROGS

LOCAL_COUNT: 47
GLOBAL_COUNT: 201

BASE_AFTER:
(send
  (begin
    (send
      (lvar InvitationCode(id: integer, token: string, diaspora_user_id: integer, count: integer)) :count)) :admin=
  (begin
    (send
      (filled-hole
        (lvar InvitationCode(id: integer, token: string, diaspora_user_id: integer, count: integer)) {:method_arg=>false}) :count)))
BASETYPE: true or false
SIZE WORK_LIST: 81
SIZE generated: 1
EVALUABLE#: 1

-------------------------

----------------
TTYPES
true or false
true or false
true or false
true or false

PROGS

LOCAL_COUNT: 48
GLOBAL_COUNT: 202

BASE_AFTER:
(send
  (begin
    (send
      (lvar InvitationCode(id: integer, token: string, diaspora_user_id: integer, count: integer)) :count)) :staged=
  (filled-hole
    (begin
      (send
        (hole 0 {:hash_depth=>0, :limit_depth=>true, :recv=>true}) :-
        (hole 0 {:hash_depth=>0, :method_arg=>true})))
    (begin
      (send
        (hole 0 {:hash_depth=>0, :limit_depth=>true, :recv=>true}) :save))
    (begin
      (send
        (hole 0 {:hash_depth=>0, :limit_depth=>true, :recv=>true}) :count))
    (begin
      (send
        (hole 0 {:hash_depth=>0, :limit_depth=>true, :recv=>true}) :-
        (hole 0 {:hash_depth=>0, :method_arg=>true})))
    (begin
      (send
        (hole 0 {:hash_depth=>0, :limit_depth=>true, :recv=>true}) :save))
    (hole 2 {:hash_depth=>0, :method_arg=>true, :variance=>:+}) {:method_arg=>true}))
BASETYPE: true or false
SIZE WORK_LIST: 80
SIZE generated: 4
EVALUABLE#: 0

-------------------------

----------------
TTYPES
true or false

PROGS

LOCAL_COUNT: 49
GLOBAL_COUNT: 203

BASE_AFTER:
(send
  (begin
    (send
      (lvar InvitationCode(id: integer, token: string, diaspora_user_id: integer, count: integer)) :count)) :staged=
  (begin
    (send
      (filled-hole
        (lvar InvitationCode(id: integer, token: string, diaspora_user_id: integer, count: integer)) {:method_arg=>false}) :count)))
BASETYPE: true or false
SIZE WORK_LIST: 83
SIZE generated: 1
EVALUABLE#: 1

-------------------------

----------------
TTYPES
true or false
true or false
true or false
true or false

PROGS

LOCAL_COUNT: 50
GLOBAL_COUNT: 204

BASE_AFTER:
(send
  (begin
    (send
      (lvar InvitationCode(id: integer, token: string, diaspora_user_id: integer, count: integer)) :count)) :active=
  (filled-hole
    (begin
      (send
        (hole 0 {:hash_depth=>0, :limit_depth=>true, :recv=>true}) :-
        (hole 0 {:hash_depth=>0, :method_arg=>true})))
    (begin
      (send
        (hole 0 {:hash_depth=>0, :limit_depth=>true, :recv=>true}) :save))
    (begin
      (send
        (hole 0 {:hash_depth=>0, :limit_depth=>true, :recv=>true}) :count))
    (begin
      (send
        (hole 0 {:hash_depth=>0, :limit_depth=>true, :recv=>true}) :-
        (hole 0 {:hash_depth=>0, :method_arg=>true})))
    (begin
      (send
        (hole 0 {:hash_depth=>0, :limit_depth=>true, :recv=>true}) :save))
    (hole 2 {:hash_depth=>0, :method_arg=>true, :variance=>:+}) {:method_arg=>true}))
BASETYPE: true or false
SIZE WORK_LIST: 82
SIZE generated: 4
EVALUABLE#: 0

-------------------------

----------------
TTYPES
true or false

PROGS

LOCAL_COUNT: 51
GLOBAL_COUNT: 205

BASE_AFTER:
(send
  (begin
    (send
      (lvar InvitationCode(id: integer, token: string, diaspora_user_id: integer, count: integer)) :count)) :active=
  (begin
    (send
      (filled-hole
        (lvar InvitationCode(id: integer, token: string, diaspora_user_id: integer, count: integer)) {:method_arg=>false}) :count)))
BASETYPE: true or false
SIZE WORK_LIST: 85
SIZE generated: 1
EVALUABLE#: 1

-------------------------

----------------
TTYPES
true or false
true or false
true or false
true or false

PROGS

LOCAL_COUNT: 52
GLOBAL_COUNT: 206

BASE_AFTER:
(send
  (begin
    (send
      (lvar InvitationCode(id: integer, token: string, diaspora_user_id: integer, count: integer)) :count)) :primary=
  (filled-hole
    (begin
      (send
        (hole 0 {:hash_depth=>0, :limit_depth=>true, :recv=>true}) :-
        (hole 0 {:hash_depth=>0, :method_arg=>true})))
    (begin
      (send
        (hole 0 {:hash_depth=>0, :limit_depth=>true, :recv=>true}) :save))
    (begin
      (send
        (hole 0 {:hash_depth=>0, :limit_depth=>true, :recv=>true}) :count))
    (begin
      (send
        (hole 0 {:hash_depth=>0, :limit_depth=>true, :recv=>true}) :-
        (hole 0 {:hash_depth=>0, :method_arg=>true})))
    (begin
      (send
        (hole 0 {:hash_depth=>0, :limit_depth=>true, :recv=>true}) :save))
    (hole 2 {:hash_depth=>0, :method_arg=>true, :variance=>:+}) {:method_arg=>true}))
BASETYPE: true or false
SIZE WORK_LIST: 84
SIZE generated: 4
EVALUABLE#: 0

-------------------------

----------------
TTYPES
true or false

PROGS

LOCAL_COUNT: 53
GLOBAL_COUNT: 207

BASE_AFTER:
(send
  (begin
    (send
      (lvar InvitationCode(id: integer, token: string, diaspora_user_id: integer, count: integer)) :count)) :primary=
  (begin
    (send
      (filled-hole
        (lvar InvitationCode(id: integer, token: string, diaspora_user_id: integer, count: integer)) {:method_arg=>false}) :count)))
BASETYPE: true or false
SIZE WORK_LIST: 87
SIZE generated: 1
EVALUABLE#: 1

-------------------------

----------------
TTYPES
true or false
true or false
true or false
true or false

PROGS

LOCAL_COUNT: 54
GLOBAL_COUNT: 208

BASE_AFTER:
(send
  (begin
    (send
      (lvar InvitationCode(id: integer, token: string, diaspora_user_id: integer, count: integer)) :count)) :moderator=
  (filled-hole
    (begin
      (send
        (hole 0 {:hash_depth=>0, :limit_depth=>true, :recv=>true}) :-
        (hole 0 {:hash_depth=>0, :method_arg=>true})))
    (begin
      (send
        (hole 0 {:hash_depth=>0, :limit_depth=>true, :recv=>true}) :save))
    (begin
      (send
        (hole 0 {:hash_depth=>0, :limit_depth=>true, :recv=>true}) :count))
    (begin
      (send
        (hole 0 {:hash_depth=>0, :limit_depth=>true, :recv=>true}) :-
        (hole 0 {:hash_depth=>0, :method_arg=>true})))
    (begin
      (send
        (hole 0 {:hash_depth=>0, :limit_depth=>true, :recv=>true}) :save))
    (hole 2 {:hash_depth=>0, :method_arg=>true, :variance=>:+}) {:method_arg=>true}))
BASETYPE: true or false
SIZE WORK_LIST: 86
SIZE generated: 4
EVALUABLE#: 0

-------------------------

----------------
TTYPES
true or false

PROGS

LOCAL_COUNT: 55
GLOBAL_COUNT: 209

BASE_AFTER:
(send
  (begin
    (send
      (lvar InvitationCode(id: integer, token: string, diaspora_user_id: integer, count: integer)) :count)) :moderator=
  (begin
    (send
      (filled-hole
        (lvar InvitationCode(id: integer, token: string, diaspora_user_id: integer, count: integer)) {:method_arg=>false}) :count)))
BASETYPE: true or false
SIZE WORK_LIST: 89
SIZE generated: 1
EVALUABLE#: 1

-------------------------

----------------
TTYPES
Integer
Integer
Integer
Integer
Integer
Integer
Integer
Integer
Integer

PROGS

LOCAL_COUNT: 56
GLOBAL_COUNT: 210

BASE_AFTER:
(begin
  (send
    (begin
      (send
        (lvar InvitationCode(id: integer, token: string, diaspora_user_id: integer, count: integer)) :count)) :-
    (filled-hole
      (send
        (hole 0 {:hash_depth=>0, :limit_depth=>true, :recv=>true}) :id=
        (hole 0 {:hash_depth=>0, :method_arg=>true}))
      (send
        (hole 0 {:hash_depth=>0, :limit_depth=>true, :recv=>true}) :id)
      (send
        (hole 0 {:hash_depth=>0, :limit_depth=>true, :recv=>true}) :diaspora_user_id=
        (hole 0 {:hash_depth=>0, :method_arg=>true}))
      (send
        (hole 0 {:hash_depth=>0, :limit_depth=>true, :recv=>true}) :diaspora_user_id)
      (send
        (hole 0 {:hash_depth=>0, :limit_depth=>true, :recv=>true}) :count=
        (hole 0 {:hash_depth=>0, :method_arg=>true}))
      (begin
        (send
          (hole 0 {:hash_depth=>0, :limit_depth=>true, :recv=>true}) :count))
      (begin
        (send
          (hole 0 {:hash_depth=>0, :limit_depth=>true, :recv=>true}) :count))
      (begin
        (send
          (hole 0 {:hash_depth=>0, :limit_depth=>true, :recv=>true}) :count))
      (begin
        (send
          (hole 0 {:hash_depth=>0, :limit_depth=>true, :recv=>true}) :-
          (hole 0 {:hash_depth=>0, :method_arg=>true})))
      (begin
        (send
          (hole 0 {:hash_depth=>0, :limit_depth=>true, :recv=>true}) :count))
      (begin
        (send
          (hole 0 {:hash_depth=>0, :limit_depth=>true, :recv=>true}) :-
          (hole 0 {:hash_depth=>0, :method_arg=>true})))
      (hole 2 {:hash_depth=>0, :method_arg=>true, :variance=>:+}) {:method_arg=>true})))
BASETYPE: Integer
SIZE WORK_LIST: 88
SIZE generated: 9
EVALUABLE#: 0

-------------------------

----------------
TTYPES
Integer

PROGS

LOCAL_COUNT: 57
GLOBAL_COUNT: 211

BASE_AFTER:
(begin
  (send
    (begin
      (send
        (lvar InvitationCode(id: integer, token: string, diaspora_user_id: integer, count: integer)) :count)) :-
    (begin
      (send
        (filled-hole
          (lvar InvitationCode(id: integer, token: string, diaspora_user_id: integer, count: integer)) {:method_arg=>false}) :count))))
BASETYPE: Integer
SIZE WORK_LIST: 96
SIZE generated: 1
EVALUABLE#: 1

-------------------------

----------------
TTYPES
Integer
Integer
Integer
Integer

PROGS

LOCAL_COUNT: 58
GLOBAL_COUNT: 212

BASE_AFTER:
(begin
  (send
    (begin
      (send
        (lvar InvitationCode(id: integer, token: string, diaspora_user_id: integer, count: integer)) :count)) :-
    (send
      (filled-hole
        (lvar :arg0) {:method_arg=>false}) :id=
      (filled-hole
        (int 0)
        (int 1)
        (int 2)
        (hole 1 {:hash_depth=>0, :method_arg=>true, :variance=>:+}) {:method_arg=>true}))))
BASETYPE: Integer
SIZE WORK_LIST: 95
SIZE generated: 4
EVALUABLE#: 3

-------------------------

----------------
TTYPES
Integer

PROGS

LOCAL_COUNT: 59
GLOBAL_COUNT: 213

BASE_AFTER:
(begin
  (send
    (begin
      (send
        (lvar InvitationCode(id: integer, token: string, diaspora_user_id: integer, count: integer)) :count)) :-
    (send
      (filled-hole
        (lvar :arg0) {:method_arg=>false}) :id)))
BASETYPE: Integer
SIZE WORK_LIST: 95
SIZE generated: 1
EVALUABLE#: 1

-------------------------

----------------
TTYPES
Integer
Integer
Integer
Integer

PROGS

LOCAL_COUNT: 60
GLOBAL_COUNT: 214

BASE_AFTER:
(begin
  (send
    (begin
      (send
        (lvar InvitationCode(id: integer, token: string, diaspora_user_id: integer, count: integer)) :count)) :-
    (send
      (filled-hole
        (lvar :arg0) {:method_arg=>false}) :diaspora_user_id=
      (filled-hole
        (int 0)
        (int 1)
        (int 2)
        (hole 1 {:hash_depth=>0, :method_arg=>true, :variance=>:+}) {:method_arg=>true}))))
BASETYPE: Integer
SIZE WORK_LIST: 94
SIZE generated: 4
EVALUABLE#: 3

-------------------------

----------------
TTYPES
Integer

PROGS

LOCAL_COUNT: 61
GLOBAL_COUNT: 215

BASE_AFTER:
(begin
  (send
    (begin
      (send
        (lvar InvitationCode(id: integer, token: string, diaspora_user_id: integer, count: integer)) :count)) :-
    (send
      (filled-hole
        (lvar :arg0) {:method_arg=>false}) :diaspora_user_id)))
BASETYPE: Integer
SIZE WORK_LIST: 94
SIZE generated: 1
EVALUABLE#: 1

-------------------------

----------------
TTYPES
Integer
Integer
Integer
Integer

PROGS

LOCAL_COUNT: 62
GLOBAL_COUNT: 216

BASE_AFTER:
(begin
  (send
    (begin
      (send
        (lvar InvitationCode(id: integer, token: string, diaspora_user_id: integer, count: integer)) :count)) :-
    (send
      (filled-hole
        (lvar :arg0) {:method_arg=>false}) :count=
      (filled-hole
        (int 0)
        (int 1)
        (int 2)
        (hole 1 {:hash_depth=>0, :method_arg=>true, :variance=>:+}) {:method_arg=>true}))))
BASETYPE: Integer
SIZE WORK_LIST: 93
SIZE generated: 4
EVALUABLE#: 3

-------------------------

----------------
TTYPES
Integer

PROGS

LOCAL_COUNT: 63
GLOBAL_COUNT: 217

BASE_AFTER:
(begin
  (send
    (begin
      (send
        (lvar InvitationCode(id: integer, token: string, diaspora_user_id: integer, count: integer)) :count)) :-
    (begin
      (send
        (filled-hole
          (lvar :arg0) {:method_arg=>false}) :count))))
BASETYPE: Integer
SIZE WORK_LIST: 93
SIZE generated: 1
EVALUABLE#: 1

-------------------------

----------------
TTYPES
true or false
true or false
Integer
Integer
Integer
String
%bot

PROGS

LOCAL_COUNT: 1
GLOBAL_COUNT: 1

BASE_AFTER:
(filled-hole
  (true)
  (false)
  (int 0)
  (int 1)
  (int 2)
  (str "")
  (hole 1 {:hash_depth=>0, :method_arg=>false, :variance=>:-}) {:method_arg=>false})
BASETYPE: %bot
SIZE WORK_LIST: 0
SIZE generated: 7
EVALUABLE#: 6

-------------------------

----------------
TTYPES
true or false
true or false

PROGS

LOCAL_COUNT: 2
GLOBAL_COUNT: 2

BASE_AFTER:
(true)
BASETYPE: true or false
SIZE WORK_LIST: 6
SIZE generated: 2
EVALUABLE#: 0

-------------------------

----------------
TTYPES
true or false
true or false

PROGS

LOCAL_COUNT: 3
GLOBAL_COUNT: 3

BASE_AFTER:
(false)
BASETYPE: true or false
SIZE WORK_LIST: 7
SIZE generated: 2
EVALUABLE#: 0

-------------------------

----------------
TTYPES
Integer
Integer

PROGS

LOCAL_COUNT: 4
GLOBAL_COUNT: 4

BASE_AFTER:
(int 0)
BASETYPE: Integer
SIZE WORK_LIST: 8
SIZE generated: 2
EVALUABLE#: 0

-------------------------

----------------
TTYPES
Integer
Integer

PROGS

LOCAL_COUNT: 5
GLOBAL_COUNT: 5

BASE_AFTER:
(int 1)
BASETYPE: Integer
SIZE WORK_LIST: 9
SIZE generated: 2
EVALUABLE#: 0

-------------------------

----------------
TTYPES
Integer
Integer

PROGS

LOCAL_COUNT: 6
GLOBAL_COUNT: 6

BASE_AFTER:
(int 2)
BASETYPE: Integer
SIZE WORK_LIST: 10
SIZE generated: 2
EVALUABLE#: 0

-------------------------

----------------
TTYPES
String
String

PROGS

LOCAL_COUNT: 7
GLOBAL_COUNT: 7

BASE_AFTER:
(str "")
BASETYPE: String
SIZE WORK_LIST: 11
SIZE generated: 2
EVALUABLE#: 0

-------------------------

----------------
TTYPES
%bot

PROGS

LOCAL_COUNT: 8
GLOBAL_COUNT: 8

BASE_AFTER:
(filled-hole
  (begin
    (send
      (hole 0 {:hash_depth=>0, :limit_depth=>true, :recv=>true}) :-
      (hole 0 {:hash_depth=>0, :method_arg=>true})))
  (begin
    (send
      (hole 0 {:hash_depth=>0, :limit_depth=>true, :recv=>true}) :count))
  (begin
    (send
      (hole 0 {:hash_depth=>0, :limit_depth=>true, :recv=>true}) :-
      (hole 0 {:hash_depth=>0, :method_arg=>true})))
  (hole 2 {:hash_depth=>0, :method_arg=>false, :variance=>:-}) {:method_arg=>false})
BASETYPE: %bot
SIZE WORK_LIST: 12
SIZE generated: 1
EVALUABLE#: 0

-------------------------

----------------
TTYPES
true or false
true or false
true or false
true or false

PROGS

LOCAL_COUNT: 9
GLOBAL_COUNT: 9

BASE_AFTER:
(begin
  (send
    (hole 0 {:hash_depth=>0, :limit_depth=>true, :recv=>true}) :count=
    (hole 0 {:hash_depth=>0, :method_arg=>true}))
  (true))
BASETYPE: true or false
SIZE WORK_LIST: 12
SIZE generated: 4
EVALUABLE#: 3

-------------------------

----------------
TTYPES
true or false

PROGS

LOCAL_COUNT: 10
GLOBAL_COUNT: 10

BASE_AFTER:
(begin
  (send
    (hole 0 {:hash_depth=>0, :limit_depth=>true, :recv=>true}) :diaspora_user=
    (hole 0 {:hash_depth=>0, :method_arg=>true}))
  (true))
BASETYPE: true or false
SIZE WORK_LIST: 14
SIZE generated: 1
EVALUABLE#: 0

-------------------------

----------------
TTYPES
true or false
true or false
true or false
true or false

PROGS

LOCAL_COUNT: 11
GLOBAL_COUNT: 11

BASE_AFTER:
(begin
  (send
    (hole 0 {:hash_depth=>0, :limit_depth=>true, :recv=>true}) :count=
    (hole 0 {:hash_depth=>0, :method_arg=>true}))
  (false))
BASETYPE: true or false
SIZE WORK_LIST: 14
SIZE generated: 4
EVALUABLE#: 3

-------------------------

----------------
TTYPES
true or false

PROGS

LOCAL_COUNT: 12
GLOBAL_COUNT: 12

BASE_AFTER:
(begin
  (send
    (hole 0 {:hash_depth=>0, :limit_depth=>true, :recv=>true}) :diaspora_user=
    (hole 0 {:hash_depth=>0, :method_arg=>true}))
  (false))
BASETYPE: true or false
SIZE WORK_LIST: 16
SIZE generated: 1
EVALUABLE#: 0

-------------------------

----------------
TTYPES
Integer
Integer
Integer
Integer
Integer

PROGS

LOCAL_COUNT: 13
GLOBAL_COUNT: 13

BASE_AFTER:
(begin
  (send
    (hole 0 {:hash_depth=>0, :limit_depth=>true, :recv=>true}) :count=
    (hole 0 {:hash_depth=>0, :method_arg=>true}))
  (int 0))
BASETYPE: Integer
SIZE WORK_LIST: 16
SIZE generated: 5
EVALUABLE#: 4

-------------------------

----------------
TTYPES
Integer

PROGS

LOCAL_COUNT: 14
GLOBAL_COUNT: 14

BASE_AFTER:
(begin
  (send
    (hole 0 {:hash_depth=>0, :limit_depth=>true, :recv=>true}) :diaspora_user=
    (hole 0 {:hash_depth=>0, :method_arg=>true}))
  (int 0))
BASETYPE: Integer
SIZE WORK_LIST: 19
SIZE generated: 1
EVALUABLE#: 0

-------------------------

----------------
TTYPES
Integer
Integer
Integer
Integer
Integer

PROGS

LOCAL_COUNT: 15
GLOBAL_COUNT: 15

BASE_AFTER:
(begin
  (send
    (hole 0 {:hash_depth=>0, :limit_depth=>true, :recv=>true}) :count=
    (hole 0 {:hash_depth=>0, :method_arg=>true}))
  (int 1))
BASETYPE: Integer
SIZE WORK_LIST: 19
SIZE generated: 5
EVALUABLE#: 4

-------------------------

----------------
TTYPES
Integer

PROGS

LOCAL_COUNT: 16
GLOBAL_COUNT: 16

BASE_AFTER:
(begin
  (send
    (hole 0 {:hash_depth=>0, :limit_depth=>true, :recv=>true}) :diaspora_user=
    (hole 0 {:hash_depth=>0, :method_arg=>true}))
  (int 1))
BASETYPE: Integer
SIZE WORK_LIST: 22
SIZE generated: 1
EVALUABLE#: 0

-------------------------

----------------
TTYPES
Integer
Integer
Integer
Integer
Integer

PROGS

LOCAL_COUNT: 17
GLOBAL_COUNT: 17

BASE_AFTER:
(begin
  (send
    (hole 0 {:hash_depth=>0, :limit_depth=>true, :recv=>true}) :count=
    (hole 0 {:hash_depth=>0, :method_arg=>true}))
  (int 2))
BASETYPE: Integer
SIZE WORK_LIST: 22
SIZE generated: 5
EVALUABLE#: 4

-------------------------

----------------
TTYPES
Integer

PROGS

LOCAL_COUNT: 18
GLOBAL_COUNT: 18

BASE_AFTER:
(begin
  (send
    (hole 0 {:hash_depth=>0, :limit_depth=>true, :recv=>true}) :diaspora_user=
    (hole 0 {:hash_depth=>0, :method_arg=>true}))
  (int 2))
BASETYPE: Integer
SIZE WORK_LIST: 24
SIZE generated: 1
EVALUABLE#: 0

-------------------------

----------------
TTYPES
String
String
String
String

PROGS

LOCAL_COUNT: 19
GLOBAL_COUNT: 19

BASE_AFTER:
(begin
  (send
    (hole 0 {:hash_depth=>0, :limit_depth=>true, :recv=>true}) :count=
    (hole 0 {:hash_depth=>0, :method_arg=>true}))
  (str ""))
BASETYPE: String
SIZE WORK_LIST: 24
SIZE generated: 4
EVALUABLE#: 3

-------------------------

----------------
TTYPES
String

PROGS

LOCAL_COUNT: 20
GLOBAL_COUNT: 20

BASE_AFTER:
(begin
  (send
    (hole 0 {:hash_depth=>0, :limit_depth=>true, :recv=>true}) :diaspora_user=
    (hole 0 {:hash_depth=>0, :method_arg=>true}))
  (str ""))
BASETYPE: String
SIZE WORK_LIST: 26
SIZE generated: 1
EVALUABLE#: 0

-------------------------

----------------
TTYPES
true or false
true or false

PROGS

LOCAL_COUNT: 21
GLOBAL_COUNT: 21

BASE_AFTER:
(begin
  (send
    (lvar :arg0) :count=
    (int 0))
  (true))
BASETYPE: true or false
SIZE WORK_LIST: 26
SIZE generated: 2
EVALUABLE#: 0

-------------------------

----------------
TTYPES
true or false
true or false

PROGS

LOCAL_COUNT: 22
GLOBAL_COUNT: 22

BASE_AFTER:
(begin
  (send
    (lvar :arg0) :count=
    (int 1))
  (true))
BASETYPE: true or false
SIZE WORK_LIST: 27
SIZE generated: 2
EVALUABLE#: 0

-------------------------

----------------
TTYPES
true or false
true or false

PROGS

LOCAL_COUNT: 23
GLOBAL_COUNT: 23

BASE_AFTER:
(begin
  (send
    (lvar :arg0) :count=
    (int 0))
  (false))
BASETYPE: true or false
SIZE WORK_LIST: 28
SIZE generated: 2
EVALUABLE#: 0

-------------------------

----------------
TTYPES
true or false
true or false

PROGS

LOCAL_COUNT: 24
GLOBAL_COUNT: 24

BASE_AFTER:
(begin
  (send
    (lvar :arg0) :count=
    (int 1))
  (false))
BASETYPE: true or false
SIZE WORK_LIST: 29
SIZE generated: 2
EVALUABLE#: 0

-------------------------

----------------
TTYPES
Integer
Integer

PROGS

LOCAL_COUNT: 25
GLOBAL_COUNT: 25

BASE_AFTER:
(begin
  (send
    (lvar :arg0) :count=
    (int 0))
  (int 0))
BASETYPE: Integer
SIZE WORK_LIST: 30
SIZE generated: 2
EVALUABLE#: 0

-------------------------

----------------
TTYPES
Integer
Integer

PROGS

LOCAL_COUNT: 26
GLOBAL_COUNT: 26

BASE_AFTER:
(begin
  (send
    (lvar :arg0) :count=
    (int 1))
  (int 0))
BASETYPE: Integer
SIZE WORK_LIST: 31
SIZE generated: 2
EVALUABLE#: 0

-------------------------

----------------
TTYPES
Integer
Integer

PROGS

LOCAL_COUNT: 27
GLOBAL_COUNT: 27

BASE_AFTER:
(begin
  (lvasgn :t0
    (int 0))
  (send
    (lvar :arg0) :count=
    (lvar :t0))
  (lvar :t0))
BASETYPE: Integer
SIZE WORK_LIST: 32
SIZE generated: 2
EVALUABLE#: 0

-------------------------

----------------
TTYPES
Integer
Integer

PROGS

LOCAL_COUNT: 28
GLOBAL_COUNT: 28

BASE_AFTER:
(begin
  (send
    (lvar :arg0) :count=
    (int 0))
  (int 1))
BASETYPE: Integer
SIZE WORK_LIST: 33
SIZE generated: 2
EVALUABLE#: 0

-------------------------

----------------
TTYPES
Integer
Integer

PROGS

LOCAL_COUNT: 29
GLOBAL_COUNT: 29

BASE_AFTER:
(begin
  (send
    (lvar :arg0) :count=
    (int 1))
  (int 1))
BASETYPE: Integer
SIZE WORK_LIST: 34
SIZE generated: 2
EVALUABLE#: 0

-------------------------

----------------
TTYPES
Integer
Integer

PROGS

LOCAL_COUNT: 30
GLOBAL_COUNT: 30

BASE_AFTER:
(begin
  (lvasgn :t0
    (int 1))
  (send
    (lvar :arg0) :count=
    (lvar :t0))
  (lvar :t0))
BASETYPE: Integer
SIZE WORK_LIST: 35
SIZE generated: 2
EVALUABLE#: 0

-------------------------

----------------
TTYPES
Integer
Integer

PROGS

LOCAL_COUNT: 31
GLOBAL_COUNT: 31

BASE_AFTER:
(begin
  (send
    (lvar :arg0) :count=
    (int 0))
  (int 2))
BASETYPE: Integer
SIZE WORK_LIST: 36
SIZE generated: 2
EVALUABLE#: 0

-------------------------

----------------
TTYPES
Integer
Integer

PROGS

LOCAL_COUNT: 32
GLOBAL_COUNT: 32

BASE_AFTER:
(begin
  (send
    (lvar :arg0) :count=
    (int 1))
  (int 2))
BASETYPE: Integer
SIZE WORK_LIST: 37
SIZE generated: 2
EVALUABLE#: 0

-------------------------

----------------
TTYPES
String
String

PROGS

LOCAL_COUNT: 33
GLOBAL_COUNT: 33

BASE_AFTER:
(begin
  (send
    (lvar :arg0) :count=
    (int 0))
  (str ""))
BASETYPE: String
SIZE WORK_LIST: 38
SIZE generated: 2
EVALUABLE#: 0

-------------------------

----------------
TTYPES
String
String

PROGS

LOCAL_COUNT: 34
GLOBAL_COUNT: 34

BASE_AFTER:
(begin
  (send
    (lvar :arg0) :count=
    (int 1))
  (str ""))
BASETYPE: String
SIZE WORK_LIST: 39
SIZE generated: 2
EVALUABLE#: 0

-------------------------

----------------
TTYPES
Integer
Integer
Integer
Integer
Integer
Integer
Integer
Integer
%bot

PROGS

LOCAL_COUNT: 35
GLOBAL_COUNT: 35

BASE_AFTER:
(filled-hole
  (begin
    (send
      (send
        (hole 0 {:hash_depth=>0, :limit_depth=>true, :recv=>true}) :id=
        (hole 0 {:hash_depth=>0, :method_arg=>true})) :-
      (hole 0 {:hash_depth=>0, :method_arg=>true})))
  (begin
    (send
      (send
        (hole 0 {:hash_depth=>0, :limit_depth=>true, :recv=>true}) :id=
        (hole 0 {:hash_depth=>0, :method_arg=>true})) :-
      (hole 0 {:hash_depth=>0, :method_arg=>true})))
  (begin
    (send
      (send
        (hole 0 {:hash_depth=>0, :limit_depth=>true, :recv=>true}) :id=
        (hole 0 {:hash_depth=>0, :method_arg=>true})) :count))
  (begin
    (send
      (send
        (hole 0 {:hash_depth=>0, :limit_depth=>true, :recv=>true}) :id) :-
      (hole 0 {:hash_depth=>0, :method_arg=>true})))
  (begin
    (send
      (send
        (hole 0 {:hash_depth=>0, :limit_depth=>true, :recv=>true}) :id) :-
      (hole 0 {:hash_depth=>0, :method_arg=>true})))
  (begin
    (send
      (send
        (hole 0 {:hash_depth=>0, :limit_depth=>true, :recv=>true}) :id) :count))
  (begin
    (send
      (send
        (hole 0 {:hash_depth=>0, :limit_depth=>true, :recv=>true}) :token=
        (hole 0 {:hash_depth=>0, :method_arg=>true})) :count))
  (begin
    (send
      (send
        (hole 0 {:hash_depth=>0, :limit_depth=>true, :recv=>true}) :token=
        (hole 0 {:hash_depth=>0, :method_arg=>true})) :-
      (hole 0 {:hash_depth=>0, :method_arg=>true})))
  (begin
    (send
      (send
        (hole 0 {:hash_depth=>0, :limit_depth=>true, :recv=>true}) :token) :count))
  (begin
    (send
      (send
        (hole 0 {:hash_depth=>0, :limit_depth=>true, :recv=>true}) :token) :-
      (hole 0 {:hash_depth=>0, :method_arg=>true})))
  (begin
    (send
      (send
        (hole 0 {:hash_depth=>0, :limit_depth=>true, :recv=>true}) :diaspora_user_id=
        (hole 0 {:hash_depth=>0, :method_arg=>true})) :-
      (hole 0 {:hash_depth=>0, :method_arg=>true})))
  (begin
    (send
      (send
        (hole 0 {:hash_depth=>0, :limit_depth=>true, :recv=>true}) :diaspora_user_id=
        (hole 0 {:hash_depth=>0, :method_arg=>true})) :-
      (hole 0 {:hash_depth=>0, :method_arg=>true})))
  (begin
    (send
      (send
        (hole 0 {:hash_depth=>0, :limit_depth=>true, :recv=>true}) :diaspora_user_id=
        (hole 0 {:hash_depth=>0, :method_arg=>true})) :count))
  (begin
    (send
      (send
        (hole 0 {:hash_depth=>0, :limit_depth=>true, :recv=>true}) :diaspora_user_id) :-
      (hole 0 {:hash_depth=>0, :method_arg=>true})))
  (begin
    (send
      (send
        (hole 0 {:hash_depth=>0, :limit_depth=>true, :recv=>true}) :diaspora_user_id) :-
      (hole 0 {:hash_depth=>0, :method_arg=>true})))
  (begin
    (send
      (send
        (hole 0 {:hash_depth=>0, :limit_depth=>true, :recv=>true}) :diaspora_user_id) :count))
  (begin
    (send
      (send
        (hole 0 {:hash_depth=>0, :limit_depth=>true, :recv=>true}) :count=
        (hole 0 {:hash_depth=>0, :method_arg=>true})) :-
      (hole 0 {:hash_depth=>0, :method_arg=>true})))
  (begin
    (send
      (send
        (hole 0 {:hash_depth=>0, :limit_depth=>true, :recv=>true}) :count=
        (hole 0 {:hash_depth=>0, :method_arg=>true})) :-
      (hole 0 {:hash_depth=>0, :method_arg=>true})))
  (begin
    (send
      (send
        (hole 0 {:hash_depth=>0, :limit_depth=>true, :recv=>true}) :count=
        (hole 0 {:hash_depth=>0, :method_arg=>true})) :count))
  (begin
    (send
      (begin
        (send
          (hole 0 {:hash_depth=>0, :limit_depth=>true, :recv=>true}) :count)) :-
      (hole 0 {:hash_depth=>0, :method_arg=>true})))
  (begin
    (send
      (begin
        (send
          (hole 0 {:hash_depth=>0, :limit_depth=>true, :recv=>true}) :count)) :-
      (hole 0 {:hash_depth=>0, :method_arg=>true})))
  (begin
    (send
      (begin
        (send
          (hole 0 {:hash_depth=>0, :limit_depth=>true, :recv=>true}) :count)) :count))
  (begin
    (send
      (send
        (hole 0 {:hash_depth=>0, :limit_depth=>true, :recv=>true}) :diaspora_user) :count))
  (begin
    (send
      (send
        (hole 0 {:hash_depth=>0, :limit_depth=>true, :recv=>true}) :diaspora_user) :-
      (hole 0 {:hash_depth=>0, :method_arg=>true})))
  (begin
    (send
      (send
        (hole 0 {:hash_depth=>0, :limit_depth=>true, :recv=>true}) :diaspora_user=
        (hole 0 {:hash_depth=>0, :method_arg=>true})) :count))
  (begin
    (send
      (send
        (hole 0 {:hash_depth=>0, :limit_depth=>true, :recv=>true}) :diaspora_user=
        (hole 0 {:hash_depth=>0, :method_arg=>true})) :-
      (hole 0 {:hash_depth=>0, :method_arg=>true})))
  (begin
    (send
      (begin
        (send
          (hole 0 {:hash_depth=>0, :limit_depth=>true, :recv=>true}) :-
          (hole 0 {:hash_depth=>0, :method_arg=>true}))) :-
      (hole 0 {:hash_depth=>0, :method_arg=>true})))
  (begin
    (send
      (begin
        (send
          (hole 0 {:hash_depth=>0, :limit_depth=>true, :recv=>true}) :-
          (hole 0 {:hash_depth=>0, :method_arg=>true}))) :-
      (hole 0 {:hash_depth=>0, :method_arg=>true})))
  (begin
    (send
      (begin
        (send
          (hole 0 {:hash_depth=>0, :limit_depth=>true, :recv=>true}) :save)) :count))
  (begin
    (send
      (begin
        (send
          (hole 0 {:hash_depth=>0, :limit_depth=>true, :recv=>true}) :save)) :-
      (hole 0 {:hash_depth=>0, :method_arg=>true})))
  (begin
    (send
      (begin
        (send
          (hole 0 {:hash_depth=>0, :limit_depth=>true, :recv=>true}) :count)) :-
      (hole 0 {:hash_depth=>0, :method_arg=>true})))
  (begin
    (send
      (begin
        (send
          (hole 0 {:hash_depth=>0, :limit_depth=>true, :recv=>true}) :count)) :-
      (hole 0 {:hash_depth=>0, :method_arg=>true})))
  (begin
    (send
      (begin
        (send
          (hole 0 {:hash_depth=>0, :limit_depth=>true, :recv=>true}) :-
          (hole 0 {:hash_depth=>0, :method_arg=>true}))) :-
      (hole 0 {:hash_depth=>0, :method_arg=>true})))
  (begin
    (send
      (begin
        (send
          (hole 0 {:hash_depth=>0, :limit_depth=>true, :recv=>true}) :-
          (hole 0 {:hash_depth=>0, :method_arg=>true}))) :-
      (hole 0 {:hash_depth=>0, :method_arg=>true})))
  (begin
    (send
      (begin
        (send
          (hole 0 {:hash_depth=>0, :limit_depth=>true, :recv=>true}) :save)) :count))
  (begin
    (send
      (begin
        (send
          (hole 0 {:hash_depth=>0, :limit_depth=>true, :recv=>true}) :save)) :-
      (hole 0 {:hash_depth=>0, :method_arg=>true})))
  (hole 3 {:hash_depth=>0, :method_arg=>false, :variance=>:-}) {:method_arg=>false})
BASETYPE: %bot
SIZE WORK_LIST: 40
SIZE generated: 9
EVALUABLE#: 0

-------------------------

----------------
TTYPES
Integer
Integer
Integer
Integer
Integer
Integer
Integer
Integer
Integer
Integer
Integer
Integer
Integer
Integer
Integer
Integer
Integer
Integer
Integer
Integer
Integer
Integer
Integer
Integer
Integer
Integer
Integer
Integer
Integer
Integer
Integer
Integer
Integer
Integer
Integer
Integer

PROGS

LOCAL_COUNT: 36
GLOBAL_COUNT: 36

BASE_AFTER:
(begin
  (send
    (begin
      (send
        (filled-hole
          (lvar InvitationCode(id: integer, token: string, diaspora_user_id: integer, count: integer)) {:method_arg=>false}) :-
        (filled-hole
          (lvar :arg0)
          (lvar InvitationCode(id: integer, token: string, diaspora_user_id: integer, count: integer))
          (true)
          (false)
          (int 0)
          (int 1)
          (int 2)
          (str "")
          (hole 1 {:hash_depth=>0, :method_arg=>true, :variance=>:+}) {:method_arg=>true}))) :-
    (filled-hole
      (int 0)
      (int 1)
      (int 2)
      (hole 1 {:hash_depth=>0, :method_arg=>true, :variance=>:+}) {:method_arg=>true})))
BASETYPE: Integer
SIZE WORK_LIST: 48
SIZE generated: 36
EVALUABLE#: 24

-------------------------

----------------
TTYPES
Integer
Integer
Integer
Integer

PROGS

LOCAL_COUNT: 37
GLOBAL_COUNT: 37

BASE_AFTER:
(begin
  (send
    (begin
      (send
        (filled-hole
          (lvar InvitationCode(id: integer, token: string, diaspora_user_id: integer, count: integer)) {:method_arg=>false}) :count)) :-
    (filled-hole
      (int 0)
      (int 1)
      (int 2)
      (hole 1 {:hash_depth=>0, :method_arg=>true, :variance=>:+}) {:method_arg=>true})))
BASETYPE: Integer
SIZE WORK_LIST: 59
SIZE generated: 4
EVALUABLE#: 3

-------------------------

----------------
TTYPES
true or false
true or false
true or false
true or false
true or false
true or false
true or false
true or false
true or false
true or false
true or false

PROGS

LOCAL_COUNT: 38
GLOBAL_COUNT: 38

BASE_AFTER:
(begin
  (send
    (lvar :arg0) :count=
    (hole 1 {:hash_depth=>0, :method_arg=>true, :variance=>:+}))
  (true))
BASETYPE: true or false
SIZE WORK_LIST: 62
SIZE generated: 11
EVALUABLE#: 0

-------------------------

----------------
TTYPES
Integer
Integer

PROGS

LOCAL_COUNT: 39
GLOBAL_COUNT: 39

BASE_AFTER:
(begin
  (send
    (begin
      (send
        (lvar InvitationCode(id: integer, token: string, diaspora_user_id: integer, count: integer)) :count)) :-
    (int 0)))
BASETYPE: Integer
SIZE WORK_LIST: 72
SIZE generated: 2
EVALUABLE#: 0

-------------------------

----------------
TTYPES
Integer
Integer

PROGS

LOCAL_COUNT: 40
GLOBAL_COUNT: 40

BASE_AFTER:
(begin
  (send
    (begin
      (send
        (lvar InvitationCode(id: integer, token: string, diaspora_user_id: integer, count: integer)) :count)) :-
    (int 1)))
BASETYPE: Integer
SIZE WORK_LIST: 73
SIZE generated: 2
EVALUABLE#: 0

-------------------------

----------------
TTYPES
Integer
Integer

PROGS

LOCAL_COUNT: 41
GLOBAL_COUNT: 41

BASE_AFTER:
(begin
  (send
    (begin
      (send
        (lvar InvitationCode(id: integer, token: string, diaspora_user_id: integer, count: integer)) :count)) :-
    (int 2)))
BASETYPE: Integer
SIZE WORK_LIST: 74
SIZE generated: 2
EVALUABLE#: 0

-------------------------

----------------
TTYPES
true or false
true or false
true or false
true or false
true or false
true or false
true or false
true or false
true or false
true or false

PROGS

LOCAL_COUNT: 42
GLOBAL_COUNT: 42

BASE_AFTER:
(begin
  (send
    (lvar :arg0) :count=
    (begin
      (send
        (hole 0 {:hash_depth=>0, :limit_depth=>true, :recv=>true}) :-
        (hole 0 {:hash_depth=>0, :method_arg=>true}))))
  (true))
BASETYPE: true or false
SIZE WORK_LIST: 75
SIZE generated: 10
EVALUABLE#: 9

-------------------------

----------------
TTYPES
true or false

PROGS

LOCAL_COUNT: 43
GLOBAL_COUNT: 43

BASE_AFTER:
(begin
  (send
    (lvar :arg0) :count=
    (begin
      (send
        (hole 0 {:hash_depth=>0, :limit_depth=>true, :recv=>true}) :count)))
  (true))
BASETYPE: true or false
SIZE WORK_LIST: 75
SIZE generated: 1
EVALUABLE#: 1

-------------------------

----------------
TTYPES
true or false
true or false
true or false
true or false
true or false
true or false

PROGS

LOCAL_COUNT: 44
GLOBAL_COUNT: 44

BASE_AFTER:
(begin
  (send
    (lvar :arg0) :diaspora_user=
    (hole 1 {:hash_depth=>0, :method_arg=>true, :variance=>:+}))
  (true))
BASETYPE: true or false
SIZE WORK_LIST: 75
SIZE generated: 6
EVALUABLE#: 0

-------------------------

----------------
TTYPES
true or false
true or false

PROGS

LOCAL_COUNT: 45
GLOBAL_COUNT: 45

BASE_AFTER:
(begin
  (send
    (lvar :arg0) :count=
    (begin
      (send
        (lvar InvitationCode(id: integer, token: string, diaspora_user_id: integer, count: integer)) :count)))
  (true))
BASETYPE: true or false
SIZE WORK_LIST: 80
SIZE generated: 2
EVALUABLE#: 0

-------------------------

----------------
TTYPES
true or false

PROGS

LOCAL_COUNT: 46
GLOBAL_COUNT: 46

BASE_AFTER:
(begin
  (send
    (lvar :arg0) :diaspora_user=
    (begin
      (send
        (hole 0 {:hash_depth=>0, :limit_depth=>true, :recv=>true}) :count)))
  (true))
BASETYPE: true or false
SIZE WORK_LIST: 81
SIZE generated: 1
EVALUABLE#: 1

-------------------------

----------------
TTYPES
true or false
true or false
true or false
true or false
true or false
true or false
true or false
true or false
true or false
true or false
true or false

PROGS

LOCAL_COUNT: 47
GLOBAL_COUNT: 47

BASE_AFTER:
(begin
  (send
    (lvar :arg0) :count=
    (hole 1 {:hash_depth=>0, :method_arg=>true, :variance=>:+}))
  (false))
BASETYPE: true or false
SIZE WORK_LIST: 80
SIZE generated: 11
EVALUABLE#: 0

-------------------------

----------------
TTYPES
true or false

PROGS

LOCAL_COUNT: 48
GLOBAL_COUNT: 48

BASE_AFTER:
(begin
  (send
    (lvar :arg0) :count=
    (begin
      (send
        (hole 0 {:hash_depth=>0, :limit_depth=>true, :recv=>true}) :count)))
  (false))
BASETYPE: true or false
SIZE WORK_LIST: 90
SIZE generated: 1
EVALUABLE#: 1

-------------------------

----------------
TTYPES
true or false
true or false
true or false
true or false
true or false
true or false

PROGS

LOCAL_COUNT: 49
GLOBAL_COUNT: 49

BASE_AFTER:
(begin
  (send
    (lvar :arg0) :diaspora_user=
    (hole 1 {:hash_depth=>0, :method_arg=>true, :variance=>:+}))
  (false))
BASETYPE: true or false
SIZE WORK_LIST: 90
SIZE generated: 6
EVALUABLE#: 0

-------------------------

----------------
TTYPES
true or false
true or false

PROGS

LOCAL_COUNT: 50
GLOBAL_COUNT: 50

BASE_AFTER:
(begin
  (send
    (lvar :arg0) :count=
    (begin
      (send
        (lvar InvitationCode(id: integer, token: string, diaspora_user_id: integer, count: integer)) :count)))
  (false))
BASETYPE: true or false
SIZE WORK_LIST: 95
SIZE generated: 2
EVALUABLE#: 0

-------------------------

----------------
TTYPES
true or false

PROGS

LOCAL_COUNT: 51
GLOBAL_COUNT: 51

BASE_AFTER:
(begin
  (send
    (lvar :arg0) :diaspora_user=
    (begin
      (send
        (hole 0 {:hash_depth=>0, :limit_depth=>true, :recv=>true}) :count)))
  (false))
BASETYPE: true or false
SIZE WORK_LIST: 96
SIZE generated: 1
EVALUABLE#: 1

-------------------------

----------------
TTYPES
Integer
Integer
Integer
Integer
Integer
Integer
Integer
Integer
Integer
Integer
Integer

PROGS

LOCAL_COUNT: 52
GLOBAL_COUNT: 52

BASE_AFTER:
(begin
  (send
    (lvar :arg0) :count=
    (hole 1 {:hash_depth=>0, :method_arg=>true, :variance=>:+}))
  (int 0))
BASETYPE: Integer
SIZE WORK_LIST: 95
SIZE generated: 11
EVALUABLE#: 0

-------------------------

----------------
TTYPES
Integer

PROGS

LOCAL_COUNT: 53
GLOBAL_COUNT: 53

BASE_AFTER:
(begin
  (send
    (lvar :arg0) :count=
    (begin
      (send
        (hole 0 {:hash_depth=>0, :limit_depth=>true, :recv=>true}) :count)))
  (int 0))
BASETYPE: Integer
SIZE WORK_LIST: 105
SIZE generated: 1
EVALUABLE#: 1

-------------------------

----------------
TTYPES
Integer
Integer
Integer
Integer
Integer
Integer

PROGS

LOCAL_COUNT: 54
GLOBAL_COUNT: 54

BASE_AFTER:
(begin
  (send
    (lvar :arg0) :diaspora_user=
    (hole 1 {:hash_depth=>0, :method_arg=>true, :variance=>:+}))
  (int 0))
BASETYPE: Integer
SIZE WORK_LIST: 105
SIZE generated: 6
EVALUABLE#: 0

-------------------------

----------------
TTYPES
Integer
Integer

PROGS

LOCAL_COUNT: 55
GLOBAL_COUNT: 55

BASE_AFTER:
(begin
  (send
    (lvar :arg0) :count=
    (begin
      (send
        (lvar InvitationCode(id: integer, token: string, diaspora_user_id: integer, count: integer)) :count)))
  (int 0))
BASETYPE: Integer
SIZE WORK_LIST: 110
SIZE generated: 2
EVALUABLE#: 0

-------------------------

----------------
TTYPES
Integer

PROGS

LOCAL_COUNT: 56
GLOBAL_COUNT: 56

BASE_AFTER:
(begin
  (send
    (lvar :arg0) :diaspora_user=
    (begin
      (send
        (hole 0 {:hash_depth=>0, :limit_depth=>true, :recv=>true}) :count)))
  (int 0))
BASETYPE: Integer
SIZE WORK_LIST: 111
SIZE generated: 1
EVALUABLE#: 1

-------------------------

----------------
TTYPES
Integer
Integer
Integer
Integer
Integer
Integer
Integer
Integer
Integer
Integer
Integer

PROGS

LOCAL_COUNT: 57
GLOBAL_COUNT: 57

BASE_AFTER:
(begin
  (send
    (lvar :arg0) :count=
    (hole 1 {:hash_depth=>0, :method_arg=>true, :variance=>:+}))
  (int 1))
BASETYPE: Integer
SIZE WORK_LIST: 110
SIZE generated: 11
EVALUABLE#: 0

-------------------------

----------------
TTYPES
Integer

PROGS

LOCAL_COUNT: 58
GLOBAL_COUNT: 58

BASE_AFTER:
(begin
  (send
    (lvar :arg0) :count=
    (begin
      (send
        (hole 0 {:hash_depth=>0, :limit_depth=>true, :recv=>true}) :count)))
  (int 1))
BASETYPE: Integer
SIZE WORK_LIST: 120
SIZE generated: 1
EVALUABLE#: 1

-------------------------

----------------
TTYPES
Integer
Integer
Integer
Integer
Integer
Integer

PROGS

LOCAL_COUNT: 59
GLOBAL_COUNT: 59

BASE_AFTER:
(begin
  (send
    (lvar :arg0) :diaspora_user=
    (hole 1 {:hash_depth=>0, :method_arg=>true, :variance=>:+}))
  (int 1))
BASETYPE: Integer
SIZE WORK_LIST: 120
SIZE generated: 6
EVALUABLE#: 0

-------------------------

----------------
TTYPES
Integer
Integer

PROGS

LOCAL_COUNT: 60
GLOBAL_COUNT: 60

BASE_AFTER:
(begin
  (send
    (lvar :arg0) :count=
    (begin
      (send
        (lvar InvitationCode(id: integer, token: string, diaspora_user_id: integer, count: integer)) :count)))
  (int 1))
BASETYPE: Integer
SIZE WORK_LIST: 125
SIZE generated: 2
EVALUABLE#: 0

-------------------------

----------------
TTYPES
Integer

PROGS

LOCAL_COUNT: 61
GLOBAL_COUNT: 61

BASE_AFTER:
(begin
  (send
    (lvar :arg0) :diaspora_user=
    (begin
      (send
        (hole 0 {:hash_depth=>0, :limit_depth=>true, :recv=>true}) :count)))
  (int 1))
BASETYPE: Integer
SIZE WORK_LIST: 126
SIZE generated: 1
EVALUABLE#: 1

-------------------------

----------------
TTYPES
Integer
Integer
Integer
Integer
Integer
Integer
Integer
Integer
Integer
Integer
Integer

PROGS

LOCAL_COUNT: 62
GLOBAL_COUNT: 62

BASE_AFTER:
(begin
  (send
    (lvar :arg0) :count=
    (hole 1 {:hash_depth=>0, :method_arg=>true, :variance=>:+}))
  (int 2))
BASETYPE: Integer
SIZE WORK_LIST: 125
SIZE generated: 11
EVALUABLE#: 0

-------------------------

----------------
TTYPES
Integer

PROGS

LOCAL_COUNT: 63
GLOBAL_COUNT: 63

BASE_AFTER:
(begin
  (send
    (lvar :arg0) :count=
    (begin
      (send
        (hole 0 {:hash_depth=>0, :limit_depth=>true, :recv=>true}) :count)))
  (int 2))
BASETYPE: Integer
SIZE WORK_LIST: 135
SIZE generated: 1
EVALUABLE#: 1

-------------------------

----------------
TTYPES
Integer
Integer
Integer
Integer
Integer
Integer

PROGS

LOCAL_COUNT: 64
GLOBAL_COUNT: 64

BASE_AFTER:
(begin
  (send
    (lvar :arg0) :diaspora_user=
    (hole 1 {:hash_depth=>0, :method_arg=>true, :variance=>:+}))
  (int 2))
BASETYPE: Integer
SIZE WORK_LIST: 135
SIZE generated: 6
EVALUABLE#: 0

-------------------------

----------------
TTYPES
Integer
Integer

PROGS

LOCAL_COUNT: 65
GLOBAL_COUNT: 65

BASE_AFTER:
(begin
  (send
    (lvar :arg0) :count=
    (begin
      (send
        (lvar InvitationCode(id: integer, token: string, diaspora_user_id: integer, count: integer)) :count)))
  (int 2))
BASETYPE: Integer
SIZE WORK_LIST: 140
SIZE generated: 2
EVALUABLE#: 0

-------------------------

----------------
TTYPES
Integer

PROGS

LOCAL_COUNT: 66
GLOBAL_COUNT: 66

BASE_AFTER:
(begin
  (send
    (lvar :arg0) :diaspora_user=
    (begin
      (send
        (hole 0 {:hash_depth=>0, :limit_depth=>true, :recv=>true}) :count)))
  (int 2))
BASETYPE: Integer
SIZE WORK_LIST: 141
SIZE generated: 1
EVALUABLE#: 1

-------------------------

----------------
TTYPES
String
String
String
String
String
String
String
String
String
String
String

PROGS

LOCAL_COUNT: 67
GLOBAL_COUNT: 67

BASE_AFTER:
(begin
  (send
    (lvar :arg0) :count=
    (hole 1 {:hash_depth=>0, :method_arg=>true, :variance=>:+}))
  (str ""))
BASETYPE: String
SIZE WORK_LIST: 140
SIZE generated: 11
EVALUABLE#: 0

-------------------------

----------------
TTYPES
String

PROGS

LOCAL_COUNT: 68
GLOBAL_COUNT: 68

BASE_AFTER:
(begin
  (send
    (lvar :arg0) :count=
    (begin
      (send
        (hole 0 {:hash_depth=>0, :limit_depth=>true, :recv=>true}) :count)))
  (str ""))
BASETYPE: String
SIZE WORK_LIST: 150
SIZE generated: 1
EVALUABLE#: 1

-------------------------

----------------
TTYPES
String
String
String
String
String
String

PROGS

LOCAL_COUNT: 69
GLOBAL_COUNT: 69

BASE_AFTER:
(begin
  (send
    (lvar :arg0) :diaspora_user=
    (hole 1 {:hash_depth=>0, :method_arg=>true, :variance=>:+}))
  (str ""))
BASETYPE: String
SIZE WORK_LIST: 150
SIZE generated: 6
EVALUABLE#: 0

-------------------------

----------------
TTYPES
String
String

PROGS

LOCAL_COUNT: 70
GLOBAL_COUNT: 70

BASE_AFTER:
(begin
  (send
    (lvar :arg0) :count=
    (begin
      (send
        (lvar InvitationCode(id: integer, token: string, diaspora_user_id: integer, count: integer)) :count)))
  (str ""))
BASETYPE: String
SIZE WORK_LIST: 155
SIZE generated: 2
EVALUABLE#: 0

-------------------------

----------------
TTYPES
String

PROGS

LOCAL_COUNT: 71
GLOBAL_COUNT: 71

BASE_AFTER:
(begin
  (send
    (lvar :arg0) :diaspora_user=
    (begin
      (send
        (hole 0 {:hash_depth=>0, :limit_depth=>true, :recv=>true}) :count)))
  (str ""))
BASETYPE: String
SIZE WORK_LIST: 156
SIZE generated: 1
EVALUABLE#: 1

-------------------------

----------------
TTYPES
true or false
true or false
true or false
true or false

PROGS

LOCAL_COUNT: 72
GLOBAL_COUNT: 72

BASE_AFTER:
(begin
  (send
    (lvar :arg0) :count=
    (int 0))
  (send
    (hole 0 {:hash_depth=>0, :limit_depth=>true, :recv=>true}) :count=
    (hole 0 {:hash_depth=>0, :method_arg=>true}))
  (true))
BASETYPE: true or false
SIZE WORK_LIST: 155
SIZE generated: 4
EVALUABLE#: 3

-------------------------

----------------
TTYPES
true or false

PROGS

LOCAL_COUNT: 73
GLOBAL_COUNT: 73

BASE_AFTER:
(begin
  (send
    (lvar :arg0) :count=
    (int 0))
  (send
    (hole 0 {:hash_depth=>0, :limit_depth=>true, :recv=>true}) :diaspora_user=
    (hole 0 {:hash_depth=>0, :method_arg=>true}))
  (true))
BASETYPE: true or false
SIZE WORK_LIST: 157
SIZE generated: 1
EVALUABLE#: 0

-------------------------

----------------
TTYPES
true or false
true or false
true or false
true or false

PROGS

LOCAL_COUNT: 74
GLOBAL_COUNT: 74

BASE_AFTER:
(begin
  (send
    (lvar :arg0) :count=
    (int 1))
  (send
    (hole 0 {:hash_depth=>0, :limit_depth=>true, :recv=>true}) :count=
    (hole 0 {:hash_depth=>0, :method_arg=>true}))
  (true))
BASETYPE: true or false
SIZE WORK_LIST: 157
SIZE generated: 4
EVALUABLE#: 3

-------------------------

----------------
TTYPES
true or false

PROGS

LOCAL_COUNT: 75
GLOBAL_COUNT: 75

BASE_AFTER:
(begin
  (send
    (lvar :arg0) :count=
    (int 1))
  (send
    (hole 0 {:hash_depth=>0, :limit_depth=>true, :recv=>true}) :diaspora_user=
    (hole 0 {:hash_depth=>0, :method_arg=>true}))
  (true))
BASETYPE: true or false
SIZE WORK_LIST: 159
SIZE generated: 1
EVALUABLE#: 0

-------------------------

----------------
TTYPES
true or false
true or false
true or false
true or false

PROGS

LOCAL_COUNT: 76
GLOBAL_COUNT: 76

BASE_AFTER:
(begin
  (send
    (lvar :arg0) :count=
    (int 0))
  (send
    (hole 0 {:hash_depth=>0, :limit_depth=>true, :recv=>true}) :count=
    (hole 0 {:hash_depth=>0, :method_arg=>true}))
  (false))
BASETYPE: true or false
SIZE WORK_LIST: 159
SIZE generated: 4
EVALUABLE#: 3

-------------------------

----------------
TTYPES
true or false

PROGS

LOCAL_COUNT: 77
GLOBAL_COUNT: 77

BASE_AFTER:
(begin
  (send
    (lvar :arg0) :count=
    (int 0))
  (send
    (hole 0 {:hash_depth=>0, :limit_depth=>true, :recv=>true}) :diaspora_user=
    (hole 0 {:hash_depth=>0, :method_arg=>true}))
  (false))
BASETYPE: true or false
SIZE WORK_LIST: 161
SIZE generated: 1
EVALUABLE#: 0

-------------------------

----------------
TTYPES
true or false
true or false
true or false
true or false

PROGS

LOCAL_COUNT: 78
GLOBAL_COUNT: 78

BASE_AFTER:
(begin
  (send
    (lvar :arg0) :count=
    (int 1))
  (send
    (hole 0 {:hash_depth=>0, :limit_depth=>true, :recv=>true}) :count=
    (hole 0 {:hash_depth=>0, :method_arg=>true}))
  (false))
BASETYPE: true or false
SIZE WORK_LIST: 161
SIZE generated: 4
EVALUABLE#: 3

-------------------------

----------------
TTYPES
true or false

PROGS

LOCAL_COUNT: 79
GLOBAL_COUNT: 79

BASE_AFTER:
(begin
  (send
    (lvar :arg0) :count=
    (int 1))
  (send
    (hole 0 {:hash_depth=>0, :limit_depth=>true, :recv=>true}) :diaspora_user=
    (hole 0 {:hash_depth=>0, :method_arg=>true}))
  (false))
BASETYPE: true or false
SIZE WORK_LIST: 163
SIZE generated: 1
EVALUABLE#: 0

-------------------------

----------------
TTYPES
Integer
Integer
Integer
Integer
Integer

PROGS

LOCAL_COUNT: 80
GLOBAL_COUNT: 80

BASE_AFTER:
(begin
  (send
    (lvar :arg0) :count=
    (int 0))
  (send
    (hole 0 {:hash_depth=>0, :limit_depth=>true, :recv=>true}) :count=
    (hole 0 {:hash_depth=>0, :method_arg=>true}))
  (int 0))
BASETYPE: Integer
SIZE WORK_LIST: 163
SIZE generated: 5
EVALUABLE#: 4

-------------------------

----------------
TTYPES
Integer

PROGS

LOCAL_COUNT: 81
GLOBAL_COUNT: 81

BASE_AFTER:
(begin
  (send
    (lvar :arg0) :count=
    (int 0))
  (send
    (hole 0 {:hash_depth=>0, :limit_depth=>true, :recv=>true}) :diaspora_user=
    (hole 0 {:hash_depth=>0, :method_arg=>true}))
  (int 0))
BASETYPE: Integer
SIZE WORK_LIST: 166
SIZE generated: 1
EVALUABLE#: 0

-------------------------

----------------
TTYPES
Integer
Integer
Integer
Integer
Integer

PROGS

LOCAL_COUNT: 82
GLOBAL_COUNT: 82

BASE_AFTER:
(begin
  (send
    (lvar :arg0) :count=
    (int 1))
  (send
    (hole 0 {:hash_depth=>0, :limit_depth=>true, :recv=>true}) :count=
    (hole 0 {:hash_depth=>0, :method_arg=>true}))
  (int 0))
BASETYPE: Integer
SIZE WORK_LIST: 166
SIZE generated: 5
EVALUABLE#: 4

-------------------------

----------------
TTYPES
Integer

PROGS

LOCAL_COUNT: 83
GLOBAL_COUNT: 83

BASE_AFTER:
(begin
  (send
    (lvar :arg0) :count=
    (int 1))
  (send
    (hole 0 {:hash_depth=>0, :limit_depth=>true, :recv=>true}) :diaspora_user=
    (hole 0 {:hash_depth=>0, :method_arg=>true}))
  (int 0))
BASETYPE: Integer
SIZE WORK_LIST: 169
SIZE generated: 1
EVALUABLE#: 0

-------------------------

----------------
TTYPES
Integer
Integer
Integer
Integer
Integer

PROGS

LOCAL_COUNT: 84
GLOBAL_COUNT: 84

BASE_AFTER:
(begin
  (lvasgn :t0
    (int 0))
  (send
    (lvar :arg0) :count=
    (lvar :t0))
  (send
    (hole 0 {:hash_depth=>0, :limit_depth=>true, :recv=>true}) :count=
    (hole 0 {:hash_depth=>0, :method_arg=>true}))
  (lvar :t0))
BASETYPE: Integer
SIZE WORK_LIST: 169
SIZE generated: 5
EVALUABLE#: 4

-------------------------

----------------
TTYPES
Integer

PROGS

LOCAL_COUNT: 85
GLOBAL_COUNT: 85

BASE_AFTER:
(begin
  (lvasgn :t0
    (int 0))
  (send
    (lvar :arg0) :count=
    (lvar :t0))
  (send
    (hole 0 {:hash_depth=>0, :limit_depth=>true, :recv=>true}) :diaspora_user=
    (hole 0 {:hash_depth=>0, :method_arg=>true}))
  (lvar :t0))
BASETYPE: Integer
SIZE WORK_LIST: 172
SIZE generated: 1
EVALUABLE#: 0

-------------------------

----------------
TTYPES
Integer
Integer
Integer
Integer
Integer

PROGS

LOCAL_COUNT: 86
GLOBAL_COUNT: 86

BASE_AFTER:
(begin
  (send
    (lvar :arg0) :count=
    (int 0))
  (send
    (hole 0 {:hash_depth=>0, :limit_depth=>true, :recv=>true}) :count=
    (hole 0 {:hash_depth=>0, :method_arg=>true}))
  (int 1))
BASETYPE: Integer
SIZE WORK_LIST: 172
SIZE generated: 5
EVALUABLE#: 4

-------------------------

----------------
TTYPES
Integer

PROGS

LOCAL_COUNT: 87
GLOBAL_COUNT: 87

BASE_AFTER:
(begin
  (send
    (lvar :arg0) :count=
    (int 0))
  (send
    (hole 0 {:hash_depth=>0, :limit_depth=>true, :recv=>true}) :diaspora_user=
    (hole 0 {:hash_depth=>0, :method_arg=>true}))
  (int 1))
BASETYPE: Integer
SIZE WORK_LIST: 175
SIZE generated: 1
EVALUABLE#: 0

-------------------------

----------------
TTYPES
Integer
Integer
Integer
Integer
Integer

PROGS

LOCAL_COUNT: 88
GLOBAL_COUNT: 88

BASE_AFTER:
(begin
  (send
    (lvar :arg0) :count=
    (int 1))
  (send
    (hole 0 {:hash_depth=>0, :limit_depth=>true, :recv=>true}) :count=
    (hole 0 {:hash_depth=>0, :method_arg=>true}))
  (int 1))
BASETYPE: Integer
SIZE WORK_LIST: 175
SIZE generated: 5
EVALUABLE#: 4

-------------------------

----------------
TTYPES
Integer

PROGS

LOCAL_COUNT: 89
GLOBAL_COUNT: 89

BASE_AFTER:
(begin
  (send
    (lvar :arg0) :count=
    (int 1))
  (send
    (hole 0 {:hash_depth=>0, :limit_depth=>true, :recv=>true}) :diaspora_user=
    (hole 0 {:hash_depth=>0, :method_arg=>true}))
  (int 1))
BASETYPE: Integer
SIZE WORK_LIST: 178
SIZE generated: 1
EVALUABLE#: 0

-------------------------

----------------
TTYPES
Integer
Integer
Integer
Integer
Integer

PROGS

LOCAL_COUNT: 90
GLOBAL_COUNT: 90

BASE_AFTER:
(begin
  (lvasgn :t0
    (int 1))
  (send
    (lvar :arg0) :count=
    (lvar :t0))
  (send
    (hole 0 {:hash_depth=>0, :limit_depth=>true, :recv=>true}) :count=
    (hole 0 {:hash_depth=>0, :method_arg=>true}))
  (lvar :t0))
BASETYPE: Integer
SIZE WORK_LIST: 178
SIZE generated: 5
EVALUABLE#: 4

-------------------------

----------------
TTYPES
Integer

PROGS

LOCAL_COUNT: 91
GLOBAL_COUNT: 91

BASE_AFTER:
(begin
  (lvasgn :t0
    (int 1))
  (send
    (lvar :arg0) :count=
    (lvar :t0))
  (send
    (hole 0 {:hash_depth=>0, :limit_depth=>true, :recv=>true}) :diaspora_user=
    (hole 0 {:hash_depth=>0, :method_arg=>true}))
  (lvar :t0))
BASETYPE: Integer
SIZE WORK_LIST: 181
SIZE generated: 1
EVALUABLE#: 0

-------------------------

----------------
TTYPES
Integer
Integer
Integer
Integer
Integer

PROGS

LOCAL_COUNT: 92
GLOBAL_COUNT: 92

BASE_AFTER:
(begin
  (send
    (lvar :arg0) :count=
    (int 0))
  (send
    (hole 0 {:hash_depth=>0, :limit_depth=>true, :recv=>true}) :count=
    (hole 0 {:hash_depth=>0, :method_arg=>true}))
  (int 2))
BASETYPE: Integer
SIZE WORK_LIST: 181
SIZE generated: 5
EVALUABLE#: 4

-------------------------

----------------
TTYPES
Integer

PROGS

LOCAL_COUNT: 93
GLOBAL_COUNT: 93

BASE_AFTER:
(begin
  (send
    (lvar :arg0) :count=
    (int 0))
  (send
    (hole 0 {:hash_depth=>0, :limit_depth=>true, :recv=>true}) :diaspora_user=
    (hole 0 {:hash_depth=>0, :method_arg=>true}))
  (int 2))
BASETYPE: Integer
SIZE WORK_LIST: 183
SIZE generated: 1
EVALUABLE#: 0

-------------------------

----------------
TTYPES
Integer
Integer
Integer
Integer
Integer

PROGS

LOCAL_COUNT: 94
GLOBAL_COUNT: 94

BASE_AFTER:
(begin
  (send
    (lvar :arg0) :count=
    (int 1))
  (send
    (hole 0 {:hash_depth=>0, :limit_depth=>true, :recv=>true}) :count=
    (hole 0 {:hash_depth=>0, :method_arg=>true}))
  (int 2))
BASETYPE: Integer
SIZE WORK_LIST: 183
SIZE generated: 5
EVALUABLE#: 4

-------------------------

----------------
TTYPES
Integer

PROGS

LOCAL_COUNT: 95
GLOBAL_COUNT: 95

BASE_AFTER:
(begin
  (send
    (lvar :arg0) :count=
    (int 1))
  (send
    (hole 0 {:hash_depth=>0, :limit_depth=>true, :recv=>true}) :diaspora_user=
    (hole 0 {:hash_depth=>0, :method_arg=>true}))
  (int 2))
BASETYPE: Integer
SIZE WORK_LIST: 185
SIZE generated: 1
EVALUABLE#: 0

-------------------------

----------------
TTYPES
String
String
String
String

PROGS

LOCAL_COUNT: 96
GLOBAL_COUNT: 96

BASE_AFTER:
(begin
  (send
    (lvar :arg0) :count=
    (int 0))
  (send
    (hole 0 {:hash_depth=>0, :limit_depth=>true, :recv=>true}) :count=
    (hole 0 {:hash_depth=>0, :method_arg=>true}))
  (str ""))
BASETYPE: String
SIZE WORK_LIST: 185
SIZE generated: 4
EVALUABLE#: 3

-------------------------

----------------
TTYPES
String

PROGS

LOCAL_COUNT: 97
GLOBAL_COUNT: 97

BASE_AFTER:
(begin
  (send
    (lvar :arg0) :count=
    (int 0))
  (send
    (hole 0 {:hash_depth=>0, :limit_depth=>true, :recv=>true}) :diaspora_user=
    (hole 0 {:hash_depth=>0, :method_arg=>true}))
  (str ""))
BASETYPE: String
SIZE WORK_LIST: 187
SIZE generated: 1
EVALUABLE#: 0

-------------------------

----------------
TTYPES
String
String
String
String

PROGS

LOCAL_COUNT: 98
GLOBAL_COUNT: 98

BASE_AFTER:
(begin
  (send
    (lvar :arg0) :count=
    (int 1))
  (send
    (hole 0 {:hash_depth=>0, :limit_depth=>true, :recv=>true}) :count=
    (hole 0 {:hash_depth=>0, :method_arg=>true}))
  (str ""))
BASETYPE: String
SIZE WORK_LIST: 187
SIZE generated: 4
EVALUABLE#: 3

-------------------------

----------------
TTYPES
String

PROGS

LOCAL_COUNT: 99
GLOBAL_COUNT: 99

BASE_AFTER:
(begin
  (send
    (lvar :arg0) :count=
    (int 1))
  (send
    (hole 0 {:hash_depth=>0, :limit_depth=>true, :recv=>true}) :diaspora_user=
    (hole 0 {:hash_depth=>0, :method_arg=>true}))
  (str ""))
BASETYPE: String
SIZE WORK_LIST: 189
SIZE generated: 1
EVALUABLE#: 0

-------------------------

----------------
TTYPES
Integer
Integer
Integer
Integer
Integer
Integer
Integer
Integer
Integer
Integer
Integer
Integer
Integer
Integer
Integer
Integer

PROGS

LOCAL_COUNT: 100
GLOBAL_COUNT: 100

BASE_AFTER:
(begin
  (send
    (send
      (filled-hole
        (lvar :arg0) {:method_arg=>false}) :id=
      (filled-hole
        (int 0)
        (int 1)
        (int 2)
        (hole 1 {:hash_depth=>0, :method_arg=>true, :variance=>:+}) {:method_arg=>true})) :-
    (filled-hole
      (int 0)
      (int 1)
      (int 2)
      (hole 1 {:hash_depth=>0, :method_arg=>true, :variance=>:+}) {:method_arg=>true})))
BASETYPE: Integer
SIZE WORK_LIST: 189
SIZE generated: 16
EVALUABLE#: 9

-------------------------

----------------
TTYPES
Integer
Integer
Integer
Integer

PROGS

LOCAL_COUNT: 101
GLOBAL_COUNT: 101

BASE_AFTER:
(begin
  (send
    (send
      (filled-hole
        (lvar :arg0) {:method_arg=>false}) :id) :-
    (filled-hole
      (int 0)
      (int 1)
      (int 2)
      (hole 1 {:hash_depth=>0, :method_arg=>true, :variance=>:+}) {:method_arg=>true})))
BASETYPE: Integer
SIZE WORK_LIST: 204
SIZE generated: 4
EVALUABLE#: 3

-------------------------

----------------
TTYPES
Integer
Integer
Integer
Integer
Integer
Integer
Integer
Integer
Integer
Integer
Integer
Integer
Integer
Integer
Integer
Integer

PROGS

LOCAL_COUNT: 102
GLOBAL_COUNT: 102

BASE_AFTER:
(begin
  (send
    (send
      (filled-hole
        (lvar :arg0) {:method_arg=>false}) :diaspora_user_id=
      (filled-hole
        (int 0)
        (int 1)
        (int 2)
        (hole 1 {:hash_depth=>0, :method_arg=>true, :variance=>:+}) {:method_arg=>true})) :-
    (filled-hole
      (int 0)
      (int 1)
      (int 2)
      (hole 1 {:hash_depth=>0, :method_arg=>true, :variance=>:+}) {:method_arg=>true})))
BASETYPE: Integer
SIZE WORK_LIST: 207
SIZE generated: 16
EVALUABLE#: 9

-------------------------

----------------
TTYPES
Integer
Integer
Integer
Integer

PROGS

LOCAL_COUNT: 103
GLOBAL_COUNT: 103

BASE_AFTER:
(begin
  (send
    (send
      (filled-hole
        (lvar :arg0) {:method_arg=>false}) :diaspora_user_id) :-
    (filled-hole
      (int 0)
      (int 1)
      (int 2)
      (hole 1 {:hash_depth=>0, :method_arg=>true, :variance=>:+}) {:method_arg=>true})))
BASETYPE: Integer
SIZE WORK_LIST: 222
SIZE generated: 4
EVALUABLE#: 3

-------------------------

----------------
TTYPES
Integer
Integer
Integer
Integer
Integer
Integer
Integer
Integer
Integer
Integer
Integer
Integer
Integer
Integer
Integer
Integer

PROGS

LOCAL_COUNT: 104
GLOBAL_COUNT: 104

BASE_AFTER:
(begin
  (send
    (send
      (filled-hole
        (lvar :arg0) {:method_arg=>false}) :count=
      (filled-hole
        (int 0)
        (int 1)
        (int 2)
        (hole 1 {:hash_depth=>0, :method_arg=>true, :variance=>:+}) {:method_arg=>true})) :-
    (filled-hole
      (int 0)
      (int 1)
      (int 2)
      (hole 1 {:hash_depth=>0, :method_arg=>true, :variance=>:+}) {:method_arg=>true})))
BASETYPE: Integer
SIZE WORK_LIST: 222
SIZE generated: 16
EVALUABLE#: 9

-------------------------

----------------
TTYPES
Integer
Integer
Integer
Integer

PROGS

LOCAL_COUNT: 105
GLOBAL_COUNT: 105

BASE_AFTER:
(begin
  (send
    (begin
      (send
        (filled-hole
          (lvar :arg0) {:method_arg=>false}) :count)) :-
    (filled-hole
      (int 0)
      (int 1)
      (int 2)
      (hole 1 {:hash_depth=>0, :method_arg=>true, :variance=>:+}) {:method_arg=>true})))
BASETYPE: Integer
SIZE WORK_LIST: 234
SIZE generated: 4
EVALUABLE#: 3

-------------------------

----------------
TTYPES
true or false
true or false
true or false
true or false

PROGS

LOCAL_COUNT: 106
GLOBAL_COUNT: 106

BASE_AFTER:
(begin
  (send
    (lvar :arg0) :count=
    (send
      (hole 0 {:hash_depth=>0, :limit_depth=>true, :recv=>true}) :id=
      (hole 0 {:hash_depth=>0, :method_arg=>true})))
  (true))
BASETYPE: true or false
SIZE WORK_LIST: 237
SIZE generated: 4
EVALUABLE#: 3

-------------------------

----------------
TTYPES
true or false

PROGS

LOCAL_COUNT: 107
GLOBAL_COUNT: 107

BASE_AFTER:
(begin
  (send
    (lvar :arg0) :count=
    (send
      (hole 0 {:hash_depth=>0, :limit_depth=>true, :recv=>true}) :id))
  (true))
BASETYPE: true or false
SIZE WORK_LIST: 239
SIZE generated: 1
EVALUABLE#: 1

-------------------------

----------------
TTYPES
true or false
true or false
true or false
true or false

PROGS

LOCAL_COUNT: 108
GLOBAL_COUNT: 108

BASE_AFTER:
(begin
  (send
    (lvar :arg0) :count=
    (send
      (hole 0 {:hash_depth=>0, :limit_depth=>true, :recv=>true}) :diaspora_user_id=
      (hole 0 {:hash_depth=>0, :method_arg=>true})))
  (true))
BASETYPE: true or false
SIZE WORK_LIST: 239
SIZE generated: 4
EVALUABLE#: 3

-------------------------

----------------
TTYPES
true or false

PROGS

LOCAL_COUNT: 109
GLOBAL_COUNT: 109

BASE_AFTER:
(begin
  (send
    (lvar :arg0) :count=
    (send
      (hole 0 {:hash_depth=>0, :limit_depth=>true, :recv=>true}) :diaspora_user_id))
  (true))
BASETYPE: true or false
SIZE WORK_LIST: 241
SIZE generated: 1
EVALUABLE#: 1

-------------------------

----------------
TTYPES
true or false
true or false
true or false
true or false

PROGS

LOCAL_COUNT: 110
GLOBAL_COUNT: 110

BASE_AFTER:
(begin
  (send
    (lvar :arg0) :count=
    (send
      (hole 0 {:hash_depth=>0, :limit_depth=>true, :recv=>true}) :count=
      (hole 0 {:hash_depth=>0, :method_arg=>true})))
  (true))
BASETYPE: true or false
SIZE WORK_LIST: 240
SIZE generated: 4
EVALUABLE#: 3

-------------------------

----------------
TTYPES
true or false

PROGS

LOCAL_COUNT: 111
GLOBAL_COUNT: 111

BASE_AFTER:
(begin
  (send
    (lvar :arg0) :count=
    (begin
      (send
        (hole 0 {:hash_depth=>0, :limit_depth=>true, :recv=>true}) :count)))
  (true))
BASETYPE: true or false
SIZE WORK_LIST: 242
SIZE generated: 1
EVALUABLE#: 1

-------------------------

----------------
TTYPES
true or false

PROGS

LOCAL_COUNT: 113
GLOBAL_COUNT: 112

BASE_AFTER:
(begin
  (send
    (lvar :arg0) :diaspora_user=
    (send
      (hole 0 {:hash_depth=>0, :limit_depth=>true, :recv=>true}) :diaspora_user))
  (true))
BASETYPE: true or false
SIZE WORK_LIST: 241
SIZE generated: 1
EVALUABLE#: 1

-------------------------

----------------
TTYPES
true or false

PROGS

LOCAL_COUNT: 114
GLOBAL_COUNT: 113

BASE_AFTER:
(begin
  (send
    (lvar :arg0) :diaspora_user=
    (send
      (hole 0 {:hash_depth=>0, :limit_depth=>true, :recv=>true}) :diaspora_user=
      (hole 0 {:hash_depth=>0, :method_arg=>true})))
  (true))
BASETYPE: true or false
SIZE WORK_LIST: 241
SIZE generated: 1
EVALUABLE#: 0

-------------------------

----------------
TTYPES
true or false
true or false
true or false
true or false

PROGS

LOCAL_COUNT: 115
GLOBAL_COUNT: 114

BASE_AFTER:
(begin
  (send
    (lvar :arg0) :count=
    (send
      (hole 0 {:hash_depth=>0, :limit_depth=>true, :recv=>true}) :id=
      (hole 0 {:hash_depth=>0, :method_arg=>true})))
  (false))
BASETYPE: true or false
SIZE WORK_LIST: 241
SIZE generated: 4
EVALUABLE#: 3

-------------------------

----------------
TTYPES
true or false

PROGS

LOCAL_COUNT: 116
GLOBAL_COUNT: 115

BASE_AFTER:
(begin
  (send
    (lvar :arg0) :count=
    (send
      (hole 0 {:hash_depth=>0, :limit_depth=>true, :recv=>true}) :id))
  (false))
BASETYPE: true or false
SIZE WORK_LIST: 243
SIZE generated: 1
EVALUABLE#: 1

-------------------------

----------------
TTYPES
true or false
true or false
true or false
true or false

PROGS

LOCAL_COUNT: 117
GLOBAL_COUNT: 116

BASE_AFTER:
(begin
  (send
    (lvar :arg0) :count=
    (send
      (hole 0 {:hash_depth=>0, :limit_depth=>true, :recv=>true}) :diaspora_user_id=
      (hole 0 {:hash_depth=>0, :method_arg=>true})))
  (false))
BASETYPE: true or false
SIZE WORK_LIST: 243
SIZE generated: 4
EVALUABLE#: 3

-------------------------

----------------
TTYPES
true or false

PROGS

LOCAL_COUNT: 118
GLOBAL_COUNT: 117

BASE_AFTER:
(begin
  (send
    (lvar :arg0) :count=
    (send
      (hole 0 {:hash_depth=>0, :limit_depth=>true, :recv=>true}) :diaspora_user_id))
  (false))
BASETYPE: true or false
SIZE WORK_LIST: 245
SIZE generated: 1
EVALUABLE#: 1

-------------------------

----------------
TTYPES
true or false
true or false
true or false
true or false

PROGS

LOCAL_COUNT: 119
GLOBAL_COUNT: 118

BASE_AFTER:
(begin
  (send
    (lvar :arg0) :count=
    (send
      (hole 0 {:hash_depth=>0, :limit_depth=>true, :recv=>true}) :count=
      (hole 0 {:hash_depth=>0, :method_arg=>true})))
  (false))
BASETYPE: true or false
SIZE WORK_LIST: 244
SIZE generated: 4
EVALUABLE#: 3

-------------------------

----------------
TTYPES
true or false

PROGS

LOCAL_COUNT: 120
GLOBAL_COUNT: 119

BASE_AFTER:
(begin
  (send
    (lvar :arg0) :count=
    (begin
      (send
        (hole 0 {:hash_depth=>0, :limit_depth=>true, :recv=>true}) :count)))
  (false))
BASETYPE: true or false
SIZE WORK_LIST: 246
SIZE generated: 1
EVALUABLE#: 1

-------------------------

----------------
TTYPES
true or false

PROGS

LOCAL_COUNT: 122
GLOBAL_COUNT: 120

BASE_AFTER:
(begin
  (send
    (lvar :arg0) :diaspora_user=
    (send
      (hole 0 {:hash_depth=>0, :limit_depth=>true, :recv=>true}) :diaspora_user))
  (false))
BASETYPE: true or false
SIZE WORK_LIST: 245
SIZE generated: 1
EVALUABLE#: 1

-------------------------

----------------
TTYPES
true or false

PROGS

LOCAL_COUNT: 123
GLOBAL_COUNT: 121

BASE_AFTER:
(begin
  (send
    (lvar :arg0) :diaspora_user=
    (send
      (hole 0 {:hash_depth=>0, :limit_depth=>true, :recv=>true}) :diaspora_user=
      (hole 0 {:hash_depth=>0, :method_arg=>true})))
  (false))
BASETYPE: true or false
SIZE WORK_LIST: 245
SIZE generated: 1
EVALUABLE#: 0

-------------------------

----------------
TTYPES
Integer
Integer
Integer
Integer
Integer

PROGS

LOCAL_COUNT: 124
GLOBAL_COUNT: 122

BASE_AFTER:
(begin
  (send
    (lvar :arg0) :count=
    (send
      (hole 0 {:hash_depth=>0, :limit_depth=>true, :recv=>true}) :id=
      (hole 0 {:hash_depth=>0, :method_arg=>true})))
  (int 0))
BASETYPE: Integer
SIZE WORK_LIST: 245
SIZE generated: 5
EVALUABLE#: 4

-------------------------

----------------
TTYPES
Integer

PROGS

LOCAL_COUNT: 125
GLOBAL_COUNT: 123

BASE_AFTER:
(begin
  (send
    (lvar :arg0) :count=
    (send
      (hole 0 {:hash_depth=>0, :limit_depth=>true, :recv=>true}) :id))
  (int 0))
BASETYPE: Integer
SIZE WORK_LIST: 248
SIZE generated: 1
EVALUABLE#: 1

-------------------------

----------------
TTYPES
Integer
Integer
Integer
Integer
Integer

PROGS

LOCAL_COUNT: 126
GLOBAL_COUNT: 124

BASE_AFTER:
(begin
  (send
    (lvar :arg0) :count=
    (send
      (hole 0 {:hash_depth=>0, :limit_depth=>true, :recv=>true}) :diaspora_user_id=
      (hole 0 {:hash_depth=>0, :method_arg=>true})))
  (int 0))
BASETYPE: Integer
SIZE WORK_LIST: 248
SIZE generated: 5
EVALUABLE#: 4

-------------------------

----------------
TTYPES
Integer

PROGS

LOCAL_COUNT: 127
GLOBAL_COUNT: 125

BASE_AFTER:
(begin
  (send
    (lvar :arg0) :count=
    (send
      (hole 0 {:hash_depth=>0, :limit_depth=>true, :recv=>true}) :diaspora_user_id))
  (int 0))
BASETYPE: Integer
SIZE WORK_LIST: 251
SIZE generated: 1
EVALUABLE#: 1

-------------------------

----------------
TTYPES
Integer
Integer
Integer
Integer
Integer

PROGS

LOCAL_COUNT: 128
GLOBAL_COUNT: 126

BASE_AFTER:
(begin
  (send
    (lvar :arg0) :count=
    (send
      (hole 0 {:hash_depth=>0, :limit_depth=>true, :recv=>true}) :count=
      (hole 0 {:hash_depth=>0, :method_arg=>true})))
  (int 0))
BASETYPE: Integer
SIZE WORK_LIST: 250
SIZE generated: 5
EVALUABLE#: 4

-------------------------

----------------
TTYPES
Integer

PROGS

LOCAL_COUNT: 129
GLOBAL_COUNT: 127

BASE_AFTER:
(begin
  (send
    (lvar :arg0) :count=
    (begin
      (send
        (hole 0 {:hash_depth=>0, :limit_depth=>true, :recv=>true}) :count)))
  (int 0))
BASETYPE: Integer
SIZE WORK_LIST: 253
SIZE generated: 1
EVALUABLE#: 1

-------------------------

----------------
TTYPES
Integer

PROGS

LOCAL_COUNT: 131
GLOBAL_COUNT: 128

BASE_AFTER:
(begin
  (send
    (lvar :arg0) :diaspora_user=
    (send
      (hole 0 {:hash_depth=>0, :limit_depth=>true, :recv=>true}) :diaspora_user))
  (int 0))
BASETYPE: Integer
SIZE WORK_LIST: 252
SIZE generated: 1
EVALUABLE#: 1

-------------------------

----------------
TTYPES
Integer

PROGS

LOCAL_COUNT: 132
GLOBAL_COUNT: 129

BASE_AFTER:
(begin
  (send
    (lvar :arg0) :diaspora_user=
    (send
      (hole 0 {:hash_depth=>0, :limit_depth=>true, :recv=>true}) :diaspora_user=
      (hole 0 {:hash_depth=>0, :method_arg=>true})))
  (int 0))
BASETYPE: Integer
SIZE WORK_LIST: 252
SIZE generated: 1
EVALUABLE#: 0

-------------------------

----------------
TTYPES
Integer
Integer
Integer
Integer
Integer

PROGS

LOCAL_COUNT: 133
GLOBAL_COUNT: 130

BASE_AFTER:
(begin
  (send
    (lvar :arg0) :count=
    (send
      (hole 0 {:hash_depth=>0, :limit_depth=>true, :recv=>true}) :id=
      (hole 0 {:hash_depth=>0, :method_arg=>true})))
  (int 1))
BASETYPE: Integer
SIZE WORK_LIST: 252
SIZE generated: 5
EVALUABLE#: 4

-------------------------

----------------
TTYPES
Integer

PROGS

LOCAL_COUNT: 134
GLOBAL_COUNT: 131

BASE_AFTER:
(begin
  (send
    (lvar :arg0) :count=
    (send
      (hole 0 {:hash_depth=>0, :limit_depth=>true, :recv=>true}) :id))
  (int 1))
BASETYPE: Integer
SIZE WORK_LIST: 255
SIZE generated: 1
EVALUABLE#: 1

-------------------------

----------------
TTYPES
Integer
Integer
Integer
Integer
Integer

PROGS

LOCAL_COUNT: 135
GLOBAL_COUNT: 132

BASE_AFTER:
(begin
  (send
    (lvar :arg0) :count=
    (send
      (hole 0 {:hash_depth=>0, :limit_depth=>true, :recv=>true}) :diaspora_user_id=
      (hole 0 {:hash_depth=>0, :method_arg=>true})))
  (int 1))
BASETYPE: Integer
SIZE WORK_LIST: 255
SIZE generated: 5
EVALUABLE#: 4

-------------------------

----------------
TTYPES
Integer

PROGS

LOCAL_COUNT: 136
GLOBAL_COUNT: 133

BASE_AFTER:
(begin
  (send
    (lvar :arg0) :count=
    (send
      (hole 0 {:hash_depth=>0, :limit_depth=>true, :recv=>true}) :diaspora_user_id))
  (int 1))
BASETYPE: Integer
SIZE WORK_LIST: 258
SIZE generated: 1
EVALUABLE#: 1

-------------------------

----------------
TTYPES
Integer
Integer
Integer
Integer
Integer

PROGS

LOCAL_COUNT: 137
GLOBAL_COUNT: 134

BASE_AFTER:
(begin
  (send
    (lvar :arg0) :count=
    (send
      (hole 0 {:hash_depth=>0, :limit_depth=>true, :recv=>true}) :count=
      (hole 0 {:hash_depth=>0, :method_arg=>true})))
  (int 1))
BASETYPE: Integer
SIZE WORK_LIST: 257
SIZE generated: 5
EVALUABLE#: 4

-------------------------

----------------
TTYPES
Integer

PROGS

LOCAL_COUNT: 138
GLOBAL_COUNT: 135

BASE_AFTER:
(begin
  (send
    (lvar :arg0) :count=
    (begin
      (send
        (hole 0 {:hash_depth=>0, :limit_depth=>true, :recv=>true}) :count)))
  (int 1))
BASETYPE: Integer
SIZE WORK_LIST: 260
SIZE generated: 1
EVALUABLE#: 1

-------------------------

----------------
TTYPES
Integer

PROGS

LOCAL_COUNT: 140
GLOBAL_COUNT: 136

BASE_AFTER:
(begin
  (send
    (lvar :arg0) :diaspora_user=
    (send
      (hole 0 {:hash_depth=>0, :limit_depth=>true, :recv=>true}) :diaspora_user))
  (int 1))
BASETYPE: Integer
SIZE WORK_LIST: 259
SIZE generated: 1
EVALUABLE#: 1

-------------------------

----------------
TTYPES
Integer

PROGS

LOCAL_COUNT: 141
GLOBAL_COUNT: 137

BASE_AFTER:
(begin
  (send
    (lvar :arg0) :diaspora_user=
    (send
      (hole 0 {:hash_depth=>0, :limit_depth=>true, :recv=>true}) :diaspora_user=
      (hole 0 {:hash_depth=>0, :method_arg=>true})))
  (int 1))
BASETYPE: Integer
SIZE WORK_LIST: 259
SIZE generated: 1
EVALUABLE#: 0

-------------------------

----------------
TTYPES
Integer
Integer
Integer
Integer
Integer

PROGS

LOCAL_COUNT: 142
GLOBAL_COUNT: 138

BASE_AFTER:
(begin
  (send
    (lvar :arg0) :count=
    (send
      (hole 0 {:hash_depth=>0, :limit_depth=>true, :recv=>true}) :id=
      (hole 0 {:hash_depth=>0, :method_arg=>true})))
  (int 2))
BASETYPE: Integer
SIZE WORK_LIST: 259
SIZE generated: 5
EVALUABLE#: 4

-------------------------

----------------
TTYPES
Integer

PROGS

LOCAL_COUNT: 143
GLOBAL_COUNT: 139

BASE_AFTER:
(begin
  (send
    (lvar :arg0) :count=
    (send
      (hole 0 {:hash_depth=>0, :limit_depth=>true, :recv=>true}) :id))
  (int 2))
BASETYPE: Integer
SIZE WORK_LIST: 261
SIZE generated: 1
EVALUABLE#: 1

-------------------------

----------------
TTYPES
Integer
Integer
Integer
Integer
Integer

PROGS

LOCAL_COUNT: 144
GLOBAL_COUNT: 140

BASE_AFTER:
(begin
  (send
    (lvar :arg0) :count=
    (send
      (hole 0 {:hash_depth=>0, :limit_depth=>true, :recv=>true}) :diaspora_user_id=
      (hole 0 {:hash_depth=>0, :method_arg=>true})))
  (int 2))
BASETYPE: Integer
SIZE WORK_LIST: 261
SIZE generated: 5
EVALUABLE#: 4

-------------------------

----------------
TTYPES
Integer

PROGS

LOCAL_COUNT: 145
GLOBAL_COUNT: 141

BASE_AFTER:
(begin
  (send
    (lvar :arg0) :count=
    (send
      (hole 0 {:hash_depth=>0, :limit_depth=>true, :recv=>true}) :diaspora_user_id))
  (int 2))
BASETYPE: Integer
SIZE WORK_LIST: 263
SIZE generated: 1
EVALUABLE#: 1

-------------------------

----------------
TTYPES
Integer
Integer
Integer
Integer
Integer

PROGS

LOCAL_COUNT: 146
GLOBAL_COUNT: 142

BASE_AFTER:
(begin
  (send
    (lvar :arg0) :count=
    (send
      (hole 0 {:hash_depth=>0, :limit_depth=>true, :recv=>true}) :count=
      (hole 0 {:hash_depth=>0, :method_arg=>true})))
  (int 2))
BASETYPE: Integer
SIZE WORK_LIST: 262
SIZE generated: 5
EVALUABLE#: 4

-------------------------

----------------
TTYPES
Integer

PROGS

LOCAL_COUNT: 147
GLOBAL_COUNT: 143

BASE_AFTER:
(begin
  (send
    (lvar :arg0) :count=
    (begin
      (send
        (hole 0 {:hash_depth=>0, :limit_depth=>true, :recv=>true}) :count)))
  (int 2))
BASETYPE: Integer
SIZE WORK_LIST: 264
SIZE generated: 1
EVALUABLE#: 1

-------------------------

----------------
TTYPES
Integer

PROGS

LOCAL_COUNT: 149
GLOBAL_COUNT: 144

BASE_AFTER:
(begin
  (send
    (lvar :arg0) :diaspora_user=
    (send
      (hole 0 {:hash_depth=>0, :limit_depth=>true, :recv=>true}) :diaspora_user))
  (int 2))
BASETYPE: Integer
SIZE WORK_LIST: 263
SIZE generated: 1
EVALUABLE#: 1

-------------------------

----------------
TTYPES
Integer

PROGS

LOCAL_COUNT: 150
GLOBAL_COUNT: 145

BASE_AFTER:
(begin
  (send
    (lvar :arg0) :diaspora_user=
    (send
      (hole 0 {:hash_depth=>0, :limit_depth=>true, :recv=>true}) :diaspora_user=
      (hole 0 {:hash_depth=>0, :method_arg=>true})))
  (int 2))
BASETYPE: Integer
SIZE WORK_LIST: 263
SIZE generated: 1
EVALUABLE#: 0

-------------------------

----------------
TTYPES
true or false
true or false
Integer
Integer
Integer
String
%bot

PROGS

LOCAL_COUNT: 1
GLOBAL_COUNT: 146

BASE_AFTER:
(filled-hole
  (true)
  (false)
  (int 0)
  (int 1)
  (int 2)
  (str "")
  (hole 1 {:hash_depth=>0, :method_arg=>false, :variance=>:-}) {:method_arg=>false})
BASETYPE: %bot
SIZE WORK_LIST: 0
SIZE generated: 7
EVALUABLE#: 6

-------------------------

----------------
TTYPES
true or false
true or false

PROGS

LOCAL_COUNT: 2
GLOBAL_COUNT: 147

BASE_AFTER:
(true)
BASETYPE: true or false
SIZE WORK_LIST: 6
SIZE generated: 2
EVALUABLE#: 0

-------------------------

----------------
TTYPES
true or false
true or false

PROGS

LOCAL_COUNT: 3
GLOBAL_COUNT: 148

BASE_AFTER:
(false)
BASETYPE: true or false
SIZE WORK_LIST: 7
SIZE generated: 2
EVALUABLE#: 0

-------------------------

----------------
TTYPES
Integer
Integer

PROGS

LOCAL_COUNT: 4
GLOBAL_COUNT: 149

BASE_AFTER:
(int 0)
BASETYPE: Integer
SIZE WORK_LIST: 8
SIZE generated: 2
EVALUABLE#: 0

-------------------------

----------------
TTYPES
Integer
Integer

PROGS

LOCAL_COUNT: 5
GLOBAL_COUNT: 150

BASE_AFTER:
(int 1)
BASETYPE: Integer
SIZE WORK_LIST: 9
SIZE generated: 2
EVALUABLE#: 0

-------------------------

----------------
TTYPES
Integer
Integer

PROGS

LOCAL_COUNT: 6
GLOBAL_COUNT: 151

BASE_AFTER:
(int 2)
BASETYPE: Integer
SIZE WORK_LIST: 10
SIZE generated: 2
EVALUABLE#: 0

-------------------------

----------------
TTYPES
String
String

PROGS

LOCAL_COUNT: 7
GLOBAL_COUNT: 152

BASE_AFTER:
(str "")
BASETYPE: String
SIZE WORK_LIST: 11
SIZE generated: 2
EVALUABLE#: 0

-------------------------

----------------
TTYPES
%bot

PROGS

LOCAL_COUNT: 8
GLOBAL_COUNT: 153

BASE_AFTER:
(filled-hole
  (hole 2 {:hash_depth=>0, :method_arg=>false, :variance=>:-}) {:method_arg=>false})
BASETYPE: %bot
SIZE WORK_LIST: 12
SIZE generated: 1
EVALUABLE#: 0

-------------------------

----------------
TTYPES
true or false
true or false
true or false
true or false

PROGS

LOCAL_COUNT: 9
GLOBAL_COUNT: 154

BASE_AFTER:
(begin
  (send
    (hole 0 {:hash_depth=>0, :limit_depth=>true, :recv=>true}) :count=
    (hole 0 {:hash_depth=>0, :method_arg=>true}))
  (true))
BASETYPE: true or false
SIZE WORK_LIST: 12
SIZE generated: 4
EVALUABLE#: 3

-------------------------

----------------
TTYPES
true or false

PROGS

LOCAL_COUNT: 1
GLOBAL_COUNT: 155

BASE_AFTER:
(filled-hole
  (hole 1 {:hash_depth=>0, :method_arg=>false, :variance=>:+}) {:method_arg=>false})
BASETYPE: true or false
SIZE WORK_LIST: 0
SIZE generated: 1
EVALUABLE#: 0

-------------------------

----------------
TTYPES
true or false
true or false

PROGS

LOCAL_COUNT: 2
GLOBAL_COUNT: 156

BASE_AFTER:
(filled-hole
  (begin
    (send
      (hole 0 {:hash_depth=>0, :limit_depth=>true, :recv=>true}) :-
      (hole 0 {:hash_depth=>0, :method_arg=>true})))
  (begin
    (send
      (hole 0 {:hash_depth=>0, :limit_depth=>true, :recv=>true}) :save))
  (begin
    (send
      (hole 0 {:hash_depth=>0, :limit_depth=>true, :recv=>true}) :count))
  (begin
    (send
      (hole 0 {:hash_depth=>0, :limit_depth=>true, :recv=>true}) :-
      (hole 0 {:hash_depth=>0, :method_arg=>true})))
  (begin
    (send
      (hole 0 {:hash_depth=>0, :limit_depth=>true, :recv=>true}) :save))
  (hole 2 {:hash_depth=>0, :method_arg=>false, :variance=>:+}) {:method_arg=>false})
BASETYPE: true or false
SIZE WORK_LIST: 0
SIZE generated: 2
EVALUABLE#: 0

-------------------------

----------------
TTYPES
true or false

PROGS

LOCAL_COUNT: 3
GLOBAL_COUNT: 157

BASE_AFTER:
(begin
  (send
    (filled-hole
      (lvar InvitationCode(id: integer, token: string, diaspora_user_id: integer, count: integer)) {:method_arg=>false}) :save))
BASETYPE: true or false
SIZE WORK_LIST: 1
SIZE generated: 1
EVALUABLE#: 1

-------------------------

----------------
TTYPES
Integer
true or false
Integer
true or false
true or false
true or false
Integer
true or false
Integer
true or false
Integer
true or false
Integer
true or false
true or false
true or false
true or false
true or false
true or false
true or false
true or false
true or false
true or false
true or false
true or false
true or false
true or false
true or false
true or false
true or false
true or false
true or false
true or false
true or false
true or false
true or false
Integer
true or false
true or false
true or false
true or false
true or false
true or false
true or false
true or false
true or false
true or false
true or false
true or false
true or false
true or false
true or false
true or false
true or false
true or false
true or false
true or false
true or false
true or false
Integer
true or false
true or false

PROGS

LOCAL_COUNT: 4
GLOBAL_COUNT: 158

BASE_AFTER:
(filled-hole
  (begin
    (send
      (send
        (hole 0 {:hash_depth=>0, :limit_depth=>true, :recv=>true}) :id=
        (hole 0 {:hash_depth=>0, :method_arg=>true})) :-
      (hole 0 {:hash_depth=>0, :method_arg=>true})))
  (begin
    (send
      (send
        (hole 0 {:hash_depth=>0, :limit_depth=>true, :recv=>true}) :id=
        (hole 0 {:hash_depth=>0, :method_arg=>true})) :-
      (hole 0 {:hash_depth=>0, :method_arg=>true})))
  (begin
    (send
      (send
        (hole 0 {:hash_depth=>0, :limit_depth=>true, :recv=>true}) :id=
        (hole 0 {:hash_depth=>0, :method_arg=>true})) :-
      (hole 0 {:hash_depth=>0, :method_arg=>true})))
  (begin
    (send
      (send
        (hole 0 {:hash_depth=>0, :limit_depth=>true, :recv=>true}) :id=
        (hole 0 {:hash_depth=>0, :method_arg=>true})) :count))
  (begin
    (send
      (send
        (hole 0 {:hash_depth=>0, :limit_depth=>true, :recv=>true}) :id=
        (hole 0 {:hash_depth=>0, :method_arg=>true})) :save))
  (begin
    (send
      (send
        (hole 0 {:hash_depth=>0, :limit_depth=>true, :recv=>true}) :id) :-
      (hole 0 {:hash_depth=>0, :method_arg=>true})))
  (begin
    (send
      (send
        (hole 0 {:hash_depth=>0, :limit_depth=>true, :recv=>true}) :id) :-
      (hole 0 {:hash_depth=>0, :method_arg=>true})))
  (begin
    (send
      (send
        (hole 0 {:hash_depth=>0, :limit_depth=>true, :recv=>true}) :id) :-
      (hole 0 {:hash_depth=>0, :method_arg=>true})))
  (begin
    (send
      (send
        (hole 0 {:hash_depth=>0, :limit_depth=>true, :recv=>true}) :id) :count))
  (begin
    (send
      (send
        (hole 0 {:hash_depth=>0, :limit_depth=>true, :recv=>true}) :id) :save))
  (begin
    (send
      (send
        (hole 0 {:hash_depth=>0, :limit_depth=>true, :recv=>true}) :token=
        (hole 0 {:hash_depth=>0, :method_arg=>true})) :count))
  (begin
    (send
      (send
        (hole 0 {:hash_depth=>0, :limit_depth=>true, :recv=>true}) :token=
        (hole 0 {:hash_depth=>0, :method_arg=>true})) :-
      (hole 0 {:hash_depth=>0, :method_arg=>true})))
  (begin
    (send
      (send
        (hole 0 {:hash_depth=>0, :limit_depth=>true, :recv=>true}) :token=
        (hole 0 {:hash_depth=>0, :method_arg=>true})) :save))
  (begin
    (send
      (send
        (hole 0 {:hash_depth=>0, :limit_depth=>true, :recv=>true}) :token) :count))
  (begin
    (send
      (send
        (hole 0 {:hash_depth=>0, :limit_depth=>true, :recv=>true}) :token) :-
      (hole 0 {:hash_depth=>0, :method_arg=>true})))
  (begin
    (send
      (send
        (hole 0 {:hash_depth=>0, :limit_depth=>true, :recv=>true}) :token) :save))
  (begin
    (send
      (send
        (hole 0 {:hash_depth=>0, :limit_depth=>true, :recv=>true}) :diaspora_user_id=
        (hole 0 {:hash_depth=>0, :method_arg=>true})) :-
      (hole 0 {:hash_depth=>0, :method_arg=>true})))
  (begin
    (send
      (send
        (hole 0 {:hash_depth=>0, :limit_depth=>true, :recv=>true}) :diaspora_user_id=
        (hole 0 {:hash_depth=>0, :method_arg=>true})) :-
      (hole 0 {:hash_depth=>0, :method_arg=>true})))
  (begin
    (send
      (send
        (hole 0 {:hash_depth=>0, :limit_depth=>true, :recv=>true}) :diaspora_user_id=
        (hole 0 {:hash_depth=>0, :method_arg=>true})) :-
      (hole 0 {:hash_depth=>0, :method_arg=>true})))
  (begin
    (send
      (send
        (hole 0 {:hash_depth=>0, :limit_depth=>true, :recv=>true}) :diaspora_user_id=
        (hole 0 {:hash_depth=>0, :method_arg=>true})) :count))
  (begin
    (send
      (send
        (hole 0 {:hash_depth=>0, :limit_depth=>true, :recv=>true}) :diaspora_user_id=
        (hole 0 {:hash_depth=>0, :method_arg=>true})) :save))
  (begin
    (send
      (send
        (hole 0 {:hash_depth=>0, :limit_depth=>true, :recv=>true}) :diaspora_user_id) :-
      (hole 0 {:hash_depth=>0, :method_arg=>true})))
  (begin
    (send
      (send
        (hole 0 {:hash_depth=>0, :limit_depth=>true, :recv=>true}) :diaspora_user_id) :-
      (hole 0 {:hash_depth=>0, :method_arg=>true})))
  (begin
    (send
      (send
        (hole 0 {:hash_depth=>0, :limit_depth=>true, :recv=>true}) :diaspora_user_id) :-
      (hole 0 {:hash_depth=>0, :method_arg=>true})))
  (begin
    (send
      (send
        (hole 0 {:hash_depth=>0, :limit_depth=>true, :recv=>true}) :diaspora_user_id) :count))
  (begin
    (send
      (send
        (hole 0 {:hash_depth=>0, :limit_depth=>true, :recv=>true}) :diaspora_user_id) :save))
  (begin
    (send
      (send
        (hole 0 {:hash_depth=>0, :limit_depth=>true, :recv=>true}) :count=
        (hole 0 {:hash_depth=>0, :method_arg=>true})) :-
      (hole 0 {:hash_depth=>0, :method_arg=>true})))
  (begin
    (send
      (send
        (hole 0 {:hash_depth=>0, :limit_depth=>true, :recv=>true}) :count=
        (hole 0 {:hash_depth=>0, :method_arg=>true})) :-
      (hole 0 {:hash_depth=>0, :method_arg=>true})))
  (begin
    (send
      (send
        (hole 0 {:hash_depth=>0, :limit_depth=>true, :recv=>true}) :count=
        (hole 0 {:hash_depth=>0, :method_arg=>true})) :-
      (hole 0 {:hash_depth=>0, :method_arg=>true})))
  (begin
    (send
      (send
        (hole 0 {:hash_depth=>0, :limit_depth=>true, :recv=>true}) :count=
        (hole 0 {:hash_depth=>0, :method_arg=>true})) :count))
  (begin
    (send
      (send
        (hole 0 {:hash_depth=>0, :limit_depth=>true, :recv=>true}) :count=
        (hole 0 {:hash_depth=>0, :method_arg=>true})) :save))
  (begin
    (send
      (begin
        (send
          (hole 0 {:hash_depth=>0, :limit_depth=>true, :recv=>true}) :count)) :-
      (hole 0 {:hash_depth=>0, :method_arg=>true})))
  (begin
    (send
      (begin
        (send
          (hole 0 {:hash_depth=>0, :limit_depth=>true, :recv=>true}) :count)) :-
      (hole 0 {:hash_depth=>0, :method_arg=>true})))
  (begin
    (send
      (begin
        (send
          (hole 0 {:hash_depth=>0, :limit_depth=>true, :recv=>true}) :count)) :-
      (hole 0 {:hash_depth=>0, :method_arg=>true})))
  (begin
    (send
      (begin
        (send
          (hole 0 {:hash_depth=>0, :limit_depth=>true, :recv=>true}) :count)) :-
      (hole 0 {:hash_depth=>0, :method_arg=>true})))
  (begin
    (send
      (begin
        (send
          (hole 0 {:hash_depth=>0, :limit_depth=>true, :recv=>true}) :count)) :-
      (hole 0 {:hash_depth=>0, :method_arg=>true})))
  (begin
    (send
      (begin
        (send
          (hole 0 {:hash_depth=>0, :limit_depth=>true, :recv=>true}) :count)) :-
      (hole 0 {:hash_depth=>0, :method_arg=>true})))
  (begin
    (send
      (begin
        (send
          (hole 0 {:hash_depth=>0, :limit_depth=>true, :recv=>true}) :count)) :-
      (hole 0 {:hash_depth=>0, :method_arg=>true})))
  (begin
    (send
      (begin
        (send
          (hole 0 {:hash_depth=>0, :limit_depth=>true, :recv=>true}) :count)) :-
      (hole 0 {:hash_depth=>0, :method_arg=>true})))
  (begin
    (send
      (begin
        (send
          (hole 0 {:hash_depth=>0, :limit_depth=>true, :recv=>true}) :count)) :-
      (hole 0 {:hash_depth=>0, :method_arg=>true})))
  (begin
    (send
      (begin
        (send
          (hole 0 {:hash_depth=>0, :limit_depth=>true, :recv=>true}) :count)) :count))
  (begin
    (send
      (begin
        (send
          (hole 0 {:hash_depth=>0, :limit_depth=>true, :recv=>true}) :count)) :count))
  (begin
    (send
      (begin
        (send
          (hole 0 {:hash_depth=>0, :limit_depth=>true, :recv=>true}) :count)) :count))
  (begin
    (send
      (begin
        (send
          (hole 0 {:hash_depth=>0, :limit_depth=>true, :recv=>true}) :count)) :save))
  (begin
    (send
      (begin
        (send
          (hole 0 {:hash_depth=>0, :limit_depth=>true, :recv=>true}) :count)) :save))
  (begin
    (send
      (begin
        (send
          (hole 0 {:hash_depth=>0, :limit_depth=>true, :recv=>true}) :count)) :save))
  (begin
    (send
      (send
        (hole 0 {:hash_depth=>0, :limit_depth=>true, :recv=>true}) :diaspora_user) :count))
  (begin
    (send
      (send
        (hole 0 {:hash_depth=>0, :limit_depth=>true, :recv=>true}) :diaspora_user) :-
      (hole 0 {:hash_depth=>0, :method_arg=>true})))
  (begin
    (send
      (send
        (hole 0 {:hash_depth=>0, :limit_depth=>true, :recv=>true}) :diaspora_user) :save))
  (begin
    (send
      (send
        (hole 0 {:hash_depth=>0, :limit_depth=>true, :recv=>true}) :diaspora_user=
        (hole 0 {:hash_depth=>0, :method_arg=>true})) :count))
  (begin
    (send
      (send
        (hole 0 {:hash_depth=>0, :limit_depth=>true, :recv=>true}) :diaspora_user=
        (hole 0 {:hash_depth=>0, :method_arg=>true})) :-
      (hole 0 {:hash_depth=>0, :method_arg=>true})))
  (begin
    (send
      (send
        (hole 0 {:hash_depth=>0, :limit_depth=>true, :recv=>true}) :diaspora_user=
        (hole 0 {:hash_depth=>0, :method_arg=>true})) :save))
  (send
    (begin
      (send
        (hole 0 {:hash_depth=>0, :limit_depth=>true, :recv=>true}) :-
        (hole 0 {:hash_depth=>0, :method_arg=>true}))) :confirmed=
    (hole 0 {:hash_depth=>0, :method_arg=>true}))
  (send
    (begin
      (send
        (hole 0 {:hash_depth=>0, :limit_depth=>true, :recv=>true}) :-
        (hole 0 {:hash_depth=>0, :method_arg=>true}))) :confirmed)
  (send
    (begin
      (send
        (hole 0 {:hash_depth=>0, :limit_depth=>true, :recv=>true}) :-
        (hole 0 {:hash_depth=>0, :method_arg=>true}))) :expired=
    (hole 0 {:hash_depth=>0, :method_arg=>true}))
  (send
    (begin
      (send
        (hole 0 {:hash_depth=>0, :limit_depth=>true, :recv=>true}) :-
        (hole 0 {:hash_depth=>0, :method_arg=>true}))) :expired)
  (send
    (begin
      (send
        (hole 0 {:hash_depth=>0, :limit_depth=>true, :recv=>true}) :-
        (hole 0 {:hash_depth=>0, :method_arg=>true}))) :discoverable=
    (hole 0 {:hash_depth=>0, :method_arg=>true}))
  (send
    (begin
      (send
        (hole 0 {:hash_depth=>0, :limit_depth=>true, :recv=>true}) :-
        (hole 0 {:hash_depth=>0, :method_arg=>true}))) :discoverable)
  (send
    (begin
      (send
        (hole 0 {:hash_depth=>0, :limit_depth=>true, :recv=>true}) :-
        (hole 0 {:hash_depth=>0, :method_arg=>true}))) :scheduled_check=
    (hole 0 {:hash_depth=>0, :method_arg=>true}))
  (send
    (begin
      (send
        (hole 0 {:hash_depth=>0, :limit_depth=>true, :recv=>true}) :-
        (hole 0 {:hash_depth=>0, :method_arg=>true}))) :scheduled_check)
  (send
    (begin
      (send
        (hole 0 {:hash_depth=>0, :limit_depth=>true, :recv=>true}) :-
        (hole 0 {:hash_depth=>0, :method_arg=>true}))) :otp_required_for_login=
    (hole 0 {:hash_depth=>0, :method_arg=>true}))
  (send
    (begin
      (send
        (hole 0 {:hash_depth=>0, :limit_depth=>true, :recv=>true}) :-
        (hole 0 {:hash_depth=>0, :method_arg=>true}))) :otp_required_for_login)
  (send
    (begin
      (send
        (hole 0 {:hash_depth=>0, :limit_depth=>true, :recv=>true}) :-
        (hole 0 {:hash_depth=>0, :method_arg=>true}))) :admin=
    (hole 0 {:hash_depth=>0, :method_arg=>true}))
  (send
    (begin
      (send
        (hole 0 {:hash_depth=>0, :limit_depth=>true, :recv=>true}) :-
        (hole 0 {:hash_depth=>0, :method_arg=>true}))) :admin)
  (send
    (begin
      (send
        (hole 0 {:hash_depth=>0, :limit_depth=>true, :recv=>true}) :-
        (hole 0 {:hash_depth=>0, :method_arg=>true}))) :staged=
    (hole 0 {:hash_depth=>0, :method_arg=>true}))
  (send
    (begin
      (send
        (hole 0 {:hash_depth=>0, :limit_depth=>true, :recv=>true}) :-
        (hole 0 {:hash_depth=>0, :method_arg=>true}))) :staged)
  (send
    (begin
      (send
        (hole 0 {:hash_depth=>0, :limit_depth=>true, :recv=>true}) :-
        (hole 0 {:hash_depth=>0, :method_arg=>true}))) :active=
    (hole 0 {:hash_depth=>0, :method_arg=>true}))
  (send
    (begin
      (send
        (hole 0 {:hash_depth=>0, :limit_depth=>true, :recv=>true}) :-
        (hole 0 {:hash_depth=>0, :method_arg=>true}))) :active)
  (send
    (begin
      (send
        (hole 0 {:hash_depth=>0, :limit_depth=>true, :recv=>true}) :-
        (hole 0 {:hash_depth=>0, :method_arg=>true}))) :primary=
    (hole 0 {:hash_depth=>0, :method_arg=>true}))
  (send
    (begin
      (send
        (hole 0 {:hash_depth=>0, :limit_depth=>true, :recv=>true}) :-
        (hole 0 {:hash_depth=>0, :method_arg=>true}))) :primary)
  (send
    (begin
      (send
        (hole 0 {:hash_depth=>0, :limit_depth=>true, :recv=>true}) :-
        (hole 0 {:hash_depth=>0, :method_arg=>true}))) :moderator=
    (hole 0 {:hash_depth=>0, :method_arg=>true}))
  (send
    (begin
      (send
        (hole 0 {:hash_depth=>0, :limit_depth=>true, :recv=>true}) :-
        (hole 0 {:hash_depth=>0, :method_arg=>true}))) :moderator)
  (begin
    (send
      (begin
        (send
          (hole 0 {:hash_depth=>0, :limit_depth=>true, :recv=>true}) :-
          (hole 0 {:hash_depth=>0, :method_arg=>true}))) :-
      (hole 0 {:hash_depth=>0, :method_arg=>true})))
  (begin
    (send
      (begin
        (send
          (hole 0 {:hash_depth=>0, :limit_depth=>true, :recv=>true}) :-
          (hole 0 {:hash_depth=>0, :method_arg=>true}))) :-
      (hole 0 {:hash_depth=>0, :method_arg=>true})))
  (begin
    (send
      (begin
        (send
          (hole 0 {:hash_depth=>0, :limit_depth=>true, :recv=>true}) :-
          (hole 0 {:hash_depth=>0, :method_arg=>true}))) :-
      (hole 0 {:hash_depth=>0, :method_arg=>true})))
  (begin
    (send
      (begin
        (send
          (hole 0 {:hash_depth=>0, :limit_depth=>true, :recv=>true}) :-
          (hole 0 {:hash_depth=>0, :method_arg=>true}))) :save))
  (begin
    (send
      (begin
        (send
          (hole 0 {:hash_depth=>0, :limit_depth=>true, :recv=>true}) :save)) :count))
  (begin
    (send
      (begin
        (send
          (hole 0 {:hash_depth=>0, :limit_depth=>true, :recv=>true}) :save)) :-
      (hole 0 {:hash_depth=>0, :method_arg=>true})))
  (begin
    (send
      (begin
        (send
          (hole 0 {:hash_depth=>0, :limit_depth=>true, :recv=>true}) :save)) :save))
  (send
    (begin
      (send
        (hole 0 {:hash_depth=>0, :limit_depth=>true, :recv=>true}) :count)) :confirmed=
    (hole 0 {:hash_depth=>0, :method_arg=>true}))
  (send
    (begin
      (send
        (hole 0 {:hash_depth=>0, :limit_depth=>true, :recv=>true}) :count)) :confirmed)
  (send
    (begin
      (send
        (hole 0 {:hash_depth=>0, :limit_depth=>true, :recv=>true}) :count)) :expired=
    (hole 0 {:hash_depth=>0, :method_arg=>true}))
  (send
    (begin
      (send
        (hole 0 {:hash_depth=>0, :limit_depth=>true, :recv=>true}) :count)) :expired)
  (send
    (begin
      (send
        (hole 0 {:hash_depth=>0, :limit_depth=>true, :recv=>true}) :count)) :discoverable=
    (hole 0 {:hash_depth=>0, :method_arg=>true}))
  (send
    (begin
      (send
        (hole 0 {:hash_depth=>0, :limit_depth=>true, :recv=>true}) :count)) :discoverable)
  (send
    (begin
      (send
        (hole 0 {:hash_depth=>0, :limit_depth=>true, :recv=>true}) :count)) :scheduled_check=
    (hole 0 {:hash_depth=>0, :method_arg=>true}))
  (send
    (begin
      (send
        (hole 0 {:hash_depth=>0, :limit_depth=>true, :recv=>true}) :count)) :scheduled_check)
  (send
    (begin
      (send
        (hole 0 {:hash_depth=>0, :limit_depth=>true, :recv=>true}) :count)) :otp_required_for_login=
    (hole 0 {:hash_depth=>0, :method_arg=>true}))
  (send
    (begin
      (send
        (hole 0 {:hash_depth=>0, :limit_depth=>true, :recv=>true}) :count)) :otp_required_for_login)
  (send
    (begin
      (send
        (hole 0 {:hash_depth=>0, :limit_depth=>true, :recv=>true}) :count)) :admin=
    (hole 0 {:hash_depth=>0, :method_arg=>true}))
  (send
    (begin
      (send
        (hole 0 {:hash_depth=>0, :limit_depth=>true, :recv=>true}) :count)) :admin)
  (send
    (begin
      (send
        (hole 0 {:hash_depth=>0, :limit_depth=>true, :recv=>true}) :count)) :staged=
    (hole 0 {:hash_depth=>0, :method_arg=>true}))
  (send
    (begin
      (send
        (hole 0 {:hash_depth=>0, :limit_depth=>true, :recv=>true}) :count)) :staged)
  (send
    (begin
      (send
        (hole 0 {:hash_depth=>0, :limit_depth=>true, :recv=>true}) :count)) :active=
    (hole 0 {:hash_depth=>0, :method_arg=>true}))
  (send
    (begin
      (send
        (hole 0 {:hash_depth=>0, :limit_depth=>true, :recv=>true}) :count)) :active)
  (send
    (begin
      (send
        (hole 0 {:hash_depth=>0, :limit_depth=>true, :recv=>true}) :count)) :primary=
    (hole 0 {:hash_depth=>0, :method_arg=>true}))
  (send
    (begin
      (send
        (hole 0 {:hash_depth=>0, :limit_depth=>true, :recv=>true}) :count)) :primary)
  (send
    (begin
      (send
        (hole 0 {:hash_depth=>0, :limit_depth=>true, :recv=>true}) :count)) :moderator=
    (hole 0 {:hash_depth=>0, :method_arg=>true}))
  (send
    (begin
      (send
        (hole 0 {:hash_depth=>0, :limit_depth=>true, :recv=>true}) :count)) :moderator)
  (begin
    (send
      (begin
        (send
          (hole 0 {:hash_depth=>0, :limit_depth=>true, :recv=>true}) :count)) :-
      (hole 0 {:hash_depth=>0, :method_arg=>true})))
  (begin
    (send
      (begin
        (send
          (hole 0 {:hash_depth=>0, :limit_depth=>true, :recv=>true}) :count)) :-
      (hole 0 {:hash_depth=>0, :method_arg=>true})))
  (begin
    (send
      (begin
        (send
          (hole 0 {:hash_depth=>0, :limit_depth=>true, :recv=>true}) :count)) :-
      (hole 0 {:hash_depth=>0, :method_arg=>true})))
  (begin
    (send
      (begin
        (send
          (hole 0 {:hash_depth=>0, :limit_depth=>true, :recv=>true}) :count)) :save))
  (send
    (begin
      (send
        (hole 0 {:hash_depth=>0, :limit_depth=>true, :recv=>true}) :-
        (hole 0 {:hash_depth=>0, :method_arg=>true}))) :confirmed=
    (hole 0 {:hash_depth=>0, :method_arg=>true}))
  (send
    (begin
      (send
        (hole 0 {:hash_depth=>0, :limit_depth=>true, :recv=>true}) :-
        (hole 0 {:hash_depth=>0, :method_arg=>true}))) :confirmed)
  (send
    (begin
      (send
        (hole 0 {:hash_depth=>0, :limit_depth=>true, :recv=>true}) :-
        (hole 0 {:hash_depth=>0, :method_arg=>true}))) :expired=
    (hole 0 {:hash_depth=>0, :method_arg=>true}))
  (send
    (begin
      (send
        (hole 0 {:hash_depth=>0, :limit_depth=>true, :recv=>true}) :-
        (hole 0 {:hash_depth=>0, :method_arg=>true}))) :expired)
  (send
    (begin
      (send
        (hole 0 {:hash_depth=>0, :limit_depth=>true, :recv=>true}) :-
        (hole 0 {:hash_depth=>0, :method_arg=>true}))) :discoverable=
    (hole 0 {:hash_depth=>0, :method_arg=>true}))
  (send
    (begin
      (send
        (hole 0 {:hash_depth=>0, :limit_depth=>true, :recv=>true}) :-
        (hole 0 {:hash_depth=>0, :method_arg=>true}))) :discoverable)
  (send
    (begin
      (send
        (hole 0 {:hash_depth=>0, :limit_depth=>true, :recv=>true}) :-
        (hole 0 {:hash_depth=>0, :method_arg=>true}))) :scheduled_check=
    (hole 0 {:hash_depth=>0, :method_arg=>true}))
  (send
    (begin
      (send
        (hole 0 {:hash_depth=>0, :limit_depth=>true, :recv=>true}) :-
        (hole 0 {:hash_depth=>0, :method_arg=>true}))) :scheduled_check)
  (send
    (begin
      (send
        (hole 0 {:hash_depth=>0, :limit_depth=>true, :recv=>true}) :-
        (hole 0 {:hash_depth=>0, :method_arg=>true}))) :otp_required_for_login=
    (hole 0 {:hash_depth=>0, :method_arg=>true}))
  (send
    (begin
      (send
        (hole 0 {:hash_depth=>0, :limit_depth=>true, :recv=>true}) :-
        (hole 0 {:hash_depth=>0, :method_arg=>true}))) :otp_required_for_login)
  (send
    (begin
      (send
        (hole 0 {:hash_depth=>0, :limit_depth=>true, :recv=>true}) :-
        (hole 0 {:hash_depth=>0, :method_arg=>true}))) :admin=
    (hole 0 {:hash_depth=>0, :method_arg=>true}))
  (send
    (begin
      (send
        (hole 0 {:hash_depth=>0, :limit_depth=>true, :recv=>true}) :-
        (hole 0 {:hash_depth=>0, :method_arg=>true}))) :admin)
  (send
    (begin
      (send
        (hole 0 {:hash_depth=>0, :limit_depth=>true, :recv=>true}) :-
        (hole 0 {:hash_depth=>0, :method_arg=>true}))) :staged=
    (hole 0 {:hash_depth=>0, :method_arg=>true}))
  (send
    (begin
      (send
        (hole 0 {:hash_depth=>0, :limit_depth=>true, :recv=>true}) :-
        (hole 0 {:hash_depth=>0, :method_arg=>true}))) :staged)
  (send
    (begin
      (send
        (hole 0 {:hash_depth=>0, :limit_depth=>true, :recv=>true}) :-
        (hole 0 {:hash_depth=>0, :method_arg=>true}))) :active=
    (hole 0 {:hash_depth=>0, :method_arg=>true}))
  (send
    (begin
      (send
        (hole 0 {:hash_depth=>0, :limit_depth=>true, :recv=>true}) :-
        (hole 0 {:hash_depth=>0, :method_arg=>true}))) :active)
  (send
    (begin
      (send
        (hole 0 {:hash_depth=>0, :limit_depth=>true, :recv=>true}) :-
        (hole 0 {:hash_depth=>0, :method_arg=>true}))) :primary=
    (hole 0 {:hash_depth=>0, :method_arg=>true}))
  (send
    (begin
      (send
        (hole 0 {:hash_depth=>0, :limit_depth=>true, :recv=>true}) :-
        (hole 0 {:hash_depth=>0, :method_arg=>true}))) :primary)
  (send
    (begin
      (send
        (hole 0 {:hash_depth=>0, :limit_depth=>true, :recv=>true}) :-
        (hole 0 {:hash_depth=>0, :method_arg=>true}))) :moderator=
    (hole 0 {:hash_depth=>0, :method_arg=>true}))
  (send
    (begin
      (send
        (hole 0 {:hash_depth=>0, :limit_depth=>true, :recv=>true}) :-
        (hole 0 {:hash_depth=>0, :method_arg=>true}))) :moderator)
  (begin
    (send
      (begin
        (send
          (hole 0 {:hash_depth=>0, :limit_depth=>true, :recv=>true}) :-
          (hole 0 {:hash_depth=>0, :method_arg=>true}))) :-
      (hole 0 {:hash_depth=>0, :method_arg=>true})))
  (begin
    (send
      (begin
        (send
          (hole 0 {:hash_depth=>0, :limit_depth=>true, :recv=>true}) :-
          (hole 0 {:hash_depth=>0, :method_arg=>true}))) :-
      (hole 0 {:hash_depth=>0, :method_arg=>true})))
  (begin
    (send
      (begin
        (send
          (hole 0 {:hash_depth=>0, :limit_depth=>true, :recv=>true}) :-
          (hole 0 {:hash_depth=>0, :method_arg=>true}))) :-
      (hole 0 {:hash_depth=>0, :method_arg=>true})))
  (begin
    (send
      (begin
        (send
          (hole 0 {:hash_depth=>0, :limit_depth=>true, :recv=>true}) :-
          (hole 0 {:hash_depth=>0, :method_arg=>true}))) :save))
  (begin
    (send
      (begin
        (send
          (hole 0 {:hash_depth=>0, :limit_depth=>true, :recv=>true}) :save)) :count))
  (begin
    (send
      (begin
        (send
          (hole 0 {:hash_depth=>0, :limit_depth=>true, :recv=>true}) :save)) :-
      (hole 0 {:hash_depth=>0, :method_arg=>true})))
  (begin
    (send
      (begin
        (send
          (hole 0 {:hash_depth=>0, :limit_depth=>true, :recv=>true}) :save)) :save))
  (hole 3 {:hash_depth=>0, :method_arg=>false, :variance=>:+}) {:method_arg=>false})
BASETYPE: true or false
SIZE WORK_LIST: 0
SIZE generated: 62
EVALUABLE#: 0

-------------------------

----------------
TTYPES
true or false
true or false
true or false

PROGS

LOCAL_COUNT: 5
GLOBAL_COUNT: 159

BASE_AFTER:
(send
  (begin
    (send
      (filled-hole
        (lvar InvitationCode(id: integer, token: string, diaspora_user_id: integer, count: integer)) {:method_arg=>false}) :count)) :confirmed=
  (filled-hole
    (true)
    (false)
    (hole 1 {:hash_depth=>0, :method_arg=>true, :variance=>:+}) {:method_arg=>true}))
BASETYPE: true or false
SIZE WORK_LIST: 61
SIZE generated: 3
EVALUABLE#: 2

-------------------------

----------------
TTYPES
true or false

PROGS

LOCAL_COUNT: 6
GLOBAL_COUNT: 160

BASE_AFTER:
(send
  (begin
    (send
      (filled-hole
        (lvar InvitationCode(id: integer, token: string, diaspora_user_id: integer, count: integer)) {:method_arg=>false}) :count)) :confirmed)
BASETYPE: true or false
SIZE WORK_LIST: 61
SIZE generated: 1
EVALUABLE#: 1

-------------------------

----------------
TTYPES
true or false
true or false
true or false

PROGS

LOCAL_COUNT: 7
GLOBAL_COUNT: 161

BASE_AFTER:
(send
  (begin
    (send
      (filled-hole
        (lvar InvitationCode(id: integer, token: string, diaspora_user_id: integer, count: integer)) {:method_arg=>false}) :count)) :expired=
  (filled-hole
    (true)
    (false)
    (hole 1 {:hash_depth=>0, :method_arg=>true, :variance=>:+}) {:method_arg=>true}))
BASETYPE: true or false
SIZE WORK_LIST: 60
SIZE generated: 3
EVALUABLE#: 2

-------------------------

----------------
TTYPES
true or false

PROGS

LOCAL_COUNT: 8
GLOBAL_COUNT: 162

BASE_AFTER:
(send
  (begin
    (send
      (filled-hole
        (lvar InvitationCode(id: integer, token: string, diaspora_user_id: integer, count: integer)) {:method_arg=>false}) :count)) :expired)
BASETYPE: true or false
SIZE WORK_LIST: 60
SIZE generated: 1
EVALUABLE#: 1

-------------------------

----------------
TTYPES
true or false
true or false
true or false

PROGS

LOCAL_COUNT: 9
GLOBAL_COUNT: 163

BASE_AFTER:
(send
  (begin
    (send
      (filled-hole
        (lvar InvitationCode(id: integer, token: string, diaspora_user_id: integer, count: integer)) {:method_arg=>false}) :count)) :discoverable=
  (filled-hole
    (true)
    (false)
    (hole 1 {:hash_depth=>0, :method_arg=>true, :variance=>:+}) {:method_arg=>true}))
BASETYPE: true or false
SIZE WORK_LIST: 59
SIZE generated: 3
EVALUABLE#: 2

-------------------------

----------------
TTYPES
true or false

PROGS

LOCAL_COUNT: 10
GLOBAL_COUNT: 164

BASE_AFTER:
(send
  (begin
    (send
      (filled-hole
        (lvar InvitationCode(id: integer, token: string, diaspora_user_id: integer, count: integer)) {:method_arg=>false}) :count)) :discoverable)
BASETYPE: true or false
SIZE WORK_LIST: 59
SIZE generated: 1
EVALUABLE#: 1

-------------------------

----------------
TTYPES
true or false
true or false
true or false

PROGS

LOCAL_COUNT: 11
GLOBAL_COUNT: 165

BASE_AFTER:
(send
  (begin
    (send
      (filled-hole
        (lvar InvitationCode(id: integer, token: string, diaspora_user_id: integer, count: integer)) {:method_arg=>false}) :count)) :scheduled_check=
  (filled-hole
    (true)
    (false)
    (hole 1 {:hash_depth=>0, :method_arg=>true, :variance=>:+}) {:method_arg=>true}))
BASETYPE: true or false
SIZE WORK_LIST: 58
SIZE generated: 3
EVALUABLE#: 2

-------------------------

----------------
TTYPES
true or false

PROGS

LOCAL_COUNT: 12
GLOBAL_COUNT: 166

BASE_AFTER:
(send
  (begin
    (send
      (filled-hole
        (lvar InvitationCode(id: integer, token: string, diaspora_user_id: integer, count: integer)) {:method_arg=>false}) :count)) :scheduled_check)
BASETYPE: true or false
SIZE WORK_LIST: 58
SIZE generated: 1
EVALUABLE#: 1

-------------------------

----------------
TTYPES
true or false
true or false
true or false

PROGS

LOCAL_COUNT: 13
GLOBAL_COUNT: 167

BASE_AFTER:
(send
  (begin
    (send
      (filled-hole
        (lvar InvitationCode(id: integer, token: string, diaspora_user_id: integer, count: integer)) {:method_arg=>false}) :count)) :otp_required_for_login=
  (filled-hole
    (true)
    (false)
    (hole 1 {:hash_depth=>0, :method_arg=>true, :variance=>:+}) {:method_arg=>true}))
BASETYPE: true or false
SIZE WORK_LIST: 57
SIZE generated: 3
EVALUABLE#: 2

-------------------------

----------------
TTYPES
true or false

PROGS

LOCAL_COUNT: 14
GLOBAL_COUNT: 168

BASE_AFTER:
(send
  (begin
    (send
      (filled-hole
        (lvar InvitationCode(id: integer, token: string, diaspora_user_id: integer, count: integer)) {:method_arg=>false}) :count)) :otp_required_for_login)
BASETYPE: true or false
SIZE WORK_LIST: 57
SIZE generated: 1
EVALUABLE#: 1

-------------------------

----------------
TTYPES
true or false
true or false
true or false

PROGS

LOCAL_COUNT: 15
GLOBAL_COUNT: 169

BASE_AFTER:
(send
  (begin
    (send
      (filled-hole
        (lvar InvitationCode(id: integer, token: string, diaspora_user_id: integer, count: integer)) {:method_arg=>false}) :count)) :admin=
  (filled-hole
    (true)
    (false)
    (hole 1 {:hash_depth=>0, :method_arg=>true, :variance=>:+}) {:method_arg=>true}))
BASETYPE: true or false
SIZE WORK_LIST: 56
SIZE generated: 3
EVALUABLE#: 2

-------------------------

----------------
TTYPES
true or false

PROGS

LOCAL_COUNT: 16
GLOBAL_COUNT: 170

BASE_AFTER:
(send
  (begin
    (send
      (filled-hole
        (lvar InvitationCode(id: integer, token: string, diaspora_user_id: integer, count: integer)) {:method_arg=>false}) :count)) :admin)
BASETYPE: true or false
SIZE WORK_LIST: 56
SIZE generated: 1
EVALUABLE#: 1

-------------------------

----------------
TTYPES
true or false
true or false
true or false

PROGS

LOCAL_COUNT: 17
GLOBAL_COUNT: 171

BASE_AFTER:
(send
  (begin
    (send
      (filled-hole
        (lvar InvitationCode(id: integer, token: string, diaspora_user_id: integer, count: integer)) {:method_arg=>false}) :count)) :staged=
  (filled-hole
    (true)
    (false)
    (hole 1 {:hash_depth=>0, :method_arg=>true, :variance=>:+}) {:method_arg=>true}))
BASETYPE: true or false
SIZE WORK_LIST: 55
SIZE generated: 3
EVALUABLE#: 2

-------------------------

----------------
TTYPES
true or false

PROGS

LOCAL_COUNT: 18
GLOBAL_COUNT: 172

BASE_AFTER:
(send
  (begin
    (send
      (filled-hole
        (lvar InvitationCode(id: integer, token: string, diaspora_user_id: integer, count: integer)) {:method_arg=>false}) :count)) :staged)
BASETYPE: true or false
SIZE WORK_LIST: 55
SIZE generated: 1
EVALUABLE#: 1

-------------------------

----------------
TTYPES
true or false
true or false
true or false

PROGS

LOCAL_COUNT: 19
GLOBAL_COUNT: 173

BASE_AFTER:
(send
  (begin
    (send
      (filled-hole
        (lvar InvitationCode(id: integer, token: string, diaspora_user_id: integer, count: integer)) {:method_arg=>false}) :count)) :active=
  (filled-hole
    (true)
    (false)
    (hole 1 {:hash_depth=>0, :method_arg=>true, :variance=>:+}) {:method_arg=>true}))
BASETYPE: true or false
SIZE WORK_LIST: 54
SIZE generated: 3
EVALUABLE#: 2

-------------------------

----------------
TTYPES
true or false

PROGS

LOCAL_COUNT: 20
GLOBAL_COUNT: 174

BASE_AFTER:
(send
  (begin
    (send
      (filled-hole
        (lvar InvitationCode(id: integer, token: string, diaspora_user_id: integer, count: integer)) {:method_arg=>false}) :count)) :active)
BASETYPE: true or false
SIZE WORK_LIST: 54
SIZE generated: 1
EVALUABLE#: 1

-------------------------

----------------
TTYPES
true or false
true or false
true or false

PROGS

LOCAL_COUNT: 21
GLOBAL_COUNT: 175

BASE_AFTER:
(send
  (begin
    (send
      (filled-hole
        (lvar InvitationCode(id: integer, token: string, diaspora_user_id: integer, count: integer)) {:method_arg=>false}) :count)) :primary=
  (filled-hole
    (true)
    (false)
    (hole 1 {:hash_depth=>0, :method_arg=>true, :variance=>:+}) {:method_arg=>true}))
BASETYPE: true or false
SIZE WORK_LIST: 53
SIZE generated: 3
EVALUABLE#: 2

-------------------------

----------------
TTYPES
true or false

PROGS

LOCAL_COUNT: 22
GLOBAL_COUNT: 176

BASE_AFTER:
(send
  (begin
    (send
      (filled-hole
        (lvar InvitationCode(id: integer, token: string, diaspora_user_id: integer, count: integer)) {:method_arg=>false}) :count)) :primary)
BASETYPE: true or false
SIZE WORK_LIST: 53
SIZE generated: 1
EVALUABLE#: 1

-------------------------

----------------
TTYPES
true or false
true or false
true or false

PROGS

LOCAL_COUNT: 23
GLOBAL_COUNT: 177

BASE_AFTER:
(send
  (begin
    (send
      (filled-hole
        (lvar InvitationCode(id: integer, token: string, diaspora_user_id: integer, count: integer)) {:method_arg=>false}) :count)) :moderator=
  (filled-hole
    (true)
    (false)
    (hole 1 {:hash_depth=>0, :method_arg=>true, :variance=>:+}) {:method_arg=>true}))
BASETYPE: true or false
SIZE WORK_LIST: 52
SIZE generated: 3
EVALUABLE#: 2

-------------------------

----------------
TTYPES
true or false

PROGS

LOCAL_COUNT: 24
GLOBAL_COUNT: 178

BASE_AFTER:
(send
  (begin
    (send
      (filled-hole
        (lvar InvitationCode(id: integer, token: string, diaspora_user_id: integer, count: integer)) {:method_arg=>false}) :count)) :moderator)
BASETYPE: true or false
SIZE WORK_LIST: 52
SIZE generated: 1
EVALUABLE#: 1

-------------------------

----------------
TTYPES
Integer
Integer
Integer
Integer

PROGS

LOCAL_COUNT: 25
GLOBAL_COUNT: 179

BASE_AFTER:
(begin
  (send
    (begin
      (send
        (filled-hole
          (lvar InvitationCode(id: integer, token: string, diaspora_user_id: integer, count: integer)) {:method_arg=>false}) :count)) :-
    (filled-hole
      (int 0)
      (int 1)
      (int 2)
      (hole 1 {:hash_depth=>0, :method_arg=>true, :variance=>:+}) {:method_arg=>true})))
BASETYPE: Integer
SIZE WORK_LIST: 51
SIZE generated: 4
EVALUABLE#: 3

-------------------------

----------------
TTYPES
Integer
Integer
Integer
Integer
Integer
Integer
Integer
Integer
Integer
Integer
Integer
Integer
Integer
Integer
Integer
Integer

PROGS

LOCAL_COUNT: 26
GLOBAL_COUNT: 180

BASE_AFTER:
(begin
  (send
    (send
      (filled-hole
        (lvar :arg0) {:method_arg=>false}) :id=
      (filled-hole
        (int 0)
        (int 1)
        (int 2)
        (hole 1 {:hash_depth=>0, :method_arg=>true, :variance=>:+}) {:method_arg=>true})) :-
    (filled-hole
      (int 0)
      (int 1)
      (int 2)
      (hole 1 {:hash_depth=>0, :method_arg=>true, :variance=>:+}) {:method_arg=>true})))
BASETYPE: Integer
SIZE WORK_LIST: 51
SIZE generated: 16
EVALUABLE#: 9

-------------------------

----------------
TTYPES
true or false
true or false
true or false
true or false

PROGS

LOCAL_COUNT: 27
GLOBAL_COUNT: 181

BASE_AFTER:
(begin
  (send
    (send
      (filled-hole
        (lvar :arg0) {:method_arg=>false}) :id=
      (filled-hole
        (int 0)
        (int 1)
        (int 2)
        (hole 1 {:hash_depth=>0, :method_arg=>true, :variance=>:+}) {:method_arg=>true})) :save))
BASETYPE: true or false
SIZE WORK_LIST: 57
SIZE generated: 4
EVALUABLE#: 3

-------------------------

----------------
TTYPES
Integer
Integer
Integer
Integer

PROGS

LOCAL_COUNT: 28
GLOBAL_COUNT: 182

BASE_AFTER:
(begin
  (send
    (send
      (filled-hole
        (lvar :arg0) {:method_arg=>false}) :id) :-
    (filled-hole
      (int 0)
      (int 1)
      (int 2)
      (hole 1 {:hash_depth=>0, :method_arg=>true, :variance=>:+}) {:method_arg=>true})))
BASETYPE: Integer
SIZE WORK_LIST: 57
SIZE generated: 4
EVALUABLE#: 3

-------------------------

----------------
TTYPES
true or false
true or false

PROGS

LOCAL_COUNT: 29
GLOBAL_COUNT: 183

BASE_AFTER:
(begin
  (send
    (send
      (filled-hole
        (lvar :arg0) {:method_arg=>false}) :token=
      (filled-hole
        (str "")
        (hole 1 {:hash_depth=>0, :method_arg=>true, :variance=>:+}) {:method_arg=>true})) :save))
BASETYPE: true or false
SIZE WORK_LIST: 57
SIZE generated: 2
EVALUABLE#: 1

-------------------------

----------------
TTYPES
Integer
Integer
Integer
Integer
Integer
Integer
Integer
Integer
Integer
Integer
Integer
Integer
Integer
Integer
Integer
Integer

PROGS

LOCAL_COUNT: 30
GLOBAL_COUNT: 184

BASE_AFTER:
(begin
  (send
    (send
      (filled-hole
        (lvar :arg0) {:method_arg=>false}) :diaspora_user_id=
      (filled-hole
        (int 0)
        (int 1)
        (int 2)
        (hole 1 {:hash_depth=>0, :method_arg=>true, :variance=>:+}) {:method_arg=>true})) :-
    (filled-hole
      (int 0)
      (int 1)
      (int 2)
      (hole 1 {:hash_depth=>0, :method_arg=>true, :variance=>:+}) {:method_arg=>true})))
BASETYPE: Integer
SIZE WORK_LIST: 57
SIZE generated: 16
EVALUABLE#: 9

-------------------------

----------------
TTYPES
Integer
Integer
Integer
Integer

PROGS

LOCAL_COUNT: 31
GLOBAL_COUNT: 185

BASE_AFTER:
(begin
  (send
    (send
      (filled-hole
        (lvar :arg0) {:method_arg=>false}) :diaspora_user_id) :-
    (filled-hole
      (int 0)
      (int 1)
      (int 2)
      (hole 1 {:hash_depth=>0, :method_arg=>true, :variance=>:+}) {:method_arg=>true})))
BASETYPE: Integer
SIZE WORK_LIST: 63
SIZE generated: 4
EVALUABLE#: 3

-------------------------

----------------
TTYPES
Integer
Integer
Integer
Integer
Integer
Integer
Integer
Integer
Integer
Integer
Integer
Integer
Integer
Integer
Integer
Integer

PROGS

LOCAL_COUNT: 32
GLOBAL_COUNT: 186

BASE_AFTER:
(begin
  (send
    (send
      (filled-hole
        (lvar :arg0) {:method_arg=>false}) :count=
      (filled-hole
        (int 0)
        (int 1)
        (int 2)
        (hole 1 {:hash_depth=>0, :method_arg=>true, :variance=>:+}) {:method_arg=>true})) :-
    (filled-hole
      (int 0)
      (int 1)
      (int 2)
      (hole 1 {:hash_depth=>0, :method_arg=>true, :variance=>:+}) {:method_arg=>true})))
BASETYPE: Integer
SIZE WORK_LIST: 63
SIZE generated: 16
EVALUABLE#: 9

-------------------------

----------------
TTYPES
Integer
Integer
Integer
Integer

PROGS

LOCAL_COUNT: 33
GLOBAL_COUNT: 187

BASE_AFTER:
(begin
  (send
    (begin
      (send
        (filled-hole
          (lvar :arg0) {:method_arg=>false}) :count)) :-
    (filled-hole
      (int 0)
      (int 1)
      (int 2)
      (hole 1 {:hash_depth=>0, :method_arg=>true, :variance=>:+}) {:method_arg=>true})))
BASETYPE: Integer
SIZE WORK_LIST: 69
SIZE generated: 4
EVALUABLE#: 3

-------------------------

----------------
TTYPES
true or false

PROGS

LOCAL_COUNT: 34
GLOBAL_COUNT: 188

BASE_AFTER:
(begin
  (send
    (send
      (filled-hole
        (lvar :arg0) {:method_arg=>false}) :diaspora_user) :save))
BASETYPE: true or false
SIZE WORK_LIST: 69
SIZE generated: 1
EVALUABLE#: 1

-------------------------

----------------
TTYPES
true or false

PROGS

LOCAL_COUNT: 35
GLOBAL_COUNT: 189

BASE_AFTER:
(begin
  (send
    (send
      (filled-hole
        (lvar :arg0) {:method_arg=>false}) :diaspora_user=
      (filled-hole
        (hole 1 {:hash_depth=>0, :method_arg=>true, :variance=>:+}) {:method_arg=>true})) :save))
BASETYPE: true or false
SIZE WORK_LIST: 68
SIZE generated: 1
EVALUABLE#: 0

-------------------------

----------------
TTYPES
true or false
true or false
true or false
true or false

PROGS

LOCAL_COUNT: 36
GLOBAL_COUNT: 190

BASE_AFTER:
(send
  (begin
    (send
      (lvar InvitationCode(id: integer, token: string, diaspora_user_id: integer, count: integer)) :count)) :confirmed=
  (filled-hole
    (begin
      (send
        (hole 0 {:hash_depth=>0, :limit_depth=>true, :recv=>true}) :-
        (hole 0 {:hash_depth=>0, :method_arg=>true})))
    (begin
      (send
        (hole 0 {:hash_depth=>0, :limit_depth=>true, :recv=>true}) :save))
    (begin
      (send
        (hole 0 {:hash_depth=>0, :limit_depth=>true, :recv=>true}) :count))
    (begin
      (send
        (hole 0 {:hash_depth=>0, :limit_depth=>true, :recv=>true}) :-
        (hole 0 {:hash_depth=>0, :method_arg=>true})))
    (begin
      (send
        (hole 0 {:hash_depth=>0, :limit_depth=>true, :recv=>true}) :save))
    (hole 2 {:hash_depth=>0, :method_arg=>true, :variance=>:+}) {:method_arg=>true}))
BASETYPE: true or false
SIZE WORK_LIST: 68
SIZE generated: 4
EVALUABLE#: 0

-------------------------

----------------
TTYPES
true or false

PROGS

LOCAL_COUNT: 37
GLOBAL_COUNT: 191

BASE_AFTER:
(send
  (begin
    (send
      (lvar InvitationCode(id: integer, token: string, diaspora_user_id: integer, count: integer)) :count)) :confirmed=
  (begin
    (send
      (filled-hole
        (lvar InvitationCode(id: integer, token: string, diaspora_user_id: integer, count: integer)) {:method_arg=>false}) :count)))
BASETYPE: true or false
SIZE WORK_LIST: 71
SIZE generated: 1
EVALUABLE#: 1

-------------------------

----------------
TTYPES
true or false
true or false
true or false
true or false

PROGS

LOCAL_COUNT: 38
GLOBAL_COUNT: 192

BASE_AFTER:
(send
  (begin
    (send
      (lvar InvitationCode(id: integer, token: string, diaspora_user_id: integer, count: integer)) :count)) :expired=
  (filled-hole
    (begin
      (send
        (hole 0 {:hash_depth=>0, :limit_depth=>true, :recv=>true}) :-
        (hole 0 {:hash_depth=>0, :method_arg=>true})))
    (begin
      (send
        (hole 0 {:hash_depth=>0, :limit_depth=>true, :recv=>true}) :save))
    (begin
      (send
        (hole 0 {:hash_depth=>0, :limit_depth=>true, :recv=>true}) :count))
    (begin
      (send
        (hole 0 {:hash_depth=>0, :limit_depth=>true, :recv=>true}) :-
        (hole 0 {:hash_depth=>0, :method_arg=>true})))
    (begin
      (send
        (hole 0 {:hash_depth=>0, :limit_depth=>true, :recv=>true}) :save))
    (hole 2 {:hash_depth=>0, :method_arg=>true, :variance=>:+}) {:method_arg=>true}))
BASETYPE: true or false
SIZE WORK_LIST: 70
SIZE generated: 4
EVALUABLE#: 0

-------------------------

----------------
TTYPES
true or false

PROGS

LOCAL_COUNT: 39
GLOBAL_COUNT: 193

BASE_AFTER:
(send
  (begin
    (send
      (lvar InvitationCode(id: integer, token: string, diaspora_user_id: integer, count: integer)) :count)) :expired=
  (begin
    (send
      (filled-hole
        (lvar InvitationCode(id: integer, token: string, diaspora_user_id: integer, count: integer)) {:method_arg=>false}) :count)))
BASETYPE: true or false
SIZE WORK_LIST: 73
SIZE generated: 1
EVALUABLE#: 1

-------------------------

----------------
TTYPES
true or false
true or false
true or false
true or false

PROGS

LOCAL_COUNT: 40
GLOBAL_COUNT: 194

BASE_AFTER:
(send
  (begin
    (send
      (lvar InvitationCode(id: integer, token: string, diaspora_user_id: integer, count: integer)) :count)) :discoverable=
  (filled-hole
    (begin
      (send
        (hole 0 {:hash_depth=>0, :limit_depth=>true, :recv=>true}) :-
        (hole 0 {:hash_depth=>0, :method_arg=>true})))
    (begin
      (send
        (hole 0 {:hash_depth=>0, :limit_depth=>true, :recv=>true}) :save))
    (begin
      (send
        (hole 0 {:hash_depth=>0, :limit_depth=>true, :recv=>true}) :count))
    (begin
      (send
        (hole 0 {:hash_depth=>0, :limit_depth=>true, :recv=>true}) :-
        (hole 0 {:hash_depth=>0, :method_arg=>true})))
    (begin
      (send
        (hole 0 {:hash_depth=>0, :limit_depth=>true, :recv=>true}) :save))
    (hole 2 {:hash_depth=>0, :method_arg=>true, :variance=>:+}) {:method_arg=>true}))
BASETYPE: true or false
SIZE WORK_LIST: 72
SIZE generated: 4
EVALUABLE#: 0

-------------------------

----------------
TTYPES
true or false

PROGS

LOCAL_COUNT: 41
GLOBAL_COUNT: 195

BASE_AFTER:
(send
  (begin
    (send
      (lvar InvitationCode(id: integer, token: string, diaspora_user_id: integer, count: integer)) :count)) :discoverable=
  (begin
    (send
      (filled-hole
        (lvar InvitationCode(id: integer, token: string, diaspora_user_id: integer, count: integer)) {:method_arg=>false}) :count)))
BASETYPE: true or false
SIZE WORK_LIST: 75
SIZE generated: 1
EVALUABLE#: 1

-------------------------

----------------
TTYPES
true or false
true or false
true or false
true or false

PROGS

LOCAL_COUNT: 42
GLOBAL_COUNT: 196

BASE_AFTER:
(send
  (begin
    (send
      (lvar InvitationCode(id: integer, token: string, diaspora_user_id: integer, count: integer)) :count)) :scheduled_check=
  (filled-hole
    (begin
      (send
        (hole 0 {:hash_depth=>0, :limit_depth=>true, :recv=>true}) :-
        (hole 0 {:hash_depth=>0, :method_arg=>true})))
    (begin
      (send
        (hole 0 {:hash_depth=>0, :limit_depth=>true, :recv=>true}) :save))
    (begin
      (send
        (hole 0 {:hash_depth=>0, :limit_depth=>true, :recv=>true}) :count))
    (begin
      (send
        (hole 0 {:hash_depth=>0, :limit_depth=>true, :recv=>true}) :-
        (hole 0 {:hash_depth=>0, :method_arg=>true})))
    (begin
      (send
        (hole 0 {:hash_depth=>0, :limit_depth=>true, :recv=>true}) :save))
    (hole 2 {:hash_depth=>0, :method_arg=>true, :variance=>:+}) {:method_arg=>true}))
BASETYPE: true or false
SIZE WORK_LIST: 74
SIZE generated: 4
EVALUABLE#: 0

-------------------------

----------------
TTYPES
true or false

PROGS

LOCAL_COUNT: 43
GLOBAL_COUNT: 197

BASE_AFTER:
(send
  (begin
    (send
      (lvar InvitationCode(id: integer, token: string, diaspora_user_id: integer, count: integer)) :count)) :scheduled_check=
  (begin
    (send
      (filled-hole
        (lvar InvitationCode(id: integer, token: string, diaspora_user_id: integer, count: integer)) {:method_arg=>false}) :count)))
BASETYPE: true or false
SIZE WORK_LIST: 77
SIZE generated: 1
EVALUABLE#: 1

-------------------------

----------------
TTYPES
true or false
true or false
true or false
true or false

PROGS

LOCAL_COUNT: 44
GLOBAL_COUNT: 198

BASE_AFTER:
(send
  (begin
    (send
      (lvar InvitationCode(id: integer, token: string, diaspora_user_id: integer, count: integer)) :count)) :otp_required_for_login=
  (filled-hole
    (begin
      (send
        (hole 0 {:hash_depth=>0, :limit_depth=>true, :recv=>true}) :-
        (hole 0 {:hash_depth=>0, :method_arg=>true})))
    (begin
      (send
        (hole 0 {:hash_depth=>0, :limit_depth=>true, :recv=>true}) :save))
    (begin
      (send
        (hole 0 {:hash_depth=>0, :limit_depth=>true, :recv=>true}) :count))
    (begin
      (send
        (hole 0 {:hash_depth=>0, :limit_depth=>true, :recv=>true}) :-
        (hole 0 {:hash_depth=>0, :method_arg=>true})))
    (begin
      (send
        (hole 0 {:hash_depth=>0, :limit_depth=>true, :recv=>true}) :save))
    (hole 2 {:hash_depth=>0, :method_arg=>true, :variance=>:+}) {:method_arg=>true}))
BASETYPE: true or false
SIZE WORK_LIST: 76
SIZE generated: 4
EVALUABLE#: 0

-------------------------

----------------
TTYPES
true or false

PROGS

LOCAL_COUNT: 45
GLOBAL_COUNT: 199

BASE_AFTER:
(send
  (begin
    (send
      (lvar InvitationCode(id: integer, token: string, diaspora_user_id: integer, count: integer)) :count)) :otp_required_for_login=
  (begin
    (send
      (filled-hole
        (lvar InvitationCode(id: integer, token: string, diaspora_user_id: integer, count: integer)) {:method_arg=>false}) :count)))
BASETYPE: true or false
SIZE WORK_LIST: 79
SIZE generated: 1
EVALUABLE#: 1

-------------------------

----------------
TTYPES
true or false
true or false
true or false
true or false

PROGS

LOCAL_COUNT: 46
GLOBAL_COUNT: 200

BASE_AFTER:
(send
  (begin
    (send
      (lvar InvitationCode(id: integer, token: string, diaspora_user_id: integer, count: integer)) :count)) :admin=
  (filled-hole
    (begin
      (send
        (hole 0 {:hash_depth=>0, :limit_depth=>true, :recv=>true}) :-
        (hole 0 {:hash_depth=>0, :method_arg=>true})))
    (begin
      (send
        (hole 0 {:hash_depth=>0, :limit_depth=>true, :recv=>true}) :save))
    (begin
      (send
        (hole 0 {:hash_depth=>0, :limit_depth=>true, :recv=>true}) :count))
    (begin
      (send
        (hole 0 {:hash_depth=>0, :limit_depth=>true, :recv=>true}) :-
        (hole 0 {:hash_depth=>0, :method_arg=>true})))
    (begin
      (send
        (hole 0 {:hash_depth=>0, :limit_depth=>true, :recv=>true}) :save))
    (hole 2 {:hash_depth=>0, :method_arg=>true, :variance=>:+}) {:method_arg=>true}))
BASETYPE: true or false
SIZE WORK_LIST: 78
SIZE generated: 4
EVALUABLE#: 0

-------------------------

----------------
TTYPES
true or false

PROGS

LOCAL_COUNT: 47
GLOBAL_COUNT: 201

BASE_AFTER:
(send
  (begin
    (send
      (lvar InvitationCode(id: integer, token: string, diaspora_user_id: integer, count: integer)) :count)) :admin=
  (begin
    (send
      (filled-hole
        (lvar InvitationCode(id: integer, token: string, diaspora_user_id: integer, count: integer)) {:method_arg=>false}) :count)))
BASETYPE: true or false
SIZE WORK_LIST: 81
SIZE generated: 1
EVALUABLE#: 1

-------------------------

----------------
TTYPES
true or false
true or false
true or false
true or false

PROGS

LOCAL_COUNT: 48
GLOBAL_COUNT: 202

BASE_AFTER:
(send
  (begin
    (send
      (lvar InvitationCode(id: integer, token: string, diaspora_user_id: integer, count: integer)) :count)) :staged=
  (filled-hole
    (begin
      (send
        (hole 0 {:hash_depth=>0, :limit_depth=>true, :recv=>true}) :-
        (hole 0 {:hash_depth=>0, :method_arg=>true})))
    (begin
      (send
        (hole 0 {:hash_depth=>0, :limit_depth=>true, :recv=>true}) :save))
    (begin
      (send
        (hole 0 {:hash_depth=>0, :limit_depth=>true, :recv=>true}) :count))
    (begin
      (send
        (hole 0 {:hash_depth=>0, :limit_depth=>true, :recv=>true}) :-
        (hole 0 {:hash_depth=>0, :method_arg=>true})))
    (begin
      (send
        (hole 0 {:hash_depth=>0, :limit_depth=>true, :recv=>true}) :save))
    (hole 2 {:hash_depth=>0, :method_arg=>true, :variance=>:+}) {:method_arg=>true}))
BASETYPE: true or false
SIZE WORK_LIST: 80
SIZE generated: 4
EVALUABLE#: 0

-------------------------

----------------
TTYPES
true or false

PROGS

LOCAL_COUNT: 49
GLOBAL_COUNT: 203

BASE_AFTER:
(send
  (begin
    (send
      (lvar InvitationCode(id: integer, token: string, diaspora_user_id: integer, count: integer)) :count)) :staged=
  (begin
    (send
      (filled-hole
        (lvar InvitationCode(id: integer, token: string, diaspora_user_id: integer, count: integer)) {:method_arg=>false}) :count)))
BASETYPE: true or false
SIZE WORK_LIST: 83
SIZE generated: 1
EVALUABLE#: 1

-------------------------

----------------
TTYPES
true or false
true or false
true or false
true or false

PROGS

LOCAL_COUNT: 50
GLOBAL_COUNT: 204

BASE_AFTER:
(send
  (begin
    (send
      (lvar InvitationCode(id: integer, token: string, diaspora_user_id: integer, count: integer)) :count)) :active=
  (filled-hole
    (begin
      (send
        (hole 0 {:hash_depth=>0, :limit_depth=>true, :recv=>true}) :-
        (hole 0 {:hash_depth=>0, :method_arg=>true})))
    (begin
      (send
        (hole 0 {:hash_depth=>0, :limit_depth=>true, :recv=>true}) :save))
    (begin
      (send
        (hole 0 {:hash_depth=>0, :limit_depth=>true, :recv=>true}) :count))
    (begin
      (send
        (hole 0 {:hash_depth=>0, :limit_depth=>true, :recv=>true}) :-
        (hole 0 {:hash_depth=>0, :method_arg=>true})))
    (begin
      (send
        (hole 0 {:hash_depth=>0, :limit_depth=>true, :recv=>true}) :save))
    (hole 2 {:hash_depth=>0, :method_arg=>true, :variance=>:+}) {:method_arg=>true}))
BASETYPE: true or false
SIZE WORK_LIST: 82
SIZE generated: 4
EVALUABLE#: 0

-------------------------

----------------
TTYPES
true or false

PROGS

LOCAL_COUNT: 51
GLOBAL_COUNT: 205

BASE_AFTER:
(send
  (begin
    (send
      (lvar InvitationCode(id: integer, token: string, diaspora_user_id: integer, count: integer)) :count)) :active=
  (begin
    (send
      (filled-hole
        (lvar InvitationCode(id: integer, token: string, diaspora_user_id: integer, count: integer)) {:method_arg=>false}) :count)))
BASETYPE: true or false
SIZE WORK_LIST: 85
SIZE generated: 1
EVALUABLE#: 1

-------------------------

----------------
TTYPES
true or false
true or false
true or false
true or false

PROGS

LOCAL_COUNT: 52
GLOBAL_COUNT: 206

BASE_AFTER:
(send
  (begin
    (send
      (lvar InvitationCode(id: integer, token: string, diaspora_user_id: integer, count: integer)) :count)) :primary=
  (filled-hole
    (begin
      (send
        (hole 0 {:hash_depth=>0, :limit_depth=>true, :recv=>true}) :-
        (hole 0 {:hash_depth=>0, :method_arg=>true})))
    (begin
      (send
        (hole 0 {:hash_depth=>0, :limit_depth=>true, :recv=>true}) :save))
    (begin
      (send
        (hole 0 {:hash_depth=>0, :limit_depth=>true, :recv=>true}) :count))
    (begin
      (send
        (hole 0 {:hash_depth=>0, :limit_depth=>true, :recv=>true}) :-
        (hole 0 {:hash_depth=>0, :method_arg=>true})))
    (begin
      (send
        (hole 0 {:hash_depth=>0, :limit_depth=>true, :recv=>true}) :save))
    (hole 2 {:hash_depth=>0, :method_arg=>true, :variance=>:+}) {:method_arg=>true}))
BASETYPE: true or false
SIZE WORK_LIST: 84
SIZE generated: 4
EVALUABLE#: 0

-------------------------

----------------
TTYPES
true or false

PROGS

LOCAL_COUNT: 53
GLOBAL_COUNT: 207

BASE_AFTER:
(send
  (begin
    (send
      (lvar InvitationCode(id: integer, token: string, diaspora_user_id: integer, count: integer)) :count)) :primary=
  (begin
    (send
      (filled-hole
        (lvar InvitationCode(id: integer, token: string, diaspora_user_id: integer, count: integer)) {:method_arg=>false}) :count)))
BASETYPE: true or false
SIZE WORK_LIST: 87
SIZE generated: 1
EVALUABLE#: 1

-------------------------

----------------
TTYPES
true or false
true or false
true or false
true or false

PROGS

LOCAL_COUNT: 54
GLOBAL_COUNT: 208

BASE_AFTER:
(send
  (begin
    (send
      (lvar InvitationCode(id: integer, token: string, diaspora_user_id: integer, count: integer)) :count)) :moderator=
  (filled-hole
    (begin
      (send
        (hole 0 {:hash_depth=>0, :limit_depth=>true, :recv=>true}) :-
        (hole 0 {:hash_depth=>0, :method_arg=>true})))
    (begin
      (send
        (hole 0 {:hash_depth=>0, :limit_depth=>true, :recv=>true}) :save))
    (begin
      (send
        (hole 0 {:hash_depth=>0, :limit_depth=>true, :recv=>true}) :count))
    (begin
      (send
        (hole 0 {:hash_depth=>0, :limit_depth=>true, :recv=>true}) :-
        (hole 0 {:hash_depth=>0, :method_arg=>true})))
    (begin
      (send
        (hole 0 {:hash_depth=>0, :limit_depth=>true, :recv=>true}) :save))
    (hole 2 {:hash_depth=>0, :method_arg=>true, :variance=>:+}) {:method_arg=>true}))
BASETYPE: true or false
SIZE WORK_LIST: 86
SIZE generated: 4
EVALUABLE#: 0

-------------------------

----------------
TTYPES
true or false

PROGS

LOCAL_COUNT: 55
GLOBAL_COUNT: 209

BASE_AFTER:
(send
  (begin
    (send
      (lvar InvitationCode(id: integer, token: string, diaspora_user_id: integer, count: integer)) :count)) :moderator=
  (begin
    (send
      (filled-hole
        (lvar InvitationCode(id: integer, token: string, diaspora_user_id: integer, count: integer)) {:method_arg=>false}) :count)))
BASETYPE: true or false
SIZE WORK_LIST: 89
SIZE generated: 1
EVALUABLE#: 1

-------------------------

----------------
TTYPES
Integer
Integer
Integer
Integer
Integer
Integer
Integer
Integer
Integer

PROGS

LOCAL_COUNT: 56
GLOBAL_COUNT: 210

BASE_AFTER:
(begin
  (send
    (begin
      (send
        (lvar InvitationCode(id: integer, token: string, diaspora_user_id: integer, count: integer)) :count)) :-
    (filled-hole
      (send
        (hole 0 {:hash_depth=>0, :limit_depth=>true, :recv=>true}) :id=
        (hole 0 {:hash_depth=>0, :method_arg=>true}))
      (send
        (hole 0 {:hash_depth=>0, :limit_depth=>true, :recv=>true}) :id)
      (send
        (hole 0 {:hash_depth=>0, :limit_depth=>true, :recv=>true}) :diaspora_user_id=
        (hole 0 {:hash_depth=>0, :method_arg=>true}))
      (send
        (hole 0 {:hash_depth=>0, :limit_depth=>true, :recv=>true}) :diaspora_user_id)
      (send
        (hole 0 {:hash_depth=>0, :limit_depth=>true, :recv=>true}) :count=
        (hole 0 {:hash_depth=>0, :method_arg=>true}))
      (begin
        (send
          (hole 0 {:hash_depth=>0, :limit_depth=>true, :recv=>true}) :count))
      (begin
        (send
          (hole 0 {:hash_depth=>0, :limit_depth=>true, :recv=>true}) :count))
      (begin
        (send
          (hole 0 {:hash_depth=>0, :limit_depth=>true, :recv=>true}) :count))
      (begin
        (send
          (hole 0 {:hash_depth=>0, :limit_depth=>true, :recv=>true}) :-
          (hole 0 {:hash_depth=>0, :method_arg=>true})))
      (begin
        (send
          (hole 0 {:hash_depth=>0, :limit_depth=>true, :recv=>true}) :count))
      (begin
        (send
          (hole 0 {:hash_depth=>0, :limit_depth=>true, :recv=>true}) :-
          (hole 0 {:hash_depth=>0, :method_arg=>true})))
      (hole 2 {:hash_depth=>0, :method_arg=>true, :variance=>:+}) {:method_arg=>true})))
BASETYPE: Integer
SIZE WORK_LIST: 88
SIZE generated: 9
EVALUABLE#: 0

-------------------------

----------------
TTYPES
Integer

PROGS

LOCAL_COUNT: 57
GLOBAL_COUNT: 211

BASE_AFTER:
(begin
  (send
    (begin
      (send
        (lvar InvitationCode(id: integer, token: string, diaspora_user_id: integer, count: integer)) :count)) :-
    (begin
      (send
        (filled-hole
          (lvar InvitationCode(id: integer, token: string, diaspora_user_id: integer, count: integer)) {:method_arg=>false}) :count))))
BASETYPE: Integer
SIZE WORK_LIST: 96
SIZE generated: 1
EVALUABLE#: 1

-------------------------

----------------
TTYPES
Integer
Integer
Integer
Integer

PROGS

LOCAL_COUNT: 58
GLOBAL_COUNT: 212

BASE_AFTER:
(begin
  (send
    (begin
      (send
        (lvar InvitationCode(id: integer, token: string, diaspora_user_id: integer, count: integer)) :count)) :-
    (send
      (filled-hole
        (lvar :arg0) {:method_arg=>false}) :id=
      (filled-hole
        (int 0)
        (int 1)
        (int 2)
        (hole 1 {:hash_depth=>0, :method_arg=>true, :variance=>:+}) {:method_arg=>true}))))
BASETYPE: Integer
SIZE WORK_LIST: 95
SIZE generated: 4
EVALUABLE#: 3

-------------------------

----------------
TTYPES
Integer

PROGS

LOCAL_COUNT: 59
GLOBAL_COUNT: 213

BASE_AFTER:
(begin
  (send
    (begin
      (send
        (lvar InvitationCode(id: integer, token: string, diaspora_user_id: integer, count: integer)) :count)) :-
    (send
      (filled-hole
        (lvar :arg0) {:method_arg=>false}) :id)))
BASETYPE: Integer
SIZE WORK_LIST: 95
SIZE generated: 1
EVALUABLE#: 1

-------------------------

----------------
TTYPES
Integer
Integer
Integer
Integer

PROGS

LOCAL_COUNT: 60
GLOBAL_COUNT: 214

BASE_AFTER:
(begin
  (send
    (begin
      (send
        (lvar InvitationCode(id: integer, token: string, diaspora_user_id: integer, count: integer)) :count)) :-
    (send
      (filled-hole
        (lvar :arg0) {:method_arg=>false}) :diaspora_user_id=
      (filled-hole
        (int 0)
        (int 1)
        (int 2)
        (hole 1 {:hash_depth=>0, :method_arg=>true, :variance=>:+}) {:method_arg=>true}))))
BASETYPE: Integer
SIZE WORK_LIST: 94
SIZE generated: 4
EVALUABLE#: 3

-------------------------

----------------
TTYPES
Integer

PROGS

LOCAL_COUNT: 61
GLOBAL_COUNT: 215

BASE_AFTER:
(begin
  (send
    (begin
      (send
        (lvar InvitationCode(id: integer, token: string, diaspora_user_id: integer, count: integer)) :count)) :-
    (send
      (filled-hole
        (lvar :arg0) {:method_arg=>false}) :diaspora_user_id)))
BASETYPE: Integer
SIZE WORK_LIST: 94
SIZE generated: 1
EVALUABLE#: 1

-------------------------

----------------
TTYPES
Integer
Integer
Integer
Integer

PROGS

LOCAL_COUNT: 62
GLOBAL_COUNT: 216

BASE_AFTER:
(begin
  (send
    (begin
      (send
        (lvar InvitationCode(id: integer, token: string, diaspora_user_id: integer, count: integer)) :count)) :-
    (send
      (filled-hole
        (lvar :arg0) {:method_arg=>false}) :count=
      (filled-hole
        (int 0)
        (int 1)
        (int 2)
        (hole 1 {:hash_depth=>0, :method_arg=>true, :variance=>:+}) {:method_arg=>true}))))
BASETYPE: Integer
SIZE WORK_LIST: 93
SIZE generated: 4
EVALUABLE#: 3

-------------------------

----------------
TTYPES
Integer

PROGS

LOCAL_COUNT: 63
GLOBAL_COUNT: 217

BASE_AFTER:
(begin
  (send
    (begin
      (send
        (lvar InvitationCode(id: integer, token: string, diaspora_user_id: integer, count: integer)) :count)) :-
    (begin
      (send
        (filled-hole
          (lvar :arg0) {:method_arg=>false}) :count))))
BASETYPE: Integer
SIZE WORK_LIST: 93
SIZE generated: 1
EVALUABLE#: 1

-------------------------

----------------
TTYPES
true or false
true or false
Integer
Integer
Integer
String
%bot

PROGS

LOCAL_COUNT: 1
GLOBAL_COUNT: 1

BASE_AFTER:
(filled-hole
  (true)
  (false)
  (int 0)
  (int 1)
  (int 2)
  (str "")
  (hole 1 {:hash_depth=>0, :method_arg=>false, :variance=>:-}) {:method_arg=>false})
BASETYPE: %bot
SIZE WORK_LIST: 0
SIZE generated: 7
EVALUABLE#: 6

-------------------------

----------------
TTYPES
true or false
true or false

PROGS

LOCAL_COUNT: 2
GLOBAL_COUNT: 2

BASE_AFTER:
(true)
BASETYPE: true or false
SIZE WORK_LIST: 6
SIZE generated: 2
EVALUABLE#: 0

-------------------------

----------------
TTYPES
true or false
true or false

PROGS

LOCAL_COUNT: 3
GLOBAL_COUNT: 3

BASE_AFTER:
(false)
BASETYPE: true or false
SIZE WORK_LIST: 7
SIZE generated: 2
EVALUABLE#: 0

-------------------------

----------------
TTYPES
Integer
Integer

PROGS

LOCAL_COUNT: 4
GLOBAL_COUNT: 4

BASE_AFTER:
(int 0)
BASETYPE: Integer
SIZE WORK_LIST: 8
SIZE generated: 2
EVALUABLE#: 0

-------------------------

----------------
TTYPES
Integer
Integer

PROGS

LOCAL_COUNT: 5
GLOBAL_COUNT: 5

BASE_AFTER:
(int 1)
BASETYPE: Integer
SIZE WORK_LIST: 9
SIZE generated: 2
EVALUABLE#: 0

-------------------------

----------------
TTYPES
Integer
Integer

PROGS

LOCAL_COUNT: 6
GLOBAL_COUNT: 6

BASE_AFTER:
(int 2)
BASETYPE: Integer
SIZE WORK_LIST: 10
SIZE generated: 2
EVALUABLE#: 0

-------------------------

----------------
TTYPES
String
String

PROGS

LOCAL_COUNT: 7
GLOBAL_COUNT: 7

BASE_AFTER:
(str "")
BASETYPE: String
SIZE WORK_LIST: 11
SIZE generated: 2
EVALUABLE#: 0

-------------------------

----------------
TTYPES
%bot

PROGS

LOCAL_COUNT: 8
GLOBAL_COUNT: 8

BASE_AFTER:
(filled-hole
  (begin
    (send
      (hole 0 {:hash_depth=>0, :limit_depth=>true, :recv=>true}) :-
      (hole 0 {:hash_depth=>0, :method_arg=>true})))
  (begin
    (send
      (hole 0 {:hash_depth=>0, :limit_depth=>true, :recv=>true}) :count))
  (begin
    (send
      (hole 0 {:hash_depth=>0, :limit_depth=>true, :recv=>true}) :-
      (hole 0 {:hash_depth=>0, :method_arg=>true})))
  (hole 2 {:hash_depth=>0, :method_arg=>false, :variance=>:-}) {:method_arg=>false})
BASETYPE: %bot
SIZE WORK_LIST: 12
SIZE generated: 1
EVALUABLE#: 0

-------------------------

----------------
TTYPES
true or false
true or false
true or false
true or false

PROGS

LOCAL_COUNT: 9
GLOBAL_COUNT: 9

BASE_AFTER:
(begin
  (send
    (hole 0 {:hash_depth=>0, :limit_depth=>true, :recv=>true}) :count=
    (hole 0 {:hash_depth=>0, :method_arg=>true}))
  (true))
BASETYPE: true or false
SIZE WORK_LIST: 12
SIZE generated: 4
EVALUABLE#: 3

-------------------------

----------------
TTYPES
true or false

PROGS

LOCAL_COUNT: 10
GLOBAL_COUNT: 10

BASE_AFTER:
(begin
  (send
    (hole 0 {:hash_depth=>0, :limit_depth=>true, :recv=>true}) :diaspora_user=
    (hole 0 {:hash_depth=>0, :method_arg=>true}))
  (true))
BASETYPE: true or false
SIZE WORK_LIST: 14
SIZE generated: 1
EVALUABLE#: 0

-------------------------

----------------
TTYPES
true or false
true or false
true or false
true or false

PROGS

LOCAL_COUNT: 11
GLOBAL_COUNT: 11

BASE_AFTER:
(begin
  (send
    (hole 0 {:hash_depth=>0, :limit_depth=>true, :recv=>true}) :count=
    (hole 0 {:hash_depth=>0, :method_arg=>true}))
  (false))
BASETYPE: true or false
SIZE WORK_LIST: 14
SIZE generated: 4
EVALUABLE#: 3

-------------------------

----------------
TTYPES
true or false

PROGS

LOCAL_COUNT: 12
GLOBAL_COUNT: 12

BASE_AFTER:
(begin
  (send
    (hole 0 {:hash_depth=>0, :limit_depth=>true, :recv=>true}) :diaspora_user=
    (hole 0 {:hash_depth=>0, :method_arg=>true}))
  (false))
BASETYPE: true or false
SIZE WORK_LIST: 16
SIZE generated: 1
EVALUABLE#: 0

-------------------------

----------------
TTYPES
Integer
Integer
Integer
Integer
Integer

PROGS

LOCAL_COUNT: 13
GLOBAL_COUNT: 13

BASE_AFTER:
(begin
  (send
    (hole 0 {:hash_depth=>0, :limit_depth=>true, :recv=>true}) :count=
    (hole 0 {:hash_depth=>0, :method_arg=>true}))
  (int 0))
BASETYPE: Integer
SIZE WORK_LIST: 16
SIZE generated: 5
EVALUABLE#: 4

-------------------------

----------------
TTYPES
Integer

PROGS

LOCAL_COUNT: 14
GLOBAL_COUNT: 14

BASE_AFTER:
(begin
  (send
    (hole 0 {:hash_depth=>0, :limit_depth=>true, :recv=>true}) :diaspora_user=
    (hole 0 {:hash_depth=>0, :method_arg=>true}))
  (int 0))
BASETYPE: Integer
SIZE WORK_LIST: 19
SIZE generated: 1
EVALUABLE#: 0

-------------------------

----------------
TTYPES
Integer
Integer
Integer
Integer
Integer

PROGS

LOCAL_COUNT: 15
GLOBAL_COUNT: 15

BASE_AFTER:
(begin
  (send
    (hole 0 {:hash_depth=>0, :limit_depth=>true, :recv=>true}) :count=
    (hole 0 {:hash_depth=>0, :method_arg=>true}))
  (int 1))
BASETYPE: Integer
SIZE WORK_LIST: 19
SIZE generated: 5
EVALUABLE#: 4

-------------------------

----------------
TTYPES
Integer

PROGS

LOCAL_COUNT: 16
GLOBAL_COUNT: 16

BASE_AFTER:
(begin
  (send
    (hole 0 {:hash_depth=>0, :limit_depth=>true, :recv=>true}) :diaspora_user=
    (hole 0 {:hash_depth=>0, :method_arg=>true}))
  (int 1))
BASETYPE: Integer
SIZE WORK_LIST: 22
SIZE generated: 1
EVALUABLE#: 0

-------------------------

----------------
TTYPES
Integer
Integer
Integer
Integer
Integer

PROGS

LOCAL_COUNT: 17
GLOBAL_COUNT: 17

BASE_AFTER:
(begin
  (send
    (hole 0 {:hash_depth=>0, :limit_depth=>true, :recv=>true}) :count=
    (hole 0 {:hash_depth=>0, :method_arg=>true}))
  (int 2))
BASETYPE: Integer
SIZE WORK_LIST: 22
SIZE generated: 5
EVALUABLE#: 4

-------------------------

----------------
TTYPES
Integer

PROGS

LOCAL_COUNT: 18
GLOBAL_COUNT: 18

BASE_AFTER:
(begin
  (send
    (hole 0 {:hash_depth=>0, :limit_depth=>true, :recv=>true}) :diaspora_user=
    (hole 0 {:hash_depth=>0, :method_arg=>true}))
  (int 2))
BASETYPE: Integer
SIZE WORK_LIST: 24
SIZE generated: 1
EVALUABLE#: 0

-------------------------

----------------
TTYPES
String
String
String
String

PROGS

LOCAL_COUNT: 19
GLOBAL_COUNT: 19

BASE_AFTER:
(begin
  (send
    (hole 0 {:hash_depth=>0, :limit_depth=>true, :recv=>true}) :count=
    (hole 0 {:hash_depth=>0, :method_arg=>true}))
  (str ""))
BASETYPE: String
SIZE WORK_LIST: 24
SIZE generated: 4
EVALUABLE#: 3

-------------------------

----------------
TTYPES
String

PROGS

LOCAL_COUNT: 20
GLOBAL_COUNT: 20

BASE_AFTER:
(begin
  (send
    (hole 0 {:hash_depth=>0, :limit_depth=>true, :recv=>true}) :diaspora_user=
    (hole 0 {:hash_depth=>0, :method_arg=>true}))
  (str ""))
BASETYPE: String
SIZE WORK_LIST: 26
SIZE generated: 1
EVALUABLE#: 0

-------------------------

----------------
TTYPES
true or false
true or false

PROGS

LOCAL_COUNT: 21
GLOBAL_COUNT: 21

BASE_AFTER:
(begin
  (send
    (lvar :arg0) :count=
    (int 0))
  (true))
BASETYPE: true or false
SIZE WORK_LIST: 26
SIZE generated: 2
EVALUABLE#: 0

-------------------------

----------------
TTYPES
true or false
true or false

PROGS

LOCAL_COUNT: 22
GLOBAL_COUNT: 22

BASE_AFTER:
(begin
  (send
    (lvar :arg0) :count=
    (int 1))
  (true))
BASETYPE: true or false
SIZE WORK_LIST: 27
SIZE generated: 2
EVALUABLE#: 0

-------------------------

----------------
TTYPES
true or false
true or false

PROGS

LOCAL_COUNT: 23
GLOBAL_COUNT: 23

BASE_AFTER:
(begin
  (send
    (lvar :arg0) :count=
    (int 0))
  (false))
BASETYPE: true or false
SIZE WORK_LIST: 28
SIZE generated: 2
EVALUABLE#: 0

-------------------------

----------------
TTYPES
true or false
true or false

PROGS

LOCAL_COUNT: 24
GLOBAL_COUNT: 24

BASE_AFTER:
(begin
  (send
    (lvar :arg0) :count=
    (int 1))
  (false))
BASETYPE: true or false
SIZE WORK_LIST: 29
SIZE generated: 2
EVALUABLE#: 0

-------------------------

----------------
TTYPES
Integer
Integer

PROGS

LOCAL_COUNT: 25
GLOBAL_COUNT: 25

BASE_AFTER:
(begin
  (send
    (lvar :arg0) :count=
    (int 0))
  (int 0))
BASETYPE: Integer
SIZE WORK_LIST: 30
SIZE generated: 2
EVALUABLE#: 0

-------------------------

----------------
TTYPES
Integer
Integer

PROGS

LOCAL_COUNT: 26
GLOBAL_COUNT: 26

BASE_AFTER:
(begin
  (send
    (lvar :arg0) :count=
    (int 1))
  (int 0))
BASETYPE: Integer
SIZE WORK_LIST: 31
SIZE generated: 2
EVALUABLE#: 0

-------------------------

----------------
TTYPES
Integer
Integer

PROGS

LOCAL_COUNT: 27
GLOBAL_COUNT: 27

BASE_AFTER:
(begin
  (lvasgn :t0
    (int 0))
  (send
    (lvar :arg0) :count=
    (lvar :t0))
  (lvar :t0))
BASETYPE: Integer
SIZE WORK_LIST: 32
SIZE generated: 2
EVALUABLE#: 0

-------------------------

----------------
TTYPES
Integer
Integer

PROGS

LOCAL_COUNT: 28
GLOBAL_COUNT: 28

BASE_AFTER:
(begin
  (send
    (lvar :arg0) :count=
    (int 0))
  (int 1))
BASETYPE: Integer
SIZE WORK_LIST: 33
SIZE generated: 2
EVALUABLE#: 0

-------------------------

----------------
TTYPES
Integer
Integer

PROGS

LOCAL_COUNT: 29
GLOBAL_COUNT: 29

BASE_AFTER:
(begin
  (send
    (lvar :arg0) :count=
    (int 1))
  (int 1))
BASETYPE: Integer
SIZE WORK_LIST: 34
SIZE generated: 2
EVALUABLE#: 0

-------------------------

----------------
TTYPES
Integer
Integer

PROGS

LOCAL_COUNT: 30
GLOBAL_COUNT: 30

BASE_AFTER:
(begin
  (lvasgn :t0
    (int 1))
  (send
    (lvar :arg0) :count=
    (lvar :t0))
  (lvar :t0))
BASETYPE: Integer
SIZE WORK_LIST: 35
SIZE generated: 2
EVALUABLE#: 0

-------------------------

----------------
TTYPES
Integer
Integer

PROGS

LOCAL_COUNT: 31
GLOBAL_COUNT: 31

BASE_AFTER:
(begin
  (send
    (lvar :arg0) :count=
    (int 0))
  (int 2))
BASETYPE: Integer
SIZE WORK_LIST: 36
SIZE generated: 2
EVALUABLE#: 0

-------------------------

----------------
TTYPES
Integer
Integer

PROGS

LOCAL_COUNT: 32
GLOBAL_COUNT: 32

BASE_AFTER:
(begin
  (send
    (lvar :arg0) :count=
    (int 1))
  (int 2))
BASETYPE: Integer
SIZE WORK_LIST: 37
SIZE generated: 2
EVALUABLE#: 0

-------------------------

----------------
TTYPES
String
String

PROGS

LOCAL_COUNT: 33
GLOBAL_COUNT: 33

BASE_AFTER:
(begin
  (send
    (lvar :arg0) :count=
    (int 0))
  (str ""))
BASETYPE: String
SIZE WORK_LIST: 38
SIZE generated: 2
EVALUABLE#: 0

-------------------------

----------------
TTYPES
String
String

PROGS

LOCAL_COUNT: 34
GLOBAL_COUNT: 34

BASE_AFTER:
(begin
  (send
    (lvar :arg0) :count=
    (int 1))
  (str ""))
BASETYPE: String
SIZE WORK_LIST: 39
SIZE generated: 2
EVALUABLE#: 0

-------------------------

----------------
TTYPES
Integer
Integer
Integer
Integer
Integer
Integer
Integer
Integer
%bot

PROGS

LOCAL_COUNT: 35
GLOBAL_COUNT: 35

BASE_AFTER:
(filled-hole
  (begin
    (send
      (send
        (hole 0 {:hash_depth=>0, :limit_depth=>true, :recv=>true}) :id=
        (hole 0 {:hash_depth=>0, :method_arg=>true})) :-
      (hole 0 {:hash_depth=>0, :method_arg=>true})))
  (begin
    (send
      (send
        (hole 0 {:hash_depth=>0, :limit_depth=>true, :recv=>true}) :id=
        (hole 0 {:hash_depth=>0, :method_arg=>true})) :-
      (hole 0 {:hash_depth=>0, :method_arg=>true})))
  (begin
    (send
      (send
        (hole 0 {:hash_depth=>0, :limit_depth=>true, :recv=>true}) :id=
        (hole 0 {:hash_depth=>0, :method_arg=>true})) :count))
  (begin
    (send
      (send
        (hole 0 {:hash_depth=>0, :limit_depth=>true, :recv=>true}) :id) :-
      (hole 0 {:hash_depth=>0, :method_arg=>true})))
  (begin
    (send
      (send
        (hole 0 {:hash_depth=>0, :limit_depth=>true, :recv=>true}) :id) :-
      (hole 0 {:hash_depth=>0, :method_arg=>true})))
  (begin
    (send
      (send
        (hole 0 {:hash_depth=>0, :limit_depth=>true, :recv=>true}) :id) :count))
  (begin
    (send
      (send
        (hole 0 {:hash_depth=>0, :limit_depth=>true, :recv=>true}) :token=
        (hole 0 {:hash_depth=>0, :method_arg=>true})) :count))
  (begin
    (send
      (send
        (hole 0 {:hash_depth=>0, :limit_depth=>true, :recv=>true}) :token=
        (hole 0 {:hash_depth=>0, :method_arg=>true})) :-
      (hole 0 {:hash_depth=>0, :method_arg=>true})))
  (begin
    (send
      (send
        (hole 0 {:hash_depth=>0, :limit_depth=>true, :recv=>true}) :token) :count))
  (begin
    (send
      (send
        (hole 0 {:hash_depth=>0, :limit_depth=>true, :recv=>true}) :token) :-
      (hole 0 {:hash_depth=>0, :method_arg=>true})))
  (begin
    (send
      (send
        (hole 0 {:hash_depth=>0, :limit_depth=>true, :recv=>true}) :diaspora_user_id=
        (hole 0 {:hash_depth=>0, :method_arg=>true})) :-
      (hole 0 {:hash_depth=>0, :method_arg=>true})))
  (begin
    (send
      (send
        (hole 0 {:hash_depth=>0, :limit_depth=>true, :recv=>true}) :diaspora_user_id=
        (hole 0 {:hash_depth=>0, :method_arg=>true})) :-
      (hole 0 {:hash_depth=>0, :method_arg=>true})))
  (begin
    (send
      (send
        (hole 0 {:hash_depth=>0, :limit_depth=>true, :recv=>true}) :diaspora_user_id=
        (hole 0 {:hash_depth=>0, :method_arg=>true})) :count))
  (begin
    (send
      (send
        (hole 0 {:hash_depth=>0, :limit_depth=>true, :recv=>true}) :diaspora_user_id) :-
      (hole 0 {:hash_depth=>0, :method_arg=>true})))
  (begin
    (send
      (send
        (hole 0 {:hash_depth=>0, :limit_depth=>true, :recv=>true}) :diaspora_user_id) :-
      (hole 0 {:hash_depth=>0, :method_arg=>true})))
  (begin
    (send
      (send
        (hole 0 {:hash_depth=>0, :limit_depth=>true, :recv=>true}) :diaspora_user_id) :count))
  (begin
    (send
      (send
        (hole 0 {:hash_depth=>0, :limit_depth=>true, :recv=>true}) :count=
        (hole 0 {:hash_depth=>0, :method_arg=>true})) :-
      (hole 0 {:hash_depth=>0, :method_arg=>true})))
  (begin
    (send
      (send
        (hole 0 {:hash_depth=>0, :limit_depth=>true, :recv=>true}) :count=
        (hole 0 {:hash_depth=>0, :method_arg=>true})) :-
      (hole 0 {:hash_depth=>0, :method_arg=>true})))
  (begin
    (send
      (send
        (hole 0 {:hash_depth=>0, :limit_depth=>true, :recv=>true}) :count=
        (hole 0 {:hash_depth=>0, :method_arg=>true})) :count))
  (begin
    (send
      (begin
        (send
          (hole 0 {:hash_depth=>0, :limit_depth=>true, :recv=>true}) :count)) :-
      (hole 0 {:hash_depth=>0, :method_arg=>true})))
  (begin
    (send
      (begin
        (send
          (hole 0 {:hash_depth=>0, :limit_depth=>true, :recv=>true}) :count)) :-
      (hole 0 {:hash_depth=>0, :method_arg=>true})))
  (begin
    (send
      (begin
        (send
          (hole 0 {:hash_depth=>0, :limit_depth=>true, :recv=>true}) :count)) :count))
  (begin
    (send
      (send
        (hole 0 {:hash_depth=>0, :limit_depth=>true, :recv=>true}) :diaspora_user) :count))
  (begin
    (send
      (send
        (hole 0 {:hash_depth=>0, :limit_depth=>true, :recv=>true}) :diaspora_user) :-
      (hole 0 {:hash_depth=>0, :method_arg=>true})))
  (begin
    (send
      (send
        (hole 0 {:hash_depth=>0, :limit_depth=>true, :recv=>true}) :diaspora_user=
        (hole 0 {:hash_depth=>0, :method_arg=>true})) :count))
  (begin
    (send
      (send
        (hole 0 {:hash_depth=>0, :limit_depth=>true, :recv=>true}) :diaspora_user=
        (hole 0 {:hash_depth=>0, :method_arg=>true})) :-
      (hole 0 {:hash_depth=>0, :method_arg=>true})))
  (begin
    (send
      (begin
        (send
          (hole 0 {:hash_depth=>0, :limit_depth=>true, :recv=>true}) :-
          (hole 0 {:hash_depth=>0, :method_arg=>true}))) :-
      (hole 0 {:hash_depth=>0, :method_arg=>true})))
  (begin
    (send
      (begin
        (send
          (hole 0 {:hash_depth=>0, :limit_depth=>true, :recv=>true}) :-
          (hole 0 {:hash_depth=>0, :method_arg=>true}))) :-
      (hole 0 {:hash_depth=>0, :method_arg=>true})))
  (begin
    (send
      (begin
        (send
          (hole 0 {:hash_depth=>0, :limit_depth=>true, :recv=>true}) :save)) :count))
  (begin
    (send
      (begin
        (send
          (hole 0 {:hash_depth=>0, :limit_depth=>true, :recv=>true}) :save)) :-
      (hole 0 {:hash_depth=>0, :method_arg=>true})))
  (begin
    (send
      (begin
        (send
          (hole 0 {:hash_depth=>0, :limit_depth=>true, :recv=>true}) :count)) :-
      (hole 0 {:hash_depth=>0, :method_arg=>true})))
  (begin
    (send
      (begin
        (send
          (hole 0 {:hash_depth=>0, :limit_depth=>true, :recv=>true}) :count)) :-
      (hole 0 {:hash_depth=>0, :method_arg=>true})))
  (begin
    (send
      (begin
        (send
          (hole 0 {:hash_depth=>0, :limit_depth=>true, :recv=>true}) :-
          (hole 0 {:hash_depth=>0, :method_arg=>true}))) :-
      (hole 0 {:hash_depth=>0, :method_arg=>true})))
  (begin
    (send
      (begin
        (send
          (hole 0 {:hash_depth=>0, :limit_depth=>true, :recv=>true}) :-
          (hole 0 {:hash_depth=>0, :method_arg=>true}))) :-
      (hole 0 {:hash_depth=>0, :method_arg=>true})))
  (begin
    (send
      (begin
        (send
          (hole 0 {:hash_depth=>0, :limit_depth=>true, :recv=>true}) :save)) :count))
  (begin
    (send
      (begin
        (send
          (hole 0 {:hash_depth=>0, :limit_depth=>true, :recv=>true}) :save)) :-
      (hole 0 {:hash_depth=>0, :method_arg=>true})))
  (hole 3 {:hash_depth=>0, :method_arg=>false, :variance=>:-}) {:method_arg=>false})
BASETYPE: %bot
SIZE WORK_LIST: 40
SIZE generated: 9
EVALUABLE#: 0

-------------------------

----------------
TTYPES
Integer
Integer
Integer
Integer
Integer
Integer
Integer
Integer
Integer
Integer
Integer
Integer
Integer
Integer
Integer
Integer
Integer
Integer
Integer
Integer
Integer
Integer
Integer
Integer
Integer
Integer
Integer
Integer
Integer
Integer
Integer
Integer
Integer
Integer
Integer
Integer

PROGS

LOCAL_COUNT: 36
GLOBAL_COUNT: 36

BASE_AFTER:
(begin
  (send
    (begin
      (send
        (filled-hole
          (lvar InvitationCode(id: integer, token: string, diaspora_user_id: integer, count: integer)) {:method_arg=>false}) :-
        (filled-hole
          (lvar :arg0)
          (lvar InvitationCode(id: integer, token: string, diaspora_user_id: integer, count: integer))
          (true)
          (false)
          (int 0)
          (int 1)
          (int 2)
          (str "")
          (hole 1 {:hash_depth=>0, :method_arg=>true, :variance=>:+}) {:method_arg=>true}))) :-
    (filled-hole
      (int 0)
      (int 1)
      (int 2)
      (hole 1 {:hash_depth=>0, :method_arg=>true, :variance=>:+}) {:method_arg=>true})))
BASETYPE: Integer
SIZE WORK_LIST: 48
SIZE generated: 36
EVALUABLE#: 24

-------------------------

----------------
TTYPES
Integer
Integer
Integer
Integer

PROGS

LOCAL_COUNT: 37
GLOBAL_COUNT: 37

BASE_AFTER:
(begin
  (send
    (begin
      (send
        (filled-hole
          (lvar InvitationCode(id: integer, token: string, diaspora_user_id: integer, count: integer)) {:method_arg=>false}) :count)) :-
    (filled-hole
      (int 0)
      (int 1)
      (int 2)
      (hole 1 {:hash_depth=>0, :method_arg=>true, :variance=>:+}) {:method_arg=>true})))
BASETYPE: Integer
SIZE WORK_LIST: 59
SIZE generated: 4
EVALUABLE#: 3

-------------------------

----------------
TTYPES
true or false
true or false
true or false
true or false
true or false
true or false
true or false
true or false
true or false
true or false
true or false

PROGS

LOCAL_COUNT: 38
GLOBAL_COUNT: 38

BASE_AFTER:
(begin
  (send
    (lvar :arg0) :count=
    (hole 1 {:hash_depth=>0, :method_arg=>true, :variance=>:+}))
  (true))
BASETYPE: true or false
SIZE WORK_LIST: 62
SIZE generated: 11
EVALUABLE#: 0

-------------------------

----------------
TTYPES
Integer
Integer

PROGS

LOCAL_COUNT: 39
GLOBAL_COUNT: 39

BASE_AFTER:
(begin
  (send
    (begin
      (send
        (lvar InvitationCode(id: integer, token: string, diaspora_user_id: integer, count: integer)) :count)) :-
    (int 0)))
BASETYPE: Integer
SIZE WORK_LIST: 72
SIZE generated: 2
EVALUABLE#: 0

-------------------------

----------------
TTYPES
Integer
Integer

PROGS

LOCAL_COUNT: 40
GLOBAL_COUNT: 40

BASE_AFTER:
(begin
  (send
    (begin
      (send
        (lvar InvitationCode(id: integer, token: string, diaspora_user_id: integer, count: integer)) :count)) :-
    (int 1)))
BASETYPE: Integer
SIZE WORK_LIST: 73
SIZE generated: 2
EVALUABLE#: 0

-------------------------

----------------
TTYPES
Integer
Integer

PROGS

LOCAL_COUNT: 41
GLOBAL_COUNT: 41

BASE_AFTER:
(begin
  (send
    (begin
      (send
        (lvar InvitationCode(id: integer, token: string, diaspora_user_id: integer, count: integer)) :count)) :-
    (int 2)))
BASETYPE: Integer
SIZE WORK_LIST: 74
SIZE generated: 2
EVALUABLE#: 0

-------------------------

----------------
TTYPES
true or false
true or false
true or false
true or false
true or false
true or false
true or false
true or false
true or false
true or false

PROGS

LOCAL_COUNT: 42
GLOBAL_COUNT: 42

BASE_AFTER:
(begin
  (send
    (lvar :arg0) :count=
    (begin
      (send
        (hole 0 {:hash_depth=>0, :limit_depth=>true, :recv=>true}) :-
        (hole 0 {:hash_depth=>0, :method_arg=>true}))))
  (true))
BASETYPE: true or false
SIZE WORK_LIST: 75
SIZE generated: 10
EVALUABLE#: 9

-------------------------

----------------
TTYPES
true or false

PROGS

LOCAL_COUNT: 43
GLOBAL_COUNT: 43

BASE_AFTER:
(begin
  (send
    (lvar :arg0) :count=
    (begin
      (send
        (hole 0 {:hash_depth=>0, :limit_depth=>true, :recv=>true}) :count)))
  (true))
BASETYPE: true or false
SIZE WORK_LIST: 75
SIZE generated: 1
EVALUABLE#: 1

-------------------------

----------------
TTYPES
true or false
true or false
true or false
true or false
true or false
true or false

PROGS

LOCAL_COUNT: 44
GLOBAL_COUNT: 44

BASE_AFTER:
(begin
  (send
    (lvar :arg0) :diaspora_user=
    (hole 1 {:hash_depth=>0, :method_arg=>true, :variance=>:+}))
  (true))
BASETYPE: true or false
SIZE WORK_LIST: 75
SIZE generated: 6
EVALUABLE#: 0

-------------------------

----------------
TTYPES
true or false
true or false

PROGS

LOCAL_COUNT: 45
GLOBAL_COUNT: 45

BASE_AFTER:
(begin
  (send
    (lvar :arg0) :count=
    (begin
      (send
        (lvar InvitationCode(id: integer, token: string, diaspora_user_id: integer, count: integer)) :count)))
  (true))
BASETYPE: true or false
SIZE WORK_LIST: 80
SIZE generated: 2
EVALUABLE#: 0

-------------------------

----------------
TTYPES
true or false

PROGS

LOCAL_COUNT: 46
GLOBAL_COUNT: 46

BASE_AFTER:
(begin
  (send
    (lvar :arg0) :diaspora_user=
    (begin
      (send
        (hole 0 {:hash_depth=>0, :limit_depth=>true, :recv=>true}) :count)))
  (true))
BASETYPE: true or false
SIZE WORK_LIST: 81
SIZE generated: 1
EVALUABLE#: 1

-------------------------

----------------
TTYPES
true or false
true or false
true or false
true or false
true or false
true or false
true or false
true or false
true or false
true or false
true or false

PROGS

LOCAL_COUNT: 47
GLOBAL_COUNT: 47

BASE_AFTER:
(begin
  (send
    (lvar :arg0) :count=
    (hole 1 {:hash_depth=>0, :method_arg=>true, :variance=>:+}))
  (false))
BASETYPE: true or false
SIZE WORK_LIST: 80
SIZE generated: 11
EVALUABLE#: 0

-------------------------

----------------
TTYPES
true or false

PROGS

LOCAL_COUNT: 48
GLOBAL_COUNT: 48

BASE_AFTER:
(begin
  (send
    (lvar :arg0) :count=
    (begin
      (send
        (hole 0 {:hash_depth=>0, :limit_depth=>true, :recv=>true}) :count)))
  (false))
BASETYPE: true or false
SIZE WORK_LIST: 90
SIZE generated: 1
EVALUABLE#: 1

-------------------------

----------------
TTYPES
true or false
true or false
true or false
true or false
true or false
true or false

PROGS

LOCAL_COUNT: 49
GLOBAL_COUNT: 49

BASE_AFTER:
(begin
  (send
    (lvar :arg0) :diaspora_user=
    (hole 1 {:hash_depth=>0, :method_arg=>true, :variance=>:+}))
  (false))
BASETYPE: true or false
SIZE WORK_LIST: 90
SIZE generated: 6
EVALUABLE#: 0

-------------------------

----------------
TTYPES
true or false
true or false

PROGS

LOCAL_COUNT: 50
GLOBAL_COUNT: 50

BASE_AFTER:
(begin
  (send
    (lvar :arg0) :count=
    (begin
      (send
        (lvar InvitationCode(id: integer, token: string, diaspora_user_id: integer, count: integer)) :count)))
  (false))
BASETYPE: true or false
SIZE WORK_LIST: 95
SIZE generated: 2
EVALUABLE#: 0

-------------------------

----------------
TTYPES
true or false

PROGS

LOCAL_COUNT: 51
GLOBAL_COUNT: 51

BASE_AFTER:
(begin
  (send
    (lvar :arg0) :diaspora_user=
    (begin
      (send
        (hole 0 {:hash_depth=>0, :limit_depth=>true, :recv=>true}) :count)))
  (false))
BASETYPE: true or false
SIZE WORK_LIST: 96
SIZE generated: 1
EVALUABLE#: 1

-------------------------

----------------
TTYPES
Integer
Integer
Integer
Integer
Integer
Integer
Integer
Integer
Integer
Integer
Integer

PROGS

LOCAL_COUNT: 52
GLOBAL_COUNT: 52

BASE_AFTER:
(begin
  (send
    (lvar :arg0) :count=
    (hole 1 {:hash_depth=>0, :method_arg=>true, :variance=>:+}))
  (int 0))
BASETYPE: Integer
SIZE WORK_LIST: 95
SIZE generated: 11
EVALUABLE#: 0

-------------------------

----------------
TTYPES
Integer

PROGS

LOCAL_COUNT: 53
GLOBAL_COUNT: 53

BASE_AFTER:
(begin
  (send
    (lvar :arg0) :count=
    (begin
      (send
        (hole 0 {:hash_depth=>0, :limit_depth=>true, :recv=>true}) :count)))
  (int 0))
BASETYPE: Integer
SIZE WORK_LIST: 105
SIZE generated: 1
EVALUABLE#: 1

-------------------------

----------------
TTYPES
Integer
Integer
Integer
Integer
Integer
Integer

PROGS

LOCAL_COUNT: 54
GLOBAL_COUNT: 54

BASE_AFTER:
(begin
  (send
    (lvar :arg0) :diaspora_user=
    (hole 1 {:hash_depth=>0, :method_arg=>true, :variance=>:+}))
  (int 0))
BASETYPE: Integer
SIZE WORK_LIST: 105
SIZE generated: 6
EVALUABLE#: 0

-------------------------

----------------
TTYPES
Integer
Integer

PROGS

LOCAL_COUNT: 55
GLOBAL_COUNT: 55

BASE_AFTER:
(begin
  (send
    (lvar :arg0) :count=
    (begin
      (send
        (lvar InvitationCode(id: integer, token: string, diaspora_user_id: integer, count: integer)) :count)))
  (int 0))
BASETYPE: Integer
SIZE WORK_LIST: 110
SIZE generated: 2
EVALUABLE#: 0

-------------------------

----------------
TTYPES
Integer

PROGS

LOCAL_COUNT: 56
GLOBAL_COUNT: 56

BASE_AFTER:
(begin
  (send
    (lvar :arg0) :diaspora_user=
    (begin
      (send
        (hole 0 {:hash_depth=>0, :limit_depth=>true, :recv=>true}) :count)))
  (int 0))
BASETYPE: Integer
SIZE WORK_LIST: 111
SIZE generated: 1
EVALUABLE#: 1

-------------------------

----------------
TTYPES
Integer
Integer
Integer
Integer
Integer
Integer
Integer
Integer
Integer
Integer
Integer

PROGS

LOCAL_COUNT: 57
GLOBAL_COUNT: 57

BASE_AFTER:
(begin
  (send
    (lvar :arg0) :count=
    (hole 1 {:hash_depth=>0, :method_arg=>true, :variance=>:+}))
  (int 1))
BASETYPE: Integer
SIZE WORK_LIST: 110
SIZE generated: 11
EVALUABLE#: 0

-------------------------

----------------
TTYPES
Integer

PROGS

LOCAL_COUNT: 58
GLOBAL_COUNT: 58

BASE_AFTER:
(begin
  (send
    (lvar :arg0) :count=
    (begin
      (send
        (hole 0 {:hash_depth=>0, :limit_depth=>true, :recv=>true}) :count)))
  (int 1))
BASETYPE: Integer
SIZE WORK_LIST: 120
SIZE generated: 1
EVALUABLE#: 1

-------------------------

----------------
TTYPES
Integer
Integer
Integer
Integer
Integer
Integer

PROGS

LOCAL_COUNT: 59
GLOBAL_COUNT: 59

BASE_AFTER:
(begin
  (send
    (lvar :arg0) :diaspora_user=
    (hole 1 {:hash_depth=>0, :method_arg=>true, :variance=>:+}))
  (int 1))
BASETYPE: Integer
SIZE WORK_LIST: 120
SIZE generated: 6
EVALUABLE#: 0

-------------------------

----------------
TTYPES
Integer
Integer

PROGS

LOCAL_COUNT: 60
GLOBAL_COUNT: 60

BASE_AFTER:
(begin
  (send
    (lvar :arg0) :count=
    (begin
      (send
        (lvar InvitationCode(id: integer, token: string, diaspora_user_id: integer, count: integer)) :count)))
  (int 1))
BASETYPE: Integer
SIZE WORK_LIST: 125
SIZE generated: 2
EVALUABLE#: 0

-------------------------

----------------
TTYPES
Integer

PROGS

LOCAL_COUNT: 61
GLOBAL_COUNT: 61

BASE_AFTER:
(begin
  (send
    (lvar :arg0) :diaspora_user=
    (begin
      (send
        (hole 0 {:hash_depth=>0, :limit_depth=>true, :recv=>true}) :count)))
  (int 1))
BASETYPE: Integer
SIZE WORK_LIST: 126
SIZE generated: 1
EVALUABLE#: 1

-------------------------

----------------
TTYPES
Integer
Integer
Integer
Integer
Integer
Integer
Integer
Integer
Integer
Integer
Integer

PROGS

LOCAL_COUNT: 62
GLOBAL_COUNT: 62

BASE_AFTER:
(begin
  (send
    (lvar :arg0) :count=
    (hole 1 {:hash_depth=>0, :method_arg=>true, :variance=>:+}))
  (int 2))
BASETYPE: Integer
SIZE WORK_LIST: 125
SIZE generated: 11
EVALUABLE#: 0

-------------------------

----------------
TTYPES
Integer

PROGS

LOCAL_COUNT: 63
GLOBAL_COUNT: 63

BASE_AFTER:
(begin
  (send
    (lvar :arg0) :count=
    (begin
      (send
        (hole 0 {:hash_depth=>0, :limit_depth=>true, :recv=>true}) :count)))
  (int 2))
BASETYPE: Integer
SIZE WORK_LIST: 135
SIZE generated: 1
EVALUABLE#: 1

-------------------------

----------------
TTYPES
Integer
Integer
Integer
Integer
Integer
Integer

PROGS

LOCAL_COUNT: 64
GLOBAL_COUNT: 64

BASE_AFTER:
(begin
  (send
    (lvar :arg0) :diaspora_user=
    (hole 1 {:hash_depth=>0, :method_arg=>true, :variance=>:+}))
  (int 2))
BASETYPE: Integer
SIZE WORK_LIST: 135
SIZE generated: 6
EVALUABLE#: 0

-------------------------

----------------
TTYPES
Integer
Integer

PROGS

LOCAL_COUNT: 65
GLOBAL_COUNT: 65

BASE_AFTER:
(begin
  (send
    (lvar :arg0) :count=
    (begin
      (send
        (lvar InvitationCode(id: integer, token: string, diaspora_user_id: integer, count: integer)) :count)))
  (int 2))
BASETYPE: Integer
SIZE WORK_LIST: 140
SIZE generated: 2
EVALUABLE#: 0

-------------------------

----------------
TTYPES
Integer

PROGS

LOCAL_COUNT: 66
GLOBAL_COUNT: 66

BASE_AFTER:
(begin
  (send
    (lvar :arg0) :diaspora_user=
    (begin
      (send
        (hole 0 {:hash_depth=>0, :limit_depth=>true, :recv=>true}) :count)))
  (int 2))
BASETYPE: Integer
SIZE WORK_LIST: 141
SIZE generated: 1
EVALUABLE#: 1

-------------------------

----------------
TTYPES
String
String
String
String
String
String
String
String
String
String
String

PROGS

LOCAL_COUNT: 67
GLOBAL_COUNT: 67

BASE_AFTER:
(begin
  (send
    (lvar :arg0) :count=
    (hole 1 {:hash_depth=>0, :method_arg=>true, :variance=>:+}))
  (str ""))
BASETYPE: String
SIZE WORK_LIST: 140
SIZE generated: 11
EVALUABLE#: 0

-------------------------

----------------
TTYPES
String

PROGS

LOCAL_COUNT: 68
GLOBAL_COUNT: 68

BASE_AFTER:
(begin
  (send
    (lvar :arg0) :count=
    (begin
      (send
        (hole 0 {:hash_depth=>0, :limit_depth=>true, :recv=>true}) :count)))
  (str ""))
BASETYPE: String
SIZE WORK_LIST: 150
SIZE generated: 1
EVALUABLE#: 1

-------------------------

----------------
TTYPES
String
String
String
String
String
String

PROGS

LOCAL_COUNT: 69
GLOBAL_COUNT: 69

BASE_AFTER:
(begin
  (send
    (lvar :arg0) :diaspora_user=
    (hole 1 {:hash_depth=>0, :method_arg=>true, :variance=>:+}))
  (str ""))
BASETYPE: String
SIZE WORK_LIST: 150
SIZE generated: 6
EVALUABLE#: 0

-------------------------

----------------
TTYPES
String
String

PROGS

LOCAL_COUNT: 70
GLOBAL_COUNT: 70

BASE_AFTER:
(begin
  (send
    (lvar :arg0) :count=
    (begin
      (send
        (lvar InvitationCode(id: integer, token: string, diaspora_user_id: integer, count: integer)) :count)))
  (str ""))
BASETYPE: String
SIZE WORK_LIST: 155
SIZE generated: 2
EVALUABLE#: 0

-------------------------

----------------
TTYPES
String

PROGS

LOCAL_COUNT: 71
GLOBAL_COUNT: 71

BASE_AFTER:
(begin
  (send
    (lvar :arg0) :diaspora_user=
    (begin
      (send
        (hole 0 {:hash_depth=>0, :limit_depth=>true, :recv=>true}) :count)))
  (str ""))
BASETYPE: String
SIZE WORK_LIST: 156
SIZE generated: 1
EVALUABLE#: 1

-------------------------

----------------
TTYPES
true or false
true or false
true or false
true or false

PROGS

LOCAL_COUNT: 72
GLOBAL_COUNT: 72

BASE_AFTER:
(begin
  (send
    (lvar :arg0) :count=
    (int 0))
  (send
    (hole 0 {:hash_depth=>0, :limit_depth=>true, :recv=>true}) :count=
    (hole 0 {:hash_depth=>0, :method_arg=>true}))
  (true))
BASETYPE: true or false
SIZE WORK_LIST: 155
SIZE generated: 4
EVALUABLE#: 3

-------------------------

----------------
TTYPES
true or false

PROGS

LOCAL_COUNT: 73
GLOBAL_COUNT: 73

BASE_AFTER:
(begin
  (send
    (lvar :arg0) :count=
    (int 0))
  (send
    (hole 0 {:hash_depth=>0, :limit_depth=>true, :recv=>true}) :diaspora_user=
    (hole 0 {:hash_depth=>0, :method_arg=>true}))
  (true))
BASETYPE: true or false
SIZE WORK_LIST: 157
SIZE generated: 1
EVALUABLE#: 0

-------------------------

----------------
TTYPES
true or false
true or false
true or false
true or false

PROGS

LOCAL_COUNT: 74
GLOBAL_COUNT: 74

BASE_AFTER:
(begin
  (send
    (lvar :arg0) :count=
    (int 1))
  (send
    (hole 0 {:hash_depth=>0, :limit_depth=>true, :recv=>true}) :count=
    (hole 0 {:hash_depth=>0, :method_arg=>true}))
  (true))
BASETYPE: true or false
SIZE WORK_LIST: 157
SIZE generated: 4
EVALUABLE#: 3

-------------------------

----------------
TTYPES
true or false

PROGS

LOCAL_COUNT: 75
GLOBAL_COUNT: 75

BASE_AFTER:
(begin
  (send
    (lvar :arg0) :count=
    (int 1))
  (send
    (hole 0 {:hash_depth=>0, :limit_depth=>true, :recv=>true}) :diaspora_user=
    (hole 0 {:hash_depth=>0, :method_arg=>true}))
  (true))
BASETYPE: true or false
SIZE WORK_LIST: 159
SIZE generated: 1
EVALUABLE#: 0

-------------------------

----------------
TTYPES
true or false
true or false
true or false
true or false

PROGS

LOCAL_COUNT: 76
GLOBAL_COUNT: 76

BASE_AFTER:
(begin
  (send
    (lvar :arg0) :count=
    (int 0))
  (send
    (hole 0 {:hash_depth=>0, :limit_depth=>true, :recv=>true}) :count=
    (hole 0 {:hash_depth=>0, :method_arg=>true}))
  (false))
BASETYPE: true or false
SIZE WORK_LIST: 159
SIZE generated: 4
EVALUABLE#: 3

-------------------------

----------------
TTYPES
true or false

PROGS

LOCAL_COUNT: 77
GLOBAL_COUNT: 77

BASE_AFTER:
(begin
  (send
    (lvar :arg0) :count=
    (int 0))
  (send
    (hole 0 {:hash_depth=>0, :limit_depth=>true, :recv=>true}) :diaspora_user=
    (hole 0 {:hash_depth=>0, :method_arg=>true}))
  (false))
BASETYPE: true or false
SIZE WORK_LIST: 161
SIZE generated: 1
EVALUABLE#: 0

-------------------------

----------------
TTYPES
true or false
true or false
true or false
true or false

PROGS

LOCAL_COUNT: 78
GLOBAL_COUNT: 78

BASE_AFTER:
(begin
  (send
    (lvar :arg0) :count=
    (int 1))
  (send
    (hole 0 {:hash_depth=>0, :limit_depth=>true, :recv=>true}) :count=
    (hole 0 {:hash_depth=>0, :method_arg=>true}))
  (false))
BASETYPE: true or false
SIZE WORK_LIST: 161
SIZE generated: 4
EVALUABLE#: 3

-------------------------

----------------
TTYPES
true or false

PROGS

LOCAL_COUNT: 79
GLOBAL_COUNT: 79

BASE_AFTER:
(begin
  (send
    (lvar :arg0) :count=
    (int 1))
  (send
    (hole 0 {:hash_depth=>0, :limit_depth=>true, :recv=>true}) :diaspora_user=
    (hole 0 {:hash_depth=>0, :method_arg=>true}))
  (false))
BASETYPE: true or false
SIZE WORK_LIST: 163
SIZE generated: 1
EVALUABLE#: 0

-------------------------

----------------
TTYPES
Integer
Integer
Integer
Integer
Integer

PROGS

LOCAL_COUNT: 80
GLOBAL_COUNT: 80

BASE_AFTER:
(begin
  (send
    (lvar :arg0) :count=
    (int 0))
  (send
    (hole 0 {:hash_depth=>0, :limit_depth=>true, :recv=>true}) :count=
    (hole 0 {:hash_depth=>0, :method_arg=>true}))
  (int 0))
BASETYPE: Integer
SIZE WORK_LIST: 163
SIZE generated: 5
EVALUABLE#: 4

-------------------------

----------------
TTYPES
Integer

PROGS

LOCAL_COUNT: 81
GLOBAL_COUNT: 81

BASE_AFTER:
(begin
  (send
    (lvar :arg0) :count=
    (int 0))
  (send
    (hole 0 {:hash_depth=>0, :limit_depth=>true, :recv=>true}) :diaspora_user=
    (hole 0 {:hash_depth=>0, :method_arg=>true}))
  (int 0))
BASETYPE: Integer
SIZE WORK_LIST: 166
SIZE generated: 1
EVALUABLE#: 0

-------------------------

----------------
TTYPES
Integer
Integer
Integer
Integer
Integer

PROGS

LOCAL_COUNT: 82
GLOBAL_COUNT: 82

BASE_AFTER:
(begin
  (send
    (lvar :arg0) :count=
    (int 1))
  (send
    (hole 0 {:hash_depth=>0, :limit_depth=>true, :recv=>true}) :count=
    (hole 0 {:hash_depth=>0, :method_arg=>true}))
  (int 0))
BASETYPE: Integer
SIZE WORK_LIST: 166
SIZE generated: 5
EVALUABLE#: 4

-------------------------

----------------
TTYPES
Integer

PROGS

LOCAL_COUNT: 83
GLOBAL_COUNT: 83

BASE_AFTER:
(begin
  (send
    (lvar :arg0) :count=
    (int 1))
  (send
    (hole 0 {:hash_depth=>0, :limit_depth=>true, :recv=>true}) :diaspora_user=
    (hole 0 {:hash_depth=>0, :method_arg=>true}))
  (int 0))
BASETYPE: Integer
SIZE WORK_LIST: 169
SIZE generated: 1
EVALUABLE#: 0

-------------------------

----------------
TTYPES
Integer
Integer
Integer
Integer
Integer

PROGS

LOCAL_COUNT: 84
GLOBAL_COUNT: 84

BASE_AFTER:
(begin
  (lvasgn :t0
    (int 0))
  (send
    (lvar :arg0) :count=
    (lvar :t0))
  (send
    (hole 0 {:hash_depth=>0, :limit_depth=>true, :recv=>true}) :count=
    (hole 0 {:hash_depth=>0, :method_arg=>true}))
  (lvar :t0))
BASETYPE: Integer
SIZE WORK_LIST: 169
SIZE generated: 5
EVALUABLE#: 4

-------------------------

----------------
TTYPES
Integer

PROGS

LOCAL_COUNT: 85
GLOBAL_COUNT: 85

BASE_AFTER:
(begin
  (lvasgn :t0
    (int 0))
  (send
    (lvar :arg0) :count=
    (lvar :t0))
  (send
    (hole 0 {:hash_depth=>0, :limit_depth=>true, :recv=>true}) :diaspora_user=
    (hole 0 {:hash_depth=>0, :method_arg=>true}))
  (lvar :t0))
BASETYPE: Integer
SIZE WORK_LIST: 172
SIZE generated: 1
EVALUABLE#: 0

-------------------------

----------------
TTYPES
Integer
Integer
Integer
Integer
Integer

PROGS

LOCAL_COUNT: 86
GLOBAL_COUNT: 86

BASE_AFTER:
(begin
  (send
    (lvar :arg0) :count=
    (int 0))
  (send
    (hole 0 {:hash_depth=>0, :limit_depth=>true, :recv=>true}) :count=
    (hole 0 {:hash_depth=>0, :method_arg=>true}))
  (int 1))
BASETYPE: Integer
SIZE WORK_LIST: 172
SIZE generated: 5
EVALUABLE#: 4

-------------------------

----------------
TTYPES
Integer

PROGS

LOCAL_COUNT: 87
GLOBAL_COUNT: 87

BASE_AFTER:
(begin
  (send
    (lvar :arg0) :count=
    (int 0))
  (send
    (hole 0 {:hash_depth=>0, :limit_depth=>true, :recv=>true}) :diaspora_user=
    (hole 0 {:hash_depth=>0, :method_arg=>true}))
  (int 1))
BASETYPE: Integer
SIZE WORK_LIST: 175
SIZE generated: 1
EVALUABLE#: 0

-------------------------

----------------
TTYPES
Integer
Integer
Integer
Integer
Integer

PROGS

LOCAL_COUNT: 88
GLOBAL_COUNT: 88

BASE_AFTER:
(begin
  (send
    (lvar :arg0) :count=
    (int 1))
  (send
    (hole 0 {:hash_depth=>0, :limit_depth=>true, :recv=>true}) :count=
    (hole 0 {:hash_depth=>0, :method_arg=>true}))
  (int 1))
BASETYPE: Integer
SIZE WORK_LIST: 175
SIZE generated: 5
EVALUABLE#: 4

-------------------------

----------------
TTYPES
Integer

PROGS

LOCAL_COUNT: 89
GLOBAL_COUNT: 89

BASE_AFTER:
(begin
  (send
    (lvar :arg0) :count=
    (int 1))
  (send
    (hole 0 {:hash_depth=>0, :limit_depth=>true, :recv=>true}) :diaspora_user=
    (hole 0 {:hash_depth=>0, :method_arg=>true}))
  (int 1))
BASETYPE: Integer
SIZE WORK_LIST: 178
SIZE generated: 1
EVALUABLE#: 0

-------------------------

----------------
TTYPES
Integer
Integer
Integer
Integer
Integer

PROGS

LOCAL_COUNT: 90
GLOBAL_COUNT: 90

BASE_AFTER:
(begin
  (lvasgn :t0
    (int 1))
  (send
    (lvar :arg0) :count=
    (lvar :t0))
  (send
    (hole 0 {:hash_depth=>0, :limit_depth=>true, :recv=>true}) :count=
    (hole 0 {:hash_depth=>0, :method_arg=>true}))
  (lvar :t0))
BASETYPE: Integer
SIZE WORK_LIST: 178
SIZE generated: 5
EVALUABLE#: 4

-------------------------

----------------
TTYPES
Integer

PROGS

LOCAL_COUNT: 91
GLOBAL_COUNT: 91

BASE_AFTER:
(begin
  (lvasgn :t0
    (int 1))
  (send
    (lvar :arg0) :count=
    (lvar :t0))
  (send
    (hole 0 {:hash_depth=>0, :limit_depth=>true, :recv=>true}) :diaspora_user=
    (hole 0 {:hash_depth=>0, :method_arg=>true}))
  (lvar :t0))
BASETYPE: Integer
SIZE WORK_LIST: 181
SIZE generated: 1
EVALUABLE#: 0

-------------------------

----------------
TTYPES
Integer
Integer
Integer
Integer
Integer

PROGS

LOCAL_COUNT: 92
GLOBAL_COUNT: 92

BASE_AFTER:
(begin
  (send
    (lvar :arg0) :count=
    (int 0))
  (send
    (hole 0 {:hash_depth=>0, :limit_depth=>true, :recv=>true}) :count=
    (hole 0 {:hash_depth=>0, :method_arg=>true}))
  (int 2))
BASETYPE: Integer
SIZE WORK_LIST: 181
SIZE generated: 5
EVALUABLE#: 4

-------------------------

----------------
TTYPES
Integer

PROGS

LOCAL_COUNT: 93
GLOBAL_COUNT: 93

BASE_AFTER:
(begin
  (send
    (lvar :arg0) :count=
    (int 0))
  (send
    (hole 0 {:hash_depth=>0, :limit_depth=>true, :recv=>true}) :diaspora_user=
    (hole 0 {:hash_depth=>0, :method_arg=>true}))
  (int 2))
BASETYPE: Integer
SIZE WORK_LIST: 183
SIZE generated: 1
EVALUABLE#: 0

-------------------------

----------------
TTYPES
Integer
Integer
Integer
Integer
Integer

PROGS

LOCAL_COUNT: 94
GLOBAL_COUNT: 94

BASE_AFTER:
(begin
  (send
    (lvar :arg0) :count=
    (int 1))
  (send
    (hole 0 {:hash_depth=>0, :limit_depth=>true, :recv=>true}) :count=
    (hole 0 {:hash_depth=>0, :method_arg=>true}))
  (int 2))
BASETYPE: Integer
SIZE WORK_LIST: 183
SIZE generated: 5
EVALUABLE#: 4

-------------------------

----------------
TTYPES
Integer

PROGS

LOCAL_COUNT: 95
GLOBAL_COUNT: 95

BASE_AFTER:
(begin
  (send
    (lvar :arg0) :count=
    (int 1))
  (send
    (hole 0 {:hash_depth=>0, :limit_depth=>true, :recv=>true}) :diaspora_user=
    (hole 0 {:hash_depth=>0, :method_arg=>true}))
  (int 2))
BASETYPE: Integer
SIZE WORK_LIST: 185
SIZE generated: 1
EVALUABLE#: 0

-------------------------

----------------
TTYPES
String
String
String
String

PROGS

LOCAL_COUNT: 96
GLOBAL_COUNT: 96

BASE_AFTER:
(begin
  (send
    (lvar :arg0) :count=
    (int 0))
  (send
    (hole 0 {:hash_depth=>0, :limit_depth=>true, :recv=>true}) :count=
    (hole 0 {:hash_depth=>0, :method_arg=>true}))
  (str ""))
BASETYPE: String
SIZE WORK_LIST: 185
SIZE generated: 4
EVALUABLE#: 3

-------------------------

----------------
TTYPES
String

PROGS

LOCAL_COUNT: 97
GLOBAL_COUNT: 97

BASE_AFTER:
(begin
  (send
    (lvar :arg0) :count=
    (int 0))
  (send
    (hole 0 {:hash_depth=>0, :limit_depth=>true, :recv=>true}) :diaspora_user=
    (hole 0 {:hash_depth=>0, :method_arg=>true}))
  (str ""))
BASETYPE: String
SIZE WORK_LIST: 187
SIZE generated: 1
EVALUABLE#: 0

-------------------------

----------------
TTYPES
String
String
String
String

PROGS

LOCAL_COUNT: 98
GLOBAL_COUNT: 98

BASE_AFTER:
(begin
  (send
    (lvar :arg0) :count=
    (int 1))
  (send
    (hole 0 {:hash_depth=>0, :limit_depth=>true, :recv=>true}) :count=
    (hole 0 {:hash_depth=>0, :method_arg=>true}))
  (str ""))
BASETYPE: String
SIZE WORK_LIST: 187
SIZE generated: 4
EVALUABLE#: 3

-------------------------

----------------
TTYPES
String

PROGS

LOCAL_COUNT: 99
GLOBAL_COUNT: 99

BASE_AFTER:
(begin
  (send
    (lvar :arg0) :count=
    (int 1))
  (send
    (hole 0 {:hash_depth=>0, :limit_depth=>true, :recv=>true}) :diaspora_user=
    (hole 0 {:hash_depth=>0, :method_arg=>true}))
  (str ""))
BASETYPE: String
SIZE WORK_LIST: 189
SIZE generated: 1
EVALUABLE#: 0

-------------------------

----------------
TTYPES
Integer
Integer
Integer
Integer
Integer
Integer
Integer
Integer
Integer
Integer
Integer
Integer
Integer
Integer
Integer
Integer

PROGS

LOCAL_COUNT: 100
GLOBAL_COUNT: 100

BASE_AFTER:
(begin
  (send
    (send
      (filled-hole
        (lvar :arg0) {:method_arg=>false}) :id=
      (filled-hole
        (int 0)
        (int 1)
        (int 2)
        (hole 1 {:hash_depth=>0, :method_arg=>true, :variance=>:+}) {:method_arg=>true})) :-
    (filled-hole
      (int 0)
      (int 1)
      (int 2)
      (hole 1 {:hash_depth=>0, :method_arg=>true, :variance=>:+}) {:method_arg=>true})))
BASETYPE: Integer
SIZE WORK_LIST: 189
SIZE generated: 16
EVALUABLE#: 9

-------------------------

----------------
TTYPES
Integer
Integer
Integer
Integer

PROGS

LOCAL_COUNT: 101
GLOBAL_COUNT: 101

BASE_AFTER:
(begin
  (send
    (send
      (filled-hole
        (lvar :arg0) {:method_arg=>false}) :id) :-
    (filled-hole
      (int 0)
      (int 1)
      (int 2)
      (hole 1 {:hash_depth=>0, :method_arg=>true, :variance=>:+}) {:method_arg=>true})))
BASETYPE: Integer
SIZE WORK_LIST: 204
SIZE generated: 4
EVALUABLE#: 3

-------------------------

----------------
TTYPES
Integer
Integer
Integer
Integer
Integer
Integer
Integer
Integer
Integer
Integer
Integer
Integer
Integer
Integer
Integer
Integer

PROGS

LOCAL_COUNT: 102
GLOBAL_COUNT: 102

BASE_AFTER:
(begin
  (send
    (send
      (filled-hole
        (lvar :arg0) {:method_arg=>false}) :diaspora_user_id=
      (filled-hole
        (int 0)
        (int 1)
        (int 2)
        (hole 1 {:hash_depth=>0, :method_arg=>true, :variance=>:+}) {:method_arg=>true})) :-
    (filled-hole
      (int 0)
      (int 1)
      (int 2)
      (hole 1 {:hash_depth=>0, :method_arg=>true, :variance=>:+}) {:method_arg=>true})))
BASETYPE: Integer
SIZE WORK_LIST: 207
SIZE generated: 16
EVALUABLE#: 9

-------------------------

----------------
TTYPES
Integer
Integer
Integer
Integer

PROGS

LOCAL_COUNT: 103
GLOBAL_COUNT: 103

BASE_AFTER:
(begin
  (send
    (send
      (filled-hole
        (lvar :arg0) {:method_arg=>false}) :diaspora_user_id) :-
    (filled-hole
      (int 0)
      (int 1)
      (int 2)
      (hole 1 {:hash_depth=>0, :method_arg=>true, :variance=>:+}) {:method_arg=>true})))
BASETYPE: Integer
SIZE WORK_LIST: 222
SIZE generated: 4
EVALUABLE#: 3

-------------------------

----------------
TTYPES
Integer
Integer
Integer
Integer
Integer
Integer
Integer
Integer
Integer
Integer
Integer
Integer
Integer
Integer
Integer
Integer

PROGS

LOCAL_COUNT: 104
GLOBAL_COUNT: 104

BASE_AFTER:
(begin
  (send
    (send
      (filled-hole
        (lvar :arg0) {:method_arg=>false}) :count=
      (filled-hole
        (int 0)
        (int 1)
        (int 2)
        (hole 1 {:hash_depth=>0, :method_arg=>true, :variance=>:+}) {:method_arg=>true})) :-
    (filled-hole
      (int 0)
      (int 1)
      (int 2)
      (hole 1 {:hash_depth=>0, :method_arg=>true, :variance=>:+}) {:method_arg=>true})))
BASETYPE: Integer
SIZE WORK_LIST: 222
SIZE generated: 16
EVALUABLE#: 9

-------------------------

----------------
TTYPES
Integer
Integer
Integer
Integer

PROGS

LOCAL_COUNT: 105
GLOBAL_COUNT: 105

BASE_AFTER:
(begin
  (send
    (begin
      (send
        (filled-hole
          (lvar :arg0) {:method_arg=>false}) :count)) :-
    (filled-hole
      (int 0)
      (int 1)
      (int 2)
      (hole 1 {:hash_depth=>0, :method_arg=>true, :variance=>:+}) {:method_arg=>true})))
BASETYPE: Integer
SIZE WORK_LIST: 234
SIZE generated: 4
EVALUABLE#: 3

-------------------------

----------------
TTYPES
true or false
true or false
true or false
true or false

PROGS

LOCAL_COUNT: 106
GLOBAL_COUNT: 106

BASE_AFTER:
(begin
  (send
    (lvar :arg0) :count=
    (send
      (hole 0 {:hash_depth=>0, :limit_depth=>true, :recv=>true}) :id=
      (hole 0 {:hash_depth=>0, :method_arg=>true})))
  (true))
BASETYPE: true or false
SIZE WORK_LIST: 237
SIZE generated: 4
EVALUABLE#: 3

-------------------------

----------------
TTYPES
true or false

PROGS

LOCAL_COUNT: 107
GLOBAL_COUNT: 107

BASE_AFTER:
(begin
  (send
    (lvar :arg0) :count=
    (send
      (hole 0 {:hash_depth=>0, :limit_depth=>true, :recv=>true}) :id))
  (true))
BASETYPE: true or false
SIZE WORK_LIST: 239
SIZE generated: 1
EVALUABLE#: 1

-------------------------

----------------
TTYPES
true or false
true or false
true or false
true or false

PROGS

LOCAL_COUNT: 108
GLOBAL_COUNT: 108

BASE_AFTER:
(begin
  (send
    (lvar :arg0) :count=
    (send
      (hole 0 {:hash_depth=>0, :limit_depth=>true, :recv=>true}) :diaspora_user_id=
      (hole 0 {:hash_depth=>0, :method_arg=>true})))
  (true))
BASETYPE: true or false
SIZE WORK_LIST: 239
SIZE generated: 4
EVALUABLE#: 3

-------------------------

----------------
TTYPES
true or false

PROGS

LOCAL_COUNT: 109
GLOBAL_COUNT: 109

BASE_AFTER:
(begin
  (send
    (lvar :arg0) :count=
    (send
      (hole 0 {:hash_depth=>0, :limit_depth=>true, :recv=>true}) :diaspora_user_id))
  (true))
BASETYPE: true or false
SIZE WORK_LIST: 241
SIZE generated: 1
EVALUABLE#: 1

-------------------------

----------------
TTYPES
true or false
true or false
true or false
true or false

PROGS

LOCAL_COUNT: 110
GLOBAL_COUNT: 110

BASE_AFTER:
(begin
  (send
    (lvar :arg0) :count=
    (send
      (hole 0 {:hash_depth=>0, :limit_depth=>true, :recv=>true}) :count=
      (hole 0 {:hash_depth=>0, :method_arg=>true})))
  (true))
BASETYPE: true or false
SIZE WORK_LIST: 240
SIZE generated: 4
EVALUABLE#: 3

-------------------------

----------------
TTYPES
true or false

PROGS

LOCAL_COUNT: 111
GLOBAL_COUNT: 111

BASE_AFTER:
(begin
  (send
    (lvar :arg0) :count=
    (begin
      (send
        (hole 0 {:hash_depth=>0, :limit_depth=>true, :recv=>true}) :count)))
  (true))
BASETYPE: true or false
SIZE WORK_LIST: 242
SIZE generated: 1
EVALUABLE#: 1

-------------------------

----------------
TTYPES
true or false

PROGS

LOCAL_COUNT: 113
GLOBAL_COUNT: 112

BASE_AFTER:
(begin
  (send
    (lvar :arg0) :diaspora_user=
    (send
      (hole 0 {:hash_depth=>0, :limit_depth=>true, :recv=>true}) :diaspora_user))
  (true))
BASETYPE: true or false
SIZE WORK_LIST: 241
SIZE generated: 1
EVALUABLE#: 1

-------------------------

----------------
TTYPES
true or false

PROGS

LOCAL_COUNT: 114
GLOBAL_COUNT: 113

BASE_AFTER:
(begin
  (send
    (lvar :arg0) :diaspora_user=
    (send
      (hole 0 {:hash_depth=>0, :limit_depth=>true, :recv=>true}) :diaspora_user=
      (hole 0 {:hash_depth=>0, :method_arg=>true})))
  (true))
BASETYPE: true or false
SIZE WORK_LIST: 241
SIZE generated: 1
EVALUABLE#: 0

-------------------------

----------------
TTYPES
true or false
true or false
true or false
true or false

PROGS

LOCAL_COUNT: 115
GLOBAL_COUNT: 114

BASE_AFTER:
(begin
  (send
    (lvar :arg0) :count=
    (send
      (hole 0 {:hash_depth=>0, :limit_depth=>true, :recv=>true}) :id=
      (hole 0 {:hash_depth=>0, :method_arg=>true})))
  (false))
BASETYPE: true or false
SIZE WORK_LIST: 241
SIZE generated: 4
EVALUABLE#: 3

-------------------------

----------------
TTYPES
true or false

PROGS

LOCAL_COUNT: 116
GLOBAL_COUNT: 115

BASE_AFTER:
(begin
  (send
    (lvar :arg0) :count=
    (send
      (hole 0 {:hash_depth=>0, :limit_depth=>true, :recv=>true}) :id))
  (false))
BASETYPE: true or false
SIZE WORK_LIST: 243
SIZE generated: 1
EVALUABLE#: 1

-------------------------

----------------
TTYPES
true or false
true or false
true or false
true or false

PROGS

LOCAL_COUNT: 117
GLOBAL_COUNT: 116

BASE_AFTER:
(begin
  (send
    (lvar :arg0) :count=
    (send
      (hole 0 {:hash_depth=>0, :limit_depth=>true, :recv=>true}) :diaspora_user_id=
      (hole 0 {:hash_depth=>0, :method_arg=>true})))
  (false))
BASETYPE: true or false
SIZE WORK_LIST: 243
SIZE generated: 4
EVALUABLE#: 3

-------------------------

----------------
TTYPES
true or false

PROGS

LOCAL_COUNT: 118
GLOBAL_COUNT: 117

BASE_AFTER:
(begin
  (send
    (lvar :arg0) :count=
    (send
      (hole 0 {:hash_depth=>0, :limit_depth=>true, :recv=>true}) :diaspora_user_id))
  (false))
BASETYPE: true or false
SIZE WORK_LIST: 245
SIZE generated: 1
EVALUABLE#: 1

-------------------------

----------------
TTYPES
true or false
true or false
true or false
true or false

PROGS

LOCAL_COUNT: 119
GLOBAL_COUNT: 118

BASE_AFTER:
(begin
  (send
    (lvar :arg0) :count=
    (send
      (hole 0 {:hash_depth=>0, :limit_depth=>true, :recv=>true}) :count=
      (hole 0 {:hash_depth=>0, :method_arg=>true})))
  (false))
BASETYPE: true or false
SIZE WORK_LIST: 244
SIZE generated: 4
EVALUABLE#: 3

-------------------------

----------------
TTYPES
true or false

PROGS

LOCAL_COUNT: 120
GLOBAL_COUNT: 119

BASE_AFTER:
(begin
  (send
    (lvar :arg0) :count=
    (begin
      (send
        (hole 0 {:hash_depth=>0, :limit_depth=>true, :recv=>true}) :count)))
  (false))
BASETYPE: true or false
SIZE WORK_LIST: 246
SIZE generated: 1
EVALUABLE#: 1

-------------------------

----------------
TTYPES
true or false

PROGS

LOCAL_COUNT: 122
GLOBAL_COUNT: 120

BASE_AFTER:
(begin
  (send
    (lvar :arg0) :diaspora_user=
    (send
      (hole 0 {:hash_depth=>0, :limit_depth=>true, :recv=>true}) :diaspora_user))
  (false))
BASETYPE: true or false
SIZE WORK_LIST: 245
SIZE generated: 1
EVALUABLE#: 1

-------------------------

----------------
TTYPES
true or false

PROGS

LOCAL_COUNT: 123
GLOBAL_COUNT: 121

BASE_AFTER:
(begin
  (send
    (lvar :arg0) :diaspora_user=
    (send
      (hole 0 {:hash_depth=>0, :limit_depth=>true, :recv=>true}) :diaspora_user=
      (hole 0 {:hash_depth=>0, :method_arg=>true})))
  (false))
BASETYPE: true or false
SIZE WORK_LIST: 245
SIZE generated: 1
EVALUABLE#: 0

-------------------------

----------------
TTYPES
Integer
Integer
Integer
Integer
Integer

PROGS

LOCAL_COUNT: 124
GLOBAL_COUNT: 122

BASE_AFTER:
(begin
  (send
    (lvar :arg0) :count=
    (send
      (hole 0 {:hash_depth=>0, :limit_depth=>true, :recv=>true}) :id=
      (hole 0 {:hash_depth=>0, :method_arg=>true})))
  (int 0))
BASETYPE: Integer
SIZE WORK_LIST: 245
SIZE generated: 5
EVALUABLE#: 4

-------------------------

----------------
TTYPES
Integer

PROGS

LOCAL_COUNT: 125
GLOBAL_COUNT: 123

BASE_AFTER:
(begin
  (send
    (lvar :arg0) :count=
    (send
      (hole 0 {:hash_depth=>0, :limit_depth=>true, :recv=>true}) :id))
  (int 0))
BASETYPE: Integer
SIZE WORK_LIST: 248
SIZE generated: 1
EVALUABLE#: 1

-------------------------

----------------
TTYPES
Integer
Integer
Integer
Integer
Integer

PROGS

LOCAL_COUNT: 126
GLOBAL_COUNT: 124

BASE_AFTER:
(begin
  (send
    (lvar :arg0) :count=
    (send
      (hole 0 {:hash_depth=>0, :limit_depth=>true, :recv=>true}) :diaspora_user_id=
      (hole 0 {:hash_depth=>0, :method_arg=>true})))
  (int 0))
BASETYPE: Integer
SIZE WORK_LIST: 248
SIZE generated: 5
EVALUABLE#: 4

-------------------------

----------------
TTYPES
Integer

PROGS

LOCAL_COUNT: 127
GLOBAL_COUNT: 125

BASE_AFTER:
(begin
  (send
    (lvar :arg0) :count=
    (send
      (hole 0 {:hash_depth=>0, :limit_depth=>true, :recv=>true}) :diaspora_user_id))
  (int 0))
BASETYPE: Integer
SIZE WORK_LIST: 251
SIZE generated: 1
EVALUABLE#: 1

-------------------------

----------------
TTYPES
Integer
Integer
Integer
Integer
Integer

PROGS

LOCAL_COUNT: 128
GLOBAL_COUNT: 126

BASE_AFTER:
(begin
  (send
    (lvar :arg0) :count=
    (send
      (hole 0 {:hash_depth=>0, :limit_depth=>true, :recv=>true}) :count=
      (hole 0 {:hash_depth=>0, :method_arg=>true})))
  (int 0))
BASETYPE: Integer
SIZE WORK_LIST: 250
SIZE generated: 5
EVALUABLE#: 4

-------------------------

----------------
TTYPES
Integer

PROGS

LOCAL_COUNT: 129
GLOBAL_COUNT: 127

BASE_AFTER:
(begin
  (send
    (lvar :arg0) :count=
    (begin
      (send
        (hole 0 {:hash_depth=>0, :limit_depth=>true, :recv=>true}) :count)))
  (int 0))
BASETYPE: Integer
SIZE WORK_LIST: 253
SIZE generated: 1
EVALUABLE#: 1

-------------------------

----------------
TTYPES
Integer

PROGS

LOCAL_COUNT: 131
GLOBAL_COUNT: 128

BASE_AFTER:
(begin
  (send
    (lvar :arg0) :diaspora_user=
    (send
      (hole 0 {:hash_depth=>0, :limit_depth=>true, :recv=>true}) :diaspora_user))
  (int 0))
BASETYPE: Integer
SIZE WORK_LIST: 252
SIZE generated: 1
EVALUABLE#: 1

-------------------------

----------------
TTYPES
Integer

PROGS

LOCAL_COUNT: 132
GLOBAL_COUNT: 129

BASE_AFTER:
(begin
  (send
    (lvar :arg0) :diaspora_user=
    (send
      (hole 0 {:hash_depth=>0, :limit_depth=>true, :recv=>true}) :diaspora_user=
      (hole 0 {:hash_depth=>0, :method_arg=>true})))
  (int 0))
BASETYPE: Integer
SIZE WORK_LIST: 252
SIZE generated: 1
EVALUABLE#: 0

-------------------------

----------------
TTYPES
Integer
Integer
Integer
Integer
Integer

PROGS

LOCAL_COUNT: 133
GLOBAL_COUNT: 130

BASE_AFTER:
(begin
  (send
    (lvar :arg0) :count=
    (send
      (hole 0 {:hash_depth=>0, :limit_depth=>true, :recv=>true}) :id=
      (hole 0 {:hash_depth=>0, :method_arg=>true})))
  (int 1))
BASETYPE: Integer
SIZE WORK_LIST: 252
SIZE generated: 5
EVALUABLE#: 4

-------------------------

----------------
TTYPES
Integer

PROGS

LOCAL_COUNT: 134
GLOBAL_COUNT: 131

BASE_AFTER:
(begin
  (send
    (lvar :arg0) :count=
    (send
      (hole 0 {:hash_depth=>0, :limit_depth=>true, :recv=>true}) :id))
  (int 1))
BASETYPE: Integer
SIZE WORK_LIST: 255
SIZE generated: 1
EVALUABLE#: 1

-------------------------

----------------
TTYPES
Integer
Integer
Integer
Integer
Integer

PROGS

LOCAL_COUNT: 135
GLOBAL_COUNT: 132

BASE_AFTER:
(begin
  (send
    (lvar :arg0) :count=
    (send
      (hole 0 {:hash_depth=>0, :limit_depth=>true, :recv=>true}) :diaspora_user_id=
      (hole 0 {:hash_depth=>0, :method_arg=>true})))
  (int 1))
BASETYPE: Integer
SIZE WORK_LIST: 255
SIZE generated: 5
EVALUABLE#: 4

-------------------------

----------------
TTYPES
Integer

PROGS

LOCAL_COUNT: 136
GLOBAL_COUNT: 133

BASE_AFTER:
(begin
  (send
    (lvar :arg0) :count=
    (send
      (hole 0 {:hash_depth=>0, :limit_depth=>true, :recv=>true}) :diaspora_user_id))
  (int 1))
BASETYPE: Integer
SIZE WORK_LIST: 258
SIZE generated: 1
EVALUABLE#: 1

-------------------------

----------------
TTYPES
Integer
Integer
Integer
Integer
Integer

PROGS

LOCAL_COUNT: 137
GLOBAL_COUNT: 134

BASE_AFTER:
(begin
  (send
    (lvar :arg0) :count=
    (send
      (hole 0 {:hash_depth=>0, :limit_depth=>true, :recv=>true}) :count=
      (hole 0 {:hash_depth=>0, :method_arg=>true})))
  (int 1))
BASETYPE: Integer
SIZE WORK_LIST: 257
SIZE generated: 5
EVALUABLE#: 4

-------------------------

----------------
TTYPES
Integer

PROGS

LOCAL_COUNT: 138
GLOBAL_COUNT: 135

BASE_AFTER:
(begin
  (send
    (lvar :arg0) :count=
    (begin
      (send
        (hole 0 {:hash_depth=>0, :limit_depth=>true, :recv=>true}) :count)))
  (int 1))
BASETYPE: Integer
SIZE WORK_LIST: 260
SIZE generated: 1
EVALUABLE#: 1

-------------------------

----------------
TTYPES
Integer

PROGS

LOCAL_COUNT: 140
GLOBAL_COUNT: 136

BASE_AFTER:
(begin
  (send
    (lvar :arg0) :diaspora_user=
    (send
      (hole 0 {:hash_depth=>0, :limit_depth=>true, :recv=>true}) :diaspora_user))
  (int 1))
BASETYPE: Integer
SIZE WORK_LIST: 259
SIZE generated: 1
EVALUABLE#: 1

-------------------------

----------------
TTYPES
Integer

PROGS

LOCAL_COUNT: 141
GLOBAL_COUNT: 137

BASE_AFTER:
(begin
  (send
    (lvar :arg0) :diaspora_user=
    (send
      (hole 0 {:hash_depth=>0, :limit_depth=>true, :recv=>true}) :diaspora_user=
      (hole 0 {:hash_depth=>0, :method_arg=>true})))
  (int 1))
BASETYPE: Integer
SIZE WORK_LIST: 259
SIZE generated: 1
EVALUABLE#: 0

-------------------------

----------------
TTYPES
Integer
Integer
Integer
Integer
Integer

PROGS

LOCAL_COUNT: 142
GLOBAL_COUNT: 138

BASE_AFTER:
(begin
  (send
    (lvar :arg0) :count=
    (send
      (hole 0 {:hash_depth=>0, :limit_depth=>true, :recv=>true}) :id=
      (hole 0 {:hash_depth=>0, :method_arg=>true})))
  (int 2))
BASETYPE: Integer
SIZE WORK_LIST: 259
SIZE generated: 5
EVALUABLE#: 4

-------------------------

----------------
TTYPES
Integer

PROGS

LOCAL_COUNT: 143
GLOBAL_COUNT: 139

BASE_AFTER:
(begin
  (send
    (lvar :arg0) :count=
    (send
      (hole 0 {:hash_depth=>0, :limit_depth=>true, :recv=>true}) :id))
  (int 2))
BASETYPE: Integer
SIZE WORK_LIST: 261
SIZE generated: 1
EVALUABLE#: 1

-------------------------

----------------
TTYPES
Integer
Integer
Integer
Integer
Integer

PROGS

LOCAL_COUNT: 144
GLOBAL_COUNT: 140

BASE_AFTER:
(begin
  (send
    (lvar :arg0) :count=
    (send
      (hole 0 {:hash_depth=>0, :limit_depth=>true, :recv=>true}) :diaspora_user_id=
      (hole 0 {:hash_depth=>0, :method_arg=>true})))
  (int 2))
BASETYPE: Integer
SIZE WORK_LIST: 261
SIZE generated: 5
EVALUABLE#: 4

-------------------------

----------------
TTYPES
Integer

PROGS

LOCAL_COUNT: 145
GLOBAL_COUNT: 141

BASE_AFTER:
(begin
  (send
    (lvar :arg0) :count=
    (send
      (hole 0 {:hash_depth=>0, :limit_depth=>true, :recv=>true}) :diaspora_user_id))
  (int 2))
BASETYPE: Integer
SIZE WORK_LIST: 263
SIZE generated: 1
EVALUABLE#: 1

-------------------------

----------------
TTYPES
Integer
Integer
Integer
Integer
Integer

PROGS

LOCAL_COUNT: 146
GLOBAL_COUNT: 142

BASE_AFTER:
(begin
  (send
    (lvar :arg0) :count=
    (send
      (hole 0 {:hash_depth=>0, :limit_depth=>true, :recv=>true}) :count=
      (hole 0 {:hash_depth=>0, :method_arg=>true})))
  (int 2))
BASETYPE: Integer
SIZE WORK_LIST: 262
SIZE generated: 5
EVALUABLE#: 4

-------------------------

----------------
TTYPES
Integer

PROGS

LOCAL_COUNT: 147
GLOBAL_COUNT: 143

BASE_AFTER:
(begin
  (send
    (lvar :arg0) :count=
    (begin
      (send
        (hole 0 {:hash_depth=>0, :limit_depth=>true, :recv=>true}) :count)))
  (int 2))
BASETYPE: Integer
SIZE WORK_LIST: 264
SIZE generated: 1
EVALUABLE#: 1

-------------------------

----------------
TTYPES
Integer

PROGS

LOCAL_COUNT: 149
GLOBAL_COUNT: 144

BASE_AFTER:
(begin
  (send
    (lvar :arg0) :diaspora_user=
    (send
      (hole 0 {:hash_depth=>0, :limit_depth=>true, :recv=>true}) :diaspora_user))
  (int 2))
BASETYPE: Integer
SIZE WORK_LIST: 263
SIZE generated: 1
EVALUABLE#: 1

-------------------------

----------------
TTYPES
Integer

PROGS

LOCAL_COUNT: 150
GLOBAL_COUNT: 145

BASE_AFTER:
(begin
  (send
    (lvar :arg0) :diaspora_user=
    (send
      (hole 0 {:hash_depth=>0, :limit_depth=>true, :recv=>true}) :diaspora_user=
      (hole 0 {:hash_depth=>0, :method_arg=>true})))
  (int 2))
BASETYPE: Integer
SIZE WORK_LIST: 263
SIZE generated: 1
EVALUABLE#: 0

-------------------------

----------------
TTYPES
true or false
true or false
Integer
Integer
Integer
String
%bot

PROGS

LOCAL_COUNT: 1
GLOBAL_COUNT: 146

BASE_AFTER:
(filled-hole
  (true)
  (false)
  (int 0)
  (int 1)
  (int 2)
  (str "")
  (hole 1 {:hash_depth=>0, :method_arg=>false, :variance=>:-}) {:method_arg=>false})
BASETYPE: %bot
SIZE WORK_LIST: 0
SIZE generated: 7
EVALUABLE#: 6

-------------------------

----------------
TTYPES
true or false
true or false

PROGS

LOCAL_COUNT: 2
GLOBAL_COUNT: 147

BASE_AFTER:
(true)
BASETYPE: true or false
SIZE WORK_LIST: 6
SIZE generated: 2
EVALUABLE#: 0

-------------------------

----------------
TTYPES
true or false
true or false

PROGS

LOCAL_COUNT: 3
GLOBAL_COUNT: 148

BASE_AFTER:
(false)
BASETYPE: true or false
SIZE WORK_LIST: 7
SIZE generated: 2
EVALUABLE#: 0

-------------------------

----------------
TTYPES
Integer
Integer

PROGS

LOCAL_COUNT: 4
GLOBAL_COUNT: 149

BASE_AFTER:
(int 0)
BASETYPE: Integer
SIZE WORK_LIST: 8
SIZE generated: 2
EVALUABLE#: 0

-------------------------

----------------
TTYPES
Integer
Integer

PROGS

LOCAL_COUNT: 5
GLOBAL_COUNT: 150

BASE_AFTER:
(int 1)
BASETYPE: Integer
SIZE WORK_LIST: 9
SIZE generated: 2
EVALUABLE#: 0

-------------------------

----------------
TTYPES
Integer
Integer

PROGS

LOCAL_COUNT: 6
GLOBAL_COUNT: 151

BASE_AFTER:
(int 2)
BASETYPE: Integer
SIZE WORK_LIST: 10
SIZE generated: 2
EVALUABLE#: 0

-------------------------

----------------
TTYPES
String
String

PROGS

LOCAL_COUNT: 7
GLOBAL_COUNT: 152

BASE_AFTER:
(str "")
BASETYPE: String
SIZE WORK_LIST: 11
SIZE generated: 2
EVALUABLE#: 0

-------------------------

----------------
TTYPES
%bot

PROGS

LOCAL_COUNT: 8
GLOBAL_COUNT: 153

BASE_AFTER:
(filled-hole
  (hole 2 {:hash_depth=>0, :method_arg=>false, :variance=>:-}) {:method_arg=>false})
BASETYPE: %bot
SIZE WORK_LIST: 12
SIZE generated: 1
EVALUABLE#: 0

-------------------------

----------------
TTYPES
true or false
true or false
true or false
true or false

PROGS

LOCAL_COUNT: 9
GLOBAL_COUNT: 154

BASE_AFTER:
(begin
  (send
    (hole 0 {:hash_depth=>0, :limit_depth=>true, :recv=>true}) :count=
    (hole 0 {:hash_depth=>0, :method_arg=>true}))
  (true))
BASETYPE: true or false
SIZE WORK_LIST: 12
SIZE generated: 4
EVALUABLE#: 3

-------------------------

----------------
TTYPES
true or false

PROGS

LOCAL_COUNT: 1
GLOBAL_COUNT: 155

BASE_AFTER:
(filled-hole
  (hole 1 {:hash_depth=>0, :method_arg=>false, :variance=>:+}) {:method_arg=>false})
BASETYPE: true or false
SIZE WORK_LIST: 0
SIZE generated: 1
EVALUABLE#: 0

-------------------------

----------------
TTYPES
true or false
true or false

PROGS

LOCAL_COUNT: 2
GLOBAL_COUNT: 156

BASE_AFTER:
(filled-hole
  (begin
    (send
      (hole 0 {:hash_depth=>0, :limit_depth=>true, :recv=>true}) :-
      (hole 0 {:hash_depth=>0, :method_arg=>true})))
  (begin
    (send
      (hole 0 {:hash_depth=>0, :limit_depth=>true, :recv=>true}) :save))
  (begin
    (send
      (hole 0 {:hash_depth=>0, :limit_depth=>true, :recv=>true}) :count))
  (begin
    (send
      (hole 0 {:hash_depth=>0, :limit_depth=>true, :recv=>true}) :-
      (hole 0 {:hash_depth=>0, :method_arg=>true})))
  (begin
    (send
      (hole 0 {:hash_depth=>0, :limit_depth=>true, :recv=>true}) :save))
  (hole 2 {:hash_depth=>0, :method_arg=>false, :variance=>:+}) {:method_arg=>false})
BASETYPE: true or false
SIZE WORK_LIST: 0
SIZE generated: 2
EVALUABLE#: 0

-------------------------

----------------
TTYPES
true or false

PROGS

LOCAL_COUNT: 3
GLOBAL_COUNT: 157

BASE_AFTER:
(begin
  (send
    (filled-hole
      (lvar InvitationCode(id: integer, token: string, diaspora_user_id: integer, count: integer)) {:method_arg=>false}) :save))
BASETYPE: true or false
SIZE WORK_LIST: 1
SIZE generated: 1
EVALUABLE#: 1

-------------------------

----------------
TTYPES
Integer
true or false
Integer
true or false
true or false
true or false
Integer
true or false
Integer
true or false
Integer
true or false
Integer
true or false
true or false
true or false
true or false
true or false
true or false
true or false
true or false
true or false
true or false
true or false
true or false
true or false
true or false
true or false
true or false
true or false
true or false
true or false
true or false
true or false
true or false
true or false
Integer
true or false
true or false
true or false
true or false
true or false
true or false
true or false
true or false
true or false
true or false
true or false
true or false
true or false
true or false
true or false
true or false
true or false
true or false
true or false
true or false
true or false
true or false
Integer
true or false
true or false

PROGS

LOCAL_COUNT: 4
GLOBAL_COUNT: 158

BASE_AFTER:
(filled-hole
  (begin
    (send
      (send
        (hole 0 {:hash_depth=>0, :limit_depth=>true, :recv=>true}) :id=
        (hole 0 {:hash_depth=>0, :method_arg=>true})) :-
      (hole 0 {:hash_depth=>0, :method_arg=>true})))
  (begin
    (send
      (send
        (hole 0 {:hash_depth=>0, :limit_depth=>true, :recv=>true}) :id=
        (hole 0 {:hash_depth=>0, :method_arg=>true})) :-
      (hole 0 {:hash_depth=>0, :method_arg=>true})))
  (begin
    (send
      (send
        (hole 0 {:hash_depth=>0, :limit_depth=>true, :recv=>true}) :id=
        (hole 0 {:hash_depth=>0, :method_arg=>true})) :-
      (hole 0 {:hash_depth=>0, :method_arg=>true})))
  (begin
    (send
      (send
        (hole 0 {:hash_depth=>0, :limit_depth=>true, :recv=>true}) :id=
        (hole 0 {:hash_depth=>0, :method_arg=>true})) :count))
  (begin
    (send
      (send
        (hole 0 {:hash_depth=>0, :limit_depth=>true, :recv=>true}) :id=
        (hole 0 {:hash_depth=>0, :method_arg=>true})) :save))
  (begin
    (send
      (send
        (hole 0 {:hash_depth=>0, :limit_depth=>true, :recv=>true}) :id) :-
      (hole 0 {:hash_depth=>0, :method_arg=>true})))
  (begin
    (send
      (send
        (hole 0 {:hash_depth=>0, :limit_depth=>true, :recv=>true}) :id) :-
      (hole 0 {:hash_depth=>0, :method_arg=>true})))
  (begin
    (send
      (send
        (hole 0 {:hash_depth=>0, :limit_depth=>true, :recv=>true}) :id) :-
      (hole 0 {:hash_depth=>0, :method_arg=>true})))
  (begin
    (send
      (send
        (hole 0 {:hash_depth=>0, :limit_depth=>true, :recv=>true}) :id) :count))
  (begin
    (send
      (send
        (hole 0 {:hash_depth=>0, :limit_depth=>true, :recv=>true}) :id) :save))
  (begin
    (send
      (send
        (hole 0 {:hash_depth=>0, :limit_depth=>true, :recv=>true}) :token=
        (hole 0 {:hash_depth=>0, :method_arg=>true})) :count))
  (begin
    (send
      (send
        (hole 0 {:hash_depth=>0, :limit_depth=>true, :recv=>true}) :token=
        (hole 0 {:hash_depth=>0, :method_arg=>true})) :-
      (hole 0 {:hash_depth=>0, :method_arg=>true})))
  (begin
    (send
      (send
        (hole 0 {:hash_depth=>0, :limit_depth=>true, :recv=>true}) :token=
        (hole 0 {:hash_depth=>0, :method_arg=>true})) :save))
  (begin
    (send
      (send
        (hole 0 {:hash_depth=>0, :limit_depth=>true, :recv=>true}) :token) :count))
  (begin
    (send
      (send
        (hole 0 {:hash_depth=>0, :limit_depth=>true, :recv=>true}) :token) :-
      (hole 0 {:hash_depth=>0, :method_arg=>true})))
  (begin
    (send
      (send
        (hole 0 {:hash_depth=>0, :limit_depth=>true, :recv=>true}) :token) :save))
  (begin
    (send
      (send
        (hole 0 {:hash_depth=>0, :limit_depth=>true, :recv=>true}) :diaspora_user_id=
        (hole 0 {:hash_depth=>0, :method_arg=>true})) :-
      (hole 0 {:hash_depth=>0, :method_arg=>true})))
  (begin
    (send
      (send
        (hole 0 {:hash_depth=>0, :limit_depth=>true, :recv=>true}) :diaspora_user_id=
        (hole 0 {:hash_depth=>0, :method_arg=>true})) :-
      (hole 0 {:hash_depth=>0, :method_arg=>true})))
  (begin
    (send
      (send
        (hole 0 {:hash_depth=>0, :limit_depth=>true, :recv=>true}) :diaspora_user_id=
        (hole 0 {:hash_depth=>0, :method_arg=>true})) :-
      (hole 0 {:hash_depth=>0, :method_arg=>true})))
  (begin
    (send
      (send
        (hole 0 {:hash_depth=>0, :limit_depth=>true, :recv=>true}) :diaspora_user_id=
        (hole 0 {:hash_depth=>0, :method_arg=>true})) :count))
  (begin
    (send
      (send
        (hole 0 {:hash_depth=>0, :limit_depth=>true, :recv=>true}) :diaspora_user_id=
        (hole 0 {:hash_depth=>0, :method_arg=>true})) :save))
  (begin
    (send
      (send
        (hole 0 {:hash_depth=>0, :limit_depth=>true, :recv=>true}) :diaspora_user_id) :-
      (hole 0 {:hash_depth=>0, :method_arg=>true})))
  (begin
    (send
      (send
        (hole 0 {:hash_depth=>0, :limit_depth=>true, :recv=>true}) :diaspora_user_id) :-
      (hole 0 {:hash_depth=>0, :method_arg=>true})))
  (begin
    (send
      (send
        (hole 0 {:hash_depth=>0, :limit_depth=>true, :recv=>true}) :diaspora_user_id) :-
      (hole 0 {:hash_depth=>0, :method_arg=>true})))
  (begin
    (send
      (send
        (hole 0 {:hash_depth=>0, :limit_depth=>true, :recv=>true}) :diaspora_user_id) :count))
  (begin
    (send
      (send
        (hole 0 {:hash_depth=>0, :limit_depth=>true, :recv=>true}) :diaspora_user_id) :save))
  (begin
    (send
      (send
        (hole 0 {:hash_depth=>0, :limit_depth=>true, :recv=>true}) :count=
        (hole 0 {:hash_depth=>0, :method_arg=>true})) :-
      (hole 0 {:hash_depth=>0, :method_arg=>true})))
  (begin
    (send
      (send
        (hole 0 {:hash_depth=>0, :limit_depth=>true, :recv=>true}) :count=
        (hole 0 {:hash_depth=>0, :method_arg=>true})) :-
      (hole 0 {:hash_depth=>0, :method_arg=>true})))
  (begin
    (send
      (send
        (hole 0 {:hash_depth=>0, :limit_depth=>true, :recv=>true}) :count=
        (hole 0 {:hash_depth=>0, :method_arg=>true})) :-
      (hole 0 {:hash_depth=>0, :method_arg=>true})))
  (begin
    (send
      (send
        (hole 0 {:hash_depth=>0, :limit_depth=>true, :recv=>true}) :count=
        (hole 0 {:hash_depth=>0, :method_arg=>true})) :count))
  (begin
    (send
      (send
        (hole 0 {:hash_depth=>0, :limit_depth=>true, :recv=>true}) :count=
        (hole 0 {:hash_depth=>0, :method_arg=>true})) :save))
  (begin
    (send
      (begin
        (send
          (hole 0 {:hash_depth=>0, :limit_depth=>true, :recv=>true}) :count)) :-
      (hole 0 {:hash_depth=>0, :method_arg=>true})))
  (begin
    (send
      (begin
        (send
          (hole 0 {:hash_depth=>0, :limit_depth=>true, :recv=>true}) :count)) :-
      (hole 0 {:hash_depth=>0, :method_arg=>true})))
  (begin
    (send
      (begin
        (send
          (hole 0 {:hash_depth=>0, :limit_depth=>true, :recv=>true}) :count)) :-
      (hole 0 {:hash_depth=>0, :method_arg=>true})))
  (begin
    (send
      (begin
        (send
          (hole 0 {:hash_depth=>0, :limit_depth=>true, :recv=>true}) :count)) :-
      (hole 0 {:hash_depth=>0, :method_arg=>true})))
  (begin
    (send
      (begin
        (send
          (hole 0 {:hash_depth=>0, :limit_depth=>true, :recv=>true}) :count)) :-
      (hole 0 {:hash_depth=>0, :method_arg=>true})))
  (begin
    (send
      (begin
        (send
          (hole 0 {:hash_depth=>0, :limit_depth=>true, :recv=>true}) :count)) :-
      (hole 0 {:hash_depth=>0, :method_arg=>true})))
  (begin
    (send
      (begin
        (send
          (hole 0 {:hash_depth=>0, :limit_depth=>true, :recv=>true}) :count)) :-
      (hole 0 {:hash_depth=>0, :method_arg=>true})))
  (begin
    (send
      (begin
        (send
          (hole 0 {:hash_depth=>0, :limit_depth=>true, :recv=>true}) :count)) :-
      (hole 0 {:hash_depth=>0, :method_arg=>true})))
  (begin
    (send
      (begin
        (send
          (hole 0 {:hash_depth=>0, :limit_depth=>true, :recv=>true}) :count)) :-
      (hole 0 {:hash_depth=>0, :method_arg=>true})))
  (begin
    (send
      (begin
        (send
          (hole 0 {:hash_depth=>0, :limit_depth=>true, :recv=>true}) :count)) :count))
  (begin
    (send
      (begin
        (send
          (hole 0 {:hash_depth=>0, :limit_depth=>true, :recv=>true}) :count)) :count))
  (begin
    (send
      (begin
        (send
          (hole 0 {:hash_depth=>0, :limit_depth=>true, :recv=>true}) :count)) :count))
  (begin
    (send
      (begin
        (send
          (hole 0 {:hash_depth=>0, :limit_depth=>true, :recv=>true}) :count)) :save))
  (begin
    (send
      (begin
        (send
          (hole 0 {:hash_depth=>0, :limit_depth=>true, :recv=>true}) :count)) :save))
  (begin
    (send
      (begin
        (send
          (hole 0 {:hash_depth=>0, :limit_depth=>true, :recv=>true}) :count)) :save))
  (begin
    (send
      (send
        (hole 0 {:hash_depth=>0, :limit_depth=>true, :recv=>true}) :diaspora_user) :count))
  (begin
    (send
      (send
        (hole 0 {:hash_depth=>0, :limit_depth=>true, :recv=>true}) :diaspora_user) :-
      (hole 0 {:hash_depth=>0, :method_arg=>true})))
  (begin
    (send
      (send
        (hole 0 {:hash_depth=>0, :limit_depth=>true, :recv=>true}) :diaspora_user) :save))
  (begin
    (send
      (send
        (hole 0 {:hash_depth=>0, :limit_depth=>true, :recv=>true}) :diaspora_user=
        (hole 0 {:hash_depth=>0, :method_arg=>true})) :count))
  (begin
    (send
      (send
        (hole 0 {:hash_depth=>0, :limit_depth=>true, :recv=>true}) :diaspora_user=
        (hole 0 {:hash_depth=>0, :method_arg=>true})) :-
      (hole 0 {:hash_depth=>0, :method_arg=>true})))
  (begin
    (send
      (send
        (hole 0 {:hash_depth=>0, :limit_depth=>true, :recv=>true}) :diaspora_user=
        (hole 0 {:hash_depth=>0, :method_arg=>true})) :save))
  (send
    (begin
      (send
        (hole 0 {:hash_depth=>0, :limit_depth=>true, :recv=>true}) :-
        (hole 0 {:hash_depth=>0, :method_arg=>true}))) :confirmed=
    (hole 0 {:hash_depth=>0, :method_arg=>true}))
  (send
    (begin
      (send
        (hole 0 {:hash_depth=>0, :limit_depth=>true, :recv=>true}) :-
        (hole 0 {:hash_depth=>0, :method_arg=>true}))) :confirmed)
  (send
    (begin
      (send
        (hole 0 {:hash_depth=>0, :limit_depth=>true, :recv=>true}) :-
        (hole 0 {:hash_depth=>0, :method_arg=>true}))) :expired=
    (hole 0 {:hash_depth=>0, :method_arg=>true}))
  (send
    (begin
      (send
        (hole 0 {:hash_depth=>0, :limit_depth=>true, :recv=>true}) :-
        (hole 0 {:hash_depth=>0, :method_arg=>true}))) :expired)
  (send
    (begin
      (send
        (hole 0 {:hash_depth=>0, :limit_depth=>true, :recv=>true}) :-
        (hole 0 {:hash_depth=>0, :method_arg=>true}))) :discoverable=
    (hole 0 {:hash_depth=>0, :method_arg=>true}))
  (send
    (begin
      (send
        (hole 0 {:hash_depth=>0, :limit_depth=>true, :recv=>true}) :-
        (hole 0 {:hash_depth=>0, :method_arg=>true}))) :discoverable)
  (send
    (begin
      (send
        (hole 0 {:hash_depth=>0, :limit_depth=>true, :recv=>true}) :-
        (hole 0 {:hash_depth=>0, :method_arg=>true}))) :scheduled_check=
    (hole 0 {:hash_depth=>0, :method_arg=>true}))
  (send
    (begin
      (send
        (hole 0 {:hash_depth=>0, :limit_depth=>true, :recv=>true}) :-
        (hole 0 {:hash_depth=>0, :method_arg=>true}))) :scheduled_check)
  (send
    (begin
      (send
        (hole 0 {:hash_depth=>0, :limit_depth=>true, :recv=>true}) :-
        (hole 0 {:hash_depth=>0, :method_arg=>true}))) :otp_required_for_login=
    (hole 0 {:hash_depth=>0, :method_arg=>true}))
  (send
    (begin
      (send
        (hole 0 {:hash_depth=>0, :limit_depth=>true, :recv=>true}) :-
        (hole 0 {:hash_depth=>0, :method_arg=>true}))) :otp_required_for_login)
  (send
    (begin
      (send
        (hole 0 {:hash_depth=>0, :limit_depth=>true, :recv=>true}) :-
        (hole 0 {:hash_depth=>0, :method_arg=>true}))) :admin=
    (hole 0 {:hash_depth=>0, :method_arg=>true}))
  (send
    (begin
      (send
        (hole 0 {:hash_depth=>0, :limit_depth=>true, :recv=>true}) :-
        (hole 0 {:hash_depth=>0, :method_arg=>true}))) :admin)
  (send
    (begin
      (send
        (hole 0 {:hash_depth=>0, :limit_depth=>true, :recv=>true}) :-
        (hole 0 {:hash_depth=>0, :method_arg=>true}))) :staged=
    (hole 0 {:hash_depth=>0, :method_arg=>true}))
  (send
    (begin
      (send
        (hole 0 {:hash_depth=>0, :limit_depth=>true, :recv=>true}) :-
        (hole 0 {:hash_depth=>0, :method_arg=>true}))) :staged)
  (send
    (begin
      (send
        (hole 0 {:hash_depth=>0, :limit_depth=>true, :recv=>true}) :-
        (hole 0 {:hash_depth=>0, :method_arg=>true}))) :active=
    (hole 0 {:hash_depth=>0, :method_arg=>true}))
  (send
    (begin
      (send
        (hole 0 {:hash_depth=>0, :limit_depth=>true, :recv=>true}) :-
        (hole 0 {:hash_depth=>0, :method_arg=>true}))) :active)
  (send
    (begin
      (send
        (hole 0 {:hash_depth=>0, :limit_depth=>true, :recv=>true}) :-
        (hole 0 {:hash_depth=>0, :method_arg=>true}))) :primary=
    (hole 0 {:hash_depth=>0, :method_arg=>true}))
  (send
    (begin
      (send
        (hole 0 {:hash_depth=>0, :limit_depth=>true, :recv=>true}) :-
        (hole 0 {:hash_depth=>0, :method_arg=>true}))) :primary)
  (send
    (begin
      (send
        (hole 0 {:hash_depth=>0, :limit_depth=>true, :recv=>true}) :-
        (hole 0 {:hash_depth=>0, :method_arg=>true}))) :moderator=
    (hole 0 {:hash_depth=>0, :method_arg=>true}))
  (send
    (begin
      (send
        (hole 0 {:hash_depth=>0, :limit_depth=>true, :recv=>true}) :-
        (hole 0 {:hash_depth=>0, :method_arg=>true}))) :moderator)
  (begin
    (send
      (begin
        (send
          (hole 0 {:hash_depth=>0, :limit_depth=>true, :recv=>true}) :-
          (hole 0 {:hash_depth=>0, :method_arg=>true}))) :-
      (hole 0 {:hash_depth=>0, :method_arg=>true})))
  (begin
    (send
      (begin
        (send
          (hole 0 {:hash_depth=>0, :limit_depth=>true, :recv=>true}) :-
          (hole 0 {:hash_depth=>0, :method_arg=>true}))) :-
      (hole 0 {:hash_depth=>0, :method_arg=>true})))
  (begin
    (send
      (begin
        (send
          (hole 0 {:hash_depth=>0, :limit_depth=>true, :recv=>true}) :-
          (hole 0 {:hash_depth=>0, :method_arg=>true}))) :-
      (hole 0 {:hash_depth=>0, :method_arg=>true})))
  (begin
    (send
      (begin
        (send
          (hole 0 {:hash_depth=>0, :limit_depth=>true, :recv=>true}) :-
          (hole 0 {:hash_depth=>0, :method_arg=>true}))) :save))
  (begin
    (send
      (begin
        (send
          (hole 0 {:hash_depth=>0, :limit_depth=>true, :recv=>true}) :save)) :count))
  (begin
    (send
      (begin
        (send
          (hole 0 {:hash_depth=>0, :limit_depth=>true, :recv=>true}) :save)) :-
      (hole 0 {:hash_depth=>0, :method_arg=>true})))
  (begin
    (send
      (begin
        (send
          (hole 0 {:hash_depth=>0, :limit_depth=>true, :recv=>true}) :save)) :save))
  (send
    (begin
      (send
        (hole 0 {:hash_depth=>0, :limit_depth=>true, :recv=>true}) :count)) :confirmed=
    (hole 0 {:hash_depth=>0, :method_arg=>true}))
  (send
    (begin
      (send
        (hole 0 {:hash_depth=>0, :limit_depth=>true, :recv=>true}) :count)) :confirmed)
  (send
    (begin
      (send
        (hole 0 {:hash_depth=>0, :limit_depth=>true, :recv=>true}) :count)) :expired=
    (hole 0 {:hash_depth=>0, :method_arg=>true}))
  (send
    (begin
      (send
        (hole 0 {:hash_depth=>0, :limit_depth=>true, :recv=>true}) :count)) :expired)
  (send
    (begin
      (send
        (hole 0 {:hash_depth=>0, :limit_depth=>true, :recv=>true}) :count)) :discoverable=
    (hole 0 {:hash_depth=>0, :method_arg=>true}))
  (send
    (begin
      (send
        (hole 0 {:hash_depth=>0, :limit_depth=>true, :recv=>true}) :count)) :discoverable)
  (send
    (begin
      (send
        (hole 0 {:hash_depth=>0, :limit_depth=>true, :recv=>true}) :count)) :scheduled_check=
    (hole 0 {:hash_depth=>0, :method_arg=>true}))
  (send
    (begin
      (send
        (hole 0 {:hash_depth=>0, :limit_depth=>true, :recv=>true}) :count)) :scheduled_check)
  (send
    (begin
      (send
        (hole 0 {:hash_depth=>0, :limit_depth=>true, :recv=>true}) :count)) :otp_required_for_login=
    (hole 0 {:hash_depth=>0, :method_arg=>true}))
  (send
    (begin
      (send
        (hole 0 {:hash_depth=>0, :limit_depth=>true, :recv=>true}) :count)) :otp_required_for_login)
  (send
    (begin
      (send
        (hole 0 {:hash_depth=>0, :limit_depth=>true, :recv=>true}) :count)) :admin=
    (hole 0 {:hash_depth=>0, :method_arg=>true}))
  (send
    (begin
      (send
        (hole 0 {:hash_depth=>0, :limit_depth=>true, :recv=>true}) :count)) :admin)
  (send
    (begin
      (send
        (hole 0 {:hash_depth=>0, :limit_depth=>true, :recv=>true}) :count)) :staged=
    (hole 0 {:hash_depth=>0, :method_arg=>true}))
  (send
    (begin
      (send
        (hole 0 {:hash_depth=>0, :limit_depth=>true, :recv=>true}) :count)) :staged)
  (send
    (begin
      (send
        (hole 0 {:hash_depth=>0, :limit_depth=>true, :recv=>true}) :count)) :active=
    (hole 0 {:hash_depth=>0, :method_arg=>true}))
  (send
    (begin
      (send
        (hole 0 {:hash_depth=>0, :limit_depth=>true, :recv=>true}) :count)) :active)
  (send
    (begin
      (send
        (hole 0 {:hash_depth=>0, :limit_depth=>true, :recv=>true}) :count)) :primary=
    (hole 0 {:hash_depth=>0, :method_arg=>true}))
  (send
    (begin
      (send
        (hole 0 {:hash_depth=>0, :limit_depth=>true, :recv=>true}) :count)) :primary)
  (send
    (begin
      (send
        (hole 0 {:hash_depth=>0, :limit_depth=>true, :recv=>true}) :count)) :moderator=
    (hole 0 {:hash_depth=>0, :method_arg=>true}))
  (send
    (begin
      (send
        (hole 0 {:hash_depth=>0, :limit_depth=>true, :recv=>true}) :count)) :moderator)
  (begin
    (send
      (begin
        (send
          (hole 0 {:hash_depth=>0, :limit_depth=>true, :recv=>true}) :count)) :-
      (hole 0 {:hash_depth=>0, :method_arg=>true})))
  (begin
    (send
      (begin
        (send
          (hole 0 {:hash_depth=>0, :limit_depth=>true, :recv=>true}) :count)) :-
      (hole 0 {:hash_depth=>0, :method_arg=>true})))
  (begin
    (send
      (begin
        (send
          (hole 0 {:hash_depth=>0, :limit_depth=>true, :recv=>true}) :count)) :-
      (hole 0 {:hash_depth=>0, :method_arg=>true})))
  (begin
    (send
      (begin
        (send
          (hole 0 {:hash_depth=>0, :limit_depth=>true, :recv=>true}) :count)) :save))
  (send
    (begin
      (send
        (hole 0 {:hash_depth=>0, :limit_depth=>true, :recv=>true}) :-
        (hole 0 {:hash_depth=>0, :method_arg=>true}))) :confirmed=
    (hole 0 {:hash_depth=>0, :method_arg=>true}))
  (send
    (begin
      (send
        (hole 0 {:hash_depth=>0, :limit_depth=>true, :recv=>true}) :-
        (hole 0 {:hash_depth=>0, :method_arg=>true}))) :confirmed)
  (send
    (begin
      (send
        (hole 0 {:hash_depth=>0, :limit_depth=>true, :recv=>true}) :-
        (hole 0 {:hash_depth=>0, :method_arg=>true}))) :expired=
    (hole 0 {:hash_depth=>0, :method_arg=>true}))
  (send
    (begin
      (send
        (hole 0 {:hash_depth=>0, :limit_depth=>true, :recv=>true}) :-
        (hole 0 {:hash_depth=>0, :method_arg=>true}))) :expired)
  (send
    (begin
      (send
        (hole 0 {:hash_depth=>0, :limit_depth=>true, :recv=>true}) :-
        (hole 0 {:hash_depth=>0, :method_arg=>true}))) :discoverable=
    (hole 0 {:hash_depth=>0, :method_arg=>true}))
  (send
    (begin
      (send
        (hole 0 {:hash_depth=>0, :limit_depth=>true, :recv=>true}) :-
        (hole 0 {:hash_depth=>0, :method_arg=>true}))) :discoverable)
  (send
    (begin
      (send
        (hole 0 {:hash_depth=>0, :limit_depth=>true, :recv=>true}) :-
        (hole 0 {:hash_depth=>0, :method_arg=>true}))) :scheduled_check=
    (hole 0 {:hash_depth=>0, :method_arg=>true}))
  (send
    (begin
      (send
        (hole 0 {:hash_depth=>0, :limit_depth=>true, :recv=>true}) :-
        (hole 0 {:hash_depth=>0, :method_arg=>true}))) :scheduled_check)
  (send
    (begin
      (send
        (hole 0 {:hash_depth=>0, :limit_depth=>true, :recv=>true}) :-
        (hole 0 {:hash_depth=>0, :method_arg=>true}))) :otp_required_for_login=
    (hole 0 {:hash_depth=>0, :method_arg=>true}))
  (send
    (begin
      (send
        (hole 0 {:hash_depth=>0, :limit_depth=>true, :recv=>true}) :-
        (hole 0 {:hash_depth=>0, :method_arg=>true}))) :otp_required_for_login)
  (send
    (begin
      (send
        (hole 0 {:hash_depth=>0, :limit_depth=>true, :recv=>true}) :-
        (hole 0 {:hash_depth=>0, :method_arg=>true}))) :admin=
    (hole 0 {:hash_depth=>0, :method_arg=>true}))
  (send
    (begin
      (send
        (hole 0 {:hash_depth=>0, :limit_depth=>true, :recv=>true}) :-
        (hole 0 {:hash_depth=>0, :method_arg=>true}))) :admin)
  (send
    (begin
      (send
        (hole 0 {:hash_depth=>0, :limit_depth=>true, :recv=>true}) :-
        (hole 0 {:hash_depth=>0, :method_arg=>true}))) :staged=
    (hole 0 {:hash_depth=>0, :method_arg=>true}))
  (send
    (begin
      (send
        (hole 0 {:hash_depth=>0, :limit_depth=>true, :recv=>true}) :-
        (hole 0 {:hash_depth=>0, :method_arg=>true}))) :staged)
  (send
    (begin
      (send
        (hole 0 {:hash_depth=>0, :limit_depth=>true, :recv=>true}) :-
        (hole 0 {:hash_depth=>0, :method_arg=>true}))) :active=
    (hole 0 {:hash_depth=>0, :method_arg=>true}))
  (send
    (begin
      (send
        (hole 0 {:hash_depth=>0, :limit_depth=>true, :recv=>true}) :-
        (hole 0 {:hash_depth=>0, :method_arg=>true}))) :active)
  (send
    (begin
      (send
        (hole 0 {:hash_depth=>0, :limit_depth=>true, :recv=>true}) :-
        (hole 0 {:hash_depth=>0, :method_arg=>true}))) :primary=
    (hole 0 {:hash_depth=>0, :method_arg=>true}))
  (send
    (begin
      (send
        (hole 0 {:hash_depth=>0, :limit_depth=>true, :recv=>true}) :-
        (hole 0 {:hash_depth=>0, :method_arg=>true}))) :primary)
  (send
    (begin
      (send
        (hole 0 {:hash_depth=>0, :limit_depth=>true, :recv=>true}) :-
        (hole 0 {:hash_depth=>0, :method_arg=>true}))) :moderator=
    (hole 0 {:hash_depth=>0, :method_arg=>true}))
  (send
    (begin
      (send
        (hole 0 {:hash_depth=>0, :limit_depth=>true, :recv=>true}) :-
        (hole 0 {:hash_depth=>0, :method_arg=>true}))) :moderator)
  (begin
    (send
      (begin
        (send
          (hole 0 {:hash_depth=>0, :limit_depth=>true, :recv=>true}) :-
          (hole 0 {:hash_depth=>0, :method_arg=>true}))) :-
      (hole 0 {:hash_depth=>0, :method_arg=>true})))
  (begin
    (send
      (begin
        (send
          (hole 0 {:hash_depth=>0, :limit_depth=>true, :recv=>true}) :-
          (hole 0 {:hash_depth=>0, :method_arg=>true}))) :-
      (hole 0 {:hash_depth=>0, :method_arg=>true})))
  (begin
    (send
      (begin
        (send
          (hole 0 {:hash_depth=>0, :limit_depth=>true, :recv=>true}) :-
          (hole 0 {:hash_depth=>0, :method_arg=>true}))) :-
      (hole 0 {:hash_depth=>0, :method_arg=>true})))
  (begin
    (send
      (begin
        (send
          (hole 0 {:hash_depth=>0, :limit_depth=>true, :recv=>true}) :-
          (hole 0 {:hash_depth=>0, :method_arg=>true}))) :save))
  (begin
    (send
      (begin
        (send
          (hole 0 {:hash_depth=>0, :limit_depth=>true, :recv=>true}) :save)) :count))
  (begin
    (send
      (begin
        (send
          (hole 0 {:hash_depth=>0, :limit_depth=>true, :recv=>true}) :save)) :-
      (hole 0 {:hash_depth=>0, :method_arg=>true})))
  (begin
    (send
      (begin
        (send
          (hole 0 {:hash_depth=>0, :limit_depth=>true, :recv=>true}) :save)) :save))
  (hole 3 {:hash_depth=>0, :method_arg=>false, :variance=>:+}) {:method_arg=>false})
BASETYPE: true or false
SIZE WORK_LIST: 0
SIZE generated: 62
EVALUABLE#: 0

-------------------------

----------------
TTYPES
true or false
true or false
true or false

PROGS

LOCAL_COUNT: 5
GLOBAL_COUNT: 159

BASE_AFTER:
(send
  (begin
    (send
      (filled-hole
        (lvar InvitationCode(id: integer, token: string, diaspora_user_id: integer, count: integer)) {:method_arg=>false}) :count)) :confirmed=
  (filled-hole
    (true)
    (false)
    (hole 1 {:hash_depth=>0, :method_arg=>true, :variance=>:+}) {:method_arg=>true}))
BASETYPE: true or false
SIZE WORK_LIST: 61
SIZE generated: 3
EVALUABLE#: 2

-------------------------

----------------
TTYPES
true or false

PROGS

LOCAL_COUNT: 6
GLOBAL_COUNT: 160

BASE_AFTER:
(send
  (begin
    (send
      (filled-hole
        (lvar InvitationCode(id: integer, token: string, diaspora_user_id: integer, count: integer)) {:method_arg=>false}) :count)) :confirmed)
BASETYPE: true or false
SIZE WORK_LIST: 61
SIZE generated: 1
EVALUABLE#: 1

-------------------------

----------------
TTYPES
true or false
true or false
true or false

PROGS

LOCAL_COUNT: 7
GLOBAL_COUNT: 161

BASE_AFTER:
(send
  (begin
    (send
      (filled-hole
        (lvar InvitationCode(id: integer, token: string, diaspora_user_id: integer, count: integer)) {:method_arg=>false}) :count)) :expired=
  (filled-hole
    (true)
    (false)
    (hole 1 {:hash_depth=>0, :method_arg=>true, :variance=>:+}) {:method_arg=>true}))
BASETYPE: true or false
SIZE WORK_LIST: 60
SIZE generated: 3
EVALUABLE#: 2

-------------------------

----------------
TTYPES
true or false

PROGS

LOCAL_COUNT: 8
GLOBAL_COUNT: 162

BASE_AFTER:
(send
  (begin
    (send
      (filled-hole
        (lvar InvitationCode(id: integer, token: string, diaspora_user_id: integer, count: integer)) {:method_arg=>false}) :count)) :expired)
BASETYPE: true or false
SIZE WORK_LIST: 60
SIZE generated: 1
EVALUABLE#: 1

-------------------------

----------------
TTYPES
true or false
true or false
true or false

PROGS

LOCAL_COUNT: 9
GLOBAL_COUNT: 163

BASE_AFTER:
(send
  (begin
    (send
      (filled-hole
        (lvar InvitationCode(id: integer, token: string, diaspora_user_id: integer, count: integer)) {:method_arg=>false}) :count)) :discoverable=
  (filled-hole
    (true)
    (false)
    (hole 1 {:hash_depth=>0, :method_arg=>true, :variance=>:+}) {:method_arg=>true}))
BASETYPE: true or false
SIZE WORK_LIST: 59
SIZE generated: 3
EVALUABLE#: 2

-------------------------

----------------
TTYPES
true or false

PROGS

LOCAL_COUNT: 10
GLOBAL_COUNT: 164

BASE_AFTER:
(send
  (begin
    (send
      (filled-hole
        (lvar InvitationCode(id: integer, token: string, diaspora_user_id: integer, count: integer)) {:method_arg=>false}) :count)) :discoverable)
BASETYPE: true or false
SIZE WORK_LIST: 59
SIZE generated: 1
EVALUABLE#: 1

-------------------------

----------------
TTYPES
true or false
true or false
true or false

PROGS

LOCAL_COUNT: 11
GLOBAL_COUNT: 165

BASE_AFTER:
(send
  (begin
    (send
      (filled-hole
        (lvar InvitationCode(id: integer, token: string, diaspora_user_id: integer, count: integer)) {:method_arg=>false}) :count)) :scheduled_check=
  (filled-hole
    (true)
    (false)
    (hole 1 {:hash_depth=>0, :method_arg=>true, :variance=>:+}) {:method_arg=>true}))
BASETYPE: true or false
SIZE WORK_LIST: 58
SIZE generated: 3
EVALUABLE#: 2

-------------------------

----------------
TTYPES
true or false

PROGS

LOCAL_COUNT: 12
GLOBAL_COUNT: 166

BASE_AFTER:
(send
  (begin
    (send
      (filled-hole
        (lvar InvitationCode(id: integer, token: string, diaspora_user_id: integer, count: integer)) {:method_arg=>false}) :count)) :scheduled_check)
BASETYPE: true or false
SIZE WORK_LIST: 58
SIZE generated: 1
EVALUABLE#: 1

-------------------------

----------------
TTYPES
true or false
true or false
true or false

PROGS

LOCAL_COUNT: 13
GLOBAL_COUNT: 167

BASE_AFTER:
(send
  (begin
    (send
      (filled-hole
        (lvar InvitationCode(id: integer, token: string, diaspora_user_id: integer, count: integer)) {:method_arg=>false}) :count)) :otp_required_for_login=
  (filled-hole
    (true)
    (false)
    (hole 1 {:hash_depth=>0, :method_arg=>true, :variance=>:+}) {:method_arg=>true}))
BASETYPE: true or false
SIZE WORK_LIST: 57
SIZE generated: 3
EVALUABLE#: 2

-------------------------

----------------
TTYPES
true or false

PROGS

LOCAL_COUNT: 14
GLOBAL_COUNT: 168

BASE_AFTER:
(send
  (begin
    (send
      (filled-hole
        (lvar InvitationCode(id: integer, token: string, diaspora_user_id: integer, count: integer)) {:method_arg=>false}) :count)) :otp_required_for_login)
BASETYPE: true or false
SIZE WORK_LIST: 57
SIZE generated: 1
EVALUABLE#: 1

-------------------------

----------------
TTYPES
true or false
true or false
true or false

PROGS

LOCAL_COUNT: 15
GLOBAL_COUNT: 169

BASE_AFTER:
(send
  (begin
    (send
      (filled-hole
        (lvar InvitationCode(id: integer, token: string, diaspora_user_id: integer, count: integer)) {:method_arg=>false}) :count)) :admin=
  (filled-hole
    (true)
    (false)
    (hole 1 {:hash_depth=>0, :method_arg=>true, :variance=>:+}) {:method_arg=>true}))
BASETYPE: true or false
SIZE WORK_LIST: 56
SIZE generated: 3
EVALUABLE#: 2

-------------------------

----------------
TTYPES
true or false

PROGS

LOCAL_COUNT: 16
GLOBAL_COUNT: 170

BASE_AFTER:
(send
  (begin
    (send
      (filled-hole
        (lvar InvitationCode(id: integer, token: string, diaspora_user_id: integer, count: integer)) {:method_arg=>false}) :count)) :admin)
BASETYPE: true or false
SIZE WORK_LIST: 56
SIZE generated: 1
EVALUABLE#: 1

-------------------------

----------------
TTYPES
true or false
true or false
true or false

PROGS

LOCAL_COUNT: 17
GLOBAL_COUNT: 171

BASE_AFTER:
(send
  (begin
    (send
      (filled-hole
        (lvar InvitationCode(id: integer, token: string, diaspora_user_id: integer, count: integer)) {:method_arg=>false}) :count)) :staged=
  (filled-hole
    (true)
    (false)
    (hole 1 {:hash_depth=>0, :method_arg=>true, :variance=>:+}) {:method_arg=>true}))
BASETYPE: true or false
SIZE WORK_LIST: 55
SIZE generated: 3
EVALUABLE#: 2

-------------------------

----------------
TTYPES
true or false

PROGS

LOCAL_COUNT: 18
GLOBAL_COUNT: 172

BASE_AFTER:
(send
  (begin
    (send
      (filled-hole
        (lvar InvitationCode(id: integer, token: string, diaspora_user_id: integer, count: integer)) {:method_arg=>false}) :count)) :staged)
BASETYPE: true or false
SIZE WORK_LIST: 55
SIZE generated: 1
EVALUABLE#: 1

-------------------------

----------------
TTYPES
true or false
true or false
true or false

PROGS

LOCAL_COUNT: 19
GLOBAL_COUNT: 173

BASE_AFTER:
(send
  (begin
    (send
      (filled-hole
        (lvar InvitationCode(id: integer, token: string, diaspora_user_id: integer, count: integer)) {:method_arg=>false}) :count)) :active=
  (filled-hole
    (true)
    (false)
    (hole 1 {:hash_depth=>0, :method_arg=>true, :variance=>:+}) {:method_arg=>true}))
BASETYPE: true or false
SIZE WORK_LIST: 54
SIZE generated: 3
EVALUABLE#: 2

-------------------------

----------------
TTYPES
true or false

PROGS

LOCAL_COUNT: 20
GLOBAL_COUNT: 174

BASE_AFTER:
(send
  (begin
    (send
      (filled-hole
        (lvar InvitationCode(id: integer, token: string, diaspora_user_id: integer, count: integer)) {:method_arg=>false}) :count)) :active)
BASETYPE: true or false
SIZE WORK_LIST: 54
SIZE generated: 1
EVALUABLE#: 1

-------------------------

----------------
TTYPES
true or false
true or false
true or false

PROGS

LOCAL_COUNT: 21
GLOBAL_COUNT: 175

BASE_AFTER:
(send
  (begin
    (send
      (filled-hole
        (lvar InvitationCode(id: integer, token: string, diaspora_user_id: integer, count: integer)) {:method_arg=>false}) :count)) :primary=
  (filled-hole
    (true)
    (false)
    (hole 1 {:hash_depth=>0, :method_arg=>true, :variance=>:+}) {:method_arg=>true}))
BASETYPE: true or false
SIZE WORK_LIST: 53
SIZE generated: 3
EVALUABLE#: 2

-------------------------

----------------
TTYPES
true or false

PROGS

LOCAL_COUNT: 22
GLOBAL_COUNT: 176

BASE_AFTER:
(send
  (begin
    (send
      (filled-hole
        (lvar InvitationCode(id: integer, token: string, diaspora_user_id: integer, count: integer)) {:method_arg=>false}) :count)) :primary)
BASETYPE: true or false
SIZE WORK_LIST: 53
SIZE generated: 1
EVALUABLE#: 1

-------------------------

----------------
TTYPES
true or false
true or false
true or false

PROGS

LOCAL_COUNT: 23
GLOBAL_COUNT: 177

BASE_AFTER:
(send
  (begin
    (send
      (filled-hole
        (lvar InvitationCode(id: integer, token: string, diaspora_user_id: integer, count: integer)) {:method_arg=>false}) :count)) :moderator=
  (filled-hole
    (true)
    (false)
    (hole 1 {:hash_depth=>0, :method_arg=>true, :variance=>:+}) {:method_arg=>true}))
BASETYPE: true or false
SIZE WORK_LIST: 52
SIZE generated: 3
EVALUABLE#: 2

-------------------------

----------------
TTYPES
true or false

PROGS

LOCAL_COUNT: 24
GLOBAL_COUNT: 178

BASE_AFTER:
(send
  (begin
    (send
      (filled-hole
        (lvar InvitationCode(id: integer, token: string, diaspora_user_id: integer, count: integer)) {:method_arg=>false}) :count)) :moderator)
BASETYPE: true or false
SIZE WORK_LIST: 52
SIZE generated: 1
EVALUABLE#: 1

-------------------------

----------------
TTYPES
Integer
Integer
Integer
Integer

PROGS

LOCAL_COUNT: 25
GLOBAL_COUNT: 179

BASE_AFTER:
(begin
  (send
    (begin
      (send
        (filled-hole
          (lvar InvitationCode(id: integer, token: string, diaspora_user_id: integer, count: integer)) {:method_arg=>false}) :count)) :-
    (filled-hole
      (int 0)
      (int 1)
      (int 2)
      (hole 1 {:hash_depth=>0, :method_arg=>true, :variance=>:+}) {:method_arg=>true})))
BASETYPE: Integer
SIZE WORK_LIST: 51
SIZE generated: 4
EVALUABLE#: 3

-------------------------

----------------
TTYPES
Integer
Integer
Integer
Integer
Integer
Integer
Integer
Integer
Integer
Integer
Integer
Integer
Integer
Integer
Integer
Integer

PROGS

LOCAL_COUNT: 26
GLOBAL_COUNT: 180

BASE_AFTER:
(begin
  (send
    (send
      (filled-hole
        (lvar :arg0) {:method_arg=>false}) :id=
      (filled-hole
        (int 0)
        (int 1)
        (int 2)
        (hole 1 {:hash_depth=>0, :method_arg=>true, :variance=>:+}) {:method_arg=>true})) :-
    (filled-hole
      (int 0)
      (int 1)
      (int 2)
      (hole 1 {:hash_depth=>0, :method_arg=>true, :variance=>:+}) {:method_arg=>true})))
BASETYPE: Integer
SIZE WORK_LIST: 51
SIZE generated: 16
EVALUABLE#: 9

-------------------------

----------------
TTYPES
true or false
true or false
true or false
true or false

PROGS

LOCAL_COUNT: 27
GLOBAL_COUNT: 181

BASE_AFTER:
(begin
  (send
    (send
      (filled-hole
        (lvar :arg0) {:method_arg=>false}) :id=
      (filled-hole
        (int 0)
        (int 1)
        (int 2)
        (hole 1 {:hash_depth=>0, :method_arg=>true, :variance=>:+}) {:method_arg=>true})) :save))
BASETYPE: true or false
SIZE WORK_LIST: 57
SIZE generated: 4
EVALUABLE#: 3

-------------------------

----------------
TTYPES
Integer
Integer
Integer
Integer

PROGS

LOCAL_COUNT: 28
GLOBAL_COUNT: 182

BASE_AFTER:
(begin
  (send
    (send
      (filled-hole
        (lvar :arg0) {:method_arg=>false}) :id) :-
    (filled-hole
      (int 0)
      (int 1)
      (int 2)
      (hole 1 {:hash_depth=>0, :method_arg=>true, :variance=>:+}) {:method_arg=>true})))
BASETYPE: Integer
SIZE WORK_LIST: 57
SIZE generated: 4
EVALUABLE#: 3

-------------------------

----------------
TTYPES
true or false
true or false

PROGS

LOCAL_COUNT: 29
GLOBAL_COUNT: 183

BASE_AFTER:
(begin
  (send
    (send
      (filled-hole
        (lvar :arg0) {:method_arg=>false}) :token=
      (filled-hole
        (str "")
        (hole 1 {:hash_depth=>0, :method_arg=>true, :variance=>:+}) {:method_arg=>true})) :save))
BASETYPE: true or false
SIZE WORK_LIST: 57
SIZE generated: 2
EVALUABLE#: 1

-------------------------

----------------
TTYPES
Integer
Integer
Integer
Integer
Integer
Integer
Integer
Integer
Integer
Integer
Integer
Integer
Integer
Integer
Integer
Integer

PROGS

LOCAL_COUNT: 30
GLOBAL_COUNT: 184

BASE_AFTER:
(begin
  (send
    (send
      (filled-hole
        (lvar :arg0) {:method_arg=>false}) :diaspora_user_id=
      (filled-hole
        (int 0)
        (int 1)
        (int 2)
        (hole 1 {:hash_depth=>0, :method_arg=>true, :variance=>:+}) {:method_arg=>true})) :-
    (filled-hole
      (int 0)
      (int 1)
      (int 2)
      (hole 1 {:hash_depth=>0, :method_arg=>true, :variance=>:+}) {:method_arg=>true})))
BASETYPE: Integer
SIZE WORK_LIST: 57
SIZE generated: 16
EVALUABLE#: 9

-------------------------

----------------
TTYPES
Integer
Integer
Integer
Integer

PROGS

LOCAL_COUNT: 31
GLOBAL_COUNT: 185

BASE_AFTER:
(begin
  (send
    (send
      (filled-hole
        (lvar :arg0) {:method_arg=>false}) :diaspora_user_id) :-
    (filled-hole
      (int 0)
      (int 1)
      (int 2)
      (hole 1 {:hash_depth=>0, :method_arg=>true, :variance=>:+}) {:method_arg=>true})))
BASETYPE: Integer
SIZE WORK_LIST: 63
SIZE generated: 4
EVALUABLE#: 3

-------------------------

----------------
TTYPES
Integer
Integer
Integer
Integer
Integer
Integer
Integer
Integer
Integer
Integer
Integer
Integer
Integer
Integer
Integer
Integer

PROGS

LOCAL_COUNT: 32
GLOBAL_COUNT: 186

BASE_AFTER:
(begin
  (send
    (send
      (filled-hole
        (lvar :arg0) {:method_arg=>false}) :count=
      (filled-hole
        (int 0)
        (int 1)
        (int 2)
        (hole 1 {:hash_depth=>0, :method_arg=>true, :variance=>:+}) {:method_arg=>true})) :-
    (filled-hole
      (int 0)
      (int 1)
      (int 2)
      (hole 1 {:hash_depth=>0, :method_arg=>true, :variance=>:+}) {:method_arg=>true})))
BASETYPE: Integer
SIZE WORK_LIST: 63
SIZE generated: 16
EVALUABLE#: 9

-------------------------

----------------
TTYPES
Integer
Integer
Integer
Integer

PROGS

LOCAL_COUNT: 33
GLOBAL_COUNT: 187

BASE_AFTER:
(begin
  (send
    (begin
      (send
        (filled-hole
          (lvar :arg0) {:method_arg=>false}) :count)) :-
    (filled-hole
      (int 0)
      (int 1)
      (int 2)
      (hole 1 {:hash_depth=>0, :method_arg=>true, :variance=>:+}) {:method_arg=>true})))
BASETYPE: Integer
SIZE WORK_LIST: 69
SIZE generated: 4
EVALUABLE#: 3

-------------------------

----------------
TTYPES
true or false

PROGS

LOCAL_COUNT: 34
GLOBAL_COUNT: 188

BASE_AFTER:
(begin
  (send
    (send
      (filled-hole
        (lvar :arg0) {:method_arg=>false}) :diaspora_user) :save))
BASETYPE: true or false
SIZE WORK_LIST: 69
SIZE generated: 1
EVALUABLE#: 1

-------------------------

----------------
TTYPES
true or false

PROGS

LOCAL_COUNT: 35
GLOBAL_COUNT: 189

BASE_AFTER:
(begin
  (send
    (send
      (filled-hole
        (lvar :arg0) {:method_arg=>false}) :diaspora_user=
      (filled-hole
        (hole 1 {:hash_depth=>0, :method_arg=>true, :variance=>:+}) {:method_arg=>true})) :save))
BASETYPE: true or false
SIZE WORK_LIST: 68
SIZE generated: 1
EVALUABLE#: 0

-------------------------

----------------
TTYPES
true or false
true or false
true or false
true or false

PROGS

LOCAL_COUNT: 36
GLOBAL_COUNT: 190

BASE_AFTER:
(send
  (begin
    (send
      (lvar InvitationCode(id: integer, token: string, diaspora_user_id: integer, count: integer)) :count)) :confirmed=
  (filled-hole
    (begin
      (send
        (hole 0 {:hash_depth=>0, :limit_depth=>true, :recv=>true}) :-
        (hole 0 {:hash_depth=>0, :method_arg=>true})))
    (begin
      (send
        (hole 0 {:hash_depth=>0, :limit_depth=>true, :recv=>true}) :save))
    (begin
      (send
        (hole 0 {:hash_depth=>0, :limit_depth=>true, :recv=>true}) :count))
    (begin
      (send
        (hole 0 {:hash_depth=>0, :limit_depth=>true, :recv=>true}) :-
        (hole 0 {:hash_depth=>0, :method_arg=>true})))
    (begin
      (send
        (hole 0 {:hash_depth=>0, :limit_depth=>true, :recv=>true}) :save))
    (hole 2 {:hash_depth=>0, :method_arg=>true, :variance=>:+}) {:method_arg=>true}))
BASETYPE: true or false
SIZE WORK_LIST: 68
SIZE generated: 4
EVALUABLE#: 0

-------------------------

----------------
TTYPES
true or false

PROGS

LOCAL_COUNT: 37
GLOBAL_COUNT: 191

BASE_AFTER:
(send
  (begin
    (send
      (lvar InvitationCode(id: integer, token: string, diaspora_user_id: integer, count: integer)) :count)) :confirmed=
  (begin
    (send
      (filled-hole
        (lvar InvitationCode(id: integer, token: string, diaspora_user_id: integer, count: integer)) {:method_arg=>false}) :count)))
BASETYPE: true or false
SIZE WORK_LIST: 71
SIZE generated: 1
EVALUABLE#: 1

-------------------------

----------------
TTYPES
true or false
true or false
true or false
true or false

PROGS

LOCAL_COUNT: 38
GLOBAL_COUNT: 192

BASE_AFTER:
(send
  (begin
    (send
      (lvar InvitationCode(id: integer, token: string, diaspora_user_id: integer, count: integer)) :count)) :expired=
  (filled-hole
    (begin
      (send
        (hole 0 {:hash_depth=>0, :limit_depth=>true, :recv=>true}) :-
        (hole 0 {:hash_depth=>0, :method_arg=>true})))
    (begin
      (send
        (hole 0 {:hash_depth=>0, :limit_depth=>true, :recv=>true}) :save))
    (begin
      (send
        (hole 0 {:hash_depth=>0, :limit_depth=>true, :recv=>true}) :count))
    (begin
      (send
        (hole 0 {:hash_depth=>0, :limit_depth=>true, :recv=>true}) :-
        (hole 0 {:hash_depth=>0, :method_arg=>true})))
    (begin
      (send
        (hole 0 {:hash_depth=>0, :limit_depth=>true, :recv=>true}) :save))
    (hole 2 {:hash_depth=>0, :method_arg=>true, :variance=>:+}) {:method_arg=>true}))
BASETYPE: true or false
SIZE WORK_LIST: 70
SIZE generated: 4
EVALUABLE#: 0

-------------------------

----------------
TTYPES
true or false

PROGS

LOCAL_COUNT: 39
GLOBAL_COUNT: 193

BASE_AFTER:
(send
  (begin
    (send
      (lvar InvitationCode(id: integer, token: string, diaspora_user_id: integer, count: integer)) :count)) :expired=
  (begin
    (send
      (filled-hole
        (lvar InvitationCode(id: integer, token: string, diaspora_user_id: integer, count: integer)) {:method_arg=>false}) :count)))
BASETYPE: true or false
SIZE WORK_LIST: 73
SIZE generated: 1
EVALUABLE#: 1

-------------------------

----------------
TTYPES
true or false
true or false
true or false
true or false

PROGS

LOCAL_COUNT: 40
GLOBAL_COUNT: 194

BASE_AFTER:
(send
  (begin
    (send
      (lvar InvitationCode(id: integer, token: string, diaspora_user_id: integer, count: integer)) :count)) :discoverable=
  (filled-hole
    (begin
      (send
        (hole 0 {:hash_depth=>0, :limit_depth=>true, :recv=>true}) :-
        (hole 0 {:hash_depth=>0, :method_arg=>true})))
    (begin
      (send
        (hole 0 {:hash_depth=>0, :limit_depth=>true, :recv=>true}) :save))
    (begin
      (send
        (hole 0 {:hash_depth=>0, :limit_depth=>true, :recv=>true}) :count))
    (begin
      (send
        (hole 0 {:hash_depth=>0, :limit_depth=>true, :recv=>true}) :-
        (hole 0 {:hash_depth=>0, :method_arg=>true})))
    (begin
      (send
        (hole 0 {:hash_depth=>0, :limit_depth=>true, :recv=>true}) :save))
    (hole 2 {:hash_depth=>0, :method_arg=>true, :variance=>:+}) {:method_arg=>true}))
BASETYPE: true or false
SIZE WORK_LIST: 72
SIZE generated: 4
EVALUABLE#: 0

-------------------------

----------------
TTYPES
true or false

PROGS

LOCAL_COUNT: 41
GLOBAL_COUNT: 195

BASE_AFTER:
(send
  (begin
    (send
      (lvar InvitationCode(id: integer, token: string, diaspora_user_id: integer, count: integer)) :count)) :discoverable=
  (begin
    (send
      (filled-hole
        (lvar InvitationCode(id: integer, token: string, diaspora_user_id: integer, count: integer)) {:method_arg=>false}) :count)))
BASETYPE: true or false
SIZE WORK_LIST: 75
SIZE generated: 1
EVALUABLE#: 1

-------------------------

----------------
TTYPES
true or false
true or false
true or false
true or false

PROGS

LOCAL_COUNT: 42
GLOBAL_COUNT: 196

BASE_AFTER:
(send
  (begin
    (send
      (lvar InvitationCode(id: integer, token: string, diaspora_user_id: integer, count: integer)) :count)) :scheduled_check=
  (filled-hole
    (begin
      (send
        (hole 0 {:hash_depth=>0, :limit_depth=>true, :recv=>true}) :-
        (hole 0 {:hash_depth=>0, :method_arg=>true})))
    (begin
      (send
        (hole 0 {:hash_depth=>0, :limit_depth=>true, :recv=>true}) :save))
    (begin
      (send
        (hole 0 {:hash_depth=>0, :limit_depth=>true, :recv=>true}) :count))
    (begin
      (send
        (hole 0 {:hash_depth=>0, :limit_depth=>true, :recv=>true}) :-
        (hole 0 {:hash_depth=>0, :method_arg=>true})))
    (begin
      (send
        (hole 0 {:hash_depth=>0, :limit_depth=>true, :recv=>true}) :save))
    (hole 2 {:hash_depth=>0, :method_arg=>true, :variance=>:+}) {:method_arg=>true}))
BASETYPE: true or false
SIZE WORK_LIST: 74
SIZE generated: 4
EVALUABLE#: 0

-------------------------

----------------
TTYPES
true or false

PROGS

LOCAL_COUNT: 43
GLOBAL_COUNT: 197

BASE_AFTER:
(send
  (begin
    (send
      (lvar InvitationCode(id: integer, token: string, diaspora_user_id: integer, count: integer)) :count)) :scheduled_check=
  (begin
    (send
      (filled-hole
        (lvar InvitationCode(id: integer, token: string, diaspora_user_id: integer, count: integer)) {:method_arg=>false}) :count)))
BASETYPE: true or false
SIZE WORK_LIST: 77
SIZE generated: 1
EVALUABLE#: 1

-------------------------

----------------
TTYPES
true or false
true or false
true or false
true or false

PROGS

LOCAL_COUNT: 44
GLOBAL_COUNT: 198

BASE_AFTER:
(send
  (begin
    (send
      (lvar InvitationCode(id: integer, token: string, diaspora_user_id: integer, count: integer)) :count)) :otp_required_for_login=
  (filled-hole
    (begin
      (send
        (hole 0 {:hash_depth=>0, :limit_depth=>true, :recv=>true}) :-
        (hole 0 {:hash_depth=>0, :method_arg=>true})))
    (begin
      (send
        (hole 0 {:hash_depth=>0, :limit_depth=>true, :recv=>true}) :save))
    (begin
      (send
        (hole 0 {:hash_depth=>0, :limit_depth=>true, :recv=>true}) :count))
    (begin
      (send
        (hole 0 {:hash_depth=>0, :limit_depth=>true, :recv=>true}) :-
        (hole 0 {:hash_depth=>0, :method_arg=>true})))
    (begin
      (send
        (hole 0 {:hash_depth=>0, :limit_depth=>true, :recv=>true}) :save))
    (hole 2 {:hash_depth=>0, :method_arg=>true, :variance=>:+}) {:method_arg=>true}))
BASETYPE: true or false
SIZE WORK_LIST: 76
SIZE generated: 4
EVALUABLE#: 0

-------------------------

----------------
TTYPES
true or false

PROGS

LOCAL_COUNT: 45
GLOBAL_COUNT: 199

BASE_AFTER:
(send
  (begin
    (send
      (lvar InvitationCode(id: integer, token: string, diaspora_user_id: integer, count: integer)) :count)) :otp_required_for_login=
  (begin
    (send
      (filled-hole
        (lvar InvitationCode(id: integer, token: string, diaspora_user_id: integer, count: integer)) {:method_arg=>false}) :count)))
BASETYPE: true or false
SIZE WORK_LIST: 79
SIZE generated: 1
EVALUABLE#: 1

-------------------------

----------------
TTYPES
true or false
true or false
true or false
true or false

PROGS

LOCAL_COUNT: 46
GLOBAL_COUNT: 200

BASE_AFTER:
(send
  (begin
    (send
      (lvar InvitationCode(id: integer, token: string, diaspora_user_id: integer, count: integer)) :count)) :admin=
  (filled-hole
    (begin
      (send
        (hole 0 {:hash_depth=>0, :limit_depth=>true, :recv=>true}) :-
        (hole 0 {:hash_depth=>0, :method_arg=>true})))
    (begin
      (send
        (hole 0 {:hash_depth=>0, :limit_depth=>true, :recv=>true}) :save))
    (begin
      (send
        (hole 0 {:hash_depth=>0, :limit_depth=>true, :recv=>true}) :count))
    (begin
      (send
        (hole 0 {:hash_depth=>0, :limit_depth=>true, :recv=>true}) :-
        (hole 0 {:hash_depth=>0, :method_arg=>true})))
    (begin
      (send
        (hole 0 {:hash_depth=>0, :limit_depth=>true, :recv=>true}) :save))
    (hole 2 {:hash_depth=>0, :method_arg=>true, :variance=>:+}) {:method_arg=>true}))
BASETYPE: true or false
SIZE WORK_LIST: 78
SIZE generated: 4
EVALUABLE#: 0

-------------------------

----------------
TTYPES
true or false

PROGS

LOCAL_COUNT: 47
GLOBAL_COUNT: 201

BASE_AFTER:
(send
  (begin
    (send
      (lvar InvitationCode(id: integer, token: string, diaspora_user_id: integer, count: integer)) :count)) :admin=
  (begin
    (send
      (filled-hole
        (lvar InvitationCode(id: integer, token: string, diaspora_user_id: integer, count: integer)) {:method_arg=>false}) :count)))
BASETYPE: true or false
SIZE WORK_LIST: 81
SIZE generated: 1
EVALUABLE#: 1

-------------------------

----------------
TTYPES
true or false
true or false
true or false
true or false

PROGS

LOCAL_COUNT: 48
GLOBAL_COUNT: 202

BASE_AFTER:
(send
  (begin
    (send
      (lvar InvitationCode(id: integer, token: string, diaspora_user_id: integer, count: integer)) :count)) :staged=
  (filled-hole
    (begin
      (send
        (hole 0 {:hash_depth=>0, :limit_depth=>true, :recv=>true}) :-
        (hole 0 {:hash_depth=>0, :method_arg=>true})))
    (begin
      (send
        (hole 0 {:hash_depth=>0, :limit_depth=>true, :recv=>true}) :save))
    (begin
      (send
        (hole 0 {:hash_depth=>0, :limit_depth=>true, :recv=>true}) :count))
    (begin
      (send
        (hole 0 {:hash_depth=>0, :limit_depth=>true, :recv=>true}) :-
        (hole 0 {:hash_depth=>0, :method_arg=>true})))
    (begin
      (send
        (hole 0 {:hash_depth=>0, :limit_depth=>true, :recv=>true}) :save))
    (hole 2 {:hash_depth=>0, :method_arg=>true, :variance=>:+}) {:method_arg=>true}))
BASETYPE: true or false
SIZE WORK_LIST: 80
SIZE generated: 4
EVALUABLE#: 0

-------------------------

----------------
TTYPES
true or false

PROGS

LOCAL_COUNT: 49
GLOBAL_COUNT: 203

BASE_AFTER:
(send
  (begin
    (send
      (lvar InvitationCode(id: integer, token: string, diaspora_user_id: integer, count: integer)) :count)) :staged=
  (begin
    (send
      (filled-hole
        (lvar InvitationCode(id: integer, token: string, diaspora_user_id: integer, count: integer)) {:method_arg=>false}) :count)))
BASETYPE: true or false
SIZE WORK_LIST: 83
SIZE generated: 1
EVALUABLE#: 1

-------------------------

----------------
TTYPES
true or false
true or false
true or false
true or false

PROGS

LOCAL_COUNT: 50
GLOBAL_COUNT: 204

BASE_AFTER:
(send
  (begin
    (send
      (lvar InvitationCode(id: integer, token: string, diaspora_user_id: integer, count: integer)) :count)) :active=
  (filled-hole
    (begin
      (send
        (hole 0 {:hash_depth=>0, :limit_depth=>true, :recv=>true}) :-
        (hole 0 {:hash_depth=>0, :method_arg=>true})))
    (begin
      (send
        (hole 0 {:hash_depth=>0, :limit_depth=>true, :recv=>true}) :save))
    (begin
      (send
        (hole 0 {:hash_depth=>0, :limit_depth=>true, :recv=>true}) :count))
    (begin
      (send
        (hole 0 {:hash_depth=>0, :limit_depth=>true, :recv=>true}) :-
        (hole 0 {:hash_depth=>0, :method_arg=>true})))
    (begin
      (send
        (hole 0 {:hash_depth=>0, :limit_depth=>true, :recv=>true}) :save))
    (hole 2 {:hash_depth=>0, :method_arg=>true, :variance=>:+}) {:method_arg=>true}))
BASETYPE: true or false
SIZE WORK_LIST: 82
SIZE generated: 4
EVALUABLE#: 0

-------------------------

----------------
TTYPES
true or false

PROGS

LOCAL_COUNT: 51
GLOBAL_COUNT: 205

BASE_AFTER:
(send
  (begin
    (send
      (lvar InvitationCode(id: integer, token: string, diaspora_user_id: integer, count: integer)) :count)) :active=
  (begin
    (send
      (filled-hole
        (lvar InvitationCode(id: integer, token: string, diaspora_user_id: integer, count: integer)) {:method_arg=>false}) :count)))
BASETYPE: true or false
SIZE WORK_LIST: 85
SIZE generated: 1
EVALUABLE#: 1

-------------------------

----------------
TTYPES
true or false
true or false
true or false
true or false

PROGS

LOCAL_COUNT: 52
GLOBAL_COUNT: 206

BASE_AFTER:
(send
  (begin
    (send
      (lvar InvitationCode(id: integer, token: string, diaspora_user_id: integer, count: integer)) :count)) :primary=
  (filled-hole
    (begin
      (send
        (hole 0 {:hash_depth=>0, :limit_depth=>true, :recv=>true}) :-
        (hole 0 {:hash_depth=>0, :method_arg=>true})))
    (begin
      (send
        (hole 0 {:hash_depth=>0, :limit_depth=>true, :recv=>true}) :save))
    (begin
      (send
        (hole 0 {:hash_depth=>0, :limit_depth=>true, :recv=>true}) :count))
    (begin
      (send
        (hole 0 {:hash_depth=>0, :limit_depth=>true, :recv=>true}) :-
        (hole 0 {:hash_depth=>0, :method_arg=>true})))
    (begin
      (send
        (hole 0 {:hash_depth=>0, :limit_depth=>true, :recv=>true}) :save))
    (hole 2 {:hash_depth=>0, :method_arg=>true, :variance=>:+}) {:method_arg=>true}))
BASETYPE: true or false
SIZE WORK_LIST: 84
SIZE generated: 4
EVALUABLE#: 0

-------------------------

----------------
TTYPES
true or false

PROGS

LOCAL_COUNT: 53
GLOBAL_COUNT: 207

BASE_AFTER:
(send
  (begin
    (send
      (lvar InvitationCode(id: integer, token: string, diaspora_user_id: integer, count: integer)) :count)) :primary=
  (begin
    (send
      (filled-hole
        (lvar InvitationCode(id: integer, token: string, diaspora_user_id: integer, count: integer)) {:method_arg=>false}) :count)))
BASETYPE: true or false
SIZE WORK_LIST: 87
SIZE generated: 1
EVALUABLE#: 1

-------------------------

----------------
TTYPES
true or false
true or false
true or false
true or false

PROGS

LOCAL_COUNT: 54
GLOBAL_COUNT: 208

BASE_AFTER:
(send
  (begin
    (send
      (lvar InvitationCode(id: integer, token: string, diaspora_user_id: integer, count: integer)) :count)) :moderator=
  (filled-hole
    (begin
      (send
        (hole 0 {:hash_depth=>0, :limit_depth=>true, :recv=>true}) :-
        (hole 0 {:hash_depth=>0, :method_arg=>true})))
    (begin
      (send
        (hole 0 {:hash_depth=>0, :limit_depth=>true, :recv=>true}) :save))
    (begin
      (send
        (hole 0 {:hash_depth=>0, :limit_depth=>true, :recv=>true}) :count))
    (begin
      (send
        (hole 0 {:hash_depth=>0, :limit_depth=>true, :recv=>true}) :-
        (hole 0 {:hash_depth=>0, :method_arg=>true})))
    (begin
      (send
        (hole 0 {:hash_depth=>0, :limit_depth=>true, :recv=>true}) :save))
    (hole 2 {:hash_depth=>0, :method_arg=>true, :variance=>:+}) {:method_arg=>true}))
BASETYPE: true or false
SIZE WORK_LIST: 86
SIZE generated: 4
EVALUABLE#: 0

-------------------------

----------------
TTYPES
true or false

PROGS

LOCAL_COUNT: 55
GLOBAL_COUNT: 209

BASE_AFTER:
(send
  (begin
    (send
      (lvar InvitationCode(id: integer, token: string, diaspora_user_id: integer, count: integer)) :count)) :moderator=
  (begin
    (send
      (filled-hole
        (lvar InvitationCode(id: integer, token: string, diaspora_user_id: integer, count: integer)) {:method_arg=>false}) :count)))
BASETYPE: true or false
SIZE WORK_LIST: 89
SIZE generated: 1
EVALUABLE#: 1

-------------------------

----------------
TTYPES
Integer
Integer
Integer
Integer
Integer
Integer
Integer
Integer
Integer

PROGS

LOCAL_COUNT: 56
GLOBAL_COUNT: 210

BASE_AFTER:
(begin
  (send
    (begin
      (send
        (lvar InvitationCode(id: integer, token: string, diaspora_user_id: integer, count: integer)) :count)) :-
    (filled-hole
      (send
        (hole 0 {:hash_depth=>0, :limit_depth=>true, :recv=>true}) :id=
        (hole 0 {:hash_depth=>0, :method_arg=>true}))
      (send
        (hole 0 {:hash_depth=>0, :limit_depth=>true, :recv=>true}) :id)
      (send
        (hole 0 {:hash_depth=>0, :limit_depth=>true, :recv=>true}) :diaspora_user_id=
        (hole 0 {:hash_depth=>0, :method_arg=>true}))
      (send
        (hole 0 {:hash_depth=>0, :limit_depth=>true, :recv=>true}) :diaspora_user_id)
      (send
        (hole 0 {:hash_depth=>0, :limit_depth=>true, :recv=>true}) :count=
        (hole 0 {:hash_depth=>0, :method_arg=>true}))
      (begin
        (send
          (hole 0 {:hash_depth=>0, :limit_depth=>true, :recv=>true}) :count))
      (begin
        (send
          (hole 0 {:hash_depth=>0, :limit_depth=>true, :recv=>true}) :count))
      (begin
        (send
          (hole 0 {:hash_depth=>0, :limit_depth=>true, :recv=>true}) :count))
      (begin
        (send
          (hole 0 {:hash_depth=>0, :limit_depth=>true, :recv=>true}) :-
          (hole 0 {:hash_depth=>0, :method_arg=>true})))
      (begin
        (send
          (hole 0 {:hash_depth=>0, :limit_depth=>true, :recv=>true}) :count))
      (begin
        (send
          (hole 0 {:hash_depth=>0, :limit_depth=>true, :recv=>true}) :-
          (hole 0 {:hash_depth=>0, :method_arg=>true})))
      (hole 2 {:hash_depth=>0, :method_arg=>true, :variance=>:+}) {:method_arg=>true})))
BASETYPE: Integer
SIZE WORK_LIST: 88
SIZE generated: 9
EVALUABLE#: 0

-------------------------

----------------
TTYPES
Integer

PROGS

LOCAL_COUNT: 57
GLOBAL_COUNT: 211

BASE_AFTER:
(begin
  (send
    (begin
      (send
        (lvar InvitationCode(id: integer, token: string, diaspora_user_id: integer, count: integer)) :count)) :-
    (begin
      (send
        (filled-hole
          (lvar InvitationCode(id: integer, token: string, diaspora_user_id: integer, count: integer)) {:method_arg=>false}) :count))))
BASETYPE: Integer
SIZE WORK_LIST: 96
SIZE generated: 1
EVALUABLE#: 1

-------------------------

----------------
TTYPES
Integer
Integer
Integer
Integer

PROGS

LOCAL_COUNT: 58
GLOBAL_COUNT: 212

BASE_AFTER:
(begin
  (send
    (begin
      (send
        (lvar InvitationCode(id: integer, token: string, diaspora_user_id: integer, count: integer)) :count)) :-
    (send
      (filled-hole
        (lvar :arg0) {:method_arg=>false}) :id=
      (filled-hole
        (int 0)
        (int 1)
        (int 2)
        (hole 1 {:hash_depth=>0, :method_arg=>true, :variance=>:+}) {:method_arg=>true}))))
BASETYPE: Integer
SIZE WORK_LIST: 95
SIZE generated: 4
EVALUABLE#: 3

-------------------------

----------------
TTYPES
Integer

PROGS

LOCAL_COUNT: 59
GLOBAL_COUNT: 213

BASE_AFTER:
(begin
  (send
    (begin
      (send
        (lvar InvitationCode(id: integer, token: string, diaspora_user_id: integer, count: integer)) :count)) :-
    (send
      (filled-hole
        (lvar :arg0) {:method_arg=>false}) :id)))
BASETYPE: Integer
SIZE WORK_LIST: 95
SIZE generated: 1
EVALUABLE#: 1

-------------------------

----------------
TTYPES
Integer
Integer
Integer
Integer

PROGS

LOCAL_COUNT: 60
GLOBAL_COUNT: 214

BASE_AFTER:
(begin
  (send
    (begin
      (send
        (lvar InvitationCode(id: integer, token: string, diaspora_user_id: integer, count: integer)) :count)) :-
    (send
      (filled-hole
        (lvar :arg0) {:method_arg=>false}) :diaspora_user_id=
      (filled-hole
        (int 0)
        (int 1)
        (int 2)
        (hole 1 {:hash_depth=>0, :method_arg=>true, :variance=>:+}) {:method_arg=>true}))))
BASETYPE: Integer
SIZE WORK_LIST: 94
SIZE generated: 4
EVALUABLE#: 3

-------------------------

----------------
TTYPES
Integer

PROGS

LOCAL_COUNT: 61
GLOBAL_COUNT: 215

BASE_AFTER:
(begin
  (send
    (begin
      (send
        (lvar InvitationCode(id: integer, token: string, diaspora_user_id: integer, count: integer)) :count)) :-
    (send
      (filled-hole
        (lvar :arg0) {:method_arg=>false}) :diaspora_user_id)))
BASETYPE: Integer
SIZE WORK_LIST: 94
SIZE generated: 1
EVALUABLE#: 1

-------------------------

----------------
TTYPES
Integer
Integer
Integer
Integer

PROGS

LOCAL_COUNT: 62
GLOBAL_COUNT: 216

BASE_AFTER:
(begin
  (send
    (begin
      (send
        (lvar InvitationCode(id: integer, token: string, diaspora_user_id: integer, count: integer)) :count)) :-
    (send
      (filled-hole
        (lvar :arg0) {:method_arg=>false}) :count=
      (filled-hole
        (int 0)
        (int 1)
        (int 2)
        (hole 1 {:hash_depth=>0, :method_arg=>true, :variance=>:+}) {:method_arg=>true}))))
BASETYPE: Integer
SIZE WORK_LIST: 93
SIZE generated: 4
EVALUABLE#: 3

-------------------------

----------------
TTYPES
Integer

PROGS

LOCAL_COUNT: 63
GLOBAL_COUNT: 217

BASE_AFTER:
(begin
  (send
    (begin
      (send
        (lvar InvitationCode(id: integer, token: string, diaspora_user_id: integer, count: integer)) :count)) :-
    (begin
      (send
        (filled-hole
          (lvar :arg0) {:method_arg=>false}) :count))))
BASETYPE: Integer
SIZE WORK_LIST: 93
SIZE generated: 1
EVALUABLE#: 1

-------------------------

----------------
TTYPES
true or false
true or false
Integer
Integer
Integer
String
%bot

PROGS

LOCAL_COUNT: 1
GLOBAL_COUNT: 1

BASE_AFTER:
(filled-hole
  (true)
  (false)
  (int 0)
  (int 1)
  (int 2)
  (str "")
  (hole 1 {:hash_depth=>0, :method_arg=>false, :variance=>:-}) {:method_arg=>false})
BASETYPE: %bot
SIZE WORK_LIST: 0
SIZE generated: 7
EVALUABLE#: 6

-------------------------

----------------
TTYPES
true or false
true or false

PROGS

LOCAL_COUNT: 2
GLOBAL_COUNT: 2

BASE_AFTER:
(true)
BASETYPE: true or false
SIZE WORK_LIST: 6
SIZE generated: 2
EVALUABLE#: 0

-------------------------

----------------
TTYPES
true or false
true or false

PROGS

LOCAL_COUNT: 3
GLOBAL_COUNT: 3

BASE_AFTER:
(false)
BASETYPE: true or false
SIZE WORK_LIST: 7
SIZE generated: 2
EVALUABLE#: 0

-------------------------

----------------
TTYPES
Integer
Integer

PROGS

LOCAL_COUNT: 4
GLOBAL_COUNT: 4

BASE_AFTER:
(int 0)
BASETYPE: Integer
SIZE WORK_LIST: 8
SIZE generated: 2
EVALUABLE#: 0

-------------------------

----------------
TTYPES
Integer
Integer

PROGS

LOCAL_COUNT: 5
GLOBAL_COUNT: 5

BASE_AFTER:
(int 1)
BASETYPE: Integer
SIZE WORK_LIST: 9
SIZE generated: 2
EVALUABLE#: 0

-------------------------

----------------
TTYPES
Integer
Integer

PROGS

LOCAL_COUNT: 6
GLOBAL_COUNT: 6

BASE_AFTER:
(int 2)
BASETYPE: Integer
SIZE WORK_LIST: 10
SIZE generated: 2
EVALUABLE#: 0

-------------------------

----------------
TTYPES
String
String

PROGS

LOCAL_COUNT: 7
GLOBAL_COUNT: 7

BASE_AFTER:
(str "")
BASETYPE: String
SIZE WORK_LIST: 11
SIZE generated: 2
EVALUABLE#: 0

-------------------------

----------------
TTYPES
%bot

PROGS

LOCAL_COUNT: 8
GLOBAL_COUNT: 8

BASE_AFTER:
(filled-hole
  (begin
    (send
      (hole 0 {:hash_depth=>0, :limit_depth=>true, :recv=>true}) :-
      (hole 0 {:hash_depth=>0, :method_arg=>true})))
  (begin
    (send
      (hole 0 {:hash_depth=>0, :limit_depth=>true, :recv=>true}) :count))
  (begin
    (send
      (hole 0 {:hash_depth=>0, :limit_depth=>true, :recv=>true}) :-
      (hole 0 {:hash_depth=>0, :method_arg=>true})))
  (hole 2 {:hash_depth=>0, :method_arg=>false, :variance=>:-}) {:method_arg=>false})
BASETYPE: %bot
SIZE WORK_LIST: 12
SIZE generated: 1
EVALUABLE#: 0

-------------------------

----------------
TTYPES
true or false
true or false
true or false
true or false

PROGS

LOCAL_COUNT: 9
GLOBAL_COUNT: 9

BASE_AFTER:
(begin
  (send
    (hole 0 {:hash_depth=>0, :limit_depth=>true, :recv=>true}) :count=
    (hole 0 {:hash_depth=>0, :method_arg=>true}))
  (true))
BASETYPE: true or false
SIZE WORK_LIST: 12
SIZE generated: 4
EVALUABLE#: 3

-------------------------

----------------
TTYPES
true or false

PROGS

LOCAL_COUNT: 10
GLOBAL_COUNT: 10

BASE_AFTER:
(begin
  (send
    (hole 0 {:hash_depth=>0, :limit_depth=>true, :recv=>true}) :diaspora_user=
    (hole 0 {:hash_depth=>0, :method_arg=>true}))
  (true))
BASETYPE: true or false
SIZE WORK_LIST: 14
SIZE generated: 1
EVALUABLE#: 0

-------------------------

----------------
TTYPES
true or false
true or false
true or false
true or false

PROGS

LOCAL_COUNT: 11
GLOBAL_COUNT: 11

BASE_AFTER:
(begin
  (send
    (hole 0 {:hash_depth=>0, :limit_depth=>true, :recv=>true}) :count=
    (hole 0 {:hash_depth=>0, :method_arg=>true}))
  (false))
BASETYPE: true or false
SIZE WORK_LIST: 14
SIZE generated: 4
EVALUABLE#: 3

-------------------------

----------------
TTYPES
true or false

PROGS

LOCAL_COUNT: 12
GLOBAL_COUNT: 12

BASE_AFTER:
(begin
  (send
    (hole 0 {:hash_depth=>0, :limit_depth=>true, :recv=>true}) :diaspora_user=
    (hole 0 {:hash_depth=>0, :method_arg=>true}))
  (false))
BASETYPE: true or false
SIZE WORK_LIST: 16
SIZE generated: 1
EVALUABLE#: 0

-------------------------

----------------
TTYPES
Integer
Integer
Integer
Integer
Integer

PROGS

LOCAL_COUNT: 13
GLOBAL_COUNT: 13

BASE_AFTER:
(begin
  (send
    (hole 0 {:hash_depth=>0, :limit_depth=>true, :recv=>true}) :count=
    (hole 0 {:hash_depth=>0, :method_arg=>true}))
  (int 0))
BASETYPE: Integer
SIZE WORK_LIST: 16
SIZE generated: 5
EVALUABLE#: 4

-------------------------

----------------
TTYPES
Integer

PROGS

LOCAL_COUNT: 14
GLOBAL_COUNT: 14

BASE_AFTER:
(begin
  (send
    (hole 0 {:hash_depth=>0, :limit_depth=>true, :recv=>true}) :diaspora_user=
    (hole 0 {:hash_depth=>0, :method_arg=>true}))
  (int 0))
BASETYPE: Integer
SIZE WORK_LIST: 19
SIZE generated: 1
EVALUABLE#: 0

-------------------------

----------------
TTYPES
Integer
Integer
Integer
Integer
Integer

PROGS

LOCAL_COUNT: 15
GLOBAL_COUNT: 15

BASE_AFTER:
(begin
  (send
    (hole 0 {:hash_depth=>0, :limit_depth=>true, :recv=>true}) :count=
    (hole 0 {:hash_depth=>0, :method_arg=>true}))
  (int 1))
BASETYPE: Integer
SIZE WORK_LIST: 19
SIZE generated: 5
EVALUABLE#: 4

-------------------------

----------------
TTYPES
Integer

PROGS

LOCAL_COUNT: 16
GLOBAL_COUNT: 16

BASE_AFTER:
(begin
  (send
    (hole 0 {:hash_depth=>0, :limit_depth=>true, :recv=>true}) :diaspora_user=
    (hole 0 {:hash_depth=>0, :method_arg=>true}))
  (int 1))
BASETYPE: Integer
SIZE WORK_LIST: 22
SIZE generated: 1
EVALUABLE#: 0

-------------------------

----------------
TTYPES
Integer
Integer
Integer
Integer
Integer

PROGS

LOCAL_COUNT: 17
GLOBAL_COUNT: 17

BASE_AFTER:
(begin
  (send
    (hole 0 {:hash_depth=>0, :limit_depth=>true, :recv=>true}) :count=
    (hole 0 {:hash_depth=>0, :method_arg=>true}))
  (int 2))
BASETYPE: Integer
SIZE WORK_LIST: 22
SIZE generated: 5
EVALUABLE#: 4

-------------------------

----------------
TTYPES
Integer

PROGS

LOCAL_COUNT: 18
GLOBAL_COUNT: 18

BASE_AFTER:
(begin
  (send
    (hole 0 {:hash_depth=>0, :limit_depth=>true, :recv=>true}) :diaspora_user=
    (hole 0 {:hash_depth=>0, :method_arg=>true}))
  (int 2))
BASETYPE: Integer
SIZE WORK_LIST: 24
SIZE generated: 1
EVALUABLE#: 0

-------------------------

----------------
TTYPES
String
String
String
String

PROGS

LOCAL_COUNT: 19
GLOBAL_COUNT: 19

BASE_AFTER:
(begin
  (send
    (hole 0 {:hash_depth=>0, :limit_depth=>true, :recv=>true}) :count=
    (hole 0 {:hash_depth=>0, :method_arg=>true}))
  (str ""))
BASETYPE: String
SIZE WORK_LIST: 24
SIZE generated: 4
EVALUABLE#: 3

-------------------------

----------------
TTYPES
String

PROGS

LOCAL_COUNT: 20
GLOBAL_COUNT: 20

BASE_AFTER:
(begin
  (send
    (hole 0 {:hash_depth=>0, :limit_depth=>true, :recv=>true}) :diaspora_user=
    (hole 0 {:hash_depth=>0, :method_arg=>true}))
  (str ""))
BASETYPE: String
SIZE WORK_LIST: 26
SIZE generated: 1
EVALUABLE#: 0

-------------------------

----------------
TTYPES
true or false
true or false

PROGS

LOCAL_COUNT: 21
GLOBAL_COUNT: 21

BASE_AFTER:
(begin
  (send
    (lvar :arg0) :count=
    (int 0))
  (true))
BASETYPE: true or false
SIZE WORK_LIST: 26
SIZE generated: 2
EVALUABLE#: 0

-------------------------

----------------
TTYPES
true or false
true or false

PROGS

LOCAL_COUNT: 22
GLOBAL_COUNT: 22

BASE_AFTER:
(begin
  (send
    (lvar :arg0) :count=
    (int 1))
  (true))
BASETYPE: true or false
SIZE WORK_LIST: 27
SIZE generated: 2
EVALUABLE#: 0

-------------------------

----------------
TTYPES
true or false
true or false

PROGS

LOCAL_COUNT: 23
GLOBAL_COUNT: 23

BASE_AFTER:
(begin
  (send
    (lvar :arg0) :count=
    (int 0))
  (false))
BASETYPE: true or false
SIZE WORK_LIST: 28
SIZE generated: 2
EVALUABLE#: 0

-------------------------

----------------
TTYPES
true or false
true or false

PROGS

LOCAL_COUNT: 24
GLOBAL_COUNT: 24

BASE_AFTER:
(begin
  (send
    (lvar :arg0) :count=
    (int 1))
  (false))
BASETYPE: true or false
SIZE WORK_LIST: 29
SIZE generated: 2
EVALUABLE#: 0

-------------------------

----------------
TTYPES
Integer
Integer

PROGS

LOCAL_COUNT: 25
GLOBAL_COUNT: 25

BASE_AFTER:
(begin
  (send
    (lvar :arg0) :count=
    (int 0))
  (int 0))
BASETYPE: Integer
SIZE WORK_LIST: 30
SIZE generated: 2
EVALUABLE#: 0

-------------------------

----------------
TTYPES
Integer
Integer

PROGS

LOCAL_COUNT: 26
GLOBAL_COUNT: 26

BASE_AFTER:
(begin
  (send
    (lvar :arg0) :count=
    (int 1))
  (int 0))
BASETYPE: Integer
SIZE WORK_LIST: 31
SIZE generated: 2
EVALUABLE#: 0

-------------------------

----------------
TTYPES
Integer
Integer

PROGS

LOCAL_COUNT: 27
GLOBAL_COUNT: 27

BASE_AFTER:
(begin
  (lvasgn :t0
    (int 0))
  (send
    (lvar :arg0) :count=
    (lvar :t0))
  (lvar :t0))
BASETYPE: Integer
SIZE WORK_LIST: 32
SIZE generated: 2
EVALUABLE#: 0

-------------------------

----------------
TTYPES
Integer
Integer

PROGS

LOCAL_COUNT: 28
GLOBAL_COUNT: 28

BASE_AFTER:
(begin
  (send
    (lvar :arg0) :count=
    (int 0))
  (int 1))
BASETYPE: Integer
SIZE WORK_LIST: 33
SIZE generated: 2
EVALUABLE#: 0

-------------------------

----------------
TTYPES
Integer
Integer

PROGS

LOCAL_COUNT: 29
GLOBAL_COUNT: 29

BASE_AFTER:
(begin
  (send
    (lvar :arg0) :count=
    (int 1))
  (int 1))
BASETYPE: Integer
SIZE WORK_LIST: 34
SIZE generated: 2
EVALUABLE#: 0

-------------------------

----------------
TTYPES
Integer
Integer

PROGS

LOCAL_COUNT: 30
GLOBAL_COUNT: 30

BASE_AFTER:
(begin
  (lvasgn :t0
    (int 1))
  (send
    (lvar :arg0) :count=
    (lvar :t0))
  (lvar :t0))
BASETYPE: Integer
SIZE WORK_LIST: 35
SIZE generated: 2
EVALUABLE#: 0

-------------------------

----------------
TTYPES
Integer
Integer

PROGS

LOCAL_COUNT: 31
GLOBAL_COUNT: 31

BASE_AFTER:
(begin
  (send
    (lvar :arg0) :count=
    (int 0))
  (int 2))
BASETYPE: Integer
SIZE WORK_LIST: 36
SIZE generated: 2
EVALUABLE#: 0

-------------------------

----------------
TTYPES
Integer
Integer

PROGS

LOCAL_COUNT: 32
GLOBAL_COUNT: 32

BASE_AFTER:
(begin
  (send
    (lvar :arg0) :count=
    (int 1))
  (int 2))
BASETYPE: Integer
SIZE WORK_LIST: 37
SIZE generated: 2
EVALUABLE#: 0

-------------------------

----------------
TTYPES
String
String

PROGS

LOCAL_COUNT: 33
GLOBAL_COUNT: 33

BASE_AFTER:
(begin
  (send
    (lvar :arg0) :count=
    (int 0))
  (str ""))
BASETYPE: String
SIZE WORK_LIST: 38
SIZE generated: 2
EVALUABLE#: 0

-------------------------

----------------
TTYPES
String
String

PROGS

LOCAL_COUNT: 34
GLOBAL_COUNT: 34

BASE_AFTER:
(begin
  (send
    (lvar :arg0) :count=
    (int 1))
  (str ""))
BASETYPE: String
SIZE WORK_LIST: 39
SIZE generated: 2
EVALUABLE#: 0

-------------------------

----------------
TTYPES
Integer
Integer
Integer
Integer
Integer
Integer
Integer
Integer
%bot

PROGS

LOCAL_COUNT: 35
GLOBAL_COUNT: 35

BASE_AFTER:
(filled-hole
  (begin
    (send
      (send
        (hole 0 {:hash_depth=>0, :limit_depth=>true, :recv=>true}) :id=
        (hole 0 {:hash_depth=>0, :method_arg=>true})) :-
      (hole 0 {:hash_depth=>0, :method_arg=>true})))
  (begin
    (send
      (send
        (hole 0 {:hash_depth=>0, :limit_depth=>true, :recv=>true}) :id=
        (hole 0 {:hash_depth=>0, :method_arg=>true})) :-
      (hole 0 {:hash_depth=>0, :method_arg=>true})))
  (begin
    (send
      (send
        (hole 0 {:hash_depth=>0, :limit_depth=>true, :recv=>true}) :id=
        (hole 0 {:hash_depth=>0, :method_arg=>true})) :count))
  (begin
    (send
      (send
        (hole 0 {:hash_depth=>0, :limit_depth=>true, :recv=>true}) :id) :-
      (hole 0 {:hash_depth=>0, :method_arg=>true})))
  (begin
    (send
      (send
        (hole 0 {:hash_depth=>0, :limit_depth=>true, :recv=>true}) :id) :-
      (hole 0 {:hash_depth=>0, :method_arg=>true})))
  (begin
    (send
      (send
        (hole 0 {:hash_depth=>0, :limit_depth=>true, :recv=>true}) :id) :count))
  (begin
    (send
      (send
        (hole 0 {:hash_depth=>0, :limit_depth=>true, :recv=>true}) :token=
        (hole 0 {:hash_depth=>0, :method_arg=>true})) :count))
  (begin
    (send
      (send
        (hole 0 {:hash_depth=>0, :limit_depth=>true, :recv=>true}) :token=
        (hole 0 {:hash_depth=>0, :method_arg=>true})) :-
      (hole 0 {:hash_depth=>0, :method_arg=>true})))
  (begin
    (send
      (send
        (hole 0 {:hash_depth=>0, :limit_depth=>true, :recv=>true}) :token) :count))
  (begin
    (send
      (send
        (hole 0 {:hash_depth=>0, :limit_depth=>true, :recv=>true}) :token) :-
      (hole 0 {:hash_depth=>0, :method_arg=>true})))
  (begin
    (send
      (send
        (hole 0 {:hash_depth=>0, :limit_depth=>true, :recv=>true}) :diaspora_user_id=
        (hole 0 {:hash_depth=>0, :method_arg=>true})) :-
      (hole 0 {:hash_depth=>0, :method_arg=>true})))
  (begin
    (send
      (send
        (hole 0 {:hash_depth=>0, :limit_depth=>true, :recv=>true}) :diaspora_user_id=
        (hole 0 {:hash_depth=>0, :method_arg=>true})) :-
      (hole 0 {:hash_depth=>0, :method_arg=>true})))
  (begin
    (send
      (send
        (hole 0 {:hash_depth=>0, :limit_depth=>true, :recv=>true}) :diaspora_user_id=
        (hole 0 {:hash_depth=>0, :method_arg=>true})) :count))
  (begin
    (send
      (send
        (hole 0 {:hash_depth=>0, :limit_depth=>true, :recv=>true}) :diaspora_user_id) :-
      (hole 0 {:hash_depth=>0, :method_arg=>true})))
  (begin
    (send
      (send
        (hole 0 {:hash_depth=>0, :limit_depth=>true, :recv=>true}) :diaspora_user_id) :-
      (hole 0 {:hash_depth=>0, :method_arg=>true})))
  (begin
    (send
      (send
        (hole 0 {:hash_depth=>0, :limit_depth=>true, :recv=>true}) :diaspora_user_id) :count))
  (begin
    (send
      (send
        (hole 0 {:hash_depth=>0, :limit_depth=>true, :recv=>true}) :count=
        (hole 0 {:hash_depth=>0, :method_arg=>true})) :-
      (hole 0 {:hash_depth=>0, :method_arg=>true})))
  (begin
    (send
      (send
        (hole 0 {:hash_depth=>0, :limit_depth=>true, :recv=>true}) :count=
        (hole 0 {:hash_depth=>0, :method_arg=>true})) :-
      (hole 0 {:hash_depth=>0, :method_arg=>true})))
  (begin
    (send
      (send
        (hole 0 {:hash_depth=>0, :limit_depth=>true, :recv=>true}) :count=
        (hole 0 {:hash_depth=>0, :method_arg=>true})) :count))
  (begin
    (send
      (begin
        (send
          (hole 0 {:hash_depth=>0, :limit_depth=>true, :recv=>true}) :count)) :-
      (hole 0 {:hash_depth=>0, :method_arg=>true})))
  (begin
    (send
      (begin
        (send
          (hole 0 {:hash_depth=>0, :limit_depth=>true, :recv=>true}) :count)) :-
      (hole 0 {:hash_depth=>0, :method_arg=>true})))
  (begin
    (send
      (begin
        (send
          (hole 0 {:hash_depth=>0, :limit_depth=>true, :recv=>true}) :count)) :count))
  (begin
    (send
      (send
        (hole 0 {:hash_depth=>0, :limit_depth=>true, :recv=>true}) :diaspora_user) :count))
  (begin
    (send
      (send
        (hole 0 {:hash_depth=>0, :limit_depth=>true, :recv=>true}) :diaspora_user) :-
      (hole 0 {:hash_depth=>0, :method_arg=>true})))
  (begin
    (send
      (send
        (hole 0 {:hash_depth=>0, :limit_depth=>true, :recv=>true}) :diaspora_user=
        (hole 0 {:hash_depth=>0, :method_arg=>true})) :count))
  (begin
    (send
      (send
        (hole 0 {:hash_depth=>0, :limit_depth=>true, :recv=>true}) :diaspora_user=
        (hole 0 {:hash_depth=>0, :method_arg=>true})) :-
      (hole 0 {:hash_depth=>0, :method_arg=>true})))
  (begin
    (send
      (begin
        (send
          (hole 0 {:hash_depth=>0, :limit_depth=>true, :recv=>true}) :-
          (hole 0 {:hash_depth=>0, :method_arg=>true}))) :-
      (hole 0 {:hash_depth=>0, :method_arg=>true})))
  (begin
    (send
      (begin
        (send
          (hole 0 {:hash_depth=>0, :limit_depth=>true, :recv=>true}) :-
          (hole 0 {:hash_depth=>0, :method_arg=>true}))) :-
      (hole 0 {:hash_depth=>0, :method_arg=>true})))
  (begin
    (send
      (begin
        (send
          (hole 0 {:hash_depth=>0, :limit_depth=>true, :recv=>true}) :save)) :count))
  (begin
    (send
      (begin
        (send
          (hole 0 {:hash_depth=>0, :limit_depth=>true, :recv=>true}) :save)) :-
      (hole 0 {:hash_depth=>0, :method_arg=>true})))
  (begin
    (send
      (begin
        (send
          (hole 0 {:hash_depth=>0, :limit_depth=>true, :recv=>true}) :count)) :-
      (hole 0 {:hash_depth=>0, :method_arg=>true})))
  (begin
    (send
      (begin
        (send
          (hole 0 {:hash_depth=>0, :limit_depth=>true, :recv=>true}) :count)) :-
      (hole 0 {:hash_depth=>0, :method_arg=>true})))
  (begin
    (send
      (begin
        (send
          (hole 0 {:hash_depth=>0, :limit_depth=>true, :recv=>true}) :-
          (hole 0 {:hash_depth=>0, :method_arg=>true}))) :-
      (hole 0 {:hash_depth=>0, :method_arg=>true})))
  (begin
    (send
      (begin
        (send
          (hole 0 {:hash_depth=>0, :limit_depth=>true, :recv=>true}) :-
          (hole 0 {:hash_depth=>0, :method_arg=>true}))) :-
      (hole 0 {:hash_depth=>0, :method_arg=>true})))
  (begin
    (send
      (begin
        (send
          (hole 0 {:hash_depth=>0, :limit_depth=>true, :recv=>true}) :save)) :count))
  (begin
    (send
      (begin
        (send
          (hole 0 {:hash_depth=>0, :limit_depth=>true, :recv=>true}) :save)) :-
      (hole 0 {:hash_depth=>0, :method_arg=>true})))
  (hole 3 {:hash_depth=>0, :method_arg=>false, :variance=>:-}) {:method_arg=>false})
BASETYPE: %bot
SIZE WORK_LIST: 40
SIZE generated: 9
EVALUABLE#: 0

-------------------------

----------------
TTYPES
Integer
Integer
Integer
Integer
Integer
Integer
Integer
Integer
Integer
Integer
Integer
Integer
Integer
Integer
Integer
Integer
Integer
Integer
Integer
Integer
Integer
Integer
Integer
Integer
Integer
Integer
Integer
Integer
Integer
Integer
Integer
Integer
Integer
Integer
Integer
Integer

PROGS

LOCAL_COUNT: 36
GLOBAL_COUNT: 36

BASE_AFTER:
(begin
  (send
    (begin
      (send
        (filled-hole
          (lvar InvitationCode(id: integer, token: string, diaspora_user_id: integer, count: integer)) {:method_arg=>false}) :-
        (filled-hole
          (lvar :arg0)
          (lvar InvitationCode(id: integer, token: string, diaspora_user_id: integer, count: integer))
          (true)
          (false)
          (int 0)
          (int 1)
          (int 2)
          (str "")
          (hole 1 {:hash_depth=>0, :method_arg=>true, :variance=>:+}) {:method_arg=>true}))) :-
    (filled-hole
      (int 0)
      (int 1)
      (int 2)
      (hole 1 {:hash_depth=>0, :method_arg=>true, :variance=>:+}) {:method_arg=>true})))
BASETYPE: Integer
SIZE WORK_LIST: 48
SIZE generated: 36
EVALUABLE#: 24

-------------------------

----------------
TTYPES
Integer
Integer
Integer
Integer

PROGS

LOCAL_COUNT: 37
GLOBAL_COUNT: 37

BASE_AFTER:
(begin
  (send
    (begin
      (send
        (filled-hole
          (lvar InvitationCode(id: integer, token: string, diaspora_user_id: integer, count: integer)) {:method_arg=>false}) :count)) :-
    (filled-hole
      (int 0)
      (int 1)
      (int 2)
      (hole 1 {:hash_depth=>0, :method_arg=>true, :variance=>:+}) {:method_arg=>true})))
BASETYPE: Integer
SIZE WORK_LIST: 59
SIZE generated: 4
EVALUABLE#: 3

-------------------------

----------------
TTYPES
true or false
true or false
true or false
true or false
true or false
true or false
true or false
true or false
true or false
true or false
true or false

PROGS

LOCAL_COUNT: 38
GLOBAL_COUNT: 38

BASE_AFTER:
(begin
  (send
    (lvar :arg0) :count=
    (hole 1 {:hash_depth=>0, :method_arg=>true, :variance=>:+}))
  (true))
BASETYPE: true or false
SIZE WORK_LIST: 62
SIZE generated: 11
EVALUABLE#: 0

-------------------------

----------------
TTYPES
Integer
Integer

PROGS

LOCAL_COUNT: 39
GLOBAL_COUNT: 39

BASE_AFTER:
(begin
  (send
    (begin
      (send
        (lvar InvitationCode(id: integer, token: string, diaspora_user_id: integer, count: integer)) :count)) :-
    (int 0)))
BASETYPE: Integer
SIZE WORK_LIST: 72
SIZE generated: 2
EVALUABLE#: 0

-------------------------

----------------
TTYPES
Integer
Integer

PROGS

LOCAL_COUNT: 40
GLOBAL_COUNT: 40

BASE_AFTER:
(begin
  (send
    (begin
      (send
        (lvar InvitationCode(id: integer, token: string, diaspora_user_id: integer, count: integer)) :count)) :-
    (int 1)))
BASETYPE: Integer
SIZE WORK_LIST: 73
SIZE generated: 2
EVALUABLE#: 0

-------------------------

----------------
TTYPES
Integer
Integer

PROGS

LOCAL_COUNT: 41
GLOBAL_COUNT: 41

BASE_AFTER:
(begin
  (send
    (begin
      (send
        (lvar InvitationCode(id: integer, token: string, diaspora_user_id: integer, count: integer)) :count)) :-
    (int 2)))
BASETYPE: Integer
SIZE WORK_LIST: 74
SIZE generated: 2
EVALUABLE#: 0

-------------------------

----------------
TTYPES
true or false
true or false
true or false
true or false
true or false
true or false
true or false
true or false
true or false
true or false

PROGS

LOCAL_COUNT: 42
GLOBAL_COUNT: 42

BASE_AFTER:
(begin
  (send
    (lvar :arg0) :count=
    (begin
      (send
        (hole 0 {:hash_depth=>0, :limit_depth=>true, :recv=>true}) :-
        (hole 0 {:hash_depth=>0, :method_arg=>true}))))
  (true))
BASETYPE: true or false
SIZE WORK_LIST: 75
SIZE generated: 10
EVALUABLE#: 9

-------------------------

----------------
TTYPES
true or false

PROGS

LOCAL_COUNT: 43
GLOBAL_COUNT: 43

BASE_AFTER:
(begin
  (send
    (lvar :arg0) :count=
    (begin
      (send
        (hole 0 {:hash_depth=>0, :limit_depth=>true, :recv=>true}) :count)))
  (true))
BASETYPE: true or false
SIZE WORK_LIST: 75
SIZE generated: 1
EVALUABLE#: 1

-------------------------

----------------
TTYPES
true or false
true or false
true or false
true or false
true or false
true or false

PROGS

LOCAL_COUNT: 44
GLOBAL_COUNT: 44

BASE_AFTER:
(begin
  (send
    (lvar :arg0) :diaspora_user=
    (hole 1 {:hash_depth=>0, :method_arg=>true, :variance=>:+}))
  (true))
BASETYPE: true or false
SIZE WORK_LIST: 75
SIZE generated: 6
EVALUABLE#: 0

-------------------------

----------------
TTYPES
true or false
true or false

PROGS

LOCAL_COUNT: 45
GLOBAL_COUNT: 45

BASE_AFTER:
(begin
  (send
    (lvar :arg0) :count=
    (begin
      (send
        (lvar InvitationCode(id: integer, token: string, diaspora_user_id: integer, count: integer)) :count)))
  (true))
BASETYPE: true or false
SIZE WORK_LIST: 80
SIZE generated: 2
EVALUABLE#: 0

-------------------------

----------------
TTYPES
true or false

PROGS

LOCAL_COUNT: 46
GLOBAL_COUNT: 46

BASE_AFTER:
(begin
  (send
    (lvar :arg0) :diaspora_user=
    (begin
      (send
        (hole 0 {:hash_depth=>0, :limit_depth=>true, :recv=>true}) :count)))
  (true))
BASETYPE: true or false
SIZE WORK_LIST: 81
SIZE generated: 1
EVALUABLE#: 1

-------------------------

----------------
TTYPES
true or false
true or false
true or false
true or false
true or false
true or false
true or false
true or false
true or false
true or false
true or false

PROGS

LOCAL_COUNT: 47
GLOBAL_COUNT: 47

BASE_AFTER:
(begin
  (send
    (lvar :arg0) :count=
    (hole 1 {:hash_depth=>0, :method_arg=>true, :variance=>:+}))
  (false))
BASETYPE: true or false
SIZE WORK_LIST: 80
SIZE generated: 11
EVALUABLE#: 0

-------------------------

----------------
TTYPES
true or false

PROGS

LOCAL_COUNT: 48
GLOBAL_COUNT: 48

BASE_AFTER:
(begin
  (send
    (lvar :arg0) :count=
    (begin
      (send
        (hole 0 {:hash_depth=>0, :limit_depth=>true, :recv=>true}) :count)))
  (false))
BASETYPE: true or false
SIZE WORK_LIST: 90
SIZE generated: 1
EVALUABLE#: 1

-------------------------

----------------
TTYPES
true or false
true or false
true or false
true or false
true or false
true or false

PROGS

LOCAL_COUNT: 49
GLOBAL_COUNT: 49

BASE_AFTER:
(begin
  (send
    (lvar :arg0) :diaspora_user=
    (hole 1 {:hash_depth=>0, :method_arg=>true, :variance=>:+}))
  (false))
BASETYPE: true or false
SIZE WORK_LIST: 90
SIZE generated: 6
EVALUABLE#: 0

-------------------------

----------------
TTYPES
true or false
true or false

PROGS

LOCAL_COUNT: 50
GLOBAL_COUNT: 50

BASE_AFTER:
(begin
  (send
    (lvar :arg0) :count=
    (begin
      (send
        (lvar InvitationCode(id: integer, token: string, diaspora_user_id: integer, count: integer)) :count)))
  (false))
BASETYPE: true or false
SIZE WORK_LIST: 95
SIZE generated: 2
EVALUABLE#: 0

-------------------------

----------------
TTYPES
true or false

PROGS

LOCAL_COUNT: 51
GLOBAL_COUNT: 51

BASE_AFTER:
(begin
  (send
    (lvar :arg0) :diaspora_user=
    (begin
      (send
        (hole 0 {:hash_depth=>0, :limit_depth=>true, :recv=>true}) :count)))
  (false))
BASETYPE: true or false
SIZE WORK_LIST: 96
SIZE generated: 1
EVALUABLE#: 1

-------------------------

----------------
TTYPES
Integer
Integer
Integer
Integer
Integer
Integer
Integer
Integer
Integer
Integer
Integer

PROGS

LOCAL_COUNT: 52
GLOBAL_COUNT: 52

BASE_AFTER:
(begin
  (send
    (lvar :arg0) :count=
    (hole 1 {:hash_depth=>0, :method_arg=>true, :variance=>:+}))
  (int 0))
BASETYPE: Integer
SIZE WORK_LIST: 95
SIZE generated: 11
EVALUABLE#: 0

-------------------------

----------------
TTYPES
Integer

PROGS

LOCAL_COUNT: 53
GLOBAL_COUNT: 53

BASE_AFTER:
(begin
  (send
    (lvar :arg0) :count=
    (begin
      (send
        (hole 0 {:hash_depth=>0, :limit_depth=>true, :recv=>true}) :count)))
  (int 0))
BASETYPE: Integer
SIZE WORK_LIST: 105
SIZE generated: 1
EVALUABLE#: 1

-------------------------

----------------
TTYPES
Integer
Integer
Integer
Integer
Integer
Integer

PROGS

LOCAL_COUNT: 54
GLOBAL_COUNT: 54

BASE_AFTER:
(begin
  (send
    (lvar :arg0) :diaspora_user=
    (hole 1 {:hash_depth=>0, :method_arg=>true, :variance=>:+}))
  (int 0))
BASETYPE: Integer
SIZE WORK_LIST: 105
SIZE generated: 6
EVALUABLE#: 0

-------------------------

----------------
TTYPES
Integer
Integer

PROGS

LOCAL_COUNT: 55
GLOBAL_COUNT: 55

BASE_AFTER:
(begin
  (send
    (lvar :arg0) :count=
    (begin
      (send
        (lvar InvitationCode(id: integer, token: string, diaspora_user_id: integer, count: integer)) :count)))
  (int 0))
BASETYPE: Integer
SIZE WORK_LIST: 110
SIZE generated: 2
EVALUABLE#: 0

-------------------------

----------------
TTYPES
Integer

PROGS

LOCAL_COUNT: 56
GLOBAL_COUNT: 56

BASE_AFTER:
(begin
  (send
    (lvar :arg0) :diaspora_user=
    (begin
      (send
        (hole 0 {:hash_depth=>0, :limit_depth=>true, :recv=>true}) :count)))
  (int 0))
BASETYPE: Integer
SIZE WORK_LIST: 111
SIZE generated: 1
EVALUABLE#: 1

-------------------------

----------------
TTYPES
Integer
Integer
Integer
Integer
Integer
Integer
Integer
Integer
Integer
Integer
Integer

PROGS

LOCAL_COUNT: 57
GLOBAL_COUNT: 57

BASE_AFTER:
(begin
  (send
    (lvar :arg0) :count=
    (hole 1 {:hash_depth=>0, :method_arg=>true, :variance=>:+}))
  (int 1))
BASETYPE: Integer
SIZE WORK_LIST: 110
SIZE generated: 11
EVALUABLE#: 0

-------------------------

----------------
TTYPES
Integer

PROGS

LOCAL_COUNT: 58
GLOBAL_COUNT: 58

BASE_AFTER:
(begin
  (send
    (lvar :arg0) :count=
    (begin
      (send
        (hole 0 {:hash_depth=>0, :limit_depth=>true, :recv=>true}) :count)))
  (int 1))
BASETYPE: Integer
SIZE WORK_LIST: 120
SIZE generated: 1
EVALUABLE#: 1

-------------------------

----------------
TTYPES
Integer
Integer
Integer
Integer
Integer
Integer

PROGS

LOCAL_COUNT: 59
GLOBAL_COUNT: 59

BASE_AFTER:
(begin
  (send
    (lvar :arg0) :diaspora_user=
    (hole 1 {:hash_depth=>0, :method_arg=>true, :variance=>:+}))
  (int 1))
BASETYPE: Integer
SIZE WORK_LIST: 120
SIZE generated: 6
EVALUABLE#: 0

-------------------------

----------------
TTYPES
Integer
Integer

PROGS

LOCAL_COUNT: 60
GLOBAL_COUNT: 60

BASE_AFTER:
(begin
  (send
    (lvar :arg0) :count=
    (begin
      (send
        (lvar InvitationCode(id: integer, token: string, diaspora_user_id: integer, count: integer)) :count)))
  (int 1))
BASETYPE: Integer
SIZE WORK_LIST: 125
SIZE generated: 2
EVALUABLE#: 0

-------------------------

----------------
TTYPES
Integer

PROGS

LOCAL_COUNT: 61
GLOBAL_COUNT: 61

BASE_AFTER:
(begin
  (send
    (lvar :arg0) :diaspora_user=
    (begin
      (send
        (hole 0 {:hash_depth=>0, :limit_depth=>true, :recv=>true}) :count)))
  (int 1))
BASETYPE: Integer
SIZE WORK_LIST: 126
SIZE generated: 1
EVALUABLE#: 1

-------------------------

----------------
TTYPES
Integer
Integer
Integer
Integer
Integer
Integer
Integer
Integer
Integer
Integer
Integer

PROGS

LOCAL_COUNT: 62
GLOBAL_COUNT: 62

BASE_AFTER:
(begin
  (send
    (lvar :arg0) :count=
    (hole 1 {:hash_depth=>0, :method_arg=>true, :variance=>:+}))
  (int 2))
BASETYPE: Integer
SIZE WORK_LIST: 125
SIZE generated: 11
EVALUABLE#: 0

-------------------------

----------------
TTYPES
Integer

PROGS

LOCAL_COUNT: 63
GLOBAL_COUNT: 63

BASE_AFTER:
(begin
  (send
    (lvar :arg0) :count=
    (begin
      (send
        (hole 0 {:hash_depth=>0, :limit_depth=>true, :recv=>true}) :count)))
  (int 2))
BASETYPE: Integer
SIZE WORK_LIST: 135
SIZE generated: 1
EVALUABLE#: 1

-------------------------

----------------
TTYPES
Integer
Integer
Integer
Integer
Integer
Integer

PROGS

LOCAL_COUNT: 64
GLOBAL_COUNT: 64

BASE_AFTER:
(begin
  (send
    (lvar :arg0) :diaspora_user=
    (hole 1 {:hash_depth=>0, :method_arg=>true, :variance=>:+}))
  (int 2))
BASETYPE: Integer
SIZE WORK_LIST: 135
SIZE generated: 6
EVALUABLE#: 0

-------------------------

----------------
TTYPES
Integer
Integer

PROGS

LOCAL_COUNT: 65
GLOBAL_COUNT: 65

BASE_AFTER:
(begin
  (send
    (lvar :arg0) :count=
    (begin
      (send
        (lvar InvitationCode(id: integer, token: string, diaspora_user_id: integer, count: integer)) :count)))
  (int 2))
BASETYPE: Integer
SIZE WORK_LIST: 140
SIZE generated: 2
EVALUABLE#: 0

-------------------------

----------------
TTYPES
Integer

PROGS

LOCAL_COUNT: 66
GLOBAL_COUNT: 66

BASE_AFTER:
(begin
  (send
    (lvar :arg0) :diaspora_user=
    (begin
      (send
        (hole 0 {:hash_depth=>0, :limit_depth=>true, :recv=>true}) :count)))
  (int 2))
BASETYPE: Integer
SIZE WORK_LIST: 141
SIZE generated: 1
EVALUABLE#: 1

-------------------------

----------------
TTYPES
String
String
String
String
String
String
String
String
String
String
String

PROGS

LOCAL_COUNT: 67
GLOBAL_COUNT: 67

BASE_AFTER:
(begin
  (send
    (lvar :arg0) :count=
    (hole 1 {:hash_depth=>0, :method_arg=>true, :variance=>:+}))
  (str ""))
BASETYPE: String
SIZE WORK_LIST: 140
SIZE generated: 11
EVALUABLE#: 0

-------------------------

----------------
TTYPES
String

PROGS

LOCAL_COUNT: 68
GLOBAL_COUNT: 68

BASE_AFTER:
(begin
  (send
    (lvar :arg0) :count=
    (begin
      (send
        (hole 0 {:hash_depth=>0, :limit_depth=>true, :recv=>true}) :count)))
  (str ""))
BASETYPE: String
SIZE WORK_LIST: 150
SIZE generated: 1
EVALUABLE#: 1

-------------------------

----------------
TTYPES
String
String
String
String
String
String

PROGS

LOCAL_COUNT: 69
GLOBAL_COUNT: 69

BASE_AFTER:
(begin
  (send
    (lvar :arg0) :diaspora_user=
    (hole 1 {:hash_depth=>0, :method_arg=>true, :variance=>:+}))
  (str ""))
BASETYPE: String
SIZE WORK_LIST: 150
SIZE generated: 6
EVALUABLE#: 0

-------------------------

----------------
TTYPES
String
String

PROGS

LOCAL_COUNT: 70
GLOBAL_COUNT: 70

BASE_AFTER:
(begin
  (send
    (lvar :arg0) :count=
    (begin
      (send
        (lvar InvitationCode(id: integer, token: string, diaspora_user_id: integer, count: integer)) :count)))
  (str ""))
BASETYPE: String
SIZE WORK_LIST: 155
SIZE generated: 2
EVALUABLE#: 0

-------------------------

----------------
TTYPES
String

PROGS

LOCAL_COUNT: 71
GLOBAL_COUNT: 71

BASE_AFTER:
(begin
  (send
    (lvar :arg0) :diaspora_user=
    (begin
      (send
        (hole 0 {:hash_depth=>0, :limit_depth=>true, :recv=>true}) :count)))
  (str ""))
BASETYPE: String
SIZE WORK_LIST: 156
SIZE generated: 1
EVALUABLE#: 1

-------------------------

----------------
TTYPES
true or false
true or false
true or false
true or false

PROGS

LOCAL_COUNT: 72
GLOBAL_COUNT: 72

BASE_AFTER:
(begin
  (send
    (lvar :arg0) :count=
    (int 0))
  (send
    (hole 0 {:hash_depth=>0, :limit_depth=>true, :recv=>true}) :count=
    (hole 0 {:hash_depth=>0, :method_arg=>true}))
  (true))
BASETYPE: true or false
SIZE WORK_LIST: 155
SIZE generated: 4
EVALUABLE#: 3

-------------------------

----------------
TTYPES
true or false

PROGS

LOCAL_COUNT: 73
GLOBAL_COUNT: 73

BASE_AFTER:
(begin
  (send
    (lvar :arg0) :count=
    (int 0))
  (send
    (hole 0 {:hash_depth=>0, :limit_depth=>true, :recv=>true}) :diaspora_user=
    (hole 0 {:hash_depth=>0, :method_arg=>true}))
  (true))
BASETYPE: true or false
SIZE WORK_LIST: 157
SIZE generated: 1
EVALUABLE#: 0

-------------------------

----------------
TTYPES
true or false
true or false
true or false
true or false

PROGS

LOCAL_COUNT: 74
GLOBAL_COUNT: 74

BASE_AFTER:
(begin
  (send
    (lvar :arg0) :count=
    (int 1))
  (send
    (hole 0 {:hash_depth=>0, :limit_depth=>true, :recv=>true}) :count=
    (hole 0 {:hash_depth=>0, :method_arg=>true}))
  (true))
BASETYPE: true or false
SIZE WORK_LIST: 157
SIZE generated: 4
EVALUABLE#: 3

-------------------------

----------------
TTYPES
true or false

PROGS

LOCAL_COUNT: 75
GLOBAL_COUNT: 75

BASE_AFTER:
(begin
  (send
    (lvar :arg0) :count=
    (int 1))
  (send
    (hole 0 {:hash_depth=>0, :limit_depth=>true, :recv=>true}) :diaspora_user=
    (hole 0 {:hash_depth=>0, :method_arg=>true}))
  (true))
BASETYPE: true or false
SIZE WORK_LIST: 159
SIZE generated: 1
EVALUABLE#: 0

-------------------------

----------------
TTYPES
true or false
true or false
true or false
true or false

PROGS

LOCAL_COUNT: 76
GLOBAL_COUNT: 76

BASE_AFTER:
(begin
  (send
    (lvar :arg0) :count=
    (int 0))
  (send
    (hole 0 {:hash_depth=>0, :limit_depth=>true, :recv=>true}) :count=
    (hole 0 {:hash_depth=>0, :method_arg=>true}))
  (false))
BASETYPE: true or false
SIZE WORK_LIST: 159
SIZE generated: 4
EVALUABLE#: 3

-------------------------

----------------
TTYPES
true or false

PROGS

LOCAL_COUNT: 77
GLOBAL_COUNT: 77

BASE_AFTER:
(begin
  (send
    (lvar :arg0) :count=
    (int 0))
  (send
    (hole 0 {:hash_depth=>0, :limit_depth=>true, :recv=>true}) :diaspora_user=
    (hole 0 {:hash_depth=>0, :method_arg=>true}))
  (false))
BASETYPE: true or false
SIZE WORK_LIST: 161
SIZE generated: 1
EVALUABLE#: 0

-------------------------

----------------
TTYPES
true or false
true or false
true or false
true or false

PROGS

LOCAL_COUNT: 78
GLOBAL_COUNT: 78

BASE_AFTER:
(begin
  (send
    (lvar :arg0) :count=
    (int 1))
  (send
    (hole 0 {:hash_depth=>0, :limit_depth=>true, :recv=>true}) :count=
    (hole 0 {:hash_depth=>0, :method_arg=>true}))
  (false))
BASETYPE: true or false
SIZE WORK_LIST: 161
SIZE generated: 4
EVALUABLE#: 3

-------------------------

----------------
TTYPES
true or false

PROGS

LOCAL_COUNT: 79
GLOBAL_COUNT: 79

BASE_AFTER:
(begin
  (send
    (lvar :arg0) :count=
    (int 1))
  (send
    (hole 0 {:hash_depth=>0, :limit_depth=>true, :recv=>true}) :diaspora_user=
    (hole 0 {:hash_depth=>0, :method_arg=>true}))
  (false))
BASETYPE: true or false
SIZE WORK_LIST: 163
SIZE generated: 1
EVALUABLE#: 0

-------------------------

----------------
TTYPES
Integer
Integer
Integer
Integer
Integer

PROGS

LOCAL_COUNT: 80
GLOBAL_COUNT: 80

BASE_AFTER:
(begin
  (send
    (lvar :arg0) :count=
    (int 0))
  (send
    (hole 0 {:hash_depth=>0, :limit_depth=>true, :recv=>true}) :count=
    (hole 0 {:hash_depth=>0, :method_arg=>true}))
  (int 0))
BASETYPE: Integer
SIZE WORK_LIST: 163
SIZE generated: 5
EVALUABLE#: 4

-------------------------

----------------
TTYPES
Integer

PROGS

LOCAL_COUNT: 81
GLOBAL_COUNT: 81

BASE_AFTER:
(begin
  (send
    (lvar :arg0) :count=
    (int 0))
  (send
    (hole 0 {:hash_depth=>0, :limit_depth=>true, :recv=>true}) :diaspora_user=
    (hole 0 {:hash_depth=>0, :method_arg=>true}))
  (int 0))
BASETYPE: Integer
SIZE WORK_LIST: 166
SIZE generated: 1
EVALUABLE#: 0

-------------------------

----------------
TTYPES
Integer
Integer
Integer
Integer
Integer

PROGS

LOCAL_COUNT: 82
GLOBAL_COUNT: 82

BASE_AFTER:
(begin
  (send
    (lvar :arg0) :count=
    (int 1))
  (send
    (hole 0 {:hash_depth=>0, :limit_depth=>true, :recv=>true}) :count=
    (hole 0 {:hash_depth=>0, :method_arg=>true}))
  (int 0))
BASETYPE: Integer
SIZE WORK_LIST: 166
SIZE generated: 5
EVALUABLE#: 4

-------------------------

----------------
TTYPES
Integer

PROGS

LOCAL_COUNT: 83
GLOBAL_COUNT: 83

BASE_AFTER:
(begin
  (send
    (lvar :arg0) :count=
    (int 1))
  (send
    (hole 0 {:hash_depth=>0, :limit_depth=>true, :recv=>true}) :diaspora_user=
    (hole 0 {:hash_depth=>0, :method_arg=>true}))
  (int 0))
BASETYPE: Integer
SIZE WORK_LIST: 169
SIZE generated: 1
EVALUABLE#: 0

-------------------------

----------------
TTYPES
Integer
Integer
Integer
Integer
Integer

PROGS

LOCAL_COUNT: 84
GLOBAL_COUNT: 84

BASE_AFTER:
(begin
  (lvasgn :t0
    (int 0))
  (send
    (lvar :arg0) :count=
    (lvar :t0))
  (send
    (hole 0 {:hash_depth=>0, :limit_depth=>true, :recv=>true}) :count=
    (hole 0 {:hash_depth=>0, :method_arg=>true}))
  (lvar :t0))
BASETYPE: Integer
SIZE WORK_LIST: 169
SIZE generated: 5
EVALUABLE#: 4

-------------------------

----------------
TTYPES
Integer

PROGS

LOCAL_COUNT: 85
GLOBAL_COUNT: 85

BASE_AFTER:
(begin
  (lvasgn :t0
    (int 0))
  (send
    (lvar :arg0) :count=
    (lvar :t0))
  (send
    (hole 0 {:hash_depth=>0, :limit_depth=>true, :recv=>true}) :diaspora_user=
    (hole 0 {:hash_depth=>0, :method_arg=>true}))
  (lvar :t0))
BASETYPE: Integer
SIZE WORK_LIST: 172
SIZE generated: 1
EVALUABLE#: 0

-------------------------

----------------
TTYPES
Integer
Integer
Integer
Integer
Integer

PROGS

LOCAL_COUNT: 86
GLOBAL_COUNT: 86

BASE_AFTER:
(begin
  (send
    (lvar :arg0) :count=
    (int 0))
  (send
    (hole 0 {:hash_depth=>0, :limit_depth=>true, :recv=>true}) :count=
    (hole 0 {:hash_depth=>0, :method_arg=>true}))
  (int 1))
BASETYPE: Integer
SIZE WORK_LIST: 172
SIZE generated: 5
EVALUABLE#: 4

-------------------------

----------------
TTYPES
Integer

PROGS

LOCAL_COUNT: 87
GLOBAL_COUNT: 87

BASE_AFTER:
(begin
  (send
    (lvar :arg0) :count=
    (int 0))
  (send
    (hole 0 {:hash_depth=>0, :limit_depth=>true, :recv=>true}) :diaspora_user=
    (hole 0 {:hash_depth=>0, :method_arg=>true}))
  (int 1))
BASETYPE: Integer
SIZE WORK_LIST: 175
SIZE generated: 1
EVALUABLE#: 0

-------------------------

----------------
TTYPES
Integer
Integer
Integer
Integer
Integer

PROGS

LOCAL_COUNT: 88
GLOBAL_COUNT: 88

BASE_AFTER:
(begin
  (send
    (lvar :arg0) :count=
    (int 1))
  (send
    (hole 0 {:hash_depth=>0, :limit_depth=>true, :recv=>true}) :count=
    (hole 0 {:hash_depth=>0, :method_arg=>true}))
  (int 1))
BASETYPE: Integer
SIZE WORK_LIST: 175
SIZE generated: 5
EVALUABLE#: 4

-------------------------

----------------
TTYPES
Integer

PROGS

LOCAL_COUNT: 89
GLOBAL_COUNT: 89

BASE_AFTER:
(begin
  (send
    (lvar :arg0) :count=
    (int 1))
  (send
    (hole 0 {:hash_depth=>0, :limit_depth=>true, :recv=>true}) :diaspora_user=
    (hole 0 {:hash_depth=>0, :method_arg=>true}))
  (int 1))
BASETYPE: Integer
SIZE WORK_LIST: 178
SIZE generated: 1
EVALUABLE#: 0

-------------------------

----------------
TTYPES
Integer
Integer
Integer
Integer
Integer

PROGS

LOCAL_COUNT: 90
GLOBAL_COUNT: 90

BASE_AFTER:
(begin
  (lvasgn :t0
    (int 1))
  (send
    (lvar :arg0) :count=
    (lvar :t0))
  (send
    (hole 0 {:hash_depth=>0, :limit_depth=>true, :recv=>true}) :count=
    (hole 0 {:hash_depth=>0, :method_arg=>true}))
  (lvar :t0))
BASETYPE: Integer
SIZE WORK_LIST: 178
SIZE generated: 5
EVALUABLE#: 4

-------------------------

----------------
TTYPES
Integer

PROGS

LOCAL_COUNT: 91
GLOBAL_COUNT: 91

BASE_AFTER:
(begin
  (lvasgn :t0
    (int 1))
  (send
    (lvar :arg0) :count=
    (lvar :t0))
  (send
    (hole 0 {:hash_depth=>0, :limit_depth=>true, :recv=>true}) :diaspora_user=
    (hole 0 {:hash_depth=>0, :method_arg=>true}))
  (lvar :t0))
BASETYPE: Integer
SIZE WORK_LIST: 181
SIZE generated: 1
EVALUABLE#: 0

-------------------------

----------------
TTYPES
Integer
Integer
Integer
Integer
Integer

PROGS

LOCAL_COUNT: 92
GLOBAL_COUNT: 92

BASE_AFTER:
(begin
  (send
    (lvar :arg0) :count=
    (int 0))
  (send
    (hole 0 {:hash_depth=>0, :limit_depth=>true, :recv=>true}) :count=
    (hole 0 {:hash_depth=>0, :method_arg=>true}))
  (int 2))
BASETYPE: Integer
SIZE WORK_LIST: 181
SIZE generated: 5
EVALUABLE#: 4

-------------------------

----------------
TTYPES
Integer

PROGS

LOCAL_COUNT: 93
GLOBAL_COUNT: 93

BASE_AFTER:
(begin
  (send
    (lvar :arg0) :count=
    (int 0))
  (send
    (hole 0 {:hash_depth=>0, :limit_depth=>true, :recv=>true}) :diaspora_user=
    (hole 0 {:hash_depth=>0, :method_arg=>true}))
  (int 2))
BASETYPE: Integer
SIZE WORK_LIST: 183
SIZE generated: 1
EVALUABLE#: 0

-------------------------

----------------
TTYPES
Integer
Integer
Integer
Integer
Integer

PROGS

LOCAL_COUNT: 94
GLOBAL_COUNT: 94

BASE_AFTER:
(begin
  (send
    (lvar :arg0) :count=
    (int 1))
  (send
    (hole 0 {:hash_depth=>0, :limit_depth=>true, :recv=>true}) :count=
    (hole 0 {:hash_depth=>0, :method_arg=>true}))
  (int 2))
BASETYPE: Integer
SIZE WORK_LIST: 183
SIZE generated: 5
EVALUABLE#: 4

-------------------------

----------------
TTYPES
Integer

PROGS

LOCAL_COUNT: 95
GLOBAL_COUNT: 95

BASE_AFTER:
(begin
  (send
    (lvar :arg0) :count=
    (int 1))
  (send
    (hole 0 {:hash_depth=>0, :limit_depth=>true, :recv=>true}) :diaspora_user=
    (hole 0 {:hash_depth=>0, :method_arg=>true}))
  (int 2))
BASETYPE: Integer
SIZE WORK_LIST: 185
SIZE generated: 1
EVALUABLE#: 0

-------------------------

----------------
TTYPES
String
String
String
String

PROGS

LOCAL_COUNT: 96
GLOBAL_COUNT: 96

BASE_AFTER:
(begin
  (send
    (lvar :arg0) :count=
    (int 0))
  (send
    (hole 0 {:hash_depth=>0, :limit_depth=>true, :recv=>true}) :count=
    (hole 0 {:hash_depth=>0, :method_arg=>true}))
  (str ""))
BASETYPE: String
SIZE WORK_LIST: 185
SIZE generated: 4
EVALUABLE#: 3

-------------------------

----------------
TTYPES
String

PROGS

LOCAL_COUNT: 97
GLOBAL_COUNT: 97

BASE_AFTER:
(begin
  (send
    (lvar :arg0) :count=
    (int 0))
  (send
    (hole 0 {:hash_depth=>0, :limit_depth=>true, :recv=>true}) :diaspora_user=
    (hole 0 {:hash_depth=>0, :method_arg=>true}))
  (str ""))
BASETYPE: String
SIZE WORK_LIST: 187
SIZE generated: 1
EVALUABLE#: 0

-------------------------

----------------
TTYPES
String
String
String
String

PROGS

LOCAL_COUNT: 98
GLOBAL_COUNT: 98

BASE_AFTER:
(begin
  (send
    (lvar :arg0) :count=
    (int 1))
  (send
    (hole 0 {:hash_depth=>0, :limit_depth=>true, :recv=>true}) :count=
    (hole 0 {:hash_depth=>0, :method_arg=>true}))
  (str ""))
BASETYPE: String
SIZE WORK_LIST: 187
SIZE generated: 4
EVALUABLE#: 3

-------------------------

----------------
TTYPES
String

PROGS

LOCAL_COUNT: 99
GLOBAL_COUNT: 99

BASE_AFTER:
(begin
  (send
    (lvar :arg0) :count=
    (int 1))
  (send
    (hole 0 {:hash_depth=>0, :limit_depth=>true, :recv=>true}) :diaspora_user=
    (hole 0 {:hash_depth=>0, :method_arg=>true}))
  (str ""))
BASETYPE: String
SIZE WORK_LIST: 189
SIZE generated: 1
EVALUABLE#: 0

-------------------------

----------------
TTYPES
Integer
Integer
Integer
Integer
Integer
Integer
Integer
Integer
Integer
Integer
Integer
Integer
Integer
Integer
Integer
Integer

PROGS

LOCAL_COUNT: 100
GLOBAL_COUNT: 100

BASE_AFTER:
(begin
  (send
    (send
      (filled-hole
        (lvar :arg0) {:method_arg=>false}) :id=
      (filled-hole
        (int 0)
        (int 1)
        (int 2)
        (hole 1 {:hash_depth=>0, :method_arg=>true, :variance=>:+}) {:method_arg=>true})) :-
    (filled-hole
      (int 0)
      (int 1)
      (int 2)
      (hole 1 {:hash_depth=>0, :method_arg=>true, :variance=>:+}) {:method_arg=>true})))
BASETYPE: Integer
SIZE WORK_LIST: 189
SIZE generated: 16
EVALUABLE#: 9

-------------------------

----------------
TTYPES
Integer
Integer
Integer
Integer

PROGS

LOCAL_COUNT: 101
GLOBAL_COUNT: 101

BASE_AFTER:
(begin
  (send
    (send
      (filled-hole
        (lvar :arg0) {:method_arg=>false}) :id) :-
    (filled-hole
      (int 0)
      (int 1)
      (int 2)
      (hole 1 {:hash_depth=>0, :method_arg=>true, :variance=>:+}) {:method_arg=>true})))
BASETYPE: Integer
SIZE WORK_LIST: 204
SIZE generated: 4
EVALUABLE#: 3

-------------------------

----------------
TTYPES
Integer
Integer
Integer
Integer
Integer
Integer
Integer
Integer
Integer
Integer
Integer
Integer
Integer
Integer
Integer
Integer

PROGS

LOCAL_COUNT: 102
GLOBAL_COUNT: 102

BASE_AFTER:
(begin
  (send
    (send
      (filled-hole
        (lvar :arg0) {:method_arg=>false}) :diaspora_user_id=
      (filled-hole
        (int 0)
        (int 1)
        (int 2)
        (hole 1 {:hash_depth=>0, :method_arg=>true, :variance=>:+}) {:method_arg=>true})) :-
    (filled-hole
      (int 0)
      (int 1)
      (int 2)
      (hole 1 {:hash_depth=>0, :method_arg=>true, :variance=>:+}) {:method_arg=>true})))
BASETYPE: Integer
SIZE WORK_LIST: 207
SIZE generated: 16
EVALUABLE#: 9

-------------------------

----------------
TTYPES
Integer
Integer
Integer
Integer

PROGS

LOCAL_COUNT: 103
GLOBAL_COUNT: 103

BASE_AFTER:
(begin
  (send
    (send
      (filled-hole
        (lvar :arg0) {:method_arg=>false}) :diaspora_user_id) :-
    (filled-hole
      (int 0)
      (int 1)
      (int 2)
      (hole 1 {:hash_depth=>0, :method_arg=>true, :variance=>:+}) {:method_arg=>true})))
BASETYPE: Integer
SIZE WORK_LIST: 222
SIZE generated: 4
EVALUABLE#: 3

-------------------------

----------------
TTYPES
Integer
Integer
Integer
Integer
Integer
Integer
Integer
Integer
Integer
Integer
Integer
Integer
Integer
Integer
Integer
Integer

PROGS

LOCAL_COUNT: 104
GLOBAL_COUNT: 104

BASE_AFTER:
(begin
  (send
    (send
      (filled-hole
        (lvar :arg0) {:method_arg=>false}) :count=
      (filled-hole
        (int 0)
        (int 1)
        (int 2)
        (hole 1 {:hash_depth=>0, :method_arg=>true, :variance=>:+}) {:method_arg=>true})) :-
    (filled-hole
      (int 0)
      (int 1)
      (int 2)
      (hole 1 {:hash_depth=>0, :method_arg=>true, :variance=>:+}) {:method_arg=>true})))
BASETYPE: Integer
SIZE WORK_LIST: 222
SIZE generated: 16
EVALUABLE#: 9

-------------------------

----------------
TTYPES
Integer
Integer
Integer
Integer

PROGS

LOCAL_COUNT: 105
GLOBAL_COUNT: 105

BASE_AFTER:
(begin
  (send
    (begin
      (send
        (filled-hole
          (lvar :arg0) {:method_arg=>false}) :count)) :-
    (filled-hole
      (int 0)
      (int 1)
      (int 2)
      (hole 1 {:hash_depth=>0, :method_arg=>true, :variance=>:+}) {:method_arg=>true})))
BASETYPE: Integer
SIZE WORK_LIST: 234
SIZE generated: 4
EVALUABLE#: 3

-------------------------

----------------
TTYPES
true or false
true or false
true or false
true or false

PROGS

LOCAL_COUNT: 106
GLOBAL_COUNT: 106

BASE_AFTER:
(begin
  (send
    (lvar :arg0) :count=
    (send
      (hole 0 {:hash_depth=>0, :limit_depth=>true, :recv=>true}) :id=
      (hole 0 {:hash_depth=>0, :method_arg=>true})))
  (true))
BASETYPE: true or false
SIZE WORK_LIST: 237
SIZE generated: 4
EVALUABLE#: 3

-------------------------

----------------
TTYPES
true or false

PROGS

LOCAL_COUNT: 107
GLOBAL_COUNT: 107

BASE_AFTER:
(begin
  (send
    (lvar :arg0) :count=
    (send
      (hole 0 {:hash_depth=>0, :limit_depth=>true, :recv=>true}) :id))
  (true))
BASETYPE: true or false
SIZE WORK_LIST: 239
SIZE generated: 1
EVALUABLE#: 1

-------------------------

----------------
TTYPES
true or false
true or false
true or false
true or false

PROGS

LOCAL_COUNT: 108
GLOBAL_COUNT: 108

BASE_AFTER:
(begin
  (send
    (lvar :arg0) :count=
    (send
      (hole 0 {:hash_depth=>0, :limit_depth=>true, :recv=>true}) :diaspora_user_id=
      (hole 0 {:hash_depth=>0, :method_arg=>true})))
  (true))
BASETYPE: true or false
SIZE WORK_LIST: 239
SIZE generated: 4
EVALUABLE#: 3

-------------------------

----------------
TTYPES
true or false

PROGS

LOCAL_COUNT: 109
GLOBAL_COUNT: 109

BASE_AFTER:
(begin
  (send
    (lvar :arg0) :count=
    (send
      (hole 0 {:hash_depth=>0, :limit_depth=>true, :recv=>true}) :diaspora_user_id))
  (true))
BASETYPE: true or false
SIZE WORK_LIST: 241
SIZE generated: 1
EVALUABLE#: 1

-------------------------

----------------
TTYPES
true or false
true or false
true or false
true or false

PROGS

LOCAL_COUNT: 110
GLOBAL_COUNT: 110

BASE_AFTER:
(begin
  (send
    (lvar :arg0) :count=
    (send
      (hole 0 {:hash_depth=>0, :limit_depth=>true, :recv=>true}) :count=
      (hole 0 {:hash_depth=>0, :method_arg=>true})))
  (true))
BASETYPE: true or false
SIZE WORK_LIST: 240
SIZE generated: 4
EVALUABLE#: 3

-------------------------

----------------
TTYPES
true or false

PROGS

LOCAL_COUNT: 111
GLOBAL_COUNT: 111

BASE_AFTER:
(begin
  (send
    (lvar :arg0) :count=
    (begin
      (send
        (hole 0 {:hash_depth=>0, :limit_depth=>true, :recv=>true}) :count)))
  (true))
BASETYPE: true or false
SIZE WORK_LIST: 242
SIZE generated: 1
EVALUABLE#: 1

-------------------------

----------------
TTYPES
true or false

PROGS

LOCAL_COUNT: 113
GLOBAL_COUNT: 112

BASE_AFTER:
(begin
  (send
    (lvar :arg0) :diaspora_user=
    (send
      (hole 0 {:hash_depth=>0, :limit_depth=>true, :recv=>true}) :diaspora_user))
  (true))
BASETYPE: true or false
SIZE WORK_LIST: 241
SIZE generated: 1
EVALUABLE#: 1

-------------------------

----------------
TTYPES
true or false

PROGS

LOCAL_COUNT: 114
GLOBAL_COUNT: 113

BASE_AFTER:
(begin
  (send
    (lvar :arg0) :diaspora_user=
    (send
      (hole 0 {:hash_depth=>0, :limit_depth=>true, :recv=>true}) :diaspora_user=
      (hole 0 {:hash_depth=>0, :method_arg=>true})))
  (true))
BASETYPE: true or false
SIZE WORK_LIST: 241
SIZE generated: 1
EVALUABLE#: 0

-------------------------

----------------
TTYPES
true or false
true or false
true or false
true or false

PROGS

LOCAL_COUNT: 115
GLOBAL_COUNT: 114

BASE_AFTER:
(begin
  (send
    (lvar :arg0) :count=
    (send
      (hole 0 {:hash_depth=>0, :limit_depth=>true, :recv=>true}) :id=
      (hole 0 {:hash_depth=>0, :method_arg=>true})))
  (false))
BASETYPE: true or false
SIZE WORK_LIST: 241
SIZE generated: 4
EVALUABLE#: 3

-------------------------

----------------
TTYPES
true or false

PROGS

LOCAL_COUNT: 116
GLOBAL_COUNT: 115

BASE_AFTER:
(begin
  (send
    (lvar :arg0) :count=
    (send
      (hole 0 {:hash_depth=>0, :limit_depth=>true, :recv=>true}) :id))
  (false))
BASETYPE: true or false
SIZE WORK_LIST: 243
SIZE generated: 1
EVALUABLE#: 1

-------------------------

----------------
TTYPES
true or false
true or false
true or false
true or false

PROGS

LOCAL_COUNT: 117
GLOBAL_COUNT: 116

BASE_AFTER:
(begin
  (send
    (lvar :arg0) :count=
    (send
      (hole 0 {:hash_depth=>0, :limit_depth=>true, :recv=>true}) :diaspora_user_id=
      (hole 0 {:hash_depth=>0, :method_arg=>true})))
  (false))
BASETYPE: true or false
SIZE WORK_LIST: 243
SIZE generated: 4
EVALUABLE#: 3

-------------------------

----------------
TTYPES
true or false

PROGS

LOCAL_COUNT: 118
GLOBAL_COUNT: 117

BASE_AFTER:
(begin
  (send
    (lvar :arg0) :count=
    (send
      (hole 0 {:hash_depth=>0, :limit_depth=>true, :recv=>true}) :diaspora_user_id))
  (false))
BASETYPE: true or false
SIZE WORK_LIST: 245
SIZE generated: 1
EVALUABLE#: 1

-------------------------

----------------
TTYPES
true or false
true or false
true or false
true or false

PROGS

LOCAL_COUNT: 119
GLOBAL_COUNT: 118

BASE_AFTER:
(begin
  (send
    (lvar :arg0) :count=
    (send
      (hole 0 {:hash_depth=>0, :limit_depth=>true, :recv=>true}) :count=
      (hole 0 {:hash_depth=>0, :method_arg=>true})))
  (false))
BASETYPE: true or false
SIZE WORK_LIST: 244
SIZE generated: 4
EVALUABLE#: 3

-------------------------

----------------
TTYPES
true or false

PROGS

LOCAL_COUNT: 120
GLOBAL_COUNT: 119

BASE_AFTER:
(begin
  (send
    (lvar :arg0) :count=
    (begin
      (send
        (hole 0 {:hash_depth=>0, :limit_depth=>true, :recv=>true}) :count)))
  (false))
BASETYPE: true or false
SIZE WORK_LIST: 246
SIZE generated: 1
EVALUABLE#: 1

-------------------------

----------------
TTYPES
true or false

PROGS

LOCAL_COUNT: 122
GLOBAL_COUNT: 120

BASE_AFTER:
(begin
  (send
    (lvar :arg0) :diaspora_user=
    (send
      (hole 0 {:hash_depth=>0, :limit_depth=>true, :recv=>true}) :diaspora_user))
  (false))
BASETYPE: true or false
SIZE WORK_LIST: 245
SIZE generated: 1
EVALUABLE#: 1

-------------------------

----------------
TTYPES
true or false

PROGS

LOCAL_COUNT: 123
GLOBAL_COUNT: 121

BASE_AFTER:
(begin
  (send
    (lvar :arg0) :diaspora_user=
    (send
      (hole 0 {:hash_depth=>0, :limit_depth=>true, :recv=>true}) :diaspora_user=
      (hole 0 {:hash_depth=>0, :method_arg=>true})))
  (false))
BASETYPE: true or false
SIZE WORK_LIST: 245
SIZE generated: 1
EVALUABLE#: 0

-------------------------

----------------
TTYPES
Integer
Integer
Integer
Integer
Integer

PROGS

LOCAL_COUNT: 124
GLOBAL_COUNT: 122

BASE_AFTER:
(begin
  (send
    (lvar :arg0) :count=
    (send
      (hole 0 {:hash_depth=>0, :limit_depth=>true, :recv=>true}) :id=
      (hole 0 {:hash_depth=>0, :method_arg=>true})))
  (int 0))
BASETYPE: Integer
SIZE WORK_LIST: 245
SIZE generated: 5
EVALUABLE#: 4

-------------------------

----------------
TTYPES
Integer

PROGS

LOCAL_COUNT: 125
GLOBAL_COUNT: 123

BASE_AFTER:
(begin
  (send
    (lvar :arg0) :count=
    (send
      (hole 0 {:hash_depth=>0, :limit_depth=>true, :recv=>true}) :id))
  (int 0))
BASETYPE: Integer
SIZE WORK_LIST: 248
SIZE generated: 1
EVALUABLE#: 1

-------------------------

----------------
TTYPES
Integer
Integer
Integer
Integer
Integer

PROGS

LOCAL_COUNT: 126
GLOBAL_COUNT: 124

BASE_AFTER:
(begin
  (send
    (lvar :arg0) :count=
    (send
      (hole 0 {:hash_depth=>0, :limit_depth=>true, :recv=>true}) :diaspora_user_id=
      (hole 0 {:hash_depth=>0, :method_arg=>true})))
  (int 0))
BASETYPE: Integer
SIZE WORK_LIST: 248
SIZE generated: 5
EVALUABLE#: 4

-------------------------

----------------
TTYPES
Integer

PROGS

LOCAL_COUNT: 127
GLOBAL_COUNT: 125

BASE_AFTER:
(begin
  (send
    (lvar :arg0) :count=
    (send
      (hole 0 {:hash_depth=>0, :limit_depth=>true, :recv=>true}) :diaspora_user_id))
  (int 0))
BASETYPE: Integer
SIZE WORK_LIST: 251
SIZE generated: 1
EVALUABLE#: 1

-------------------------

----------------
TTYPES
Integer
Integer
Integer
Integer
Integer

PROGS

LOCAL_COUNT: 128
GLOBAL_COUNT: 126

BASE_AFTER:
(begin
  (send
    (lvar :arg0) :count=
    (send
      (hole 0 {:hash_depth=>0, :limit_depth=>true, :recv=>true}) :count=
      (hole 0 {:hash_depth=>0, :method_arg=>true})))
  (int 0))
BASETYPE: Integer
SIZE WORK_LIST: 250
SIZE generated: 5
EVALUABLE#: 4

-------------------------

----------------
TTYPES
Integer

PROGS

LOCAL_COUNT: 129
GLOBAL_COUNT: 127

BASE_AFTER:
(begin
  (send
    (lvar :arg0) :count=
    (begin
      (send
        (hole 0 {:hash_depth=>0, :limit_depth=>true, :recv=>true}) :count)))
  (int 0))
BASETYPE: Integer
SIZE WORK_LIST: 253
SIZE generated: 1
EVALUABLE#: 1

-------------------------

----------------
TTYPES
Integer

PROGS

LOCAL_COUNT: 131
GLOBAL_COUNT: 128

BASE_AFTER:
(begin
  (send
    (lvar :arg0) :diaspora_user=
    (send
      (hole 0 {:hash_depth=>0, :limit_depth=>true, :recv=>true}) :diaspora_user))
  (int 0))
BASETYPE: Integer
SIZE WORK_LIST: 252
SIZE generated: 1
EVALUABLE#: 1

-------------------------

----------------
TTYPES
Integer

PROGS

LOCAL_COUNT: 132
GLOBAL_COUNT: 129

BASE_AFTER:
(begin
  (send
    (lvar :arg0) :diaspora_user=
    (send
      (hole 0 {:hash_depth=>0, :limit_depth=>true, :recv=>true}) :diaspora_user=
      (hole 0 {:hash_depth=>0, :method_arg=>true})))
  (int 0))
BASETYPE: Integer
SIZE WORK_LIST: 252
SIZE generated: 1
EVALUABLE#: 0

-------------------------

----------------
TTYPES
Integer
Integer
Integer
Integer
Integer

PROGS

LOCAL_COUNT: 133
GLOBAL_COUNT: 130

BASE_AFTER:
(begin
  (send
    (lvar :arg0) :count=
    (send
      (hole 0 {:hash_depth=>0, :limit_depth=>true, :recv=>true}) :id=
      (hole 0 {:hash_depth=>0, :method_arg=>true})))
  (int 1))
BASETYPE: Integer
SIZE WORK_LIST: 252
SIZE generated: 5
EVALUABLE#: 4

-------------------------

----------------
TTYPES
Integer

PROGS

LOCAL_COUNT: 134
GLOBAL_COUNT: 131

BASE_AFTER:
(begin
  (send
    (lvar :arg0) :count=
    (send
      (hole 0 {:hash_depth=>0, :limit_depth=>true, :recv=>true}) :id))
  (int 1))
BASETYPE: Integer
SIZE WORK_LIST: 255
SIZE generated: 1
EVALUABLE#: 1

-------------------------

----------------
TTYPES
Integer
Integer
Integer
Integer
Integer

PROGS

LOCAL_COUNT: 135
GLOBAL_COUNT: 132

BASE_AFTER:
(begin
  (send
    (lvar :arg0) :count=
    (send
      (hole 0 {:hash_depth=>0, :limit_depth=>true, :recv=>true}) :diaspora_user_id=
      (hole 0 {:hash_depth=>0, :method_arg=>true})))
  (int 1))
BASETYPE: Integer
SIZE WORK_LIST: 255
SIZE generated: 5
EVALUABLE#: 4

-------------------------

----------------
TTYPES
Integer

PROGS

LOCAL_COUNT: 136
GLOBAL_COUNT: 133

BASE_AFTER:
(begin
  (send
    (lvar :arg0) :count=
    (send
      (hole 0 {:hash_depth=>0, :limit_depth=>true, :recv=>true}) :diaspora_user_id))
  (int 1))
BASETYPE: Integer
SIZE WORK_LIST: 258
SIZE generated: 1
EVALUABLE#: 1

-------------------------

----------------
TTYPES
Integer
Integer
Integer
Integer
Integer

PROGS

LOCAL_COUNT: 137
GLOBAL_COUNT: 134

BASE_AFTER:
(begin
  (send
    (lvar :arg0) :count=
    (send
      (hole 0 {:hash_depth=>0, :limit_depth=>true, :recv=>true}) :count=
      (hole 0 {:hash_depth=>0, :method_arg=>true})))
  (int 1))
BASETYPE: Integer
SIZE WORK_LIST: 257
SIZE generated: 5
EVALUABLE#: 4

-------------------------

----------------
TTYPES
Integer

PROGS

LOCAL_COUNT: 138
GLOBAL_COUNT: 135

BASE_AFTER:
(begin
  (send
    (lvar :arg0) :count=
    (begin
      (send
        (hole 0 {:hash_depth=>0, :limit_depth=>true, :recv=>true}) :count)))
  (int 1))
BASETYPE: Integer
SIZE WORK_LIST: 260
SIZE generated: 1
EVALUABLE#: 1

-------------------------

----------------
TTYPES
Integer

PROGS

LOCAL_COUNT: 140
GLOBAL_COUNT: 136

BASE_AFTER:
(begin
  (send
    (lvar :arg0) :diaspora_user=
    (send
      (hole 0 {:hash_depth=>0, :limit_depth=>true, :recv=>true}) :diaspora_user))
  (int 1))
BASETYPE: Integer
SIZE WORK_LIST: 259
SIZE generated: 1
EVALUABLE#: 1

-------------------------

----------------
TTYPES
Integer

PROGS

LOCAL_COUNT: 141
GLOBAL_COUNT: 137

BASE_AFTER:
(begin
  (send
    (lvar :arg0) :diaspora_user=
    (send
      (hole 0 {:hash_depth=>0, :limit_depth=>true, :recv=>true}) :diaspora_user=
      (hole 0 {:hash_depth=>0, :method_arg=>true})))
  (int 1))
BASETYPE: Integer
SIZE WORK_LIST: 259
SIZE generated: 1
EVALUABLE#: 0

-------------------------

----------------
TTYPES
Integer
Integer
Integer
Integer
Integer

PROGS

LOCAL_COUNT: 142
GLOBAL_COUNT: 138

BASE_AFTER:
(begin
  (send
    (lvar :arg0) :count=
    (send
      (hole 0 {:hash_depth=>0, :limit_depth=>true, :recv=>true}) :id=
      (hole 0 {:hash_depth=>0, :method_arg=>true})))
  (int 2))
BASETYPE: Integer
SIZE WORK_LIST: 259
SIZE generated: 5
EVALUABLE#: 4

-------------------------

----------------
TTYPES
Integer

PROGS

LOCAL_COUNT: 143
GLOBAL_COUNT: 139

BASE_AFTER:
(begin
  (send
    (lvar :arg0) :count=
    (send
      (hole 0 {:hash_depth=>0, :limit_depth=>true, :recv=>true}) :id))
  (int 2))
BASETYPE: Integer
SIZE WORK_LIST: 261
SIZE generated: 1
EVALUABLE#: 1

-------------------------

----------------
TTYPES
Integer
Integer
Integer
Integer
Integer

PROGS

LOCAL_COUNT: 144
GLOBAL_COUNT: 140

BASE_AFTER:
(begin
  (send
    (lvar :arg0) :count=
    (send
      (hole 0 {:hash_depth=>0, :limit_depth=>true, :recv=>true}) :diaspora_user_id=
      (hole 0 {:hash_depth=>0, :method_arg=>true})))
  (int 2))
BASETYPE: Integer
SIZE WORK_LIST: 261
SIZE generated: 5
EVALUABLE#: 4

-------------------------

----------------
TTYPES
Integer

PROGS

LOCAL_COUNT: 145
GLOBAL_COUNT: 141

BASE_AFTER:
(begin
  (send
    (lvar :arg0) :count=
    (send
      (hole 0 {:hash_depth=>0, :limit_depth=>true, :recv=>true}) :diaspora_user_id))
  (int 2))
BASETYPE: Integer
SIZE WORK_LIST: 263
SIZE generated: 1
EVALUABLE#: 1

-------------------------

----------------
TTYPES
Integer
Integer
Integer
Integer
Integer

PROGS

LOCAL_COUNT: 146
GLOBAL_COUNT: 142

BASE_AFTER:
(begin
  (send
    (lvar :arg0) :count=
    (send
      (hole 0 {:hash_depth=>0, :limit_depth=>true, :recv=>true}) :count=
      (hole 0 {:hash_depth=>0, :method_arg=>true})))
  (int 2))
BASETYPE: Integer
SIZE WORK_LIST: 262
SIZE generated: 5
EVALUABLE#: 4

-------------------------

----------------
TTYPES
Integer

PROGS

LOCAL_COUNT: 147
GLOBAL_COUNT: 143

BASE_AFTER:
(begin
  (send
    (lvar :arg0) :count=
    (begin
      (send
        (hole 0 {:hash_depth=>0, :limit_depth=>true, :recv=>true}) :count)))
  (int 2))
BASETYPE: Integer
SIZE WORK_LIST: 264
SIZE generated: 1
EVALUABLE#: 1

-------------------------

----------------
TTYPES
Integer

PROGS

LOCAL_COUNT: 149
GLOBAL_COUNT: 144

BASE_AFTER:
(begin
  (send
    (lvar :arg0) :diaspora_user=
    (send
      (hole 0 {:hash_depth=>0, :limit_depth=>true, :recv=>true}) :diaspora_user))
  (int 2))
BASETYPE: Integer
SIZE WORK_LIST: 263
SIZE generated: 1
EVALUABLE#: 1

-------------------------

----------------
TTYPES
Integer

PROGS

LOCAL_COUNT: 150
GLOBAL_COUNT: 145

BASE_AFTER:
(begin
  (send
    (lvar :arg0) :diaspora_user=
    (send
      (hole 0 {:hash_depth=>0, :limit_depth=>true, :recv=>true}) :diaspora_user=
      (hole 0 {:hash_depth=>0, :method_arg=>true})))
  (int 2))
BASETYPE: Integer
SIZE WORK_LIST: 263
SIZE generated: 1
EVALUABLE#: 0

-------------------------

----------------
TTYPES
true or false
true or false
Integer
Integer
Integer
String
%bot

PROGS

LOCAL_COUNT: 1
GLOBAL_COUNT: 146

BASE_AFTER:
(filled-hole
  (true)
  (false)
  (int 0)
  (int 1)
  (int 2)
  (str "")
  (hole 1 {:hash_depth=>0, :method_arg=>false, :variance=>:-}) {:method_arg=>false})
BASETYPE: %bot
SIZE WORK_LIST: 0
SIZE generated: 7
EVALUABLE#: 6

-------------------------

----------------
TTYPES
true or false
true or false

PROGS

LOCAL_COUNT: 2
GLOBAL_COUNT: 147

BASE_AFTER:
(true)
BASETYPE: true or false
SIZE WORK_LIST: 6
SIZE generated: 2
EVALUABLE#: 0

-------------------------

----------------
TTYPES
true or false
true or false

PROGS

LOCAL_COUNT: 3
GLOBAL_COUNT: 148

BASE_AFTER:
(false)
BASETYPE: true or false
SIZE WORK_LIST: 7
SIZE generated: 2
EVALUABLE#: 0

-------------------------

----------------
TTYPES
Integer
Integer

PROGS

LOCAL_COUNT: 4
GLOBAL_COUNT: 149

BASE_AFTER:
(int 0)
BASETYPE: Integer
SIZE WORK_LIST: 8
SIZE generated: 2
EVALUABLE#: 0

-------------------------

----------------
TTYPES
Integer
Integer

PROGS

LOCAL_COUNT: 5
GLOBAL_COUNT: 150

BASE_AFTER:
(int 1)
BASETYPE: Integer
SIZE WORK_LIST: 9
SIZE generated: 2
EVALUABLE#: 0

-------------------------

----------------
TTYPES
Integer
Integer

PROGS

LOCAL_COUNT: 6
GLOBAL_COUNT: 151

BASE_AFTER:
(int 2)
BASETYPE: Integer
SIZE WORK_LIST: 10
SIZE generated: 2
EVALUABLE#: 0

-------------------------

----------------
TTYPES
String
String

PROGS

LOCAL_COUNT: 7
GLOBAL_COUNT: 152

BASE_AFTER:
(str "")
BASETYPE: String
SIZE WORK_LIST: 11
SIZE generated: 2
EVALUABLE#: 0

-------------------------

----------------
TTYPES
%bot

PROGS

LOCAL_COUNT: 8
GLOBAL_COUNT: 153

BASE_AFTER:
(filled-hole
  (hole 2 {:hash_depth=>0, :method_arg=>false, :variance=>:-}) {:method_arg=>false})
BASETYPE: %bot
SIZE WORK_LIST: 12
SIZE generated: 1
EVALUABLE#: 0

-------------------------

----------------
TTYPES
true or false
true or false
true or false
true or false

PROGS

LOCAL_COUNT: 9
GLOBAL_COUNT: 154

BASE_AFTER:
(begin
  (send
    (hole 0 {:hash_depth=>0, :limit_depth=>true, :recv=>true}) :count=
    (hole 0 {:hash_depth=>0, :method_arg=>true}))
  (true))
BASETYPE: true or false
SIZE WORK_LIST: 12
SIZE generated: 4
EVALUABLE#: 3

-------------------------

----------------
TTYPES
true or false

PROGS

LOCAL_COUNT: 1
GLOBAL_COUNT: 155

BASE_AFTER:
(filled-hole
  (hole 1 {:hash_depth=>0, :method_arg=>false, :variance=>:+}) {:method_arg=>false})
BASETYPE: true or false
SIZE WORK_LIST: 0
SIZE generated: 1
EVALUABLE#: 0

-------------------------

----------------
TTYPES
true or false
true or false

PROGS

LOCAL_COUNT: 2
GLOBAL_COUNT: 156

BASE_AFTER:
(filled-hole
  (begin
    (send
      (hole 0 {:hash_depth=>0, :limit_depth=>true, :recv=>true}) :-
      (hole 0 {:hash_depth=>0, :method_arg=>true})))
  (begin
    (send
      (hole 0 {:hash_depth=>0, :limit_depth=>true, :recv=>true}) :save))
  (begin
    (send
      (hole 0 {:hash_depth=>0, :limit_depth=>true, :recv=>true}) :count))
  (begin
    (send
      (hole 0 {:hash_depth=>0, :limit_depth=>true, :recv=>true}) :-
      (hole 0 {:hash_depth=>0, :method_arg=>true})))
  (begin
    (send
      (hole 0 {:hash_depth=>0, :limit_depth=>true, :recv=>true}) :save))
  (hole 2 {:hash_depth=>0, :method_arg=>false, :variance=>:+}) {:method_arg=>false})
BASETYPE: true or false
SIZE WORK_LIST: 0
SIZE generated: 2
EVALUABLE#: 0

-------------------------

----------------
TTYPES
true or false

PROGS

LOCAL_COUNT: 3
GLOBAL_COUNT: 157

BASE_AFTER:
(begin
  (send
    (filled-hole
      (lvar InvitationCode(id: integer, token: string, diaspora_user_id: integer, count: integer)) {:method_arg=>false}) :save))
BASETYPE: true or false
SIZE WORK_LIST: 1
SIZE generated: 1
EVALUABLE#: 1

-------------------------

----------------
TTYPES
Integer
true or false
Integer
true or false
true or false
true or false
Integer
true or false
Integer
true or false
Integer
true or false
Integer
true or false
true or false
true or false
true or false
true or false
true or false
true or false
true or false
true or false
true or false
true or false
true or false
true or false
true or false
true or false
true or false
true or false
true or false
true or false
true or false
true or false
true or false
true or false
Integer
true or false
true or false
true or false
true or false
true or false
true or false
true or false
true or false
true or false
true or false
true or false
true or false
true or false
true or false
true or false
true or false
true or false
true or false
true or false
true or false
true or false
true or false
Integer
true or false
true or false

PROGS

LOCAL_COUNT: 4
GLOBAL_COUNT: 158

BASE_AFTER:
(filled-hole
  (begin
    (send
      (send
        (hole 0 {:hash_depth=>0, :limit_depth=>true, :recv=>true}) :id=
        (hole 0 {:hash_depth=>0, :method_arg=>true})) :-
      (hole 0 {:hash_depth=>0, :method_arg=>true})))
  (begin
    (send
      (send
        (hole 0 {:hash_depth=>0, :limit_depth=>true, :recv=>true}) :id=
        (hole 0 {:hash_depth=>0, :method_arg=>true})) :-
      (hole 0 {:hash_depth=>0, :method_arg=>true})))
  (begin
    (send
      (send
        (hole 0 {:hash_depth=>0, :limit_depth=>true, :recv=>true}) :id=
        (hole 0 {:hash_depth=>0, :method_arg=>true})) :-
      (hole 0 {:hash_depth=>0, :method_arg=>true})))
  (begin
    (send
      (send
        (hole 0 {:hash_depth=>0, :limit_depth=>true, :recv=>true}) :id=
        (hole 0 {:hash_depth=>0, :method_arg=>true})) :count))
  (begin
    (send
      (send
        (hole 0 {:hash_depth=>0, :limit_depth=>true, :recv=>true}) :id=
        (hole 0 {:hash_depth=>0, :method_arg=>true})) :save))
  (begin
    (send
      (send
        (hole 0 {:hash_depth=>0, :limit_depth=>true, :recv=>true}) :id) :-
      (hole 0 {:hash_depth=>0, :method_arg=>true})))
  (begin
    (send
      (send
        (hole 0 {:hash_depth=>0, :limit_depth=>true, :recv=>true}) :id) :-
      (hole 0 {:hash_depth=>0, :method_arg=>true})))
  (begin
    (send
      (send
        (hole 0 {:hash_depth=>0, :limit_depth=>true, :recv=>true}) :id) :-
      (hole 0 {:hash_depth=>0, :method_arg=>true})))
  (begin
    (send
      (send
        (hole 0 {:hash_depth=>0, :limit_depth=>true, :recv=>true}) :id) :count))
  (begin
    (send
      (send
        (hole 0 {:hash_depth=>0, :limit_depth=>true, :recv=>true}) :id) :save))
  (begin
    (send
      (send
        (hole 0 {:hash_depth=>0, :limit_depth=>true, :recv=>true}) :token=
        (hole 0 {:hash_depth=>0, :method_arg=>true})) :count))
  (begin
    (send
      (send
        (hole 0 {:hash_depth=>0, :limit_depth=>true, :recv=>true}) :token=
        (hole 0 {:hash_depth=>0, :method_arg=>true})) :-
      (hole 0 {:hash_depth=>0, :method_arg=>true})))
  (begin
    (send
      (send
        (hole 0 {:hash_depth=>0, :limit_depth=>true, :recv=>true}) :token=
        (hole 0 {:hash_depth=>0, :method_arg=>true})) :save))
  (begin
    (send
      (send
        (hole 0 {:hash_depth=>0, :limit_depth=>true, :recv=>true}) :token) :count))
  (begin
    (send
      (send
        (hole 0 {:hash_depth=>0, :limit_depth=>true, :recv=>true}) :token) :-
      (hole 0 {:hash_depth=>0, :method_arg=>true})))
  (begin
    (send
      (send
        (hole 0 {:hash_depth=>0, :limit_depth=>true, :recv=>true}) :token) :save))
  (begin
    (send
      (send
        (hole 0 {:hash_depth=>0, :limit_depth=>true, :recv=>true}) :diaspora_user_id=
        (hole 0 {:hash_depth=>0, :method_arg=>true})) :-
      (hole 0 {:hash_depth=>0, :method_arg=>true})))
  (begin
    (send
      (send
        (hole 0 {:hash_depth=>0, :limit_depth=>true, :recv=>true}) :diaspora_user_id=
        (hole 0 {:hash_depth=>0, :method_arg=>true})) :-
      (hole 0 {:hash_depth=>0, :method_arg=>true})))
  (begin
    (send
      (send
        (hole 0 {:hash_depth=>0, :limit_depth=>true, :recv=>true}) :diaspora_user_id=
        (hole 0 {:hash_depth=>0, :method_arg=>true})) :-
      (hole 0 {:hash_depth=>0, :method_arg=>true})))
  (begin
    (send
      (send
        (hole 0 {:hash_depth=>0, :limit_depth=>true, :recv=>true}) :diaspora_user_id=
        (hole 0 {:hash_depth=>0, :method_arg=>true})) :count))
  (begin
    (send
      (send
        (hole 0 {:hash_depth=>0, :limit_depth=>true, :recv=>true}) :diaspora_user_id=
        (hole 0 {:hash_depth=>0, :method_arg=>true})) :save))
  (begin
    (send
      (send
        (hole 0 {:hash_depth=>0, :limit_depth=>true, :recv=>true}) :diaspora_user_id) :-
      (hole 0 {:hash_depth=>0, :method_arg=>true})))
  (begin
    (send
      (send
        (hole 0 {:hash_depth=>0, :limit_depth=>true, :recv=>true}) :diaspora_user_id) :-
      (hole 0 {:hash_depth=>0, :method_arg=>true})))
  (begin
    (send
      (send
        (hole 0 {:hash_depth=>0, :limit_depth=>true, :recv=>true}) :diaspora_user_id) :-
      (hole 0 {:hash_depth=>0, :method_arg=>true})))
  (begin
    (send
      (send
        (hole 0 {:hash_depth=>0, :limit_depth=>true, :recv=>true}) :diaspora_user_id) :count))
  (begin
    (send
      (send
        (hole 0 {:hash_depth=>0, :limit_depth=>true, :recv=>true}) :diaspora_user_id) :save))
  (begin
    (send
      (send
        (hole 0 {:hash_depth=>0, :limit_depth=>true, :recv=>true}) :count=
        (hole 0 {:hash_depth=>0, :method_arg=>true})) :-
      (hole 0 {:hash_depth=>0, :method_arg=>true})))
  (begin
    (send
      (send
        (hole 0 {:hash_depth=>0, :limit_depth=>true, :recv=>true}) :count=
        (hole 0 {:hash_depth=>0, :method_arg=>true})) :-
      (hole 0 {:hash_depth=>0, :method_arg=>true})))
  (begin
    (send
      (send
        (hole 0 {:hash_depth=>0, :limit_depth=>true, :recv=>true}) :count=
        (hole 0 {:hash_depth=>0, :method_arg=>true})) :-
      (hole 0 {:hash_depth=>0, :method_arg=>true})))
  (begin
    (send
      (send
        (hole 0 {:hash_depth=>0, :limit_depth=>true, :recv=>true}) :count=
        (hole 0 {:hash_depth=>0, :method_arg=>true})) :count))
  (begin
    (send
      (send
        (hole 0 {:hash_depth=>0, :limit_depth=>true, :recv=>true}) :count=
        (hole 0 {:hash_depth=>0, :method_arg=>true})) :save))
  (begin
    (send
      (begin
        (send
          (hole 0 {:hash_depth=>0, :limit_depth=>true, :recv=>true}) :count)) :-
      (hole 0 {:hash_depth=>0, :method_arg=>true})))
  (begin
    (send
      (begin
        (send
          (hole 0 {:hash_depth=>0, :limit_depth=>true, :recv=>true}) :count)) :-
      (hole 0 {:hash_depth=>0, :method_arg=>true})))
  (begin
    (send
      (begin
        (send
          (hole 0 {:hash_depth=>0, :limit_depth=>true, :recv=>true}) :count)) :-
      (hole 0 {:hash_depth=>0, :method_arg=>true})))
  (begin
    (send
      (begin
        (send
          (hole 0 {:hash_depth=>0, :limit_depth=>true, :recv=>true}) :count)) :-
      (hole 0 {:hash_depth=>0, :method_arg=>true})))
  (begin
    (send
      (begin
        (send
          (hole 0 {:hash_depth=>0, :limit_depth=>true, :recv=>true}) :count)) :-
      (hole 0 {:hash_depth=>0, :method_arg=>true})))
  (begin
    (send
      (begin
        (send
          (hole 0 {:hash_depth=>0, :limit_depth=>true, :recv=>true}) :count)) :-
      (hole 0 {:hash_depth=>0, :method_arg=>true})))
  (begin
    (send
      (begin
        (send
          (hole 0 {:hash_depth=>0, :limit_depth=>true, :recv=>true}) :count)) :-
      (hole 0 {:hash_depth=>0, :method_arg=>true})))
  (begin
    (send
      (begin
        (send
          (hole 0 {:hash_depth=>0, :limit_depth=>true, :recv=>true}) :count)) :-
      (hole 0 {:hash_depth=>0, :method_arg=>true})))
  (begin
    (send
      (begin
        (send
          (hole 0 {:hash_depth=>0, :limit_depth=>true, :recv=>true}) :count)) :-
      (hole 0 {:hash_depth=>0, :method_arg=>true})))
  (begin
    (send
      (begin
        (send
          (hole 0 {:hash_depth=>0, :limit_depth=>true, :recv=>true}) :count)) :count))
  (begin
    (send
      (begin
        (send
          (hole 0 {:hash_depth=>0, :limit_depth=>true, :recv=>true}) :count)) :count))
  (begin
    (send
      (begin
        (send
          (hole 0 {:hash_depth=>0, :limit_depth=>true, :recv=>true}) :count)) :count))
  (begin
    (send
      (begin
        (send
          (hole 0 {:hash_depth=>0, :limit_depth=>true, :recv=>true}) :count)) :save))
  (begin
    (send
      (begin
        (send
          (hole 0 {:hash_depth=>0, :limit_depth=>true, :recv=>true}) :count)) :save))
  (begin
    (send
      (begin
        (send
          (hole 0 {:hash_depth=>0, :limit_depth=>true, :recv=>true}) :count)) :save))
  (begin
    (send
      (send
        (hole 0 {:hash_depth=>0, :limit_depth=>true, :recv=>true}) :diaspora_user) :count))
  (begin
    (send
      (send
        (hole 0 {:hash_depth=>0, :limit_depth=>true, :recv=>true}) :diaspora_user) :-
      (hole 0 {:hash_depth=>0, :method_arg=>true})))
  (begin
    (send
      (send
        (hole 0 {:hash_depth=>0, :limit_depth=>true, :recv=>true}) :diaspora_user) :save))
  (begin
    (send
      (send
        (hole 0 {:hash_depth=>0, :limit_depth=>true, :recv=>true}) :diaspora_user=
        (hole 0 {:hash_depth=>0, :method_arg=>true})) :count))
  (begin
    (send
      (send
        (hole 0 {:hash_depth=>0, :limit_depth=>true, :recv=>true}) :diaspora_user=
        (hole 0 {:hash_depth=>0, :method_arg=>true})) :-
      (hole 0 {:hash_depth=>0, :method_arg=>true})))
  (begin
    (send
      (send
        (hole 0 {:hash_depth=>0, :limit_depth=>true, :recv=>true}) :diaspora_user=
        (hole 0 {:hash_depth=>0, :method_arg=>true})) :save))
  (send
    (begin
      (send
        (hole 0 {:hash_depth=>0, :limit_depth=>true, :recv=>true}) :-
        (hole 0 {:hash_depth=>0, :method_arg=>true}))) :confirmed=
    (hole 0 {:hash_depth=>0, :method_arg=>true}))
  (send
    (begin
      (send
        (hole 0 {:hash_depth=>0, :limit_depth=>true, :recv=>true}) :-
        (hole 0 {:hash_depth=>0, :method_arg=>true}))) :confirmed)
  (send
    (begin
      (send
        (hole 0 {:hash_depth=>0, :limit_depth=>true, :recv=>true}) :-
        (hole 0 {:hash_depth=>0, :method_arg=>true}))) :expired=
    (hole 0 {:hash_depth=>0, :method_arg=>true}))
  (send
    (begin
      (send
        (hole 0 {:hash_depth=>0, :limit_depth=>true, :recv=>true}) :-
        (hole 0 {:hash_depth=>0, :method_arg=>true}))) :expired)
  (send
    (begin
      (send
        (hole 0 {:hash_depth=>0, :limit_depth=>true, :recv=>true}) :-
        (hole 0 {:hash_depth=>0, :method_arg=>true}))) :discoverable=
    (hole 0 {:hash_depth=>0, :method_arg=>true}))
  (send
    (begin
      (send
        (hole 0 {:hash_depth=>0, :limit_depth=>true, :recv=>true}) :-
        (hole 0 {:hash_depth=>0, :method_arg=>true}))) :discoverable)
  (send
    (begin
      (send
        (hole 0 {:hash_depth=>0, :limit_depth=>true, :recv=>true}) :-
        (hole 0 {:hash_depth=>0, :method_arg=>true}))) :scheduled_check=
    (hole 0 {:hash_depth=>0, :method_arg=>true}))
  (send
    (begin
      (send
        (hole 0 {:hash_depth=>0, :limit_depth=>true, :recv=>true}) :-
        (hole 0 {:hash_depth=>0, :method_arg=>true}))) :scheduled_check)
  (send
    (begin
      (send
        (hole 0 {:hash_depth=>0, :limit_depth=>true, :recv=>true}) :-
        (hole 0 {:hash_depth=>0, :method_arg=>true}))) :otp_required_for_login=
    (hole 0 {:hash_depth=>0, :method_arg=>true}))
  (send
    (begin
      (send
        (hole 0 {:hash_depth=>0, :limit_depth=>true, :recv=>true}) :-
        (hole 0 {:hash_depth=>0, :method_arg=>true}))) :otp_required_for_login)
  (send
    (begin
      (send
        (hole 0 {:hash_depth=>0, :limit_depth=>true, :recv=>true}) :-
        (hole 0 {:hash_depth=>0, :method_arg=>true}))) :admin=
    (hole 0 {:hash_depth=>0, :method_arg=>true}))
  (send
    (begin
      (send
        (hole 0 {:hash_depth=>0, :limit_depth=>true, :recv=>true}) :-
        (hole 0 {:hash_depth=>0, :method_arg=>true}))) :admin)
  (send
    (begin
      (send
        (hole 0 {:hash_depth=>0, :limit_depth=>true, :recv=>true}) :-
        (hole 0 {:hash_depth=>0, :method_arg=>true}))) :staged=
    (hole 0 {:hash_depth=>0, :method_arg=>true}))
  (send
    (begin
      (send
        (hole 0 {:hash_depth=>0, :limit_depth=>true, :recv=>true}) :-
        (hole 0 {:hash_depth=>0, :method_arg=>true}))) :staged)
  (send
    (begin
      (send
        (hole 0 {:hash_depth=>0, :limit_depth=>true, :recv=>true}) :-
        (hole 0 {:hash_depth=>0, :method_arg=>true}))) :active=
    (hole 0 {:hash_depth=>0, :method_arg=>true}))
  (send
    (begin
      (send
        (hole 0 {:hash_depth=>0, :limit_depth=>true, :recv=>true}) :-
        (hole 0 {:hash_depth=>0, :method_arg=>true}))) :active)
  (send
    (begin
      (send
        (hole 0 {:hash_depth=>0, :limit_depth=>true, :recv=>true}) :-
        (hole 0 {:hash_depth=>0, :method_arg=>true}))) :primary=
    (hole 0 {:hash_depth=>0, :method_arg=>true}))
  (send
    (begin
      (send
        (hole 0 {:hash_depth=>0, :limit_depth=>true, :recv=>true}) :-
        (hole 0 {:hash_depth=>0, :method_arg=>true}))) :primary)
  (send
    (begin
      (send
        (hole 0 {:hash_depth=>0, :limit_depth=>true, :recv=>true}) :-
        (hole 0 {:hash_depth=>0, :method_arg=>true}))) :moderator=
    (hole 0 {:hash_depth=>0, :method_arg=>true}))
  (send
    (begin
      (send
        (hole 0 {:hash_depth=>0, :limit_depth=>true, :recv=>true}) :-
        (hole 0 {:hash_depth=>0, :method_arg=>true}))) :moderator)
  (begin
    (send
      (begin
        (send
          (hole 0 {:hash_depth=>0, :limit_depth=>true, :recv=>true}) :-
          (hole 0 {:hash_depth=>0, :method_arg=>true}))) :-
      (hole 0 {:hash_depth=>0, :method_arg=>true})))
  (begin
    (send
      (begin
        (send
          (hole 0 {:hash_depth=>0, :limit_depth=>true, :recv=>true}) :-
          (hole 0 {:hash_depth=>0, :method_arg=>true}))) :-
      (hole 0 {:hash_depth=>0, :method_arg=>true})))
  (begin
    (send
      (begin
        (send
          (hole 0 {:hash_depth=>0, :limit_depth=>true, :recv=>true}) :-
          (hole 0 {:hash_depth=>0, :method_arg=>true}))) :-
      (hole 0 {:hash_depth=>0, :method_arg=>true})))
  (begin
    (send
      (begin
        (send
          (hole 0 {:hash_depth=>0, :limit_depth=>true, :recv=>true}) :-
          (hole 0 {:hash_depth=>0, :method_arg=>true}))) :save))
  (begin
    (send
      (begin
        (send
          (hole 0 {:hash_depth=>0, :limit_depth=>true, :recv=>true}) :save)) :count))
  (begin
    (send
      (begin
        (send
          (hole 0 {:hash_depth=>0, :limit_depth=>true, :recv=>true}) :save)) :-
      (hole 0 {:hash_depth=>0, :method_arg=>true})))
  (begin
    (send
      (begin
        (send
          (hole 0 {:hash_depth=>0, :limit_depth=>true, :recv=>true}) :save)) :save))
  (send
    (begin
      (send
        (hole 0 {:hash_depth=>0, :limit_depth=>true, :recv=>true}) :count)) :confirmed=
    (hole 0 {:hash_depth=>0, :method_arg=>true}))
  (send
    (begin
      (send
        (hole 0 {:hash_depth=>0, :limit_depth=>true, :recv=>true}) :count)) :confirmed)
  (send
    (begin
      (send
        (hole 0 {:hash_depth=>0, :limit_depth=>true, :recv=>true}) :count)) :expired=
    (hole 0 {:hash_depth=>0, :method_arg=>true}))
  (send
    (begin
      (send
        (hole 0 {:hash_depth=>0, :limit_depth=>true, :recv=>true}) :count)) :expired)
  (send
    (begin
      (send
        (hole 0 {:hash_depth=>0, :limit_depth=>true, :recv=>true}) :count)) :discoverable=
    (hole 0 {:hash_depth=>0, :method_arg=>true}))
  (send
    (begin
      (send
        (hole 0 {:hash_depth=>0, :limit_depth=>true, :recv=>true}) :count)) :discoverable)
  (send
    (begin
      (send
        (hole 0 {:hash_depth=>0, :limit_depth=>true, :recv=>true}) :count)) :scheduled_check=
    (hole 0 {:hash_depth=>0, :method_arg=>true}))
  (send
    (begin
      (send
        (hole 0 {:hash_depth=>0, :limit_depth=>true, :recv=>true}) :count)) :scheduled_check)
  (send
    (begin
      (send
        (hole 0 {:hash_depth=>0, :limit_depth=>true, :recv=>true}) :count)) :otp_required_for_login=
    (hole 0 {:hash_depth=>0, :method_arg=>true}))
  (send
    (begin
      (send
        (hole 0 {:hash_depth=>0, :limit_depth=>true, :recv=>true}) :count)) :otp_required_for_login)
  (send
    (begin
      (send
        (hole 0 {:hash_depth=>0, :limit_depth=>true, :recv=>true}) :count)) :admin=
    (hole 0 {:hash_depth=>0, :method_arg=>true}))
  (send
    (begin
      (send
        (hole 0 {:hash_depth=>0, :limit_depth=>true, :recv=>true}) :count)) :admin)
  (send
    (begin
      (send
        (hole 0 {:hash_depth=>0, :limit_depth=>true, :recv=>true}) :count)) :staged=
    (hole 0 {:hash_depth=>0, :method_arg=>true}))
  (send
    (begin
      (send
        (hole 0 {:hash_depth=>0, :limit_depth=>true, :recv=>true}) :count)) :staged)
  (send
    (begin
      (send
        (hole 0 {:hash_depth=>0, :limit_depth=>true, :recv=>true}) :count)) :active=
    (hole 0 {:hash_depth=>0, :method_arg=>true}))
  (send
    (begin
      (send
        (hole 0 {:hash_depth=>0, :limit_depth=>true, :recv=>true}) :count)) :active)
  (send
    (begin
      (send
        (hole 0 {:hash_depth=>0, :limit_depth=>true, :recv=>true}) :count)) :primary=
    (hole 0 {:hash_depth=>0, :method_arg=>true}))
  (send
    (begin
      (send
        (hole 0 {:hash_depth=>0, :limit_depth=>true, :recv=>true}) :count)) :primary)
  (send
    (begin
      (send
        (hole 0 {:hash_depth=>0, :limit_depth=>true, :recv=>true}) :count)) :moderator=
    (hole 0 {:hash_depth=>0, :method_arg=>true}))
  (send
    (begin
      (send
        (hole 0 {:hash_depth=>0, :limit_depth=>true, :recv=>true}) :count)) :moderator)
  (begin
    (send
      (begin
        (send
          (hole 0 {:hash_depth=>0, :limit_depth=>true, :recv=>true}) :count)) :-
      (hole 0 {:hash_depth=>0, :method_arg=>true})))
  (begin
    (send
      (begin
        (send
          (hole 0 {:hash_depth=>0, :limit_depth=>true, :recv=>true}) :count)) :-
      (hole 0 {:hash_depth=>0, :method_arg=>true})))
  (begin
    (send
      (begin
        (send
          (hole 0 {:hash_depth=>0, :limit_depth=>true, :recv=>true}) :count)) :-
      (hole 0 {:hash_depth=>0, :method_arg=>true})))
  (begin
    (send
      (begin
        (send
          (hole 0 {:hash_depth=>0, :limit_depth=>true, :recv=>true}) :count)) :save))
  (send
    (begin
      (send
        (hole 0 {:hash_depth=>0, :limit_depth=>true, :recv=>true}) :-
        (hole 0 {:hash_depth=>0, :method_arg=>true}))) :confirmed=
    (hole 0 {:hash_depth=>0, :method_arg=>true}))
  (send
    (begin
      (send
        (hole 0 {:hash_depth=>0, :limit_depth=>true, :recv=>true}) :-
        (hole 0 {:hash_depth=>0, :method_arg=>true}))) :confirmed)
  (send
    (begin
      (send
        (hole 0 {:hash_depth=>0, :limit_depth=>true, :recv=>true}) :-
        (hole 0 {:hash_depth=>0, :method_arg=>true}))) :expired=
    (hole 0 {:hash_depth=>0, :method_arg=>true}))
  (send
    (begin
      (send
        (hole 0 {:hash_depth=>0, :limit_depth=>true, :recv=>true}) :-
        (hole 0 {:hash_depth=>0, :method_arg=>true}))) :expired)
  (send
    (begin
      (send
        (hole 0 {:hash_depth=>0, :limit_depth=>true, :recv=>true}) :-
        (hole 0 {:hash_depth=>0, :method_arg=>true}))) :discoverable=
    (hole 0 {:hash_depth=>0, :method_arg=>true}))
  (send
    (begin
      (send
        (hole 0 {:hash_depth=>0, :limit_depth=>true, :recv=>true}) :-
        (hole 0 {:hash_depth=>0, :method_arg=>true}))) :discoverable)
  (send
    (begin
      (send
        (hole 0 {:hash_depth=>0, :limit_depth=>true, :recv=>true}) :-
        (hole 0 {:hash_depth=>0, :method_arg=>true}))) :scheduled_check=
    (hole 0 {:hash_depth=>0, :method_arg=>true}))
  (send
    (begin
      (send
        (hole 0 {:hash_depth=>0, :limit_depth=>true, :recv=>true}) :-
        (hole 0 {:hash_depth=>0, :method_arg=>true}))) :scheduled_check)
  (send
    (begin
      (send
        (hole 0 {:hash_depth=>0, :limit_depth=>true, :recv=>true}) :-
        (hole 0 {:hash_depth=>0, :method_arg=>true}))) :otp_required_for_login=
    (hole 0 {:hash_depth=>0, :method_arg=>true}))
  (send
    (begin
      (send
        (hole 0 {:hash_depth=>0, :limit_depth=>true, :recv=>true}) :-
        (hole 0 {:hash_depth=>0, :method_arg=>true}))) :otp_required_for_login)
  (send
    (begin
      (send
        (hole 0 {:hash_depth=>0, :limit_depth=>true, :recv=>true}) :-
        (hole 0 {:hash_depth=>0, :method_arg=>true}))) :admin=
    (hole 0 {:hash_depth=>0, :method_arg=>true}))
  (send
    (begin
      (send
        (hole 0 {:hash_depth=>0, :limit_depth=>true, :recv=>true}) :-
        (hole 0 {:hash_depth=>0, :method_arg=>true}))) :admin)
  (send
    (begin
      (send
        (hole 0 {:hash_depth=>0, :limit_depth=>true, :recv=>true}) :-
        (hole 0 {:hash_depth=>0, :method_arg=>true}))) :staged=
    (hole 0 {:hash_depth=>0, :method_arg=>true}))
  (send
    (begin
      (send
        (hole 0 {:hash_depth=>0, :limit_depth=>true, :recv=>true}) :-
        (hole 0 {:hash_depth=>0, :method_arg=>true}))) :staged)
  (send
    (begin
      (send
        (hole 0 {:hash_depth=>0, :limit_depth=>true, :recv=>true}) :-
        (hole 0 {:hash_depth=>0, :method_arg=>true}))) :active=
    (hole 0 {:hash_depth=>0, :method_arg=>true}))
  (send
    (begin
      (send
        (hole 0 {:hash_depth=>0, :limit_depth=>true, :recv=>true}) :-
        (hole 0 {:hash_depth=>0, :method_arg=>true}))) :active)
  (send
    (begin
      (send
        (hole 0 {:hash_depth=>0, :limit_depth=>true, :recv=>true}) :-
        (hole 0 {:hash_depth=>0, :method_arg=>true}))) :primary=
    (hole 0 {:hash_depth=>0, :method_arg=>true}))
  (send
    (begin
      (send
        (hole 0 {:hash_depth=>0, :limit_depth=>true, :recv=>true}) :-
        (hole 0 {:hash_depth=>0, :method_arg=>true}))) :primary)
  (send
    (begin
      (send
        (hole 0 {:hash_depth=>0, :limit_depth=>true, :recv=>true}) :-
        (hole 0 {:hash_depth=>0, :method_arg=>true}))) :moderator=
    (hole 0 {:hash_depth=>0, :method_arg=>true}))
  (send
    (begin
      (send
        (hole 0 {:hash_depth=>0, :limit_depth=>true, :recv=>true}) :-
        (hole 0 {:hash_depth=>0, :method_arg=>true}))) :moderator)
  (begin
    (send
      (begin
        (send
          (hole 0 {:hash_depth=>0, :limit_depth=>true, :recv=>true}) :-
          (hole 0 {:hash_depth=>0, :method_arg=>true}))) :-
      (hole 0 {:hash_depth=>0, :method_arg=>true})))
  (begin
    (send
      (begin
        (send
          (hole 0 {:hash_depth=>0, :limit_depth=>true, :recv=>true}) :-
          (hole 0 {:hash_depth=>0, :method_arg=>true}))) :-
      (hole 0 {:hash_depth=>0, :method_arg=>true})))
  (begin
    (send
      (begin
        (send
          (hole 0 {:hash_depth=>0, :limit_depth=>true, :recv=>true}) :-
          (hole 0 {:hash_depth=>0, :method_arg=>true}))) :-
      (hole 0 {:hash_depth=>0, :method_arg=>true})))
  (begin
    (send
      (begin
        (send
          (hole 0 {:hash_depth=>0, :limit_depth=>true, :recv=>true}) :-
          (hole 0 {:hash_depth=>0, :method_arg=>true}))) :save))
  (begin
    (send
      (begin
        (send
          (hole 0 {:hash_depth=>0, :limit_depth=>true, :recv=>true}) :save)) :count))
  (begin
    (send
      (begin
        (send
          (hole 0 {:hash_depth=>0, :limit_depth=>true, :recv=>true}) :save)) :-
      (hole 0 {:hash_depth=>0, :method_arg=>true})))
  (begin
    (send
      (begin
        (send
          (hole 0 {:hash_depth=>0, :limit_depth=>true, :recv=>true}) :save)) :save))
  (hole 3 {:hash_depth=>0, :method_arg=>false, :variance=>:+}) {:method_arg=>false})
BASETYPE: true or false
SIZE WORK_LIST: 0
SIZE generated: 62
EVALUABLE#: 0

-------------------------

----------------
TTYPES
true or false
true or false
true or false

PROGS

LOCAL_COUNT: 5
GLOBAL_COUNT: 159

BASE_AFTER:
(send
  (begin
    (send
      (filled-hole
        (lvar InvitationCode(id: integer, token: string, diaspora_user_id: integer, count: integer)) {:method_arg=>false}) :count)) :confirmed=
  (filled-hole
    (true)
    (false)
    (hole 1 {:hash_depth=>0, :method_arg=>true, :variance=>:+}) {:method_arg=>true}))
BASETYPE: true or false
SIZE WORK_LIST: 61
SIZE generated: 3
EVALUABLE#: 2

-------------------------

----------------
TTYPES
true or false

PROGS

LOCAL_COUNT: 6
GLOBAL_COUNT: 160

BASE_AFTER:
(send
  (begin
    (send
      (filled-hole
        (lvar InvitationCode(id: integer, token: string, diaspora_user_id: integer, count: integer)) {:method_arg=>false}) :count)) :confirmed)
BASETYPE: true or false
SIZE WORK_LIST: 61
SIZE generated: 1
EVALUABLE#: 1

-------------------------

----------------
TTYPES
true or false
true or false
true or false

PROGS

LOCAL_COUNT: 7
GLOBAL_COUNT: 161

BASE_AFTER:
(send
  (begin
    (send
      (filled-hole
        (lvar InvitationCode(id: integer, token: string, diaspora_user_id: integer, count: integer)) {:method_arg=>false}) :count)) :expired=
  (filled-hole
    (true)
    (false)
    (hole 1 {:hash_depth=>0, :method_arg=>true, :variance=>:+}) {:method_arg=>true}))
BASETYPE: true or false
SIZE WORK_LIST: 60
SIZE generated: 3
EVALUABLE#: 2

-------------------------

----------------
TTYPES
true or false

PROGS

LOCAL_COUNT: 8
GLOBAL_COUNT: 162

BASE_AFTER:
(send
  (begin
    (send
      (filled-hole
        (lvar InvitationCode(id: integer, token: string, diaspora_user_id: integer, count: integer)) {:method_arg=>false}) :count)) :expired)
BASETYPE: true or false
SIZE WORK_LIST: 60
SIZE generated: 1
EVALUABLE#: 1

-------------------------

----------------
TTYPES
true or false
true or false
true or false

PROGS

LOCAL_COUNT: 9
GLOBAL_COUNT: 163

BASE_AFTER:
(send
  (begin
    (send
      (filled-hole
        (lvar InvitationCode(id: integer, token: string, diaspora_user_id: integer, count: integer)) {:method_arg=>false}) :count)) :discoverable=
  (filled-hole
    (true)
    (false)
    (hole 1 {:hash_depth=>0, :method_arg=>true, :variance=>:+}) {:method_arg=>true}))
BASETYPE: true or false
SIZE WORK_LIST: 59
SIZE generated: 3
EVALUABLE#: 2

-------------------------

----------------
TTYPES
true or false

PROGS

LOCAL_COUNT: 10
GLOBAL_COUNT: 164

BASE_AFTER:
(send
  (begin
    (send
      (filled-hole
        (lvar InvitationCode(id: integer, token: string, diaspora_user_id: integer, count: integer)) {:method_arg=>false}) :count)) :discoverable)
BASETYPE: true or false
SIZE WORK_LIST: 59
SIZE generated: 1
EVALUABLE#: 1

-------------------------

----------------
TTYPES
true or false
true or false
true or false

PROGS

LOCAL_COUNT: 11
GLOBAL_COUNT: 165

BASE_AFTER:
(send
  (begin
    (send
      (filled-hole
        (lvar InvitationCode(id: integer, token: string, diaspora_user_id: integer, count: integer)) {:method_arg=>false}) :count)) :scheduled_check=
  (filled-hole
    (true)
    (false)
    (hole 1 {:hash_depth=>0, :method_arg=>true, :variance=>:+}) {:method_arg=>true}))
BASETYPE: true or false
SIZE WORK_LIST: 58
SIZE generated: 3
EVALUABLE#: 2

-------------------------

----------------
TTYPES
true or false

PROGS

LOCAL_COUNT: 12
GLOBAL_COUNT: 166

BASE_AFTER:
(send
  (begin
    (send
      (filled-hole
        (lvar InvitationCode(id: integer, token: string, diaspora_user_id: integer, count: integer)) {:method_arg=>false}) :count)) :scheduled_check)
BASETYPE: true or false
SIZE WORK_LIST: 58
SIZE generated: 1
EVALUABLE#: 1

-------------------------

----------------
TTYPES
true or false
true or false
true or false

PROGS

LOCAL_COUNT: 13
GLOBAL_COUNT: 167

BASE_AFTER:
(send
  (begin
    (send
      (filled-hole
        (lvar InvitationCode(id: integer, token: string, diaspora_user_id: integer, count: integer)) {:method_arg=>false}) :count)) :otp_required_for_login=
  (filled-hole
    (true)
    (false)
    (hole 1 {:hash_depth=>0, :method_arg=>true, :variance=>:+}) {:method_arg=>true}))
BASETYPE: true or false
SIZE WORK_LIST: 57
SIZE generated: 3
EVALUABLE#: 2

-------------------------

----------------
TTYPES
true or false

PROGS

LOCAL_COUNT: 14
GLOBAL_COUNT: 168

BASE_AFTER:
(send
  (begin
    (send
      (filled-hole
        (lvar InvitationCode(id: integer, token: string, diaspora_user_id: integer, count: integer)) {:method_arg=>false}) :count)) :otp_required_for_login)
BASETYPE: true or false
SIZE WORK_LIST: 57
SIZE generated: 1
EVALUABLE#: 1

-------------------------

----------------
TTYPES
true or false
true or false
true or false

PROGS

LOCAL_COUNT: 15
GLOBAL_COUNT: 169

BASE_AFTER:
(send
  (begin
    (send
      (filled-hole
        (lvar InvitationCode(id: integer, token: string, diaspora_user_id: integer, count: integer)) {:method_arg=>false}) :count)) :admin=
  (filled-hole
    (true)
    (false)
    (hole 1 {:hash_depth=>0, :method_arg=>true, :variance=>:+}) {:method_arg=>true}))
BASETYPE: true or false
SIZE WORK_LIST: 56
SIZE generated: 3
EVALUABLE#: 2

-------------------------

----------------
TTYPES
true or false

PROGS

LOCAL_COUNT: 16
GLOBAL_COUNT: 170

BASE_AFTER:
(send
  (begin
    (send
      (filled-hole
        (lvar InvitationCode(id: integer, token: string, diaspora_user_id: integer, count: integer)) {:method_arg=>false}) :count)) :admin)
BASETYPE: true or false
SIZE WORK_LIST: 56
SIZE generated: 1
EVALUABLE#: 1

-------------------------

----------------
TTYPES
true or false
true or false
true or false

PROGS

LOCAL_COUNT: 17
GLOBAL_COUNT: 171

BASE_AFTER:
(send
  (begin
    (send
      (filled-hole
        (lvar InvitationCode(id: integer, token: string, diaspora_user_id: integer, count: integer)) {:method_arg=>false}) :count)) :staged=
  (filled-hole
    (true)
    (false)
    (hole 1 {:hash_depth=>0, :method_arg=>true, :variance=>:+}) {:method_arg=>true}))
BASETYPE: true or false
SIZE WORK_LIST: 55
SIZE generated: 3
EVALUABLE#: 2

-------------------------

----------------
TTYPES
true or false

PROGS

LOCAL_COUNT: 18
GLOBAL_COUNT: 172

BASE_AFTER:
(send
  (begin
    (send
      (filled-hole
        (lvar InvitationCode(id: integer, token: string, diaspora_user_id: integer, count: integer)) {:method_arg=>false}) :count)) :staged)
BASETYPE: true or false
SIZE WORK_LIST: 55
SIZE generated: 1
EVALUABLE#: 1

-------------------------

----------------
TTYPES
true or false
true or false
true or false

PROGS

LOCAL_COUNT: 19
GLOBAL_COUNT: 173

BASE_AFTER:
(send
  (begin
    (send
      (filled-hole
        (lvar InvitationCode(id: integer, token: string, diaspora_user_id: integer, count: integer)) {:method_arg=>false}) :count)) :active=
  (filled-hole
    (true)
    (false)
    (hole 1 {:hash_depth=>0, :method_arg=>true, :variance=>:+}) {:method_arg=>true}))
BASETYPE: true or false
SIZE WORK_LIST: 54
SIZE generated: 3
EVALUABLE#: 2

-------------------------

----------------
TTYPES
true or false

PROGS

LOCAL_COUNT: 20
GLOBAL_COUNT: 174

BASE_AFTER:
(send
  (begin
    (send
      (filled-hole
        (lvar InvitationCode(id: integer, token: string, diaspora_user_id: integer, count: integer)) {:method_arg=>false}) :count)) :active)
BASETYPE: true or false
SIZE WORK_LIST: 54
SIZE generated: 1
EVALUABLE#: 1

-------------------------

----------------
TTYPES
true or false
true or false
true or false

PROGS

LOCAL_COUNT: 21
GLOBAL_COUNT: 175

BASE_AFTER:
(send
  (begin
    (send
      (filled-hole
        (lvar InvitationCode(id: integer, token: string, diaspora_user_id: integer, count: integer)) {:method_arg=>false}) :count)) :primary=
  (filled-hole
    (true)
    (false)
    (hole 1 {:hash_depth=>0, :method_arg=>true, :variance=>:+}) {:method_arg=>true}))
BASETYPE: true or false
SIZE WORK_LIST: 53
SIZE generated: 3
EVALUABLE#: 2

-------------------------

----------------
TTYPES
true or false

PROGS

LOCAL_COUNT: 22
GLOBAL_COUNT: 176

BASE_AFTER:
(send
  (begin
    (send
      (filled-hole
        (lvar InvitationCode(id: integer, token: string, diaspora_user_id: integer, count: integer)) {:method_arg=>false}) :count)) :primary)
BASETYPE: true or false
SIZE WORK_LIST: 53
SIZE generated: 1
EVALUABLE#: 1

-------------------------

----------------
TTYPES
true or false
true or false
true or false

PROGS

LOCAL_COUNT: 23
GLOBAL_COUNT: 177

BASE_AFTER:
(send
  (begin
    (send
      (filled-hole
        (lvar InvitationCode(id: integer, token: string, diaspora_user_id: integer, count: integer)) {:method_arg=>false}) :count)) :moderator=
  (filled-hole
    (true)
    (false)
    (hole 1 {:hash_depth=>0, :method_arg=>true, :variance=>:+}) {:method_arg=>true}))
BASETYPE: true or false
SIZE WORK_LIST: 52
SIZE generated: 3
EVALUABLE#: 2

-------------------------

----------------
TTYPES
true or false

PROGS

LOCAL_COUNT: 24
GLOBAL_COUNT: 178

BASE_AFTER:
(send
  (begin
    (send
      (filled-hole
        (lvar InvitationCode(id: integer, token: string, diaspora_user_id: integer, count: integer)) {:method_arg=>false}) :count)) :moderator)
BASETYPE: true or false
SIZE WORK_LIST: 52
SIZE generated: 1
EVALUABLE#: 1

-------------------------

----------------
TTYPES
Integer
Integer
Integer
Integer

PROGS

LOCAL_COUNT: 25
GLOBAL_COUNT: 179

BASE_AFTER:
(begin
  (send
    (begin
      (send
        (filled-hole
          (lvar InvitationCode(id: integer, token: string, diaspora_user_id: integer, count: integer)) {:method_arg=>false}) :count)) :-
    (filled-hole
      (int 0)
      (int 1)
      (int 2)
      (hole 1 {:hash_depth=>0, :method_arg=>true, :variance=>:+}) {:method_arg=>true})))
BASETYPE: Integer
SIZE WORK_LIST: 51
SIZE generated: 4
EVALUABLE#: 3

-------------------------

----------------
TTYPES
Integer
Integer
Integer
Integer
Integer
Integer
Integer
Integer
Integer
Integer
Integer
Integer
Integer
Integer
Integer
Integer

PROGS

LOCAL_COUNT: 26
GLOBAL_COUNT: 180

BASE_AFTER:
(begin
  (send
    (send
      (filled-hole
        (lvar :arg0) {:method_arg=>false}) :id=
      (filled-hole
        (int 0)
        (int 1)
        (int 2)
        (hole 1 {:hash_depth=>0, :method_arg=>true, :variance=>:+}) {:method_arg=>true})) :-
    (filled-hole
      (int 0)
      (int 1)
      (int 2)
      (hole 1 {:hash_depth=>0, :method_arg=>true, :variance=>:+}) {:method_arg=>true})))
BASETYPE: Integer
SIZE WORK_LIST: 51
SIZE generated: 16
EVALUABLE#: 9

-------------------------

----------------
TTYPES
true or false
true or false
true or false
true or false

PROGS

LOCAL_COUNT: 27
GLOBAL_COUNT: 181

BASE_AFTER:
(begin
  (send
    (send
      (filled-hole
        (lvar :arg0) {:method_arg=>false}) :id=
      (filled-hole
        (int 0)
        (int 1)
        (int 2)
        (hole 1 {:hash_depth=>0, :method_arg=>true, :variance=>:+}) {:method_arg=>true})) :save))
BASETYPE: true or false
SIZE WORK_LIST: 57
SIZE generated: 4
EVALUABLE#: 3

-------------------------

----------------
TTYPES
Integer
Integer
Integer
Integer

PROGS

LOCAL_COUNT: 28
GLOBAL_COUNT: 182

BASE_AFTER:
(begin
  (send
    (send
      (filled-hole
        (lvar :arg0) {:method_arg=>false}) :id) :-
    (filled-hole
      (int 0)
      (int 1)
      (int 2)
      (hole 1 {:hash_depth=>0, :method_arg=>true, :variance=>:+}) {:method_arg=>true})))
BASETYPE: Integer
SIZE WORK_LIST: 57
SIZE generated: 4
EVALUABLE#: 3

-------------------------

----------------
TTYPES
true or false
true or false

PROGS

LOCAL_COUNT: 29
GLOBAL_COUNT: 183

BASE_AFTER:
(begin
  (send
    (send
      (filled-hole
        (lvar :arg0) {:method_arg=>false}) :token=
      (filled-hole
        (str "")
        (hole 1 {:hash_depth=>0, :method_arg=>true, :variance=>:+}) {:method_arg=>true})) :save))
BASETYPE: true or false
SIZE WORK_LIST: 57
SIZE generated: 2
EVALUABLE#: 1

-------------------------

----------------
TTYPES
Integer
Integer
Integer
Integer
Integer
Integer
Integer
Integer
Integer
Integer
Integer
Integer
Integer
Integer
Integer
Integer

PROGS

LOCAL_COUNT: 30
GLOBAL_COUNT: 184

BASE_AFTER:
(begin
  (send
    (send
      (filled-hole
        (lvar :arg0) {:method_arg=>false}) :diaspora_user_id=
      (filled-hole
        (int 0)
        (int 1)
        (int 2)
        (hole 1 {:hash_depth=>0, :method_arg=>true, :variance=>:+}) {:method_arg=>true})) :-
    (filled-hole
      (int 0)
      (int 1)
      (int 2)
      (hole 1 {:hash_depth=>0, :method_arg=>true, :variance=>:+}) {:method_arg=>true})))
BASETYPE: Integer
SIZE WORK_LIST: 57
SIZE generated: 16
EVALUABLE#: 9

-------------------------

----------------
TTYPES
Integer
Integer
Integer
Integer

PROGS

LOCAL_COUNT: 31
GLOBAL_COUNT: 185

BASE_AFTER:
(begin
  (send
    (send
      (filled-hole
        (lvar :arg0) {:method_arg=>false}) :diaspora_user_id) :-
    (filled-hole
      (int 0)
      (int 1)
      (int 2)
      (hole 1 {:hash_depth=>0, :method_arg=>true, :variance=>:+}) {:method_arg=>true})))
BASETYPE: Integer
SIZE WORK_LIST: 63
SIZE generated: 4
EVALUABLE#: 3

-------------------------

----------------
TTYPES
Integer
Integer
Integer
Integer
Integer
Integer
Integer
Integer
Integer
Integer
Integer
Integer
Integer
Integer
Integer
Integer

PROGS

LOCAL_COUNT: 32
GLOBAL_COUNT: 186

BASE_AFTER:
(begin
  (send
    (send
      (filled-hole
        (lvar :arg0) {:method_arg=>false}) :count=
      (filled-hole
        (int 0)
        (int 1)
        (int 2)
        (hole 1 {:hash_depth=>0, :method_arg=>true, :variance=>:+}) {:method_arg=>true})) :-
    (filled-hole
      (int 0)
      (int 1)
      (int 2)
      (hole 1 {:hash_depth=>0, :method_arg=>true, :variance=>:+}) {:method_arg=>true})))
BASETYPE: Integer
SIZE WORK_LIST: 63
SIZE generated: 16
EVALUABLE#: 9

-------------------------

----------------
TTYPES
Integer
Integer
Integer
Integer

PROGS

LOCAL_COUNT: 33
GLOBAL_COUNT: 187

BASE_AFTER:
(begin
  (send
    (begin
      (send
        (filled-hole
          (lvar :arg0) {:method_arg=>false}) :count)) :-
    (filled-hole
      (int 0)
      (int 1)
      (int 2)
      (hole 1 {:hash_depth=>0, :method_arg=>true, :variance=>:+}) {:method_arg=>true})))
BASETYPE: Integer
SIZE WORK_LIST: 69
SIZE generated: 4
EVALUABLE#: 3

-------------------------

----------------
TTYPES
true or false

PROGS

LOCAL_COUNT: 34
GLOBAL_COUNT: 188

BASE_AFTER:
(begin
  (send
    (send
      (filled-hole
        (lvar :arg0) {:method_arg=>false}) :diaspora_user) :save))
BASETYPE: true or false
SIZE WORK_LIST: 69
SIZE generated: 1
EVALUABLE#: 1

-------------------------

----------------
TTYPES
true or false

PROGS

LOCAL_COUNT: 35
GLOBAL_COUNT: 189

BASE_AFTER:
(begin
  (send
    (send
      (filled-hole
        (lvar :arg0) {:method_arg=>false}) :diaspora_user=
      (filled-hole
        (hole 1 {:hash_depth=>0, :method_arg=>true, :variance=>:+}) {:method_arg=>true})) :save))
BASETYPE: true or false
SIZE WORK_LIST: 68
SIZE generated: 1
EVALUABLE#: 0

-------------------------

----------------
TTYPES
true or false
true or false
true or false
true or false

PROGS

LOCAL_COUNT: 36
GLOBAL_COUNT: 190

BASE_AFTER:
(send
  (begin
    (send
      (lvar InvitationCode(id: integer, token: string, diaspora_user_id: integer, count: integer)) :count)) :confirmed=
  (filled-hole
    (begin
      (send
        (hole 0 {:hash_depth=>0, :limit_depth=>true, :recv=>true}) :-
        (hole 0 {:hash_depth=>0, :method_arg=>true})))
    (begin
      (send
        (hole 0 {:hash_depth=>0, :limit_depth=>true, :recv=>true}) :save))
    (begin
      (send
        (hole 0 {:hash_depth=>0, :limit_depth=>true, :recv=>true}) :count))
    (begin
      (send
        (hole 0 {:hash_depth=>0, :limit_depth=>true, :recv=>true}) :-
        (hole 0 {:hash_depth=>0, :method_arg=>true})))
    (begin
      (send
        (hole 0 {:hash_depth=>0, :limit_depth=>true, :recv=>true}) :save))
    (hole 2 {:hash_depth=>0, :method_arg=>true, :variance=>:+}) {:method_arg=>true}))
BASETYPE: true or false
SIZE WORK_LIST: 68
SIZE generated: 4
EVALUABLE#: 0

-------------------------

----------------
TTYPES
true or false

PROGS

LOCAL_COUNT: 37
GLOBAL_COUNT: 191

BASE_AFTER:
(send
  (begin
    (send
      (lvar InvitationCode(id: integer, token: string, diaspora_user_id: integer, count: integer)) :count)) :confirmed=
  (begin
    (send
      (filled-hole
        (lvar InvitationCode(id: integer, token: string, diaspora_user_id: integer, count: integer)) {:method_arg=>false}) :count)))
BASETYPE: true or false
SIZE WORK_LIST: 71
SIZE generated: 1
EVALUABLE#: 1

-------------------------

----------------
TTYPES
true or false
true or false
true or false
true or false

PROGS

LOCAL_COUNT: 38
GLOBAL_COUNT: 192

BASE_AFTER:
(send
  (begin
    (send
      (lvar InvitationCode(id: integer, token: string, diaspora_user_id: integer, count: integer)) :count)) :expired=
  (filled-hole
    (begin
      (send
        (hole 0 {:hash_depth=>0, :limit_depth=>true, :recv=>true}) :-
        (hole 0 {:hash_depth=>0, :method_arg=>true})))
    (begin
      (send
        (hole 0 {:hash_depth=>0, :limit_depth=>true, :recv=>true}) :save))
    (begin
      (send
        (hole 0 {:hash_depth=>0, :limit_depth=>true, :recv=>true}) :count))
    (begin
      (send
        (hole 0 {:hash_depth=>0, :limit_depth=>true, :recv=>true}) :-
        (hole 0 {:hash_depth=>0, :method_arg=>true})))
    (begin
      (send
        (hole 0 {:hash_depth=>0, :limit_depth=>true, :recv=>true}) :save))
    (hole 2 {:hash_depth=>0, :method_arg=>true, :variance=>:+}) {:method_arg=>true}))
BASETYPE: true or false
SIZE WORK_LIST: 70
SIZE generated: 4
EVALUABLE#: 0

-------------------------

----------------
TTYPES
true or false

PROGS

LOCAL_COUNT: 39
GLOBAL_COUNT: 193

BASE_AFTER:
(send
  (begin
    (send
      (lvar InvitationCode(id: integer, token: string, diaspora_user_id: integer, count: integer)) :count)) :expired=
  (begin
    (send
      (filled-hole
        (lvar InvitationCode(id: integer, token: string, diaspora_user_id: integer, count: integer)) {:method_arg=>false}) :count)))
BASETYPE: true or false
SIZE WORK_LIST: 73
SIZE generated: 1
EVALUABLE#: 1

-------------------------

----------------
TTYPES
true or false
true or false
true or false
true or false

PROGS

LOCAL_COUNT: 40
GLOBAL_COUNT: 194

BASE_AFTER:
(send
  (begin
    (send
      (lvar InvitationCode(id: integer, token: string, diaspora_user_id: integer, count: integer)) :count)) :discoverable=
  (filled-hole
    (begin
      (send
        (hole 0 {:hash_depth=>0, :limit_depth=>true, :recv=>true}) :-
        (hole 0 {:hash_depth=>0, :method_arg=>true})))
    (begin
      (send
        (hole 0 {:hash_depth=>0, :limit_depth=>true, :recv=>true}) :save))
    (begin
      (send
        (hole 0 {:hash_depth=>0, :limit_depth=>true, :recv=>true}) :count))
    (begin
      (send
        (hole 0 {:hash_depth=>0, :limit_depth=>true, :recv=>true}) :-
        (hole 0 {:hash_depth=>0, :method_arg=>true})))
    (begin
      (send
        (hole 0 {:hash_depth=>0, :limit_depth=>true, :recv=>true}) :save))
    (hole 2 {:hash_depth=>0, :method_arg=>true, :variance=>:+}) {:method_arg=>true}))
BASETYPE: true or false
SIZE WORK_LIST: 72
SIZE generated: 4
EVALUABLE#: 0

-------------------------

----------------
TTYPES
true or false

PROGS

LOCAL_COUNT: 41
GLOBAL_COUNT: 195

BASE_AFTER:
(send
  (begin
    (send
      (lvar InvitationCode(id: integer, token: string, diaspora_user_id: integer, count: integer)) :count)) :discoverable=
  (begin
    (send
      (filled-hole
        (lvar InvitationCode(id: integer, token: string, diaspora_user_id: integer, count: integer)) {:method_arg=>false}) :count)))
BASETYPE: true or false
SIZE WORK_LIST: 75
SIZE generated: 1
EVALUABLE#: 1

-------------------------

----------------
TTYPES
true or false
true or false
true or false
true or false

PROGS

LOCAL_COUNT: 42
GLOBAL_COUNT: 196

BASE_AFTER:
(send
  (begin
    (send
      (lvar InvitationCode(id: integer, token: string, diaspora_user_id: integer, count: integer)) :count)) :scheduled_check=
  (filled-hole
    (begin
      (send
        (hole 0 {:hash_depth=>0, :limit_depth=>true, :recv=>true}) :-
        (hole 0 {:hash_depth=>0, :method_arg=>true})))
    (begin
      (send
        (hole 0 {:hash_depth=>0, :limit_depth=>true, :recv=>true}) :save))
    (begin
      (send
        (hole 0 {:hash_depth=>0, :limit_depth=>true, :recv=>true}) :count))
    (begin
      (send
        (hole 0 {:hash_depth=>0, :limit_depth=>true, :recv=>true}) :-
        (hole 0 {:hash_depth=>0, :method_arg=>true})))
    (begin
      (send
        (hole 0 {:hash_depth=>0, :limit_depth=>true, :recv=>true}) :save))
    (hole 2 {:hash_depth=>0, :method_arg=>true, :variance=>:+}) {:method_arg=>true}))
BASETYPE: true or false
SIZE WORK_LIST: 74
SIZE generated: 4
EVALUABLE#: 0

-------------------------

----------------
TTYPES
true or false

PROGS

LOCAL_COUNT: 43
GLOBAL_COUNT: 197

BASE_AFTER:
(send
  (begin
    (send
      (lvar InvitationCode(id: integer, token: string, diaspora_user_id: integer, count: integer)) :count)) :scheduled_check=
  (begin
    (send
      (filled-hole
        (lvar InvitationCode(id: integer, token: string, diaspora_user_id: integer, count: integer)) {:method_arg=>false}) :count)))
BASETYPE: true or false
SIZE WORK_LIST: 77
SIZE generated: 1
EVALUABLE#: 1

-------------------------

----------------
TTYPES
true or false
true or false
true or false
true or false

PROGS

LOCAL_COUNT: 44
GLOBAL_COUNT: 198

BASE_AFTER:
(send
  (begin
    (send
      (lvar InvitationCode(id: integer, token: string, diaspora_user_id: integer, count: integer)) :count)) :otp_required_for_login=
  (filled-hole
    (begin
      (send
        (hole 0 {:hash_depth=>0, :limit_depth=>true, :recv=>true}) :-
        (hole 0 {:hash_depth=>0, :method_arg=>true})))
    (begin
      (send
        (hole 0 {:hash_depth=>0, :limit_depth=>true, :recv=>true}) :save))
    (begin
      (send
        (hole 0 {:hash_depth=>0, :limit_depth=>true, :recv=>true}) :count))
    (begin
      (send
        (hole 0 {:hash_depth=>0, :limit_depth=>true, :recv=>true}) :-
        (hole 0 {:hash_depth=>0, :method_arg=>true})))
    (begin
      (send
        (hole 0 {:hash_depth=>0, :limit_depth=>true, :recv=>true}) :save))
    (hole 2 {:hash_depth=>0, :method_arg=>true, :variance=>:+}) {:method_arg=>true}))
BASETYPE: true or false
SIZE WORK_LIST: 76
SIZE generated: 4
EVALUABLE#: 0

-------------------------

----------------
TTYPES
true or false

PROGS

LOCAL_COUNT: 45
GLOBAL_COUNT: 199

BASE_AFTER:
(send
  (begin
    (send
      (lvar InvitationCode(id: integer, token: string, diaspora_user_id: integer, count: integer)) :count)) :otp_required_for_login=
  (begin
    (send
      (filled-hole
        (lvar InvitationCode(id: integer, token: string, diaspora_user_id: integer, count: integer)) {:method_arg=>false}) :count)))
BASETYPE: true or false
SIZE WORK_LIST: 79
SIZE generated: 1
EVALUABLE#: 1

-------------------------

----------------
TTYPES
true or false
true or false
true or false
true or false

PROGS

LOCAL_COUNT: 46
GLOBAL_COUNT: 200

BASE_AFTER:
(send
  (begin
    (send
      (lvar InvitationCode(id: integer, token: string, diaspora_user_id: integer, count: integer)) :count)) :admin=
  (filled-hole
    (begin
      (send
        (hole 0 {:hash_depth=>0, :limit_depth=>true, :recv=>true}) :-
        (hole 0 {:hash_depth=>0, :method_arg=>true})))
    (begin
      (send
        (hole 0 {:hash_depth=>0, :limit_depth=>true, :recv=>true}) :save))
    (begin
      (send
        (hole 0 {:hash_depth=>0, :limit_depth=>true, :recv=>true}) :count))
    (begin
      (send
        (hole 0 {:hash_depth=>0, :limit_depth=>true, :recv=>true}) :-
        (hole 0 {:hash_depth=>0, :method_arg=>true})))
    (begin
      (send
        (hole 0 {:hash_depth=>0, :limit_depth=>true, :recv=>true}) :save))
    (hole 2 {:hash_depth=>0, :method_arg=>true, :variance=>:+}) {:method_arg=>true}))
BASETYPE: true or false
SIZE WORK_LIST: 78
SIZE generated: 4
EVALUABLE#: 0

-------------------------

----------------
TTYPES
true or false

PROGS

LOCAL_COUNT: 47
GLOBAL_COUNT: 201

BASE_AFTER:
(send
  (begin
    (send
      (lvar InvitationCode(id: integer, token: string, diaspora_user_id: integer, count: integer)) :count)) :admin=
  (begin
    (send
      (filled-hole
        (lvar InvitationCode(id: integer, token: string, diaspora_user_id: integer, count: integer)) {:method_arg=>false}) :count)))
BASETYPE: true or false
SIZE WORK_LIST: 81
SIZE generated: 1
EVALUABLE#: 1

-------------------------

----------------
TTYPES
true or false
true or false
true or false
true or false

PROGS

LOCAL_COUNT: 48
GLOBAL_COUNT: 202

BASE_AFTER:
(send
  (begin
    (send
      (lvar InvitationCode(id: integer, token: string, diaspora_user_id: integer, count: integer)) :count)) :staged=
  (filled-hole
    (begin
      (send
        (hole 0 {:hash_depth=>0, :limit_depth=>true, :recv=>true}) :-
        (hole 0 {:hash_depth=>0, :method_arg=>true})))
    (begin
      (send
        (hole 0 {:hash_depth=>0, :limit_depth=>true, :recv=>true}) :save))
    (begin
      (send
        (hole 0 {:hash_depth=>0, :limit_depth=>true, :recv=>true}) :count))
    (begin
      (send
        (hole 0 {:hash_depth=>0, :limit_depth=>true, :recv=>true}) :-
        (hole 0 {:hash_depth=>0, :method_arg=>true})))
    (begin
      (send
        (hole 0 {:hash_depth=>0, :limit_depth=>true, :recv=>true}) :save))
    (hole 2 {:hash_depth=>0, :method_arg=>true, :variance=>:+}) {:method_arg=>true}))
BASETYPE: true or false
SIZE WORK_LIST: 80
SIZE generated: 4
EVALUABLE#: 0

-------------------------

----------------
TTYPES
true or false

PROGS

LOCAL_COUNT: 49
GLOBAL_COUNT: 203

BASE_AFTER:
(send
  (begin
    (send
      (lvar InvitationCode(id: integer, token: string, diaspora_user_id: integer, count: integer)) :count)) :staged=
  (begin
    (send
      (filled-hole
        (lvar InvitationCode(id: integer, token: string, diaspora_user_id: integer, count: integer)) {:method_arg=>false}) :count)))
BASETYPE: true or false
SIZE WORK_LIST: 83
SIZE generated: 1
EVALUABLE#: 1

-------------------------

----------------
TTYPES
true or false
true or false
true or false
true or false

PROGS

LOCAL_COUNT: 50
GLOBAL_COUNT: 204

BASE_AFTER:
(send
  (begin
    (send
      (lvar InvitationCode(id: integer, token: string, diaspora_user_id: integer, count: integer)) :count)) :active=
  (filled-hole
    (begin
      (send
        (hole 0 {:hash_depth=>0, :limit_depth=>true, :recv=>true}) :-
        (hole 0 {:hash_depth=>0, :method_arg=>true})))
    (begin
      (send
        (hole 0 {:hash_depth=>0, :limit_depth=>true, :recv=>true}) :save))
    (begin
      (send
        (hole 0 {:hash_depth=>0, :limit_depth=>true, :recv=>true}) :count))
    (begin
      (send
        (hole 0 {:hash_depth=>0, :limit_depth=>true, :recv=>true}) :-
        (hole 0 {:hash_depth=>0, :method_arg=>true})))
    (begin
      (send
        (hole 0 {:hash_depth=>0, :limit_depth=>true, :recv=>true}) :save))
    (hole 2 {:hash_depth=>0, :method_arg=>true, :variance=>:+}) {:method_arg=>true}))
BASETYPE: true or false
SIZE WORK_LIST: 82
SIZE generated: 4
EVALUABLE#: 0

-------------------------

----------------
TTYPES
true or false

PROGS

LOCAL_COUNT: 51
GLOBAL_COUNT: 205

BASE_AFTER:
(send
  (begin
    (send
      (lvar InvitationCode(id: integer, token: string, diaspora_user_id: integer, count: integer)) :count)) :active=
  (begin
    (send
      (filled-hole
        (lvar InvitationCode(id: integer, token: string, diaspora_user_id: integer, count: integer)) {:method_arg=>false}) :count)))
BASETYPE: true or false
SIZE WORK_LIST: 85
SIZE generated: 1
EVALUABLE#: 1

-------------------------

----------------
TTYPES
true or false
true or false
true or false
true or false

PROGS

LOCAL_COUNT: 52
GLOBAL_COUNT: 206

BASE_AFTER:
(send
  (begin
    (send
      (lvar InvitationCode(id: integer, token: string, diaspora_user_id: integer, count: integer)) :count)) :primary=
  (filled-hole
    (begin
      (send
        (hole 0 {:hash_depth=>0, :limit_depth=>true, :recv=>true}) :-
        (hole 0 {:hash_depth=>0, :method_arg=>true})))
    (begin
      (send
        (hole 0 {:hash_depth=>0, :limit_depth=>true, :recv=>true}) :save))
    (begin
      (send
        (hole 0 {:hash_depth=>0, :limit_depth=>true, :recv=>true}) :count))
    (begin
      (send
        (hole 0 {:hash_depth=>0, :limit_depth=>true, :recv=>true}) :-
        (hole 0 {:hash_depth=>0, :method_arg=>true})))
    (begin
      (send
        (hole 0 {:hash_depth=>0, :limit_depth=>true, :recv=>true}) :save))
    (hole 2 {:hash_depth=>0, :method_arg=>true, :variance=>:+}) {:method_arg=>true}))
BASETYPE: true or false
SIZE WORK_LIST: 84
SIZE generated: 4
EVALUABLE#: 0

-------------------------

----------------
TTYPES
true or false

PROGS

LOCAL_COUNT: 53
GLOBAL_COUNT: 207

BASE_AFTER:
(send
  (begin
    (send
      (lvar InvitationCode(id: integer, token: string, diaspora_user_id: integer, count: integer)) :count)) :primary=
  (begin
    (send
      (filled-hole
        (lvar InvitationCode(id: integer, token: string, diaspora_user_id: integer, count: integer)) {:method_arg=>false}) :count)))
BASETYPE: true or false
SIZE WORK_LIST: 87
SIZE generated: 1
EVALUABLE#: 1

-------------------------

----------------
TTYPES
true or false
true or false
true or false
true or false

PROGS

LOCAL_COUNT: 54
GLOBAL_COUNT: 208

BASE_AFTER:
(send
  (begin
    (send
      (lvar InvitationCode(id: integer, token: string, diaspora_user_id: integer, count: integer)) :count)) :moderator=
  (filled-hole
    (begin
      (send
        (hole 0 {:hash_depth=>0, :limit_depth=>true, :recv=>true}) :-
        (hole 0 {:hash_depth=>0, :method_arg=>true})))
    (begin
      (send
        (hole 0 {:hash_depth=>0, :limit_depth=>true, :recv=>true}) :save))
    (begin
      (send
        (hole 0 {:hash_depth=>0, :limit_depth=>true, :recv=>true}) :count))
    (begin
      (send
        (hole 0 {:hash_depth=>0, :limit_depth=>true, :recv=>true}) :-
        (hole 0 {:hash_depth=>0, :method_arg=>true})))
    (begin
      (send
        (hole 0 {:hash_depth=>0, :limit_depth=>true, :recv=>true}) :save))
    (hole 2 {:hash_depth=>0, :method_arg=>true, :variance=>:+}) {:method_arg=>true}))
BASETYPE: true or false
SIZE WORK_LIST: 86
SIZE generated: 4
EVALUABLE#: 0

-------------------------

----------------
TTYPES
true or false

PROGS

LOCAL_COUNT: 55
GLOBAL_COUNT: 209

BASE_AFTER:
(send
  (begin
    (send
      (lvar InvitationCode(id: integer, token: string, diaspora_user_id: integer, count: integer)) :count)) :moderator=
  (begin
    (send
      (filled-hole
        (lvar InvitationCode(id: integer, token: string, diaspora_user_id: integer, count: integer)) {:method_arg=>false}) :count)))
BASETYPE: true or false
SIZE WORK_LIST: 89
SIZE generated: 1
EVALUABLE#: 1

-------------------------

----------------
TTYPES
Integer
Integer
Integer
Integer
Integer
Integer
Integer
Integer
Integer

PROGS

LOCAL_COUNT: 56
GLOBAL_COUNT: 210

BASE_AFTER:
(begin
  (send
    (begin
      (send
        (lvar InvitationCode(id: integer, token: string, diaspora_user_id: integer, count: integer)) :count)) :-
    (filled-hole
      (send
        (hole 0 {:hash_depth=>0, :limit_depth=>true, :recv=>true}) :id=
        (hole 0 {:hash_depth=>0, :method_arg=>true}))
      (send
        (hole 0 {:hash_depth=>0, :limit_depth=>true, :recv=>true}) :id)
      (send
        (hole 0 {:hash_depth=>0, :limit_depth=>true, :recv=>true}) :diaspora_user_id=
        (hole 0 {:hash_depth=>0, :method_arg=>true}))
      (send
        (hole 0 {:hash_depth=>0, :limit_depth=>true, :recv=>true}) :diaspora_user_id)
      (send
        (hole 0 {:hash_depth=>0, :limit_depth=>true, :recv=>true}) :count=
        (hole 0 {:hash_depth=>0, :method_arg=>true}))
      (begin
        (send
          (hole 0 {:hash_depth=>0, :limit_depth=>true, :recv=>true}) :count))
      (begin
        (send
          (hole 0 {:hash_depth=>0, :limit_depth=>true, :recv=>true}) :count))
      (begin
        (send
          (hole 0 {:hash_depth=>0, :limit_depth=>true, :recv=>true}) :count))
      (begin
        (send
          (hole 0 {:hash_depth=>0, :limit_depth=>true, :recv=>true}) :-
          (hole 0 {:hash_depth=>0, :method_arg=>true})))
      (begin
        (send
          (hole 0 {:hash_depth=>0, :limit_depth=>true, :recv=>true}) :count))
      (begin
        (send
          (hole 0 {:hash_depth=>0, :limit_depth=>true, :recv=>true}) :-
          (hole 0 {:hash_depth=>0, :method_arg=>true})))
      (hole 2 {:hash_depth=>0, :method_arg=>true, :variance=>:+}) {:method_arg=>true})))
BASETYPE: Integer
SIZE WORK_LIST: 88
SIZE generated: 9
EVALUABLE#: 0

-------------------------

----------------
TTYPES
Integer

PROGS

LOCAL_COUNT: 57
GLOBAL_COUNT: 211

BASE_AFTER:
(begin
  (send
    (begin
      (send
        (lvar InvitationCode(id: integer, token: string, diaspora_user_id: integer, count: integer)) :count)) :-
    (begin
      (send
        (filled-hole
          (lvar InvitationCode(id: integer, token: string, diaspora_user_id: integer, count: integer)) {:method_arg=>false}) :count))))
BASETYPE: Integer
SIZE WORK_LIST: 96
SIZE generated: 1
EVALUABLE#: 1

-------------------------

----------------
TTYPES
Integer
Integer
Integer
Integer

PROGS

LOCAL_COUNT: 58
GLOBAL_COUNT: 212

BASE_AFTER:
(begin
  (send
    (begin
      (send
        (lvar InvitationCode(id: integer, token: string, diaspora_user_id: integer, count: integer)) :count)) :-
    (send
      (filled-hole
        (lvar :arg0) {:method_arg=>false}) :id=
      (filled-hole
        (int 0)
        (int 1)
        (int 2)
        (hole 1 {:hash_depth=>0, :method_arg=>true, :variance=>:+}) {:method_arg=>true}))))
BASETYPE: Integer
SIZE WORK_LIST: 95
SIZE generated: 4
EVALUABLE#: 3

-------------------------

----------------
TTYPES
Integer

PROGS

LOCAL_COUNT: 59
GLOBAL_COUNT: 213

BASE_AFTER:
(begin
  (send
    (begin
      (send
        (lvar InvitationCode(id: integer, token: string, diaspora_user_id: integer, count: integer)) :count)) :-
    (send
      (filled-hole
        (lvar :arg0) {:method_arg=>false}) :id)))
BASETYPE: Integer
SIZE WORK_LIST: 95
SIZE generated: 1
EVALUABLE#: 1

-------------------------

----------------
TTYPES
Integer
Integer
Integer
Integer

PROGS

LOCAL_COUNT: 60
GLOBAL_COUNT: 214

BASE_AFTER:
(begin
  (send
    (begin
      (send
        (lvar InvitationCode(id: integer, token: string, diaspora_user_id: integer, count: integer)) :count)) :-
    (send
      (filled-hole
        (lvar :arg0) {:method_arg=>false}) :diaspora_user_id=
      (filled-hole
        (int 0)
        (int 1)
        (int 2)
        (hole 1 {:hash_depth=>0, :method_arg=>true, :variance=>:+}) {:method_arg=>true}))))
BASETYPE: Integer
SIZE WORK_LIST: 94
SIZE generated: 4
EVALUABLE#: 3

-------------------------

----------------
TTYPES
Integer

PROGS

LOCAL_COUNT: 61
GLOBAL_COUNT: 215

BASE_AFTER:
(begin
  (send
    (begin
      (send
        (lvar InvitationCode(id: integer, token: string, diaspora_user_id: integer, count: integer)) :count)) :-
    (send
      (filled-hole
        (lvar :arg0) {:method_arg=>false}) :diaspora_user_id)))
BASETYPE: Integer
SIZE WORK_LIST: 94
SIZE generated: 1
EVALUABLE#: 1

-------------------------

----------------
TTYPES
Integer
Integer
Integer
Integer

PROGS

LOCAL_COUNT: 62
GLOBAL_COUNT: 216

BASE_AFTER:
(begin
  (send
    (begin
      (send
        (lvar InvitationCode(id: integer, token: string, diaspora_user_id: integer, count: integer)) :count)) :-
    (send
      (filled-hole
        (lvar :arg0) {:method_arg=>false}) :count=
      (filled-hole
        (int 0)
        (int 1)
        (int 2)
        (hole 1 {:hash_depth=>0, :method_arg=>true, :variance=>:+}) {:method_arg=>true}))))
BASETYPE: Integer
SIZE WORK_LIST: 93
SIZE generated: 4
EVALUABLE#: 3

-------------------------

----------------
TTYPES
Integer

PROGS

LOCAL_COUNT: 63
GLOBAL_COUNT: 217

BASE_AFTER:
(begin
  (send
    (begin
      (send
        (lvar InvitationCode(id: integer, token: string, diaspora_user_id: integer, count: integer)) :count)) :-
    (begin
      (send
        (filled-hole
          (lvar :arg0) {:method_arg=>false}) :count))))
BASETYPE: Integer
SIZE WORK_LIST: 93
SIZE generated: 1
EVALUABLE#: 1

-------------------------

----------------
TTYPES
true or false
true or false
Integer
Integer
Integer
String
%bot

PROGS

LOCAL_COUNT: 1
GLOBAL_COUNT: 1

BASE_AFTER:
(filled-hole
  (true)
  (false)
  (int 0)
  (int 1)
  (int 2)
  (str "")
  (hole 1 {:hash_depth=>0, :method_arg=>false, :variance=>:-}) {:method_arg=>false})
BASETYPE: %bot
SIZE WORK_LIST: 0
SIZE generated: 7
EVALUABLE#: 6

-------------------------

----------------
TTYPES
true or false
true or false

PROGS

LOCAL_COUNT: 2
GLOBAL_COUNT: 2

BASE_AFTER:
(true)
BASETYPE: true or false
SIZE WORK_LIST: 6
SIZE generated: 2
EVALUABLE#: 0

-------------------------

----------------
TTYPES
true or false
true or false

PROGS

LOCAL_COUNT: 3
GLOBAL_COUNT: 3

BASE_AFTER:
(false)
BASETYPE: true or false
SIZE WORK_LIST: 7
SIZE generated: 2
EVALUABLE#: 0

-------------------------

----------------
TTYPES
Integer
Integer

PROGS

LOCAL_COUNT: 4
GLOBAL_COUNT: 4

BASE_AFTER:
(int 0)
BASETYPE: Integer
SIZE WORK_LIST: 8
SIZE generated: 2
EVALUABLE#: 0

-------------------------

----------------
TTYPES
Integer
Integer

PROGS

LOCAL_COUNT: 5
GLOBAL_COUNT: 5

BASE_AFTER:
(int 1)
BASETYPE: Integer
SIZE WORK_LIST: 9
SIZE generated: 2
EVALUABLE#: 0

-------------------------

----------------
TTYPES
Integer
Integer

PROGS

LOCAL_COUNT: 6
GLOBAL_COUNT: 6

BASE_AFTER:
(int 2)
BASETYPE: Integer
SIZE WORK_LIST: 10
SIZE generated: 2
EVALUABLE#: 0

-------------------------

----------------
TTYPES
String
String

PROGS

LOCAL_COUNT: 7
GLOBAL_COUNT: 7

BASE_AFTER:
(str "")
BASETYPE: String
SIZE WORK_LIST: 11
SIZE generated: 2
EVALUABLE#: 0

-------------------------

----------------
TTYPES
%bot

PROGS

LOCAL_COUNT: 8
GLOBAL_COUNT: 8

BASE_AFTER:
(filled-hole
  (begin
    (send
      (hole 0 {:hash_depth=>0, :limit_depth=>true, :recv=>true}) :-
      (hole 0 {:hash_depth=>0, :method_arg=>true})))
  (begin
    (send
      (hole 0 {:hash_depth=>0, :limit_depth=>true, :recv=>true}) :count))
  (begin
    (send
      (hole 0 {:hash_depth=>0, :limit_depth=>true, :recv=>true}) :-
      (hole 0 {:hash_depth=>0, :method_arg=>true})))
  (hole 2 {:hash_depth=>0, :method_arg=>false, :variance=>:-}) {:method_arg=>false})
BASETYPE: %bot
SIZE WORK_LIST: 12
SIZE generated: 1
EVALUABLE#: 0

-------------------------

----------------
TTYPES
true or false
true or false
true or false
true or false

PROGS

LOCAL_COUNT: 9
GLOBAL_COUNT: 9

BASE_AFTER:
(begin
  (send
    (hole 0 {:hash_depth=>0, :limit_depth=>true, :recv=>true}) :count=
    (hole 0 {:hash_depth=>0, :method_arg=>true}))
  (true))
BASETYPE: true or false
SIZE WORK_LIST: 12
SIZE generated: 4
EVALUABLE#: 3

-------------------------

----------------
TTYPES
true or false

PROGS

LOCAL_COUNT: 10
GLOBAL_COUNT: 10

BASE_AFTER:
(begin
  (send
    (hole 0 {:hash_depth=>0, :limit_depth=>true, :recv=>true}) :diaspora_user=
    (hole 0 {:hash_depth=>0, :method_arg=>true}))
  (true))
BASETYPE: true or false
SIZE WORK_LIST: 14
SIZE generated: 1
EVALUABLE#: 0

-------------------------

----------------
TTYPES
true or false
true or false
true or false
true or false

PROGS

LOCAL_COUNT: 11
GLOBAL_COUNT: 11

BASE_AFTER:
(begin
  (send
    (hole 0 {:hash_depth=>0, :limit_depth=>true, :recv=>true}) :count=
    (hole 0 {:hash_depth=>0, :method_arg=>true}))
  (false))
BASETYPE: true or false
SIZE WORK_LIST: 14
SIZE generated: 4
EVALUABLE#: 3

-------------------------

----------------
TTYPES
true or false

PROGS

LOCAL_COUNT: 12
GLOBAL_COUNT: 12

BASE_AFTER:
(begin
  (send
    (hole 0 {:hash_depth=>0, :limit_depth=>true, :recv=>true}) :diaspora_user=
    (hole 0 {:hash_depth=>0, :method_arg=>true}))
  (false))
BASETYPE: true or false
SIZE WORK_LIST: 16
SIZE generated: 1
EVALUABLE#: 0

-------------------------

----------------
TTYPES
Integer
Integer
Integer
Integer
Integer

PROGS

LOCAL_COUNT: 13
GLOBAL_COUNT: 13

BASE_AFTER:
(begin
  (send
    (hole 0 {:hash_depth=>0, :limit_depth=>true, :recv=>true}) :count=
    (hole 0 {:hash_depth=>0, :method_arg=>true}))
  (int 0))
BASETYPE: Integer
SIZE WORK_LIST: 16
SIZE generated: 5
EVALUABLE#: 4

-------------------------

----------------
TTYPES
Integer

PROGS

LOCAL_COUNT: 14
GLOBAL_COUNT: 14

BASE_AFTER:
(begin
  (send
    (hole 0 {:hash_depth=>0, :limit_depth=>true, :recv=>true}) :diaspora_user=
    (hole 0 {:hash_depth=>0, :method_arg=>true}))
  (int 0))
BASETYPE: Integer
SIZE WORK_LIST: 19
SIZE generated: 1
EVALUABLE#: 0

-------------------------

----------------
TTYPES
Integer
Integer
Integer
Integer
Integer

PROGS

LOCAL_COUNT: 15
GLOBAL_COUNT: 15

BASE_AFTER:
(begin
  (send
    (hole 0 {:hash_depth=>0, :limit_depth=>true, :recv=>true}) :count=
    (hole 0 {:hash_depth=>0, :method_arg=>true}))
  (int 1))
BASETYPE: Integer
SIZE WORK_LIST: 19
SIZE generated: 5
EVALUABLE#: 4

-------------------------

----------------
TTYPES
Integer

PROGS

LOCAL_COUNT: 16
GLOBAL_COUNT: 16

BASE_AFTER:
(begin
  (send
    (hole 0 {:hash_depth=>0, :limit_depth=>true, :recv=>true}) :diaspora_user=
    (hole 0 {:hash_depth=>0, :method_arg=>true}))
  (int 1))
BASETYPE: Integer
SIZE WORK_LIST: 22
SIZE generated: 1
EVALUABLE#: 0

-------------------------

----------------
TTYPES
Integer
Integer
Integer
Integer
Integer

PROGS

LOCAL_COUNT: 17
GLOBAL_COUNT: 17

BASE_AFTER:
(begin
  (send
    (hole 0 {:hash_depth=>0, :limit_depth=>true, :recv=>true}) :count=
    (hole 0 {:hash_depth=>0, :method_arg=>true}))
  (int 2))
BASETYPE: Integer
SIZE WORK_LIST: 22
SIZE generated: 5
EVALUABLE#: 4

-------------------------

----------------
TTYPES
Integer

PROGS

LOCAL_COUNT: 18
GLOBAL_COUNT: 18

BASE_AFTER:
(begin
  (send
    (hole 0 {:hash_depth=>0, :limit_depth=>true, :recv=>true}) :diaspora_user=
    (hole 0 {:hash_depth=>0, :method_arg=>true}))
  (int 2))
BASETYPE: Integer
SIZE WORK_LIST: 24
SIZE generated: 1
EVALUABLE#: 0

-------------------------

----------------
TTYPES
String
String
String
String

PROGS

LOCAL_COUNT: 19
GLOBAL_COUNT: 19

BASE_AFTER:
(begin
  (send
    (hole 0 {:hash_depth=>0, :limit_depth=>true, :recv=>true}) :count=
    (hole 0 {:hash_depth=>0, :method_arg=>true}))
  (str ""))
BASETYPE: String
SIZE WORK_LIST: 24
SIZE generated: 4
EVALUABLE#: 3

-------------------------

----------------
TTYPES
String

PROGS

LOCAL_COUNT: 20
GLOBAL_COUNT: 20

BASE_AFTER:
(begin
  (send
    (hole 0 {:hash_depth=>0, :limit_depth=>true, :recv=>true}) :diaspora_user=
    (hole 0 {:hash_depth=>0, :method_arg=>true}))
  (str ""))
BASETYPE: String
SIZE WORK_LIST: 26
SIZE generated: 1
EVALUABLE#: 0

-------------------------

----------------
TTYPES
true or false
true or false

PROGS

LOCAL_COUNT: 21
GLOBAL_COUNT: 21

BASE_AFTER:
(begin
  (send
    (lvar :arg0) :count=
    (int 0))
  (true))
BASETYPE: true or false
SIZE WORK_LIST: 26
SIZE generated: 2
EVALUABLE#: 0

-------------------------

----------------
TTYPES
true or false
true or false

PROGS

LOCAL_COUNT: 22
GLOBAL_COUNT: 22

BASE_AFTER:
(begin
  (send
    (lvar :arg0) :count=
    (int 1))
  (true))
BASETYPE: true or false
SIZE WORK_LIST: 27
SIZE generated: 2
EVALUABLE#: 0

-------------------------

----------------
TTYPES
true or false
true or false

PROGS

LOCAL_COUNT: 23
GLOBAL_COUNT: 23

BASE_AFTER:
(begin
  (send
    (lvar :arg0) :count=
    (int 0))
  (false))
BASETYPE: true or false
SIZE WORK_LIST: 28
SIZE generated: 2
EVALUABLE#: 0

-------------------------

----------------
TTYPES
true or false
true or false

PROGS

LOCAL_COUNT: 24
GLOBAL_COUNT: 24

BASE_AFTER:
(begin
  (send
    (lvar :arg0) :count=
    (int 1))
  (false))
BASETYPE: true or false
SIZE WORK_LIST: 29
SIZE generated: 2
EVALUABLE#: 0

-------------------------

----------------
TTYPES
Integer
Integer

PROGS

LOCAL_COUNT: 25
GLOBAL_COUNT: 25

BASE_AFTER:
(begin
  (send
    (lvar :arg0) :count=
    (int 0))
  (int 0))
BASETYPE: Integer
SIZE WORK_LIST: 30
SIZE generated: 2
EVALUABLE#: 0

-------------------------

----------------
TTYPES
Integer
Integer

PROGS

LOCAL_COUNT: 26
GLOBAL_COUNT: 26

BASE_AFTER:
(begin
  (send
    (lvar :arg0) :count=
    (int 1))
  (int 0))
BASETYPE: Integer
SIZE WORK_LIST: 31
SIZE generated: 2
EVALUABLE#: 0

-------------------------

----------------
TTYPES
Integer
Integer

PROGS

LOCAL_COUNT: 27
GLOBAL_COUNT: 27

BASE_AFTER:
(begin
  (lvasgn :t0
    (int 0))
  (send
    (lvar :arg0) :count=
    (lvar :t0))
  (lvar :t0))
BASETYPE: Integer
SIZE WORK_LIST: 32
SIZE generated: 2
EVALUABLE#: 0

-------------------------

----------------
TTYPES
Integer
Integer

PROGS

LOCAL_COUNT: 28
GLOBAL_COUNT: 28

BASE_AFTER:
(begin
  (send
    (lvar :arg0) :count=
    (int 0))
  (int 1))
BASETYPE: Integer
SIZE WORK_LIST: 33
SIZE generated: 2
EVALUABLE#: 0

-------------------------

----------------
TTYPES
Integer
Integer

PROGS

LOCAL_COUNT: 29
GLOBAL_COUNT: 29

BASE_AFTER:
(begin
  (send
    (lvar :arg0) :count=
    (int 1))
  (int 1))
BASETYPE: Integer
SIZE WORK_LIST: 34
SIZE generated: 2
EVALUABLE#: 0

-------------------------

----------------
TTYPES
Integer
Integer

PROGS

LOCAL_COUNT: 30
GLOBAL_COUNT: 30

BASE_AFTER:
(begin
  (lvasgn :t0
    (int 1))
  (send
    (lvar :arg0) :count=
    (lvar :t0))
  (lvar :t0))
BASETYPE: Integer
SIZE WORK_LIST: 35
SIZE generated: 2
EVALUABLE#: 0

-------------------------

----------------
TTYPES
Integer
Integer

PROGS

LOCAL_COUNT: 31
GLOBAL_COUNT: 31

BASE_AFTER:
(begin
  (send
    (lvar :arg0) :count=
    (int 0))
  (int 2))
BASETYPE: Integer
SIZE WORK_LIST: 36
SIZE generated: 2
EVALUABLE#: 0

-------------------------

----------------
TTYPES
Integer
Integer

PROGS

LOCAL_COUNT: 32
GLOBAL_COUNT: 32

BASE_AFTER:
(begin
  (send
    (lvar :arg0) :count=
    (int 1))
  (int 2))
BASETYPE: Integer
SIZE WORK_LIST: 37
SIZE generated: 2
EVALUABLE#: 0

-------------------------

----------------
TTYPES
String
String

PROGS

LOCAL_COUNT: 33
GLOBAL_COUNT: 33

BASE_AFTER:
(begin
  (send
    (lvar :arg0) :count=
    (int 0))
  (str ""))
BASETYPE: String
SIZE WORK_LIST: 38
SIZE generated: 2
EVALUABLE#: 0

-------------------------

----------------
TTYPES
String
String

PROGS

LOCAL_COUNT: 34
GLOBAL_COUNT: 34

BASE_AFTER:
(begin
  (send
    (lvar :arg0) :count=
    (int 1))
  (str ""))
BASETYPE: String
SIZE WORK_LIST: 39
SIZE generated: 2
EVALUABLE#: 0

-------------------------

----------------
TTYPES
Integer
Integer
Integer
Integer
Integer
Integer
Integer
Integer
%bot

PROGS

LOCAL_COUNT: 35
GLOBAL_COUNT: 35

BASE_AFTER:
(filled-hole
  (begin
    (send
      (send
        (hole 0 {:hash_depth=>0, :limit_depth=>true, :recv=>true}) :id=
        (hole 0 {:hash_depth=>0, :method_arg=>true})) :-
      (hole 0 {:hash_depth=>0, :method_arg=>true})))
  (begin
    (send
      (send
        (hole 0 {:hash_depth=>0, :limit_depth=>true, :recv=>true}) :id=
        (hole 0 {:hash_depth=>0, :method_arg=>true})) :-
      (hole 0 {:hash_depth=>0, :method_arg=>true})))
  (begin
    (send
      (send
        (hole 0 {:hash_depth=>0, :limit_depth=>true, :recv=>true}) :id=
        (hole 0 {:hash_depth=>0, :method_arg=>true})) :count))
  (begin
    (send
      (send
        (hole 0 {:hash_depth=>0, :limit_depth=>true, :recv=>true}) :id) :-
      (hole 0 {:hash_depth=>0, :method_arg=>true})))
  (begin
    (send
      (send
        (hole 0 {:hash_depth=>0, :limit_depth=>true, :recv=>true}) :id) :-
      (hole 0 {:hash_depth=>0, :method_arg=>true})))
  (begin
    (send
      (send
        (hole 0 {:hash_depth=>0, :limit_depth=>true, :recv=>true}) :id) :count))
  (begin
    (send
      (send
        (hole 0 {:hash_depth=>0, :limit_depth=>true, :recv=>true}) :token=
        (hole 0 {:hash_depth=>0, :method_arg=>true})) :count))
  (begin
    (send
      (send
        (hole 0 {:hash_depth=>0, :limit_depth=>true, :recv=>true}) :token=
        (hole 0 {:hash_depth=>0, :method_arg=>true})) :-
      (hole 0 {:hash_depth=>0, :method_arg=>true})))
  (begin
    (send
      (send
        (hole 0 {:hash_depth=>0, :limit_depth=>true, :recv=>true}) :token) :count))
  (begin
    (send
      (send
        (hole 0 {:hash_depth=>0, :limit_depth=>true, :recv=>true}) :token) :-
      (hole 0 {:hash_depth=>0, :method_arg=>true})))
  (begin
    (send
      (send
        (hole 0 {:hash_depth=>0, :limit_depth=>true, :recv=>true}) :diaspora_user_id=
        (hole 0 {:hash_depth=>0, :method_arg=>true})) :-
      (hole 0 {:hash_depth=>0, :method_arg=>true})))
  (begin
    (send
      (send
        (hole 0 {:hash_depth=>0, :limit_depth=>true, :recv=>true}) :diaspora_user_id=
        (hole 0 {:hash_depth=>0, :method_arg=>true})) :-
      (hole 0 {:hash_depth=>0, :method_arg=>true})))
  (begin
    (send
      (send
        (hole 0 {:hash_depth=>0, :limit_depth=>true, :recv=>true}) :diaspora_user_id=
        (hole 0 {:hash_depth=>0, :method_arg=>true})) :count))
  (begin
    (send
      (send
        (hole 0 {:hash_depth=>0, :limit_depth=>true, :recv=>true}) :diaspora_user_id) :-
      (hole 0 {:hash_depth=>0, :method_arg=>true})))
  (begin
    (send
      (send
        (hole 0 {:hash_depth=>0, :limit_depth=>true, :recv=>true}) :diaspora_user_id) :-
      (hole 0 {:hash_depth=>0, :method_arg=>true})))
  (begin
    (send
      (send
        (hole 0 {:hash_depth=>0, :limit_depth=>true, :recv=>true}) :diaspora_user_id) :count))
  (begin
    (send
      (send
        (hole 0 {:hash_depth=>0, :limit_depth=>true, :recv=>true}) :count=
        (hole 0 {:hash_depth=>0, :method_arg=>true})) :-
      (hole 0 {:hash_depth=>0, :method_arg=>true})))
  (begin
    (send
      (send
        (hole 0 {:hash_depth=>0, :limit_depth=>true, :recv=>true}) :count=
        (hole 0 {:hash_depth=>0, :method_arg=>true})) :-
      (hole 0 {:hash_depth=>0, :method_arg=>true})))
  (begin
    (send
      (send
        (hole 0 {:hash_depth=>0, :limit_depth=>true, :recv=>true}) :count=
        (hole 0 {:hash_depth=>0, :method_arg=>true})) :count))
  (begin
    (send
      (begin
        (send
          (hole 0 {:hash_depth=>0, :limit_depth=>true, :recv=>true}) :count)) :-
      (hole 0 {:hash_depth=>0, :method_arg=>true})))
  (begin
    (send
      (begin
        (send
          (hole 0 {:hash_depth=>0, :limit_depth=>true, :recv=>true}) :count)) :-
      (hole 0 {:hash_depth=>0, :method_arg=>true})))
  (begin
    (send
      (begin
        (send
          (hole 0 {:hash_depth=>0, :limit_depth=>true, :recv=>true}) :count)) :count))
  (begin
    (send
      (send
        (hole 0 {:hash_depth=>0, :limit_depth=>true, :recv=>true}) :diaspora_user) :count))
  (begin
    (send
      (send
        (hole 0 {:hash_depth=>0, :limit_depth=>true, :recv=>true}) :diaspora_user) :-
      (hole 0 {:hash_depth=>0, :method_arg=>true})))
  (begin
    (send
      (send
        (hole 0 {:hash_depth=>0, :limit_depth=>true, :recv=>true}) :diaspora_user=
        (hole 0 {:hash_depth=>0, :method_arg=>true})) :count))
  (begin
    (send
      (send
        (hole 0 {:hash_depth=>0, :limit_depth=>true, :recv=>true}) :diaspora_user=
        (hole 0 {:hash_depth=>0, :method_arg=>true})) :-
      (hole 0 {:hash_depth=>0, :method_arg=>true})))
  (begin
    (send
      (begin
        (send
          (hole 0 {:hash_depth=>0, :limit_depth=>true, :recv=>true}) :-
          (hole 0 {:hash_depth=>0, :method_arg=>true}))) :-
      (hole 0 {:hash_depth=>0, :method_arg=>true})))
  (begin
    (send
      (begin
        (send
          (hole 0 {:hash_depth=>0, :limit_depth=>true, :recv=>true}) :-
          (hole 0 {:hash_depth=>0, :method_arg=>true}))) :-
      (hole 0 {:hash_depth=>0, :method_arg=>true})))
  (begin
    (send
      (begin
        (send
          (hole 0 {:hash_depth=>0, :limit_depth=>true, :recv=>true}) :save)) :count))
  (begin
    (send
      (begin
        (send
          (hole 0 {:hash_depth=>0, :limit_depth=>true, :recv=>true}) :save)) :-
      (hole 0 {:hash_depth=>0, :method_arg=>true})))
  (begin
    (send
      (begin
        (send
          (hole 0 {:hash_depth=>0, :limit_depth=>true, :recv=>true}) :count)) :-
      (hole 0 {:hash_depth=>0, :method_arg=>true})))
  (begin
    (send
      (begin
        (send
          (hole 0 {:hash_depth=>0, :limit_depth=>true, :recv=>true}) :count)) :-
      (hole 0 {:hash_depth=>0, :method_arg=>true})))
  (begin
    (send
      (begin
        (send
          (hole 0 {:hash_depth=>0, :limit_depth=>true, :recv=>true}) :-
          (hole 0 {:hash_depth=>0, :method_arg=>true}))) :-
      (hole 0 {:hash_depth=>0, :method_arg=>true})))
  (begin
    (send
      (begin
        (send
          (hole 0 {:hash_depth=>0, :limit_depth=>true, :recv=>true}) :-
          (hole 0 {:hash_depth=>0, :method_arg=>true}))) :-
      (hole 0 {:hash_depth=>0, :method_arg=>true})))
  (begin
    (send
      (begin
        (send
          (hole 0 {:hash_depth=>0, :limit_depth=>true, :recv=>true}) :save)) :count))
  (begin
    (send
      (begin
        (send
          (hole 0 {:hash_depth=>0, :limit_depth=>true, :recv=>true}) :save)) :-
      (hole 0 {:hash_depth=>0, :method_arg=>true})))
  (hole 3 {:hash_depth=>0, :method_arg=>false, :variance=>:-}) {:method_arg=>false})
BASETYPE: %bot
SIZE WORK_LIST: 40
SIZE generated: 9
EVALUABLE#: 0

-------------------------

----------------
TTYPES
Integer
Integer
Integer
Integer
Integer
Integer
Integer
Integer
Integer
Integer
Integer
Integer
Integer
Integer
Integer
Integer
Integer
Integer
Integer
Integer
Integer
Integer
Integer
Integer
Integer
Integer
Integer
Integer
Integer
Integer
Integer
Integer
Integer
Integer
Integer
Integer

PROGS

LOCAL_COUNT: 36
GLOBAL_COUNT: 36

BASE_AFTER:
(begin
  (send
    (begin
      (send
        (filled-hole
          (lvar InvitationCode(id: integer, token: string, diaspora_user_id: integer, count: integer)) {:method_arg=>false}) :-
        (filled-hole
          (lvar :arg0)
          (lvar InvitationCode(id: integer, token: string, diaspora_user_id: integer, count: integer))
          (true)
          (false)
          (int 0)
          (int 1)
          (int 2)
          (str "")
          (hole 1 {:hash_depth=>0, :method_arg=>true, :variance=>:+}) {:method_arg=>true}))) :-
    (filled-hole
      (int 0)
      (int 1)
      (int 2)
      (hole 1 {:hash_depth=>0, :method_arg=>true, :variance=>:+}) {:method_arg=>true})))
BASETYPE: Integer
SIZE WORK_LIST: 48
SIZE generated: 36
EVALUABLE#: 24

-------------------------

----------------
TTYPES
Integer
Integer
Integer
Integer

PROGS

LOCAL_COUNT: 37
GLOBAL_COUNT: 37

BASE_AFTER:
(begin
  (send
    (begin
      (send
        (filled-hole
          (lvar InvitationCode(id: integer, token: string, diaspora_user_id: integer, count: integer)) {:method_arg=>false}) :count)) :-
    (filled-hole
      (int 0)
      (int 1)
      (int 2)
      (hole 1 {:hash_depth=>0, :method_arg=>true, :variance=>:+}) {:method_arg=>true})))
BASETYPE: Integer
SIZE WORK_LIST: 59
SIZE generated: 4
EVALUABLE#: 3

-------------------------

----------------
TTYPES
true or false
true or false
true or false
true or false
true or false
true or false
true or false
true or false
true or false
true or false
true or false

PROGS

LOCAL_COUNT: 38
GLOBAL_COUNT: 38

BASE_AFTER:
(begin
  (send
    (lvar :arg0) :count=
    (hole 1 {:hash_depth=>0, :method_arg=>true, :variance=>:+}))
  (true))
BASETYPE: true or false
SIZE WORK_LIST: 62
SIZE generated: 11
EVALUABLE#: 0

-------------------------

----------------
TTYPES
Integer
Integer

PROGS

LOCAL_COUNT: 39
GLOBAL_COUNT: 39

BASE_AFTER:
(begin
  (send
    (begin
      (send
        (lvar InvitationCode(id: integer, token: string, diaspora_user_id: integer, count: integer)) :count)) :-
    (int 0)))
BASETYPE: Integer
SIZE WORK_LIST: 72
SIZE generated: 2
EVALUABLE#: 0

-------------------------

----------------
TTYPES
Integer
Integer

PROGS

LOCAL_COUNT: 40
GLOBAL_COUNT: 40

BASE_AFTER:
(begin
  (send
    (begin
      (send
        (lvar InvitationCode(id: integer, token: string, diaspora_user_id: integer, count: integer)) :count)) :-
    (int 1)))
BASETYPE: Integer
SIZE WORK_LIST: 73
SIZE generated: 2
EVALUABLE#: 0

-------------------------

----------------
TTYPES
Integer
Integer

PROGS

LOCAL_COUNT: 41
GLOBAL_COUNT: 41

BASE_AFTER:
(begin
  (send
    (begin
      (send
        (lvar InvitationCode(id: integer, token: string, diaspora_user_id: integer, count: integer)) :count)) :-
    (int 2)))
BASETYPE: Integer
SIZE WORK_LIST: 74
SIZE generated: 2
EVALUABLE#: 0

-------------------------

----------------
TTYPES
true or false
true or false
true or false
true or false
true or false
true or false
true or false
true or false
true or false
true or false

PROGS

LOCAL_COUNT: 42
GLOBAL_COUNT: 42

BASE_AFTER:
(begin
  (send
    (lvar :arg0) :count=
    (begin
      (send
        (hole 0 {:hash_depth=>0, :limit_depth=>true, :recv=>true}) :-
        (hole 0 {:hash_depth=>0, :method_arg=>true}))))
  (true))
BASETYPE: true or false
SIZE WORK_LIST: 75
SIZE generated: 10
EVALUABLE#: 9

-------------------------

----------------
TTYPES
true or false

PROGS

LOCAL_COUNT: 43
GLOBAL_COUNT: 43

BASE_AFTER:
(begin
  (send
    (lvar :arg0) :count=
    (begin
      (send
        (hole 0 {:hash_depth=>0, :limit_depth=>true, :recv=>true}) :count)))
  (true))
BASETYPE: true or false
SIZE WORK_LIST: 75
SIZE generated: 1
EVALUABLE#: 1

-------------------------

----------------
TTYPES
true or false
true or false
true or false
true or false
true or false
true or false

PROGS

LOCAL_COUNT: 44
GLOBAL_COUNT: 44

BASE_AFTER:
(begin
  (send
    (lvar :arg0) :diaspora_user=
    (hole 1 {:hash_depth=>0, :method_arg=>true, :variance=>:+}))
  (true))
BASETYPE: true or false
SIZE WORK_LIST: 75
SIZE generated: 6
EVALUABLE#: 0

-------------------------

----------------
TTYPES
true or false
true or false

PROGS

LOCAL_COUNT: 45
GLOBAL_COUNT: 45

BASE_AFTER:
(begin
  (send
    (lvar :arg0) :count=
    (begin
      (send
        (lvar InvitationCode(id: integer, token: string, diaspora_user_id: integer, count: integer)) :count)))
  (true))
BASETYPE: true or false
SIZE WORK_LIST: 80
SIZE generated: 2
EVALUABLE#: 0

-------------------------

----------------
TTYPES
true or false

PROGS

LOCAL_COUNT: 46
GLOBAL_COUNT: 46

BASE_AFTER:
(begin
  (send
    (lvar :arg0) :diaspora_user=
    (begin
      (send
        (hole 0 {:hash_depth=>0, :limit_depth=>true, :recv=>true}) :count)))
  (true))
BASETYPE: true or false
SIZE WORK_LIST: 81
SIZE generated: 1
EVALUABLE#: 1

-------------------------

----------------
TTYPES
true or false
true or false
true or false
true or false
true or false
true or false
true or false
true or false
true or false
true or false
true or false

PROGS

LOCAL_COUNT: 47
GLOBAL_COUNT: 47

BASE_AFTER:
(begin
  (send
    (lvar :arg0) :count=
    (hole 1 {:hash_depth=>0, :method_arg=>true, :variance=>:+}))
  (false))
BASETYPE: true or false
SIZE WORK_LIST: 80
SIZE generated: 11
EVALUABLE#: 0

-------------------------

----------------
TTYPES
true or false

PROGS

LOCAL_COUNT: 48
GLOBAL_COUNT: 48

BASE_AFTER:
(begin
  (send
    (lvar :arg0) :count=
    (begin
      (send
        (hole 0 {:hash_depth=>0, :limit_depth=>true, :recv=>true}) :count)))
  (false))
BASETYPE: true or false
SIZE WORK_LIST: 90
SIZE generated: 1
EVALUABLE#: 1

-------------------------

----------------
TTYPES
true or false
true or false
true or false
true or false
true or false
true or false

PROGS

LOCAL_COUNT: 49
GLOBAL_COUNT: 49

BASE_AFTER:
(begin
  (send
    (lvar :arg0) :diaspora_user=
    (hole 1 {:hash_depth=>0, :method_arg=>true, :variance=>:+}))
  (false))
BASETYPE: true or false
SIZE WORK_LIST: 90
SIZE generated: 6
EVALUABLE#: 0

-------------------------

----------------
TTYPES
true or false
true or false

PROGS

LOCAL_COUNT: 50
GLOBAL_COUNT: 50

BASE_AFTER:
(begin
  (send
    (lvar :arg0) :count=
    (begin
      (send
        (lvar InvitationCode(id: integer, token: string, diaspora_user_id: integer, count: integer)) :count)))
  (false))
BASETYPE: true or false
SIZE WORK_LIST: 95
SIZE generated: 2
EVALUABLE#: 0

-------------------------

----------------
TTYPES
true or false

PROGS

LOCAL_COUNT: 51
GLOBAL_COUNT: 51

BASE_AFTER:
(begin
  (send
    (lvar :arg0) :diaspora_user=
    (begin
      (send
        (hole 0 {:hash_depth=>0, :limit_depth=>true, :recv=>true}) :count)))
  (false))
BASETYPE: true or false
SIZE WORK_LIST: 96
SIZE generated: 1
EVALUABLE#: 1

-------------------------

----------------
TTYPES
Integer
Integer
Integer
Integer
Integer
Integer
Integer
Integer
Integer
Integer
Integer

PROGS

LOCAL_COUNT: 52
GLOBAL_COUNT: 52

BASE_AFTER:
(begin
  (send
    (lvar :arg0) :count=
    (hole 1 {:hash_depth=>0, :method_arg=>true, :variance=>:+}))
  (int 0))
BASETYPE: Integer
SIZE WORK_LIST: 95
SIZE generated: 11
EVALUABLE#: 0

-------------------------

----------------
TTYPES
Integer

PROGS

LOCAL_COUNT: 53
GLOBAL_COUNT: 53

BASE_AFTER:
(begin
  (send
    (lvar :arg0) :count=
    (begin
      (send
        (hole 0 {:hash_depth=>0, :limit_depth=>true, :recv=>true}) :count)))
  (int 0))
BASETYPE: Integer
SIZE WORK_LIST: 105
SIZE generated: 1
EVALUABLE#: 1

-------------------------

----------------
TTYPES
Integer
Integer
Integer
Integer
Integer
Integer

PROGS

LOCAL_COUNT: 54
GLOBAL_COUNT: 54

BASE_AFTER:
(begin
  (send
    (lvar :arg0) :diaspora_user=
    (hole 1 {:hash_depth=>0, :method_arg=>true, :variance=>:+}))
  (int 0))
BASETYPE: Integer
SIZE WORK_LIST: 105
SIZE generated: 6
EVALUABLE#: 0

-------------------------

----------------
TTYPES
Integer
Integer

PROGS

LOCAL_COUNT: 55
GLOBAL_COUNT: 55

BASE_AFTER:
(begin
  (send
    (lvar :arg0) :count=
    (begin
      (send
        (lvar InvitationCode(id: integer, token: string, diaspora_user_id: integer, count: integer)) :count)))
  (int 0))
BASETYPE: Integer
SIZE WORK_LIST: 110
SIZE generated: 2
EVALUABLE#: 0

-------------------------

----------------
TTYPES
Integer

PROGS

LOCAL_COUNT: 56
GLOBAL_COUNT: 56

BASE_AFTER:
(begin
  (send
    (lvar :arg0) :diaspora_user=
    (begin
      (send
        (hole 0 {:hash_depth=>0, :limit_depth=>true, :recv=>true}) :count)))
  (int 0))
BASETYPE: Integer
SIZE WORK_LIST: 111
SIZE generated: 1
EVALUABLE#: 1

-------------------------

----------------
TTYPES
Integer
Integer
Integer
Integer
Integer
Integer
Integer
Integer
Integer
Integer
Integer

PROGS

LOCAL_COUNT: 57
GLOBAL_COUNT: 57

BASE_AFTER:
(begin
  (send
    (lvar :arg0) :count=
    (hole 1 {:hash_depth=>0, :method_arg=>true, :variance=>:+}))
  (int 1))
BASETYPE: Integer
SIZE WORK_LIST: 110
SIZE generated: 11
EVALUABLE#: 0

-------------------------

----------------
TTYPES
Integer

PROGS

LOCAL_COUNT: 58
GLOBAL_COUNT: 58

BASE_AFTER:
(begin
  (send
    (lvar :arg0) :count=
    (begin
      (send
        (hole 0 {:hash_depth=>0, :limit_depth=>true, :recv=>true}) :count)))
  (int 1))
BASETYPE: Integer
SIZE WORK_LIST: 120
SIZE generated: 1
EVALUABLE#: 1

-------------------------

----------------
TTYPES
Integer
Integer
Integer
Integer
Integer
Integer

PROGS

LOCAL_COUNT: 59
GLOBAL_COUNT: 59

BASE_AFTER:
(begin
  (send
    (lvar :arg0) :diaspora_user=
    (hole 1 {:hash_depth=>0, :method_arg=>true, :variance=>:+}))
  (int 1))
BASETYPE: Integer
SIZE WORK_LIST: 120
SIZE generated: 6
EVALUABLE#: 0

-------------------------

----------------
TTYPES
Integer
Integer

PROGS

LOCAL_COUNT: 60
GLOBAL_COUNT: 60

BASE_AFTER:
(begin
  (send
    (lvar :arg0) :count=
    (begin
      (send
        (lvar InvitationCode(id: integer, token: string, diaspora_user_id: integer, count: integer)) :count)))
  (int 1))
BASETYPE: Integer
SIZE WORK_LIST: 125
SIZE generated: 2
EVALUABLE#: 0

-------------------------

----------------
TTYPES
Integer

PROGS

LOCAL_COUNT: 61
GLOBAL_COUNT: 61

BASE_AFTER:
(begin
  (send
    (lvar :arg0) :diaspora_user=
    (begin
      (send
        (hole 0 {:hash_depth=>0, :limit_depth=>true, :recv=>true}) :count)))
  (int 1))
BASETYPE: Integer
SIZE WORK_LIST: 126
SIZE generated: 1
EVALUABLE#: 1

-------------------------

----------------
TTYPES
Integer
Integer
Integer
Integer
Integer
Integer
Integer
Integer
Integer
Integer
Integer

PROGS

LOCAL_COUNT: 62
GLOBAL_COUNT: 62

BASE_AFTER:
(begin
  (send
    (lvar :arg0) :count=
    (hole 1 {:hash_depth=>0, :method_arg=>true, :variance=>:+}))
  (int 2))
BASETYPE: Integer
SIZE WORK_LIST: 125
SIZE generated: 11
EVALUABLE#: 0

-------------------------

----------------
TTYPES
Integer

PROGS

LOCAL_COUNT: 63
GLOBAL_COUNT: 63

BASE_AFTER:
(begin
  (send
    (lvar :arg0) :count=
    (begin
      (send
        (hole 0 {:hash_depth=>0, :limit_depth=>true, :recv=>true}) :count)))
  (int 2))
BASETYPE: Integer
SIZE WORK_LIST: 135
SIZE generated: 1
EVALUABLE#: 1

-------------------------

----------------
TTYPES
Integer
Integer
Integer
Integer
Integer
Integer

PROGS

LOCAL_COUNT: 64
GLOBAL_COUNT: 64

BASE_AFTER:
(begin
  (send
    (lvar :arg0) :diaspora_user=
    (hole 1 {:hash_depth=>0, :method_arg=>true, :variance=>:+}))
  (int 2))
BASETYPE: Integer
SIZE WORK_LIST: 135
SIZE generated: 6
EVALUABLE#: 0

-------------------------

----------------
TTYPES
Integer
Integer

PROGS

LOCAL_COUNT: 65
GLOBAL_COUNT: 65

BASE_AFTER:
(begin
  (send
    (lvar :arg0) :count=
    (begin
      (send
        (lvar InvitationCode(id: integer, token: string, diaspora_user_id: integer, count: integer)) :count)))
  (int 2))
BASETYPE: Integer
SIZE WORK_LIST: 140
SIZE generated: 2
EVALUABLE#: 0

-------------------------

----------------
TTYPES
Integer

PROGS

LOCAL_COUNT: 66
GLOBAL_COUNT: 66

BASE_AFTER:
(begin
  (send
    (lvar :arg0) :diaspora_user=
    (begin
      (send
        (hole 0 {:hash_depth=>0, :limit_depth=>true, :recv=>true}) :count)))
  (int 2))
BASETYPE: Integer
SIZE WORK_LIST: 141
SIZE generated: 1
EVALUABLE#: 1

-------------------------

----------------
TTYPES
String
String
String
String
String
String
String
String
String
String
String

PROGS

LOCAL_COUNT: 67
GLOBAL_COUNT: 67

BASE_AFTER:
(begin
  (send
    (lvar :arg0) :count=
    (hole 1 {:hash_depth=>0, :method_arg=>true, :variance=>:+}))
  (str ""))
BASETYPE: String
SIZE WORK_LIST: 140
SIZE generated: 11
EVALUABLE#: 0

-------------------------

----------------
TTYPES
String

PROGS

LOCAL_COUNT: 68
GLOBAL_COUNT: 68

BASE_AFTER:
(begin
  (send
    (lvar :arg0) :count=
    (begin
      (send
        (hole 0 {:hash_depth=>0, :limit_depth=>true, :recv=>true}) :count)))
  (str ""))
BASETYPE: String
SIZE WORK_LIST: 150
SIZE generated: 1
EVALUABLE#: 1

-------------------------

----------------
TTYPES
String
String
String
String
String
String

PROGS

LOCAL_COUNT: 69
GLOBAL_COUNT: 69

BASE_AFTER:
(begin
  (send
    (lvar :arg0) :diaspora_user=
    (hole 1 {:hash_depth=>0, :method_arg=>true, :variance=>:+}))
  (str ""))
BASETYPE: String
SIZE WORK_LIST: 150
SIZE generated: 6
EVALUABLE#: 0

-------------------------

----------------
TTYPES
String
String

PROGS

LOCAL_COUNT: 70
GLOBAL_COUNT: 70

BASE_AFTER:
(begin
  (send
    (lvar :arg0) :count=
    (begin
      (send
        (lvar InvitationCode(id: integer, token: string, diaspora_user_id: integer, count: integer)) :count)))
  (str ""))
BASETYPE: String
SIZE WORK_LIST: 155
SIZE generated: 2
EVALUABLE#: 0

-------------------------

----------------
TTYPES
String

PROGS

LOCAL_COUNT: 71
GLOBAL_COUNT: 71

BASE_AFTER:
(begin
  (send
    (lvar :arg0) :diaspora_user=
    (begin
      (send
        (hole 0 {:hash_depth=>0, :limit_depth=>true, :recv=>true}) :count)))
  (str ""))
BASETYPE: String
SIZE WORK_LIST: 156
SIZE generated: 1
EVALUABLE#: 1

-------------------------

----------------
TTYPES
true or false
true or false
true or false
true or false

PROGS

LOCAL_COUNT: 72
GLOBAL_COUNT: 72

BASE_AFTER:
(begin
  (send
    (lvar :arg0) :count=
    (int 0))
  (send
    (hole 0 {:hash_depth=>0, :limit_depth=>true, :recv=>true}) :count=
    (hole 0 {:hash_depth=>0, :method_arg=>true}))
  (true))
BASETYPE: true or false
SIZE WORK_LIST: 155
SIZE generated: 4
EVALUABLE#: 3

-------------------------

----------------
TTYPES
true or false

PROGS

LOCAL_COUNT: 73
GLOBAL_COUNT: 73

BASE_AFTER:
(begin
  (send
    (lvar :arg0) :count=
    (int 0))
  (send
    (hole 0 {:hash_depth=>0, :limit_depth=>true, :recv=>true}) :diaspora_user=
    (hole 0 {:hash_depth=>0, :method_arg=>true}))
  (true))
BASETYPE: true or false
SIZE WORK_LIST: 157
SIZE generated: 1
EVALUABLE#: 0

-------------------------

----------------
TTYPES
true or false
true or false
true or false
true or false

PROGS

LOCAL_COUNT: 74
GLOBAL_COUNT: 74

BASE_AFTER:
(begin
  (send
    (lvar :arg0) :count=
    (int 1))
  (send
    (hole 0 {:hash_depth=>0, :limit_depth=>true, :recv=>true}) :count=
    (hole 0 {:hash_depth=>0, :method_arg=>true}))
  (true))
BASETYPE: true or false
SIZE WORK_LIST: 157
SIZE generated: 4
EVALUABLE#: 3

-------------------------

----------------
TTYPES
true or false

PROGS

LOCAL_COUNT: 75
GLOBAL_COUNT: 75

BASE_AFTER:
(begin
  (send
    (lvar :arg0) :count=
    (int 1))
  (send
    (hole 0 {:hash_depth=>0, :limit_depth=>true, :recv=>true}) :diaspora_user=
    (hole 0 {:hash_depth=>0, :method_arg=>true}))
  (true))
BASETYPE: true or false
SIZE WORK_LIST: 159
SIZE generated: 1
EVALUABLE#: 0

-------------------------

----------------
TTYPES
true or false
true or false
true or false
true or false

PROGS

LOCAL_COUNT: 76
GLOBAL_COUNT: 76

BASE_AFTER:
(begin
  (send
    (lvar :arg0) :count=
    (int 0))
  (send
    (hole 0 {:hash_depth=>0, :limit_depth=>true, :recv=>true}) :count=
    (hole 0 {:hash_depth=>0, :method_arg=>true}))
  (false))
BASETYPE: true or false
SIZE WORK_LIST: 159
SIZE generated: 4
EVALUABLE#: 3

-------------------------

----------------
TTYPES
true or false

PROGS

LOCAL_COUNT: 77
GLOBAL_COUNT: 77

BASE_AFTER:
(begin
  (send
    (lvar :arg0) :count=
    (int 0))
  (send
    (hole 0 {:hash_depth=>0, :limit_depth=>true, :recv=>true}) :diaspora_user=
    (hole 0 {:hash_depth=>0, :method_arg=>true}))
  (false))
BASETYPE: true or false
SIZE WORK_LIST: 161
SIZE generated: 1
EVALUABLE#: 0

-------------------------

----------------
TTYPES
true or false
true or false
true or false
true or false

PROGS

LOCAL_COUNT: 78
GLOBAL_COUNT: 78

BASE_AFTER:
(begin
  (send
    (lvar :arg0) :count=
    (int 1))
  (send
    (hole 0 {:hash_depth=>0, :limit_depth=>true, :recv=>true}) :count=
    (hole 0 {:hash_depth=>0, :method_arg=>true}))
  (false))
BASETYPE: true or false
SIZE WORK_LIST: 161
SIZE generated: 4
EVALUABLE#: 3

-------------------------

----------------
TTYPES
true or false

PROGS

LOCAL_COUNT: 79
GLOBAL_COUNT: 79

BASE_AFTER:
(begin
  (send
    (lvar :arg0) :count=
    (int 1))
  (send
    (hole 0 {:hash_depth=>0, :limit_depth=>true, :recv=>true}) :diaspora_user=
    (hole 0 {:hash_depth=>0, :method_arg=>true}))
  (false))
BASETYPE: true or false
SIZE WORK_LIST: 163
SIZE generated: 1
EVALUABLE#: 0

-------------------------

----------------
TTYPES
Integer
Integer
Integer
Integer
Integer

PROGS

LOCAL_COUNT: 80
GLOBAL_COUNT: 80

BASE_AFTER:
(begin
  (send
    (lvar :arg0) :count=
    (int 0))
  (send
    (hole 0 {:hash_depth=>0, :limit_depth=>true, :recv=>true}) :count=
    (hole 0 {:hash_depth=>0, :method_arg=>true}))
  (int 0))
BASETYPE: Integer
SIZE WORK_LIST: 163
SIZE generated: 5
EVALUABLE#: 4

-------------------------

----------------
TTYPES
Integer

PROGS

LOCAL_COUNT: 81
GLOBAL_COUNT: 81

BASE_AFTER:
(begin
  (send
    (lvar :arg0) :count=
    (int 0))
  (send
    (hole 0 {:hash_depth=>0, :limit_depth=>true, :recv=>true}) :diaspora_user=
    (hole 0 {:hash_depth=>0, :method_arg=>true}))
  (int 0))
BASETYPE: Integer
SIZE WORK_LIST: 166
SIZE generated: 1
EVALUABLE#: 0

-------------------------

----------------
TTYPES
Integer
Integer
Integer
Integer
Integer

PROGS

LOCAL_COUNT: 82
GLOBAL_COUNT: 82

BASE_AFTER:
(begin
  (send
    (lvar :arg0) :count=
    (int 1))
  (send
    (hole 0 {:hash_depth=>0, :limit_depth=>true, :recv=>true}) :count=
    (hole 0 {:hash_depth=>0, :method_arg=>true}))
  (int 0))
BASETYPE: Integer
SIZE WORK_LIST: 166
SIZE generated: 5
EVALUABLE#: 4

-------------------------

----------------
TTYPES
Integer

PROGS

LOCAL_COUNT: 83
GLOBAL_COUNT: 83

BASE_AFTER:
(begin
  (send
    (lvar :arg0) :count=
    (int 1))
  (send
    (hole 0 {:hash_depth=>0, :limit_depth=>true, :recv=>true}) :diaspora_user=
    (hole 0 {:hash_depth=>0, :method_arg=>true}))
  (int 0))
BASETYPE: Integer
SIZE WORK_LIST: 169
SIZE generated: 1
EVALUABLE#: 0

-------------------------

----------------
TTYPES
Integer
Integer
Integer
Integer
Integer

PROGS

LOCAL_COUNT: 84
GLOBAL_COUNT: 84

BASE_AFTER:
(begin
  (lvasgn :t0
    (int 0))
  (send
    (lvar :arg0) :count=
    (lvar :t0))
  (send
    (hole 0 {:hash_depth=>0, :limit_depth=>true, :recv=>true}) :count=
    (hole 0 {:hash_depth=>0, :method_arg=>true}))
  (lvar :t0))
BASETYPE: Integer
SIZE WORK_LIST: 169
SIZE generated: 5
EVALUABLE#: 4

-------------------------

----------------
TTYPES
Integer

PROGS

LOCAL_COUNT: 85
GLOBAL_COUNT: 85

BASE_AFTER:
(begin
  (lvasgn :t0
    (int 0))
  (send
    (lvar :arg0) :count=
    (lvar :t0))
  (send
    (hole 0 {:hash_depth=>0, :limit_depth=>true, :recv=>true}) :diaspora_user=
    (hole 0 {:hash_depth=>0, :method_arg=>true}))
  (lvar :t0))
BASETYPE: Integer
SIZE WORK_LIST: 172
SIZE generated: 1
EVALUABLE#: 0

-------------------------

----------------
TTYPES
Integer
Integer
Integer
Integer
Integer

PROGS

LOCAL_COUNT: 86
GLOBAL_COUNT: 86

BASE_AFTER:
(begin
  (send
    (lvar :arg0) :count=
    (int 0))
  (send
    (hole 0 {:hash_depth=>0, :limit_depth=>true, :recv=>true}) :count=
    (hole 0 {:hash_depth=>0, :method_arg=>true}))
  (int 1))
BASETYPE: Integer
SIZE WORK_LIST: 172
SIZE generated: 5
EVALUABLE#: 4

-------------------------

----------------
TTYPES
Integer

PROGS

LOCAL_COUNT: 87
GLOBAL_COUNT: 87

BASE_AFTER:
(begin
  (send
    (lvar :arg0) :count=
    (int 0))
  (send
    (hole 0 {:hash_depth=>0, :limit_depth=>true, :recv=>true}) :diaspora_user=
    (hole 0 {:hash_depth=>0, :method_arg=>true}))
  (int 1))
BASETYPE: Integer
SIZE WORK_LIST: 175
SIZE generated: 1
EVALUABLE#: 0

-------------------------

----------------
TTYPES
Integer
Integer
Integer
Integer
Integer

PROGS

LOCAL_COUNT: 88
GLOBAL_COUNT: 88

BASE_AFTER:
(begin
  (send
    (lvar :arg0) :count=
    (int 1))
  (send
    (hole 0 {:hash_depth=>0, :limit_depth=>true, :recv=>true}) :count=
    (hole 0 {:hash_depth=>0, :method_arg=>true}))
  (int 1))
BASETYPE: Integer
SIZE WORK_LIST: 175
SIZE generated: 5
EVALUABLE#: 4

-------------------------

----------------
TTYPES
Integer

PROGS

LOCAL_COUNT: 89
GLOBAL_COUNT: 89

BASE_AFTER:
(begin
  (send
    (lvar :arg0) :count=
    (int 1))
  (send
    (hole 0 {:hash_depth=>0, :limit_depth=>true, :recv=>true}) :diaspora_user=
    (hole 0 {:hash_depth=>0, :method_arg=>true}))
  (int 1))
BASETYPE: Integer
SIZE WORK_LIST: 178
SIZE generated: 1
EVALUABLE#: 0

-------------------------

----------------
TTYPES
Integer
Integer
Integer
Integer
Integer

PROGS

LOCAL_COUNT: 90
GLOBAL_COUNT: 90

BASE_AFTER:
(begin
  (lvasgn :t0
    (int 1))
  (send
    (lvar :arg0) :count=
    (lvar :t0))
  (send
    (hole 0 {:hash_depth=>0, :limit_depth=>true, :recv=>true}) :count=
    (hole 0 {:hash_depth=>0, :method_arg=>true}))
  (lvar :t0))
BASETYPE: Integer
SIZE WORK_LIST: 178
SIZE generated: 5
EVALUABLE#: 4

-------------------------

----------------
TTYPES
Integer

PROGS

LOCAL_COUNT: 91
GLOBAL_COUNT: 91

BASE_AFTER:
(begin
  (lvasgn :t0
    (int 1))
  (send
    (lvar :arg0) :count=
    (lvar :t0))
  (send
    (hole 0 {:hash_depth=>0, :limit_depth=>true, :recv=>true}) :diaspora_user=
    (hole 0 {:hash_depth=>0, :method_arg=>true}))
  (lvar :t0))
BASETYPE: Integer
SIZE WORK_LIST: 181
SIZE generated: 1
EVALUABLE#: 0

-------------------------

----------------
TTYPES
Integer
Integer
Integer
Integer
Integer

PROGS

LOCAL_COUNT: 92
GLOBAL_COUNT: 92

BASE_AFTER:
(begin
  (send
    (lvar :arg0) :count=
    (int 0))
  (send
    (hole 0 {:hash_depth=>0, :limit_depth=>true, :recv=>true}) :count=
    (hole 0 {:hash_depth=>0, :method_arg=>true}))
  (int 2))
BASETYPE: Integer
SIZE WORK_LIST: 181
SIZE generated: 5
EVALUABLE#: 4

-------------------------

----------------
TTYPES
Integer

PROGS

LOCAL_COUNT: 93
GLOBAL_COUNT: 93

BASE_AFTER:
(begin
  (send
    (lvar :arg0) :count=
    (int 0))
  (send
    (hole 0 {:hash_depth=>0, :limit_depth=>true, :recv=>true}) :diaspora_user=
    (hole 0 {:hash_depth=>0, :method_arg=>true}))
  (int 2))
BASETYPE: Integer
SIZE WORK_LIST: 183
SIZE generated: 1
EVALUABLE#: 0

-------------------------

----------------
TTYPES
Integer
Integer
Integer
Integer
Integer

PROGS

LOCAL_COUNT: 94
GLOBAL_COUNT: 94

BASE_AFTER:
(begin
  (send
    (lvar :arg0) :count=
    (int 1))
  (send
    (hole 0 {:hash_depth=>0, :limit_depth=>true, :recv=>true}) :count=
    (hole 0 {:hash_depth=>0, :method_arg=>true}))
  (int 2))
BASETYPE: Integer
SIZE WORK_LIST: 183
SIZE generated: 5
EVALUABLE#: 4

-------------------------

----------------
TTYPES
Integer

PROGS

LOCAL_COUNT: 95
GLOBAL_COUNT: 95

BASE_AFTER:
(begin
  (send
    (lvar :arg0) :count=
    (int 1))
  (send
    (hole 0 {:hash_depth=>0, :limit_depth=>true, :recv=>true}) :diaspora_user=
    (hole 0 {:hash_depth=>0, :method_arg=>true}))
  (int 2))
BASETYPE: Integer
SIZE WORK_LIST: 185
SIZE generated: 1
EVALUABLE#: 0

-------------------------

----------------
TTYPES
String
String
String
String

PROGS

LOCAL_COUNT: 96
GLOBAL_COUNT: 96

BASE_AFTER:
(begin
  (send
    (lvar :arg0) :count=
    (int 0))
  (send
    (hole 0 {:hash_depth=>0, :limit_depth=>true, :recv=>true}) :count=
    (hole 0 {:hash_depth=>0, :method_arg=>true}))
  (str ""))
BASETYPE: String
SIZE WORK_LIST: 185
SIZE generated: 4
EVALUABLE#: 3

-------------------------

----------------
TTYPES
String

PROGS

LOCAL_COUNT: 97
GLOBAL_COUNT: 97

BASE_AFTER:
(begin
  (send
    (lvar :arg0) :count=
    (int 0))
  (send
    (hole 0 {:hash_depth=>0, :limit_depth=>true, :recv=>true}) :diaspora_user=
    (hole 0 {:hash_depth=>0, :method_arg=>true}))
  (str ""))
BASETYPE: String
SIZE WORK_LIST: 187
SIZE generated: 1
EVALUABLE#: 0

-------------------------

----------------
TTYPES
String
String
String
String

PROGS

LOCAL_COUNT: 98
GLOBAL_COUNT: 98

BASE_AFTER:
(begin
  (send
    (lvar :arg0) :count=
    (int 1))
  (send
    (hole 0 {:hash_depth=>0, :limit_depth=>true, :recv=>true}) :count=
    (hole 0 {:hash_depth=>0, :method_arg=>true}))
  (str ""))
BASETYPE: String
SIZE WORK_LIST: 187
SIZE generated: 4
EVALUABLE#: 3

-------------------------

----------------
TTYPES
String

PROGS

LOCAL_COUNT: 99
GLOBAL_COUNT: 99

BASE_AFTER:
(begin
  (send
    (lvar :arg0) :count=
    (int 1))
  (send
    (hole 0 {:hash_depth=>0, :limit_depth=>true, :recv=>true}) :diaspora_user=
    (hole 0 {:hash_depth=>0, :method_arg=>true}))
  (str ""))
BASETYPE: String
SIZE WORK_LIST: 189
SIZE generated: 1
EVALUABLE#: 0

-------------------------

----------------
TTYPES
Integer
Integer
Integer
Integer
Integer
Integer
Integer
Integer
Integer
Integer
Integer
Integer
Integer
Integer
Integer
Integer

PROGS

LOCAL_COUNT: 100
GLOBAL_COUNT: 100

BASE_AFTER:
(begin
  (send
    (send
      (filled-hole
        (lvar :arg0) {:method_arg=>false}) :id=
      (filled-hole
        (int 0)
        (int 1)
        (int 2)
        (hole 1 {:hash_depth=>0, :method_arg=>true, :variance=>:+}) {:method_arg=>true})) :-
    (filled-hole
      (int 0)
      (int 1)
      (int 2)
      (hole 1 {:hash_depth=>0, :method_arg=>true, :variance=>:+}) {:method_arg=>true})))
BASETYPE: Integer
SIZE WORK_LIST: 189
SIZE generated: 16
EVALUABLE#: 9

-------------------------

----------------
TTYPES
Integer
Integer
Integer
Integer

PROGS

LOCAL_COUNT: 101
GLOBAL_COUNT: 101

BASE_AFTER:
(begin
  (send
    (send
      (filled-hole
        (lvar :arg0) {:method_arg=>false}) :id) :-
    (filled-hole
      (int 0)
      (int 1)
      (int 2)
      (hole 1 {:hash_depth=>0, :method_arg=>true, :variance=>:+}) {:method_arg=>true})))
BASETYPE: Integer
SIZE WORK_LIST: 204
SIZE generated: 4
EVALUABLE#: 3

-------------------------

----------------
TTYPES
Integer
Integer
Integer
Integer
Integer
Integer
Integer
Integer
Integer
Integer
Integer
Integer
Integer
Integer
Integer
Integer

PROGS

LOCAL_COUNT: 102
GLOBAL_COUNT: 102

BASE_AFTER:
(begin
  (send
    (send
      (filled-hole
        (lvar :arg0) {:method_arg=>false}) :diaspora_user_id=
      (filled-hole
        (int 0)
        (int 1)
        (int 2)
        (hole 1 {:hash_depth=>0, :method_arg=>true, :variance=>:+}) {:method_arg=>true})) :-
    (filled-hole
      (int 0)
      (int 1)
      (int 2)
      (hole 1 {:hash_depth=>0, :method_arg=>true, :variance=>:+}) {:method_arg=>true})))
BASETYPE: Integer
SIZE WORK_LIST: 207
SIZE generated: 16
EVALUABLE#: 9

-------------------------

----------------
TTYPES
Integer
Integer
Integer
Integer

PROGS

LOCAL_COUNT: 103
GLOBAL_COUNT: 103

BASE_AFTER:
(begin
  (send
    (send
      (filled-hole
        (lvar :arg0) {:method_arg=>false}) :diaspora_user_id) :-
    (filled-hole
      (int 0)
      (int 1)
      (int 2)
      (hole 1 {:hash_depth=>0, :method_arg=>true, :variance=>:+}) {:method_arg=>true})))
BASETYPE: Integer
SIZE WORK_LIST: 222
SIZE generated: 4
EVALUABLE#: 3

-------------------------

----------------
TTYPES
Integer
Integer
Integer
Integer
Integer
Integer
Integer
Integer
Integer
Integer
Integer
Integer
Integer
Integer
Integer
Integer

PROGS

LOCAL_COUNT: 104
GLOBAL_COUNT: 104

BASE_AFTER:
(begin
  (send
    (send
      (filled-hole
        (lvar :arg0) {:method_arg=>false}) :count=
      (filled-hole
        (int 0)
        (int 1)
        (int 2)
        (hole 1 {:hash_depth=>0, :method_arg=>true, :variance=>:+}) {:method_arg=>true})) :-
    (filled-hole
      (int 0)
      (int 1)
      (int 2)
      (hole 1 {:hash_depth=>0, :method_arg=>true, :variance=>:+}) {:method_arg=>true})))
BASETYPE: Integer
SIZE WORK_LIST: 222
SIZE generated: 16
EVALUABLE#: 9

-------------------------

----------------
TTYPES
Integer
Integer
Integer
Integer

PROGS

LOCAL_COUNT: 105
GLOBAL_COUNT: 105

BASE_AFTER:
(begin
  (send
    (begin
      (send
        (filled-hole
          (lvar :arg0) {:method_arg=>false}) :count)) :-
    (filled-hole
      (int 0)
      (int 1)
      (int 2)
      (hole 1 {:hash_depth=>0, :method_arg=>true, :variance=>:+}) {:method_arg=>true})))
BASETYPE: Integer
SIZE WORK_LIST: 234
SIZE generated: 4
EVALUABLE#: 3

-------------------------

----------------
TTYPES
true or false
true or false
true or false
true or false

PROGS

LOCAL_COUNT: 106
GLOBAL_COUNT: 106

BASE_AFTER:
(begin
  (send
    (lvar :arg0) :count=
    (send
      (hole 0 {:hash_depth=>0, :limit_depth=>true, :recv=>true}) :id=
      (hole 0 {:hash_depth=>0, :method_arg=>true})))
  (true))
BASETYPE: true or false
SIZE WORK_LIST: 237
SIZE generated: 4
EVALUABLE#: 3

-------------------------

----------------
TTYPES
true or false

PROGS

LOCAL_COUNT: 107
GLOBAL_COUNT: 107

BASE_AFTER:
(begin
  (send
    (lvar :arg0) :count=
    (send
      (hole 0 {:hash_depth=>0, :limit_depth=>true, :recv=>true}) :id))
  (true))
BASETYPE: true or false
SIZE WORK_LIST: 239
SIZE generated: 1
EVALUABLE#: 1

-------------------------

----------------
TTYPES
true or false
true or false
true or false
true or false

PROGS

LOCAL_COUNT: 108
GLOBAL_COUNT: 108

BASE_AFTER:
(begin
  (send
    (lvar :arg0) :count=
    (send
      (hole 0 {:hash_depth=>0, :limit_depth=>true, :recv=>true}) :diaspora_user_id=
      (hole 0 {:hash_depth=>0, :method_arg=>true})))
  (true))
BASETYPE: true or false
SIZE WORK_LIST: 239
SIZE generated: 4
EVALUABLE#: 3

-------------------------

----------------
TTYPES
true or false

PROGS

LOCAL_COUNT: 109
GLOBAL_COUNT: 109

BASE_AFTER:
(begin
  (send
    (lvar :arg0) :count=
    (send
      (hole 0 {:hash_depth=>0, :limit_depth=>true, :recv=>true}) :diaspora_user_id))
  (true))
BASETYPE: true or false
SIZE WORK_LIST: 241
SIZE generated: 1
EVALUABLE#: 1

-------------------------

----------------
TTYPES
true or false
true or false
true or false
true or false

PROGS

LOCAL_COUNT: 110
GLOBAL_COUNT: 110

BASE_AFTER:
(begin
  (send
    (lvar :arg0) :count=
    (send
      (hole 0 {:hash_depth=>0, :limit_depth=>true, :recv=>true}) :count=
      (hole 0 {:hash_depth=>0, :method_arg=>true})))
  (true))
BASETYPE: true or false
SIZE WORK_LIST: 240
SIZE generated: 4
EVALUABLE#: 3

-------------------------

----------------
TTYPES
true or false

PROGS

LOCAL_COUNT: 111
GLOBAL_COUNT: 111

BASE_AFTER:
(begin
  (send
    (lvar :arg0) :count=
    (begin
      (send
        (hole 0 {:hash_depth=>0, :limit_depth=>true, :recv=>true}) :count)))
  (true))
BASETYPE: true or false
SIZE WORK_LIST: 242
SIZE generated: 1
EVALUABLE#: 1

-------------------------

----------------
TTYPES
true or false

PROGS

LOCAL_COUNT: 113
GLOBAL_COUNT: 112

BASE_AFTER:
(begin
  (send
    (lvar :arg0) :diaspora_user=
    (send
      (hole 0 {:hash_depth=>0, :limit_depth=>true, :recv=>true}) :diaspora_user))
  (true))
BASETYPE: true or false
SIZE WORK_LIST: 241
SIZE generated: 1
EVALUABLE#: 1

-------------------------

----------------
TTYPES
true or false

PROGS

LOCAL_COUNT: 114
GLOBAL_COUNT: 113

BASE_AFTER:
(begin
  (send
    (lvar :arg0) :diaspora_user=
    (send
      (hole 0 {:hash_depth=>0, :limit_depth=>true, :recv=>true}) :diaspora_user=
      (hole 0 {:hash_depth=>0, :method_arg=>true})))
  (true))
BASETYPE: true or false
SIZE WORK_LIST: 241
SIZE generated: 1
EVALUABLE#: 0

-------------------------

----------------
TTYPES
true or false
true or false
true or false
true or false

PROGS

LOCAL_COUNT: 115
GLOBAL_COUNT: 114

BASE_AFTER:
(begin
  (send
    (lvar :arg0) :count=
    (send
      (hole 0 {:hash_depth=>0, :limit_depth=>true, :recv=>true}) :id=
      (hole 0 {:hash_depth=>0, :method_arg=>true})))
  (false))
BASETYPE: true or false
SIZE WORK_LIST: 241
SIZE generated: 4
EVALUABLE#: 3

-------------------------

----------------
TTYPES
true or false

PROGS

LOCAL_COUNT: 116
GLOBAL_COUNT: 115

BASE_AFTER:
(begin
  (send
    (lvar :arg0) :count=
    (send
      (hole 0 {:hash_depth=>0, :limit_depth=>true, :recv=>true}) :id))
  (false))
BASETYPE: true or false
SIZE WORK_LIST: 243
SIZE generated: 1
EVALUABLE#: 1

-------------------------

----------------
TTYPES
true or false
true or false
true or false
true or false

PROGS

LOCAL_COUNT: 117
GLOBAL_COUNT: 116

BASE_AFTER:
(begin
  (send
    (lvar :arg0) :count=
    (send
      (hole 0 {:hash_depth=>0, :limit_depth=>true, :recv=>true}) :diaspora_user_id=
      (hole 0 {:hash_depth=>0, :method_arg=>true})))
  (false))
BASETYPE: true or false
SIZE WORK_LIST: 243
SIZE generated: 4
EVALUABLE#: 3

-------------------------

----------------
TTYPES
true or false

PROGS

LOCAL_COUNT: 118
GLOBAL_COUNT: 117

BASE_AFTER:
(begin
  (send
    (lvar :arg0) :count=
    (send
      (hole 0 {:hash_depth=>0, :limit_depth=>true, :recv=>true}) :diaspora_user_id))
  (false))
BASETYPE: true or false
SIZE WORK_LIST: 245
SIZE generated: 1
EVALUABLE#: 1

-------------------------

----------------
TTYPES
true or false
true or false
true or false
true or false

PROGS

LOCAL_COUNT: 119
GLOBAL_COUNT: 118

BASE_AFTER:
(begin
  (send
    (lvar :arg0) :count=
    (send
      (hole 0 {:hash_depth=>0, :limit_depth=>true, :recv=>true}) :count=
      (hole 0 {:hash_depth=>0, :method_arg=>true})))
  (false))
BASETYPE: true or false
SIZE WORK_LIST: 244
SIZE generated: 4
EVALUABLE#: 3

-------------------------

----------------
TTYPES
true or false

PROGS

LOCAL_COUNT: 120
GLOBAL_COUNT: 119

BASE_AFTER:
(begin
  (send
    (lvar :arg0) :count=
    (begin
      (send
        (hole 0 {:hash_depth=>0, :limit_depth=>true, :recv=>true}) :count)))
  (false))
BASETYPE: true or false
SIZE WORK_LIST: 246
SIZE generated: 1
EVALUABLE#: 1

-------------------------

----------------
TTYPES
true or false

PROGS

LOCAL_COUNT: 122
GLOBAL_COUNT: 120

BASE_AFTER:
(begin
  (send
    (lvar :arg0) :diaspora_user=
    (send
      (hole 0 {:hash_depth=>0, :limit_depth=>true, :recv=>true}) :diaspora_user))
  (false))
BASETYPE: true or false
SIZE WORK_LIST: 245
SIZE generated: 1
EVALUABLE#: 1

-------------------------

----------------
TTYPES
true or false

PROGS

LOCAL_COUNT: 123
GLOBAL_COUNT: 121

BASE_AFTER:
(begin
  (send
    (lvar :arg0) :diaspora_user=
    (send
      (hole 0 {:hash_depth=>0, :limit_depth=>true, :recv=>true}) :diaspora_user=
      (hole 0 {:hash_depth=>0, :method_arg=>true})))
  (false))
BASETYPE: true or false
SIZE WORK_LIST: 245
SIZE generated: 1
EVALUABLE#: 0

-------------------------

----------------
TTYPES
Integer
Integer
Integer
Integer
Integer

PROGS

LOCAL_COUNT: 124
GLOBAL_COUNT: 122

BASE_AFTER:
(begin
  (send
    (lvar :arg0) :count=
    (send
      (hole 0 {:hash_depth=>0, :limit_depth=>true, :recv=>true}) :id=
      (hole 0 {:hash_depth=>0, :method_arg=>true})))
  (int 0))
BASETYPE: Integer
SIZE WORK_LIST: 245
SIZE generated: 5
EVALUABLE#: 4

-------------------------

----------------
TTYPES
Integer

PROGS

LOCAL_COUNT: 125
GLOBAL_COUNT: 123

BASE_AFTER:
(begin
  (send
    (lvar :arg0) :count=
    (send
      (hole 0 {:hash_depth=>0, :limit_depth=>true, :recv=>true}) :id))
  (int 0))
BASETYPE: Integer
SIZE WORK_LIST: 248
SIZE generated: 1
EVALUABLE#: 1

-------------------------

----------------
TTYPES
Integer
Integer
Integer
Integer
Integer

PROGS

LOCAL_COUNT: 126
GLOBAL_COUNT: 124

BASE_AFTER:
(begin
  (send
    (lvar :arg0) :count=
    (send
      (hole 0 {:hash_depth=>0, :limit_depth=>true, :recv=>true}) :diaspora_user_id=
      (hole 0 {:hash_depth=>0, :method_arg=>true})))
  (int 0))
BASETYPE: Integer
SIZE WORK_LIST: 248
SIZE generated: 5
EVALUABLE#: 4

-------------------------

----------------
TTYPES
Integer

PROGS

LOCAL_COUNT: 127
GLOBAL_COUNT: 125

BASE_AFTER:
(begin
  (send
    (lvar :arg0) :count=
    (send
      (hole 0 {:hash_depth=>0, :limit_depth=>true, :recv=>true}) :diaspora_user_id))
  (int 0))
BASETYPE: Integer
SIZE WORK_LIST: 251
SIZE generated: 1
EVALUABLE#: 1

-------------------------

----------------
TTYPES
Integer
Integer
Integer
Integer
Integer

PROGS

LOCAL_COUNT: 128
GLOBAL_COUNT: 126

BASE_AFTER:
(begin
  (send
    (lvar :arg0) :count=
    (send
      (hole 0 {:hash_depth=>0, :limit_depth=>true, :recv=>true}) :count=
      (hole 0 {:hash_depth=>0, :method_arg=>true})))
  (int 0))
BASETYPE: Integer
SIZE WORK_LIST: 250
SIZE generated: 5
EVALUABLE#: 4

-------------------------

----------------
TTYPES
Integer

PROGS

LOCAL_COUNT: 129
GLOBAL_COUNT: 127

BASE_AFTER:
(begin
  (send
    (lvar :arg0) :count=
    (begin
      (send
        (hole 0 {:hash_depth=>0, :limit_depth=>true, :recv=>true}) :count)))
  (int 0))
BASETYPE: Integer
SIZE WORK_LIST: 253
SIZE generated: 1
EVALUABLE#: 1

-------------------------

----------------
TTYPES
Integer

PROGS

LOCAL_COUNT: 131
GLOBAL_COUNT: 128

BASE_AFTER:
(begin
  (send
    (lvar :arg0) :diaspora_user=
    (send
      (hole 0 {:hash_depth=>0, :limit_depth=>true, :recv=>true}) :diaspora_user))
  (int 0))
BASETYPE: Integer
SIZE WORK_LIST: 252
SIZE generated: 1
EVALUABLE#: 1

-------------------------

----------------
TTYPES
Integer

PROGS

LOCAL_COUNT: 132
GLOBAL_COUNT: 129

BASE_AFTER:
(begin
  (send
    (lvar :arg0) :diaspora_user=
    (send
      (hole 0 {:hash_depth=>0, :limit_depth=>true, :recv=>true}) :diaspora_user=
      (hole 0 {:hash_depth=>0, :method_arg=>true})))
  (int 0))
BASETYPE: Integer
SIZE WORK_LIST: 252
SIZE generated: 1
EVALUABLE#: 0

-------------------------

----------------
TTYPES
Integer
Integer
Integer
Integer
Integer

PROGS

LOCAL_COUNT: 133
GLOBAL_COUNT: 130

BASE_AFTER:
(begin
  (send
    (lvar :arg0) :count=
    (send
      (hole 0 {:hash_depth=>0, :limit_depth=>true, :recv=>true}) :id=
      (hole 0 {:hash_depth=>0, :method_arg=>true})))
  (int 1))
BASETYPE: Integer
SIZE WORK_LIST: 252
SIZE generated: 5
EVALUABLE#: 4

-------------------------

----------------
TTYPES
Integer

PROGS

LOCAL_COUNT: 134
GLOBAL_COUNT: 131

BASE_AFTER:
(begin
  (send
    (lvar :arg0) :count=
    (send
      (hole 0 {:hash_depth=>0, :limit_depth=>true, :recv=>true}) :id))
  (int 1))
BASETYPE: Integer
SIZE WORK_LIST: 255
SIZE generated: 1
EVALUABLE#: 1

-------------------------

----------------
TTYPES
Integer
Integer
Integer
Integer
Integer

PROGS

LOCAL_COUNT: 135
GLOBAL_COUNT: 132

BASE_AFTER:
(begin
  (send
    (lvar :arg0) :count=
    (send
      (hole 0 {:hash_depth=>0, :limit_depth=>true, :recv=>true}) :diaspora_user_id=
      (hole 0 {:hash_depth=>0, :method_arg=>true})))
  (int 1))
BASETYPE: Integer
SIZE WORK_LIST: 255
SIZE generated: 5
EVALUABLE#: 4

-------------------------

----------------
TTYPES
Integer

PROGS

LOCAL_COUNT: 136
GLOBAL_COUNT: 133

BASE_AFTER:
(begin
  (send
    (lvar :arg0) :count=
    (send
      (hole 0 {:hash_depth=>0, :limit_depth=>true, :recv=>true}) :diaspora_user_id))
  (int 1))
BASETYPE: Integer
SIZE WORK_LIST: 258
SIZE generated: 1
EVALUABLE#: 1

-------------------------

----------------
TTYPES
Integer
Integer
Integer
Integer
Integer

PROGS

LOCAL_COUNT: 137
GLOBAL_COUNT: 134

BASE_AFTER:
(begin
  (send
    (lvar :arg0) :count=
    (send
      (hole 0 {:hash_depth=>0, :limit_depth=>true, :recv=>true}) :count=
      (hole 0 {:hash_depth=>0, :method_arg=>true})))
  (int 1))
BASETYPE: Integer
SIZE WORK_LIST: 257
SIZE generated: 5
EVALUABLE#: 4

-------------------------

----------------
TTYPES
Integer

PROGS

LOCAL_COUNT: 138
GLOBAL_COUNT: 135

BASE_AFTER:
(begin
  (send
    (lvar :arg0) :count=
    (begin
      (send
        (hole 0 {:hash_depth=>0, :limit_depth=>true, :recv=>true}) :count)))
  (int 1))
BASETYPE: Integer
SIZE WORK_LIST: 260
SIZE generated: 1
EVALUABLE#: 1

-------------------------

----------------
TTYPES
Integer

PROGS

LOCAL_COUNT: 140
GLOBAL_COUNT: 136

BASE_AFTER:
(begin
  (send
    (lvar :arg0) :diaspora_user=
    (send
      (hole 0 {:hash_depth=>0, :limit_depth=>true, :recv=>true}) :diaspora_user))
  (int 1))
BASETYPE: Integer
SIZE WORK_LIST: 259
SIZE generated: 1
EVALUABLE#: 1

-------------------------

----------------
TTYPES
Integer

PROGS

LOCAL_COUNT: 141
GLOBAL_COUNT: 137

BASE_AFTER:
(begin
  (send
    (lvar :arg0) :diaspora_user=
    (send
      (hole 0 {:hash_depth=>0, :limit_depth=>true, :recv=>true}) :diaspora_user=
      (hole 0 {:hash_depth=>0, :method_arg=>true})))
  (int 1))
BASETYPE: Integer
SIZE WORK_LIST: 259
SIZE generated: 1
EVALUABLE#: 0

-------------------------

----------------
TTYPES
Integer
Integer
Integer
Integer
Integer

PROGS

LOCAL_COUNT: 142
GLOBAL_COUNT: 138

BASE_AFTER:
(begin
  (send
    (lvar :arg0) :count=
    (send
      (hole 0 {:hash_depth=>0, :limit_depth=>true, :recv=>true}) :id=
      (hole 0 {:hash_depth=>0, :method_arg=>true})))
  (int 2))
BASETYPE: Integer
SIZE WORK_LIST: 259
SIZE generated: 5
EVALUABLE#: 4

-------------------------

----------------
TTYPES
Integer

PROGS

LOCAL_COUNT: 143
GLOBAL_COUNT: 139

BASE_AFTER:
(begin
  (send
    (lvar :arg0) :count=
    (send
      (hole 0 {:hash_depth=>0, :limit_depth=>true, :recv=>true}) :id))
  (int 2))
BASETYPE: Integer
SIZE WORK_LIST: 261
SIZE generated: 1
EVALUABLE#: 1

-------------------------

----------------
TTYPES
Integer
Integer
Integer
Integer
Integer

PROGS

LOCAL_COUNT: 144
GLOBAL_COUNT: 140

BASE_AFTER:
(begin
  (send
    (lvar :arg0) :count=
    (send
      (hole 0 {:hash_depth=>0, :limit_depth=>true, :recv=>true}) :diaspora_user_id=
      (hole 0 {:hash_depth=>0, :method_arg=>true})))
  (int 2))
BASETYPE: Integer
SIZE WORK_LIST: 261
SIZE generated: 5
EVALUABLE#: 4

-------------------------

----------------
TTYPES
Integer

PROGS

LOCAL_COUNT: 145
GLOBAL_COUNT: 141

BASE_AFTER:
(begin
  (send
    (lvar :arg0) :count=
    (send
      (hole 0 {:hash_depth=>0, :limit_depth=>true, :recv=>true}) :diaspora_user_id))
  (int 2))
BASETYPE: Integer
SIZE WORK_LIST: 263
SIZE generated: 1
EVALUABLE#: 1

-------------------------

----------------
TTYPES
Integer
Integer
Integer
Integer
Integer

PROGS

LOCAL_COUNT: 146
GLOBAL_COUNT: 142

BASE_AFTER:
(begin
  (send
    (lvar :arg0) :count=
    (send
      (hole 0 {:hash_depth=>0, :limit_depth=>true, :recv=>true}) :count=
      (hole 0 {:hash_depth=>0, :method_arg=>true})))
  (int 2))
BASETYPE: Integer
SIZE WORK_LIST: 262
SIZE generated: 5
EVALUABLE#: 4

-------------------------

----------------
TTYPES
Integer

PROGS

LOCAL_COUNT: 147
GLOBAL_COUNT: 143

BASE_AFTER:
(begin
  (send
    (lvar :arg0) :count=
    (begin
      (send
        (hole 0 {:hash_depth=>0, :limit_depth=>true, :recv=>true}) :count)))
  (int 2))
BASETYPE: Integer
SIZE WORK_LIST: 264
SIZE generated: 1
EVALUABLE#: 1

-------------------------

----------------
TTYPES
Integer

PROGS

LOCAL_COUNT: 149
GLOBAL_COUNT: 144

BASE_AFTER:
(begin
  (send
    (lvar :arg0) :diaspora_user=
    (send
      (hole 0 {:hash_depth=>0, :limit_depth=>true, :recv=>true}) :diaspora_user))
  (int 2))
BASETYPE: Integer
SIZE WORK_LIST: 263
SIZE generated: 1
EVALUABLE#: 1

-------------------------

----------------
TTYPES
Integer

PROGS

LOCAL_COUNT: 150
GLOBAL_COUNT: 145

BASE_AFTER:
(begin
  (send
    (lvar :arg0) :diaspora_user=
    (send
      (hole 0 {:hash_depth=>0, :limit_depth=>true, :recv=>true}) :diaspora_user=
      (hole 0 {:hash_depth=>0, :method_arg=>true})))
  (int 2))
BASETYPE: Integer
SIZE WORK_LIST: 263
SIZE generated: 1
EVALUABLE#: 0

-------------------------

----------------
TTYPES
true or false
true or false
Integer
Integer
Integer
String
%bot

PROGS

LOCAL_COUNT: 1
GLOBAL_COUNT: 146

BASE_AFTER:
(filled-hole
  (true)
  (false)
  (int 0)
  (int 1)
  (int 2)
  (str "")
  (hole 1 {:hash_depth=>0, :method_arg=>false, :variance=>:-}) {:method_arg=>false})
BASETYPE: %bot
SIZE WORK_LIST: 0
SIZE generated: 7
EVALUABLE#: 6

-------------------------

----------------
TTYPES
true or false
true or false

PROGS

LOCAL_COUNT: 2
GLOBAL_COUNT: 147

BASE_AFTER:
(true)
BASETYPE: true or false
SIZE WORK_LIST: 6
SIZE generated: 2
EVALUABLE#: 0

-------------------------

----------------
TTYPES
true or false
true or false

PROGS

LOCAL_COUNT: 3
GLOBAL_COUNT: 148

BASE_AFTER:
(false)
BASETYPE: true or false
SIZE WORK_LIST: 7
SIZE generated: 2
EVALUABLE#: 0

-------------------------

----------------
TTYPES
Integer
Integer

PROGS

LOCAL_COUNT: 4
GLOBAL_COUNT: 149

BASE_AFTER:
(int 0)
BASETYPE: Integer
SIZE WORK_LIST: 8
SIZE generated: 2
EVALUABLE#: 0

-------------------------

----------------
TTYPES
Integer
Integer

PROGS

LOCAL_COUNT: 5
GLOBAL_COUNT: 150

BASE_AFTER:
(int 1)
BASETYPE: Integer
SIZE WORK_LIST: 9
SIZE generated: 2
EVALUABLE#: 0

-------------------------

----------------
TTYPES
Integer
Integer

PROGS

LOCAL_COUNT: 6
GLOBAL_COUNT: 151

BASE_AFTER:
(int 2)
BASETYPE: Integer
SIZE WORK_LIST: 10
SIZE generated: 2
EVALUABLE#: 0

-------------------------

----------------
TTYPES
String
String

PROGS

LOCAL_COUNT: 7
GLOBAL_COUNT: 152

BASE_AFTER:
(str "")
BASETYPE: String
SIZE WORK_LIST: 11
SIZE generated: 2
EVALUABLE#: 0

-------------------------

----------------
TTYPES
%bot

PROGS

LOCAL_COUNT: 8
GLOBAL_COUNT: 153

BASE_AFTER:
(filled-hole
  (hole 2 {:hash_depth=>0, :method_arg=>false, :variance=>:-}) {:method_arg=>false})
BASETYPE: %bot
SIZE WORK_LIST: 12
SIZE generated: 1
EVALUABLE#: 0

-------------------------

----------------
TTYPES
true or false
true or false
true or false
true or false

PROGS

LOCAL_COUNT: 9
GLOBAL_COUNT: 154

BASE_AFTER:
(begin
  (send
    (hole 0 {:hash_depth=>0, :limit_depth=>true, :recv=>true}) :count=
    (hole 0 {:hash_depth=>0, :method_arg=>true}))
  (true))
BASETYPE: true or false
SIZE WORK_LIST: 12
SIZE generated: 4
EVALUABLE#: 3

-------------------------

----------------
TTYPES
true or false

PROGS

LOCAL_COUNT: 1
GLOBAL_COUNT: 155

BASE_AFTER:
(filled-hole
  (hole 1 {:hash_depth=>0, :method_arg=>false, :variance=>:+}) {:method_arg=>false})
BASETYPE: true or false
SIZE WORK_LIST: 0
SIZE generated: 1
EVALUABLE#: 0

-------------------------

----------------
TTYPES
true or false
true or false

PROGS

LOCAL_COUNT: 2
GLOBAL_COUNT: 156

BASE_AFTER:
(filled-hole
  (begin
    (send
      (hole 0 {:hash_depth=>0, :limit_depth=>true, :recv=>true}) :-
      (hole 0 {:hash_depth=>0, :method_arg=>true})))
  (begin
    (send
      (hole 0 {:hash_depth=>0, :limit_depth=>true, :recv=>true}) :save))
  (begin
    (send
      (hole 0 {:hash_depth=>0, :limit_depth=>true, :recv=>true}) :count))
  (begin
    (send
      (hole 0 {:hash_depth=>0, :limit_depth=>true, :recv=>true}) :-
      (hole 0 {:hash_depth=>0, :method_arg=>true})))
  (begin
    (send
      (hole 0 {:hash_depth=>0, :limit_depth=>true, :recv=>true}) :save))
  (hole 2 {:hash_depth=>0, :method_arg=>false, :variance=>:+}) {:method_arg=>false})
BASETYPE: true or false
SIZE WORK_LIST: 0
SIZE generated: 2
EVALUABLE#: 0

-------------------------

----------------
TTYPES
true or false

PROGS

LOCAL_COUNT: 3
GLOBAL_COUNT: 157

BASE_AFTER:
(begin
  (send
    (filled-hole
      (lvar InvitationCode(id: integer, token: string, diaspora_user_id: integer, count: integer)) {:method_arg=>false}) :save))
BASETYPE: true or false
SIZE WORK_LIST: 1
SIZE generated: 1
EVALUABLE#: 1

-------------------------

----------------
TTYPES
Integer
true or false
Integer
true or false
true or false
true or false
Integer
true or false
Integer
true or false
Integer
true or false
Integer
true or false
true or false
true or false
true or false
true or false
true or false
true or false
true or false
true or false
true or false
true or false
true or false
true or false
true or false
true or false
true or false
true or false
true or false
true or false
true or false
true or false
true or false
true or false
Integer
true or false
true or false
true or false
true or false
true or false
true or false
true or false
true or false
true or false
true or false
true or false
true or false
true or false
true or false
true or false
true or false
true or false
true or false
true or false
true or false
true or false
true or false
Integer
true or false
true or false

PROGS

LOCAL_COUNT: 4
GLOBAL_COUNT: 158

BASE_AFTER:
(filled-hole
  (begin
    (send
      (send
        (hole 0 {:hash_depth=>0, :limit_depth=>true, :recv=>true}) :id=
        (hole 0 {:hash_depth=>0, :method_arg=>true})) :-
      (hole 0 {:hash_depth=>0, :method_arg=>true})))
  (begin
    (send
      (send
        (hole 0 {:hash_depth=>0, :limit_depth=>true, :recv=>true}) :id=
        (hole 0 {:hash_depth=>0, :method_arg=>true})) :-
      (hole 0 {:hash_depth=>0, :method_arg=>true})))
  (begin
    (send
      (send
        (hole 0 {:hash_depth=>0, :limit_depth=>true, :recv=>true}) :id=
        (hole 0 {:hash_depth=>0, :method_arg=>true})) :-
      (hole 0 {:hash_depth=>0, :method_arg=>true})))
  (begin
    (send
      (send
        (hole 0 {:hash_depth=>0, :limit_depth=>true, :recv=>true}) :id=
        (hole 0 {:hash_depth=>0, :method_arg=>true})) :count))
  (begin
    (send
      (send
        (hole 0 {:hash_depth=>0, :limit_depth=>true, :recv=>true}) :id=
        (hole 0 {:hash_depth=>0, :method_arg=>true})) :save))
  (begin
    (send
      (send
        (hole 0 {:hash_depth=>0, :limit_depth=>true, :recv=>true}) :id) :-
      (hole 0 {:hash_depth=>0, :method_arg=>true})))
  (begin
    (send
      (send
        (hole 0 {:hash_depth=>0, :limit_depth=>true, :recv=>true}) :id) :-
      (hole 0 {:hash_depth=>0, :method_arg=>true})))
  (begin
    (send
      (send
        (hole 0 {:hash_depth=>0, :limit_depth=>true, :recv=>true}) :id) :-
      (hole 0 {:hash_depth=>0, :method_arg=>true})))
  (begin
    (send
      (send
        (hole 0 {:hash_depth=>0, :limit_depth=>true, :recv=>true}) :id) :count))
  (begin
    (send
      (send
        (hole 0 {:hash_depth=>0, :limit_depth=>true, :recv=>true}) :id) :save))
  (begin
    (send
      (send
        (hole 0 {:hash_depth=>0, :limit_depth=>true, :recv=>true}) :token=
        (hole 0 {:hash_depth=>0, :method_arg=>true})) :count))
  (begin
    (send
      (send
        (hole 0 {:hash_depth=>0, :limit_depth=>true, :recv=>true}) :token=
        (hole 0 {:hash_depth=>0, :method_arg=>true})) :-
      (hole 0 {:hash_depth=>0, :method_arg=>true})))
  (begin
    (send
      (send
        (hole 0 {:hash_depth=>0, :limit_depth=>true, :recv=>true}) :token=
        (hole 0 {:hash_depth=>0, :method_arg=>true})) :save))
  (begin
    (send
      (send
        (hole 0 {:hash_depth=>0, :limit_depth=>true, :recv=>true}) :token) :count))
  (begin
    (send
      (send
        (hole 0 {:hash_depth=>0, :limit_depth=>true, :recv=>true}) :token) :-
      (hole 0 {:hash_depth=>0, :method_arg=>true})))
  (begin
    (send
      (send
        (hole 0 {:hash_depth=>0, :limit_depth=>true, :recv=>true}) :token) :save))
  (begin
    (send
      (send
        (hole 0 {:hash_depth=>0, :limit_depth=>true, :recv=>true}) :diaspora_user_id=
        (hole 0 {:hash_depth=>0, :method_arg=>true})) :-
      (hole 0 {:hash_depth=>0, :method_arg=>true})))
  (begin
    (send
      (send
        (hole 0 {:hash_depth=>0, :limit_depth=>true, :recv=>true}) :diaspora_user_id=
        (hole 0 {:hash_depth=>0, :method_arg=>true})) :-
      (hole 0 {:hash_depth=>0, :method_arg=>true})))
  (begin
    (send
      (send
        (hole 0 {:hash_depth=>0, :limit_depth=>true, :recv=>true}) :diaspora_user_id=
        (hole 0 {:hash_depth=>0, :method_arg=>true})) :-
      (hole 0 {:hash_depth=>0, :method_arg=>true})))
  (begin
    (send
      (send
        (hole 0 {:hash_depth=>0, :limit_depth=>true, :recv=>true}) :diaspora_user_id=
        (hole 0 {:hash_depth=>0, :method_arg=>true})) :count))
  (begin
    (send
      (send
        (hole 0 {:hash_depth=>0, :limit_depth=>true, :recv=>true}) :diaspora_user_id=
        (hole 0 {:hash_depth=>0, :method_arg=>true})) :save))
  (begin
    (send
      (send
        (hole 0 {:hash_depth=>0, :limit_depth=>true, :recv=>true}) :diaspora_user_id) :-
      (hole 0 {:hash_depth=>0, :method_arg=>true})))
  (begin
    (send
      (send
        (hole 0 {:hash_depth=>0, :limit_depth=>true, :recv=>true}) :diaspora_user_id) :-
      (hole 0 {:hash_depth=>0, :method_arg=>true})))
  (begin
    (send
      (send
        (hole 0 {:hash_depth=>0, :limit_depth=>true, :recv=>true}) :diaspora_user_id) :-
      (hole 0 {:hash_depth=>0, :method_arg=>true})))
  (begin
    (send
      (send
        (hole 0 {:hash_depth=>0, :limit_depth=>true, :recv=>true}) :diaspora_user_id) :count))
  (begin
    (send
      (send
        (hole 0 {:hash_depth=>0, :limit_depth=>true, :recv=>true}) :diaspora_user_id) :save))
  (begin
    (send
      (send
        (hole 0 {:hash_depth=>0, :limit_depth=>true, :recv=>true}) :count=
        (hole 0 {:hash_depth=>0, :method_arg=>true})) :-
      (hole 0 {:hash_depth=>0, :method_arg=>true})))
  (begin
    (send
      (send
        (hole 0 {:hash_depth=>0, :limit_depth=>true, :recv=>true}) :count=
        (hole 0 {:hash_depth=>0, :method_arg=>true})) :-
      (hole 0 {:hash_depth=>0, :method_arg=>true})))
  (begin
    (send
      (send
        (hole 0 {:hash_depth=>0, :limit_depth=>true, :recv=>true}) :count=
        (hole 0 {:hash_depth=>0, :method_arg=>true})) :-
      (hole 0 {:hash_depth=>0, :method_arg=>true})))
  (begin
    (send
      (send
        (hole 0 {:hash_depth=>0, :limit_depth=>true, :recv=>true}) :count=
        (hole 0 {:hash_depth=>0, :method_arg=>true})) :count))
  (begin
    (send
      (send
        (hole 0 {:hash_depth=>0, :limit_depth=>true, :recv=>true}) :count=
        (hole 0 {:hash_depth=>0, :method_arg=>true})) :save))
  (begin
    (send
      (begin
        (send
          (hole 0 {:hash_depth=>0, :limit_depth=>true, :recv=>true}) :count)) :-
      (hole 0 {:hash_depth=>0, :method_arg=>true})))
  (begin
    (send
      (begin
        (send
          (hole 0 {:hash_depth=>0, :limit_depth=>true, :recv=>true}) :count)) :-
      (hole 0 {:hash_depth=>0, :method_arg=>true})))
  (begin
    (send
      (begin
        (send
          (hole 0 {:hash_depth=>0, :limit_depth=>true, :recv=>true}) :count)) :-
      (hole 0 {:hash_depth=>0, :method_arg=>true})))
  (begin
    (send
      (begin
        (send
          (hole 0 {:hash_depth=>0, :limit_depth=>true, :recv=>true}) :count)) :-
      (hole 0 {:hash_depth=>0, :method_arg=>true})))
  (begin
    (send
      (begin
        (send
          (hole 0 {:hash_depth=>0, :limit_depth=>true, :recv=>true}) :count)) :-
      (hole 0 {:hash_depth=>0, :method_arg=>true})))
  (begin
    (send
      (begin
        (send
          (hole 0 {:hash_depth=>0, :limit_depth=>true, :recv=>true}) :count)) :-
      (hole 0 {:hash_depth=>0, :method_arg=>true})))
  (begin
    (send
      (begin
        (send
          (hole 0 {:hash_depth=>0, :limit_depth=>true, :recv=>true}) :count)) :-
      (hole 0 {:hash_depth=>0, :method_arg=>true})))
  (begin
    (send
      (begin
        (send
          (hole 0 {:hash_depth=>0, :limit_depth=>true, :recv=>true}) :count)) :-
      (hole 0 {:hash_depth=>0, :method_arg=>true})))
  (begin
    (send
      (begin
        (send
          (hole 0 {:hash_depth=>0, :limit_depth=>true, :recv=>true}) :count)) :-
      (hole 0 {:hash_depth=>0, :method_arg=>true})))
  (begin
    (send
      (begin
        (send
          (hole 0 {:hash_depth=>0, :limit_depth=>true, :recv=>true}) :count)) :count))
  (begin
    (send
      (begin
        (send
          (hole 0 {:hash_depth=>0, :limit_depth=>true, :recv=>true}) :count)) :count))
  (begin
    (send
      (begin
        (send
          (hole 0 {:hash_depth=>0, :limit_depth=>true, :recv=>true}) :count)) :count))
  (begin
    (send
      (begin
        (send
          (hole 0 {:hash_depth=>0, :limit_depth=>true, :recv=>true}) :count)) :save))
  (begin
    (send
      (begin
        (send
          (hole 0 {:hash_depth=>0, :limit_depth=>true, :recv=>true}) :count)) :save))
  (begin
    (send
      (begin
        (send
          (hole 0 {:hash_depth=>0, :limit_depth=>true, :recv=>true}) :count)) :save))
  (begin
    (send
      (send
        (hole 0 {:hash_depth=>0, :limit_depth=>true, :recv=>true}) :diaspora_user) :count))
  (begin
    (send
      (send
        (hole 0 {:hash_depth=>0, :limit_depth=>true, :recv=>true}) :diaspora_user) :-
      (hole 0 {:hash_depth=>0, :method_arg=>true})))
  (begin
    (send
      (send
        (hole 0 {:hash_depth=>0, :limit_depth=>true, :recv=>true}) :diaspora_user) :save))
  (begin
    (send
      (send
        (hole 0 {:hash_depth=>0, :limit_depth=>true, :recv=>true}) :diaspora_user=
        (hole 0 {:hash_depth=>0, :method_arg=>true})) :count))
  (begin
    (send
      (send
        (hole 0 {:hash_depth=>0, :limit_depth=>true, :recv=>true}) :diaspora_user=
        (hole 0 {:hash_depth=>0, :method_arg=>true})) :-
      (hole 0 {:hash_depth=>0, :method_arg=>true})))
  (begin
    (send
      (send
        (hole 0 {:hash_depth=>0, :limit_depth=>true, :recv=>true}) :diaspora_user=
        (hole 0 {:hash_depth=>0, :method_arg=>true})) :save))
  (send
    (begin
      (send
        (hole 0 {:hash_depth=>0, :limit_depth=>true, :recv=>true}) :-
        (hole 0 {:hash_depth=>0, :method_arg=>true}))) :confirmed=
    (hole 0 {:hash_depth=>0, :method_arg=>true}))
  (send
    (begin
      (send
        (hole 0 {:hash_depth=>0, :limit_depth=>true, :recv=>true}) :-
        (hole 0 {:hash_depth=>0, :method_arg=>true}))) :confirmed)
  (send
    (begin
      (send
        (hole 0 {:hash_depth=>0, :limit_depth=>true, :recv=>true}) :-
        (hole 0 {:hash_depth=>0, :method_arg=>true}))) :expired=
    (hole 0 {:hash_depth=>0, :method_arg=>true}))
  (send
    (begin
      (send
        (hole 0 {:hash_depth=>0, :limit_depth=>true, :recv=>true}) :-
        (hole 0 {:hash_depth=>0, :method_arg=>true}))) :expired)
  (send
    (begin
      (send
        (hole 0 {:hash_depth=>0, :limit_depth=>true, :recv=>true}) :-
        (hole 0 {:hash_depth=>0, :method_arg=>true}))) :discoverable=
    (hole 0 {:hash_depth=>0, :method_arg=>true}))
  (send
    (begin
      (send
        (hole 0 {:hash_depth=>0, :limit_depth=>true, :recv=>true}) :-
        (hole 0 {:hash_depth=>0, :method_arg=>true}))) :discoverable)
  (send
    (begin
      (send
        (hole 0 {:hash_depth=>0, :limit_depth=>true, :recv=>true}) :-
        (hole 0 {:hash_depth=>0, :method_arg=>true}))) :scheduled_check=
    (hole 0 {:hash_depth=>0, :method_arg=>true}))
  (send
    (begin
      (send
        (hole 0 {:hash_depth=>0, :limit_depth=>true, :recv=>true}) :-
        (hole 0 {:hash_depth=>0, :method_arg=>true}))) :scheduled_check)
  (send
    (begin
      (send
        (hole 0 {:hash_depth=>0, :limit_depth=>true, :recv=>true}) :-
        (hole 0 {:hash_depth=>0, :method_arg=>true}))) :otp_required_for_login=
    (hole 0 {:hash_depth=>0, :method_arg=>true}))
  (send
    (begin
      (send
        (hole 0 {:hash_depth=>0, :limit_depth=>true, :recv=>true}) :-
        (hole 0 {:hash_depth=>0, :method_arg=>true}))) :otp_required_for_login)
  (send
    (begin
      (send
        (hole 0 {:hash_depth=>0, :limit_depth=>true, :recv=>true}) :-
        (hole 0 {:hash_depth=>0, :method_arg=>true}))) :admin=
    (hole 0 {:hash_depth=>0, :method_arg=>true}))
  (send
    (begin
      (send
        (hole 0 {:hash_depth=>0, :limit_depth=>true, :recv=>true}) :-
        (hole 0 {:hash_depth=>0, :method_arg=>true}))) :admin)
  (send
    (begin
      (send
        (hole 0 {:hash_depth=>0, :limit_depth=>true, :recv=>true}) :-
        (hole 0 {:hash_depth=>0, :method_arg=>true}))) :staged=
    (hole 0 {:hash_depth=>0, :method_arg=>true}))
  (send
    (begin
      (send
        (hole 0 {:hash_depth=>0, :limit_depth=>true, :recv=>true}) :-
        (hole 0 {:hash_depth=>0, :method_arg=>true}))) :staged)
  (send
    (begin
      (send
        (hole 0 {:hash_depth=>0, :limit_depth=>true, :recv=>true}) :-
        (hole 0 {:hash_depth=>0, :method_arg=>true}))) :active=
    (hole 0 {:hash_depth=>0, :method_arg=>true}))
  (send
    (begin
      (send
        (hole 0 {:hash_depth=>0, :limit_depth=>true, :recv=>true}) :-
        (hole 0 {:hash_depth=>0, :method_arg=>true}))) :active)
  (send
    (begin
      (send
        (hole 0 {:hash_depth=>0, :limit_depth=>true, :recv=>true}) :-
        (hole 0 {:hash_depth=>0, :method_arg=>true}))) :primary=
    (hole 0 {:hash_depth=>0, :method_arg=>true}))
  (send
    (begin
      (send
        (hole 0 {:hash_depth=>0, :limit_depth=>true, :recv=>true}) :-
        (hole 0 {:hash_depth=>0, :method_arg=>true}))) :primary)
  (send
    (begin
      (send
        (hole 0 {:hash_depth=>0, :limit_depth=>true, :recv=>true}) :-
        (hole 0 {:hash_depth=>0, :method_arg=>true}))) :moderator=
    (hole 0 {:hash_depth=>0, :method_arg=>true}))
  (send
    (begin
      (send
        (hole 0 {:hash_depth=>0, :limit_depth=>true, :recv=>true}) :-
        (hole 0 {:hash_depth=>0, :method_arg=>true}))) :moderator)
  (begin
    (send
      (begin
        (send
          (hole 0 {:hash_depth=>0, :limit_depth=>true, :recv=>true}) :-
          (hole 0 {:hash_depth=>0, :method_arg=>true}))) :-
      (hole 0 {:hash_depth=>0, :method_arg=>true})))
  (begin
    (send
      (begin
        (send
          (hole 0 {:hash_depth=>0, :limit_depth=>true, :recv=>true}) :-
          (hole 0 {:hash_depth=>0, :method_arg=>true}))) :-
      (hole 0 {:hash_depth=>0, :method_arg=>true})))
  (begin
    (send
      (begin
        (send
          (hole 0 {:hash_depth=>0, :limit_depth=>true, :recv=>true}) :-
          (hole 0 {:hash_depth=>0, :method_arg=>true}))) :-
      (hole 0 {:hash_depth=>0, :method_arg=>true})))
  (begin
    (send
      (begin
        (send
          (hole 0 {:hash_depth=>0, :limit_depth=>true, :recv=>true}) :-
          (hole 0 {:hash_depth=>0, :method_arg=>true}))) :save))
  (begin
    (send
      (begin
        (send
          (hole 0 {:hash_depth=>0, :limit_depth=>true, :recv=>true}) :save)) :count))
  (begin
    (send
      (begin
        (send
          (hole 0 {:hash_depth=>0, :limit_depth=>true, :recv=>true}) :save)) :-
      (hole 0 {:hash_depth=>0, :method_arg=>true})))
  (begin
    (send
      (begin
        (send
          (hole 0 {:hash_depth=>0, :limit_depth=>true, :recv=>true}) :save)) :save))
  (send
    (begin
      (send
        (hole 0 {:hash_depth=>0, :limit_depth=>true, :recv=>true}) :count)) :confirmed=
    (hole 0 {:hash_depth=>0, :method_arg=>true}))
  (send
    (begin
      (send
        (hole 0 {:hash_depth=>0, :limit_depth=>true, :recv=>true}) :count)) :confirmed)
  (send
    (begin
      (send
        (hole 0 {:hash_depth=>0, :limit_depth=>true, :recv=>true}) :count)) :expired=
    (hole 0 {:hash_depth=>0, :method_arg=>true}))
  (send
    (begin
      (send
        (hole 0 {:hash_depth=>0, :limit_depth=>true, :recv=>true}) :count)) :expired)
  (send
    (begin
      (send
        (hole 0 {:hash_depth=>0, :limit_depth=>true, :recv=>true}) :count)) :discoverable=
    (hole 0 {:hash_depth=>0, :method_arg=>true}))
  (send
    (begin
      (send
        (hole 0 {:hash_depth=>0, :limit_depth=>true, :recv=>true}) :count)) :discoverable)
  (send
    (begin
      (send
        (hole 0 {:hash_depth=>0, :limit_depth=>true, :recv=>true}) :count)) :scheduled_check=
    (hole 0 {:hash_depth=>0, :method_arg=>true}))
  (send
    (begin
      (send
        (hole 0 {:hash_depth=>0, :limit_depth=>true, :recv=>true}) :count)) :scheduled_check)
  (send
    (begin
      (send
        (hole 0 {:hash_depth=>0, :limit_depth=>true, :recv=>true}) :count)) :otp_required_for_login=
    (hole 0 {:hash_depth=>0, :method_arg=>true}))
  (send
    (begin
      (send
        (hole 0 {:hash_depth=>0, :limit_depth=>true, :recv=>true}) :count)) :otp_required_for_login)
  (send
    (begin
      (send
        (hole 0 {:hash_depth=>0, :limit_depth=>true, :recv=>true}) :count)) :admin=
    (hole 0 {:hash_depth=>0, :method_arg=>true}))
  (send
    (begin
      (send
        (hole 0 {:hash_depth=>0, :limit_depth=>true, :recv=>true}) :count)) :admin)
  (send
    (begin
      (send
        (hole 0 {:hash_depth=>0, :limit_depth=>true, :recv=>true}) :count)) :staged=
    (hole 0 {:hash_depth=>0, :method_arg=>true}))
  (send
    (begin
      (send
        (hole 0 {:hash_depth=>0, :limit_depth=>true, :recv=>true}) :count)) :staged)
  (send
    (begin
      (send
        (hole 0 {:hash_depth=>0, :limit_depth=>true, :recv=>true}) :count)) :active=
    (hole 0 {:hash_depth=>0, :method_arg=>true}))
  (send
    (begin
      (send
        (hole 0 {:hash_depth=>0, :limit_depth=>true, :recv=>true}) :count)) :active)
  (send
    (begin
      (send
        (hole 0 {:hash_depth=>0, :limit_depth=>true, :recv=>true}) :count)) :primary=
    (hole 0 {:hash_depth=>0, :method_arg=>true}))
  (send
    (begin
      (send
        (hole 0 {:hash_depth=>0, :limit_depth=>true, :recv=>true}) :count)) :primary)
  (send
    (begin
      (send
        (hole 0 {:hash_depth=>0, :limit_depth=>true, :recv=>true}) :count)) :moderator=
    (hole 0 {:hash_depth=>0, :method_arg=>true}))
  (send
    (begin
      (send
        (hole 0 {:hash_depth=>0, :limit_depth=>true, :recv=>true}) :count)) :moderator)
  (begin
    (send
      (begin
        (send
          (hole 0 {:hash_depth=>0, :limit_depth=>true, :recv=>true}) :count)) :-
      (hole 0 {:hash_depth=>0, :method_arg=>true})))
  (begin
    (send
      (begin
        (send
          (hole 0 {:hash_depth=>0, :limit_depth=>true, :recv=>true}) :count)) :-
      (hole 0 {:hash_depth=>0, :method_arg=>true})))
  (begin
    (send
      (begin
        (send
          (hole 0 {:hash_depth=>0, :limit_depth=>true, :recv=>true}) :count)) :-
      (hole 0 {:hash_depth=>0, :method_arg=>true})))
  (begin
    (send
      (begin
        (send
          (hole 0 {:hash_depth=>0, :limit_depth=>true, :recv=>true}) :count)) :save))
  (send
    (begin
      (send
        (hole 0 {:hash_depth=>0, :limit_depth=>true, :recv=>true}) :-
        (hole 0 {:hash_depth=>0, :method_arg=>true}))) :confirmed=
    (hole 0 {:hash_depth=>0, :method_arg=>true}))
  (send
    (begin
      (send
        (hole 0 {:hash_depth=>0, :limit_depth=>true, :recv=>true}) :-
        (hole 0 {:hash_depth=>0, :method_arg=>true}))) :confirmed)
  (send
    (begin
      (send
        (hole 0 {:hash_depth=>0, :limit_depth=>true, :recv=>true}) :-
        (hole 0 {:hash_depth=>0, :method_arg=>true}))) :expired=
    (hole 0 {:hash_depth=>0, :method_arg=>true}))
  (send
    (begin
      (send
        (hole 0 {:hash_depth=>0, :limit_depth=>true, :recv=>true}) :-
        (hole 0 {:hash_depth=>0, :method_arg=>true}))) :expired)
  (send
    (begin
      (send
        (hole 0 {:hash_depth=>0, :limit_depth=>true, :recv=>true}) :-
        (hole 0 {:hash_depth=>0, :method_arg=>true}))) :discoverable=
    (hole 0 {:hash_depth=>0, :method_arg=>true}))
  (send
    (begin
      (send
        (hole 0 {:hash_depth=>0, :limit_depth=>true, :recv=>true}) :-
        (hole 0 {:hash_depth=>0, :method_arg=>true}))) :discoverable)
  (send
    (begin
      (send
        (hole 0 {:hash_depth=>0, :limit_depth=>true, :recv=>true}) :-
        (hole 0 {:hash_depth=>0, :method_arg=>true}))) :scheduled_check=
    (hole 0 {:hash_depth=>0, :method_arg=>true}))
  (send
    (begin
      (send
        (hole 0 {:hash_depth=>0, :limit_depth=>true, :recv=>true}) :-
        (hole 0 {:hash_depth=>0, :method_arg=>true}))) :scheduled_check)
  (send
    (begin
      (send
        (hole 0 {:hash_depth=>0, :limit_depth=>true, :recv=>true}) :-
        (hole 0 {:hash_depth=>0, :method_arg=>true}))) :otp_required_for_login=
    (hole 0 {:hash_depth=>0, :method_arg=>true}))
  (send
    (begin
      (send
        (hole 0 {:hash_depth=>0, :limit_depth=>true, :recv=>true}) :-
        (hole 0 {:hash_depth=>0, :method_arg=>true}))) :otp_required_for_login)
  (send
    (begin
      (send
        (hole 0 {:hash_depth=>0, :limit_depth=>true, :recv=>true}) :-
        (hole 0 {:hash_depth=>0, :method_arg=>true}))) :admin=
    (hole 0 {:hash_depth=>0, :method_arg=>true}))
  (send
    (begin
      (send
        (hole 0 {:hash_depth=>0, :limit_depth=>true, :recv=>true}) :-
        (hole 0 {:hash_depth=>0, :method_arg=>true}))) :admin)
  (send
    (begin
      (send
        (hole 0 {:hash_depth=>0, :limit_depth=>true, :recv=>true}) :-
        (hole 0 {:hash_depth=>0, :method_arg=>true}))) :staged=
    (hole 0 {:hash_depth=>0, :method_arg=>true}))
  (send
    (begin
      (send
        (hole 0 {:hash_depth=>0, :limit_depth=>true, :recv=>true}) :-
        (hole 0 {:hash_depth=>0, :method_arg=>true}))) :staged)
  (send
    (begin
      (send
        (hole 0 {:hash_depth=>0, :limit_depth=>true, :recv=>true}) :-
        (hole 0 {:hash_depth=>0, :method_arg=>true}))) :active=
    (hole 0 {:hash_depth=>0, :method_arg=>true}))
  (send
    (begin
      (send
        (hole 0 {:hash_depth=>0, :limit_depth=>true, :recv=>true}) :-
        (hole 0 {:hash_depth=>0, :method_arg=>true}))) :active)
  (send
    (begin
      (send
        (hole 0 {:hash_depth=>0, :limit_depth=>true, :recv=>true}) :-
        (hole 0 {:hash_depth=>0, :method_arg=>true}))) :primary=
    (hole 0 {:hash_depth=>0, :method_arg=>true}))
  (send
    (begin
      (send
        (hole 0 {:hash_depth=>0, :limit_depth=>true, :recv=>true}) :-
        (hole 0 {:hash_depth=>0, :method_arg=>true}))) :primary)
  (send
    (begin
      (send
        (hole 0 {:hash_depth=>0, :limit_depth=>true, :recv=>true}) :-
        (hole 0 {:hash_depth=>0, :method_arg=>true}))) :moderator=
    (hole 0 {:hash_depth=>0, :method_arg=>true}))
  (send
    (begin
      (send
        (hole 0 {:hash_depth=>0, :limit_depth=>true, :recv=>true}) :-
        (hole 0 {:hash_depth=>0, :method_arg=>true}))) :moderator)
  (begin
    (send
      (begin
        (send
          (hole 0 {:hash_depth=>0, :limit_depth=>true, :recv=>true}) :-
          (hole 0 {:hash_depth=>0, :method_arg=>true}))) :-
      (hole 0 {:hash_depth=>0, :method_arg=>true})))
  (begin
    (send
      (begin
        (send
          (hole 0 {:hash_depth=>0, :limit_depth=>true, :recv=>true}) :-
          (hole 0 {:hash_depth=>0, :method_arg=>true}))) :-
      (hole 0 {:hash_depth=>0, :method_arg=>true})))
  (begin
    (send
      (begin
        (send
          (hole 0 {:hash_depth=>0, :limit_depth=>true, :recv=>true}) :-
          (hole 0 {:hash_depth=>0, :method_arg=>true}))) :-
      (hole 0 {:hash_depth=>0, :method_arg=>true})))
  (begin
    (send
      (begin
        (send
          (hole 0 {:hash_depth=>0, :limit_depth=>true, :recv=>true}) :-
          (hole 0 {:hash_depth=>0, :method_arg=>true}))) :save))
  (begin
    (send
      (begin
        (send
          (hole 0 {:hash_depth=>0, :limit_depth=>true, :recv=>true}) :save)) :count))
  (begin
    (send
      (begin
        (send
          (hole 0 {:hash_depth=>0, :limit_depth=>true, :recv=>true}) :save)) :-
      (hole 0 {:hash_depth=>0, :method_arg=>true})))
  (begin
    (send
      (begin
        (send
          (hole 0 {:hash_depth=>0, :limit_depth=>true, :recv=>true}) :save)) :save))
  (hole 3 {:hash_depth=>0, :method_arg=>false, :variance=>:+}) {:method_arg=>false})
BASETYPE: true or false
SIZE WORK_LIST: 0
SIZE generated: 62
EVALUABLE#: 0

-------------------------

----------------
TTYPES
true or false
true or false
true or false

PROGS

LOCAL_COUNT: 5
GLOBAL_COUNT: 159

BASE_AFTER:
(send
  (begin
    (send
      (filled-hole
        (lvar InvitationCode(id: integer, token: string, diaspora_user_id: integer, count: integer)) {:method_arg=>false}) :count)) :confirmed=
  (filled-hole
    (true)
    (false)
    (hole 1 {:hash_depth=>0, :method_arg=>true, :variance=>:+}) {:method_arg=>true}))
BASETYPE: true or false
SIZE WORK_LIST: 61
SIZE generated: 3
EVALUABLE#: 2

-------------------------

----------------
TTYPES
true or false

PROGS

LOCAL_COUNT: 6
GLOBAL_COUNT: 160

BASE_AFTER:
(send
  (begin
    (send
      (filled-hole
        (lvar InvitationCode(id: integer, token: string, diaspora_user_id: integer, count: integer)) {:method_arg=>false}) :count)) :confirmed)
BASETYPE: true or false
SIZE WORK_LIST: 61
SIZE generated: 1
EVALUABLE#: 1

-------------------------

----------------
TTYPES
true or false
true or false
true or false

PROGS

LOCAL_COUNT: 7
GLOBAL_COUNT: 161

BASE_AFTER:
(send
  (begin
    (send
      (filled-hole
        (lvar InvitationCode(id: integer, token: string, diaspora_user_id: integer, count: integer)) {:method_arg=>false}) :count)) :expired=
  (filled-hole
    (true)
    (false)
    (hole 1 {:hash_depth=>0, :method_arg=>true, :variance=>:+}) {:method_arg=>true}))
BASETYPE: true or false
SIZE WORK_LIST: 60
SIZE generated: 3
EVALUABLE#: 2

-------------------------

----------------
TTYPES
true or false

PROGS

LOCAL_COUNT: 8
GLOBAL_COUNT: 162

BASE_AFTER:
(send
  (begin
    (send
      (filled-hole
        (lvar InvitationCode(id: integer, token: string, diaspora_user_id: integer, count: integer)) {:method_arg=>false}) :count)) :expired)
BASETYPE: true or false
SIZE WORK_LIST: 60
SIZE generated: 1
EVALUABLE#: 1

-------------------------

----------------
TTYPES
true or false
true or false
true or false

PROGS

LOCAL_COUNT: 9
GLOBAL_COUNT: 163

BASE_AFTER:
(send
  (begin
    (send
      (filled-hole
        (lvar InvitationCode(id: integer, token: string, diaspora_user_id: integer, count: integer)) {:method_arg=>false}) :count)) :discoverable=
  (filled-hole
    (true)
    (false)
    (hole 1 {:hash_depth=>0, :method_arg=>true, :variance=>:+}) {:method_arg=>true}))
BASETYPE: true or false
SIZE WORK_LIST: 59
SIZE generated: 3
EVALUABLE#: 2

-------------------------

----------------
TTYPES
true or false

PROGS

LOCAL_COUNT: 10
GLOBAL_COUNT: 164

BASE_AFTER:
(send
  (begin
    (send
      (filled-hole
        (lvar InvitationCode(id: integer, token: string, diaspora_user_id: integer, count: integer)) {:method_arg=>false}) :count)) :discoverable)
BASETYPE: true or false
SIZE WORK_LIST: 59
SIZE generated: 1
EVALUABLE#: 1

-------------------------

----------------
TTYPES
true or false
true or false
true or false

PROGS

LOCAL_COUNT: 11
GLOBAL_COUNT: 165

BASE_AFTER:
(send
  (begin
    (send
      (filled-hole
        (lvar InvitationCode(id: integer, token: string, diaspora_user_id: integer, count: integer)) {:method_arg=>false}) :count)) :scheduled_check=
  (filled-hole
    (true)
    (false)
    (hole 1 {:hash_depth=>0, :method_arg=>true, :variance=>:+}) {:method_arg=>true}))
BASETYPE: true or false
SIZE WORK_LIST: 58
SIZE generated: 3
EVALUABLE#: 2

-------------------------

----------------
TTYPES
true or false

PROGS

LOCAL_COUNT: 12
GLOBAL_COUNT: 166

BASE_AFTER:
(send
  (begin
    (send
      (filled-hole
        (lvar InvitationCode(id: integer, token: string, diaspora_user_id: integer, count: integer)) {:method_arg=>false}) :count)) :scheduled_check)
BASETYPE: true or false
SIZE WORK_LIST: 58
SIZE generated: 1
EVALUABLE#: 1

-------------------------

----------------
TTYPES
true or false
true or false
true or false

PROGS

LOCAL_COUNT: 13
GLOBAL_COUNT: 167

BASE_AFTER:
(send
  (begin
    (send
      (filled-hole
        (lvar InvitationCode(id: integer, token: string, diaspora_user_id: integer, count: integer)) {:method_arg=>false}) :count)) :otp_required_for_login=
  (filled-hole
    (true)
    (false)
    (hole 1 {:hash_depth=>0, :method_arg=>true, :variance=>:+}) {:method_arg=>true}))
BASETYPE: true or false
SIZE WORK_LIST: 57
SIZE generated: 3
EVALUABLE#: 2

-------------------------

----------------
TTYPES
true or false

PROGS

LOCAL_COUNT: 14
GLOBAL_COUNT: 168

BASE_AFTER:
(send
  (begin
    (send
      (filled-hole
        (lvar InvitationCode(id: integer, token: string, diaspora_user_id: integer, count: integer)) {:method_arg=>false}) :count)) :otp_required_for_login)
BASETYPE: true or false
SIZE WORK_LIST: 57
SIZE generated: 1
EVALUABLE#: 1

-------------------------

----------------
TTYPES
true or false
true or false
true or false

PROGS

LOCAL_COUNT: 15
GLOBAL_COUNT: 169

BASE_AFTER:
(send
  (begin
    (send
      (filled-hole
        (lvar InvitationCode(id: integer, token: string, diaspora_user_id: integer, count: integer)) {:method_arg=>false}) :count)) :admin=
  (filled-hole
    (true)
    (false)
    (hole 1 {:hash_depth=>0, :method_arg=>true, :variance=>:+}) {:method_arg=>true}))
BASETYPE: true or false
SIZE WORK_LIST: 56
SIZE generated: 3
EVALUABLE#: 2

-------------------------

----------------
TTYPES
true or false

PROGS

LOCAL_COUNT: 16
GLOBAL_COUNT: 170

BASE_AFTER:
(send
  (begin
    (send
      (filled-hole
        (lvar InvitationCode(id: integer, token: string, diaspora_user_id: integer, count: integer)) {:method_arg=>false}) :count)) :admin)
BASETYPE: true or false
SIZE WORK_LIST: 56
SIZE generated: 1
EVALUABLE#: 1

-------------------------

----------------
TTYPES
true or false
true or false
true or false

PROGS

LOCAL_COUNT: 17
GLOBAL_COUNT: 171

BASE_AFTER:
(send
  (begin
    (send
      (filled-hole
        (lvar InvitationCode(id: integer, token: string, diaspora_user_id: integer, count: integer)) {:method_arg=>false}) :count)) :staged=
  (filled-hole
    (true)
    (false)
    (hole 1 {:hash_depth=>0, :method_arg=>true, :variance=>:+}) {:method_arg=>true}))
BASETYPE: true or false
SIZE WORK_LIST: 55
SIZE generated: 3
EVALUABLE#: 2

-------------------------

----------------
TTYPES
true or false

PROGS

LOCAL_COUNT: 18
GLOBAL_COUNT: 172

BASE_AFTER:
(send
  (begin
    (send
      (filled-hole
        (lvar InvitationCode(id: integer, token: string, diaspora_user_id: integer, count: integer)) {:method_arg=>false}) :count)) :staged)
BASETYPE: true or false
SIZE WORK_LIST: 55
SIZE generated: 1
EVALUABLE#: 1

-------------------------

----------------
TTYPES
true or false
true or false
true or false

PROGS

LOCAL_COUNT: 19
GLOBAL_COUNT: 173

BASE_AFTER:
(send
  (begin
    (send
      (filled-hole
        (lvar InvitationCode(id: integer, token: string, diaspora_user_id: integer, count: integer)) {:method_arg=>false}) :count)) :active=
  (filled-hole
    (true)
    (false)
    (hole 1 {:hash_depth=>0, :method_arg=>true, :variance=>:+}) {:method_arg=>true}))
BASETYPE: true or false
SIZE WORK_LIST: 54
SIZE generated: 3
EVALUABLE#: 2

-------------------------

----------------
TTYPES
true or false

PROGS

LOCAL_COUNT: 20
GLOBAL_COUNT: 174

BASE_AFTER:
(send
  (begin
    (send
      (filled-hole
        (lvar InvitationCode(id: integer, token: string, diaspora_user_id: integer, count: integer)) {:method_arg=>false}) :count)) :active)
BASETYPE: true or false
SIZE WORK_LIST: 54
SIZE generated: 1
EVALUABLE#: 1

-------------------------

----------------
TTYPES
true or false
true or false
true or false

PROGS

LOCAL_COUNT: 21
GLOBAL_COUNT: 175

BASE_AFTER:
(send
  (begin
    (send
      (filled-hole
        (lvar InvitationCode(id: integer, token: string, diaspora_user_id: integer, count: integer)) {:method_arg=>false}) :count)) :primary=
  (filled-hole
    (true)
    (false)
    (hole 1 {:hash_depth=>0, :method_arg=>true, :variance=>:+}) {:method_arg=>true}))
BASETYPE: true or false
SIZE WORK_LIST: 53
SIZE generated: 3
EVALUABLE#: 2

-------------------------

----------------
TTYPES
true or false

PROGS

LOCAL_COUNT: 22
GLOBAL_COUNT: 176

BASE_AFTER:
(send
  (begin
    (send
      (filled-hole
        (lvar InvitationCode(id: integer, token: string, diaspora_user_id: integer, count: integer)) {:method_arg=>false}) :count)) :primary)
BASETYPE: true or false
SIZE WORK_LIST: 53
SIZE generated: 1
EVALUABLE#: 1

-------------------------

----------------
TTYPES
true or false
true or false
true or false

PROGS

LOCAL_COUNT: 23
GLOBAL_COUNT: 177

BASE_AFTER:
(send
  (begin
    (send
      (filled-hole
        (lvar InvitationCode(id: integer, token: string, diaspora_user_id: integer, count: integer)) {:method_arg=>false}) :count)) :moderator=
  (filled-hole
    (true)
    (false)
    (hole 1 {:hash_depth=>0, :method_arg=>true, :variance=>:+}) {:method_arg=>true}))
BASETYPE: true or false
SIZE WORK_LIST: 52
SIZE generated: 3
EVALUABLE#: 2

-------------------------

----------------
TTYPES
true or false

PROGS

LOCAL_COUNT: 24
GLOBAL_COUNT: 178

BASE_AFTER:
(send
  (begin
    (send
      (filled-hole
        (lvar InvitationCode(id: integer, token: string, diaspora_user_id: integer, count: integer)) {:method_arg=>false}) :count)) :moderator)
BASETYPE: true or false
SIZE WORK_LIST: 52
SIZE generated: 1
EVALUABLE#: 1

-------------------------

----------------
TTYPES
Integer
Integer
Integer
Integer

PROGS

LOCAL_COUNT: 25
GLOBAL_COUNT: 179

BASE_AFTER:
(begin
  (send
    (begin
      (send
        (filled-hole
          (lvar InvitationCode(id: integer, token: string, diaspora_user_id: integer, count: integer)) {:method_arg=>false}) :count)) :-
    (filled-hole
      (int 0)
      (int 1)
      (int 2)
      (hole 1 {:hash_depth=>0, :method_arg=>true, :variance=>:+}) {:method_arg=>true})))
BASETYPE: Integer
SIZE WORK_LIST: 51
SIZE generated: 4
EVALUABLE#: 3

-------------------------

----------------
TTYPES
Integer
Integer
Integer
Integer
Integer
Integer
Integer
Integer
Integer
Integer
Integer
Integer
Integer
Integer
Integer
Integer

PROGS

LOCAL_COUNT: 26
GLOBAL_COUNT: 180

BASE_AFTER:
(begin
  (send
    (send
      (filled-hole
        (lvar :arg0) {:method_arg=>false}) :id=
      (filled-hole
        (int 0)
        (int 1)
        (int 2)
        (hole 1 {:hash_depth=>0, :method_arg=>true, :variance=>:+}) {:method_arg=>true})) :-
    (filled-hole
      (int 0)
      (int 1)
      (int 2)
      (hole 1 {:hash_depth=>0, :method_arg=>true, :variance=>:+}) {:method_arg=>true})))
BASETYPE: Integer
SIZE WORK_LIST: 51
SIZE generated: 16
EVALUABLE#: 9

-------------------------

----------------
TTYPES
true or false
true or false
true or false
true or false

PROGS

LOCAL_COUNT: 27
GLOBAL_COUNT: 181

BASE_AFTER:
(begin
  (send
    (send
      (filled-hole
        (lvar :arg0) {:method_arg=>false}) :id=
      (filled-hole
        (int 0)
        (int 1)
        (int 2)
        (hole 1 {:hash_depth=>0, :method_arg=>true, :variance=>:+}) {:method_arg=>true})) :save))
BASETYPE: true or false
SIZE WORK_LIST: 57
SIZE generated: 4
EVALUABLE#: 3

-------------------------

----------------
TTYPES
Integer
Integer
Integer
Integer

PROGS

LOCAL_COUNT: 28
GLOBAL_COUNT: 182

BASE_AFTER:
(begin
  (send
    (send
      (filled-hole
        (lvar :arg0) {:method_arg=>false}) :id) :-
    (filled-hole
      (int 0)
      (int 1)
      (int 2)
      (hole 1 {:hash_depth=>0, :method_arg=>true, :variance=>:+}) {:method_arg=>true})))
BASETYPE: Integer
SIZE WORK_LIST: 57
SIZE generated: 4
EVALUABLE#: 3

-------------------------

----------------
TTYPES
true or false
true or false

PROGS

LOCAL_COUNT: 29
GLOBAL_COUNT: 183

BASE_AFTER:
(begin
  (send
    (send
      (filled-hole
        (lvar :arg0) {:method_arg=>false}) :token=
      (filled-hole
        (str "")
        (hole 1 {:hash_depth=>0, :method_arg=>true, :variance=>:+}) {:method_arg=>true})) :save))
BASETYPE: true or false
SIZE WORK_LIST: 57
SIZE generated: 2
EVALUABLE#: 1

-------------------------

----------------
TTYPES
Integer
Integer
Integer
Integer
Integer
Integer
Integer
Integer
Integer
Integer
Integer
Integer
Integer
Integer
Integer
Integer

PROGS

LOCAL_COUNT: 30
GLOBAL_COUNT: 184

BASE_AFTER:
(begin
  (send
    (send
      (filled-hole
        (lvar :arg0) {:method_arg=>false}) :diaspora_user_id=
      (filled-hole
        (int 0)
        (int 1)
        (int 2)
        (hole 1 {:hash_depth=>0, :method_arg=>true, :variance=>:+}) {:method_arg=>true})) :-
    (filled-hole
      (int 0)
      (int 1)
      (int 2)
      (hole 1 {:hash_depth=>0, :method_arg=>true, :variance=>:+}) {:method_arg=>true})))
BASETYPE: Integer
SIZE WORK_LIST: 57
SIZE generated: 16
EVALUABLE#: 9

-------------------------

----------------
TTYPES
Integer
Integer
Integer
Integer

PROGS

LOCAL_COUNT: 31
GLOBAL_COUNT: 185

BASE_AFTER:
(begin
  (send
    (send
      (filled-hole
        (lvar :arg0) {:method_arg=>false}) :diaspora_user_id) :-
    (filled-hole
      (int 0)
      (int 1)
      (int 2)
      (hole 1 {:hash_depth=>0, :method_arg=>true, :variance=>:+}) {:method_arg=>true})))
BASETYPE: Integer
SIZE WORK_LIST: 63
SIZE generated: 4
EVALUABLE#: 3

-------------------------

----------------
TTYPES
Integer
Integer
Integer
Integer
Integer
Integer
Integer
Integer
Integer
Integer
Integer
Integer
Integer
Integer
Integer
Integer

PROGS

LOCAL_COUNT: 32
GLOBAL_COUNT: 186

BASE_AFTER:
(begin
  (send
    (send
      (filled-hole
        (lvar :arg0) {:method_arg=>false}) :count=
      (filled-hole
        (int 0)
        (int 1)
        (int 2)
        (hole 1 {:hash_depth=>0, :method_arg=>true, :variance=>:+}) {:method_arg=>true})) :-
    (filled-hole
      (int 0)
      (int 1)
      (int 2)
      (hole 1 {:hash_depth=>0, :method_arg=>true, :variance=>:+}) {:method_arg=>true})))
BASETYPE: Integer
SIZE WORK_LIST: 63
SIZE generated: 16
EVALUABLE#: 9

-------------------------

----------------
TTYPES
Integer
Integer
Integer
Integer

PROGS

LOCAL_COUNT: 33
GLOBAL_COUNT: 187

BASE_AFTER:
(begin
  (send
    (begin
      (send
        (filled-hole
          (lvar :arg0) {:method_arg=>false}) :count)) :-
    (filled-hole
      (int 0)
      (int 1)
      (int 2)
      (hole 1 {:hash_depth=>0, :method_arg=>true, :variance=>:+}) {:method_arg=>true})))
BASETYPE: Integer
SIZE WORK_LIST: 69
SIZE generated: 4
EVALUABLE#: 3

-------------------------

----------------
TTYPES
true or false

PROGS

LOCAL_COUNT: 34
GLOBAL_COUNT: 188

BASE_AFTER:
(begin
  (send
    (send
      (filled-hole
        (lvar :arg0) {:method_arg=>false}) :diaspora_user) :save))
BASETYPE: true or false
SIZE WORK_LIST: 69
SIZE generated: 1
EVALUABLE#: 1

-------------------------

----------------
TTYPES
true or false

PROGS

LOCAL_COUNT: 35
GLOBAL_COUNT: 189

BASE_AFTER:
(begin
  (send
    (send
      (filled-hole
        (lvar :arg0) {:method_arg=>false}) :diaspora_user=
      (filled-hole
        (hole 1 {:hash_depth=>0, :method_arg=>true, :variance=>:+}) {:method_arg=>true})) :save))
BASETYPE: true or false
SIZE WORK_LIST: 68
SIZE generated: 1
EVALUABLE#: 0

-------------------------

----------------
TTYPES
true or false
true or false
true or false
true or false

PROGS

LOCAL_COUNT: 36
GLOBAL_COUNT: 190

BASE_AFTER:
(send
  (begin
    (send
      (lvar InvitationCode(id: integer, token: string, diaspora_user_id: integer, count: integer)) :count)) :confirmed=
  (filled-hole
    (begin
      (send
        (hole 0 {:hash_depth=>0, :limit_depth=>true, :recv=>true}) :-
        (hole 0 {:hash_depth=>0, :method_arg=>true})))
    (begin
      (send
        (hole 0 {:hash_depth=>0, :limit_depth=>true, :recv=>true}) :save))
    (begin
      (send
        (hole 0 {:hash_depth=>0, :limit_depth=>true, :recv=>true}) :count))
    (begin
      (send
        (hole 0 {:hash_depth=>0, :limit_depth=>true, :recv=>true}) :-
        (hole 0 {:hash_depth=>0, :method_arg=>true})))
    (begin
      (send
        (hole 0 {:hash_depth=>0, :limit_depth=>true, :recv=>true}) :save))
    (hole 2 {:hash_depth=>0, :method_arg=>true, :variance=>:+}) {:method_arg=>true}))
BASETYPE: true or false
SIZE WORK_LIST: 68
SIZE generated: 4
EVALUABLE#: 0

-------------------------

----------------
TTYPES
true or false

PROGS

LOCAL_COUNT: 37
GLOBAL_COUNT: 191

BASE_AFTER:
(send
  (begin
    (send
      (lvar InvitationCode(id: integer, token: string, diaspora_user_id: integer, count: integer)) :count)) :confirmed=
  (begin
    (send
      (filled-hole
        (lvar InvitationCode(id: integer, token: string, diaspora_user_id: integer, count: integer)) {:method_arg=>false}) :count)))
BASETYPE: true or false
SIZE WORK_LIST: 71
SIZE generated: 1
EVALUABLE#: 1

-------------------------

----------------
TTYPES
true or false
true or false
true or false
true or false

PROGS

LOCAL_COUNT: 38
GLOBAL_COUNT: 192

BASE_AFTER:
(send
  (begin
    (send
      (lvar InvitationCode(id: integer, token: string, diaspora_user_id: integer, count: integer)) :count)) :expired=
  (filled-hole
    (begin
      (send
        (hole 0 {:hash_depth=>0, :limit_depth=>true, :recv=>true}) :-
        (hole 0 {:hash_depth=>0, :method_arg=>true})))
    (begin
      (send
        (hole 0 {:hash_depth=>0, :limit_depth=>true, :recv=>true}) :save))
    (begin
      (send
        (hole 0 {:hash_depth=>0, :limit_depth=>true, :recv=>true}) :count))
    (begin
      (send
        (hole 0 {:hash_depth=>0, :limit_depth=>true, :recv=>true}) :-
        (hole 0 {:hash_depth=>0, :method_arg=>true})))
    (begin
      (send
        (hole 0 {:hash_depth=>0, :limit_depth=>true, :recv=>true}) :save))
    (hole 2 {:hash_depth=>0, :method_arg=>true, :variance=>:+}) {:method_arg=>true}))
BASETYPE: true or false
SIZE WORK_LIST: 70
SIZE generated: 4
EVALUABLE#: 0

-------------------------

----------------
TTYPES
true or false

PROGS

LOCAL_COUNT: 39
GLOBAL_COUNT: 193

BASE_AFTER:
(send
  (begin
    (send
      (lvar InvitationCode(id: integer, token: string, diaspora_user_id: integer, count: integer)) :count)) :expired=
  (begin
    (send
      (filled-hole
        (lvar InvitationCode(id: integer, token: string, diaspora_user_id: integer, count: integer)) {:method_arg=>false}) :count)))
BASETYPE: true or false
SIZE WORK_LIST: 73
SIZE generated: 1
EVALUABLE#: 1

-------------------------

----------------
TTYPES
true or false
true or false
true or false
true or false

PROGS

LOCAL_COUNT: 40
GLOBAL_COUNT: 194

BASE_AFTER:
(send
  (begin
    (send
      (lvar InvitationCode(id: integer, token: string, diaspora_user_id: integer, count: integer)) :count)) :discoverable=
  (filled-hole
    (begin
      (send
        (hole 0 {:hash_depth=>0, :limit_depth=>true, :recv=>true}) :-
        (hole 0 {:hash_depth=>0, :method_arg=>true})))
    (begin
      (send
        (hole 0 {:hash_depth=>0, :limit_depth=>true, :recv=>true}) :save))
    (begin
      (send
        (hole 0 {:hash_depth=>0, :limit_depth=>true, :recv=>true}) :count))
    (begin
      (send
        (hole 0 {:hash_depth=>0, :limit_depth=>true, :recv=>true}) :-
        (hole 0 {:hash_depth=>0, :method_arg=>true})))
    (begin
      (send
        (hole 0 {:hash_depth=>0, :limit_depth=>true, :recv=>true}) :save))
    (hole 2 {:hash_depth=>0, :method_arg=>true, :variance=>:+}) {:method_arg=>true}))
BASETYPE: true or false
SIZE WORK_LIST: 72
SIZE generated: 4
EVALUABLE#: 0

-------------------------

----------------
TTYPES
true or false

PROGS

LOCAL_COUNT: 41
GLOBAL_COUNT: 195

BASE_AFTER:
(send
  (begin
    (send
      (lvar InvitationCode(id: integer, token: string, diaspora_user_id: integer, count: integer)) :count)) :discoverable=
  (begin
    (send
      (filled-hole
        (lvar InvitationCode(id: integer, token: string, diaspora_user_id: integer, count: integer)) {:method_arg=>false}) :count)))
BASETYPE: true or false
SIZE WORK_LIST: 75
SIZE generated: 1
EVALUABLE#: 1

-------------------------

----------------
TTYPES
true or false
true or false
true or false
true or false

PROGS

LOCAL_COUNT: 42
GLOBAL_COUNT: 196

BASE_AFTER:
(send
  (begin
    (send
      (lvar InvitationCode(id: integer, token: string, diaspora_user_id: integer, count: integer)) :count)) :scheduled_check=
  (filled-hole
    (begin
      (send
        (hole 0 {:hash_depth=>0, :limit_depth=>true, :recv=>true}) :-
        (hole 0 {:hash_depth=>0, :method_arg=>true})))
    (begin
      (send
        (hole 0 {:hash_depth=>0, :limit_depth=>true, :recv=>true}) :save))
    (begin
      (send
        (hole 0 {:hash_depth=>0, :limit_depth=>true, :recv=>true}) :count))
    (begin
      (send
        (hole 0 {:hash_depth=>0, :limit_depth=>true, :recv=>true}) :-
        (hole 0 {:hash_depth=>0, :method_arg=>true})))
    (begin
      (send
        (hole 0 {:hash_depth=>0, :limit_depth=>true, :recv=>true}) :save))
    (hole 2 {:hash_depth=>0, :method_arg=>true, :variance=>:+}) {:method_arg=>true}))
BASETYPE: true or false
SIZE WORK_LIST: 74
SIZE generated: 4
EVALUABLE#: 0

-------------------------

----------------
TTYPES
true or false

PROGS

LOCAL_COUNT: 43
GLOBAL_COUNT: 197

BASE_AFTER:
(send
  (begin
    (send
      (lvar InvitationCode(id: integer, token: string, diaspora_user_id: integer, count: integer)) :count)) :scheduled_check=
  (begin
    (send
      (filled-hole
        (lvar InvitationCode(id: integer, token: string, diaspora_user_id: integer, count: integer)) {:method_arg=>false}) :count)))
BASETYPE: true or false
SIZE WORK_LIST: 77
SIZE generated: 1
EVALUABLE#: 1

-------------------------

----------------
TTYPES
true or false
true or false
true or false
true or false

PROGS

LOCAL_COUNT: 44
GLOBAL_COUNT: 198

BASE_AFTER:
(send
  (begin
    (send
      (lvar InvitationCode(id: integer, token: string, diaspora_user_id: integer, count: integer)) :count)) :otp_required_for_login=
  (filled-hole
    (begin
      (send
        (hole 0 {:hash_depth=>0, :limit_depth=>true, :recv=>true}) :-
        (hole 0 {:hash_depth=>0, :method_arg=>true})))
    (begin
      (send
        (hole 0 {:hash_depth=>0, :limit_depth=>true, :recv=>true}) :save))
    (begin
      (send
        (hole 0 {:hash_depth=>0, :limit_depth=>true, :recv=>true}) :count))
    (begin
      (send
        (hole 0 {:hash_depth=>0, :limit_depth=>true, :recv=>true}) :-
        (hole 0 {:hash_depth=>0, :method_arg=>true})))
    (begin
      (send
        (hole 0 {:hash_depth=>0, :limit_depth=>true, :recv=>true}) :save))
    (hole 2 {:hash_depth=>0, :method_arg=>true, :variance=>:+}) {:method_arg=>true}))
BASETYPE: true or false
SIZE WORK_LIST: 76
SIZE generated: 4
EVALUABLE#: 0

-------------------------

----------------
TTYPES
true or false

PROGS

LOCAL_COUNT: 45
GLOBAL_COUNT: 199

BASE_AFTER:
(send
  (begin
    (send
      (lvar InvitationCode(id: integer, token: string, diaspora_user_id: integer, count: integer)) :count)) :otp_required_for_login=
  (begin
    (send
      (filled-hole
        (lvar InvitationCode(id: integer, token: string, diaspora_user_id: integer, count: integer)) {:method_arg=>false}) :count)))
BASETYPE: true or false
SIZE WORK_LIST: 79
SIZE generated: 1
EVALUABLE#: 1

-------------------------

----------------
TTYPES
true or false
true or false
true or false
true or false

PROGS

LOCAL_COUNT: 46
GLOBAL_COUNT: 200

BASE_AFTER:
(send
  (begin
    (send
      (lvar InvitationCode(id: integer, token: string, diaspora_user_id: integer, count: integer)) :count)) :admin=
  (filled-hole
    (begin
      (send
        (hole 0 {:hash_depth=>0, :limit_depth=>true, :recv=>true}) :-
        (hole 0 {:hash_depth=>0, :method_arg=>true})))
    (begin
      (send
        (hole 0 {:hash_depth=>0, :limit_depth=>true, :recv=>true}) :save))
    (begin
      (send
        (hole 0 {:hash_depth=>0, :limit_depth=>true, :recv=>true}) :count))
    (begin
      (send
        (hole 0 {:hash_depth=>0, :limit_depth=>true, :recv=>true}) :-
        (hole 0 {:hash_depth=>0, :method_arg=>true})))
    (begin
      (send
        (hole 0 {:hash_depth=>0, :limit_depth=>true, :recv=>true}) :save))
    (hole 2 {:hash_depth=>0, :method_arg=>true, :variance=>:+}) {:method_arg=>true}))
BASETYPE: true or false
SIZE WORK_LIST: 78
SIZE generated: 4
EVALUABLE#: 0

-------------------------

----------------
TTYPES
true or false

PROGS

LOCAL_COUNT: 47
GLOBAL_COUNT: 201

BASE_AFTER:
(send
  (begin
    (send
      (lvar InvitationCode(id: integer, token: string, diaspora_user_id: integer, count: integer)) :count)) :admin=
  (begin
    (send
      (filled-hole
        (lvar InvitationCode(id: integer, token: string, diaspora_user_id: integer, count: integer)) {:method_arg=>false}) :count)))
BASETYPE: true or false
SIZE WORK_LIST: 81
SIZE generated: 1
EVALUABLE#: 1

-------------------------

----------------
TTYPES
true or false
true or false
true or false
true or false

PROGS

LOCAL_COUNT: 48
GLOBAL_COUNT: 202

BASE_AFTER:
(send
  (begin
    (send
      (lvar InvitationCode(id: integer, token: string, diaspora_user_id: integer, count: integer)) :count)) :staged=
  (filled-hole
    (begin
      (send
        (hole 0 {:hash_depth=>0, :limit_depth=>true, :recv=>true}) :-
        (hole 0 {:hash_depth=>0, :method_arg=>true})))
    (begin
      (send
        (hole 0 {:hash_depth=>0, :limit_depth=>true, :recv=>true}) :save))
    (begin
      (send
        (hole 0 {:hash_depth=>0, :limit_depth=>true, :recv=>true}) :count))
    (begin
      (send
        (hole 0 {:hash_depth=>0, :limit_depth=>true, :recv=>true}) :-
        (hole 0 {:hash_depth=>0, :method_arg=>true})))
    (begin
      (send
        (hole 0 {:hash_depth=>0, :limit_depth=>true, :recv=>true}) :save))
    (hole 2 {:hash_depth=>0, :method_arg=>true, :variance=>:+}) {:method_arg=>true}))
BASETYPE: true or false
SIZE WORK_LIST: 80
SIZE generated: 4
EVALUABLE#: 0

-------------------------

----------------
TTYPES
true or false

PROGS

LOCAL_COUNT: 49
GLOBAL_COUNT: 203

BASE_AFTER:
(send
  (begin
    (send
      (lvar InvitationCode(id: integer, token: string, diaspora_user_id: integer, count: integer)) :count)) :staged=
  (begin
    (send
      (filled-hole
        (lvar InvitationCode(id: integer, token: string, diaspora_user_id: integer, count: integer)) {:method_arg=>false}) :count)))
BASETYPE: true or false
SIZE WORK_LIST: 83
SIZE generated: 1
EVALUABLE#: 1

-------------------------

----------------
TTYPES
true or false
true or false
true or false
true or false

PROGS

LOCAL_COUNT: 50
GLOBAL_COUNT: 204

BASE_AFTER:
(send
  (begin
    (send
      (lvar InvitationCode(id: integer, token: string, diaspora_user_id: integer, count: integer)) :count)) :active=
  (filled-hole
    (begin
      (send
        (hole 0 {:hash_depth=>0, :limit_depth=>true, :recv=>true}) :-
        (hole 0 {:hash_depth=>0, :method_arg=>true})))
    (begin
      (send
        (hole 0 {:hash_depth=>0, :limit_depth=>true, :recv=>true}) :save))
    (begin
      (send
        (hole 0 {:hash_depth=>0, :limit_depth=>true, :recv=>true}) :count))
    (begin
      (send
        (hole 0 {:hash_depth=>0, :limit_depth=>true, :recv=>true}) :-
        (hole 0 {:hash_depth=>0, :method_arg=>true})))
    (begin
      (send
        (hole 0 {:hash_depth=>0, :limit_depth=>true, :recv=>true}) :save))
    (hole 2 {:hash_depth=>0, :method_arg=>true, :variance=>:+}) {:method_arg=>true}))
BASETYPE: true or false
SIZE WORK_LIST: 82
SIZE generated: 4
EVALUABLE#: 0

-------------------------

----------------
TTYPES
true or false

PROGS

LOCAL_COUNT: 51
GLOBAL_COUNT: 205

BASE_AFTER:
(send
  (begin
    (send
      (lvar InvitationCode(id: integer, token: string, diaspora_user_id: integer, count: integer)) :count)) :active=
  (begin
    (send
      (filled-hole
        (lvar InvitationCode(id: integer, token: string, diaspora_user_id: integer, count: integer)) {:method_arg=>false}) :count)))
BASETYPE: true or false
SIZE WORK_LIST: 85
SIZE generated: 1
EVALUABLE#: 1

-------------------------

----------------
TTYPES
true or false
true or false
true or false
true or false

PROGS

LOCAL_COUNT: 52
GLOBAL_COUNT: 206

BASE_AFTER:
(send
  (begin
    (send
      (lvar InvitationCode(id: integer, token: string, diaspora_user_id: integer, count: integer)) :count)) :primary=
  (filled-hole
    (begin
      (send
        (hole 0 {:hash_depth=>0, :limit_depth=>true, :recv=>true}) :-
        (hole 0 {:hash_depth=>0, :method_arg=>true})))
    (begin
      (send
        (hole 0 {:hash_depth=>0, :limit_depth=>true, :recv=>true}) :save))
    (begin
      (send
        (hole 0 {:hash_depth=>0, :limit_depth=>true, :recv=>true}) :count))
    (begin
      (send
        (hole 0 {:hash_depth=>0, :limit_depth=>true, :recv=>true}) :-
        (hole 0 {:hash_depth=>0, :method_arg=>true})))
    (begin
      (send
        (hole 0 {:hash_depth=>0, :limit_depth=>true, :recv=>true}) :save))
    (hole 2 {:hash_depth=>0, :method_arg=>true, :variance=>:+}) {:method_arg=>true}))
BASETYPE: true or false
SIZE WORK_LIST: 84
SIZE generated: 4
EVALUABLE#: 0

-------------------------

----------------
TTYPES
true or false

PROGS

LOCAL_COUNT: 53
GLOBAL_COUNT: 207

BASE_AFTER:
(send
  (begin
    (send
      (lvar InvitationCode(id: integer, token: string, diaspora_user_id: integer, count: integer)) :count)) :primary=
  (begin
    (send
      (filled-hole
        (lvar InvitationCode(id: integer, token: string, diaspora_user_id: integer, count: integer)) {:method_arg=>false}) :count)))
BASETYPE: true or false
SIZE WORK_LIST: 87
SIZE generated: 1
EVALUABLE#: 1

-------------------------

----------------
TTYPES
true or false
true or false
true or false
true or false

PROGS

LOCAL_COUNT: 54
GLOBAL_COUNT: 208

BASE_AFTER:
(send
  (begin
    (send
      (lvar InvitationCode(id: integer, token: string, diaspora_user_id: integer, count: integer)) :count)) :moderator=
  (filled-hole
    (begin
      (send
        (hole 0 {:hash_depth=>0, :limit_depth=>true, :recv=>true}) :-
        (hole 0 {:hash_depth=>0, :method_arg=>true})))
    (begin
      (send
        (hole 0 {:hash_depth=>0, :limit_depth=>true, :recv=>true}) :save))
    (begin
      (send
        (hole 0 {:hash_depth=>0, :limit_depth=>true, :recv=>true}) :count))
    (begin
      (send
        (hole 0 {:hash_depth=>0, :limit_depth=>true, :recv=>true}) :-
        (hole 0 {:hash_depth=>0, :method_arg=>true})))
    (begin
      (send
        (hole 0 {:hash_depth=>0, :limit_depth=>true, :recv=>true}) :save))
    (hole 2 {:hash_depth=>0, :method_arg=>true, :variance=>:+}) {:method_arg=>true}))
BASETYPE: true or false
SIZE WORK_LIST: 86
SIZE generated: 4
EVALUABLE#: 0

-------------------------

----------------
TTYPES
true or false

PROGS

LOCAL_COUNT: 55
GLOBAL_COUNT: 209

BASE_AFTER:
(send
  (begin
    (send
      (lvar InvitationCode(id: integer, token: string, diaspora_user_id: integer, count: integer)) :count)) :moderator=
  (begin
    (send
      (filled-hole
        (lvar InvitationCode(id: integer, token: string, diaspora_user_id: integer, count: integer)) {:method_arg=>false}) :count)))
BASETYPE: true or false
SIZE WORK_LIST: 89
SIZE generated: 1
EVALUABLE#: 1

-------------------------

----------------
TTYPES
Integer
Integer
Integer
Integer
Integer
Integer
Integer
Integer
Integer

PROGS

LOCAL_COUNT: 56
GLOBAL_COUNT: 210

BASE_AFTER:
(begin
  (send
    (begin
      (send
        (lvar InvitationCode(id: integer, token: string, diaspora_user_id: integer, count: integer)) :count)) :-
    (filled-hole
      (send
        (hole 0 {:hash_depth=>0, :limit_depth=>true, :recv=>true}) :id=
        (hole 0 {:hash_depth=>0, :method_arg=>true}))
      (send
        (hole 0 {:hash_depth=>0, :limit_depth=>true, :recv=>true}) :id)
      (send
        (hole 0 {:hash_depth=>0, :limit_depth=>true, :recv=>true}) :diaspora_user_id=
        (hole 0 {:hash_depth=>0, :method_arg=>true}))
      (send
        (hole 0 {:hash_depth=>0, :limit_depth=>true, :recv=>true}) :diaspora_user_id)
      (send
        (hole 0 {:hash_depth=>0, :limit_depth=>true, :recv=>true}) :count=
        (hole 0 {:hash_depth=>0, :method_arg=>true}))
      (begin
        (send
          (hole 0 {:hash_depth=>0, :limit_depth=>true, :recv=>true}) :count))
      (begin
        (send
          (hole 0 {:hash_depth=>0, :limit_depth=>true, :recv=>true}) :count))
      (begin
        (send
          (hole 0 {:hash_depth=>0, :limit_depth=>true, :recv=>true}) :count))
      (begin
        (send
          (hole 0 {:hash_depth=>0, :limit_depth=>true, :recv=>true}) :-
          (hole 0 {:hash_depth=>0, :method_arg=>true})))
      (begin
        (send
          (hole 0 {:hash_depth=>0, :limit_depth=>true, :recv=>true}) :count))
      (begin
        (send
          (hole 0 {:hash_depth=>0, :limit_depth=>true, :recv=>true}) :-
          (hole 0 {:hash_depth=>0, :method_arg=>true})))
      (hole 2 {:hash_depth=>0, :method_arg=>true, :variance=>:+}) {:method_arg=>true})))
BASETYPE: Integer
SIZE WORK_LIST: 88
SIZE generated: 9
EVALUABLE#: 0

-------------------------

----------------
TTYPES
Integer

PROGS

LOCAL_COUNT: 57
GLOBAL_COUNT: 211

BASE_AFTER:
(begin
  (send
    (begin
      (send
        (lvar InvitationCode(id: integer, token: string, diaspora_user_id: integer, count: integer)) :count)) :-
    (begin
      (send
        (filled-hole
          (lvar InvitationCode(id: integer, token: string, diaspora_user_id: integer, count: integer)) {:method_arg=>false}) :count))))
BASETYPE: Integer
SIZE WORK_LIST: 96
SIZE generated: 1
EVALUABLE#: 1

-------------------------

----------------
TTYPES
Integer
Integer
Integer
Integer

PROGS

LOCAL_COUNT: 58
GLOBAL_COUNT: 212

BASE_AFTER:
(begin
  (send
    (begin
      (send
        (lvar InvitationCode(id: integer, token: string, diaspora_user_id: integer, count: integer)) :count)) :-
    (send
      (filled-hole
        (lvar :arg0) {:method_arg=>false}) :id=
      (filled-hole
        (int 0)
        (int 1)
        (int 2)
        (hole 1 {:hash_depth=>0, :method_arg=>true, :variance=>:+}) {:method_arg=>true}))))
BASETYPE: Integer
SIZE WORK_LIST: 95
SIZE generated: 4
EVALUABLE#: 3

-------------------------

----------------
TTYPES
Integer

PROGS

LOCAL_COUNT: 59
GLOBAL_COUNT: 213

BASE_AFTER:
(begin
  (send
    (begin
      (send
        (lvar InvitationCode(id: integer, token: string, diaspora_user_id: integer, count: integer)) :count)) :-
    (send
      (filled-hole
        (lvar :arg0) {:method_arg=>false}) :id)))
BASETYPE: Integer
SIZE WORK_LIST: 95
SIZE generated: 1
EVALUABLE#: 1

-------------------------

----------------
TTYPES
Integer
Integer
Integer
Integer

PROGS

LOCAL_COUNT: 60
GLOBAL_COUNT: 214

BASE_AFTER:
(begin
  (send
    (begin
      (send
        (lvar InvitationCode(id: integer, token: string, diaspora_user_id: integer, count: integer)) :count)) :-
    (send
      (filled-hole
        (lvar :arg0) {:method_arg=>false}) :diaspora_user_id=
      (filled-hole
        (int 0)
        (int 1)
        (int 2)
        (hole 1 {:hash_depth=>0, :method_arg=>true, :variance=>:+}) {:method_arg=>true}))))
BASETYPE: Integer
SIZE WORK_LIST: 94
SIZE generated: 4
EVALUABLE#: 3

-------------------------

----------------
TTYPES
Integer

PROGS

LOCAL_COUNT: 61
GLOBAL_COUNT: 215

BASE_AFTER:
(begin
  (send
    (begin
      (send
        (lvar InvitationCode(id: integer, token: string, diaspora_user_id: integer, count: integer)) :count)) :-
    (send
      (filled-hole
        (lvar :arg0) {:method_arg=>false}) :diaspora_user_id)))
BASETYPE: Integer
SIZE WORK_LIST: 94
SIZE generated: 1
EVALUABLE#: 1

-------------------------

----------------
TTYPES
Integer
Integer
Integer
Integer

PROGS

LOCAL_COUNT: 62
GLOBAL_COUNT: 216

BASE_AFTER:
(begin
  (send
    (begin
      (send
        (lvar InvitationCode(id: integer, token: string, diaspora_user_id: integer, count: integer)) :count)) :-
    (send
      (filled-hole
        (lvar :arg0) {:method_arg=>false}) :count=
      (filled-hole
        (int 0)
        (int 1)
        (int 2)
        (hole 1 {:hash_depth=>0, :method_arg=>true, :variance=>:+}) {:method_arg=>true}))))
BASETYPE: Integer
SIZE WORK_LIST: 93
SIZE generated: 4
EVALUABLE#: 3

-------------------------

----------------
TTYPES
Integer

PROGS

LOCAL_COUNT: 63
GLOBAL_COUNT: 217

BASE_AFTER:
(begin
  (send
    (begin
      (send
        (lvar InvitationCode(id: integer, token: string, diaspora_user_id: integer, count: integer)) :count)) :-
    (begin
      (send
        (filled-hole
          (lvar :arg0) {:method_arg=>false}) :count))))
BASETYPE: Integer
SIZE WORK_LIST: 93
SIZE generated: 1
EVALUABLE#: 1

-------------------------

----------------
TTYPES
true or false
true or false
Integer
Integer
Integer
String
%bot

PROGS

LOCAL_COUNT: 1
GLOBAL_COUNT: 1

BASE_AFTER:
(filled-hole
  (true)
  (false)
  (int 0)
  (int 1)
  (int 2)
  (str "")
  (hole 1 {:hash_depth=>0, :method_arg=>false, :variance=>:-}) {:method_arg=>false})
BASETYPE: %bot
SIZE WORK_LIST: 0
SIZE generated: 7
EVALUABLE#: 6

-------------------------

----------------
TTYPES
true or false
true or false

PROGS

LOCAL_COUNT: 2
GLOBAL_COUNT: 2

BASE_AFTER:
(true)
BASETYPE: true or false
SIZE WORK_LIST: 6
SIZE generated: 2
EVALUABLE#: 0

-------------------------

----------------
TTYPES
true or false
true or false

PROGS

LOCAL_COUNT: 3
GLOBAL_COUNT: 3

BASE_AFTER:
(false)
BASETYPE: true or false
SIZE WORK_LIST: 7
SIZE generated: 2
EVALUABLE#: 0

-------------------------

----------------
TTYPES
Integer
Integer

PROGS

LOCAL_COUNT: 4
GLOBAL_COUNT: 4

BASE_AFTER:
(int 0)
BASETYPE: Integer
SIZE WORK_LIST: 8
SIZE generated: 2
EVALUABLE#: 0

-------------------------

----------------
TTYPES
Integer
Integer

PROGS

LOCAL_COUNT: 5
GLOBAL_COUNT: 5

BASE_AFTER:
(int 1)
BASETYPE: Integer
SIZE WORK_LIST: 9
SIZE generated: 2
EVALUABLE#: 0

-------------------------

----------------
TTYPES
Integer
Integer

PROGS

LOCAL_COUNT: 6
GLOBAL_COUNT: 6

BASE_AFTER:
(int 2)
BASETYPE: Integer
SIZE WORK_LIST: 10
SIZE generated: 2
EVALUABLE#: 0

-------------------------

----------------
TTYPES
String
String

PROGS

LOCAL_COUNT: 7
GLOBAL_COUNT: 7

BASE_AFTER:
(str "")
BASETYPE: String
SIZE WORK_LIST: 11
SIZE generated: 2
EVALUABLE#: 0

-------------------------

----------------
TTYPES
%bot

PROGS

LOCAL_COUNT: 8
GLOBAL_COUNT: 8

BASE_AFTER:
(filled-hole
  (begin
    (send
      (hole 0 {:hash_depth=>0, :limit_depth=>true, :recv=>true}) :-
      (hole 0 {:hash_depth=>0, :method_arg=>true})))
  (begin
    (send
      (hole 0 {:hash_depth=>0, :limit_depth=>true, :recv=>true}) :count))
  (begin
    (send
      (hole 0 {:hash_depth=>0, :limit_depth=>true, :recv=>true}) :-
      (hole 0 {:hash_depth=>0, :method_arg=>true})))
  (hole 2 {:hash_depth=>0, :method_arg=>false, :variance=>:-}) {:method_arg=>false})
BASETYPE: %bot
SIZE WORK_LIST: 12
SIZE generated: 1
EVALUABLE#: 0

-------------------------

----------------
TTYPES
true or false
true or false
true or false
true or false

PROGS

LOCAL_COUNT: 9
GLOBAL_COUNT: 9

BASE_AFTER:
(begin
  (send
    (hole 0 {:hash_depth=>0, :limit_depth=>true, :recv=>true}) :count=
    (hole 0 {:hash_depth=>0, :method_arg=>true}))
  (true))
BASETYPE: true or false
SIZE WORK_LIST: 12
SIZE generated: 4
EVALUABLE#: 3

-------------------------

----------------
TTYPES
true or false

PROGS

LOCAL_COUNT: 10
GLOBAL_COUNT: 10

BASE_AFTER:
(begin
  (send
    (hole 0 {:hash_depth=>0, :limit_depth=>true, :recv=>true}) :diaspora_user=
    (hole 0 {:hash_depth=>0, :method_arg=>true}))
  (true))
BASETYPE: true or false
SIZE WORK_LIST: 14
SIZE generated: 1
EVALUABLE#: 0

-------------------------

----------------
TTYPES
true or false
true or false
true or false
true or false

PROGS

LOCAL_COUNT: 11
GLOBAL_COUNT: 11

BASE_AFTER:
(begin
  (send
    (hole 0 {:hash_depth=>0, :limit_depth=>true, :recv=>true}) :count=
    (hole 0 {:hash_depth=>0, :method_arg=>true}))
  (false))
BASETYPE: true or false
SIZE WORK_LIST: 14
SIZE generated: 4
EVALUABLE#: 3

-------------------------

----------------
TTYPES
true or false

PROGS

LOCAL_COUNT: 12
GLOBAL_COUNT: 12

BASE_AFTER:
(begin
  (send
    (hole 0 {:hash_depth=>0, :limit_depth=>true, :recv=>true}) :diaspora_user=
    (hole 0 {:hash_depth=>0, :method_arg=>true}))
  (false))
BASETYPE: true or false
SIZE WORK_LIST: 16
SIZE generated: 1
EVALUABLE#: 0

-------------------------

----------------
TTYPES
Integer
Integer
Integer
Integer
Integer

PROGS

LOCAL_COUNT: 13
GLOBAL_COUNT: 13

BASE_AFTER:
(begin
  (send
    (hole 0 {:hash_depth=>0, :limit_depth=>true, :recv=>true}) :count=
    (hole 0 {:hash_depth=>0, :method_arg=>true}))
  (int 0))
BASETYPE: Integer
SIZE WORK_LIST: 16
SIZE generated: 5
EVALUABLE#: 4

-------------------------

----------------
TTYPES
Integer

PROGS

LOCAL_COUNT: 14
GLOBAL_COUNT: 14

BASE_AFTER:
(begin
  (send
    (hole 0 {:hash_depth=>0, :limit_depth=>true, :recv=>true}) :diaspora_user=
    (hole 0 {:hash_depth=>0, :method_arg=>true}))
  (int 0))
BASETYPE: Integer
SIZE WORK_LIST: 19
SIZE generated: 1
EVALUABLE#: 0

-------------------------

----------------
TTYPES
Integer
Integer
Integer
Integer
Integer

PROGS

LOCAL_COUNT: 15
GLOBAL_COUNT: 15

BASE_AFTER:
(begin
  (send
    (hole 0 {:hash_depth=>0, :limit_depth=>true, :recv=>true}) :count=
    (hole 0 {:hash_depth=>0, :method_arg=>true}))
  (int 1))
BASETYPE: Integer
SIZE WORK_LIST: 19
SIZE generated: 5
EVALUABLE#: 4

-------------------------

----------------
TTYPES
Integer

PROGS

LOCAL_COUNT: 16
GLOBAL_COUNT: 16

BASE_AFTER:
(begin
  (send
    (hole 0 {:hash_depth=>0, :limit_depth=>true, :recv=>true}) :diaspora_user=
    (hole 0 {:hash_depth=>0, :method_arg=>true}))
  (int 1))
BASETYPE: Integer
SIZE WORK_LIST: 22
SIZE generated: 1
EVALUABLE#: 0

-------------------------

----------------
TTYPES
Integer
Integer
Integer
Integer
Integer

PROGS

LOCAL_COUNT: 17
GLOBAL_COUNT: 17

BASE_AFTER:
(begin
  (send
    (hole 0 {:hash_depth=>0, :limit_depth=>true, :recv=>true}) :count=
    (hole 0 {:hash_depth=>0, :method_arg=>true}))
  (int 2))
BASETYPE: Integer
SIZE WORK_LIST: 22
SIZE generated: 5
EVALUABLE#: 4

-------------------------

----------------
TTYPES
Integer

PROGS

LOCAL_COUNT: 18
GLOBAL_COUNT: 18

BASE_AFTER:
(begin
  (send
    (hole 0 {:hash_depth=>0, :limit_depth=>true, :recv=>true}) :diaspora_user=
    (hole 0 {:hash_depth=>0, :method_arg=>true}))
  (int 2))
BASETYPE: Integer
SIZE WORK_LIST: 24
SIZE generated: 1
EVALUABLE#: 0

-------------------------

----------------
TTYPES
String
String
String
String

PROGS

LOCAL_COUNT: 19
GLOBAL_COUNT: 19

BASE_AFTER:
(begin
  (send
    (hole 0 {:hash_depth=>0, :limit_depth=>true, :recv=>true}) :count=
    (hole 0 {:hash_depth=>0, :method_arg=>true}))
  (str ""))
BASETYPE: String
SIZE WORK_LIST: 24
SIZE generated: 4
EVALUABLE#: 3

-------------------------

----------------
TTYPES
String

PROGS

LOCAL_COUNT: 20
GLOBAL_COUNT: 20

BASE_AFTER:
(begin
  (send
    (hole 0 {:hash_depth=>0, :limit_depth=>true, :recv=>true}) :diaspora_user=
    (hole 0 {:hash_depth=>0, :method_arg=>true}))
  (str ""))
BASETYPE: String
SIZE WORK_LIST: 26
SIZE generated: 1
EVALUABLE#: 0

-------------------------

----------------
TTYPES
true or false
true or false

PROGS

LOCAL_COUNT: 21
GLOBAL_COUNT: 21

BASE_AFTER:
(begin
  (send
    (lvar :arg0) :count=
    (int 0))
  (true))
BASETYPE: true or false
SIZE WORK_LIST: 26
SIZE generated: 2
EVALUABLE#: 0

-------------------------

----------------
TTYPES
true or false
true or false

PROGS

LOCAL_COUNT: 22
GLOBAL_COUNT: 22

BASE_AFTER:
(begin
  (send
    (lvar :arg0) :count=
    (int 1))
  (true))
BASETYPE: true or false
SIZE WORK_LIST: 27
SIZE generated: 2
EVALUABLE#: 0

-------------------------

----------------
TTYPES
true or false
true or false

PROGS

LOCAL_COUNT: 23
GLOBAL_COUNT: 23

BASE_AFTER:
(begin
  (send
    (lvar :arg0) :count=
    (int 0))
  (false))
BASETYPE: true or false
SIZE WORK_LIST: 28
SIZE generated: 2
EVALUABLE#: 0

-------------------------

----------------
TTYPES
true or false
true or false

PROGS

LOCAL_COUNT: 24
GLOBAL_COUNT: 24

BASE_AFTER:
(begin
  (send
    (lvar :arg0) :count=
    (int 1))
  (false))
BASETYPE: true or false
SIZE WORK_LIST: 29
SIZE generated: 2
EVALUABLE#: 0

-------------------------

----------------
TTYPES
Integer
Integer

PROGS

LOCAL_COUNT: 25
GLOBAL_COUNT: 25

BASE_AFTER:
(begin
  (send
    (lvar :arg0) :count=
    (int 0))
  (int 0))
BASETYPE: Integer
SIZE WORK_LIST: 30
SIZE generated: 2
EVALUABLE#: 0

-------------------------

----------------
TTYPES
Integer
Integer

PROGS

LOCAL_COUNT: 26
GLOBAL_COUNT: 26

BASE_AFTER:
(begin
  (send
    (lvar :arg0) :count=
    (int 1))
  (int 0))
BASETYPE: Integer
SIZE WORK_LIST: 31
SIZE generated: 2
EVALUABLE#: 0

-------------------------

----------------
TTYPES
Integer
Integer

PROGS

LOCAL_COUNT: 27
GLOBAL_COUNT: 27

BASE_AFTER:
(begin
  (lvasgn :t0
    (int 0))
  (send
    (lvar :arg0) :count=
    (lvar :t0))
  (lvar :t0))
BASETYPE: Integer
SIZE WORK_LIST: 32
SIZE generated: 2
EVALUABLE#: 0

-------------------------

----------------
TTYPES
Integer
Integer

PROGS

LOCAL_COUNT: 28
GLOBAL_COUNT: 28

BASE_AFTER:
(begin
  (send
    (lvar :arg0) :count=
    (int 0))
  (int 1))
BASETYPE: Integer
SIZE WORK_LIST: 33
SIZE generated: 2
EVALUABLE#: 0

-------------------------

----------------
TTYPES
Integer
Integer

PROGS

LOCAL_COUNT: 29
GLOBAL_COUNT: 29

BASE_AFTER:
(begin
  (send
    (lvar :arg0) :count=
    (int 1))
  (int 1))
BASETYPE: Integer
SIZE WORK_LIST: 34
SIZE generated: 2
EVALUABLE#: 0

-------------------------

----------------
TTYPES
Integer
Integer

PROGS

LOCAL_COUNT: 30
GLOBAL_COUNT: 30

BASE_AFTER:
(begin
  (lvasgn :t0
    (int 1))
  (send
    (lvar :arg0) :count=
    (lvar :t0))
  (lvar :t0))
BASETYPE: Integer
SIZE WORK_LIST: 35
SIZE generated: 2
EVALUABLE#: 0

-------------------------

----------------
TTYPES
Integer
Integer

PROGS

LOCAL_COUNT: 31
GLOBAL_COUNT: 31

BASE_AFTER:
(begin
  (send
    (lvar :arg0) :count=
    (int 0))
  (int 2))
BASETYPE: Integer
SIZE WORK_LIST: 36
SIZE generated: 2
EVALUABLE#: 0

-------------------------

----------------
TTYPES
Integer
Integer

PROGS

LOCAL_COUNT: 32
GLOBAL_COUNT: 32

BASE_AFTER:
(begin
  (send
    (lvar :arg0) :count=
    (int 1))
  (int 2))
BASETYPE: Integer
SIZE WORK_LIST: 37
SIZE generated: 2
EVALUABLE#: 0

-------------------------

----------------
TTYPES
String
String

PROGS

LOCAL_COUNT: 33
GLOBAL_COUNT: 33

BASE_AFTER:
(begin
  (send
    (lvar :arg0) :count=
    (int 0))
  (str ""))
BASETYPE: String
SIZE WORK_LIST: 38
SIZE generated: 2
EVALUABLE#: 0

-------------------------

----------------
TTYPES
String
String

PROGS

LOCAL_COUNT: 34
GLOBAL_COUNT: 34

BASE_AFTER:
(begin
  (send
    (lvar :arg0) :count=
    (int 1))
  (str ""))
BASETYPE: String
SIZE WORK_LIST: 39
SIZE generated: 2
EVALUABLE#: 0

-------------------------

----------------
TTYPES
Integer
Integer
Integer
Integer
Integer
Integer
Integer
Integer
%bot

PROGS

LOCAL_COUNT: 35
GLOBAL_COUNT: 35

BASE_AFTER:
(filled-hole
  (begin
    (send
      (send
        (hole 0 {:hash_depth=>0, :limit_depth=>true, :recv=>true}) :id=
        (hole 0 {:hash_depth=>0, :method_arg=>true})) :-
      (hole 0 {:hash_depth=>0, :method_arg=>true})))
  (begin
    (send
      (send
        (hole 0 {:hash_depth=>0, :limit_depth=>true, :recv=>true}) :id=
        (hole 0 {:hash_depth=>0, :method_arg=>true})) :-
      (hole 0 {:hash_depth=>0, :method_arg=>true})))
  (begin
    (send
      (send
        (hole 0 {:hash_depth=>0, :limit_depth=>true, :recv=>true}) :id=
        (hole 0 {:hash_depth=>0, :method_arg=>true})) :count))
  (begin
    (send
      (send
        (hole 0 {:hash_depth=>0, :limit_depth=>true, :recv=>true}) :id) :-
      (hole 0 {:hash_depth=>0, :method_arg=>true})))
  (begin
    (send
      (send
        (hole 0 {:hash_depth=>0, :limit_depth=>true, :recv=>true}) :id) :-
      (hole 0 {:hash_depth=>0, :method_arg=>true})))
  (begin
    (send
      (send
        (hole 0 {:hash_depth=>0, :limit_depth=>true, :recv=>true}) :id) :count))
  (begin
    (send
      (send
        (hole 0 {:hash_depth=>0, :limit_depth=>true, :recv=>true}) :token=
        (hole 0 {:hash_depth=>0, :method_arg=>true})) :count))
  (begin
    (send
      (send
        (hole 0 {:hash_depth=>0, :limit_depth=>true, :recv=>true}) :token=
        (hole 0 {:hash_depth=>0, :method_arg=>true})) :-
      (hole 0 {:hash_depth=>0, :method_arg=>true})))
  (begin
    (send
      (send
        (hole 0 {:hash_depth=>0, :limit_depth=>true, :recv=>true}) :token) :count))
  (begin
    (send
      (send
        (hole 0 {:hash_depth=>0, :limit_depth=>true, :recv=>true}) :token) :-
      (hole 0 {:hash_depth=>0, :method_arg=>true})))
  (begin
    (send
      (send
        (hole 0 {:hash_depth=>0, :limit_depth=>true, :recv=>true}) :diaspora_user_id=
        (hole 0 {:hash_depth=>0, :method_arg=>true})) :-
      (hole 0 {:hash_depth=>0, :method_arg=>true})))
  (begin
    (send
      (send
        (hole 0 {:hash_depth=>0, :limit_depth=>true, :recv=>true}) :diaspora_user_id=
        (hole 0 {:hash_depth=>0, :method_arg=>true})) :-
      (hole 0 {:hash_depth=>0, :method_arg=>true})))
  (begin
    (send
      (send
        (hole 0 {:hash_depth=>0, :limit_depth=>true, :recv=>true}) :diaspora_user_id=
        (hole 0 {:hash_depth=>0, :method_arg=>true})) :count))
  (begin
    (send
      (send
        (hole 0 {:hash_depth=>0, :limit_depth=>true, :recv=>true}) :diaspora_user_id) :-
      (hole 0 {:hash_depth=>0, :method_arg=>true})))
  (begin
    (send
      (send
        (hole 0 {:hash_depth=>0, :limit_depth=>true, :recv=>true}) :diaspora_user_id) :-
      (hole 0 {:hash_depth=>0, :method_arg=>true})))
  (begin
    (send
      (send
        (hole 0 {:hash_depth=>0, :limit_depth=>true, :recv=>true}) :diaspora_user_id) :count))
  (begin
    (send
      (send
        (hole 0 {:hash_depth=>0, :limit_depth=>true, :recv=>true}) :count=
        (hole 0 {:hash_depth=>0, :method_arg=>true})) :-
      (hole 0 {:hash_depth=>0, :method_arg=>true})))
  (begin
    (send
      (send
        (hole 0 {:hash_depth=>0, :limit_depth=>true, :recv=>true}) :count=
        (hole 0 {:hash_depth=>0, :method_arg=>true})) :-
      (hole 0 {:hash_depth=>0, :method_arg=>true})))
  (begin
    (send
      (send
        (hole 0 {:hash_depth=>0, :limit_depth=>true, :recv=>true}) :count=
        (hole 0 {:hash_depth=>0, :method_arg=>true})) :count))
  (begin
    (send
      (begin
        (send
          (hole 0 {:hash_depth=>0, :limit_depth=>true, :recv=>true}) :count)) :-
      (hole 0 {:hash_depth=>0, :method_arg=>true})))
  (begin
    (send
      (begin
        (send
          (hole 0 {:hash_depth=>0, :limit_depth=>true, :recv=>true}) :count)) :-
      (hole 0 {:hash_depth=>0, :method_arg=>true})))
  (begin
    (send
      (begin
        (send
          (hole 0 {:hash_depth=>0, :limit_depth=>true, :recv=>true}) :count)) :count))
  (begin
    (send
      (send
        (hole 0 {:hash_depth=>0, :limit_depth=>true, :recv=>true}) :diaspora_user) :count))
  (begin
    (send
      (send
        (hole 0 {:hash_depth=>0, :limit_depth=>true, :recv=>true}) :diaspora_user) :-
      (hole 0 {:hash_depth=>0, :method_arg=>true})))
  (begin
    (send
      (send
        (hole 0 {:hash_depth=>0, :limit_depth=>true, :recv=>true}) :diaspora_user=
        (hole 0 {:hash_depth=>0, :method_arg=>true})) :count))
  (begin
    (send
      (send
        (hole 0 {:hash_depth=>0, :limit_depth=>true, :recv=>true}) :diaspora_user=
        (hole 0 {:hash_depth=>0, :method_arg=>true})) :-
      (hole 0 {:hash_depth=>0, :method_arg=>true})))
  (begin
    (send
      (begin
        (send
          (hole 0 {:hash_depth=>0, :limit_depth=>true, :recv=>true}) :-
          (hole 0 {:hash_depth=>0, :method_arg=>true}))) :-
      (hole 0 {:hash_depth=>0, :method_arg=>true})))
  (begin
    (send
      (begin
        (send
          (hole 0 {:hash_depth=>0, :limit_depth=>true, :recv=>true}) :-
          (hole 0 {:hash_depth=>0, :method_arg=>true}))) :-
      (hole 0 {:hash_depth=>0, :method_arg=>true})))
  (begin
    (send
      (begin
        (send
          (hole 0 {:hash_depth=>0, :limit_depth=>true, :recv=>true}) :save)) :count))
  (begin
    (send
      (begin
        (send
          (hole 0 {:hash_depth=>0, :limit_depth=>true, :recv=>true}) :save)) :-
      (hole 0 {:hash_depth=>0, :method_arg=>true})))
  (begin
    (send
      (begin
        (send
          (hole 0 {:hash_depth=>0, :limit_depth=>true, :recv=>true}) :count)) :-
      (hole 0 {:hash_depth=>0, :method_arg=>true})))
  (begin
    (send
      (begin
        (send
          (hole 0 {:hash_depth=>0, :limit_depth=>true, :recv=>true}) :count)) :-
      (hole 0 {:hash_depth=>0, :method_arg=>true})))
  (begin
    (send
      (begin
        (send
          (hole 0 {:hash_depth=>0, :limit_depth=>true, :recv=>true}) :-
          (hole 0 {:hash_depth=>0, :method_arg=>true}))) :-
      (hole 0 {:hash_depth=>0, :method_arg=>true})))
  (begin
    (send
      (begin
        (send
          (hole 0 {:hash_depth=>0, :limit_depth=>true, :recv=>true}) :-
          (hole 0 {:hash_depth=>0, :method_arg=>true}))) :-
      (hole 0 {:hash_depth=>0, :method_arg=>true})))
  (begin
    (send
      (begin
        (send
          (hole 0 {:hash_depth=>0, :limit_depth=>true, :recv=>true}) :save)) :count))
  (begin
    (send
      (begin
        (send
          (hole 0 {:hash_depth=>0, :limit_depth=>true, :recv=>true}) :save)) :-
      (hole 0 {:hash_depth=>0, :method_arg=>true})))
  (hole 3 {:hash_depth=>0, :method_arg=>false, :variance=>:-}) {:method_arg=>false})
BASETYPE: %bot
SIZE WORK_LIST: 40
SIZE generated: 9
EVALUABLE#: 0

-------------------------

----------------
TTYPES
Integer
Integer
Integer
Integer
Integer
Integer
Integer
Integer
Integer
Integer
Integer
Integer
Integer
Integer
Integer
Integer
Integer
Integer
Integer
Integer
Integer
Integer
Integer
Integer
Integer
Integer
Integer
Integer
Integer
Integer
Integer
Integer
Integer
Integer
Integer
Integer

PROGS

LOCAL_COUNT: 36
GLOBAL_COUNT: 36

BASE_AFTER:
(begin
  (send
    (begin
      (send
        (filled-hole
          (lvar InvitationCode(id: integer, token: string, diaspora_user_id: integer, count: integer)) {:method_arg=>false}) :-
        (filled-hole
          (lvar :arg0)
          (lvar InvitationCode(id: integer, token: string, diaspora_user_id: integer, count: integer))
          (true)
          (false)
          (int 0)
          (int 1)
          (int 2)
          (str "")
          (hole 1 {:hash_depth=>0, :method_arg=>true, :variance=>:+}) {:method_arg=>true}))) :-
    (filled-hole
      (int 0)
      (int 1)
      (int 2)
      (hole 1 {:hash_depth=>0, :method_arg=>true, :variance=>:+}) {:method_arg=>true})))
BASETYPE: Integer
SIZE WORK_LIST: 48
SIZE generated: 36
EVALUABLE#: 24

-------------------------

----------------
TTYPES
Integer
Integer
Integer
Integer

PROGS

LOCAL_COUNT: 37
GLOBAL_COUNT: 37

BASE_AFTER:
(begin
  (send
    (begin
      (send
        (filled-hole
          (lvar InvitationCode(id: integer, token: string, diaspora_user_id: integer, count: integer)) {:method_arg=>false}) :count)) :-
    (filled-hole
      (int 0)
      (int 1)
      (int 2)
      (hole 1 {:hash_depth=>0, :method_arg=>true, :variance=>:+}) {:method_arg=>true})))
BASETYPE: Integer
SIZE WORK_LIST: 59
SIZE generated: 4
EVALUABLE#: 3

-------------------------

----------------
TTYPES
true or false
true or false
true or false
true or false
true or false
true or false
true or false
true or false
true or false
true or false
true or false

PROGS

LOCAL_COUNT: 38
GLOBAL_COUNT: 38

BASE_AFTER:
(begin
  (send
    (lvar :arg0) :count=
    (hole 1 {:hash_depth=>0, :method_arg=>true, :variance=>:+}))
  (true))
BASETYPE: true or false
SIZE WORK_LIST: 62
SIZE generated: 11
EVALUABLE#: 0

-------------------------

----------------
TTYPES
Integer
Integer

PROGS

LOCAL_COUNT: 39
GLOBAL_COUNT: 39

BASE_AFTER:
(begin
  (send
    (begin
      (send
        (lvar InvitationCode(id: integer, token: string, diaspora_user_id: integer, count: integer)) :count)) :-
    (int 0)))
BASETYPE: Integer
SIZE WORK_LIST: 72
SIZE generated: 2
EVALUABLE#: 0

-------------------------

----------------
TTYPES
Integer
Integer

PROGS

LOCAL_COUNT: 40
GLOBAL_COUNT: 40

BASE_AFTER:
(begin
  (send
    (begin
      (send
        (lvar InvitationCode(id: integer, token: string, diaspora_user_id: integer, count: integer)) :count)) :-
    (int 1)))
BASETYPE: Integer
SIZE WORK_LIST: 73
SIZE generated: 2
EVALUABLE#: 0

-------------------------

----------------
TTYPES
Integer
Integer

PROGS

LOCAL_COUNT: 41
GLOBAL_COUNT: 41

BASE_AFTER:
(begin
  (send
    (begin
      (send
        (lvar InvitationCode(id: integer, token: string, diaspora_user_id: integer, count: integer)) :count)) :-
    (int 2)))
BASETYPE: Integer
SIZE WORK_LIST: 74
SIZE generated: 2
EVALUABLE#: 0

-------------------------

----------------
TTYPES
true or false
true or false
true or false
true or false
true or false
true or false
true or false
true or false
true or false
true or false

PROGS

LOCAL_COUNT: 42
GLOBAL_COUNT: 42

BASE_AFTER:
(begin
  (send
    (lvar :arg0) :count=
    (begin
      (send
        (hole 0 {:hash_depth=>0, :limit_depth=>true, :recv=>true}) :-
        (hole 0 {:hash_depth=>0, :method_arg=>true}))))
  (true))
BASETYPE: true or false
SIZE WORK_LIST: 75
SIZE generated: 10
EVALUABLE#: 9

-------------------------

----------------
TTYPES
true or false

PROGS

LOCAL_COUNT: 43
GLOBAL_COUNT: 43

BASE_AFTER:
(begin
  (send
    (lvar :arg0) :count=
    (begin
      (send
        (hole 0 {:hash_depth=>0, :limit_depth=>true, :recv=>true}) :count)))
  (true))
BASETYPE: true or false
SIZE WORK_LIST: 75
SIZE generated: 1
EVALUABLE#: 1

-------------------------

----------------
TTYPES
true or false
true or false
true or false
true or false
true or false
true or false

PROGS

LOCAL_COUNT: 44
GLOBAL_COUNT: 44

BASE_AFTER:
(begin
  (send
    (lvar :arg0) :diaspora_user=
    (hole 1 {:hash_depth=>0, :method_arg=>true, :variance=>:+}))
  (true))
BASETYPE: true or false
SIZE WORK_LIST: 75
SIZE generated: 6
EVALUABLE#: 0

-------------------------

----------------
TTYPES
true or false
true or false

PROGS

LOCAL_COUNT: 45
GLOBAL_COUNT: 45

BASE_AFTER:
(begin
  (send
    (lvar :arg0) :count=
    (begin
      (send
        (lvar InvitationCode(id: integer, token: string, diaspora_user_id: integer, count: integer)) :count)))
  (true))
BASETYPE: true or false
SIZE WORK_LIST: 80
SIZE generated: 2
EVALUABLE#: 0

-------------------------

----------------
TTYPES
true or false

PROGS

LOCAL_COUNT: 46
GLOBAL_COUNT: 46

BASE_AFTER:
(begin
  (send
    (lvar :arg0) :diaspora_user=
    (begin
      (send
        (hole 0 {:hash_depth=>0, :limit_depth=>true, :recv=>true}) :count)))
  (true))
BASETYPE: true or false
SIZE WORK_LIST: 81
SIZE generated: 1
EVALUABLE#: 1

-------------------------

----------------
TTYPES
true or false
true or false
true or false
true or false
true or false
true or false
true or false
true or false
true or false
true or false
true or false

PROGS

LOCAL_COUNT: 47
GLOBAL_COUNT: 47

BASE_AFTER:
(begin
  (send
    (lvar :arg0) :count=
    (hole 1 {:hash_depth=>0, :method_arg=>true, :variance=>:+}))
  (false))
BASETYPE: true or false
SIZE WORK_LIST: 80
SIZE generated: 11
EVALUABLE#: 0

-------------------------

----------------
TTYPES
true or false

PROGS

LOCAL_COUNT: 48
GLOBAL_COUNT: 48

BASE_AFTER:
(begin
  (send
    (lvar :arg0) :count=
    (begin
      (send
        (hole 0 {:hash_depth=>0, :limit_depth=>true, :recv=>true}) :count)))
  (false))
BASETYPE: true or false
SIZE WORK_LIST: 90
SIZE generated: 1
EVALUABLE#: 1

-------------------------

----------------
TTYPES
true or false
true or false
true or false
true or false
true or false
true or false

PROGS

LOCAL_COUNT: 49
GLOBAL_COUNT: 49

BASE_AFTER:
(begin
  (send
    (lvar :arg0) :diaspora_user=
    (hole 1 {:hash_depth=>0, :method_arg=>true, :variance=>:+}))
  (false))
BASETYPE: true or false
SIZE WORK_LIST: 90
SIZE generated: 6
EVALUABLE#: 0

-------------------------

----------------
TTYPES
true or false
true or false

PROGS

LOCAL_COUNT: 50
GLOBAL_COUNT: 50

BASE_AFTER:
(begin
  (send
    (lvar :arg0) :count=
    (begin
      (send
        (lvar InvitationCode(id: integer, token: string, diaspora_user_id: integer, count: integer)) :count)))
  (false))
BASETYPE: true or false
SIZE WORK_LIST: 95
SIZE generated: 2
EVALUABLE#: 0

-------------------------

----------------
TTYPES
true or false

PROGS

LOCAL_COUNT: 51
GLOBAL_COUNT: 51

BASE_AFTER:
(begin
  (send
    (lvar :arg0) :diaspora_user=
    (begin
      (send
        (hole 0 {:hash_depth=>0, :limit_depth=>true, :recv=>true}) :count)))
  (false))
BASETYPE: true or false
SIZE WORK_LIST: 96
SIZE generated: 1
EVALUABLE#: 1

-------------------------

----------------
TTYPES
Integer
Integer
Integer
Integer
Integer
Integer
Integer
Integer
Integer
Integer
Integer

PROGS

LOCAL_COUNT: 52
GLOBAL_COUNT: 52

BASE_AFTER:
(begin
  (send
    (lvar :arg0) :count=
    (hole 1 {:hash_depth=>0, :method_arg=>true, :variance=>:+}))
  (int 0))
BASETYPE: Integer
SIZE WORK_LIST: 95
SIZE generated: 11
EVALUABLE#: 0

-------------------------

----------------
TTYPES
Integer

PROGS

LOCAL_COUNT: 53
GLOBAL_COUNT: 53

BASE_AFTER:
(begin
  (send
    (lvar :arg0) :count=
    (begin
      (send
        (hole 0 {:hash_depth=>0, :limit_depth=>true, :recv=>true}) :count)))
  (int 0))
BASETYPE: Integer
SIZE WORK_LIST: 105
SIZE generated: 1
EVALUABLE#: 1

-------------------------

----------------
TTYPES
Integer
Integer
Integer
Integer
Integer
Integer

PROGS

LOCAL_COUNT: 54
GLOBAL_COUNT: 54

BASE_AFTER:
(begin
  (send
    (lvar :arg0) :diaspora_user=
    (hole 1 {:hash_depth=>0, :method_arg=>true, :variance=>:+}))
  (int 0))
BASETYPE: Integer
SIZE WORK_LIST: 105
SIZE generated: 6
EVALUABLE#: 0

-------------------------

----------------
TTYPES
Integer
Integer

PROGS

LOCAL_COUNT: 55
GLOBAL_COUNT: 55

BASE_AFTER:
(begin
  (send
    (lvar :arg0) :count=
    (begin
      (send
        (lvar InvitationCode(id: integer, token: string, diaspora_user_id: integer, count: integer)) :count)))
  (int 0))
BASETYPE: Integer
SIZE WORK_LIST: 110
SIZE generated: 2
EVALUABLE#: 0

-------------------------

----------------
TTYPES
Integer

PROGS

LOCAL_COUNT: 56
GLOBAL_COUNT: 56

BASE_AFTER:
(begin
  (send
    (lvar :arg0) :diaspora_user=
    (begin
      (send
        (hole 0 {:hash_depth=>0, :limit_depth=>true, :recv=>true}) :count)))
  (int 0))
BASETYPE: Integer
SIZE WORK_LIST: 111
SIZE generated: 1
EVALUABLE#: 1

-------------------------

----------------
TTYPES
Integer
Integer
Integer
Integer
Integer
Integer
Integer
Integer
Integer
Integer
Integer

PROGS

LOCAL_COUNT: 57
GLOBAL_COUNT: 57

BASE_AFTER:
(begin
  (send
    (lvar :arg0) :count=
    (hole 1 {:hash_depth=>0, :method_arg=>true, :variance=>:+}))
  (int 1))
BASETYPE: Integer
SIZE WORK_LIST: 110
SIZE generated: 11
EVALUABLE#: 0

-------------------------

----------------
TTYPES
Integer

PROGS

LOCAL_COUNT: 58
GLOBAL_COUNT: 58

BASE_AFTER:
(begin
  (send
    (lvar :arg0) :count=
    (begin
      (send
        (hole 0 {:hash_depth=>0, :limit_depth=>true, :recv=>true}) :count)))
  (int 1))
BASETYPE: Integer
SIZE WORK_LIST: 120
SIZE generated: 1
EVALUABLE#: 1

-------------------------

----------------
TTYPES
Integer
Integer
Integer
Integer
Integer
Integer

PROGS

LOCAL_COUNT: 59
GLOBAL_COUNT: 59

BASE_AFTER:
(begin
  (send
    (lvar :arg0) :diaspora_user=
    (hole 1 {:hash_depth=>0, :method_arg=>true, :variance=>:+}))
  (int 1))
BASETYPE: Integer
SIZE WORK_LIST: 120
SIZE generated: 6
EVALUABLE#: 0

-------------------------

----------------
TTYPES
Integer
Integer

PROGS

LOCAL_COUNT: 60
GLOBAL_COUNT: 60

BASE_AFTER:
(begin
  (send
    (lvar :arg0) :count=
    (begin
      (send
        (lvar InvitationCode(id: integer, token: string, diaspora_user_id: integer, count: integer)) :count)))
  (int 1))
BASETYPE: Integer
SIZE WORK_LIST: 125
SIZE generated: 2
EVALUABLE#: 0

-------------------------

----------------
TTYPES
Integer

PROGS

LOCAL_COUNT: 61
GLOBAL_COUNT: 61

BASE_AFTER:
(begin
  (send
    (lvar :arg0) :diaspora_user=
    (begin
      (send
        (hole 0 {:hash_depth=>0, :limit_depth=>true, :recv=>true}) :count)))
  (int 1))
BASETYPE: Integer
SIZE WORK_LIST: 126
SIZE generated: 1
EVALUABLE#: 1

-------------------------

----------------
TTYPES
Integer
Integer
Integer
Integer
Integer
Integer
Integer
Integer
Integer
Integer
Integer

PROGS

LOCAL_COUNT: 62
GLOBAL_COUNT: 62

BASE_AFTER:
(begin
  (send
    (lvar :arg0) :count=
    (hole 1 {:hash_depth=>0, :method_arg=>true, :variance=>:+}))
  (int 2))
BASETYPE: Integer
SIZE WORK_LIST: 125
SIZE generated: 11
EVALUABLE#: 0

-------------------------

----------------
TTYPES
Integer

PROGS

LOCAL_COUNT: 63
GLOBAL_COUNT: 63

BASE_AFTER:
(begin
  (send
    (lvar :arg0) :count=
    (begin
      (send
        (hole 0 {:hash_depth=>0, :limit_depth=>true, :recv=>true}) :count)))
  (int 2))
BASETYPE: Integer
SIZE WORK_LIST: 135
SIZE generated: 1
EVALUABLE#: 1

-------------------------

----------------
TTYPES
Integer
Integer
Integer
Integer
Integer
Integer

PROGS

LOCAL_COUNT: 64
GLOBAL_COUNT: 64

BASE_AFTER:
(begin
  (send
    (lvar :arg0) :diaspora_user=
    (hole 1 {:hash_depth=>0, :method_arg=>true, :variance=>:+}))
  (int 2))
BASETYPE: Integer
SIZE WORK_LIST: 135
SIZE generated: 6
EVALUABLE#: 0

-------------------------

----------------
TTYPES
Integer
Integer

PROGS

LOCAL_COUNT: 65
GLOBAL_COUNT: 65

BASE_AFTER:
(begin
  (send
    (lvar :arg0) :count=
    (begin
      (send
        (lvar InvitationCode(id: integer, token: string, diaspora_user_id: integer, count: integer)) :count)))
  (int 2))
BASETYPE: Integer
SIZE WORK_LIST: 140
SIZE generated: 2
EVALUABLE#: 0

-------------------------

----------------
TTYPES
Integer

PROGS

LOCAL_COUNT: 66
GLOBAL_COUNT: 66

BASE_AFTER:
(begin
  (send
    (lvar :arg0) :diaspora_user=
    (begin
      (send
        (hole 0 {:hash_depth=>0, :limit_depth=>true, :recv=>true}) :count)))
  (int 2))
BASETYPE: Integer
SIZE WORK_LIST: 141
SIZE generated: 1
EVALUABLE#: 1

-------------------------

----------------
TTYPES
String
String
String
String
String
String
String
String
String
String
String

PROGS

LOCAL_COUNT: 67
GLOBAL_COUNT: 67

BASE_AFTER:
(begin
  (send
    (lvar :arg0) :count=
    (hole 1 {:hash_depth=>0, :method_arg=>true, :variance=>:+}))
  (str ""))
BASETYPE: String
SIZE WORK_LIST: 140
SIZE generated: 11
EVALUABLE#: 0

-------------------------

----------------
TTYPES
String

PROGS

LOCAL_COUNT: 68
GLOBAL_COUNT: 68

BASE_AFTER:
(begin
  (send
    (lvar :arg0) :count=
    (begin
      (send
        (hole 0 {:hash_depth=>0, :limit_depth=>true, :recv=>true}) :count)))
  (str ""))
BASETYPE: String
SIZE WORK_LIST: 150
SIZE generated: 1
EVALUABLE#: 1

-------------------------

----------------
TTYPES
String
String
String
String
String
String

PROGS

LOCAL_COUNT: 69
GLOBAL_COUNT: 69

BASE_AFTER:
(begin
  (send
    (lvar :arg0) :diaspora_user=
    (hole 1 {:hash_depth=>0, :method_arg=>true, :variance=>:+}))
  (str ""))
BASETYPE: String
SIZE WORK_LIST: 150
SIZE generated: 6
EVALUABLE#: 0

-------------------------

----------------
TTYPES
String
String

PROGS

LOCAL_COUNT: 70
GLOBAL_COUNT: 70

BASE_AFTER:
(begin
  (send
    (lvar :arg0) :count=
    (begin
      (send
        (lvar InvitationCode(id: integer, token: string, diaspora_user_id: integer, count: integer)) :count)))
  (str ""))
BASETYPE: String
SIZE WORK_LIST: 155
SIZE generated: 2
EVALUABLE#: 0

-------------------------

----------------
TTYPES
String

PROGS

LOCAL_COUNT: 71
GLOBAL_COUNT: 71

BASE_AFTER:
(begin
  (send
    (lvar :arg0) :diaspora_user=
    (begin
      (send
        (hole 0 {:hash_depth=>0, :limit_depth=>true, :recv=>true}) :count)))
  (str ""))
BASETYPE: String
SIZE WORK_LIST: 156
SIZE generated: 1
EVALUABLE#: 1

-------------------------

----------------
TTYPES
true or false
true or false
true or false
true or false

PROGS

LOCAL_COUNT: 72
GLOBAL_COUNT: 72

BASE_AFTER:
(begin
  (send
    (lvar :arg0) :count=
    (int 0))
  (send
    (hole 0 {:hash_depth=>0, :limit_depth=>true, :recv=>true}) :count=
    (hole 0 {:hash_depth=>0, :method_arg=>true}))
  (true))
BASETYPE: true or false
SIZE WORK_LIST: 155
SIZE generated: 4
EVALUABLE#: 3

-------------------------

----------------
TTYPES
true or false

PROGS

LOCAL_COUNT: 73
GLOBAL_COUNT: 73

BASE_AFTER:
(begin
  (send
    (lvar :arg0) :count=
    (int 0))
  (send
    (hole 0 {:hash_depth=>0, :limit_depth=>true, :recv=>true}) :diaspora_user=
    (hole 0 {:hash_depth=>0, :method_arg=>true}))
  (true))
BASETYPE: true or false
SIZE WORK_LIST: 157
SIZE generated: 1
EVALUABLE#: 0

-------------------------

----------------
TTYPES
true or false
true or false
true or false
true or false

PROGS

LOCAL_COUNT: 74
GLOBAL_COUNT: 74

BASE_AFTER:
(begin
  (send
    (lvar :arg0) :count=
    (int 1))
  (send
    (hole 0 {:hash_depth=>0, :limit_depth=>true, :recv=>true}) :count=
    (hole 0 {:hash_depth=>0, :method_arg=>true}))
  (true))
BASETYPE: true or false
SIZE WORK_LIST: 157
SIZE generated: 4
EVALUABLE#: 3

-------------------------

----------------
TTYPES
true or false

PROGS

LOCAL_COUNT: 75
GLOBAL_COUNT: 75

BASE_AFTER:
(begin
  (send
    (lvar :arg0) :count=
    (int 1))
  (send
    (hole 0 {:hash_depth=>0, :limit_depth=>true, :recv=>true}) :diaspora_user=
    (hole 0 {:hash_depth=>0, :method_arg=>true}))
  (true))
BASETYPE: true or false
SIZE WORK_LIST: 159
SIZE generated: 1
EVALUABLE#: 0

-------------------------

----------------
TTYPES
true or false
true or false
true or false
true or false

PROGS

LOCAL_COUNT: 76
GLOBAL_COUNT: 76

BASE_AFTER:
(begin
  (send
    (lvar :arg0) :count=
    (int 0))
  (send
    (hole 0 {:hash_depth=>0, :limit_depth=>true, :recv=>true}) :count=
    (hole 0 {:hash_depth=>0, :method_arg=>true}))
  (false))
BASETYPE: true or false
SIZE WORK_LIST: 159
SIZE generated: 4
EVALUABLE#: 3

-------------------------

----------------
TTYPES
true or false

PROGS

LOCAL_COUNT: 77
GLOBAL_COUNT: 77

BASE_AFTER:
(begin
  (send
    (lvar :arg0) :count=
    (int 0))
  (send
    (hole 0 {:hash_depth=>0, :limit_depth=>true, :recv=>true}) :diaspora_user=
    (hole 0 {:hash_depth=>0, :method_arg=>true}))
  (false))
BASETYPE: true or false
SIZE WORK_LIST: 161
SIZE generated: 1
EVALUABLE#: 0

-------------------------

----------------
TTYPES
true or false
true or false
true or false
true or false

PROGS

LOCAL_COUNT: 78
GLOBAL_COUNT: 78

BASE_AFTER:
(begin
  (send
    (lvar :arg0) :count=
    (int 1))
  (send
    (hole 0 {:hash_depth=>0, :limit_depth=>true, :recv=>true}) :count=
    (hole 0 {:hash_depth=>0, :method_arg=>true}))
  (false))
BASETYPE: true or false
SIZE WORK_LIST: 161
SIZE generated: 4
EVALUABLE#: 3

-------------------------

----------------
TTYPES
true or false

PROGS

LOCAL_COUNT: 79
GLOBAL_COUNT: 79

BASE_AFTER:
(begin
  (send
    (lvar :arg0) :count=
    (int 1))
  (send
    (hole 0 {:hash_depth=>0, :limit_depth=>true, :recv=>true}) :diaspora_user=
    (hole 0 {:hash_depth=>0, :method_arg=>true}))
  (false))
BASETYPE: true or false
SIZE WORK_LIST: 163
SIZE generated: 1
EVALUABLE#: 0

-------------------------

----------------
TTYPES
Integer
Integer
Integer
Integer
Integer

PROGS

LOCAL_COUNT: 80
GLOBAL_COUNT: 80

BASE_AFTER:
(begin
  (send
    (lvar :arg0) :count=
    (int 0))
  (send
    (hole 0 {:hash_depth=>0, :limit_depth=>true, :recv=>true}) :count=
    (hole 0 {:hash_depth=>0, :method_arg=>true}))
  (int 0))
BASETYPE: Integer
SIZE WORK_LIST: 163
SIZE generated: 5
EVALUABLE#: 4

-------------------------

----------------
TTYPES
Integer

PROGS

LOCAL_COUNT: 81
GLOBAL_COUNT: 81

BASE_AFTER:
(begin
  (send
    (lvar :arg0) :count=
    (int 0))
  (send
    (hole 0 {:hash_depth=>0, :limit_depth=>true, :recv=>true}) :diaspora_user=
    (hole 0 {:hash_depth=>0, :method_arg=>true}))
  (int 0))
BASETYPE: Integer
SIZE WORK_LIST: 166
SIZE generated: 1
EVALUABLE#: 0

-------------------------

----------------
TTYPES
Integer
Integer
Integer
Integer
Integer

PROGS

LOCAL_COUNT: 82
GLOBAL_COUNT: 82

BASE_AFTER:
(begin
  (send
    (lvar :arg0) :count=
    (int 1))
  (send
    (hole 0 {:hash_depth=>0, :limit_depth=>true, :recv=>true}) :count=
    (hole 0 {:hash_depth=>0, :method_arg=>true}))
  (int 0))
BASETYPE: Integer
SIZE WORK_LIST: 166
SIZE generated: 5
EVALUABLE#: 4

-------------------------

----------------
TTYPES
Integer

PROGS

LOCAL_COUNT: 83
GLOBAL_COUNT: 83

BASE_AFTER:
(begin
  (send
    (lvar :arg0) :count=
    (int 1))
  (send
    (hole 0 {:hash_depth=>0, :limit_depth=>true, :recv=>true}) :diaspora_user=
    (hole 0 {:hash_depth=>0, :method_arg=>true}))
  (int 0))
BASETYPE: Integer
SIZE WORK_LIST: 169
SIZE generated: 1
EVALUABLE#: 0

-------------------------

----------------
TTYPES
Integer
Integer
Integer
Integer
Integer

PROGS

LOCAL_COUNT: 84
GLOBAL_COUNT: 84

BASE_AFTER:
(begin
  (lvasgn :t0
    (int 0))
  (send
    (lvar :arg0) :count=
    (lvar :t0))
  (send
    (hole 0 {:hash_depth=>0, :limit_depth=>true, :recv=>true}) :count=
    (hole 0 {:hash_depth=>0, :method_arg=>true}))
  (lvar :t0))
BASETYPE: Integer
SIZE WORK_LIST: 169
SIZE generated: 5
EVALUABLE#: 4

-------------------------

----------------
TTYPES
Integer

PROGS

LOCAL_COUNT: 85
GLOBAL_COUNT: 85

BASE_AFTER:
(begin
  (lvasgn :t0
    (int 0))
  (send
    (lvar :arg0) :count=
    (lvar :t0))
  (send
    (hole 0 {:hash_depth=>0, :limit_depth=>true, :recv=>true}) :diaspora_user=
    (hole 0 {:hash_depth=>0, :method_arg=>true}))
  (lvar :t0))
BASETYPE: Integer
SIZE WORK_LIST: 172
SIZE generated: 1
EVALUABLE#: 0

-------------------------

----------------
TTYPES
Integer
Integer
Integer
Integer
Integer

PROGS

LOCAL_COUNT: 86
GLOBAL_COUNT: 86

BASE_AFTER:
(begin
  (send
    (lvar :arg0) :count=
    (int 0))
  (send
    (hole 0 {:hash_depth=>0, :limit_depth=>true, :recv=>true}) :count=
    (hole 0 {:hash_depth=>0, :method_arg=>true}))
  (int 1))
BASETYPE: Integer
SIZE WORK_LIST: 172
SIZE generated: 5
EVALUABLE#: 4

-------------------------

----------------
TTYPES
Integer

PROGS

LOCAL_COUNT: 87
GLOBAL_COUNT: 87

BASE_AFTER:
(begin
  (send
    (lvar :arg0) :count=
    (int 0))
  (send
    (hole 0 {:hash_depth=>0, :limit_depth=>true, :recv=>true}) :diaspora_user=
    (hole 0 {:hash_depth=>0, :method_arg=>true}))
  (int 1))
BASETYPE: Integer
SIZE WORK_LIST: 175
SIZE generated: 1
EVALUABLE#: 0

-------------------------

----------------
TTYPES
Integer
Integer
Integer
Integer
Integer

PROGS

LOCAL_COUNT: 88
GLOBAL_COUNT: 88

BASE_AFTER:
(begin
  (send
    (lvar :arg0) :count=
    (int 1))
  (send
    (hole 0 {:hash_depth=>0, :limit_depth=>true, :recv=>true}) :count=
    (hole 0 {:hash_depth=>0, :method_arg=>true}))
  (int 1))
BASETYPE: Integer
SIZE WORK_LIST: 175
SIZE generated: 5
EVALUABLE#: 4

-------------------------

----------------
TTYPES
Integer

PROGS

LOCAL_COUNT: 89
GLOBAL_COUNT: 89

BASE_AFTER:
(begin
  (send
    (lvar :arg0) :count=
    (int 1))
  (send
    (hole 0 {:hash_depth=>0, :limit_depth=>true, :recv=>true}) :diaspora_user=
    (hole 0 {:hash_depth=>0, :method_arg=>true}))
  (int 1))
BASETYPE: Integer
SIZE WORK_LIST: 178
SIZE generated: 1
EVALUABLE#: 0

-------------------------

----------------
TTYPES
Integer
Integer
Integer
Integer
Integer

PROGS

LOCAL_COUNT: 90
GLOBAL_COUNT: 90

BASE_AFTER:
(begin
  (lvasgn :t0
    (int 1))
  (send
    (lvar :arg0) :count=
    (lvar :t0))
  (send
    (hole 0 {:hash_depth=>0, :limit_depth=>true, :recv=>true}) :count=
    (hole 0 {:hash_depth=>0, :method_arg=>true}))
  (lvar :t0))
BASETYPE: Integer
SIZE WORK_LIST: 178
SIZE generated: 5
EVALUABLE#: 4

-------------------------

----------------
TTYPES
Integer

PROGS

LOCAL_COUNT: 91
GLOBAL_COUNT: 91

BASE_AFTER:
(begin
  (lvasgn :t0
    (int 1))
  (send
    (lvar :arg0) :count=
    (lvar :t0))
  (send
    (hole 0 {:hash_depth=>0, :limit_depth=>true, :recv=>true}) :diaspora_user=
    (hole 0 {:hash_depth=>0, :method_arg=>true}))
  (lvar :t0))
BASETYPE: Integer
SIZE WORK_LIST: 181
SIZE generated: 1
EVALUABLE#: 0

-------------------------

----------------
TTYPES
Integer
Integer
Integer
Integer
Integer

PROGS

LOCAL_COUNT: 92
GLOBAL_COUNT: 92

BASE_AFTER:
(begin
  (send
    (lvar :arg0) :count=
    (int 0))
  (send
    (hole 0 {:hash_depth=>0, :limit_depth=>true, :recv=>true}) :count=
    (hole 0 {:hash_depth=>0, :method_arg=>true}))
  (int 2))
BASETYPE: Integer
SIZE WORK_LIST: 181
SIZE generated: 5
EVALUABLE#: 4

-------------------------

----------------
TTYPES
Integer

PROGS

LOCAL_COUNT: 93
GLOBAL_COUNT: 93

BASE_AFTER:
(begin
  (send
    (lvar :arg0) :count=
    (int 0))
  (send
    (hole 0 {:hash_depth=>0, :limit_depth=>true, :recv=>true}) :diaspora_user=
    (hole 0 {:hash_depth=>0, :method_arg=>true}))
  (int 2))
BASETYPE: Integer
SIZE WORK_LIST: 183
SIZE generated: 1
EVALUABLE#: 0

-------------------------

----------------
TTYPES
Integer
Integer
Integer
Integer
Integer

PROGS

LOCAL_COUNT: 94
GLOBAL_COUNT: 94

BASE_AFTER:
(begin
  (send
    (lvar :arg0) :count=
    (int 1))
  (send
    (hole 0 {:hash_depth=>0, :limit_depth=>true, :recv=>true}) :count=
    (hole 0 {:hash_depth=>0, :method_arg=>true}))
  (int 2))
BASETYPE: Integer
SIZE WORK_LIST: 183
SIZE generated: 5
EVALUABLE#: 4

-------------------------

----------------
TTYPES
Integer

PROGS

LOCAL_COUNT: 95
GLOBAL_COUNT: 95

BASE_AFTER:
(begin
  (send
    (lvar :arg0) :count=
    (int 1))
  (send
    (hole 0 {:hash_depth=>0, :limit_depth=>true, :recv=>true}) :diaspora_user=
    (hole 0 {:hash_depth=>0, :method_arg=>true}))
  (int 2))
BASETYPE: Integer
SIZE WORK_LIST: 185
SIZE generated: 1
EVALUABLE#: 0

-------------------------

----------------
TTYPES
String
String
String
String

PROGS

LOCAL_COUNT: 96
GLOBAL_COUNT: 96

BASE_AFTER:
(begin
  (send
    (lvar :arg0) :count=
    (int 0))
  (send
    (hole 0 {:hash_depth=>0, :limit_depth=>true, :recv=>true}) :count=
    (hole 0 {:hash_depth=>0, :method_arg=>true}))
  (str ""))
BASETYPE: String
SIZE WORK_LIST: 185
SIZE generated: 4
EVALUABLE#: 3

-------------------------

----------------
TTYPES
String

PROGS

LOCAL_COUNT: 97
GLOBAL_COUNT: 97

BASE_AFTER:
(begin
  (send
    (lvar :arg0) :count=
    (int 0))
  (send
    (hole 0 {:hash_depth=>0, :limit_depth=>true, :recv=>true}) :diaspora_user=
    (hole 0 {:hash_depth=>0, :method_arg=>true}))
  (str ""))
BASETYPE: String
SIZE WORK_LIST: 187
SIZE generated: 1
EVALUABLE#: 0

-------------------------

----------------
TTYPES
String
String
String
String

PROGS

LOCAL_COUNT: 98
GLOBAL_COUNT: 98

BASE_AFTER:
(begin
  (send
    (lvar :arg0) :count=
    (int 1))
  (send
    (hole 0 {:hash_depth=>0, :limit_depth=>true, :recv=>true}) :count=
    (hole 0 {:hash_depth=>0, :method_arg=>true}))
  (str ""))
BASETYPE: String
SIZE WORK_LIST: 187
SIZE generated: 4
EVALUABLE#: 3

-------------------------

----------------
TTYPES
String

PROGS

LOCAL_COUNT: 99
GLOBAL_COUNT: 99

BASE_AFTER:
(begin
  (send
    (lvar :arg0) :count=
    (int 1))
  (send
    (hole 0 {:hash_depth=>0, :limit_depth=>true, :recv=>true}) :diaspora_user=
    (hole 0 {:hash_depth=>0, :method_arg=>true}))
  (str ""))
BASETYPE: String
SIZE WORK_LIST: 189
SIZE generated: 1
EVALUABLE#: 0

-------------------------

----------------
TTYPES
Integer
Integer
Integer
Integer
Integer
Integer
Integer
Integer
Integer
Integer
Integer
Integer
Integer
Integer
Integer
Integer

PROGS

LOCAL_COUNT: 100
GLOBAL_COUNT: 100

BASE_AFTER:
(begin
  (send
    (send
      (filled-hole
        (lvar :arg0) {:method_arg=>false}) :id=
      (filled-hole
        (int 0)
        (int 1)
        (int 2)
        (hole 1 {:hash_depth=>0, :method_arg=>true, :variance=>:+}) {:method_arg=>true})) :-
    (filled-hole
      (int 0)
      (int 1)
      (int 2)
      (hole 1 {:hash_depth=>0, :method_arg=>true, :variance=>:+}) {:method_arg=>true})))
BASETYPE: Integer
SIZE WORK_LIST: 189
SIZE generated: 16
EVALUABLE#: 9

-------------------------

----------------
TTYPES
Integer
Integer
Integer
Integer

PROGS

LOCAL_COUNT: 101
GLOBAL_COUNT: 101

BASE_AFTER:
(begin
  (send
    (send
      (filled-hole
        (lvar :arg0) {:method_arg=>false}) :id) :-
    (filled-hole
      (int 0)
      (int 1)
      (int 2)
      (hole 1 {:hash_depth=>0, :method_arg=>true, :variance=>:+}) {:method_arg=>true})))
BASETYPE: Integer
SIZE WORK_LIST: 204
SIZE generated: 4
EVALUABLE#: 3

-------------------------

----------------
TTYPES
Integer
Integer
Integer
Integer
Integer
Integer
Integer
Integer
Integer
Integer
Integer
Integer
Integer
Integer
Integer
Integer

PROGS

LOCAL_COUNT: 102
GLOBAL_COUNT: 102

BASE_AFTER:
(begin
  (send
    (send
      (filled-hole
        (lvar :arg0) {:method_arg=>false}) :diaspora_user_id=
      (filled-hole
        (int 0)
        (int 1)
        (int 2)
        (hole 1 {:hash_depth=>0, :method_arg=>true, :variance=>:+}) {:method_arg=>true})) :-
    (filled-hole
      (int 0)
      (int 1)
      (int 2)
      (hole 1 {:hash_depth=>0, :method_arg=>true, :variance=>:+}) {:method_arg=>true})))
BASETYPE: Integer
SIZE WORK_LIST: 207
SIZE generated: 16
EVALUABLE#: 9

-------------------------

----------------
TTYPES
Integer
Integer
Integer
Integer

PROGS

LOCAL_COUNT: 103
GLOBAL_COUNT: 103

BASE_AFTER:
(begin
  (send
    (send
      (filled-hole
        (lvar :arg0) {:method_arg=>false}) :diaspora_user_id) :-
    (filled-hole
      (int 0)
      (int 1)
      (int 2)
      (hole 1 {:hash_depth=>0, :method_arg=>true, :variance=>:+}) {:method_arg=>true})))
BASETYPE: Integer
SIZE WORK_LIST: 222
SIZE generated: 4
EVALUABLE#: 3

-------------------------

----------------
TTYPES
Integer
Integer
Integer
Integer
Integer
Integer
Integer
Integer
Integer
Integer
Integer
Integer
Integer
Integer
Integer
Integer

PROGS

LOCAL_COUNT: 104
GLOBAL_COUNT: 104

BASE_AFTER:
(begin
  (send
    (send
      (filled-hole
        (lvar :arg0) {:method_arg=>false}) :count=
      (filled-hole
        (int 0)
        (int 1)
        (int 2)
        (hole 1 {:hash_depth=>0, :method_arg=>true, :variance=>:+}) {:method_arg=>true})) :-
    (filled-hole
      (int 0)
      (int 1)
      (int 2)
      (hole 1 {:hash_depth=>0, :method_arg=>true, :variance=>:+}) {:method_arg=>true})))
BASETYPE: Integer
SIZE WORK_LIST: 222
SIZE generated: 16
EVALUABLE#: 9

-------------------------

----------------
TTYPES
Integer
Integer
Integer
Integer

PROGS

LOCAL_COUNT: 105
GLOBAL_COUNT: 105

BASE_AFTER:
(begin
  (send
    (begin
      (send
        (filled-hole
          (lvar :arg0) {:method_arg=>false}) :count)) :-
    (filled-hole
      (int 0)
      (int 1)
      (int 2)
      (hole 1 {:hash_depth=>0, :method_arg=>true, :variance=>:+}) {:method_arg=>true})))
BASETYPE: Integer
SIZE WORK_LIST: 234
SIZE generated: 4
EVALUABLE#: 3

-------------------------

----------------
TTYPES
true or false
true or false
true or false
true or false

PROGS

LOCAL_COUNT: 106
GLOBAL_COUNT: 106

BASE_AFTER:
(begin
  (send
    (lvar :arg0) :count=
    (send
      (hole 0 {:hash_depth=>0, :limit_depth=>true, :recv=>true}) :id=
      (hole 0 {:hash_depth=>0, :method_arg=>true})))
  (true))
BASETYPE: true or false
SIZE WORK_LIST: 237
SIZE generated: 4
EVALUABLE#: 3

-------------------------

----------------
TTYPES
true or false

PROGS

LOCAL_COUNT: 107
GLOBAL_COUNT: 107

BASE_AFTER:
(begin
  (send
    (lvar :arg0) :count=
    (send
      (hole 0 {:hash_depth=>0, :limit_depth=>true, :recv=>true}) :id))
  (true))
BASETYPE: true or false
SIZE WORK_LIST: 239
SIZE generated: 1
EVALUABLE#: 1

-------------------------

----------------
TTYPES
true or false
true or false
true or false
true or false

PROGS

LOCAL_COUNT: 108
GLOBAL_COUNT: 108

BASE_AFTER:
(begin
  (send
    (lvar :arg0) :count=
    (send
      (hole 0 {:hash_depth=>0, :limit_depth=>true, :recv=>true}) :diaspora_user_id=
      (hole 0 {:hash_depth=>0, :method_arg=>true})))
  (true))
BASETYPE: true or false
SIZE WORK_LIST: 239
SIZE generated: 4
EVALUABLE#: 3

-------------------------

----------------
TTYPES
true or false

PROGS

LOCAL_COUNT: 109
GLOBAL_COUNT: 109

BASE_AFTER:
(begin
  (send
    (lvar :arg0) :count=
    (send
      (hole 0 {:hash_depth=>0, :limit_depth=>true, :recv=>true}) :diaspora_user_id))
  (true))
BASETYPE: true or false
SIZE WORK_LIST: 241
SIZE generated: 1
EVALUABLE#: 1

-------------------------

----------------
TTYPES
true or false
true or false
true or false
true or false

PROGS

LOCAL_COUNT: 110
GLOBAL_COUNT: 110

BASE_AFTER:
(begin
  (send
    (lvar :arg0) :count=
    (send
      (hole 0 {:hash_depth=>0, :limit_depth=>true, :recv=>true}) :count=
      (hole 0 {:hash_depth=>0, :method_arg=>true})))
  (true))
BASETYPE: true or false
SIZE WORK_LIST: 240
SIZE generated: 4
EVALUABLE#: 3

-------------------------

----------------
TTYPES
true or false

PROGS

LOCAL_COUNT: 111
GLOBAL_COUNT: 111

BASE_AFTER:
(begin
  (send
    (lvar :arg0) :count=
    (begin
      (send
        (hole 0 {:hash_depth=>0, :limit_depth=>true, :recv=>true}) :count)))
  (true))
BASETYPE: true or false
SIZE WORK_LIST: 242
SIZE generated: 1
EVALUABLE#: 1

-------------------------

----------------
TTYPES
true or false

PROGS

LOCAL_COUNT: 113
GLOBAL_COUNT: 112

BASE_AFTER:
(begin
  (send
    (lvar :arg0) :diaspora_user=
    (send
      (hole 0 {:hash_depth=>0, :limit_depth=>true, :recv=>true}) :diaspora_user))
  (true))
BASETYPE: true or false
SIZE WORK_LIST: 241
SIZE generated: 1
EVALUABLE#: 1

-------------------------

----------------
TTYPES
true or false

PROGS

LOCAL_COUNT: 114
GLOBAL_COUNT: 113

BASE_AFTER:
(begin
  (send
    (lvar :arg0) :diaspora_user=
    (send
      (hole 0 {:hash_depth=>0, :limit_depth=>true, :recv=>true}) :diaspora_user=
      (hole 0 {:hash_depth=>0, :method_arg=>true})))
  (true))
BASETYPE: true or false
SIZE WORK_LIST: 241
SIZE generated: 1
EVALUABLE#: 0

-------------------------

----------------
TTYPES
true or false
true or false
true or false
true or false

PROGS

LOCAL_COUNT: 115
GLOBAL_COUNT: 114

BASE_AFTER:
(begin
  (send
    (lvar :arg0) :count=
    (send
      (hole 0 {:hash_depth=>0, :limit_depth=>true, :recv=>true}) :id=
      (hole 0 {:hash_depth=>0, :method_arg=>true})))
  (false))
BASETYPE: true or false
SIZE WORK_LIST: 241
SIZE generated: 4
EVALUABLE#: 3

-------------------------

----------------
TTYPES
true or false

PROGS

LOCAL_COUNT: 116
GLOBAL_COUNT: 115

BASE_AFTER:
(begin
  (send
    (lvar :arg0) :count=
    (send
      (hole 0 {:hash_depth=>0, :limit_depth=>true, :recv=>true}) :id))
  (false))
BASETYPE: true or false
SIZE WORK_LIST: 243
SIZE generated: 1
EVALUABLE#: 1

-------------------------

----------------
TTYPES
true or false
true or false
true or false
true or false

PROGS

LOCAL_COUNT: 117
GLOBAL_COUNT: 116

BASE_AFTER:
(begin
  (send
    (lvar :arg0) :count=
    (send
      (hole 0 {:hash_depth=>0, :limit_depth=>true, :recv=>true}) :diaspora_user_id=
      (hole 0 {:hash_depth=>0, :method_arg=>true})))
  (false))
BASETYPE: true or false
SIZE WORK_LIST: 243
SIZE generated: 4
EVALUABLE#: 3

-------------------------

----------------
TTYPES
true or false

PROGS

LOCAL_COUNT: 118
GLOBAL_COUNT: 117

BASE_AFTER:
(begin
  (send
    (lvar :arg0) :count=
    (send
      (hole 0 {:hash_depth=>0, :limit_depth=>true, :recv=>true}) :diaspora_user_id))
  (false))
BASETYPE: true or false
SIZE WORK_LIST: 245
SIZE generated: 1
EVALUABLE#: 1

-------------------------

----------------
TTYPES
true or false
true or false
true or false
true or false

PROGS

LOCAL_COUNT: 119
GLOBAL_COUNT: 118

BASE_AFTER:
(begin
  (send
    (lvar :arg0) :count=
    (send
      (hole 0 {:hash_depth=>0, :limit_depth=>true, :recv=>true}) :count=
      (hole 0 {:hash_depth=>0, :method_arg=>true})))
  (false))
BASETYPE: true or false
SIZE WORK_LIST: 244
SIZE generated: 4
EVALUABLE#: 3

-------------------------

----------------
TTYPES
true or false

PROGS

LOCAL_COUNT: 120
GLOBAL_COUNT: 119

BASE_AFTER:
(begin
  (send
    (lvar :arg0) :count=
    (begin
      (send
        (hole 0 {:hash_depth=>0, :limit_depth=>true, :recv=>true}) :count)))
  (false))
BASETYPE: true or false
SIZE WORK_LIST: 246
SIZE generated: 1
EVALUABLE#: 1

-------------------------

----------------
TTYPES
true or false

PROGS

LOCAL_COUNT: 122
GLOBAL_COUNT: 120

BASE_AFTER:
(begin
  (send
    (lvar :arg0) :diaspora_user=
    (send
      (hole 0 {:hash_depth=>0, :limit_depth=>true, :recv=>true}) :diaspora_user))
  (false))
BASETYPE: true or false
SIZE WORK_LIST: 245
SIZE generated: 1
EVALUABLE#: 1

-------------------------

----------------
TTYPES
true or false

PROGS

LOCAL_COUNT: 123
GLOBAL_COUNT: 121

BASE_AFTER:
(begin
  (send
    (lvar :arg0) :diaspora_user=
    (send
      (hole 0 {:hash_depth=>0, :limit_depth=>true, :recv=>true}) :diaspora_user=
      (hole 0 {:hash_depth=>0, :method_arg=>true})))
  (false))
BASETYPE: true or false
SIZE WORK_LIST: 245
SIZE generated: 1
EVALUABLE#: 0

-------------------------

----------------
TTYPES
Integer
Integer
Integer
Integer
Integer

PROGS

LOCAL_COUNT: 124
GLOBAL_COUNT: 122

BASE_AFTER:
(begin
  (send
    (lvar :arg0) :count=
    (send
      (hole 0 {:hash_depth=>0, :limit_depth=>true, :recv=>true}) :id=
      (hole 0 {:hash_depth=>0, :method_arg=>true})))
  (int 0))
BASETYPE: Integer
SIZE WORK_LIST: 245
SIZE generated: 5
EVALUABLE#: 4

-------------------------

----------------
TTYPES
Integer

PROGS

LOCAL_COUNT: 125
GLOBAL_COUNT: 123

BASE_AFTER:
(begin
  (send
    (lvar :arg0) :count=
    (send
      (hole 0 {:hash_depth=>0, :limit_depth=>true, :recv=>true}) :id))
  (int 0))
BASETYPE: Integer
SIZE WORK_LIST: 248
SIZE generated: 1
EVALUABLE#: 1

-------------------------

----------------
TTYPES
Integer
Integer
Integer
Integer
Integer

PROGS

LOCAL_COUNT: 126
GLOBAL_COUNT: 124

BASE_AFTER:
(begin
  (send
    (lvar :arg0) :count=
    (send
      (hole 0 {:hash_depth=>0, :limit_depth=>true, :recv=>true}) :diaspora_user_id=
      (hole 0 {:hash_depth=>0, :method_arg=>true})))
  (int 0))
BASETYPE: Integer
SIZE WORK_LIST: 248
SIZE generated: 5
EVALUABLE#: 4

-------------------------

----------------
TTYPES
Integer

PROGS

LOCAL_COUNT: 127
GLOBAL_COUNT: 125

BASE_AFTER:
(begin
  (send
    (lvar :arg0) :count=
    (send
      (hole 0 {:hash_depth=>0, :limit_depth=>true, :recv=>true}) :diaspora_user_id))
  (int 0))
BASETYPE: Integer
SIZE WORK_LIST: 251
SIZE generated: 1
EVALUABLE#: 1

-------------------------

----------------
TTYPES
Integer
Integer
Integer
Integer
Integer

PROGS

LOCAL_COUNT: 128
GLOBAL_COUNT: 126

BASE_AFTER:
(begin
  (send
    (lvar :arg0) :count=
    (send
      (hole 0 {:hash_depth=>0, :limit_depth=>true, :recv=>true}) :count=
      (hole 0 {:hash_depth=>0, :method_arg=>true})))
  (int 0))
BASETYPE: Integer
SIZE WORK_LIST: 250
SIZE generated: 5
EVALUABLE#: 4

-------------------------

----------------
TTYPES
Integer

PROGS

LOCAL_COUNT: 129
GLOBAL_COUNT: 127

BASE_AFTER:
(begin
  (send
    (lvar :arg0) :count=
    (begin
      (send
        (hole 0 {:hash_depth=>0, :limit_depth=>true, :recv=>true}) :count)))
  (int 0))
BASETYPE: Integer
SIZE WORK_LIST: 253
SIZE generated: 1
EVALUABLE#: 1

-------------------------

----------------
TTYPES
Integer

PROGS

LOCAL_COUNT: 131
GLOBAL_COUNT: 128

BASE_AFTER:
(begin
  (send
    (lvar :arg0) :diaspora_user=
    (send
      (hole 0 {:hash_depth=>0, :limit_depth=>true, :recv=>true}) :diaspora_user))
  (int 0))
BASETYPE: Integer
SIZE WORK_LIST: 252
SIZE generated: 1
EVALUABLE#: 1

-------------------------

----------------
TTYPES
Integer

PROGS

LOCAL_COUNT: 132
GLOBAL_COUNT: 129

BASE_AFTER:
(begin
  (send
    (lvar :arg0) :diaspora_user=
    (send
      (hole 0 {:hash_depth=>0, :limit_depth=>true, :recv=>true}) :diaspora_user=
      (hole 0 {:hash_depth=>0, :method_arg=>true})))
  (int 0))
BASETYPE: Integer
SIZE WORK_LIST: 252
SIZE generated: 1
EVALUABLE#: 0

-------------------------

----------------
TTYPES
Integer
Integer
Integer
Integer
Integer

PROGS

LOCAL_COUNT: 133
GLOBAL_COUNT: 130

BASE_AFTER:
(begin
  (send
    (lvar :arg0) :count=
    (send
      (hole 0 {:hash_depth=>0, :limit_depth=>true, :recv=>true}) :id=
      (hole 0 {:hash_depth=>0, :method_arg=>true})))
  (int 1))
BASETYPE: Integer
SIZE WORK_LIST: 252
SIZE generated: 5
EVALUABLE#: 4

-------------------------

----------------
TTYPES
Integer

PROGS

LOCAL_COUNT: 134
GLOBAL_COUNT: 131

BASE_AFTER:
(begin
  (send
    (lvar :arg0) :count=
    (send
      (hole 0 {:hash_depth=>0, :limit_depth=>true, :recv=>true}) :id))
  (int 1))
BASETYPE: Integer
SIZE WORK_LIST: 255
SIZE generated: 1
EVALUABLE#: 1

-------------------------

----------------
TTYPES
Integer
Integer
Integer
Integer
Integer

PROGS

LOCAL_COUNT: 135
GLOBAL_COUNT: 132

BASE_AFTER:
(begin
  (send
    (lvar :arg0) :count=
    (send
      (hole 0 {:hash_depth=>0, :limit_depth=>true, :recv=>true}) :diaspora_user_id=
      (hole 0 {:hash_depth=>0, :method_arg=>true})))
  (int 1))
BASETYPE: Integer
SIZE WORK_LIST: 255
SIZE generated: 5
EVALUABLE#: 4

-------------------------

----------------
TTYPES
Integer

PROGS

LOCAL_COUNT: 136
GLOBAL_COUNT: 133

BASE_AFTER:
(begin
  (send
    (lvar :arg0) :count=
    (send
      (hole 0 {:hash_depth=>0, :limit_depth=>true, :recv=>true}) :diaspora_user_id))
  (int 1))
BASETYPE: Integer
SIZE WORK_LIST: 258
SIZE generated: 1
EVALUABLE#: 1

-------------------------

----------------
TTYPES
Integer
Integer
Integer
Integer
Integer

PROGS

LOCAL_COUNT: 137
GLOBAL_COUNT: 134

BASE_AFTER:
(begin
  (send
    (lvar :arg0) :count=
    (send
      (hole 0 {:hash_depth=>0, :limit_depth=>true, :recv=>true}) :count=
      (hole 0 {:hash_depth=>0, :method_arg=>true})))
  (int 1))
BASETYPE: Integer
SIZE WORK_LIST: 257
SIZE generated: 5
EVALUABLE#: 4

-------------------------

----------------
TTYPES
Integer

PROGS

LOCAL_COUNT: 138
GLOBAL_COUNT: 135

BASE_AFTER:
(begin
  (send
    (lvar :arg0) :count=
    (begin
      (send
        (hole 0 {:hash_depth=>0, :limit_depth=>true, :recv=>true}) :count)))
  (int 1))
BASETYPE: Integer
SIZE WORK_LIST: 260
SIZE generated: 1
EVALUABLE#: 1

-------------------------

----------------
TTYPES
Integer

PROGS

LOCAL_COUNT: 140
GLOBAL_COUNT: 136

BASE_AFTER:
(begin
  (send
    (lvar :arg0) :diaspora_user=
    (send
      (hole 0 {:hash_depth=>0, :limit_depth=>true, :recv=>true}) :diaspora_user))
  (int 1))
BASETYPE: Integer
SIZE WORK_LIST: 259
SIZE generated: 1
EVALUABLE#: 1

-------------------------

----------------
TTYPES
Integer

PROGS

LOCAL_COUNT: 141
GLOBAL_COUNT: 137

BASE_AFTER:
(begin
  (send
    (lvar :arg0) :diaspora_user=
    (send
      (hole 0 {:hash_depth=>0, :limit_depth=>true, :recv=>true}) :diaspora_user=
      (hole 0 {:hash_depth=>0, :method_arg=>true})))
  (int 1))
BASETYPE: Integer
SIZE WORK_LIST: 259
SIZE generated: 1
EVALUABLE#: 0

-------------------------

----------------
TTYPES
Integer
Integer
Integer
Integer
Integer

PROGS

LOCAL_COUNT: 142
GLOBAL_COUNT: 138

BASE_AFTER:
(begin
  (send
    (lvar :arg0) :count=
    (send
      (hole 0 {:hash_depth=>0, :limit_depth=>true, :recv=>true}) :id=
      (hole 0 {:hash_depth=>0, :method_arg=>true})))
  (int 2))
BASETYPE: Integer
SIZE WORK_LIST: 259
SIZE generated: 5
EVALUABLE#: 4

-------------------------

----------------
TTYPES
Integer

PROGS

LOCAL_COUNT: 143
GLOBAL_COUNT: 139

BASE_AFTER:
(begin
  (send
    (lvar :arg0) :count=
    (send
      (hole 0 {:hash_depth=>0, :limit_depth=>true, :recv=>true}) :id))
  (int 2))
BASETYPE: Integer
SIZE WORK_LIST: 261
SIZE generated: 1
EVALUABLE#: 1

-------------------------

----------------
TTYPES
Integer
Integer
Integer
Integer
Integer

PROGS

LOCAL_COUNT: 144
GLOBAL_COUNT: 140

BASE_AFTER:
(begin
  (send
    (lvar :arg0) :count=
    (send
      (hole 0 {:hash_depth=>0, :limit_depth=>true, :recv=>true}) :diaspora_user_id=
      (hole 0 {:hash_depth=>0, :method_arg=>true})))
  (int 2))
BASETYPE: Integer
SIZE WORK_LIST: 261
SIZE generated: 5
EVALUABLE#: 4

-------------------------

----------------
TTYPES
Integer

PROGS

LOCAL_COUNT: 145
GLOBAL_COUNT: 141

BASE_AFTER:
(begin
  (send
    (lvar :arg0) :count=
    (send
      (hole 0 {:hash_depth=>0, :limit_depth=>true, :recv=>true}) :diaspora_user_id))
  (int 2))
BASETYPE: Integer
SIZE WORK_LIST: 263
SIZE generated: 1
EVALUABLE#: 1

-------------------------

----------------
TTYPES
Integer
Integer
Integer
Integer
Integer

PROGS

LOCAL_COUNT: 146
GLOBAL_COUNT: 142

BASE_AFTER:
(begin
  (send
    (lvar :arg0) :count=
    (send
      (hole 0 {:hash_depth=>0, :limit_depth=>true, :recv=>true}) :count=
      (hole 0 {:hash_depth=>0, :method_arg=>true})))
  (int 2))
BASETYPE: Integer
SIZE WORK_LIST: 262
SIZE generated: 5
EVALUABLE#: 4

-------------------------

----------------
TTYPES
Integer

PROGS

LOCAL_COUNT: 147
GLOBAL_COUNT: 143

BASE_AFTER:
(begin
  (send
    (lvar :arg0) :count=
    (begin
      (send
        (hole 0 {:hash_depth=>0, :limit_depth=>true, :recv=>true}) :count)))
  (int 2))
BASETYPE: Integer
SIZE WORK_LIST: 264
SIZE generated: 1
EVALUABLE#: 1

-------------------------

----------------
TTYPES
Integer

PROGS

LOCAL_COUNT: 149
GLOBAL_COUNT: 144

BASE_AFTER:
(begin
  (send
    (lvar :arg0) :diaspora_user=
    (send
      (hole 0 {:hash_depth=>0, :limit_depth=>true, :recv=>true}) :diaspora_user))
  (int 2))
BASETYPE: Integer
SIZE WORK_LIST: 263
SIZE generated: 1
EVALUABLE#: 1

-------------------------

----------------
TTYPES
Integer

PROGS

LOCAL_COUNT: 150
GLOBAL_COUNT: 145

BASE_AFTER:
(begin
  (send
    (lvar :arg0) :diaspora_user=
    (send
      (hole 0 {:hash_depth=>0, :limit_depth=>true, :recv=>true}) :diaspora_user=
      (hole 0 {:hash_depth=>0, :method_arg=>true})))
  (int 2))
BASETYPE: Integer
SIZE WORK_LIST: 263
SIZE generated: 1
EVALUABLE#: 0

-------------------------

----------------
TTYPES
true or false
true or false
Integer
Integer
Integer
String
%bot

PROGS

LOCAL_COUNT: 1
GLOBAL_COUNT: 146

BASE_AFTER:
(filled-hole
  (true)
  (false)
  (int 0)
  (int 1)
  (int 2)
  (str "")
  (hole 1 {:hash_depth=>0, :method_arg=>false, :variance=>:-}) {:method_arg=>false})
BASETYPE: %bot
SIZE WORK_LIST: 0
SIZE generated: 7
EVALUABLE#: 6

-------------------------

----------------
TTYPES
true or false
true or false

PROGS

LOCAL_COUNT: 2
GLOBAL_COUNT: 147

BASE_AFTER:
(true)
BASETYPE: true or false
SIZE WORK_LIST: 6
SIZE generated: 2
EVALUABLE#: 0

-------------------------

----------------
TTYPES
true or false
true or false

PROGS

LOCAL_COUNT: 3
GLOBAL_COUNT: 148

BASE_AFTER:
(false)
BASETYPE: true or false
SIZE WORK_LIST: 7
SIZE generated: 2
EVALUABLE#: 0

-------------------------

----------------
TTYPES
Integer
Integer

PROGS

LOCAL_COUNT: 4
GLOBAL_COUNT: 149

BASE_AFTER:
(int 0)
BASETYPE: Integer
SIZE WORK_LIST: 8
SIZE generated: 2
EVALUABLE#: 0

-------------------------

----------------
TTYPES
Integer
Integer

PROGS

LOCAL_COUNT: 5
GLOBAL_COUNT: 150

BASE_AFTER:
(int 1)
BASETYPE: Integer
SIZE WORK_LIST: 9
SIZE generated: 2
EVALUABLE#: 0

-------------------------

----------------
TTYPES
Integer
Integer

PROGS

LOCAL_COUNT: 6
GLOBAL_COUNT: 151

BASE_AFTER:
(int 2)
BASETYPE: Integer
SIZE WORK_LIST: 10
SIZE generated: 2
EVALUABLE#: 0

-------------------------

----------------
TTYPES
String
String

PROGS

LOCAL_COUNT: 7
GLOBAL_COUNT: 152

BASE_AFTER:
(str "")
BASETYPE: String
SIZE WORK_LIST: 11
SIZE generated: 2
EVALUABLE#: 0

-------------------------

----------------
TTYPES
%bot

PROGS

LOCAL_COUNT: 8
GLOBAL_COUNT: 153

BASE_AFTER:
(filled-hole
  (hole 2 {:hash_depth=>0, :method_arg=>false, :variance=>:-}) {:method_arg=>false})
BASETYPE: %bot
SIZE WORK_LIST: 12
SIZE generated: 1
EVALUABLE#: 0

-------------------------

----------------
TTYPES
true or false
true or false
true or false
true or false

PROGS

LOCAL_COUNT: 9
GLOBAL_COUNT: 154

BASE_AFTER:
(begin
  (send
    (hole 0 {:hash_depth=>0, :limit_depth=>true, :recv=>true}) :count=
    (hole 0 {:hash_depth=>0, :method_arg=>true}))
  (true))
BASETYPE: true or false
SIZE WORK_LIST: 12
SIZE generated: 4
EVALUABLE#: 3

-------------------------

----------------
TTYPES
true or false

PROGS

LOCAL_COUNT: 1
GLOBAL_COUNT: 155

BASE_AFTER:
(filled-hole
  (hole 1 {:hash_depth=>0, :method_arg=>false, :variance=>:+}) {:method_arg=>false})
BASETYPE: true or false
SIZE WORK_LIST: 0
SIZE generated: 1
EVALUABLE#: 0

-------------------------

----------------
TTYPES
true or false
true or false

PROGS

LOCAL_COUNT: 2
GLOBAL_COUNT: 156

BASE_AFTER:
(filled-hole
  (begin
    (send
      (hole 0 {:hash_depth=>0, :limit_depth=>true, :recv=>true}) :-
      (hole 0 {:hash_depth=>0, :method_arg=>true})))
  (begin
    (send
      (hole 0 {:hash_depth=>0, :limit_depth=>true, :recv=>true}) :save))
  (begin
    (send
      (hole 0 {:hash_depth=>0, :limit_depth=>true, :recv=>true}) :count))
  (begin
    (send
      (hole 0 {:hash_depth=>0, :limit_depth=>true, :recv=>true}) :-
      (hole 0 {:hash_depth=>0, :method_arg=>true})))
  (begin
    (send
      (hole 0 {:hash_depth=>0, :limit_depth=>true, :recv=>true}) :save))
  (hole 2 {:hash_depth=>0, :method_arg=>false, :variance=>:+}) {:method_arg=>false})
BASETYPE: true or false
SIZE WORK_LIST: 0
SIZE generated: 2
EVALUABLE#: 0

-------------------------

----------------
TTYPES
true or false

PROGS

LOCAL_COUNT: 3
GLOBAL_COUNT: 157

BASE_AFTER:
(begin
  (send
    (filled-hole
      (lvar InvitationCode(id: integer, token: string, diaspora_user_id: integer, count: integer)) {:method_arg=>false}) :save))
BASETYPE: true or false
SIZE WORK_LIST: 1
SIZE generated: 1
EVALUABLE#: 1

-------------------------

----------------
TTYPES
Integer
true or false
Integer
true or false
true or false
true or false
Integer
true or false
Integer
true or false
Integer
true or false
Integer
true or false
true or false
true or false
true or false
true or false
true or false
true or false
true or false
true or false
true or false
true or false
true or false
true or false
true or false
true or false
true or false
true or false
true or false
true or false
true or false
true or false
true or false
true or false
Integer
true or false
true or false
true or false
true or false
true or false
true or false
true or false
true or false
true or false
true or false
true or false
true or false
true or false
true or false
true or false
true or false
true or false
true or false
true or false
true or false
true or false
true or false
Integer
true or false
true or false

PROGS

LOCAL_COUNT: 4
GLOBAL_COUNT: 158

BASE_AFTER:
(filled-hole
  (begin
    (send
      (send
        (hole 0 {:hash_depth=>0, :limit_depth=>true, :recv=>true}) :id=
        (hole 0 {:hash_depth=>0, :method_arg=>true})) :-
      (hole 0 {:hash_depth=>0, :method_arg=>true})))
  (begin
    (send
      (send
        (hole 0 {:hash_depth=>0, :limit_depth=>true, :recv=>true}) :id=
        (hole 0 {:hash_depth=>0, :method_arg=>true})) :-
      (hole 0 {:hash_depth=>0, :method_arg=>true})))
  (begin
    (send
      (send
        (hole 0 {:hash_depth=>0, :limit_depth=>true, :recv=>true}) :id=
        (hole 0 {:hash_depth=>0, :method_arg=>true})) :-
      (hole 0 {:hash_depth=>0, :method_arg=>true})))
  (begin
    (send
      (send
        (hole 0 {:hash_depth=>0, :limit_depth=>true, :recv=>true}) :id=
        (hole 0 {:hash_depth=>0, :method_arg=>true})) :count))
  (begin
    (send
      (send
        (hole 0 {:hash_depth=>0, :limit_depth=>true, :recv=>true}) :id=
        (hole 0 {:hash_depth=>0, :method_arg=>true})) :save))
  (begin
    (send
      (send
        (hole 0 {:hash_depth=>0, :limit_depth=>true, :recv=>true}) :id) :-
      (hole 0 {:hash_depth=>0, :method_arg=>true})))
  (begin
    (send
      (send
        (hole 0 {:hash_depth=>0, :limit_depth=>true, :recv=>true}) :id) :-
      (hole 0 {:hash_depth=>0, :method_arg=>true})))
  (begin
    (send
      (send
        (hole 0 {:hash_depth=>0, :limit_depth=>true, :recv=>true}) :id) :-
      (hole 0 {:hash_depth=>0, :method_arg=>true})))
  (begin
    (send
      (send
        (hole 0 {:hash_depth=>0, :limit_depth=>true, :recv=>true}) :id) :count))
  (begin
    (send
      (send
        (hole 0 {:hash_depth=>0, :limit_depth=>true, :recv=>true}) :id) :save))
  (begin
    (send
      (send
        (hole 0 {:hash_depth=>0, :limit_depth=>true, :recv=>true}) :token=
        (hole 0 {:hash_depth=>0, :method_arg=>true})) :count))
  (begin
    (send
      (send
        (hole 0 {:hash_depth=>0, :limit_depth=>true, :recv=>true}) :token=
        (hole 0 {:hash_depth=>0, :method_arg=>true})) :-
      (hole 0 {:hash_depth=>0, :method_arg=>true})))
  (begin
    (send
      (send
        (hole 0 {:hash_depth=>0, :limit_depth=>true, :recv=>true}) :token=
        (hole 0 {:hash_depth=>0, :method_arg=>true})) :save))
  (begin
    (send
      (send
        (hole 0 {:hash_depth=>0, :limit_depth=>true, :recv=>true}) :token) :count))
  (begin
    (send
      (send
        (hole 0 {:hash_depth=>0, :limit_depth=>true, :recv=>true}) :token) :-
      (hole 0 {:hash_depth=>0, :method_arg=>true})))
  (begin
    (send
      (send
        (hole 0 {:hash_depth=>0, :limit_depth=>true, :recv=>true}) :token) :save))
  (begin
    (send
      (send
        (hole 0 {:hash_depth=>0, :limit_depth=>true, :recv=>true}) :diaspora_user_id=
        (hole 0 {:hash_depth=>0, :method_arg=>true})) :-
      (hole 0 {:hash_depth=>0, :method_arg=>true})))
  (begin
    (send
      (send
        (hole 0 {:hash_depth=>0, :limit_depth=>true, :recv=>true}) :diaspora_user_id=
        (hole 0 {:hash_depth=>0, :method_arg=>true})) :-
      (hole 0 {:hash_depth=>0, :method_arg=>true})))
  (begin
    (send
      (send
        (hole 0 {:hash_depth=>0, :limit_depth=>true, :recv=>true}) :diaspora_user_id=
        (hole 0 {:hash_depth=>0, :method_arg=>true})) :-
      (hole 0 {:hash_depth=>0, :method_arg=>true})))
  (begin
    (send
      (send
        (hole 0 {:hash_depth=>0, :limit_depth=>true, :recv=>true}) :diaspora_user_id=
        (hole 0 {:hash_depth=>0, :method_arg=>true})) :count))
  (begin
    (send
      (send
        (hole 0 {:hash_depth=>0, :limit_depth=>true, :recv=>true}) :diaspora_user_id=
        (hole 0 {:hash_depth=>0, :method_arg=>true})) :save))
  (begin
    (send
      (send
        (hole 0 {:hash_depth=>0, :limit_depth=>true, :recv=>true}) :diaspora_user_id) :-
      (hole 0 {:hash_depth=>0, :method_arg=>true})))
  (begin
    (send
      (send
        (hole 0 {:hash_depth=>0, :limit_depth=>true, :recv=>true}) :diaspora_user_id) :-
      (hole 0 {:hash_depth=>0, :method_arg=>true})))
  (begin
    (send
      (send
        (hole 0 {:hash_depth=>0, :limit_depth=>true, :recv=>true}) :diaspora_user_id) :-
      (hole 0 {:hash_depth=>0, :method_arg=>true})))
  (begin
    (send
      (send
        (hole 0 {:hash_depth=>0, :limit_depth=>true, :recv=>true}) :diaspora_user_id) :count))
  (begin
    (send
      (send
        (hole 0 {:hash_depth=>0, :limit_depth=>true, :recv=>true}) :diaspora_user_id) :save))
  (begin
    (send
      (send
        (hole 0 {:hash_depth=>0, :limit_depth=>true, :recv=>true}) :count=
        (hole 0 {:hash_depth=>0, :method_arg=>true})) :-
      (hole 0 {:hash_depth=>0, :method_arg=>true})))
  (begin
    (send
      (send
        (hole 0 {:hash_depth=>0, :limit_depth=>true, :recv=>true}) :count=
        (hole 0 {:hash_depth=>0, :method_arg=>true})) :-
      (hole 0 {:hash_depth=>0, :method_arg=>true})))
  (begin
    (send
      (send
        (hole 0 {:hash_depth=>0, :limit_depth=>true, :recv=>true}) :count=
        (hole 0 {:hash_depth=>0, :method_arg=>true})) :-
      (hole 0 {:hash_depth=>0, :method_arg=>true})))
  (begin
    (send
      (send
        (hole 0 {:hash_depth=>0, :limit_depth=>true, :recv=>true}) :count=
        (hole 0 {:hash_depth=>0, :method_arg=>true})) :count))
  (begin
    (send
      (send
        (hole 0 {:hash_depth=>0, :limit_depth=>true, :recv=>true}) :count=
        (hole 0 {:hash_depth=>0, :method_arg=>true})) :save))
  (begin
    (send
      (begin
        (send
          (hole 0 {:hash_depth=>0, :limit_depth=>true, :recv=>true}) :count)) :-
      (hole 0 {:hash_depth=>0, :method_arg=>true})))
  (begin
    (send
      (begin
        (send
          (hole 0 {:hash_depth=>0, :limit_depth=>true, :recv=>true}) :count)) :-
      (hole 0 {:hash_depth=>0, :method_arg=>true})))
  (begin
    (send
      (begin
        (send
          (hole 0 {:hash_depth=>0, :limit_depth=>true, :recv=>true}) :count)) :-
      (hole 0 {:hash_depth=>0, :method_arg=>true})))
  (begin
    (send
      (begin
        (send
          (hole 0 {:hash_depth=>0, :limit_depth=>true, :recv=>true}) :count)) :-
      (hole 0 {:hash_depth=>0, :method_arg=>true})))
  (begin
    (send
      (begin
        (send
          (hole 0 {:hash_depth=>0, :limit_depth=>true, :recv=>true}) :count)) :-
      (hole 0 {:hash_depth=>0, :method_arg=>true})))
  (begin
    (send
      (begin
        (send
          (hole 0 {:hash_depth=>0, :limit_depth=>true, :recv=>true}) :count)) :-
      (hole 0 {:hash_depth=>0, :method_arg=>true})))
  (begin
    (send
      (begin
        (send
          (hole 0 {:hash_depth=>0, :limit_depth=>true, :recv=>true}) :count)) :-
      (hole 0 {:hash_depth=>0, :method_arg=>true})))
  (begin
    (send
      (begin
        (send
          (hole 0 {:hash_depth=>0, :limit_depth=>true, :recv=>true}) :count)) :-
      (hole 0 {:hash_depth=>0, :method_arg=>true})))
  (begin
    (send
      (begin
        (send
          (hole 0 {:hash_depth=>0, :limit_depth=>true, :recv=>true}) :count)) :-
      (hole 0 {:hash_depth=>0, :method_arg=>true})))
  (begin
    (send
      (begin
        (send
          (hole 0 {:hash_depth=>0, :limit_depth=>true, :recv=>true}) :count)) :count))
  (begin
    (send
      (begin
        (send
          (hole 0 {:hash_depth=>0, :limit_depth=>true, :recv=>true}) :count)) :count))
  (begin
    (send
      (begin
        (send
          (hole 0 {:hash_depth=>0, :limit_depth=>true, :recv=>true}) :count)) :count))
  (begin
    (send
      (begin
        (send
          (hole 0 {:hash_depth=>0, :limit_depth=>true, :recv=>true}) :count)) :save))
  (begin
    (send
      (begin
        (send
          (hole 0 {:hash_depth=>0, :limit_depth=>true, :recv=>true}) :count)) :save))
  (begin
    (send
      (begin
        (send
          (hole 0 {:hash_depth=>0, :limit_depth=>true, :recv=>true}) :count)) :save))
  (begin
    (send
      (send
        (hole 0 {:hash_depth=>0, :limit_depth=>true, :recv=>true}) :diaspora_user) :count))
  (begin
    (send
      (send
        (hole 0 {:hash_depth=>0, :limit_depth=>true, :recv=>true}) :diaspora_user) :-
      (hole 0 {:hash_depth=>0, :method_arg=>true})))
  (begin
    (send
      (send
        (hole 0 {:hash_depth=>0, :limit_depth=>true, :recv=>true}) :diaspora_user) :save))
  (begin
    (send
      (send
        (hole 0 {:hash_depth=>0, :limit_depth=>true, :recv=>true}) :diaspora_user=
        (hole 0 {:hash_depth=>0, :method_arg=>true})) :count))
  (begin
    (send
      (send
        (hole 0 {:hash_depth=>0, :limit_depth=>true, :recv=>true}) :diaspora_user=
        (hole 0 {:hash_depth=>0, :method_arg=>true})) :-
      (hole 0 {:hash_depth=>0, :method_arg=>true})))
  (begin
    (send
      (send
        (hole 0 {:hash_depth=>0, :limit_depth=>true, :recv=>true}) :diaspora_user=
        (hole 0 {:hash_depth=>0, :method_arg=>true})) :save))
  (send
    (begin
      (send
        (hole 0 {:hash_depth=>0, :limit_depth=>true, :recv=>true}) :-
        (hole 0 {:hash_depth=>0, :method_arg=>true}))) :confirmed=
    (hole 0 {:hash_depth=>0, :method_arg=>true}))
  (send
    (begin
      (send
        (hole 0 {:hash_depth=>0, :limit_depth=>true, :recv=>true}) :-
        (hole 0 {:hash_depth=>0, :method_arg=>true}))) :confirmed)
  (send
    (begin
      (send
        (hole 0 {:hash_depth=>0, :limit_depth=>true, :recv=>true}) :-
        (hole 0 {:hash_depth=>0, :method_arg=>true}))) :expired=
    (hole 0 {:hash_depth=>0, :method_arg=>true}))
  (send
    (begin
      (send
        (hole 0 {:hash_depth=>0, :limit_depth=>true, :recv=>true}) :-
        (hole 0 {:hash_depth=>0, :method_arg=>true}))) :expired)
  (send
    (begin
      (send
        (hole 0 {:hash_depth=>0, :limit_depth=>true, :recv=>true}) :-
        (hole 0 {:hash_depth=>0, :method_arg=>true}))) :discoverable=
    (hole 0 {:hash_depth=>0, :method_arg=>true}))
  (send
    (begin
      (send
        (hole 0 {:hash_depth=>0, :limit_depth=>true, :recv=>true}) :-
        (hole 0 {:hash_depth=>0, :method_arg=>true}))) :discoverable)
  (send
    (begin
      (send
        (hole 0 {:hash_depth=>0, :limit_depth=>true, :recv=>true}) :-
        (hole 0 {:hash_depth=>0, :method_arg=>true}))) :scheduled_check=
    (hole 0 {:hash_depth=>0, :method_arg=>true}))
  (send
    (begin
      (send
        (hole 0 {:hash_depth=>0, :limit_depth=>true, :recv=>true}) :-
        (hole 0 {:hash_depth=>0, :method_arg=>true}))) :scheduled_check)
  (send
    (begin
      (send
        (hole 0 {:hash_depth=>0, :limit_depth=>true, :recv=>true}) :-
        (hole 0 {:hash_depth=>0, :method_arg=>true}))) :otp_required_for_login=
    (hole 0 {:hash_depth=>0, :method_arg=>true}))
  (send
    (begin
      (send
        (hole 0 {:hash_depth=>0, :limit_depth=>true, :recv=>true}) :-
        (hole 0 {:hash_depth=>0, :method_arg=>true}))) :otp_required_for_login)
  (send
    (begin
      (send
        (hole 0 {:hash_depth=>0, :limit_depth=>true, :recv=>true}) :-
        (hole 0 {:hash_depth=>0, :method_arg=>true}))) :admin=
    (hole 0 {:hash_depth=>0, :method_arg=>true}))
  (send
    (begin
      (send
        (hole 0 {:hash_depth=>0, :limit_depth=>true, :recv=>true}) :-
        (hole 0 {:hash_depth=>0, :method_arg=>true}))) :admin)
  (send
    (begin
      (send
        (hole 0 {:hash_depth=>0, :limit_depth=>true, :recv=>true}) :-
        (hole 0 {:hash_depth=>0, :method_arg=>true}))) :staged=
    (hole 0 {:hash_depth=>0, :method_arg=>true}))
  (send
    (begin
      (send
        (hole 0 {:hash_depth=>0, :limit_depth=>true, :recv=>true}) :-
        (hole 0 {:hash_depth=>0, :method_arg=>true}))) :staged)
  (send
    (begin
      (send
        (hole 0 {:hash_depth=>0, :limit_depth=>true, :recv=>true}) :-
        (hole 0 {:hash_depth=>0, :method_arg=>true}))) :active=
    (hole 0 {:hash_depth=>0, :method_arg=>true}))
  (send
    (begin
      (send
        (hole 0 {:hash_depth=>0, :limit_depth=>true, :recv=>true}) :-
        (hole 0 {:hash_depth=>0, :method_arg=>true}))) :active)
  (send
    (begin
      (send
        (hole 0 {:hash_depth=>0, :limit_depth=>true, :recv=>true}) :-
        (hole 0 {:hash_depth=>0, :method_arg=>true}))) :primary=
    (hole 0 {:hash_depth=>0, :method_arg=>true}))
  (send
    (begin
      (send
        (hole 0 {:hash_depth=>0, :limit_depth=>true, :recv=>true}) :-
        (hole 0 {:hash_depth=>0, :method_arg=>true}))) :primary)
  (send
    (begin
      (send
        (hole 0 {:hash_depth=>0, :limit_depth=>true, :recv=>true}) :-
        (hole 0 {:hash_depth=>0, :method_arg=>true}))) :moderator=
    (hole 0 {:hash_depth=>0, :method_arg=>true}))
  (send
    (begin
      (send
        (hole 0 {:hash_depth=>0, :limit_depth=>true, :recv=>true}) :-
        (hole 0 {:hash_depth=>0, :method_arg=>true}))) :moderator)
  (begin
    (send
      (begin
        (send
          (hole 0 {:hash_depth=>0, :limit_depth=>true, :recv=>true}) :-
          (hole 0 {:hash_depth=>0, :method_arg=>true}))) :-
      (hole 0 {:hash_depth=>0, :method_arg=>true})))
  (begin
    (send
      (begin
        (send
          (hole 0 {:hash_depth=>0, :limit_depth=>true, :recv=>true}) :-
          (hole 0 {:hash_depth=>0, :method_arg=>true}))) :-
      (hole 0 {:hash_depth=>0, :method_arg=>true})))
  (begin
    (send
      (begin
        (send
          (hole 0 {:hash_depth=>0, :limit_depth=>true, :recv=>true}) :-
          (hole 0 {:hash_depth=>0, :method_arg=>true}))) :-
      (hole 0 {:hash_depth=>0, :method_arg=>true})))
  (begin
    (send
      (begin
        (send
          (hole 0 {:hash_depth=>0, :limit_depth=>true, :recv=>true}) :-
          (hole 0 {:hash_depth=>0, :method_arg=>true}))) :save))
  (begin
    (send
      (begin
        (send
          (hole 0 {:hash_depth=>0, :limit_depth=>true, :recv=>true}) :save)) :count))
  (begin
    (send
      (begin
        (send
          (hole 0 {:hash_depth=>0, :limit_depth=>true, :recv=>true}) :save)) :-
      (hole 0 {:hash_depth=>0, :method_arg=>true})))
  (begin
    (send
      (begin
        (send
          (hole 0 {:hash_depth=>0, :limit_depth=>true, :recv=>true}) :save)) :save))
  (send
    (begin
      (send
        (hole 0 {:hash_depth=>0, :limit_depth=>true, :recv=>true}) :count)) :confirmed=
    (hole 0 {:hash_depth=>0, :method_arg=>true}))
  (send
    (begin
      (send
        (hole 0 {:hash_depth=>0, :limit_depth=>true, :recv=>true}) :count)) :confirmed)
  (send
    (begin
      (send
        (hole 0 {:hash_depth=>0, :limit_depth=>true, :recv=>true}) :count)) :expired=
    (hole 0 {:hash_depth=>0, :method_arg=>true}))
  (send
    (begin
      (send
        (hole 0 {:hash_depth=>0, :limit_depth=>true, :recv=>true}) :count)) :expired)
  (send
    (begin
      (send
        (hole 0 {:hash_depth=>0, :limit_depth=>true, :recv=>true}) :count)) :discoverable=
    (hole 0 {:hash_depth=>0, :method_arg=>true}))
  (send
    (begin
      (send
        (hole 0 {:hash_depth=>0, :limit_depth=>true, :recv=>true}) :count)) :discoverable)
  (send
    (begin
      (send
        (hole 0 {:hash_depth=>0, :limit_depth=>true, :recv=>true}) :count)) :scheduled_check=
    (hole 0 {:hash_depth=>0, :method_arg=>true}))
  (send
    (begin
      (send
        (hole 0 {:hash_depth=>0, :limit_depth=>true, :recv=>true}) :count)) :scheduled_check)
  (send
    (begin
      (send
        (hole 0 {:hash_depth=>0, :limit_depth=>true, :recv=>true}) :count)) :otp_required_for_login=
    (hole 0 {:hash_depth=>0, :method_arg=>true}))
  (send
    (begin
      (send
        (hole 0 {:hash_depth=>0, :limit_depth=>true, :recv=>true}) :count)) :otp_required_for_login)
  (send
    (begin
      (send
        (hole 0 {:hash_depth=>0, :limit_depth=>true, :recv=>true}) :count)) :admin=
    (hole 0 {:hash_depth=>0, :method_arg=>true}))
  (send
    (begin
      (send
        (hole 0 {:hash_depth=>0, :limit_depth=>true, :recv=>true}) :count)) :admin)
  (send
    (begin
      (send
        (hole 0 {:hash_depth=>0, :limit_depth=>true, :recv=>true}) :count)) :staged=
    (hole 0 {:hash_depth=>0, :method_arg=>true}))
  (send
    (begin
      (send
        (hole 0 {:hash_depth=>0, :limit_depth=>true, :recv=>true}) :count)) :staged)
  (send
    (begin
      (send
        (hole 0 {:hash_depth=>0, :limit_depth=>true, :recv=>true}) :count)) :active=
    (hole 0 {:hash_depth=>0, :method_arg=>true}))
  (send
    (begin
      (send
        (hole 0 {:hash_depth=>0, :limit_depth=>true, :recv=>true}) :count)) :active)
  (send
    (begin
      (send
        (hole 0 {:hash_depth=>0, :limit_depth=>true, :recv=>true}) :count)) :primary=
    (hole 0 {:hash_depth=>0, :method_arg=>true}))
  (send
    (begin
      (send
        (hole 0 {:hash_depth=>0, :limit_depth=>true, :recv=>true}) :count)) :primary)
  (send
    (begin
      (send
        (hole 0 {:hash_depth=>0, :limit_depth=>true, :recv=>true}) :count)) :moderator=
    (hole 0 {:hash_depth=>0, :method_arg=>true}))
  (send
    (begin
      (send
        (hole 0 {:hash_depth=>0, :limit_depth=>true, :recv=>true}) :count)) :moderator)
  (begin
    (send
      (begin
        (send
          (hole 0 {:hash_depth=>0, :limit_depth=>true, :recv=>true}) :count)) :-
      (hole 0 {:hash_depth=>0, :method_arg=>true})))
  (begin
    (send
      (begin
        (send
          (hole 0 {:hash_depth=>0, :limit_depth=>true, :recv=>true}) :count)) :-
      (hole 0 {:hash_depth=>0, :method_arg=>true})))
  (begin
    (send
      (begin
        (send
          (hole 0 {:hash_depth=>0, :limit_depth=>true, :recv=>true}) :count)) :-
      (hole 0 {:hash_depth=>0, :method_arg=>true})))
  (begin
    (send
      (begin
        (send
          (hole 0 {:hash_depth=>0, :limit_depth=>true, :recv=>true}) :count)) :save))
  (send
    (begin
      (send
        (hole 0 {:hash_depth=>0, :limit_depth=>true, :recv=>true}) :-
        (hole 0 {:hash_depth=>0, :method_arg=>true}))) :confirmed=
    (hole 0 {:hash_depth=>0, :method_arg=>true}))
  (send
    (begin
      (send
        (hole 0 {:hash_depth=>0, :limit_depth=>true, :recv=>true}) :-
        (hole 0 {:hash_depth=>0, :method_arg=>true}))) :confirmed)
  (send
    (begin
      (send
        (hole 0 {:hash_depth=>0, :limit_depth=>true, :recv=>true}) :-
        (hole 0 {:hash_depth=>0, :method_arg=>true}))) :expired=
    (hole 0 {:hash_depth=>0, :method_arg=>true}))
  (send
    (begin
      (send
        (hole 0 {:hash_depth=>0, :limit_depth=>true, :recv=>true}) :-
        (hole 0 {:hash_depth=>0, :method_arg=>true}))) :expired)
  (send
    (begin
      (send
        (hole 0 {:hash_depth=>0, :limit_depth=>true, :recv=>true}) :-
        (hole 0 {:hash_depth=>0, :method_arg=>true}))) :discoverable=
    (hole 0 {:hash_depth=>0, :method_arg=>true}))
  (send
    (begin
      (send
        (hole 0 {:hash_depth=>0, :limit_depth=>true, :recv=>true}) :-
        (hole 0 {:hash_depth=>0, :method_arg=>true}))) :discoverable)
  (send
    (begin
      (send
        (hole 0 {:hash_depth=>0, :limit_depth=>true, :recv=>true}) :-
        (hole 0 {:hash_depth=>0, :method_arg=>true}))) :scheduled_check=
    (hole 0 {:hash_depth=>0, :method_arg=>true}))
  (send
    (begin
      (send
        (hole 0 {:hash_depth=>0, :limit_depth=>true, :recv=>true}) :-
        (hole 0 {:hash_depth=>0, :method_arg=>true}))) :scheduled_check)
  (send
    (begin
      (send
        (hole 0 {:hash_depth=>0, :limit_depth=>true, :recv=>true}) :-
        (hole 0 {:hash_depth=>0, :method_arg=>true}))) :otp_required_for_login=
    (hole 0 {:hash_depth=>0, :method_arg=>true}))
  (send
    (begin
      (send
        (hole 0 {:hash_depth=>0, :limit_depth=>true, :recv=>true}) :-
        (hole 0 {:hash_depth=>0, :method_arg=>true}))) :otp_required_for_login)
  (send
    (begin
      (send
        (hole 0 {:hash_depth=>0, :limit_depth=>true, :recv=>true}) :-
        (hole 0 {:hash_depth=>0, :method_arg=>true}))) :admin=
    (hole 0 {:hash_depth=>0, :method_arg=>true}))
  (send
    (begin
      (send
        (hole 0 {:hash_depth=>0, :limit_depth=>true, :recv=>true}) :-
        (hole 0 {:hash_depth=>0, :method_arg=>true}))) :admin)
  (send
    (begin
      (send
        (hole 0 {:hash_depth=>0, :limit_depth=>true, :recv=>true}) :-
        (hole 0 {:hash_depth=>0, :method_arg=>true}))) :staged=
    (hole 0 {:hash_depth=>0, :method_arg=>true}))
  (send
    (begin
      (send
        (hole 0 {:hash_depth=>0, :limit_depth=>true, :recv=>true}) :-
        (hole 0 {:hash_depth=>0, :method_arg=>true}))) :staged)
  (send
    (begin
      (send
        (hole 0 {:hash_depth=>0, :limit_depth=>true, :recv=>true}) :-
        (hole 0 {:hash_depth=>0, :method_arg=>true}))) :active=
    (hole 0 {:hash_depth=>0, :method_arg=>true}))
  (send
    (begin
      (send
        (hole 0 {:hash_depth=>0, :limit_depth=>true, :recv=>true}) :-
        (hole 0 {:hash_depth=>0, :method_arg=>true}))) :active)
  (send
    (begin
      (send
        (hole 0 {:hash_depth=>0, :limit_depth=>true, :recv=>true}) :-
        (hole 0 {:hash_depth=>0, :method_arg=>true}))) :primary=
    (hole 0 {:hash_depth=>0, :method_arg=>true}))
  (send
    (begin
      (send
        (hole 0 {:hash_depth=>0, :limit_depth=>true, :recv=>true}) :-
        (hole 0 {:hash_depth=>0, :method_arg=>true}))) :primary)
  (send
    (begin
      (send
        (hole 0 {:hash_depth=>0, :limit_depth=>true, :recv=>true}) :-
        (hole 0 {:hash_depth=>0, :method_arg=>true}))) :moderator=
    (hole 0 {:hash_depth=>0, :method_arg=>true}))
  (send
    (begin
      (send
        (hole 0 {:hash_depth=>0, :limit_depth=>true, :recv=>true}) :-
        (hole 0 {:hash_depth=>0, :method_arg=>true}))) :moderator)
  (begin
    (send
      (begin
        (send
          (hole 0 {:hash_depth=>0, :limit_depth=>true, :recv=>true}) :-
          (hole 0 {:hash_depth=>0, :method_arg=>true}))) :-
      (hole 0 {:hash_depth=>0, :method_arg=>true})))
  (begin
    (send
      (begin
        (send
          (hole 0 {:hash_depth=>0, :limit_depth=>true, :recv=>true}) :-
          (hole 0 {:hash_depth=>0, :method_arg=>true}))) :-
      (hole 0 {:hash_depth=>0, :method_arg=>true})))
  (begin
    (send
      (begin
        (send
          (hole 0 {:hash_depth=>0, :limit_depth=>true, :recv=>true}) :-
          (hole 0 {:hash_depth=>0, :method_arg=>true}))) :-
      (hole 0 {:hash_depth=>0, :method_arg=>true})))
  (begin
    (send
      (begin
        (send
          (hole 0 {:hash_depth=>0, :limit_depth=>true, :recv=>true}) :-
          (hole 0 {:hash_depth=>0, :method_arg=>true}))) :save))
  (begin
    (send
      (begin
        (send
          (hole 0 {:hash_depth=>0, :limit_depth=>true, :recv=>true}) :save)) :count))
  (begin
    (send
      (begin
        (send
          (hole 0 {:hash_depth=>0, :limit_depth=>true, :recv=>true}) :save)) :-
      (hole 0 {:hash_depth=>0, :method_arg=>true})))
  (begin
    (send
      (begin
        (send
          (hole 0 {:hash_depth=>0, :limit_depth=>true, :recv=>true}) :save)) :save))
  (hole 3 {:hash_depth=>0, :method_arg=>false, :variance=>:+}) {:method_arg=>false})
BASETYPE: true or false
SIZE WORK_LIST: 0
SIZE generated: 62
EVALUABLE#: 0

-------------------------

----------------
TTYPES
true or false
true or false
true or false

PROGS

LOCAL_COUNT: 5
GLOBAL_COUNT: 159

BASE_AFTER:
(send
  (begin
    (send
      (filled-hole
        (lvar InvitationCode(id: integer, token: string, diaspora_user_id: integer, count: integer)) {:method_arg=>false}) :count)) :confirmed=
  (filled-hole
    (true)
    (false)
    (hole 1 {:hash_depth=>0, :method_arg=>true, :variance=>:+}) {:method_arg=>true}))
BASETYPE: true or false
SIZE WORK_LIST: 61
SIZE generated: 3
EVALUABLE#: 2

-------------------------

----------------
TTYPES
true or false

PROGS

LOCAL_COUNT: 6
GLOBAL_COUNT: 160

BASE_AFTER:
(send
  (begin
    (send
      (filled-hole
        (lvar InvitationCode(id: integer, token: string, diaspora_user_id: integer, count: integer)) {:method_arg=>false}) :count)) :confirmed)
BASETYPE: true or false
SIZE WORK_LIST: 61
SIZE generated: 1
EVALUABLE#: 1

-------------------------

----------------
TTYPES
true or false
true or false
true or false

PROGS

LOCAL_COUNT: 7
GLOBAL_COUNT: 161

BASE_AFTER:
(send
  (begin
    (send
      (filled-hole
        (lvar InvitationCode(id: integer, token: string, diaspora_user_id: integer, count: integer)) {:method_arg=>false}) :count)) :expired=
  (filled-hole
    (true)
    (false)
    (hole 1 {:hash_depth=>0, :method_arg=>true, :variance=>:+}) {:method_arg=>true}))
BASETYPE: true or false
SIZE WORK_LIST: 60
SIZE generated: 3
EVALUABLE#: 2

-------------------------

----------------
TTYPES
true or false

PROGS

LOCAL_COUNT: 8
GLOBAL_COUNT: 162

BASE_AFTER:
(send
  (begin
    (send
      (filled-hole
        (lvar InvitationCode(id: integer, token: string, diaspora_user_id: integer, count: integer)) {:method_arg=>false}) :count)) :expired)
BASETYPE: true or false
SIZE WORK_LIST: 60
SIZE generated: 1
EVALUABLE#: 1

-------------------------

----------------
TTYPES
true or false
true or false
true or false

PROGS

LOCAL_COUNT: 9
GLOBAL_COUNT: 163

BASE_AFTER:
(send
  (begin
    (send
      (filled-hole
        (lvar InvitationCode(id: integer, token: string, diaspora_user_id: integer, count: integer)) {:method_arg=>false}) :count)) :discoverable=
  (filled-hole
    (true)
    (false)
    (hole 1 {:hash_depth=>0, :method_arg=>true, :variance=>:+}) {:method_arg=>true}))
BASETYPE: true or false
SIZE WORK_LIST: 59
SIZE generated: 3
EVALUABLE#: 2

-------------------------

----------------
TTYPES
true or false

PROGS

LOCAL_COUNT: 10
GLOBAL_COUNT: 164

BASE_AFTER:
(send
  (begin
    (send
      (filled-hole
        (lvar InvitationCode(id: integer, token: string, diaspora_user_id: integer, count: integer)) {:method_arg=>false}) :count)) :discoverable)
BASETYPE: true or false
SIZE WORK_LIST: 59
SIZE generated: 1
EVALUABLE#: 1

-------------------------

----------------
TTYPES
true or false
true or false
true or false

PROGS

LOCAL_COUNT: 11
GLOBAL_COUNT: 165

BASE_AFTER:
(send
  (begin
    (send
      (filled-hole
        (lvar InvitationCode(id: integer, token: string, diaspora_user_id: integer, count: integer)) {:method_arg=>false}) :count)) :scheduled_check=
  (filled-hole
    (true)
    (false)
    (hole 1 {:hash_depth=>0, :method_arg=>true, :variance=>:+}) {:method_arg=>true}))
BASETYPE: true or false
SIZE WORK_LIST: 58
SIZE generated: 3
EVALUABLE#: 2

-------------------------

----------------
TTYPES
true or false

PROGS

LOCAL_COUNT: 12
GLOBAL_COUNT: 166

BASE_AFTER:
(send
  (begin
    (send
      (filled-hole
        (lvar InvitationCode(id: integer, token: string, diaspora_user_id: integer, count: integer)) {:method_arg=>false}) :count)) :scheduled_check)
BASETYPE: true or false
SIZE WORK_LIST: 58
SIZE generated: 1
EVALUABLE#: 1

-------------------------

----------------
TTYPES
true or false
true or false
true or false

PROGS

LOCAL_COUNT: 13
GLOBAL_COUNT: 167

BASE_AFTER:
(send
  (begin
    (send
      (filled-hole
        (lvar InvitationCode(id: integer, token: string, diaspora_user_id: integer, count: integer)) {:method_arg=>false}) :count)) :otp_required_for_login=
  (filled-hole
    (true)
    (false)
    (hole 1 {:hash_depth=>0, :method_arg=>true, :variance=>:+}) {:method_arg=>true}))
BASETYPE: true or false
SIZE WORK_LIST: 57
SIZE generated: 3
EVALUABLE#: 2

-------------------------

----------------
TTYPES
true or false

PROGS

LOCAL_COUNT: 14
GLOBAL_COUNT: 168

BASE_AFTER:
(send
  (begin
    (send
      (filled-hole
        (lvar InvitationCode(id: integer, token: string, diaspora_user_id: integer, count: integer)) {:method_arg=>false}) :count)) :otp_required_for_login)
BASETYPE: true or false
SIZE WORK_LIST: 57
SIZE generated: 1
EVALUABLE#: 1

-------------------------

----------------
TTYPES
true or false
true or false
true or false

PROGS

LOCAL_COUNT: 15
GLOBAL_COUNT: 169

BASE_AFTER:
(send
  (begin
    (send
      (filled-hole
        (lvar InvitationCode(id: integer, token: string, diaspora_user_id: integer, count: integer)) {:method_arg=>false}) :count)) :admin=
  (filled-hole
    (true)
    (false)
    (hole 1 {:hash_depth=>0, :method_arg=>true, :variance=>:+}) {:method_arg=>true}))
BASETYPE: true or false
SIZE WORK_LIST: 56
SIZE generated: 3
EVALUABLE#: 2

-------------------------

----------------
TTYPES
true or false

PROGS

LOCAL_COUNT: 16
GLOBAL_COUNT: 170

BASE_AFTER:
(send
  (begin
    (send
      (filled-hole
        (lvar InvitationCode(id: integer, token: string, diaspora_user_id: integer, count: integer)) {:method_arg=>false}) :count)) :admin)
BASETYPE: true or false
SIZE WORK_LIST: 56
SIZE generated: 1
EVALUABLE#: 1

-------------------------

----------------
TTYPES
true or false
true or false
true or false

PROGS

LOCAL_COUNT: 17
GLOBAL_COUNT: 171

BASE_AFTER:
(send
  (begin
    (send
      (filled-hole
        (lvar InvitationCode(id: integer, token: string, diaspora_user_id: integer, count: integer)) {:method_arg=>false}) :count)) :staged=
  (filled-hole
    (true)
    (false)
    (hole 1 {:hash_depth=>0, :method_arg=>true, :variance=>:+}) {:method_arg=>true}))
BASETYPE: true or false
SIZE WORK_LIST: 55
SIZE generated: 3
EVALUABLE#: 2

-------------------------

----------------
TTYPES
true or false

PROGS

LOCAL_COUNT: 18
GLOBAL_COUNT: 172

BASE_AFTER:
(send
  (begin
    (send
      (filled-hole
        (lvar InvitationCode(id: integer, token: string, diaspora_user_id: integer, count: integer)) {:method_arg=>false}) :count)) :staged)
BASETYPE: true or false
SIZE WORK_LIST: 55
SIZE generated: 1
EVALUABLE#: 1

-------------------------

----------------
TTYPES
true or false
true or false
true or false

PROGS

LOCAL_COUNT: 19
GLOBAL_COUNT: 173

BASE_AFTER:
(send
  (begin
    (send
      (filled-hole
        (lvar InvitationCode(id: integer, token: string, diaspora_user_id: integer, count: integer)) {:method_arg=>false}) :count)) :active=
  (filled-hole
    (true)
    (false)
    (hole 1 {:hash_depth=>0, :method_arg=>true, :variance=>:+}) {:method_arg=>true}))
BASETYPE: true or false
SIZE WORK_LIST: 54
SIZE generated: 3
EVALUABLE#: 2

-------------------------

----------------
TTYPES
true or false

PROGS

LOCAL_COUNT: 20
GLOBAL_COUNT: 174

BASE_AFTER:
(send
  (begin
    (send
      (filled-hole
        (lvar InvitationCode(id: integer, token: string, diaspora_user_id: integer, count: integer)) {:method_arg=>false}) :count)) :active)
BASETYPE: true or false
SIZE WORK_LIST: 54
SIZE generated: 1
EVALUABLE#: 1

-------------------------

----------------
TTYPES
true or false
true or false
true or false

PROGS

LOCAL_COUNT: 21
GLOBAL_COUNT: 175

BASE_AFTER:
(send
  (begin
    (send
      (filled-hole
        (lvar InvitationCode(id: integer, token: string, diaspora_user_id: integer, count: integer)) {:method_arg=>false}) :count)) :primary=
  (filled-hole
    (true)
    (false)
    (hole 1 {:hash_depth=>0, :method_arg=>true, :variance=>:+}) {:method_arg=>true}))
BASETYPE: true or false
SIZE WORK_LIST: 53
SIZE generated: 3
EVALUABLE#: 2

-------------------------

----------------
TTYPES
true or false

PROGS

LOCAL_COUNT: 22
GLOBAL_COUNT: 176

BASE_AFTER:
(send
  (begin
    (send
      (filled-hole
        (lvar InvitationCode(id: integer, token: string, diaspora_user_id: integer, count: integer)) {:method_arg=>false}) :count)) :primary)
BASETYPE: true or false
SIZE WORK_LIST: 53
SIZE generated: 1
EVALUABLE#: 1

-------------------------

----------------
TTYPES
true or false
true or false
true or false

PROGS

LOCAL_COUNT: 23
GLOBAL_COUNT: 177

BASE_AFTER:
(send
  (begin
    (send
      (filled-hole
        (lvar InvitationCode(id: integer, token: string, diaspora_user_id: integer, count: integer)) {:method_arg=>false}) :count)) :moderator=
  (filled-hole
    (true)
    (false)
    (hole 1 {:hash_depth=>0, :method_arg=>true, :variance=>:+}) {:method_arg=>true}))
BASETYPE: true or false
SIZE WORK_LIST: 52
SIZE generated: 3
EVALUABLE#: 2

-------------------------

----------------
TTYPES
true or false

PROGS

LOCAL_COUNT: 24
GLOBAL_COUNT: 178

BASE_AFTER:
(send
  (begin
    (send
      (filled-hole
        (lvar InvitationCode(id: integer, token: string, diaspora_user_id: integer, count: integer)) {:method_arg=>false}) :count)) :moderator)
BASETYPE: true or false
SIZE WORK_LIST: 52
SIZE generated: 1
EVALUABLE#: 1

-------------------------

----------------
TTYPES
Integer
Integer
Integer
Integer

PROGS

LOCAL_COUNT: 25
GLOBAL_COUNT: 179

BASE_AFTER:
(begin
  (send
    (begin
      (send
        (filled-hole
          (lvar InvitationCode(id: integer, token: string, diaspora_user_id: integer, count: integer)) {:method_arg=>false}) :count)) :-
    (filled-hole
      (int 0)
      (int 1)
      (int 2)
      (hole 1 {:hash_depth=>0, :method_arg=>true, :variance=>:+}) {:method_arg=>true})))
BASETYPE: Integer
SIZE WORK_LIST: 51
SIZE generated: 4
EVALUABLE#: 3

-------------------------

----------------
TTYPES
Integer
Integer
Integer
Integer
Integer
Integer
Integer
Integer
Integer
Integer
Integer
Integer
Integer
Integer
Integer
Integer

PROGS

LOCAL_COUNT: 26
GLOBAL_COUNT: 180

BASE_AFTER:
(begin
  (send
    (send
      (filled-hole
        (lvar :arg0) {:method_arg=>false}) :id=
      (filled-hole
        (int 0)
        (int 1)
        (int 2)
        (hole 1 {:hash_depth=>0, :method_arg=>true, :variance=>:+}) {:method_arg=>true})) :-
    (filled-hole
      (int 0)
      (int 1)
      (int 2)
      (hole 1 {:hash_depth=>0, :method_arg=>true, :variance=>:+}) {:method_arg=>true})))
BASETYPE: Integer
SIZE WORK_LIST: 51
SIZE generated: 16
EVALUABLE#: 9

-------------------------

----------------
TTYPES
true or false
true or false
true or false
true or false

PROGS

LOCAL_COUNT: 27
GLOBAL_COUNT: 181

BASE_AFTER:
(begin
  (send
    (send
      (filled-hole
        (lvar :arg0) {:method_arg=>false}) :id=
      (filled-hole
        (int 0)
        (int 1)
        (int 2)
        (hole 1 {:hash_depth=>0, :method_arg=>true, :variance=>:+}) {:method_arg=>true})) :save))
BASETYPE: true or false
SIZE WORK_LIST: 57
SIZE generated: 4
EVALUABLE#: 3

-------------------------

----------------
TTYPES
Integer
Integer
Integer
Integer

PROGS

LOCAL_COUNT: 28
GLOBAL_COUNT: 182

BASE_AFTER:
(begin
  (send
    (send
      (filled-hole
        (lvar :arg0) {:method_arg=>false}) :id) :-
    (filled-hole
      (int 0)
      (int 1)
      (int 2)
      (hole 1 {:hash_depth=>0, :method_arg=>true, :variance=>:+}) {:method_arg=>true})))
BASETYPE: Integer
SIZE WORK_LIST: 57
SIZE generated: 4
EVALUABLE#: 3

-------------------------

----------------
TTYPES
true or false
true or false

PROGS

LOCAL_COUNT: 29
GLOBAL_COUNT: 183

BASE_AFTER:
(begin
  (send
    (send
      (filled-hole
        (lvar :arg0) {:method_arg=>false}) :token=
      (filled-hole
        (str "")
        (hole 1 {:hash_depth=>0, :method_arg=>true, :variance=>:+}) {:method_arg=>true})) :save))
BASETYPE: true or false
SIZE WORK_LIST: 57
SIZE generated: 2
EVALUABLE#: 1

-------------------------

----------------
TTYPES
Integer
Integer
Integer
Integer
Integer
Integer
Integer
Integer
Integer
Integer
Integer
Integer
Integer
Integer
Integer
Integer

PROGS

LOCAL_COUNT: 30
GLOBAL_COUNT: 184

BASE_AFTER:
(begin
  (send
    (send
      (filled-hole
        (lvar :arg0) {:method_arg=>false}) :diaspora_user_id=
      (filled-hole
        (int 0)
        (int 1)
        (int 2)
        (hole 1 {:hash_depth=>0, :method_arg=>true, :variance=>:+}) {:method_arg=>true})) :-
    (filled-hole
      (int 0)
      (int 1)
      (int 2)
      (hole 1 {:hash_depth=>0, :method_arg=>true, :variance=>:+}) {:method_arg=>true})))
BASETYPE: Integer
SIZE WORK_LIST: 57
SIZE generated: 16
EVALUABLE#: 9

-------------------------

----------------
TTYPES
Integer
Integer
Integer
Integer

PROGS

LOCAL_COUNT: 31
GLOBAL_COUNT: 185

BASE_AFTER:
(begin
  (send
    (send
      (filled-hole
        (lvar :arg0) {:method_arg=>false}) :diaspora_user_id) :-
    (filled-hole
      (int 0)
      (int 1)
      (int 2)
      (hole 1 {:hash_depth=>0, :method_arg=>true, :variance=>:+}) {:method_arg=>true})))
BASETYPE: Integer
SIZE WORK_LIST: 63
SIZE generated: 4
EVALUABLE#: 3

-------------------------

----------------
TTYPES
Integer
Integer
Integer
Integer
Integer
Integer
Integer
Integer
Integer
Integer
Integer
Integer
Integer
Integer
Integer
Integer

PROGS

LOCAL_COUNT: 32
GLOBAL_COUNT: 186

BASE_AFTER:
(begin
  (send
    (send
      (filled-hole
        (lvar :arg0) {:method_arg=>false}) :count=
      (filled-hole
        (int 0)
        (int 1)
        (int 2)
        (hole 1 {:hash_depth=>0, :method_arg=>true, :variance=>:+}) {:method_arg=>true})) :-
    (filled-hole
      (int 0)
      (int 1)
      (int 2)
      (hole 1 {:hash_depth=>0, :method_arg=>true, :variance=>:+}) {:method_arg=>true})))
BASETYPE: Integer
SIZE WORK_LIST: 63
SIZE generated: 16
EVALUABLE#: 9

-------------------------

----------------
TTYPES
Integer
Integer
Integer
Integer

PROGS

LOCAL_COUNT: 33
GLOBAL_COUNT: 187

BASE_AFTER:
(begin
  (send
    (begin
      (send
        (filled-hole
          (lvar :arg0) {:method_arg=>false}) :count)) :-
    (filled-hole
      (int 0)
      (int 1)
      (int 2)
      (hole 1 {:hash_depth=>0, :method_arg=>true, :variance=>:+}) {:method_arg=>true})))
BASETYPE: Integer
SIZE WORK_LIST: 69
SIZE generated: 4
EVALUABLE#: 3

-------------------------

----------------
TTYPES
true or false

PROGS

LOCAL_COUNT: 34
GLOBAL_COUNT: 188

BASE_AFTER:
(begin
  (send
    (send
      (filled-hole
        (lvar :arg0) {:method_arg=>false}) :diaspora_user) :save))
BASETYPE: true or false
SIZE WORK_LIST: 69
SIZE generated: 1
EVALUABLE#: 1

-------------------------

----------------
TTYPES
true or false

PROGS

LOCAL_COUNT: 35
GLOBAL_COUNT: 189

BASE_AFTER:
(begin
  (send
    (send
      (filled-hole
        (lvar :arg0) {:method_arg=>false}) :diaspora_user=
      (filled-hole
        (hole 1 {:hash_depth=>0, :method_arg=>true, :variance=>:+}) {:method_arg=>true})) :save))
BASETYPE: true or false
SIZE WORK_LIST: 68
SIZE generated: 1
EVALUABLE#: 0

-------------------------

----------------
TTYPES
true or false
true or false
true or false
true or false

PROGS

LOCAL_COUNT: 36
GLOBAL_COUNT: 190

BASE_AFTER:
(send
  (begin
    (send
      (lvar InvitationCode(id: integer, token: string, diaspora_user_id: integer, count: integer)) :count)) :confirmed=
  (filled-hole
    (begin
      (send
        (hole 0 {:hash_depth=>0, :limit_depth=>true, :recv=>true}) :-
        (hole 0 {:hash_depth=>0, :method_arg=>true})))
    (begin
      (send
        (hole 0 {:hash_depth=>0, :limit_depth=>true, :recv=>true}) :save))
    (begin
      (send
        (hole 0 {:hash_depth=>0, :limit_depth=>true, :recv=>true}) :count))
    (begin
      (send
        (hole 0 {:hash_depth=>0, :limit_depth=>true, :recv=>true}) :-
        (hole 0 {:hash_depth=>0, :method_arg=>true})))
    (begin
      (send
        (hole 0 {:hash_depth=>0, :limit_depth=>true, :recv=>true}) :save))
    (hole 2 {:hash_depth=>0, :method_arg=>true, :variance=>:+}) {:method_arg=>true}))
BASETYPE: true or false
SIZE WORK_LIST: 68
SIZE generated: 4
EVALUABLE#: 0

-------------------------

----------------
TTYPES
true or false

PROGS

LOCAL_COUNT: 37
GLOBAL_COUNT: 191

BASE_AFTER:
(send
  (begin
    (send
      (lvar InvitationCode(id: integer, token: string, diaspora_user_id: integer, count: integer)) :count)) :confirmed=
  (begin
    (send
      (filled-hole
        (lvar InvitationCode(id: integer, token: string, diaspora_user_id: integer, count: integer)) {:method_arg=>false}) :count)))
BASETYPE: true or false
SIZE WORK_LIST: 71
SIZE generated: 1
EVALUABLE#: 1

-------------------------

----------------
TTYPES
true or false
true or false
true or false
true or false

PROGS

LOCAL_COUNT: 38
GLOBAL_COUNT: 192

BASE_AFTER:
(send
  (begin
    (send
      (lvar InvitationCode(id: integer, token: string, diaspora_user_id: integer, count: integer)) :count)) :expired=
  (filled-hole
    (begin
      (send
        (hole 0 {:hash_depth=>0, :limit_depth=>true, :recv=>true}) :-
        (hole 0 {:hash_depth=>0, :method_arg=>true})))
    (begin
      (send
        (hole 0 {:hash_depth=>0, :limit_depth=>true, :recv=>true}) :save))
    (begin
      (send
        (hole 0 {:hash_depth=>0, :limit_depth=>true, :recv=>true}) :count))
    (begin
      (send
        (hole 0 {:hash_depth=>0, :limit_depth=>true, :recv=>true}) :-
        (hole 0 {:hash_depth=>0, :method_arg=>true})))
    (begin
      (send
        (hole 0 {:hash_depth=>0, :limit_depth=>true, :recv=>true}) :save))
    (hole 2 {:hash_depth=>0, :method_arg=>true, :variance=>:+}) {:method_arg=>true}))
BASETYPE: true or false
SIZE WORK_LIST: 70
SIZE generated: 4
EVALUABLE#: 0

-------------------------

----------------
TTYPES
true or false

PROGS

LOCAL_COUNT: 39
GLOBAL_COUNT: 193

BASE_AFTER:
(send
  (begin
    (send
      (lvar InvitationCode(id: integer, token: string, diaspora_user_id: integer, count: integer)) :count)) :expired=
  (begin
    (send
      (filled-hole
        (lvar InvitationCode(id: integer, token: string, diaspora_user_id: integer, count: integer)) {:method_arg=>false}) :count)))
BASETYPE: true or false
SIZE WORK_LIST: 73
SIZE generated: 1
EVALUABLE#: 1

-------------------------

----------------
TTYPES
true or false
true or false
true or false
true or false

PROGS

LOCAL_COUNT: 40
GLOBAL_COUNT: 194

BASE_AFTER:
(send
  (begin
    (send
      (lvar InvitationCode(id: integer, token: string, diaspora_user_id: integer, count: integer)) :count)) :discoverable=
  (filled-hole
    (begin
      (send
        (hole 0 {:hash_depth=>0, :limit_depth=>true, :recv=>true}) :-
        (hole 0 {:hash_depth=>0, :method_arg=>true})))
    (begin
      (send
        (hole 0 {:hash_depth=>0, :limit_depth=>true, :recv=>true}) :save))
    (begin
      (send
        (hole 0 {:hash_depth=>0, :limit_depth=>true, :recv=>true}) :count))
    (begin
      (send
        (hole 0 {:hash_depth=>0, :limit_depth=>true, :recv=>true}) :-
        (hole 0 {:hash_depth=>0, :method_arg=>true})))
    (begin
      (send
        (hole 0 {:hash_depth=>0, :limit_depth=>true, :recv=>true}) :save))
    (hole 2 {:hash_depth=>0, :method_arg=>true, :variance=>:+}) {:method_arg=>true}))
BASETYPE: true or false
SIZE WORK_LIST: 72
SIZE generated: 4
EVALUABLE#: 0

-------------------------

----------------
TTYPES
true or false

PROGS

LOCAL_COUNT: 41
GLOBAL_COUNT: 195

BASE_AFTER:
(send
  (begin
    (send
      (lvar InvitationCode(id: integer, token: string, diaspora_user_id: integer, count: integer)) :count)) :discoverable=
  (begin
    (send
      (filled-hole
        (lvar InvitationCode(id: integer, token: string, diaspora_user_id: integer, count: integer)) {:method_arg=>false}) :count)))
BASETYPE: true or false
SIZE WORK_LIST: 75
SIZE generated: 1
EVALUABLE#: 1

-------------------------

----------------
TTYPES
true or false
true or false
true or false
true or false

PROGS

LOCAL_COUNT: 42
GLOBAL_COUNT: 196

BASE_AFTER:
(send
  (begin
    (send
      (lvar InvitationCode(id: integer, token: string, diaspora_user_id: integer, count: integer)) :count)) :scheduled_check=
  (filled-hole
    (begin
      (send
        (hole 0 {:hash_depth=>0, :limit_depth=>true, :recv=>true}) :-
        (hole 0 {:hash_depth=>0, :method_arg=>true})))
    (begin
      (send
        (hole 0 {:hash_depth=>0, :limit_depth=>true, :recv=>true}) :save))
    (begin
      (send
        (hole 0 {:hash_depth=>0, :limit_depth=>true, :recv=>true}) :count))
    (begin
      (send
        (hole 0 {:hash_depth=>0, :limit_depth=>true, :recv=>true}) :-
        (hole 0 {:hash_depth=>0, :method_arg=>true})))
    (begin
      (send
        (hole 0 {:hash_depth=>0, :limit_depth=>true, :recv=>true}) :save))
    (hole 2 {:hash_depth=>0, :method_arg=>true, :variance=>:+}) {:method_arg=>true}))
BASETYPE: true or false
SIZE WORK_LIST: 74
SIZE generated: 4
EVALUABLE#: 0

-------------------------

----------------
TTYPES
true or false

PROGS

LOCAL_COUNT: 43
GLOBAL_COUNT: 197

BASE_AFTER:
(send
  (begin
    (send
      (lvar InvitationCode(id: integer, token: string, diaspora_user_id: integer, count: integer)) :count)) :scheduled_check=
  (begin
    (send
      (filled-hole
        (lvar InvitationCode(id: integer, token: string, diaspora_user_id: integer, count: integer)) {:method_arg=>false}) :count)))
BASETYPE: true or false
SIZE WORK_LIST: 77
SIZE generated: 1
EVALUABLE#: 1

-------------------------

----------------
TTYPES
true or false
true or false
true or false
true or false

PROGS

LOCAL_COUNT: 44
GLOBAL_COUNT: 198

BASE_AFTER:
(send
  (begin
    (send
      (lvar InvitationCode(id: integer, token: string, diaspora_user_id: integer, count: integer)) :count)) :otp_required_for_login=
  (filled-hole
    (begin
      (send
        (hole 0 {:hash_depth=>0, :limit_depth=>true, :recv=>true}) :-
        (hole 0 {:hash_depth=>0, :method_arg=>true})))
    (begin
      (send
        (hole 0 {:hash_depth=>0, :limit_depth=>true, :recv=>true}) :save))
    (begin
      (send
        (hole 0 {:hash_depth=>0, :limit_depth=>true, :recv=>true}) :count))
    (begin
      (send
        (hole 0 {:hash_depth=>0, :limit_depth=>true, :recv=>true}) :-
        (hole 0 {:hash_depth=>0, :method_arg=>true})))
    (begin
      (send
        (hole 0 {:hash_depth=>0, :limit_depth=>true, :recv=>true}) :save))
    (hole 2 {:hash_depth=>0, :method_arg=>true, :variance=>:+}) {:method_arg=>true}))
BASETYPE: true or false
SIZE WORK_LIST: 76
SIZE generated: 4
EVALUABLE#: 0

-------------------------

----------------
TTYPES
true or false

PROGS

LOCAL_COUNT: 45
GLOBAL_COUNT: 199

BASE_AFTER:
(send
  (begin
    (send
      (lvar InvitationCode(id: integer, token: string, diaspora_user_id: integer, count: integer)) :count)) :otp_required_for_login=
  (begin
    (send
      (filled-hole
        (lvar InvitationCode(id: integer, token: string, diaspora_user_id: integer, count: integer)) {:method_arg=>false}) :count)))
BASETYPE: true or false
SIZE WORK_LIST: 79
SIZE generated: 1
EVALUABLE#: 1

-------------------------

----------------
TTYPES
true or false
true or false
true or false
true or false

PROGS

LOCAL_COUNT: 46
GLOBAL_COUNT: 200

BASE_AFTER:
(send
  (begin
    (send
      (lvar InvitationCode(id: integer, token: string, diaspora_user_id: integer, count: integer)) :count)) :admin=
  (filled-hole
    (begin
      (send
        (hole 0 {:hash_depth=>0, :limit_depth=>true, :recv=>true}) :-
        (hole 0 {:hash_depth=>0, :method_arg=>true})))
    (begin
      (send
        (hole 0 {:hash_depth=>0, :limit_depth=>true, :recv=>true}) :save))
    (begin
      (send
        (hole 0 {:hash_depth=>0, :limit_depth=>true, :recv=>true}) :count))
    (begin
      (send
        (hole 0 {:hash_depth=>0, :limit_depth=>true, :recv=>true}) :-
        (hole 0 {:hash_depth=>0, :method_arg=>true})))
    (begin
      (send
        (hole 0 {:hash_depth=>0, :limit_depth=>true, :recv=>true}) :save))
    (hole 2 {:hash_depth=>0, :method_arg=>true, :variance=>:+}) {:method_arg=>true}))
BASETYPE: true or false
SIZE WORK_LIST: 78
SIZE generated: 4
EVALUABLE#: 0

-------------------------

----------------
TTYPES
true or false

PROGS

LOCAL_COUNT: 47
GLOBAL_COUNT: 201

BASE_AFTER:
(send
  (begin
    (send
      (lvar InvitationCode(id: integer, token: string, diaspora_user_id: integer, count: integer)) :count)) :admin=
  (begin
    (send
      (filled-hole
        (lvar InvitationCode(id: integer, token: string, diaspora_user_id: integer, count: integer)) {:method_arg=>false}) :count)))
BASETYPE: true or false
SIZE WORK_LIST: 81
SIZE generated: 1
EVALUABLE#: 1

-------------------------

----------------
TTYPES
true or false
true or false
true or false
true or false

PROGS

LOCAL_COUNT: 48
GLOBAL_COUNT: 202

BASE_AFTER:
(send
  (begin
    (send
      (lvar InvitationCode(id: integer, token: string, diaspora_user_id: integer, count: integer)) :count)) :staged=
  (filled-hole
    (begin
      (send
        (hole 0 {:hash_depth=>0, :limit_depth=>true, :recv=>true}) :-
        (hole 0 {:hash_depth=>0, :method_arg=>true})))
    (begin
      (send
        (hole 0 {:hash_depth=>0, :limit_depth=>true, :recv=>true}) :save))
    (begin
      (send
        (hole 0 {:hash_depth=>0, :limit_depth=>true, :recv=>true}) :count))
    (begin
      (send
        (hole 0 {:hash_depth=>0, :limit_depth=>true, :recv=>true}) :-
        (hole 0 {:hash_depth=>0, :method_arg=>true})))
    (begin
      (send
        (hole 0 {:hash_depth=>0, :limit_depth=>true, :recv=>true}) :save))
    (hole 2 {:hash_depth=>0, :method_arg=>true, :variance=>:+}) {:method_arg=>true}))
BASETYPE: true or false
SIZE WORK_LIST: 80
SIZE generated: 4
EVALUABLE#: 0

-------------------------

----------------
TTYPES
true or false

PROGS

LOCAL_COUNT: 49
GLOBAL_COUNT: 203

BASE_AFTER:
(send
  (begin
    (send
      (lvar InvitationCode(id: integer, token: string, diaspora_user_id: integer, count: integer)) :count)) :staged=
  (begin
    (send
      (filled-hole
        (lvar InvitationCode(id: integer, token: string, diaspora_user_id: integer, count: integer)) {:method_arg=>false}) :count)))
BASETYPE: true or false
SIZE WORK_LIST: 83
SIZE generated: 1
EVALUABLE#: 1

-------------------------

----------------
TTYPES
true or false
true or false
true or false
true or false

PROGS

LOCAL_COUNT: 50
GLOBAL_COUNT: 204

BASE_AFTER:
(send
  (begin
    (send
      (lvar InvitationCode(id: integer, token: string, diaspora_user_id: integer, count: integer)) :count)) :active=
  (filled-hole
    (begin
      (send
        (hole 0 {:hash_depth=>0, :limit_depth=>true, :recv=>true}) :-
        (hole 0 {:hash_depth=>0, :method_arg=>true})))
    (begin
      (send
        (hole 0 {:hash_depth=>0, :limit_depth=>true, :recv=>true}) :save))
    (begin
      (send
        (hole 0 {:hash_depth=>0, :limit_depth=>true, :recv=>true}) :count))
    (begin
      (send
        (hole 0 {:hash_depth=>0, :limit_depth=>true, :recv=>true}) :-
        (hole 0 {:hash_depth=>0, :method_arg=>true})))
    (begin
      (send
        (hole 0 {:hash_depth=>0, :limit_depth=>true, :recv=>true}) :save))
    (hole 2 {:hash_depth=>0, :method_arg=>true, :variance=>:+}) {:method_arg=>true}))
BASETYPE: true or false
SIZE WORK_LIST: 82
SIZE generated: 4
EVALUABLE#: 0

-------------------------

----------------
TTYPES
true or false

PROGS

LOCAL_COUNT: 51
GLOBAL_COUNT: 205

BASE_AFTER:
(send
  (begin
    (send
      (lvar InvitationCode(id: integer, token: string, diaspora_user_id: integer, count: integer)) :count)) :active=
  (begin
    (send
      (filled-hole
        (lvar InvitationCode(id: integer, token: string, diaspora_user_id: integer, count: integer)) {:method_arg=>false}) :count)))
BASETYPE: true or false
SIZE WORK_LIST: 85
SIZE generated: 1
EVALUABLE#: 1

-------------------------

----------------
TTYPES
true or false
true or false
true or false
true or false

PROGS

LOCAL_COUNT: 52
GLOBAL_COUNT: 206

BASE_AFTER:
(send
  (begin
    (send
      (lvar InvitationCode(id: integer, token: string, diaspora_user_id: integer, count: integer)) :count)) :primary=
  (filled-hole
    (begin
      (send
        (hole 0 {:hash_depth=>0, :limit_depth=>true, :recv=>true}) :-
        (hole 0 {:hash_depth=>0, :method_arg=>true})))
    (begin
      (send
        (hole 0 {:hash_depth=>0, :limit_depth=>true, :recv=>true}) :save))
    (begin
      (send
        (hole 0 {:hash_depth=>0, :limit_depth=>true, :recv=>true}) :count))
    (begin
      (send
        (hole 0 {:hash_depth=>0, :limit_depth=>true, :recv=>true}) :-
        (hole 0 {:hash_depth=>0, :method_arg=>true})))
    (begin
      (send
        (hole 0 {:hash_depth=>0, :limit_depth=>true, :recv=>true}) :save))
    (hole 2 {:hash_depth=>0, :method_arg=>true, :variance=>:+}) {:method_arg=>true}))
BASETYPE: true or false
SIZE WORK_LIST: 84
SIZE generated: 4
EVALUABLE#: 0

-------------------------

----------------
TTYPES
true or false

PROGS

LOCAL_COUNT: 53
GLOBAL_COUNT: 207

BASE_AFTER:
(send
  (begin
    (send
      (lvar InvitationCode(id: integer, token: string, diaspora_user_id: integer, count: integer)) :count)) :primary=
  (begin
    (send
      (filled-hole
        (lvar InvitationCode(id: integer, token: string, diaspora_user_id: integer, count: integer)) {:method_arg=>false}) :count)))
BASETYPE: true or false
SIZE WORK_LIST: 87
SIZE generated: 1
EVALUABLE#: 1

-------------------------

----------------
TTYPES
true or false
true or false
true or false
true or false

PROGS

LOCAL_COUNT: 54
GLOBAL_COUNT: 208

BASE_AFTER:
(send
  (begin
    (send
      (lvar InvitationCode(id: integer, token: string, diaspora_user_id: integer, count: integer)) :count)) :moderator=
  (filled-hole
    (begin
      (send
        (hole 0 {:hash_depth=>0, :limit_depth=>true, :recv=>true}) :-
        (hole 0 {:hash_depth=>0, :method_arg=>true})))
    (begin
      (send
        (hole 0 {:hash_depth=>0, :limit_depth=>true, :recv=>true}) :save))
    (begin
      (send
        (hole 0 {:hash_depth=>0, :limit_depth=>true, :recv=>true}) :count))
    (begin
      (send
        (hole 0 {:hash_depth=>0, :limit_depth=>true, :recv=>true}) :-
        (hole 0 {:hash_depth=>0, :method_arg=>true})))
    (begin
      (send
        (hole 0 {:hash_depth=>0, :limit_depth=>true, :recv=>true}) :save))
    (hole 2 {:hash_depth=>0, :method_arg=>true, :variance=>:+}) {:method_arg=>true}))
BASETYPE: true or false
SIZE WORK_LIST: 86
SIZE generated: 4
EVALUABLE#: 0

-------------------------

----------------
TTYPES
true or false

PROGS

LOCAL_COUNT: 55
GLOBAL_COUNT: 209

BASE_AFTER:
(send
  (begin
    (send
      (lvar InvitationCode(id: integer, token: string, diaspora_user_id: integer, count: integer)) :count)) :moderator=
  (begin
    (send
      (filled-hole
        (lvar InvitationCode(id: integer, token: string, diaspora_user_id: integer, count: integer)) {:method_arg=>false}) :count)))
BASETYPE: true or false
SIZE WORK_LIST: 89
SIZE generated: 1
EVALUABLE#: 1

-------------------------

----------------
TTYPES
Integer
Integer
Integer
Integer
Integer
Integer
Integer
Integer
Integer

PROGS

LOCAL_COUNT: 56
GLOBAL_COUNT: 210

BASE_AFTER:
(begin
  (send
    (begin
      (send
        (lvar InvitationCode(id: integer, token: string, diaspora_user_id: integer, count: integer)) :count)) :-
    (filled-hole
      (send
        (hole 0 {:hash_depth=>0, :limit_depth=>true, :recv=>true}) :id=
        (hole 0 {:hash_depth=>0, :method_arg=>true}))
      (send
        (hole 0 {:hash_depth=>0, :limit_depth=>true, :recv=>true}) :id)
      (send
        (hole 0 {:hash_depth=>0, :limit_depth=>true, :recv=>true}) :diaspora_user_id=
        (hole 0 {:hash_depth=>0, :method_arg=>true}))
      (send
        (hole 0 {:hash_depth=>0, :limit_depth=>true, :recv=>true}) :diaspora_user_id)
      (send
        (hole 0 {:hash_depth=>0, :limit_depth=>true, :recv=>true}) :count=
        (hole 0 {:hash_depth=>0, :method_arg=>true}))
      (begin
        (send
          (hole 0 {:hash_depth=>0, :limit_depth=>true, :recv=>true}) :count))
      (begin
        (send
          (hole 0 {:hash_depth=>0, :limit_depth=>true, :recv=>true}) :count))
      (begin
        (send
          (hole 0 {:hash_depth=>0, :limit_depth=>true, :recv=>true}) :count))
      (begin
        (send
          (hole 0 {:hash_depth=>0, :limit_depth=>true, :recv=>true}) :-
          (hole 0 {:hash_depth=>0, :method_arg=>true})))
      (begin
        (send
          (hole 0 {:hash_depth=>0, :limit_depth=>true, :recv=>true}) :count))
      (begin
        (send
          (hole 0 {:hash_depth=>0, :limit_depth=>true, :recv=>true}) :-
          (hole 0 {:hash_depth=>0, :method_arg=>true})))
      (hole 2 {:hash_depth=>0, :method_arg=>true, :variance=>:+}) {:method_arg=>true})))
BASETYPE: Integer
SIZE WORK_LIST: 88
SIZE generated: 9
EVALUABLE#: 0

-------------------------

----------------
TTYPES
Integer

PROGS

LOCAL_COUNT: 57
GLOBAL_COUNT: 211

BASE_AFTER:
(begin
  (send
    (begin
      (send
        (lvar InvitationCode(id: integer, token: string, diaspora_user_id: integer, count: integer)) :count)) :-
    (begin
      (send
        (filled-hole
          (lvar InvitationCode(id: integer, token: string, diaspora_user_id: integer, count: integer)) {:method_arg=>false}) :count))))
BASETYPE: Integer
SIZE WORK_LIST: 96
SIZE generated: 1
EVALUABLE#: 1

-------------------------

----------------
TTYPES
Integer
Integer
Integer
Integer

PROGS

LOCAL_COUNT: 58
GLOBAL_COUNT: 212

BASE_AFTER:
(begin
  (send
    (begin
      (send
        (lvar InvitationCode(id: integer, token: string, diaspora_user_id: integer, count: integer)) :count)) :-
    (send
      (filled-hole
        (lvar :arg0) {:method_arg=>false}) :id=
      (filled-hole
        (int 0)
        (int 1)
        (int 2)
        (hole 1 {:hash_depth=>0, :method_arg=>true, :variance=>:+}) {:method_arg=>true}))))
BASETYPE: Integer
SIZE WORK_LIST: 95
SIZE generated: 4
EVALUABLE#: 3

-------------------------

----------------
TTYPES
Integer

PROGS

LOCAL_COUNT: 59
GLOBAL_COUNT: 213

BASE_AFTER:
(begin
  (send
    (begin
      (send
        (lvar InvitationCode(id: integer, token: string, diaspora_user_id: integer, count: integer)) :count)) :-
    (send
      (filled-hole
        (lvar :arg0) {:method_arg=>false}) :id)))
BASETYPE: Integer
SIZE WORK_LIST: 95
SIZE generated: 1
EVALUABLE#: 1

-------------------------

----------------
TTYPES
Integer
Integer
Integer
Integer

PROGS

LOCAL_COUNT: 60
GLOBAL_COUNT: 214

BASE_AFTER:
(begin
  (send
    (begin
      (send
        (lvar InvitationCode(id: integer, token: string, diaspora_user_id: integer, count: integer)) :count)) :-
    (send
      (filled-hole
        (lvar :arg0) {:method_arg=>false}) :diaspora_user_id=
      (filled-hole
        (int 0)
        (int 1)
        (int 2)
        (hole 1 {:hash_depth=>0, :method_arg=>true, :variance=>:+}) {:method_arg=>true}))))
BASETYPE: Integer
SIZE WORK_LIST: 94
SIZE generated: 4
EVALUABLE#: 3

-------------------------

----------------
TTYPES
Integer

PROGS

LOCAL_COUNT: 61
GLOBAL_COUNT: 215

BASE_AFTER:
(begin
  (send
    (begin
      (send
        (lvar InvitationCode(id: integer, token: string, diaspora_user_id: integer, count: integer)) :count)) :-
    (send
      (filled-hole
        (lvar :arg0) {:method_arg=>false}) :diaspora_user_id)))
BASETYPE: Integer
SIZE WORK_LIST: 94
SIZE generated: 1
EVALUABLE#: 1

-------------------------

----------------
TTYPES
Integer
Integer
Integer
Integer

PROGS

LOCAL_COUNT: 62
GLOBAL_COUNT: 216

BASE_AFTER:
(begin
  (send
    (begin
      (send
        (lvar InvitationCode(id: integer, token: string, diaspora_user_id: integer, count: integer)) :count)) :-
    (send
      (filled-hole
        (lvar :arg0) {:method_arg=>false}) :count=
      (filled-hole
        (int 0)
        (int 1)
        (int 2)
        (hole 1 {:hash_depth=>0, :method_arg=>true, :variance=>:+}) {:method_arg=>true}))))
BASETYPE: Integer
SIZE WORK_LIST: 93
SIZE generated: 4
EVALUABLE#: 3

-------------------------

----------------
TTYPES
Integer

PROGS

LOCAL_COUNT: 63
GLOBAL_COUNT: 217

BASE_AFTER:
(begin
  (send
    (begin
      (send
        (lvar InvitationCode(id: integer, token: string, diaspora_user_id: integer, count: integer)) :count)) :-
    (begin
      (send
        (filled-hole
          (lvar :arg0) {:method_arg=>false}) :count))))
BASETYPE: Integer
SIZE WORK_LIST: 93
SIZE generated: 1
EVALUABLE#: 1

-------------------------

----------------
TTYPES
Integer
Integer
true or false
true or false
true or false
true or false
true or false
true or false
true or false
true or false
true or false
true or false
true or false
true or false
true or false
true or false
true or false
true or false
true or false
true or false
true or false
true or false
true or false
true or false
true or false
true or false
true or false
true or false
true or false
true or false
true or false
true or false
true or false
true or false
true or false
true or false
true or false
true or false
true or false
true or false
true or false
true or false
true or false
true or false
Integer
true or false
true or false
Integer
Integer
true or false
true or false
true or false
true or false
true or false
true or false
true or false
true or false
true or false
true or false
true or false
true or false
true or false
true or false
true or false
true or false
true or false
true or false
true or false
true or false
true or false
true or false
true or false
true or false
true or false
true or false
true or false
true or false
true or false
true or false
true or false
true or false
true or false
true or false
true or false
true or false
true or false
true or false
true or false
true or false
true or false
true or false
Integer
true or false
true or false
true or false
true or false
true or false
true or false
true or false
true or false
true or false
true or false
true or false
true or false
true or false
true or false
true or false
true or false
true or false
true or false
true or false
true or false
true or false
true or false
Integer
true or false
true or false
true or false
true or false
true or false
true or false
true or false
true or false
true or false
true or false
true or false
true or false
true or false
true or false
true or false
true or false
true or false
true or false
true or false
true or false
true or false
Integer
true or false
true or false
true or false
true or false
true or false
true or false
true or false
true or false
true or false
true or false
true or false
true or false
true or false
true or false
true or false
true or false
true or false
true or false
true or false
true or false
true or false
true or false
Integer
true or false
true or false
true or false
true or false
true or false
true or false
true or false
true or false
true or false
true or false
true or false
true or false
true or false
true or false
true or false
true or false
true or false
true or false
true or false
true or false
true or false
Integer
true or false
true or false
Integer
Integer
true or false
true or false
true or false
true or false
true or false
true or false
true or false
true or false
true or false
true or false
true or false
true or false
true or false
true or false
true or false
true or false
true or false
true or false
true or false
true or false
true or false
true or false
true or false
true or false
true or false
true or false
true or false
true or false
true or false
true or false
true or false
true or false
true or false
true or false
true or false
true or false
true or false
true or false
true or false
true or false
true or false
true or false
Integer
true or false
true or false
Integer
Integer
true or false
true or false
true or false
true or false
true or false
true or false
true or false
true or false
true or false
true or false
true or false
true or false
true or false
true or false
true or false
true or false
true or false
true or false
true or false
true or false
true or false
true or false
true or false
true or false
true or false
true or false
true or false
true or false
true or false
true or false
true or false
true or false
true or false
true or false
true or false
true or false
true or false
true or false
true or false
true or false
true or false
true or false
Integer
true or false
true or false
Integer
Integer
true or false
true or false
true or false
true or false
true or false
true or false
true or false
true or false
true or false
true or false
true or false
true or false
true or false
true or false
true or false
true or false
true or false
true or false
true or false
true or false
true or false
true or false
true or false
true or false
true or false
true or false
true or false
true or false
true or false
true or false
true or false
true or false
true or false
true or false
true or false
true or false
true or false
true or false
true or false
true or false
true or false
true or false
Integer
true or false
true or false
Integer
Integer
true or false
true or false
true or false
true or false
true or false
true or false
true or false
true or false
true or false
true or false
true or false
true or false
true or false
true or false
true or false
true or false
true or false
true or false
true or false
true or false
true or false
true or false
true or false
true or false
true or false
true or false
true or false
true or false
true or false
true or false
true or false
true or false
true or false
true or false
true or false
true or false
true or false
true or false
true or false
true or false
true or false
true or false
Integer
true or false
true or false
Integer
true or false
Integer
true or false
true or false
true or false
Integer
true or false
Integer
true or false
true or false
true or false
true or false
true or false
true or false
true or false
true or false
true or false
true or false
true or false
true or false
true or false
true or false
true or false
true or false
true or false
true or false
true or false
true or false
true or false
true or false
true or false
true or false
true or false
true or false
true or false
true or false
true or false
true or false
true or false
Integer
true or false
true or false
true or false
true or false
true or false
true or false
true or false
true or false
true or false
true or false
true or false
true or false
true or false
true or false
true or false
true or false
true or false
true or false
true or false
true or false
true or false
Integer
true or false
true or false
Integer
true or false
Integer
true or false
true or false
true or false
Integer
true or false
Integer
true or false
true or false
true or false
true or false
true or false
true or false
true or false
true or false
true or false
true or false
true or false
true or false
true or false
true or false
true or false
true or false
true or false
true or false
true or false
true or false
true or false
true or false
true or false
true or false
true or false
true or false
true or false
true or false
true or false
true or false
true or false
Integer
true or false
true or false
true or false
true or false
true or false
true or false
true or false
true or false
true or false
true or false
true or false
true or false
true or false
true or false
true or false
true or false
true or false
true or false
true or false
true or false
true or false
Integer
true or false
true or false
Integer
true or false
Integer
true or false
true or false
true or false
true or false
true or false
true or false
true or false
true or false
true or false
Integer
true or false
Integer
true or false
true or false
true or false
true or false
true or false
true or false
true or false
true or false
true or false
true or false
true or false
true or false
true or false
true or false
true or false
true or false
true or false
true or false
true or false
Integer
true or false
Integer
true or false
Integer
true or false
Integer
true or false
true or false
true or false
true or false
true or false
true or false
true or false
true or false
true or false
Integer
true or false
Integer
true or false
true or false
true or false
true or false
true or false
true or false
true or false
Integer
true or false
Integer
true or false
Integer
true or false
Integer
true or false
Integer
true or false
Integer
true or false
Integer
true or false
Integer
true or false
Integer
true or false
Integer
true or false
Integer
true or false
Integer
true or false
Integer
true or false
Integer
true or false
Integer
true or false
Integer
true or false
true or false
true or false
true or false
true or false
true or false
true or false
true or false
true or false
true or false
true or false
true or false
true or false
Integer
true or false
Integer
true or false
Integer
true or false
Integer
true or false
Integer
true or false
Integer
true or false
true or false
true or false
true or false
true or false
true or false
true or false
true or false
true or false
true or false
true or false
true or false
true or false
Integer
true or false
Integer
true or false
true or false
true or false
Integer
true or false
Integer
true or false
Integer
true or false
Integer
true or false
true or false
true or false
true or false
true or false
true or false
true or false
true or false
true or false
true or false
true or false
true or false
true or false
true or false
true or false
true or false
true or false
true or false
true or false
Integer
true or false
Integer
true or false
Integer
true or false
Integer
true or false
true or false
true or false
true or false
true or false
true or false
true or false
true or false
true or false
Integer
true or false
Integer
true or false
Integer
true or false
Integer
true or false
true or false
true or false
Integer
true or false
Integer
true or false
Integer
true or false
Integer
true or false
true or false
true or false
Integer
true or false
Integer
true or false
Integer
true or false
Integer
true or false
true or false
true or false
true or false
true or false
true or false
true or false
true or false
true or false
true or false
true or false
true or false
true or false
true or false
true or false
true or false
true or false
Integer
true or false
Integer
true or false
true or false
true or false
Integer
true or false
Integer
true or false
true or false
true or false
true or false
true or false
true or false
true or false
true or false
true or false
true or false
true or false
true or false
true or false
true or false
true or false
true or false
true or false
true or false
true or false
true or false
true or false
true or false
true or false
true or false
true or false
true or false
true or false
true or false
true or false
true or false
true or false
true or false
true or false
true or false
true or false
true or false
true or false
true or false
true or false
true or false
true or false
true or false
true or false
Integer
Integer
true or false
true or false
true or false
true or false
true or false
true or false
true or false
true or false
true or false
true or false
true or false
true or false
true or false
true or false
true or false
true or false
true or false
true or false
true or false
true or false
true or false
true or false
true or false
true or false
true or false
true or false
true or false
true or false
true or false
true or false
true or false
true or false
true or false
true or false
true or false
true or false
true or false
true or false
true or false
true or false
true or false
true or false
true or false
true or false
true or false
Integer
true or false
true or false
true or false
true or false
true or false
true or false
true or false
true or false
true or false
true or false
true or false
true or false
true or false
true or false
true or false
true or false
true or false
true or false
true or false
true or false
true or false
Integer
true or false
true or false
Integer
true or false
Integer
true or false
true or false
true or false
true or false
true or false
true or false
true or false
true or false
true or false
Integer
true or false
Integer
true or false
true or false
true or false
true or false
true or false
true or false
true or false
true or false
true or false
true or false
true or false
true or false
true or false
true or false
true or false
true or false
true or false
true or false
true or false
Integer
true or false
Integer
true or false
Integer
true or false
Integer
true or false
true or false
true or false
true or false
true or false
true or false
true or false
true or false
true or false
Integer
true or false
Integer
true or false
true or false
true or false
true or false
true or false
true or false
true or false
Integer
true or false
Integer
true or false
Integer
true or false
Integer
true or false
Integer
true or false
Integer
true or false
Integer
true or false
Integer
true or false
Integer
true or false
Integer
true or false
Integer
true or false
Integer
true or false
Integer
true or false
Integer
true or false
Integer
true or false
Integer
true or false
true or false
true or false
true or false
true or false
true or false
true or false
true or false
true or false
true or false
true or false
true or false
true or false
Integer
true or false
Integer
true or false
Integer
true or false
Integer
true or false
Integer
true or false
Integer
true or false
true or false
true or false
true or false
true or false
true or false
true or false
true or false
true or false
true or false
true or false
true or false
true or false
Integer
true or false
Integer
true or false
true or false
true or false
Integer
true or false
Integer
true or false
Integer
true or false
Integer
true or false
true or false
true or false
true or false
true or false
true or false
true or false
true or false
true or false
true or false
true or false
true or false
true or false
true or false
true or false
true or false
true or false
true or false
true or false
Integer
true or false
Integer
true or false
Integer
true or false
Integer
true or false
true or false
true or false
true or false
true or false
true or false
true or false
true or false
true or false
Integer
true or false
Integer
true or false
Integer
true or false
Integer
true or false
true or false
true or false
Integer
true or false
Integer
true or false
Integer
true or false
Integer
true or false
true or false
true or false
Integer
true or false
Integer
true or false
Integer
true or false
Integer
true or false
true or false
true or false
true or false
true or false
true or false
true or false
true or false
true or false
true or false
true or false
true or false
true or false
true or false
true or false
true or false
true or false
Integer
true or false
Integer
true or false
true or false
true or false
Integer
true or false
Integer
true or false
true or false
true or false
true or false
true or false
true or false
true or false
true or false
true or false
true or false
true or false
true or false
true or false
true or false
true or false
true or false
true or false
true or false
true or false
true or false
true or false
true or false
true or false
true or false
true or false
true or false
true or false
true or false
true or false
true or false
true or false
true or false
true or false
true or false
true or false
true or false
true or false
true or false
true or false
true or false
true or false
true or false
true or false
Integer
Integer
true or false
true or false
true or false
true or false
true or false
true or false
true or false
true or false
true or false
true or false
true or false
true or false
true or false
true or false
true or false
true or false
true or false
true or false
true or false
true or false
true or false
true or false
true or false
true or false
true or false

PROGS

LOCAL_COUNT: 64
GLOBAL_COUNT: 218

BASE_AFTER:
(filled-hole
  (begin
    (send
      (begin
        (send
          (send
            (hole 0 {:hash_depth=>0, :limit_depth=>true, :recv=>true}) :id=
            (hole 0 {:hash_depth=>0, :method_arg=>true})) :-
          (hole 0 {:hash_depth=>0, :method_arg=>true}))) :-
      (hole 0 {:hash_depth=>0, :method_arg=>true})))
  (begin
    (send
      (begin
        (send
          (send
            (hole 0 {:hash_depth=>0, :limit_depth=>true, :recv=>true}) :id=
            (hole 0 {:hash_depth=>0, :method_arg=>true})) :-
          (hole 0 {:hash_depth=>0, :method_arg=>true}))) :-
      (hole 0 {:hash_depth=>0, :method_arg=>true})))
  (begin
    (send
      (begin
        (send
          (send
            (hole 0 {:hash_depth=>0, :limit_depth=>true, :recv=>true}) :id=
            (hole 0 {:hash_depth=>0, :method_arg=>true})) :-
          (hole 0 {:hash_depth=>0, :method_arg=>true}))) :-
      (hole 0 {:hash_depth=>0, :method_arg=>true})))
  (begin
    (send
      (begin
        (send
          (send
            (hole 0 {:hash_depth=>0, :limit_depth=>true, :recv=>true}) :id=
            (hole 0 {:hash_depth=>0, :method_arg=>true})) :-
          (hole 0 {:hash_depth=>0, :method_arg=>true}))) :-
      (hole 0 {:hash_depth=>0, :method_arg=>true})))
  (begin
    (send
      (begin
        (send
          (send
            (hole 0 {:hash_depth=>0, :limit_depth=>true, :recv=>true}) :id=
            (hole 0 {:hash_depth=>0, :method_arg=>true})) :-
          (hole 0 {:hash_depth=>0, :method_arg=>true}))) :-
      (hole 0 {:hash_depth=>0, :method_arg=>true})))
  (begin
    (send
      (begin
        (send
          (send
            (hole 0 {:hash_depth=>0, :limit_depth=>true, :recv=>true}) :id=
            (hole 0 {:hash_depth=>0, :method_arg=>true})) :-
          (hole 0 {:hash_depth=>0, :method_arg=>true}))) :-
      (hole 0 {:hash_depth=>0, :method_arg=>true})))
  (begin
    (send
      (begin
        (send
          (send
            (hole 0 {:hash_depth=>0, :limit_depth=>true, :recv=>true}) :id=
            (hole 0 {:hash_depth=>0, :method_arg=>true})) :-
          (hole 0 {:hash_depth=>0, :method_arg=>true}))) :-
      (hole 0 {:hash_depth=>0, :method_arg=>true})))
  (begin
    (send
      (begin
        (send
          (send
            (hole 0 {:hash_depth=>0, :limit_depth=>true, :recv=>true}) :id=
            (hole 0 {:hash_depth=>0, :method_arg=>true})) :-
          (hole 0 {:hash_depth=>0, :method_arg=>true}))) :-
      (hole 0 {:hash_depth=>0, :method_arg=>true})))
  (begin
    (send
      (begin
        (send
          (send
            (hole 0 {:hash_depth=>0, :limit_depth=>true, :recv=>true}) :id=
            (hole 0 {:hash_depth=>0, :method_arg=>true})) :-
          (hole 0 {:hash_depth=>0, :method_arg=>true}))) :-
      (hole 0 {:hash_depth=>0, :method_arg=>true})))
  (begin
    (send
      (begin
        (send
          (send
            (hole 0 {:hash_depth=>0, :limit_depth=>true, :recv=>true}) :id=
            (hole 0 {:hash_depth=>0, :method_arg=>true})) :-
          (hole 0 {:hash_depth=>0, :method_arg=>true}))) :count))
  (begin
    (send
      (begin
        (send
          (send
            (hole 0 {:hash_depth=>0, :limit_depth=>true, :recv=>true}) :id=
            (hole 0 {:hash_depth=>0, :method_arg=>true})) :-
          (hole 0 {:hash_depth=>0, :method_arg=>true}))) :count))
  (begin
    (send
      (begin
        (send
          (send
            (hole 0 {:hash_depth=>0, :limit_depth=>true, :recv=>true}) :id=
            (hole 0 {:hash_depth=>0, :method_arg=>true})) :-
          (hole 0 {:hash_depth=>0, :method_arg=>true}))) :count))
  (begin
    (send
      (begin
        (send
          (send
            (hole 0 {:hash_depth=>0, :limit_depth=>true, :recv=>true}) :id=
            (hole 0 {:hash_depth=>0, :method_arg=>true})) :-
          (hole 0 {:hash_depth=>0, :method_arg=>true}))) :save))
  (begin
    (send
      (begin
        (send
          (send
            (hole 0 {:hash_depth=>0, :limit_depth=>true, :recv=>true}) :id=
            (hole 0 {:hash_depth=>0, :method_arg=>true})) :-
          (hole 0 {:hash_depth=>0, :method_arg=>true}))) :save))
  (begin
    (send
      (begin
        (send
          (send
            (hole 0 {:hash_depth=>0, :limit_depth=>true, :recv=>true}) :id=
            (hole 0 {:hash_depth=>0, :method_arg=>true})) :-
          (hole 0 {:hash_depth=>0, :method_arg=>true}))) :save))
  (send
    (begin
      (send
        (send
          (hole 0 {:hash_depth=>0, :limit_depth=>true, :recv=>true}) :id=
          (hole 0 {:hash_depth=>0, :method_arg=>true})) :-
        (hole 0 {:hash_depth=>0, :method_arg=>true}))) :confirmed=
    (hole 0 {:hash_depth=>0, :method_arg=>true}))
  (send
    (begin
      (send
        (send
          (hole 0 {:hash_depth=>0, :limit_depth=>true, :recv=>true}) :id=
          (hole 0 {:hash_depth=>0, :method_arg=>true})) :-
        (hole 0 {:hash_depth=>0, :method_arg=>true}))) :confirmed=
    (hole 0 {:hash_depth=>0, :method_arg=>true}))
  (send
    (begin
      (send
        (send
          (hole 0 {:hash_depth=>0, :limit_depth=>true, :recv=>true}) :id=
          (hole 0 {:hash_depth=>0, :method_arg=>true})) :-
        (hole 0 {:hash_depth=>0, :method_arg=>true}))) :confirmed=
    (hole 0 {:hash_depth=>0, :method_arg=>true}))
  (send
    (begin
      (send
        (send
          (hole 0 {:hash_depth=>0, :limit_depth=>true, :recv=>true}) :id=
          (hole 0 {:hash_depth=>0, :method_arg=>true})) :-
        (hole 0 {:hash_depth=>0, :method_arg=>true}))) :confirmed)
  (send
    (begin
      (send
        (send
          (hole 0 {:hash_depth=>0, :limit_depth=>true, :recv=>true}) :id=
          (hole 0 {:hash_depth=>0, :method_arg=>true})) :-
        (hole 0 {:hash_depth=>0, :method_arg=>true}))) :confirmed)
  (send
    (begin
      (send
        (send
          (hole 0 {:hash_depth=>0, :limit_depth=>true, :recv=>true}) :id=
          (hole 0 {:hash_depth=>0, :method_arg=>true})) :-
        (hole 0 {:hash_depth=>0, :method_arg=>true}))) :confirmed)
  (send
    (begin
      (send
        (send
          (hole 0 {:hash_depth=>0, :limit_depth=>true, :recv=>true}) :id=
          (hole 0 {:hash_depth=>0, :method_arg=>true})) :-
        (hole 0 {:hash_depth=>0, :method_arg=>true}))) :expired=
    (hole 0 {:hash_depth=>0, :method_arg=>true}))
  (send
    (begin
      (send
        (send
          (hole 0 {:hash_depth=>0, :limit_depth=>true, :recv=>true}) :id=
          (hole 0 {:hash_depth=>0, :method_arg=>true})) :-
        (hole 0 {:hash_depth=>0, :method_arg=>true}))) :expired=
    (hole 0 {:hash_depth=>0, :method_arg=>true}))
  (send
    (begin
      (send
        (send
          (hole 0 {:hash_depth=>0, :limit_depth=>true, :recv=>true}) :id=
          (hole 0 {:hash_depth=>0, :method_arg=>true})) :-
        (hole 0 {:hash_depth=>0, :method_arg=>true}))) :expired=
    (hole 0 {:hash_depth=>0, :method_arg=>true}))
  (send
    (begin
      (send
        (send
          (hole 0 {:hash_depth=>0, :limit_depth=>true, :recv=>true}) :id=
          (hole 0 {:hash_depth=>0, :method_arg=>true})) :-
        (hole 0 {:hash_depth=>0, :method_arg=>true}))) :expired)
  (send
    (begin
      (send
        (send
          (hole 0 {:hash_depth=>0, :limit_depth=>true, :recv=>true}) :id=
          (hole 0 {:hash_depth=>0, :method_arg=>true})) :-
        (hole 0 {:hash_depth=>0, :method_arg=>true}))) :expired)
  (send
    (begin
      (send
        (send
          (hole 0 {:hash_depth=>0, :limit_depth=>true, :recv=>true}) :id=
          (hole 0 {:hash_depth=>0, :method_arg=>true})) :-
        (hole 0 {:hash_depth=>0, :method_arg=>true}))) :expired)
  (send
    (begin
      (send
        (send
          (hole 0 {:hash_depth=>0, :limit_depth=>true, :recv=>true}) :id=
          (hole 0 {:hash_depth=>0, :method_arg=>true})) :-
        (hole 0 {:hash_depth=>0, :method_arg=>true}))) :discoverable=
    (hole 0 {:hash_depth=>0, :method_arg=>true}))
  (send
    (begin
      (send
        (send
          (hole 0 {:hash_depth=>0, :limit_depth=>true, :recv=>true}) :id=
          (hole 0 {:hash_depth=>0, :method_arg=>true})) :-
        (hole 0 {:hash_depth=>0, :method_arg=>true}))) :discoverable=
    (hole 0 {:hash_depth=>0, :method_arg=>true}))
  (send
    (begin
      (send
        (send
          (hole 0 {:hash_depth=>0, :limit_depth=>true, :recv=>true}) :id=
          (hole 0 {:hash_depth=>0, :method_arg=>true})) :-
        (hole 0 {:hash_depth=>0, :method_arg=>true}))) :discoverable=
    (hole 0 {:hash_depth=>0, :method_arg=>true}))
  (send
    (begin
      (send
        (send
          (hole 0 {:hash_depth=>0, :limit_depth=>true, :recv=>true}) :id=
          (hole 0 {:hash_depth=>0, :method_arg=>true})) :-
        (hole 0 {:hash_depth=>0, :method_arg=>true}))) :discoverable)
  (send
    (begin
      (send
        (send
          (hole 0 {:hash_depth=>0, :limit_depth=>true, :recv=>true}) :id=
          (hole 0 {:hash_depth=>0, :method_arg=>true})) :-
        (hole 0 {:hash_depth=>0, :method_arg=>true}))) :discoverable)
  (send
    (begin
      (send
        (send
          (hole 0 {:hash_depth=>0, :limit_depth=>true, :recv=>true}) :id=
          (hole 0 {:hash_depth=>0, :method_arg=>true})) :-
        (hole 0 {:hash_depth=>0, :method_arg=>true}))) :discoverable)
  (send
    (begin
      (send
        (send
          (hole 0 {:hash_depth=>0, :limit_depth=>true, :recv=>true}) :id=
          (hole 0 {:hash_depth=>0, :method_arg=>true})) :-
        (hole 0 {:hash_depth=>0, :method_arg=>true}))) :scheduled_check=
    (hole 0 {:hash_depth=>0, :method_arg=>true}))
  (send
    (begin
      (send
        (send
          (hole 0 {:hash_depth=>0, :limit_depth=>true, :recv=>true}) :id=
          (hole 0 {:hash_depth=>0, :method_arg=>true})) :-
        (hole 0 {:hash_depth=>0, :method_arg=>true}))) :scheduled_check=
    (hole 0 {:hash_depth=>0, :method_arg=>true}))
  (send
    (begin
      (send
        (send
          (hole 0 {:hash_depth=>0, :limit_depth=>true, :recv=>true}) :id=
          (hole 0 {:hash_depth=>0, :method_arg=>true})) :-
        (hole 0 {:hash_depth=>0, :method_arg=>true}))) :scheduled_check=
    (hole 0 {:hash_depth=>0, :method_arg=>true}))
  (send
    (begin
      (send
        (send
          (hole 0 {:hash_depth=>0, :limit_depth=>true, :recv=>true}) :id=
          (hole 0 {:hash_depth=>0, :method_arg=>true})) :-
        (hole 0 {:hash_depth=>0, :method_arg=>true}))) :scheduled_check)
  (send
    (begin
      (send
        (send
          (hole 0 {:hash_depth=>0, :limit_depth=>true, :recv=>true}) :id=
          (hole 0 {:hash_depth=>0, :method_arg=>true})) :-
        (hole 0 {:hash_depth=>0, :method_arg=>true}))) :scheduled_check)
  (send
    (begin
      (send
        (send
          (hole 0 {:hash_depth=>0, :limit_depth=>true, :recv=>true}) :id=
          (hole 0 {:hash_depth=>0, :method_arg=>true})) :-
        (hole 0 {:hash_depth=>0, :method_arg=>true}))) :scheduled_check)
  (send
    (begin
      (send
        (send
          (hole 0 {:hash_depth=>0, :limit_depth=>true, :recv=>true}) :id=
          (hole 0 {:hash_depth=>0, :method_arg=>true})) :-
        (hole 0 {:hash_depth=>0, :method_arg=>true}))) :otp_required_for_login=
    (hole 0 {:hash_depth=>0, :method_arg=>true}))
  (send
    (begin
      (send
        (send
          (hole 0 {:hash_depth=>0, :limit_depth=>true, :recv=>true}) :id=
          (hole 0 {:hash_depth=>0, :method_arg=>true})) :-
        (hole 0 {:hash_depth=>0, :method_arg=>true}))) :otp_required_for_login=
    (hole 0 {:hash_depth=>0, :method_arg=>true}))
  (send
    (begin
      (send
        (send
          (hole 0 {:hash_depth=>0, :limit_depth=>true, :recv=>true}) :id=
          (hole 0 {:hash_depth=>0, :method_arg=>true})) :-
        (hole 0 {:hash_depth=>0, :method_arg=>true}))) :otp_required_for_login=
    (hole 0 {:hash_depth=>0, :method_arg=>true}))
  (send
    (begin
      (send
        (send
          (hole 0 {:hash_depth=>0, :limit_depth=>true, :recv=>true}) :id=
          (hole 0 {:hash_depth=>0, :method_arg=>true})) :-
        (hole 0 {:hash_depth=>0, :method_arg=>true}))) :otp_required_for_login)
  (send
    (begin
      (send
        (send
          (hole 0 {:hash_depth=>0, :limit_depth=>true, :recv=>true}) :id=
          (hole 0 {:hash_depth=>0, :method_arg=>true})) :-
        (hole 0 {:hash_depth=>0, :method_arg=>true}))) :otp_required_for_login)
  (send
    (begin
      (send
        (send
          (hole 0 {:hash_depth=>0, :limit_depth=>true, :recv=>true}) :id=
          (hole 0 {:hash_depth=>0, :method_arg=>true})) :-
        (hole 0 {:hash_depth=>0, :method_arg=>true}))) :otp_required_for_login)
  (send
    (begin
      (send
        (send
          (hole 0 {:hash_depth=>0, :limit_depth=>true, :recv=>true}) :id=
          (hole 0 {:hash_depth=>0, :method_arg=>true})) :-
        (hole 0 {:hash_depth=>0, :method_arg=>true}))) :admin=
    (hole 0 {:hash_depth=>0, :method_arg=>true}))
  (send
    (begin
      (send
        (send
          (hole 0 {:hash_depth=>0, :limit_depth=>true, :recv=>true}) :id=
          (hole 0 {:hash_depth=>0, :method_arg=>true})) :-
        (hole 0 {:hash_depth=>0, :method_arg=>true}))) :admin=
    (hole 0 {:hash_depth=>0, :method_arg=>true}))
  (send
    (begin
      (send
        (send
          (hole 0 {:hash_depth=>0, :limit_depth=>true, :recv=>true}) :id=
          (hole 0 {:hash_depth=>0, :method_arg=>true})) :-
        (hole 0 {:hash_depth=>0, :method_arg=>true}))) :admin=
    (hole 0 {:hash_depth=>0, :method_arg=>true}))
  (send
    (begin
      (send
        (send
          (hole 0 {:hash_depth=>0, :limit_depth=>true, :recv=>true}) :id=
          (hole 0 {:hash_depth=>0, :method_arg=>true})) :-
        (hole 0 {:hash_depth=>0, :method_arg=>true}))) :admin)
  (send
    (begin
      (send
        (send
          (hole 0 {:hash_depth=>0, :limit_depth=>true, :recv=>true}) :id=
          (hole 0 {:hash_depth=>0, :method_arg=>true})) :-
        (hole 0 {:hash_depth=>0, :method_arg=>true}))) :admin)
  (send
    (begin
      (send
        (send
          (hole 0 {:hash_depth=>0, :limit_depth=>true, :recv=>true}) :id=
          (hole 0 {:hash_depth=>0, :method_arg=>true})) :-
        (hole 0 {:hash_depth=>0, :method_arg=>true}))) :admin)
  (send
    (begin
      (send
        (send
          (hole 0 {:hash_depth=>0, :limit_depth=>true, :recv=>true}) :id=
          (hole 0 {:hash_depth=>0, :method_arg=>true})) :-
        (hole 0 {:hash_depth=>0, :method_arg=>true}))) :staged=
    (hole 0 {:hash_depth=>0, :method_arg=>true}))
  (send
    (begin
      (send
        (send
          (hole 0 {:hash_depth=>0, :limit_depth=>true, :recv=>true}) :id=
          (hole 0 {:hash_depth=>0, :method_arg=>true})) :-
        (hole 0 {:hash_depth=>0, :method_arg=>true}))) :staged=
    (hole 0 {:hash_depth=>0, :method_arg=>true}))
  (send
    (begin
      (send
        (send
          (hole 0 {:hash_depth=>0, :limit_depth=>true, :recv=>true}) :id=
          (hole 0 {:hash_depth=>0, :method_arg=>true})) :-
        (hole 0 {:hash_depth=>0, :method_arg=>true}))) :staged=
    (hole 0 {:hash_depth=>0, :method_arg=>true}))
  (send
    (begin
      (send
        (send
          (hole 0 {:hash_depth=>0, :limit_depth=>true, :recv=>true}) :id=
          (hole 0 {:hash_depth=>0, :method_arg=>true})) :-
        (hole 0 {:hash_depth=>0, :method_arg=>true}))) :staged)
  (send
    (begin
      (send
        (send
          (hole 0 {:hash_depth=>0, :limit_depth=>true, :recv=>true}) :id=
          (hole 0 {:hash_depth=>0, :method_arg=>true})) :-
        (hole 0 {:hash_depth=>0, :method_arg=>true}))) :staged)
  (send
    (begin
      (send
        (send
          (hole 0 {:hash_depth=>0, :limit_depth=>true, :recv=>true}) :id=
          (hole 0 {:hash_depth=>0, :method_arg=>true})) :-
        (hole 0 {:hash_depth=>0, :method_arg=>true}))) :staged)
  (send
    (begin
      (send
        (send
          (hole 0 {:hash_depth=>0, :limit_depth=>true, :recv=>true}) :id=
          (hole 0 {:hash_depth=>0, :method_arg=>true})) :-
        (hole 0 {:hash_depth=>0, :method_arg=>true}))) :active=
    (hole 0 {:hash_depth=>0, :method_arg=>true}))
  (send
    (begin
      (send
        (send
          (hole 0 {:hash_depth=>0, :limit_depth=>true, :recv=>true}) :id=
          (hole 0 {:hash_depth=>0, :method_arg=>true})) :-
        (hole 0 {:hash_depth=>0, :method_arg=>true}))) :active=
    (hole 0 {:hash_depth=>0, :method_arg=>true}))
  (send
    (begin
      (send
        (send
          (hole 0 {:hash_depth=>0, :limit_depth=>true, :recv=>true}) :id=
          (hole 0 {:hash_depth=>0, :method_arg=>true})) :-
        (hole 0 {:hash_depth=>0, :method_arg=>true}))) :active=
    (hole 0 {:hash_depth=>0, :method_arg=>true}))
  (send
    (begin
      (send
        (send
          (hole 0 {:hash_depth=>0, :limit_depth=>true, :recv=>true}) :id=
          (hole 0 {:hash_depth=>0, :method_arg=>true})) :-
        (hole 0 {:hash_depth=>0, :method_arg=>true}))) :active)
  (send
    (begin
      (send
        (send
          (hole 0 {:hash_depth=>0, :limit_depth=>true, :recv=>true}) :id=
          (hole 0 {:hash_depth=>0, :method_arg=>true})) :-
        (hole 0 {:hash_depth=>0, :method_arg=>true}))) :active)
  (send
    (begin
      (send
        (send
          (hole 0 {:hash_depth=>0, :limit_depth=>true, :recv=>true}) :id=
          (hole 0 {:hash_depth=>0, :method_arg=>true})) :-
        (hole 0 {:hash_depth=>0, :method_arg=>true}))) :active)
  (send
    (begin
      (send
        (send
          (hole 0 {:hash_depth=>0, :limit_depth=>true, :recv=>true}) :id=
          (hole 0 {:hash_depth=>0, :method_arg=>true})) :-
        (hole 0 {:hash_depth=>0, :method_arg=>true}))) :primary=
    (hole 0 {:hash_depth=>0, :method_arg=>true}))
  (send
    (begin
      (send
        (send
          (hole 0 {:hash_depth=>0, :limit_depth=>true, :recv=>true}) :id=
          (hole 0 {:hash_depth=>0, :method_arg=>true})) :-
        (hole 0 {:hash_depth=>0, :method_arg=>true}))) :primary=
    (hole 0 {:hash_depth=>0, :method_arg=>true}))
  (send
    (begin
      (send
        (send
          (hole 0 {:hash_depth=>0, :limit_depth=>true, :recv=>true}) :id=
          (hole 0 {:hash_depth=>0, :method_arg=>true})) :-
        (hole 0 {:hash_depth=>0, :method_arg=>true}))) :primary=
    (hole 0 {:hash_depth=>0, :method_arg=>true}))
  (send
    (begin
      (send
        (send
          (hole 0 {:hash_depth=>0, :limit_depth=>true, :recv=>true}) :id=
          (hole 0 {:hash_depth=>0, :method_arg=>true})) :-
        (hole 0 {:hash_depth=>0, :method_arg=>true}))) :primary)
  (send
    (begin
      (send
        (send
          (hole 0 {:hash_depth=>0, :limit_depth=>true, :recv=>true}) :id=
          (hole 0 {:hash_depth=>0, :method_arg=>true})) :-
        (hole 0 {:hash_depth=>0, :method_arg=>true}))) :primary)
  (send
    (begin
      (send
        (send
          (hole 0 {:hash_depth=>0, :limit_depth=>true, :recv=>true}) :id=
          (hole 0 {:hash_depth=>0, :method_arg=>true})) :-
        (hole 0 {:hash_depth=>0, :method_arg=>true}))) :primary)
  (send
    (begin
      (send
        (send
          (hole 0 {:hash_depth=>0, :limit_depth=>true, :recv=>true}) :id=
          (hole 0 {:hash_depth=>0, :method_arg=>true})) :-
        (hole 0 {:hash_depth=>0, :method_arg=>true}))) :moderator=
    (hole 0 {:hash_depth=>0, :method_arg=>true}))
  (send
    (begin
      (send
        (send
          (hole 0 {:hash_depth=>0, :limit_depth=>true, :recv=>true}) :id=
          (hole 0 {:hash_depth=>0, :method_arg=>true})) :-
        (hole 0 {:hash_depth=>0, :method_arg=>true}))) :moderator=
    (hole 0 {:hash_depth=>0, :method_arg=>true}))
  (send
    (begin
      (send
        (send
          (hole 0 {:hash_depth=>0, :limit_depth=>true, :recv=>true}) :id=
          (hole 0 {:hash_depth=>0, :method_arg=>true})) :-
        (hole 0 {:hash_depth=>0, :method_arg=>true}))) :moderator=
    (hole 0 {:hash_depth=>0, :method_arg=>true}))
  (send
    (begin
      (send
        (send
          (hole 0 {:hash_depth=>0, :limit_depth=>true, :recv=>true}) :id=
          (hole 0 {:hash_depth=>0, :method_arg=>true})) :-
        (hole 0 {:hash_depth=>0, :method_arg=>true}))) :moderator)
  (send
    (begin
      (send
        (send
          (hole 0 {:hash_depth=>0, :limit_depth=>true, :recv=>true}) :id=
          (hole 0 {:hash_depth=>0, :method_arg=>true})) :-
        (hole 0 {:hash_depth=>0, :method_arg=>true}))) :moderator)
  (send
    (begin
      (send
        (send
          (hole 0 {:hash_depth=>0, :limit_depth=>true, :recv=>true}) :id=
          (hole 0 {:hash_depth=>0, :method_arg=>true})) :-
        (hole 0 {:hash_depth=>0, :method_arg=>true}))) :moderator)
  (begin
    (send
      (begin
        (send
          (send
            (hole 0 {:hash_depth=>0, :limit_depth=>true, :recv=>true}) :id=
            (hole 0 {:hash_depth=>0, :method_arg=>true})) :-
          (hole 0 {:hash_depth=>0, :method_arg=>true}))) :-
      (hole 0 {:hash_depth=>0, :method_arg=>true})))
  (begin
    (send
      (begin
        (send
          (send
            (hole 0 {:hash_depth=>0, :limit_depth=>true, :recv=>true}) :id=
            (hole 0 {:hash_depth=>0, :method_arg=>true})) :-
          (hole 0 {:hash_depth=>0, :method_arg=>true}))) :-
      (hole 0 {:hash_depth=>0, :method_arg=>true})))
  (begin
    (send
      (begin
        (send
          (send
            (hole 0 {:hash_depth=>0, :limit_depth=>true, :recv=>true}) :id=
            (hole 0 {:hash_depth=>0, :method_arg=>true})) :-
          (hole 0 {:hash_depth=>0, :method_arg=>true}))) :-
      (hole 0 {:hash_depth=>0, :method_arg=>true})))
  (begin
    (send
      (begin
        (send
          (send
            (hole 0 {:hash_depth=>0, :limit_depth=>true, :recv=>true}) :id=
            (hole 0 {:hash_depth=>0, :method_arg=>true})) :-
          (hole 0 {:hash_depth=>0, :method_arg=>true}))) :-
      (hole 0 {:hash_depth=>0, :method_arg=>true})))
  (begin
    (send
      (begin
        (send
          (send
            (hole 0 {:hash_depth=>0, :limit_depth=>true, :recv=>true}) :id=
            (hole 0 {:hash_depth=>0, :method_arg=>true})) :-
          (hole 0 {:hash_depth=>0, :method_arg=>true}))) :-
      (hole 0 {:hash_depth=>0, :method_arg=>true})))
  (begin
    (send
      (begin
        (send
          (send
            (hole 0 {:hash_depth=>0, :limit_depth=>true, :recv=>true}) :id=
            (hole 0 {:hash_depth=>0, :method_arg=>true})) :-
          (hole 0 {:hash_depth=>0, :method_arg=>true}))) :-
      (hole 0 {:hash_depth=>0, :method_arg=>true})))
  (begin
    (send
      (begin
        (send
          (send
            (hole 0 {:hash_depth=>0, :limit_depth=>true, :recv=>true}) :id=
            (hole 0 {:hash_depth=>0, :method_arg=>true})) :-
          (hole 0 {:hash_depth=>0, :method_arg=>true}))) :-
      (hole 0 {:hash_depth=>0, :method_arg=>true})))
  (begin
    (send
      (begin
        (send
          (send
            (hole 0 {:hash_depth=>0, :limit_depth=>true, :recv=>true}) :id=
            (hole 0 {:hash_depth=>0, :method_arg=>true})) :-
          (hole 0 {:hash_depth=>0, :method_arg=>true}))) :-
      (hole 0 {:hash_depth=>0, :method_arg=>true})))
  (begin
    (send
      (begin
        (send
          (send
            (hole 0 {:hash_depth=>0, :limit_depth=>true, :recv=>true}) :id=
            (hole 0 {:hash_depth=>0, :method_arg=>true})) :-
          (hole 0 {:hash_depth=>0, :method_arg=>true}))) :-
      (hole 0 {:hash_depth=>0, :method_arg=>true})))
  (begin
    (send
      (begin
        (send
          (send
            (hole 0 {:hash_depth=>0, :limit_depth=>true, :recv=>true}) :id=
            (hole 0 {:hash_depth=>0, :method_arg=>true})) :-
          (hole 0 {:hash_depth=>0, :method_arg=>true}))) :save))
  (begin
    (send
      (begin
        (send
          (send
            (hole 0 {:hash_depth=>0, :limit_depth=>true, :recv=>true}) :id=
            (hole 0 {:hash_depth=>0, :method_arg=>true})) :-
          (hole 0 {:hash_depth=>0, :method_arg=>true}))) :save))
  (begin
    (send
      (begin
        (send
          (send
            (hole 0 {:hash_depth=>0, :limit_depth=>true, :recv=>true}) :id=
            (hole 0 {:hash_depth=>0, :method_arg=>true})) :-
          (hole 0 {:hash_depth=>0, :method_arg=>true}))) :save))
  (send
    (begin
      (send
        (send
          (hole 0 {:hash_depth=>0, :limit_depth=>true, :recv=>true}) :id=
          (hole 0 {:hash_depth=>0, :method_arg=>true})) :count)) :confirmed=
    (hole 0 {:hash_depth=>0, :method_arg=>true}))
  (send
    (begin
      (send
        (send
          (hole 0 {:hash_depth=>0, :limit_depth=>true, :recv=>true}) :id=
          (hole 0 {:hash_depth=>0, :method_arg=>true})) :count)) :confirmed)
  (send
    (begin
      (send
        (send
          (hole 0 {:hash_depth=>0, :limit_depth=>true, :recv=>true}) :id=
          (hole 0 {:hash_depth=>0, :method_arg=>true})) :count)) :expired=
    (hole 0 {:hash_depth=>0, :method_arg=>true}))
  (send
    (begin
      (send
        (send
          (hole 0 {:hash_depth=>0, :limit_depth=>true, :recv=>true}) :id=
          (hole 0 {:hash_depth=>0, :method_arg=>true})) :count)) :expired)
  (send
    (begin
      (send
        (send
          (hole 0 {:hash_depth=>0, :limit_depth=>true, :recv=>true}) :id=
          (hole 0 {:hash_depth=>0, :method_arg=>true})) :count)) :discoverable=
    (hole 0 {:hash_depth=>0, :method_arg=>true}))
  (send
    (begin
      (send
        (send
          (hole 0 {:hash_depth=>0, :limit_depth=>true, :recv=>true}) :id=
          (hole 0 {:hash_depth=>0, :method_arg=>true})) :count)) :discoverable)
  (send
    (begin
      (send
        (send
          (hole 0 {:hash_depth=>0, :limit_depth=>true, :recv=>true}) :id=
          (hole 0 {:hash_depth=>0, :method_arg=>true})) :count)) :scheduled_check=
    (hole 0 {:hash_depth=>0, :method_arg=>true}))
  (send
    (begin
      (send
        (send
          (hole 0 {:hash_depth=>0, :limit_depth=>true, :recv=>true}) :id=
          (hole 0 {:hash_depth=>0, :method_arg=>true})) :count)) :scheduled_check)
  (send
    (begin
      (send
        (send
          (hole 0 {:hash_depth=>0, :limit_depth=>true, :recv=>true}) :id=
          (hole 0 {:hash_depth=>0, :method_arg=>true})) :count)) :otp_required_for_login=
    (hole 0 {:hash_depth=>0, :method_arg=>true}))
  (send
    (begin
      (send
        (send
          (hole 0 {:hash_depth=>0, :limit_depth=>true, :recv=>true}) :id=
          (hole 0 {:hash_depth=>0, :method_arg=>true})) :count)) :otp_required_for_login)
  (send
    (begin
      (send
        (send
          (hole 0 {:hash_depth=>0, :limit_depth=>true, :recv=>true}) :id=
          (hole 0 {:hash_depth=>0, :method_arg=>true})) :count)) :admin=
    (hole 0 {:hash_depth=>0, :method_arg=>true}))
  (send
    (begin
      (send
        (send
          (hole 0 {:hash_depth=>0, :limit_depth=>true, :recv=>true}) :id=
          (hole 0 {:hash_depth=>0, :method_arg=>true})) :count)) :admin)
  (send
    (begin
      (send
        (send
          (hole 0 {:hash_depth=>0, :limit_depth=>true, :recv=>true}) :id=
          (hole 0 {:hash_depth=>0, :method_arg=>true})) :count)) :staged=
    (hole 0 {:hash_depth=>0, :method_arg=>true}))
  (send
    (begin
      (send
        (send
          (hole 0 {:hash_depth=>0, :limit_depth=>true, :recv=>true}) :id=
          (hole 0 {:hash_depth=>0, :method_arg=>true})) :count)) :staged)
  (send
    (begin
      (send
        (send
          (hole 0 {:hash_depth=>0, :limit_depth=>true, :recv=>true}) :id=
          (hole 0 {:hash_depth=>0, :method_arg=>true})) :count)) :active=
    (hole 0 {:hash_depth=>0, :method_arg=>true}))
  (send
    (begin
      (send
        (send
          (hole 0 {:hash_depth=>0, :limit_depth=>true, :recv=>true}) :id=
          (hole 0 {:hash_depth=>0, :method_arg=>true})) :count)) :active)
  (send
    (begin
      (send
        (send
          (hole 0 {:hash_depth=>0, :limit_depth=>true, :recv=>true}) :id=
          (hole 0 {:hash_depth=>0, :method_arg=>true})) :count)) :primary=
    (hole 0 {:hash_depth=>0, :method_arg=>true}))
  (send
    (begin
      (send
        (send
          (hole 0 {:hash_depth=>0, :limit_depth=>true, :recv=>true}) :id=
          (hole 0 {:hash_depth=>0, :method_arg=>true})) :count)) :primary)
  (send
    (begin
      (send
        (send
          (hole 0 {:hash_depth=>0, :limit_depth=>true, :recv=>true}) :id=
          (hole 0 {:hash_depth=>0, :method_arg=>true})) :count)) :moderator=
    (hole 0 {:hash_depth=>0, :method_arg=>true}))
  (send
    (begin
      (send
        (send
          (hole 0 {:hash_depth=>0, :limit_depth=>true, :recv=>true}) :id=
          (hole 0 {:hash_depth=>0, :method_arg=>true})) :count)) :moderator)
  (begin
    (send
      (begin
        (send
          (send
            (hole 0 {:hash_depth=>0, :limit_depth=>true, :recv=>true}) :id=
            (hole 0 {:hash_depth=>0, :method_arg=>true})) :count)) :-
      (hole 0 {:hash_depth=>0, :method_arg=>true})))
  (begin
    (send
      (begin
        (send
          (send
            (hole 0 {:hash_depth=>0, :limit_depth=>true, :recv=>true}) :id=
            (hole 0 {:hash_depth=>0, :method_arg=>true})) :count)) :-
      (hole 0 {:hash_depth=>0, :method_arg=>true})))
  (begin
    (send
      (begin
        (send
          (send
            (hole 0 {:hash_depth=>0, :limit_depth=>true, :recv=>true}) :id=
            (hole 0 {:hash_depth=>0, :method_arg=>true})) :count)) :-
      (hole 0 {:hash_depth=>0, :method_arg=>true})))
  (begin
    (send
      (begin
        (send
          (send
            (hole 0 {:hash_depth=>0, :limit_depth=>true, :recv=>true}) :id=
            (hole 0 {:hash_depth=>0, :method_arg=>true})) :count)) :save))
  (begin
    (send
      (begin
        (send
          (send
            (hole 0 {:hash_depth=>0, :limit_depth=>true, :recv=>true}) :id=
            (hole 0 {:hash_depth=>0, :method_arg=>true})) :save)) :count))
  (begin
    (send
      (begin
        (send
          (send
            (hole 0 {:hash_depth=>0, :limit_depth=>true, :recv=>true}) :id=
            (hole 0 {:hash_depth=>0, :method_arg=>true})) :save)) :-
      (hole 0 {:hash_depth=>0, :method_arg=>true})))
  (begin
    (send
      (begin
        (send
          (send
            (hole 0 {:hash_depth=>0, :limit_depth=>true, :recv=>true}) :id=
            (hole 0 {:hash_depth=>0, :method_arg=>true})) :save)) :save))
  (begin
    (send
      (begin
        (send
          (send
            (hole 0 {:hash_depth=>0, :limit_depth=>true, :recv=>true}) :id) :-
          (hole 0 {:hash_depth=>0, :method_arg=>true}))) :-
      (hole 0 {:hash_depth=>0, :method_arg=>true})))
  (begin
    (send
      (begin
        (send
          (send
            (hole 0 {:hash_depth=>0, :limit_depth=>true, :recv=>true}) :id) :-
          (hole 0 {:hash_depth=>0, :method_arg=>true}))) :-
      (hole 0 {:hash_depth=>0, :method_arg=>true})))
  (begin
    (send
      (begin
        (send
          (send
            (hole 0 {:hash_depth=>0, :limit_depth=>true, :recv=>true}) :id) :-
          (hole 0 {:hash_depth=>0, :method_arg=>true}))) :-
      (hole 0 {:hash_depth=>0, :method_arg=>true})))
  (begin
    (send
      (begin
        (send
          (send
            (hole 0 {:hash_depth=>0, :limit_depth=>true, :recv=>true}) :id) :-
          (hole 0 {:hash_depth=>0, :method_arg=>true}))) :-
      (hole 0 {:hash_depth=>0, :method_arg=>true})))
  (begin
    (send
      (begin
        (send
          (send
            (hole 0 {:hash_depth=>0, :limit_depth=>true, :recv=>true}) :id) :-
          (hole 0 {:hash_depth=>0, :method_arg=>true}))) :-
      (hole 0 {:hash_depth=>0, :method_arg=>true})))
  (begin
    (send
      (begin
        (send
          (send
            (hole 0 {:hash_depth=>0, :limit_depth=>true, :recv=>true}) :id) :-
          (hole 0 {:hash_depth=>0, :method_arg=>true}))) :-
      (hole 0 {:hash_depth=>0, :method_arg=>true})))
  (begin
    (send
      (begin
        (send
          (send
            (hole 0 {:hash_depth=>0, :limit_depth=>true, :recv=>true}) :id) :-
          (hole 0 {:hash_depth=>0, :method_arg=>true}))) :-
      (hole 0 {:hash_depth=>0, :method_arg=>true})))
  (begin
    (send
      (begin
        (send
          (send
            (hole 0 {:hash_depth=>0, :limit_depth=>true, :recv=>true}) :id) :-
          (hole 0 {:hash_depth=>0, :method_arg=>true}))) :-
      (hole 0 {:hash_depth=>0, :method_arg=>true})))
  (begin
    (send
      (begin
        (send
          (send
            (hole 0 {:hash_depth=>0, :limit_depth=>true, :recv=>true}) :id) :-
          (hole 0 {:hash_depth=>0, :method_arg=>true}))) :-
      (hole 0 {:hash_depth=>0, :method_arg=>true})))
  (begin
    (send
      (begin
        (send
          (send
            (hole 0 {:hash_depth=>0, :limit_depth=>true, :recv=>true}) :id) :-
          (hole 0 {:hash_depth=>0, :method_arg=>true}))) :count))
  (begin
    (send
      (begin
        (send
          (send
            (hole 0 {:hash_depth=>0, :limit_depth=>true, :recv=>true}) :id) :-
          (hole 0 {:hash_depth=>0, :method_arg=>true}))) :count))
  (begin
    (send
      (begin
        (send
          (send
            (hole 0 {:hash_depth=>0, :limit_depth=>true, :recv=>true}) :id) :-
          (hole 0 {:hash_depth=>0, :method_arg=>true}))) :count))
  (begin
    (send
      (begin
        (send
          (send
            (hole 0 {:hash_depth=>0, :limit_depth=>true, :recv=>true}) :id) :-
          (hole 0 {:hash_depth=>0, :method_arg=>true}))) :save))
  (begin
    (send
      (begin
        (send
          (send
            (hole 0 {:hash_depth=>0, :limit_depth=>true, :recv=>true}) :id) :-
          (hole 0 {:hash_depth=>0, :method_arg=>true}))) :save))
  (begin
    (send
      (begin
        (send
          (send
            (hole 0 {:hash_depth=>0, :limit_depth=>true, :recv=>true}) :id) :-
          (hole 0 {:hash_depth=>0, :method_arg=>true}))) :save))
  (send
    (begin
      (send
        (send
          (hole 0 {:hash_depth=>0, :limit_depth=>true, :recv=>true}) :id) :-
        (hole 0 {:hash_depth=>0, :method_arg=>true}))) :confirmed=
    (hole 0 {:hash_depth=>0, :method_arg=>true}))
  (send
    (begin
      (send
        (send
          (hole 0 {:hash_depth=>0, :limit_depth=>true, :recv=>true}) :id) :-
        (hole 0 {:hash_depth=>0, :method_arg=>true}))) :confirmed=
    (hole 0 {:hash_depth=>0, :method_arg=>true}))
  (send
    (begin
      (send
        (send
          (hole 0 {:hash_depth=>0, :limit_depth=>true, :recv=>true}) :id) :-
        (hole 0 {:hash_depth=>0, :method_arg=>true}))) :confirmed=
    (hole 0 {:hash_depth=>0, :method_arg=>true}))
  (send
    (begin
      (send
        (send
          (hole 0 {:hash_depth=>0, :limit_depth=>true, :recv=>true}) :id) :-
        (hole 0 {:hash_depth=>0, :method_arg=>true}))) :confirmed)
  (send
    (begin
      (send
        (send
          (hole 0 {:hash_depth=>0, :limit_depth=>true, :recv=>true}) :id) :-
        (hole 0 {:hash_depth=>0, :method_arg=>true}))) :confirmed)
  (send
    (begin
      (send
        (send
          (hole 0 {:hash_depth=>0, :limit_depth=>true, :recv=>true}) :id) :-
        (hole 0 {:hash_depth=>0, :method_arg=>true}))) :confirmed)
  (send
    (begin
      (send
        (send
          (hole 0 {:hash_depth=>0, :limit_depth=>true, :recv=>true}) :id) :-
        (hole 0 {:hash_depth=>0, :method_arg=>true}))) :expired=
    (hole 0 {:hash_depth=>0, :method_arg=>true}))
  (send
    (begin
      (send
        (send
          (hole 0 {:hash_depth=>0, :limit_depth=>true, :recv=>true}) :id) :-
        (hole 0 {:hash_depth=>0, :method_arg=>true}))) :expired=
    (hole 0 {:hash_depth=>0, :method_arg=>true}))
  (send
    (begin
      (send
        (send
          (hole 0 {:hash_depth=>0, :limit_depth=>true, :recv=>true}) :id) :-
        (hole 0 {:hash_depth=>0, :method_arg=>true}))) :expired=
    (hole 0 {:hash_depth=>0, :method_arg=>true}))
  (send
    (begin
      (send
        (send
          (hole 0 {:hash_depth=>0, :limit_depth=>true, :recv=>true}) :id) :-
        (hole 0 {:hash_depth=>0, :method_arg=>true}))) :expired)
  (send
    (begin
      (send
        (send
          (hole 0 {:hash_depth=>0, :limit_depth=>true, :recv=>true}) :id) :-
        (hole 0 {:hash_depth=>0, :method_arg=>true}))) :expired)
  (send
    (begin
      (send
        (send
          (hole 0 {:hash_depth=>0, :limit_depth=>true, :recv=>true}) :id) :-
        (hole 0 {:hash_depth=>0, :method_arg=>true}))) :expired)
  (send
    (begin
      (send
        (send
          (hole 0 {:hash_depth=>0, :limit_depth=>true, :recv=>true}) :id) :-
        (hole 0 {:hash_depth=>0, :method_arg=>true}))) :discoverable=
    (hole 0 {:hash_depth=>0, :method_arg=>true}))
  (send
    (begin
      (send
        (send
          (hole 0 {:hash_depth=>0, :limit_depth=>true, :recv=>true}) :id) :-
        (hole 0 {:hash_depth=>0, :method_arg=>true}))) :discoverable=
    (hole 0 {:hash_depth=>0, :method_arg=>true}))
  (send
    (begin
      (send
        (send
          (hole 0 {:hash_depth=>0, :limit_depth=>true, :recv=>true}) :id) :-
        (hole 0 {:hash_depth=>0, :method_arg=>true}))) :discoverable=
    (hole 0 {:hash_depth=>0, :method_arg=>true}))
  (send
    (begin
      (send
        (send
          (hole 0 {:hash_depth=>0, :limit_depth=>true, :recv=>true}) :id) :-
        (hole 0 {:hash_depth=>0, :method_arg=>true}))) :discoverable)
  (send
    (begin
      (send
        (send
          (hole 0 {:hash_depth=>0, :limit_depth=>true, :recv=>true}) :id) :-
        (hole 0 {:hash_depth=>0, :method_arg=>true}))) :discoverable)
  (send
    (begin
      (send
        (send
          (hole 0 {:hash_depth=>0, :limit_depth=>true, :recv=>true}) :id) :-
        (hole 0 {:hash_depth=>0, :method_arg=>true}))) :discoverable)
  (send
    (begin
      (send
        (send
          (hole 0 {:hash_depth=>0, :limit_depth=>true, :recv=>true}) :id) :-
        (hole 0 {:hash_depth=>0, :method_arg=>true}))) :scheduled_check=
    (hole 0 {:hash_depth=>0, :method_arg=>true}))
  (send
    (begin
      (send
        (send
          (hole 0 {:hash_depth=>0, :limit_depth=>true, :recv=>true}) :id) :-
        (hole 0 {:hash_depth=>0, :method_arg=>true}))) :scheduled_check=
    (hole 0 {:hash_depth=>0, :method_arg=>true}))
  (send
    (begin
      (send
        (send
          (hole 0 {:hash_depth=>0, :limit_depth=>true, :recv=>true}) :id) :-
        (hole 0 {:hash_depth=>0, :method_arg=>true}))) :scheduled_check=
    (hole 0 {:hash_depth=>0, :method_arg=>true}))
  (send
    (begin
      (send
        (send
          (hole 0 {:hash_depth=>0, :limit_depth=>true, :recv=>true}) :id) :-
        (hole 0 {:hash_depth=>0, :method_arg=>true}))) :scheduled_check)
  (send
    (begin
      (send
        (send
          (hole 0 {:hash_depth=>0, :limit_depth=>true, :recv=>true}) :id) :-
        (hole 0 {:hash_depth=>0, :method_arg=>true}))) :scheduled_check)
  (send
    (begin
      (send
        (send
          (hole 0 {:hash_depth=>0, :limit_depth=>true, :recv=>true}) :id) :-
        (hole 0 {:hash_depth=>0, :method_arg=>true}))) :scheduled_check)
  (send
    (begin
      (send
        (send
          (hole 0 {:hash_depth=>0, :limit_depth=>true, :recv=>true}) :id) :-
        (hole 0 {:hash_depth=>0, :method_arg=>true}))) :otp_required_for_login=
    (hole 0 {:hash_depth=>0, :method_arg=>true}))
  (send
    (begin
      (send
        (send
          (hole 0 {:hash_depth=>0, :limit_depth=>true, :recv=>true}) :id) :-
        (hole 0 {:hash_depth=>0, :method_arg=>true}))) :otp_required_for_login=
    (hole 0 {:hash_depth=>0, :method_arg=>true}))
  (send
    (begin
      (send
        (send
          (hole 0 {:hash_depth=>0, :limit_depth=>true, :recv=>true}) :id) :-
        (hole 0 {:hash_depth=>0, :method_arg=>true}))) :otp_required_for_login=
    (hole 0 {:hash_depth=>0, :method_arg=>true}))
  (send
    (begin
      (send
        (send
          (hole 0 {:hash_depth=>0, :limit_depth=>true, :recv=>true}) :id) :-
        (hole 0 {:hash_depth=>0, :method_arg=>true}))) :otp_required_for_login)
  (send
    (begin
      (send
        (send
          (hole 0 {:hash_depth=>0, :limit_depth=>true, :recv=>true}) :id) :-
        (hole 0 {:hash_depth=>0, :method_arg=>true}))) :otp_required_for_login)
  (send
    (begin
      (send
        (send
          (hole 0 {:hash_depth=>0, :limit_depth=>true, :recv=>true}) :id) :-
        (hole 0 {:hash_depth=>0, :method_arg=>true}))) :otp_required_for_login)
  (send
    (begin
      (send
        (send
          (hole 0 {:hash_depth=>0, :limit_depth=>true, :recv=>true}) :id) :-
        (hole 0 {:hash_depth=>0, :method_arg=>true}))) :admin=
    (hole 0 {:hash_depth=>0, :method_arg=>true}))
  (send
    (begin
      (send
        (send
          (hole 0 {:hash_depth=>0, :limit_depth=>true, :recv=>true}) :id) :-
        (hole 0 {:hash_depth=>0, :method_arg=>true}))) :admin=
    (hole 0 {:hash_depth=>0, :method_arg=>true}))
  (send
    (begin
      (send
        (send
          (hole 0 {:hash_depth=>0, :limit_depth=>true, :recv=>true}) :id) :-
        (hole 0 {:hash_depth=>0, :method_arg=>true}))) :admin=
    (hole 0 {:hash_depth=>0, :method_arg=>true}))
  (send
    (begin
      (send
        (send
          (hole 0 {:hash_depth=>0, :limit_depth=>true, :recv=>true}) :id) :-
        (hole 0 {:hash_depth=>0, :method_arg=>true}))) :admin)
  (send
    (begin
      (send
        (send
          (hole 0 {:hash_depth=>0, :limit_depth=>true, :recv=>true}) :id) :-
        (hole 0 {:hash_depth=>0, :method_arg=>true}))) :admin)
  (send
    (begin
      (send
        (send
          (hole 0 {:hash_depth=>0, :limit_depth=>true, :recv=>true}) :id) :-
        (hole 0 {:hash_depth=>0, :method_arg=>true}))) :admin)
  (send
    (begin
      (send
        (send
          (hole 0 {:hash_depth=>0, :limit_depth=>true, :recv=>true}) :id) :-
        (hole 0 {:hash_depth=>0, :method_arg=>true}))) :staged=
    (hole 0 {:hash_depth=>0, :method_arg=>true}))
  (send
    (begin
      (send
        (send
          (hole 0 {:hash_depth=>0, :limit_depth=>true, :recv=>true}) :id) :-
        (hole 0 {:hash_depth=>0, :method_arg=>true}))) :staged=
    (hole 0 {:hash_depth=>0, :method_arg=>true}))
  (send
    (begin
      (send
        (send
          (hole 0 {:hash_depth=>0, :limit_depth=>true, :recv=>true}) :id) :-
        (hole 0 {:hash_depth=>0, :method_arg=>true}))) :staged=
    (hole 0 {:hash_depth=>0, :method_arg=>true}))
  (send
    (begin
      (send
        (send
          (hole 0 {:hash_depth=>0, :limit_depth=>true, :recv=>true}) :id) :-
        (hole 0 {:hash_depth=>0, :method_arg=>true}))) :staged)
  (send
    (begin
      (send
        (send
          (hole 0 {:hash_depth=>0, :limit_depth=>true, :recv=>true}) :id) :-
        (hole 0 {:hash_depth=>0, :method_arg=>true}))) :staged)
  (send
    (begin
      (send
        (send
          (hole 0 {:hash_depth=>0, :limit_depth=>true, :recv=>true}) :id) :-
        (hole 0 {:hash_depth=>0, :method_arg=>true}))) :staged)
  (send
    (begin
      (send
        (send
          (hole 0 {:hash_depth=>0, :limit_depth=>true, :recv=>true}) :id) :-
        (hole 0 {:hash_depth=>0, :method_arg=>true}))) :active=
    (hole 0 {:hash_depth=>0, :method_arg=>true}))
  (send
    (begin
      (send
        (send
          (hole 0 {:hash_depth=>0, :limit_depth=>true, :recv=>true}) :id) :-
        (hole 0 {:hash_depth=>0, :method_arg=>true}))) :active=
    (hole 0 {:hash_depth=>0, :method_arg=>true}))
  (send
    (begin
      (send
        (send
          (hole 0 {:hash_depth=>0, :limit_depth=>true, :recv=>true}) :id) :-
        (hole 0 {:hash_depth=>0, :method_arg=>true}))) :active=
    (hole 0 {:hash_depth=>0, :method_arg=>true}))
  (send
    (begin
      (send
        (send
          (hole 0 {:hash_depth=>0, :limit_depth=>true, :recv=>true}) :id) :-
        (hole 0 {:hash_depth=>0, :method_arg=>true}))) :active)
  (send
    (begin
      (send
        (send
          (hole 0 {:hash_depth=>0, :limit_depth=>true, :recv=>true}) :id) :-
        (hole 0 {:hash_depth=>0, :method_arg=>true}))) :active)
  (send
    (begin
      (send
        (send
          (hole 0 {:hash_depth=>0, :limit_depth=>true, :recv=>true}) :id) :-
        (hole 0 {:hash_depth=>0, :method_arg=>true}))) :active)
  (send
    (begin
      (send
        (send
          (hole 0 {:hash_depth=>0, :limit_depth=>true, :recv=>true}) :id) :-
        (hole 0 {:hash_depth=>0, :method_arg=>true}))) :primary=
    (hole 0 {:hash_depth=>0, :method_arg=>true}))
  (send
    (begin
      (send
        (send
          (hole 0 {:hash_depth=>0, :limit_depth=>true, :recv=>true}) :id) :-
        (hole 0 {:hash_depth=>0, :method_arg=>true}))) :primary=
    (hole 0 {:hash_depth=>0, :method_arg=>true}))
  (send
    (begin
      (send
        (send
          (hole 0 {:hash_depth=>0, :limit_depth=>true, :recv=>true}) :id) :-
        (hole 0 {:hash_depth=>0, :method_arg=>true}))) :primary=
    (hole 0 {:hash_depth=>0, :method_arg=>true}))
  (send
    (begin
      (send
        (send
          (hole 0 {:hash_depth=>0, :limit_depth=>true, :recv=>true}) :id) :-
        (hole 0 {:hash_depth=>0, :method_arg=>true}))) :primary)
  (send
    (begin
      (send
        (send
          (hole 0 {:hash_depth=>0, :limit_depth=>true, :recv=>true}) :id) :-
        (hole 0 {:hash_depth=>0, :method_arg=>true}))) :primary)
  (send
    (begin
      (send
        (send
          (hole 0 {:hash_depth=>0, :limit_depth=>true, :recv=>true}) :id) :-
        (hole 0 {:hash_depth=>0, :method_arg=>true}))) :primary)
  (send
    (begin
      (send
        (send
          (hole 0 {:hash_depth=>0, :limit_depth=>true, :recv=>true}) :id) :-
        (hole 0 {:hash_depth=>0, :method_arg=>true}))) :moderator=
    (hole 0 {:hash_depth=>0, :method_arg=>true}))
  (send
    (begin
      (send
        (send
          (hole 0 {:hash_depth=>0, :limit_depth=>true, :recv=>true}) :id) :-
        (hole 0 {:hash_depth=>0, :method_arg=>true}))) :moderator=
    (hole 0 {:hash_depth=>0, :method_arg=>true}))
  (send
    (begin
      (send
        (send
          (hole 0 {:hash_depth=>0, :limit_depth=>true, :recv=>true}) :id) :-
        (hole 0 {:hash_depth=>0, :method_arg=>true}))) :moderator=
    (hole 0 {:hash_depth=>0, :method_arg=>true}))
  (send
    (begin
      (send
        (send
          (hole 0 {:hash_depth=>0, :limit_depth=>true, :recv=>true}) :id) :-
        (hole 0 {:hash_depth=>0, :method_arg=>true}))) :moderator)
  (send
    (begin
      (send
        (send
          (hole 0 {:hash_depth=>0, :limit_depth=>true, :recv=>true}) :id) :-
        (hole 0 {:hash_depth=>0, :method_arg=>true}))) :moderator)
  (send
    (begin
      (send
        (send
          (hole 0 {:hash_depth=>0, :limit_depth=>true, :recv=>true}) :id) :-
        (hole 0 {:hash_depth=>0, :method_arg=>true}))) :moderator)
  (begin
    (send
      (begin
        (send
          (send
            (hole 0 {:hash_depth=>0, :limit_depth=>true, :recv=>true}) :id) :-
          (hole 0 {:hash_depth=>0, :method_arg=>true}))) :-
      (hole 0 {:hash_depth=>0, :method_arg=>true})))
  (begin
    (send
      (begin
        (send
          (send
            (hole 0 {:hash_depth=>0, :limit_depth=>true, :recv=>true}) :id) :-
          (hole 0 {:hash_depth=>0, :method_arg=>true}))) :-
      (hole 0 {:hash_depth=>0, :method_arg=>true})))
  (begin
    (send
      (begin
        (send
          (send
            (hole 0 {:hash_depth=>0, :limit_depth=>true, :recv=>true}) :id) :-
          (hole 0 {:hash_depth=>0, :method_arg=>true}))) :-
      (hole 0 {:hash_depth=>0, :method_arg=>true})))
  (begin
    (send
      (begin
        (send
          (send
            (hole 0 {:hash_depth=>0, :limit_depth=>true, :recv=>true}) :id) :-
          (hole 0 {:hash_depth=>0, :method_arg=>true}))) :-
      (hole 0 {:hash_depth=>0, :method_arg=>true})))
  (begin
    (send
      (begin
        (send
          (send
            (hole 0 {:hash_depth=>0, :limit_depth=>true, :recv=>true}) :id) :-
          (hole 0 {:hash_depth=>0, :method_arg=>true}))) :-
      (hole 0 {:hash_depth=>0, :method_arg=>true})))
  (begin
    (send
      (begin
        (send
          (send
            (hole 0 {:hash_depth=>0, :limit_depth=>true, :recv=>true}) :id) :-
          (hole 0 {:hash_depth=>0, :method_arg=>true}))) :-
      (hole 0 {:hash_depth=>0, :method_arg=>true})))
  (begin
    (send
      (begin
        (send
          (send
            (hole 0 {:hash_depth=>0, :limit_depth=>true, :recv=>true}) :id) :-
          (hole 0 {:hash_depth=>0, :method_arg=>true}))) :-
      (hole 0 {:hash_depth=>0, :method_arg=>true})))
  (begin
    (send
      (begin
        (send
          (send
            (hole 0 {:hash_depth=>0, :limit_depth=>true, :recv=>true}) :id) :-
          (hole 0 {:hash_depth=>0, :method_arg=>true}))) :-
      (hole 0 {:hash_depth=>0, :method_arg=>true})))
  (begin
    (send
      (begin
        (send
          (send
            (hole 0 {:hash_depth=>0, :limit_depth=>true, :recv=>true}) :id) :-
          (hole 0 {:hash_depth=>0, :method_arg=>true}))) :-
      (hole 0 {:hash_depth=>0, :method_arg=>true})))
  (begin
    (send
      (begin
        (send
          (send
            (hole 0 {:hash_depth=>0, :limit_depth=>true, :recv=>true}) :id) :-
          (hole 0 {:hash_depth=>0, :method_arg=>true}))) :save))
  (begin
    (send
      (begin
        (send
          (send
            (hole 0 {:hash_depth=>0, :limit_depth=>true, :recv=>true}) :id) :-
          (hole 0 {:hash_depth=>0, :method_arg=>true}))) :save))
  (begin
    (send
      (begin
        (send
          (send
            (hole 0 {:hash_depth=>0, :limit_depth=>true, :recv=>true}) :id) :-
          (hole 0 {:hash_depth=>0, :method_arg=>true}))) :save))
  (send
    (begin
      (send
        (send
          (hole 0 {:hash_depth=>0, :limit_depth=>true, :recv=>true}) :id) :count)) :confirmed=
    (hole 0 {:hash_depth=>0, :method_arg=>true}))
  (send
    (begin
      (send
        (send
          (hole 0 {:hash_depth=>0, :limit_depth=>true, :recv=>true}) :id) :count)) :confirmed)
  (send
    (begin
      (send
        (send
          (hole 0 {:hash_depth=>0, :limit_depth=>true, :recv=>true}) :id) :count)) :expired=
    (hole 0 {:hash_depth=>0, :method_arg=>true}))
  (send
    (begin
      (send
        (send
          (hole 0 {:hash_depth=>0, :limit_depth=>true, :recv=>true}) :id) :count)) :expired)
  (send
    (begin
      (send
        (send
          (hole 0 {:hash_depth=>0, :limit_depth=>true, :recv=>true}) :id) :count)) :discoverable=
    (hole 0 {:hash_depth=>0, :method_arg=>true}))
  (send
    (begin
      (send
        (send
          (hole 0 {:hash_depth=>0, :limit_depth=>true, :recv=>true}) :id) :count)) :discoverable)
  (send
    (begin
      (send
        (send
          (hole 0 {:hash_depth=>0, :limit_depth=>true, :recv=>true}) :id) :count)) :scheduled_check=
    (hole 0 {:hash_depth=>0, :method_arg=>true}))
  (send
    (begin
      (send
        (send
          (hole 0 {:hash_depth=>0, :limit_depth=>true, :recv=>true}) :id) :count)) :scheduled_check)
  (send
    (begin
      (send
        (send
          (hole 0 {:hash_depth=>0, :limit_depth=>true, :recv=>true}) :id) :count)) :otp_required_for_login=
    (hole 0 {:hash_depth=>0, :method_arg=>true}))
  (send
    (begin
      (send
        (send
          (hole 0 {:hash_depth=>0, :limit_depth=>true, :recv=>true}) :id) :count)) :otp_required_for_login)
  (send
    (begin
      (send
        (send
          (hole 0 {:hash_depth=>0, :limit_depth=>true, :recv=>true}) :id) :count)) :admin=
    (hole 0 {:hash_depth=>0, :method_arg=>true}))
  (send
    (begin
      (send
        (send
          (hole 0 {:hash_depth=>0, :limit_depth=>true, :recv=>true}) :id) :count)) :admin)
  (send
    (begin
      (send
        (send
          (hole 0 {:hash_depth=>0, :limit_depth=>true, :recv=>true}) :id) :count)) :staged=
    (hole 0 {:hash_depth=>0, :method_arg=>true}))
  (send
    (begin
      (send
        (send
          (hole 0 {:hash_depth=>0, :limit_depth=>true, :recv=>true}) :id) :count)) :staged)
  (send
    (begin
      (send
        (send
          (hole 0 {:hash_depth=>0, :limit_depth=>true, :recv=>true}) :id) :count)) :active=
    (hole 0 {:hash_depth=>0, :method_arg=>true}))
  (send
    (begin
      (send
        (send
          (hole 0 {:hash_depth=>0, :limit_depth=>true, :recv=>true}) :id) :count)) :active)
  (send
    (begin
      (send
        (send
          (hole 0 {:hash_depth=>0, :limit_depth=>true, :recv=>true}) :id) :count)) :primary=
    (hole 0 {:hash_depth=>0, :method_arg=>true}))
  (send
    (begin
      (send
        (send
          (hole 0 {:hash_depth=>0, :limit_depth=>true, :recv=>true}) :id) :count)) :primary)
  (send
    (begin
      (send
        (send
          (hole 0 {:hash_depth=>0, :limit_depth=>true, :recv=>true}) :id) :count)) :moderator=
    (hole 0 {:hash_depth=>0, :method_arg=>true}))
  (send
    (begin
      (send
        (send
          (hole 0 {:hash_depth=>0, :limit_depth=>true, :recv=>true}) :id) :count)) :moderator)
  (begin
    (send
      (begin
        (send
          (send
            (hole 0 {:hash_depth=>0, :limit_depth=>true, :recv=>true}) :id) :count)) :-
      (hole 0 {:hash_depth=>0, :method_arg=>true})))
  (begin
    (send
      (begin
        (send
          (send
            (hole 0 {:hash_depth=>0, :limit_depth=>true, :recv=>true}) :id) :count)) :-
      (hole 0 {:hash_depth=>0, :method_arg=>true})))
  (begin
    (send
      (begin
        (send
          (send
            (hole 0 {:hash_depth=>0, :limit_depth=>true, :recv=>true}) :id) :count)) :-
      (hole 0 {:hash_depth=>0, :method_arg=>true})))
  (begin
    (send
      (begin
        (send
          (send
            (hole 0 {:hash_depth=>0, :limit_depth=>true, :recv=>true}) :id) :count)) :save))
  (begin
    (send
      (begin
        (send
          (send
            (hole 0 {:hash_depth=>0, :limit_depth=>true, :recv=>true}) :id) :save)) :count))
  (begin
    (send
      (begin
        (send
          (send
            (hole 0 {:hash_depth=>0, :limit_depth=>true, :recv=>true}) :id) :save)) :-
      (hole 0 {:hash_depth=>0, :method_arg=>true})))
  (begin
    (send
      (begin
        (send
          (send
            (hole 0 {:hash_depth=>0, :limit_depth=>true, :recv=>true}) :id) :save)) :save))
  (send
    (begin
      (send
        (send
          (hole 0 {:hash_depth=>0, :limit_depth=>true, :recv=>true}) :token=
          (hole 0 {:hash_depth=>0, :method_arg=>true})) :count)) :confirmed=
    (hole 0 {:hash_depth=>0, :method_arg=>true}))
  (send
    (begin
      (send
        (send
          (hole 0 {:hash_depth=>0, :limit_depth=>true, :recv=>true}) :token=
          (hole 0 {:hash_depth=>0, :method_arg=>true})) :count)) :confirmed)
  (send
    (begin
      (send
        (send
          (hole 0 {:hash_depth=>0, :limit_depth=>true, :recv=>true}) :token=
          (hole 0 {:hash_depth=>0, :method_arg=>true})) :count)) :expired=
    (hole 0 {:hash_depth=>0, :method_arg=>true}))
  (send
    (begin
      (send
        (send
          (hole 0 {:hash_depth=>0, :limit_depth=>true, :recv=>true}) :token=
          (hole 0 {:hash_depth=>0, :method_arg=>true})) :count)) :expired)
  (send
    (begin
      (send
        (send
          (hole 0 {:hash_depth=>0, :limit_depth=>true, :recv=>true}) :token=
          (hole 0 {:hash_depth=>0, :method_arg=>true})) :count)) :discoverable=
    (hole 0 {:hash_depth=>0, :method_arg=>true}))
  (send
    (begin
      (send
        (send
          (hole 0 {:hash_depth=>0, :limit_depth=>true, :recv=>true}) :token=
          (hole 0 {:hash_depth=>0, :method_arg=>true})) :count)) :discoverable)
  (send
    (begin
      (send
        (send
          (hole 0 {:hash_depth=>0, :limit_depth=>true, :recv=>true}) :token=
          (hole 0 {:hash_depth=>0, :method_arg=>true})) :count)) :scheduled_check=
    (hole 0 {:hash_depth=>0, :method_arg=>true}))
  (send
    (begin
      (send
        (send
          (hole 0 {:hash_depth=>0, :limit_depth=>true, :recv=>true}) :token=
          (hole 0 {:hash_depth=>0, :method_arg=>true})) :count)) :scheduled_check)
  (send
    (begin
      (send
        (send
          (hole 0 {:hash_depth=>0, :limit_depth=>true, :recv=>true}) :token=
          (hole 0 {:hash_depth=>0, :method_arg=>true})) :count)) :otp_required_for_login=
    (hole 0 {:hash_depth=>0, :method_arg=>true}))
  (send
    (begin
      (send
        (send
          (hole 0 {:hash_depth=>0, :limit_depth=>true, :recv=>true}) :token=
          (hole 0 {:hash_depth=>0, :method_arg=>true})) :count)) :otp_required_for_login)
  (send
    (begin
      (send
        (send
          (hole 0 {:hash_depth=>0, :limit_depth=>true, :recv=>true}) :token=
          (hole 0 {:hash_depth=>0, :method_arg=>true})) :count)) :admin=
    (hole 0 {:hash_depth=>0, :method_arg=>true}))
  (send
    (begin
      (send
        (send
          (hole 0 {:hash_depth=>0, :limit_depth=>true, :recv=>true}) :token=
          (hole 0 {:hash_depth=>0, :method_arg=>true})) :count)) :admin)
  (send
    (begin
      (send
        (send
          (hole 0 {:hash_depth=>0, :limit_depth=>true, :recv=>true}) :token=
          (hole 0 {:hash_depth=>0, :method_arg=>true})) :count)) :staged=
    (hole 0 {:hash_depth=>0, :method_arg=>true}))
  (send
    (begin
      (send
        (send
          (hole 0 {:hash_depth=>0, :limit_depth=>true, :recv=>true}) :token=
          (hole 0 {:hash_depth=>0, :method_arg=>true})) :count)) :staged)
  (send
    (begin
      (send
        (send
          (hole 0 {:hash_depth=>0, :limit_depth=>true, :recv=>true}) :token=
          (hole 0 {:hash_depth=>0, :method_arg=>true})) :count)) :active=
    (hole 0 {:hash_depth=>0, :method_arg=>true}))
  (send
    (begin
      (send
        (send
          (hole 0 {:hash_depth=>0, :limit_depth=>true, :recv=>true}) :token=
          (hole 0 {:hash_depth=>0, :method_arg=>true})) :count)) :active)
  (send
    (begin
      (send
        (send
          (hole 0 {:hash_depth=>0, :limit_depth=>true, :recv=>true}) :token=
          (hole 0 {:hash_depth=>0, :method_arg=>true})) :count)) :primary=
    (hole 0 {:hash_depth=>0, :method_arg=>true}))
  (send
    (begin
      (send
        (send
          (hole 0 {:hash_depth=>0, :limit_depth=>true, :recv=>true}) :token=
          (hole 0 {:hash_depth=>0, :method_arg=>true})) :count)) :primary)
  (send
    (begin
      (send
        (send
          (hole 0 {:hash_depth=>0, :limit_depth=>true, :recv=>true}) :token=
          (hole 0 {:hash_depth=>0, :method_arg=>true})) :count)) :moderator=
    (hole 0 {:hash_depth=>0, :method_arg=>true}))
  (send
    (begin
      (send
        (send
          (hole 0 {:hash_depth=>0, :limit_depth=>true, :recv=>true}) :token=
          (hole 0 {:hash_depth=>0, :method_arg=>true})) :count)) :moderator)
  (begin
    (send
      (begin
        (send
          (send
            (hole 0 {:hash_depth=>0, :limit_depth=>true, :recv=>true}) :token=
            (hole 0 {:hash_depth=>0, :method_arg=>true})) :count)) :-
      (hole 0 {:hash_depth=>0, :method_arg=>true})))
  (begin
    (send
      (begin
        (send
          (send
            (hole 0 {:hash_depth=>0, :limit_depth=>true, :recv=>true}) :token=
            (hole 0 {:hash_depth=>0, :method_arg=>true})) :count)) :-
      (hole 0 {:hash_depth=>0, :method_arg=>true})))
  (begin
    (send
      (begin
        (send
          (send
            (hole 0 {:hash_depth=>0, :limit_depth=>true, :recv=>true}) :token=
            (hole 0 {:hash_depth=>0, :method_arg=>true})) :count)) :-
      (hole 0 {:hash_depth=>0, :method_arg=>true})))
  (begin
    (send
      (begin
        (send
          (send
            (hole 0 {:hash_depth=>0, :limit_depth=>true, :recv=>true}) :token=
            (hole 0 {:hash_depth=>0, :method_arg=>true})) :count)) :save))
  (send
    (begin
      (send
        (send
          (hole 0 {:hash_depth=>0, :limit_depth=>true, :recv=>true}) :token=
          (hole 0 {:hash_depth=>0, :method_arg=>true})) :-
        (hole 0 {:hash_depth=>0, :method_arg=>true}))) :confirmed=
    (hole 0 {:hash_depth=>0, :method_arg=>true}))
  (send
    (begin
      (send
        (send
          (hole 0 {:hash_depth=>0, :limit_depth=>true, :recv=>true}) :token=
          (hole 0 {:hash_depth=>0, :method_arg=>true})) :-
        (hole 0 {:hash_depth=>0, :method_arg=>true}))) :confirmed)
  (send
    (begin
      (send
        (send
          (hole 0 {:hash_depth=>0, :limit_depth=>true, :recv=>true}) :token=
          (hole 0 {:hash_depth=>0, :method_arg=>true})) :-
        (hole 0 {:hash_depth=>0, :method_arg=>true}))) :expired=
    (hole 0 {:hash_depth=>0, :method_arg=>true}))
  (send
    (begin
      (send
        (send
          (hole 0 {:hash_depth=>0, :limit_depth=>true, :recv=>true}) :token=
          (hole 0 {:hash_depth=>0, :method_arg=>true})) :-
        (hole 0 {:hash_depth=>0, :method_arg=>true}))) :expired)
  (send
    (begin
      (send
        (send
          (hole 0 {:hash_depth=>0, :limit_depth=>true, :recv=>true}) :token=
          (hole 0 {:hash_depth=>0, :method_arg=>true})) :-
        (hole 0 {:hash_depth=>0, :method_arg=>true}))) :discoverable=
    (hole 0 {:hash_depth=>0, :method_arg=>true}))
  (send
    (begin
      (send
        (send
          (hole 0 {:hash_depth=>0, :limit_depth=>true, :recv=>true}) :token=
          (hole 0 {:hash_depth=>0, :method_arg=>true})) :-
        (hole 0 {:hash_depth=>0, :method_arg=>true}))) :discoverable)
  (send
    (begin
      (send
        (send
          (hole 0 {:hash_depth=>0, :limit_depth=>true, :recv=>true}) :token=
          (hole 0 {:hash_depth=>0, :method_arg=>true})) :-
        (hole 0 {:hash_depth=>0, :method_arg=>true}))) :scheduled_check=
    (hole 0 {:hash_depth=>0, :method_arg=>true}))
  (send
    (begin
      (send
        (send
          (hole 0 {:hash_depth=>0, :limit_depth=>true, :recv=>true}) :token=
          (hole 0 {:hash_depth=>0, :method_arg=>true})) :-
        (hole 0 {:hash_depth=>0, :method_arg=>true}))) :scheduled_check)
  (send
    (begin
      (send
        (send
          (hole 0 {:hash_depth=>0, :limit_depth=>true, :recv=>true}) :token=
          (hole 0 {:hash_depth=>0, :method_arg=>true})) :-
        (hole 0 {:hash_depth=>0, :method_arg=>true}))) :otp_required_for_login=
    (hole 0 {:hash_depth=>0, :method_arg=>true}))
  (send
    (begin
      (send
        (send
          (hole 0 {:hash_depth=>0, :limit_depth=>true, :recv=>true}) :token=
          (hole 0 {:hash_depth=>0, :method_arg=>true})) :-
        (hole 0 {:hash_depth=>0, :method_arg=>true}))) :otp_required_for_login)
  (send
    (begin
      (send
        (send
          (hole 0 {:hash_depth=>0, :limit_depth=>true, :recv=>true}) :token=
          (hole 0 {:hash_depth=>0, :method_arg=>true})) :-
        (hole 0 {:hash_depth=>0, :method_arg=>true}))) :admin=
    (hole 0 {:hash_depth=>0, :method_arg=>true}))
  (send
    (begin
      (send
        (send
          (hole 0 {:hash_depth=>0, :limit_depth=>true, :recv=>true}) :token=
          (hole 0 {:hash_depth=>0, :method_arg=>true})) :-
        (hole 0 {:hash_depth=>0, :method_arg=>true}))) :admin)
  (send
    (begin
      (send
        (send
          (hole 0 {:hash_depth=>0, :limit_depth=>true, :recv=>true}) :token=
          (hole 0 {:hash_depth=>0, :method_arg=>true})) :-
        (hole 0 {:hash_depth=>0, :method_arg=>true}))) :staged=
    (hole 0 {:hash_depth=>0, :method_arg=>true}))
  (send
    (begin
      (send
        (send
          (hole 0 {:hash_depth=>0, :limit_depth=>true, :recv=>true}) :token=
          (hole 0 {:hash_depth=>0, :method_arg=>true})) :-
        (hole 0 {:hash_depth=>0, :method_arg=>true}))) :staged)
  (send
    (begin
      (send
        (send
          (hole 0 {:hash_depth=>0, :limit_depth=>true, :recv=>true}) :token=
          (hole 0 {:hash_depth=>0, :method_arg=>true})) :-
        (hole 0 {:hash_depth=>0, :method_arg=>true}))) :active=
    (hole 0 {:hash_depth=>0, :method_arg=>true}))
  (send
    (begin
      (send
        (send
          (hole 0 {:hash_depth=>0, :limit_depth=>true, :recv=>true}) :token=
          (hole 0 {:hash_depth=>0, :method_arg=>true})) :-
        (hole 0 {:hash_depth=>0, :method_arg=>true}))) :active)
  (send
    (begin
      (send
        (send
          (hole 0 {:hash_depth=>0, :limit_depth=>true, :recv=>true}) :token=
          (hole 0 {:hash_depth=>0, :method_arg=>true})) :-
        (hole 0 {:hash_depth=>0, :method_arg=>true}))) :primary=
    (hole 0 {:hash_depth=>0, :method_arg=>true}))
  (send
    (begin
      (send
        (send
          (hole 0 {:hash_depth=>0, :limit_depth=>true, :recv=>true}) :token=
          (hole 0 {:hash_depth=>0, :method_arg=>true})) :-
        (hole 0 {:hash_depth=>0, :method_arg=>true}))) :primary)
  (send
    (begin
      (send
        (send
          (hole 0 {:hash_depth=>0, :limit_depth=>true, :recv=>true}) :token=
          (hole 0 {:hash_depth=>0, :method_arg=>true})) :-
        (hole 0 {:hash_depth=>0, :method_arg=>true}))) :moderator=
    (hole 0 {:hash_depth=>0, :method_arg=>true}))
  (send
    (begin
      (send
        (send
          (hole 0 {:hash_depth=>0, :limit_depth=>true, :recv=>true}) :token=
          (hole 0 {:hash_depth=>0, :method_arg=>true})) :-
        (hole 0 {:hash_depth=>0, :method_arg=>true}))) :moderator)
  (begin
    (send
      (begin
        (send
          (send
            (hole 0 {:hash_depth=>0, :limit_depth=>true, :recv=>true}) :token=
            (hole 0 {:hash_depth=>0, :method_arg=>true})) :-
          (hole 0 {:hash_depth=>0, :method_arg=>true}))) :-
      (hole 0 {:hash_depth=>0, :method_arg=>true})))
  (begin
    (send
      (begin
        (send
          (send
            (hole 0 {:hash_depth=>0, :limit_depth=>true, :recv=>true}) :token=
            (hole 0 {:hash_depth=>0, :method_arg=>true})) :-
          (hole 0 {:hash_depth=>0, :method_arg=>true}))) :-
      (hole 0 {:hash_depth=>0, :method_arg=>true})))
  (begin
    (send
      (begin
        (send
          (send
            (hole 0 {:hash_depth=>0, :limit_depth=>true, :recv=>true}) :token=
            (hole 0 {:hash_depth=>0, :method_arg=>true})) :-
          (hole 0 {:hash_depth=>0, :method_arg=>true}))) :-
      (hole 0 {:hash_depth=>0, :method_arg=>true})))
  (begin
    (send
      (begin
        (send
          (send
            (hole 0 {:hash_depth=>0, :limit_depth=>true, :recv=>true}) :token=
            (hole 0 {:hash_depth=>0, :method_arg=>true})) :-
          (hole 0 {:hash_depth=>0, :method_arg=>true}))) :save))
  (begin
    (send
      (begin
        (send
          (send
            (hole 0 {:hash_depth=>0, :limit_depth=>true, :recv=>true}) :token=
            (hole 0 {:hash_depth=>0, :method_arg=>true})) :save)) :count))
  (begin
    (send
      (begin
        (send
          (send
            (hole 0 {:hash_depth=>0, :limit_depth=>true, :recv=>true}) :token=
            (hole 0 {:hash_depth=>0, :method_arg=>true})) :save)) :-
      (hole 0 {:hash_depth=>0, :method_arg=>true})))
  (begin
    (send
      (begin
        (send
          (send
            (hole 0 {:hash_depth=>0, :limit_depth=>true, :recv=>true}) :token=
            (hole 0 {:hash_depth=>0, :method_arg=>true})) :save)) :save))
  (send
    (begin
      (send
        (send
          (hole 0 {:hash_depth=>0, :limit_depth=>true, :recv=>true}) :token) :count)) :confirmed=
    (hole 0 {:hash_depth=>0, :method_arg=>true}))
  (send
    (begin
      (send
        (send
          (hole 0 {:hash_depth=>0, :limit_depth=>true, :recv=>true}) :token) :count)) :confirmed)
  (send
    (begin
      (send
        (send
          (hole 0 {:hash_depth=>0, :limit_depth=>true, :recv=>true}) :token) :count)) :expired=
    (hole 0 {:hash_depth=>0, :method_arg=>true}))
  (send
    (begin
      (send
        (send
          (hole 0 {:hash_depth=>0, :limit_depth=>true, :recv=>true}) :token) :count)) :expired)
  (send
    (begin
      (send
        (send
          (hole 0 {:hash_depth=>0, :limit_depth=>true, :recv=>true}) :token) :count)) :discoverable=
    (hole 0 {:hash_depth=>0, :method_arg=>true}))
  (send
    (begin
      (send
        (send
          (hole 0 {:hash_depth=>0, :limit_depth=>true, :recv=>true}) :token) :count)) :discoverable)
  (send
    (begin
      (send
        (send
          (hole 0 {:hash_depth=>0, :limit_depth=>true, :recv=>true}) :token) :count)) :scheduled_check=
    (hole 0 {:hash_depth=>0, :method_arg=>true}))
  (send
    (begin
      (send
        (send
          (hole 0 {:hash_depth=>0, :limit_depth=>true, :recv=>true}) :token) :count)) :scheduled_check)
  (send
    (begin
      (send
        (send
          (hole 0 {:hash_depth=>0, :limit_depth=>true, :recv=>true}) :token) :count)) :otp_required_for_login=
    (hole 0 {:hash_depth=>0, :method_arg=>true}))
  (send
    (begin
      (send
        (send
          (hole 0 {:hash_depth=>0, :limit_depth=>true, :recv=>true}) :token) :count)) :otp_required_for_login)
  (send
    (begin
      (send
        (send
          (hole 0 {:hash_depth=>0, :limit_depth=>true, :recv=>true}) :token) :count)) :admin=
    (hole 0 {:hash_depth=>0, :method_arg=>true}))
  (send
    (begin
      (send
        (send
          (hole 0 {:hash_depth=>0, :limit_depth=>true, :recv=>true}) :token) :count)) :admin)
  (send
    (begin
      (send
        (send
          (hole 0 {:hash_depth=>0, :limit_depth=>true, :recv=>true}) :token) :count)) :staged=
    (hole 0 {:hash_depth=>0, :method_arg=>true}))
  (send
    (begin
      (send
        (send
          (hole 0 {:hash_depth=>0, :limit_depth=>true, :recv=>true}) :token) :count)) :staged)
  (send
    (begin
      (send
        (send
          (hole 0 {:hash_depth=>0, :limit_depth=>true, :recv=>true}) :token) :count)) :active=
    (hole 0 {:hash_depth=>0, :method_arg=>true}))
  (send
    (begin
      (send
        (send
          (hole 0 {:hash_depth=>0, :limit_depth=>true, :recv=>true}) :token) :count)) :active)
  (send
    (begin
      (send
        (send
          (hole 0 {:hash_depth=>0, :limit_depth=>true, :recv=>true}) :token) :count)) :primary=
    (hole 0 {:hash_depth=>0, :method_arg=>true}))
  (send
    (begin
      (send
        (send
          (hole 0 {:hash_depth=>0, :limit_depth=>true, :recv=>true}) :token) :count)) :primary)
  (send
    (begin
      (send
        (send
          (hole 0 {:hash_depth=>0, :limit_depth=>true, :recv=>true}) :token) :count)) :moderator=
    (hole 0 {:hash_depth=>0, :method_arg=>true}))
  (send
    (begin
      (send
        (send
          (hole 0 {:hash_depth=>0, :limit_depth=>true, :recv=>true}) :token) :count)) :moderator)
  (begin
    (send
      (begin
        (send
          (send
            (hole 0 {:hash_depth=>0, :limit_depth=>true, :recv=>true}) :token) :count)) :-
      (hole 0 {:hash_depth=>0, :method_arg=>true})))
  (begin
    (send
      (begin
        (send
          (send
            (hole 0 {:hash_depth=>0, :limit_depth=>true, :recv=>true}) :token) :count)) :-
      (hole 0 {:hash_depth=>0, :method_arg=>true})))
  (begin
    (send
      (begin
        (send
          (send
            (hole 0 {:hash_depth=>0, :limit_depth=>true, :recv=>true}) :token) :count)) :-
      (hole 0 {:hash_depth=>0, :method_arg=>true})))
  (begin
    (send
      (begin
        (send
          (send
            (hole 0 {:hash_depth=>0, :limit_depth=>true, :recv=>true}) :token) :count)) :save))
  (send
    (begin
      (send
        (send
          (hole 0 {:hash_depth=>0, :limit_depth=>true, :recv=>true}) :token) :-
        (hole 0 {:hash_depth=>0, :method_arg=>true}))) :confirmed=
    (hole 0 {:hash_depth=>0, :method_arg=>true}))
  (send
    (begin
      (send
        (send
          (hole 0 {:hash_depth=>0, :limit_depth=>true, :recv=>true}) :token) :-
        (hole 0 {:hash_depth=>0, :method_arg=>true}))) :confirmed)
  (send
    (begin
      (send
        (send
          (hole 0 {:hash_depth=>0, :limit_depth=>true, :recv=>true}) :token) :-
        (hole 0 {:hash_depth=>0, :method_arg=>true}))) :expired=
    (hole 0 {:hash_depth=>0, :method_arg=>true}))
  (send
    (begin
      (send
        (send
          (hole 0 {:hash_depth=>0, :limit_depth=>true, :recv=>true}) :token) :-
        (hole 0 {:hash_depth=>0, :method_arg=>true}))) :expired)
  (send
    (begin
      (send
        (send
          (hole 0 {:hash_depth=>0, :limit_depth=>true, :recv=>true}) :token) :-
        (hole 0 {:hash_depth=>0, :method_arg=>true}))) :discoverable=
    (hole 0 {:hash_depth=>0, :method_arg=>true}))
  (send
    (begin
      (send
        (send
          (hole 0 {:hash_depth=>0, :limit_depth=>true, :recv=>true}) :token) :-
        (hole 0 {:hash_depth=>0, :method_arg=>true}))) :discoverable)
  (send
    (begin
      (send
        (send
          (hole 0 {:hash_depth=>0, :limit_depth=>true, :recv=>true}) :token) :-
        (hole 0 {:hash_depth=>0, :method_arg=>true}))) :scheduled_check=
    (hole 0 {:hash_depth=>0, :method_arg=>true}))
  (send
    (begin
      (send
        (send
          (hole 0 {:hash_depth=>0, :limit_depth=>true, :recv=>true}) :token) :-
        (hole 0 {:hash_depth=>0, :method_arg=>true}))) :scheduled_check)
  (send
    (begin
      (send
        (send
          (hole 0 {:hash_depth=>0, :limit_depth=>true, :recv=>true}) :token) :-
        (hole 0 {:hash_depth=>0, :method_arg=>true}))) :otp_required_for_login=
    (hole 0 {:hash_depth=>0, :method_arg=>true}))
  (send
    (begin
      (send
        (send
          (hole 0 {:hash_depth=>0, :limit_depth=>true, :recv=>true}) :token) :-
        (hole 0 {:hash_depth=>0, :method_arg=>true}))) :otp_required_for_login)
  (send
    (begin
      (send
        (send
          (hole 0 {:hash_depth=>0, :limit_depth=>true, :recv=>true}) :token) :-
        (hole 0 {:hash_depth=>0, :method_arg=>true}))) :admin=
    (hole 0 {:hash_depth=>0, :method_arg=>true}))
  (send
    (begin
      (send
        (send
          (hole 0 {:hash_depth=>0, :limit_depth=>true, :recv=>true}) :token) :-
        (hole 0 {:hash_depth=>0, :method_arg=>true}))) :admin)
  (send
    (begin
      (send
        (send
          (hole 0 {:hash_depth=>0, :limit_depth=>true, :recv=>true}) :token) :-
        (hole 0 {:hash_depth=>0, :method_arg=>true}))) :staged=
    (hole 0 {:hash_depth=>0, :method_arg=>true}))
  (send
    (begin
      (send
        (send
          (hole 0 {:hash_depth=>0, :limit_depth=>true, :recv=>true}) :token) :-
        (hole 0 {:hash_depth=>0, :method_arg=>true}))) :staged)
  (send
    (begin
      (send
        (send
          (hole 0 {:hash_depth=>0, :limit_depth=>true, :recv=>true}) :token) :-
        (hole 0 {:hash_depth=>0, :method_arg=>true}))) :active=
    (hole 0 {:hash_depth=>0, :method_arg=>true}))
  (send
    (begin
      (send
        (send
          (hole 0 {:hash_depth=>0, :limit_depth=>true, :recv=>true}) :token) :-
        (hole 0 {:hash_depth=>0, :method_arg=>true}))) :active)
  (send
    (begin
      (send
        (send
          (hole 0 {:hash_depth=>0, :limit_depth=>true, :recv=>true}) :token) :-
        (hole 0 {:hash_depth=>0, :method_arg=>true}))) :primary=
    (hole 0 {:hash_depth=>0, :method_arg=>true}))
  (send
    (begin
      (send
        (send
          (hole 0 {:hash_depth=>0, :limit_depth=>true, :recv=>true}) :token) :-
        (hole 0 {:hash_depth=>0, :method_arg=>true}))) :primary)
  (send
    (begin
      (send
        (send
          (hole 0 {:hash_depth=>0, :limit_depth=>true, :recv=>true}) :token) :-
        (hole 0 {:hash_depth=>0, :method_arg=>true}))) :moderator=
    (hole 0 {:hash_depth=>0, :method_arg=>true}))
  (send
    (begin
      (send
        (send
          (hole 0 {:hash_depth=>0, :limit_depth=>true, :recv=>true}) :token) :-
        (hole 0 {:hash_depth=>0, :method_arg=>true}))) :moderator)
  (begin
    (send
      (begin
        (send
          (send
            (hole 0 {:hash_depth=>0, :limit_depth=>true, :recv=>true}) :token) :-
          (hole 0 {:hash_depth=>0, :method_arg=>true}))) :-
      (hole 0 {:hash_depth=>0, :method_arg=>true})))
  (begin
    (send
      (begin
        (send
          (send
            (hole 0 {:hash_depth=>0, :limit_depth=>true, :recv=>true}) :token) :-
          (hole 0 {:hash_depth=>0, :method_arg=>true}))) :-
      (hole 0 {:hash_depth=>0, :method_arg=>true})))
  (begin
    (send
      (begin
        (send
          (send
            (hole 0 {:hash_depth=>0, :limit_depth=>true, :recv=>true}) :token) :-
          (hole 0 {:hash_depth=>0, :method_arg=>true}))) :-
      (hole 0 {:hash_depth=>0, :method_arg=>true})))
  (begin
    (send
      (begin
        (send
          (send
            (hole 0 {:hash_depth=>0, :limit_depth=>true, :recv=>true}) :token) :-
          (hole 0 {:hash_depth=>0, :method_arg=>true}))) :save))
  (begin
    (send
      (begin
        (send
          (send
            (hole 0 {:hash_depth=>0, :limit_depth=>true, :recv=>true}) :token) :save)) :count))
  (begin
    (send
      (begin
        (send
          (send
            (hole 0 {:hash_depth=>0, :limit_depth=>true, :recv=>true}) :token) :save)) :-
      (hole 0 {:hash_depth=>0, :method_arg=>true})))
  (begin
    (send
      (begin
        (send
          (send
            (hole 0 {:hash_depth=>0, :limit_depth=>true, :recv=>true}) :token) :save)) :save))
  (begin
    (send
      (begin
        (send
          (send
            (hole 0 {:hash_depth=>0, :limit_depth=>true, :recv=>true}) :diaspora_user_id=
            (hole 0 {:hash_depth=>0, :method_arg=>true})) :-
          (hole 0 {:hash_depth=>0, :method_arg=>true}))) :-
      (hole 0 {:hash_depth=>0, :method_arg=>true})))
  (begin
    (send
      (begin
        (send
          (send
            (hole 0 {:hash_depth=>0, :limit_depth=>true, :recv=>true}) :diaspora_user_id=
            (hole 0 {:hash_depth=>0, :method_arg=>true})) :-
          (hole 0 {:hash_depth=>0, :method_arg=>true}))) :-
      (hole 0 {:hash_depth=>0, :method_arg=>true})))
  (begin
    (send
      (begin
        (send
          (send
            (hole 0 {:hash_depth=>0, :limit_depth=>true, :recv=>true}) :diaspora_user_id=
            (hole 0 {:hash_depth=>0, :method_arg=>true})) :-
          (hole 0 {:hash_depth=>0, :method_arg=>true}))) :-
      (hole 0 {:hash_depth=>0, :method_arg=>true})))
  (begin
    (send
      (begin
        (send
          (send
            (hole 0 {:hash_depth=>0, :limit_depth=>true, :recv=>true}) :diaspora_user_id=
            (hole 0 {:hash_depth=>0, :method_arg=>true})) :-
          (hole 0 {:hash_depth=>0, :method_arg=>true}))) :-
      (hole 0 {:hash_depth=>0, :method_arg=>true})))
  (begin
    (send
      (begin
        (send
          (send
            (hole 0 {:hash_depth=>0, :limit_depth=>true, :recv=>true}) :diaspora_user_id=
            (hole 0 {:hash_depth=>0, :method_arg=>true})) :-
          (hole 0 {:hash_depth=>0, :method_arg=>true}))) :-
      (hole 0 {:hash_depth=>0, :method_arg=>true})))
  (begin
    (send
      (begin
        (send
          (send
            (hole 0 {:hash_depth=>0, :limit_depth=>true, :recv=>true}) :diaspora_user_id=
            (hole 0 {:hash_depth=>0, :method_arg=>true})) :-
          (hole 0 {:hash_depth=>0, :method_arg=>true}))) :-
      (hole 0 {:hash_depth=>0, :method_arg=>true})))
  (begin
    (send
      (begin
        (send
          (send
            (hole 0 {:hash_depth=>0, :limit_depth=>true, :recv=>true}) :diaspora_user_id=
            (hole 0 {:hash_depth=>0, :method_arg=>true})) :-
          (hole 0 {:hash_depth=>0, :method_arg=>true}))) :-
      (hole 0 {:hash_depth=>0, :method_arg=>true})))
  (begin
    (send
      (begin
        (send
          (send
            (hole 0 {:hash_depth=>0, :limit_depth=>true, :recv=>true}) :diaspora_user_id=
            (hole 0 {:hash_depth=>0, :method_arg=>true})) :-
          (hole 0 {:hash_depth=>0, :method_arg=>true}))) :-
      (hole 0 {:hash_depth=>0, :method_arg=>true})))
  (begin
    (send
      (begin
        (send
          (send
            (hole 0 {:hash_depth=>0, :limit_depth=>true, :recv=>true}) :diaspora_user_id=
            (hole 0 {:hash_depth=>0, :method_arg=>true})) :-
          (hole 0 {:hash_depth=>0, :method_arg=>true}))) :-
      (hole 0 {:hash_depth=>0, :method_arg=>true})))
  (begin
    (send
      (begin
        (send
          (send
            (hole 0 {:hash_depth=>0, :limit_depth=>true, :recv=>true}) :diaspora_user_id=
            (hole 0 {:hash_depth=>0, :method_arg=>true})) :-
          (hole 0 {:hash_depth=>0, :method_arg=>true}))) :count))
  (begin
    (send
      (begin
        (send
          (send
            (hole 0 {:hash_depth=>0, :limit_depth=>true, :recv=>true}) :diaspora_user_id=
            (hole 0 {:hash_depth=>0, :method_arg=>true})) :-
          (hole 0 {:hash_depth=>0, :method_arg=>true}))) :count))
  (begin
    (send
      (begin
        (send
          (send
            (hole 0 {:hash_depth=>0, :limit_depth=>true, :recv=>true}) :diaspora_user_id=
            (hole 0 {:hash_depth=>0, :method_arg=>true})) :-
          (hole 0 {:hash_depth=>0, :method_arg=>true}))) :count))
  (begin
    (send
      (begin
        (send
          (send
            (hole 0 {:hash_depth=>0, :limit_depth=>true, :recv=>true}) :diaspora_user_id=
            (hole 0 {:hash_depth=>0, :method_arg=>true})) :-
          (hole 0 {:hash_depth=>0, :method_arg=>true}))) :save))
  (begin
    (send
      (begin
        (send
          (send
            (hole 0 {:hash_depth=>0, :limit_depth=>true, :recv=>true}) :diaspora_user_id=
            (hole 0 {:hash_depth=>0, :method_arg=>true})) :-
          (hole 0 {:hash_depth=>0, :method_arg=>true}))) :save))
  (begin
    (send
      (begin
        (send
          (send
            (hole 0 {:hash_depth=>0, :limit_depth=>true, :recv=>true}) :diaspora_user_id=
            (hole 0 {:hash_depth=>0, :method_arg=>true})) :-
          (hole 0 {:hash_depth=>0, :method_arg=>true}))) :save))
  (send
    (begin
      (send
        (send
          (hole 0 {:hash_depth=>0, :limit_depth=>true, :recv=>true}) :diaspora_user_id=
          (hole 0 {:hash_depth=>0, :method_arg=>true})) :-
        (hole 0 {:hash_depth=>0, :method_arg=>true}))) :confirmed=
    (hole 0 {:hash_depth=>0, :method_arg=>true}))
  (send
    (begin
      (send
        (send
          (hole 0 {:hash_depth=>0, :limit_depth=>true, :recv=>true}) :diaspora_user_id=
          (hole 0 {:hash_depth=>0, :method_arg=>true})) :-
        (hole 0 {:hash_depth=>0, :method_arg=>true}))) :confirmed=
    (hole 0 {:hash_depth=>0, :method_arg=>true}))
  (send
    (begin
      (send
        (send
          (hole 0 {:hash_depth=>0, :limit_depth=>true, :recv=>true}) :diaspora_user_id=
          (hole 0 {:hash_depth=>0, :method_arg=>true})) :-
        (hole 0 {:hash_depth=>0, :method_arg=>true}))) :confirmed=
    (hole 0 {:hash_depth=>0, :method_arg=>true}))
  (send
    (begin
      (send
        (send
          (hole 0 {:hash_depth=>0, :limit_depth=>true, :recv=>true}) :diaspora_user_id=
          (hole 0 {:hash_depth=>0, :method_arg=>true})) :-
        (hole 0 {:hash_depth=>0, :method_arg=>true}))) :confirmed)
  (send
    (begin
      (send
        (send
          (hole 0 {:hash_depth=>0, :limit_depth=>true, :recv=>true}) :diaspora_user_id=
          (hole 0 {:hash_depth=>0, :method_arg=>true})) :-
        (hole 0 {:hash_depth=>0, :method_arg=>true}))) :confirmed)
  (send
    (begin
      (send
        (send
          (hole 0 {:hash_depth=>0, :limit_depth=>true, :recv=>true}) :diaspora_user_id=
          (hole 0 {:hash_depth=>0, :method_arg=>true})) :-
        (hole 0 {:hash_depth=>0, :method_arg=>true}))) :confirmed)
  (send
    (begin
      (send
        (send
          (hole 0 {:hash_depth=>0, :limit_depth=>true, :recv=>true}) :diaspora_user_id=
          (hole 0 {:hash_depth=>0, :method_arg=>true})) :-
        (hole 0 {:hash_depth=>0, :method_arg=>true}))) :expired=
    (hole 0 {:hash_depth=>0, :method_arg=>true}))
  (send
    (begin
      (send
        (send
          (hole 0 {:hash_depth=>0, :limit_depth=>true, :recv=>true}) :diaspora_user_id=
          (hole 0 {:hash_depth=>0, :method_arg=>true})) :-
        (hole 0 {:hash_depth=>0, :method_arg=>true}))) :expired=
    (hole 0 {:hash_depth=>0, :method_arg=>true}))
  (send
    (begin
      (send
        (send
          (hole 0 {:hash_depth=>0, :limit_depth=>true, :recv=>true}) :diaspora_user_id=
          (hole 0 {:hash_depth=>0, :method_arg=>true})) :-
        (hole 0 {:hash_depth=>0, :method_arg=>true}))) :expired=
    (hole 0 {:hash_depth=>0, :method_arg=>true}))
  (send
    (begin
      (send
        (send
          (hole 0 {:hash_depth=>0, :limit_depth=>true, :recv=>true}) :diaspora_user_id=
          (hole 0 {:hash_depth=>0, :method_arg=>true})) :-
        (hole 0 {:hash_depth=>0, :method_arg=>true}))) :expired)
  (send
    (begin
      (send
        (send
          (hole 0 {:hash_depth=>0, :limit_depth=>true, :recv=>true}) :diaspora_user_id=
          (hole 0 {:hash_depth=>0, :method_arg=>true})) :-
        (hole 0 {:hash_depth=>0, :method_arg=>true}))) :expired)
  (send
    (begin
      (send
        (send
          (hole 0 {:hash_depth=>0, :limit_depth=>true, :recv=>true}) :diaspora_user_id=
          (hole 0 {:hash_depth=>0, :method_arg=>true})) :-
        (hole 0 {:hash_depth=>0, :method_arg=>true}))) :expired)
  (send
    (begin
      (send
        (send
          (hole 0 {:hash_depth=>0, :limit_depth=>true, :recv=>true}) :diaspora_user_id=
          (hole 0 {:hash_depth=>0, :method_arg=>true})) :-
        (hole 0 {:hash_depth=>0, :method_arg=>true}))) :discoverable=
    (hole 0 {:hash_depth=>0, :method_arg=>true}))
  (send
    (begin
      (send
        (send
          (hole 0 {:hash_depth=>0, :limit_depth=>true, :recv=>true}) :diaspora_user_id=
          (hole 0 {:hash_depth=>0, :method_arg=>true})) :-
        (hole 0 {:hash_depth=>0, :method_arg=>true}))) :discoverable=
    (hole 0 {:hash_depth=>0, :method_arg=>true}))
  (send
    (begin
      (send
        (send
          (hole 0 {:hash_depth=>0, :limit_depth=>true, :recv=>true}) :diaspora_user_id=
          (hole 0 {:hash_depth=>0, :method_arg=>true})) :-
        (hole 0 {:hash_depth=>0, :method_arg=>true}))) :discoverable=
    (hole 0 {:hash_depth=>0, :method_arg=>true}))
  (send
    (begin
      (send
        (send
          (hole 0 {:hash_depth=>0, :limit_depth=>true, :recv=>true}) :diaspora_user_id=
          (hole 0 {:hash_depth=>0, :method_arg=>true})) :-
        (hole 0 {:hash_depth=>0, :method_arg=>true}))) :discoverable)
  (send
    (begin
      (send
        (send
          (hole 0 {:hash_depth=>0, :limit_depth=>true, :recv=>true}) :diaspora_user_id=
          (hole 0 {:hash_depth=>0, :method_arg=>true})) :-
        (hole 0 {:hash_depth=>0, :method_arg=>true}))) :discoverable)
  (send
    (begin
      (send
        (send
          (hole 0 {:hash_depth=>0, :limit_depth=>true, :recv=>true}) :diaspora_user_id=
          (hole 0 {:hash_depth=>0, :method_arg=>true})) :-
        (hole 0 {:hash_depth=>0, :method_arg=>true}))) :discoverable)
  (send
    (begin
      (send
        (send
          (hole 0 {:hash_depth=>0, :limit_depth=>true, :recv=>true}) :diaspora_user_id=
          (hole 0 {:hash_depth=>0, :method_arg=>true})) :-
        (hole 0 {:hash_depth=>0, :method_arg=>true}))) :scheduled_check=
    (hole 0 {:hash_depth=>0, :method_arg=>true}))
  (send
    (begin
      (send
        (send
          (hole 0 {:hash_depth=>0, :limit_depth=>true, :recv=>true}) :diaspora_user_id=
          (hole 0 {:hash_depth=>0, :method_arg=>true})) :-
        (hole 0 {:hash_depth=>0, :method_arg=>true}))) :scheduled_check=
    (hole 0 {:hash_depth=>0, :method_arg=>true}))
  (send
    (begin
      (send
        (send
          (hole 0 {:hash_depth=>0, :limit_depth=>true, :recv=>true}) :diaspora_user_id=
          (hole 0 {:hash_depth=>0, :method_arg=>true})) :-
        (hole 0 {:hash_depth=>0, :method_arg=>true}))) :scheduled_check=
    (hole 0 {:hash_depth=>0, :method_arg=>true}))
  (send
    (begin
      (send
        (send
          (hole 0 {:hash_depth=>0, :limit_depth=>true, :recv=>true}) :diaspora_user_id=
          (hole 0 {:hash_depth=>0, :method_arg=>true})) :-
        (hole 0 {:hash_depth=>0, :method_arg=>true}))) :scheduled_check)
  (send
    (begin
      (send
        (send
          (hole 0 {:hash_depth=>0, :limit_depth=>true, :recv=>true}) :diaspora_user_id=
          (hole 0 {:hash_depth=>0, :method_arg=>true})) :-
        (hole 0 {:hash_depth=>0, :method_arg=>true}))) :scheduled_check)
  (send
    (begin
      (send
        (send
          (hole 0 {:hash_depth=>0, :limit_depth=>true, :recv=>true}) :diaspora_user_id=
          (hole 0 {:hash_depth=>0, :method_arg=>true})) :-
        (hole 0 {:hash_depth=>0, :method_arg=>true}))) :scheduled_check)
  (send
    (begin
      (send
        (send
          (hole 0 {:hash_depth=>0, :limit_depth=>true, :recv=>true}) :diaspora_user_id=
          (hole 0 {:hash_depth=>0, :method_arg=>true})) :-
        (hole 0 {:hash_depth=>0, :method_arg=>true}))) :otp_required_for_login=
    (hole 0 {:hash_depth=>0, :method_arg=>true}))
  (send
    (begin
      (send
        (send
          (hole 0 {:hash_depth=>0, :limit_depth=>true, :recv=>true}) :diaspora_user_id=
          (hole 0 {:hash_depth=>0, :method_arg=>true})) :-
        (hole 0 {:hash_depth=>0, :method_arg=>true}))) :otp_required_for_login=
    (hole 0 {:hash_depth=>0, :method_arg=>true}))
  (send
    (begin
      (send
        (send
          (hole 0 {:hash_depth=>0, :limit_depth=>true, :recv=>true}) :diaspora_user_id=
          (hole 0 {:hash_depth=>0, :method_arg=>true})) :-
        (hole 0 {:hash_depth=>0, :method_arg=>true}))) :otp_required_for_login=
    (hole 0 {:hash_depth=>0, :method_arg=>true}))
  (send
    (begin
      (send
        (send
          (hole 0 {:hash_depth=>0, :limit_depth=>true, :recv=>true}) :diaspora_user_id=
          (hole 0 {:hash_depth=>0, :method_arg=>true})) :-
        (hole 0 {:hash_depth=>0, :method_arg=>true}))) :otp_required_for_login)
  (send
    (begin
      (send
        (send
          (hole 0 {:hash_depth=>0, :limit_depth=>true, :recv=>true}) :diaspora_user_id=
          (hole 0 {:hash_depth=>0, :method_arg=>true})) :-
        (hole 0 {:hash_depth=>0, :method_arg=>true}))) :otp_required_for_login)
  (send
    (begin
      (send
        (send
          (hole 0 {:hash_depth=>0, :limit_depth=>true, :recv=>true}) :diaspora_user_id=
          (hole 0 {:hash_depth=>0, :method_arg=>true})) :-
        (hole 0 {:hash_depth=>0, :method_arg=>true}))) :otp_required_for_login)
  (send
    (begin
      (send
        (send
          (hole 0 {:hash_depth=>0, :limit_depth=>true, :recv=>true}) :diaspora_user_id=
          (hole 0 {:hash_depth=>0, :method_arg=>true})) :-
        (hole 0 {:hash_depth=>0, :method_arg=>true}))) :admin=
    (hole 0 {:hash_depth=>0, :method_arg=>true}))
  (send
    (begin
      (send
        (send
          (hole 0 {:hash_depth=>0, :limit_depth=>true, :recv=>true}) :diaspora_user_id=
          (hole 0 {:hash_depth=>0, :method_arg=>true})) :-
        (hole 0 {:hash_depth=>0, :method_arg=>true}))) :admin=
    (hole 0 {:hash_depth=>0, :method_arg=>true}))
  (send
    (begin
      (send
        (send
          (hole 0 {:hash_depth=>0, :limit_depth=>true, :recv=>true}) :diaspora_user_id=
          (hole 0 {:hash_depth=>0, :method_arg=>true})) :-
        (hole 0 {:hash_depth=>0, :method_arg=>true}))) :admin=
    (hole 0 {:hash_depth=>0, :method_arg=>true}))
  (send
    (begin
      (send
        (send
          (hole 0 {:hash_depth=>0, :limit_depth=>true, :recv=>true}) :diaspora_user_id=
          (hole 0 {:hash_depth=>0, :method_arg=>true})) :-
        (hole 0 {:hash_depth=>0, :method_arg=>true}))) :admin)
  (send
    (begin
      (send
        (send
          (hole 0 {:hash_depth=>0, :limit_depth=>true, :recv=>true}) :diaspora_user_id=
          (hole 0 {:hash_depth=>0, :method_arg=>true})) :-
        (hole 0 {:hash_depth=>0, :method_arg=>true}))) :admin)
  (send
    (begin
      (send
        (send
          (hole 0 {:hash_depth=>0, :limit_depth=>true, :recv=>true}) :diaspora_user_id=
          (hole 0 {:hash_depth=>0, :method_arg=>true})) :-
        (hole 0 {:hash_depth=>0, :method_arg=>true}))) :admin)
  (send
    (begin
      (send
        (send
          (hole 0 {:hash_depth=>0, :limit_depth=>true, :recv=>true}) :diaspora_user_id=
          (hole 0 {:hash_depth=>0, :method_arg=>true})) :-
        (hole 0 {:hash_depth=>0, :method_arg=>true}))) :staged=
    (hole 0 {:hash_depth=>0, :method_arg=>true}))
  (send
    (begin
      (send
        (send
          (hole 0 {:hash_depth=>0, :limit_depth=>true, :recv=>true}) :diaspora_user_id=
          (hole 0 {:hash_depth=>0, :method_arg=>true})) :-
        (hole 0 {:hash_depth=>0, :method_arg=>true}))) :staged=
    (hole 0 {:hash_depth=>0, :method_arg=>true}))
  (send
    (begin
      (send
        (send
          (hole 0 {:hash_depth=>0, :limit_depth=>true, :recv=>true}) :diaspora_user_id=
          (hole 0 {:hash_depth=>0, :method_arg=>true})) :-
        (hole 0 {:hash_depth=>0, :method_arg=>true}))) :staged=
    (hole 0 {:hash_depth=>0, :method_arg=>true}))
  (send
    (begin
      (send
        (send
          (hole 0 {:hash_depth=>0, :limit_depth=>true, :recv=>true}) :diaspora_user_id=
          (hole 0 {:hash_depth=>0, :method_arg=>true})) :-
        (hole 0 {:hash_depth=>0, :method_arg=>true}))) :staged)
  (send
    (begin
      (send
        (send
          (hole 0 {:hash_depth=>0, :limit_depth=>true, :recv=>true}) :diaspora_user_id=
          (hole 0 {:hash_depth=>0, :method_arg=>true})) :-
        (hole 0 {:hash_depth=>0, :method_arg=>true}))) :staged)
  (send
    (begin
      (send
        (send
          (hole 0 {:hash_depth=>0, :limit_depth=>true, :recv=>true}) :diaspora_user_id=
          (hole 0 {:hash_depth=>0, :method_arg=>true})) :-
        (hole 0 {:hash_depth=>0, :method_arg=>true}))) :staged)
  (send
    (begin
      (send
        (send
          (hole 0 {:hash_depth=>0, :limit_depth=>true, :recv=>true}) :diaspora_user_id=
          (hole 0 {:hash_depth=>0, :method_arg=>true})) :-
        (hole 0 {:hash_depth=>0, :method_arg=>true}))) :active=
    (hole 0 {:hash_depth=>0, :method_arg=>true}))
  (send
    (begin
      (send
        (send
          (hole 0 {:hash_depth=>0, :limit_depth=>true, :recv=>true}) :diaspora_user_id=
          (hole 0 {:hash_depth=>0, :method_arg=>true})) :-
        (hole 0 {:hash_depth=>0, :method_arg=>true}))) :active=
    (hole 0 {:hash_depth=>0, :method_arg=>true}))
  (send
    (begin
      (send
        (send
          (hole 0 {:hash_depth=>0, :limit_depth=>true, :recv=>true}) :diaspora_user_id=
          (hole 0 {:hash_depth=>0, :method_arg=>true})) :-
        (hole 0 {:hash_depth=>0, :method_arg=>true}))) :active=
    (hole 0 {:hash_depth=>0, :method_arg=>true}))
  (send
    (begin
      (send
        (send
          (hole 0 {:hash_depth=>0, :limit_depth=>true, :recv=>true}) :diaspora_user_id=
          (hole 0 {:hash_depth=>0, :method_arg=>true})) :-
        (hole 0 {:hash_depth=>0, :method_arg=>true}))) :active)
  (send
    (begin
      (send
        (send
          (hole 0 {:hash_depth=>0, :limit_depth=>true, :recv=>true}) :diaspora_user_id=
          (hole 0 {:hash_depth=>0, :method_arg=>true})) :-
        (hole 0 {:hash_depth=>0, :method_arg=>true}))) :active)
  (send
    (begin
      (send
        (send
          (hole 0 {:hash_depth=>0, :limit_depth=>true, :recv=>true}) :diaspora_user_id=
          (hole 0 {:hash_depth=>0, :method_arg=>true})) :-
        (hole 0 {:hash_depth=>0, :method_arg=>true}))) :active)
  (send
    (begin
      (send
        (send
          (hole 0 {:hash_depth=>0, :limit_depth=>true, :recv=>true}) :diaspora_user_id=
          (hole 0 {:hash_depth=>0, :method_arg=>true})) :-
        (hole 0 {:hash_depth=>0, :method_arg=>true}))) :primary=
    (hole 0 {:hash_depth=>0, :method_arg=>true}))
  (send
    (begin
      (send
        (send
          (hole 0 {:hash_depth=>0, :limit_depth=>true, :recv=>true}) :diaspora_user_id=
          (hole 0 {:hash_depth=>0, :method_arg=>true})) :-
        (hole 0 {:hash_depth=>0, :method_arg=>true}))) :primary=
    (hole 0 {:hash_depth=>0, :method_arg=>true}))
  (send
    (begin
      (send
        (send
          (hole 0 {:hash_depth=>0, :limit_depth=>true, :recv=>true}) :diaspora_user_id=
          (hole 0 {:hash_depth=>0, :method_arg=>true})) :-
        (hole 0 {:hash_depth=>0, :method_arg=>true}))) :primary=
    (hole 0 {:hash_depth=>0, :method_arg=>true}))
  (send
    (begin
      (send
        (send
          (hole 0 {:hash_depth=>0, :limit_depth=>true, :recv=>true}) :diaspora_user_id=
          (hole 0 {:hash_depth=>0, :method_arg=>true})) :-
        (hole 0 {:hash_depth=>0, :method_arg=>true}))) :primary)
  (send
    (begin
      (send
        (send
          (hole 0 {:hash_depth=>0, :limit_depth=>true, :recv=>true}) :diaspora_user_id=
          (hole 0 {:hash_depth=>0, :method_arg=>true})) :-
        (hole 0 {:hash_depth=>0, :method_arg=>true}))) :primary)
  (send
    (begin
      (send
        (send
          (hole 0 {:hash_depth=>0, :limit_depth=>true, :recv=>true}) :diaspora_user_id=
          (hole 0 {:hash_depth=>0, :method_arg=>true})) :-
        (hole 0 {:hash_depth=>0, :method_arg=>true}))) :primary)
  (send
    (begin
      (send
        (send
          (hole 0 {:hash_depth=>0, :limit_depth=>true, :recv=>true}) :diaspora_user_id=
          (hole 0 {:hash_depth=>0, :method_arg=>true})) :-
        (hole 0 {:hash_depth=>0, :method_arg=>true}))) :moderator=
    (hole 0 {:hash_depth=>0, :method_arg=>true}))
  (send
    (begin
      (send
        (send
          (hole 0 {:hash_depth=>0, :limit_depth=>true, :recv=>true}) :diaspora_user_id=
          (hole 0 {:hash_depth=>0, :method_arg=>true})) :-
        (hole 0 {:hash_depth=>0, :method_arg=>true}))) :moderator=
    (hole 0 {:hash_depth=>0, :method_arg=>true}))
  (send
    (begin
      (send
        (send
          (hole 0 {:hash_depth=>0, :limit_depth=>true, :recv=>true}) :diaspora_user_id=
          (hole 0 {:hash_depth=>0, :method_arg=>true})) :-
        (hole 0 {:hash_depth=>0, :method_arg=>true}))) :moderator=
    (hole 0 {:hash_depth=>0, :method_arg=>true}))
  (send
    (begin
      (send
        (send
          (hole 0 {:hash_depth=>0, :limit_depth=>true, :recv=>true}) :diaspora_user_id=
          (hole 0 {:hash_depth=>0, :method_arg=>true})) :-
        (hole 0 {:hash_depth=>0, :method_arg=>true}))) :moderator)
  (send
    (begin
      (send
        (send
          (hole 0 {:hash_depth=>0, :limit_depth=>true, :recv=>true}) :diaspora_user_id=
          (hole 0 {:hash_depth=>0, :method_arg=>true})) :-
        (hole 0 {:hash_depth=>0, :method_arg=>true}))) :moderator)
  (send
    (begin
      (send
        (send
          (hole 0 {:hash_depth=>0, :limit_depth=>true, :recv=>true}) :diaspora_user_id=
          (hole 0 {:hash_depth=>0, :method_arg=>true})) :-
        (hole 0 {:hash_depth=>0, :method_arg=>true}))) :moderator)
  (begin
    (send
      (begin
        (send
          (send
            (hole 0 {:hash_depth=>0, :limit_depth=>true, :recv=>true}) :diaspora_user_id=
            (hole 0 {:hash_depth=>0, :method_arg=>true})) :-
          (hole 0 {:hash_depth=>0, :method_arg=>true}))) :-
      (hole 0 {:hash_depth=>0, :method_arg=>true})))
  (begin
    (send
      (begin
        (send
          (send
            (hole 0 {:hash_depth=>0, :limit_depth=>true, :recv=>true}) :diaspora_user_id=
            (hole 0 {:hash_depth=>0, :method_arg=>true})) :-
          (hole 0 {:hash_depth=>0, :method_arg=>true}))) :-
      (hole 0 {:hash_depth=>0, :method_arg=>true})))
  (begin
    (send
      (begin
        (send
          (send
            (hole 0 {:hash_depth=>0, :limit_depth=>true, :recv=>true}) :diaspora_user_id=
            (hole 0 {:hash_depth=>0, :method_arg=>true})) :-
          (hole 0 {:hash_depth=>0, :method_arg=>true}))) :-
      (hole 0 {:hash_depth=>0, :method_arg=>true})))
  (begin
    (send
      (begin
        (send
          (send
            (hole 0 {:hash_depth=>0, :limit_depth=>true, :recv=>true}) :diaspora_user_id=
            (hole 0 {:hash_depth=>0, :method_arg=>true})) :-
          (hole 0 {:hash_depth=>0, :method_arg=>true}))) :-
      (hole 0 {:hash_depth=>0, :method_arg=>true})))
  (begin
    (send
      (begin
        (send
          (send
            (hole 0 {:hash_depth=>0, :limit_depth=>true, :recv=>true}) :diaspora_user_id=
            (hole 0 {:hash_depth=>0, :method_arg=>true})) :-
          (hole 0 {:hash_depth=>0, :method_arg=>true}))) :-
      (hole 0 {:hash_depth=>0, :method_arg=>true})))
  (begin
    (send
      (begin
        (send
          (send
            (hole 0 {:hash_depth=>0, :limit_depth=>true, :recv=>true}) :diaspora_user_id=
            (hole 0 {:hash_depth=>0, :method_arg=>true})) :-
          (hole 0 {:hash_depth=>0, :method_arg=>true}))) :-
      (hole 0 {:hash_depth=>0, :method_arg=>true})))
  (begin
    (send
      (begin
        (send
          (send
            (hole 0 {:hash_depth=>0, :limit_depth=>true, :recv=>true}) :diaspora_user_id=
            (hole 0 {:hash_depth=>0, :method_arg=>true})) :-
          (hole 0 {:hash_depth=>0, :method_arg=>true}))) :-
      (hole 0 {:hash_depth=>0, :method_arg=>true})))
  (begin
    (send
      (begin
        (send
          (send
            (hole 0 {:hash_depth=>0, :limit_depth=>true, :recv=>true}) :diaspora_user_id=
            (hole 0 {:hash_depth=>0, :method_arg=>true})) :-
          (hole 0 {:hash_depth=>0, :method_arg=>true}))) :-
      (hole 0 {:hash_depth=>0, :method_arg=>true})))
  (begin
    (send
      (begin
        (send
          (send
            (hole 0 {:hash_depth=>0, :limit_depth=>true, :recv=>true}) :diaspora_user_id=
            (hole 0 {:hash_depth=>0, :method_arg=>true})) :-
          (hole 0 {:hash_depth=>0, :method_arg=>true}))) :-
      (hole 0 {:hash_depth=>0, :method_arg=>true})))
  (begin
    (send
      (begin
        (send
          (send
            (hole 0 {:hash_depth=>0, :limit_depth=>true, :recv=>true}) :diaspora_user_id=
            (hole 0 {:hash_depth=>0, :method_arg=>true})) :-
          (hole 0 {:hash_depth=>0, :method_arg=>true}))) :save))
  (begin
    (send
      (begin
        (send
          (send
            (hole 0 {:hash_depth=>0, :limit_depth=>true, :recv=>true}) :diaspora_user_id=
            (hole 0 {:hash_depth=>0, :method_arg=>true})) :-
          (hole 0 {:hash_depth=>0, :method_arg=>true}))) :save))
  (begin
    (send
      (begin
        (send
          (send
            (hole 0 {:hash_depth=>0, :limit_depth=>true, :recv=>true}) :diaspora_user_id=
            (hole 0 {:hash_depth=>0, :method_arg=>true})) :-
          (hole 0 {:hash_depth=>0, :method_arg=>true}))) :save))
  (send
    (begin
      (send
        (send
          (hole 0 {:hash_depth=>0, :limit_depth=>true, :recv=>true}) :diaspora_user_id=
          (hole 0 {:hash_depth=>0, :method_arg=>true})) :count)) :confirmed=
    (hole 0 {:hash_depth=>0, :method_arg=>true}))
  (send
    (begin
      (send
        (send
          (hole 0 {:hash_depth=>0, :limit_depth=>true, :recv=>true}) :diaspora_user_id=
          (hole 0 {:hash_depth=>0, :method_arg=>true})) :count)) :confirmed)
  (send
    (begin
      (send
        (send
          (hole 0 {:hash_depth=>0, :limit_depth=>true, :recv=>true}) :diaspora_user_id=
          (hole 0 {:hash_depth=>0, :method_arg=>true})) :count)) :expired=
    (hole 0 {:hash_depth=>0, :method_arg=>true}))
  (send
    (begin
      (send
        (send
          (hole 0 {:hash_depth=>0, :limit_depth=>true, :recv=>true}) :diaspora_user_id=
          (hole 0 {:hash_depth=>0, :method_arg=>true})) :count)) :expired)
  (send
    (begin
      (send
        (send
          (hole 0 {:hash_depth=>0, :limit_depth=>true, :recv=>true}) :diaspora_user_id=
          (hole 0 {:hash_depth=>0, :method_arg=>true})) :count)) :discoverable=
    (hole 0 {:hash_depth=>0, :method_arg=>true}))
  (send
    (begin
      (send
        (send
          (hole 0 {:hash_depth=>0, :limit_depth=>true, :recv=>true}) :diaspora_user_id=
          (hole 0 {:hash_depth=>0, :method_arg=>true})) :count)) :discoverable)
  (send
    (begin
      (send
        (send
          (hole 0 {:hash_depth=>0, :limit_depth=>true, :recv=>true}) :diaspora_user_id=
          (hole 0 {:hash_depth=>0, :method_arg=>true})) :count)) :scheduled_check=
    (hole 0 {:hash_depth=>0, :method_arg=>true}))
  (send
    (begin
      (send
        (send
          (hole 0 {:hash_depth=>0, :limit_depth=>true, :recv=>true}) :diaspora_user_id=
          (hole 0 {:hash_depth=>0, :method_arg=>true})) :count)) :scheduled_check)
  (send
    (begin
      (send
        (send
          (hole 0 {:hash_depth=>0, :limit_depth=>true, :recv=>true}) :diaspora_user_id=
          (hole 0 {:hash_depth=>0, :method_arg=>true})) :count)) :otp_required_for_login=
    (hole 0 {:hash_depth=>0, :method_arg=>true}))
  (send
    (begin
      (send
        (send
          (hole 0 {:hash_depth=>0, :limit_depth=>true, :recv=>true}) :diaspora_user_id=
          (hole 0 {:hash_depth=>0, :method_arg=>true})) :count)) :otp_required_for_login)
  (send
    (begin
      (send
        (send
          (hole 0 {:hash_depth=>0, :limit_depth=>true, :recv=>true}) :diaspora_user_id=
          (hole 0 {:hash_depth=>0, :method_arg=>true})) :count)) :admin=
    (hole 0 {:hash_depth=>0, :method_arg=>true}))
  (send
    (begin
      (send
        (send
          (hole 0 {:hash_depth=>0, :limit_depth=>true, :recv=>true}) :diaspora_user_id=
          (hole 0 {:hash_depth=>0, :method_arg=>true})) :count)) :admin)
  (send
    (begin
      (send
        (send
          (hole 0 {:hash_depth=>0, :limit_depth=>true, :recv=>true}) :diaspora_user_id=
          (hole 0 {:hash_depth=>0, :method_arg=>true})) :count)) :staged=
    (hole 0 {:hash_depth=>0, :method_arg=>true}))
  (send
    (begin
      (send
        (send
          (hole 0 {:hash_depth=>0, :limit_depth=>true, :recv=>true}) :diaspora_user_id=
          (hole 0 {:hash_depth=>0, :method_arg=>true})) :count)) :staged)
  (send
    (begin
      (send
        (send
          (hole 0 {:hash_depth=>0, :limit_depth=>true, :recv=>true}) :diaspora_user_id=
          (hole 0 {:hash_depth=>0, :method_arg=>true})) :count)) :active=
    (hole 0 {:hash_depth=>0, :method_arg=>true}))
  (send
    (begin
      (send
        (send
          (hole 0 {:hash_depth=>0, :limit_depth=>true, :recv=>true}) :diaspora_user_id=
          (hole 0 {:hash_depth=>0, :method_arg=>true})) :count)) :active)
  (send
    (begin
      (send
        (send
          (hole 0 {:hash_depth=>0, :limit_depth=>true, :recv=>true}) :diaspora_user_id=
          (hole 0 {:hash_depth=>0, :method_arg=>true})) :count)) :primary=
    (hole 0 {:hash_depth=>0, :method_arg=>true}))
  (send
    (begin
      (send
        (send
          (hole 0 {:hash_depth=>0, :limit_depth=>true, :recv=>true}) :diaspora_user_id=
          (hole 0 {:hash_depth=>0, :method_arg=>true})) :count)) :primary)
  (send
    (begin
      (send
        (send
          (hole 0 {:hash_depth=>0, :limit_depth=>true, :recv=>true}) :diaspora_user_id=
          (hole 0 {:hash_depth=>0, :method_arg=>true})) :count)) :moderator=
    (hole 0 {:hash_depth=>0, :method_arg=>true}))
  (send
    (begin
      (send
        (send
          (hole 0 {:hash_depth=>0, :limit_depth=>true, :recv=>true}) :diaspora_user_id=
          (hole 0 {:hash_depth=>0, :method_arg=>true})) :count)) :moderator)
  (begin
    (send
      (begin
        (send
          (send
            (hole 0 {:hash_depth=>0, :limit_depth=>true, :recv=>true}) :diaspora_user_id=
            (hole 0 {:hash_depth=>0, :method_arg=>true})) :count)) :-
      (hole 0 {:hash_depth=>0, :method_arg=>true})))
  (begin
    (send
      (begin
        (send
          (send
            (hole 0 {:hash_depth=>0, :limit_depth=>true, :recv=>true}) :diaspora_user_id=
            (hole 0 {:hash_depth=>0, :method_arg=>true})) :count)) :-
      (hole 0 {:hash_depth=>0, :method_arg=>true})))
  (begin
    (send
      (begin
        (send
          (send
            (hole 0 {:hash_depth=>0, :limit_depth=>true, :recv=>true}) :diaspora_user_id=
            (hole 0 {:hash_depth=>0, :method_arg=>true})) :count)) :-
      (hole 0 {:hash_depth=>0, :method_arg=>true})))
  (begin
    (send
      (begin
        (send
          (send
            (hole 0 {:hash_depth=>0, :limit_depth=>true, :recv=>true}) :diaspora_user_id=
            (hole 0 {:hash_depth=>0, :method_arg=>true})) :count)) :save))
  (begin
    (send
      (begin
        (send
          (send
            (hole 0 {:hash_depth=>0, :limit_depth=>true, :recv=>true}) :diaspora_user_id=
            (hole 0 {:hash_depth=>0, :method_arg=>true})) :save)) :count))
  (begin
    (send
      (begin
        (send
          (send
            (hole 0 {:hash_depth=>0, :limit_depth=>true, :recv=>true}) :diaspora_user_id=
            (hole 0 {:hash_depth=>0, :method_arg=>true})) :save)) :-
      (hole 0 {:hash_depth=>0, :method_arg=>true})))
  (begin
    (send
      (begin
        (send
          (send
            (hole 0 {:hash_depth=>0, :limit_depth=>true, :recv=>true}) :diaspora_user_id=
            (hole 0 {:hash_depth=>0, :method_arg=>true})) :save)) :save))
  (begin
    (send
      (begin
        (send
          (send
            (hole 0 {:hash_depth=>0, :limit_depth=>true, :recv=>true}) :diaspora_user_id) :-
          (hole 0 {:hash_depth=>0, :method_arg=>true}))) :-
      (hole 0 {:hash_depth=>0, :method_arg=>true})))
  (begin
    (send
      (begin
        (send
          (send
            (hole 0 {:hash_depth=>0, :limit_depth=>true, :recv=>true}) :diaspora_user_id) :-
          (hole 0 {:hash_depth=>0, :method_arg=>true}))) :-
      (hole 0 {:hash_depth=>0, :method_arg=>true})))
  (begin
    (send
      (begin
        (send
          (send
            (hole 0 {:hash_depth=>0, :limit_depth=>true, :recv=>true}) :diaspora_user_id) :-
          (hole 0 {:hash_depth=>0, :method_arg=>true}))) :-
      (hole 0 {:hash_depth=>0, :method_arg=>true})))
  (begin
    (send
      (begin
        (send
          (send
            (hole 0 {:hash_depth=>0, :limit_depth=>true, :recv=>true}) :diaspora_user_id) :-
          (hole 0 {:hash_depth=>0, :method_arg=>true}))) :-
      (hole 0 {:hash_depth=>0, :method_arg=>true})))
  (begin
    (send
      (begin
        (send
          (send
            (hole 0 {:hash_depth=>0, :limit_depth=>true, :recv=>true}) :diaspora_user_id) :-
          (hole 0 {:hash_depth=>0, :method_arg=>true}))) :-
      (hole 0 {:hash_depth=>0, :method_arg=>true})))
  (begin
    (send
      (begin
        (send
          (send
            (hole 0 {:hash_depth=>0, :limit_depth=>true, :recv=>true}) :diaspora_user_id) :-
          (hole 0 {:hash_depth=>0, :method_arg=>true}))) :-
      (hole 0 {:hash_depth=>0, :method_arg=>true})))
  (begin
    (send
      (begin
        (send
          (send
            (hole 0 {:hash_depth=>0, :limit_depth=>true, :recv=>true}) :diaspora_user_id) :-
          (hole 0 {:hash_depth=>0, :method_arg=>true}))) :-
      (hole 0 {:hash_depth=>0, :method_arg=>true})))
  (begin
    (send
      (begin
        (send
          (send
            (hole 0 {:hash_depth=>0, :limit_depth=>true, :recv=>true}) :diaspora_user_id) :-
          (hole 0 {:hash_depth=>0, :method_arg=>true}))) :-
      (hole 0 {:hash_depth=>0, :method_arg=>true})))
  (begin
    (send
      (begin
        (send
          (send
            (hole 0 {:hash_depth=>0, :limit_depth=>true, :recv=>true}) :diaspora_user_id) :-
          (hole 0 {:hash_depth=>0, :method_arg=>true}))) :-
      (hole 0 {:hash_depth=>0, :method_arg=>true})))
  (begin
    (send
      (begin
        (send
          (send
            (hole 0 {:hash_depth=>0, :limit_depth=>true, :recv=>true}) :diaspora_user_id) :-
          (hole 0 {:hash_depth=>0, :method_arg=>true}))) :count))
  (begin
    (send
      (begin
        (send
          (send
            (hole 0 {:hash_depth=>0, :limit_depth=>true, :recv=>true}) :diaspora_user_id) :-
          (hole 0 {:hash_depth=>0, :method_arg=>true}))) :count))
  (begin
    (send
      (begin
        (send
          (send
            (hole 0 {:hash_depth=>0, :limit_depth=>true, :recv=>true}) :diaspora_user_id) :-
          (hole 0 {:hash_depth=>0, :method_arg=>true}))) :count))
  (begin
    (send
      (begin
        (send
          (send
            (hole 0 {:hash_depth=>0, :limit_depth=>true, :recv=>true}) :diaspora_user_id) :-
          (hole 0 {:hash_depth=>0, :method_arg=>true}))) :save))
  (begin
    (send
      (begin
        (send
          (send
            (hole 0 {:hash_depth=>0, :limit_depth=>true, :recv=>true}) :diaspora_user_id) :-
          (hole 0 {:hash_depth=>0, :method_arg=>true}))) :save))
  (begin
    (send
      (begin
        (send
          (send
            (hole 0 {:hash_depth=>0, :limit_depth=>true, :recv=>true}) :diaspora_user_id) :-
          (hole 0 {:hash_depth=>0, :method_arg=>true}))) :save))
  (send
    (begin
      (send
        (send
          (hole 0 {:hash_depth=>0, :limit_depth=>true, :recv=>true}) :diaspora_user_id) :-
        (hole 0 {:hash_depth=>0, :method_arg=>true}))) :confirmed=
    (hole 0 {:hash_depth=>0, :method_arg=>true}))
  (send
    (begin
      (send
        (send
          (hole 0 {:hash_depth=>0, :limit_depth=>true, :recv=>true}) :diaspora_user_id) :-
        (hole 0 {:hash_depth=>0, :method_arg=>true}))) :confirmed=
    (hole 0 {:hash_depth=>0, :method_arg=>true}))
  (send
    (begin
      (send
        (send
          (hole 0 {:hash_depth=>0, :limit_depth=>true, :recv=>true}) :diaspora_user_id) :-
        (hole 0 {:hash_depth=>0, :method_arg=>true}))) :confirmed=
    (hole 0 {:hash_depth=>0, :method_arg=>true}))
  (send
    (begin
      (send
        (send
          (hole 0 {:hash_depth=>0, :limit_depth=>true, :recv=>true}) :diaspora_user_id) :-
        (hole 0 {:hash_depth=>0, :method_arg=>true}))) :confirmed)
  (send
    (begin
      (send
        (send
          (hole 0 {:hash_depth=>0, :limit_depth=>true, :recv=>true}) :diaspora_user_id) :-
        (hole 0 {:hash_depth=>0, :method_arg=>true}))) :confirmed)
  (send
    (begin
      (send
        (send
          (hole 0 {:hash_depth=>0, :limit_depth=>true, :recv=>true}) :diaspora_user_id) :-
        (hole 0 {:hash_depth=>0, :method_arg=>true}))) :confirmed)
  (send
    (begin
      (send
        (send
          (hole 0 {:hash_depth=>0, :limit_depth=>true, :recv=>true}) :diaspora_user_id) :-
        (hole 0 {:hash_depth=>0, :method_arg=>true}))) :expired=
    (hole 0 {:hash_depth=>0, :method_arg=>true}))
  (send
    (begin
      (send
        (send
          (hole 0 {:hash_depth=>0, :limit_depth=>true, :recv=>true}) :diaspora_user_id) :-
        (hole 0 {:hash_depth=>0, :method_arg=>true}))) :expired=
    (hole 0 {:hash_depth=>0, :method_arg=>true}))
  (send
    (begin
      (send
        (send
          (hole 0 {:hash_depth=>0, :limit_depth=>true, :recv=>true}) :diaspora_user_id) :-
        (hole 0 {:hash_depth=>0, :method_arg=>true}))) :expired=
    (hole 0 {:hash_depth=>0, :method_arg=>true}))
  (send
    (begin
      (send
        (send
          (hole 0 {:hash_depth=>0, :limit_depth=>true, :recv=>true}) :diaspora_user_id) :-
        (hole 0 {:hash_depth=>0, :method_arg=>true}))) :expired)
  (send
    (begin
      (send
        (send
          (hole 0 {:hash_depth=>0, :limit_depth=>true, :recv=>true}) :diaspora_user_id) :-
        (hole 0 {:hash_depth=>0, :method_arg=>true}))) :expired)
  (send
    (begin
      (send
        (send
          (hole 0 {:hash_depth=>0, :limit_depth=>true, :recv=>true}) :diaspora_user_id) :-
        (hole 0 {:hash_depth=>0, :method_arg=>true}))) :expired)
  (send
    (begin
      (send
        (send
          (hole 0 {:hash_depth=>0, :limit_depth=>true, :recv=>true}) :diaspora_user_id) :-
        (hole 0 {:hash_depth=>0, :method_arg=>true}))) :discoverable=
    (hole 0 {:hash_depth=>0, :method_arg=>true}))
  (send
    (begin
      (send
        (send
          (hole 0 {:hash_depth=>0, :limit_depth=>true, :recv=>true}) :diaspora_user_id) :-
        (hole 0 {:hash_depth=>0, :method_arg=>true}))) :discoverable=
    (hole 0 {:hash_depth=>0, :method_arg=>true}))
  (send
    (begin
      (send
        (send
          (hole 0 {:hash_depth=>0, :limit_depth=>true, :recv=>true}) :diaspora_user_id) :-
        (hole 0 {:hash_depth=>0, :method_arg=>true}))) :discoverable=
    (hole 0 {:hash_depth=>0, :method_arg=>true}))
  (send
    (begin
      (send
        (send
          (hole 0 {:hash_depth=>0, :limit_depth=>true, :recv=>true}) :diaspora_user_id) :-
        (hole 0 {:hash_depth=>0, :method_arg=>true}))) :discoverable)
  (send
    (begin
      (send
        (send
          (hole 0 {:hash_depth=>0, :limit_depth=>true, :recv=>true}) :diaspora_user_id) :-
        (hole 0 {:hash_depth=>0, :method_arg=>true}))) :discoverable)
  (send
    (begin
      (send
        (send
          (hole 0 {:hash_depth=>0, :limit_depth=>true, :recv=>true}) :diaspora_user_id) :-
        (hole 0 {:hash_depth=>0, :method_arg=>true}))) :discoverable)
  (send
    (begin
      (send
        (send
          (hole 0 {:hash_depth=>0, :limit_depth=>true, :recv=>true}) :diaspora_user_id) :-
        (hole 0 {:hash_depth=>0, :method_arg=>true}))) :scheduled_check=
    (hole 0 {:hash_depth=>0, :method_arg=>true}))
  (send
    (begin
      (send
        (send
          (hole 0 {:hash_depth=>0, :limit_depth=>true, :recv=>true}) :diaspora_user_id) :-
        (hole 0 {:hash_depth=>0, :method_arg=>true}))) :scheduled_check=
    (hole 0 {:hash_depth=>0, :method_arg=>true}))
  (send
    (begin
      (send
        (send
          (hole 0 {:hash_depth=>0, :limit_depth=>true, :recv=>true}) :diaspora_user_id) :-
        (hole 0 {:hash_depth=>0, :method_arg=>true}))) :scheduled_check=
    (hole 0 {:hash_depth=>0, :method_arg=>true}))
  (send
    (begin
      (send
        (send
          (hole 0 {:hash_depth=>0, :limit_depth=>true, :recv=>true}) :diaspora_user_id) :-
        (hole 0 {:hash_depth=>0, :method_arg=>true}))) :scheduled_check)
  (send
    (begin
      (send
        (send
          (hole 0 {:hash_depth=>0, :limit_depth=>true, :recv=>true}) :diaspora_user_id) :-
        (hole 0 {:hash_depth=>0, :method_arg=>true}))) :scheduled_check)
  (send
    (begin
      (send
        (send
          (hole 0 {:hash_depth=>0, :limit_depth=>true, :recv=>true}) :diaspora_user_id) :-
        (hole 0 {:hash_depth=>0, :method_arg=>true}))) :scheduled_check)
  (send
    (begin
      (send
        (send
          (hole 0 {:hash_depth=>0, :limit_depth=>true, :recv=>true}) :diaspora_user_id) :-
        (hole 0 {:hash_depth=>0, :method_arg=>true}))) :otp_required_for_login=
    (hole 0 {:hash_depth=>0, :method_arg=>true}))
  (send
    (begin
      (send
        (send
          (hole 0 {:hash_depth=>0, :limit_depth=>true, :recv=>true}) :diaspora_user_id) :-
        (hole 0 {:hash_depth=>0, :method_arg=>true}))) :otp_required_for_login=
    (hole 0 {:hash_depth=>0, :method_arg=>true}))
  (send
    (begin
      (send
        (send
          (hole 0 {:hash_depth=>0, :limit_depth=>true, :recv=>true}) :diaspora_user_id) :-
        (hole 0 {:hash_depth=>0, :method_arg=>true}))) :otp_required_for_login=
    (hole 0 {:hash_depth=>0, :method_arg=>true}))
  (send
    (begin
      (send
        (send
          (hole 0 {:hash_depth=>0, :limit_depth=>true, :recv=>true}) :diaspora_user_id) :-
        (hole 0 {:hash_depth=>0, :method_arg=>true}))) :otp_required_for_login)
  (send
    (begin
      (send
        (send
          (hole 0 {:hash_depth=>0, :limit_depth=>true, :recv=>true}) :diaspora_user_id) :-
        (hole 0 {:hash_depth=>0, :method_arg=>true}))) :otp_required_for_login)
  (send
    (begin
      (send
        (send
          (hole 0 {:hash_depth=>0, :limit_depth=>true, :recv=>true}) :diaspora_user_id) :-
        (hole 0 {:hash_depth=>0, :method_arg=>true}))) :otp_required_for_login)
  (send
    (begin
      (send
        (send
          (hole 0 {:hash_depth=>0, :limit_depth=>true, :recv=>true}) :diaspora_user_id) :-
        (hole 0 {:hash_depth=>0, :method_arg=>true}))) :admin=
    (hole 0 {:hash_depth=>0, :method_arg=>true}))
  (send
    (begin
      (send
        (send
          (hole 0 {:hash_depth=>0, :limit_depth=>true, :recv=>true}) :diaspora_user_id) :-
        (hole 0 {:hash_depth=>0, :method_arg=>true}))) :admin=
    (hole 0 {:hash_depth=>0, :method_arg=>true}))
  (send
    (begin
      (send
        (send
          (hole 0 {:hash_depth=>0, :limit_depth=>true, :recv=>true}) :diaspora_user_id) :-
        (hole 0 {:hash_depth=>0, :method_arg=>true}))) :admin=
    (hole 0 {:hash_depth=>0, :method_arg=>true}))
  (send
    (begin
      (send
        (send
          (hole 0 {:hash_depth=>0, :limit_depth=>true, :recv=>true}) :diaspora_user_id) :-
        (hole 0 {:hash_depth=>0, :method_arg=>true}))) :admin)
  (send
    (begin
      (send
        (send
          (hole 0 {:hash_depth=>0, :limit_depth=>true, :recv=>true}) :diaspora_user_id) :-
        (hole 0 {:hash_depth=>0, :method_arg=>true}))) :admin)
  (send
    (begin
      (send
        (send
          (hole 0 {:hash_depth=>0, :limit_depth=>true, :recv=>true}) :diaspora_user_id) :-
        (hole 0 {:hash_depth=>0, :method_arg=>true}))) :admin)
  (send
    (begin
      (send
        (send
          (hole 0 {:hash_depth=>0, :limit_depth=>true, :recv=>true}) :diaspora_user_id) :-
        (hole 0 {:hash_depth=>0, :method_arg=>true}))) :staged=
    (hole 0 {:hash_depth=>0, :method_arg=>true}))
  (send
    (begin
      (send
        (send
          (hole 0 {:hash_depth=>0, :limit_depth=>true, :recv=>true}) :diaspora_user_id) :-
        (hole 0 {:hash_depth=>0, :method_arg=>true}))) :staged=
    (hole 0 {:hash_depth=>0, :method_arg=>true}))
  (send
    (begin
      (send
        (send
          (hole 0 {:hash_depth=>0, :limit_depth=>true, :recv=>true}) :diaspora_user_id) :-
        (hole 0 {:hash_depth=>0, :method_arg=>true}))) :staged=
    (hole 0 {:hash_depth=>0, :method_arg=>true}))
  (send
    (begin
      (send
        (send
          (hole 0 {:hash_depth=>0, :limit_depth=>true, :recv=>true}) :diaspora_user_id) :-
        (hole 0 {:hash_depth=>0, :method_arg=>true}))) :staged)
  (send
    (begin
      (send
        (send
          (hole 0 {:hash_depth=>0, :limit_depth=>true, :recv=>true}) :diaspora_user_id) :-
        (hole 0 {:hash_depth=>0, :method_arg=>true}))) :staged)
  (send
    (begin
      (send
        (send
          (hole 0 {:hash_depth=>0, :limit_depth=>true, :recv=>true}) :diaspora_user_id) :-
        (hole 0 {:hash_depth=>0, :method_arg=>true}))) :staged)
  (send
    (begin
      (send
        (send
          (hole 0 {:hash_depth=>0, :limit_depth=>true, :recv=>true}) :diaspora_user_id) :-
        (hole 0 {:hash_depth=>0, :method_arg=>true}))) :active=
    (hole 0 {:hash_depth=>0, :method_arg=>true}))
  (send
    (begin
      (send
        (send
          (hole 0 {:hash_depth=>0, :limit_depth=>true, :recv=>true}) :diaspora_user_id) :-
        (hole 0 {:hash_depth=>0, :method_arg=>true}))) :active=
    (hole 0 {:hash_depth=>0, :method_arg=>true}))
  (send
    (begin
      (send
        (send
          (hole 0 {:hash_depth=>0, :limit_depth=>true, :recv=>true}) :diaspora_user_id) :-
        (hole 0 {:hash_depth=>0, :method_arg=>true}))) :active=
    (hole 0 {:hash_depth=>0, :method_arg=>true}))
  (send
    (begin
      (send
        (send
          (hole 0 {:hash_depth=>0, :limit_depth=>true, :recv=>true}) :diaspora_user_id) :-
        (hole 0 {:hash_depth=>0, :method_arg=>true}))) :active)
  (send
    (begin
      (send
        (send
          (hole 0 {:hash_depth=>0, :limit_depth=>true, :recv=>true}) :diaspora_user_id) :-
        (hole 0 {:hash_depth=>0, :method_arg=>true}))) :active)
  (send
    (begin
      (send
        (send
          (hole 0 {:hash_depth=>0, :limit_depth=>true, :recv=>true}) :diaspora_user_id) :-
        (hole 0 {:hash_depth=>0, :method_arg=>true}))) :active)
  (send
    (begin
      (send
        (send
          (hole 0 {:hash_depth=>0, :limit_depth=>true, :recv=>true}) :diaspora_user_id) :-
        (hole 0 {:hash_depth=>0, :method_arg=>true}))) :primary=
    (hole 0 {:hash_depth=>0, :method_arg=>true}))
  (send
    (begin
      (send
        (send
          (hole 0 {:hash_depth=>0, :limit_depth=>true, :recv=>true}) :diaspora_user_id) :-
        (hole 0 {:hash_depth=>0, :method_arg=>true}))) :primary=
    (hole 0 {:hash_depth=>0, :method_arg=>true}))
  (send
    (begin
      (send
        (send
          (hole 0 {:hash_depth=>0, :limit_depth=>true, :recv=>true}) :diaspora_user_id) :-
        (hole 0 {:hash_depth=>0, :method_arg=>true}))) :primary=
    (hole 0 {:hash_depth=>0, :method_arg=>true}))
  (send
    (begin
      (send
        (send
          (hole 0 {:hash_depth=>0, :limit_depth=>true, :recv=>true}) :diaspora_user_id) :-
        (hole 0 {:hash_depth=>0, :method_arg=>true}))) :primary)
  (send
    (begin
      (send
        (send
          (hole 0 {:hash_depth=>0, :limit_depth=>true, :recv=>true}) :diaspora_user_id) :-
        (hole 0 {:hash_depth=>0, :method_arg=>true}))) :primary)
  (send
    (begin
      (send
        (send
          (hole 0 {:hash_depth=>0, :limit_depth=>true, :recv=>true}) :diaspora_user_id) :-
        (hole 0 {:hash_depth=>0, :method_arg=>true}))) :primary)
  (send
    (begin
      (send
        (send
          (hole 0 {:hash_depth=>0, :limit_depth=>true, :recv=>true}) :diaspora_user_id) :-
        (hole 0 {:hash_depth=>0, :method_arg=>true}))) :moderator=
    (hole 0 {:hash_depth=>0, :method_arg=>true}))
  (send
    (begin
      (send
        (send
          (hole 0 {:hash_depth=>0, :limit_depth=>true, :recv=>true}) :diaspora_user_id) :-
        (hole 0 {:hash_depth=>0, :method_arg=>true}))) :moderator=
    (hole 0 {:hash_depth=>0, :method_arg=>true}))
  (send
    (begin
      (send
        (send
          (hole 0 {:hash_depth=>0, :limit_depth=>true, :recv=>true}) :diaspora_user_id) :-
        (hole 0 {:hash_depth=>0, :method_arg=>true}))) :moderator=
    (hole 0 {:hash_depth=>0, :method_arg=>true}))
  (send
    (begin
      (send
        (send
          (hole 0 {:hash_depth=>0, :limit_depth=>true, :recv=>true}) :diaspora_user_id) :-
        (hole 0 {:hash_depth=>0, :method_arg=>true}))) :moderator)
  (send
    (begin
      (send
        (send
          (hole 0 {:hash_depth=>0, :limit_depth=>true, :recv=>true}) :diaspora_user_id) :-
        (hole 0 {:hash_depth=>0, :method_arg=>true}))) :moderator)
  (send
    (begin
      (send
        (send
          (hole 0 {:hash_depth=>0, :limit_depth=>true, :recv=>true}) :diaspora_user_id) :-
        (hole 0 {:hash_depth=>0, :method_arg=>true}))) :moderator)
  (begin
    (send
      (begin
        (send
          (send
            (hole 0 {:hash_depth=>0, :limit_depth=>true, :recv=>true}) :diaspora_user_id) :-
          (hole 0 {:hash_depth=>0, :method_arg=>true}))) :-
      (hole 0 {:hash_depth=>0, :method_arg=>true})))
  (begin
    (send
      (begin
        (send
          (send
            (hole 0 {:hash_depth=>0, :limit_depth=>true, :recv=>true}) :diaspora_user_id) :-
          (hole 0 {:hash_depth=>0, :method_arg=>true}))) :-
      (hole 0 {:hash_depth=>0, :method_arg=>true})))
  (begin
    (send
      (begin
        (send
          (send
            (hole 0 {:hash_depth=>0, :limit_depth=>true, :recv=>true}) :diaspora_user_id) :-
          (hole 0 {:hash_depth=>0, :method_arg=>true}))) :-
      (hole 0 {:hash_depth=>0, :method_arg=>true})))
  (begin
    (send
      (begin
        (send
          (send
            (hole 0 {:hash_depth=>0, :limit_depth=>true, :recv=>true}) :diaspora_user_id) :-
          (hole 0 {:hash_depth=>0, :method_arg=>true}))) :-
      (hole 0 {:hash_depth=>0, :method_arg=>true})))
  (begin
    (send
      (begin
        (send
          (send
            (hole 0 {:hash_depth=>0, :limit_depth=>true, :recv=>true}) :diaspora_user_id) :-
          (hole 0 {:hash_depth=>0, :method_arg=>true}))) :-
      (hole 0 {:hash_depth=>0, :method_arg=>true})))
  (begin
    (send
      (begin
        (send
          (send
            (hole 0 {:hash_depth=>0, :limit_depth=>true, :recv=>true}) :diaspora_user_id) :-
          (hole 0 {:hash_depth=>0, :method_arg=>true}))) :-
      (hole 0 {:hash_depth=>0, :method_arg=>true})))
  (begin
    (send
      (begin
        (send
          (send
            (hole 0 {:hash_depth=>0, :limit_depth=>true, :recv=>true}) :diaspora_user_id) :-
          (hole 0 {:hash_depth=>0, :method_arg=>true}))) :-
      (hole 0 {:hash_depth=>0, :method_arg=>true})))
  (begin
    (send
      (begin
        (send
          (send
            (hole 0 {:hash_depth=>0, :limit_depth=>true, :recv=>true}) :diaspora_user_id) :-
          (hole 0 {:hash_depth=>0, :method_arg=>true}))) :-
      (hole 0 {:hash_depth=>0, :method_arg=>true})))
  (begin
    (send
      (begin
        (send
          (send
            (hole 0 {:hash_depth=>0, :limit_depth=>true, :recv=>true}) :diaspora_user_id) :-
          (hole 0 {:hash_depth=>0, :method_arg=>true}))) :-
      (hole 0 {:hash_depth=>0, :method_arg=>true})))
  (begin
    (send
      (begin
        (send
          (send
            (hole 0 {:hash_depth=>0, :limit_depth=>true, :recv=>true}) :diaspora_user_id) :-
          (hole 0 {:hash_depth=>0, :method_arg=>true}))) :save))
  (begin
    (send
      (begin
        (send
          (send
            (hole 0 {:hash_depth=>0, :limit_depth=>true, :recv=>true}) :diaspora_user_id) :-
          (hole 0 {:hash_depth=>0, :method_arg=>true}))) :save))
  (begin
    (send
      (begin
        (send
          (send
            (hole 0 {:hash_depth=>0, :limit_depth=>true, :recv=>true}) :diaspora_user_id) :-
          (hole 0 {:hash_depth=>0, :method_arg=>true}))) :save))
  (send
    (begin
      (send
        (send
          (hole 0 {:hash_depth=>0, :limit_depth=>true, :recv=>true}) :diaspora_user_id) :count)) :confirmed=
    (hole 0 {:hash_depth=>0, :method_arg=>true}))
  (send
    (begin
      (send
        (send
          (hole 0 {:hash_depth=>0, :limit_depth=>true, :recv=>true}) :diaspora_user_id) :count)) :confirmed)
  (send
    (begin
      (send
        (send
          (hole 0 {:hash_depth=>0, :limit_depth=>true, :recv=>true}) :diaspora_user_id) :count)) :expired=
    (hole 0 {:hash_depth=>0, :method_arg=>true}))
  (send
    (begin
      (send
        (send
          (hole 0 {:hash_depth=>0, :limit_depth=>true, :recv=>true}) :diaspora_user_id) :count)) :expired)
  (send
    (begin
      (send
        (send
          (hole 0 {:hash_depth=>0, :limit_depth=>true, :recv=>true}) :diaspora_user_id) :count)) :discoverable=
    (hole 0 {:hash_depth=>0, :method_arg=>true}))
  (send
    (begin
      (send
        (send
          (hole 0 {:hash_depth=>0, :limit_depth=>true, :recv=>true}) :diaspora_user_id) :count)) :discoverable)
  (send
    (begin
      (send
        (send
          (hole 0 {:hash_depth=>0, :limit_depth=>true, :recv=>true}) :diaspora_user_id) :count)) :scheduled_check=
    (hole 0 {:hash_depth=>0, :method_arg=>true}))
  (send
    (begin
      (send
        (send
          (hole 0 {:hash_depth=>0, :limit_depth=>true, :recv=>true}) :diaspora_user_id) :count)) :scheduled_check)
  (send
    (begin
      (send
        (send
          (hole 0 {:hash_depth=>0, :limit_depth=>true, :recv=>true}) :diaspora_user_id) :count)) :otp_required_for_login=
    (hole 0 {:hash_depth=>0, :method_arg=>true}))
  (send
    (begin
      (send
        (send
          (hole 0 {:hash_depth=>0, :limit_depth=>true, :recv=>true}) :diaspora_user_id) :count)) :otp_required_for_login)
  (send
    (begin
      (send
        (send
          (hole 0 {:hash_depth=>0, :limit_depth=>true, :recv=>true}) :diaspora_user_id) :count)) :admin=
    (hole 0 {:hash_depth=>0, :method_arg=>true}))
  (send
    (begin
      (send
        (send
          (hole 0 {:hash_depth=>0, :limit_depth=>true, :recv=>true}) :diaspora_user_id) :count)) :admin)
  (send
    (begin
      (send
        (send
          (hole 0 {:hash_depth=>0, :limit_depth=>true, :recv=>true}) :diaspora_user_id) :count)) :staged=
    (hole 0 {:hash_depth=>0, :method_arg=>true}))
  (send
    (begin
      (send
        (send
          (hole 0 {:hash_depth=>0, :limit_depth=>true, :recv=>true}) :diaspora_user_id) :count)) :staged)
  (send
    (begin
      (send
        (send
          (hole 0 {:hash_depth=>0, :limit_depth=>true, :recv=>true}) :diaspora_user_id) :count)) :active=
    (hole 0 {:hash_depth=>0, :method_arg=>true}))
  (send
    (begin
      (send
        (send
          (hole 0 {:hash_depth=>0, :limit_depth=>true, :recv=>true}) :diaspora_user_id) :count)) :active)
  (send
    (begin
      (send
        (send
          (hole 0 {:hash_depth=>0, :limit_depth=>true, :recv=>true}) :diaspora_user_id) :count)) :primary=
    (hole 0 {:hash_depth=>0, :method_arg=>true}))
  (send
    (begin
      (send
        (send
          (hole 0 {:hash_depth=>0, :limit_depth=>true, :recv=>true}) :diaspora_user_id) :count)) :primary)
  (send
    (begin
      (send
        (send
          (hole 0 {:hash_depth=>0, :limit_depth=>true, :recv=>true}) :diaspora_user_id) :count)) :moderator=
    (hole 0 {:hash_depth=>0, :method_arg=>true}))
  (send
    (begin
      (send
        (send
          (hole 0 {:hash_depth=>0, :limit_depth=>true, :recv=>true}) :diaspora_user_id) :count)) :moderator)
  (begin
    (send
      (begin
        (send
          (send
            (hole 0 {:hash_depth=>0, :limit_depth=>true, :recv=>true}) :diaspora_user_id) :count)) :-
      (hole 0 {:hash_depth=>0, :method_arg=>true})))
  (begin
    (send
      (begin
        (send
          (send
            (hole 0 {:hash_depth=>0, :limit_depth=>true, :recv=>true}) :diaspora_user_id) :count)) :-
      (hole 0 {:hash_depth=>0, :method_arg=>true})))
  (begin
    (send
      (begin
        (send
          (send
            (hole 0 {:hash_depth=>0, :limit_depth=>true, :recv=>true}) :diaspora_user_id) :count)) :-
      (hole 0 {:hash_depth=>0, :method_arg=>true})))
  (begin
    (send
      (begin
        (send
          (send
            (hole 0 {:hash_depth=>0, :limit_depth=>true, :recv=>true}) :diaspora_user_id) :count)) :save))
  (begin
    (send
      (begin
        (send
          (send
            (hole 0 {:hash_depth=>0, :limit_depth=>true, :recv=>true}) :diaspora_user_id) :save)) :count))
  (begin
    (send
      (begin
        (send
          (send
            (hole 0 {:hash_depth=>0, :limit_depth=>true, :recv=>true}) :diaspora_user_id) :save)) :-
      (hole 0 {:hash_depth=>0, :method_arg=>true})))
  (begin
    (send
      (begin
        (send
          (send
            (hole 0 {:hash_depth=>0, :limit_depth=>true, :recv=>true}) :diaspora_user_id) :save)) :save))
  (begin
    (send
      (begin
        (send
          (send
            (hole 0 {:hash_depth=>0, :limit_depth=>true, :recv=>true}) :count=
            (hole 0 {:hash_depth=>0, :method_arg=>true})) :-
          (hole 0 {:hash_depth=>0, :method_arg=>true}))) :-
      (hole 0 {:hash_depth=>0, :method_arg=>true})))
  (begin
    (send
      (begin
        (send
          (send
            (hole 0 {:hash_depth=>0, :limit_depth=>true, :recv=>true}) :count=
            (hole 0 {:hash_depth=>0, :method_arg=>true})) :-
          (hole 0 {:hash_depth=>0, :method_arg=>true}))) :-
      (hole 0 {:hash_depth=>0, :method_arg=>true})))
  (begin
    (send
      (begin
        (send
          (send
            (hole 0 {:hash_depth=>0, :limit_depth=>true, :recv=>true}) :count=
            (hole 0 {:hash_depth=>0, :method_arg=>true})) :-
          (hole 0 {:hash_depth=>0, :method_arg=>true}))) :-
      (hole 0 {:hash_depth=>0, :method_arg=>true})))
  (begin
    (send
      (begin
        (send
          (send
            (hole 0 {:hash_depth=>0, :limit_depth=>true, :recv=>true}) :count=
            (hole 0 {:hash_depth=>0, :method_arg=>true})) :-
          (hole 0 {:hash_depth=>0, :method_arg=>true}))) :-
      (hole 0 {:hash_depth=>0, :method_arg=>true})))
  (begin
    (send
      (begin
        (send
          (send
            (hole 0 {:hash_depth=>0, :limit_depth=>true, :recv=>true}) :count=
            (hole 0 {:hash_depth=>0, :method_arg=>true})) :-
          (hole 0 {:hash_depth=>0, :method_arg=>true}))) :-
      (hole 0 {:hash_depth=>0, :method_arg=>true})))
  (begin
    (send
      (begin
        (send
          (send
            (hole 0 {:hash_depth=>0, :limit_depth=>true, :recv=>true}) :count=
            (hole 0 {:hash_depth=>0, :method_arg=>true})) :-
          (hole 0 {:hash_depth=>0, :method_arg=>true}))) :-
      (hole 0 {:hash_depth=>0, :method_arg=>true})))
  (begin
    (send
      (begin
        (send
          (send
            (hole 0 {:hash_depth=>0, :limit_depth=>true, :recv=>true}) :count=
            (hole 0 {:hash_depth=>0, :method_arg=>true})) :-
          (hole 0 {:hash_depth=>0, :method_arg=>true}))) :-
      (hole 0 {:hash_depth=>0, :method_arg=>true})))
  (begin
    (send
      (begin
        (send
          (send
            (hole 0 {:hash_depth=>0, :limit_depth=>true, :recv=>true}) :count=
            (hole 0 {:hash_depth=>0, :method_arg=>true})) :-
          (hole 0 {:hash_depth=>0, :method_arg=>true}))) :-
      (hole 0 {:hash_depth=>0, :method_arg=>true})))
  (begin
    (send
      (begin
        (send
          (send
            (hole 0 {:hash_depth=>0, :limit_depth=>true, :recv=>true}) :count=
            (hole 0 {:hash_depth=>0, :method_arg=>true})) :-
          (hole 0 {:hash_depth=>0, :method_arg=>true}))) :-
      (hole 0 {:hash_depth=>0, :method_arg=>true})))
  (begin
    (send
      (begin
        (send
          (send
            (hole 0 {:hash_depth=>0, :limit_depth=>true, :recv=>true}) :count=
            (hole 0 {:hash_depth=>0, :method_arg=>true})) :-
          (hole 0 {:hash_depth=>0, :method_arg=>true}))) :count))
  (begin
    (send
      (begin
        (send
          (send
            (hole 0 {:hash_depth=>0, :limit_depth=>true, :recv=>true}) :count=
            (hole 0 {:hash_depth=>0, :method_arg=>true})) :-
          (hole 0 {:hash_depth=>0, :method_arg=>true}))) :count))
  (begin
    (send
      (begin
        (send
          (send
            (hole 0 {:hash_depth=>0, :limit_depth=>true, :recv=>true}) :count=
            (hole 0 {:hash_depth=>0, :method_arg=>true})) :-
          (hole 0 {:hash_depth=>0, :method_arg=>true}))) :count))
  (begin
    (send
      (begin
        (send
          (send
            (hole 0 {:hash_depth=>0, :limit_depth=>true, :recv=>true}) :count=
            (hole 0 {:hash_depth=>0, :method_arg=>true})) :-
          (hole 0 {:hash_depth=>0, :method_arg=>true}))) :save))
  (begin
    (send
      (begin
        (send
          (send
            (hole 0 {:hash_depth=>0, :limit_depth=>true, :recv=>true}) :count=
            (hole 0 {:hash_depth=>0, :method_arg=>true})) :-
          (hole 0 {:hash_depth=>0, :method_arg=>true}))) :save))
  (begin
    (send
      (begin
        (send
          (send
            (hole 0 {:hash_depth=>0, :limit_depth=>true, :recv=>true}) :count=
            (hole 0 {:hash_depth=>0, :method_arg=>true})) :-
          (hole 0 {:hash_depth=>0, :method_arg=>true}))) :save))
  (send
    (begin
      (send
        (send
          (hole 0 {:hash_depth=>0, :limit_depth=>true, :recv=>true}) :count=
          (hole 0 {:hash_depth=>0, :method_arg=>true})) :-
        (hole 0 {:hash_depth=>0, :method_arg=>true}))) :confirmed=
    (hole 0 {:hash_depth=>0, :method_arg=>true}))
  (send
    (begin
      (send
        (send
          (hole 0 {:hash_depth=>0, :limit_depth=>true, :recv=>true}) :count=
          (hole 0 {:hash_depth=>0, :method_arg=>true})) :-
        (hole 0 {:hash_depth=>0, :method_arg=>true}))) :confirmed=
    (hole 0 {:hash_depth=>0, :method_arg=>true}))
  (send
    (begin
      (send
        (send
          (hole 0 {:hash_depth=>0, :limit_depth=>true, :recv=>true}) :count=
          (hole 0 {:hash_depth=>0, :method_arg=>true})) :-
        (hole 0 {:hash_depth=>0, :method_arg=>true}))) :confirmed=
    (hole 0 {:hash_depth=>0, :method_arg=>true}))
  (send
    (begin
      (send
        (send
          (hole 0 {:hash_depth=>0, :limit_depth=>true, :recv=>true}) :count=
          (hole 0 {:hash_depth=>0, :method_arg=>true})) :-
        (hole 0 {:hash_depth=>0, :method_arg=>true}))) :confirmed)
  (send
    (begin
      (send
        (send
          (hole 0 {:hash_depth=>0, :limit_depth=>true, :recv=>true}) :count=
          (hole 0 {:hash_depth=>0, :method_arg=>true})) :-
        (hole 0 {:hash_depth=>0, :method_arg=>true}))) :confirmed)
  (send
    (begin
      (send
        (send
          (hole 0 {:hash_depth=>0, :limit_depth=>true, :recv=>true}) :count=
          (hole 0 {:hash_depth=>0, :method_arg=>true})) :-
        (hole 0 {:hash_depth=>0, :method_arg=>true}))) :confirmed)
  (send
    (begin
      (send
        (send
          (hole 0 {:hash_depth=>0, :limit_depth=>true, :recv=>true}) :count=
          (hole 0 {:hash_depth=>0, :method_arg=>true})) :-
        (hole 0 {:hash_depth=>0, :method_arg=>true}))) :expired=
    (hole 0 {:hash_depth=>0, :method_arg=>true}))
  (send
    (begin
      (send
        (send
          (hole 0 {:hash_depth=>0, :limit_depth=>true, :recv=>true}) :count=
          (hole 0 {:hash_depth=>0, :method_arg=>true})) :-
        (hole 0 {:hash_depth=>0, :method_arg=>true}))) :expired=
    (hole 0 {:hash_depth=>0, :method_arg=>true}))
  (send
    (begin
      (send
        (send
          (hole 0 {:hash_depth=>0, :limit_depth=>true, :recv=>true}) :count=
          (hole 0 {:hash_depth=>0, :method_arg=>true})) :-
        (hole 0 {:hash_depth=>0, :method_arg=>true}))) :expired=
    (hole 0 {:hash_depth=>0, :method_arg=>true}))
  (send
    (begin
      (send
        (send
          (hole 0 {:hash_depth=>0, :limit_depth=>true, :recv=>true}) :count=
          (hole 0 {:hash_depth=>0, :method_arg=>true})) :-
        (hole 0 {:hash_depth=>0, :method_arg=>true}))) :expired)
  (send
    (begin
      (send
        (send
          (hole 0 {:hash_depth=>0, :limit_depth=>true, :recv=>true}) :count=
          (hole 0 {:hash_depth=>0, :method_arg=>true})) :-
        (hole 0 {:hash_depth=>0, :method_arg=>true}))) :expired)
  (send
    (begin
      (send
        (send
          (hole 0 {:hash_depth=>0, :limit_depth=>true, :recv=>true}) :count=
          (hole 0 {:hash_depth=>0, :method_arg=>true})) :-
        (hole 0 {:hash_depth=>0, :method_arg=>true}))) :expired)
  (send
    (begin
      (send
        (send
          (hole 0 {:hash_depth=>0, :limit_depth=>true, :recv=>true}) :count=
          (hole 0 {:hash_depth=>0, :method_arg=>true})) :-
        (hole 0 {:hash_depth=>0, :method_arg=>true}))) :discoverable=
    (hole 0 {:hash_depth=>0, :method_arg=>true}))
  (send
    (begin
      (send
        (send
          (hole 0 {:hash_depth=>0, :limit_depth=>true, :recv=>true}) :count=
          (hole 0 {:hash_depth=>0, :method_arg=>true})) :-
        (hole 0 {:hash_depth=>0, :method_arg=>true}))) :discoverable=
    (hole 0 {:hash_depth=>0, :method_arg=>true}))
  (send
    (begin
      (send
        (send
          (hole 0 {:hash_depth=>0, :limit_depth=>true, :recv=>true}) :count=
          (hole 0 {:hash_depth=>0, :method_arg=>true})) :-
        (hole 0 {:hash_depth=>0, :method_arg=>true}))) :discoverable=
    (hole 0 {:hash_depth=>0, :method_arg=>true}))
  (send
    (begin
      (send
        (send
          (hole 0 {:hash_depth=>0, :limit_depth=>true, :recv=>true}) :count=
          (hole 0 {:hash_depth=>0, :method_arg=>true})) :-
        (hole 0 {:hash_depth=>0, :method_arg=>true}))) :discoverable)
  (send
    (begin
      (send
        (send
          (hole 0 {:hash_depth=>0, :limit_depth=>true, :recv=>true}) :count=
          (hole 0 {:hash_depth=>0, :method_arg=>true})) :-
        (hole 0 {:hash_depth=>0, :method_arg=>true}))) :discoverable)
  (send
    (begin
      (send
        (send
          (hole 0 {:hash_depth=>0, :limit_depth=>true, :recv=>true}) :count=
          (hole 0 {:hash_depth=>0, :method_arg=>true})) :-
        (hole 0 {:hash_depth=>0, :method_arg=>true}))) :discoverable)
  (send
    (begin
      (send
        (send
          (hole 0 {:hash_depth=>0, :limit_depth=>true, :recv=>true}) :count=
          (hole 0 {:hash_depth=>0, :method_arg=>true})) :-
        (hole 0 {:hash_depth=>0, :method_arg=>true}))) :scheduled_check=
    (hole 0 {:hash_depth=>0, :method_arg=>true}))
  (send
    (begin
      (send
        (send
          (hole 0 {:hash_depth=>0, :limit_depth=>true, :recv=>true}) :count=
          (hole 0 {:hash_depth=>0, :method_arg=>true})) :-
        (hole 0 {:hash_depth=>0, :method_arg=>true}))) :scheduled_check=
    (hole 0 {:hash_depth=>0, :method_arg=>true}))
  (send
    (begin
      (send
        (send
          (hole 0 {:hash_depth=>0, :limit_depth=>true, :recv=>true}) :count=
          (hole 0 {:hash_depth=>0, :method_arg=>true})) :-
        (hole 0 {:hash_depth=>0, :method_arg=>true}))) :scheduled_check=
    (hole 0 {:hash_depth=>0, :method_arg=>true}))
  (send
    (begin
      (send
        (send
          (hole 0 {:hash_depth=>0, :limit_depth=>true, :recv=>true}) :count=
          (hole 0 {:hash_depth=>0, :method_arg=>true})) :-
        (hole 0 {:hash_depth=>0, :method_arg=>true}))) :scheduled_check)
  (send
    (begin
      (send
        (send
          (hole 0 {:hash_depth=>0, :limit_depth=>true, :recv=>true}) :count=
          (hole 0 {:hash_depth=>0, :method_arg=>true})) :-
        (hole 0 {:hash_depth=>0, :method_arg=>true}))) :scheduled_check)
  (send
    (begin
      (send
        (send
          (hole 0 {:hash_depth=>0, :limit_depth=>true, :recv=>true}) :count=
          (hole 0 {:hash_depth=>0, :method_arg=>true})) :-
        (hole 0 {:hash_depth=>0, :method_arg=>true}))) :scheduled_check)
  (send
    (begin
      (send
        (send
          (hole 0 {:hash_depth=>0, :limit_depth=>true, :recv=>true}) :count=
          (hole 0 {:hash_depth=>0, :method_arg=>true})) :-
        (hole 0 {:hash_depth=>0, :method_arg=>true}))) :otp_required_for_login=
    (hole 0 {:hash_depth=>0, :method_arg=>true}))
  (send
    (begin
      (send
        (send
          (hole 0 {:hash_depth=>0, :limit_depth=>true, :recv=>true}) :count=
          (hole 0 {:hash_depth=>0, :method_arg=>true})) :-
        (hole 0 {:hash_depth=>0, :method_arg=>true}))) :otp_required_for_login=
    (hole 0 {:hash_depth=>0, :method_arg=>true}))
  (send
    (begin
      (send
        (send
          (hole 0 {:hash_depth=>0, :limit_depth=>true, :recv=>true}) :count=
          (hole 0 {:hash_depth=>0, :method_arg=>true})) :-
        (hole 0 {:hash_depth=>0, :method_arg=>true}))) :otp_required_for_login=
    (hole 0 {:hash_depth=>0, :method_arg=>true}))
  (send
    (begin
      (send
        (send
          (hole 0 {:hash_depth=>0, :limit_depth=>true, :recv=>true}) :count=
          (hole 0 {:hash_depth=>0, :method_arg=>true})) :-
        (hole 0 {:hash_depth=>0, :method_arg=>true}))) :otp_required_for_login)
  (send
    (begin
      (send
        (send
          (hole 0 {:hash_depth=>0, :limit_depth=>true, :recv=>true}) :count=
          (hole 0 {:hash_depth=>0, :method_arg=>true})) :-
        (hole 0 {:hash_depth=>0, :method_arg=>true}))) :otp_required_for_login)
  (send
    (begin
      (send
        (send
          (hole 0 {:hash_depth=>0, :limit_depth=>true, :recv=>true}) :count=
          (hole 0 {:hash_depth=>0, :method_arg=>true})) :-
        (hole 0 {:hash_depth=>0, :method_arg=>true}))) :otp_required_for_login)
  (send
    (begin
      (send
        (send
          (hole 0 {:hash_depth=>0, :limit_depth=>true, :recv=>true}) :count=
          (hole 0 {:hash_depth=>0, :method_arg=>true})) :-
        (hole 0 {:hash_depth=>0, :method_arg=>true}))) :admin=
    (hole 0 {:hash_depth=>0, :method_arg=>true}))
  (send
    (begin
      (send
        (send
          (hole 0 {:hash_depth=>0, :limit_depth=>true, :recv=>true}) :count=
          (hole 0 {:hash_depth=>0, :method_arg=>true})) :-
        (hole 0 {:hash_depth=>0, :method_arg=>true}))) :admin=
    (hole 0 {:hash_depth=>0, :method_arg=>true}))
  (send
    (begin
      (send
        (send
          (hole 0 {:hash_depth=>0, :limit_depth=>true, :recv=>true}) :count=
          (hole 0 {:hash_depth=>0, :method_arg=>true})) :-
        (hole 0 {:hash_depth=>0, :method_arg=>true}))) :admin=
    (hole 0 {:hash_depth=>0, :method_arg=>true}))
  (send
    (begin
      (send
        (send
          (hole 0 {:hash_depth=>0, :limit_depth=>true, :recv=>true}) :count=
          (hole 0 {:hash_depth=>0, :method_arg=>true})) :-
        (hole 0 {:hash_depth=>0, :method_arg=>true}))) :admin)
  (send
    (begin
      (send
        (send
          (hole 0 {:hash_depth=>0, :limit_depth=>true, :recv=>true}) :count=
          (hole 0 {:hash_depth=>0, :method_arg=>true})) :-
        (hole 0 {:hash_depth=>0, :method_arg=>true}))) :admin)
  (send
    (begin
      (send
        (send
          (hole 0 {:hash_depth=>0, :limit_depth=>true, :recv=>true}) :count=
          (hole 0 {:hash_depth=>0, :method_arg=>true})) :-
        (hole 0 {:hash_depth=>0, :method_arg=>true}))) :admin)
  (send
    (begin
      (send
        (send
          (hole 0 {:hash_depth=>0, :limit_depth=>true, :recv=>true}) :count=
          (hole 0 {:hash_depth=>0, :method_arg=>true})) :-
        (hole 0 {:hash_depth=>0, :method_arg=>true}))) :staged=
    (hole 0 {:hash_depth=>0, :method_arg=>true}))
  (send
    (begin
      (send
        (send
          (hole 0 {:hash_depth=>0, :limit_depth=>true, :recv=>true}) :count=
          (hole 0 {:hash_depth=>0, :method_arg=>true})) :-
        (hole 0 {:hash_depth=>0, :method_arg=>true}))) :staged=
    (hole 0 {:hash_depth=>0, :method_arg=>true}))
  (send
    (begin
      (send
        (send
          (hole 0 {:hash_depth=>0, :limit_depth=>true, :recv=>true}) :count=
          (hole 0 {:hash_depth=>0, :method_arg=>true})) :-
        (hole 0 {:hash_depth=>0, :method_arg=>true}))) :staged=
    (hole 0 {:hash_depth=>0, :method_arg=>true}))
  (send
    (begin
      (send
        (send
          (hole 0 {:hash_depth=>0, :limit_depth=>true, :recv=>true}) :count=
          (hole 0 {:hash_depth=>0, :method_arg=>true})) :-
        (hole 0 {:hash_depth=>0, :method_arg=>true}))) :staged)
  (send
    (begin
      (send
        (send
          (hole 0 {:hash_depth=>0, :limit_depth=>true, :recv=>true}) :count=
          (hole 0 {:hash_depth=>0, :method_arg=>true})) :-
        (hole 0 {:hash_depth=>0, :method_arg=>true}))) :staged)
  (send
    (begin
      (send
        (send
          (hole 0 {:hash_depth=>0, :limit_depth=>true, :recv=>true}) :count=
          (hole 0 {:hash_depth=>0, :method_arg=>true})) :-
        (hole 0 {:hash_depth=>0, :method_arg=>true}))) :staged)
  (send
    (begin
      (send
        (send
          (hole 0 {:hash_depth=>0, :limit_depth=>true, :recv=>true}) :count=
          (hole 0 {:hash_depth=>0, :method_arg=>true})) :-
        (hole 0 {:hash_depth=>0, :method_arg=>true}))) :active=
    (hole 0 {:hash_depth=>0, :method_arg=>true}))
  (send
    (begin
      (send
        (send
          (hole 0 {:hash_depth=>0, :limit_depth=>true, :recv=>true}) :count=
          (hole 0 {:hash_depth=>0, :method_arg=>true})) :-
        (hole 0 {:hash_depth=>0, :method_arg=>true}))) :active=
    (hole 0 {:hash_depth=>0, :method_arg=>true}))
  (send
    (begin
      (send
        (send
          (hole 0 {:hash_depth=>0, :limit_depth=>true, :recv=>true}) :count=
          (hole 0 {:hash_depth=>0, :method_arg=>true})) :-
        (hole 0 {:hash_depth=>0, :method_arg=>true}))) :active=
    (hole 0 {:hash_depth=>0, :method_arg=>true}))
  (send
    (begin
      (send
        (send
          (hole 0 {:hash_depth=>0, :limit_depth=>true, :recv=>true}) :count=
          (hole 0 {:hash_depth=>0, :method_arg=>true})) :-
        (hole 0 {:hash_depth=>0, :method_arg=>true}))) :active)
  (send
    (begin
      (send
        (send
          (hole 0 {:hash_depth=>0, :limit_depth=>true, :recv=>true}) :count=
          (hole 0 {:hash_depth=>0, :method_arg=>true})) :-
        (hole 0 {:hash_depth=>0, :method_arg=>true}))) :active)
  (send
    (begin
      (send
        (send
          (hole 0 {:hash_depth=>0, :limit_depth=>true, :recv=>true}) :count=
          (hole 0 {:hash_depth=>0, :method_arg=>true})) :-
        (hole 0 {:hash_depth=>0, :method_arg=>true}))) :active)
  (send
    (begin
      (send
        (send
          (hole 0 {:hash_depth=>0, :limit_depth=>true, :recv=>true}) :count=
          (hole 0 {:hash_depth=>0, :method_arg=>true})) :-
        (hole 0 {:hash_depth=>0, :method_arg=>true}))) :primary=
    (hole 0 {:hash_depth=>0, :method_arg=>true}))
  (send
    (begin
      (send
        (send
          (hole 0 {:hash_depth=>0, :limit_depth=>true, :recv=>true}) :count=
          (hole 0 {:hash_depth=>0, :method_arg=>true})) :-
        (hole 0 {:hash_depth=>0, :method_arg=>true}))) :primary=
    (hole 0 {:hash_depth=>0, :method_arg=>true}))
  (send
    (begin
      (send
        (send
          (hole 0 {:hash_depth=>0, :limit_depth=>true, :recv=>true}) :count=
          (hole 0 {:hash_depth=>0, :method_arg=>true})) :-
        (hole 0 {:hash_depth=>0, :method_arg=>true}))) :primary=
    (hole 0 {:hash_depth=>0, :method_arg=>true}))
  (send
    (begin
      (send
        (send
          (hole 0 {:hash_depth=>0, :limit_depth=>true, :recv=>true}) :count=
          (hole 0 {:hash_depth=>0, :method_arg=>true})) :-
        (hole 0 {:hash_depth=>0, :method_arg=>true}))) :primary)
  (send
    (begin
      (send
        (send
          (hole 0 {:hash_depth=>0, :limit_depth=>true, :recv=>true}) :count=
          (hole 0 {:hash_depth=>0, :method_arg=>true})) :-
        (hole 0 {:hash_depth=>0, :method_arg=>true}))) :primary)
  (send
    (begin
      (send
        (send
          (hole 0 {:hash_depth=>0, :limit_depth=>true, :recv=>true}) :count=
          (hole 0 {:hash_depth=>0, :method_arg=>true})) :-
        (hole 0 {:hash_depth=>0, :method_arg=>true}))) :primary)
  (send
    (begin
      (send
        (send
          (hole 0 {:hash_depth=>0, :limit_depth=>true, :recv=>true}) :count=
          (hole 0 {:hash_depth=>0, :method_arg=>true})) :-
        (hole 0 {:hash_depth=>0, :method_arg=>true}))) :moderator=
    (hole 0 {:hash_depth=>0, :method_arg=>true}))
  (send
    (begin
      (send
        (send
          (hole 0 {:hash_depth=>0, :limit_depth=>true, :recv=>true}) :count=
          (hole 0 {:hash_depth=>0, :method_arg=>true})) :-
        (hole 0 {:hash_depth=>0, :method_arg=>true}))) :moderator=
    (hole 0 {:hash_depth=>0, :method_arg=>true}))
  (send
    (begin
      (send
        (send
          (hole 0 {:hash_depth=>0, :limit_depth=>true, :recv=>true}) :count=
          (hole 0 {:hash_depth=>0, :method_arg=>true})) :-
        (hole 0 {:hash_depth=>0, :method_arg=>true}))) :moderator=
    (hole 0 {:hash_depth=>0, :method_arg=>true}))
  (send
    (begin
      (send
        (send
          (hole 0 {:hash_depth=>0, :limit_depth=>true, :recv=>true}) :count=
          (hole 0 {:hash_depth=>0, :method_arg=>true})) :-
        (hole 0 {:hash_depth=>0, :method_arg=>true}))) :moderator)
  (send
    (begin
      (send
        (send
          (hole 0 {:hash_depth=>0, :limit_depth=>true, :recv=>true}) :count=
          (hole 0 {:hash_depth=>0, :method_arg=>true})) :-
        (hole 0 {:hash_depth=>0, :method_arg=>true}))) :moderator)
  (send
    (begin
      (send
        (send
          (hole 0 {:hash_depth=>0, :limit_depth=>true, :recv=>true}) :count=
          (hole 0 {:hash_depth=>0, :method_arg=>true})) :-
        (hole 0 {:hash_depth=>0, :method_arg=>true}))) :moderator)
  (begin
    (send
      (begin
        (send
          (send
            (hole 0 {:hash_depth=>0, :limit_depth=>true, :recv=>true}) :count=
            (hole 0 {:hash_depth=>0, :method_arg=>true})) :-
          (hole 0 {:hash_depth=>0, :method_arg=>true}))) :-
      (hole 0 {:hash_depth=>0, :method_arg=>true})))
  (begin
    (send
      (begin
        (send
          (send
            (hole 0 {:hash_depth=>0, :limit_depth=>true, :recv=>true}) :count=
            (hole 0 {:hash_depth=>0, :method_arg=>true})) :-
          (hole 0 {:hash_depth=>0, :method_arg=>true}))) :-
      (hole 0 {:hash_depth=>0, :method_arg=>true})))
  (begin
    (send
      (begin
        (send
          (send
            (hole 0 {:hash_depth=>0, :limit_depth=>true, :recv=>true}) :count=
            (hole 0 {:hash_depth=>0, :method_arg=>true})) :-
          (hole 0 {:hash_depth=>0, :method_arg=>true}))) :-
      (hole 0 {:hash_depth=>0, :method_arg=>true})))
  (begin
    (send
      (begin
        (send
          (send
            (hole 0 {:hash_depth=>0, :limit_depth=>true, :recv=>true}) :count=
            (hole 0 {:hash_depth=>0, :method_arg=>true})) :-
          (hole 0 {:hash_depth=>0, :method_arg=>true}))) :-
      (hole 0 {:hash_depth=>0, :method_arg=>true})))
  (begin
    (send
      (begin
        (send
          (send
            (hole 0 {:hash_depth=>0, :limit_depth=>true, :recv=>true}) :count=
            (hole 0 {:hash_depth=>0, :method_arg=>true})) :-
          (hole 0 {:hash_depth=>0, :method_arg=>true}))) :-
      (hole 0 {:hash_depth=>0, :method_arg=>true})))
  (begin
    (send
      (begin
        (send
          (send
            (hole 0 {:hash_depth=>0, :limit_depth=>true, :recv=>true}) :count=
            (hole 0 {:hash_depth=>0, :method_arg=>true})) :-
          (hole 0 {:hash_depth=>0, :method_arg=>true}))) :-
      (hole 0 {:hash_depth=>0, :method_arg=>true})))
  (begin
    (send
      (begin
        (send
          (send
            (hole 0 {:hash_depth=>0, :limit_depth=>true, :recv=>true}) :count=
            (hole 0 {:hash_depth=>0, :method_arg=>true})) :-
          (hole 0 {:hash_depth=>0, :method_arg=>true}))) :-
      (hole 0 {:hash_depth=>0, :method_arg=>true})))
  (begin
    (send
      (begin
        (send
          (send
            (hole 0 {:hash_depth=>0, :limit_depth=>true, :recv=>true}) :count=
            (hole 0 {:hash_depth=>0, :method_arg=>true})) :-
          (hole 0 {:hash_depth=>0, :method_arg=>true}))) :-
      (hole 0 {:hash_depth=>0, :method_arg=>true})))
  (begin
    (send
      (begin
        (send
          (send
            (hole 0 {:hash_depth=>0, :limit_depth=>true, :recv=>true}) :count=
            (hole 0 {:hash_depth=>0, :method_arg=>true})) :-
          (hole 0 {:hash_depth=>0, :method_arg=>true}))) :-
      (hole 0 {:hash_depth=>0, :method_arg=>true})))
  (begin
    (send
      (begin
        (send
          (send
            (hole 0 {:hash_depth=>0, :limit_depth=>true, :recv=>true}) :count=
            (hole 0 {:hash_depth=>0, :method_arg=>true})) :-
          (hole 0 {:hash_depth=>0, :method_arg=>true}))) :save))
  (begin
    (send
      (begin
        (send
          (send
            (hole 0 {:hash_depth=>0, :limit_depth=>true, :recv=>true}) :count=
            (hole 0 {:hash_depth=>0, :method_arg=>true})) :-
          (hole 0 {:hash_depth=>0, :method_arg=>true}))) :save))
  (begin
    (send
      (begin
        (send
          (send
            (hole 0 {:hash_depth=>0, :limit_depth=>true, :recv=>true}) :count=
            (hole 0 {:hash_depth=>0, :method_arg=>true})) :-
          (hole 0 {:hash_depth=>0, :method_arg=>true}))) :save))
  (send
    (begin
      (send
        (send
          (hole 0 {:hash_depth=>0, :limit_depth=>true, :recv=>true}) :count=
          (hole 0 {:hash_depth=>0, :method_arg=>true})) :count)) :confirmed=
    (hole 0 {:hash_depth=>0, :method_arg=>true}))
  (send
    (begin
      (send
        (send
          (hole 0 {:hash_depth=>0, :limit_depth=>true, :recv=>true}) :count=
          (hole 0 {:hash_depth=>0, :method_arg=>true})) :count)) :confirmed)
  (send
    (begin
      (send
        (send
          (hole 0 {:hash_depth=>0, :limit_depth=>true, :recv=>true}) :count=
          (hole 0 {:hash_depth=>0, :method_arg=>true})) :count)) :expired=
    (hole 0 {:hash_depth=>0, :method_arg=>true}))
  (send
    (begin
      (send
        (send
          (hole 0 {:hash_depth=>0, :limit_depth=>true, :recv=>true}) :count=
          (hole 0 {:hash_depth=>0, :method_arg=>true})) :count)) :expired)
  (send
    (begin
      (send
        (send
          (hole 0 {:hash_depth=>0, :limit_depth=>true, :recv=>true}) :count=
          (hole 0 {:hash_depth=>0, :method_arg=>true})) :count)) :discoverable=
    (hole 0 {:hash_depth=>0, :method_arg=>true}))
  (send
    (begin
      (send
        (send
          (hole 0 {:hash_depth=>0, :limit_depth=>true, :recv=>true}) :count=
          (hole 0 {:hash_depth=>0, :method_arg=>true})) :count)) :discoverable)
  (send
    (begin
      (send
        (send
          (hole 0 {:hash_depth=>0, :limit_depth=>true, :recv=>true}) :count=
          (hole 0 {:hash_depth=>0, :method_arg=>true})) :count)) :scheduled_check=
    (hole 0 {:hash_depth=>0, :method_arg=>true}))
  (send
    (begin
      (send
        (send
          (hole 0 {:hash_depth=>0, :limit_depth=>true, :recv=>true}) :count=
          (hole 0 {:hash_depth=>0, :method_arg=>true})) :count)) :scheduled_check)
  (send
    (begin
      (send
        (send
          (hole 0 {:hash_depth=>0, :limit_depth=>true, :recv=>true}) :count=
          (hole 0 {:hash_depth=>0, :method_arg=>true})) :count)) :otp_required_for_login=
    (hole 0 {:hash_depth=>0, :method_arg=>true}))
  (send
    (begin
      (send
        (send
          (hole 0 {:hash_depth=>0, :limit_depth=>true, :recv=>true}) :count=
          (hole 0 {:hash_depth=>0, :method_arg=>true})) :count)) :otp_required_for_login)
  (send
    (begin
      (send
        (send
          (hole 0 {:hash_depth=>0, :limit_depth=>true, :recv=>true}) :count=
          (hole 0 {:hash_depth=>0, :method_arg=>true})) :count)) :admin=
    (hole 0 {:hash_depth=>0, :method_arg=>true}))
  (send
    (begin
      (send
        (send
          (hole 0 {:hash_depth=>0, :limit_depth=>true, :recv=>true}) :count=
          (hole 0 {:hash_depth=>0, :method_arg=>true})) :count)) :admin)
  (send
    (begin
      (send
        (send
          (hole 0 {:hash_depth=>0, :limit_depth=>true, :recv=>true}) :count=
          (hole 0 {:hash_depth=>0, :method_arg=>true})) :count)) :staged=
    (hole 0 {:hash_depth=>0, :method_arg=>true}))
  (send
    (begin
      (send
        (send
          (hole 0 {:hash_depth=>0, :limit_depth=>true, :recv=>true}) :count=
          (hole 0 {:hash_depth=>0, :method_arg=>true})) :count)) :staged)
  (send
    (begin
      (send
        (send
          (hole 0 {:hash_depth=>0, :limit_depth=>true, :recv=>true}) :count=
          (hole 0 {:hash_depth=>0, :method_arg=>true})) :count)) :active=
    (hole 0 {:hash_depth=>0, :method_arg=>true}))
  (send
    (begin
      (send
        (send
          (hole 0 {:hash_depth=>0, :limit_depth=>true, :recv=>true}) :count=
          (hole 0 {:hash_depth=>0, :method_arg=>true})) :count)) :active)
  (send
    (begin
      (send
        (send
          (hole 0 {:hash_depth=>0, :limit_depth=>true, :recv=>true}) :count=
          (hole 0 {:hash_depth=>0, :method_arg=>true})) :count)) :primary=
    (hole 0 {:hash_depth=>0, :method_arg=>true}))
  (send
    (begin
      (send
        (send
          (hole 0 {:hash_depth=>0, :limit_depth=>true, :recv=>true}) :count=
          (hole 0 {:hash_depth=>0, :method_arg=>true})) :count)) :primary)
  (send
    (begin
      (send
        (send
          (hole 0 {:hash_depth=>0, :limit_depth=>true, :recv=>true}) :count=
          (hole 0 {:hash_depth=>0, :method_arg=>true})) :count)) :moderator=
    (hole 0 {:hash_depth=>0, :method_arg=>true}))
  (send
    (begin
      (send
        (send
          (hole 0 {:hash_depth=>0, :limit_depth=>true, :recv=>true}) :count=
          (hole 0 {:hash_depth=>0, :method_arg=>true})) :count)) :moderator)
  (begin
    (send
      (begin
        (send
          (send
            (hole 0 {:hash_depth=>0, :limit_depth=>true, :recv=>true}) :count=
            (hole 0 {:hash_depth=>0, :method_arg=>true})) :count)) :-
      (hole 0 {:hash_depth=>0, :method_arg=>true})))
  (begin
    (send
      (begin
        (send
          (send
            (hole 0 {:hash_depth=>0, :limit_depth=>true, :recv=>true}) :count=
            (hole 0 {:hash_depth=>0, :method_arg=>true})) :count)) :-
      (hole 0 {:hash_depth=>0, :method_arg=>true})))
  (begin
    (send
      (begin
        (send
          (send
            (hole 0 {:hash_depth=>0, :limit_depth=>true, :recv=>true}) :count=
            (hole 0 {:hash_depth=>0, :method_arg=>true})) :count)) :-
      (hole 0 {:hash_depth=>0, :method_arg=>true})))
  (begin
    (send
      (begin
        (send
          (send
            (hole 0 {:hash_depth=>0, :limit_depth=>true, :recv=>true}) :count=
            (hole 0 {:hash_depth=>0, :method_arg=>true})) :count)) :save))
  (begin
    (send
      (begin
        (send
          (send
            (hole 0 {:hash_depth=>0, :limit_depth=>true, :recv=>true}) :count=
            (hole 0 {:hash_depth=>0, :method_arg=>true})) :save)) :count))
  (begin
    (send
      (begin
        (send
          (send
            (hole 0 {:hash_depth=>0, :limit_depth=>true, :recv=>true}) :count=
            (hole 0 {:hash_depth=>0, :method_arg=>true})) :save)) :-
      (hole 0 {:hash_depth=>0, :method_arg=>true})))
  (begin
    (send
      (begin
        (send
          (send
            (hole 0 {:hash_depth=>0, :limit_depth=>true, :recv=>true}) :count=
            (hole 0 {:hash_depth=>0, :method_arg=>true})) :save)) :save))
  (begin
    (send
      (begin
        (send
          (begin
            (send
              (hole 0 {:hash_depth=>0, :limit_depth=>true, :recv=>true}) :count)) :-
          (hole 0 {:hash_depth=>0, :method_arg=>true}))) :-
      (hole 0 {:hash_depth=>0, :method_arg=>true})))
  (begin
    (send
      (begin
        (send
          (begin
            (send
              (hole 0 {:hash_depth=>0, :limit_depth=>true, :recv=>true}) :count)) :-
          (hole 0 {:hash_depth=>0, :method_arg=>true}))) :-
      (hole 0 {:hash_depth=>0, :method_arg=>true})))
  (begin
    (send
      (begin
        (send
          (begin
            (send
              (hole 0 {:hash_depth=>0, :limit_depth=>true, :recv=>true}) :count)) :-
          (hole 0 {:hash_depth=>0, :method_arg=>true}))) :-
      (hole 0 {:hash_depth=>0, :method_arg=>true})))
  (begin
    (send
      (begin
        (send
          (begin
            (send
              (hole 0 {:hash_depth=>0, :limit_depth=>true, :recv=>true}) :count)) :-
          (hole 0 {:hash_depth=>0, :method_arg=>true}))) :-
      (hole 0 {:hash_depth=>0, :method_arg=>true})))
  (begin
    (send
      (begin
        (send
          (begin
            (send
              (hole 0 {:hash_depth=>0, :limit_depth=>true, :recv=>true}) :count)) :-
          (hole 0 {:hash_depth=>0, :method_arg=>true}))) :-
      (hole 0 {:hash_depth=>0, :method_arg=>true})))
  (begin
    (send
      (begin
        (send
          (begin
            (send
              (hole 0 {:hash_depth=>0, :limit_depth=>true, :recv=>true}) :count)) :-
          (hole 0 {:hash_depth=>0, :method_arg=>true}))) :-
      (hole 0 {:hash_depth=>0, :method_arg=>true})))
  (begin
    (send
      (begin
        (send
          (begin
            (send
              (hole 0 {:hash_depth=>0, :limit_depth=>true, :recv=>true}) :count)) :-
          (hole 0 {:hash_depth=>0, :method_arg=>true}))) :-
      (hole 0 {:hash_depth=>0, :method_arg=>true})))
  (begin
    (send
      (begin
        (send
          (begin
            (send
              (hole 0 {:hash_depth=>0, :limit_depth=>true, :recv=>true}) :count)) :-
          (hole 0 {:hash_depth=>0, :method_arg=>true}))) :-
      (hole 0 {:hash_depth=>0, :method_arg=>true})))
  (begin
    (send
      (begin
        (send
          (begin
            (send
              (hole 0 {:hash_depth=>0, :limit_depth=>true, :recv=>true}) :count)) :-
          (hole 0 {:hash_depth=>0, :method_arg=>true}))) :-
      (hole 0 {:hash_depth=>0, :method_arg=>true})))
  (begin
    (send
      (begin
        (send
          (begin
            (send
              (hole 0 {:hash_depth=>0, :limit_depth=>true, :recv=>true}) :count)) :-
          (hole 0 {:hash_depth=>0, :method_arg=>true}))) :-
      (hole 0 {:hash_depth=>0, :method_arg=>true})))
  (begin
    (send
      (begin
        (send
          (begin
            (send
              (hole 0 {:hash_depth=>0, :limit_depth=>true, :recv=>true}) :count)) :-
          (hole 0 {:hash_depth=>0, :method_arg=>true}))) :-
      (hole 0 {:hash_depth=>0, :method_arg=>true})))
  (begin
    (send
      (begin
        (send
          (begin
            (send
              (hole 0 {:hash_depth=>0, :limit_depth=>true, :recv=>true}) :count)) :-
          (hole 0 {:hash_depth=>0, :method_arg=>true}))) :-
      (hole 0 {:hash_depth=>0, :method_arg=>true})))
  (begin
    (send
      (begin
        (send
          (begin
            (send
              (hole 0 {:hash_depth=>0, :limit_depth=>true, :recv=>true}) :count)) :-
          (hole 0 {:hash_depth=>0, :method_arg=>true}))) :-
      (hole 0 {:hash_depth=>0, :method_arg=>true})))
  (begin
    (send
      (begin
        (send
          (begin
            (send
              (hole 0 {:hash_depth=>0, :limit_depth=>true, :recv=>true}) :count)) :-
          (hole 0 {:hash_depth=>0, :method_arg=>true}))) :-
      (hole 0 {:hash_depth=>0, :method_arg=>true})))
  (begin
    (send
      (begin
        (send
          (begin
            (send
              (hole 0 {:hash_depth=>0, :limit_depth=>true, :recv=>true}) :count)) :-
          (hole 0 {:hash_depth=>0, :method_arg=>true}))) :-
      (hole 0 {:hash_depth=>0, :method_arg=>true})))
  (begin
    (send
      (begin
        (send
          (begin
            (send
              (hole 0 {:hash_depth=>0, :limit_depth=>true, :recv=>true}) :count)) :-
          (hole 0 {:hash_depth=>0, :method_arg=>true}))) :-
      (hole 0 {:hash_depth=>0, :method_arg=>true})))
  (begin
    (send
      (begin
        (send
          (begin
            (send
              (hole 0 {:hash_depth=>0, :limit_depth=>true, :recv=>true}) :count)) :-
          (hole 0 {:hash_depth=>0, :method_arg=>true}))) :-
      (hole 0 {:hash_depth=>0, :method_arg=>true})))
  (begin
    (send
      (begin
        (send
          (begin
            (send
              (hole 0 {:hash_depth=>0, :limit_depth=>true, :recv=>true}) :count)) :-
          (hole 0 {:hash_depth=>0, :method_arg=>true}))) :-
      (hole 0 {:hash_depth=>0, :method_arg=>true})))
  (begin
    (send
      (begin
        (send
          (begin
            (send
              (hole 0 {:hash_depth=>0, :limit_depth=>true, :recv=>true}) :count)) :-
          (hole 0 {:hash_depth=>0, :method_arg=>true}))) :-
      (hole 0 {:hash_depth=>0, :method_arg=>true})))
  (begin
    (send
      (begin
        (send
          (begin
            (send
              (hole 0 {:hash_depth=>0, :limit_depth=>true, :recv=>true}) :count)) :-
          (hole 0 {:hash_depth=>0, :method_arg=>true}))) :-
      (hole 0 {:hash_depth=>0, :method_arg=>true})))
  (begin
    (send
      (begin
        (send
          (begin
            (send
              (hole 0 {:hash_depth=>0, :limit_depth=>true, :recv=>true}) :count)) :-
          (hole 0 {:hash_depth=>0, :method_arg=>true}))) :-
      (hole 0 {:hash_depth=>0, :method_arg=>true})))
  (begin
    (send
      (begin
        (send
          (begin
            (send
              (hole 0 {:hash_depth=>0, :limit_depth=>true, :recv=>true}) :count)) :-
          (hole 0 {:hash_depth=>0, :method_arg=>true}))) :-
      (hole 0 {:hash_depth=>0, :method_arg=>true})))
  (begin
    (send
      (begin
        (send
          (begin
            (send
              (hole 0 {:hash_depth=>0, :limit_depth=>true, :recv=>true}) :count)) :-
          (hole 0 {:hash_depth=>0, :method_arg=>true}))) :-
      (hole 0 {:hash_depth=>0, :method_arg=>true})))
  (begin
    (send
      (begin
        (send
          (begin
            (send
              (hole 0 {:hash_depth=>0, :limit_depth=>true, :recv=>true}) :count)) :-
          (hole 0 {:hash_depth=>0, :method_arg=>true}))) :-
      (hole 0 {:hash_depth=>0, :method_arg=>true})))
  (begin
    (send
      (begin
        (send
          (begin
            (send
              (hole 0 {:hash_depth=>0, :limit_depth=>true, :recv=>true}) :count)) :-
          (hole 0 {:hash_depth=>0, :method_arg=>true}))) :-
      (hole 0 {:hash_depth=>0, :method_arg=>true})))
  (begin
    (send
      (begin
        (send
          (begin
            (send
              (hole 0 {:hash_depth=>0, :limit_depth=>true, :recv=>true}) :count)) :-
          (hole 0 {:hash_depth=>0, :method_arg=>true}))) :-
      (hole 0 {:hash_depth=>0, :method_arg=>true})))
  (begin
    (send
      (begin
        (send
          (begin
            (send
              (hole 0 {:hash_depth=>0, :limit_depth=>true, :recv=>true}) :count)) :-
          (hole 0 {:hash_depth=>0, :method_arg=>true}))) :-
      (hole 0 {:hash_depth=>0, :method_arg=>true})))
  (begin
    (send
      (begin
        (send
          (begin
            (send
              (hole 0 {:hash_depth=>0, :limit_depth=>true, :recv=>true}) :count)) :-
          (hole 0 {:hash_depth=>0, :method_arg=>true}))) :count))
  (begin
    (send
      (begin
        (send
          (begin
            (send
              (hole 0 {:hash_depth=>0, :limit_depth=>true, :recv=>true}) :count)) :-
          (hole 0 {:hash_depth=>0, :method_arg=>true}))) :count))
  (begin
    (send
      (begin
        (send
          (begin
            (send
              (hole 0 {:hash_depth=>0, :limit_depth=>true, :recv=>true}) :count)) :-
          (hole 0 {:hash_depth=>0, :method_arg=>true}))) :count))
  (begin
    (send
      (begin
        (send
          (begin
            (send
              (hole 0 {:hash_depth=>0, :limit_depth=>true, :recv=>true}) :count)) :-
          (hole 0 {:hash_depth=>0, :method_arg=>true}))) :count))
  (begin
    (send
      (begin
        (send
          (begin
            (send
              (hole 0 {:hash_depth=>0, :limit_depth=>true, :recv=>true}) :count)) :-
          (hole 0 {:hash_depth=>0, :method_arg=>true}))) :count))
  (begin
    (send
      (begin
        (send
          (begin
            (send
              (hole 0 {:hash_depth=>0, :limit_depth=>true, :recv=>true}) :count)) :-
          (hole 0 {:hash_depth=>0, :method_arg=>true}))) :count))
  (begin
    (send
      (begin
        (send
          (begin
            (send
              (hole 0 {:hash_depth=>0, :limit_depth=>true, :recv=>true}) :count)) :-
          (hole 0 {:hash_depth=>0, :method_arg=>true}))) :count))
  (begin
    (send
      (begin
        (send
          (begin
            (send
              (hole 0 {:hash_depth=>0, :limit_depth=>true, :recv=>true}) :count)) :-
          (hole 0 {:hash_depth=>0, :method_arg=>true}))) :count))
  (begin
    (send
      (begin
        (send
          (begin
            (send
              (hole 0 {:hash_depth=>0, :limit_depth=>true, :recv=>true}) :count)) :-
          (hole 0 {:hash_depth=>0, :method_arg=>true}))) :count))
  (begin
    (send
      (begin
        (send
          (begin
            (send
              (hole 0 {:hash_depth=>0, :limit_depth=>true, :recv=>true}) :count)) :-
          (hole 0 {:hash_depth=>0, :method_arg=>true}))) :save))
  (begin
    (send
      (begin
        (send
          (begin
            (send
              (hole 0 {:hash_depth=>0, :limit_depth=>true, :recv=>true}) :count)) :-
          (hole 0 {:hash_depth=>0, :method_arg=>true}))) :save))
  (begin
    (send
      (begin
        (send
          (begin
            (send
              (hole 0 {:hash_depth=>0, :limit_depth=>true, :recv=>true}) :count)) :-
          (hole 0 {:hash_depth=>0, :method_arg=>true}))) :save))
  (begin
    (send
      (begin
        (send
          (begin
            (send
              (hole 0 {:hash_depth=>0, :limit_depth=>true, :recv=>true}) :count)) :-
          (hole 0 {:hash_depth=>0, :method_arg=>true}))) :save))
  (begin
    (send
      (begin
        (send
          (begin
            (send
              (hole 0 {:hash_depth=>0, :limit_depth=>true, :recv=>true}) :count)) :-
          (hole 0 {:hash_depth=>0, :method_arg=>true}))) :save))
  (begin
    (send
      (begin
        (send
          (begin
            (send
              (hole 0 {:hash_depth=>0, :limit_depth=>true, :recv=>true}) :count)) :-
          (hole 0 {:hash_depth=>0, :method_arg=>true}))) :save))
  (begin
    (send
      (begin
        (send
          (begin
            (send
              (hole 0 {:hash_depth=>0, :limit_depth=>true, :recv=>true}) :count)) :-
          (hole 0 {:hash_depth=>0, :method_arg=>true}))) :save))
  (begin
    (send
      (begin
        (send
          (begin
            (send
              (hole 0 {:hash_depth=>0, :limit_depth=>true, :recv=>true}) :count)) :-
          (hole 0 {:hash_depth=>0, :method_arg=>true}))) :save))
  (begin
    (send
      (begin
        (send
          (begin
            (send
              (hole 0 {:hash_depth=>0, :limit_depth=>true, :recv=>true}) :count)) :-
          (hole 0 {:hash_depth=>0, :method_arg=>true}))) :save))
  (send
    (begin
      (send
        (begin
          (send
            (hole 0 {:hash_depth=>0, :limit_depth=>true, :recv=>true}) :count)) :-
        (hole 0 {:hash_depth=>0, :method_arg=>true}))) :confirmed=
    (hole 0 {:hash_depth=>0, :method_arg=>true}))
  (send
    (begin
      (send
        (begin
          (send
            (hole 0 {:hash_depth=>0, :limit_depth=>true, :recv=>true}) :count)) :-
        (hole 0 {:hash_depth=>0, :method_arg=>true}))) :confirmed=
    (hole 0 {:hash_depth=>0, :method_arg=>true}))
  (send
    (begin
      (send
        (begin
          (send
            (hole 0 {:hash_depth=>0, :limit_depth=>true, :recv=>true}) :count)) :-
        (hole 0 {:hash_depth=>0, :method_arg=>true}))) :confirmed=
    (hole 0 {:hash_depth=>0, :method_arg=>true}))
  (send
    (begin
      (send
        (begin
          (send
            (hole 0 {:hash_depth=>0, :limit_depth=>true, :recv=>true}) :count)) :-
        (hole 0 {:hash_depth=>0, :method_arg=>true}))) :confirmed=
    (hole 0 {:hash_depth=>0, :method_arg=>true}))
  (send
    (begin
      (send
        (begin
          (send
            (hole 0 {:hash_depth=>0, :limit_depth=>true, :recv=>true}) :count)) :-
        (hole 0 {:hash_depth=>0, :method_arg=>true}))) :confirmed=
    (hole 0 {:hash_depth=>0, :method_arg=>true}))
  (send
    (begin
      (send
        (begin
          (send
            (hole 0 {:hash_depth=>0, :limit_depth=>true, :recv=>true}) :count)) :-
        (hole 0 {:hash_depth=>0, :method_arg=>true}))) :confirmed=
    (hole 0 {:hash_depth=>0, :method_arg=>true}))
  (send
    (begin
      (send
        (begin
          (send
            (hole 0 {:hash_depth=>0, :limit_depth=>true, :recv=>true}) :count)) :-
        (hole 0 {:hash_depth=>0, :method_arg=>true}))) :confirmed=
    (hole 0 {:hash_depth=>0, :method_arg=>true}))
  (send
    (begin
      (send
        (begin
          (send
            (hole 0 {:hash_depth=>0, :limit_depth=>true, :recv=>true}) :count)) :-
        (hole 0 {:hash_depth=>0, :method_arg=>true}))) :confirmed=
    (hole 0 {:hash_depth=>0, :method_arg=>true}))
  (send
    (begin
      (send
        (begin
          (send
            (hole 0 {:hash_depth=>0, :limit_depth=>true, :recv=>true}) :count)) :-
        (hole 0 {:hash_depth=>0, :method_arg=>true}))) :confirmed=
    (hole 0 {:hash_depth=>0, :method_arg=>true}))
  (send
    (begin
      (send
        (begin
          (send
            (hole 0 {:hash_depth=>0, :limit_depth=>true, :recv=>true}) :count)) :-
        (hole 0 {:hash_depth=>0, :method_arg=>true}))) :confirmed)
  (send
    (begin
      (send
        (begin
          (send
            (hole 0 {:hash_depth=>0, :limit_depth=>true, :recv=>true}) :count)) :-
        (hole 0 {:hash_depth=>0, :method_arg=>true}))) :confirmed)
  (send
    (begin
      (send
        (begin
          (send
            (hole 0 {:hash_depth=>0, :limit_depth=>true, :recv=>true}) :count)) :-
        (hole 0 {:hash_depth=>0, :method_arg=>true}))) :confirmed)
  (send
    (begin
      (send
        (begin
          (send
            (hole 0 {:hash_depth=>0, :limit_depth=>true, :recv=>true}) :count)) :-
        (hole 0 {:hash_depth=>0, :method_arg=>true}))) :confirmed)
  (send
    (begin
      (send
        (begin
          (send
            (hole 0 {:hash_depth=>0, :limit_depth=>true, :recv=>true}) :count)) :-
        (hole 0 {:hash_depth=>0, :method_arg=>true}))) :confirmed)
  (send
    (begin
      (send
        (begin
          (send
            (hole 0 {:hash_depth=>0, :limit_depth=>true, :recv=>true}) :count)) :-
        (hole 0 {:hash_depth=>0, :method_arg=>true}))) :confirmed)
  (send
    (begin
      (send
        (begin
          (send
            (hole 0 {:hash_depth=>0, :limit_depth=>true, :recv=>true}) :count)) :-
        (hole 0 {:hash_depth=>0, :method_arg=>true}))) :confirmed)
  (send
    (begin
      (send
        (begin
          (send
            (hole 0 {:hash_depth=>0, :limit_depth=>true, :recv=>true}) :count)) :-
        (hole 0 {:hash_depth=>0, :method_arg=>true}))) :confirmed)
  (send
    (begin
      (send
        (begin
          (send
            (hole 0 {:hash_depth=>0, :limit_depth=>true, :recv=>true}) :count)) :-
        (hole 0 {:hash_depth=>0, :method_arg=>true}))) :confirmed)
  (send
    (begin
      (send
        (begin
          (send
            (hole 0 {:hash_depth=>0, :limit_depth=>true, :recv=>true}) :count)) :-
        (hole 0 {:hash_depth=>0, :method_arg=>true}))) :expired=
    (hole 0 {:hash_depth=>0, :method_arg=>true}))
  (send
    (begin
      (send
        (begin
          (send
            (hole 0 {:hash_depth=>0, :limit_depth=>true, :recv=>true}) :count)) :-
        (hole 0 {:hash_depth=>0, :method_arg=>true}))) :expired=
    (hole 0 {:hash_depth=>0, :method_arg=>true}))
  (send
    (begin
      (send
        (begin
          (send
            (hole 0 {:hash_depth=>0, :limit_depth=>true, :recv=>true}) :count)) :-
        (hole 0 {:hash_depth=>0, :method_arg=>true}))) :expired=
    (hole 0 {:hash_depth=>0, :method_arg=>true}))
  (send
    (begin
      (send
        (begin
          (send
            (hole 0 {:hash_depth=>0, :limit_depth=>true, :recv=>true}) :count)) :-
        (hole 0 {:hash_depth=>0, :method_arg=>true}))) :expired=
    (hole 0 {:hash_depth=>0, :method_arg=>true}))
  (send
    (begin
      (send
        (begin
          (send
            (hole 0 {:hash_depth=>0, :limit_depth=>true, :recv=>true}) :count)) :-
        (hole 0 {:hash_depth=>0, :method_arg=>true}))) :expired=
    (hole 0 {:hash_depth=>0, :method_arg=>true}))
  (send
    (begin
      (send
        (begin
          (send
            (hole 0 {:hash_depth=>0, :limit_depth=>true, :recv=>true}) :count)) :-
        (hole 0 {:hash_depth=>0, :method_arg=>true}))) :expired=
    (hole 0 {:hash_depth=>0, :method_arg=>true}))
  (send
    (begin
      (send
        (begin
          (send
            (hole 0 {:hash_depth=>0, :limit_depth=>true, :recv=>true}) :count)) :-
        (hole 0 {:hash_depth=>0, :method_arg=>true}))) :expired=
    (hole 0 {:hash_depth=>0, :method_arg=>true}))
  (send
    (begin
      (send
        (begin
          (send
            (hole 0 {:hash_depth=>0, :limit_depth=>true, :recv=>true}) :count)) :-
        (hole 0 {:hash_depth=>0, :method_arg=>true}))) :expired=
    (hole 0 {:hash_depth=>0, :method_arg=>true}))
  (send
    (begin
      (send
        (begin
          (send
            (hole 0 {:hash_depth=>0, :limit_depth=>true, :recv=>true}) :count)) :-
        (hole 0 {:hash_depth=>0, :method_arg=>true}))) :expired=
    (hole 0 {:hash_depth=>0, :method_arg=>true}))
  (send
    (begin
      (send
        (begin
          (send
            (hole 0 {:hash_depth=>0, :limit_depth=>true, :recv=>true}) :count)) :-
        (hole 0 {:hash_depth=>0, :method_arg=>true}))) :expired)
  (send
    (begin
      (send
        (begin
          (send
            (hole 0 {:hash_depth=>0, :limit_depth=>true, :recv=>true}) :count)) :-
        (hole 0 {:hash_depth=>0, :method_arg=>true}))) :expired)
  (send
    (begin
      (send
        (begin
          (send
            (hole 0 {:hash_depth=>0, :limit_depth=>true, :recv=>true}) :count)) :-
        (hole 0 {:hash_depth=>0, :method_arg=>true}))) :expired)
  (send
    (begin
      (send
        (begin
          (send
            (hole 0 {:hash_depth=>0, :limit_depth=>true, :recv=>true}) :count)) :-
        (hole 0 {:hash_depth=>0, :method_arg=>true}))) :expired)
  (send
    (begin
      (send
        (begin
          (send
            (hole 0 {:hash_depth=>0, :limit_depth=>true, :recv=>true}) :count)) :-
        (hole 0 {:hash_depth=>0, :method_arg=>true}))) :expired)
  (send
    (begin
      (send
        (begin
          (send
            (hole 0 {:hash_depth=>0, :limit_depth=>true, :recv=>true}) :count)) :-
        (hole 0 {:hash_depth=>0, :method_arg=>true}))) :expired)
  (send
    (begin
      (send
        (begin
          (send
            (hole 0 {:hash_depth=>0, :limit_depth=>true, :recv=>true}) :count)) :-
        (hole 0 {:hash_depth=>0, :method_arg=>true}))) :expired)
  (send
    (begin
      (send
        (begin
          (send
            (hole 0 {:hash_depth=>0, :limit_depth=>true, :recv=>true}) :count)) :-
        (hole 0 {:hash_depth=>0, :method_arg=>true}))) :expired)
  (send
    (begin
      (send
        (begin
          (send
            (hole 0 {:hash_depth=>0, :limit_depth=>true, :recv=>true}) :count)) :-
        (hole 0 {:hash_depth=>0, :method_arg=>true}))) :expired)
  (send
    (begin
      (send
        (begin
          (send
            (hole 0 {:hash_depth=>0, :limit_depth=>true, :recv=>true}) :count)) :-
        (hole 0 {:hash_depth=>0, :method_arg=>true}))) :discoverable=
    (hole 0 {:hash_depth=>0, :method_arg=>true}))
  (send
    (begin
      (send
        (begin
          (send
            (hole 0 {:hash_depth=>0, :limit_depth=>true, :recv=>true}) :count)) :-
        (hole 0 {:hash_depth=>0, :method_arg=>true}))) :discoverable=
    (hole 0 {:hash_depth=>0, :method_arg=>true}))
  (send
    (begin
      (send
        (begin
          (send
            (hole 0 {:hash_depth=>0, :limit_depth=>true, :recv=>true}) :count)) :-
        (hole 0 {:hash_depth=>0, :method_arg=>true}))) :discoverable=
    (hole 0 {:hash_depth=>0, :method_arg=>true}))
  (send
    (begin
      (send
        (begin
          (send
            (hole 0 {:hash_depth=>0, :limit_depth=>true, :recv=>true}) :count)) :-
        (hole 0 {:hash_depth=>0, :method_arg=>true}))) :discoverable=
    (hole 0 {:hash_depth=>0, :method_arg=>true}))
  (send
    (begin
      (send
        (begin
          (send
            (hole 0 {:hash_depth=>0, :limit_depth=>true, :recv=>true}) :count)) :-
        (hole 0 {:hash_depth=>0, :method_arg=>true}))) :discoverable=
    (hole 0 {:hash_depth=>0, :method_arg=>true}))
  (send
    (begin
      (send
        (begin
          (send
            (hole 0 {:hash_depth=>0, :limit_depth=>true, :recv=>true}) :count)) :-
        (hole 0 {:hash_depth=>0, :method_arg=>true}))) :discoverable=
    (hole 0 {:hash_depth=>0, :method_arg=>true}))
  (send
    (begin
      (send
        (begin
          (send
            (hole 0 {:hash_depth=>0, :limit_depth=>true, :recv=>true}) :count)) :-
        (hole 0 {:hash_depth=>0, :method_arg=>true}))) :discoverable=
    (hole 0 {:hash_depth=>0, :method_arg=>true}))
  (send
    (begin
      (send
        (begin
          (send
            (hole 0 {:hash_depth=>0, :limit_depth=>true, :recv=>true}) :count)) :-
        (hole 0 {:hash_depth=>0, :method_arg=>true}))) :discoverable=
    (hole 0 {:hash_depth=>0, :method_arg=>true}))
  (send
    (begin
      (send
        (begin
          (send
            (hole 0 {:hash_depth=>0, :limit_depth=>true, :recv=>true}) :count)) :-
        (hole 0 {:hash_depth=>0, :method_arg=>true}))) :discoverable=
    (hole 0 {:hash_depth=>0, :method_arg=>true}))
  (send
    (begin
      (send
        (begin
          (send
            (hole 0 {:hash_depth=>0, :limit_depth=>true, :recv=>true}) :count)) :-
        (hole 0 {:hash_depth=>0, :method_arg=>true}))) :discoverable)
  (send
    (begin
      (send
        (begin
          (send
            (hole 0 {:hash_depth=>0, :limit_depth=>true, :recv=>true}) :count)) :-
        (hole 0 {:hash_depth=>0, :method_arg=>true}))) :discoverable)
  (send
    (begin
      (send
        (begin
          (send
            (hole 0 {:hash_depth=>0, :limit_depth=>true, :recv=>true}) :count)) :-
        (hole 0 {:hash_depth=>0, :method_arg=>true}))) :discoverable)
  (send
    (begin
      (send
        (begin
          (send
            (hole 0 {:hash_depth=>0, :limit_depth=>true, :recv=>true}) :count)) :-
        (hole 0 {:hash_depth=>0, :method_arg=>true}))) :discoverable)
  (send
    (begin
      (send
        (begin
          (send
            (hole 0 {:hash_depth=>0, :limit_depth=>true, :recv=>true}) :count)) :-
        (hole 0 {:hash_depth=>0, :method_arg=>true}))) :discoverable)
  (send
    (begin
      (send
        (begin
          (send
            (hole 0 {:hash_depth=>0, :limit_depth=>true, :recv=>true}) :count)) :-
        (hole 0 {:hash_depth=>0, :method_arg=>true}))) :discoverable)
  (send
    (begin
      (send
        (begin
          (send
            (hole 0 {:hash_depth=>0, :limit_depth=>true, :recv=>true}) :count)) :-
        (hole 0 {:hash_depth=>0, :method_arg=>true}))) :discoverable)
  (send
    (begin
      (send
        (begin
          (send
            (hole 0 {:hash_depth=>0, :limit_depth=>true, :recv=>true}) :count)) :-
        (hole 0 {:hash_depth=>0, :method_arg=>true}))) :discoverable)
  (send
    (begin
      (send
        (begin
          (send
            (hole 0 {:hash_depth=>0, :limit_depth=>true, :recv=>true}) :count)) :-
        (hole 0 {:hash_depth=>0, :method_arg=>true}))) :discoverable)
  (send
    (begin
      (send
        (begin
          (send
            (hole 0 {:hash_depth=>0, :limit_depth=>true, :recv=>true}) :count)) :-
        (hole 0 {:hash_depth=>0, :method_arg=>true}))) :scheduled_check=
    (hole 0 {:hash_depth=>0, :method_arg=>true}))
  (send
    (begin
      (send
        (begin
          (send
            (hole 0 {:hash_depth=>0, :limit_depth=>true, :recv=>true}) :count)) :-
        (hole 0 {:hash_depth=>0, :method_arg=>true}))) :scheduled_check=
    (hole 0 {:hash_depth=>0, :method_arg=>true}))
  (send
    (begin
      (send
        (begin
          (send
            (hole 0 {:hash_depth=>0, :limit_depth=>true, :recv=>true}) :count)) :-
        (hole 0 {:hash_depth=>0, :method_arg=>true}))) :scheduled_check=
    (hole 0 {:hash_depth=>0, :method_arg=>true}))
  (send
    (begin
      (send
        (begin
          (send
            (hole 0 {:hash_depth=>0, :limit_depth=>true, :recv=>true}) :count)) :-
        (hole 0 {:hash_depth=>0, :method_arg=>true}))) :scheduled_check=
    (hole 0 {:hash_depth=>0, :method_arg=>true}))
  (send
    (begin
      (send
        (begin
          (send
            (hole 0 {:hash_depth=>0, :limit_depth=>true, :recv=>true}) :count)) :-
        (hole 0 {:hash_depth=>0, :method_arg=>true}))) :scheduled_check=
    (hole 0 {:hash_depth=>0, :method_arg=>true}))
  (send
    (begin
      (send
        (begin
          (send
            (hole 0 {:hash_depth=>0, :limit_depth=>true, :recv=>true}) :count)) :-
        (hole 0 {:hash_depth=>0, :method_arg=>true}))) :scheduled_check=
    (hole 0 {:hash_depth=>0, :method_arg=>true}))
  (send
    (begin
      (send
        (begin
          (send
            (hole 0 {:hash_depth=>0, :limit_depth=>true, :recv=>true}) :count)) :-
        (hole 0 {:hash_depth=>0, :method_arg=>true}))) :scheduled_check=
    (hole 0 {:hash_depth=>0, :method_arg=>true}))
  (send
    (begin
      (send
        (begin
          (send
            (hole 0 {:hash_depth=>0, :limit_depth=>true, :recv=>true}) :count)) :-
        (hole 0 {:hash_depth=>0, :method_arg=>true}))) :scheduled_check=
    (hole 0 {:hash_depth=>0, :method_arg=>true}))
  (send
    (begin
      (send
        (begin
          (send
            (hole 0 {:hash_depth=>0, :limit_depth=>true, :recv=>true}) :count)) :-
        (hole 0 {:hash_depth=>0, :method_arg=>true}))) :scheduled_check=
    (hole 0 {:hash_depth=>0, :method_arg=>true}))
  (send
    (begin
      (send
        (begin
          (send
            (hole 0 {:hash_depth=>0, :limit_depth=>true, :recv=>true}) :count)) :-
        (hole 0 {:hash_depth=>0, :method_arg=>true}))) :scheduled_check)
  (send
    (begin
      (send
        (begin
          (send
            (hole 0 {:hash_depth=>0, :limit_depth=>true, :recv=>true}) :count)) :-
        (hole 0 {:hash_depth=>0, :method_arg=>true}))) :scheduled_check)
  (send
    (begin
      (send
        (begin
          (send
            (hole 0 {:hash_depth=>0, :limit_depth=>true, :recv=>true}) :count)) :-
        (hole 0 {:hash_depth=>0, :method_arg=>true}))) :scheduled_check)
  (send
    (begin
      (send
        (begin
          (send
            (hole 0 {:hash_depth=>0, :limit_depth=>true, :recv=>true}) :count)) :-
        (hole 0 {:hash_depth=>0, :method_arg=>true}))) :scheduled_check)
  (send
    (begin
      (send
        (begin
          (send
            (hole 0 {:hash_depth=>0, :limit_depth=>true, :recv=>true}) :count)) :-
        (hole 0 {:hash_depth=>0, :method_arg=>true}))) :scheduled_check)
  (send
    (begin
      (send
        (begin
          (send
            (hole 0 {:hash_depth=>0, :limit_depth=>true, :recv=>true}) :count)) :-
        (hole 0 {:hash_depth=>0, :method_arg=>true}))) :scheduled_check)
  (send
    (begin
      (send
        (begin
          (send
            (hole 0 {:hash_depth=>0, :limit_depth=>true, :recv=>true}) :count)) :-
        (hole 0 {:hash_depth=>0, :method_arg=>true}))) :scheduled_check)
  (send
    (begin
      (send
        (begin
          (send
            (hole 0 {:hash_depth=>0, :limit_depth=>true, :recv=>true}) :count)) :-
        (hole 0 {:hash_depth=>0, :method_arg=>true}))) :scheduled_check)
  (send
    (begin
      (send
        (begin
          (send
            (hole 0 {:hash_depth=>0, :limit_depth=>true, :recv=>true}) :count)) :-
        (hole 0 {:hash_depth=>0, :method_arg=>true}))) :scheduled_check)
  (send
    (begin
      (send
        (begin
          (send
            (hole 0 {:hash_depth=>0, :limit_depth=>true, :recv=>true}) :count)) :-
        (hole 0 {:hash_depth=>0, :method_arg=>true}))) :otp_required_for_login=
    (hole 0 {:hash_depth=>0, :method_arg=>true}))
  (send
    (begin
      (send
        (begin
          (send
            (hole 0 {:hash_depth=>0, :limit_depth=>true, :recv=>true}) :count)) :-
        (hole 0 {:hash_depth=>0, :method_arg=>true}))) :otp_required_for_login=
    (hole 0 {:hash_depth=>0, :method_arg=>true}))
  (send
    (begin
      (send
        (begin
          (send
            (hole 0 {:hash_depth=>0, :limit_depth=>true, :recv=>true}) :count)) :-
        (hole 0 {:hash_depth=>0, :method_arg=>true}))) :otp_required_for_login=
    (hole 0 {:hash_depth=>0, :method_arg=>true}))
  (send
    (begin
      (send
        (begin
          (send
            (hole 0 {:hash_depth=>0, :limit_depth=>true, :recv=>true}) :count)) :-
        (hole 0 {:hash_depth=>0, :method_arg=>true}))) :otp_required_for_login=
    (hole 0 {:hash_depth=>0, :method_arg=>true}))
  (send
    (begin
      (send
        (begin
          (send
            (hole 0 {:hash_depth=>0, :limit_depth=>true, :recv=>true}) :count)) :-
        (hole 0 {:hash_depth=>0, :method_arg=>true}))) :otp_required_for_login=
    (hole 0 {:hash_depth=>0, :method_arg=>true}))
  (send
    (begin
      (send
        (begin
          (send
            (hole 0 {:hash_depth=>0, :limit_depth=>true, :recv=>true}) :count)) :-
        (hole 0 {:hash_depth=>0, :method_arg=>true}))) :otp_required_for_login=
    (hole 0 {:hash_depth=>0, :method_arg=>true}))
  (send
    (begin
      (send
        (begin
          (send
            (hole 0 {:hash_depth=>0, :limit_depth=>true, :recv=>true}) :count)) :-
        (hole 0 {:hash_depth=>0, :method_arg=>true}))) :otp_required_for_login=
    (hole 0 {:hash_depth=>0, :method_arg=>true}))
  (send
    (begin
      (send
        (begin
          (send
            (hole 0 {:hash_depth=>0, :limit_depth=>true, :recv=>true}) :count)) :-
        (hole 0 {:hash_depth=>0, :method_arg=>true}))) :otp_required_for_login=
    (hole 0 {:hash_depth=>0, :method_arg=>true}))
  (send
    (begin
      (send
        (begin
          (send
            (hole 0 {:hash_depth=>0, :limit_depth=>true, :recv=>true}) :count)) :-
        (hole 0 {:hash_depth=>0, :method_arg=>true}))) :otp_required_for_login=
    (hole 0 {:hash_depth=>0, :method_arg=>true}))
  (send
    (begin
      (send
        (begin
          (send
            (hole 0 {:hash_depth=>0, :limit_depth=>true, :recv=>true}) :count)) :-
        (hole 0 {:hash_depth=>0, :method_arg=>true}))) :otp_required_for_login)
  (send
    (begin
      (send
        (begin
          (send
            (hole 0 {:hash_depth=>0, :limit_depth=>true, :recv=>true}) :count)) :-
        (hole 0 {:hash_depth=>0, :method_arg=>true}))) :otp_required_for_login)
  (send
    (begin
      (send
        (begin
          (send
            (hole 0 {:hash_depth=>0, :limit_depth=>true, :recv=>true}) :count)) :-
        (hole 0 {:hash_depth=>0, :method_arg=>true}))) :otp_required_for_login)
  (send
    (begin
      (send
        (begin
          (send
            (hole 0 {:hash_depth=>0, :limit_depth=>true, :recv=>true}) :count)) :-
        (hole 0 {:hash_depth=>0, :method_arg=>true}))) :otp_required_for_login)
  (send
    (begin
      (send
        (begin
          (send
            (hole 0 {:hash_depth=>0, :limit_depth=>true, :recv=>true}) :count)) :-
        (hole 0 {:hash_depth=>0, :method_arg=>true}))) :otp_required_for_login)
  (send
    (begin
      (send
        (begin
          (send
            (hole 0 {:hash_depth=>0, :limit_depth=>true, :recv=>true}) :count)) :-
        (hole 0 {:hash_depth=>0, :method_arg=>true}))) :otp_required_for_login)
  (send
    (begin
      (send
        (begin
          (send
            (hole 0 {:hash_depth=>0, :limit_depth=>true, :recv=>true}) :count)) :-
        (hole 0 {:hash_depth=>0, :method_arg=>true}))) :otp_required_for_login)
  (send
    (begin
      (send
        (begin
          (send
            (hole 0 {:hash_depth=>0, :limit_depth=>true, :recv=>true}) :count)) :-
        (hole 0 {:hash_depth=>0, :method_arg=>true}))) :otp_required_for_login)
  (send
    (begin
      (send
        (begin
          (send
            (hole 0 {:hash_depth=>0, :limit_depth=>true, :recv=>true}) :count)) :-
        (hole 0 {:hash_depth=>0, :method_arg=>true}))) :otp_required_for_login)
  (send
    (begin
      (send
        (begin
          (send
            (hole 0 {:hash_depth=>0, :limit_depth=>true, :recv=>true}) :count)) :-
        (hole 0 {:hash_depth=>0, :method_arg=>true}))) :admin=
    (hole 0 {:hash_depth=>0, :method_arg=>true}))
  (send
    (begin
      (send
        (begin
          (send
            (hole 0 {:hash_depth=>0, :limit_depth=>true, :recv=>true}) :count)) :-
        (hole 0 {:hash_depth=>0, :method_arg=>true}))) :admin=
    (hole 0 {:hash_depth=>0, :method_arg=>true}))
  (send
    (begin
      (send
        (begin
          (send
            (hole 0 {:hash_depth=>0, :limit_depth=>true, :recv=>true}) :count)) :-
        (hole 0 {:hash_depth=>0, :method_arg=>true}))) :admin=
    (hole 0 {:hash_depth=>0, :method_arg=>true}))
  (send
    (begin
      (send
        (begin
          (send
            (hole 0 {:hash_depth=>0, :limit_depth=>true, :recv=>true}) :count)) :-
        (hole 0 {:hash_depth=>0, :method_arg=>true}))) :admin=
    (hole 0 {:hash_depth=>0, :method_arg=>true}))
  (send
    (begin
      (send
        (begin
          (send
            (hole 0 {:hash_depth=>0, :limit_depth=>true, :recv=>true}) :count)) :-
        (hole 0 {:hash_depth=>0, :method_arg=>true}))) :admin=
    (hole 0 {:hash_depth=>0, :method_arg=>true}))
  (send
    (begin
      (send
        (begin
          (send
            (hole 0 {:hash_depth=>0, :limit_depth=>true, :recv=>true}) :count)) :-
        (hole 0 {:hash_depth=>0, :method_arg=>true}))) :admin=
    (hole 0 {:hash_depth=>0, :method_arg=>true}))
  (send
    (begin
      (send
        (begin
          (send
            (hole 0 {:hash_depth=>0, :limit_depth=>true, :recv=>true}) :count)) :-
        (hole 0 {:hash_depth=>0, :method_arg=>true}))) :admin=
    (hole 0 {:hash_depth=>0, :method_arg=>true}))
  (send
    (begin
      (send
        (begin
          (send
            (hole 0 {:hash_depth=>0, :limit_depth=>true, :recv=>true}) :count)) :-
        (hole 0 {:hash_depth=>0, :method_arg=>true}))) :admin=
    (hole 0 {:hash_depth=>0, :method_arg=>true}))
  (send
    (begin
      (send
        (begin
          (send
            (hole 0 {:hash_depth=>0, :limit_depth=>true, :recv=>true}) :count)) :-
        (hole 0 {:hash_depth=>0, :method_arg=>true}))) :admin=
    (hole 0 {:hash_depth=>0, :method_arg=>true}))
  (send
    (begin
      (send
        (begin
          (send
            (hole 0 {:hash_depth=>0, :limit_depth=>true, :recv=>true}) :count)) :-
        (hole 0 {:hash_depth=>0, :method_arg=>true}))) :admin)
  (send
    (begin
      (send
        (begin
          (send
            (hole 0 {:hash_depth=>0, :limit_depth=>true, :recv=>true}) :count)) :-
        (hole 0 {:hash_depth=>0, :method_arg=>true}))) :admin)
  (send
    (begin
      (send
        (begin
          (send
            (hole 0 {:hash_depth=>0, :limit_depth=>true, :recv=>true}) :count)) :-
        (hole 0 {:hash_depth=>0, :method_arg=>true}))) :admin)
  (send
    (begin
      (send
        (begin
          (send
            (hole 0 {:hash_depth=>0, :limit_depth=>true, :recv=>true}) :count)) :-
        (hole 0 {:hash_depth=>0, :method_arg=>true}))) :admin)
  (send
    (begin
      (send
        (begin
          (send
            (hole 0 {:hash_depth=>0, :limit_depth=>true, :recv=>true}) :count)) :-
        (hole 0 {:hash_depth=>0, :method_arg=>true}))) :admin)
  (send
    (begin
      (send
        (begin
          (send
            (hole 0 {:hash_depth=>0, :limit_depth=>true, :recv=>true}) :count)) :-
        (hole 0 {:hash_depth=>0, :method_arg=>true}))) :admin)
  (send
    (begin
      (send
        (begin
          (send
            (hole 0 {:hash_depth=>0, :limit_depth=>true, :recv=>true}) :count)) :-
        (hole 0 {:hash_depth=>0, :method_arg=>true}))) :admin)
  (send
    (begin
      (send
        (begin
          (send
            (hole 0 {:hash_depth=>0, :limit_depth=>true, :recv=>true}) :count)) :-
        (hole 0 {:hash_depth=>0, :method_arg=>true}))) :admin)
  (send
    (begin
      (send
        (begin
          (send
            (hole 0 {:hash_depth=>0, :limit_depth=>true, :recv=>true}) :count)) :-
        (hole 0 {:hash_depth=>0, :method_arg=>true}))) :admin)
  (send
    (begin
      (send
        (begin
          (send
            (hole 0 {:hash_depth=>0, :limit_depth=>true, :recv=>true}) :count)) :-
        (hole 0 {:hash_depth=>0, :method_arg=>true}))) :staged=
    (hole 0 {:hash_depth=>0, :method_arg=>true}))
  (send
    (begin
      (send
        (begin
          (send
            (hole 0 {:hash_depth=>0, :limit_depth=>true, :recv=>true}) :count)) :-
        (hole 0 {:hash_depth=>0, :method_arg=>true}))) :staged=
    (hole 0 {:hash_depth=>0, :method_arg=>true}))
  (send
    (begin
      (send
        (begin
          (send
            (hole 0 {:hash_depth=>0, :limit_depth=>true, :recv=>true}) :count)) :-
        (hole 0 {:hash_depth=>0, :method_arg=>true}))) :staged=
    (hole 0 {:hash_depth=>0, :method_arg=>true}))
  (send
    (begin
      (send
        (begin
          (send
            (hole 0 {:hash_depth=>0, :limit_depth=>true, :recv=>true}) :count)) :-
        (hole 0 {:hash_depth=>0, :method_arg=>true}))) :staged=
    (hole 0 {:hash_depth=>0, :method_arg=>true}))
  (send
    (begin
      (send
        (begin
          (send
            (hole 0 {:hash_depth=>0, :limit_depth=>true, :recv=>true}) :count)) :-
        (hole 0 {:hash_depth=>0, :method_arg=>true}))) :staged=
    (hole 0 {:hash_depth=>0, :method_arg=>true}))
  (send
    (begin
      (send
        (begin
          (send
            (hole 0 {:hash_depth=>0, :limit_depth=>true, :recv=>true}) :count)) :-
        (hole 0 {:hash_depth=>0, :method_arg=>true}))) :staged=
    (hole 0 {:hash_depth=>0, :method_arg=>true}))
  (send
    (begin
      (send
        (begin
          (send
            (hole 0 {:hash_depth=>0, :limit_depth=>true, :recv=>true}) :count)) :-
        (hole 0 {:hash_depth=>0, :method_arg=>true}))) :staged=
    (hole 0 {:hash_depth=>0, :method_arg=>true}))
  (send
    (begin
      (send
        (begin
          (send
            (hole 0 {:hash_depth=>0, :limit_depth=>true, :recv=>true}) :count)) :-
        (hole 0 {:hash_depth=>0, :method_arg=>true}))) :staged=
    (hole 0 {:hash_depth=>0, :method_arg=>true}))
  (send
    (begin
      (send
        (begin
          (send
            (hole 0 {:hash_depth=>0, :limit_depth=>true, :recv=>true}) :count)) :-
        (hole 0 {:hash_depth=>0, :method_arg=>true}))) :staged=
    (hole 0 {:hash_depth=>0, :method_arg=>true}))
  (send
    (begin
      (send
        (begin
          (send
            (hole 0 {:hash_depth=>0, :limit_depth=>true, :recv=>true}) :count)) :-
        (hole 0 {:hash_depth=>0, :method_arg=>true}))) :staged)
  (send
    (begin
      (send
        (begin
          (send
            (hole 0 {:hash_depth=>0, :limit_depth=>true, :recv=>true}) :count)) :-
        (hole 0 {:hash_depth=>0, :method_arg=>true}))) :staged)
  (send
    (begin
      (send
        (begin
          (send
            (hole 0 {:hash_depth=>0, :limit_depth=>true, :recv=>true}) :count)) :-
        (hole 0 {:hash_depth=>0, :method_arg=>true}))) :staged)
  (send
    (begin
      (send
        (begin
          (send
            (hole 0 {:hash_depth=>0, :limit_depth=>true, :recv=>true}) :count)) :-
        (hole 0 {:hash_depth=>0, :method_arg=>true}))) :staged)
  (send
    (begin
      (send
        (begin
          (send
            (hole 0 {:hash_depth=>0, :limit_depth=>true, :recv=>true}) :count)) :-
        (hole 0 {:hash_depth=>0, :method_arg=>true}))) :staged)
  (send
    (begin
      (send
        (begin
          (send
            (hole 0 {:hash_depth=>0, :limit_depth=>true, :recv=>true}) :count)) :-
        (hole 0 {:hash_depth=>0, :method_arg=>true}))) :staged)
  (send
    (begin
      (send
        (begin
          (send
            (hole 0 {:hash_depth=>0, :limit_depth=>true, :recv=>true}) :count)) :-
        (hole 0 {:hash_depth=>0, :method_arg=>true}))) :staged)
  (send
    (begin
      (send
        (begin
          (send
            (hole 0 {:hash_depth=>0, :limit_depth=>true, :recv=>true}) :count)) :-
        (hole 0 {:hash_depth=>0, :method_arg=>true}))) :staged)
  (send
    (begin
      (send
        (begin
          (send
            (hole 0 {:hash_depth=>0, :limit_depth=>true, :recv=>true}) :count)) :-
        (hole 0 {:hash_depth=>0, :method_arg=>true}))) :staged)
  (send
    (begin
      (send
        (begin
          (send
            (hole 0 {:hash_depth=>0, :limit_depth=>true, :recv=>true}) :count)) :-
        (hole 0 {:hash_depth=>0, :method_arg=>true}))) :active=
    (hole 0 {:hash_depth=>0, :method_arg=>true}))
  (send
    (begin
      (send
        (begin
          (send
            (hole 0 {:hash_depth=>0, :limit_depth=>true, :recv=>true}) :count)) :-
        (hole 0 {:hash_depth=>0, :method_arg=>true}))) :active=
    (hole 0 {:hash_depth=>0, :method_arg=>true}))
  (send
    (begin
      (send
        (begin
          (send
            (hole 0 {:hash_depth=>0, :limit_depth=>true, :recv=>true}) :count)) :-
        (hole 0 {:hash_depth=>0, :method_arg=>true}))) :active=
    (hole 0 {:hash_depth=>0, :method_arg=>true}))
  (send
    (begin
      (send
        (begin
          (send
            (hole 0 {:hash_depth=>0, :limit_depth=>true, :recv=>true}) :count)) :-
        (hole 0 {:hash_depth=>0, :method_arg=>true}))) :active=
    (hole 0 {:hash_depth=>0, :method_arg=>true}))
  (send
    (begin
      (send
        (begin
          (send
            (hole 0 {:hash_depth=>0, :limit_depth=>true, :recv=>true}) :count)) :-
        (hole 0 {:hash_depth=>0, :method_arg=>true}))) :active=
    (hole 0 {:hash_depth=>0, :method_arg=>true}))
  (send
    (begin
      (send
        (begin
          (send
            (hole 0 {:hash_depth=>0, :limit_depth=>true, :recv=>true}) :count)) :-
        (hole 0 {:hash_depth=>0, :method_arg=>true}))) :active=
    (hole 0 {:hash_depth=>0, :method_arg=>true}))
  (send
    (begin
      (send
        (begin
          (send
            (hole 0 {:hash_depth=>0, :limit_depth=>true, :recv=>true}) :count)) :-
        (hole 0 {:hash_depth=>0, :method_arg=>true}))) :active=
    (hole 0 {:hash_depth=>0, :method_arg=>true}))
  (send
    (begin
      (send
        (begin
          (send
            (hole 0 {:hash_depth=>0, :limit_depth=>true, :recv=>true}) :count)) :-
        (hole 0 {:hash_depth=>0, :method_arg=>true}))) :active=
    (hole 0 {:hash_depth=>0, :method_arg=>true}))
  (send
    (begin
      (send
        (begin
          (send
            (hole 0 {:hash_depth=>0, :limit_depth=>true, :recv=>true}) :count)) :-
        (hole 0 {:hash_depth=>0, :method_arg=>true}))) :active=
    (hole 0 {:hash_depth=>0, :method_arg=>true}))
  (send
    (begin
      (send
        (begin
          (send
            (hole 0 {:hash_depth=>0, :limit_depth=>true, :recv=>true}) :count)) :-
        (hole 0 {:hash_depth=>0, :method_arg=>true}))) :active)
  (send
    (begin
      (send
        (begin
          (send
            (hole 0 {:hash_depth=>0, :limit_depth=>true, :recv=>true}) :count)) :-
        (hole 0 {:hash_depth=>0, :method_arg=>true}))) :active)
  (send
    (begin
      (send
        (begin
          (send
            (hole 0 {:hash_depth=>0, :limit_depth=>true, :recv=>true}) :count)) :-
        (hole 0 {:hash_depth=>0, :method_arg=>true}))) :active)
  (send
    (begin
      (send
        (begin
          (send
            (hole 0 {:hash_depth=>0, :limit_depth=>true, :recv=>true}) :count)) :-
        (hole 0 {:hash_depth=>0, :method_arg=>true}))) :active)
  (send
    (begin
      (send
        (begin
          (send
            (hole 0 {:hash_depth=>0, :limit_depth=>true, :recv=>true}) :count)) :-
        (hole 0 {:hash_depth=>0, :method_arg=>true}))) :active)
  (send
    (begin
      (send
        (begin
          (send
            (hole 0 {:hash_depth=>0, :limit_depth=>true, :recv=>true}) :count)) :-
        (hole 0 {:hash_depth=>0, :method_arg=>true}))) :active)
  (send
    (begin
      (send
        (begin
          (send
            (hole 0 {:hash_depth=>0, :limit_depth=>true, :recv=>true}) :count)) :-
        (hole 0 {:hash_depth=>0, :method_arg=>true}))) :active)
  (send
    (begin
      (send
        (begin
          (send
            (hole 0 {:hash_depth=>0, :limit_depth=>true, :recv=>true}) :count)) :-
        (hole 0 {:hash_depth=>0, :method_arg=>true}))) :active)
  (send
    (begin
      (send
        (begin
          (send
            (hole 0 {:hash_depth=>0, :limit_depth=>true, :recv=>true}) :count)) :-
        (hole 0 {:hash_depth=>0, :method_arg=>true}))) :active)
  (send
    (begin
      (send
        (begin
          (send
            (hole 0 {:hash_depth=>0, :limit_depth=>true, :recv=>true}) :count)) :-
        (hole 0 {:hash_depth=>0, :method_arg=>true}))) :primary=
    (hole 0 {:hash_depth=>0, :method_arg=>true}))
  (send
    (begin
      (send
        (begin
          (send
            (hole 0 {:hash_depth=>0, :limit_depth=>true, :recv=>true}) :count)) :-
        (hole 0 {:hash_depth=>0, :method_arg=>true}))) :primary=
    (hole 0 {:hash_depth=>0, :method_arg=>true}))
  (send
    (begin
      (send
        (begin
          (send
            (hole 0 {:hash_depth=>0, :limit_depth=>true, :recv=>true}) :count)) :-
        (hole 0 {:hash_depth=>0, :method_arg=>true}))) :primary=
    (hole 0 {:hash_depth=>0, :method_arg=>true}))
  (send
    (begin
      (send
        (begin
          (send
            (hole 0 {:hash_depth=>0, :limit_depth=>true, :recv=>true}) :count)) :-
        (hole 0 {:hash_depth=>0, :method_arg=>true}))) :primary=
    (hole 0 {:hash_depth=>0, :method_arg=>true}))
  (send
    (begin
      (send
        (begin
          (send
            (hole 0 {:hash_depth=>0, :limit_depth=>true, :recv=>true}) :count)) :-
        (hole 0 {:hash_depth=>0, :method_arg=>true}))) :primary=
    (hole 0 {:hash_depth=>0, :method_arg=>true}))
  (send
    (begin
      (send
        (begin
          (send
            (hole 0 {:hash_depth=>0, :limit_depth=>true, :recv=>true}) :count)) :-
        (hole 0 {:hash_depth=>0, :method_arg=>true}))) :primary=
    (hole 0 {:hash_depth=>0, :method_arg=>true}))
  (send
    (begin
      (send
        (begin
          (send
            (hole 0 {:hash_depth=>0, :limit_depth=>true, :recv=>true}) :count)) :-
        (hole 0 {:hash_depth=>0, :method_arg=>true}))) :primary=
    (hole 0 {:hash_depth=>0, :method_arg=>true}))
  (send
    (begin
      (send
        (begin
          (send
            (hole 0 {:hash_depth=>0, :limit_depth=>true, :recv=>true}) :count)) :-
        (hole 0 {:hash_depth=>0, :method_arg=>true}))) :primary=
    (hole 0 {:hash_depth=>0, :method_arg=>true}))
  (send
    (begin
      (send
        (begin
          (send
            (hole 0 {:hash_depth=>0, :limit_depth=>true, :recv=>true}) :count)) :-
        (hole 0 {:hash_depth=>0, :method_arg=>true}))) :primary=
    (hole 0 {:hash_depth=>0, :method_arg=>true}))
  (send
    (begin
      (send
        (begin
          (send
            (hole 0 {:hash_depth=>0, :limit_depth=>true, :recv=>true}) :count)) :-
        (hole 0 {:hash_depth=>0, :method_arg=>true}))) :primary)
  (send
    (begin
      (send
        (begin
          (send
            (hole 0 {:hash_depth=>0, :limit_depth=>true, :recv=>true}) :count)) :-
        (hole 0 {:hash_depth=>0, :method_arg=>true}))) :primary)
  (send
    (begin
      (send
        (begin
          (send
            (hole 0 {:hash_depth=>0, :limit_depth=>true, :recv=>true}) :count)) :-
        (hole 0 {:hash_depth=>0, :method_arg=>true}))) :primary)
  (send
    (begin
      (send
        (begin
          (send
            (hole 0 {:hash_depth=>0, :limit_depth=>true, :recv=>true}) :count)) :-
        (hole 0 {:hash_depth=>0, :method_arg=>true}))) :primary)
  (send
    (begin
      (send
        (begin
          (send
            (hole 0 {:hash_depth=>0, :limit_depth=>true, :recv=>true}) :count)) :-
        (hole 0 {:hash_depth=>0, :method_arg=>true}))) :primary)
  (send
    (begin
      (send
        (begin
          (send
            (hole 0 {:hash_depth=>0, :limit_depth=>true, :recv=>true}) :count)) :-
        (hole 0 {:hash_depth=>0, :method_arg=>true}))) :primary)
  (send
    (begin
      (send
        (begin
          (send
            (hole 0 {:hash_depth=>0, :limit_depth=>true, :recv=>true}) :count)) :-
        (hole 0 {:hash_depth=>0, :method_arg=>true}))) :primary)
  (send
    (begin
      (send
        (begin
          (send
            (hole 0 {:hash_depth=>0, :limit_depth=>true, :recv=>true}) :count)) :-
        (hole 0 {:hash_depth=>0, :method_arg=>true}))) :primary)
  (send
    (begin
      (send
        (begin
          (send
            (hole 0 {:hash_depth=>0, :limit_depth=>true, :recv=>true}) :count)) :-
        (hole 0 {:hash_depth=>0, :method_arg=>true}))) :primary)
  (send
    (begin
      (send
        (begin
          (send
            (hole 0 {:hash_depth=>0, :limit_depth=>true, :recv=>true}) :count)) :-
        (hole 0 {:hash_depth=>0, :method_arg=>true}))) :moderator=
    (hole 0 {:hash_depth=>0, :method_arg=>true}))
  (send
    (begin
      (send
        (begin
          (send
            (hole 0 {:hash_depth=>0, :limit_depth=>true, :recv=>true}) :count)) :-
        (hole 0 {:hash_depth=>0, :method_arg=>true}))) :moderator=
    (hole 0 {:hash_depth=>0, :method_arg=>true}))
  (send
    (begin
      (send
        (begin
          (send
            (hole 0 {:hash_depth=>0, :limit_depth=>true, :recv=>true}) :count)) :-
        (hole 0 {:hash_depth=>0, :method_arg=>true}))) :moderator=
    (hole 0 {:hash_depth=>0, :method_arg=>true}))
  (send
    (begin
      (send
        (begin
          (send
            (hole 0 {:hash_depth=>0, :limit_depth=>true, :recv=>true}) :count)) :-
        (hole 0 {:hash_depth=>0, :method_arg=>true}))) :moderator=
    (hole 0 {:hash_depth=>0, :method_arg=>true}))
  (send
    (begin
      (send
        (begin
          (send
            (hole 0 {:hash_depth=>0, :limit_depth=>true, :recv=>true}) :count)) :-
        (hole 0 {:hash_depth=>0, :method_arg=>true}))) :moderator=
    (hole 0 {:hash_depth=>0, :method_arg=>true}))
  (send
    (begin
      (send
        (begin
          (send
            (hole 0 {:hash_depth=>0, :limit_depth=>true, :recv=>true}) :count)) :-
        (hole 0 {:hash_depth=>0, :method_arg=>true}))) :moderator=
    (hole 0 {:hash_depth=>0, :method_arg=>true}))
  (send
    (begin
      (send
        (begin
          (send
            (hole 0 {:hash_depth=>0, :limit_depth=>true, :recv=>true}) :count)) :-
        (hole 0 {:hash_depth=>0, :method_arg=>true}))) :moderator=
    (hole 0 {:hash_depth=>0, :method_arg=>true}))
  (send
    (begin
      (send
        (begin
          (send
            (hole 0 {:hash_depth=>0, :limit_depth=>true, :recv=>true}) :count)) :-
        (hole 0 {:hash_depth=>0, :method_arg=>true}))) :moderator=
    (hole 0 {:hash_depth=>0, :method_arg=>true}))
  (send
    (begin
      (send
        (begin
          (send
            (hole 0 {:hash_depth=>0, :limit_depth=>true, :recv=>true}) :count)) :-
        (hole 0 {:hash_depth=>0, :method_arg=>true}))) :moderator=
    (hole 0 {:hash_depth=>0, :method_arg=>true}))
  (send
    (begin
      (send
        (begin
          (send
            (hole 0 {:hash_depth=>0, :limit_depth=>true, :recv=>true}) :count)) :-
        (hole 0 {:hash_depth=>0, :method_arg=>true}))) :moderator)
  (send
    (begin
      (send
        (begin
          (send
            (hole 0 {:hash_depth=>0, :limit_depth=>true, :recv=>true}) :count)) :-
        (hole 0 {:hash_depth=>0, :method_arg=>true}))) :moderator)
  (send
    (begin
      (send
        (begin
          (send
            (hole 0 {:hash_depth=>0, :limit_depth=>true, :recv=>true}) :count)) :-
        (hole 0 {:hash_depth=>0, :method_arg=>true}))) :moderator)
  (send
    (begin
      (send
        (begin
          (send
            (hole 0 {:hash_depth=>0, :limit_depth=>true, :recv=>true}) :count)) :-
        (hole 0 {:hash_depth=>0, :method_arg=>true}))) :moderator)
  (send
    (begin
      (send
        (begin
          (send
            (hole 0 {:hash_depth=>0, :limit_depth=>true, :recv=>true}) :count)) :-
        (hole 0 {:hash_depth=>0, :method_arg=>true}))) :moderator)
  (send
    (begin
      (send
        (begin
          (send
            (hole 0 {:hash_depth=>0, :limit_depth=>true, :recv=>true}) :count)) :-
        (hole 0 {:hash_depth=>0, :method_arg=>true}))) :moderator)
  (send
    (begin
      (send
        (begin
          (send
            (hole 0 {:hash_depth=>0, :limit_depth=>true, :recv=>true}) :count)) :-
        (hole 0 {:hash_depth=>0, :method_arg=>true}))) :moderator)
  (send
    (begin
      (send
        (begin
          (send
            (hole 0 {:hash_depth=>0, :limit_depth=>true, :recv=>true}) :count)) :-
        (hole 0 {:hash_depth=>0, :method_arg=>true}))) :moderator)
  (send
    (begin
      (send
        (begin
          (send
            (hole 0 {:hash_depth=>0, :limit_depth=>true, :recv=>true}) :count)) :-
        (hole 0 {:hash_depth=>0, :method_arg=>true}))) :moderator)
  (begin
    (send
      (begin
        (send
          (begin
            (send
              (hole 0 {:hash_depth=>0, :limit_depth=>true, :recv=>true}) :count)) :-
          (hole 0 {:hash_depth=>0, :method_arg=>true}))) :-
      (hole 0 {:hash_depth=>0, :method_arg=>true})))
  (begin
    (send
      (begin
        (send
          (begin
            (send
              (hole 0 {:hash_depth=>0, :limit_depth=>true, :recv=>true}) :count)) :-
          (hole 0 {:hash_depth=>0, :method_arg=>true}))) :-
      (hole 0 {:hash_depth=>0, :method_arg=>true})))
  (begin
    (send
      (begin
        (send
          (begin
            (send
              (hole 0 {:hash_depth=>0, :limit_depth=>true, :recv=>true}) :count)) :-
          (hole 0 {:hash_depth=>0, :method_arg=>true}))) :-
      (hole 0 {:hash_depth=>0, :method_arg=>true})))
  (begin
    (send
      (begin
        (send
          (begin
            (send
              (hole 0 {:hash_depth=>0, :limit_depth=>true, :recv=>true}) :count)) :-
          (hole 0 {:hash_depth=>0, :method_arg=>true}))) :-
      (hole 0 {:hash_depth=>0, :method_arg=>true})))
  (begin
    (send
      (begin
        (send
          (begin
            (send
              (hole 0 {:hash_depth=>0, :limit_depth=>true, :recv=>true}) :count)) :-
          (hole 0 {:hash_depth=>0, :method_arg=>true}))) :-
      (hole 0 {:hash_depth=>0, :method_arg=>true})))
  (begin
    (send
      (begin
        (send
          (begin
            (send
              (hole 0 {:hash_depth=>0, :limit_depth=>true, :recv=>true}) :count)) :-
          (hole 0 {:hash_depth=>0, :method_arg=>true}))) :-
      (hole 0 {:hash_depth=>0, :method_arg=>true})))
  (begin
    (send
      (begin
        (send
          (begin
            (send
              (hole 0 {:hash_depth=>0, :limit_depth=>true, :recv=>true}) :count)) :-
          (hole 0 {:hash_depth=>0, :method_arg=>true}))) :-
      (hole 0 {:hash_depth=>0, :method_arg=>true})))
  (begin
    (send
      (begin
        (send
          (begin
            (send
              (hole 0 {:hash_depth=>0, :limit_depth=>true, :recv=>true}) :count)) :-
          (hole 0 {:hash_depth=>0, :method_arg=>true}))) :-
      (hole 0 {:hash_depth=>0, :method_arg=>true})))
  (begin
    (send
      (begin
        (send
          (begin
            (send
              (hole 0 {:hash_depth=>0, :limit_depth=>true, :recv=>true}) :count)) :-
          (hole 0 {:hash_depth=>0, :method_arg=>true}))) :-
      (hole 0 {:hash_depth=>0, :method_arg=>true})))
  (begin
    (send
      (begin
        (send
          (begin
            (send
              (hole 0 {:hash_depth=>0, :limit_depth=>true, :recv=>true}) :count)) :-
          (hole 0 {:hash_depth=>0, :method_arg=>true}))) :-
      (hole 0 {:hash_depth=>0, :method_arg=>true})))
  (begin
    (send
      (begin
        (send
          (begin
            (send
              (hole 0 {:hash_depth=>0, :limit_depth=>true, :recv=>true}) :count)) :-
          (hole 0 {:hash_depth=>0, :method_arg=>true}))) :-
      (hole 0 {:hash_depth=>0, :method_arg=>true})))
  (begin
    (send
      (begin
        (send
          (begin
            (send
              (hole 0 {:hash_depth=>0, :limit_depth=>true, :recv=>true}) :count)) :-
          (hole 0 {:hash_depth=>0, :method_arg=>true}))) :-
      (hole 0 {:hash_depth=>0, :method_arg=>true})))
  (begin
    (send
      (begin
        (send
          (begin
            (send
              (hole 0 {:hash_depth=>0, :limit_depth=>true, :recv=>true}) :count)) :-
          (hole 0 {:hash_depth=>0, :method_arg=>true}))) :-
      (hole 0 {:hash_depth=>0, :method_arg=>true})))
  (begin
    (send
      (begin
        (send
          (begin
            (send
              (hole 0 {:hash_depth=>0, :limit_depth=>true, :recv=>true}) :count)) :-
          (hole 0 {:hash_depth=>0, :method_arg=>true}))) :-
      (hole 0 {:hash_depth=>0, :method_arg=>true})))
  (begin
    (send
      (begin
        (send
          (begin
            (send
              (hole 0 {:hash_depth=>0, :limit_depth=>true, :recv=>true}) :count)) :-
          (hole 0 {:hash_depth=>0, :method_arg=>true}))) :-
      (hole 0 {:hash_depth=>0, :method_arg=>true})))
  (begin
    (send
      (begin
        (send
          (begin
            (send
              (hole 0 {:hash_depth=>0, :limit_depth=>true, :recv=>true}) :count)) :-
          (hole 0 {:hash_depth=>0, :method_arg=>true}))) :-
      (hole 0 {:hash_depth=>0, :method_arg=>true})))
  (begin
    (send
      (begin
        (send
          (begin
            (send
              (hole 0 {:hash_depth=>0, :limit_depth=>true, :recv=>true}) :count)) :-
          (hole 0 {:hash_depth=>0, :method_arg=>true}))) :-
      (hole 0 {:hash_depth=>0, :method_arg=>true})))
  (begin
    (send
      (begin
        (send
          (begin
            (send
              (hole 0 {:hash_depth=>0, :limit_depth=>true, :recv=>true}) :count)) :-
          (hole 0 {:hash_depth=>0, :method_arg=>true}))) :-
      (hole 0 {:hash_depth=>0, :method_arg=>true})))
  (begin
    (send
      (begin
        (send
          (begin
            (send
              (hole 0 {:hash_depth=>0, :limit_depth=>true, :recv=>true}) :count)) :-
          (hole 0 {:hash_depth=>0, :method_arg=>true}))) :-
      (hole 0 {:hash_depth=>0, :method_arg=>true})))
  (begin
    (send
      (begin
        (send
          (begin
            (send
              (hole 0 {:hash_depth=>0, :limit_depth=>true, :recv=>true}) :count)) :-
          (hole 0 {:hash_depth=>0, :method_arg=>true}))) :-
      (hole 0 {:hash_depth=>0, :method_arg=>true})))
  (begin
    (send
      (begin
        (send
          (begin
            (send
              (hole 0 {:hash_depth=>0, :limit_depth=>true, :recv=>true}) :count)) :-
          (hole 0 {:hash_depth=>0, :method_arg=>true}))) :-
      (hole 0 {:hash_depth=>0, :method_arg=>true})))
  (begin
    (send
      (begin
        (send
          (begin
            (send
              (hole 0 {:hash_depth=>0, :limit_depth=>true, :recv=>true}) :count)) :-
          (hole 0 {:hash_depth=>0, :method_arg=>true}))) :-
      (hole 0 {:hash_depth=>0, :method_arg=>true})))
  (begin
    (send
      (begin
        (send
          (begin
            (send
              (hole 0 {:hash_depth=>0, :limit_depth=>true, :recv=>true}) :count)) :-
          (hole 0 {:hash_depth=>0, :method_arg=>true}))) :-
      (hole 0 {:hash_depth=>0, :method_arg=>true})))
  (begin
    (send
      (begin
        (send
          (begin
            (send
              (hole 0 {:hash_depth=>0, :limit_depth=>true, :recv=>true}) :count)) :-
          (hole 0 {:hash_depth=>0, :method_arg=>true}))) :-
      (hole 0 {:hash_depth=>0, :method_arg=>true})))
  (begin
    (send
      (begin
        (send
          (begin
            (send
              (hole 0 {:hash_depth=>0, :limit_depth=>true, :recv=>true}) :count)) :-
          (hole 0 {:hash_depth=>0, :method_arg=>true}))) :-
      (hole 0 {:hash_depth=>0, :method_arg=>true})))
  (begin
    (send
      (begin
        (send
          (begin
            (send
              (hole 0 {:hash_depth=>0, :limit_depth=>true, :recv=>true}) :count)) :-
          (hole 0 {:hash_depth=>0, :method_arg=>true}))) :-
      (hole 0 {:hash_depth=>0, :method_arg=>true})))
  (begin
    (send
      (begin
        (send
          (begin
            (send
              (hole 0 {:hash_depth=>0, :limit_depth=>true, :recv=>true}) :count)) :-
          (hole 0 {:hash_depth=>0, :method_arg=>true}))) :-
      (hole 0 {:hash_depth=>0, :method_arg=>true})))
  (begin
    (send
      (begin
        (send
          (begin
            (send
              (hole 0 {:hash_depth=>0, :limit_depth=>true, :recv=>true}) :count)) :-
          (hole 0 {:hash_depth=>0, :method_arg=>true}))) :save))
  (begin
    (send
      (begin
        (send
          (begin
            (send
              (hole 0 {:hash_depth=>0, :limit_depth=>true, :recv=>true}) :count)) :-
          (hole 0 {:hash_depth=>0, :method_arg=>true}))) :save))
  (begin
    (send
      (begin
        (send
          (begin
            (send
              (hole 0 {:hash_depth=>0, :limit_depth=>true, :recv=>true}) :count)) :-
          (hole 0 {:hash_depth=>0, :method_arg=>true}))) :save))
  (begin
    (send
      (begin
        (send
          (begin
            (send
              (hole 0 {:hash_depth=>0, :limit_depth=>true, :recv=>true}) :count)) :-
          (hole 0 {:hash_depth=>0, :method_arg=>true}))) :save))
  (begin
    (send
      (begin
        (send
          (begin
            (send
              (hole 0 {:hash_depth=>0, :limit_depth=>true, :recv=>true}) :count)) :-
          (hole 0 {:hash_depth=>0, :method_arg=>true}))) :save))
  (begin
    (send
      (begin
        (send
          (begin
            (send
              (hole 0 {:hash_depth=>0, :limit_depth=>true, :recv=>true}) :count)) :-
          (hole 0 {:hash_depth=>0, :method_arg=>true}))) :save))
  (begin
    (send
      (begin
        (send
          (begin
            (send
              (hole 0 {:hash_depth=>0, :limit_depth=>true, :recv=>true}) :count)) :-
          (hole 0 {:hash_depth=>0, :method_arg=>true}))) :save))
  (begin
    (send
      (begin
        (send
          (begin
            (send
              (hole 0 {:hash_depth=>0, :limit_depth=>true, :recv=>true}) :count)) :-
          (hole 0 {:hash_depth=>0, :method_arg=>true}))) :save))
  (begin
    (send
      (begin
        (send
          (begin
            (send
              (hole 0 {:hash_depth=>0, :limit_depth=>true, :recv=>true}) :count)) :-
          (hole 0 {:hash_depth=>0, :method_arg=>true}))) :save))
  (send
    (begin
      (send
        (begin
          (send
            (hole 0 {:hash_depth=>0, :limit_depth=>true, :recv=>true}) :count)) :count)) :confirmed=
    (hole 0 {:hash_depth=>0, :method_arg=>true}))
  (send
    (begin
      (send
        (begin
          (send
            (hole 0 {:hash_depth=>0, :limit_depth=>true, :recv=>true}) :count)) :count)) :confirmed=
    (hole 0 {:hash_depth=>0, :method_arg=>true}))
  (send
    (begin
      (send
        (begin
          (send
            (hole 0 {:hash_depth=>0, :limit_depth=>true, :recv=>true}) :count)) :count)) :confirmed=
    (hole 0 {:hash_depth=>0, :method_arg=>true}))
  (send
    (begin
      (send
        (begin
          (send
            (hole 0 {:hash_depth=>0, :limit_depth=>true, :recv=>true}) :count)) :count)) :confirmed)
  (send
    (begin
      (send
        (begin
          (send
            (hole 0 {:hash_depth=>0, :limit_depth=>true, :recv=>true}) :count)) :count)) :confirmed)
  (send
    (begin
      (send
        (begin
          (send
            (hole 0 {:hash_depth=>0, :limit_depth=>true, :recv=>true}) :count)) :count)) :confirmed)
  (send
    (begin
      (send
        (begin
          (send
            (hole 0 {:hash_depth=>0, :limit_depth=>true, :recv=>true}) :count)) :count)) :expired=
    (hole 0 {:hash_depth=>0, :method_arg=>true}))
  (send
    (begin
      (send
        (begin
          (send
            (hole 0 {:hash_depth=>0, :limit_depth=>true, :recv=>true}) :count)) :count)) :expired=
    (hole 0 {:hash_depth=>0, :method_arg=>true}))
  (send
    (begin
      (send
        (begin
          (send
            (hole 0 {:hash_depth=>0, :limit_depth=>true, :recv=>true}) :count)) :count)) :expired=
    (hole 0 {:hash_depth=>0, :method_arg=>true}))
  (send
    (begin
      (send
        (begin
          (send
            (hole 0 {:hash_depth=>0, :limit_depth=>true, :recv=>true}) :count)) :count)) :expired)
  (send
    (begin
      (send
        (begin
          (send
            (hole 0 {:hash_depth=>0, :limit_depth=>true, :recv=>true}) :count)) :count)) :expired)
  (send
    (begin
      (send
        (begin
          (send
            (hole 0 {:hash_depth=>0, :limit_depth=>true, :recv=>true}) :count)) :count)) :expired)
  (send
    (begin
      (send
        (begin
          (send
            (hole 0 {:hash_depth=>0, :limit_depth=>true, :recv=>true}) :count)) :count)) :discoverable=
    (hole 0 {:hash_depth=>0, :method_arg=>true}))
  (send
    (begin
      (send
        (begin
          (send
            (hole 0 {:hash_depth=>0, :limit_depth=>true, :recv=>true}) :count)) :count)) :discoverable=
    (hole 0 {:hash_depth=>0, :method_arg=>true}))
  (send
    (begin
      (send
        (begin
          (send
            (hole 0 {:hash_depth=>0, :limit_depth=>true, :recv=>true}) :count)) :count)) :discoverable=
    (hole 0 {:hash_depth=>0, :method_arg=>true}))
  (send
    (begin
      (send
        (begin
          (send
            (hole 0 {:hash_depth=>0, :limit_depth=>true, :recv=>true}) :count)) :count)) :discoverable)
  (send
    (begin
      (send
        (begin
          (send
            (hole 0 {:hash_depth=>0, :limit_depth=>true, :recv=>true}) :count)) :count)) :discoverable)
  (send
    (begin
      (send
        (begin
          (send
            (hole 0 {:hash_depth=>0, :limit_depth=>true, :recv=>true}) :count)) :count)) :discoverable)
  (send
    (begin
      (send
        (begin
          (send
            (hole 0 {:hash_depth=>0, :limit_depth=>true, :recv=>true}) :count)) :count)) :scheduled_check=
    (hole 0 {:hash_depth=>0, :method_arg=>true}))
  (send
    (begin
      (send
        (begin
          (send
            (hole 0 {:hash_depth=>0, :limit_depth=>true, :recv=>true}) :count)) :count)) :scheduled_check=
    (hole 0 {:hash_depth=>0, :method_arg=>true}))
  (send
    (begin
      (send
        (begin
          (send
            (hole 0 {:hash_depth=>0, :limit_depth=>true, :recv=>true}) :count)) :count)) :scheduled_check=
    (hole 0 {:hash_depth=>0, :method_arg=>true}))
  (send
    (begin
      (send
        (begin
          (send
            (hole 0 {:hash_depth=>0, :limit_depth=>true, :recv=>true}) :count)) :count)) :scheduled_check)
  (send
    (begin
      (send
        (begin
          (send
            (hole 0 {:hash_depth=>0, :limit_depth=>true, :recv=>true}) :count)) :count)) :scheduled_check)
  (send
    (begin
      (send
        (begin
          (send
            (hole 0 {:hash_depth=>0, :limit_depth=>true, :recv=>true}) :count)) :count)) :scheduled_check)
  (send
    (begin
      (send
        (begin
          (send
            (hole 0 {:hash_depth=>0, :limit_depth=>true, :recv=>true}) :count)) :count)) :otp_required_for_login=
    (hole 0 {:hash_depth=>0, :method_arg=>true}))
  (send
    (begin
      (send
        (begin
          (send
            (hole 0 {:hash_depth=>0, :limit_depth=>true, :recv=>true}) :count)) :count)) :otp_required_for_login=
    (hole 0 {:hash_depth=>0, :method_arg=>true}))
  (send
    (begin
      (send
        (begin
          (send
            (hole 0 {:hash_depth=>0, :limit_depth=>true, :recv=>true}) :count)) :count)) :otp_required_for_login=
    (hole 0 {:hash_depth=>0, :method_arg=>true}))
  (send
    (begin
      (send
        (begin
          (send
            (hole 0 {:hash_depth=>0, :limit_depth=>true, :recv=>true}) :count)) :count)) :otp_required_for_login)
  (send
    (begin
      (send
        (begin
          (send
            (hole 0 {:hash_depth=>0, :limit_depth=>true, :recv=>true}) :count)) :count)) :otp_required_for_login)
  (send
    (begin
      (send
        (begin
          (send
            (hole 0 {:hash_depth=>0, :limit_depth=>true, :recv=>true}) :count)) :count)) :otp_required_for_login)
  (send
    (begin
      (send
        (begin
          (send
            (hole 0 {:hash_depth=>0, :limit_depth=>true, :recv=>true}) :count)) :count)) :admin=
    (hole 0 {:hash_depth=>0, :method_arg=>true}))
  (send
    (begin
      (send
        (begin
          (send
            (hole 0 {:hash_depth=>0, :limit_depth=>true, :recv=>true}) :count)) :count)) :admin=
    (hole 0 {:hash_depth=>0, :method_arg=>true}))
  (send
    (begin
      (send
        (begin
          (send
            (hole 0 {:hash_depth=>0, :limit_depth=>true, :recv=>true}) :count)) :count)) :admin=
    (hole 0 {:hash_depth=>0, :method_arg=>true}))
  (send
    (begin
      (send
        (begin
          (send
            (hole 0 {:hash_depth=>0, :limit_depth=>true, :recv=>true}) :count)) :count)) :admin)
  (send
    (begin
      (send
        (begin
          (send
            (hole 0 {:hash_depth=>0, :limit_depth=>true, :recv=>true}) :count)) :count)) :admin)
  (send
    (begin
      (send
        (begin
          (send
            (hole 0 {:hash_depth=>0, :limit_depth=>true, :recv=>true}) :count)) :count)) :admin)
  (send
    (begin
      (send
        (begin
          (send
            (hole 0 {:hash_depth=>0, :limit_depth=>true, :recv=>true}) :count)) :count)) :staged=
    (hole 0 {:hash_depth=>0, :method_arg=>true}))
  (send
    (begin
      (send
        (begin
          (send
            (hole 0 {:hash_depth=>0, :limit_depth=>true, :recv=>true}) :count)) :count)) :staged=
    (hole 0 {:hash_depth=>0, :method_arg=>true}))
  (send
    (begin
      (send
        (begin
          (send
            (hole 0 {:hash_depth=>0, :limit_depth=>true, :recv=>true}) :count)) :count)) :staged=
    (hole 0 {:hash_depth=>0, :method_arg=>true}))
  (send
    (begin
      (send
        (begin
          (send
            (hole 0 {:hash_depth=>0, :limit_depth=>true, :recv=>true}) :count)) :count)) :staged)
  (send
    (begin
      (send
        (begin
          (send
            (hole 0 {:hash_depth=>0, :limit_depth=>true, :recv=>true}) :count)) :count)) :staged)
  (send
    (begin
      (send
        (begin
          (send
            (hole 0 {:hash_depth=>0, :limit_depth=>true, :recv=>true}) :count)) :count)) :staged)
  (send
    (begin
      (send
        (begin
          (send
            (hole 0 {:hash_depth=>0, :limit_depth=>true, :recv=>true}) :count)) :count)) :active=
    (hole 0 {:hash_depth=>0, :method_arg=>true}))
  (send
    (begin
      (send
        (begin
          (send
            (hole 0 {:hash_depth=>0, :limit_depth=>true, :recv=>true}) :count)) :count)) :active=
    (hole 0 {:hash_depth=>0, :method_arg=>true}))
  (send
    (begin
      (send
        (begin
          (send
            (hole 0 {:hash_depth=>0, :limit_depth=>true, :recv=>true}) :count)) :count)) :active=
    (hole 0 {:hash_depth=>0, :method_arg=>true}))
  (send
    (begin
      (send
        (begin
          (send
            (hole 0 {:hash_depth=>0, :limit_depth=>true, :recv=>true}) :count)) :count)) :active)
  (send
    (begin
      (send
        (begin
          (send
            (hole 0 {:hash_depth=>0, :limit_depth=>true, :recv=>true}) :count)) :count)) :active)
  (send
    (begin
      (send
        (begin
          (send
            (hole 0 {:hash_depth=>0, :limit_depth=>true, :recv=>true}) :count)) :count)) :active)
  (send
    (begin
      (send
        (begin
          (send
            (hole 0 {:hash_depth=>0, :limit_depth=>true, :recv=>true}) :count)) :count)) :primary=
    (hole 0 {:hash_depth=>0, :method_arg=>true}))
  (send
    (begin
      (send
        (begin
          (send
            (hole 0 {:hash_depth=>0, :limit_depth=>true, :recv=>true}) :count)) :count)) :primary=
    (hole 0 {:hash_depth=>0, :method_arg=>true}))
  (send
    (begin
      (send
        (begin
          (send
            (hole 0 {:hash_depth=>0, :limit_depth=>true, :recv=>true}) :count)) :count)) :primary=
    (hole 0 {:hash_depth=>0, :method_arg=>true}))
  (send
    (begin
      (send
        (begin
          (send
            (hole 0 {:hash_depth=>0, :limit_depth=>true, :recv=>true}) :count)) :count)) :primary)
  (send
    (begin
      (send
        (begin
          (send
            (hole 0 {:hash_depth=>0, :limit_depth=>true, :recv=>true}) :count)) :count)) :primary)
  (send
    (begin
      (send
        (begin
          (send
            (hole 0 {:hash_depth=>0, :limit_depth=>true, :recv=>true}) :count)) :count)) :primary)
  (send
    (begin
      (send
        (begin
          (send
            (hole 0 {:hash_depth=>0, :limit_depth=>true, :recv=>true}) :count)) :count)) :moderator=
    (hole 0 {:hash_depth=>0, :method_arg=>true}))
  (send
    (begin
      (send
        (begin
          (send
            (hole 0 {:hash_depth=>0, :limit_depth=>true, :recv=>true}) :count)) :count)) :moderator=
    (hole 0 {:hash_depth=>0, :method_arg=>true}))
  (send
    (begin
      (send
        (begin
          (send
            (hole 0 {:hash_depth=>0, :limit_depth=>true, :recv=>true}) :count)) :count)) :moderator=
    (hole 0 {:hash_depth=>0, :method_arg=>true}))
  (send
    (begin
      (send
        (begin
          (send
            (hole 0 {:hash_depth=>0, :limit_depth=>true, :recv=>true}) :count)) :count)) :moderator)
  (send
    (begin
      (send
        (begin
          (send
            (hole 0 {:hash_depth=>0, :limit_depth=>true, :recv=>true}) :count)) :count)) :moderator)
  (send
    (begin
      (send
        (begin
          (send
            (hole 0 {:hash_depth=>0, :limit_depth=>true, :recv=>true}) :count)) :count)) :moderator)
  (begin
    (send
      (begin
        (send
          (begin
            (send
              (hole 0 {:hash_depth=>0, :limit_depth=>true, :recv=>true}) :count)) :count)) :-
      (hole 0 {:hash_depth=>0, :method_arg=>true})))
  (begin
    (send
      (begin
        (send
          (begin
            (send
              (hole 0 {:hash_depth=>0, :limit_depth=>true, :recv=>true}) :count)) :count)) :-
      (hole 0 {:hash_depth=>0, :method_arg=>true})))
  (begin
    (send
      (begin
        (send
          (begin
            (send
              (hole 0 {:hash_depth=>0, :limit_depth=>true, :recv=>true}) :count)) :count)) :-
      (hole 0 {:hash_depth=>0, :method_arg=>true})))
  (begin
    (send
      (begin
        (send
          (begin
            (send
              (hole 0 {:hash_depth=>0, :limit_depth=>true, :recv=>true}) :count)) :count)) :-
      (hole 0 {:hash_depth=>0, :method_arg=>true})))
  (begin
    (send
      (begin
        (send
          (begin
            (send
              (hole 0 {:hash_depth=>0, :limit_depth=>true, :recv=>true}) :count)) :count)) :-
      (hole 0 {:hash_depth=>0, :method_arg=>true})))
  (begin
    (send
      (begin
        (send
          (begin
            (send
              (hole 0 {:hash_depth=>0, :limit_depth=>true, :recv=>true}) :count)) :count)) :-
      (hole 0 {:hash_depth=>0, :method_arg=>true})))
  (begin
    (send
      (begin
        (send
          (begin
            (send
              (hole 0 {:hash_depth=>0, :limit_depth=>true, :recv=>true}) :count)) :count)) :-
      (hole 0 {:hash_depth=>0, :method_arg=>true})))
  (begin
    (send
      (begin
        (send
          (begin
            (send
              (hole 0 {:hash_depth=>0, :limit_depth=>true, :recv=>true}) :count)) :count)) :-
      (hole 0 {:hash_depth=>0, :method_arg=>true})))
  (begin
    (send
      (begin
        (send
          (begin
            (send
              (hole 0 {:hash_depth=>0, :limit_depth=>true, :recv=>true}) :count)) :count)) :-
      (hole 0 {:hash_depth=>0, :method_arg=>true})))
  (begin
    (send
      (begin
        (send
          (begin
            (send
              (hole 0 {:hash_depth=>0, :limit_depth=>true, :recv=>true}) :count)) :count)) :save))
  (begin
    (send
      (begin
        (send
          (begin
            (send
              (hole 0 {:hash_depth=>0, :limit_depth=>true, :recv=>true}) :count)) :count)) :save))
  (begin
    (send
      (begin
        (send
          (begin
            (send
              (hole 0 {:hash_depth=>0, :limit_depth=>true, :recv=>true}) :count)) :count)) :save))
  (begin
    (send
      (begin
        (send
          (begin
            (send
              (hole 0 {:hash_depth=>0, :limit_depth=>true, :recv=>true}) :count)) :save)) :count))
  (begin
    (send
      (begin
        (send
          (begin
            (send
              (hole 0 {:hash_depth=>0, :limit_depth=>true, :recv=>true}) :count)) :save)) :count))
  (begin
    (send
      (begin
        (send
          (begin
            (send
              (hole 0 {:hash_depth=>0, :limit_depth=>true, :recv=>true}) :count)) :save)) :count))
  (begin
    (send
      (begin
        (send
          (begin
            (send
              (hole 0 {:hash_depth=>0, :limit_depth=>true, :recv=>true}) :count)) :save)) :-
      (hole 0 {:hash_depth=>0, :method_arg=>true})))
  (begin
    (send
      (begin
        (send
          (begin
            (send
              (hole 0 {:hash_depth=>0, :limit_depth=>true, :recv=>true}) :count)) :save)) :-
      (hole 0 {:hash_depth=>0, :method_arg=>true})))
  (begin
    (send
      (begin
        (send
          (begin
            (send
              (hole 0 {:hash_depth=>0, :limit_depth=>true, :recv=>true}) :count)) :save)) :-
      (hole 0 {:hash_depth=>0, :method_arg=>true})))
  (begin
    (send
      (begin
        (send
          (begin
            (send
              (hole 0 {:hash_depth=>0, :limit_depth=>true, :recv=>true}) :count)) :save)) :save))
  (begin
    (send
      (begin
        (send
          (begin
            (send
              (hole 0 {:hash_depth=>0, :limit_depth=>true, :recv=>true}) :count)) :save)) :save))
  (begin
    (send
      (begin
        (send
          (begin
            (send
              (hole 0 {:hash_depth=>0, :limit_depth=>true, :recv=>true}) :count)) :save)) :save))
  (begin
    (send
      (send
        (send
          (hole 0 {:hash_depth=>0, :limit_depth=>true, :recv=>true}) :diaspora_user) :id=
        (hole 0 {:hash_depth=>0, :method_arg=>true})) :-
      (hole 0 {:hash_depth=>0, :method_arg=>true})))
  (begin
    (send
      (send
        (send
          (hole 0 {:hash_depth=>0, :limit_depth=>true, :recv=>true}) :diaspora_user) :id=
        (hole 0 {:hash_depth=>0, :method_arg=>true})) :-
      (hole 0 {:hash_depth=>0, :method_arg=>true})))
  (begin
    (send
      (send
        (send
          (hole 0 {:hash_depth=>0, :limit_depth=>true, :recv=>true}) :diaspora_user) :id=
        (hole 0 {:hash_depth=>0, :method_arg=>true})) :-
      (hole 0 {:hash_depth=>0, :method_arg=>true})))
  (begin
    (send
      (send
        (send
          (hole 0 {:hash_depth=>0, :limit_depth=>true, :recv=>true}) :diaspora_user) :id=
        (hole 0 {:hash_depth=>0, :method_arg=>true})) :count))
  (begin
    (send
      (send
        (send
          (hole 0 {:hash_depth=>0, :limit_depth=>true, :recv=>true}) :diaspora_user) :id=
        (hole 0 {:hash_depth=>0, :method_arg=>true})) :save))
  (begin
    (send
      (send
        (send
          (hole 0 {:hash_depth=>0, :limit_depth=>true, :recv=>true}) :diaspora_user) :id) :-
      (hole 0 {:hash_depth=>0, :method_arg=>true})))
  (begin
    (send
      (send
        (send
          (hole 0 {:hash_depth=>0, :limit_depth=>true, :recv=>true}) :diaspora_user) :id) :-
      (hole 0 {:hash_depth=>0, :method_arg=>true})))
  (begin
    (send
      (send
        (send
          (hole 0 {:hash_depth=>0, :limit_depth=>true, :recv=>true}) :diaspora_user) :id) :-
      (hole 0 {:hash_depth=>0, :method_arg=>true})))
  (begin
    (send
      (send
        (send
          (hole 0 {:hash_depth=>0, :limit_depth=>true, :recv=>true}) :diaspora_user) :id) :count))
  (begin
    (send
      (send
        (send
          (hole 0 {:hash_depth=>0, :limit_depth=>true, :recv=>true}) :diaspora_user) :id) :save))
  (begin
    (send
      (send
        (send
          (hole 0 {:hash_depth=>0, :limit_depth=>true, :recv=>true}) :diaspora_user) :username=
        (hole 0 {:hash_depth=>0, :method_arg=>true})) :count))
  (begin
    (send
      (send
        (send
          (hole 0 {:hash_depth=>0, :limit_depth=>true, :recv=>true}) :diaspora_user) :username=
        (hole 0 {:hash_depth=>0, :method_arg=>true})) :-
      (hole 0 {:hash_depth=>0, :method_arg=>true})))
  (begin
    (send
      (send
        (send
          (hole 0 {:hash_depth=>0, :limit_depth=>true, :recv=>true}) :diaspora_user) :username=
        (hole 0 {:hash_depth=>0, :method_arg=>true})) :save))
  (begin
    (send
      (send
        (send
          (hole 0 {:hash_depth=>0, :limit_depth=>true, :recv=>true}) :diaspora_user) :username) :count))
  (begin
    (send
      (send
        (send
          (hole 0 {:hash_depth=>0, :limit_depth=>true, :recv=>true}) :diaspora_user) :username) :-
      (hole 0 {:hash_depth=>0, :method_arg=>true})))
  (begin
    (send
      (send
        (send
          (hole 0 {:hash_depth=>0, :limit_depth=>true, :recv=>true}) :diaspora_user) :username) :save))
  (begin
    (send
      (send
        (send
          (hole 0 {:hash_depth=>0, :limit_depth=>true, :recv=>true}) :diaspora_user) :invited_by_id=
        (hole 0 {:hash_depth=>0, :method_arg=>true})) :-
      (hole 0 {:hash_depth=>0, :method_arg=>true})))
  (begin
    (send
      (send
        (send
          (hole 0 {:hash_depth=>0, :limit_depth=>true, :recv=>true}) :diaspora_user) :invited_by_id=
        (hole 0 {:hash_depth=>0, :method_arg=>true})) :-
      (hole 0 {:hash_depth=>0, :method_arg=>true})))
  (begin
    (send
      (send
        (send
          (hole 0 {:hash_depth=>0, :limit_depth=>true, :recv=>true}) :diaspora_user) :invited_by_id=
        (hole 0 {:hash_depth=>0, :method_arg=>true})) :-
      (hole 0 {:hash_depth=>0, :method_arg=>true})))
  (begin
    (send
      (send
        (send
          (hole 0 {:hash_depth=>0, :limit_depth=>true, :recv=>true}) :diaspora_user) :invited_by_id=
        (hole 0 {:hash_depth=>0, :method_arg=>true})) :count))
  (begin
    (send
      (send
        (send
          (hole 0 {:hash_depth=>0, :limit_depth=>true, :recv=>true}) :diaspora_user) :invited_by_id=
        (hole 0 {:hash_depth=>0, :method_arg=>true})) :save))
  (begin
    (send
      (send
        (send
          (hole 0 {:hash_depth=>0, :limit_depth=>true, :recv=>true}) :diaspora_user) :invited_by_id) :-
      (hole 0 {:hash_depth=>0, :method_arg=>true})))
  (begin
    (send
      (send
        (send
          (hole 0 {:hash_depth=>0, :limit_depth=>true, :recv=>true}) :diaspora_user) :invited_by_id) :-
      (hole 0 {:hash_depth=>0, :method_arg=>true})))
  (begin
    (send
      (send
        (send
          (hole 0 {:hash_depth=>0, :limit_depth=>true, :recv=>true}) :diaspora_user) :invited_by_id) :-
      (hole 0 {:hash_depth=>0, :method_arg=>true})))
  (begin
    (send
      (send
        (send
          (hole 0 {:hash_depth=>0, :limit_depth=>true, :recv=>true}) :diaspora_user) :invited_by_id) :count))
  (begin
    (send
      (send
        (send
          (hole 0 {:hash_depth=>0, :limit_depth=>true, :recv=>true}) :diaspora_user) :invited_by_id) :save))
  (begin
    (send
      (send
        (send
          (hole 0 {:hash_depth=>0, :limit_depth=>true, :recv=>true}) :diaspora_user) :confirm_email_token=
        (hole 0 {:hash_depth=>0, :method_arg=>true})) :count))
  (begin
    (send
      (send
        (send
          (hole 0 {:hash_depth=>0, :limit_depth=>true, :recv=>true}) :diaspora_user) :confirm_email_token=
        (hole 0 {:hash_depth=>0, :method_arg=>true})) :-
      (hole 0 {:hash_depth=>0, :method_arg=>true})))
  (begin
    (send
      (send
        (send
          (hole 0 {:hash_depth=>0, :limit_depth=>true, :recv=>true}) :diaspora_user) :confirm_email_token=
        (hole 0 {:hash_depth=>0, :method_arg=>true})) :save))
  (begin
    (send
      (send
        (send
          (hole 0 {:hash_depth=>0, :limit_depth=>true, :recv=>true}) :diaspora_user) :confirm_email_token) :count))
  (begin
    (send
      (send
        (send
          (hole 0 {:hash_depth=>0, :limit_depth=>true, :recv=>true}) :diaspora_user) :confirm_email_token) :-
      (hole 0 {:hash_depth=>0, :method_arg=>true})))
  (begin
    (send
      (send
        (send
          (hole 0 {:hash_depth=>0, :limit_depth=>true, :recv=>true}) :diaspora_user) :confirm_email_token) :save))
  (begin
    (send
      (send
        (send
          (hole 0 {:hash_depth=>0, :limit_depth=>true, :recv=>true}) :diaspora_user) :email=
        (hole 0 {:hash_depth=>0, :method_arg=>true})) :count))
  (begin
    (send
      (send
        (send
          (hole 0 {:hash_depth=>0, :limit_depth=>true, :recv=>true}) :diaspora_user) :email=
        (hole 0 {:hash_depth=>0, :method_arg=>true})) :-
      (hole 0 {:hash_depth=>0, :method_arg=>true})))
  (begin
    (send
      (send
        (send
          (hole 0 {:hash_depth=>0, :limit_depth=>true, :recv=>true}) :diaspora_user) :email=
        (hole 0 {:hash_depth=>0, :method_arg=>true})) :save))
  (begin
    (send
      (send
        (send
          (hole 0 {:hash_depth=>0, :limit_depth=>true, :recv=>true}) :diaspora_user) :email) :count))
  (begin
    (send
      (send
        (send
          (hole 0 {:hash_depth=>0, :limit_depth=>true, :recv=>true}) :diaspora_user) :email) :-
      (hole 0 {:hash_depth=>0, :method_arg=>true})))
  (begin
    (send
      (send
        (send
          (hole 0 {:hash_depth=>0, :limit_depth=>true, :recv=>true}) :diaspora_user) :email) :save))
  (begin
    (send
      (send
        (send
          (hole 0 {:hash_depth=>0, :limit_depth=>true, :recv=>true}) :diaspora_user) :unconfirmed_email=
        (hole 0 {:hash_depth=>0, :method_arg=>true})) :count))
  (begin
    (send
      (send
        (send
          (hole 0 {:hash_depth=>0, :limit_depth=>true, :recv=>true}) :diaspora_user) :unconfirmed_email=
        (hole 0 {:hash_depth=>0, :method_arg=>true})) :-
      (hole 0 {:hash_depth=>0, :method_arg=>true})))
  (begin
    (send
      (send
        (send
          (hole 0 {:hash_depth=>0, :limit_depth=>true, :recv=>true}) :diaspora_user) :unconfirmed_email=
        (hole 0 {:hash_depth=>0, :method_arg=>true})) :save))
  (begin
    (send
      (send
        (send
          (hole 0 {:hash_depth=>0, :limit_depth=>true, :recv=>true}) :diaspora_user) :unconfirmed_email) :count))
  (begin
    (send
      (send
        (send
          (hole 0 {:hash_depth=>0, :limit_depth=>true, :recv=>true}) :diaspora_user) :unconfirmed_email) :-
      (hole 0 {:hash_depth=>0, :method_arg=>true})))
  (begin
    (send
      (send
        (send
          (hole 0 {:hash_depth=>0, :limit_depth=>true, :recv=>true}) :diaspora_user) :unconfirmed_email) :save))
  (begin
    (send
      (send
        (send
          (hole 0 {:hash_depth=>0, :limit_depth=>true, :recv=>true}) :diaspora_user) :invited_by) :count))
  (begin
    (send
      (send
        (send
          (hole 0 {:hash_depth=>0, :limit_depth=>true, :recv=>true}) :diaspora_user) :invited_by) :-
      (hole 0 {:hash_depth=>0, :method_arg=>true})))
  (begin
    (send
      (send
        (send
          (hole 0 {:hash_depth=>0, :limit_depth=>true, :recv=>true}) :diaspora_user) :invited_by) :save))
  (begin
    (send
      (send
        (send
          (hole 0 {:hash_depth=>0, :limit_depth=>true, :recv=>true}) :diaspora_user) :invited_by=
        (hole 0 {:hash_depth=>0, :method_arg=>true})) :count))
  (begin
    (send
      (send
        (send
          (hole 0 {:hash_depth=>0, :limit_depth=>true, :recv=>true}) :diaspora_user) :invited_by=
        (hole 0 {:hash_depth=>0, :method_arg=>true})) :-
      (hole 0 {:hash_depth=>0, :method_arg=>true})))
  (begin
    (send
      (send
        (send
          (hole 0 {:hash_depth=>0, :limit_depth=>true, :recv=>true}) :diaspora_user) :invited_by=
        (hole 0 {:hash_depth=>0, :method_arg=>true})) :save))
  (begin
    (send
      (send
        (send
          (hole 0 {:hash_depth=>0, :limit_depth=>true, :recv=>true}) :diaspora_user) :invited_users) :count))
  (begin
    (send
      (send
        (send
          (hole 0 {:hash_depth=>0, :limit_depth=>true, :recv=>true}) :diaspora_user) :invited_users) :-
      (hole 0 {:hash_depth=>0, :method_arg=>true})))
  (begin
    (send
      (send
        (send
          (hole 0 {:hash_depth=>0, :limit_depth=>true, :recv=>true}) :diaspora_user) :invited_users) :save))
  (begin
    (send
      (send
        (send
          (hole 0 {:hash_depth=>0, :limit_depth=>true, :recv=>true}) :diaspora_user) :invited_users=
        (hole 0 {:hash_depth=>0, :method_arg=>true})) :count))
  (begin
    (send
      (send
        (send
          (hole 0 {:hash_depth=>0, :limit_depth=>true, :recv=>true}) :diaspora_user) :invited_users=
        (hole 0 {:hash_depth=>0, :method_arg=>true})) :-
      (hole 0 {:hash_depth=>0, :method_arg=>true})))
  (begin
    (send
      (send
        (send
          (hole 0 {:hash_depth=>0, :limit_depth=>true, :recv=>true}) :diaspora_user) :invited_users=
        (hole 0 {:hash_depth=>0, :method_arg=>true})) :save))
  (send
    (begin
      (send
        (send
          (hole 0 {:hash_depth=>0, :limit_depth=>true, :recv=>true}) :diaspora_user) :count)) :confirmed=
    (hole 0 {:hash_depth=>0, :method_arg=>true}))
  (send
    (begin
      (send
        (send
          (hole 0 {:hash_depth=>0, :limit_depth=>true, :recv=>true}) :diaspora_user) :count)) :confirmed)
  (send
    (begin
      (send
        (send
          (hole 0 {:hash_depth=>0, :limit_depth=>true, :recv=>true}) :diaspora_user) :count)) :expired=
    (hole 0 {:hash_depth=>0, :method_arg=>true}))
  (send
    (begin
      (send
        (send
          (hole 0 {:hash_depth=>0, :limit_depth=>true, :recv=>true}) :diaspora_user) :count)) :expired)
  (send
    (begin
      (send
        (send
          (hole 0 {:hash_depth=>0, :limit_depth=>true, :recv=>true}) :diaspora_user) :count)) :discoverable=
    (hole 0 {:hash_depth=>0, :method_arg=>true}))
  (send
    (begin
      (send
        (send
          (hole 0 {:hash_depth=>0, :limit_depth=>true, :recv=>true}) :diaspora_user) :count)) :discoverable)
  (send
    (begin
      (send
        (send
          (hole 0 {:hash_depth=>0, :limit_depth=>true, :recv=>true}) :diaspora_user) :count)) :scheduled_check=
    (hole 0 {:hash_depth=>0, :method_arg=>true}))
  (send
    (begin
      (send
        (send
          (hole 0 {:hash_depth=>0, :limit_depth=>true, :recv=>true}) :diaspora_user) :count)) :scheduled_check)
  (send
    (begin
      (send
        (send
          (hole 0 {:hash_depth=>0, :limit_depth=>true, :recv=>true}) :diaspora_user) :count)) :otp_required_for_login=
    (hole 0 {:hash_depth=>0, :method_arg=>true}))
  (send
    (begin
      (send
        (send
          (hole 0 {:hash_depth=>0, :limit_depth=>true, :recv=>true}) :diaspora_user) :count)) :otp_required_for_login)
  (send
    (begin
      (send
        (send
          (hole 0 {:hash_depth=>0, :limit_depth=>true, :recv=>true}) :diaspora_user) :count)) :admin=
    (hole 0 {:hash_depth=>0, :method_arg=>true}))
  (send
    (begin
      (send
        (send
          (hole 0 {:hash_depth=>0, :limit_depth=>true, :recv=>true}) :diaspora_user) :count)) :admin)
  (send
    (begin
      (send
        (send
          (hole 0 {:hash_depth=>0, :limit_depth=>true, :recv=>true}) :diaspora_user) :count)) :staged=
    (hole 0 {:hash_depth=>0, :method_arg=>true}))
  (send
    (begin
      (send
        (send
          (hole 0 {:hash_depth=>0, :limit_depth=>true, :recv=>true}) :diaspora_user) :count)) :staged)
  (send
    (begin
      (send
        (send
          (hole 0 {:hash_depth=>0, :limit_depth=>true, :recv=>true}) :diaspora_user) :count)) :active=
    (hole 0 {:hash_depth=>0, :method_arg=>true}))
  (send
    (begin
      (send
        (send
          (hole 0 {:hash_depth=>0, :limit_depth=>true, :recv=>true}) :diaspora_user) :count)) :active)
  (send
    (begin
      (send
        (send
          (hole 0 {:hash_depth=>0, :limit_depth=>true, :recv=>true}) :diaspora_user) :count)) :primary=
    (hole 0 {:hash_depth=>0, :method_arg=>true}))
  (send
    (begin
      (send
        (send
          (hole 0 {:hash_depth=>0, :limit_depth=>true, :recv=>true}) :diaspora_user) :count)) :primary)
  (send
    (begin
      (send
        (send
          (hole 0 {:hash_depth=>0, :limit_depth=>true, :recv=>true}) :diaspora_user) :count)) :moderator=
    (hole 0 {:hash_depth=>0, :method_arg=>true}))
  (send
    (begin
      (send
        (send
          (hole 0 {:hash_depth=>0, :limit_depth=>true, :recv=>true}) :diaspora_user) :count)) :moderator)
  (begin
    (send
      (begin
        (send
          (send
            (hole 0 {:hash_depth=>0, :limit_depth=>true, :recv=>true}) :diaspora_user) :count)) :-
      (hole 0 {:hash_depth=>0, :method_arg=>true})))
  (begin
    (send
      (begin
        (send
          (send
            (hole 0 {:hash_depth=>0, :limit_depth=>true, :recv=>true}) :diaspora_user) :count)) :-
      (hole 0 {:hash_depth=>0, :method_arg=>true})))
  (begin
    (send
      (begin
        (send
          (send
            (hole 0 {:hash_depth=>0, :limit_depth=>true, :recv=>true}) :diaspora_user) :count)) :-
      (hole 0 {:hash_depth=>0, :method_arg=>true})))
  (begin
    (send
      (begin
        (send
          (send
            (hole 0 {:hash_depth=>0, :limit_depth=>true, :recv=>true}) :diaspora_user) :count)) :save))
  (send
    (begin
      (send
        (send
          (hole 0 {:hash_depth=>0, :limit_depth=>true, :recv=>true}) :diaspora_user) :-
        (hole 0 {:hash_depth=>0, :method_arg=>true}))) :confirmed=
    (hole 0 {:hash_depth=>0, :method_arg=>true}))
  (send
    (begin
      (send
        (send
          (hole 0 {:hash_depth=>0, :limit_depth=>true, :recv=>true}) :diaspora_user) :-
        (hole 0 {:hash_depth=>0, :method_arg=>true}))) :confirmed)
  (send
    (begin
      (send
        (send
          (hole 0 {:hash_depth=>0, :limit_depth=>true, :recv=>true}) :diaspora_user) :-
        (hole 0 {:hash_depth=>0, :method_arg=>true}))) :expired=
    (hole 0 {:hash_depth=>0, :method_arg=>true}))
  (send
    (begin
      (send
        (send
          (hole 0 {:hash_depth=>0, :limit_depth=>true, :recv=>true}) :diaspora_user) :-
        (hole 0 {:hash_depth=>0, :method_arg=>true}))) :expired)
  (send
    (begin
      (send
        (send
          (hole 0 {:hash_depth=>0, :limit_depth=>true, :recv=>true}) :diaspora_user) :-
        (hole 0 {:hash_depth=>0, :method_arg=>true}))) :discoverable=
    (hole 0 {:hash_depth=>0, :method_arg=>true}))
  (send
    (begin
      (send
        (send
          (hole 0 {:hash_depth=>0, :limit_depth=>true, :recv=>true}) :diaspora_user) :-
        (hole 0 {:hash_depth=>0, :method_arg=>true}))) :discoverable)
  (send
    (begin
      (send
        (send
          (hole 0 {:hash_depth=>0, :limit_depth=>true, :recv=>true}) :diaspora_user) :-
        (hole 0 {:hash_depth=>0, :method_arg=>true}))) :scheduled_check=
    (hole 0 {:hash_depth=>0, :method_arg=>true}))
  (send
    (begin
      (send
        (send
          (hole 0 {:hash_depth=>0, :limit_depth=>true, :recv=>true}) :diaspora_user) :-
        (hole 0 {:hash_depth=>0, :method_arg=>true}))) :scheduled_check)
  (send
    (begin
      (send
        (send
          (hole 0 {:hash_depth=>0, :limit_depth=>true, :recv=>true}) :diaspora_user) :-
        (hole 0 {:hash_depth=>0, :method_arg=>true}))) :otp_required_for_login=
    (hole 0 {:hash_depth=>0, :method_arg=>true}))
  (send
    (begin
      (send
        (send
          (hole 0 {:hash_depth=>0, :limit_depth=>true, :recv=>true}) :diaspora_user) :-
        (hole 0 {:hash_depth=>0, :method_arg=>true}))) :otp_required_for_login)
  (send
    (begin
      (send
        (send
          (hole 0 {:hash_depth=>0, :limit_depth=>true, :recv=>true}) :diaspora_user) :-
        (hole 0 {:hash_depth=>0, :method_arg=>true}))) :admin=
    (hole 0 {:hash_depth=>0, :method_arg=>true}))
  (send
    (begin
      (send
        (send
          (hole 0 {:hash_depth=>0, :limit_depth=>true, :recv=>true}) :diaspora_user) :-
        (hole 0 {:hash_depth=>0, :method_arg=>true}))) :admin)
  (send
    (begin
      (send
        (send
          (hole 0 {:hash_depth=>0, :limit_depth=>true, :recv=>true}) :diaspora_user) :-
        (hole 0 {:hash_depth=>0, :method_arg=>true}))) :staged=
    (hole 0 {:hash_depth=>0, :method_arg=>true}))
  (send
    (begin
      (send
        (send
          (hole 0 {:hash_depth=>0, :limit_depth=>true, :recv=>true}) :diaspora_user) :-
        (hole 0 {:hash_depth=>0, :method_arg=>true}))) :staged)
  (send
    (begin
      (send
        (send
          (hole 0 {:hash_depth=>0, :limit_depth=>true, :recv=>true}) :diaspora_user) :-
        (hole 0 {:hash_depth=>0, :method_arg=>true}))) :active=
    (hole 0 {:hash_depth=>0, :method_arg=>true}))
  (send
    (begin
      (send
        (send
          (hole 0 {:hash_depth=>0, :limit_depth=>true, :recv=>true}) :diaspora_user) :-
        (hole 0 {:hash_depth=>0, :method_arg=>true}))) :active)
  (send
    (begin
      (send
        (send
          (hole 0 {:hash_depth=>0, :limit_depth=>true, :recv=>true}) :diaspora_user) :-
        (hole 0 {:hash_depth=>0, :method_arg=>true}))) :primary=
    (hole 0 {:hash_depth=>0, :method_arg=>true}))
  (send
    (begin
      (send
        (send
          (hole 0 {:hash_depth=>0, :limit_depth=>true, :recv=>true}) :diaspora_user) :-
        (hole 0 {:hash_depth=>0, :method_arg=>true}))) :primary)
  (send
    (begin
      (send
        (send
          (hole 0 {:hash_depth=>0, :limit_depth=>true, :recv=>true}) :diaspora_user) :-
        (hole 0 {:hash_depth=>0, :method_arg=>true}))) :moderator=
    (hole 0 {:hash_depth=>0, :method_arg=>true}))
  (send
    (begin
      (send
        (send
          (hole 0 {:hash_depth=>0, :limit_depth=>true, :recv=>true}) :diaspora_user) :-
        (hole 0 {:hash_depth=>0, :method_arg=>true}))) :moderator)
  (begin
    (send
      (begin
        (send
          (send
            (hole 0 {:hash_depth=>0, :limit_depth=>true, :recv=>true}) :diaspora_user) :-
          (hole 0 {:hash_depth=>0, :method_arg=>true}))) :-
      (hole 0 {:hash_depth=>0, :method_arg=>true})))
  (begin
    (send
      (begin
        (send
          (send
            (hole 0 {:hash_depth=>0, :limit_depth=>true, :recv=>true}) :diaspora_user) :-
          (hole 0 {:hash_depth=>0, :method_arg=>true}))) :-
      (hole 0 {:hash_depth=>0, :method_arg=>true})))
  (begin
    (send
      (begin
        (send
          (send
            (hole 0 {:hash_depth=>0, :limit_depth=>true, :recv=>true}) :diaspora_user) :-
          (hole 0 {:hash_depth=>0, :method_arg=>true}))) :-
      (hole 0 {:hash_depth=>0, :method_arg=>true})))
  (begin
    (send
      (begin
        (send
          (send
            (hole 0 {:hash_depth=>0, :limit_depth=>true, :recv=>true}) :diaspora_user) :-
          (hole 0 {:hash_depth=>0, :method_arg=>true}))) :save))
  (begin
    (send
      (begin
        (send
          (send
            (hole 0 {:hash_depth=>0, :limit_depth=>true, :recv=>true}) :diaspora_user) :save)) :count))
  (begin
    (send
      (begin
        (send
          (send
            (hole 0 {:hash_depth=>0, :limit_depth=>true, :recv=>true}) :diaspora_user) :save)) :-
      (hole 0 {:hash_depth=>0, :method_arg=>true})))
  (begin
    (send
      (begin
        (send
          (send
            (hole 0 {:hash_depth=>0, :limit_depth=>true, :recv=>true}) :diaspora_user) :save)) :save))
  (begin
    (send
      (send
        (send
          (hole 0 {:hash_depth=>0, :limit_depth=>true, :recv=>true}) :diaspora_user=
          (hole 0 {:hash_depth=>0, :method_arg=>true})) :id=
        (hole 0 {:hash_depth=>0, :method_arg=>true})) :-
      (hole 0 {:hash_depth=>0, :method_arg=>true})))
  (begin
    (send
      (send
        (send
          (hole 0 {:hash_depth=>0, :limit_depth=>true, :recv=>true}) :diaspora_user=
          (hole 0 {:hash_depth=>0, :method_arg=>true})) :id=
        (hole 0 {:hash_depth=>0, :method_arg=>true})) :-
      (hole 0 {:hash_depth=>0, :method_arg=>true})))
  (begin
    (send
      (send
        (send
          (hole 0 {:hash_depth=>0, :limit_depth=>true, :recv=>true}) :diaspora_user=
          (hole 0 {:hash_depth=>0, :method_arg=>true})) :id=
        (hole 0 {:hash_depth=>0, :method_arg=>true})) :-
      (hole 0 {:hash_depth=>0, :method_arg=>true})))
  (begin
    (send
      (send
        (send
          (hole 0 {:hash_depth=>0, :limit_depth=>true, :recv=>true}) :diaspora_user=
          (hole 0 {:hash_depth=>0, :method_arg=>true})) :id=
        (hole 0 {:hash_depth=>0, :method_arg=>true})) :count))
  (begin
    (send
      (send
        (send
          (hole 0 {:hash_depth=>0, :limit_depth=>true, :recv=>true}) :diaspora_user=
          (hole 0 {:hash_depth=>0, :method_arg=>true})) :id=
        (hole 0 {:hash_depth=>0, :method_arg=>true})) :save))
  (begin
    (send
      (send
        (send
          (hole 0 {:hash_depth=>0, :limit_depth=>true, :recv=>true}) :diaspora_user=
          (hole 0 {:hash_depth=>0, :method_arg=>true})) :id) :-
      (hole 0 {:hash_depth=>0, :method_arg=>true})))
  (begin
    (send
      (send
        (send
          (hole 0 {:hash_depth=>0, :limit_depth=>true, :recv=>true}) :diaspora_user=
          (hole 0 {:hash_depth=>0, :method_arg=>true})) :id) :-
      (hole 0 {:hash_depth=>0, :method_arg=>true})))
  (begin
    (send
      (send
        (send
          (hole 0 {:hash_depth=>0, :limit_depth=>true, :recv=>true}) :diaspora_user=
          (hole 0 {:hash_depth=>0, :method_arg=>true})) :id) :-
      (hole 0 {:hash_depth=>0, :method_arg=>true})))
  (begin
    (send
      (send
        (send
          (hole 0 {:hash_depth=>0, :limit_depth=>true, :recv=>true}) :diaspora_user=
          (hole 0 {:hash_depth=>0, :method_arg=>true})) :id) :count))
  (begin
    (send
      (send
        (send
          (hole 0 {:hash_depth=>0, :limit_depth=>true, :recv=>true}) :diaspora_user=
          (hole 0 {:hash_depth=>0, :method_arg=>true})) :id) :save))
  (begin
    (send
      (send
        (send
          (hole 0 {:hash_depth=>0, :limit_depth=>true, :recv=>true}) :diaspora_user=
          (hole 0 {:hash_depth=>0, :method_arg=>true})) :username=
        (hole 0 {:hash_depth=>0, :method_arg=>true})) :count))
  (begin
    (send
      (send
        (send
          (hole 0 {:hash_depth=>0, :limit_depth=>true, :recv=>true}) :diaspora_user=
          (hole 0 {:hash_depth=>0, :method_arg=>true})) :username=
        (hole 0 {:hash_depth=>0, :method_arg=>true})) :-
      (hole 0 {:hash_depth=>0, :method_arg=>true})))
  (begin
    (send
      (send
        (send
          (hole 0 {:hash_depth=>0, :limit_depth=>true, :recv=>true}) :diaspora_user=
          (hole 0 {:hash_depth=>0, :method_arg=>true})) :username=
        (hole 0 {:hash_depth=>0, :method_arg=>true})) :save))
  (begin
    (send
      (send
        (send
          (hole 0 {:hash_depth=>0, :limit_depth=>true, :recv=>true}) :diaspora_user=
          (hole 0 {:hash_depth=>0, :method_arg=>true})) :username) :count))
  (begin
    (send
      (send
        (send
          (hole 0 {:hash_depth=>0, :limit_depth=>true, :recv=>true}) :diaspora_user=
          (hole 0 {:hash_depth=>0, :method_arg=>true})) :username) :-
      (hole 0 {:hash_depth=>0, :method_arg=>true})))
  (begin
    (send
      (send
        (send
          (hole 0 {:hash_depth=>0, :limit_depth=>true, :recv=>true}) :diaspora_user=
          (hole 0 {:hash_depth=>0, :method_arg=>true})) :username) :save))
  (begin
    (send
      (send
        (send
          (hole 0 {:hash_depth=>0, :limit_depth=>true, :recv=>true}) :diaspora_user=
          (hole 0 {:hash_depth=>0, :method_arg=>true})) :invited_by_id=
        (hole 0 {:hash_depth=>0, :method_arg=>true})) :-
      (hole 0 {:hash_depth=>0, :method_arg=>true})))
  (begin
    (send
      (send
        (send
          (hole 0 {:hash_depth=>0, :limit_depth=>true, :recv=>true}) :diaspora_user=
          (hole 0 {:hash_depth=>0, :method_arg=>true})) :invited_by_id=
        (hole 0 {:hash_depth=>0, :method_arg=>true})) :-
      (hole 0 {:hash_depth=>0, :method_arg=>true})))
  (begin
    (send
      (send
        (send
          (hole 0 {:hash_depth=>0, :limit_depth=>true, :recv=>true}) :diaspora_user=
          (hole 0 {:hash_depth=>0, :method_arg=>true})) :invited_by_id=
        (hole 0 {:hash_depth=>0, :method_arg=>true})) :-
      (hole 0 {:hash_depth=>0, :method_arg=>true})))
  (begin
    (send
      (send
        (send
          (hole 0 {:hash_depth=>0, :limit_depth=>true, :recv=>true}) :diaspora_user=
          (hole 0 {:hash_depth=>0, :method_arg=>true})) :invited_by_id=
        (hole 0 {:hash_depth=>0, :method_arg=>true})) :count))
  (begin
    (send
      (send
        (send
          (hole 0 {:hash_depth=>0, :limit_depth=>true, :recv=>true}) :diaspora_user=
          (hole 0 {:hash_depth=>0, :method_arg=>true})) :invited_by_id=
        (hole 0 {:hash_depth=>0, :method_arg=>true})) :save))
  (begin
    (send
      (send
        (send
          (hole 0 {:hash_depth=>0, :limit_depth=>true, :recv=>true}) :diaspora_user=
          (hole 0 {:hash_depth=>0, :method_arg=>true})) :invited_by_id) :-
      (hole 0 {:hash_depth=>0, :method_arg=>true})))
  (begin
    (send
      (send
        (send
          (hole 0 {:hash_depth=>0, :limit_depth=>true, :recv=>true}) :diaspora_user=
          (hole 0 {:hash_depth=>0, :method_arg=>true})) :invited_by_id) :-
      (hole 0 {:hash_depth=>0, :method_arg=>true})))
  (begin
    (send
      (send
        (send
          (hole 0 {:hash_depth=>0, :limit_depth=>true, :recv=>true}) :diaspora_user=
          (hole 0 {:hash_depth=>0, :method_arg=>true})) :invited_by_id) :-
      (hole 0 {:hash_depth=>0, :method_arg=>true})))
  (begin
    (send
      (send
        (send
          (hole 0 {:hash_depth=>0, :limit_depth=>true, :recv=>true}) :diaspora_user=
          (hole 0 {:hash_depth=>0, :method_arg=>true})) :invited_by_id) :count))
  (begin
    (send
      (send
        (send
          (hole 0 {:hash_depth=>0, :limit_depth=>true, :recv=>true}) :diaspora_user=
          (hole 0 {:hash_depth=>0, :method_arg=>true})) :invited_by_id) :save))
  (begin
    (send
      (send
        (send
          (hole 0 {:hash_depth=>0, :limit_depth=>true, :recv=>true}) :diaspora_user=
          (hole 0 {:hash_depth=>0, :method_arg=>true})) :confirm_email_token=
        (hole 0 {:hash_depth=>0, :method_arg=>true})) :count))
  (begin
    (send
      (send
        (send
          (hole 0 {:hash_depth=>0, :limit_depth=>true, :recv=>true}) :diaspora_user=
          (hole 0 {:hash_depth=>0, :method_arg=>true})) :confirm_email_token=
        (hole 0 {:hash_depth=>0, :method_arg=>true})) :-
      (hole 0 {:hash_depth=>0, :method_arg=>true})))
  (begin
    (send
      (send
        (send
          (hole 0 {:hash_depth=>0, :limit_depth=>true, :recv=>true}) :diaspora_user=
          (hole 0 {:hash_depth=>0, :method_arg=>true})) :confirm_email_token=
        (hole 0 {:hash_depth=>0, :method_arg=>true})) :save))
  (begin
    (send
      (send
        (send
          (hole 0 {:hash_depth=>0, :limit_depth=>true, :recv=>true}) :diaspora_user=
          (hole 0 {:hash_depth=>0, :method_arg=>true})) :confirm_email_token) :count))
  (begin
    (send
      (send
        (send
          (hole 0 {:hash_depth=>0, :limit_depth=>true, :recv=>true}) :diaspora_user=
          (hole 0 {:hash_depth=>0, :method_arg=>true})) :confirm_email_token) :-
      (hole 0 {:hash_depth=>0, :method_arg=>true})))
  (begin
    (send
      (send
        (send
          (hole 0 {:hash_depth=>0, :limit_depth=>true, :recv=>true}) :diaspora_user=
          (hole 0 {:hash_depth=>0, :method_arg=>true})) :confirm_email_token) :save))
  (begin
    (send
      (send
        (send
          (hole 0 {:hash_depth=>0, :limit_depth=>true, :recv=>true}) :diaspora_user=
          (hole 0 {:hash_depth=>0, :method_arg=>true})) :email=
        (hole 0 {:hash_depth=>0, :method_arg=>true})) :count))
  (begin
    (send
      (send
        (send
          (hole 0 {:hash_depth=>0, :limit_depth=>true, :recv=>true}) :diaspora_user=
          (hole 0 {:hash_depth=>0, :method_arg=>true})) :email=
        (hole 0 {:hash_depth=>0, :method_arg=>true})) :-
      (hole 0 {:hash_depth=>0, :method_arg=>true})))
  (begin
    (send
      (send
        (send
          (hole 0 {:hash_depth=>0, :limit_depth=>true, :recv=>true}) :diaspora_user=
          (hole 0 {:hash_depth=>0, :method_arg=>true})) :email=
        (hole 0 {:hash_depth=>0, :method_arg=>true})) :save))
  (begin
    (send
      (send
        (send
          (hole 0 {:hash_depth=>0, :limit_depth=>true, :recv=>true}) :diaspora_user=
          (hole 0 {:hash_depth=>0, :method_arg=>true})) :email) :count))
  (begin
    (send
      (send
        (send
          (hole 0 {:hash_depth=>0, :limit_depth=>true, :recv=>true}) :diaspora_user=
          (hole 0 {:hash_depth=>0, :method_arg=>true})) :email) :-
      (hole 0 {:hash_depth=>0, :method_arg=>true})))
  (begin
    (send
      (send
        (send
          (hole 0 {:hash_depth=>0, :limit_depth=>true, :recv=>true}) :diaspora_user=
          (hole 0 {:hash_depth=>0, :method_arg=>true})) :email) :save))
  (begin
    (send
      (send
        (send
          (hole 0 {:hash_depth=>0, :limit_depth=>true, :recv=>true}) :diaspora_user=
          (hole 0 {:hash_depth=>0, :method_arg=>true})) :unconfirmed_email=
        (hole 0 {:hash_depth=>0, :method_arg=>true})) :count))
  (begin
    (send
      (send
        (send
          (hole 0 {:hash_depth=>0, :limit_depth=>true, :recv=>true}) :diaspora_user=
          (hole 0 {:hash_depth=>0, :method_arg=>true})) :unconfirmed_email=
        (hole 0 {:hash_depth=>0, :method_arg=>true})) :-
      (hole 0 {:hash_depth=>0, :method_arg=>true})))
  (begin
    (send
      (send
        (send
          (hole 0 {:hash_depth=>0, :limit_depth=>true, :recv=>true}) :diaspora_user=
          (hole 0 {:hash_depth=>0, :method_arg=>true})) :unconfirmed_email=
        (hole 0 {:hash_depth=>0, :method_arg=>true})) :save))
  (begin
    (send
      (send
        (send
          (hole 0 {:hash_depth=>0, :limit_depth=>true, :recv=>true}) :diaspora_user=
          (hole 0 {:hash_depth=>0, :method_arg=>true})) :unconfirmed_email) :count))
  (begin
    (send
      (send
        (send
          (hole 0 {:hash_depth=>0, :limit_depth=>true, :recv=>true}) :diaspora_user=
          (hole 0 {:hash_depth=>0, :method_arg=>true})) :unconfirmed_email) :-
      (hole 0 {:hash_depth=>0, :method_arg=>true})))
  (begin
    (send
      (send
        (send
          (hole 0 {:hash_depth=>0, :limit_depth=>true, :recv=>true}) :diaspora_user=
          (hole 0 {:hash_depth=>0, :method_arg=>true})) :unconfirmed_email) :save))
  (begin
    (send
      (send
        (send
          (hole 0 {:hash_depth=>0, :limit_depth=>true, :recv=>true}) :diaspora_user=
          (hole 0 {:hash_depth=>0, :method_arg=>true})) :invited_by) :count))
  (begin
    (send
      (send
        (send
          (hole 0 {:hash_depth=>0, :limit_depth=>true, :recv=>true}) :diaspora_user=
          (hole 0 {:hash_depth=>0, :method_arg=>true})) :invited_by) :-
      (hole 0 {:hash_depth=>0, :method_arg=>true})))
  (begin
    (send
      (send
        (send
          (hole 0 {:hash_depth=>0, :limit_depth=>true, :recv=>true}) :diaspora_user=
          (hole 0 {:hash_depth=>0, :method_arg=>true})) :invited_by) :save))
  (begin
    (send
      (send
        (send
          (hole 0 {:hash_depth=>0, :limit_depth=>true, :recv=>true}) :diaspora_user=
          (hole 0 {:hash_depth=>0, :method_arg=>true})) :invited_by=
        (hole 0 {:hash_depth=>0, :method_arg=>true})) :count))
  (begin
    (send
      (send
        (send
          (hole 0 {:hash_depth=>0, :limit_depth=>true, :recv=>true}) :diaspora_user=
          (hole 0 {:hash_depth=>0, :method_arg=>true})) :invited_by=
        (hole 0 {:hash_depth=>0, :method_arg=>true})) :-
      (hole 0 {:hash_depth=>0, :method_arg=>true})))
  (begin
    (send
      (send
        (send
          (hole 0 {:hash_depth=>0, :limit_depth=>true, :recv=>true}) :diaspora_user=
          (hole 0 {:hash_depth=>0, :method_arg=>true})) :invited_by=
        (hole 0 {:hash_depth=>0, :method_arg=>true})) :save))
  (begin
    (send
      (send
        (send
          (hole 0 {:hash_depth=>0, :limit_depth=>true, :recv=>true}) :diaspora_user=
          (hole 0 {:hash_depth=>0, :method_arg=>true})) :invited_users) :count))
  (begin
    (send
      (send
        (send
          (hole 0 {:hash_depth=>0, :limit_depth=>true, :recv=>true}) :diaspora_user=
          (hole 0 {:hash_depth=>0, :method_arg=>true})) :invited_users) :-
      (hole 0 {:hash_depth=>0, :method_arg=>true})))
  (begin
    (send
      (send
        (send
          (hole 0 {:hash_depth=>0, :limit_depth=>true, :recv=>true}) :diaspora_user=
          (hole 0 {:hash_depth=>0, :method_arg=>true})) :invited_users) :save))
  (begin
    (send
      (send
        (send
          (hole 0 {:hash_depth=>0, :limit_depth=>true, :recv=>true}) :diaspora_user=
          (hole 0 {:hash_depth=>0, :method_arg=>true})) :invited_users=
        (hole 0 {:hash_depth=>0, :method_arg=>true})) :count))
  (begin
    (send
      (send
        (send
          (hole 0 {:hash_depth=>0, :limit_depth=>true, :recv=>true}) :diaspora_user=
          (hole 0 {:hash_depth=>0, :method_arg=>true})) :invited_users=
        (hole 0 {:hash_depth=>0, :method_arg=>true})) :-
      (hole 0 {:hash_depth=>0, :method_arg=>true})))
  (begin
    (send
      (send
        (send
          (hole 0 {:hash_depth=>0, :limit_depth=>true, :recv=>true}) :diaspora_user=
          (hole 0 {:hash_depth=>0, :method_arg=>true})) :invited_users=
        (hole 0 {:hash_depth=>0, :method_arg=>true})) :save))
  (send
    (begin
      (send
        (send
          (hole 0 {:hash_depth=>0, :limit_depth=>true, :recv=>true}) :diaspora_user=
          (hole 0 {:hash_depth=>0, :method_arg=>true})) :count)) :confirmed=
    (hole 0 {:hash_depth=>0, :method_arg=>true}))
  (send
    (begin
      (send
        (send
          (hole 0 {:hash_depth=>0, :limit_depth=>true, :recv=>true}) :diaspora_user=
          (hole 0 {:hash_depth=>0, :method_arg=>true})) :count)) :confirmed)
  (send
    (begin
      (send
        (send
          (hole 0 {:hash_depth=>0, :limit_depth=>true, :recv=>true}) :diaspora_user=
          (hole 0 {:hash_depth=>0, :method_arg=>true})) :count)) :expired=
    (hole 0 {:hash_depth=>0, :method_arg=>true}))
  (send
    (begin
      (send
        (send
          (hole 0 {:hash_depth=>0, :limit_depth=>true, :recv=>true}) :diaspora_user=
          (hole 0 {:hash_depth=>0, :method_arg=>true})) :count)) :expired)
  (send
    (begin
      (send
        (send
          (hole 0 {:hash_depth=>0, :limit_depth=>true, :recv=>true}) :diaspora_user=
          (hole 0 {:hash_depth=>0, :method_arg=>true})) :count)) :discoverable=
    (hole 0 {:hash_depth=>0, :method_arg=>true}))
  (send
    (begin
      (send
        (send
          (hole 0 {:hash_depth=>0, :limit_depth=>true, :recv=>true}) :diaspora_user=
          (hole 0 {:hash_depth=>0, :method_arg=>true})) :count)) :discoverable)
  (send
    (begin
      (send
        (send
          (hole 0 {:hash_depth=>0, :limit_depth=>true, :recv=>true}) :diaspora_user=
          (hole 0 {:hash_depth=>0, :method_arg=>true})) :count)) :scheduled_check=
    (hole 0 {:hash_depth=>0, :method_arg=>true}))
  (send
    (begin
      (send
        (send
          (hole 0 {:hash_depth=>0, :limit_depth=>true, :recv=>true}) :diaspora_user=
          (hole 0 {:hash_depth=>0, :method_arg=>true})) :count)) :scheduled_check)
  (send
    (begin
      (send
        (send
          (hole 0 {:hash_depth=>0, :limit_depth=>true, :recv=>true}) :diaspora_user=
          (hole 0 {:hash_depth=>0, :method_arg=>true})) :count)) :otp_required_for_login=
    (hole 0 {:hash_depth=>0, :method_arg=>true}))
  (send
    (begin
      (send
        (send
          (hole 0 {:hash_depth=>0, :limit_depth=>true, :recv=>true}) :diaspora_user=
          (hole 0 {:hash_depth=>0, :method_arg=>true})) :count)) :otp_required_for_login)
  (send
    (begin
      (send
        (send
          (hole 0 {:hash_depth=>0, :limit_depth=>true, :recv=>true}) :diaspora_user=
          (hole 0 {:hash_depth=>0, :method_arg=>true})) :count)) :admin=
    (hole 0 {:hash_depth=>0, :method_arg=>true}))
  (send
    (begin
      (send
        (send
          (hole 0 {:hash_depth=>0, :limit_depth=>true, :recv=>true}) :diaspora_user=
          (hole 0 {:hash_depth=>0, :method_arg=>true})) :count)) :admin)
  (send
    (begin
      (send
        (send
          (hole 0 {:hash_depth=>0, :limit_depth=>true, :recv=>true}) :diaspora_user=
          (hole 0 {:hash_depth=>0, :method_arg=>true})) :count)) :staged=
    (hole 0 {:hash_depth=>0, :method_arg=>true}))
  (send
    (begin
      (send
        (send
          (hole 0 {:hash_depth=>0, :limit_depth=>true, :recv=>true}) :diaspora_user=
          (hole 0 {:hash_depth=>0, :method_arg=>true})) :count)) :staged)
  (send
    (begin
      (send
        (send
          (hole 0 {:hash_depth=>0, :limit_depth=>true, :recv=>true}) :diaspora_user=
          (hole 0 {:hash_depth=>0, :method_arg=>true})) :count)) :active=
    (hole 0 {:hash_depth=>0, :method_arg=>true}))
  (send
    (begin
      (send
        (send
          (hole 0 {:hash_depth=>0, :limit_depth=>true, :recv=>true}) :diaspora_user=
          (hole 0 {:hash_depth=>0, :method_arg=>true})) :count)) :active)
  (send
    (begin
      (send
        (send
          (hole 0 {:hash_depth=>0, :limit_depth=>true, :recv=>true}) :diaspora_user=
          (hole 0 {:hash_depth=>0, :method_arg=>true})) :count)) :primary=
    (hole 0 {:hash_depth=>0, :method_arg=>true}))
  (send
    (begin
      (send
        (send
          (hole 0 {:hash_depth=>0, :limit_depth=>true, :recv=>true}) :diaspora_user=
          (hole 0 {:hash_depth=>0, :method_arg=>true})) :count)) :primary)
  (send
    (begin
      (send
        (send
          (hole 0 {:hash_depth=>0, :limit_depth=>true, :recv=>true}) :diaspora_user=
          (hole 0 {:hash_depth=>0, :method_arg=>true})) :count)) :moderator=
    (hole 0 {:hash_depth=>0, :method_arg=>true}))
  (send
    (begin
      (send
        (send
          (hole 0 {:hash_depth=>0, :limit_depth=>true, :recv=>true}) :diaspora_user=
          (hole 0 {:hash_depth=>0, :method_arg=>true})) :count)) :moderator)
  (begin
    (send
      (begin
        (send
          (send
            (hole 0 {:hash_depth=>0, :limit_depth=>true, :recv=>true}) :diaspora_user=
            (hole 0 {:hash_depth=>0, :method_arg=>true})) :count)) :-
      (hole 0 {:hash_depth=>0, :method_arg=>true})))
  (begin
    (send
      (begin
        (send
          (send
            (hole 0 {:hash_depth=>0, :limit_depth=>true, :recv=>true}) :diaspora_user=
            (hole 0 {:hash_depth=>0, :method_arg=>true})) :count)) :-
      (hole 0 {:hash_depth=>0, :method_arg=>true})))
  (begin
    (send
      (begin
        (send
          (send
            (hole 0 {:hash_depth=>0, :limit_depth=>true, :recv=>true}) :diaspora_user=
            (hole 0 {:hash_depth=>0, :method_arg=>true})) :count)) :-
      (hole 0 {:hash_depth=>0, :method_arg=>true})))
  (begin
    (send
      (begin
        (send
          (send
            (hole 0 {:hash_depth=>0, :limit_depth=>true, :recv=>true}) :diaspora_user=
            (hole 0 {:hash_depth=>0, :method_arg=>true})) :count)) :save))
  (send
    (begin
      (send
        (send
          (hole 0 {:hash_depth=>0, :limit_depth=>true, :recv=>true}) :diaspora_user=
          (hole 0 {:hash_depth=>0, :method_arg=>true})) :-
        (hole 0 {:hash_depth=>0, :method_arg=>true}))) :confirmed=
    (hole 0 {:hash_depth=>0, :method_arg=>true}))
  (send
    (begin
      (send
        (send
          (hole 0 {:hash_depth=>0, :limit_depth=>true, :recv=>true}) :diaspora_user=
          (hole 0 {:hash_depth=>0, :method_arg=>true})) :-
        (hole 0 {:hash_depth=>0, :method_arg=>true}))) :confirmed)
  (send
    (begin
      (send
        (send
          (hole 0 {:hash_depth=>0, :limit_depth=>true, :recv=>true}) :diaspora_user=
          (hole 0 {:hash_depth=>0, :method_arg=>true})) :-
        (hole 0 {:hash_depth=>0, :method_arg=>true}))) :expired=
    (hole 0 {:hash_depth=>0, :method_arg=>true}))
  (send
    (begin
      (send
        (send
          (hole 0 {:hash_depth=>0, :limit_depth=>true, :recv=>true}) :diaspora_user=
          (hole 0 {:hash_depth=>0, :method_arg=>true})) :-
        (hole 0 {:hash_depth=>0, :method_arg=>true}))) :expired)
  (send
    (begin
      (send
        (send
          (hole 0 {:hash_depth=>0, :limit_depth=>true, :recv=>true}) :diaspora_user=
          (hole 0 {:hash_depth=>0, :method_arg=>true})) :-
        (hole 0 {:hash_depth=>0, :method_arg=>true}))) :discoverable=
    (hole 0 {:hash_depth=>0, :method_arg=>true}))
  (send
    (begin
      (send
        (send
          (hole 0 {:hash_depth=>0, :limit_depth=>true, :recv=>true}) :diaspora_user=
          (hole 0 {:hash_depth=>0, :method_arg=>true})) :-
        (hole 0 {:hash_depth=>0, :method_arg=>true}))) :discoverable)
  (send
    (begin
      (send
        (send
          (hole 0 {:hash_depth=>0, :limit_depth=>true, :recv=>true}) :diaspora_user=
          (hole 0 {:hash_depth=>0, :method_arg=>true})) :-
        (hole 0 {:hash_depth=>0, :method_arg=>true}))) :scheduled_check=
    (hole 0 {:hash_depth=>0, :method_arg=>true}))
  (send
    (begin
      (send
        (send
          (hole 0 {:hash_depth=>0, :limit_depth=>true, :recv=>true}) :diaspora_user=
          (hole 0 {:hash_depth=>0, :method_arg=>true})) :-
        (hole 0 {:hash_depth=>0, :method_arg=>true}))) :scheduled_check)
  (send
    (begin
      (send
        (send
          (hole 0 {:hash_depth=>0, :limit_depth=>true, :recv=>true}) :diaspora_user=
          (hole 0 {:hash_depth=>0, :method_arg=>true})) :-
        (hole 0 {:hash_depth=>0, :method_arg=>true}))) :otp_required_for_login=
    (hole 0 {:hash_depth=>0, :method_arg=>true}))
  (send
    (begin
      (send
        (send
          (hole 0 {:hash_depth=>0, :limit_depth=>true, :recv=>true}) :diaspora_user=
          (hole 0 {:hash_depth=>0, :method_arg=>true})) :-
        (hole 0 {:hash_depth=>0, :method_arg=>true}))) :otp_required_for_login)
  (send
    (begin
      (send
        (send
          (hole 0 {:hash_depth=>0, :limit_depth=>true, :recv=>true}) :diaspora_user=
          (hole 0 {:hash_depth=>0, :method_arg=>true})) :-
        (hole 0 {:hash_depth=>0, :method_arg=>true}))) :admin=
    (hole 0 {:hash_depth=>0, :method_arg=>true}))
  (send
    (begin
      (send
        (send
          (hole 0 {:hash_depth=>0, :limit_depth=>true, :recv=>true}) :diaspora_user=
          (hole 0 {:hash_depth=>0, :method_arg=>true})) :-
        (hole 0 {:hash_depth=>0, :method_arg=>true}))) :admin)
  (send
    (begin
      (send
        (send
          (hole 0 {:hash_depth=>0, :limit_depth=>true, :recv=>true}) :diaspora_user=
          (hole 0 {:hash_depth=>0, :method_arg=>true})) :-
        (hole 0 {:hash_depth=>0, :method_arg=>true}))) :staged=
    (hole 0 {:hash_depth=>0, :method_arg=>true}))
  (send
    (begin
      (send
        (send
          (hole 0 {:hash_depth=>0, :limit_depth=>true, :recv=>true}) :diaspora_user=
          (hole 0 {:hash_depth=>0, :method_arg=>true})) :-
        (hole 0 {:hash_depth=>0, :method_arg=>true}))) :staged)
  (send
    (begin
      (send
        (send
          (hole 0 {:hash_depth=>0, :limit_depth=>true, :recv=>true}) :diaspora_user=
          (hole 0 {:hash_depth=>0, :method_arg=>true})) :-
        (hole 0 {:hash_depth=>0, :method_arg=>true}))) :active=
    (hole 0 {:hash_depth=>0, :method_arg=>true}))
  (send
    (begin
      (send
        (send
          (hole 0 {:hash_depth=>0, :limit_depth=>true, :recv=>true}) :diaspora_user=
          (hole 0 {:hash_depth=>0, :method_arg=>true})) :-
        (hole 0 {:hash_depth=>0, :method_arg=>true}))) :active)
  (send
    (begin
      (send
        (send
          (hole 0 {:hash_depth=>0, :limit_depth=>true, :recv=>true}) :diaspora_user=
          (hole 0 {:hash_depth=>0, :method_arg=>true})) :-
        (hole 0 {:hash_depth=>0, :method_arg=>true}))) :primary=
    (hole 0 {:hash_depth=>0, :method_arg=>true}))
  (send
    (begin
      (send
        (send
          (hole 0 {:hash_depth=>0, :limit_depth=>true, :recv=>true}) :diaspora_user=
          (hole 0 {:hash_depth=>0, :method_arg=>true})) :-
        (hole 0 {:hash_depth=>0, :method_arg=>true}))) :primary)
  (send
    (begin
      (send
        (send
          (hole 0 {:hash_depth=>0, :limit_depth=>true, :recv=>true}) :diaspora_user=
          (hole 0 {:hash_depth=>0, :method_arg=>true})) :-
        (hole 0 {:hash_depth=>0, :method_arg=>true}))) :moderator=
    (hole 0 {:hash_depth=>0, :method_arg=>true}))
  (send
    (begin
      (send
        (send
          (hole 0 {:hash_depth=>0, :limit_depth=>true, :recv=>true}) :diaspora_user=
          (hole 0 {:hash_depth=>0, :method_arg=>true})) :-
        (hole 0 {:hash_depth=>0, :method_arg=>true}))) :moderator)
  (begin
    (send
      (begin
        (send
          (send
            (hole 0 {:hash_depth=>0, :limit_depth=>true, :recv=>true}) :diaspora_user=
            (hole 0 {:hash_depth=>0, :method_arg=>true})) :-
          (hole 0 {:hash_depth=>0, :method_arg=>true}))) :-
      (hole 0 {:hash_depth=>0, :method_arg=>true})))
  (begin
    (send
      (begin
        (send
          (send
            (hole 0 {:hash_depth=>0, :limit_depth=>true, :recv=>true}) :diaspora_user=
            (hole 0 {:hash_depth=>0, :method_arg=>true})) :-
          (hole 0 {:hash_depth=>0, :method_arg=>true}))) :-
      (hole 0 {:hash_depth=>0, :method_arg=>true})))
  (begin
    (send
      (begin
        (send
          (send
            (hole 0 {:hash_depth=>0, :limit_depth=>true, :recv=>true}) :diaspora_user=
            (hole 0 {:hash_depth=>0, :method_arg=>true})) :-
          (hole 0 {:hash_depth=>0, :method_arg=>true}))) :-
      (hole 0 {:hash_depth=>0, :method_arg=>true})))
  (begin
    (send
      (begin
        (send
          (send
            (hole 0 {:hash_depth=>0, :limit_depth=>true, :recv=>true}) :diaspora_user=
            (hole 0 {:hash_depth=>0, :method_arg=>true})) :-
          (hole 0 {:hash_depth=>0, :method_arg=>true}))) :save))
  (begin
    (send
      (begin
        (send
          (send
            (hole 0 {:hash_depth=>0, :limit_depth=>true, :recv=>true}) :diaspora_user=
            (hole 0 {:hash_depth=>0, :method_arg=>true})) :save)) :count))
  (begin
    (send
      (begin
        (send
          (send
            (hole 0 {:hash_depth=>0, :limit_depth=>true, :recv=>true}) :diaspora_user=
            (hole 0 {:hash_depth=>0, :method_arg=>true})) :save)) :-
      (hole 0 {:hash_depth=>0, :method_arg=>true})))
  (begin
    (send
      (begin
        (send
          (send
            (hole 0 {:hash_depth=>0, :limit_depth=>true, :recv=>true}) :diaspora_user=
            (hole 0 {:hash_depth=>0, :method_arg=>true})) :save)) :save))
  (begin
    (send
      (send
        (begin
          (send
            (hole 0 {:hash_depth=>0, :limit_depth=>true, :recv=>true}) :-
            (hole 0 {:hash_depth=>0, :method_arg=>true}))) :id=
        (hole 0 {:hash_depth=>0, :method_arg=>true})) :-
      (hole 0 {:hash_depth=>0, :method_arg=>true})))
  (begin
    (send
      (send
        (begin
          (send
            (hole 0 {:hash_depth=>0, :limit_depth=>true, :recv=>true}) :-
            (hole 0 {:hash_depth=>0, :method_arg=>true}))) :id=
        (hole 0 {:hash_depth=>0, :method_arg=>true})) :-
      (hole 0 {:hash_depth=>0, :method_arg=>true})))
  (begin
    (send
      (send
        (begin
          (send
            (hole 0 {:hash_depth=>0, :limit_depth=>true, :recv=>true}) :-
            (hole 0 {:hash_depth=>0, :method_arg=>true}))) :id=
        (hole 0 {:hash_depth=>0, :method_arg=>true})) :-
      (hole 0 {:hash_depth=>0, :method_arg=>true})))
  (begin
    (send
      (send
        (begin
          (send
            (hole 0 {:hash_depth=>0, :limit_depth=>true, :recv=>true}) :-
            (hole 0 {:hash_depth=>0, :method_arg=>true}))) :id=
        (hole 0 {:hash_depth=>0, :method_arg=>true})) :count))
  (begin
    (send
      (send
        (begin
          (send
            (hole 0 {:hash_depth=>0, :limit_depth=>true, :recv=>true}) :-
            (hole 0 {:hash_depth=>0, :method_arg=>true}))) :id=
        (hole 0 {:hash_depth=>0, :method_arg=>true})) :save))
  (begin
    (send
      (send
        (begin
          (send
            (hole 0 {:hash_depth=>0, :limit_depth=>true, :recv=>true}) :-
            (hole 0 {:hash_depth=>0, :method_arg=>true}))) :id) :-
      (hole 0 {:hash_depth=>0, :method_arg=>true})))
  (begin
    (send
      (send
        (begin
          (send
            (hole 0 {:hash_depth=>0, :limit_depth=>true, :recv=>true}) :-
            (hole 0 {:hash_depth=>0, :method_arg=>true}))) :id) :-
      (hole 0 {:hash_depth=>0, :method_arg=>true})))
  (begin
    (send
      (send
        (begin
          (send
            (hole 0 {:hash_depth=>0, :limit_depth=>true, :recv=>true}) :-
            (hole 0 {:hash_depth=>0, :method_arg=>true}))) :id) :-
      (hole 0 {:hash_depth=>0, :method_arg=>true})))
  (begin
    (send
      (send
        (begin
          (send
            (hole 0 {:hash_depth=>0, :limit_depth=>true, :recv=>true}) :-
            (hole 0 {:hash_depth=>0, :method_arg=>true}))) :id) :count))
  (begin
    (send
      (send
        (begin
          (send
            (hole 0 {:hash_depth=>0, :limit_depth=>true, :recv=>true}) :-
            (hole 0 {:hash_depth=>0, :method_arg=>true}))) :id) :save))
  (begin
    (send
      (send
        (begin
          (send
            (hole 0 {:hash_depth=>0, :limit_depth=>true, :recv=>true}) :-
            (hole 0 {:hash_depth=>0, :method_arg=>true}))) :email=
        (hole 0 {:hash_depth=>0, :method_arg=>true})) :count))
  (begin
    (send
      (send
        (begin
          (send
            (hole 0 {:hash_depth=>0, :limit_depth=>true, :recv=>true}) :-
            (hole 0 {:hash_depth=>0, :method_arg=>true}))) :email=
        (hole 0 {:hash_depth=>0, :method_arg=>true})) :-
      (hole 0 {:hash_depth=>0, :method_arg=>true})))
  (begin
    (send
      (send
        (begin
          (send
            (hole 0 {:hash_depth=>0, :limit_depth=>true, :recv=>true}) :-
            (hole 0 {:hash_depth=>0, :method_arg=>true}))) :email=
        (hole 0 {:hash_depth=>0, :method_arg=>true})) :save))
  (begin
    (send
      (send
        (begin
          (send
            (hole 0 {:hash_depth=>0, :limit_depth=>true, :recv=>true}) :-
            (hole 0 {:hash_depth=>0, :method_arg=>true}))) :email) :count))
  (begin
    (send
      (send
        (begin
          (send
            (hole 0 {:hash_depth=>0, :limit_depth=>true, :recv=>true}) :-
            (hole 0 {:hash_depth=>0, :method_arg=>true}))) :email) :-
      (hole 0 {:hash_depth=>0, :method_arg=>true})))
  (begin
    (send
      (send
        (begin
          (send
            (hole 0 {:hash_depth=>0, :limit_depth=>true, :recv=>true}) :-
            (hole 0 {:hash_depth=>0, :method_arg=>true}))) :email) :save))
  (begin
    (send
      (send
        (begin
          (send
            (hole 0 {:hash_depth=>0, :limit_depth=>true, :recv=>true}) :-
            (hole 0 {:hash_depth=>0, :method_arg=>true}))) :token=
        (hole 0 {:hash_depth=>0, :method_arg=>true})) :count))
  (begin
    (send
      (send
        (begin
          (send
            (hole 0 {:hash_depth=>0, :limit_depth=>true, :recv=>true}) :-
            (hole 0 {:hash_depth=>0, :method_arg=>true}))) :token=
        (hole 0 {:hash_depth=>0, :method_arg=>true})) :-
      (hole 0 {:hash_depth=>0, :method_arg=>true})))
  (begin
    (send
      (send
        (begin
          (send
            (hole 0 {:hash_depth=>0, :limit_depth=>true, :recv=>true}) :-
            (hole 0 {:hash_depth=>0, :method_arg=>true}))) :token=
        (hole 0 {:hash_depth=>0, :method_arg=>true})) :save))
  (begin
    (send
      (send
        (begin
          (send
            (hole 0 {:hash_depth=>0, :limit_depth=>true, :recv=>true}) :-
            (hole 0 {:hash_depth=>0, :method_arg=>true}))) :token) :count))
  (begin
    (send
      (send
        (begin
          (send
            (hole 0 {:hash_depth=>0, :limit_depth=>true, :recv=>true}) :-
            (hole 0 {:hash_depth=>0, :method_arg=>true}))) :token) :-
      (hole 0 {:hash_depth=>0, :method_arg=>true})))
  (begin
    (send
      (send
        (begin
          (send
            (hole 0 {:hash_depth=>0, :limit_depth=>true, :recv=>true}) :-
            (hole 0 {:hash_depth=>0, :method_arg=>true}))) :token) :save))
  (begin
    (send
      (send
        (begin
          (send
            (hole 0 {:hash_depth=>0, :limit_depth=>true, :recv=>true}) :-
            (hole 0 {:hash_depth=>0, :method_arg=>true}))) :confirmed=
        (hole 0 {:hash_depth=>0, :method_arg=>true})) :count))
  (begin
    (send
      (send
        (begin
          (send
            (hole 0 {:hash_depth=>0, :limit_depth=>true, :recv=>true}) :-
            (hole 0 {:hash_depth=>0, :method_arg=>true}))) :confirmed=
        (hole 0 {:hash_depth=>0, :method_arg=>true})) :-
      (hole 0 {:hash_depth=>0, :method_arg=>true})))
  (begin
    (send
      (send
        (begin
          (send
            (hole 0 {:hash_depth=>0, :limit_depth=>true, :recv=>true}) :-
            (hole 0 {:hash_depth=>0, :method_arg=>true}))) :confirmed=
        (hole 0 {:hash_depth=>0, :method_arg=>true})) :save))
  (begin
    (send
      (send
        (begin
          (send
            (hole 0 {:hash_depth=>0, :limit_depth=>true, :recv=>true}) :-
            (hole 0 {:hash_depth=>0, :method_arg=>true}))) :confirmed) :count))
  (begin
    (send
      (send
        (begin
          (send
            (hole 0 {:hash_depth=>0, :limit_depth=>true, :recv=>true}) :-
            (hole 0 {:hash_depth=>0, :method_arg=>true}))) :confirmed) :-
      (hole 0 {:hash_depth=>0, :method_arg=>true})))
  (begin
    (send
      (send
        (begin
          (send
            (hole 0 {:hash_depth=>0, :limit_depth=>true, :recv=>true}) :-
            (hole 0 {:hash_depth=>0, :method_arg=>true}))) :confirmed) :save))
  (begin
    (send
      (send
        (begin
          (send
            (hole 0 {:hash_depth=>0, :limit_depth=>true, :recv=>true}) :-
            (hole 0 {:hash_depth=>0, :method_arg=>true}))) :expired=
        (hole 0 {:hash_depth=>0, :method_arg=>true})) :count))
  (begin
    (send
      (send
        (begin
          (send
            (hole 0 {:hash_depth=>0, :limit_depth=>true, :recv=>true}) :-
            (hole 0 {:hash_depth=>0, :method_arg=>true}))) :expired=
        (hole 0 {:hash_depth=>0, :method_arg=>true})) :-
      (hole 0 {:hash_depth=>0, :method_arg=>true})))
  (begin
    (send
      (send
        (begin
          (send
            (hole 0 {:hash_depth=>0, :limit_depth=>true, :recv=>true}) :-
            (hole 0 {:hash_depth=>0, :method_arg=>true}))) :expired=
        (hole 0 {:hash_depth=>0, :method_arg=>true})) :save))
  (begin
    (send
      (send
        (begin
          (send
            (hole 0 {:hash_depth=>0, :limit_depth=>true, :recv=>true}) :-
            (hole 0 {:hash_depth=>0, :method_arg=>true}))) :expired) :count))
  (begin
    (send
      (send
        (begin
          (send
            (hole 0 {:hash_depth=>0, :limit_depth=>true, :recv=>true}) :-
            (hole 0 {:hash_depth=>0, :method_arg=>true}))) :expired) :-
      (hole 0 {:hash_depth=>0, :method_arg=>true})))
  (begin
    (send
      (send
        (begin
          (send
            (hole 0 {:hash_depth=>0, :limit_depth=>true, :recv=>true}) :-
            (hole 0 {:hash_depth=>0, :method_arg=>true}))) :expired) :save))
  (begin
    (send
      (send
        (begin
          (send
            (hole 0 {:hash_depth=>0, :limit_depth=>true, :recv=>true}) :-
            (hole 0 {:hash_depth=>0, :method_arg=>true}))) :user_id=
        (hole 0 {:hash_depth=>0, :method_arg=>true})) :-
      (hole 0 {:hash_depth=>0, :method_arg=>true})))
  (begin
    (send
      (send
        (begin
          (send
            (hole 0 {:hash_depth=>0, :limit_depth=>true, :recv=>true}) :-
            (hole 0 {:hash_depth=>0, :method_arg=>true}))) :user_id=
        (hole 0 {:hash_depth=>0, :method_arg=>true})) :-
      (hole 0 {:hash_depth=>0, :method_arg=>true})))
  (begin
    (send
      (send
        (begin
          (send
            (hole 0 {:hash_depth=>0, :limit_depth=>true, :recv=>true}) :-
            (hole 0 {:hash_depth=>0, :method_arg=>true}))) :user_id=
        (hole 0 {:hash_depth=>0, :method_arg=>true})) :-
      (hole 0 {:hash_depth=>0, :method_arg=>true})))
  (begin
    (send
      (send
        (begin
          (send
            (hole 0 {:hash_depth=>0, :limit_depth=>true, :recv=>true}) :-
            (hole 0 {:hash_depth=>0, :method_arg=>true}))) :user_id=
        (hole 0 {:hash_depth=>0, :method_arg=>true})) :count))
  (begin
    (send
      (send
        (begin
          (send
            (hole 0 {:hash_depth=>0, :limit_depth=>true, :recv=>true}) :-
            (hole 0 {:hash_depth=>0, :method_arg=>true}))) :user_id=
        (hole 0 {:hash_depth=>0, :method_arg=>true})) :save))
  (begin
    (send
      (send
        (begin
          (send
            (hole 0 {:hash_depth=>0, :limit_depth=>true, :recv=>true}) :-
            (hole 0 {:hash_depth=>0, :method_arg=>true}))) :user_id) :-
      (hole 0 {:hash_depth=>0, :method_arg=>true})))
  (begin
    (send
      (send
        (begin
          (send
            (hole 0 {:hash_depth=>0, :limit_depth=>true, :recv=>true}) :-
            (hole 0 {:hash_depth=>0, :method_arg=>true}))) :user_id) :-
      (hole 0 {:hash_depth=>0, :method_arg=>true})))
  (begin
    (send
      (send
        (begin
          (send
            (hole 0 {:hash_depth=>0, :limit_depth=>true, :recv=>true}) :-
            (hole 0 {:hash_depth=>0, :method_arg=>true}))) :user_id) :-
      (hole 0 {:hash_depth=>0, :method_arg=>true})))
  (begin
    (send
      (send
        (begin
          (send
            (hole 0 {:hash_depth=>0, :limit_depth=>true, :recv=>true}) :-
            (hole 0 {:hash_depth=>0, :method_arg=>true}))) :user_id) :count))
  (begin
    (send
      (send
        (begin
          (send
            (hole 0 {:hash_depth=>0, :limit_depth=>true, :recv=>true}) :-
            (hole 0 {:hash_depth=>0, :method_arg=>true}))) :user_id) :save))
  (send
    (send
      (begin
        (send
          (hole 0 {:hash_depth=>0, :limit_depth=>true, :recv=>true}) :-
          (hole 0 {:hash_depth=>0, :method_arg=>true}))) :user) :staged=
    (hole 0 {:hash_depth=>0, :method_arg=>true}))
  (send
    (send
      (begin
        (send
          (hole 0 {:hash_depth=>0, :limit_depth=>true, :recv=>true}) :-
          (hole 0 {:hash_depth=>0, :method_arg=>true}))) :user) :staged)
  (send
    (send
      (begin
        (send
          (hole 0 {:hash_depth=>0, :limit_depth=>true, :recv=>true}) :-
          (hole 0 {:hash_depth=>0, :method_arg=>true}))) :user) :active=
    (hole 0 {:hash_depth=>0, :method_arg=>true}))
  (send
    (send
      (begin
        (send
          (hole 0 {:hash_depth=>0, :limit_depth=>true, :recv=>true}) :-
          (hole 0 {:hash_depth=>0, :method_arg=>true}))) :user) :active)
  (send
    (send
      (begin
        (send
          (hole 0 {:hash_depth=>0, :limit_depth=>true, :recv=>true}) :-
          (hole 0 {:hash_depth=>0, :method_arg=>true}))) :user) :admin=
    (hole 0 {:hash_depth=>0, :method_arg=>true}))
  (send
    (send
      (begin
        (send
          (hole 0 {:hash_depth=>0, :limit_depth=>true, :recv=>true}) :-
          (hole 0 {:hash_depth=>0, :method_arg=>true}))) :user) :admin)
  (send
    (send
      (begin
        (send
          (hole 0 {:hash_depth=>0, :limit_depth=>true, :recv=>true}) :-
          (hole 0 {:hash_depth=>0, :method_arg=>true}))) :user) :moderator=
    (hole 0 {:hash_depth=>0, :method_arg=>true}))
  (send
    (send
      (begin
        (send
          (hole 0 {:hash_depth=>0, :limit_depth=>true, :recv=>true}) :-
          (hole 0 {:hash_depth=>0, :method_arg=>true}))) :user) :moderator)
  (begin
    (send
      (send
        (begin
          (send
            (hole 0 {:hash_depth=>0, :limit_depth=>true, :recv=>true}) :-
            (hole 0 {:hash_depth=>0, :method_arg=>true}))) :user) :count))
  (begin
    (send
      (send
        (begin
          (send
            (hole 0 {:hash_depth=>0, :limit_depth=>true, :recv=>true}) :-
            (hole 0 {:hash_depth=>0, :method_arg=>true}))) :user) :-
      (hole 0 {:hash_depth=>0, :method_arg=>true})))
  (begin
    (send
      (send
        (begin
          (send
            (hole 0 {:hash_depth=>0, :limit_depth=>true, :recv=>true}) :-
            (hole 0 {:hash_depth=>0, :method_arg=>true}))) :user) :save))
  (send
    (send
      (begin
        (send
          (hole 0 {:hash_depth=>0, :limit_depth=>true, :recv=>true}) :-
          (hole 0 {:hash_depth=>0, :method_arg=>true}))) :user=
      (hole 0 {:hash_depth=>0, :method_arg=>true})) :staged=
    (hole 0 {:hash_depth=>0, :method_arg=>true}))
  (send
    (send
      (begin
        (send
          (hole 0 {:hash_depth=>0, :limit_depth=>true, :recv=>true}) :-
          (hole 0 {:hash_depth=>0, :method_arg=>true}))) :user=
      (hole 0 {:hash_depth=>0, :method_arg=>true})) :staged)
  (send
    (send
      (begin
        (send
          (hole 0 {:hash_depth=>0, :limit_depth=>true, :recv=>true}) :-
          (hole 0 {:hash_depth=>0, :method_arg=>true}))) :user=
      (hole 0 {:hash_depth=>0, :method_arg=>true})) :active=
    (hole 0 {:hash_depth=>0, :method_arg=>true}))
  (send
    (send
      (begin
        (send
          (hole 0 {:hash_depth=>0, :limit_depth=>true, :recv=>true}) :-
          (hole 0 {:hash_depth=>0, :method_arg=>true}))) :user=
      (hole 0 {:hash_depth=>0, :method_arg=>true})) :active)
  (send
    (send
      (begin
        (send
          (hole 0 {:hash_depth=>0, :limit_depth=>true, :recv=>true}) :-
          (hole 0 {:hash_depth=>0, :method_arg=>true}))) :user=
      (hole 0 {:hash_depth=>0, :method_arg=>true})) :admin=
    (hole 0 {:hash_depth=>0, :method_arg=>true}))
  (send
    (send
      (begin
        (send
          (hole 0 {:hash_depth=>0, :limit_depth=>true, :recv=>true}) :-
          (hole 0 {:hash_depth=>0, :method_arg=>true}))) :user=
      (hole 0 {:hash_depth=>0, :method_arg=>true})) :admin)
  (send
    (send
      (begin
        (send
          (hole 0 {:hash_depth=>0, :limit_depth=>true, :recv=>true}) :-
          (hole 0 {:hash_depth=>0, :method_arg=>true}))) :user=
      (hole 0 {:hash_depth=>0, :method_arg=>true})) :moderator=
    (hole 0 {:hash_depth=>0, :method_arg=>true}))
  (send
    (send
      (begin
        (send
          (hole 0 {:hash_depth=>0, :limit_depth=>true, :recv=>true}) :-
          (hole 0 {:hash_depth=>0, :method_arg=>true}))) :user=
      (hole 0 {:hash_depth=>0, :method_arg=>true})) :moderator)
  (begin
    (send
      (send
        (begin
          (send
            (hole 0 {:hash_depth=>0, :limit_depth=>true, :recv=>true}) :-
            (hole 0 {:hash_depth=>0, :method_arg=>true}))) :user=
        (hole 0 {:hash_depth=>0, :method_arg=>true})) :count))
  (begin
    (send
      (send
        (begin
          (send
            (hole 0 {:hash_depth=>0, :limit_depth=>true, :recv=>true}) :-
            (hole 0 {:hash_depth=>0, :method_arg=>true}))) :user=
        (hole 0 {:hash_depth=>0, :method_arg=>true})) :-
      (hole 0 {:hash_depth=>0, :method_arg=>true})))
  (begin
    (send
      (send
        (begin
          (send
            (hole 0 {:hash_depth=>0, :limit_depth=>true, :recv=>true}) :-
            (hole 0 {:hash_depth=>0, :method_arg=>true}))) :user=
        (hole 0 {:hash_depth=>0, :method_arg=>true})) :save))
  (begin
    (send
      (send
        (begin
          (send
            (hole 0 {:hash_depth=>0, :limit_depth=>true, :recv=>true}) :-
            (hole 0 {:hash_depth=>0, :method_arg=>true}))) :mastodon_account_id=
        (hole 0 {:hash_depth=>0, :method_arg=>true})) :-
      (hole 0 {:hash_depth=>0, :method_arg=>true})))
  (begin
    (send
      (send
        (begin
          (send
            (hole 0 {:hash_depth=>0, :limit_depth=>true, :recv=>true}) :-
            (hole 0 {:hash_depth=>0, :method_arg=>true}))) :mastodon_account_id=
        (hole 0 {:hash_depth=>0, :method_arg=>true})) :-
      (hole 0 {:hash_depth=>0, :method_arg=>true})))
  (begin
    (send
      (send
        (begin
          (send
            (hole 0 {:hash_depth=>0, :limit_depth=>true, :recv=>true}) :-
            (hole 0 {:hash_depth=>0, :method_arg=>true}))) :mastodon_account_id=
        (hole 0 {:hash_depth=>0, :method_arg=>true})) :-
      (hole 0 {:hash_depth=>0, :method_arg=>true})))
  (begin
    (send
      (send
        (begin
          (send
            (hole 0 {:hash_depth=>0, :limit_depth=>true, :recv=>true}) :-
            (hole 0 {:hash_depth=>0, :method_arg=>true}))) :mastodon_account_id=
        (hole 0 {:hash_depth=>0, :method_arg=>true})) :count))
  (begin
    (send
      (send
        (begin
          (send
            (hole 0 {:hash_depth=>0, :limit_depth=>true, :recv=>true}) :-
            (hole 0 {:hash_depth=>0, :method_arg=>true}))) :mastodon_account_id=
        (hole 0 {:hash_depth=>0, :method_arg=>true})) :save))
  (begin
    (send
      (send
        (begin
          (send
            (hole 0 {:hash_depth=>0, :limit_depth=>true, :recv=>true}) :-
            (hole 0 {:hash_depth=>0, :method_arg=>true}))) :mastodon_account_id) :-
      (hole 0 {:hash_depth=>0, :method_arg=>true})))
  (begin
    (send
      (send
        (begin
          (send
            (hole 0 {:hash_depth=>0, :limit_depth=>true, :recv=>true}) :-
            (hole 0 {:hash_depth=>0, :method_arg=>true}))) :mastodon_account_id) :-
      (hole 0 {:hash_depth=>0, :method_arg=>true})))
  (begin
    (send
      (send
        (begin
          (send
            (hole 0 {:hash_depth=>0, :limit_depth=>true, :recv=>true}) :-
            (hole 0 {:hash_depth=>0, :method_arg=>true}))) :mastodon_account_id) :-
      (hole 0 {:hash_depth=>0, :method_arg=>true})))
  (begin
    (send
      (send
        (begin
          (send
            (hole 0 {:hash_depth=>0, :limit_depth=>true, :recv=>true}) :-
            (hole 0 {:hash_depth=>0, :method_arg=>true}))) :mastodon_account_id) :count))
  (begin
    (send
      (send
        (begin
          (send
            (hole 0 {:hash_depth=>0, :limit_depth=>true, :recv=>true}) :-
            (hole 0 {:hash_depth=>0, :method_arg=>true}))) :mastodon_account_id) :save))
  (begin
    (send
      (send
        (begin
          (send
            (hole 0 {:hash_depth=>0, :limit_depth=>true, :recv=>true}) :-
            (hole 0 {:hash_depth=>0, :method_arg=>true}))) :mastodon_status_id=
        (hole 0 {:hash_depth=>0, :method_arg=>true})) :-
      (hole 0 {:hash_depth=>0, :method_arg=>true})))
  (begin
    (send
      (send
        (begin
          (send
            (hole 0 {:hash_depth=>0, :limit_depth=>true, :recv=>true}) :-
            (hole 0 {:hash_depth=>0, :method_arg=>true}))) :mastodon_status_id=
        (hole 0 {:hash_depth=>0, :method_arg=>true})) :-
      (hole 0 {:hash_depth=>0, :method_arg=>true})))
  (begin
    (send
      (send
        (begin
          (send
            (hole 0 {:hash_depth=>0, :limit_depth=>true, :recv=>true}) :-
            (hole 0 {:hash_depth=>0, :method_arg=>true}))) :mastodon_status_id=
        (hole 0 {:hash_depth=>0, :method_arg=>true})) :-
      (hole 0 {:hash_depth=>0, :method_arg=>true})))
  (begin
    (send
      (send
        (begin
          (send
            (hole 0 {:hash_depth=>0, :limit_depth=>true, :recv=>true}) :-
            (hole 0 {:hash_depth=>0, :method_arg=>true}))) :mastodon_status_id=
        (hole 0 {:hash_depth=>0, :method_arg=>true})) :count))
  (begin
    (send
      (send
        (begin
          (send
            (hole 0 {:hash_depth=>0, :limit_depth=>true, :recv=>true}) :-
            (hole 0 {:hash_depth=>0, :method_arg=>true}))) :mastodon_status_id=
        (hole 0 {:hash_depth=>0, :method_arg=>true})) :save))
  (begin
    (send
      (send
        (begin
          (send
            (hole 0 {:hash_depth=>0, :limit_depth=>true, :recv=>true}) :-
            (hole 0 {:hash_depth=>0, :method_arg=>true}))) :mastodon_status_id) :-
      (hole 0 {:hash_depth=>0, :method_arg=>true})))
  (begin
    (send
      (send
        (begin
          (send
            (hole 0 {:hash_depth=>0, :limit_depth=>true, :recv=>true}) :-
            (hole 0 {:hash_depth=>0, :method_arg=>true}))) :mastodon_status_id) :-
      (hole 0 {:hash_depth=>0, :method_arg=>true})))
  (begin
    (send
      (send
        (begin
          (send
            (hole 0 {:hash_depth=>0, :limit_depth=>true, :recv=>true}) :-
            (hole 0 {:hash_depth=>0, :method_arg=>true}))) :mastodon_status_id) :-
      (hole 0 {:hash_depth=>0, :method_arg=>true})))
  (begin
    (send
      (send
        (begin
          (send
            (hole 0 {:hash_depth=>0, :limit_depth=>true, :recv=>true}) :-
            (hole 0 {:hash_depth=>0, :method_arg=>true}))) :mastodon_status_id) :count))
  (begin
    (send
      (send
        (begin
          (send
            (hole 0 {:hash_depth=>0, :limit_depth=>true, :recv=>true}) :-
            (hole 0 {:hash_depth=>0, :method_arg=>true}))) :mastodon_status_id) :save))
  (send
    (send
      (begin
        (send
          (hole 0 {:hash_depth=>0, :limit_depth=>true, :recv=>true}) :-
          (hole 0 {:hash_depth=>0, :method_arg=>true}))) :mastodon_account) :discoverable=
    (hole 0 {:hash_depth=>0, :method_arg=>true}))
  (send
    (send
      (begin
        (send
          (hole 0 {:hash_depth=>0, :limit_depth=>true, :recv=>true}) :-
          (hole 0 {:hash_depth=>0, :method_arg=>true}))) :mastodon_account) :discoverable)
  (begin
    (send
      (send
        (begin
          (send
            (hole 0 {:hash_depth=>0, :limit_depth=>true, :recv=>true}) :-
            (hole 0 {:hash_depth=>0, :method_arg=>true}))) :mastodon_account) :count))
  (begin
    (send
      (send
        (begin
          (send
            (hole 0 {:hash_depth=>0, :limit_depth=>true, :recv=>true}) :-
            (hole 0 {:hash_depth=>0, :method_arg=>true}))) :mastodon_account) :-
      (hole 0 {:hash_depth=>0, :method_arg=>true})))
  (begin
    (send
      (send
        (begin
          (send
            (hole 0 {:hash_depth=>0, :limit_depth=>true, :recv=>true}) :-
            (hole 0 {:hash_depth=>0, :method_arg=>true}))) :mastodon_account) :save))
  (send
    (send
      (begin
        (send
          (hole 0 {:hash_depth=>0, :limit_depth=>true, :recv=>true}) :-
          (hole 0 {:hash_depth=>0, :method_arg=>true}))) :mastodon_account=
      (hole 0 {:hash_depth=>0, :method_arg=>true})) :discoverable=
    (hole 0 {:hash_depth=>0, :method_arg=>true}))
  (send
    (send
      (begin
        (send
          (hole 0 {:hash_depth=>0, :limit_depth=>true, :recv=>true}) :-
          (hole 0 {:hash_depth=>0, :method_arg=>true}))) :mastodon_account=
      (hole 0 {:hash_depth=>0, :method_arg=>true})) :discoverable)
  (begin
    (send
      (send
        (begin
          (send
            (hole 0 {:hash_depth=>0, :limit_depth=>true, :recv=>true}) :-
            (hole 0 {:hash_depth=>0, :method_arg=>true}))) :mastodon_account=
        (hole 0 {:hash_depth=>0, :method_arg=>true})) :count))
  (begin
    (send
      (send
        (begin
          (send
            (hole 0 {:hash_depth=>0, :limit_depth=>true, :recv=>true}) :-
            (hole 0 {:hash_depth=>0, :method_arg=>true}))) :mastodon_account=
        (hole 0 {:hash_depth=>0, :method_arg=>true})) :-
      (hole 0 {:hash_depth=>0, :method_arg=>true})))
  (begin
    (send
      (send
        (begin
          (send
            (hole 0 {:hash_depth=>0, :limit_depth=>true, :recv=>true}) :-
            (hole 0 {:hash_depth=>0, :method_arg=>true}))) :mastodon_account=
        (hole 0 {:hash_depth=>0, :method_arg=>true})) :save))
  (begin
    (send
      (send
        (begin
          (send
            (hole 0 {:hash_depth=>0, :limit_depth=>true, :recv=>true}) :-
            (hole 0 {:hash_depth=>0, :method_arg=>true}))) :mastodon_status) :count))
  (begin
    (send
      (send
        (begin
          (send
            (hole 0 {:hash_depth=>0, :limit_depth=>true, :recv=>true}) :-
            (hole 0 {:hash_depth=>0, :method_arg=>true}))) :mastodon_status) :-
      (hole 0 {:hash_depth=>0, :method_arg=>true})))
  (begin
    (send
      (send
        (begin
          (send
            (hole 0 {:hash_depth=>0, :limit_depth=>true, :recv=>true}) :-
            (hole 0 {:hash_depth=>0, :method_arg=>true}))) :mastodon_status) :save))
  (begin
    (send
      (send
        (begin
          (send
            (hole 0 {:hash_depth=>0, :limit_depth=>true, :recv=>true}) :-
            (hole 0 {:hash_depth=>0, :method_arg=>true}))) :mastodon_status=
        (hole 0 {:hash_depth=>0, :method_arg=>true})) :count))
  (begin
    (send
      (send
        (begin
          (send
            (hole 0 {:hash_depth=>0, :limit_depth=>true, :recv=>true}) :-
            (hole 0 {:hash_depth=>0, :method_arg=>true}))) :mastodon_status=
        (hole 0 {:hash_depth=>0, :method_arg=>true})) :-
      (hole 0 {:hash_depth=>0, :method_arg=>true})))
  (begin
    (send
      (send
        (begin
          (send
            (hole 0 {:hash_depth=>0, :limit_depth=>true, :recv=>true}) :-
            (hole 0 {:hash_depth=>0, :method_arg=>true}))) :mastodon_status=
        (hole 0 {:hash_depth=>0, :method_arg=>true})) :save))
  (begin
    (send
      (send
        (begin
          (send
            (hole 0 {:hash_depth=>0, :limit_depth=>true, :recv=>true}) :-
            (hole 0 {:hash_depth=>0, :method_arg=>true}))) :target_account_id=
        (hole 0 {:hash_depth=>0, :method_arg=>true})) :-
      (hole 0 {:hash_depth=>0, :method_arg=>true})))
  (begin
    (send
      (send
        (begin
          (send
            (hole 0 {:hash_depth=>0, :limit_depth=>true, :recv=>true}) :-
            (hole 0 {:hash_depth=>0, :method_arg=>true}))) :target_account_id=
        (hole 0 {:hash_depth=>0, :method_arg=>true})) :-
      (hole 0 {:hash_depth=>0, :method_arg=>true})))
  (begin
    (send
      (send
        (begin
          (send
            (hole 0 {:hash_depth=>0, :limit_depth=>true, :recv=>true}) :-
            (hole 0 {:hash_depth=>0, :method_arg=>true}))) :target_account_id=
        (hole 0 {:hash_depth=>0, :method_arg=>true})) :-
      (hole 0 {:hash_depth=>0, :method_arg=>true})))
  (begin
    (send
      (send
        (begin
          (send
            (hole 0 {:hash_depth=>0, :limit_depth=>true, :recv=>true}) :-
            (hole 0 {:hash_depth=>0, :method_arg=>true}))) :target_account_id=
        (hole 0 {:hash_depth=>0, :method_arg=>true})) :count))
  (begin
    (send
      (send
        (begin
          (send
            (hole 0 {:hash_depth=>0, :limit_depth=>true, :recv=>true}) :-
            (hole 0 {:hash_depth=>0, :method_arg=>true}))) :target_account_id=
        (hole 0 {:hash_depth=>0, :method_arg=>true})) :save))
  (begin
    (send
      (send
        (begin
          (send
            (hole 0 {:hash_depth=>0, :limit_depth=>true, :recv=>true}) :-
            (hole 0 {:hash_depth=>0, :method_arg=>true}))) :target_account_id) :-
      (hole 0 {:hash_depth=>0, :method_arg=>true})))
  (begin
    (send
      (send
        (begin
          (send
            (hole 0 {:hash_depth=>0, :limit_depth=>true, :recv=>true}) :-
            (hole 0 {:hash_depth=>0, :method_arg=>true}))) :target_account_id) :-
      (hole 0 {:hash_depth=>0, :method_arg=>true})))
  (begin
    (send
      (send
        (begin
          (send
            (hole 0 {:hash_depth=>0, :limit_depth=>true, :recv=>true}) :-
            (hole 0 {:hash_depth=>0, :method_arg=>true}))) :target_account_id) :-
      (hole 0 {:hash_depth=>0, :method_arg=>true})))
  (begin
    (send
      (send
        (begin
          (send
            (hole 0 {:hash_depth=>0, :limit_depth=>true, :recv=>true}) :-
            (hole 0 {:hash_depth=>0, :method_arg=>true}))) :target_account_id) :count))
  (begin
    (send
      (send
        (begin
          (send
            (hole 0 {:hash_depth=>0, :limit_depth=>true, :recv=>true}) :-
            (hole 0 {:hash_depth=>0, :method_arg=>true}))) :target_account_id) :save))
  (send
    (send
      (begin
        (send
          (hole 0 {:hash_depth=>0, :limit_depth=>true, :recv=>true}) :-
          (hole 0 {:hash_depth=>0, :method_arg=>true}))) :target_account) :discoverable=
    (hole 0 {:hash_depth=>0, :method_arg=>true}))
  (send
    (send
      (begin
        (send
          (hole 0 {:hash_depth=>0, :limit_depth=>true, :recv=>true}) :-
          (hole 0 {:hash_depth=>0, :method_arg=>true}))) :target_account) :discoverable)
  (begin
    (send
      (send
        (begin
          (send
            (hole 0 {:hash_depth=>0, :limit_depth=>true, :recv=>true}) :-
            (hole 0 {:hash_depth=>0, :method_arg=>true}))) :target_account) :count))
  (begin
    (send
      (send
        (begin
          (send
            (hole 0 {:hash_depth=>0, :limit_depth=>true, :recv=>true}) :-
            (hole 0 {:hash_depth=>0, :method_arg=>true}))) :target_account) :-
      (hole 0 {:hash_depth=>0, :method_arg=>true})))
  (begin
    (send
      (send
        (begin
          (send
            (hole 0 {:hash_depth=>0, :limit_depth=>true, :recv=>true}) :-
            (hole 0 {:hash_depth=>0, :method_arg=>true}))) :target_account) :save))
  (send
    (send
      (begin
        (send
          (hole 0 {:hash_depth=>0, :limit_depth=>true, :recv=>true}) :-
          (hole 0 {:hash_depth=>0, :method_arg=>true}))) :target_account=
      (hole 0 {:hash_depth=>0, :method_arg=>true})) :discoverable=
    (hole 0 {:hash_depth=>0, :method_arg=>true}))
  (send
    (send
      (begin
        (send
          (hole 0 {:hash_depth=>0, :limit_depth=>true, :recv=>true}) :-
          (hole 0 {:hash_depth=>0, :method_arg=>true}))) :target_account=
      (hole 0 {:hash_depth=>0, :method_arg=>true})) :discoverable)
  (begin
    (send
      (send
        (begin
          (send
            (hole 0 {:hash_depth=>0, :limit_depth=>true, :recv=>true}) :-
            (hole 0 {:hash_depth=>0, :method_arg=>true}))) :target_account=
        (hole 0 {:hash_depth=>0, :method_arg=>true})) :count))
  (begin
    (send
      (send
        (begin
          (send
            (hole 0 {:hash_depth=>0, :limit_depth=>true, :recv=>true}) :-
            (hole 0 {:hash_depth=>0, :method_arg=>true}))) :target_account=
        (hole 0 {:hash_depth=>0, :method_arg=>true})) :-
      (hole 0 {:hash_depth=>0, :method_arg=>true})))
  (begin
    (send
      (send
        (begin
          (send
            (hole 0 {:hash_depth=>0, :limit_depth=>true, :recv=>true}) :-
            (hole 0 {:hash_depth=>0, :method_arg=>true}))) :target_account=
        (hole 0 {:hash_depth=>0, :method_arg=>true})) :save))
  (begin
    (send
      (send
        (begin
          (send
            (hole 0 {:hash_depth=>0, :limit_depth=>true, :recv=>true}) :-
            (hole 0 {:hash_depth=>0, :method_arg=>true}))) :replies_count=
        (hole 0 {:hash_depth=>0, :method_arg=>true})) :-
      (hole 0 {:hash_depth=>0, :method_arg=>true})))
  (begin
    (send
      (send
        (begin
          (send
            (hole 0 {:hash_depth=>0, :limit_depth=>true, :recv=>true}) :-
            (hole 0 {:hash_depth=>0, :method_arg=>true}))) :replies_count=
        (hole 0 {:hash_depth=>0, :method_arg=>true})) :-
      (hole 0 {:hash_depth=>0, :method_arg=>true})))
  (begin
    (send
      (send
        (begin
          (send
            (hole 0 {:hash_depth=>0, :limit_depth=>true, :recv=>true}) :-
            (hole 0 {:hash_depth=>0, :method_arg=>true}))) :replies_count=
        (hole 0 {:hash_depth=>0, :method_arg=>true})) :-
      (hole 0 {:hash_depth=>0, :method_arg=>true})))
  (begin
    (send
      (send
        (begin
          (send
            (hole 0 {:hash_depth=>0, :limit_depth=>true, :recv=>true}) :-
            (hole 0 {:hash_depth=>0, :method_arg=>true}))) :replies_count=
        (hole 0 {:hash_depth=>0, :method_arg=>true})) :count))
  (begin
    (send
      (send
        (begin
          (send
            (hole 0 {:hash_depth=>0, :limit_depth=>true, :recv=>true}) :-
            (hole 0 {:hash_depth=>0, :method_arg=>true}))) :replies_count=
        (hole 0 {:hash_depth=>0, :method_arg=>true})) :save))
  (begin
    (send
      (send
        (begin
          (send
            (hole 0 {:hash_depth=>0, :limit_depth=>true, :recv=>true}) :-
            (hole 0 {:hash_depth=>0, :method_arg=>true}))) :replies_count) :-
      (hole 0 {:hash_depth=>0, :method_arg=>true})))
  (begin
    (send
      (send
        (begin
          (send
            (hole 0 {:hash_depth=>0, :limit_depth=>true, :recv=>true}) :-
            (hole 0 {:hash_depth=>0, :method_arg=>true}))) :replies_count) :-
      (hole 0 {:hash_depth=>0, :method_arg=>true})))
  (begin
    (send
      (send
        (begin
          (send
            (hole 0 {:hash_depth=>0, :limit_depth=>true, :recv=>true}) :-
            (hole 0 {:hash_depth=>0, :method_arg=>true}))) :replies_count) :-
      (hole 0 {:hash_depth=>0, :method_arg=>true})))
  (begin
    (send
      (send
        (begin
          (send
            (hole 0 {:hash_depth=>0, :limit_depth=>true, :recv=>true}) :-
            (hole 0 {:hash_depth=>0, :method_arg=>true}))) :replies_count) :count))
  (begin
    (send
      (send
        (begin
          (send
            (hole 0 {:hash_depth=>0, :limit_depth=>true, :recv=>true}) :-
            (hole 0 {:hash_depth=>0, :method_arg=>true}))) :replies_count) :save))
  (begin
    (send
      (send
        (begin
          (send
            (hole 0 {:hash_depth=>0, :limit_depth=>true, :recv=>true}) :-
            (hole 0 {:hash_depth=>0, :method_arg=>true}))) :reblogs_count=
        (hole 0 {:hash_depth=>0, :method_arg=>true})) :-
      (hole 0 {:hash_depth=>0, :method_arg=>true})))
  (begin
    (send
      (send
        (begin
          (send
            (hole 0 {:hash_depth=>0, :limit_depth=>true, :recv=>true}) :-
            (hole 0 {:hash_depth=>0, :method_arg=>true}))) :reblogs_count=
        (hole 0 {:hash_depth=>0, :method_arg=>true})) :-
      (hole 0 {:hash_depth=>0, :method_arg=>true})))
  (begin
    (send
      (send
        (begin
          (send
            (hole 0 {:hash_depth=>0, :limit_depth=>true, :recv=>true}) :-
            (hole 0 {:hash_depth=>0, :method_arg=>true}))) :reblogs_count=
        (hole 0 {:hash_depth=>0, :method_arg=>true})) :-
      (hole 0 {:hash_depth=>0, :method_arg=>true})))
  (begin
    (send
      (send
        (begin
          (send
            (hole 0 {:hash_depth=>0, :limit_depth=>true, :recv=>true}) :-
            (hole 0 {:hash_depth=>0, :method_arg=>true}))) :reblogs_count=
        (hole 0 {:hash_depth=>0, :method_arg=>true})) :count))
  (begin
    (send
      (send
        (begin
          (send
            (hole 0 {:hash_depth=>0, :limit_depth=>true, :recv=>true}) :-
            (hole 0 {:hash_depth=>0, :method_arg=>true}))) :reblogs_count=
        (hole 0 {:hash_depth=>0, :method_arg=>true})) :save))
  (begin
    (send
      (send
        (begin
          (send
            (hole 0 {:hash_depth=>0, :limit_depth=>true, :recv=>true}) :-
            (hole 0 {:hash_depth=>0, :method_arg=>true}))) :reblogs_count) :-
      (hole 0 {:hash_depth=>0, :method_arg=>true})))
  (begin
    (send
      (send
        (begin
          (send
            (hole 0 {:hash_depth=>0, :limit_depth=>true, :recv=>true}) :-
            (hole 0 {:hash_depth=>0, :method_arg=>true}))) :reblogs_count) :-
      (hole 0 {:hash_depth=>0, :method_arg=>true})))
  (begin
    (send
      (send
        (begin
          (send
            (hole 0 {:hash_depth=>0, :limit_depth=>true, :recv=>true}) :-
            (hole 0 {:hash_depth=>0, :method_arg=>true}))) :reblogs_count) :-
      (hole 0 {:hash_depth=>0, :method_arg=>true})))
  (begin
    (send
      (send
        (begin
          (send
            (hole 0 {:hash_depth=>0, :limit_depth=>true, :recv=>true}) :-
            (hole 0 {:hash_depth=>0, :method_arg=>true}))) :reblogs_count) :count))
  (begin
    (send
      (send
        (begin
          (send
            (hole 0 {:hash_depth=>0, :limit_depth=>true, :recv=>true}) :-
            (hole 0 {:hash_depth=>0, :method_arg=>true}))) :reblogs_count) :save))
  (begin
    (send
      (send
        (begin
          (send
            (hole 0 {:hash_depth=>0, :limit_depth=>true, :recv=>true}) :-
            (hole 0 {:hash_depth=>0, :method_arg=>true}))) :favourites_count=
        (hole 0 {:hash_depth=>0, :method_arg=>true})) :-
      (hole 0 {:hash_depth=>0, :method_arg=>true})))
  (begin
    (send
      (send
        (begin
          (send
            (hole 0 {:hash_depth=>0, :limit_depth=>true, :recv=>true}) :-
            (hole 0 {:hash_depth=>0, :method_arg=>true}))) :favourites_count=
        (hole 0 {:hash_depth=>0, :method_arg=>true})) :-
      (hole 0 {:hash_depth=>0, :method_arg=>true})))
  (begin
    (send
      (send
        (begin
          (send
            (hole 0 {:hash_depth=>0, :limit_depth=>true, :recv=>true}) :-
            (hole 0 {:hash_depth=>0, :method_arg=>true}))) :favourites_count=
        (hole 0 {:hash_depth=>0, :method_arg=>true})) :-
      (hole 0 {:hash_depth=>0, :method_arg=>true})))
  (begin
    (send
      (send
        (begin
          (send
            (hole 0 {:hash_depth=>0, :limit_depth=>true, :recv=>true}) :-
            (hole 0 {:hash_depth=>0, :method_arg=>true}))) :favourites_count=
        (hole 0 {:hash_depth=>0, :method_arg=>true})) :count))
  (begin
    (send
      (send
        (begin
          (send
            (hole 0 {:hash_depth=>0, :limit_depth=>true, :recv=>true}) :-
            (hole 0 {:hash_depth=>0, :method_arg=>true}))) :favourites_count=
        (hole 0 {:hash_depth=>0, :method_arg=>true})) :save))
  (begin
    (send
      (send
        (begin
          (send
            (hole 0 {:hash_depth=>0, :limit_depth=>true, :recv=>true}) :-
            (hole 0 {:hash_depth=>0, :method_arg=>true}))) :favourites_count) :-
      (hole 0 {:hash_depth=>0, :method_arg=>true})))
  (begin
    (send
      (send
        (begin
          (send
            (hole 0 {:hash_depth=>0, :limit_depth=>true, :recv=>true}) :-
            (hole 0 {:hash_depth=>0, :method_arg=>true}))) :favourites_count) :-
      (hole 0 {:hash_depth=>0, :method_arg=>true})))
  (begin
    (send
      (send
        (begin
          (send
            (hole 0 {:hash_depth=>0, :limit_depth=>true, :recv=>true}) :-
            (hole 0 {:hash_depth=>0, :method_arg=>true}))) :favourites_count) :-
      (hole 0 {:hash_depth=>0, :method_arg=>true})))
  (begin
    (send
      (send
        (begin
          (send
            (hole 0 {:hash_depth=>0, :limit_depth=>true, :recv=>true}) :-
            (hole 0 {:hash_depth=>0, :method_arg=>true}))) :favourites_count) :count))
  (begin
    (send
      (send
        (begin
          (send
            (hole 0 {:hash_depth=>0, :limit_depth=>true, :recv=>true}) :-
            (hole 0 {:hash_depth=>0, :method_arg=>true}))) :favourites_count) :save))
  (begin
    (send
      (send
        (begin
          (send
            (hole 0 {:hash_depth=>0, :limit_depth=>true, :recv=>true}) :-
            (hole 0 {:hash_depth=>0, :method_arg=>true}))) :quotes_count=
        (hole 0 {:hash_depth=>0, :method_arg=>true})) :-
      (hole 0 {:hash_depth=>0, :method_arg=>true})))
  (begin
    (send
      (send
        (begin
          (send
            (hole 0 {:hash_depth=>0, :limit_depth=>true, :recv=>true}) :-
            (hole 0 {:hash_depth=>0, :method_arg=>true}))) :quotes_count=
        (hole 0 {:hash_depth=>0, :method_arg=>true})) :-
      (hole 0 {:hash_depth=>0, :method_arg=>true})))
  (begin
    (send
      (send
        (begin
          (send
            (hole 0 {:hash_depth=>0, :limit_depth=>true, :recv=>true}) :-
            (hole 0 {:hash_depth=>0, :method_arg=>true}))) :quotes_count=
        (hole 0 {:hash_depth=>0, :method_arg=>true})) :-
      (hole 0 {:hash_depth=>0, :method_arg=>true})))
  (begin
    (send
      (send
        (begin
          (send
            (hole 0 {:hash_depth=>0, :limit_depth=>true, :recv=>true}) :-
            (hole 0 {:hash_depth=>0, :method_arg=>true}))) :quotes_count=
        (hole 0 {:hash_depth=>0, :method_arg=>true})) :count))
  (begin
    (send
      (send
        (begin
          (send
            (hole 0 {:hash_depth=>0, :limit_depth=>true, :recv=>true}) :-
            (hole 0 {:hash_depth=>0, :method_arg=>true}))) :quotes_count=
        (hole 0 {:hash_depth=>0, :method_arg=>true})) :save))
  (begin
    (send
      (send
        (begin
          (send
            (hole 0 {:hash_depth=>0, :limit_depth=>true, :recv=>true}) :-
            (hole 0 {:hash_depth=>0, :method_arg=>true}))) :quotes_count) :-
      (hole 0 {:hash_depth=>0, :method_arg=>true})))
  (begin
    (send
      (send
        (begin
          (send
            (hole 0 {:hash_depth=>0, :limit_depth=>true, :recv=>true}) :-
            (hole 0 {:hash_depth=>0, :method_arg=>true}))) :quotes_count) :-
      (hole 0 {:hash_depth=>0, :method_arg=>true})))
  (begin
    (send
      (send
        (begin
          (send
            (hole 0 {:hash_depth=>0, :limit_depth=>true, :recv=>true}) :-
            (hole 0 {:hash_depth=>0, :method_arg=>true}))) :quotes_count) :-
      (hole 0 {:hash_depth=>0, :method_arg=>true})))
  (begin
    (send
      (send
        (begin
          (send
            (hole 0 {:hash_depth=>0, :limit_depth=>true, :recv=>true}) :-
            (hole 0 {:hash_depth=>0, :method_arg=>true}))) :quotes_count) :count))
  (begin
    (send
      (send
        (begin
          (send
            (hole 0 {:hash_depth=>0, :limit_depth=>true, :recv=>true}) :-
            (hole 0 {:hash_depth=>0, :method_arg=>true}))) :quotes_count) :save))
  (begin
    (send
      (send
        (begin
          (send
            (hole 0 {:hash_depth=>0, :limit_depth=>true, :recv=>true}) :-
            (hole 0 {:hash_depth=>0, :method_arg=>true}))) :visibility=
        (hole 0 {:hash_depth=>0, :method_arg=>true})) :-
      (hole 0 {:hash_depth=>0, :method_arg=>true})))
  (begin
    (send
      (send
        (begin
          (send
            (hole 0 {:hash_depth=>0, :limit_depth=>true, :recv=>true}) :-
            (hole 0 {:hash_depth=>0, :method_arg=>true}))) :visibility=
        (hole 0 {:hash_depth=>0, :method_arg=>true})) :-
      (hole 0 {:hash_depth=>0, :method_arg=>true})))
  (begin
    (send
      (send
        (begin
          (send
            (hole 0 {:hash_depth=>0, :limit_depth=>true, :recv=>true}) :-
            (hole 0 {:hash_depth=>0, :method_arg=>true}))) :visibility=
        (hole 0 {:hash_depth=>0, :method_arg=>true})) :-
      (hole 0 {:hash_depth=>0, :method_arg=>true})))
  (begin
    (send
      (send
        (begin
          (send
            (hole 0 {:hash_depth=>0, :limit_depth=>true, :recv=>true}) :-
            (hole 0 {:hash_depth=>0, :method_arg=>true}))) :visibility=
        (hole 0 {:hash_depth=>0, :method_arg=>true})) :count))
  (begin
    (send
      (send
        (begin
          (send
            (hole 0 {:hash_depth=>0, :limit_depth=>true, :recv=>true}) :-
            (hole 0 {:hash_depth=>0, :method_arg=>true}))) :visibility=
        (hole 0 {:hash_depth=>0, :method_arg=>true})) :save))
  (begin
    (send
      (send
        (begin
          (send
            (hole 0 {:hash_depth=>0, :limit_depth=>true, :recv=>true}) :-
            (hole 0 {:hash_depth=>0, :method_arg=>true}))) :visibility) :-
      (hole 0 {:hash_depth=>0, :method_arg=>true})))
  (begin
    (send
      (send
        (begin
          (send
            (hole 0 {:hash_depth=>0, :limit_depth=>true, :recv=>true}) :-
            (hole 0 {:hash_depth=>0, :method_arg=>true}))) :visibility) :-
      (hole 0 {:hash_depth=>0, :method_arg=>true})))
  (begin
    (send
      (send
        (begin
          (send
            (hole 0 {:hash_depth=>0, :limit_depth=>true, :recv=>true}) :-
            (hole 0 {:hash_depth=>0, :method_arg=>true}))) :visibility) :-
      (hole 0 {:hash_depth=>0, :method_arg=>true})))
  (begin
    (send
      (send
        (begin
          (send
            (hole 0 {:hash_depth=>0, :limit_depth=>true, :recv=>true}) :-
            (hole 0 {:hash_depth=>0, :method_arg=>true}))) :visibility) :count))
  (begin
    (send
      (send
        (begin
          (send
            (hole 0 {:hash_depth=>0, :limit_depth=>true, :recv=>true}) :-
            (hole 0 {:hash_depth=>0, :method_arg=>true}))) :visibility) :save))
  (begin
    (send
      (send
        (begin
          (send
            (hole 0 {:hash_depth=>0, :limit_depth=>true, :recv=>true}) :-
            (hole 0 {:hash_depth=>0, :method_arg=>true}))) :in_reply_to_id=
        (hole 0 {:hash_depth=>0, :method_arg=>true})) :-
      (hole 0 {:hash_depth=>0, :method_arg=>true})))
  (begin
    (send
      (send
        (begin
          (send
            (hole 0 {:hash_depth=>0, :limit_depth=>true, :recv=>true}) :-
            (hole 0 {:hash_depth=>0, :method_arg=>true}))) :in_reply_to_id=
        (hole 0 {:hash_depth=>0, :method_arg=>true})) :-
      (hole 0 {:hash_depth=>0, :method_arg=>true})))
  (begin
    (send
      (send
        (begin
          (send
            (hole 0 {:hash_depth=>0, :limit_depth=>true, :recv=>true}) :-
            (hole 0 {:hash_depth=>0, :method_arg=>true}))) :in_reply_to_id=
        (hole 0 {:hash_depth=>0, :method_arg=>true})) :-
      (hole 0 {:hash_depth=>0, :method_arg=>true})))
  (begin
    (send
      (send
        (begin
          (send
            (hole 0 {:hash_depth=>0, :limit_depth=>true, :recv=>true}) :-
            (hole 0 {:hash_depth=>0, :method_arg=>true}))) :in_reply_to_id=
        (hole 0 {:hash_depth=>0, :method_arg=>true})) :count))
  (begin
    (send
      (send
        (begin
          (send
            (hole 0 {:hash_depth=>0, :limit_depth=>true, :recv=>true}) :-
            (hole 0 {:hash_depth=>0, :method_arg=>true}))) :in_reply_to_id=
        (hole 0 {:hash_depth=>0, :method_arg=>true})) :save))
  (begin
    (send
      (send
        (begin
          (send
            (hole 0 {:hash_depth=>0, :limit_depth=>true, :recv=>true}) :-
            (hole 0 {:hash_depth=>0, :method_arg=>true}))) :in_reply_to_id) :-
      (hole 0 {:hash_depth=>0, :method_arg=>true})))
  (begin
    (send
      (send
        (begin
          (send
            (hole 0 {:hash_depth=>0, :limit_depth=>true, :recv=>true}) :-
            (hole 0 {:hash_depth=>0, :method_arg=>true}))) :in_reply_to_id) :-
      (hole 0 {:hash_depth=>0, :method_arg=>true})))
  (begin
    (send
      (send
        (begin
          (send
            (hole 0 {:hash_depth=>0, :limit_depth=>true, :recv=>true}) :-
            (hole 0 {:hash_depth=>0, :method_arg=>true}))) :in_reply_to_id) :-
      (hole 0 {:hash_depth=>0, :method_arg=>true})))
  (begin
    (send
      (send
        (begin
          (send
            (hole 0 {:hash_depth=>0, :limit_depth=>true, :recv=>true}) :-
            (hole 0 {:hash_depth=>0, :method_arg=>true}))) :in_reply_to_id) :count))
  (begin
    (send
      (send
        (begin
          (send
            (hole 0 {:hash_depth=>0, :limit_depth=>true, :recv=>true}) :-
            (hole 0 {:hash_depth=>0, :method_arg=>true}))) :in_reply_to_id) :save))
  (begin
    (send
      (send
        (begin
          (send
            (hole 0 {:hash_depth=>0, :limit_depth=>true, :recv=>true}) :-
            (hole 0 {:hash_depth=>0, :method_arg=>true}))) :reblog_of_id=
        (hole 0 {:hash_depth=>0, :method_arg=>true})) :-
      (hole 0 {:hash_depth=>0, :method_arg=>true})))
  (begin
    (send
      (send
        (begin
          (send
            (hole 0 {:hash_depth=>0, :limit_depth=>true, :recv=>true}) :-
            (hole 0 {:hash_depth=>0, :method_arg=>true}))) :reblog_of_id=
        (hole 0 {:hash_depth=>0, :method_arg=>true})) :-
      (hole 0 {:hash_depth=>0, :method_arg=>true})))
  (begin
    (send
      (send
        (begin
          (send
            (hole 0 {:hash_depth=>0, :limit_depth=>true, :recv=>true}) :-
            (hole 0 {:hash_depth=>0, :method_arg=>true}))) :reblog_of_id=
        (hole 0 {:hash_depth=>0, :method_arg=>true})) :-
      (hole 0 {:hash_depth=>0, :method_arg=>true})))
  (begin
    (send
      (send
        (begin
          (send
            (hole 0 {:hash_depth=>0, :limit_depth=>true, :recv=>true}) :-
            (hole 0 {:hash_depth=>0, :method_arg=>true}))) :reblog_of_id=
        (hole 0 {:hash_depth=>0, :method_arg=>true})) :count))
  (begin
    (send
      (send
        (begin
          (send
            (hole 0 {:hash_depth=>0, :limit_depth=>true, :recv=>true}) :-
            (hole 0 {:hash_depth=>0, :method_arg=>true}))) :reblog_of_id=
        (hole 0 {:hash_depth=>0, :method_arg=>true})) :save))
  (begin
    (send
      (send
        (begin
          (send
            (hole 0 {:hash_depth=>0, :limit_depth=>true, :recv=>true}) :-
            (hole 0 {:hash_depth=>0, :method_arg=>true}))) :reblog_of_id) :-
      (hole 0 {:hash_depth=>0, :method_arg=>true})))
  (begin
    (send
      (send
        (begin
          (send
            (hole 0 {:hash_depth=>0, :limit_depth=>true, :recv=>true}) :-
            (hole 0 {:hash_depth=>0, :method_arg=>true}))) :reblog_of_id) :-
      (hole 0 {:hash_depth=>0, :method_arg=>true})))
  (begin
    (send
      (send
        (begin
          (send
            (hole 0 {:hash_depth=>0, :limit_depth=>true, :recv=>true}) :-
            (hole 0 {:hash_depth=>0, :method_arg=>true}))) :reblog_of_id) :-
      (hole 0 {:hash_depth=>0, :method_arg=>true})))
  (begin
    (send
      (send
        (begin
          (send
            (hole 0 {:hash_depth=>0, :limit_depth=>true, :recv=>true}) :-
            (hole 0 {:hash_depth=>0, :method_arg=>true}))) :reblog_of_id) :count))
  (begin
    (send
      (send
        (begin
          (send
            (hole 0 {:hash_depth=>0, :limit_depth=>true, :recv=>true}) :-
            (hole 0 {:hash_depth=>0, :method_arg=>true}))) :reblog_of_id) :save))
  (begin
    (send
      (send
        (begin
          (send
            (hole 0 {:hash_depth=>0, :limit_depth=>true, :recv=>true}) :-
            (hole 0 {:hash_depth=>0, :method_arg=>true}))) :quoted_status_id=
        (hole 0 {:hash_depth=>0, :method_arg=>true})) :-
      (hole 0 {:hash_depth=>0, :method_arg=>true})))
  (begin
    (send
      (send
        (begin
          (send
            (hole 0 {:hash_depth=>0, :limit_depth=>true, :recv=>true}) :-
            (hole 0 {:hash_depth=>0, :method_arg=>true}))) :quoted_status_id=
        (hole 0 {:hash_depth=>0, :method_arg=>true})) :-
      (hole 0 {:hash_depth=>0, :method_arg=>true})))
  (begin
    (send
      (send
        (begin
          (send
            (hole 0 {:hash_depth=>0, :limit_depth=>true, :recv=>true}) :-
            (hole 0 {:hash_depth=>0, :method_arg=>true}))) :quoted_status_id=
        (hole 0 {:hash_depth=>0, :method_arg=>true})) :-
      (hole 0 {:hash_depth=>0, :method_arg=>true})))
  (begin
    (send
      (send
        (begin
          (send
            (hole 0 {:hash_depth=>0, :limit_depth=>true, :recv=>true}) :-
            (hole 0 {:hash_depth=>0, :method_arg=>true}))) :quoted_status_id=
        (hole 0 {:hash_depth=>0, :method_arg=>true})) :count))
  (begin
    (send
      (send
        (begin
          (send
            (hole 0 {:hash_depth=>0, :limit_depth=>true, :recv=>true}) :-
            (hole 0 {:hash_depth=>0, :method_arg=>true}))) :quoted_status_id=
        (hole 0 {:hash_depth=>0, :method_arg=>true})) :save))
  (begin
    (send
      (send
        (begin
          (send
            (hole 0 {:hash_depth=>0, :limit_depth=>true, :recv=>true}) :-
            (hole 0 {:hash_depth=>0, :method_arg=>true}))) :quoted_status_id) :-
      (hole 0 {:hash_depth=>0, :method_arg=>true})))
  (begin
    (send
      (send
        (begin
          (send
            (hole 0 {:hash_depth=>0, :limit_depth=>true, :recv=>true}) :-
            (hole 0 {:hash_depth=>0, :method_arg=>true}))) :quoted_status_id) :-
      (hole 0 {:hash_depth=>0, :method_arg=>true})))
  (begin
    (send
      (send
        (begin
          (send
            (hole 0 {:hash_depth=>0, :limit_depth=>true, :recv=>true}) :-
            (hole 0 {:hash_depth=>0, :method_arg=>true}))) :quoted_status_id) :-
      (hole 0 {:hash_depth=>0, :method_arg=>true})))
  (begin
    (send
      (send
        (begin
          (send
            (hole 0 {:hash_depth=>0, :limit_depth=>true, :recv=>true}) :-
            (hole 0 {:hash_depth=>0, :method_arg=>true}))) :quoted_status_id) :count))
  (begin
    (send
      (send
        (begin
          (send
            (hole 0 {:hash_depth=>0, :limit_depth=>true, :recv=>true}) :-
            (hole 0 {:hash_depth=>0, :method_arg=>true}))) :quoted_status_id) :save))
  (begin
    (send
      (send
        (begin
          (send
            (hole 0 {:hash_depth=>0, :limit_depth=>true, :recv=>true}) :-
            (hole 0 {:hash_depth=>0, :method_arg=>true}))) :text=
        (hole 0 {:hash_depth=>0, :method_arg=>true})) :count))
  (begin
    (send
      (send
        (begin
          (send
            (hole 0 {:hash_depth=>0, :limit_depth=>true, :recv=>true}) :-
            (hole 0 {:hash_depth=>0, :method_arg=>true}))) :text=
        (hole 0 {:hash_depth=>0, :method_arg=>true})) :-
      (hole 0 {:hash_depth=>0, :method_arg=>true})))
  (begin
    (send
      (send
        (begin
          (send
            (hole 0 {:hash_depth=>0, :limit_depth=>true, :recv=>true}) :-
            (hole 0 {:hash_depth=>0, :method_arg=>true}))) :text=
        (hole 0 {:hash_depth=>0, :method_arg=>true})) :save))
  (begin
    (send
      (send
        (begin
          (send
            (hole 0 {:hash_depth=>0, :limit_depth=>true, :recv=>true}) :-
            (hole 0 {:hash_depth=>0, :method_arg=>true}))) :text) :count))
  (begin
    (send
      (send
        (begin
          (send
            (hole 0 {:hash_depth=>0, :limit_depth=>true, :recv=>true}) :-
            (hole 0 {:hash_depth=>0, :method_arg=>true}))) :text) :-
      (hole 0 {:hash_depth=>0, :method_arg=>true})))
  (begin
    (send
      (send
        (begin
          (send
            (hole 0 {:hash_depth=>0, :limit_depth=>true, :recv=>true}) :-
            (hole 0 {:hash_depth=>0, :method_arg=>true}))) :text) :save))
  (begin
    (send
      (send
        (begin
          (send
            (hole 0 {:hash_depth=>0, :limit_depth=>true, :recv=>true}) :-
            (hole 0 {:hash_depth=>0, :method_arg=>true}))) :mastodon_status_stat) :count))
  (begin
    (send
      (send
        (begin
          (send
            (hole 0 {:hash_depth=>0, :limit_depth=>true, :recv=>true}) :-
            (hole 0 {:hash_depth=>0, :method_arg=>true}))) :mastodon_status_stat) :-
      (hole 0 {:hash_depth=>0, :method_arg=>true})))
  (begin
    (send
      (send
        (begin
          (send
            (hole 0 {:hash_depth=>0, :limit_depth=>true, :recv=>true}) :-
            (hole 0 {:hash_depth=>0, :method_arg=>true}))) :mastodon_status_stat) :save))
  (begin
    (send
      (send
        (begin
          (send
            (hole 0 {:hash_depth=>0, :limit_depth=>true, :recv=>true}) :-
            (hole 0 {:hash_depth=>0, :method_arg=>true}))) :mastodon_status_stat=
        (hole 0 {:hash_depth=>0, :method_arg=>true})) :count))
  (begin
    (send
      (send
        (begin
          (send
            (hole 0 {:hash_depth=>0, :limit_depth=>true, :recv=>true}) :-
            (hole 0 {:hash_depth=>0, :method_arg=>true}))) :mastodon_status_stat=
        (hole 0 {:hash_depth=>0, :method_arg=>true})) :-
      (hole 0 {:hash_depth=>0, :method_arg=>true})))
  (begin
    (send
      (send
        (begin
          (send
            (hole 0 {:hash_depth=>0, :limit_depth=>true, :recv=>true}) :-
            (hole 0 {:hash_depth=>0, :method_arg=>true}))) :mastodon_status_stat=
        (hole 0 {:hash_depth=>0, :method_arg=>true})) :save))
  (begin
    (send
      (send
        (begin
          (send
            (hole 0 {:hash_depth=>0, :limit_depth=>true, :recv=>true}) :-
            (hole 0 {:hash_depth=>0, :method_arg=>true}))) :replies) :count))
  (begin
    (send
      (send
        (begin
          (send
            (hole 0 {:hash_depth=>0, :limit_depth=>true, :recv=>true}) :-
            (hole 0 {:hash_depth=>0, :method_arg=>true}))) :replies) :-
      (hole 0 {:hash_depth=>0, :method_arg=>true})))
  (begin
    (send
      (send
        (begin
          (send
            (hole 0 {:hash_depth=>0, :limit_depth=>true, :recv=>true}) :-
            (hole 0 {:hash_depth=>0, :method_arg=>true}))) :replies) :save))
  (begin
    (send
      (send
        (begin
          (send
            (hole 0 {:hash_depth=>0, :limit_depth=>true, :recv=>true}) :-
            (hole 0 {:hash_depth=>0, :method_arg=>true}))) :replies=
        (hole 0 {:hash_depth=>0, :method_arg=>true})) :count))
  (begin
    (send
      (send
        (begin
          (send
            (hole 0 {:hash_depth=>0, :limit_depth=>true, :recv=>true}) :-
            (hole 0 {:hash_depth=>0, :method_arg=>true}))) :replies=
        (hole 0 {:hash_depth=>0, :method_arg=>true})) :-
      (hole 0 {:hash_depth=>0, :method_arg=>true})))
  (begin
    (send
      (send
        (begin
          (send
            (hole 0 {:hash_depth=>0, :limit_depth=>true, :recv=>true}) :-
            (hole 0 {:hash_depth=>0, :method_arg=>true}))) :replies=
        (hole 0 {:hash_depth=>0, :method_arg=>true})) :save))
  (begin
    (send
      (send
        (begin
          (send
            (hole 0 {:hash_depth=>0, :limit_depth=>true, :recv=>true}) :-
            (hole 0 {:hash_depth=>0, :method_arg=>true}))) :reblogs) :count))
  (begin
    (send
      (send
        (begin
          (send
            (hole 0 {:hash_depth=>0, :limit_depth=>true, :recv=>true}) :-
            (hole 0 {:hash_depth=>0, :method_arg=>true}))) :reblogs) :-
      (hole 0 {:hash_depth=>0, :method_arg=>true})))
  (begin
    (send
      (send
        (begin
          (send
            (hole 0 {:hash_depth=>0, :limit_depth=>true, :recv=>true}) :-
            (hole 0 {:hash_depth=>0, :method_arg=>true}))) :reblogs) :save))
  (begin
    (send
      (send
        (begin
          (send
            (hole 0 {:hash_depth=>0, :limit_depth=>true, :recv=>true}) :-
            (hole 0 {:hash_depth=>0, :method_arg=>true}))) :reblogs=
        (hole 0 {:hash_depth=>0, :method_arg=>true})) :count))
  (begin
    (send
      (send
        (begin
          (send
            (hole 0 {:hash_depth=>0, :limit_depth=>true, :recv=>true}) :-
            (hole 0 {:hash_depth=>0, :method_arg=>true}))) :reblogs=
        (hole 0 {:hash_depth=>0, :method_arg=>true})) :-
      (hole 0 {:hash_depth=>0, :method_arg=>true})))
  (begin
    (send
      (send
        (begin
          (send
            (hole 0 {:hash_depth=>0, :limit_depth=>true, :recv=>true}) :-
            (hole 0 {:hash_depth=>0, :method_arg=>true}))) :reblogs=
        (hole 0 {:hash_depth=>0, :method_arg=>true})) :save))
  (begin
    (send
      (send
        (begin
          (send
            (hole 0 {:hash_depth=>0, :limit_depth=>true, :recv=>true}) :-
            (hole 0 {:hash_depth=>0, :method_arg=>true}))) :favourites) :count))
  (begin
    (send
      (send
        (begin
          (send
            (hole 0 {:hash_depth=>0, :limit_depth=>true, :recv=>true}) :-
            (hole 0 {:hash_depth=>0, :method_arg=>true}))) :favourites) :-
      (hole 0 {:hash_depth=>0, :method_arg=>true})))
  (begin
    (send
      (send
        (begin
          (send
            (hole 0 {:hash_depth=>0, :limit_depth=>true, :recv=>true}) :-
            (hole 0 {:hash_depth=>0, :method_arg=>true}))) :favourites) :save))
  (begin
    (send
      (send
        (begin
          (send
            (hole 0 {:hash_depth=>0, :limit_depth=>true, :recv=>true}) :-
            (hole 0 {:hash_depth=>0, :method_arg=>true}))) :favourites=
        (hole 0 {:hash_depth=>0, :method_arg=>true})) :count))
  (begin
    (send
      (send
        (begin
          (send
            (hole 0 {:hash_depth=>0, :limit_depth=>true, :recv=>true}) :-
            (hole 0 {:hash_depth=>0, :method_arg=>true}))) :favourites=
        (hole 0 {:hash_depth=>0, :method_arg=>true})) :-
      (hole 0 {:hash_depth=>0, :method_arg=>true})))
  (begin
    (send
      (send
        (begin
          (send
            (hole 0 {:hash_depth=>0, :limit_depth=>true, :recv=>true}) :-
            (hole 0 {:hash_depth=>0, :method_arg=>true}))) :favourites=
        (hole 0 {:hash_depth=>0, :method_arg=>true})) :save))
  (begin
    (send
      (send
        (begin
          (send
            (hole 0 {:hash_depth=>0, :limit_depth=>true, :recv=>true}) :-
            (hole 0 {:hash_depth=>0, :method_arg=>true}))) :quotes) :count))
  (begin
    (send
      (send
        (begin
          (send
            (hole 0 {:hash_depth=>0, :limit_depth=>true, :recv=>true}) :-
            (hole 0 {:hash_depth=>0, :method_arg=>true}))) :quotes) :-
      (hole 0 {:hash_depth=>0, :method_arg=>true})))
  (begin
    (send
      (send
        (begin
          (send
            (hole 0 {:hash_depth=>0, :limit_depth=>true, :recv=>true}) :-
            (hole 0 {:hash_depth=>0, :method_arg=>true}))) :quotes) :save))
  (begin
    (send
      (send
        (begin
          (send
            (hole 0 {:hash_depth=>0, :limit_depth=>true, :recv=>true}) :-
            (hole 0 {:hash_depth=>0, :method_arg=>true}))) :quotes=
        (hole 0 {:hash_depth=>0, :method_arg=>true})) :count))
  (begin
    (send
      (send
        (begin
          (send
            (hole 0 {:hash_depth=>0, :limit_depth=>true, :recv=>true}) :-
            (hole 0 {:hash_depth=>0, :method_arg=>true}))) :quotes=
        (hole 0 {:hash_depth=>0, :method_arg=>true})) :-
      (hole 0 {:hash_depth=>0, :method_arg=>true})))
  (begin
    (send
      (send
        (begin
          (send
            (hole 0 {:hash_depth=>0, :limit_depth=>true, :recv=>true}) :-
            (hole 0 {:hash_depth=>0, :method_arg=>true}))) :quotes=
        (hole 0 {:hash_depth=>0, :method_arg=>true})) :save))
  (begin
    (send
      (send
        (begin
          (send
            (hole 0 {:hash_depth=>0, :limit_depth=>true, :recv=>true}) :-
            (hole 0 {:hash_depth=>0, :method_arg=>true}))) :statuses_count=
        (hole 0 {:hash_depth=>0, :method_arg=>true})) :-
      (hole 0 {:hash_depth=>0, :method_arg=>true})))
  (begin
    (send
      (send
        (begin
          (send
            (hole 0 {:hash_depth=>0, :limit_depth=>true, :recv=>true}) :-
            (hole 0 {:hash_depth=>0, :method_arg=>true}))) :statuses_count=
        (hole 0 {:hash_depth=>0, :method_arg=>true})) :-
      (hole 0 {:hash_depth=>0, :method_arg=>true})))
  (begin
    (send
      (send
        (begin
          (send
            (hole 0 {:hash_depth=>0, :limit_depth=>true, :recv=>true}) :-
            (hole 0 {:hash_depth=>0, :method_arg=>true}))) :statuses_count=
        (hole 0 {:hash_depth=>0, :method_arg=>true})) :-
      (hole 0 {:hash_depth=>0, :method_arg=>true})))
  (begin
    (send
      (send
        (begin
          (send
            (hole 0 {:hash_depth=>0, :limit_depth=>true, :recv=>true}) :-
            (hole 0 {:hash_depth=>0, :method_arg=>true}))) :statuses_count=
        (hole 0 {:hash_depth=>0, :method_arg=>true})) :count))
  (begin
    (send
      (send
        (begin
          (send
            (hole 0 {:hash_depth=>0, :limit_depth=>true, :recv=>true}) :-
            (hole 0 {:hash_depth=>0, :method_arg=>true}))) :statuses_count=
        (hole 0 {:hash_depth=>0, :method_arg=>true})) :save))
  (begin
    (send
      (send
        (begin
          (send
            (hole 0 {:hash_depth=>0, :limit_depth=>true, :recv=>true}) :-
            (hole 0 {:hash_depth=>0, :method_arg=>true}))) :statuses_count) :-
      (hole 0 {:hash_depth=>0, :method_arg=>true})))
  (begin
    (send
      (send
        (begin
          (send
            (hole 0 {:hash_depth=>0, :limit_depth=>true, :recv=>true}) :-
            (hole 0 {:hash_depth=>0, :method_arg=>true}))) :statuses_count) :-
      (hole 0 {:hash_depth=>0, :method_arg=>true})))
  (begin
    (send
      (send
        (begin
          (send
            (hole 0 {:hash_depth=>0, :limit_depth=>true, :recv=>true}) :-
            (hole 0 {:hash_depth=>0, :method_arg=>true}))) :statuses_count) :-
      (hole 0 {:hash_depth=>0, :method_arg=>true})))
  (begin
    (send
      (send
        (begin
          (send
            (hole 0 {:hash_depth=>0, :limit_depth=>true, :recv=>true}) :-
            (hole 0 {:hash_depth=>0, :method_arg=>true}))) :statuses_count) :count))
  (begin
    (send
      (send
        (begin
          (send
            (hole 0 {:hash_depth=>0, :limit_depth=>true, :recv=>true}) :-
            (hole 0 {:hash_depth=>0, :method_arg=>true}))) :statuses_count) :save))
  (begin
    (send
      (send
        (begin
          (send
            (hole 0 {:hash_depth=>0, :limit_depth=>true, :recv=>true}) :-
            (hole 0 {:hash_depth=>0, :method_arg=>true}))) :following_count=
        (hole 0 {:hash_depth=>0, :method_arg=>true})) :-
      (hole 0 {:hash_depth=>0, :method_arg=>true})))
  (begin
    (send
      (send
        (begin
          (send
            (hole 0 {:hash_depth=>0, :limit_depth=>true, :recv=>true}) :-
            (hole 0 {:hash_depth=>0, :method_arg=>true}))) :following_count=
        (hole 0 {:hash_depth=>0, :method_arg=>true})) :-
      (hole 0 {:hash_depth=>0, :method_arg=>true})))
  (begin
    (send
      (send
        (begin
          (send
            (hole 0 {:hash_depth=>0, :limit_depth=>true, :recv=>true}) :-
            (hole 0 {:hash_depth=>0, :method_arg=>true}))) :following_count=
        (hole 0 {:hash_depth=>0, :method_arg=>true})) :-
      (hole 0 {:hash_depth=>0, :method_arg=>true})))
  (begin
    (send
      (send
        (begin
          (send
            (hole 0 {:hash_depth=>0, :limit_depth=>true, :recv=>true}) :-
            (hole 0 {:hash_depth=>0, :method_arg=>true}))) :following_count=
        (hole 0 {:hash_depth=>0, :method_arg=>true})) :count))
  (begin
    (send
      (send
        (begin
          (send
            (hole 0 {:hash_depth=>0, :limit_depth=>true, :recv=>true}) :-
            (hole 0 {:hash_depth=>0, :method_arg=>true}))) :following_count=
        (hole 0 {:hash_depth=>0, :method_arg=>true})) :save))
  (begin
    (send
      (send
        (begin
          (send
            (hole 0 {:hash_depth=>0, :limit_depth=>true, :recv=>true}) :-
            (hole 0 {:hash_depth=>0, :method_arg=>true}))) :following_count) :-
      (hole 0 {:hash_depth=>0, :method_arg=>true})))
  (begin
    (send
      (send
        (begin
          (send
            (hole 0 {:hash_depth=>0, :limit_depth=>true, :recv=>true}) :-
            (hole 0 {:hash_depth=>0, :method_arg=>true}))) :following_count) :-
      (hole 0 {:hash_depth=>0, :method_arg=>true})))
  (begin
    (send
      (send
        (begin
          (send
            (hole 0 {:hash_depth=>0, :limit_depth=>true, :recv=>true}) :-
            (hole 0 {:hash_depth=>0, :method_arg=>true}))) :following_count) :-
      (hole 0 {:hash_depth=>0, :method_arg=>true})))
  (begin
    (send
      (send
        (begin
          (send
            (hole 0 {:hash_depth=>0, :limit_depth=>true, :recv=>true}) :-
            (hole 0 {:hash_depth=>0, :method_arg=>true}))) :following_count) :count))
  (begin
    (send
      (send
        (begin
          (send
            (hole 0 {:hash_depth=>0, :limit_depth=>true, :recv=>true}) :-
            (hole 0 {:hash_depth=>0, :method_arg=>true}))) :following_count) :save))
  (begin
    (send
      (send
        (begin
          (send
            (hole 0 {:hash_depth=>0, :limit_depth=>true, :recv=>true}) :-
            (hole 0 {:hash_depth=>0, :method_arg=>true}))) :followers_count=
        (hole 0 {:hash_depth=>0, :method_arg=>true})) :-
      (hole 0 {:hash_depth=>0, :method_arg=>true})))
  (begin
    (send
      (send
        (begin
          (send
            (hole 0 {:hash_depth=>0, :limit_depth=>true, :recv=>true}) :-
            (hole 0 {:hash_depth=>0, :method_arg=>true}))) :followers_count=
        (hole 0 {:hash_depth=>0, :method_arg=>true})) :-
      (hole 0 {:hash_depth=>0, :method_arg=>true})))
  (begin
    (send
      (send
        (begin
          (send
            (hole 0 {:hash_depth=>0, :limit_depth=>true, :recv=>true}) :-
            (hole 0 {:hash_depth=>0, :method_arg=>true}))) :followers_count=
        (hole 0 {:hash_depth=>0, :method_arg=>true})) :-
      (hole 0 {:hash_depth=>0, :method_arg=>true})))
  (begin
    (send
      (send
        (begin
          (send
            (hole 0 {:hash_depth=>0, :limit_depth=>true, :recv=>true}) :-
            (hole 0 {:hash_depth=>0, :method_arg=>true}))) :followers_count=
        (hole 0 {:hash_depth=>0, :method_arg=>true})) :count))
  (begin
    (send
      (send
        (begin
          (send
            (hole 0 {:hash_depth=>0, :limit_depth=>true, :recv=>true}) :-
            (hole 0 {:hash_depth=>0, :method_arg=>true}))) :followers_count=
        (hole 0 {:hash_depth=>0, :method_arg=>true})) :save))
  (begin
    (send
      (send
        (begin
          (send
            (hole 0 {:hash_depth=>0, :limit_depth=>true, :recv=>true}) :-
            (hole 0 {:hash_depth=>0, :method_arg=>true}))) :followers_count) :-
      (hole 0 {:hash_depth=>0, :method_arg=>true})))
  (begin
    (send
      (send
        (begin
          (send
            (hole 0 {:hash_depth=>0, :limit_depth=>true, :recv=>true}) :-
            (hole 0 {:hash_depth=>0, :method_arg=>true}))) :followers_count) :-
      (hole 0 {:hash_depth=>0, :method_arg=>true})))
  (begin
    (send
      (send
        (begin
          (send
            (hole 0 {:hash_depth=>0, :limit_depth=>true, :recv=>true}) :-
            (hole 0 {:hash_depth=>0, :method_arg=>true}))) :followers_count) :-
      (hole 0 {:hash_depth=>0, :method_arg=>true})))
  (begin
    (send
      (send
        (begin
          (send
            (hole 0 {:hash_depth=>0, :limit_depth=>true, :recv=>true}) :-
            (hole 0 {:hash_depth=>0, :method_arg=>true}))) :followers_count) :count))
  (begin
    (send
      (send
        (begin
          (send
            (hole 0 {:hash_depth=>0, :limit_depth=>true, :recv=>true}) :-
            (hole 0 {:hash_depth=>0, :method_arg=>true}))) :followers_count) :save))
  (begin
    (send
      (send
        (begin
          (send
            (hole 0 {:hash_depth=>0, :limit_depth=>true, :recv=>true}) :-
            (hole 0 {:hash_depth=>0, :method_arg=>true}))) :actor_type=
        (hole 0 {:hash_depth=>0, :method_arg=>true})) :count))
  (begin
    (send
      (send
        (begin
          (send
            (hole 0 {:hash_depth=>0, :limit_depth=>true, :recv=>true}) :-
            (hole 0 {:hash_depth=>0, :method_arg=>true}))) :actor_type=
        (hole 0 {:hash_depth=>0, :method_arg=>true})) :-
      (hole 0 {:hash_depth=>0, :method_arg=>true})))
  (begin
    (send
      (send
        (begin
          (send
            (hole 0 {:hash_depth=>0, :limit_depth=>true, :recv=>true}) :-
            (hole 0 {:hash_depth=>0, :method_arg=>true}))) :actor_type=
        (hole 0 {:hash_depth=>0, :method_arg=>true})) :save))
  (begin
    (send
      (send
        (begin
          (send
            (hole 0 {:hash_depth=>0, :limit_depth=>true, :recv=>true}) :-
            (hole 0 {:hash_depth=>0, :method_arg=>true}))) :actor_type) :count))
  (begin
    (send
      (send
        (begin
          (send
            (hole 0 {:hash_depth=>0, :limit_depth=>true, :recv=>true}) :-
            (hole 0 {:hash_depth=>0, :method_arg=>true}))) :actor_type) :-
      (hole 0 {:hash_depth=>0, :method_arg=>true})))
  (begin
    (send
      (send
        (begin
          (send
            (hole 0 {:hash_depth=>0, :limit_depth=>true, :recv=>true}) :-
            (hole 0 {:hash_depth=>0, :method_arg=>true}))) :actor_type) :save))
  (begin
    (send
      (send
        (begin
          (send
            (hole 0 {:hash_depth=>0, :limit_depth=>true, :recv=>true}) :-
            (hole 0 {:hash_depth=>0, :method_arg=>true}))) :discoverable=
        (hole 0 {:hash_depth=>0, :method_arg=>true})) :count))
  (begin
    (send
      (send
        (begin
          (send
            (hole 0 {:hash_depth=>0, :limit_depth=>true, :recv=>true}) :-
            (hole 0 {:hash_depth=>0, :method_arg=>true}))) :discoverable=
        (hole 0 {:hash_depth=>0, :method_arg=>true})) :-
      (hole 0 {:hash_depth=>0, :method_arg=>true})))
  (begin
    (send
      (send
        (begin
          (send
            (hole 0 {:hash_depth=>0, :limit_depth=>true, :recv=>true}) :-
            (hole 0 {:hash_depth=>0, :method_arg=>true}))) :discoverable=
        (hole 0 {:hash_depth=>0, :method_arg=>true})) :save))
  (begin
    (send
      (send
        (begin
          (send
            (hole 0 {:hash_depth=>0, :limit_depth=>true, :recv=>true}) :-
            (hole 0 {:hash_depth=>0, :method_arg=>true}))) :discoverable) :count))
  (begin
    (send
      (send
        (begin
          (send
            (hole 0 {:hash_depth=>0, :limit_depth=>true, :recv=>true}) :-
            (hole 0 {:hash_depth=>0, :method_arg=>true}))) :discoverable) :-
      (hole 0 {:hash_depth=>0, :method_arg=>true})))
  (begin
    (send
      (send
        (begin
          (send
            (hole 0 {:hash_depth=>0, :limit_depth=>true, :recv=>true}) :-
            (hole 0 {:hash_depth=>0, :method_arg=>true}))) :discoverable) :save))
  (begin
    (send
      (send
        (begin
          (send
            (hole 0 {:hash_depth=>0, :limit_depth=>true, :recv=>true}) :-
            (hole 0 {:hash_depth=>0, :method_arg=>true}))) :display_name=
        (hole 0 {:hash_depth=>0, :method_arg=>true})) :count))
  (begin
    (send
      (send
        (begin
          (send
            (hole 0 {:hash_depth=>0, :limit_depth=>true, :recv=>true}) :-
            (hole 0 {:hash_depth=>0, :method_arg=>true}))) :display_name=
        (hole 0 {:hash_depth=>0, :method_arg=>true})) :-
      (hole 0 {:hash_depth=>0, :method_arg=>true})))
  (begin
    (send
      (send
        (begin
          (send
            (hole 0 {:hash_depth=>0, :limit_depth=>true, :recv=>true}) :-
            (hole 0 {:hash_depth=>0, :method_arg=>true}))) :display_name=
        (hole 0 {:hash_depth=>0, :method_arg=>true})) :save))
  (begin
    (send
      (send
        (begin
          (send
            (hole 0 {:hash_depth=>0, :limit_depth=>true, :recv=>true}) :-
            (hole 0 {:hash_depth=>0, :method_arg=>true}))) :display_name) :count))
  (begin
    (send
      (send
        (begin
          (send
            (hole 0 {:hash_depth=>0, :limit_depth=>true, :recv=>true}) :-
            (hole 0 {:hash_depth=>0, :method_arg=>true}))) :display_name) :-
      (hole 0 {:hash_depth=>0, :method_arg=>true})))
  (begin
    (send
      (send
        (begin
          (send
            (hole 0 {:hash_depth=>0, :limit_depth=>true, :recv=>true}) :-
            (hole 0 {:hash_depth=>0, :method_arg=>true}))) :display_name) :save))
  (begin
    (send
      (send
        (begin
          (send
            (hole 0 {:hash_depth=>0, :limit_depth=>true, :recv=>true}) :-
            (hole 0 {:hash_depth=>0, :method_arg=>true}))) :domain=
        (hole 0 {:hash_depth=>0, :method_arg=>true})) :count))
  (begin
    (send
      (send
        (begin
          (send
            (hole 0 {:hash_depth=>0, :limit_depth=>true, :recv=>true}) :-
            (hole 0 {:hash_depth=>0, :method_arg=>true}))) :domain=
        (hole 0 {:hash_depth=>0, :method_arg=>true})) :-
      (hole 0 {:hash_depth=>0, :method_arg=>true})))
  (begin
    (send
      (send
        (begin
          (send
            (hole 0 {:hash_depth=>0, :limit_depth=>true, :recv=>true}) :-
            (hole 0 {:hash_depth=>0, :method_arg=>true}))) :domain=
        (hole 0 {:hash_depth=>0, :method_arg=>true})) :save))
  (begin
    (send
      (send
        (begin
          (send
            (hole 0 {:hash_depth=>0, :limit_depth=>true, :recv=>true}) :-
            (hole 0 {:hash_depth=>0, :method_arg=>true}))) :domain) :count))
  (begin
    (send
      (send
        (begin
          (send
            (hole 0 {:hash_depth=>0, :limit_depth=>true, :recv=>true}) :-
            (hole 0 {:hash_depth=>0, :method_arg=>true}))) :domain) :-
      (hole 0 {:hash_depth=>0, :method_arg=>true})))
  (begin
    (send
      (send
        (begin
          (send
            (hole 0 {:hash_depth=>0, :limit_depth=>true, :recv=>true}) :-
            (hole 0 {:hash_depth=>0, :method_arg=>true}))) :domain) :save))
  (begin
    (send
      (send
        (begin
          (send
            (hole 0 {:hash_depth=>0, :limit_depth=>true, :recv=>true}) :-
            (hole 0 {:hash_depth=>0, :method_arg=>true}))) :fields=
        (hole 0 {:hash_depth=>0, :method_arg=>true})) :count))
  (begin
    (send
      (send
        (begin
          (send
            (hole 0 {:hash_depth=>0, :limit_depth=>true, :recv=>true}) :-
            (hole 0 {:hash_depth=>0, :method_arg=>true}))) :fields=
        (hole 0 {:hash_depth=>0, :method_arg=>true})) :-
      (hole 0 {:hash_depth=>0, :method_arg=>true})))
  (begin
    (send
      (send
        (begin
          (send
            (hole 0 {:hash_depth=>0, :limit_depth=>true, :recv=>true}) :-
            (hole 0 {:hash_depth=>0, :method_arg=>true}))) :fields=
        (hole 0 {:hash_depth=>0, :method_arg=>true})) :save))
  (begin
    (send
      (send
        (begin
          (send
            (hole 0 {:hash_depth=>0, :limit_depth=>true, :recv=>true}) :-
            (hole 0 {:hash_depth=>0, :method_arg=>true}))) :fields) :count))
  (begin
    (send
      (send
        (begin
          (send
            (hole 0 {:hash_depth=>0, :limit_depth=>true, :recv=>true}) :-
            (hole 0 {:hash_depth=>0, :method_arg=>true}))) :fields) :-
      (hole 0 {:hash_depth=>0, :method_arg=>true})))
  (begin
    (send
      (send
        (begin
          (send
            (hole 0 {:hash_depth=>0, :limit_depth=>true, :recv=>true}) :-
            (hole 0 {:hash_depth=>0, :method_arg=>true}))) :fields) :save))
  (begin
    (send
      (send
        (begin
          (send
            (hole 0 {:hash_depth=>0, :limit_depth=>true, :recv=>true}) :-
            (hole 0 {:hash_depth=>0, :method_arg=>true}))) :private_key=
        (hole 0 {:hash_depth=>0, :method_arg=>true})) :count))
  (begin
    (send
      (send
        (begin
          (send
            (hole 0 {:hash_depth=>0, :limit_depth=>true, :recv=>true}) :-
            (hole 0 {:hash_depth=>0, :method_arg=>true}))) :private_key=
        (hole 0 {:hash_depth=>0, :method_arg=>true})) :-
      (hole 0 {:hash_depth=>0, :method_arg=>true})))
  (begin
    (send
      (send
        (begin
          (send
            (hole 0 {:hash_depth=>0, :limit_depth=>true, :recv=>true}) :-
            (hole 0 {:hash_depth=>0, :method_arg=>true}))) :private_key=
        (hole 0 {:hash_depth=>0, :method_arg=>true})) :save))
  (begin
    (send
      (send
        (begin
          (send
            (hole 0 {:hash_depth=>0, :limit_depth=>true, :recv=>true}) :-
            (hole 0 {:hash_depth=>0, :method_arg=>true}))) :private_key) :count))
  (begin
    (send
      (send
        (begin
          (send
            (hole 0 {:hash_depth=>0, :limit_depth=>true, :recv=>true}) :-
            (hole 0 {:hash_depth=>0, :method_arg=>true}))) :private_key) :-
      (hole 0 {:hash_depth=>0, :method_arg=>true})))
  (begin
    (send
      (send
        (begin
          (send
            (hole 0 {:hash_depth=>0, :limit_depth=>true, :recv=>true}) :-
            (hole 0 {:hash_depth=>0, :method_arg=>true}))) :private_key) :save))
  (begin
    (send
      (send
        (begin
          (send
            (hole 0 {:hash_depth=>0, :limit_depth=>true, :recv=>true}) :-
            (hole 0 {:hash_depth=>0, :method_arg=>true}))) :protocol=
        (hole 0 {:hash_depth=>0, :method_arg=>true})) :-
      (hole 0 {:hash_depth=>0, :method_arg=>true})))
  (begin
    (send
      (send
        (begin
          (send
            (hole 0 {:hash_depth=>0, :limit_depth=>true, :recv=>true}) :-
            (hole 0 {:hash_depth=>0, :method_arg=>true}))) :protocol=
        (hole 0 {:hash_depth=>0, :method_arg=>true})) :-
      (hole 0 {:hash_depth=>0, :method_arg=>true})))
  (begin
    (send
      (send
        (begin
          (send
            (hole 0 {:hash_depth=>0, :limit_depth=>true, :recv=>true}) :-
            (hole 0 {:hash_depth=>0, :method_arg=>true}))) :protocol=
        (hole 0 {:hash_depth=>0, :method_arg=>true})) :-
      (hole 0 {:hash_depth=>0, :method_arg=>true})))
  (begin
    (send
      (send
        (begin
          (send
            (hole 0 {:hash_depth=>0, :limit_depth=>true, :recv=>true}) :-
            (hole 0 {:hash_depth=>0, :method_arg=>true}))) :protocol=
        (hole 0 {:hash_depth=>0, :method_arg=>true})) :count))
  (begin
    (send
      (send
        (begin
          (send
            (hole 0 {:hash_depth=>0, :limit_depth=>true, :recv=>true}) :-
            (hole 0 {:hash_depth=>0, :method_arg=>true}))) :protocol=
        (hole 0 {:hash_depth=>0, :method_arg=>true})) :save))
  (begin
    (send
      (send
        (begin
          (send
            (hole 0 {:hash_depth=>0, :limit_depth=>true, :recv=>true}) :-
            (hole 0 {:hash_depth=>0, :method_arg=>true}))) :protocol) :-
      (hole 0 {:hash_depth=>0, :method_arg=>true})))
  (begin
    (send
      (send
        (begin
          (send
            (hole 0 {:hash_depth=>0, :limit_depth=>true, :recv=>true}) :-
            (hole 0 {:hash_depth=>0, :method_arg=>true}))) :protocol) :-
      (hole 0 {:hash_depth=>0, :method_arg=>true})))
  (begin
    (send
      (send
        (begin
          (send
            (hole 0 {:hash_depth=>0, :limit_depth=>true, :recv=>true}) :-
            (hole 0 {:hash_depth=>0, :method_arg=>true}))) :protocol) :-
      (hole 0 {:hash_depth=>0, :method_arg=>true})))
  (begin
    (send
      (send
        (begin
          (send
            (hole 0 {:hash_depth=>0, :limit_depth=>true, :recv=>true}) :-
            (hole 0 {:hash_depth=>0, :method_arg=>true}))) :protocol) :count))
  (begin
    (send
      (send
        (begin
          (send
            (hole 0 {:hash_depth=>0, :limit_depth=>true, :recv=>true}) :-
            (hole 0 {:hash_depth=>0, :method_arg=>true}))) :protocol) :save))
  (begin
    (send
      (send
        (begin
          (send
            (hole 0 {:hash_depth=>0, :limit_depth=>true, :recv=>true}) :-
            (hole 0 {:hash_depth=>0, :method_arg=>true}))) :public_key=
        (hole 0 {:hash_depth=>0, :method_arg=>true})) :count))
  (begin
    (send
      (send
        (begin
          (send
            (hole 0 {:hash_depth=>0, :limit_depth=>true, :recv=>true}) :-
            (hole 0 {:hash_depth=>0, :method_arg=>true}))) :public_key=
        (hole 0 {:hash_depth=>0, :method_arg=>true})) :-
      (hole 0 {:hash_depth=>0, :method_arg=>true})))
  (begin
    (send
      (send
        (begin
          (send
            (hole 0 {:hash_depth=>0, :limit_depth=>true, :recv=>true}) :-
            (hole 0 {:hash_depth=>0, :method_arg=>true}))) :public_key=
        (hole 0 {:hash_depth=>0, :method_arg=>true})) :save))
  (begin
    (send
      (send
        (begin
          (send
            (hole 0 {:hash_depth=>0, :limit_depth=>true, :recv=>true}) :-
            (hole 0 {:hash_depth=>0, :method_arg=>true}))) :public_key) :count))
  (begin
    (send
      (send
        (begin
          (send
            (hole 0 {:hash_depth=>0, :limit_depth=>true, :recv=>true}) :-
            (hole 0 {:hash_depth=>0, :method_arg=>true}))) :public_key) :-
      (hole 0 {:hash_depth=>0, :method_arg=>true})))
  (begin
    (send
      (send
        (begin
          (send
            (hole 0 {:hash_depth=>0, :limit_depth=>true, :recv=>true}) :-
            (hole 0 {:hash_depth=>0, :method_arg=>true}))) :public_key) :save))
  (begin
    (send
      (send
        (begin
          (send
            (hole 0 {:hash_depth=>0, :limit_depth=>true, :recv=>true}) :-
            (hole 0 {:hash_depth=>0, :method_arg=>true}))) :suspension_origin=
        (hole 0 {:hash_depth=>0, :method_arg=>true})) :-
      (hole 0 {:hash_depth=>0, :method_arg=>true})))
  (begin
    (send
      (send
        (begin
          (send
            (hole 0 {:hash_depth=>0, :limit_depth=>true, :recv=>true}) :-
            (hole 0 {:hash_depth=>0, :method_arg=>true}))) :suspension_origin=
        (hole 0 {:hash_depth=>0, :method_arg=>true})) :-
      (hole 0 {:hash_depth=>0, :method_arg=>true})))
  (begin
    (send
      (send
        (begin
          (send
            (hole 0 {:hash_depth=>0, :limit_depth=>true, :recv=>true}) :-
            (hole 0 {:hash_depth=>0, :method_arg=>true}))) :suspension_origin=
        (hole 0 {:hash_depth=>0, :method_arg=>true})) :-
      (hole 0 {:hash_depth=>0, :method_arg=>true})))
  (begin
    (send
      (send
        (begin
          (send
            (hole 0 {:hash_depth=>0, :limit_depth=>true, :recv=>true}) :-
            (hole 0 {:hash_depth=>0, :method_arg=>true}))) :suspension_origin=
        (hole 0 {:hash_depth=>0, :method_arg=>true})) :count))
  (begin
    (send
      (send
        (begin
          (send
            (hole 0 {:hash_depth=>0, :limit_depth=>true, :recv=>true}) :-
            (hole 0 {:hash_depth=>0, :method_arg=>true}))) :suspension_origin=
        (hole 0 {:hash_depth=>0, :method_arg=>true})) :save))
  (begin
    (send
      (send
        (begin
          (send
            (hole 0 {:hash_depth=>0, :limit_depth=>true, :recv=>true}) :-
            (hole 0 {:hash_depth=>0, :method_arg=>true}))) :suspension_origin) :-
      (hole 0 {:hash_depth=>0, :method_arg=>true})))
  (begin
    (send
      (send
        (begin
          (send
            (hole 0 {:hash_depth=>0, :limit_depth=>true, :recv=>true}) :-
            (hole 0 {:hash_depth=>0, :method_arg=>true}))) :suspension_origin) :-
      (hole 0 {:hash_depth=>0, :method_arg=>true})))
  (begin
    (send
      (send
        (begin
          (send
            (hole 0 {:hash_depth=>0, :limit_depth=>true, :recv=>true}) :-
            (hole 0 {:hash_depth=>0, :method_arg=>true}))) :suspension_origin) :-
      (hole 0 {:hash_depth=>0, :method_arg=>true})))
  (begin
    (send
      (send
        (begin
          (send
            (hole 0 {:hash_depth=>0, :limit_depth=>true, :recv=>true}) :-
            (hole 0 {:hash_depth=>0, :method_arg=>true}))) :suspension_origin) :count))
  (begin
    (send
      (send
        (begin
          (send
            (hole 0 {:hash_depth=>0, :limit_depth=>true, :recv=>true}) :-
            (hole 0 {:hash_depth=>0, :method_arg=>true}))) :suspension_origin) :save))
  (begin
    (send
      (send
        (begin
          (send
            (hole 0 {:hash_depth=>0, :limit_depth=>true, :recv=>true}) :-
            (hole 0 {:hash_depth=>0, :method_arg=>true}))) :id_scheme=
        (hole 0 {:hash_depth=>0, :method_arg=>true})) :-
      (hole 0 {:hash_depth=>0, :method_arg=>true})))
  (begin
    (send
      (send
        (begin
          (send
            (hole 0 {:hash_depth=>0, :limit_depth=>true, :recv=>true}) :-
            (hole 0 {:hash_depth=>0, :method_arg=>true}))) :id_scheme=
        (hole 0 {:hash_depth=>0, :method_arg=>true})) :-
      (hole 0 {:hash_depth=>0, :method_arg=>true})))
  (begin
    (send
      (send
        (begin
          (send
            (hole 0 {:hash_depth=>0, :limit_depth=>true, :recv=>true}) :-
            (hole 0 {:hash_depth=>0, :method_arg=>true}))) :id_scheme=
        (hole 0 {:hash_depth=>0, :method_arg=>true})) :-
      (hole 0 {:hash_depth=>0, :method_arg=>true})))
  (begin
    (send
      (send
        (begin
          (send
            (hole 0 {:hash_depth=>0, :limit_depth=>true, :recv=>true}) :-
            (hole 0 {:hash_depth=>0, :method_arg=>true}))) :id_scheme=
        (hole 0 {:hash_depth=>0, :method_arg=>true})) :count))
  (begin
    (send
      (send
        (begin
          (send
            (hole 0 {:hash_depth=>0, :limit_depth=>true, :recv=>true}) :-
            (hole 0 {:hash_depth=>0, :method_arg=>true}))) :id_scheme=
        (hole 0 {:hash_depth=>0, :method_arg=>true})) :save))
  (begin
    (send
      (send
        (begin
          (send
            (hole 0 {:hash_depth=>0, :limit_depth=>true, :recv=>true}) :-
            (hole 0 {:hash_depth=>0, :method_arg=>true}))) :id_scheme) :-
      (hole 0 {:hash_depth=>0, :method_arg=>true})))
  (begin
    (send
      (send
        (begin
          (send
            (hole 0 {:hash_depth=>0, :limit_depth=>true, :recv=>true}) :-
            (hole 0 {:hash_depth=>0, :method_arg=>true}))) :id_scheme) :-
      (hole 0 {:hash_depth=>0, :method_arg=>true})))
  (begin
    (send
      (send
        (begin
          (send
            (hole 0 {:hash_depth=>0, :limit_depth=>true, :recv=>true}) :-
            (hole 0 {:hash_depth=>0, :method_arg=>true}))) :id_scheme) :-
      (hole 0 {:hash_depth=>0, :method_arg=>true})))
  (begin
    (send
      (send
        (begin
          (send
            (hole 0 {:hash_depth=>0, :limit_depth=>true, :recv=>true}) :-
            (hole 0 {:hash_depth=>0, :method_arg=>true}))) :id_scheme) :count))
  (begin
    (send
      (send
        (begin
          (send
            (hole 0 {:hash_depth=>0, :limit_depth=>true, :recv=>true}) :-
            (hole 0 {:hash_depth=>0, :method_arg=>true}))) :id_scheme) :save))
  (begin
    (send
      (send
        (begin
          (send
            (hole 0 {:hash_depth=>0, :limit_depth=>true, :recv=>true}) :-
            (hole 0 {:hash_depth=>0, :method_arg=>true}))) :uri=
        (hole 0 {:hash_depth=>0, :method_arg=>true})) :count))
  (begin
    (send
      (send
        (begin
          (send
            (hole 0 {:hash_depth=>0, :limit_depth=>true, :recv=>true}) :-
            (hole 0 {:hash_depth=>0, :method_arg=>true}))) :uri=
        (hole 0 {:hash_depth=>0, :method_arg=>true})) :-
      (hole 0 {:hash_depth=>0, :method_arg=>true})))
  (begin
    (send
      (send
        (begin
          (send
            (hole 0 {:hash_depth=>0, :limit_depth=>true, :recv=>true}) :-
            (hole 0 {:hash_depth=>0, :method_arg=>true}))) :uri=
        (hole 0 {:hash_depth=>0, :method_arg=>true})) :save))
  (begin
    (send
      (send
        (begin
          (send
            (hole 0 {:hash_depth=>0, :limit_depth=>true, :recv=>true}) :-
            (hole 0 {:hash_depth=>0, :method_arg=>true}))) :uri) :count))
  (begin
    (send
      (send
        (begin
          (send
            (hole 0 {:hash_depth=>0, :limit_depth=>true, :recv=>true}) :-
            (hole 0 {:hash_depth=>0, :method_arg=>true}))) :uri) :-
      (hole 0 {:hash_depth=>0, :method_arg=>true})))
  (begin
    (send
      (send
        (begin
          (send
            (hole 0 {:hash_depth=>0, :limit_depth=>true, :recv=>true}) :-
            (hole 0 {:hash_depth=>0, :method_arg=>true}))) :uri) :save))
  (begin
    (send
      (send
        (begin
          (send
            (hole 0 {:hash_depth=>0, :limit_depth=>true, :recv=>true}) :-
            (hole 0 {:hash_depth=>0, :method_arg=>true}))) :username=
        (hole 0 {:hash_depth=>0, :method_arg=>true})) :count))
  (begin
    (send
      (send
        (begin
          (send
            (hole 0 {:hash_depth=>0, :limit_depth=>true, :recv=>true}) :-
            (hole 0 {:hash_depth=>0, :method_arg=>true}))) :username=
        (hole 0 {:hash_depth=>0, :method_arg=>true})) :-
      (hole 0 {:hash_depth=>0, :method_arg=>true})))
  (begin
    (send
      (send
        (begin
          (send
            (hole 0 {:hash_depth=>0, :limit_depth=>true, :recv=>true}) :-
            (hole 0 {:hash_depth=>0, :method_arg=>true}))) :username=
        (hole 0 {:hash_depth=>0, :method_arg=>true})) :save))
  (begin
    (send
      (send
        (begin
          (send
            (hole 0 {:hash_depth=>0, :limit_depth=>true, :recv=>true}) :-
            (hole 0 {:hash_depth=>0, :method_arg=>true}))) :username) :count))
  (begin
    (send
      (send
        (begin
          (send
            (hole 0 {:hash_depth=>0, :limit_depth=>true, :recv=>true}) :-
            (hole 0 {:hash_depth=>0, :method_arg=>true}))) :username) :-
      (hole 0 {:hash_depth=>0, :method_arg=>true})))
  (begin
    (send
      (send
        (begin
          (send
            (hole 0 {:hash_depth=>0, :limit_depth=>true, :recv=>true}) :-
            (hole 0 {:hash_depth=>0, :method_arg=>true}))) :username) :save))
  (begin
    (send
      (send
        (begin
          (send
            (hole 0 {:hash_depth=>0, :limit_depth=>true, :recv=>true}) :-
            (hole 0 {:hash_depth=>0, :method_arg=>true}))) :note=
        (hole 0 {:hash_depth=>0, :method_arg=>true})) :count))
  (begin
    (send
      (send
        (begin
          (send
            (hole 0 {:hash_depth=>0, :limit_depth=>true, :recv=>true}) :-
            (hole 0 {:hash_depth=>0, :method_arg=>true}))) :note=
        (hole 0 {:hash_depth=>0, :method_arg=>true})) :-
      (hole 0 {:hash_depth=>0, :method_arg=>true})))
  (begin
    (send
      (send
        (begin
          (send
            (hole 0 {:hash_depth=>0, :limit_depth=>true, :recv=>true}) :-
            (hole 0 {:hash_depth=>0, :method_arg=>true}))) :note=
        (hole 0 {:hash_depth=>0, :method_arg=>true})) :save))
  (begin
    (send
      (send
        (begin
          (send
            (hole 0 {:hash_depth=>0, :limit_depth=>true, :recv=>true}) :-
            (hole 0 {:hash_depth=>0, :method_arg=>true}))) :note) :count))
  (begin
    (send
      (send
        (begin
          (send
            (hole 0 {:hash_depth=>0, :limit_depth=>true, :recv=>true}) :-
            (hole 0 {:hash_depth=>0, :method_arg=>true}))) :note) :-
      (hole 0 {:hash_depth=>0, :method_arg=>true})))
  (begin
    (send
      (send
        (begin
          (send
            (hole 0 {:hash_depth=>0, :limit_depth=>true, :recv=>true}) :-
            (hole 0 {:hash_depth=>0, :method_arg=>true}))) :note) :save))
  (begin
    (send
      (send
        (begin
          (send
            (hole 0 {:hash_depth=>0, :limit_depth=>true, :recv=>true}) :-
            (hole 0 {:hash_depth=>0, :method_arg=>true}))) :mastodon_account_stat) :count))
  (begin
    (send
      (send
        (begin
          (send
            (hole 0 {:hash_depth=>0, :limit_depth=>true, :recv=>true}) :-
            (hole 0 {:hash_depth=>0, :method_arg=>true}))) :mastodon_account_stat) :-
      (hole 0 {:hash_depth=>0, :method_arg=>true})))
  (begin
    (send
      (send
        (begin
          (send
            (hole 0 {:hash_depth=>0, :limit_depth=>true, :recv=>true}) :-
            (hole 0 {:hash_depth=>0, :method_arg=>true}))) :mastodon_account_stat) :save))
  (begin
    (send
      (send
        (begin
          (send
            (hole 0 {:hash_depth=>0, :limit_depth=>true, :recv=>true}) :-
            (hole 0 {:hash_depth=>0, :method_arg=>true}))) :mastodon_account_stat=
        (hole 0 {:hash_depth=>0, :method_arg=>true})) :count))
  (begin
    (send
      (send
        (begin
          (send
            (hole 0 {:hash_depth=>0, :limit_depth=>true, :recv=>true}) :-
            (hole 0 {:hash_depth=>0, :method_arg=>true}))) :mastodon_account_stat=
        (hole 0 {:hash_depth=>0, :method_arg=>true})) :-
      (hole 0 {:hash_depth=>0, :method_arg=>true})))
  (begin
    (send
      (send
        (begin
          (send
            (hole 0 {:hash_depth=>0, :limit_depth=>true, :recv=>true}) :-
            (hole 0 {:hash_depth=>0, :method_arg=>true}))) :mastodon_account_stat=
        (hole 0 {:hash_depth=>0, :method_arg=>true})) :save))
  (begin
    (send
      (send
        (begin
          (send
            (hole 0 {:hash_depth=>0, :limit_depth=>true, :recv=>true}) :-
            (hole 0 {:hash_depth=>0, :method_arg=>true}))) :active_relationships) :count))
  (begin
    (send
      (send
        (begin
          (send
            (hole 0 {:hash_depth=>0, :limit_depth=>true, :recv=>true}) :-
            (hole 0 {:hash_depth=>0, :method_arg=>true}))) :active_relationships) :-
      (hole 0 {:hash_depth=>0, :method_arg=>true})))
  (begin
    (send
      (send
        (begin
          (send
            (hole 0 {:hash_depth=>0, :limit_depth=>true, :recv=>true}) :-
            (hole 0 {:hash_depth=>0, :method_arg=>true}))) :active_relationships) :save))
  (begin
    (send
      (send
        (begin
          (send
            (hole 0 {:hash_depth=>0, :limit_depth=>true, :recv=>true}) :-
            (hole 0 {:hash_depth=>0, :method_arg=>true}))) :active_relationships=
        (hole 0 {:hash_depth=>0, :method_arg=>true})) :count))
  (begin
    (send
      (send
        (begin
          (send
            (hole 0 {:hash_depth=>0, :limit_depth=>true, :recv=>true}) :-
            (hole 0 {:hash_depth=>0, :method_arg=>true}))) :active_relationships=
        (hole 0 {:hash_depth=>0, :method_arg=>true})) :-
      (hole 0 {:hash_depth=>0, :method_arg=>true})))
  (begin
    (send
      (send
        (begin
          (send
            (hole 0 {:hash_depth=>0, :limit_depth=>true, :recv=>true}) :-
            (hole 0 {:hash_depth=>0, :method_arg=>true}))) :active_relationships=
        (hole 0 {:hash_depth=>0, :method_arg=>true})) :save))
  (begin
    (send
      (send
        (begin
          (send
            (hole 0 {:hash_depth=>0, :limit_depth=>true, :recv=>true}) :-
            (hole 0 {:hash_depth=>0, :method_arg=>true}))) :passive_relationships) :count))
  (begin
    (send
      (send
        (begin
          (send
            (hole 0 {:hash_depth=>0, :limit_depth=>true, :recv=>true}) :-
            (hole 0 {:hash_depth=>0, :method_arg=>true}))) :passive_relationships) :-
      (hole 0 {:hash_depth=>0, :method_arg=>true})))
  (begin
    (send
      (send
        (begin
          (send
            (hole 0 {:hash_depth=>0, :limit_depth=>true, :recv=>true}) :-
            (hole 0 {:hash_depth=>0, :method_arg=>true}))) :passive_relationships) :save))
  (begin
    (send
      (send
        (begin
          (send
            (hole 0 {:hash_depth=>0, :limit_depth=>true, :recv=>true}) :-
            (hole 0 {:hash_depth=>0, :method_arg=>true}))) :passive_relationships=
        (hole 0 {:hash_depth=>0, :method_arg=>true})) :count))
  (begin
    (send
      (send
        (begin
          (send
            (hole 0 {:hash_depth=>0, :limit_depth=>true, :recv=>true}) :-
            (hole 0 {:hash_depth=>0, :method_arg=>true}))) :passive_relationships=
        (hole 0 {:hash_depth=>0, :method_arg=>true})) :-
      (hole 0 {:hash_depth=>0, :method_arg=>true})))
  (begin
    (send
      (send
        (begin
          (send
            (hole 0 {:hash_depth=>0, :limit_depth=>true, :recv=>true}) :-
            (hole 0 {:hash_depth=>0, :method_arg=>true}))) :passive_relationships=
        (hole 0 {:hash_depth=>0, :method_arg=>true})) :save))
  (begin
    (send
      (send
        (begin
          (send
            (hole 0 {:hash_depth=>0, :limit_depth=>true, :recv=>true}) :-
            (hole 0 {:hash_depth=>0, :method_arg=>true}))) :mastodon_statuses) :count))
  (begin
    (send
      (send
        (begin
          (send
            (hole 0 {:hash_depth=>0, :limit_depth=>true, :recv=>true}) :-
            (hole 0 {:hash_depth=>0, :method_arg=>true}))) :mastodon_statuses) :-
      (hole 0 {:hash_depth=>0, :method_arg=>true})))
  (begin
    (send
      (send
        (begin
          (send
            (hole 0 {:hash_depth=>0, :limit_depth=>true, :recv=>true}) :-
            (hole 0 {:hash_depth=>0, :method_arg=>true}))) :mastodon_statuses) :save))
  (begin
    (send
      (send
        (begin
          (send
            (hole 0 {:hash_depth=>0, :limit_depth=>true, :recv=>true}) :-
            (hole 0 {:hash_depth=>0, :method_arg=>true}))) :mastodon_statuses=
        (hole 0 {:hash_depth=>0, :method_arg=>true})) :count))
  (begin
    (send
      (send
        (begin
          (send
            (hole 0 {:hash_depth=>0, :limit_depth=>true, :recv=>true}) :-
            (hole 0 {:hash_depth=>0, :method_arg=>true}))) :mastodon_statuses=
        (hole 0 {:hash_depth=>0, :method_arg=>true})) :-
      (hole 0 {:hash_depth=>0, :method_arg=>true})))
  (begin
    (send
      (send
        (begin
          (send
            (hole 0 {:hash_depth=>0, :limit_depth=>true, :recv=>true}) :-
            (hole 0 {:hash_depth=>0, :method_arg=>true}))) :mastodon_statuses=
        (hole 0 {:hash_depth=>0, :method_arg=>true})) :save))
  (begin
    (send
      (send
        (begin
          (send
            (hole 0 {:hash_depth=>0, :limit_depth=>true, :recv=>true}) :-
            (hole 0 {:hash_depth=>0, :method_arg=>true}))) :updated_at=
        (hole 0 {:hash_depth=>0, :method_arg=>true})) :count))
  (begin
    (send
      (send
        (begin
          (send
            (hole 0 {:hash_depth=>0, :limit_depth=>true, :recv=>true}) :-
            (hole 0 {:hash_depth=>0, :method_arg=>true}))) :updated_at=
        (hole 0 {:hash_depth=>0, :method_arg=>true})) :-
      (hole 0 {:hash_depth=>0, :method_arg=>true})))
  (begin
    (send
      (send
        (begin
          (send
            (hole 0 {:hash_depth=>0, :limit_depth=>true, :recv=>true}) :-
            (hole 0 {:hash_depth=>0, :method_arg=>true}))) :updated_at=
        (hole 0 {:hash_depth=>0, :method_arg=>true})) :save))
  (begin
    (send
      (send
        (begin
          (send
            (hole 0 {:hash_depth=>0, :limit_depth=>true, :recv=>true}) :-
            (hole 0 {:hash_depth=>0, :method_arg=>true}))) :updated_at) :count))
  (begin
    (send
      (send
        (begin
          (send
            (hole 0 {:hash_depth=>0, :limit_depth=>true, :recv=>true}) :-
            (hole 0 {:hash_depth=>0, :method_arg=>true}))) :updated_at) :-
      (hole 0 {:hash_depth=>0, :method_arg=>true})))
  (begin
    (send
      (send
        (begin
          (send
            (hole 0 {:hash_depth=>0, :limit_depth=>true, :recv=>true}) :-
            (hole 0 {:hash_depth=>0, :method_arg=>true}))) :updated_at) :save))
  (begin
    (send
      (send
        (begin
          (send
            (hole 0 {:hash_depth=>0, :limit_depth=>true, :recv=>true}) :-
            (hole 0 {:hash_depth=>0, :method_arg=>true}))) :scheduled_check=
        (hole 0 {:hash_depth=>0, :method_arg=>true})) :count))
  (begin
    (send
      (send
        (begin
          (send
            (hole 0 {:hash_depth=>0, :limit_depth=>true, :recv=>true}) :-
            (hole 0 {:hash_depth=>0, :method_arg=>true}))) :scheduled_check=
        (hole 0 {:hash_depth=>0, :method_arg=>true})) :-
      (hole 0 {:hash_depth=>0, :method_arg=>true})))
  (begin
    (send
      (send
        (begin
          (send
            (hole 0 {:hash_depth=>0, :limit_depth=>true, :recv=>true}) :-
            (hole 0 {:hash_depth=>0, :method_arg=>true}))) :scheduled_check=
        (hole 0 {:hash_depth=>0, :method_arg=>true})) :save))
  (begin
    (send
      (send
        (begin
          (send
            (hole 0 {:hash_depth=>0, :limit_depth=>true, :recv=>true}) :-
            (hole 0 {:hash_depth=>0, :method_arg=>true}))) :scheduled_check) :count))
  (begin
    (send
      (send
        (begin
          (send
            (hole 0 {:hash_depth=>0, :limit_depth=>true, :recv=>true}) :-
            (hole 0 {:hash_depth=>0, :method_arg=>true}))) :scheduled_check) :-
      (hole 0 {:hash_depth=>0, :method_arg=>true})))
  (begin
    (send
      (send
        (begin
          (send
            (hole 0 {:hash_depth=>0, :limit_depth=>true, :recv=>true}) :-
            (hole 0 {:hash_depth=>0, :method_arg=>true}))) :scheduled_check) :save))
  (begin
    (send
      (send
        (begin
          (send
            (hole 0 {:hash_depth=>0, :limit_depth=>true, :recv=>true}) :-
            (hole 0 {:hash_depth=>0, :method_arg=>true}))) :status=
        (hole 0 {:hash_depth=>0, :method_arg=>true})) :-
      (hole 0 {:hash_depth=>0, :method_arg=>true})))
  (begin
    (send
      (send
        (begin
          (send
            (hole 0 {:hash_depth=>0, :limit_depth=>true, :recv=>true}) :-
            (hole 0 {:hash_depth=>0, :method_arg=>true}))) :status=
        (hole 0 {:hash_depth=>0, :method_arg=>true})) :-
      (hole 0 {:hash_depth=>0, :method_arg=>true})))
  (begin
    (send
      (send
        (begin
          (send
            (hole 0 {:hash_depth=>0, :limit_depth=>true, :recv=>true}) :-
            (hole 0 {:hash_depth=>0, :method_arg=>true}))) :status=
        (hole 0 {:hash_depth=>0, :method_arg=>true})) :-
      (hole 0 {:hash_depth=>0, :method_arg=>true})))
  (begin
    (send
      (send
        (begin
          (send
            (hole 0 {:hash_depth=>0, :limit_depth=>true, :recv=>true}) :-
            (hole 0 {:hash_depth=>0, :method_arg=>true}))) :status=
        (hole 0 {:hash_depth=>0, :method_arg=>true})) :count))
  (begin
    (send
      (send
        (begin
          (send
            (hole 0 {:hash_depth=>0, :limit_depth=>true, :recv=>true}) :-
            (hole 0 {:hash_depth=>0, :method_arg=>true}))) :status=
        (hole 0 {:hash_depth=>0, :method_arg=>true})) :save))
  (begin
    (send
      (send
        (begin
          (send
            (hole 0 {:hash_depth=>0, :limit_depth=>true, :recv=>true}) :-
            (hole 0 {:hash_depth=>0, :method_arg=>true}))) :status) :-
      (hole 0 {:hash_depth=>0, :method_arg=>true})))
  (begin
    (send
      (send
        (begin
          (send
            (hole 0 {:hash_depth=>0, :limit_depth=>true, :recv=>true}) :-
            (hole 0 {:hash_depth=>0, :method_arg=>true}))) :status) :-
      (hole 0 {:hash_depth=>0, :method_arg=>true})))
  (begin
    (send
      (send
        (begin
          (send
            (hole 0 {:hash_depth=>0, :limit_depth=>true, :recv=>true}) :-
            (hole 0 {:hash_depth=>0, :method_arg=>true}))) :status) :-
      (hole 0 {:hash_depth=>0, :method_arg=>true})))
  (begin
    (send
      (send
        (begin
          (send
            (hole 0 {:hash_depth=>0, :limit_depth=>true, :recv=>true}) :-
            (hole 0 {:hash_depth=>0, :method_arg=>true}))) :status) :count))
  (begin
    (send
      (send
        (begin
          (send
            (hole 0 {:hash_depth=>0, :limit_depth=>true, :recv=>true}) :-
            (hole 0 {:hash_depth=>0, :method_arg=>true}))) :status) :save))
  (begin
    (send
      (send
        (begin
          (send
            (hole 0 {:hash_depth=>0, :limit_depth=>true, :recv=>true}) :-
            (hole 0 {:hash_depth=>0, :method_arg=>true}))) :invited_by_id=
        (hole 0 {:hash_depth=>0, :method_arg=>true})) :-
      (hole 0 {:hash_depth=>0, :method_arg=>true})))
  (begin
    (send
      (send
        (begin
          (send
            (hole 0 {:hash_depth=>0, :limit_depth=>true, :recv=>true}) :-
            (hole 0 {:hash_depth=>0, :method_arg=>true}))) :invited_by_id=
        (hole 0 {:hash_depth=>0, :method_arg=>true})) :-
      (hole 0 {:hash_depth=>0, :method_arg=>true})))
  (begin
    (send
      (send
        (begin
          (send
            (hole 0 {:hash_depth=>0, :limit_depth=>true, :recv=>true}) :-
            (hole 0 {:hash_depth=>0, :method_arg=>true}))) :invited_by_id=
        (hole 0 {:hash_depth=>0, :method_arg=>true})) :-
      (hole 0 {:hash_depth=>0, :method_arg=>true})))
  (begin
    (send
      (send
        (begin
          (send
            (hole 0 {:hash_depth=>0, :limit_depth=>true, :recv=>true}) :-
            (hole 0 {:hash_depth=>0, :method_arg=>true}))) :invited_by_id=
        (hole 0 {:hash_depth=>0, :method_arg=>true})) :count))
  (begin
    (send
      (send
        (begin
          (send
            (hole 0 {:hash_depth=>0, :limit_depth=>true, :recv=>true}) :-
            (hole 0 {:hash_depth=>0, :method_arg=>true}))) :invited_by_id=
        (hole 0 {:hash_depth=>0, :method_arg=>true})) :save))
  (begin
    (send
      (send
        (begin
          (send
            (hole 0 {:hash_depth=>0, :limit_depth=>true, :recv=>true}) :-
            (hole 0 {:hash_depth=>0, :method_arg=>true}))) :invited_by_id) :-
      (hole 0 {:hash_depth=>0, :method_arg=>true})))
  (begin
    (send
      (send
        (begin
          (send
            (hole 0 {:hash_depth=>0, :limit_depth=>true, :recv=>true}) :-
            (hole 0 {:hash_depth=>0, :method_arg=>true}))) :invited_by_id) :-
      (hole 0 {:hash_depth=>0, :method_arg=>true})))
  (begin
    (send
      (send
        (begin
          (send
            (hole 0 {:hash_depth=>0, :limit_depth=>true, :recv=>true}) :-
            (hole 0 {:hash_depth=>0, :method_arg=>true}))) :invited_by_id) :-
      (hole 0 {:hash_depth=>0, :method_arg=>true})))
  (begin
    (send
      (send
        (begin
          (send
            (hole 0 {:hash_depth=>0, :limit_depth=>true, :recv=>true}) :-
            (hole 0 {:hash_depth=>0, :method_arg=>true}))) :invited_by_id) :count))
  (begin
    (send
      (send
        (begin
          (send
            (hole 0 {:hash_depth=>0, :limit_depth=>true, :recv=>true}) :-
            (hole 0 {:hash_depth=>0, :method_arg=>true}))) :invited_by_id) :save))
  (begin
    (send
      (send
        (begin
          (send
            (hole 0 {:hash_depth=>0, :limit_depth=>true, :recv=>true}) :-
            (hole 0 {:hash_depth=>0, :method_arg=>true}))) :confirm_email_token=
        (hole 0 {:hash_depth=>0, :method_arg=>true})) :count))
  (begin
    (send
      (send
        (begin
          (send
            (hole 0 {:hash_depth=>0, :limit_depth=>true, :recv=>true}) :-
            (hole 0 {:hash_depth=>0, :method_arg=>true}))) :confirm_email_token=
        (hole 0 {:hash_depth=>0, :method_arg=>true})) :-
      (hole 0 {:hash_depth=>0, :method_arg=>true})))
  (begin
    (send
      (send
        (begin
          (send
            (hole 0 {:hash_depth=>0, :limit_depth=>true, :recv=>true}) :-
            (hole 0 {:hash_depth=>0, :method_arg=>true}))) :confirm_email_token=
        (hole 0 {:hash_depth=>0, :method_arg=>true})) :save))
  (begin
    (send
      (send
        (begin
          (send
            (hole 0 {:hash_depth=>0, :limit_depth=>true, :recv=>true}) :-
            (hole 0 {:hash_depth=>0, :method_arg=>true}))) :confirm_email_token) :count))
  (begin
    (send
      (send
        (begin
          (send
            (hole 0 {:hash_depth=>0, :limit_depth=>true, :recv=>true}) :-
            (hole 0 {:hash_depth=>0, :method_arg=>true}))) :confirm_email_token) :-
      (hole 0 {:hash_depth=>0, :method_arg=>true})))
  (begin
    (send
      (send
        (begin
          (send
            (hole 0 {:hash_depth=>0, :limit_depth=>true, :recv=>true}) :-
            (hole 0 {:hash_depth=>0, :method_arg=>true}))) :confirm_email_token) :save))
  (begin
    (send
      (send
        (begin
          (send
            (hole 0 {:hash_depth=>0, :limit_depth=>true, :recv=>true}) :-
            (hole 0 {:hash_depth=>0, :method_arg=>true}))) :unconfirmed_email=
        (hole 0 {:hash_depth=>0, :method_arg=>true})) :count))
  (begin
    (send
      (send
        (begin
          (send
            (hole 0 {:hash_depth=>0, :limit_depth=>true, :recv=>true}) :-
            (hole 0 {:hash_depth=>0, :method_arg=>true}))) :unconfirmed_email=
        (hole 0 {:hash_depth=>0, :method_arg=>true})) :-
      (hole 0 {:hash_depth=>0, :method_arg=>true})))
  (begin
    (send
      (send
        (begin
          (send
            (hole 0 {:hash_depth=>0, :limit_depth=>true, :recv=>true}) :-
            (hole 0 {:hash_depth=>0, :method_arg=>true}))) :unconfirmed_email=
        (hole 0 {:hash_depth=>0, :method_arg=>true})) :save))
  (begin
    (send
      (send
        (begin
          (send
            (hole 0 {:hash_depth=>0, :limit_depth=>true, :recv=>true}) :-
            (hole 0 {:hash_depth=>0, :method_arg=>true}))) :unconfirmed_email) :count))
  (begin
    (send
      (send
        (begin
          (send
            (hole 0 {:hash_depth=>0, :limit_depth=>true, :recv=>true}) :-
            (hole 0 {:hash_depth=>0, :method_arg=>true}))) :unconfirmed_email) :-
      (hole 0 {:hash_depth=>0, :method_arg=>true})))
  (begin
    (send
      (send
        (begin
          (send
            (hole 0 {:hash_depth=>0, :limit_depth=>true, :recv=>true}) :-
            (hole 0 {:hash_depth=>0, :method_arg=>true}))) :unconfirmed_email) :save))
  (begin
    (send
      (send
        (begin
          (send
            (hole 0 {:hash_depth=>0, :limit_depth=>true, :recv=>true}) :-
            (hole 0 {:hash_depth=>0, :method_arg=>true}))) :invited_by) :count))
  (begin
    (send
      (send
        (begin
          (send
            (hole 0 {:hash_depth=>0, :limit_depth=>true, :recv=>true}) :-
            (hole 0 {:hash_depth=>0, :method_arg=>true}))) :invited_by) :-
      (hole 0 {:hash_depth=>0, :method_arg=>true})))
  (begin
    (send
      (send
        (begin
          (send
            (hole 0 {:hash_depth=>0, :limit_depth=>true, :recv=>true}) :-
            (hole 0 {:hash_depth=>0, :method_arg=>true}))) :invited_by) :save))
  (begin
    (send
      (send
        (begin
          (send
            (hole 0 {:hash_depth=>0, :limit_depth=>true, :recv=>true}) :-
            (hole 0 {:hash_depth=>0, :method_arg=>true}))) :invited_by=
        (hole 0 {:hash_depth=>0, :method_arg=>true})) :count))
  (begin
    (send
      (send
        (begin
          (send
            (hole 0 {:hash_depth=>0, :limit_depth=>true, :recv=>true}) :-
            (hole 0 {:hash_depth=>0, :method_arg=>true}))) :invited_by=
        (hole 0 {:hash_depth=>0, :method_arg=>true})) :-
      (hole 0 {:hash_depth=>0, :method_arg=>true})))
  (begin
    (send
      (send
        (begin
          (send
            (hole 0 {:hash_depth=>0, :limit_depth=>true, :recv=>true}) :-
            (hole 0 {:hash_depth=>0, :method_arg=>true}))) :invited_by=
        (hole 0 {:hash_depth=>0, :method_arg=>true})) :save))
  (begin
    (send
      (send
        (begin
          (send
            (hole 0 {:hash_depth=>0, :limit_depth=>true, :recv=>true}) :-
            (hole 0 {:hash_depth=>0, :method_arg=>true}))) :invited_users) :count))
  (begin
    (send
      (send
        (begin
          (send
            (hole 0 {:hash_depth=>0, :limit_depth=>true, :recv=>true}) :-
            (hole 0 {:hash_depth=>0, :method_arg=>true}))) :invited_users) :-
      (hole 0 {:hash_depth=>0, :method_arg=>true})))
  (begin
    (send
      (send
        (begin
          (send
            (hole 0 {:hash_depth=>0, :limit_depth=>true, :recv=>true}) :-
            (hole 0 {:hash_depth=>0, :method_arg=>true}))) :invited_users) :save))
  (begin
    (send
      (send
        (begin
          (send
            (hole 0 {:hash_depth=>0, :limit_depth=>true, :recv=>true}) :-
            (hole 0 {:hash_depth=>0, :method_arg=>true}))) :invited_users=
        (hole 0 {:hash_depth=>0, :method_arg=>true})) :count))
  (begin
    (send
      (send
        (begin
          (send
            (hole 0 {:hash_depth=>0, :limit_depth=>true, :recv=>true}) :-
            (hole 0 {:hash_depth=>0, :method_arg=>true}))) :invited_users=
        (hole 0 {:hash_depth=>0, :method_arg=>true})) :-
      (hole 0 {:hash_depth=>0, :method_arg=>true})))
  (begin
    (send
      (send
        (begin
          (send
            (hole 0 {:hash_depth=>0, :limit_depth=>true, :recv=>true}) :-
            (hole 0 {:hash_depth=>0, :method_arg=>true}))) :invited_users=
        (hole 0 {:hash_depth=>0, :method_arg=>true})) :save))
  (begin
    (send
      (send
        (begin
          (send
            (hole 0 {:hash_depth=>0, :limit_depth=>true, :recv=>true}) :-
            (hole 0 {:hash_depth=>0, :method_arg=>true}))) :diaspora_user_id=
        (hole 0 {:hash_depth=>0, :method_arg=>true})) :-
      (hole 0 {:hash_depth=>0, :method_arg=>true})))
  (begin
    (send
      (send
        (begin
          (send
            (hole 0 {:hash_depth=>0, :limit_depth=>true, :recv=>true}) :-
            (hole 0 {:hash_depth=>0, :method_arg=>true}))) :diaspora_user_id=
        (hole 0 {:hash_depth=>0, :method_arg=>true})) :-
      (hole 0 {:hash_depth=>0, :method_arg=>true})))
  (begin
    (send
      (send
        (begin
          (send
            (hole 0 {:hash_depth=>0, :limit_depth=>true, :recv=>true}) :-
            (hole 0 {:hash_depth=>0, :method_arg=>true}))) :diaspora_user_id=
        (hole 0 {:hash_depth=>0, :method_arg=>true})) :-
      (hole 0 {:hash_depth=>0, :method_arg=>true})))
  (begin
    (send
      (send
        (begin
          (send
            (hole 0 {:hash_depth=>0, :limit_depth=>true, :recv=>true}) :-
            (hole 0 {:hash_depth=>0, :method_arg=>true}))) :diaspora_user_id=
        (hole 0 {:hash_depth=>0, :method_arg=>true})) :count))
  (begin
    (send
      (send
        (begin
          (send
            (hole 0 {:hash_depth=>0, :limit_depth=>true, :recv=>true}) :-
            (hole 0 {:hash_depth=>0, :method_arg=>true}))) :diaspora_user_id=
        (hole 0 {:hash_depth=>0, :method_arg=>true})) :save))
  (begin
    (send
      (send
        (begin
          (send
            (hole 0 {:hash_depth=>0, :limit_depth=>true, :recv=>true}) :-
            (hole 0 {:hash_depth=>0, :method_arg=>true}))) :diaspora_user_id) :-
      (hole 0 {:hash_depth=>0, :method_arg=>true})))
  (begin
    (send
      (send
        (begin
          (send
            (hole 0 {:hash_depth=>0, :limit_depth=>true, :recv=>true}) :-
            (hole 0 {:hash_depth=>0, :method_arg=>true}))) :diaspora_user_id) :-
      (hole 0 {:hash_depth=>0, :method_arg=>true})))
  (begin
    (send
      (send
        (begin
          (send
            (hole 0 {:hash_depth=>0, :limit_depth=>true, :recv=>true}) :-
            (hole 0 {:hash_depth=>0, :method_arg=>true}))) :diaspora_user_id) :-
      (hole 0 {:hash_depth=>0, :method_arg=>true})))
  (begin
    (send
      (send
        (begin
          (send
            (hole 0 {:hash_depth=>0, :limit_depth=>true, :recv=>true}) :-
            (hole 0 {:hash_depth=>0, :method_arg=>true}))) :diaspora_user_id) :count))
  (begin
    (send
      (send
        (begin
          (send
            (hole 0 {:hash_depth=>0, :limit_depth=>true, :recv=>true}) :-
            (hole 0 {:hash_depth=>0, :method_arg=>true}))) :diaspora_user_id) :save))
  (begin
    (send
      (send
        (begin
          (send
            (hole 0 {:hash_depth=>0, :limit_depth=>true, :recv=>true}) :-
            (hole 0 {:hash_depth=>0, :method_arg=>true}))) :count=
        (hole 0 {:hash_depth=>0, :method_arg=>true})) :-
      (hole 0 {:hash_depth=>0, :method_arg=>true})))
  (begin
    (send
      (send
        (begin
          (send
            (hole 0 {:hash_depth=>0, :limit_depth=>true, :recv=>true}) :-
            (hole 0 {:hash_depth=>0, :method_arg=>true}))) :count=
        (hole 0 {:hash_depth=>0, :method_arg=>true})) :-
      (hole 0 {:hash_depth=>0, :method_arg=>true})))
  (begin
    (send
      (send
        (begin
          (send
            (hole 0 {:hash_depth=>0, :limit_depth=>true, :recv=>true}) :-
            (hole 0 {:hash_depth=>0, :method_arg=>true}))) :count=
        (hole 0 {:hash_depth=>0, :method_arg=>true})) :-
      (hole 0 {:hash_depth=>0, :method_arg=>true})))
  (begin
    (send
      (send
        (begin
          (send
            (hole 0 {:hash_depth=>0, :limit_depth=>true, :recv=>true}) :-
            (hole 0 {:hash_depth=>0, :method_arg=>true}))) :count=
        (hole 0 {:hash_depth=>0, :method_arg=>true})) :count))
  (begin
    (send
      (send
        (begin
          (send
            (hole 0 {:hash_depth=>0, :limit_depth=>true, :recv=>true}) :-
            (hole 0 {:hash_depth=>0, :method_arg=>true}))) :count=
        (hole 0 {:hash_depth=>0, :method_arg=>true})) :save))
  (begin
    (send
      (begin
        (send
          (begin
            (send
              (hole 0 {:hash_depth=>0, :limit_depth=>true, :recv=>true}) :-
              (hole 0 {:hash_depth=>0, :method_arg=>true}))) :count)) :-
      (hole 0 {:hash_depth=>0, :method_arg=>true})))
  (begin
    (send
      (begin
        (send
          (begin
            (send
              (hole 0 {:hash_depth=>0, :limit_depth=>true, :recv=>true}) :-
              (hole 0 {:hash_depth=>0, :method_arg=>true}))) :count)) :-
      (hole 0 {:hash_depth=>0, :method_arg=>true})))
  (begin
    (send
      (begin
        (send
          (begin
            (send
              (hole 0 {:hash_depth=>0, :limit_depth=>true, :recv=>true}) :-
              (hole 0 {:hash_depth=>0, :method_arg=>true}))) :count)) :-
      (hole 0 {:hash_depth=>0, :method_arg=>true})))
  (begin
    (send
      (begin
        (send
          (begin
            (send
              (hole 0 {:hash_depth=>0, :limit_depth=>true, :recv=>true}) :-
              (hole 0 {:hash_depth=>0, :method_arg=>true}))) :count)) :-
      (hole 0 {:hash_depth=>0, :method_arg=>true})))
  (begin
    (send
      (begin
        (send
          (begin
            (send
              (hole 0 {:hash_depth=>0, :limit_depth=>true, :recv=>true}) :-
              (hole 0 {:hash_depth=>0, :method_arg=>true}))) :count)) :-
      (hole 0 {:hash_depth=>0, :method_arg=>true})))
  (begin
    (send
      (begin
        (send
          (begin
            (send
              (hole 0 {:hash_depth=>0, :limit_depth=>true, :recv=>true}) :-
              (hole 0 {:hash_depth=>0, :method_arg=>true}))) :count)) :-
      (hole 0 {:hash_depth=>0, :method_arg=>true})))
  (begin
    (send
      (begin
        (send
          (begin
            (send
              (hole 0 {:hash_depth=>0, :limit_depth=>true, :recv=>true}) :-
              (hole 0 {:hash_depth=>0, :method_arg=>true}))) :count)) :-
      (hole 0 {:hash_depth=>0, :method_arg=>true})))
  (begin
    (send
      (begin
        (send
          (begin
            (send
              (hole 0 {:hash_depth=>0, :limit_depth=>true, :recv=>true}) :-
              (hole 0 {:hash_depth=>0, :method_arg=>true}))) :count)) :-
      (hole 0 {:hash_depth=>0, :method_arg=>true})))
  (begin
    (send
      (begin
        (send
          (begin
            (send
              (hole 0 {:hash_depth=>0, :limit_depth=>true, :recv=>true}) :-
              (hole 0 {:hash_depth=>0, :method_arg=>true}))) :count)) :-
      (hole 0 {:hash_depth=>0, :method_arg=>true})))
  (begin
    (send
      (begin
        (send
          (begin
            (send
              (hole 0 {:hash_depth=>0, :limit_depth=>true, :recv=>true}) :-
              (hole 0 {:hash_depth=>0, :method_arg=>true}))) :count)) :count))
  (begin
    (send
      (begin
        (send
          (begin
            (send
              (hole 0 {:hash_depth=>0, :limit_depth=>true, :recv=>true}) :-
              (hole 0 {:hash_depth=>0, :method_arg=>true}))) :count)) :count))
  (begin
    (send
      (begin
        (send
          (begin
            (send
              (hole 0 {:hash_depth=>0, :limit_depth=>true, :recv=>true}) :-
              (hole 0 {:hash_depth=>0, :method_arg=>true}))) :count)) :count))
  (begin
    (send
      (begin
        (send
          (begin
            (send
              (hole 0 {:hash_depth=>0, :limit_depth=>true, :recv=>true}) :-
              (hole 0 {:hash_depth=>0, :method_arg=>true}))) :count)) :save))
  (begin
    (send
      (begin
        (send
          (begin
            (send
              (hole 0 {:hash_depth=>0, :limit_depth=>true, :recv=>true}) :-
              (hole 0 {:hash_depth=>0, :method_arg=>true}))) :count)) :save))
  (begin
    (send
      (begin
        (send
          (begin
            (send
              (hole 0 {:hash_depth=>0, :limit_depth=>true, :recv=>true}) :-
              (hole 0 {:hash_depth=>0, :method_arg=>true}))) :count)) :save))
  (begin
    (send
      (send
        (begin
          (send
            (hole 0 {:hash_depth=>0, :limit_depth=>true, :recv=>true}) :-
            (hole 0 {:hash_depth=>0, :method_arg=>true}))) :diaspora_user) :count))
  (begin
    (send
      (send
        (begin
          (send
            (hole 0 {:hash_depth=>0, :limit_depth=>true, :recv=>true}) :-
            (hole 0 {:hash_depth=>0, :method_arg=>true}))) :diaspora_user) :-
      (hole 0 {:hash_depth=>0, :method_arg=>true})))
  (begin
    (send
      (send
        (begin
          (send
            (hole 0 {:hash_depth=>0, :limit_depth=>true, :recv=>true}) :-
            (hole 0 {:hash_depth=>0, :method_arg=>true}))) :diaspora_user) :save))
  (begin
    (send
      (send
        (begin
          (send
            (hole 0 {:hash_depth=>0, :limit_depth=>true, :recv=>true}) :-
            (hole 0 {:hash_depth=>0, :method_arg=>true}))) :diaspora_user=
        (hole 0 {:hash_depth=>0, :method_arg=>true})) :count))
  (begin
    (send
      (send
        (begin
          (send
            (hole 0 {:hash_depth=>0, :limit_depth=>true, :recv=>true}) :-
            (hole 0 {:hash_depth=>0, :method_arg=>true}))) :diaspora_user=
        (hole 0 {:hash_depth=>0, :method_arg=>true})) :-
      (hole 0 {:hash_depth=>0, :method_arg=>true})))
  (begin
    (send
      (send
        (begin
          (send
            (hole 0 {:hash_depth=>0, :limit_depth=>true, :recv=>true}) :-
            (hole 0 {:hash_depth=>0, :method_arg=>true}))) :diaspora_user=
        (hole 0 {:hash_depth=>0, :method_arg=>true})) :save))
  (begin
    (send
      (send
        (begin
          (send
            (hole 0 {:hash_depth=>0, :limit_depth=>true, :recv=>true}) :-
            (hole 0 {:hash_depth=>0, :method_arg=>true}))) :note_id=
        (hole 0 {:hash_depth=>0, :method_arg=>true})) :-
      (hole 0 {:hash_depth=>0, :method_arg=>true})))
  (begin
    (send
      (send
        (begin
          (send
            (hole 0 {:hash_depth=>0, :limit_depth=>true, :recv=>true}) :-
            (hole 0 {:hash_depth=>0, :method_arg=>true}))) :note_id=
        (hole 0 {:hash_depth=>0, :method_arg=>true})) :-
      (hole 0 {:hash_depth=>0, :method_arg=>true})))
  (begin
    (send
      (send
        (begin
          (send
            (hole 0 {:hash_depth=>0, :limit_depth=>true, :recv=>true}) :-
            (hole 0 {:hash_depth=>0, :method_arg=>true}))) :note_id=
        (hole 0 {:hash_depth=>0, :method_arg=>true})) :-
      (hole 0 {:hash_depth=>0, :method_arg=>true})))
  (begin
    (send
      (send
        (begin
          (send
            (hole 0 {:hash_depth=>0, :limit_depth=>true, :recv=>true}) :-
            (hole 0 {:hash_depth=>0, :method_arg=>true}))) :note_id=
        (hole 0 {:hash_depth=>0, :method_arg=>true})) :count))
  (begin
    (send
      (send
        (begin
          (send
            (hole 0 {:hash_depth=>0, :limit_depth=>true, :recv=>true}) :-
            (hole 0 {:hash_depth=>0, :method_arg=>true}))) :note_id=
        (hole 0 {:hash_depth=>0, :method_arg=>true})) :save))
  (begin
    (send
      (send
        (begin
          (send
            (hole 0 {:hash_depth=>0, :limit_depth=>true, :recv=>true}) :-
            (hole 0 {:hash_depth=>0, :method_arg=>true}))) :note_id) :-
      (hole 0 {:hash_depth=>0, :method_arg=>true})))
  (begin
    (send
      (send
        (begin
          (send
            (hole 0 {:hash_depth=>0, :limit_depth=>true, :recv=>true}) :-
            (hole 0 {:hash_depth=>0, :method_arg=>true}))) :note_id) :-
      (hole 0 {:hash_depth=>0, :method_arg=>true})))
  (begin
    (send
      (send
        (begin
          (send
            (hole 0 {:hash_depth=>0, :limit_depth=>true, :recv=>true}) :-
            (hole 0 {:hash_depth=>0, :method_arg=>true}))) :note_id) :-
      (hole 0 {:hash_depth=>0, :method_arg=>true})))
  (begin
    (send
      (send
        (begin
          (send
            (hole 0 {:hash_depth=>0, :limit_depth=>true, :recv=>true}) :-
            (hole 0 {:hash_depth=>0, :method_arg=>true}))) :note_id) :count))
  (begin
    (send
      (send
        (begin
          (send
            (hole 0 {:hash_depth=>0, :limit_depth=>true, :recv=>true}) :-
            (hole 0 {:hash_depth=>0, :method_arg=>true}))) :note_id) :save))
  (begin
    (send
      (send
        (begin
          (send
            (hole 0 {:hash_depth=>0, :limit_depth=>true, :recv=>true}) :-
            (hole 0 {:hash_depth=>0, :method_arg=>true}))) :noteable_id=
        (hole 0 {:hash_depth=>0, :method_arg=>true})) :-
      (hole 0 {:hash_depth=>0, :method_arg=>true})))
  (begin
    (send
      (send
        (begin
          (send
            (hole 0 {:hash_depth=>0, :limit_depth=>true, :recv=>true}) :-
            (hole 0 {:hash_depth=>0, :method_arg=>true}))) :noteable_id=
        (hole 0 {:hash_depth=>0, :method_arg=>true})) :-
      (hole 0 {:hash_depth=>0, :method_arg=>true})))
  (begin
    (send
      (send
        (begin
          (send
            (hole 0 {:hash_depth=>0, :limit_depth=>true, :recv=>true}) :-
            (hole 0 {:hash_depth=>0, :method_arg=>true}))) :noteable_id=
        (hole 0 {:hash_depth=>0, :method_arg=>true})) :-
      (hole 0 {:hash_depth=>0, :method_arg=>true})))
  (begin
    (send
      (send
        (begin
          (send
            (hole 0 {:hash_depth=>0, :limit_depth=>true, :recv=>true}) :-
            (hole 0 {:hash_depth=>0, :method_arg=>true}))) :noteable_id=
        (hole 0 {:hash_depth=>0, :method_arg=>true})) :count))
  (begin
    (send
      (send
        (begin
          (send
            (hole 0 {:hash_depth=>0, :limit_depth=>true, :recv=>true}) :-
            (hole 0 {:hash_depth=>0, :method_arg=>true}))) :noteable_id=
        (hole 0 {:hash_depth=>0, :method_arg=>true})) :save))
  (begin
    (send
      (send
        (begin
          (send
            (hole 0 {:hash_depth=>0, :limit_depth=>true, :recv=>true}) :-
            (hole 0 {:hash_depth=>0, :method_arg=>true}))) :noteable_id) :-
      (hole 0 {:hash_depth=>0, :method_arg=>true})))
  (begin
    (send
      (send
        (begin
          (send
            (hole 0 {:hash_depth=>0, :limit_depth=>true, :recv=>true}) :-
            (hole 0 {:hash_depth=>0, :method_arg=>true}))) :noteable_id) :-
      (hole 0 {:hash_depth=>0, :method_arg=>true})))
  (begin
    (send
      (send
        (begin
          (send
            (hole 0 {:hash_depth=>0, :limit_depth=>true, :recv=>true}) :-
            (hole 0 {:hash_depth=>0, :method_arg=>true}))) :noteable_id) :-
      (hole 0 {:hash_depth=>0, :method_arg=>true})))
  (begin
    (send
      (send
        (begin
          (send
            (hole 0 {:hash_depth=>0, :limit_depth=>true, :recv=>true}) :-
            (hole 0 {:hash_depth=>0, :method_arg=>true}))) :noteable_id) :count))
  (begin
    (send
      (send
        (begin
          (send
            (hole 0 {:hash_depth=>0, :limit_depth=>true, :recv=>true}) :-
            (hole 0 {:hash_depth=>0, :method_arg=>true}))) :noteable_id) :save))
  (begin
    (send
      (send
        (begin
          (send
            (hole 0 {:hash_depth=>0, :limit_depth=>true, :recv=>true}) :-
            (hole 0 {:hash_depth=>0, :method_arg=>true}))) :notes) :count))
  (begin
    (send
      (send
        (begin
          (send
            (hole 0 {:hash_depth=>0, :limit_depth=>true, :recv=>true}) :-
            (hole 0 {:hash_depth=>0, :method_arg=>true}))) :notes) :-
      (hole 0 {:hash_depth=>0, :method_arg=>true})))
  (begin
    (send
      (send
        (begin
          (send
            (hole 0 {:hash_depth=>0, :limit_depth=>true, :recv=>true}) :-
            (hole 0 {:hash_depth=>0, :method_arg=>true}))) :notes) :save))
  (begin
    (send
      (send
        (begin
          (send
            (hole 0 {:hash_depth=>0, :limit_depth=>true, :recv=>true}) :-
            (hole 0 {:hash_depth=>0, :method_arg=>true}))) :notes=
        (hole 0 {:hash_depth=>0, :method_arg=>true})) :count))
  (begin
    (send
      (send
        (begin
          (send
            (hole 0 {:hash_depth=>0, :limit_depth=>true, :recv=>true}) :-
            (hole 0 {:hash_depth=>0, :method_arg=>true}))) :notes=
        (hole 0 {:hash_depth=>0, :method_arg=>true})) :-
      (hole 0 {:hash_depth=>0, :method_arg=>true})))
  (begin
    (send
      (send
        (begin
          (send
            (hole 0 {:hash_depth=>0, :limit_depth=>true, :recv=>true}) :-
            (hole 0 {:hash_depth=>0, :method_arg=>true}))) :notes=
        (hole 0 {:hash_depth=>0, :method_arg=>true})) :save))
  (begin
    (send
      (send
        (begin
          (send
            (hole 0 {:hash_depth=>0, :limit_depth=>true, :recv=>true}) :-
            (hole 0 {:hash_depth=>0, :method_arg=>true}))) :gitlab_note_id=
        (hole 0 {:hash_depth=>0, :method_arg=>true})) :-
      (hole 0 {:hash_depth=>0, :method_arg=>true})))
  (begin
    (send
      (send
        (begin
          (send
            (hole 0 {:hash_depth=>0, :limit_depth=>true, :recv=>true}) :-
            (hole 0 {:hash_depth=>0, :method_arg=>true}))) :gitlab_note_id=
        (hole 0 {:hash_depth=>0, :method_arg=>true})) :-
      (hole 0 {:hash_depth=>0, :method_arg=>true})))
  (begin
    (send
      (send
        (begin
          (send
            (hole 0 {:hash_depth=>0, :limit_depth=>true, :recv=>true}) :-
            (hole 0 {:hash_depth=>0, :method_arg=>true}))) :gitlab_note_id=
        (hole 0 {:hash_depth=>0, :method_arg=>true})) :-
      (hole 0 {:hash_depth=>0, :method_arg=>true})))
  (begin
    (send
      (send
        (begin
          (send
            (hole 0 {:hash_depth=>0, :limit_depth=>true, :recv=>true}) :-
            (hole 0 {:hash_depth=>0, :method_arg=>true}))) :gitlab_note_id=
        (hole 0 {:hash_depth=>0, :method_arg=>true})) :count))
  (begin
    (send
      (send
        (begin
          (send
            (hole 0 {:hash_depth=>0, :limit_depth=>true, :recv=>true}) :-
            (hole 0 {:hash_depth=>0, :method_arg=>true}))) :gitlab_note_id=
        (hole 0 {:hash_depth=>0, :method_arg=>true})) :save))
  (begin
    (send
      (send
        (begin
          (send
            (hole 0 {:hash_depth=>0, :limit_depth=>true, :recv=>true}) :-
            (hole 0 {:hash_depth=>0, :method_arg=>true}))) :gitlab_note_id) :-
      (hole 0 {:hash_depth=>0, :method_arg=>true})))
  (begin
    (send
      (send
        (begin
          (send
            (hole 0 {:hash_depth=>0, :limit_depth=>true, :recv=>true}) :-
            (hole 0 {:hash_depth=>0, :method_arg=>true}))) :gitlab_note_id) :-
      (hole 0 {:hash_depth=>0, :method_arg=>true})))
  (begin
    (send
      (send
        (begin
          (send
            (hole 0 {:hash_depth=>0, :limit_depth=>true, :recv=>true}) :-
            (hole 0 {:hash_depth=>0, :method_arg=>true}))) :gitlab_note_id) :-
      (hole 0 {:hash_depth=>0, :method_arg=>true})))
  (begin
    (send
      (send
        (begin
          (send
            (hole 0 {:hash_depth=>0, :limit_depth=>true, :recv=>true}) :-
            (hole 0 {:hash_depth=>0, :method_arg=>true}))) :gitlab_note_id) :count))
  (begin
    (send
      (send
        (begin
          (send
            (hole 0 {:hash_depth=>0, :limit_depth=>true, :recv=>true}) :-
            (hole 0 {:hash_depth=>0, :method_arg=>true}))) :gitlab_note_id) :save))
  (begin
    (send
      (send
        (begin
          (send
            (hole 0 {:hash_depth=>0, :limit_depth=>true, :recv=>true}) :-
            (hole 0 {:hash_depth=>0, :method_arg=>true}))) :gitlab_discussion_id=
        (hole 0 {:hash_depth=>0, :method_arg=>true})) :-
      (hole 0 {:hash_depth=>0, :method_arg=>true})))
  (begin
    (send
      (send
        (begin
          (send
            (hole 0 {:hash_depth=>0, :limit_depth=>true, :recv=>true}) :-
            (hole 0 {:hash_depth=>0, :method_arg=>true}))) :gitlab_discussion_id=
        (hole 0 {:hash_depth=>0, :method_arg=>true})) :-
      (hole 0 {:hash_depth=>0, :method_arg=>true})))
  (begin
    (send
      (send
        (begin
          (send
            (hole 0 {:hash_depth=>0, :limit_depth=>true, :recv=>true}) :-
            (hole 0 {:hash_depth=>0, :method_arg=>true}))) :gitlab_discussion_id=
        (hole 0 {:hash_depth=>0, :method_arg=>true})) :-
      (hole 0 {:hash_depth=>0, :method_arg=>true})))
  (begin
    (send
      (send
        (begin
          (send
            (hole 0 {:hash_depth=>0, :limit_depth=>true, :recv=>true}) :-
            (hole 0 {:hash_depth=>0, :method_arg=>true}))) :gitlab_discussion_id=
        (hole 0 {:hash_depth=>0, :method_arg=>true})) :count))
  (begin
    (send
      (send
        (begin
          (send
            (hole 0 {:hash_depth=>0, :limit_depth=>true, :recv=>true}) :-
            (hole 0 {:hash_depth=>0, :method_arg=>true}))) :gitlab_discussion_id=
        (hole 0 {:hash_depth=>0, :method_arg=>true})) :save))
  (begin
    (send
      (send
        (begin
          (send
            (hole 0 {:hash_depth=>0, :limit_depth=>true, :recv=>true}) :-
            (hole 0 {:hash_depth=>0, :method_arg=>true}))) :gitlab_discussion_id) :-
      (hole 0 {:hash_depth=>0, :method_arg=>true})))
  (begin
    (send
      (send
        (begin
          (send
            (hole 0 {:hash_depth=>0, :limit_depth=>true, :recv=>true}) :-
            (hole 0 {:hash_depth=>0, :method_arg=>true}))) :gitlab_discussion_id) :-
      (hole 0 {:hash_depth=>0, :method_arg=>true})))
  (begin
    (send
      (send
        (begin
          (send
            (hole 0 {:hash_depth=>0, :limit_depth=>true, :recv=>true}) :-
            (hole 0 {:hash_depth=>0, :method_arg=>true}))) :gitlab_discussion_id) :-
      (hole 0 {:hash_depth=>0, :method_arg=>true})))
  (begin
    (send
      (send
        (begin
          (send
            (hole 0 {:hash_depth=>0, :limit_depth=>true, :recv=>true}) :-
            (hole 0 {:hash_depth=>0, :method_arg=>true}))) :gitlab_discussion_id) :count))
  (begin
    (send
      (send
        (begin
          (send
            (hole 0 {:hash_depth=>0, :limit_depth=>true, :recv=>true}) :-
            (hole 0 {:hash_depth=>0, :method_arg=>true}))) :gitlab_discussion_id) :save))
  (begin
    (send
      (send
        (begin
          (send
            (hole 0 {:hash_depth=>0, :limit_depth=>true, :recv=>true}) :-
            (hole 0 {:hash_depth=>0, :method_arg=>true}))) :noteable) :count))
  (begin
    (send
      (send
        (begin
          (send
            (hole 0 {:hash_depth=>0, :limit_depth=>true, :recv=>true}) :-
            (hole 0 {:hash_depth=>0, :method_arg=>true}))) :noteable) :-
      (hole 0 {:hash_depth=>0, :method_arg=>true})))
  (begin
    (send
      (send
        (begin
          (send
            (hole 0 {:hash_depth=>0, :limit_depth=>true, :recv=>true}) :-
            (hole 0 {:hash_depth=>0, :method_arg=>true}))) :noteable) :save))
  (begin
    (send
      (send
        (begin
          (send
            (hole 0 {:hash_depth=>0, :limit_depth=>true, :recv=>true}) :-
            (hole 0 {:hash_depth=>0, :method_arg=>true}))) :noteable=
        (hole 0 {:hash_depth=>0, :method_arg=>true})) :count))
  (begin
    (send
      (send
        (begin
          (send
            (hole 0 {:hash_depth=>0, :limit_depth=>true, :recv=>true}) :-
            (hole 0 {:hash_depth=>0, :method_arg=>true}))) :noteable=
        (hole 0 {:hash_depth=>0, :method_arg=>true})) :-
      (hole 0 {:hash_depth=>0, :method_arg=>true})))
  (begin
    (send
      (send
        (begin
          (send
            (hole 0 {:hash_depth=>0, :limit_depth=>true, :recv=>true}) :-
            (hole 0 {:hash_depth=>0, :method_arg=>true}))) :noteable=
        (hole 0 {:hash_depth=>0, :method_arg=>true})) :save))
  (begin
    (send
      (send
        (begin
          (send
            (hole 0 {:hash_depth=>0, :limit_depth=>true, :recv=>true}) :-
            (hole 0 {:hash_depth=>0, :method_arg=>true}))) :in_reply_to) :count))
  (begin
    (send
      (send
        (begin
          (send
            (hole 0 {:hash_depth=>0, :limit_depth=>true, :recv=>true}) :-
            (hole 0 {:hash_depth=>0, :method_arg=>true}))) :in_reply_to) :-
      (hole 0 {:hash_depth=>0, :method_arg=>true})))
  (begin
    (send
      (send
        (begin
          (send
            (hole 0 {:hash_depth=>0, :limit_depth=>true, :recv=>true}) :-
            (hole 0 {:hash_depth=>0, :method_arg=>true}))) :in_reply_to) :save))
  (begin
    (send
      (send
        (begin
          (send
            (hole 0 {:hash_depth=>0, :limit_depth=>true, :recv=>true}) :-
            (hole 0 {:hash_depth=>0, :method_arg=>true}))) :in_reply_to=
        (hole 0 {:hash_depth=>0, :method_arg=>true})) :count))
  (begin
    (send
      (send
        (begin
          (send
            (hole 0 {:hash_depth=>0, :limit_depth=>true, :recv=>true}) :-
            (hole 0 {:hash_depth=>0, :method_arg=>true}))) :in_reply_to=
        (hole 0 {:hash_depth=>0, :method_arg=>true})) :-
      (hole 0 {:hash_depth=>0, :method_arg=>true})))
  (begin
    (send
      (send
        (begin
          (send
            (hole 0 {:hash_depth=>0, :limit_depth=>true, :recv=>true}) :-
            (hole 0 {:hash_depth=>0, :method_arg=>true}))) :in_reply_to=
        (hole 0 {:hash_depth=>0, :method_arg=>true})) :save))
  (begin
    (send
      (send
        (begin
          (send
            (hole 0 {:hash_depth=>0, :limit_depth=>true, :recv=>true}) :-
            (hole 0 {:hash_depth=>0, :method_arg=>true}))) :otp_required_for_login=
        (hole 0 {:hash_depth=>0, :method_arg=>true})) :count))
  (begin
    (send
      (send
        (begin
          (send
            (hole 0 {:hash_depth=>0, :limit_depth=>true, :recv=>true}) :-
            (hole 0 {:hash_depth=>0, :method_arg=>true}))) :otp_required_for_login=
        (hole 0 {:hash_depth=>0, :method_arg=>true})) :-
      (hole 0 {:hash_depth=>0, :method_arg=>true})))
  (begin
    (send
      (send
        (begin
          (send
            (hole 0 {:hash_depth=>0, :limit_depth=>true, :recv=>true}) :-
            (hole 0 {:hash_depth=>0, :method_arg=>true}))) :otp_required_for_login=
        (hole 0 {:hash_depth=>0, :method_arg=>true})) :save))
  (begin
    (send
      (send
        (begin
          (send
            (hole 0 {:hash_depth=>0, :limit_depth=>true, :recv=>true}) :-
            (hole 0 {:hash_depth=>0, :method_arg=>true}))) :otp_required_for_login) :count))
  (begin
    (send
      (send
        (begin
          (send
            (hole 0 {:hash_depth=>0, :limit_depth=>true, :recv=>true}) :-
            (hole 0 {:hash_depth=>0, :method_arg=>true}))) :otp_required_for_login) :-
      (hole 0 {:hash_depth=>0, :method_arg=>true})))
  (begin
    (send
      (send
        (begin
          (send
            (hole 0 {:hash_depth=>0, :limit_depth=>true, :recv=>true}) :-
            (hole 0 {:hash_depth=>0, :method_arg=>true}))) :otp_required_for_login) :save))
  (begin
    (send
      (send
        (begin
          (send
            (hole 0 {:hash_depth=>0, :limit_depth=>true, :recv=>true}) :-
            (hole 0 {:hash_depth=>0, :method_arg=>true}))) :encrypted_otp_secret=
        (hole 0 {:hash_depth=>0, :method_arg=>true})) :count))
  (begin
    (send
      (send
        (begin
          (send
            (hole 0 {:hash_depth=>0, :limit_depth=>true, :recv=>true}) :-
            (hole 0 {:hash_depth=>0, :method_arg=>true}))) :encrypted_otp_secret=
        (hole 0 {:hash_depth=>0, :method_arg=>true})) :-
      (hole 0 {:hash_depth=>0, :method_arg=>true})))
  (begin
    (send
      (send
        (begin
          (send
            (hole 0 {:hash_depth=>0, :limit_depth=>true, :recv=>true}) :-
            (hole 0 {:hash_depth=>0, :method_arg=>true}))) :encrypted_otp_secret=
        (hole 0 {:hash_depth=>0, :method_arg=>true})) :save))
  (begin
    (send
      (send
        (begin
          (send
            (hole 0 {:hash_depth=>0, :limit_depth=>true, :recv=>true}) :-
            (hole 0 {:hash_depth=>0, :method_arg=>true}))) :encrypted_otp_secret) :count))
  (begin
    (send
      (send
        (begin
          (send
            (hole 0 {:hash_depth=>0, :limit_depth=>true, :recv=>true}) :-
            (hole 0 {:hash_depth=>0, :method_arg=>true}))) :encrypted_otp_secret) :-
      (hole 0 {:hash_depth=>0, :method_arg=>true})))
  (begin
    (send
      (send
        (begin
          (send
            (hole 0 {:hash_depth=>0, :limit_depth=>true, :recv=>true}) :-
            (hole 0 {:hash_depth=>0, :method_arg=>true}))) :encrypted_otp_secret) :save))
  (begin
    (send
      (send
        (begin
          (send
            (hole 0 {:hash_depth=>0, :limit_depth=>true, :recv=>true}) :-
            (hole 0 {:hash_depth=>0, :method_arg=>true}))) :encrypted_otp_secret_iv=
        (hole 0 {:hash_depth=>0, :method_arg=>true})) :count))
  (begin
    (send
      (send
        (begin
          (send
            (hole 0 {:hash_depth=>0, :limit_depth=>true, :recv=>true}) :-
            (hole 0 {:hash_depth=>0, :method_arg=>true}))) :encrypted_otp_secret_iv=
        (hole 0 {:hash_depth=>0, :method_arg=>true})) :-
      (hole 0 {:hash_depth=>0, :method_arg=>true})))
  (begin
    (send
      (send
        (begin
          (send
            (hole 0 {:hash_depth=>0, :limit_depth=>true, :recv=>true}) :-
            (hole 0 {:hash_depth=>0, :method_arg=>true}))) :encrypted_otp_secret_iv=
        (hole 0 {:hash_depth=>0, :method_arg=>true})) :save))
  (begin
    (send
      (send
        (begin
          (send
            (hole 0 {:hash_depth=>0, :limit_depth=>true, :recv=>true}) :-
            (hole 0 {:hash_depth=>0, :method_arg=>true}))) :encrypted_otp_secret_iv) :count))
  (begin
    (send
      (send
        (begin
          (send
            (hole 0 {:hash_depth=>0, :limit_depth=>true, :recv=>true}) :-
            (hole 0 {:hash_depth=>0, :method_arg=>true}))) :encrypted_otp_secret_iv) :-
      (hole 0 {:hash_depth=>0, :method_arg=>true})))
  (begin
    (send
      (send
        (begin
          (send
            (hole 0 {:hash_depth=>0, :limit_depth=>true, :recv=>true}) :-
            (hole 0 {:hash_depth=>0, :method_arg=>true}))) :encrypted_otp_secret_iv) :save))
  (begin
    (send
      (send
        (begin
          (send
            (hole 0 {:hash_depth=>0, :limit_depth=>true, :recv=>true}) :-
            (hole 0 {:hash_depth=>0, :method_arg=>true}))) :encrypted_otp_secret_salt=
        (hole 0 {:hash_depth=>0, :method_arg=>true})) :count))
  (begin
    (send
      (send
        (begin
          (send
            (hole 0 {:hash_depth=>0, :limit_depth=>true, :recv=>true}) :-
            (hole 0 {:hash_depth=>0, :method_arg=>true}))) :encrypted_otp_secret_salt=
        (hole 0 {:hash_depth=>0, :method_arg=>true})) :-
      (hole 0 {:hash_depth=>0, :method_arg=>true})))
  (begin
    (send
      (send
        (begin
          (send
            (hole 0 {:hash_depth=>0, :limit_depth=>true, :recv=>true}) :-
            (hole 0 {:hash_depth=>0, :method_arg=>true}))) :encrypted_otp_secret_salt=
        (hole 0 {:hash_depth=>0, :method_arg=>true})) :save))
  (begin
    (send
      (send
        (begin
          (send
            (hole 0 {:hash_depth=>0, :limit_depth=>true, :recv=>true}) :-
            (hole 0 {:hash_depth=>0, :method_arg=>true}))) :encrypted_otp_secret_salt) :count))
  (begin
    (send
      (send
        (begin
          (send
            (hole 0 {:hash_depth=>0, :limit_depth=>true, :recv=>true}) :-
            (hole 0 {:hash_depth=>0, :method_arg=>true}))) :encrypted_otp_secret_salt) :-
      (hole 0 {:hash_depth=>0, :method_arg=>true})))
  (begin
    (send
      (send
        (begin
          (send
            (hole 0 {:hash_depth=>0, :limit_depth=>true, :recv=>true}) :-
            (hole 0 {:hash_depth=>0, :method_arg=>true}))) :encrypted_otp_secret_salt) :save))
  (begin
    (send
      (send
        (begin
          (send
            (hole 0 {:hash_depth=>0, :limit_depth=>true, :recv=>true}) :-
            (hole 0 {:hash_depth=>0, :method_arg=>true}))) :otp_backup_codes=
        (hole 0 {:hash_depth=>0, :method_arg=>true})) :count))
  (begin
    (send
      (send
        (begin
          (send
            (hole 0 {:hash_depth=>0, :limit_depth=>true, :recv=>true}) :-
            (hole 0 {:hash_depth=>0, :method_arg=>true}))) :otp_backup_codes=
        (hole 0 {:hash_depth=>0, :method_arg=>true})) :-
      (hole 0 {:hash_depth=>0, :method_arg=>true})))
  (begin
    (send
      (send
        (begin
          (send
            (hole 0 {:hash_depth=>0, :limit_depth=>true, :recv=>true}) :-
            (hole 0 {:hash_depth=>0, :method_arg=>true}))) :otp_backup_codes=
        (hole 0 {:hash_depth=>0, :method_arg=>true})) :save))
  (begin
    (send
      (send
        (begin
          (send
            (hole 0 {:hash_depth=>0, :limit_depth=>true, :recv=>true}) :-
            (hole 0 {:hash_depth=>0, :method_arg=>true}))) :otp_backup_codes) :count))
  (begin
    (send
      (send
        (begin
          (send
            (hole 0 {:hash_depth=>0, :limit_depth=>true, :recv=>true}) :-
            (hole 0 {:hash_depth=>0, :method_arg=>true}))) :otp_backup_codes) :-
      (hole 0 {:hash_depth=>0, :method_arg=>true})))
  (begin
    (send
      (send
        (begin
          (send
            (hole 0 {:hash_depth=>0, :limit_depth=>true, :recv=>true}) :-
            (hole 0 {:hash_depth=>0, :method_arg=>true}))) :otp_backup_codes) :save))
  (begin
    (send
      (send
        (begin
          (send
            (hole 0 {:hash_depth=>0, :limit_depth=>true, :recv=>true}) :-
            (hole 0 {:hash_depth=>0, :method_arg=>true}))) :otp_grace_period_started_at=
        (hole 0 {:hash_depth=>0, :method_arg=>true})) :count))
  (begin
    (send
      (send
        (begin
          (send
            (hole 0 {:hash_depth=>0, :limit_depth=>true, :recv=>true}) :-
            (hole 0 {:hash_depth=>0, :method_arg=>true}))) :otp_grace_period_started_at=
        (hole 0 {:hash_depth=>0, :method_arg=>true})) :-
      (hole 0 {:hash_depth=>0, :method_arg=>true})))
  (begin
    (send
      (send
        (begin
          (send
            (hole 0 {:hash_depth=>0, :limit_depth=>true, :recv=>true}) :-
            (hole 0 {:hash_depth=>0, :method_arg=>true}))) :otp_grace_period_started_at=
        (hole 0 {:hash_depth=>0, :method_arg=>true})) :save))
  (begin
    (send
      (send
        (begin
          (send
            (hole 0 {:hash_depth=>0, :limit_depth=>true, :recv=>true}) :-
            (hole 0 {:hash_depth=>0, :method_arg=>true}))) :otp_grace_period_started_at) :count))
  (begin
    (send
      (send
        (begin
          (send
            (hole 0 {:hash_depth=>0, :limit_depth=>true, :recv=>true}) :-
            (hole 0 {:hash_depth=>0, :method_arg=>true}))) :otp_grace_period_started_at) :-
      (hole 0 {:hash_depth=>0, :method_arg=>true})))
  (begin
    (send
      (send
        (begin
          (send
            (hole 0 {:hash_depth=>0, :limit_depth=>true, :recv=>true}) :-
            (hole 0 {:hash_depth=>0, :method_arg=>true}))) :otp_grace_period_started_at) :save))
  (begin
    (send
      (send
        (begin
          (send
            (hole 0 {:hash_depth=>0, :limit_depth=>true, :recv=>true}) :-
            (hole 0 {:hash_depth=>0, :method_arg=>true}))) :state_id=
        (hole 0 {:hash_depth=>0, :method_arg=>true})) :-
      (hole 0 {:hash_depth=>0, :method_arg=>true})))
  (begin
    (send
      (send
        (begin
          (send
            (hole 0 {:hash_depth=>0, :limit_depth=>true, :recv=>true}) :-
            (hole 0 {:hash_depth=>0, :method_arg=>true}))) :state_id=
        (hole 0 {:hash_depth=>0, :method_arg=>true})) :-
      (hole 0 {:hash_depth=>0, :method_arg=>true})))
  (begin
    (send
      (send
        (begin
          (send
            (hole 0 {:hash_depth=>0, :limit_depth=>true, :recv=>true}) :-
            (hole 0 {:hash_depth=>0, :method_arg=>true}))) :state_id=
        (hole 0 {:hash_depth=>0, :method_arg=>true})) :-
      (hole 0 {:hash_depth=>0, :method_arg=>true})))
  (begin
    (send
      (send
        (begin
          (send
            (hole 0 {:hash_depth=>0, :limit_depth=>true, :recv=>true}) :-
            (hole 0 {:hash_depth=>0, :method_arg=>true}))) :state_id=
        (hole 0 {:hash_depth=>0, :method_arg=>true})) :count))
  (begin
    (send
      (send
        (begin
          (send
            (hole 0 {:hash_depth=>0, :limit_depth=>true, :recv=>true}) :-
            (hole 0 {:hash_depth=>0, :method_arg=>true}))) :state_id=
        (hole 0 {:hash_depth=>0, :method_arg=>true})) :save))
  (begin
    (send
      (send
        (begin
          (send
            (hole 0 {:hash_depth=>0, :limit_depth=>true, :recv=>true}) :-
            (hole 0 {:hash_depth=>0, :method_arg=>true}))) :state_id) :-
      (hole 0 {:hash_depth=>0, :method_arg=>true})))
  (begin
    (send
      (send
        (begin
          (send
            (hole 0 {:hash_depth=>0, :limit_depth=>true, :recv=>true}) :-
            (hole 0 {:hash_depth=>0, :method_arg=>true}))) :state_id) :-
      (hole 0 {:hash_depth=>0, :method_arg=>true})))
  (begin
    (send
      (send
        (begin
          (send
            (hole 0 {:hash_depth=>0, :limit_depth=>true, :recv=>true}) :-
            (hole 0 {:hash_depth=>0, :method_arg=>true}))) :state_id) :-
      (hole 0 {:hash_depth=>0, :method_arg=>true})))
  (begin
    (send
      (send
        (begin
          (send
            (hole 0 {:hash_depth=>0, :limit_depth=>true, :recv=>true}) :-
            (hole 0 {:hash_depth=>0, :method_arg=>true}))) :state_id) :count))
  (begin
    (send
      (send
        (begin
          (send
            (hole 0 {:hash_depth=>0, :limit_depth=>true, :recv=>true}) :-
            (hole 0 {:hash_depth=>0, :method_arg=>true}))) :state_id) :save))
  (begin
    (send
      (send
        (begin
          (send
            (hole 0 {:hash_depth=>0, :limit_depth=>true, :recv=>true}) :-
            (hole 0 {:hash_depth=>0, :method_arg=>true}))) :closed_at=
        (hole 0 {:hash_depth=>0, :method_arg=>true})) :count))
  (begin
    (send
      (send
        (begin
          (send
            (hole 0 {:hash_depth=>0, :limit_depth=>true, :recv=>true}) :-
            (hole 0 {:hash_depth=>0, :method_arg=>true}))) :closed_at=
        (hole 0 {:hash_depth=>0, :method_arg=>true})) :-
      (hole 0 {:hash_depth=>0, :method_arg=>true})))
  (begin
    (send
      (send
        (begin
          (send
            (hole 0 {:hash_depth=>0, :limit_depth=>true, :recv=>true}) :-
            (hole 0 {:hash_depth=>0, :method_arg=>true}))) :closed_at=
        (hole 0 {:hash_depth=>0, :method_arg=>true})) :save))
  (begin
    (send
      (send
        (begin
          (send
            (hole 0 {:hash_depth=>0, :limit_depth=>true, :recv=>true}) :-
            (hole 0 {:hash_depth=>0, :method_arg=>true}))) :closed_at) :count))
  (begin
    (send
      (send
        (begin
          (send
            (hole 0 {:hash_depth=>0, :limit_depth=>true, :recv=>true}) :-
            (hole 0 {:hash_depth=>0, :method_arg=>true}))) :closed_at) :-
      (hole 0 {:hash_depth=>0, :method_arg=>true})))
  (begin
    (send
      (send
        (begin
          (send
            (hole 0 {:hash_depth=>0, :limit_depth=>true, :recv=>true}) :-
            (hole 0 {:hash_depth=>0, :method_arg=>true}))) :closed_at) :save))
  (begin
    (send
      (send
        (begin
          (send
            (hole 0 {:hash_depth=>0, :limit_depth=>true, :recv=>true}) :-
            (hole 0 {:hash_depth=>0, :method_arg=>true}))) :closed_by_id=
        (hole 0 {:hash_depth=>0, :method_arg=>true})) :-
      (hole 0 {:hash_depth=>0, :method_arg=>true})))
  (begin
    (send
      (send
        (begin
          (send
            (hole 0 {:hash_depth=>0, :limit_depth=>true, :recv=>true}) :-
            (hole 0 {:hash_depth=>0, :method_arg=>true}))) :closed_by_id=
        (hole 0 {:hash_depth=>0, :method_arg=>true})) :-
      (hole 0 {:hash_depth=>0, :method_arg=>true})))
  (begin
    (send
      (send
        (begin
          (send
            (hole 0 {:hash_depth=>0, :limit_depth=>true, :recv=>true}) :-
            (hole 0 {:hash_depth=>0, :method_arg=>true}))) :closed_by_id=
        (hole 0 {:hash_depth=>0, :method_arg=>true})) :-
      (hole 0 {:hash_depth=>0, :method_arg=>true})))
  (begin
    (send
      (send
        (begin
          (send
            (hole 0 {:hash_depth=>0, :limit_depth=>true, :recv=>true}) :-
            (hole 0 {:hash_depth=>0, :method_arg=>true}))) :closed_by_id=
        (hole 0 {:hash_depth=>0, :method_arg=>true})) :count))
  (begin
    (send
      (send
        (begin
          (send
            (hole 0 {:hash_depth=>0, :limit_depth=>true, :recv=>true}) :-
            (hole 0 {:hash_depth=>0, :method_arg=>true}))) :closed_by_id=
        (hole 0 {:hash_depth=>0, :method_arg=>true})) :save))
  (begin
    (send
      (send
        (begin
          (send
            (hole 0 {:hash_depth=>0, :limit_depth=>true, :recv=>true}) :-
            (hole 0 {:hash_depth=>0, :method_arg=>true}))) :closed_by_id) :-
      (hole 0 {:hash_depth=>0, :method_arg=>true})))
  (begin
    (send
      (send
        (begin
          (send
            (hole 0 {:hash_depth=>0, :limit_depth=>true, :recv=>true}) :-
            (hole 0 {:hash_depth=>0, :method_arg=>true}))) :closed_by_id) :-
      (hole 0 {:hash_depth=>0, :method_arg=>true})))
  (begin
    (send
      (send
        (begin
          (send
            (hole 0 {:hash_depth=>0, :limit_depth=>true, :recv=>true}) :-
            (hole 0 {:hash_depth=>0, :method_arg=>true}))) :closed_by_id) :-
      (hole 0 {:hash_depth=>0, :method_arg=>true})))
  (begin
    (send
      (send
        (begin
          (send
            (hole 0 {:hash_depth=>0, :limit_depth=>true, :recv=>true}) :-
            (hole 0 {:hash_depth=>0, :method_arg=>true}))) :closed_by_id) :count))
  (begin
    (send
      (send
        (begin
          (send
            (hole 0 {:hash_depth=>0, :limit_depth=>true, :recv=>true}) :-
            (hole 0 {:hash_depth=>0, :method_arg=>true}))) :closed_by_id) :save))
  (send
    (send
      (begin
        (send
          (hole 0 {:hash_depth=>0, :limit_depth=>true, :recv=>true}) :-
          (hole 0 {:hash_depth=>0, :method_arg=>true}))) :closed_by) :otp_required_for_login=
    (hole 0 {:hash_depth=>0, :method_arg=>true}))
  (send
    (send
      (begin
        (send
          (hole 0 {:hash_depth=>0, :limit_depth=>true, :recv=>true}) :-
          (hole 0 {:hash_depth=>0, :method_arg=>true}))) :closed_by) :otp_required_for_login)
  (begin
    (send
      (send
        (begin
          (send
            (hole 0 {:hash_depth=>0, :limit_depth=>true, :recv=>true}) :-
            (hole 0 {:hash_depth=>0, :method_arg=>true}))) :closed_by) :count))
  (begin
    (send
      (send
        (begin
          (send
            (hole 0 {:hash_depth=>0, :limit_depth=>true, :recv=>true}) :-
            (hole 0 {:hash_depth=>0, :method_arg=>true}))) :closed_by) :-
      (hole 0 {:hash_depth=>0, :method_arg=>true})))
  (begin
    (send
      (send
        (begin
          (send
            (hole 0 {:hash_depth=>0, :limit_depth=>true, :recv=>true}) :-
            (hole 0 {:hash_depth=>0, :method_arg=>true}))) :closed_by) :save))
  (send
    (send
      (begin
        (send
          (hole 0 {:hash_depth=>0, :limit_depth=>true, :recv=>true}) :-
          (hole 0 {:hash_depth=>0, :method_arg=>true}))) :closed_by=
      (hole 0 {:hash_depth=>0, :method_arg=>true})) :otp_required_for_login=
    (hole 0 {:hash_depth=>0, :method_arg=>true}))
  (send
    (send
      (begin
        (send
          (hole 0 {:hash_depth=>0, :limit_depth=>true, :recv=>true}) :-
          (hole 0 {:hash_depth=>0, :method_arg=>true}))) :closed_by=
      (hole 0 {:hash_depth=>0, :method_arg=>true})) :otp_required_for_login)
  (begin
    (send
      (send
        (begin
          (send
            (hole 0 {:hash_depth=>0, :limit_depth=>true, :recv=>true}) :-
            (hole 0 {:hash_depth=>0, :method_arg=>true}))) :closed_by=
        (hole 0 {:hash_depth=>0, :method_arg=>true})) :count))
  (begin
    (send
      (send
        (begin
          (send
            (hole 0 {:hash_depth=>0, :limit_depth=>true, :recv=>true}) :-
            (hole 0 {:hash_depth=>0, :method_arg=>true}))) :closed_by=
        (hole 0 {:hash_depth=>0, :method_arg=>true})) :-
      (hole 0 {:hash_depth=>0, :method_arg=>true})))
  (begin
    (send
      (send
        (begin
          (send
            (hole 0 {:hash_depth=>0, :limit_depth=>true, :recv=>true}) :-
            (hole 0 {:hash_depth=>0, :method_arg=>true}))) :closed_by=
        (hole 0 {:hash_depth=>0, :method_arg=>true})) :save))
  (begin
    (send
      (send
        (begin
          (send
            (hole 0 {:hash_depth=>0, :limit_depth=>true, :recv=>true}) :-
            (hole 0 {:hash_depth=>0, :method_arg=>true}))) :name=
        (hole 0 {:hash_depth=>0, :method_arg=>true})) :count))
  (begin
    (send
      (send
        (begin
          (send
            (hole 0 {:hash_depth=>0, :limit_depth=>true, :recv=>true}) :-
            (hole 0 {:hash_depth=>0, :method_arg=>true}))) :name=
        (hole 0 {:hash_depth=>0, :method_arg=>true})) :-
      (hole 0 {:hash_depth=>0, :method_arg=>true})))
  (begin
    (send
      (send
        (begin
          (send
            (hole 0 {:hash_depth=>0, :limit_depth=>true, :recv=>true}) :-
            (hole 0 {:hash_depth=>0, :method_arg=>true}))) :name=
        (hole 0 {:hash_depth=>0, :method_arg=>true})) :save))
  (begin
    (send
      (send
        (begin
          (send
            (hole 0 {:hash_depth=>0, :limit_depth=>true, :recv=>true}) :-
            (hole 0 {:hash_depth=>0, :method_arg=>true}))) :name) :count))
  (begin
    (send
      (send
        (begin
          (send
            (hole 0 {:hash_depth=>0, :limit_depth=>true, :recv=>true}) :-
            (hole 0 {:hash_depth=>0, :method_arg=>true}))) :name) :-
      (hole 0 {:hash_depth=>0, :method_arg=>true})))
  (begin
    (send
      (send
        (begin
          (send
            (hole 0 {:hash_depth=>0, :limit_depth=>true, :recv=>true}) :-
            (hole 0 {:hash_depth=>0, :method_arg=>true}))) :name) :save))
  (begin
    (send
      (send
        (begin
          (send
            (hole 0 {:hash_depth=>0, :limit_depth=>true, :recv=>true}) :-
            (hole 0 {:hash_depth=>0, :method_arg=>true}))) :admin=
        (hole 0 {:hash_depth=>0, :method_arg=>true})) :count))
  (begin
    (send
      (send
        (begin
          (send
            (hole 0 {:hash_depth=>0, :limit_depth=>true, :recv=>true}) :-
            (hole 0 {:hash_depth=>0, :method_arg=>true}))) :admin=
        (hole 0 {:hash_depth=>0, :method_arg=>true})) :-
      (hole 0 {:hash_depth=>0, :method_arg=>true})))
  (begin
    (send
      (send
        (begin
          (send
            (hole 0 {:hash_depth=>0, :limit_depth=>true, :recv=>true}) :-
            (hole 0 {:hash_depth=>0, :method_arg=>true}))) :admin=
        (hole 0 {:hash_depth=>0, :method_arg=>true})) :save))
  (begin
    (send
      (send
        (begin
          (send
            (hole 0 {:hash_depth=>0, :limit_depth=>true, :recv=>true}) :-
            (hole 0 {:hash_depth=>0, :method_arg=>true}))) :admin) :count))
  (begin
    (send
      (send
        (begin
          (send
            (hole 0 {:hash_depth=>0, :limit_depth=>true, :recv=>true}) :-
            (hole 0 {:hash_depth=>0, :method_arg=>true}))) :admin) :-
      (hole 0 {:hash_depth=>0, :method_arg=>true})))
  (begin
    (send
      (send
        (begin
          (send
            (hole 0 {:hash_depth=>0, :limit_depth=>true, :recv=>true}) :-
            (hole 0 {:hash_depth=>0, :method_arg=>true}))) :admin) :save))
  (begin
    (send
      (send
        (begin
          (send
            (hole 0 {:hash_depth=>0, :limit_depth=>true, :recv=>true}) :-
            (hole 0 {:hash_depth=>0, :method_arg=>true}))) :created_by=
        (hole 0 {:hash_depth=>0, :method_arg=>true})) :count))
  (begin
    (send
      (send
        (begin
          (send
            (hole 0 {:hash_depth=>0, :limit_depth=>true, :recv=>true}) :-
            (hole 0 {:hash_depth=>0, :method_arg=>true}))) :created_by=
        (hole 0 {:hash_depth=>0, :method_arg=>true})) :-
      (hole 0 {:hash_depth=>0, :method_arg=>true})))
  (begin
    (send
      (send
        (begin
          (send
            (hole 0 {:hash_depth=>0, :limit_depth=>true, :recv=>true}) :-
            (hole 0 {:hash_depth=>0, :method_arg=>true}))) :created_by=
        (hole 0 {:hash_depth=>0, :method_arg=>true})) :save))
  (begin
    (send
      (send
        (begin
          (send
            (hole 0 {:hash_depth=>0, :limit_depth=>true, :recv=>true}) :-
            (hole 0 {:hash_depth=>0, :method_arg=>true}))) :created_by) :count))
  (begin
    (send
      (send
        (begin
          (send
            (hole 0 {:hash_depth=>0, :limit_depth=>true, :recv=>true}) :-
            (hole 0 {:hash_depth=>0, :method_arg=>true}))) :created_by) :-
      (hole 0 {:hash_depth=>0, :method_arg=>true})))
  (begin
    (send
      (send
        (begin
          (send
            (hole 0 {:hash_depth=>0, :limit_depth=>true, :recv=>true}) :-
            (hole 0 {:hash_depth=>0, :method_arg=>true}))) :created_by) :save))
  (begin
    (send
      (send
        (begin
          (send
            (hole 0 {:hash_depth=>0, :limit_depth=>true, :recv=>true}) :-
            (hole 0 {:hash_depth=>0, :method_arg=>true}))) :slug=
        (hole 0 {:hash_depth=>0, :method_arg=>true})) :count))
  (begin
    (send
      (send
        (begin
          (send
            (hole 0 {:hash_depth=>0, :limit_depth=>true, :recv=>true}) :-
            (hole 0 {:hash_depth=>0, :method_arg=>true}))) :slug=
        (hole 0 {:hash_depth=>0, :method_arg=>true})) :-
      (hole 0 {:hash_depth=>0, :method_arg=>true})))
  (begin
    (send
      (send
        (begin
          (send
            (hole 0 {:hash_depth=>0, :limit_depth=>true, :recv=>true}) :-
            (hole 0 {:hash_depth=>0, :method_arg=>true}))) :slug=
        (hole 0 {:hash_depth=>0, :method_arg=>true})) :save))
  (begin
    (send
      (send
        (begin
          (send
            (hole 0 {:hash_depth=>0, :limit_depth=>true, :recv=>true}) :-
            (hole 0 {:hash_depth=>0, :method_arg=>true}))) :slug) :count))
  (begin
    (send
      (send
        (begin
          (send
            (hole 0 {:hash_depth=>0, :limit_depth=>true, :recv=>true}) :-
            (hole 0 {:hash_depth=>0, :method_arg=>true}))) :slug) :-
      (hole 0 {:hash_depth=>0, :method_arg=>true})))
  (begin
    (send
      (send
        (begin
          (send
            (hole 0 {:hash_depth=>0, :limit_depth=>true, :recv=>true}) :-
            (hole 0 {:hash_depth=>0, :method_arg=>true}))) :slug) :save))
  (begin
    (send
      (send
        (begin
          (send
            (hole 0 {:hash_depth=>0, :limit_depth=>true, :recv=>true}) :-
            (hole 0 {:hash_depth=>0, :method_arg=>true}))) :title=
        (hole 0 {:hash_depth=>0, :method_arg=>true})) :count))
  (begin
    (send
      (send
        (begin
          (send
            (hole 0 {:hash_depth=>0, :limit_depth=>true, :recv=>true}) :-
            (hole 0 {:hash_depth=>0, :method_arg=>true}))) :title=
        (hole 0 {:hash_depth=>0, :method_arg=>true})) :-
      (hole 0 {:hash_depth=>0, :method_arg=>true})))
  (begin
    (send
      (send
        (begin
          (send
            (hole 0 {:hash_depth=>0, :limit_depth=>true, :recv=>true}) :-
            (hole 0 {:hash_depth=>0, :method_arg=>true}))) :title=
        (hole 0 {:hash_depth=>0, :method_arg=>true})) :save))
  (begin
    (send
      (send
        (begin
          (send
            (hole 0 {:hash_depth=>0, :limit_depth=>true, :recv=>true}) :-
            (hole 0 {:hash_depth=>0, :method_arg=>true}))) :title) :count))
  (begin
    (send
      (send
        (begin
          (send
            (hole 0 {:hash_depth=>0, :limit_depth=>true, :recv=>true}) :-
            (hole 0 {:hash_depth=>0, :method_arg=>true}))) :title) :-
      (hole 0 {:hash_depth=>0, :method_arg=>true})))
  (begin
    (send
      (send
        (begin
          (send
            (hole 0 {:hash_depth=>0, :limit_depth=>true, :recv=>true}) :-
            (hole 0 {:hash_depth=>0, :method_arg=>true}))) :title) :save))
  (begin
    (send
      (send
        (begin
          (send
            (hole 0 {:hash_depth=>0, :limit_depth=>true, :recv=>true}) :-
            (hole 0 {:hash_depth=>0, :method_arg=>true}))) :password=
        (hole 0 {:hash_depth=>0, :method_arg=>true})) :count))
  (begin
    (send
      (send
        (begin
          (send
            (hole 0 {:hash_depth=>0, :limit_depth=>true, :recv=>true}) :-
            (hole 0 {:hash_depth=>0, :method_arg=>true}))) :password=
        (hole 0 {:hash_depth=>0, :method_arg=>true})) :-
      (hole 0 {:hash_depth=>0, :method_arg=>true})))
  (begin
    (send
      (send
        (begin
          (send
            (hole 0 {:hash_depth=>0, :limit_depth=>true, :recv=>true}) :-
            (hole 0 {:hash_depth=>0, :method_arg=>true}))) :password=
        (hole 0 {:hash_depth=>0, :method_arg=>true})) :save))
  (begin
    (send
      (send
        (begin
          (send
            (hole 0 {:hash_depth=>0, :limit_depth=>true, :recv=>true}) :-
            (hole 0 {:hash_depth=>0, :method_arg=>true}))) :password) :count))
  (begin
    (send
      (send
        (begin
          (send
            (hole 0 {:hash_depth=>0, :limit_depth=>true, :recv=>true}) :-
            (hole 0 {:hash_depth=>0, :method_arg=>true}))) :password) :-
      (hole 0 {:hash_depth=>0, :method_arg=>true})))
  (begin
    (send
      (send
        (begin
          (send
            (hole 0 {:hash_depth=>0, :limit_depth=>true, :recv=>true}) :-
            (hole 0 {:hash_depth=>0, :method_arg=>true}))) :password) :save))
  (begin
    (send
      (send
        (begin
          (send
            (hole 0 {:hash_depth=>0, :limit_depth=>true, :recv=>true}) :-
            (hole 0 {:hash_depth=>0, :method_arg=>true}))) :staged=
        (hole 0 {:hash_depth=>0, :method_arg=>true})) :count))
  (begin
    (send
      (send
        (begin
          (send
            (hole 0 {:hash_depth=>0, :limit_depth=>true, :recv=>true}) :-
            (hole 0 {:hash_depth=>0, :method_arg=>true}))) :staged=
        (hole 0 {:hash_depth=>0, :method_arg=>true})) :-
      (hole 0 {:hash_depth=>0, :method_arg=>true})))
  (begin
    (send
      (send
        (begin
          (send
            (hole 0 {:hash_depth=>0, :limit_depth=>true, :recv=>true}) :-
            (hole 0 {:hash_depth=>0, :method_arg=>true}))) :staged=
        (hole 0 {:hash_depth=>0, :method_arg=>true})) :save))
  (begin
    (send
      (send
        (begin
          (send
            (hole 0 {:hash_depth=>0, :limit_depth=>true, :recv=>true}) :-
            (hole 0 {:hash_depth=>0, :method_arg=>true}))) :staged) :count))
  (begin
    (send
      (send
        (begin
          (send
            (hole 0 {:hash_depth=>0, :limit_depth=>true, :recv=>true}) :-
            (hole 0 {:hash_depth=>0, :method_arg=>true}))) :staged) :-
      (hole 0 {:hash_depth=>0, :method_arg=>true})))
  (begin
    (send
      (send
        (begin
          (send
            (hole 0 {:hash_depth=>0, :limit_depth=>true, :recv=>true}) :-
            (hole 0 {:hash_depth=>0, :method_arg=>true}))) :staged) :save))
  (begin
    (send
      (send
        (begin
          (send
            (hole 0 {:hash_depth=>0, :limit_depth=>true, :recv=>true}) :-
            (hole 0 {:hash_depth=>0, :method_arg=>true}))) :active=
        (hole 0 {:hash_depth=>0, :method_arg=>true})) :count))
  (begin
    (send
      (send
        (begin
          (send
            (hole 0 {:hash_depth=>0, :limit_depth=>true, :recv=>true}) :-
            (hole 0 {:hash_depth=>0, :method_arg=>true}))) :active=
        (hole 0 {:hash_depth=>0, :method_arg=>true})) :-
      (hole 0 {:hash_depth=>0, :method_arg=>true})))
  (begin
    (send
      (send
        (begin
          (send
            (hole 0 {:hash_depth=>0, :limit_depth=>true, :recv=>true}) :-
            (hole 0 {:hash_depth=>0, :method_arg=>true}))) :active=
        (hole 0 {:hash_depth=>0, :method_arg=>true})) :save))
  (begin
    (send
      (send
        (begin
          (send
            (hole 0 {:hash_depth=>0, :limit_depth=>true, :recv=>true}) :-
            (hole 0 {:hash_depth=>0, :method_arg=>true}))) :active) :count))
  (begin
    (send
      (send
        (begin
          (send
            (hole 0 {:hash_depth=>0, :limit_depth=>true, :recv=>true}) :-
            (hole 0 {:hash_depth=>0, :method_arg=>true}))) :active) :-
      (hole 0 {:hash_depth=>0, :method_arg=>true})))
  (begin
    (send
      (send
        (begin
          (send
            (hole 0 {:hash_depth=>0, :limit_depth=>true, :recv=>true}) :-
            (hole 0 {:hash_depth=>0, :method_arg=>true}))) :active) :save))
  (begin
    (send
      (send
        (begin
          (send
            (hole 0 {:hash_depth=>0, :limit_depth=>true, :recv=>true}) :-
            (hole 0 {:hash_depth=>0, :method_arg=>true}))) :primary=
        (hole 0 {:hash_depth=>0, :method_arg=>true})) :count))
  (begin
    (send
      (send
        (begin
          (send
            (hole 0 {:hash_depth=>0, :limit_depth=>true, :recv=>true}) :-
            (hole 0 {:hash_depth=>0, :method_arg=>true}))) :primary=
        (hole 0 {:hash_depth=>0, :method_arg=>true})) :-
      (hole 0 {:hash_depth=>0, :method_arg=>true})))
  (begin
    (send
      (send
        (begin
          (send
            (hole 0 {:hash_depth=>0, :limit_depth=>true, :recv=>true}) :-
            (hole 0 {:hash_depth=>0, :method_arg=>true}))) :primary=
        (hole 0 {:hash_depth=>0, :method_arg=>true})) :save))
  (begin
    (send
      (send
        (begin
          (send
            (hole 0 {:hash_depth=>0, :limit_depth=>true, :recv=>true}) :-
            (hole 0 {:hash_depth=>0, :method_arg=>true}))) :primary) :count))
  (begin
    (send
      (send
        (begin
          (send
            (hole 0 {:hash_depth=>0, :limit_depth=>true, :recv=>true}) :-
            (hole 0 {:hash_depth=>0, :method_arg=>true}))) :primary) :-
      (hole 0 {:hash_depth=>0, :method_arg=>true})))
  (begin
    (send
      (send
        (begin
          (send
            (hole 0 {:hash_depth=>0, :limit_depth=>true, :recv=>true}) :-
            (hole 0 {:hash_depth=>0, :method_arg=>true}))) :primary) :save))
  (begin
    (send
      (send
        (begin
          (send
            (hole 0 {:hash_depth=>0, :limit_depth=>true, :recv=>true}) :-
            (hole 0 {:hash_depth=>0, :method_arg=>true}))) :moderator=
        (hole 0 {:hash_depth=>0, :method_arg=>true})) :count))
  (begin
    (send
      (send
        (begin
          (send
            (hole 0 {:hash_depth=>0, :limit_depth=>true, :recv=>true}) :-
            (hole 0 {:hash_depth=>0, :method_arg=>true}))) :moderator=
        (hole 0 {:hash_depth=>0, :method_arg=>true})) :-
      (hole 0 {:hash_depth=>0, :method_arg=>true})))
  (begin
    (send
      (send
        (begin
          (send
            (hole 0 {:hash_depth=>0, :limit_depth=>true, :recv=>true}) :-
            (hole 0 {:hash_depth=>0, :method_arg=>true}))) :moderator=
        (hole 0 {:hash_depth=>0, :method_arg=>true})) :save))
  (begin
    (send
      (send
        (begin
          (send
            (hole 0 {:hash_depth=>0, :limit_depth=>true, :recv=>true}) :-
            (hole 0 {:hash_depth=>0, :method_arg=>true}))) :moderator) :count))
  (begin
    (send
      (send
        (begin
          (send
            (hole 0 {:hash_depth=>0, :limit_depth=>true, :recv=>true}) :-
            (hole 0 {:hash_depth=>0, :method_arg=>true}))) :moderator) :-
      (hole 0 {:hash_depth=>0, :method_arg=>true})))
  (begin
    (send
      (send
        (begin
          (send
            (hole 0 {:hash_depth=>0, :limit_depth=>true, :recv=>true}) :-
            (hole 0 {:hash_depth=>0, :method_arg=>true}))) :moderator) :save))
  (send
    (send
      (begin
        (send
          (hole 0 {:hash_depth=>0, :limit_depth=>true, :recv=>true}) :-
          (hole 0 {:hash_depth=>0, :method_arg=>true}))) :emails) :primary=
    (hole 0 {:hash_depth=>0, :method_arg=>true}))
  (send
    (send
      (begin
        (send
          (hole 0 {:hash_depth=>0, :limit_depth=>true, :recv=>true}) :-
          (hole 0 {:hash_depth=>0, :method_arg=>true}))) :emails) :primary)
  (begin
    (send
      (send
        (begin
          (send
            (hole 0 {:hash_depth=>0, :limit_depth=>true, :recv=>true}) :-
            (hole 0 {:hash_depth=>0, :method_arg=>true}))) :emails) :count))
  (begin
    (send
      (send
        (begin
          (send
            (hole 0 {:hash_depth=>0, :limit_depth=>true, :recv=>true}) :-
            (hole 0 {:hash_depth=>0, :method_arg=>true}))) :emails) :-
      (hole 0 {:hash_depth=>0, :method_arg=>true})))
  (begin
    (send
      (send
        (begin
          (send
            (hole 0 {:hash_depth=>0, :limit_depth=>true, :recv=>true}) :-
            (hole 0 {:hash_depth=>0, :method_arg=>true}))) :emails) :save))
  (send
    (send
      (begin
        (send
          (hole 0 {:hash_depth=>0, :limit_depth=>true, :recv=>true}) :-
          (hole 0 {:hash_depth=>0, :method_arg=>true}))) :emails=
      (hole 0 {:hash_depth=>0, :method_arg=>true})) :primary=
    (hole 0 {:hash_depth=>0, :method_arg=>true}))
  (send
    (send
      (begin
        (send
          (hole 0 {:hash_depth=>0, :limit_depth=>true, :recv=>true}) :-
          (hole 0 {:hash_depth=>0, :method_arg=>true}))) :emails=
      (hole 0 {:hash_depth=>0, :method_arg=>true})) :primary)
  (begin
    (send
      (send
        (begin
          (send
            (hole 0 {:hash_depth=>0, :limit_depth=>true, :recv=>true}) :-
            (hole 0 {:hash_depth=>0, :method_arg=>true}))) :emails=
        (hole 0 {:hash_depth=>0, :method_arg=>true})) :count))
  (begin
    (send
      (send
        (begin
          (send
            (hole 0 {:hash_depth=>0, :limit_depth=>true, :recv=>true}) :-
            (hole 0 {:hash_depth=>0, :method_arg=>true}))) :emails=
        (hole 0 {:hash_depth=>0, :method_arg=>true})) :-
      (hole 0 {:hash_depth=>0, :method_arg=>true})))
  (begin
    (send
      (send
        (begin
          (send
            (hole 0 {:hash_depth=>0, :limit_depth=>true, :recv=>true}) :-
            (hole 0 {:hash_depth=>0, :method_arg=>true}))) :emails=
        (hole 0 {:hash_depth=>0, :method_arg=>true})) :save))
  (send
    (send
      (begin
        (send
          (hole 0 {:hash_depth=>0, :limit_depth=>true, :recv=>true}) :-
          (hole 0 {:hash_depth=>0, :method_arg=>true}))) :email_tokens) :confirmed=
    (hole 0 {:hash_depth=>0, :method_arg=>true}))
  (send
    (send
      (begin
        (send
          (hole 0 {:hash_depth=>0, :limit_depth=>true, :recv=>true}) :-
          (hole 0 {:hash_depth=>0, :method_arg=>true}))) :email_tokens) :confirmed)
  (send
    (send
      (begin
        (send
          (hole 0 {:hash_depth=>0, :limit_depth=>true, :recv=>true}) :-
          (hole 0 {:hash_depth=>0, :method_arg=>true}))) :email_tokens) :expired=
    (hole 0 {:hash_depth=>0, :method_arg=>true}))
  (send
    (send
      (begin
        (send
          (hole 0 {:hash_depth=>0, :limit_depth=>true, :recv=>true}) :-
          (hole 0 {:hash_depth=>0, :method_arg=>true}))) :email_tokens) :expired)
  (begin
    (send
      (send
        (begin
          (send
            (hole 0 {:hash_depth=>0, :limit_depth=>true, :recv=>true}) :-
            (hole 0 {:hash_depth=>0, :method_arg=>true}))) :email_tokens) :count))
  (begin
    (send
      (send
        (begin
          (send
            (hole 0 {:hash_depth=>0, :limit_depth=>true, :recv=>true}) :-
            (hole 0 {:hash_depth=>0, :method_arg=>true}))) :email_tokens) :-
      (hole 0 {:hash_depth=>0, :method_arg=>true})))
  (begin
    (send
      (send
        (begin
          (send
            (hole 0 {:hash_depth=>0, :limit_depth=>true, :recv=>true}) :-
            (hole 0 {:hash_depth=>0, :method_arg=>true}))) :email_tokens) :save))
  (send
    (send
      (begin
        (send
          (hole 0 {:hash_depth=>0, :limit_depth=>true, :recv=>true}) :-
          (hole 0 {:hash_depth=>0, :method_arg=>true}))) :email_tokens=
      (hole 0 {:hash_depth=>0, :method_arg=>true})) :confirmed=
    (hole 0 {:hash_depth=>0, :method_arg=>true}))
  (send
    (send
      (begin
        (send
          (hole 0 {:hash_depth=>0, :limit_depth=>true, :recv=>true}) :-
          (hole 0 {:hash_depth=>0, :method_arg=>true}))) :email_tokens=
      (hole 0 {:hash_depth=>0, :method_arg=>true})) :confirmed)
  (send
    (send
      (begin
        (send
          (hole 0 {:hash_depth=>0, :limit_depth=>true, :recv=>true}) :-
          (hole 0 {:hash_depth=>0, :method_arg=>true}))) :email_tokens=
      (hole 0 {:hash_depth=>0, :method_arg=>true})) :expired=
    (hole 0 {:hash_depth=>0, :method_arg=>true}))
  (send
    (send
      (begin
        (send
          (hole 0 {:hash_depth=>0, :limit_depth=>true, :recv=>true}) :-
          (hole 0 {:hash_depth=>0, :method_arg=>true}))) :email_tokens=
      (hole 0 {:hash_depth=>0, :method_arg=>true})) :expired)
  (begin
    (send
      (send
        (begin
          (send
            (hole 0 {:hash_depth=>0, :limit_depth=>true, :recv=>true}) :-
            (hole 0 {:hash_depth=>0, :method_arg=>true}))) :email_tokens=
        (hole 0 {:hash_depth=>0, :method_arg=>true})) :count))
  (begin
    (send
      (send
        (begin
          (send
            (hole 0 {:hash_depth=>0, :limit_depth=>true, :recv=>true}) :-
            (hole 0 {:hash_depth=>0, :method_arg=>true}))) :email_tokens=
        (hole 0 {:hash_depth=>0, :method_arg=>true})) :-
      (hole 0 {:hash_depth=>0, :method_arg=>true})))
  (begin
    (send
      (send
        (begin
          (send
            (hole 0 {:hash_depth=>0, :limit_depth=>true, :recv=>true}) :-
            (hole 0 {:hash_depth=>0, :method_arg=>true}))) :email_tokens=
        (hole 0 {:hash_depth=>0, :method_arg=>true})) :save))
  (begin
    (send
      (begin
        (send
          (begin
            (send
              (hole 0 {:hash_depth=>0, :limit_depth=>true, :recv=>true}) :-
              (hole 0 {:hash_depth=>0, :method_arg=>true}))) :-
          (hole 0 {:hash_depth=>0, :method_arg=>true}))) :-
      (hole 0 {:hash_depth=>0, :method_arg=>true})))
  (begin
    (send
      (begin
        (send
          (begin
            (send
              (hole 0 {:hash_depth=>0, :limit_depth=>true, :recv=>true}) :-
              (hole 0 {:hash_depth=>0, :method_arg=>true}))) :-
          (hole 0 {:hash_depth=>0, :method_arg=>true}))) :-
      (hole 0 {:hash_depth=>0, :method_arg=>true})))
  (begin
    (send
      (begin
        (send
          (begin
            (send
              (hole 0 {:hash_depth=>0, :limit_depth=>true, :recv=>true}) :-
              (hole 0 {:hash_depth=>0, :method_arg=>true}))) :-
          (hole 0 {:hash_depth=>0, :method_arg=>true}))) :-
      (hole 0 {:hash_depth=>0, :method_arg=>true})))
  (begin
    (send
      (begin
        (send
          (begin
            (send
              (hole 0 {:hash_depth=>0, :limit_depth=>true, :recv=>true}) :-
              (hole 0 {:hash_depth=>0, :method_arg=>true}))) :-
          (hole 0 {:hash_depth=>0, :method_arg=>true}))) :-
      (hole 0 {:hash_depth=>0, :method_arg=>true})))
  (begin
    (send
      (begin
        (send
          (begin
            (send
              (hole 0 {:hash_depth=>0, :limit_depth=>true, :recv=>true}) :-
              (hole 0 {:hash_depth=>0, :method_arg=>true}))) :-
          (hole 0 {:hash_depth=>0, :method_arg=>true}))) :-
      (hole 0 {:hash_depth=>0, :method_arg=>true})))
  (begin
    (send
      (begin
        (send
          (begin
            (send
              (hole 0 {:hash_depth=>0, :limit_depth=>true, :recv=>true}) :-
              (hole 0 {:hash_depth=>0, :method_arg=>true}))) :-
          (hole 0 {:hash_depth=>0, :method_arg=>true}))) :-
      (hole 0 {:hash_depth=>0, :method_arg=>true})))
  (begin
    (send
      (begin
        (send
          (begin
            (send
              (hole 0 {:hash_depth=>0, :limit_depth=>true, :recv=>true}) :-
              (hole 0 {:hash_depth=>0, :method_arg=>true}))) :-
          (hole 0 {:hash_depth=>0, :method_arg=>true}))) :-
      (hole 0 {:hash_depth=>0, :method_arg=>true})))
  (begin
    (send
      (begin
        (send
          (begin
            (send
              (hole 0 {:hash_depth=>0, :limit_depth=>true, :recv=>true}) :-
              (hole 0 {:hash_depth=>0, :method_arg=>true}))) :-
          (hole 0 {:hash_depth=>0, :method_arg=>true}))) :-
      (hole 0 {:hash_depth=>0, :method_arg=>true})))
  (begin
    (send
      (begin
        (send
          (begin
            (send
              (hole 0 {:hash_depth=>0, :limit_depth=>true, :recv=>true}) :-
              (hole 0 {:hash_depth=>0, :method_arg=>true}))) :-
          (hole 0 {:hash_depth=>0, :method_arg=>true}))) :-
      (hole 0 {:hash_depth=>0, :method_arg=>true})))
  (begin
    (send
      (begin
        (send
          (begin
            (send
              (hole 0 {:hash_depth=>0, :limit_depth=>true, :recv=>true}) :-
              (hole 0 {:hash_depth=>0, :method_arg=>true}))) :-
          (hole 0 {:hash_depth=>0, :method_arg=>true}))) :count))
  (begin
    (send
      (begin
        (send
          (begin
            (send
              (hole 0 {:hash_depth=>0, :limit_depth=>true, :recv=>true}) :-
              (hole 0 {:hash_depth=>0, :method_arg=>true}))) :-
          (hole 0 {:hash_depth=>0, :method_arg=>true}))) :count))
  (begin
    (send
      (begin
        (send
          (begin
            (send
              (hole 0 {:hash_depth=>0, :limit_depth=>true, :recv=>true}) :-
              (hole 0 {:hash_depth=>0, :method_arg=>true}))) :-
          (hole 0 {:hash_depth=>0, :method_arg=>true}))) :count))
  (begin
    (send
      (begin
        (send
          (begin
            (send
              (hole 0 {:hash_depth=>0, :limit_depth=>true, :recv=>true}) :-
              (hole 0 {:hash_depth=>0, :method_arg=>true}))) :-
          (hole 0 {:hash_depth=>0, :method_arg=>true}))) :save))
  (begin
    (send
      (begin
        (send
          (begin
            (send
              (hole 0 {:hash_depth=>0, :limit_depth=>true, :recv=>true}) :-
              (hole 0 {:hash_depth=>0, :method_arg=>true}))) :-
          (hole 0 {:hash_depth=>0, :method_arg=>true}))) :save))
  (begin
    (send
      (begin
        (send
          (begin
            (send
              (hole 0 {:hash_depth=>0, :limit_depth=>true, :recv=>true}) :-
              (hole 0 {:hash_depth=>0, :method_arg=>true}))) :-
          (hole 0 {:hash_depth=>0, :method_arg=>true}))) :save))
  (send
    (begin
      (send
        (begin
          (send
            (hole 0 {:hash_depth=>0, :limit_depth=>true, :recv=>true}) :-
            (hole 0 {:hash_depth=>0, :method_arg=>true}))) :-
        (hole 0 {:hash_depth=>0, :method_arg=>true}))) :confirmed=
    (hole 0 {:hash_depth=>0, :method_arg=>true}))
  (send
    (begin
      (send
        (begin
          (send
            (hole 0 {:hash_depth=>0, :limit_depth=>true, :recv=>true}) :-
            (hole 0 {:hash_depth=>0, :method_arg=>true}))) :-
        (hole 0 {:hash_depth=>0, :method_arg=>true}))) :confirmed=
    (hole 0 {:hash_depth=>0, :method_arg=>true}))
  (send
    (begin
      (send
        (begin
          (send
            (hole 0 {:hash_depth=>0, :limit_depth=>true, :recv=>true}) :-
            (hole 0 {:hash_depth=>0, :method_arg=>true}))) :-
        (hole 0 {:hash_depth=>0, :method_arg=>true}))) :confirmed=
    (hole 0 {:hash_depth=>0, :method_arg=>true}))
  (send
    (begin
      (send
        (begin
          (send
            (hole 0 {:hash_depth=>0, :limit_depth=>true, :recv=>true}) :-
            (hole 0 {:hash_depth=>0, :method_arg=>true}))) :-
        (hole 0 {:hash_depth=>0, :method_arg=>true}))) :confirmed)
  (send
    (begin
      (send
        (begin
          (send
            (hole 0 {:hash_depth=>0, :limit_depth=>true, :recv=>true}) :-
            (hole 0 {:hash_depth=>0, :method_arg=>true}))) :-
        (hole 0 {:hash_depth=>0, :method_arg=>true}))) :confirmed)
  (send
    (begin
      (send
        (begin
          (send
            (hole 0 {:hash_depth=>0, :limit_depth=>true, :recv=>true}) :-
            (hole 0 {:hash_depth=>0, :method_arg=>true}))) :-
        (hole 0 {:hash_depth=>0, :method_arg=>true}))) :confirmed)
  (send
    (begin
      (send
        (begin
          (send
            (hole 0 {:hash_depth=>0, :limit_depth=>true, :recv=>true}) :-
            (hole 0 {:hash_depth=>0, :method_arg=>true}))) :-
        (hole 0 {:hash_depth=>0, :method_arg=>true}))) :expired=
    (hole 0 {:hash_depth=>0, :method_arg=>true}))
  (send
    (begin
      (send
        (begin
          (send
            (hole 0 {:hash_depth=>0, :limit_depth=>true, :recv=>true}) :-
            (hole 0 {:hash_depth=>0, :method_arg=>true}))) :-
        (hole 0 {:hash_depth=>0, :method_arg=>true}))) :expired=
    (hole 0 {:hash_depth=>0, :method_arg=>true}))
  (send
    (begin
      (send
        (begin
          (send
            (hole 0 {:hash_depth=>0, :limit_depth=>true, :recv=>true}) :-
            (hole 0 {:hash_depth=>0, :method_arg=>true}))) :-
        (hole 0 {:hash_depth=>0, :method_arg=>true}))) :expired=
    (hole 0 {:hash_depth=>0, :method_arg=>true}))
  (send
    (begin
      (send
        (begin
          (send
            (hole 0 {:hash_depth=>0, :limit_depth=>true, :recv=>true}) :-
            (hole 0 {:hash_depth=>0, :method_arg=>true}))) :-
        (hole 0 {:hash_depth=>0, :method_arg=>true}))) :expired)
  (send
    (begin
      (send
        (begin
          (send
            (hole 0 {:hash_depth=>0, :limit_depth=>true, :recv=>true}) :-
            (hole 0 {:hash_depth=>0, :method_arg=>true}))) :-
        (hole 0 {:hash_depth=>0, :method_arg=>true}))) :expired)
  (send
    (begin
      (send
        (begin
          (send
            (hole 0 {:hash_depth=>0, :limit_depth=>true, :recv=>true}) :-
            (hole 0 {:hash_depth=>0, :method_arg=>true}))) :-
        (hole 0 {:hash_depth=>0, :method_arg=>true}))) :expired)
  (send
    (begin
      (send
        (begin
          (send
            (hole 0 {:hash_depth=>0, :limit_depth=>true, :recv=>true}) :-
            (hole 0 {:hash_depth=>0, :method_arg=>true}))) :-
        (hole 0 {:hash_depth=>0, :method_arg=>true}))) :discoverable=
    (hole 0 {:hash_depth=>0, :method_arg=>true}))
  (send
    (begin
      (send
        (begin
          (send
            (hole 0 {:hash_depth=>0, :limit_depth=>true, :recv=>true}) :-
            (hole 0 {:hash_depth=>0, :method_arg=>true}))) :-
        (hole 0 {:hash_depth=>0, :method_arg=>true}))) :discoverable=
    (hole 0 {:hash_depth=>0, :method_arg=>true}))
  (send
    (begin
      (send
        (begin
          (send
            (hole 0 {:hash_depth=>0, :limit_depth=>true, :recv=>true}) :-
            (hole 0 {:hash_depth=>0, :method_arg=>true}))) :-
        (hole 0 {:hash_depth=>0, :method_arg=>true}))) :discoverable=
    (hole 0 {:hash_depth=>0, :method_arg=>true}))
  (send
    (begin
      (send
        (begin
          (send
            (hole 0 {:hash_depth=>0, :limit_depth=>true, :recv=>true}) :-
            (hole 0 {:hash_depth=>0, :method_arg=>true}))) :-
        (hole 0 {:hash_depth=>0, :method_arg=>true}))) :discoverable)
  (send
    (begin
      (send
        (begin
          (send
            (hole 0 {:hash_depth=>0, :limit_depth=>true, :recv=>true}) :-
            (hole 0 {:hash_depth=>0, :method_arg=>true}))) :-
        (hole 0 {:hash_depth=>0, :method_arg=>true}))) :discoverable)
  (send
    (begin
      (send
        (begin
          (send
            (hole 0 {:hash_depth=>0, :limit_depth=>true, :recv=>true}) :-
            (hole 0 {:hash_depth=>0, :method_arg=>true}))) :-
        (hole 0 {:hash_depth=>0, :method_arg=>true}))) :discoverable)
  (send
    (begin
      (send
        (begin
          (send
            (hole 0 {:hash_depth=>0, :limit_depth=>true, :recv=>true}) :-
            (hole 0 {:hash_depth=>0, :method_arg=>true}))) :-
        (hole 0 {:hash_depth=>0, :method_arg=>true}))) :scheduled_check=
    (hole 0 {:hash_depth=>0, :method_arg=>true}))
  (send
    (begin
      (send
        (begin
          (send
            (hole 0 {:hash_depth=>0, :limit_depth=>true, :recv=>true}) :-
            (hole 0 {:hash_depth=>0, :method_arg=>true}))) :-
        (hole 0 {:hash_depth=>0, :method_arg=>true}))) :scheduled_check=
    (hole 0 {:hash_depth=>0, :method_arg=>true}))
  (send
    (begin
      (send
        (begin
          (send
            (hole 0 {:hash_depth=>0, :limit_depth=>true, :recv=>true}) :-
            (hole 0 {:hash_depth=>0, :method_arg=>true}))) :-
        (hole 0 {:hash_depth=>0, :method_arg=>true}))) :scheduled_check=
    (hole 0 {:hash_depth=>0, :method_arg=>true}))
  (send
    (begin
      (send
        (begin
          (send
            (hole 0 {:hash_depth=>0, :limit_depth=>true, :recv=>true}) :-
            (hole 0 {:hash_depth=>0, :method_arg=>true}))) :-
        (hole 0 {:hash_depth=>0, :method_arg=>true}))) :scheduled_check)
  (send
    (begin
      (send
        (begin
          (send
            (hole 0 {:hash_depth=>0, :limit_depth=>true, :recv=>true}) :-
            (hole 0 {:hash_depth=>0, :method_arg=>true}))) :-
        (hole 0 {:hash_depth=>0, :method_arg=>true}))) :scheduled_check)
  (send
    (begin
      (send
        (begin
          (send
            (hole 0 {:hash_depth=>0, :limit_depth=>true, :recv=>true}) :-
            (hole 0 {:hash_depth=>0, :method_arg=>true}))) :-
        (hole 0 {:hash_depth=>0, :method_arg=>true}))) :scheduled_check)
  (send
    (begin
      (send
        (begin
          (send
            (hole 0 {:hash_depth=>0, :limit_depth=>true, :recv=>true}) :-
            (hole 0 {:hash_depth=>0, :method_arg=>true}))) :-
        (hole 0 {:hash_depth=>0, :method_arg=>true}))) :otp_required_for_login=
    (hole 0 {:hash_depth=>0, :method_arg=>true}))
  (send
    (begin
      (send
        (begin
          (send
            (hole 0 {:hash_depth=>0, :limit_depth=>true, :recv=>true}) :-
            (hole 0 {:hash_depth=>0, :method_arg=>true}))) :-
        (hole 0 {:hash_depth=>0, :method_arg=>true}))) :otp_required_for_login=
    (hole 0 {:hash_depth=>0, :method_arg=>true}))
  (send
    (begin
      (send
        (begin
          (send
            (hole 0 {:hash_depth=>0, :limit_depth=>true, :recv=>true}) :-
            (hole 0 {:hash_depth=>0, :method_arg=>true}))) :-
        (hole 0 {:hash_depth=>0, :method_arg=>true}))) :otp_required_for_login=
    (hole 0 {:hash_depth=>0, :method_arg=>true}))
  (send
    (begin
      (send
        (begin
          (send
            (hole 0 {:hash_depth=>0, :limit_depth=>true, :recv=>true}) :-
            (hole 0 {:hash_depth=>0, :method_arg=>true}))) :-
        (hole 0 {:hash_depth=>0, :method_arg=>true}))) :otp_required_for_login)
  (send
    (begin
      (send
        (begin
          (send
            (hole 0 {:hash_depth=>0, :limit_depth=>true, :recv=>true}) :-
            (hole 0 {:hash_depth=>0, :method_arg=>true}))) :-
        (hole 0 {:hash_depth=>0, :method_arg=>true}))) :otp_required_for_login)
  (send
    (begin
      (send
        (begin
          (send
            (hole 0 {:hash_depth=>0, :limit_depth=>true, :recv=>true}) :-
            (hole 0 {:hash_depth=>0, :method_arg=>true}))) :-
        (hole 0 {:hash_depth=>0, :method_arg=>true}))) :otp_required_for_login)
  (send
    (begin
      (send
        (begin
          (send
            (hole 0 {:hash_depth=>0, :limit_depth=>true, :recv=>true}) :-
            (hole 0 {:hash_depth=>0, :method_arg=>true}))) :-
        (hole 0 {:hash_depth=>0, :method_arg=>true}))) :admin=
    (hole 0 {:hash_depth=>0, :method_arg=>true}))
  (send
    (begin
      (send
        (begin
          (send
            (hole 0 {:hash_depth=>0, :limit_depth=>true, :recv=>true}) :-
            (hole 0 {:hash_depth=>0, :method_arg=>true}))) :-
        (hole 0 {:hash_depth=>0, :method_arg=>true}))) :admin=
    (hole 0 {:hash_depth=>0, :method_arg=>true}))
  (send
    (begin
      (send
        (begin
          (send
            (hole 0 {:hash_depth=>0, :limit_depth=>true, :recv=>true}) :-
            (hole 0 {:hash_depth=>0, :method_arg=>true}))) :-
        (hole 0 {:hash_depth=>0, :method_arg=>true}))) :admin=
    (hole 0 {:hash_depth=>0, :method_arg=>true}))
  (send
    (begin
      (send
        (begin
          (send
            (hole 0 {:hash_depth=>0, :limit_depth=>true, :recv=>true}) :-
            (hole 0 {:hash_depth=>0, :method_arg=>true}))) :-
        (hole 0 {:hash_depth=>0, :method_arg=>true}))) :admin)
  (send
    (begin
      (send
        (begin
          (send
            (hole 0 {:hash_depth=>0, :limit_depth=>true, :recv=>true}) :-
            (hole 0 {:hash_depth=>0, :method_arg=>true}))) :-
        (hole 0 {:hash_depth=>0, :method_arg=>true}))) :admin)
  (send
    (begin
      (send
        (begin
          (send
            (hole 0 {:hash_depth=>0, :limit_depth=>true, :recv=>true}) :-
            (hole 0 {:hash_depth=>0, :method_arg=>true}))) :-
        (hole 0 {:hash_depth=>0, :method_arg=>true}))) :admin)
  (send
    (begin
      (send
        (begin
          (send
            (hole 0 {:hash_depth=>0, :limit_depth=>true, :recv=>true}) :-
            (hole 0 {:hash_depth=>0, :method_arg=>true}))) :-
        (hole 0 {:hash_depth=>0, :method_arg=>true}))) :staged=
    (hole 0 {:hash_depth=>0, :method_arg=>true}))
  (send
    (begin
      (send
        (begin
          (send
            (hole 0 {:hash_depth=>0, :limit_depth=>true, :recv=>true}) :-
            (hole 0 {:hash_depth=>0, :method_arg=>true}))) :-
        (hole 0 {:hash_depth=>0, :method_arg=>true}))) :staged=
    (hole 0 {:hash_depth=>0, :method_arg=>true}))
  (send
    (begin
      (send
        (begin
          (send
            (hole 0 {:hash_depth=>0, :limit_depth=>true, :recv=>true}) :-
            (hole 0 {:hash_depth=>0, :method_arg=>true}))) :-
        (hole 0 {:hash_depth=>0, :method_arg=>true}))) :staged=
    (hole 0 {:hash_depth=>0, :method_arg=>true}))
  (send
    (begin
      (send
        (begin
          (send
            (hole 0 {:hash_depth=>0, :limit_depth=>true, :recv=>true}) :-
            (hole 0 {:hash_depth=>0, :method_arg=>true}))) :-
        (hole 0 {:hash_depth=>0, :method_arg=>true}))) :staged)
  (send
    (begin
      (send
        (begin
          (send
            (hole 0 {:hash_depth=>0, :limit_depth=>true, :recv=>true}) :-
            (hole 0 {:hash_depth=>0, :method_arg=>true}))) :-
        (hole 0 {:hash_depth=>0, :method_arg=>true}))) :staged)
  (send
    (begin
      (send
        (begin
          (send
            (hole 0 {:hash_depth=>0, :limit_depth=>true, :recv=>true}) :-
            (hole 0 {:hash_depth=>0, :method_arg=>true}))) :-
        (hole 0 {:hash_depth=>0, :method_arg=>true}))) :staged)
  (send
    (begin
      (send
        (begin
          (send
            (hole 0 {:hash_depth=>0, :limit_depth=>true, :recv=>true}) :-
            (hole 0 {:hash_depth=>0, :method_arg=>true}))) :-
        (hole 0 {:hash_depth=>0, :method_arg=>true}))) :active=
    (hole 0 {:hash_depth=>0, :method_arg=>true}))
  (send
    (begin
      (send
        (begin
          (send
            (hole 0 {:hash_depth=>0, :limit_depth=>true, :recv=>true}) :-
            (hole 0 {:hash_depth=>0, :method_arg=>true}))) :-
        (hole 0 {:hash_depth=>0, :method_arg=>true}))) :active=
    (hole 0 {:hash_depth=>0, :method_arg=>true}))
  (send
    (begin
      (send
        (begin
          (send
            (hole 0 {:hash_depth=>0, :limit_depth=>true, :recv=>true}) :-
            (hole 0 {:hash_depth=>0, :method_arg=>true}))) :-
        (hole 0 {:hash_depth=>0, :method_arg=>true}))) :active=
    (hole 0 {:hash_depth=>0, :method_arg=>true}))
  (send
    (begin
      (send
        (begin
          (send
            (hole 0 {:hash_depth=>0, :limit_depth=>true, :recv=>true}) :-
            (hole 0 {:hash_depth=>0, :method_arg=>true}))) :-
        (hole 0 {:hash_depth=>0, :method_arg=>true}))) :active)
  (send
    (begin
      (send
        (begin
          (send
            (hole 0 {:hash_depth=>0, :limit_depth=>true, :recv=>true}) :-
            (hole 0 {:hash_depth=>0, :method_arg=>true}))) :-
        (hole 0 {:hash_depth=>0, :method_arg=>true}))) :active)
  (send
    (begin
      (send
        (begin
          (send
            (hole 0 {:hash_depth=>0, :limit_depth=>true, :recv=>true}) :-
            (hole 0 {:hash_depth=>0, :method_arg=>true}))) :-
        (hole 0 {:hash_depth=>0, :method_arg=>true}))) :active)
  (send
    (begin
      (send
        (begin
          (send
            (hole 0 {:hash_depth=>0, :limit_depth=>true, :recv=>true}) :-
            (hole 0 {:hash_depth=>0, :method_arg=>true}))) :-
        (hole 0 {:hash_depth=>0, :method_arg=>true}))) :primary=
    (hole 0 {:hash_depth=>0, :method_arg=>true}))
  (send
    (begin
      (send
        (begin
          (send
            (hole 0 {:hash_depth=>0, :limit_depth=>true, :recv=>true}) :-
            (hole 0 {:hash_depth=>0, :method_arg=>true}))) :-
        (hole 0 {:hash_depth=>0, :method_arg=>true}))) :primary=
    (hole 0 {:hash_depth=>0, :method_arg=>true}))
  (send
    (begin
      (send
        (begin
          (send
            (hole 0 {:hash_depth=>0, :limit_depth=>true, :recv=>true}) :-
            (hole 0 {:hash_depth=>0, :method_arg=>true}))) :-
        (hole 0 {:hash_depth=>0, :method_arg=>true}))) :primary=
    (hole 0 {:hash_depth=>0, :method_arg=>true}))
  (send
    (begin
      (send
        (begin
          (send
            (hole 0 {:hash_depth=>0, :limit_depth=>true, :recv=>true}) :-
            (hole 0 {:hash_depth=>0, :method_arg=>true}))) :-
        (hole 0 {:hash_depth=>0, :method_arg=>true}))) :primary)
  (send
    (begin
      (send
        (begin
          (send
            (hole 0 {:hash_depth=>0, :limit_depth=>true, :recv=>true}) :-
            (hole 0 {:hash_depth=>0, :method_arg=>true}))) :-
        (hole 0 {:hash_depth=>0, :method_arg=>true}))) :primary)
  (send
    (begin
      (send
        (begin
          (send
            (hole 0 {:hash_depth=>0, :limit_depth=>true, :recv=>true}) :-
            (hole 0 {:hash_depth=>0, :method_arg=>true}))) :-
        (hole 0 {:hash_depth=>0, :method_arg=>true}))) :primary)
  (send
    (begin
      (send
        (begin
          (send
            (hole 0 {:hash_depth=>0, :limit_depth=>true, :recv=>true}) :-
            (hole 0 {:hash_depth=>0, :method_arg=>true}))) :-
        (hole 0 {:hash_depth=>0, :method_arg=>true}))) :moderator=
    (hole 0 {:hash_depth=>0, :method_arg=>true}))
  (send
    (begin
      (send
        (begin
          (send
            (hole 0 {:hash_depth=>0, :limit_depth=>true, :recv=>true}) :-
            (hole 0 {:hash_depth=>0, :method_arg=>true}))) :-
        (hole 0 {:hash_depth=>0, :method_arg=>true}))) :moderator=
    (hole 0 {:hash_depth=>0, :method_arg=>true}))
  (send
    (begin
      (send
        (begin
          (send
            (hole 0 {:hash_depth=>0, :limit_depth=>true, :recv=>true}) :-
            (hole 0 {:hash_depth=>0, :method_arg=>true}))) :-
        (hole 0 {:hash_depth=>0, :method_arg=>true}))) :moderator=
    (hole 0 {:hash_depth=>0, :method_arg=>true}))
  (send
    (begin
      (send
        (begin
          (send
            (hole 0 {:hash_depth=>0, :limit_depth=>true, :recv=>true}) :-
            (hole 0 {:hash_depth=>0, :method_arg=>true}))) :-
        (hole 0 {:hash_depth=>0, :method_arg=>true}))) :moderator)
  (send
    (begin
      (send
        (begin
          (send
            (hole 0 {:hash_depth=>0, :limit_depth=>true, :recv=>true}) :-
            (hole 0 {:hash_depth=>0, :method_arg=>true}))) :-
        (hole 0 {:hash_depth=>0, :method_arg=>true}))) :moderator)
  (send
    (begin
      (send
        (begin
          (send
            (hole 0 {:hash_depth=>0, :limit_depth=>true, :recv=>true}) :-
            (hole 0 {:hash_depth=>0, :method_arg=>true}))) :-
        (hole 0 {:hash_depth=>0, :method_arg=>true}))) :moderator)
  (begin
    (send
      (begin
        (send
          (begin
            (send
              (hole 0 {:hash_depth=>0, :limit_depth=>true, :recv=>true}) :-
              (hole 0 {:hash_depth=>0, :method_arg=>true}))) :-
          (hole 0 {:hash_depth=>0, :method_arg=>true}))) :-
      (hole 0 {:hash_depth=>0, :method_arg=>true})))
  (begin
    (send
      (begin
        (send
          (begin
            (send
              (hole 0 {:hash_depth=>0, :limit_depth=>true, :recv=>true}) :-
              (hole 0 {:hash_depth=>0, :method_arg=>true}))) :-
          (hole 0 {:hash_depth=>0, :method_arg=>true}))) :-
      (hole 0 {:hash_depth=>0, :method_arg=>true})))
  (begin
    (send
      (begin
        (send
          (begin
            (send
              (hole 0 {:hash_depth=>0, :limit_depth=>true, :recv=>true}) :-
              (hole 0 {:hash_depth=>0, :method_arg=>true}))) :-
          (hole 0 {:hash_depth=>0, :method_arg=>true}))) :-
      (hole 0 {:hash_depth=>0, :method_arg=>true})))
  (begin
    (send
      (begin
        (send
          (begin
            (send
              (hole 0 {:hash_depth=>0, :limit_depth=>true, :recv=>true}) :-
              (hole 0 {:hash_depth=>0, :method_arg=>true}))) :-
          (hole 0 {:hash_depth=>0, :method_arg=>true}))) :-
      (hole 0 {:hash_depth=>0, :method_arg=>true})))
  (begin
    (send
      (begin
        (send
          (begin
            (send
              (hole 0 {:hash_depth=>0, :limit_depth=>true, :recv=>true}) :-
              (hole 0 {:hash_depth=>0, :method_arg=>true}))) :-
          (hole 0 {:hash_depth=>0, :method_arg=>true}))) :-
      (hole 0 {:hash_depth=>0, :method_arg=>true})))
  (begin
    (send
      (begin
        (send
          (begin
            (send
              (hole 0 {:hash_depth=>0, :limit_depth=>true, :recv=>true}) :-
              (hole 0 {:hash_depth=>0, :method_arg=>true}))) :-
          (hole 0 {:hash_depth=>0, :method_arg=>true}))) :-
      (hole 0 {:hash_depth=>0, :method_arg=>true})))
  (begin
    (send
      (begin
        (send
          (begin
            (send
              (hole 0 {:hash_depth=>0, :limit_depth=>true, :recv=>true}) :-
              (hole 0 {:hash_depth=>0, :method_arg=>true}))) :-
          (hole 0 {:hash_depth=>0, :method_arg=>true}))) :-
      (hole 0 {:hash_depth=>0, :method_arg=>true})))
  (begin
    (send
      (begin
        (send
          (begin
            (send
              (hole 0 {:hash_depth=>0, :limit_depth=>true, :recv=>true}) :-
              (hole 0 {:hash_depth=>0, :method_arg=>true}))) :-
          (hole 0 {:hash_depth=>0, :method_arg=>true}))) :-
      (hole 0 {:hash_depth=>0, :method_arg=>true})))
  (begin
    (send
      (begin
        (send
          (begin
            (send
              (hole 0 {:hash_depth=>0, :limit_depth=>true, :recv=>true}) :-
              (hole 0 {:hash_depth=>0, :method_arg=>true}))) :-
          (hole 0 {:hash_depth=>0, :method_arg=>true}))) :-
      (hole 0 {:hash_depth=>0, :method_arg=>true})))
  (begin
    (send
      (begin
        (send
          (begin
            (send
              (hole 0 {:hash_depth=>0, :limit_depth=>true, :recv=>true}) :-
              (hole 0 {:hash_depth=>0, :method_arg=>true}))) :-
          (hole 0 {:hash_depth=>0, :method_arg=>true}))) :save))
  (begin
    (send
      (begin
        (send
          (begin
            (send
              (hole 0 {:hash_depth=>0, :limit_depth=>true, :recv=>true}) :-
              (hole 0 {:hash_depth=>0, :method_arg=>true}))) :-
          (hole 0 {:hash_depth=>0, :method_arg=>true}))) :save))
  (begin
    (send
      (begin
        (send
          (begin
            (send
              (hole 0 {:hash_depth=>0, :limit_depth=>true, :recv=>true}) :-
              (hole 0 {:hash_depth=>0, :method_arg=>true}))) :-
          (hole 0 {:hash_depth=>0, :method_arg=>true}))) :save))
  (begin
    (send
      (begin
        (send
          (begin
            (send
              (hole 0 {:hash_depth=>0, :limit_depth=>true, :recv=>true}) :-
              (hole 0 {:hash_depth=>0, :method_arg=>true}))) :save)) :count))
  (begin
    (send
      (begin
        (send
          (begin
            (send
              (hole 0 {:hash_depth=>0, :limit_depth=>true, :recv=>true}) :-
              (hole 0 {:hash_depth=>0, :method_arg=>true}))) :save)) :-
      (hole 0 {:hash_depth=>0, :method_arg=>true})))
  (begin
    (send
      (begin
        (send
          (begin
            (send
              (hole 0 {:hash_depth=>0, :limit_depth=>true, :recv=>true}) :-
              (hole 0 {:hash_depth=>0, :method_arg=>true}))) :save)) :save))
  (begin
    (send
      (send
        (begin
          (begin
            (send
              (hole 0 {:hash_depth=>0, :limit_depth=>true, :recv=>true}) :-
              (hole 0 {:hash_depth=>0, :method_arg=>true})))) :!) :count))
  (begin
    (send
      (send
        (begin
          (begin
            (send
              (hole 0 {:hash_depth=>0, :limit_depth=>true, :recv=>true}) :-
              (hole 0 {:hash_depth=>0, :method_arg=>true})))) :!) :-
      (hole 0 {:hash_depth=>0, :method_arg=>true})))
  (begin
    (send
      (send
        (begin
          (begin
            (send
              (hole 0 {:hash_depth=>0, :limit_depth=>true, :recv=>true}) :-
              (hole 0 {:hash_depth=>0, :method_arg=>true})))) :!) :save))
  (begin
    (send
      (send
        (begin
          (begin
            (send
              (hole 0 {:hash_depth=>0, :limit_depth=>true, :recv=>true}) :save))) :!) :count))
  (begin
    (send
      (send
        (begin
          (begin
            (send
              (hole 0 {:hash_depth=>0, :limit_depth=>true, :recv=>true}) :save))) :!) :-
      (hole 0 {:hash_depth=>0, :method_arg=>true})))
  (begin
    (send
      (send
        (begin
          (begin
            (send
              (hole 0 {:hash_depth=>0, :limit_depth=>true, :recv=>true}) :save))) :!) :save))
  (send
    (begin
      (send
        (begin
          (send
            (hole 0 {:hash_depth=>0, :limit_depth=>true, :recv=>true}) :save)) :count)) :confirmed=
    (hole 0 {:hash_depth=>0, :method_arg=>true}))
  (send
    (begin
      (send
        (begin
          (send
            (hole 0 {:hash_depth=>0, :limit_depth=>true, :recv=>true}) :save)) :count)) :confirmed)
  (send
    (begin
      (send
        (begin
          (send
            (hole 0 {:hash_depth=>0, :limit_depth=>true, :recv=>true}) :save)) :count)) :expired=
    (hole 0 {:hash_depth=>0, :method_arg=>true}))
  (send
    (begin
      (send
        (begin
          (send
            (hole 0 {:hash_depth=>0, :limit_depth=>true, :recv=>true}) :save)) :count)) :expired)
  (send
    (begin
      (send
        (begin
          (send
            (hole 0 {:hash_depth=>0, :limit_depth=>true, :recv=>true}) :save)) :count)) :discoverable=
    (hole 0 {:hash_depth=>0, :method_arg=>true}))
  (send
    (begin
      (send
        (begin
          (send
            (hole 0 {:hash_depth=>0, :limit_depth=>true, :recv=>true}) :save)) :count)) :discoverable)
  (send
    (begin
      (send
        (begin
          (send
            (hole 0 {:hash_depth=>0, :limit_depth=>true, :recv=>true}) :save)) :count)) :scheduled_check=
    (hole 0 {:hash_depth=>0, :method_arg=>true}))
  (send
    (begin
      (send
        (begin
          (send
            (hole 0 {:hash_depth=>0, :limit_depth=>true, :recv=>true}) :save)) :count)) :scheduled_check)
  (send
    (begin
      (send
        (begin
          (send
            (hole 0 {:hash_depth=>0, :limit_depth=>true, :recv=>true}) :save)) :count)) :otp_required_for_login=
    (hole 0 {:hash_depth=>0, :method_arg=>true}))
  (send
    (begin
      (send
        (begin
          (send
            (hole 0 {:hash_depth=>0, :limit_depth=>true, :recv=>true}) :save)) :count)) :otp_required_for_login)
  (send
    (begin
      (send
        (begin
          (send
            (hole 0 {:hash_depth=>0, :limit_depth=>true, :recv=>true}) :save)) :count)) :admin=
    (hole 0 {:hash_depth=>0, :method_arg=>true}))
  (send
    (begin
      (send
        (begin
          (send
            (hole 0 {:hash_depth=>0, :limit_depth=>true, :recv=>true}) :save)) :count)) :admin)
  (send
    (begin
      (send
        (begin
          (send
            (hole 0 {:hash_depth=>0, :limit_depth=>true, :recv=>true}) :save)) :count)) :staged=
    (hole 0 {:hash_depth=>0, :method_arg=>true}))
  (send
    (begin
      (send
        (begin
          (send
            (hole 0 {:hash_depth=>0, :limit_depth=>true, :recv=>true}) :save)) :count)) :staged)
  (send
    (begin
      (send
        (begin
          (send
            (hole 0 {:hash_depth=>0, :limit_depth=>true, :recv=>true}) :save)) :count)) :active=
    (hole 0 {:hash_depth=>0, :method_arg=>true}))
  (send
    (begin
      (send
        (begin
          (send
            (hole 0 {:hash_depth=>0, :limit_depth=>true, :recv=>true}) :save)) :count)) :active)
  (send
    (begin
      (send
        (begin
          (send
            (hole 0 {:hash_depth=>0, :limit_depth=>true, :recv=>true}) :save)) :count)) :primary=
    (hole 0 {:hash_depth=>0, :method_arg=>true}))
  (send
    (begin
      (send
        (begin
          (send
            (hole 0 {:hash_depth=>0, :limit_depth=>true, :recv=>true}) :save)) :count)) :primary)
  (send
    (begin
      (send
        (begin
          (send
            (hole 0 {:hash_depth=>0, :limit_depth=>true, :recv=>true}) :save)) :count)) :moderator=
    (hole 0 {:hash_depth=>0, :method_arg=>true}))
  (send
    (begin
      (send
        (begin
          (send
            (hole 0 {:hash_depth=>0, :limit_depth=>true, :recv=>true}) :save)) :count)) :moderator)
  (begin
    (send
      (begin
        (send
          (begin
            (send
              (hole 0 {:hash_depth=>0, :limit_depth=>true, :recv=>true}) :save)) :count)) :-
      (hole 0 {:hash_depth=>0, :method_arg=>true})))
  (begin
    (send
      (begin
        (send
          (begin
            (send
              (hole 0 {:hash_depth=>0, :limit_depth=>true, :recv=>true}) :save)) :count)) :-
      (hole 0 {:hash_depth=>0, :method_arg=>true})))
  (begin
    (send
      (begin
        (send
          (begin
            (send
              (hole 0 {:hash_depth=>0, :limit_depth=>true, :recv=>true}) :save)) :count)) :-
      (hole 0 {:hash_depth=>0, :method_arg=>true})))
  (begin
    (send
      (begin
        (send
          (begin
            (send
              (hole 0 {:hash_depth=>0, :limit_depth=>true, :recv=>true}) :save)) :count)) :save))
  (send
    (begin
      (send
        (begin
          (send
            (hole 0 {:hash_depth=>0, :limit_depth=>true, :recv=>true}) :save)) :-
        (hole 0 {:hash_depth=>0, :method_arg=>true}))) :confirmed=
    (hole 0 {:hash_depth=>0, :method_arg=>true}))
  (send
    (begin
      (send
        (begin
          (send
            (hole 0 {:hash_depth=>0, :limit_depth=>true, :recv=>true}) :save)) :-
        (hole 0 {:hash_depth=>0, :method_arg=>true}))) :confirmed)
  (send
    (begin
      (send
        (begin
          (send
            (hole 0 {:hash_depth=>0, :limit_depth=>true, :recv=>true}) :save)) :-
        (hole 0 {:hash_depth=>0, :method_arg=>true}))) :expired=
    (hole 0 {:hash_depth=>0, :method_arg=>true}))
  (send
    (begin
      (send
        (begin
          (send
            (hole 0 {:hash_depth=>0, :limit_depth=>true, :recv=>true}) :save)) :-
        (hole 0 {:hash_depth=>0, :method_arg=>true}))) :expired)
  (send
    (begin
      (send
        (begin
          (send
            (hole 0 {:hash_depth=>0, :limit_depth=>true, :recv=>true}) :save)) :-
        (hole 0 {:hash_depth=>0, :method_arg=>true}))) :discoverable=
    (hole 0 {:hash_depth=>0, :method_arg=>true}))
  (send
    (begin
      (send
        (begin
          (send
            (hole 0 {:hash_depth=>0, :limit_depth=>true, :recv=>true}) :save)) :-
        (hole 0 {:hash_depth=>0, :method_arg=>true}))) :discoverable)
  (send
    (begin
      (send
        (begin
          (send
            (hole 0 {:hash_depth=>0, :limit_depth=>true, :recv=>true}) :save)) :-
        (hole 0 {:hash_depth=>0, :method_arg=>true}))) :scheduled_check=
    (hole 0 {:hash_depth=>0, :method_arg=>true}))
  (send
    (begin
      (send
        (begin
          (send
            (hole 0 {:hash_depth=>0, :limit_depth=>true, :recv=>true}) :save)) :-
        (hole 0 {:hash_depth=>0, :method_arg=>true}))) :scheduled_check)
  (send
    (begin
      (send
        (begin
          (send
            (hole 0 {:hash_depth=>0, :limit_depth=>true, :recv=>true}) :save)) :-
        (hole 0 {:hash_depth=>0, :method_arg=>true}))) :otp_required_for_login=
    (hole 0 {:hash_depth=>0, :method_arg=>true}))
  (send
    (begin
      (send
        (begin
          (send
            (hole 0 {:hash_depth=>0, :limit_depth=>true, :recv=>true}) :save)) :-
        (hole 0 {:hash_depth=>0, :method_arg=>true}))) :otp_required_for_login)
  (send
    (begin
      (send
        (begin
          (send
            (hole 0 {:hash_depth=>0, :limit_depth=>true, :recv=>true}) :save)) :-
        (hole 0 {:hash_depth=>0, :method_arg=>true}))) :admin=
    (hole 0 {:hash_depth=>0, :method_arg=>true}))
  (send
    (begin
      (send
        (begin
          (send
            (hole 0 {:hash_depth=>0, :limit_depth=>true, :recv=>true}) :save)) :-
        (hole 0 {:hash_depth=>0, :method_arg=>true}))) :admin)
  (send
    (begin
      (send
        (begin
          (send
            (hole 0 {:hash_depth=>0, :limit_depth=>true, :recv=>true}) :save)) :-
        (hole 0 {:hash_depth=>0, :method_arg=>true}))) :staged=
    (hole 0 {:hash_depth=>0, :method_arg=>true}))
  (send
    (begin
      (send
        (begin
          (send
            (hole 0 {:hash_depth=>0, :limit_depth=>true, :recv=>true}) :save)) :-
        (hole 0 {:hash_depth=>0, :method_arg=>true}))) :staged)
  (send
    (begin
      (send
        (begin
          (send
            (hole 0 {:hash_depth=>0, :limit_depth=>true, :recv=>true}) :save)) :-
        (hole 0 {:hash_depth=>0, :method_arg=>true}))) :active=
    (hole 0 {:hash_depth=>0, :method_arg=>true}))
  (send
    (begin
      (send
        (begin
          (send
            (hole 0 {:hash_depth=>0, :limit_depth=>true, :recv=>true}) :save)) :-
        (hole 0 {:hash_depth=>0, :method_arg=>true}))) :active)
  (send
    (begin
      (send
        (begin
          (send
            (hole 0 {:hash_depth=>0, :limit_depth=>true, :recv=>true}) :save)) :-
        (hole 0 {:hash_depth=>0, :method_arg=>true}))) :primary=
    (hole 0 {:hash_depth=>0, :method_arg=>true}))
  (send
    (begin
      (send
        (begin
          (send
            (hole 0 {:hash_depth=>0, :limit_depth=>true, :recv=>true}) :save)) :-
        (hole 0 {:hash_depth=>0, :method_arg=>true}))) :primary)
  (send
    (begin
      (send
        (begin
          (send
            (hole 0 {:hash_depth=>0, :limit_depth=>true, :recv=>true}) :save)) :-
        (hole 0 {:hash_depth=>0, :method_arg=>true}))) :moderator=
    (hole 0 {:hash_depth=>0, :method_arg=>true}))
  (send
    (begin
      (send
        (begin
          (send
            (hole 0 {:hash_depth=>0, :limit_depth=>true, :recv=>true}) :save)) :-
        (hole 0 {:hash_depth=>0, :method_arg=>true}))) :moderator)
  (begin
    (send
      (begin
        (send
          (begin
            (send
              (hole 0 {:hash_depth=>0, :limit_depth=>true, :recv=>true}) :save)) :-
          (hole 0 {:hash_depth=>0, :method_arg=>true}))) :-
      (hole 0 {:hash_depth=>0, :method_arg=>true})))
  (begin
    (send
      (begin
        (send
          (begin
            (send
              (hole 0 {:hash_depth=>0, :limit_depth=>true, :recv=>true}) :save)) :-
          (hole 0 {:hash_depth=>0, :method_arg=>true}))) :-
      (hole 0 {:hash_depth=>0, :method_arg=>true})))
  (begin
    (send
      (begin
        (send
          (begin
            (send
              (hole 0 {:hash_depth=>0, :limit_depth=>true, :recv=>true}) :save)) :-
          (hole 0 {:hash_depth=>0, :method_arg=>true}))) :-
      (hole 0 {:hash_depth=>0, :method_arg=>true})))
  (begin
    (send
      (begin
        (send
          (begin
            (send
              (hole 0 {:hash_depth=>0, :limit_depth=>true, :recv=>true}) :save)) :-
          (hole 0 {:hash_depth=>0, :method_arg=>true}))) :save))
  (begin
    (send
      (begin
        (send
          (begin
            (send
              (hole 0 {:hash_depth=>0, :limit_depth=>true, :recv=>true}) :save)) :save)) :count))
  (begin
    (send
      (begin
        (send
          (begin
            (send
              (hole 0 {:hash_depth=>0, :limit_depth=>true, :recv=>true}) :save)) :save)) :-
      (hole 0 {:hash_depth=>0, :method_arg=>true})))
  (begin
    (send
      (begin
        (send
          (begin
            (send
              (hole 0 {:hash_depth=>0, :limit_depth=>true, :recv=>true}) :save)) :save)) :save))
  (begin
    (send
      (send
        (begin
          (send
            (hole 0 {:hash_depth=>0, :limit_depth=>true, :recv=>true}) :count)) :id=
        (hole 0 {:hash_depth=>0, :method_arg=>true})) :-
      (hole 0 {:hash_depth=>0, :method_arg=>true})))
  (begin
    (send
      (send
        (begin
          (send
            (hole 0 {:hash_depth=>0, :limit_depth=>true, :recv=>true}) :count)) :id=
        (hole 0 {:hash_depth=>0, :method_arg=>true})) :-
      (hole 0 {:hash_depth=>0, :method_arg=>true})))
  (begin
    (send
      (send
        (begin
          (send
            (hole 0 {:hash_depth=>0, :limit_depth=>true, :recv=>true}) :count)) :id=
        (hole 0 {:hash_depth=>0, :method_arg=>true})) :-
      (hole 0 {:hash_depth=>0, :method_arg=>true})))
  (begin
    (send
      (send
        (begin
          (send
            (hole 0 {:hash_depth=>0, :limit_depth=>true, :recv=>true}) :count)) :id=
        (hole 0 {:hash_depth=>0, :method_arg=>true})) :count))
  (begin
    (send
      (send
        (begin
          (send
            (hole 0 {:hash_depth=>0, :limit_depth=>true, :recv=>true}) :count)) :id=
        (hole 0 {:hash_depth=>0, :method_arg=>true})) :save))
  (begin
    (send
      (send
        (begin
          (send
            (hole 0 {:hash_depth=>0, :limit_depth=>true, :recv=>true}) :count)) :id) :-
      (hole 0 {:hash_depth=>0, :method_arg=>true})))
  (begin
    (send
      (send
        (begin
          (send
            (hole 0 {:hash_depth=>0, :limit_depth=>true, :recv=>true}) :count)) :id) :-
      (hole 0 {:hash_depth=>0, :method_arg=>true})))
  (begin
    (send
      (send
        (begin
          (send
            (hole 0 {:hash_depth=>0, :limit_depth=>true, :recv=>true}) :count)) :id) :-
      (hole 0 {:hash_depth=>0, :method_arg=>true})))
  (begin
    (send
      (send
        (begin
          (send
            (hole 0 {:hash_depth=>0, :limit_depth=>true, :recv=>true}) :count)) :id) :count))
  (begin
    (send
      (send
        (begin
          (send
            (hole 0 {:hash_depth=>0, :limit_depth=>true, :recv=>true}) :count)) :id) :save))
  (begin
    (send
      (send
        (begin
          (send
            (hole 0 {:hash_depth=>0, :limit_depth=>true, :recv=>true}) :count)) :email=
        (hole 0 {:hash_depth=>0, :method_arg=>true})) :count))
  (begin
    (send
      (send
        (begin
          (send
            (hole 0 {:hash_depth=>0, :limit_depth=>true, :recv=>true}) :count)) :email=
        (hole 0 {:hash_depth=>0, :method_arg=>true})) :-
      (hole 0 {:hash_depth=>0, :method_arg=>true})))
  (begin
    (send
      (send
        (begin
          (send
            (hole 0 {:hash_depth=>0, :limit_depth=>true, :recv=>true}) :count)) :email=
        (hole 0 {:hash_depth=>0, :method_arg=>true})) :save))
  (begin
    (send
      (send
        (begin
          (send
            (hole 0 {:hash_depth=>0, :limit_depth=>true, :recv=>true}) :count)) :email) :count))
  (begin
    (send
      (send
        (begin
          (send
            (hole 0 {:hash_depth=>0, :limit_depth=>true, :recv=>true}) :count)) :email) :-
      (hole 0 {:hash_depth=>0, :method_arg=>true})))
  (begin
    (send
      (send
        (begin
          (send
            (hole 0 {:hash_depth=>0, :limit_depth=>true, :recv=>true}) :count)) :email) :save))
  (begin
    (send
      (send
        (begin
          (send
            (hole 0 {:hash_depth=>0, :limit_depth=>true, :recv=>true}) :count)) :token=
        (hole 0 {:hash_depth=>0, :method_arg=>true})) :count))
  (begin
    (send
      (send
        (begin
          (send
            (hole 0 {:hash_depth=>0, :limit_depth=>true, :recv=>true}) :count)) :token=
        (hole 0 {:hash_depth=>0, :method_arg=>true})) :-
      (hole 0 {:hash_depth=>0, :method_arg=>true})))
  (begin
    (send
      (send
        (begin
          (send
            (hole 0 {:hash_depth=>0, :limit_depth=>true, :recv=>true}) :count)) :token=
        (hole 0 {:hash_depth=>0, :method_arg=>true})) :save))
  (begin
    (send
      (send
        (begin
          (send
            (hole 0 {:hash_depth=>0, :limit_depth=>true, :recv=>true}) :count)) :token) :count))
  (begin
    (send
      (send
        (begin
          (send
            (hole 0 {:hash_depth=>0, :limit_depth=>true, :recv=>true}) :count)) :token) :-
      (hole 0 {:hash_depth=>0, :method_arg=>true})))
  (begin
    (send
      (send
        (begin
          (send
            (hole 0 {:hash_depth=>0, :limit_depth=>true, :recv=>true}) :count)) :token) :save))
  (begin
    (send
      (send
        (begin
          (send
            (hole 0 {:hash_depth=>0, :limit_depth=>true, :recv=>true}) :count)) :confirmed=
        (hole 0 {:hash_depth=>0, :method_arg=>true})) :count))
  (begin
    (send
      (send
        (begin
          (send
            (hole 0 {:hash_depth=>0, :limit_depth=>true, :recv=>true}) :count)) :confirmed=
        (hole 0 {:hash_depth=>0, :method_arg=>true})) :-
      (hole 0 {:hash_depth=>0, :method_arg=>true})))
  (begin
    (send
      (send
        (begin
          (send
            (hole 0 {:hash_depth=>0, :limit_depth=>true, :recv=>true}) :count)) :confirmed=
        (hole 0 {:hash_depth=>0, :method_arg=>true})) :save))
  (begin
    (send
      (send
        (begin
          (send
            (hole 0 {:hash_depth=>0, :limit_depth=>true, :recv=>true}) :count)) :confirmed) :count))
  (begin
    (send
      (send
        (begin
          (send
            (hole 0 {:hash_depth=>0, :limit_depth=>true, :recv=>true}) :count)) :confirmed) :-
      (hole 0 {:hash_depth=>0, :method_arg=>true})))
  (begin
    (send
      (send
        (begin
          (send
            (hole 0 {:hash_depth=>0, :limit_depth=>true, :recv=>true}) :count)) :confirmed) :save))
  (begin
    (send
      (send
        (begin
          (send
            (hole 0 {:hash_depth=>0, :limit_depth=>true, :recv=>true}) :count)) :expired=
        (hole 0 {:hash_depth=>0, :method_arg=>true})) :count))
  (begin
    (send
      (send
        (begin
          (send
            (hole 0 {:hash_depth=>0, :limit_depth=>true, :recv=>true}) :count)) :expired=
        (hole 0 {:hash_depth=>0, :method_arg=>true})) :-
      (hole 0 {:hash_depth=>0, :method_arg=>true})))
  (begin
    (send
      (send
        (begin
          (send
            (hole 0 {:hash_depth=>0, :limit_depth=>true, :recv=>true}) :count)) :expired=
        (hole 0 {:hash_depth=>0, :method_arg=>true})) :save))
  (begin
    (send
      (send
        (begin
          (send
            (hole 0 {:hash_depth=>0, :limit_depth=>true, :recv=>true}) :count)) :expired) :count))
  (begin
    (send
      (send
        (begin
          (send
            (hole 0 {:hash_depth=>0, :limit_depth=>true, :recv=>true}) :count)) :expired) :-
      (hole 0 {:hash_depth=>0, :method_arg=>true})))
  (begin
    (send
      (send
        (begin
          (send
            (hole 0 {:hash_depth=>0, :limit_depth=>true, :recv=>true}) :count)) :expired) :save))
  (begin
    (send
      (send
        (begin
          (send
            (hole 0 {:hash_depth=>0, :limit_depth=>true, :recv=>true}) :count)) :user_id=
        (hole 0 {:hash_depth=>0, :method_arg=>true})) :-
      (hole 0 {:hash_depth=>0, :method_arg=>true})))
  (begin
    (send
      (send
        (begin
          (send
            (hole 0 {:hash_depth=>0, :limit_depth=>true, :recv=>true}) :count)) :user_id=
        (hole 0 {:hash_depth=>0, :method_arg=>true})) :-
      (hole 0 {:hash_depth=>0, :method_arg=>true})))
  (begin
    (send
      (send
        (begin
          (send
            (hole 0 {:hash_depth=>0, :limit_depth=>true, :recv=>true}) :count)) :user_id=
        (hole 0 {:hash_depth=>0, :method_arg=>true})) :-
      (hole 0 {:hash_depth=>0, :method_arg=>true})))
  (begin
    (send
      (send
        (begin
          (send
            (hole 0 {:hash_depth=>0, :limit_depth=>true, :recv=>true}) :count)) :user_id=
        (hole 0 {:hash_depth=>0, :method_arg=>true})) :count))
  (begin
    (send
      (send
        (begin
          (send
            (hole 0 {:hash_depth=>0, :limit_depth=>true, :recv=>true}) :count)) :user_id=
        (hole 0 {:hash_depth=>0, :method_arg=>true})) :save))
  (begin
    (send
      (send
        (begin
          (send
            (hole 0 {:hash_depth=>0, :limit_depth=>true, :recv=>true}) :count)) :user_id) :-
      (hole 0 {:hash_depth=>0, :method_arg=>true})))
  (begin
    (send
      (send
        (begin
          (send
            (hole 0 {:hash_depth=>0, :limit_depth=>true, :recv=>true}) :count)) :user_id) :-
      (hole 0 {:hash_depth=>0, :method_arg=>true})))
  (begin
    (send
      (send
        (begin
          (send
            (hole 0 {:hash_depth=>0, :limit_depth=>true, :recv=>true}) :count)) :user_id) :-
      (hole 0 {:hash_depth=>0, :method_arg=>true})))
  (begin
    (send
      (send
        (begin
          (send
            (hole 0 {:hash_depth=>0, :limit_depth=>true, :recv=>true}) :count)) :user_id) :count))
  (begin
    (send
      (send
        (begin
          (send
            (hole 0 {:hash_depth=>0, :limit_depth=>true, :recv=>true}) :count)) :user_id) :save))
  (send
    (send
      (begin
        (send
          (hole 0 {:hash_depth=>0, :limit_depth=>true, :recv=>true}) :count)) :user) :staged=
    (hole 0 {:hash_depth=>0, :method_arg=>true}))
  (send
    (send
      (begin
        (send
          (hole 0 {:hash_depth=>0, :limit_depth=>true, :recv=>true}) :count)) :user) :staged)
  (send
    (send
      (begin
        (send
          (hole 0 {:hash_depth=>0, :limit_depth=>true, :recv=>true}) :count)) :user) :active=
    (hole 0 {:hash_depth=>0, :method_arg=>true}))
  (send
    (send
      (begin
        (send
          (hole 0 {:hash_depth=>0, :limit_depth=>true, :recv=>true}) :count)) :user) :active)
  (send
    (send
      (begin
        (send
          (hole 0 {:hash_depth=>0, :limit_depth=>true, :recv=>true}) :count)) :user) :admin=
    (hole 0 {:hash_depth=>0, :method_arg=>true}))
  (send
    (send
      (begin
        (send
          (hole 0 {:hash_depth=>0, :limit_depth=>true, :recv=>true}) :count)) :user) :admin)
  (send
    (send
      (begin
        (send
          (hole 0 {:hash_depth=>0, :limit_depth=>true, :recv=>true}) :count)) :user) :moderator=
    (hole 0 {:hash_depth=>0, :method_arg=>true}))
  (send
    (send
      (begin
        (send
          (hole 0 {:hash_depth=>0, :limit_depth=>true, :recv=>true}) :count)) :user) :moderator)
  (begin
    (send
      (send
        (begin
          (send
            (hole 0 {:hash_depth=>0, :limit_depth=>true, :recv=>true}) :count)) :user) :count))
  (begin
    (send
      (send
        (begin
          (send
            (hole 0 {:hash_depth=>0, :limit_depth=>true, :recv=>true}) :count)) :user) :-
      (hole 0 {:hash_depth=>0, :method_arg=>true})))
  (begin
    (send
      (send
        (begin
          (send
            (hole 0 {:hash_depth=>0, :limit_depth=>true, :recv=>true}) :count)) :user) :save))
  (send
    (send
      (begin
        (send
          (hole 0 {:hash_depth=>0, :limit_depth=>true, :recv=>true}) :count)) :user=
      (hole 0 {:hash_depth=>0, :method_arg=>true})) :staged=
    (hole 0 {:hash_depth=>0, :method_arg=>true}))
  (send
    (send
      (begin
        (send
          (hole 0 {:hash_depth=>0, :limit_depth=>true, :recv=>true}) :count)) :user=
      (hole 0 {:hash_depth=>0, :method_arg=>true})) :staged)
  (send
    (send
      (begin
        (send
          (hole 0 {:hash_depth=>0, :limit_depth=>true, :recv=>true}) :count)) :user=
      (hole 0 {:hash_depth=>0, :method_arg=>true})) :active=
    (hole 0 {:hash_depth=>0, :method_arg=>true}))
  (send
    (send
      (begin
        (send
          (hole 0 {:hash_depth=>0, :limit_depth=>true, :recv=>true}) :count)) :user=
      (hole 0 {:hash_depth=>0, :method_arg=>true})) :active)
  (send
    (send
      (begin
        (send
          (hole 0 {:hash_depth=>0, :limit_depth=>true, :recv=>true}) :count)) :user=
      (hole 0 {:hash_depth=>0, :method_arg=>true})) :admin=
    (hole 0 {:hash_depth=>0, :method_arg=>true}))
  (send
    (send
      (begin
        (send
          (hole 0 {:hash_depth=>0, :limit_depth=>true, :recv=>true}) :count)) :user=
      (hole 0 {:hash_depth=>0, :method_arg=>true})) :admin)
  (send
    (send
      (begin
        (send
          (hole 0 {:hash_depth=>0, :limit_depth=>true, :recv=>true}) :count)) :user=
      (hole 0 {:hash_depth=>0, :method_arg=>true})) :moderator=
    (hole 0 {:hash_depth=>0, :method_arg=>true}))
  (send
    (send
      (begin
        (send
          (hole 0 {:hash_depth=>0, :limit_depth=>true, :recv=>true}) :count)) :user=
      (hole 0 {:hash_depth=>0, :method_arg=>true})) :moderator)
  (begin
    (send
      (send
        (begin
          (send
            (hole 0 {:hash_depth=>0, :limit_depth=>true, :recv=>true}) :count)) :user=
        (hole 0 {:hash_depth=>0, :method_arg=>true})) :count))
  (begin
    (send
      (send
        (begin
          (send
            (hole 0 {:hash_depth=>0, :limit_depth=>true, :recv=>true}) :count)) :user=
        (hole 0 {:hash_depth=>0, :method_arg=>true})) :-
      (hole 0 {:hash_depth=>0, :method_arg=>true})))
  (begin
    (send
      (send
        (begin
          (send
            (hole 0 {:hash_depth=>0, :limit_depth=>true, :recv=>true}) :count)) :user=
        (hole 0 {:hash_depth=>0, :method_arg=>true})) :save))
  (begin
    (send
      (send
        (begin
          (send
            (hole 0 {:hash_depth=>0, :limit_depth=>true, :recv=>true}) :count)) :mastodon_account_id=
        (hole 0 {:hash_depth=>0, :method_arg=>true})) :-
      (hole 0 {:hash_depth=>0, :method_arg=>true})))
  (begin
    (send
      (send
        (begin
          (send
            (hole 0 {:hash_depth=>0, :limit_depth=>true, :recv=>true}) :count)) :mastodon_account_id=
        (hole 0 {:hash_depth=>0, :method_arg=>true})) :-
      (hole 0 {:hash_depth=>0, :method_arg=>true})))
  (begin
    (send
      (send
        (begin
          (send
            (hole 0 {:hash_depth=>0, :limit_depth=>true, :recv=>true}) :count)) :mastodon_account_id=
        (hole 0 {:hash_depth=>0, :method_arg=>true})) :-
      (hole 0 {:hash_depth=>0, :method_arg=>true})))
  (begin
    (send
      (send
        (begin
          (send
            (hole 0 {:hash_depth=>0, :limit_depth=>true, :recv=>true}) :count)) :mastodon_account_id=
        (hole 0 {:hash_depth=>0, :method_arg=>true})) :count))
  (begin
    (send
      (send
        (begin
          (send
            (hole 0 {:hash_depth=>0, :limit_depth=>true, :recv=>true}) :count)) :mastodon_account_id=
        (hole 0 {:hash_depth=>0, :method_arg=>true})) :save))
  (begin
    (send
      (send
        (begin
          (send
            (hole 0 {:hash_depth=>0, :limit_depth=>true, :recv=>true}) :count)) :mastodon_account_id) :-
      (hole 0 {:hash_depth=>0, :method_arg=>true})))
  (begin
    (send
      (send
        (begin
          (send
            (hole 0 {:hash_depth=>0, :limit_depth=>true, :recv=>true}) :count)) :mastodon_account_id) :-
      (hole 0 {:hash_depth=>0, :method_arg=>true})))
  (begin
    (send
      (send
        (begin
          (send
            (hole 0 {:hash_depth=>0, :limit_depth=>true, :recv=>true}) :count)) :mastodon_account_id) :-
      (hole 0 {:hash_depth=>0, :method_arg=>true})))
  (begin
    (send
      (send
        (begin
          (send
            (hole 0 {:hash_depth=>0, :limit_depth=>true, :recv=>true}) :count)) :mastodon_account_id) :count))
  (begin
    (send
      (send
        (begin
          (send
            (hole 0 {:hash_depth=>0, :limit_depth=>true, :recv=>true}) :count)) :mastodon_account_id) :save))
  (begin
    (send
      (send
        (begin
          (send
            (hole 0 {:hash_depth=>0, :limit_depth=>true, :recv=>true}) :count)) :mastodon_status_id=
        (hole 0 {:hash_depth=>0, :method_arg=>true})) :-
      (hole 0 {:hash_depth=>0, :method_arg=>true})))
  (begin
    (send
      (send
        (begin
          (send
            (hole 0 {:hash_depth=>0, :limit_depth=>true, :recv=>true}) :count)) :mastodon_status_id=
        (hole 0 {:hash_depth=>0, :method_arg=>true})) :-
      (hole 0 {:hash_depth=>0, :method_arg=>true})))
  (begin
    (send
      (send
        (begin
          (send
            (hole 0 {:hash_depth=>0, :limit_depth=>true, :recv=>true}) :count)) :mastodon_status_id=
        (hole 0 {:hash_depth=>0, :method_arg=>true})) :-
      (hole 0 {:hash_depth=>0, :method_arg=>true})))
  (begin
    (send
      (send
        (begin
          (send
            (hole 0 {:hash_depth=>0, :limit_depth=>true, :recv=>true}) :count)) :mastodon_status_id=
        (hole 0 {:hash_depth=>0, :method_arg=>true})) :count))
  (begin
    (send
      (send
        (begin
          (send
            (hole 0 {:hash_depth=>0, :limit_depth=>true, :recv=>true}) :count)) :mastodon_status_id=
        (hole 0 {:hash_depth=>0, :method_arg=>true})) :save))
  (begin
    (send
      (send
        (begin
          (send
            (hole 0 {:hash_depth=>0, :limit_depth=>true, :recv=>true}) :count)) :mastodon_status_id) :-
      (hole 0 {:hash_depth=>0, :method_arg=>true})))
  (begin
    (send
      (send
        (begin
          (send
            (hole 0 {:hash_depth=>0, :limit_depth=>true, :recv=>true}) :count)) :mastodon_status_id) :-
      (hole 0 {:hash_depth=>0, :method_arg=>true})))
  (begin
    (send
      (send
        (begin
          (send
            (hole 0 {:hash_depth=>0, :limit_depth=>true, :recv=>true}) :count)) :mastodon_status_id) :-
      (hole 0 {:hash_depth=>0, :method_arg=>true})))
  (begin
    (send
      (send
        (begin
          (send
            (hole 0 {:hash_depth=>0, :limit_depth=>true, :recv=>true}) :count)) :mastodon_status_id) :count))
  (begin
    (send
      (send
        (begin
          (send
            (hole 0 {:hash_depth=>0, :limit_depth=>true, :recv=>true}) :count)) :mastodon_status_id) :save))
  (send
    (send
      (begin
        (send
          (hole 0 {:hash_depth=>0, :limit_depth=>true, :recv=>true}) :count)) :mastodon_account) :discoverable=
    (hole 0 {:hash_depth=>0, :method_arg=>true}))
  (send
    (send
      (begin
        (send
          (hole 0 {:hash_depth=>0, :limit_depth=>true, :recv=>true}) :count)) :mastodon_account) :discoverable)
  (begin
    (send
      (send
        (begin
          (send
            (hole 0 {:hash_depth=>0, :limit_depth=>true, :recv=>true}) :count)) :mastodon_account) :count))
  (begin
    (send
      (send
        (begin
          (send
            (hole 0 {:hash_depth=>0, :limit_depth=>true, :recv=>true}) :count)) :mastodon_account) :-
      (hole 0 {:hash_depth=>0, :method_arg=>true})))
  (begin
    (send
      (send
        (begin
          (send
            (hole 0 {:hash_depth=>0, :limit_depth=>true, :recv=>true}) :count)) :mastodon_account) :save))
  (send
    (send
      (begin
        (send
          (hole 0 {:hash_depth=>0, :limit_depth=>true, :recv=>true}) :count)) :mastodon_account=
      (hole 0 {:hash_depth=>0, :method_arg=>true})) :discoverable=
    (hole 0 {:hash_depth=>0, :method_arg=>true}))
  (send
    (send
      (begin
        (send
          (hole 0 {:hash_depth=>0, :limit_depth=>true, :recv=>true}) :count)) :mastodon_account=
      (hole 0 {:hash_depth=>0, :method_arg=>true})) :discoverable)
  (begin
    (send
      (send
        (begin
          (send
            (hole 0 {:hash_depth=>0, :limit_depth=>true, :recv=>true}) :count)) :mastodon_account=
        (hole 0 {:hash_depth=>0, :method_arg=>true})) :count))
  (begin
    (send
      (send
        (begin
          (send
            (hole 0 {:hash_depth=>0, :limit_depth=>true, :recv=>true}) :count)) :mastodon_account=
        (hole 0 {:hash_depth=>0, :method_arg=>true})) :-
      (hole 0 {:hash_depth=>0, :method_arg=>true})))
  (begin
    (send
      (send
        (begin
          (send
            (hole 0 {:hash_depth=>0, :limit_depth=>true, :recv=>true}) :count)) :mastodon_account=
        (hole 0 {:hash_depth=>0, :method_arg=>true})) :save))
  (begin
    (send
      (send
        (begin
          (send
            (hole 0 {:hash_depth=>0, :limit_depth=>true, :recv=>true}) :count)) :mastodon_status) :count))
  (begin
    (send
      (send
        (begin
          (send
            (hole 0 {:hash_depth=>0, :limit_depth=>true, :recv=>true}) :count)) :mastodon_status) :-
      (hole 0 {:hash_depth=>0, :method_arg=>true})))
  (begin
    (send
      (send
        (begin
          (send
            (hole 0 {:hash_depth=>0, :limit_depth=>true, :recv=>true}) :count)) :mastodon_status) :save))
  (begin
    (send
      (send
        (begin
          (send
            (hole 0 {:hash_depth=>0, :limit_depth=>true, :recv=>true}) :count)) :mastodon_status=
        (hole 0 {:hash_depth=>0, :method_arg=>true})) :count))
  (begin
    (send
      (send
        (begin
          (send
            (hole 0 {:hash_depth=>0, :limit_depth=>true, :recv=>true}) :count)) :mastodon_status=
        (hole 0 {:hash_depth=>0, :method_arg=>true})) :-
      (hole 0 {:hash_depth=>0, :method_arg=>true})))
  (begin
    (send
      (send
        (begin
          (send
            (hole 0 {:hash_depth=>0, :limit_depth=>true, :recv=>true}) :count)) :mastodon_status=
        (hole 0 {:hash_depth=>0, :method_arg=>true})) :save))
  (begin
    (send
      (send
        (begin
          (send
            (hole 0 {:hash_depth=>0, :limit_depth=>true, :recv=>true}) :count)) :target_account_id=
        (hole 0 {:hash_depth=>0, :method_arg=>true})) :-
      (hole 0 {:hash_depth=>0, :method_arg=>true})))
  (begin
    (send
      (send
        (begin
          (send
            (hole 0 {:hash_depth=>0, :limit_depth=>true, :recv=>true}) :count)) :target_account_id=
        (hole 0 {:hash_depth=>0, :method_arg=>true})) :-
      (hole 0 {:hash_depth=>0, :method_arg=>true})))
  (begin
    (send
      (send
        (begin
          (send
            (hole 0 {:hash_depth=>0, :limit_depth=>true, :recv=>true}) :count)) :target_account_id=
        (hole 0 {:hash_depth=>0, :method_arg=>true})) :-
      (hole 0 {:hash_depth=>0, :method_arg=>true})))
  (begin
    (send
      (send
        (begin
          (send
            (hole 0 {:hash_depth=>0, :limit_depth=>true, :recv=>true}) :count)) :target_account_id=
        (hole 0 {:hash_depth=>0, :method_arg=>true})) :count))
  (begin
    (send
      (send
        (begin
          (send
            (hole 0 {:hash_depth=>0, :limit_depth=>true, :recv=>true}) :count)) :target_account_id=
        (hole 0 {:hash_depth=>0, :method_arg=>true})) :save))
  (begin
    (send
      (send
        (begin
          (send
            (hole 0 {:hash_depth=>0, :limit_depth=>true, :recv=>true}) :count)) :target_account_id) :-
      (hole 0 {:hash_depth=>0, :method_arg=>true})))
  (begin
    (send
      (send
        (begin
          (send
            (hole 0 {:hash_depth=>0, :limit_depth=>true, :recv=>true}) :count)) :target_account_id) :-
      (hole 0 {:hash_depth=>0, :method_arg=>true})))
  (begin
    (send
      (send
        (begin
          (send
            (hole 0 {:hash_depth=>0, :limit_depth=>true, :recv=>true}) :count)) :target_account_id) :-
      (hole 0 {:hash_depth=>0, :method_arg=>true})))
  (begin
    (send
      (send
        (begin
          (send
            (hole 0 {:hash_depth=>0, :limit_depth=>true, :recv=>true}) :count)) :target_account_id) :count))
  (begin
    (send
      (send
        (begin
          (send
            (hole 0 {:hash_depth=>0, :limit_depth=>true, :recv=>true}) :count)) :target_account_id) :save))
  (send
    (send
      (begin
        (send
          (hole 0 {:hash_depth=>0, :limit_depth=>true, :recv=>true}) :count)) :target_account) :discoverable=
    (hole 0 {:hash_depth=>0, :method_arg=>true}))
  (send
    (send
      (begin
        (send
          (hole 0 {:hash_depth=>0, :limit_depth=>true, :recv=>true}) :count)) :target_account) :discoverable)
  (begin
    (send
      (send
        (begin
          (send
            (hole 0 {:hash_depth=>0, :limit_depth=>true, :recv=>true}) :count)) :target_account) :count))
  (begin
    (send
      (send
        (begin
          (send
            (hole 0 {:hash_depth=>0, :limit_depth=>true, :recv=>true}) :count)) :target_account) :-
      (hole 0 {:hash_depth=>0, :method_arg=>true})))
  (begin
    (send
      (send
        (begin
          (send
            (hole 0 {:hash_depth=>0, :limit_depth=>true, :recv=>true}) :count)) :target_account) :save))
  (send
    (send
      (begin
        (send
          (hole 0 {:hash_depth=>0, :limit_depth=>true, :recv=>true}) :count)) :target_account=
      (hole 0 {:hash_depth=>0, :method_arg=>true})) :discoverable=
    (hole 0 {:hash_depth=>0, :method_arg=>true}))
  (send
    (send
      (begin
        (send
          (hole 0 {:hash_depth=>0, :limit_depth=>true, :recv=>true}) :count)) :target_account=
      (hole 0 {:hash_depth=>0, :method_arg=>true})) :discoverable)
  (begin
    (send
      (send
        (begin
          (send
            (hole 0 {:hash_depth=>0, :limit_depth=>true, :recv=>true}) :count)) :target_account=
        (hole 0 {:hash_depth=>0, :method_arg=>true})) :count))
  (begin
    (send
      (send
        (begin
          (send
            (hole 0 {:hash_depth=>0, :limit_depth=>true, :recv=>true}) :count)) :target_account=
        (hole 0 {:hash_depth=>0, :method_arg=>true})) :-
      (hole 0 {:hash_depth=>0, :method_arg=>true})))
  (begin
    (send
      (send
        (begin
          (send
            (hole 0 {:hash_depth=>0, :limit_depth=>true, :recv=>true}) :count)) :target_account=
        (hole 0 {:hash_depth=>0, :method_arg=>true})) :save))
  (begin
    (send
      (send
        (begin
          (send
            (hole 0 {:hash_depth=>0, :limit_depth=>true, :recv=>true}) :count)) :replies_count=
        (hole 0 {:hash_depth=>0, :method_arg=>true})) :-
      (hole 0 {:hash_depth=>0, :method_arg=>true})))
  (begin
    (send
      (send
        (begin
          (send
            (hole 0 {:hash_depth=>0, :limit_depth=>true, :recv=>true}) :count)) :replies_count=
        (hole 0 {:hash_depth=>0, :method_arg=>true})) :-
      (hole 0 {:hash_depth=>0, :method_arg=>true})))
  (begin
    (send
      (send
        (begin
          (send
            (hole 0 {:hash_depth=>0, :limit_depth=>true, :recv=>true}) :count)) :replies_count=
        (hole 0 {:hash_depth=>0, :method_arg=>true})) :-
      (hole 0 {:hash_depth=>0, :method_arg=>true})))
  (begin
    (send
      (send
        (begin
          (send
            (hole 0 {:hash_depth=>0, :limit_depth=>true, :recv=>true}) :count)) :replies_count=
        (hole 0 {:hash_depth=>0, :method_arg=>true})) :count))
  (begin
    (send
      (send
        (begin
          (send
            (hole 0 {:hash_depth=>0, :limit_depth=>true, :recv=>true}) :count)) :replies_count=
        (hole 0 {:hash_depth=>0, :method_arg=>true})) :save))
  (begin
    (send
      (send
        (begin
          (send
            (hole 0 {:hash_depth=>0, :limit_depth=>true, :recv=>true}) :count)) :replies_count) :-
      (hole 0 {:hash_depth=>0, :method_arg=>true})))
  (begin
    (send
      (send
        (begin
          (send
            (hole 0 {:hash_depth=>0, :limit_depth=>true, :recv=>true}) :count)) :replies_count) :-
      (hole 0 {:hash_depth=>0, :method_arg=>true})))
  (begin
    (send
      (send
        (begin
          (send
            (hole 0 {:hash_depth=>0, :limit_depth=>true, :recv=>true}) :count)) :replies_count) :-
      (hole 0 {:hash_depth=>0, :method_arg=>true})))
  (begin
    (send
      (send
        (begin
          (send
            (hole 0 {:hash_depth=>0, :limit_depth=>true, :recv=>true}) :count)) :replies_count) :count))
  (begin
    (send
      (send
        (begin
          (send
            (hole 0 {:hash_depth=>0, :limit_depth=>true, :recv=>true}) :count)) :replies_count) :save))
  (begin
    (send
      (send
        (begin
          (send
            (hole 0 {:hash_depth=>0, :limit_depth=>true, :recv=>true}) :count)) :reblogs_count=
        (hole 0 {:hash_depth=>0, :method_arg=>true})) :-
      (hole 0 {:hash_depth=>0, :method_arg=>true})))
  (begin
    (send
      (send
        (begin
          (send
            (hole 0 {:hash_depth=>0, :limit_depth=>true, :recv=>true}) :count)) :reblogs_count=
        (hole 0 {:hash_depth=>0, :method_arg=>true})) :-
      (hole 0 {:hash_depth=>0, :method_arg=>true})))
  (begin
    (send
      (send
        (begin
          (send
            (hole 0 {:hash_depth=>0, :limit_depth=>true, :recv=>true}) :count)) :reblogs_count=
        (hole 0 {:hash_depth=>0, :method_arg=>true})) :-
      (hole 0 {:hash_depth=>0, :method_arg=>true})))
  (begin
    (send
      (send
        (begin
          (send
            (hole 0 {:hash_depth=>0, :limit_depth=>true, :recv=>true}) :count)) :reblogs_count=
        (hole 0 {:hash_depth=>0, :method_arg=>true})) :count))
  (begin
    (send
      (send
        (begin
          (send
            (hole 0 {:hash_depth=>0, :limit_depth=>true, :recv=>true}) :count)) :reblogs_count=
        (hole 0 {:hash_depth=>0, :method_arg=>true})) :save))
  (begin
    (send
      (send
        (begin
          (send
            (hole 0 {:hash_depth=>0, :limit_depth=>true, :recv=>true}) :count)) :reblogs_count) :-
      (hole 0 {:hash_depth=>0, :method_arg=>true})))
  (begin
    (send
      (send
        (begin
          (send
            (hole 0 {:hash_depth=>0, :limit_depth=>true, :recv=>true}) :count)) :reblogs_count) :-
      (hole 0 {:hash_depth=>0, :method_arg=>true})))
  (begin
    (send
      (send
        (begin
          (send
            (hole 0 {:hash_depth=>0, :limit_depth=>true, :recv=>true}) :count)) :reblogs_count) :-
      (hole 0 {:hash_depth=>0, :method_arg=>true})))
  (begin
    (send
      (send
        (begin
          (send
            (hole 0 {:hash_depth=>0, :limit_depth=>true, :recv=>true}) :count)) :reblogs_count) :count))
  (begin
    (send
      (send
        (begin
          (send
            (hole 0 {:hash_depth=>0, :limit_depth=>true, :recv=>true}) :count)) :reblogs_count) :save))
  (begin
    (send
      (send
        (begin
          (send
            (hole 0 {:hash_depth=>0, :limit_depth=>true, :recv=>true}) :count)) :favourites_count=
        (hole 0 {:hash_depth=>0, :method_arg=>true})) :-
      (hole 0 {:hash_depth=>0, :method_arg=>true})))
  (begin
    (send
      (send
        (begin
          (send
            (hole 0 {:hash_depth=>0, :limit_depth=>true, :recv=>true}) :count)) :favourites_count=
        (hole 0 {:hash_depth=>0, :method_arg=>true})) :-
      (hole 0 {:hash_depth=>0, :method_arg=>true})))
  (begin
    (send
      (send
        (begin
          (send
            (hole 0 {:hash_depth=>0, :limit_depth=>true, :recv=>true}) :count)) :favourites_count=
        (hole 0 {:hash_depth=>0, :method_arg=>true})) :-
      (hole 0 {:hash_depth=>0, :method_arg=>true})))
  (begin
    (send
      (send
        (begin
          (send
            (hole 0 {:hash_depth=>0, :limit_depth=>true, :recv=>true}) :count)) :favourites_count=
        (hole 0 {:hash_depth=>0, :method_arg=>true})) :count))
  (begin
    (send
      (send
        (begin
          (send
            (hole 0 {:hash_depth=>0, :limit_depth=>true, :recv=>true}) :count)) :favourites_count=
        (hole 0 {:hash_depth=>0, :method_arg=>true})) :save))
  (begin
    (send
      (send
        (begin
          (send
            (hole 0 {:hash_depth=>0, :limit_depth=>true, :recv=>true}) :count)) :favourites_count) :-
      (hole 0 {:hash_depth=>0, :method_arg=>true})))
  (begin
    (send
      (send
        (begin
          (send
            (hole 0 {:hash_depth=>0, :limit_depth=>true, :recv=>true}) :count)) :favourites_count) :-
      (hole 0 {:hash_depth=>0, :method_arg=>true})))
  (begin
    (send
      (send
        (begin
          (send
            (hole 0 {:hash_depth=>0, :limit_depth=>true, :recv=>true}) :count)) :favourites_count) :-
      (hole 0 {:hash_depth=>0, :method_arg=>true})))
  (begin
    (send
      (send
        (begin
          (send
            (hole 0 {:hash_depth=>0, :limit_depth=>true, :recv=>true}) :count)) :favourites_count) :count))
  (begin
    (send
      (send
        (begin
          (send
            (hole 0 {:hash_depth=>0, :limit_depth=>true, :recv=>true}) :count)) :favourites_count) :save))
  (begin
    (send
      (send
        (begin
          (send
            (hole 0 {:hash_depth=>0, :limit_depth=>true, :recv=>true}) :count)) :quotes_count=
        (hole 0 {:hash_depth=>0, :method_arg=>true})) :-
      (hole 0 {:hash_depth=>0, :method_arg=>true})))
  (begin
    (send
      (send
        (begin
          (send
            (hole 0 {:hash_depth=>0, :limit_depth=>true, :recv=>true}) :count)) :quotes_count=
        (hole 0 {:hash_depth=>0, :method_arg=>true})) :-
      (hole 0 {:hash_depth=>0, :method_arg=>true})))
  (begin
    (send
      (send
        (begin
          (send
            (hole 0 {:hash_depth=>0, :limit_depth=>true, :recv=>true}) :count)) :quotes_count=
        (hole 0 {:hash_depth=>0, :method_arg=>true})) :-
      (hole 0 {:hash_depth=>0, :method_arg=>true})))
  (begin
    (send
      (send
        (begin
          (send
            (hole 0 {:hash_depth=>0, :limit_depth=>true, :recv=>true}) :count)) :quotes_count=
        (hole 0 {:hash_depth=>0, :method_arg=>true})) :count))
  (begin
    (send
      (send
        (begin
          (send
            (hole 0 {:hash_depth=>0, :limit_depth=>true, :recv=>true}) :count)) :quotes_count=
        (hole 0 {:hash_depth=>0, :method_arg=>true})) :save))
  (begin
    (send
      (send
        (begin
          (send
            (hole 0 {:hash_depth=>0, :limit_depth=>true, :recv=>true}) :count)) :quotes_count) :-
      (hole 0 {:hash_depth=>0, :method_arg=>true})))
  (begin
    (send
      (send
        (begin
          (send
            (hole 0 {:hash_depth=>0, :limit_depth=>true, :recv=>true}) :count)) :quotes_count) :-
      (hole 0 {:hash_depth=>0, :method_arg=>true})))
  (begin
    (send
      (send
        (begin
          (send
            (hole 0 {:hash_depth=>0, :limit_depth=>true, :recv=>true}) :count)) :quotes_count) :-
      (hole 0 {:hash_depth=>0, :method_arg=>true})))
  (begin
    (send
      (send
        (begin
          (send
            (hole 0 {:hash_depth=>0, :limit_depth=>true, :recv=>true}) :count)) :quotes_count) :count))
  (begin
    (send
      (send
        (begin
          (send
            (hole 0 {:hash_depth=>0, :limit_depth=>true, :recv=>true}) :count)) :quotes_count) :save))
  (begin
    (send
      (send
        (begin
          (send
            (hole 0 {:hash_depth=>0, :limit_depth=>true, :recv=>true}) :count)) :visibility=
        (hole 0 {:hash_depth=>0, :method_arg=>true})) :-
      (hole 0 {:hash_depth=>0, :method_arg=>true})))
  (begin
    (send
      (send
        (begin
          (send
            (hole 0 {:hash_depth=>0, :limit_depth=>true, :recv=>true}) :count)) :visibility=
        (hole 0 {:hash_depth=>0, :method_arg=>true})) :-
      (hole 0 {:hash_depth=>0, :method_arg=>true})))
  (begin
    (send
      (send
        (begin
          (send
            (hole 0 {:hash_depth=>0, :limit_depth=>true, :recv=>true}) :count)) :visibility=
        (hole 0 {:hash_depth=>0, :method_arg=>true})) :-
      (hole 0 {:hash_depth=>0, :method_arg=>true})))
  (begin
    (send
      (send
        (begin
          (send
            (hole 0 {:hash_depth=>0, :limit_depth=>true, :recv=>true}) :count)) :visibility=
        (hole 0 {:hash_depth=>0, :method_arg=>true})) :count))
  (begin
    (send
      (send
        (begin
          (send
            (hole 0 {:hash_depth=>0, :limit_depth=>true, :recv=>true}) :count)) :visibility=
        (hole 0 {:hash_depth=>0, :method_arg=>true})) :save))
  (begin
    (send
      (send
        (begin
          (send
            (hole 0 {:hash_depth=>0, :limit_depth=>true, :recv=>true}) :count)) :visibility) :-
      (hole 0 {:hash_depth=>0, :method_arg=>true})))
  (begin
    (send
      (send
        (begin
          (send
            (hole 0 {:hash_depth=>0, :limit_depth=>true, :recv=>true}) :count)) :visibility) :-
      (hole 0 {:hash_depth=>0, :method_arg=>true})))
  (begin
    (send
      (send
        (begin
          (send
            (hole 0 {:hash_depth=>0, :limit_depth=>true, :recv=>true}) :count)) :visibility) :-
      (hole 0 {:hash_depth=>0, :method_arg=>true})))
  (begin
    (send
      (send
        (begin
          (send
            (hole 0 {:hash_depth=>0, :limit_depth=>true, :recv=>true}) :count)) :visibility) :count))
  (begin
    (send
      (send
        (begin
          (send
            (hole 0 {:hash_depth=>0, :limit_depth=>true, :recv=>true}) :count)) :visibility) :save))
  (begin
    (send
      (send
        (begin
          (send
            (hole 0 {:hash_depth=>0, :limit_depth=>true, :recv=>true}) :count)) :in_reply_to_id=
        (hole 0 {:hash_depth=>0, :method_arg=>true})) :-
      (hole 0 {:hash_depth=>0, :method_arg=>true})))
  (begin
    (send
      (send
        (begin
          (send
            (hole 0 {:hash_depth=>0, :limit_depth=>true, :recv=>true}) :count)) :in_reply_to_id=
        (hole 0 {:hash_depth=>0, :method_arg=>true})) :-
      (hole 0 {:hash_depth=>0, :method_arg=>true})))
  (begin
    (send
      (send
        (begin
          (send
            (hole 0 {:hash_depth=>0, :limit_depth=>true, :recv=>true}) :count)) :in_reply_to_id=
        (hole 0 {:hash_depth=>0, :method_arg=>true})) :-
      (hole 0 {:hash_depth=>0, :method_arg=>true})))
  (begin
    (send
      (send
        (begin
          (send
            (hole 0 {:hash_depth=>0, :limit_depth=>true, :recv=>true}) :count)) :in_reply_to_id=
        (hole 0 {:hash_depth=>0, :method_arg=>true})) :count))
  (begin
    (send
      (send
        (begin
          (send
            (hole 0 {:hash_depth=>0, :limit_depth=>true, :recv=>true}) :count)) :in_reply_to_id=
        (hole 0 {:hash_depth=>0, :method_arg=>true})) :save))
  (begin
    (send
      (send
        (begin
          (send
            (hole 0 {:hash_depth=>0, :limit_depth=>true, :recv=>true}) :count)) :in_reply_to_id) :-
      (hole 0 {:hash_depth=>0, :method_arg=>true})))
  (begin
    (send
      (send
        (begin
          (send
            (hole 0 {:hash_depth=>0, :limit_depth=>true, :recv=>true}) :count)) :in_reply_to_id) :-
      (hole 0 {:hash_depth=>0, :method_arg=>true})))
  (begin
    (send
      (send
        (begin
          (send
            (hole 0 {:hash_depth=>0, :limit_depth=>true, :recv=>true}) :count)) :in_reply_to_id) :-
      (hole 0 {:hash_depth=>0, :method_arg=>true})))
  (begin
    (send
      (send
        (begin
          (send
            (hole 0 {:hash_depth=>0, :limit_depth=>true, :recv=>true}) :count)) :in_reply_to_id) :count))
  (begin
    (send
      (send
        (begin
          (send
            (hole 0 {:hash_depth=>0, :limit_depth=>true, :recv=>true}) :count)) :in_reply_to_id) :save))
  (begin
    (send
      (send
        (begin
          (send
            (hole 0 {:hash_depth=>0, :limit_depth=>true, :recv=>true}) :count)) :reblog_of_id=
        (hole 0 {:hash_depth=>0, :method_arg=>true})) :-
      (hole 0 {:hash_depth=>0, :method_arg=>true})))
  (begin
    (send
      (send
        (begin
          (send
            (hole 0 {:hash_depth=>0, :limit_depth=>true, :recv=>true}) :count)) :reblog_of_id=
        (hole 0 {:hash_depth=>0, :method_arg=>true})) :-
      (hole 0 {:hash_depth=>0, :method_arg=>true})))
  (begin
    (send
      (send
        (begin
          (send
            (hole 0 {:hash_depth=>0, :limit_depth=>true, :recv=>true}) :count)) :reblog_of_id=
        (hole 0 {:hash_depth=>0, :method_arg=>true})) :-
      (hole 0 {:hash_depth=>0, :method_arg=>true})))
  (begin
    (send
      (send
        (begin
          (send
            (hole 0 {:hash_depth=>0, :limit_depth=>true, :recv=>true}) :count)) :reblog_of_id=
        (hole 0 {:hash_depth=>0, :method_arg=>true})) :count))
  (begin
    (send
      (send
        (begin
          (send
            (hole 0 {:hash_depth=>0, :limit_depth=>true, :recv=>true}) :count)) :reblog_of_id=
        (hole 0 {:hash_depth=>0, :method_arg=>true})) :save))
  (begin
    (send
      (send
        (begin
          (send
            (hole 0 {:hash_depth=>0, :limit_depth=>true, :recv=>true}) :count)) :reblog_of_id) :-
      (hole 0 {:hash_depth=>0, :method_arg=>true})))
  (begin
    (send
      (send
        (begin
          (send
            (hole 0 {:hash_depth=>0, :limit_depth=>true, :recv=>true}) :count)) :reblog_of_id) :-
      (hole 0 {:hash_depth=>0, :method_arg=>true})))
  (begin
    (send
      (send
        (begin
          (send
            (hole 0 {:hash_depth=>0, :limit_depth=>true, :recv=>true}) :count)) :reblog_of_id) :-
      (hole 0 {:hash_depth=>0, :method_arg=>true})))
  (begin
    (send
      (send
        (begin
          (send
            (hole 0 {:hash_depth=>0, :limit_depth=>true, :recv=>true}) :count)) :reblog_of_id) :count))
  (begin
    (send
      (send
        (begin
          (send
            (hole 0 {:hash_depth=>0, :limit_depth=>true, :recv=>true}) :count)) :reblog_of_id) :save))
  (begin
    (send
      (send
        (begin
          (send
            (hole 0 {:hash_depth=>0, :limit_depth=>true, :recv=>true}) :count)) :quoted_status_id=
        (hole 0 {:hash_depth=>0, :method_arg=>true})) :-
      (hole 0 {:hash_depth=>0, :method_arg=>true})))
  (begin
    (send
      (send
        (begin
          (send
            (hole 0 {:hash_depth=>0, :limit_depth=>true, :recv=>true}) :count)) :quoted_status_id=
        (hole 0 {:hash_depth=>0, :method_arg=>true})) :-
      (hole 0 {:hash_depth=>0, :method_arg=>true})))
  (begin
    (send
      (send
        (begin
          (send
            (hole 0 {:hash_depth=>0, :limit_depth=>true, :recv=>true}) :count)) :quoted_status_id=
        (hole 0 {:hash_depth=>0, :method_arg=>true})) :-
      (hole 0 {:hash_depth=>0, :method_arg=>true})))
  (begin
    (send
      (send
        (begin
          (send
            (hole 0 {:hash_depth=>0, :limit_depth=>true, :recv=>true}) :count)) :quoted_status_id=
        (hole 0 {:hash_depth=>0, :method_arg=>true})) :count))
  (begin
    (send
      (send
        (begin
          (send
            (hole 0 {:hash_depth=>0, :limit_depth=>true, :recv=>true}) :count)) :quoted_status_id=
        (hole 0 {:hash_depth=>0, :method_arg=>true})) :save))
  (begin
    (send
      (send
        (begin
          (send
            (hole 0 {:hash_depth=>0, :limit_depth=>true, :recv=>true}) :count)) :quoted_status_id) :-
      (hole 0 {:hash_depth=>0, :method_arg=>true})))
  (begin
    (send
      (send
        (begin
          (send
            (hole 0 {:hash_depth=>0, :limit_depth=>true, :recv=>true}) :count)) :quoted_status_id) :-
      (hole 0 {:hash_depth=>0, :method_arg=>true})))
  (begin
    (send
      (send
        (begin
          (send
            (hole 0 {:hash_depth=>0, :limit_depth=>true, :recv=>true}) :count)) :quoted_status_id) :-
      (hole 0 {:hash_depth=>0, :method_arg=>true})))
  (begin
    (send
      (send
        (begin
          (send
            (hole 0 {:hash_depth=>0, :limit_depth=>true, :recv=>true}) :count)) :quoted_status_id) :count))
  (begin
    (send
      (send
        (begin
          (send
            (hole 0 {:hash_depth=>0, :limit_depth=>true, :recv=>true}) :count)) :quoted_status_id) :save))
  (begin
    (send
      (send
        (begin
          (send
            (hole 0 {:hash_depth=>0, :limit_depth=>true, :recv=>true}) :count)) :text=
        (hole 0 {:hash_depth=>0, :method_arg=>true})) :count))
  (begin
    (send
      (send
        (begin
          (send
            (hole 0 {:hash_depth=>0, :limit_depth=>true, :recv=>true}) :count)) :text=
        (hole 0 {:hash_depth=>0, :method_arg=>true})) :-
      (hole 0 {:hash_depth=>0, :method_arg=>true})))
  (begin
    (send
      (send
        (begin
          (send
            (hole 0 {:hash_depth=>0, :limit_depth=>true, :recv=>true}) :count)) :text=
        (hole 0 {:hash_depth=>0, :method_arg=>true})) :save))
  (begin
    (send
      (send
        (begin
          (send
            (hole 0 {:hash_depth=>0, :limit_depth=>true, :recv=>true}) :count)) :text) :count))
  (begin
    (send
      (send
        (begin
          (send
            (hole 0 {:hash_depth=>0, :limit_depth=>true, :recv=>true}) :count)) :text) :-
      (hole 0 {:hash_depth=>0, :method_arg=>true})))
  (begin
    (send
      (send
        (begin
          (send
            (hole 0 {:hash_depth=>0, :limit_depth=>true, :recv=>true}) :count)) :text) :save))
  (begin
    (send
      (send
        (begin
          (send
            (hole 0 {:hash_depth=>0, :limit_depth=>true, :recv=>true}) :count)) :mastodon_status_stat) :count))
  (begin
    (send
      (send
        (begin
          (send
            (hole 0 {:hash_depth=>0, :limit_depth=>true, :recv=>true}) :count)) :mastodon_status_stat) :-
      (hole 0 {:hash_depth=>0, :method_arg=>true})))
  (begin
    (send
      (send
        (begin
          (send
            (hole 0 {:hash_depth=>0, :limit_depth=>true, :recv=>true}) :count)) :mastodon_status_stat) :save))
  (begin
    (send
      (send
        (begin
          (send
            (hole 0 {:hash_depth=>0, :limit_depth=>true, :recv=>true}) :count)) :mastodon_status_stat=
        (hole 0 {:hash_depth=>0, :method_arg=>true})) :count))
  (begin
    (send
      (send
        (begin
          (send
            (hole 0 {:hash_depth=>0, :limit_depth=>true, :recv=>true}) :count)) :mastodon_status_stat=
        (hole 0 {:hash_depth=>0, :method_arg=>true})) :-
      (hole 0 {:hash_depth=>0, :method_arg=>true})))
  (begin
    (send
      (send
        (begin
          (send
            (hole 0 {:hash_depth=>0, :limit_depth=>true, :recv=>true}) :count)) :mastodon_status_stat=
        (hole 0 {:hash_depth=>0, :method_arg=>true})) :save))
  (begin
    (send
      (send
        (begin
          (send
            (hole 0 {:hash_depth=>0, :limit_depth=>true, :recv=>true}) :count)) :replies) :count))
  (begin
    (send
      (send
        (begin
          (send
            (hole 0 {:hash_depth=>0, :limit_depth=>true, :recv=>true}) :count)) :replies) :-
      (hole 0 {:hash_depth=>0, :method_arg=>true})))
  (begin
    (send
      (send
        (begin
          (send
            (hole 0 {:hash_depth=>0, :limit_depth=>true, :recv=>true}) :count)) :replies) :save))
  (begin
    (send
      (send
        (begin
          (send
            (hole 0 {:hash_depth=>0, :limit_depth=>true, :recv=>true}) :count)) :replies=
        (hole 0 {:hash_depth=>0, :method_arg=>true})) :count))
  (begin
    (send
      (send
        (begin
          (send
            (hole 0 {:hash_depth=>0, :limit_depth=>true, :recv=>true}) :count)) :replies=
        (hole 0 {:hash_depth=>0, :method_arg=>true})) :-
      (hole 0 {:hash_depth=>0, :method_arg=>true})))
  (begin
    (send
      (send
        (begin
          (send
            (hole 0 {:hash_depth=>0, :limit_depth=>true, :recv=>true}) :count)) :replies=
        (hole 0 {:hash_depth=>0, :method_arg=>true})) :save))
  (begin
    (send
      (send
        (begin
          (send
            (hole 0 {:hash_depth=>0, :limit_depth=>true, :recv=>true}) :count)) :reblogs) :count))
  (begin
    (send
      (send
        (begin
          (send
            (hole 0 {:hash_depth=>0, :limit_depth=>true, :recv=>true}) :count)) :reblogs) :-
      (hole 0 {:hash_depth=>0, :method_arg=>true})))
  (begin
    (send
      (send
        (begin
          (send
            (hole 0 {:hash_depth=>0, :limit_depth=>true, :recv=>true}) :count)) :reblogs) :save))
  (begin
    (send
      (send
        (begin
          (send
            (hole 0 {:hash_depth=>0, :limit_depth=>true, :recv=>true}) :count)) :reblogs=
        (hole 0 {:hash_depth=>0, :method_arg=>true})) :count))
  (begin
    (send
      (send
        (begin
          (send
            (hole 0 {:hash_depth=>0, :limit_depth=>true, :recv=>true}) :count)) :reblogs=
        (hole 0 {:hash_depth=>0, :method_arg=>true})) :-
      (hole 0 {:hash_depth=>0, :method_arg=>true})))
  (begin
    (send
      (send
        (begin
          (send
            (hole 0 {:hash_depth=>0, :limit_depth=>true, :recv=>true}) :count)) :reblogs=
        (hole 0 {:hash_depth=>0, :method_arg=>true})) :save))
  (begin
    (send
      (send
        (begin
          (send
            (hole 0 {:hash_depth=>0, :limit_depth=>true, :recv=>true}) :count)) :favourites) :count))
  (begin
    (send
      (send
        (begin
          (send
            (hole 0 {:hash_depth=>0, :limit_depth=>true, :recv=>true}) :count)) :favourites) :-
      (hole 0 {:hash_depth=>0, :method_arg=>true})))
  (begin
    (send
      (send
        (begin
          (send
            (hole 0 {:hash_depth=>0, :limit_depth=>true, :recv=>true}) :count)) :favourites) :save))
  (begin
    (send
      (send
        (begin
          (send
            (hole 0 {:hash_depth=>0, :limit_depth=>true, :recv=>true}) :count)) :favourites=
        (hole 0 {:hash_depth=>0, :method_arg=>true})) :count))
  (begin
    (send
      (send
        (begin
          (send
            (hole 0 {:hash_depth=>0, :limit_depth=>true, :recv=>true}) :count)) :favourites=
        (hole 0 {:hash_depth=>0, :method_arg=>true})) :-
      (hole 0 {:hash_depth=>0, :method_arg=>true})))
  (begin
    (send
      (send
        (begin
          (send
            (hole 0 {:hash_depth=>0, :limit_depth=>true, :recv=>true}) :count)) :favourites=
        (hole 0 {:hash_depth=>0, :method_arg=>true})) :save))
  (begin
    (send
      (send
        (begin
          (send
            (hole 0 {:hash_depth=>0, :limit_depth=>true, :recv=>true}) :count)) :quotes) :count))
  (begin
    (send
      (send
        (begin
          (send
            (hole 0 {:hash_depth=>0, :limit_depth=>true, :recv=>true}) :count)) :quotes) :-
      (hole 0 {:hash_depth=>0, :method_arg=>true})))
  (begin
    (send
      (send
        (begin
          (send
            (hole 0 {:hash_depth=>0, :limit_depth=>true, :recv=>true}) :count)) :quotes) :save))
  (begin
    (send
      (send
        (begin
          (send
            (hole 0 {:hash_depth=>0, :limit_depth=>true, :recv=>true}) :count)) :quotes=
        (hole 0 {:hash_depth=>0, :method_arg=>true})) :count))
  (begin
    (send
      (send
        (begin
          (send
            (hole 0 {:hash_depth=>0, :limit_depth=>true, :recv=>true}) :count)) :quotes=
        (hole 0 {:hash_depth=>0, :method_arg=>true})) :-
      (hole 0 {:hash_depth=>0, :method_arg=>true})))
  (begin
    (send
      (send
        (begin
          (send
            (hole 0 {:hash_depth=>0, :limit_depth=>true, :recv=>true}) :count)) :quotes=
        (hole 0 {:hash_depth=>0, :method_arg=>true})) :save))
  (begin
    (send
      (send
        (begin
          (send
            (hole 0 {:hash_depth=>0, :limit_depth=>true, :recv=>true}) :count)) :statuses_count=
        (hole 0 {:hash_depth=>0, :method_arg=>true})) :-
      (hole 0 {:hash_depth=>0, :method_arg=>true})))
  (begin
    (send
      (send
        (begin
          (send
            (hole 0 {:hash_depth=>0, :limit_depth=>true, :recv=>true}) :count)) :statuses_count=
        (hole 0 {:hash_depth=>0, :method_arg=>true})) :-
      (hole 0 {:hash_depth=>0, :method_arg=>true})))
  (begin
    (send
      (send
        (begin
          (send
            (hole 0 {:hash_depth=>0, :limit_depth=>true, :recv=>true}) :count)) :statuses_count=
        (hole 0 {:hash_depth=>0, :method_arg=>true})) :-
      (hole 0 {:hash_depth=>0, :method_arg=>true})))
  (begin
    (send
      (send
        (begin
          (send
            (hole 0 {:hash_depth=>0, :limit_depth=>true, :recv=>true}) :count)) :statuses_count=
        (hole 0 {:hash_depth=>0, :method_arg=>true})) :count))
  (begin
    (send
      (send
        (begin
          (send
            (hole 0 {:hash_depth=>0, :limit_depth=>true, :recv=>true}) :count)) :statuses_count=
        (hole 0 {:hash_depth=>0, :method_arg=>true})) :save))
  (begin
    (send
      (send
        (begin
          (send
            (hole 0 {:hash_depth=>0, :limit_depth=>true, :recv=>true}) :count)) :statuses_count) :-
      (hole 0 {:hash_depth=>0, :method_arg=>true})))
  (begin
    (send
      (send
        (begin
          (send
            (hole 0 {:hash_depth=>0, :limit_depth=>true, :recv=>true}) :count)) :statuses_count) :-
      (hole 0 {:hash_depth=>0, :method_arg=>true})))
  (begin
    (send
      (send
        (begin
          (send
            (hole 0 {:hash_depth=>0, :limit_depth=>true, :recv=>true}) :count)) :statuses_count) :-
      (hole 0 {:hash_depth=>0, :method_arg=>true})))
  (begin
    (send
      (send
        (begin
          (send
            (hole 0 {:hash_depth=>0, :limit_depth=>true, :recv=>true}) :count)) :statuses_count) :count))
  (begin
    (send
      (send
        (begin
          (send
            (hole 0 {:hash_depth=>0, :limit_depth=>true, :recv=>true}) :count)) :statuses_count) :save))
  (begin
    (send
      (send
        (begin
          (send
            (hole 0 {:hash_depth=>0, :limit_depth=>true, :recv=>true}) :count)) :following_count=
        (hole 0 {:hash_depth=>0, :method_arg=>true})) :-
      (hole 0 {:hash_depth=>0, :method_arg=>true})))
  (begin
    (send
      (send
        (begin
          (send
            (hole 0 {:hash_depth=>0, :limit_depth=>true, :recv=>true}) :count)) :following_count=
        (hole 0 {:hash_depth=>0, :method_arg=>true})) :-
      (hole 0 {:hash_depth=>0, :method_arg=>true})))
  (begin
    (send
      (send
        (begin
          (send
            (hole 0 {:hash_depth=>0, :limit_depth=>true, :recv=>true}) :count)) :following_count=
        (hole 0 {:hash_depth=>0, :method_arg=>true})) :-
      (hole 0 {:hash_depth=>0, :method_arg=>true})))
  (begin
    (send
      (send
        (begin
          (send
            (hole 0 {:hash_depth=>0, :limit_depth=>true, :recv=>true}) :count)) :following_count=
        (hole 0 {:hash_depth=>0, :method_arg=>true})) :count))
  (begin
    (send
      (send
        (begin
          (send
            (hole 0 {:hash_depth=>0, :limit_depth=>true, :recv=>true}) :count)) :following_count=
        (hole 0 {:hash_depth=>0, :method_arg=>true})) :save))
  (begin
    (send
      (send
        (begin
          (send
            (hole 0 {:hash_depth=>0, :limit_depth=>true, :recv=>true}) :count)) :following_count) :-
      (hole 0 {:hash_depth=>0, :method_arg=>true})))
  (begin
    (send
      (send
        (begin
          (send
            (hole 0 {:hash_depth=>0, :limit_depth=>true, :recv=>true}) :count)) :following_count) :-
      (hole 0 {:hash_depth=>0, :method_arg=>true})))
  (begin
    (send
      (send
        (begin
          (send
            (hole 0 {:hash_depth=>0, :limit_depth=>true, :recv=>true}) :count)) :following_count) :-
      (hole 0 {:hash_depth=>0, :method_arg=>true})))
  (begin
    (send
      (send
        (begin
          (send
            (hole 0 {:hash_depth=>0, :limit_depth=>true, :recv=>true}) :count)) :following_count) :count))
  (begin
    (send
      (send
        (begin
          (send
            (hole 0 {:hash_depth=>0, :limit_depth=>true, :recv=>true}) :count)) :following_count) :save))
  (begin
    (send
      (send
        (begin
          (send
            (hole 0 {:hash_depth=>0, :limit_depth=>true, :recv=>true}) :count)) :followers_count=
        (hole 0 {:hash_depth=>0, :method_arg=>true})) :-
      (hole 0 {:hash_depth=>0, :method_arg=>true})))
  (begin
    (send
      (send
        (begin
          (send
            (hole 0 {:hash_depth=>0, :limit_depth=>true, :recv=>true}) :count)) :followers_count=
        (hole 0 {:hash_depth=>0, :method_arg=>true})) :-
      (hole 0 {:hash_depth=>0, :method_arg=>true})))
  (begin
    (send
      (send
        (begin
          (send
            (hole 0 {:hash_depth=>0, :limit_depth=>true, :recv=>true}) :count)) :followers_count=
        (hole 0 {:hash_depth=>0, :method_arg=>true})) :-
      (hole 0 {:hash_depth=>0, :method_arg=>true})))
  (begin
    (send
      (send
        (begin
          (send
            (hole 0 {:hash_depth=>0, :limit_depth=>true, :recv=>true}) :count)) :followers_count=
        (hole 0 {:hash_depth=>0, :method_arg=>true})) :count))
  (begin
    (send
      (send
        (begin
          (send
            (hole 0 {:hash_depth=>0, :limit_depth=>true, :recv=>true}) :count)) :followers_count=
        (hole 0 {:hash_depth=>0, :method_arg=>true})) :save))
  (begin
    (send
      (send
        (begin
          (send
            (hole 0 {:hash_depth=>0, :limit_depth=>true, :recv=>true}) :count)) :followers_count) :-
      (hole 0 {:hash_depth=>0, :method_arg=>true})))
  (begin
    (send
      (send
        (begin
          (send
            (hole 0 {:hash_depth=>0, :limit_depth=>true, :recv=>true}) :count)) :followers_count) :-
      (hole 0 {:hash_depth=>0, :method_arg=>true})))
  (begin
    (send
      (send
        (begin
          (send
            (hole 0 {:hash_depth=>0, :limit_depth=>true, :recv=>true}) :count)) :followers_count) :-
      (hole 0 {:hash_depth=>0, :method_arg=>true})))
  (begin
    (send
      (send
        (begin
          (send
            (hole 0 {:hash_depth=>0, :limit_depth=>true, :recv=>true}) :count)) :followers_count) :count))
  (begin
    (send
      (send
        (begin
          (send
            (hole 0 {:hash_depth=>0, :limit_depth=>true, :recv=>true}) :count)) :followers_count) :save))
  (begin
    (send
      (send
        (begin
          (send
            (hole 0 {:hash_depth=>0, :limit_depth=>true, :recv=>true}) :count)) :actor_type=
        (hole 0 {:hash_depth=>0, :method_arg=>true})) :count))
  (begin
    (send
      (send
        (begin
          (send
            (hole 0 {:hash_depth=>0, :limit_depth=>true, :recv=>true}) :count)) :actor_type=
        (hole 0 {:hash_depth=>0, :method_arg=>true})) :-
      (hole 0 {:hash_depth=>0, :method_arg=>true})))
  (begin
    (send
      (send
        (begin
          (send
            (hole 0 {:hash_depth=>0, :limit_depth=>true, :recv=>true}) :count)) :actor_type=
        (hole 0 {:hash_depth=>0, :method_arg=>true})) :save))
  (begin
    (send
      (send
        (begin
          (send
            (hole 0 {:hash_depth=>0, :limit_depth=>true, :recv=>true}) :count)) :actor_type) :count))
  (begin
    (send
      (send
        (begin
          (send
            (hole 0 {:hash_depth=>0, :limit_depth=>true, :recv=>true}) :count)) :actor_type) :-
      (hole 0 {:hash_depth=>0, :method_arg=>true})))
  (begin
    (send
      (send
        (begin
          (send
            (hole 0 {:hash_depth=>0, :limit_depth=>true, :recv=>true}) :count)) :actor_type) :save))
  (begin
    (send
      (send
        (begin
          (send
            (hole 0 {:hash_depth=>0, :limit_depth=>true, :recv=>true}) :count)) :discoverable=
        (hole 0 {:hash_depth=>0, :method_arg=>true})) :count))
  (begin
    (send
      (send
        (begin
          (send
            (hole 0 {:hash_depth=>0, :limit_depth=>true, :recv=>true}) :count)) :discoverable=
        (hole 0 {:hash_depth=>0, :method_arg=>true})) :-
      (hole 0 {:hash_depth=>0, :method_arg=>true})))
  (begin
    (send
      (send
        (begin
          (send
            (hole 0 {:hash_depth=>0, :limit_depth=>true, :recv=>true}) :count)) :discoverable=
        (hole 0 {:hash_depth=>0, :method_arg=>true})) :save))
  (begin
    (send
      (send
        (begin
          (send
            (hole 0 {:hash_depth=>0, :limit_depth=>true, :recv=>true}) :count)) :discoverable) :count))
  (begin
    (send
      (send
        (begin
          (send
            (hole 0 {:hash_depth=>0, :limit_depth=>true, :recv=>true}) :count)) :discoverable) :-
      (hole 0 {:hash_depth=>0, :method_arg=>true})))
  (begin
    (send
      (send
        (begin
          (send
            (hole 0 {:hash_depth=>0, :limit_depth=>true, :recv=>true}) :count)) :discoverable) :save))
  (begin
    (send
      (send
        (begin
          (send
            (hole 0 {:hash_depth=>0, :limit_depth=>true, :recv=>true}) :count)) :display_name=
        (hole 0 {:hash_depth=>0, :method_arg=>true})) :count))
  (begin
    (send
      (send
        (begin
          (send
            (hole 0 {:hash_depth=>0, :limit_depth=>true, :recv=>true}) :count)) :display_name=
        (hole 0 {:hash_depth=>0, :method_arg=>true})) :-
      (hole 0 {:hash_depth=>0, :method_arg=>true})))
  (begin
    (send
      (send
        (begin
          (send
            (hole 0 {:hash_depth=>0, :limit_depth=>true, :recv=>true}) :count)) :display_name=
        (hole 0 {:hash_depth=>0, :method_arg=>true})) :save))
  (begin
    (send
      (send
        (begin
          (send
            (hole 0 {:hash_depth=>0, :limit_depth=>true, :recv=>true}) :count)) :display_name) :count))
  (begin
    (send
      (send
        (begin
          (send
            (hole 0 {:hash_depth=>0, :limit_depth=>true, :recv=>true}) :count)) :display_name) :-
      (hole 0 {:hash_depth=>0, :method_arg=>true})))
  (begin
    (send
      (send
        (begin
          (send
            (hole 0 {:hash_depth=>0, :limit_depth=>true, :recv=>true}) :count)) :display_name) :save))
  (begin
    (send
      (send
        (begin
          (send
            (hole 0 {:hash_depth=>0, :limit_depth=>true, :recv=>true}) :count)) :domain=
        (hole 0 {:hash_depth=>0, :method_arg=>true})) :count))
  (begin
    (send
      (send
        (begin
          (send
            (hole 0 {:hash_depth=>0, :limit_depth=>true, :recv=>true}) :count)) :domain=
        (hole 0 {:hash_depth=>0, :method_arg=>true})) :-
      (hole 0 {:hash_depth=>0, :method_arg=>true})))
  (begin
    (send
      (send
        (begin
          (send
            (hole 0 {:hash_depth=>0, :limit_depth=>true, :recv=>true}) :count)) :domain=
        (hole 0 {:hash_depth=>0, :method_arg=>true})) :save))
  (begin
    (send
      (send
        (begin
          (send
            (hole 0 {:hash_depth=>0, :limit_depth=>true, :recv=>true}) :count)) :domain) :count))
  (begin
    (send
      (send
        (begin
          (send
            (hole 0 {:hash_depth=>0, :limit_depth=>true, :recv=>true}) :count)) :domain) :-
      (hole 0 {:hash_depth=>0, :method_arg=>true})))
  (begin
    (send
      (send
        (begin
          (send
            (hole 0 {:hash_depth=>0, :limit_depth=>true, :recv=>true}) :count)) :domain) :save))
  (begin
    (send
      (send
        (begin
          (send
            (hole 0 {:hash_depth=>0, :limit_depth=>true, :recv=>true}) :count)) :fields=
        (hole 0 {:hash_depth=>0, :method_arg=>true})) :count))
  (begin
    (send
      (send
        (begin
          (send
            (hole 0 {:hash_depth=>0, :limit_depth=>true, :recv=>true}) :count)) :fields=
        (hole 0 {:hash_depth=>0, :method_arg=>true})) :-
      (hole 0 {:hash_depth=>0, :method_arg=>true})))
  (begin
    (send
      (send
        (begin
          (send
            (hole 0 {:hash_depth=>0, :limit_depth=>true, :recv=>true}) :count)) :fields=
        (hole 0 {:hash_depth=>0, :method_arg=>true})) :save))
  (begin
    (send
      (send
        (begin
          (send
            (hole 0 {:hash_depth=>0, :limit_depth=>true, :recv=>true}) :count)) :fields) :count))
  (begin
    (send
      (send
        (begin
          (send
            (hole 0 {:hash_depth=>0, :limit_depth=>true, :recv=>true}) :count)) :fields) :-
      (hole 0 {:hash_depth=>0, :method_arg=>true})))
  (begin
    (send
      (send
        (begin
          (send
            (hole 0 {:hash_depth=>0, :limit_depth=>true, :recv=>true}) :count)) :fields) :save))
  (begin
    (send
      (send
        (begin
          (send
            (hole 0 {:hash_depth=>0, :limit_depth=>true, :recv=>true}) :count)) :private_key=
        (hole 0 {:hash_depth=>0, :method_arg=>true})) :count))
  (begin
    (send
      (send
        (begin
          (send
            (hole 0 {:hash_depth=>0, :limit_depth=>true, :recv=>true}) :count)) :private_key=
        (hole 0 {:hash_depth=>0, :method_arg=>true})) :-
      (hole 0 {:hash_depth=>0, :method_arg=>true})))
  (begin
    (send
      (send
        (begin
          (send
            (hole 0 {:hash_depth=>0, :limit_depth=>true, :recv=>true}) :count)) :private_key=
        (hole 0 {:hash_depth=>0, :method_arg=>true})) :save))
  (begin
    (send
      (send
        (begin
          (send
            (hole 0 {:hash_depth=>0, :limit_depth=>true, :recv=>true}) :count)) :private_key) :count))
  (begin
    (send
      (send
        (begin
          (send
            (hole 0 {:hash_depth=>0, :limit_depth=>true, :recv=>true}) :count)) :private_key) :-
      (hole 0 {:hash_depth=>0, :method_arg=>true})))
  (begin
    (send
      (send
        (begin
          (send
            (hole 0 {:hash_depth=>0, :limit_depth=>true, :recv=>true}) :count)) :private_key) :save))
  (begin
    (send
      (send
        (begin
          (send
            (hole 0 {:hash_depth=>0, :limit_depth=>true, :recv=>true}) :count)) :protocol=
        (hole 0 {:hash_depth=>0, :method_arg=>true})) :-
      (hole 0 {:hash_depth=>0, :method_arg=>true})))
  (begin
    (send
      (send
        (begin
          (send
            (hole 0 {:hash_depth=>0, :limit_depth=>true, :recv=>true}) :count)) :protocol=
        (hole 0 {:hash_depth=>0, :method_arg=>true})) :-
      (hole 0 {:hash_depth=>0, :method_arg=>true})))
  (begin
    (send
      (send
        (begin
          (send
            (hole 0 {:hash_depth=>0, :limit_depth=>true, :recv=>true}) :count)) :protocol=
        (hole 0 {:hash_depth=>0, :method_arg=>true})) :-
      (hole 0 {:hash_depth=>0, :method_arg=>true})))
  (begin
    (send
      (send
        (begin
          (send
            (hole 0 {:hash_depth=>0, :limit_depth=>true, :recv=>true}) :count)) :protocol=
        (hole 0 {:hash_depth=>0, :method_arg=>true})) :count))
  (begin
    (send
      (send
        (begin
          (send
            (hole 0 {:hash_depth=>0, :limit_depth=>true, :recv=>true}) :count)) :protocol=
        (hole 0 {:hash_depth=>0, :method_arg=>true})) :save))
  (begin
    (send
      (send
        (begin
          (send
            (hole 0 {:hash_depth=>0, :limit_depth=>true, :recv=>true}) :count)) :protocol) :-
      (hole 0 {:hash_depth=>0, :method_arg=>true})))
  (begin
    (send
      (send
        (begin
          (send
            (hole 0 {:hash_depth=>0, :limit_depth=>true, :recv=>true}) :count)) :protocol) :-
      (hole 0 {:hash_depth=>0, :method_arg=>true})))
  (begin
    (send
      (send
        (begin
          (send
            (hole 0 {:hash_depth=>0, :limit_depth=>true, :recv=>true}) :count)) :protocol) :-
      (hole 0 {:hash_depth=>0, :method_arg=>true})))
  (begin
    (send
      (send
        (begin
          (send
            (hole 0 {:hash_depth=>0, :limit_depth=>true, :recv=>true}) :count)) :protocol) :count))
  (begin
    (send
      (send
        (begin
          (send
            (hole 0 {:hash_depth=>0, :limit_depth=>true, :recv=>true}) :count)) :protocol) :save))
  (begin
    (send
      (send
        (begin
          (send
            (hole 0 {:hash_depth=>0, :limit_depth=>true, :recv=>true}) :count)) :public_key=
        (hole 0 {:hash_depth=>0, :method_arg=>true})) :count))
  (begin
    (send
      (send
        (begin
          (send
            (hole 0 {:hash_depth=>0, :limit_depth=>true, :recv=>true}) :count)) :public_key=
        (hole 0 {:hash_depth=>0, :method_arg=>true})) :-
      (hole 0 {:hash_depth=>0, :method_arg=>true})))
  (begin
    (send
      (send
        (begin
          (send
            (hole 0 {:hash_depth=>0, :limit_depth=>true, :recv=>true}) :count)) :public_key=
        (hole 0 {:hash_depth=>0, :method_arg=>true})) :save))
  (begin
    (send
      (send
        (begin
          (send
            (hole 0 {:hash_depth=>0, :limit_depth=>true, :recv=>true}) :count)) :public_key) :count))
  (begin
    (send
      (send
        (begin
          (send
            (hole 0 {:hash_depth=>0, :limit_depth=>true, :recv=>true}) :count)) :public_key) :-
      (hole 0 {:hash_depth=>0, :method_arg=>true})))
  (begin
    (send
      (send
        (begin
          (send
            (hole 0 {:hash_depth=>0, :limit_depth=>true, :recv=>true}) :count)) :public_key) :save))
  (begin
    (send
      (send
        (begin
          (send
            (hole 0 {:hash_depth=>0, :limit_depth=>true, :recv=>true}) :count)) :suspension_origin=
        (hole 0 {:hash_depth=>0, :method_arg=>true})) :-
      (hole 0 {:hash_depth=>0, :method_arg=>true})))
  (begin
    (send
      (send
        (begin
          (send
            (hole 0 {:hash_depth=>0, :limit_depth=>true, :recv=>true}) :count)) :suspension_origin=
        (hole 0 {:hash_depth=>0, :method_arg=>true})) :-
      (hole 0 {:hash_depth=>0, :method_arg=>true})))
  (begin
    (send
      (send
        (begin
          (send
            (hole 0 {:hash_depth=>0, :limit_depth=>true, :recv=>true}) :count)) :suspension_origin=
        (hole 0 {:hash_depth=>0, :method_arg=>true})) :-
      (hole 0 {:hash_depth=>0, :method_arg=>true})))
  (begin
    (send
      (send
        (begin
          (send
            (hole 0 {:hash_depth=>0, :limit_depth=>true, :recv=>true}) :count)) :suspension_origin=
        (hole 0 {:hash_depth=>0, :method_arg=>true})) :count))
  (begin
    (send
      (send
        (begin
          (send
            (hole 0 {:hash_depth=>0, :limit_depth=>true, :recv=>true}) :count)) :suspension_origin=
        (hole 0 {:hash_depth=>0, :method_arg=>true})) :save))
  (begin
    (send
      (send
        (begin
          (send
            (hole 0 {:hash_depth=>0, :limit_depth=>true, :recv=>true}) :count)) :suspension_origin) :-
      (hole 0 {:hash_depth=>0, :method_arg=>true})))
  (begin
    (send
      (send
        (begin
          (send
            (hole 0 {:hash_depth=>0, :limit_depth=>true, :recv=>true}) :count)) :suspension_origin) :-
      (hole 0 {:hash_depth=>0, :method_arg=>true})))
  (begin
    (send
      (send
        (begin
          (send
            (hole 0 {:hash_depth=>0, :limit_depth=>true, :recv=>true}) :count)) :suspension_origin) :-
      (hole 0 {:hash_depth=>0, :method_arg=>true})))
  (begin
    (send
      (send
        (begin
          (send
            (hole 0 {:hash_depth=>0, :limit_depth=>true, :recv=>true}) :count)) :suspension_origin) :count))
  (begin
    (send
      (send
        (begin
          (send
            (hole 0 {:hash_depth=>0, :limit_depth=>true, :recv=>true}) :count)) :suspension_origin) :save))
  (begin
    (send
      (send
        (begin
          (send
            (hole 0 {:hash_depth=>0, :limit_depth=>true, :recv=>true}) :count)) :id_scheme=
        (hole 0 {:hash_depth=>0, :method_arg=>true})) :-
      (hole 0 {:hash_depth=>0, :method_arg=>true})))
  (begin
    (send
      (send
        (begin
          (send
            (hole 0 {:hash_depth=>0, :limit_depth=>true, :recv=>true}) :count)) :id_scheme=
        (hole 0 {:hash_depth=>0, :method_arg=>true})) :-
      (hole 0 {:hash_depth=>0, :method_arg=>true})))
  (begin
    (send
      (send
        (begin
          (send
            (hole 0 {:hash_depth=>0, :limit_depth=>true, :recv=>true}) :count)) :id_scheme=
        (hole 0 {:hash_depth=>0, :method_arg=>true})) :-
      (hole 0 {:hash_depth=>0, :method_arg=>true})))
  (begin
    (send
      (send
        (begin
          (send
            (hole 0 {:hash_depth=>0, :limit_depth=>true, :recv=>true}) :count)) :id_scheme=
        (hole 0 {:hash_depth=>0, :method_arg=>true})) :count))
  (begin
    (send
      (send
        (begin
          (send
            (hole 0 {:hash_depth=>0, :limit_depth=>true, :recv=>true}) :count)) :id_scheme=
        (hole 0 {:hash_depth=>0, :method_arg=>true})) :save))
  (begin
    (send
      (send
        (begin
          (send
            (hole 0 {:hash_depth=>0, :limit_depth=>true, :recv=>true}) :count)) :id_scheme) :-
      (hole 0 {:hash_depth=>0, :method_arg=>true})))
  (begin
    (send
      (send
        (begin
          (send
            (hole 0 {:hash_depth=>0, :limit_depth=>true, :recv=>true}) :count)) :id_scheme) :-
      (hole 0 {:hash_depth=>0, :method_arg=>true})))
  (begin
    (send
      (send
        (begin
          (send
            (hole 0 {:hash_depth=>0, :limit_depth=>true, :recv=>true}) :count)) :id_scheme) :-
      (hole 0 {:hash_depth=>0, :method_arg=>true})))
  (begin
    (send
      (send
        (begin
          (send
            (hole 0 {:hash_depth=>0, :limit_depth=>true, :recv=>true}) :count)) :id_scheme) :count))
  (begin
    (send
      (send
        (begin
          (send
            (hole 0 {:hash_depth=>0, :limit_depth=>true, :recv=>true}) :count)) :id_scheme) :save))
  (begin
    (send
      (send
        (begin
          (send
            (hole 0 {:hash_depth=>0, :limit_depth=>true, :recv=>true}) :count)) :uri=
        (hole 0 {:hash_depth=>0, :method_arg=>true})) :count))
  (begin
    (send
      (send
        (begin
          (send
            (hole 0 {:hash_depth=>0, :limit_depth=>true, :recv=>true}) :count)) :uri=
        (hole 0 {:hash_depth=>0, :method_arg=>true})) :-
      (hole 0 {:hash_depth=>0, :method_arg=>true})))
  (begin
    (send
      (send
        (begin
          (send
            (hole 0 {:hash_depth=>0, :limit_depth=>true, :recv=>true}) :count)) :uri=
        (hole 0 {:hash_depth=>0, :method_arg=>true})) :save))
  (begin
    (send
      (send
        (begin
          (send
            (hole 0 {:hash_depth=>0, :limit_depth=>true, :recv=>true}) :count)) :uri) :count))
  (begin
    (send
      (send
        (begin
          (send
            (hole 0 {:hash_depth=>0, :limit_depth=>true, :recv=>true}) :count)) :uri) :-
      (hole 0 {:hash_depth=>0, :method_arg=>true})))
  (begin
    (send
      (send
        (begin
          (send
            (hole 0 {:hash_depth=>0, :limit_depth=>true, :recv=>true}) :count)) :uri) :save))
  (begin
    (send
      (send
        (begin
          (send
            (hole 0 {:hash_depth=>0, :limit_depth=>true, :recv=>true}) :count)) :username=
        (hole 0 {:hash_depth=>0, :method_arg=>true})) :count))
  (begin
    (send
      (send
        (begin
          (send
            (hole 0 {:hash_depth=>0, :limit_depth=>true, :recv=>true}) :count)) :username=
        (hole 0 {:hash_depth=>0, :method_arg=>true})) :-
      (hole 0 {:hash_depth=>0, :method_arg=>true})))
  (begin
    (send
      (send
        (begin
          (send
            (hole 0 {:hash_depth=>0, :limit_depth=>true, :recv=>true}) :count)) :username=
        (hole 0 {:hash_depth=>0, :method_arg=>true})) :save))
  (begin
    (send
      (send
        (begin
          (send
            (hole 0 {:hash_depth=>0, :limit_depth=>true, :recv=>true}) :count)) :username) :count))
  (begin
    (send
      (send
        (begin
          (send
            (hole 0 {:hash_depth=>0, :limit_depth=>true, :recv=>true}) :count)) :username) :-
      (hole 0 {:hash_depth=>0, :method_arg=>true})))
  (begin
    (send
      (send
        (begin
          (send
            (hole 0 {:hash_depth=>0, :limit_depth=>true, :recv=>true}) :count)) :username) :save))
  (begin
    (send
      (send
        (begin
          (send
            (hole 0 {:hash_depth=>0, :limit_depth=>true, :recv=>true}) :count)) :note=
        (hole 0 {:hash_depth=>0, :method_arg=>true})) :count))
  (begin
    (send
      (send
        (begin
          (send
            (hole 0 {:hash_depth=>0, :limit_depth=>true, :recv=>true}) :count)) :note=
        (hole 0 {:hash_depth=>0, :method_arg=>true})) :-
      (hole 0 {:hash_depth=>0, :method_arg=>true})))
  (begin
    (send
      (send
        (begin
          (send
            (hole 0 {:hash_depth=>0, :limit_depth=>true, :recv=>true}) :count)) :note=
        (hole 0 {:hash_depth=>0, :method_arg=>true})) :save))
  (begin
    (send
      (send
        (begin
          (send
            (hole 0 {:hash_depth=>0, :limit_depth=>true, :recv=>true}) :count)) :note) :count))
  (begin
    (send
      (send
        (begin
          (send
            (hole 0 {:hash_depth=>0, :limit_depth=>true, :recv=>true}) :count)) :note) :-
      (hole 0 {:hash_depth=>0, :method_arg=>true})))
  (begin
    (send
      (send
        (begin
          (send
            (hole 0 {:hash_depth=>0, :limit_depth=>true, :recv=>true}) :count)) :note) :save))
  (begin
    (send
      (send
        (begin
          (send
            (hole 0 {:hash_depth=>0, :limit_depth=>true, :recv=>true}) :count)) :mastodon_account_stat) :count))
  (begin
    (send
      (send
        (begin
          (send
            (hole 0 {:hash_depth=>0, :limit_depth=>true, :recv=>true}) :count)) :mastodon_account_stat) :-
      (hole 0 {:hash_depth=>0, :method_arg=>true})))
  (begin
    (send
      (send
        (begin
          (send
            (hole 0 {:hash_depth=>0, :limit_depth=>true, :recv=>true}) :count)) :mastodon_account_stat) :save))
  (begin
    (send
      (send
        (begin
          (send
            (hole 0 {:hash_depth=>0, :limit_depth=>true, :recv=>true}) :count)) :mastodon_account_stat=
        (hole 0 {:hash_depth=>0, :method_arg=>true})) :count))
  (begin
    (send
      (send
        (begin
          (send
            (hole 0 {:hash_depth=>0, :limit_depth=>true, :recv=>true}) :count)) :mastodon_account_stat=
        (hole 0 {:hash_depth=>0, :method_arg=>true})) :-
      (hole 0 {:hash_depth=>0, :method_arg=>true})))
  (begin
    (send
      (send
        (begin
          (send
            (hole 0 {:hash_depth=>0, :limit_depth=>true, :recv=>true}) :count)) :mastodon_account_stat=
        (hole 0 {:hash_depth=>0, :method_arg=>true})) :save))
  (begin
    (send
      (send
        (begin
          (send
            (hole 0 {:hash_depth=>0, :limit_depth=>true, :recv=>true}) :count)) :active_relationships) :count))
  (begin
    (send
      (send
        (begin
          (send
            (hole 0 {:hash_depth=>0, :limit_depth=>true, :recv=>true}) :count)) :active_relationships) :-
      (hole 0 {:hash_depth=>0, :method_arg=>true})))
  (begin
    (send
      (send
        (begin
          (send
            (hole 0 {:hash_depth=>0, :limit_depth=>true, :recv=>true}) :count)) :active_relationships) :save))
  (begin
    (send
      (send
        (begin
          (send
            (hole 0 {:hash_depth=>0, :limit_depth=>true, :recv=>true}) :count)) :active_relationships=
        (hole 0 {:hash_depth=>0, :method_arg=>true})) :count))
  (begin
    (send
      (send
        (begin
          (send
            (hole 0 {:hash_depth=>0, :limit_depth=>true, :recv=>true}) :count)) :active_relationships=
        (hole 0 {:hash_depth=>0, :method_arg=>true})) :-
      (hole 0 {:hash_depth=>0, :method_arg=>true})))
  (begin
    (send
      (send
        (begin
          (send
            (hole 0 {:hash_depth=>0, :limit_depth=>true, :recv=>true}) :count)) :active_relationships=
        (hole 0 {:hash_depth=>0, :method_arg=>true})) :save))
  (begin
    (send
      (send
        (begin
          (send
            (hole 0 {:hash_depth=>0, :limit_depth=>true, :recv=>true}) :count)) :passive_relationships) :count))
  (begin
    (send
      (send
        (begin
          (send
            (hole 0 {:hash_depth=>0, :limit_depth=>true, :recv=>true}) :count)) :passive_relationships) :-
      (hole 0 {:hash_depth=>0, :method_arg=>true})))
  (begin
    (send
      (send
        (begin
          (send
            (hole 0 {:hash_depth=>0, :limit_depth=>true, :recv=>true}) :count)) :passive_relationships) :save))
  (begin
    (send
      (send
        (begin
          (send
            (hole 0 {:hash_depth=>0, :limit_depth=>true, :recv=>true}) :count)) :passive_relationships=
        (hole 0 {:hash_depth=>0, :method_arg=>true})) :count))
  (begin
    (send
      (send
        (begin
          (send
            (hole 0 {:hash_depth=>0, :limit_depth=>true, :recv=>true}) :count)) :passive_relationships=
        (hole 0 {:hash_depth=>0, :method_arg=>true})) :-
      (hole 0 {:hash_depth=>0, :method_arg=>true})))
  (begin
    (send
      (send
        (begin
          (send
            (hole 0 {:hash_depth=>0, :limit_depth=>true, :recv=>true}) :count)) :passive_relationships=
        (hole 0 {:hash_depth=>0, :method_arg=>true})) :save))
  (begin
    (send
      (send
        (begin
          (send
            (hole 0 {:hash_depth=>0, :limit_depth=>true, :recv=>true}) :count)) :mastodon_statuses) :count))
  (begin
    (send
      (send
        (begin
          (send
            (hole 0 {:hash_depth=>0, :limit_depth=>true, :recv=>true}) :count)) :mastodon_statuses) :-
      (hole 0 {:hash_depth=>0, :method_arg=>true})))
  (begin
    (send
      (send
        (begin
          (send
            (hole 0 {:hash_depth=>0, :limit_depth=>true, :recv=>true}) :count)) :mastodon_statuses) :save))
  (begin
    (send
      (send
        (begin
          (send
            (hole 0 {:hash_depth=>0, :limit_depth=>true, :recv=>true}) :count)) :mastodon_statuses=
        (hole 0 {:hash_depth=>0, :method_arg=>true})) :count))
  (begin
    (send
      (send
        (begin
          (send
            (hole 0 {:hash_depth=>0, :limit_depth=>true, :recv=>true}) :count)) :mastodon_statuses=
        (hole 0 {:hash_depth=>0, :method_arg=>true})) :-
      (hole 0 {:hash_depth=>0, :method_arg=>true})))
  (begin
    (send
      (send
        (begin
          (send
            (hole 0 {:hash_depth=>0, :limit_depth=>true, :recv=>true}) :count)) :mastodon_statuses=
        (hole 0 {:hash_depth=>0, :method_arg=>true})) :save))
  (begin
    (send
      (send
        (begin
          (send
            (hole 0 {:hash_depth=>0, :limit_depth=>true, :recv=>true}) :count)) :updated_at=
        (hole 0 {:hash_depth=>0, :method_arg=>true})) :count))
  (begin
    (send
      (send
        (begin
          (send
            (hole 0 {:hash_depth=>0, :limit_depth=>true, :recv=>true}) :count)) :updated_at=
        (hole 0 {:hash_depth=>0, :method_arg=>true})) :-
      (hole 0 {:hash_depth=>0, :method_arg=>true})))
  (begin
    (send
      (send
        (begin
          (send
            (hole 0 {:hash_depth=>0, :limit_depth=>true, :recv=>true}) :count)) :updated_at=
        (hole 0 {:hash_depth=>0, :method_arg=>true})) :save))
  (begin
    (send
      (send
        (begin
          (send
            (hole 0 {:hash_depth=>0, :limit_depth=>true, :recv=>true}) :count)) :updated_at) :count))
  (begin
    (send
      (send
        (begin
          (send
            (hole 0 {:hash_depth=>0, :limit_depth=>true, :recv=>true}) :count)) :updated_at) :-
      (hole 0 {:hash_depth=>0, :method_arg=>true})))
  (begin
    (send
      (send
        (begin
          (send
            (hole 0 {:hash_depth=>0, :limit_depth=>true, :recv=>true}) :count)) :updated_at) :save))
  (begin
    (send
      (send
        (begin
          (send
            (hole 0 {:hash_depth=>0, :limit_depth=>true, :recv=>true}) :count)) :scheduled_check=
        (hole 0 {:hash_depth=>0, :method_arg=>true})) :count))
  (begin
    (send
      (send
        (begin
          (send
            (hole 0 {:hash_depth=>0, :limit_depth=>true, :recv=>true}) :count)) :scheduled_check=
        (hole 0 {:hash_depth=>0, :method_arg=>true})) :-
      (hole 0 {:hash_depth=>0, :method_arg=>true})))
  (begin
    (send
      (send
        (begin
          (send
            (hole 0 {:hash_depth=>0, :limit_depth=>true, :recv=>true}) :count)) :scheduled_check=
        (hole 0 {:hash_depth=>0, :method_arg=>true})) :save))
  (begin
    (send
      (send
        (begin
          (send
            (hole 0 {:hash_depth=>0, :limit_depth=>true, :recv=>true}) :count)) :scheduled_check) :count))
  (begin
    (send
      (send
        (begin
          (send
            (hole 0 {:hash_depth=>0, :limit_depth=>true, :recv=>true}) :count)) :scheduled_check) :-
      (hole 0 {:hash_depth=>0, :method_arg=>true})))
  (begin
    (send
      (send
        (begin
          (send
            (hole 0 {:hash_depth=>0, :limit_depth=>true, :recv=>true}) :count)) :scheduled_check) :save))
  (begin
    (send
      (send
        (begin
          (send
            (hole 0 {:hash_depth=>0, :limit_depth=>true, :recv=>true}) :count)) :status=
        (hole 0 {:hash_depth=>0, :method_arg=>true})) :-
      (hole 0 {:hash_depth=>0, :method_arg=>true})))
  (begin
    (send
      (send
        (begin
          (send
            (hole 0 {:hash_depth=>0, :limit_depth=>true, :recv=>true}) :count)) :status=
        (hole 0 {:hash_depth=>0, :method_arg=>true})) :-
      (hole 0 {:hash_depth=>0, :method_arg=>true})))
  (begin
    (send
      (send
        (begin
          (send
            (hole 0 {:hash_depth=>0, :limit_depth=>true, :recv=>true}) :count)) :status=
        (hole 0 {:hash_depth=>0, :method_arg=>true})) :-
      (hole 0 {:hash_depth=>0, :method_arg=>true})))
  (begin
    (send
      (send
        (begin
          (send
            (hole 0 {:hash_depth=>0, :limit_depth=>true, :recv=>true}) :count)) :status=
        (hole 0 {:hash_depth=>0, :method_arg=>true})) :count))
  (begin
    (send
      (send
        (begin
          (send
            (hole 0 {:hash_depth=>0, :limit_depth=>true, :recv=>true}) :count)) :status=
        (hole 0 {:hash_depth=>0, :method_arg=>true})) :save))
  (begin
    (send
      (send
        (begin
          (send
            (hole 0 {:hash_depth=>0, :limit_depth=>true, :recv=>true}) :count)) :status) :-
      (hole 0 {:hash_depth=>0, :method_arg=>true})))
  (begin
    (send
      (send
        (begin
          (send
            (hole 0 {:hash_depth=>0, :limit_depth=>true, :recv=>true}) :count)) :status) :-
      (hole 0 {:hash_depth=>0, :method_arg=>true})))
  (begin
    (send
      (send
        (begin
          (send
            (hole 0 {:hash_depth=>0, :limit_depth=>true, :recv=>true}) :count)) :status) :-
      (hole 0 {:hash_depth=>0, :method_arg=>true})))
  (begin
    (send
      (send
        (begin
          (send
            (hole 0 {:hash_depth=>0, :limit_depth=>true, :recv=>true}) :count)) :status) :count))
  (begin
    (send
      (send
        (begin
          (send
            (hole 0 {:hash_depth=>0, :limit_depth=>true, :recv=>true}) :count)) :status) :save))
  (begin
    (send
      (send
        (begin
          (send
            (hole 0 {:hash_depth=>0, :limit_depth=>true, :recv=>true}) :count)) :invited_by_id=
        (hole 0 {:hash_depth=>0, :method_arg=>true})) :-
      (hole 0 {:hash_depth=>0, :method_arg=>true})))
  (begin
    (send
      (send
        (begin
          (send
            (hole 0 {:hash_depth=>0, :limit_depth=>true, :recv=>true}) :count)) :invited_by_id=
        (hole 0 {:hash_depth=>0, :method_arg=>true})) :-
      (hole 0 {:hash_depth=>0, :method_arg=>true})))
  (begin
    (send
      (send
        (begin
          (send
            (hole 0 {:hash_depth=>0, :limit_depth=>true, :recv=>true}) :count)) :invited_by_id=
        (hole 0 {:hash_depth=>0, :method_arg=>true})) :-
      (hole 0 {:hash_depth=>0, :method_arg=>true})))
  (begin
    (send
      (send
        (begin
          (send
            (hole 0 {:hash_depth=>0, :limit_depth=>true, :recv=>true}) :count)) :invited_by_id=
        (hole 0 {:hash_depth=>0, :method_arg=>true})) :count))
  (begin
    (send
      (send
        (begin
          (send
            (hole 0 {:hash_depth=>0, :limit_depth=>true, :recv=>true}) :count)) :invited_by_id=
        (hole 0 {:hash_depth=>0, :method_arg=>true})) :save))
  (begin
    (send
      (send
        (begin
          (send
            (hole 0 {:hash_depth=>0, :limit_depth=>true, :recv=>true}) :count)) :invited_by_id) :-
      (hole 0 {:hash_depth=>0, :method_arg=>true})))
  (begin
    (send
      (send
        (begin
          (send
            (hole 0 {:hash_depth=>0, :limit_depth=>true, :recv=>true}) :count)) :invited_by_id) :-
      (hole 0 {:hash_depth=>0, :method_arg=>true})))
  (begin
    (send
      (send
        (begin
          (send
            (hole 0 {:hash_depth=>0, :limit_depth=>true, :recv=>true}) :count)) :invited_by_id) :-
      (hole 0 {:hash_depth=>0, :method_arg=>true})))
  (begin
    (send
      (send
        (begin
          (send
            (hole 0 {:hash_depth=>0, :limit_depth=>true, :recv=>true}) :count)) :invited_by_id) :count))
  (begin
    (send
      (send
        (begin
          (send
            (hole 0 {:hash_depth=>0, :limit_depth=>true, :recv=>true}) :count)) :invited_by_id) :save))
  (begin
    (send
      (send
        (begin
          (send
            (hole 0 {:hash_depth=>0, :limit_depth=>true, :recv=>true}) :count)) :confirm_email_token=
        (hole 0 {:hash_depth=>0, :method_arg=>true})) :count))
  (begin
    (send
      (send
        (begin
          (send
            (hole 0 {:hash_depth=>0, :limit_depth=>true, :recv=>true}) :count)) :confirm_email_token=
        (hole 0 {:hash_depth=>0, :method_arg=>true})) :-
      (hole 0 {:hash_depth=>0, :method_arg=>true})))
  (begin
    (send
      (send
        (begin
          (send
            (hole 0 {:hash_depth=>0, :limit_depth=>true, :recv=>true}) :count)) :confirm_email_token=
        (hole 0 {:hash_depth=>0, :method_arg=>true})) :save))
  (begin
    (send
      (send
        (begin
          (send
            (hole 0 {:hash_depth=>0, :limit_depth=>true, :recv=>true}) :count)) :confirm_email_token) :count))
  (begin
    (send
      (send
        (begin
          (send
            (hole 0 {:hash_depth=>0, :limit_depth=>true, :recv=>true}) :count)) :confirm_email_token) :-
      (hole 0 {:hash_depth=>0, :method_arg=>true})))
  (begin
    (send
      (send
        (begin
          (send
            (hole 0 {:hash_depth=>0, :limit_depth=>true, :recv=>true}) :count)) :confirm_email_token) :save))
  (begin
    (send
      (send
        (begin
          (send
            (hole 0 {:hash_depth=>0, :limit_depth=>true, :recv=>true}) :count)) :unconfirmed_email=
        (hole 0 {:hash_depth=>0, :method_arg=>true})) :count))
  (begin
    (send
      (send
        (begin
          (send
            (hole 0 {:hash_depth=>0, :limit_depth=>true, :recv=>true}) :count)) :unconfirmed_email=
        (hole 0 {:hash_depth=>0, :method_arg=>true})) :-
      (hole 0 {:hash_depth=>0, :method_arg=>true})))
  (begin
    (send
      (send
        (begin
          (send
            (hole 0 {:hash_depth=>0, :limit_depth=>true, :recv=>true}) :count)) :unconfirmed_email=
        (hole 0 {:hash_depth=>0, :method_arg=>true})) :save))
  (begin
    (send
      (send
        (begin
          (send
            (hole 0 {:hash_depth=>0, :limit_depth=>true, :recv=>true}) :count)) :unconfirmed_email) :count))
  (begin
    (send
      (send
        (begin
          (send
            (hole 0 {:hash_depth=>0, :limit_depth=>true, :recv=>true}) :count)) :unconfirmed_email) :-
      (hole 0 {:hash_depth=>0, :method_arg=>true})))
  (begin
    (send
      (send
        (begin
          (send
            (hole 0 {:hash_depth=>0, :limit_depth=>true, :recv=>true}) :count)) :unconfirmed_email) :save))
  (begin
    (send
      (send
        (begin
          (send
            (hole 0 {:hash_depth=>0, :limit_depth=>true, :recv=>true}) :count)) :invited_by) :count))
  (begin
    (send
      (send
        (begin
          (send
            (hole 0 {:hash_depth=>0, :limit_depth=>true, :recv=>true}) :count)) :invited_by) :-
      (hole 0 {:hash_depth=>0, :method_arg=>true})))
  (begin
    (send
      (send
        (begin
          (send
            (hole 0 {:hash_depth=>0, :limit_depth=>true, :recv=>true}) :count)) :invited_by) :save))
  (begin
    (send
      (send
        (begin
          (send
            (hole 0 {:hash_depth=>0, :limit_depth=>true, :recv=>true}) :count)) :invited_by=
        (hole 0 {:hash_depth=>0, :method_arg=>true})) :count))
  (begin
    (send
      (send
        (begin
          (send
            (hole 0 {:hash_depth=>0, :limit_depth=>true, :recv=>true}) :count)) :invited_by=
        (hole 0 {:hash_depth=>0, :method_arg=>true})) :-
      (hole 0 {:hash_depth=>0, :method_arg=>true})))
  (begin
    (send
      (send
        (begin
          (send
            (hole 0 {:hash_depth=>0, :limit_depth=>true, :recv=>true}) :count)) :invited_by=
        (hole 0 {:hash_depth=>0, :method_arg=>true})) :save))
  (begin
    (send
      (send
        (begin
          (send
            (hole 0 {:hash_depth=>0, :limit_depth=>true, :recv=>true}) :count)) :invited_users) :count))
  (begin
    (send
      (send
        (begin
          (send
            (hole 0 {:hash_depth=>0, :limit_depth=>true, :recv=>true}) :count)) :invited_users) :-
      (hole 0 {:hash_depth=>0, :method_arg=>true})))
  (begin
    (send
      (send
        (begin
          (send
            (hole 0 {:hash_depth=>0, :limit_depth=>true, :recv=>true}) :count)) :invited_users) :save))
  (begin
    (send
      (send
        (begin
          (send
            (hole 0 {:hash_depth=>0, :limit_depth=>true, :recv=>true}) :count)) :invited_users=
        (hole 0 {:hash_depth=>0, :method_arg=>true})) :count))
  (begin
    (send
      (send
        (begin
          (send
            (hole 0 {:hash_depth=>0, :limit_depth=>true, :recv=>true}) :count)) :invited_users=
        (hole 0 {:hash_depth=>0, :method_arg=>true})) :-
      (hole 0 {:hash_depth=>0, :method_arg=>true})))
  (begin
    (send
      (send
        (begin
          (send
            (hole 0 {:hash_depth=>0, :limit_depth=>true, :recv=>true}) :count)) :invited_users=
        (hole 0 {:hash_depth=>0, :method_arg=>true})) :save))
  (begin
    (send
      (send
        (begin
          (send
            (hole 0 {:hash_depth=>0, :limit_depth=>true, :recv=>true}) :count)) :diaspora_user_id=
        (hole 0 {:hash_depth=>0, :method_arg=>true})) :-
      (hole 0 {:hash_depth=>0, :method_arg=>true})))
  (begin
    (send
      (send
        (begin
          (send
            (hole 0 {:hash_depth=>0, :limit_depth=>true, :recv=>true}) :count)) :diaspora_user_id=
        (hole 0 {:hash_depth=>0, :method_arg=>true})) :-
      (hole 0 {:hash_depth=>0, :method_arg=>true})))
  (begin
    (send
      (send
        (begin
          (send
            (hole 0 {:hash_depth=>0, :limit_depth=>true, :recv=>true}) :count)) :diaspora_user_id=
        (hole 0 {:hash_depth=>0, :method_arg=>true})) :-
      (hole 0 {:hash_depth=>0, :method_arg=>true})))
  (begin
    (send
      (send
        (begin
          (send
            (hole 0 {:hash_depth=>0, :limit_depth=>true, :recv=>true}) :count)) :diaspora_user_id=
        (hole 0 {:hash_depth=>0, :method_arg=>true})) :count))
  (begin
    (send
      (send
        (begin
          (send
            (hole 0 {:hash_depth=>0, :limit_depth=>true, :recv=>true}) :count)) :diaspora_user_id=
        (hole 0 {:hash_depth=>0, :method_arg=>true})) :save))
  (begin
    (send
      (send
        (begin
          (send
            (hole 0 {:hash_depth=>0, :limit_depth=>true, :recv=>true}) :count)) :diaspora_user_id) :-
      (hole 0 {:hash_depth=>0, :method_arg=>true})))
  (begin
    (send
      (send
        (begin
          (send
            (hole 0 {:hash_depth=>0, :limit_depth=>true, :recv=>true}) :count)) :diaspora_user_id) :-
      (hole 0 {:hash_depth=>0, :method_arg=>true})))
  (begin
    (send
      (send
        (begin
          (send
            (hole 0 {:hash_depth=>0, :limit_depth=>true, :recv=>true}) :count)) :diaspora_user_id) :-
      (hole 0 {:hash_depth=>0, :method_arg=>true})))
  (begin
    (send
      (send
        (begin
          (send
            (hole 0 {:hash_depth=>0, :limit_depth=>true, :recv=>true}) :count)) :diaspora_user_id) :count))
  (begin
    (send
      (send
        (begin
          (send
            (hole 0 {:hash_depth=>0, :limit_depth=>true, :recv=>true}) :count)) :diaspora_user_id) :save))
  (begin
    (send
      (send
        (begin
          (send
            (hole 0 {:hash_depth=>0, :limit_depth=>true, :recv=>true}) :count)) :count=
        (hole 0 {:hash_depth=>0, :method_arg=>true})) :-
      (hole 0 {:hash_depth=>0, :method_arg=>true})))
  (begin
    (send
      (send
        (begin
          (send
            (hole 0 {:hash_depth=>0, :limit_depth=>true, :recv=>true}) :count)) :count=
        (hole 0 {:hash_depth=>0, :method_arg=>true})) :-
      (hole 0 {:hash_depth=>0, :method_arg=>true})))
  (begin
    (send
      (send
        (begin
          (send
            (hole 0 {:hash_depth=>0, :limit_depth=>true, :recv=>true}) :count)) :count=
        (hole 0 {:hash_depth=>0, :method_arg=>true})) :-
      (hole 0 {:hash_depth=>0, :method_arg=>true})))
  (begin
    (send
      (send
        (begin
          (send
            (hole 0 {:hash_depth=>0, :limit_depth=>true, :recv=>true}) :count)) :count=
        (hole 0 {:hash_depth=>0, :method_arg=>true})) :count))
  (begin
    (send
      (send
        (begin
          (send
            (hole 0 {:hash_depth=>0, :limit_depth=>true, :recv=>true}) :count)) :count=
        (hole 0 {:hash_depth=>0, :method_arg=>true})) :save))
  (begin
    (send
      (begin
        (send
          (begin
            (send
              (hole 0 {:hash_depth=>0, :limit_depth=>true, :recv=>true}) :count)) :count)) :-
      (hole 0 {:hash_depth=>0, :method_arg=>true})))
  (begin
    (send
      (begin
        (send
          (begin
            (send
              (hole 0 {:hash_depth=>0, :limit_depth=>true, :recv=>true}) :count)) :count)) :-
      (hole 0 {:hash_depth=>0, :method_arg=>true})))
  (begin
    (send
      (begin
        (send
          (begin
            (send
              (hole 0 {:hash_depth=>0, :limit_depth=>true, :recv=>true}) :count)) :count)) :-
      (hole 0 {:hash_depth=>0, :method_arg=>true})))
  (begin
    (send
      (begin
        (send
          (begin
            (send
              (hole 0 {:hash_depth=>0, :limit_depth=>true, :recv=>true}) :count)) :count)) :-
      (hole 0 {:hash_depth=>0, :method_arg=>true})))
  (begin
    (send
      (begin
        (send
          (begin
            (send
              (hole 0 {:hash_depth=>0, :limit_depth=>true, :recv=>true}) :count)) :count)) :-
      (hole 0 {:hash_depth=>0, :method_arg=>true})))
  (begin
    (send
      (begin
        (send
          (begin
            (send
              (hole 0 {:hash_depth=>0, :limit_depth=>true, :recv=>true}) :count)) :count)) :-
      (hole 0 {:hash_depth=>0, :method_arg=>true})))
  (begin
    (send
      (begin
        (send
          (begin
            (send
              (hole 0 {:hash_depth=>0, :limit_depth=>true, :recv=>true}) :count)) :count)) :-
      (hole 0 {:hash_depth=>0, :method_arg=>true})))
  (begin
    (send
      (begin
        (send
          (begin
            (send
              (hole 0 {:hash_depth=>0, :limit_depth=>true, :recv=>true}) :count)) :count)) :-
      (hole 0 {:hash_depth=>0, :method_arg=>true})))
  (begin
    (send
      (begin
        (send
          (begin
            (send
              (hole 0 {:hash_depth=>0, :limit_depth=>true, :recv=>true}) :count)) :count)) :-
      (hole 0 {:hash_depth=>0, :method_arg=>true})))
  (begin
    (send
      (begin
        (send
          (begin
            (send
              (hole 0 {:hash_depth=>0, :limit_depth=>true, :recv=>true}) :count)) :count)) :count))
  (begin
    (send
      (begin
        (send
          (begin
            (send
              (hole 0 {:hash_depth=>0, :limit_depth=>true, :recv=>true}) :count)) :count)) :count))
  (begin
    (send
      (begin
        (send
          (begin
            (send
              (hole 0 {:hash_depth=>0, :limit_depth=>true, :recv=>true}) :count)) :count)) :count))
  (begin
    (send
      (begin
        (send
          (begin
            (send
              (hole 0 {:hash_depth=>0, :limit_depth=>true, :recv=>true}) :count)) :count)) :save))
  (begin
    (send
      (begin
        (send
          (begin
            (send
              (hole 0 {:hash_depth=>0, :limit_depth=>true, :recv=>true}) :count)) :count)) :save))
  (begin
    (send
      (begin
        (send
          (begin
            (send
              (hole 0 {:hash_depth=>0, :limit_depth=>true, :recv=>true}) :count)) :count)) :save))
  (begin
    (send
      (send
        (begin
          (send
            (hole 0 {:hash_depth=>0, :limit_depth=>true, :recv=>true}) :count)) :diaspora_user) :count))
  (begin
    (send
      (send
        (begin
          (send
            (hole 0 {:hash_depth=>0, :limit_depth=>true, :recv=>true}) :count)) :diaspora_user) :-
      (hole 0 {:hash_depth=>0, :method_arg=>true})))
  (begin
    (send
      (send
        (begin
          (send
            (hole 0 {:hash_depth=>0, :limit_depth=>true, :recv=>true}) :count)) :diaspora_user) :save))
  (begin
    (send
      (send
        (begin
          (send
            (hole 0 {:hash_depth=>0, :limit_depth=>true, :recv=>true}) :count)) :diaspora_user=
        (hole 0 {:hash_depth=>0, :method_arg=>true})) :count))
  (begin
    (send
      (send
        (begin
          (send
            (hole 0 {:hash_depth=>0, :limit_depth=>true, :recv=>true}) :count)) :diaspora_user=
        (hole 0 {:hash_depth=>0, :method_arg=>true})) :-
      (hole 0 {:hash_depth=>0, :method_arg=>true})))
  (begin
    (send
      (send
        (begin
          (send
            (hole 0 {:hash_depth=>0, :limit_depth=>true, :recv=>true}) :count)) :diaspora_user=
        (hole 0 {:hash_depth=>0, :method_arg=>true})) :save))
  (begin
    (send
      (send
        (begin
          (send
            (hole 0 {:hash_depth=>0, :limit_depth=>true, :recv=>true}) :count)) :note_id=
        (hole 0 {:hash_depth=>0, :method_arg=>true})) :-
      (hole 0 {:hash_depth=>0, :method_arg=>true})))
  (begin
    (send
      (send
        (begin
          (send
            (hole 0 {:hash_depth=>0, :limit_depth=>true, :recv=>true}) :count)) :note_id=
        (hole 0 {:hash_depth=>0, :method_arg=>true})) :-
      (hole 0 {:hash_depth=>0, :method_arg=>true})))
  (begin
    (send
      (send
        (begin
          (send
            (hole 0 {:hash_depth=>0, :limit_depth=>true, :recv=>true}) :count)) :note_id=
        (hole 0 {:hash_depth=>0, :method_arg=>true})) :-
      (hole 0 {:hash_depth=>0, :method_arg=>true})))
  (begin
    (send
      (send
        (begin
          (send
            (hole 0 {:hash_depth=>0, :limit_depth=>true, :recv=>true}) :count)) :note_id=
        (hole 0 {:hash_depth=>0, :method_arg=>true})) :count))
  (begin
    (send
      (send
        (begin
          (send
            (hole 0 {:hash_depth=>0, :limit_depth=>true, :recv=>true}) :count)) :note_id=
        (hole 0 {:hash_depth=>0, :method_arg=>true})) :save))
  (begin
    (send
      (send
        (begin
          (send
            (hole 0 {:hash_depth=>0, :limit_depth=>true, :recv=>true}) :count)) :note_id) :-
      (hole 0 {:hash_depth=>0, :method_arg=>true})))
  (begin
    (send
      (send
        (begin
          (send
            (hole 0 {:hash_depth=>0, :limit_depth=>true, :recv=>true}) :count)) :note_id) :-
      (hole 0 {:hash_depth=>0, :method_arg=>true})))
  (begin
    (send
      (send
        (begin
          (send
            (hole 0 {:hash_depth=>0, :limit_depth=>true, :recv=>true}) :count)) :note_id) :-
      (hole 0 {:hash_depth=>0, :method_arg=>true})))
  (begin
    (send
      (send
        (begin
          (send
            (hole 0 {:hash_depth=>0, :limit_depth=>true, :recv=>true}) :count)) :note_id) :count))
  (begin
    (send
      (send
        (begin
          (send
            (hole 0 {:hash_depth=>0, :limit_depth=>true, :recv=>true}) :count)) :note_id) :save))
  (begin
    (send
      (send
        (begin
          (send
            (hole 0 {:hash_depth=>0, :limit_depth=>true, :recv=>true}) :count)) :noteable_id=
        (hole 0 {:hash_depth=>0, :method_arg=>true})) :-
      (hole 0 {:hash_depth=>0, :method_arg=>true})))
  (begin
    (send
      (send
        (begin
          (send
            (hole 0 {:hash_depth=>0, :limit_depth=>true, :recv=>true}) :count)) :noteable_id=
        (hole 0 {:hash_depth=>0, :method_arg=>true})) :-
      (hole 0 {:hash_depth=>0, :method_arg=>true})))
  (begin
    (send
      (send
        (begin
          (send
            (hole 0 {:hash_depth=>0, :limit_depth=>true, :recv=>true}) :count)) :noteable_id=
        (hole 0 {:hash_depth=>0, :method_arg=>true})) :-
      (hole 0 {:hash_depth=>0, :method_arg=>true})))
  (begin
    (send
      (send
        (begin
          (send
            (hole 0 {:hash_depth=>0, :limit_depth=>true, :recv=>true}) :count)) :noteable_id=
        (hole 0 {:hash_depth=>0, :method_arg=>true})) :count))
  (begin
    (send
      (send
        (begin
          (send
            (hole 0 {:hash_depth=>0, :limit_depth=>true, :recv=>true}) :count)) :noteable_id=
        (hole 0 {:hash_depth=>0, :method_arg=>true})) :save))
  (begin
    (send
      (send
        (begin
          (send
            (hole 0 {:hash_depth=>0, :limit_depth=>true, :recv=>true}) :count)) :noteable_id) :-
      (hole 0 {:hash_depth=>0, :method_arg=>true})))
  (begin
    (send
      (send
        (begin
          (send
            (hole 0 {:hash_depth=>0, :limit_depth=>true, :recv=>true}) :count)) :noteable_id) :-
      (hole 0 {:hash_depth=>0, :method_arg=>true})))
  (begin
    (send
      (send
        (begin
          (send
            (hole 0 {:hash_depth=>0, :limit_depth=>true, :recv=>true}) :count)) :noteable_id) :-
      (hole 0 {:hash_depth=>0, :method_arg=>true})))
  (begin
    (send
      (send
        (begin
          (send
            (hole 0 {:hash_depth=>0, :limit_depth=>true, :recv=>true}) :count)) :noteable_id) :count))
  (begin
    (send
      (send
        (begin
          (send
            (hole 0 {:hash_depth=>0, :limit_depth=>true, :recv=>true}) :count)) :noteable_id) :save))
  (begin
    (send
      (send
        (begin
          (send
            (hole 0 {:hash_depth=>0, :limit_depth=>true, :recv=>true}) :count)) :notes) :count))
  (begin
    (send
      (send
        (begin
          (send
            (hole 0 {:hash_depth=>0, :limit_depth=>true, :recv=>true}) :count)) :notes) :-
      (hole 0 {:hash_depth=>0, :method_arg=>true})))
  (begin
    (send
      (send
        (begin
          (send
            (hole 0 {:hash_depth=>0, :limit_depth=>true, :recv=>true}) :count)) :notes) :save))
  (begin
    (send
      (send
        (begin
          (send
            (hole 0 {:hash_depth=>0, :limit_depth=>true, :recv=>true}) :count)) :notes=
        (hole 0 {:hash_depth=>0, :method_arg=>true})) :count))
  (begin
    (send
      (send
        (begin
          (send
            (hole 0 {:hash_depth=>0, :limit_depth=>true, :recv=>true}) :count)) :notes=
        (hole 0 {:hash_depth=>0, :method_arg=>true})) :-
      (hole 0 {:hash_depth=>0, :method_arg=>true})))
  (begin
    (send
      (send
        (begin
          (send
            (hole 0 {:hash_depth=>0, :limit_depth=>true, :recv=>true}) :count)) :notes=
        (hole 0 {:hash_depth=>0, :method_arg=>true})) :save))
  (begin
    (send
      (send
        (begin
          (send
            (hole 0 {:hash_depth=>0, :limit_depth=>true, :recv=>true}) :count)) :gitlab_note_id=
        (hole 0 {:hash_depth=>0, :method_arg=>true})) :-
      (hole 0 {:hash_depth=>0, :method_arg=>true})))
  (begin
    (send
      (send
        (begin
          (send
            (hole 0 {:hash_depth=>0, :limit_depth=>true, :recv=>true}) :count)) :gitlab_note_id=
        (hole 0 {:hash_depth=>0, :method_arg=>true})) :-
      (hole 0 {:hash_depth=>0, :method_arg=>true})))
  (begin
    (send
      (send
        (begin
          (send
            (hole 0 {:hash_depth=>0, :limit_depth=>true, :recv=>true}) :count)) :gitlab_note_id=
        (hole 0 {:hash_depth=>0, :method_arg=>true})) :-
      (hole 0 {:hash_depth=>0, :method_arg=>true})))
  (begin
    (send
      (send
        (begin
          (send
            (hole 0 {:hash_depth=>0, :limit_depth=>true, :recv=>true}) :count)) :gitlab_note_id=
        (hole 0 {:hash_depth=>0, :method_arg=>true})) :count))
  (begin
    (send
      (send
        (begin
          (send
            (hole 0 {:hash_depth=>0, :limit_depth=>true, :recv=>true}) :count)) :gitlab_note_id=
        (hole 0 {:hash_depth=>0, :method_arg=>true})) :save))
  (begin
    (send
      (send
        (begin
          (send
            (hole 0 {:hash_depth=>0, :limit_depth=>true, :recv=>true}) :count)) :gitlab_note_id) :-
      (hole 0 {:hash_depth=>0, :method_arg=>true})))
  (begin
    (send
      (send
        (begin
          (send
            (hole 0 {:hash_depth=>0, :limit_depth=>true, :recv=>true}) :count)) :gitlab_note_id) :-
      (hole 0 {:hash_depth=>0, :method_arg=>true})))
  (begin
    (send
      (send
        (begin
          (send
            (hole 0 {:hash_depth=>0, :limit_depth=>true, :recv=>true}) :count)) :gitlab_note_id) :-
      (hole 0 {:hash_depth=>0, :method_arg=>true})))
  (begin
    (send
      (send
        (begin
          (send
            (hole 0 {:hash_depth=>0, :limit_depth=>true, :recv=>true}) :count)) :gitlab_note_id) :count))
  (begin
    (send
      (send
        (begin
          (send
            (hole 0 {:hash_depth=>0, :limit_depth=>true, :recv=>true}) :count)) :gitlab_note_id) :save))
  (begin
    (send
      (send
        (begin
          (send
            (hole 0 {:hash_depth=>0, :limit_depth=>true, :recv=>true}) :count)) :gitlab_discussion_id=
        (hole 0 {:hash_depth=>0, :method_arg=>true})) :-
      (hole 0 {:hash_depth=>0, :method_arg=>true})))
  (begin
    (send
      (send
        (begin
          (send
            (hole 0 {:hash_depth=>0, :limit_depth=>true, :recv=>true}) :count)) :gitlab_discussion_id=
        (hole 0 {:hash_depth=>0, :method_arg=>true})) :-
      (hole 0 {:hash_depth=>0, :method_arg=>true})))
  (begin
    (send
      (send
        (begin
          (send
            (hole 0 {:hash_depth=>0, :limit_depth=>true, :recv=>true}) :count)) :gitlab_discussion_id=
        (hole 0 {:hash_depth=>0, :method_arg=>true})) :-
      (hole 0 {:hash_depth=>0, :method_arg=>true})))
  (begin
    (send
      (send
        (begin
          (send
            (hole 0 {:hash_depth=>0, :limit_depth=>true, :recv=>true}) :count)) :gitlab_discussion_id=
        (hole 0 {:hash_depth=>0, :method_arg=>true})) :count))
  (begin
    (send
      (send
        (begin
          (send
            (hole 0 {:hash_depth=>0, :limit_depth=>true, :recv=>true}) :count)) :gitlab_discussion_id=
        (hole 0 {:hash_depth=>0, :method_arg=>true})) :save))
  (begin
    (send
      (send
        (begin
          (send
            (hole 0 {:hash_depth=>0, :limit_depth=>true, :recv=>true}) :count)) :gitlab_discussion_id) :-
      (hole 0 {:hash_depth=>0, :method_arg=>true})))
  (begin
    (send
      (send
        (begin
          (send
            (hole 0 {:hash_depth=>0, :limit_depth=>true, :recv=>true}) :count)) :gitlab_discussion_id) :-
      (hole 0 {:hash_depth=>0, :method_arg=>true})))
  (begin
    (send
      (send
        (begin
          (send
            (hole 0 {:hash_depth=>0, :limit_depth=>true, :recv=>true}) :count)) :gitlab_discussion_id) :-
      (hole 0 {:hash_depth=>0, :method_arg=>true})))
  (begin
    (send
      (send
        (begin
          (send
            (hole 0 {:hash_depth=>0, :limit_depth=>true, :recv=>true}) :count)) :gitlab_discussion_id) :count))
  (begin
    (send
      (send
        (begin
          (send
            (hole 0 {:hash_depth=>0, :limit_depth=>true, :recv=>true}) :count)) :gitlab_discussion_id) :save))
  (begin
    (send
      (send
        (begin
          (send
            (hole 0 {:hash_depth=>0, :limit_depth=>true, :recv=>true}) :count)) :noteable) :count))
  (begin
    (send
      (send
        (begin
          (send
            (hole 0 {:hash_depth=>0, :limit_depth=>true, :recv=>true}) :count)) :noteable) :-
      (hole 0 {:hash_depth=>0, :method_arg=>true})))
  (begin
    (send
      (send
        (begin
          (send
            (hole 0 {:hash_depth=>0, :limit_depth=>true, :recv=>true}) :count)) :noteable) :save))
  (begin
    (send
      (send
        (begin
          (send
            (hole 0 {:hash_depth=>0, :limit_depth=>true, :recv=>true}) :count)) :noteable=
        (hole 0 {:hash_depth=>0, :method_arg=>true})) :count))
  (begin
    (send
      (send
        (begin
          (send
            (hole 0 {:hash_depth=>0, :limit_depth=>true, :recv=>true}) :count)) :noteable=
        (hole 0 {:hash_depth=>0, :method_arg=>true})) :-
      (hole 0 {:hash_depth=>0, :method_arg=>true})))
  (begin
    (send
      (send
        (begin
          (send
            (hole 0 {:hash_depth=>0, :limit_depth=>true, :recv=>true}) :count)) :noteable=
        (hole 0 {:hash_depth=>0, :method_arg=>true})) :save))
  (begin
    (send
      (send
        (begin
          (send
            (hole 0 {:hash_depth=>0, :limit_depth=>true, :recv=>true}) :count)) :in_reply_to) :count))
  (begin
    (send
      (send
        (begin
          (send
            (hole 0 {:hash_depth=>0, :limit_depth=>true, :recv=>true}) :count)) :in_reply_to) :-
      (hole 0 {:hash_depth=>0, :method_arg=>true})))
  (begin
    (send
      (send
        (begin
          (send
            (hole 0 {:hash_depth=>0, :limit_depth=>true, :recv=>true}) :count)) :in_reply_to) :save))
  (begin
    (send
      (send
        (begin
          (send
            (hole 0 {:hash_depth=>0, :limit_depth=>true, :recv=>true}) :count)) :in_reply_to=
        (hole 0 {:hash_depth=>0, :method_arg=>true})) :count))
  (begin
    (send
      (send
        (begin
          (send
            (hole 0 {:hash_depth=>0, :limit_depth=>true, :recv=>true}) :count)) :in_reply_to=
        (hole 0 {:hash_depth=>0, :method_arg=>true})) :-
      (hole 0 {:hash_depth=>0, :method_arg=>true})))
  (begin
    (send
      (send
        (begin
          (send
            (hole 0 {:hash_depth=>0, :limit_depth=>true, :recv=>true}) :count)) :in_reply_to=
        (hole 0 {:hash_depth=>0, :method_arg=>true})) :save))
  (begin
    (send
      (send
        (begin
          (send
            (hole 0 {:hash_depth=>0, :limit_depth=>true, :recv=>true}) :count)) :otp_required_for_login=
        (hole 0 {:hash_depth=>0, :method_arg=>true})) :count))
  (begin
    (send
      (send
        (begin
          (send
            (hole 0 {:hash_depth=>0, :limit_depth=>true, :recv=>true}) :count)) :otp_required_for_login=
        (hole 0 {:hash_depth=>0, :method_arg=>true})) :-
      (hole 0 {:hash_depth=>0, :method_arg=>true})))
  (begin
    (send
      (send
        (begin
          (send
            (hole 0 {:hash_depth=>0, :limit_depth=>true, :recv=>true}) :count)) :otp_required_for_login=
        (hole 0 {:hash_depth=>0, :method_arg=>true})) :save))
  (begin
    (send
      (send
        (begin
          (send
            (hole 0 {:hash_depth=>0, :limit_depth=>true, :recv=>true}) :count)) :otp_required_for_login) :count))
  (begin
    (send
      (send
        (begin
          (send
            (hole 0 {:hash_depth=>0, :limit_depth=>true, :recv=>true}) :count)) :otp_required_for_login) :-
      (hole 0 {:hash_depth=>0, :method_arg=>true})))
  (begin
    (send
      (send
        (begin
          (send
            (hole 0 {:hash_depth=>0, :limit_depth=>true, :recv=>true}) :count)) :otp_required_for_login) :save))
  (begin
    (send
      (send
        (begin
          (send
            (hole 0 {:hash_depth=>0, :limit_depth=>true, :recv=>true}) :count)) :encrypted_otp_secret=
        (hole 0 {:hash_depth=>0, :method_arg=>true})) :count))
  (begin
    (send
      (send
        (begin
          (send
            (hole 0 {:hash_depth=>0, :limit_depth=>true, :recv=>true}) :count)) :encrypted_otp_secret=
        (hole 0 {:hash_depth=>0, :method_arg=>true})) :-
      (hole 0 {:hash_depth=>0, :method_arg=>true})))
  (begin
    (send
      (send
        (begin
          (send
            (hole 0 {:hash_depth=>0, :limit_depth=>true, :recv=>true}) :count)) :encrypted_otp_secret=
        (hole 0 {:hash_depth=>0, :method_arg=>true})) :save))
  (begin
    (send
      (send
        (begin
          (send
            (hole 0 {:hash_depth=>0, :limit_depth=>true, :recv=>true}) :count)) :encrypted_otp_secret) :count))
  (begin
    (send
      (send
        (begin
          (send
            (hole 0 {:hash_depth=>0, :limit_depth=>true, :recv=>true}) :count)) :encrypted_otp_secret) :-
      (hole 0 {:hash_depth=>0, :method_arg=>true})))
  (begin
    (send
      (send
        (begin
          (send
            (hole 0 {:hash_depth=>0, :limit_depth=>true, :recv=>true}) :count)) :encrypted_otp_secret) :save))
  (begin
    (send
      (send
        (begin
          (send
            (hole 0 {:hash_depth=>0, :limit_depth=>true, :recv=>true}) :count)) :encrypted_otp_secret_iv=
        (hole 0 {:hash_depth=>0, :method_arg=>true})) :count))
  (begin
    (send
      (send
        (begin
          (send
            (hole 0 {:hash_depth=>0, :limit_depth=>true, :recv=>true}) :count)) :encrypted_otp_secret_iv=
        (hole 0 {:hash_depth=>0, :method_arg=>true})) :-
      (hole 0 {:hash_depth=>0, :method_arg=>true})))
  (begin
    (send
      (send
        (begin
          (send
            (hole 0 {:hash_depth=>0, :limit_depth=>true, :recv=>true}) :count)) :encrypted_otp_secret_iv=
        (hole 0 {:hash_depth=>0, :method_arg=>true})) :save))
  (begin
    (send
      (send
        (begin
          (send
            (hole 0 {:hash_depth=>0, :limit_depth=>true, :recv=>true}) :count)) :encrypted_otp_secret_iv) :count))
  (begin
    (send
      (send
        (begin
          (send
            (hole 0 {:hash_depth=>0, :limit_depth=>true, :recv=>true}) :count)) :encrypted_otp_secret_iv) :-
      (hole 0 {:hash_depth=>0, :method_arg=>true})))
  (begin
    (send
      (send
        (begin
          (send
            (hole 0 {:hash_depth=>0, :limit_depth=>true, :recv=>true}) :count)) :encrypted_otp_secret_iv) :save))
  (begin
    (send
      (send
        (begin
          (send
            (hole 0 {:hash_depth=>0, :limit_depth=>true, :recv=>true}) :count)) :encrypted_otp_secret_salt=
        (hole 0 {:hash_depth=>0, :method_arg=>true})) :count))
  (begin
    (send
      (send
        (begin
          (send
            (hole 0 {:hash_depth=>0, :limit_depth=>true, :recv=>true}) :count)) :encrypted_otp_secret_salt=
        (hole 0 {:hash_depth=>0, :method_arg=>true})) :-
      (hole 0 {:hash_depth=>0, :method_arg=>true})))
  (begin
    (send
      (send
        (begin
          (send
            (hole 0 {:hash_depth=>0, :limit_depth=>true, :recv=>true}) :count)) :encrypted_otp_secret_salt=
        (hole 0 {:hash_depth=>0, :method_arg=>true})) :save))
  (begin
    (send
      (send
        (begin
          (send
            (hole 0 {:hash_depth=>0, :limit_depth=>true, :recv=>true}) :count)) :encrypted_otp_secret_salt) :count))
  (begin
    (send
      (send
        (begin
          (send
            (hole 0 {:hash_depth=>0, :limit_depth=>true, :recv=>true}) :count)) :encrypted_otp_secret_salt) :-
      (hole 0 {:hash_depth=>0, :method_arg=>true})))
  (begin
    (send
      (send
        (begin
          (send
            (hole 0 {:hash_depth=>0, :limit_depth=>true, :recv=>true}) :count)) :encrypted_otp_secret_salt) :save))
  (begin
    (send
      (send
        (begin
          (send
            (hole 0 {:hash_depth=>0, :limit_depth=>true, :recv=>true}) :count)) :otp_backup_codes=
        (hole 0 {:hash_depth=>0, :method_arg=>true})) :count))
  (begin
    (send
      (send
        (begin
          (send
            (hole 0 {:hash_depth=>0, :limit_depth=>true, :recv=>true}) :count)) :otp_backup_codes=
        (hole 0 {:hash_depth=>0, :method_arg=>true})) :-
      (hole 0 {:hash_depth=>0, :method_arg=>true})))
  (begin
    (send
      (send
        (begin
          (send
            (hole 0 {:hash_depth=>0, :limit_depth=>true, :recv=>true}) :count)) :otp_backup_codes=
        (hole 0 {:hash_depth=>0, :method_arg=>true})) :save))
  (begin
    (send
      (send
        (begin
          (send
            (hole 0 {:hash_depth=>0, :limit_depth=>true, :recv=>true}) :count)) :otp_backup_codes) :count))
  (begin
    (send
      (send
        (begin
          (send
            (hole 0 {:hash_depth=>0, :limit_depth=>true, :recv=>true}) :count)) :otp_backup_codes) :-
      (hole 0 {:hash_depth=>0, :method_arg=>true})))
  (begin
    (send
      (send
        (begin
          (send
            (hole 0 {:hash_depth=>0, :limit_depth=>true, :recv=>true}) :count)) :otp_backup_codes) :save))
  (begin
    (send
      (send
        (begin
          (send
            (hole 0 {:hash_depth=>0, :limit_depth=>true, :recv=>true}) :count)) :otp_grace_period_started_at=
        (hole 0 {:hash_depth=>0, :method_arg=>true})) :count))
  (begin
    (send
      (send
        (begin
          (send
            (hole 0 {:hash_depth=>0, :limit_depth=>true, :recv=>true}) :count)) :otp_grace_period_started_at=
        (hole 0 {:hash_depth=>0, :method_arg=>true})) :-
      (hole 0 {:hash_depth=>0, :method_arg=>true})))
  (begin
    (send
      (send
        (begin
          (send
            (hole 0 {:hash_depth=>0, :limit_depth=>true, :recv=>true}) :count)) :otp_grace_period_started_at=
        (hole 0 {:hash_depth=>0, :method_arg=>true})) :save))
  (begin
    (send
      (send
        (begin
          (send
            (hole 0 {:hash_depth=>0, :limit_depth=>true, :recv=>true}) :count)) :otp_grace_period_started_at) :count))
  (begin
    (send
      (send
        (begin
          (send
            (hole 0 {:hash_depth=>0, :limit_depth=>true, :recv=>true}) :count)) :otp_grace_period_started_at) :-
      (hole 0 {:hash_depth=>0, :method_arg=>true})))
  (begin
    (send
      (send
        (begin
          (send
            (hole 0 {:hash_depth=>0, :limit_depth=>true, :recv=>true}) :count)) :otp_grace_period_started_at) :save))
  (begin
    (send
      (send
        (begin
          (send
            (hole 0 {:hash_depth=>0, :limit_depth=>true, :recv=>true}) :count)) :state_id=
        (hole 0 {:hash_depth=>0, :method_arg=>true})) :-
      (hole 0 {:hash_depth=>0, :method_arg=>true})))
  (begin
    (send
      (send
        (begin
          (send
            (hole 0 {:hash_depth=>0, :limit_depth=>true, :recv=>true}) :count)) :state_id=
        (hole 0 {:hash_depth=>0, :method_arg=>true})) :-
      (hole 0 {:hash_depth=>0, :method_arg=>true})))
  (begin
    (send
      (send
        (begin
          (send
            (hole 0 {:hash_depth=>0, :limit_depth=>true, :recv=>true}) :count)) :state_id=
        (hole 0 {:hash_depth=>0, :method_arg=>true})) :-
      (hole 0 {:hash_depth=>0, :method_arg=>true})))
  (begin
    (send
      (send
        (begin
          (send
            (hole 0 {:hash_depth=>0, :limit_depth=>true, :recv=>true}) :count)) :state_id=
        (hole 0 {:hash_depth=>0, :method_arg=>true})) :count))
  (begin
    (send
      (send
        (begin
          (send
            (hole 0 {:hash_depth=>0, :limit_depth=>true, :recv=>true}) :count)) :state_id=
        (hole 0 {:hash_depth=>0, :method_arg=>true})) :save))
  (begin
    (send
      (send
        (begin
          (send
            (hole 0 {:hash_depth=>0, :limit_depth=>true, :recv=>true}) :count)) :state_id) :-
      (hole 0 {:hash_depth=>0, :method_arg=>true})))
  (begin
    (send
      (send
        (begin
          (send
            (hole 0 {:hash_depth=>0, :limit_depth=>true, :recv=>true}) :count)) :state_id) :-
      (hole 0 {:hash_depth=>0, :method_arg=>true})))
  (begin
    (send
      (send
        (begin
          (send
            (hole 0 {:hash_depth=>0, :limit_depth=>true, :recv=>true}) :count)) :state_id) :-
      (hole 0 {:hash_depth=>0, :method_arg=>true})))
  (begin
    (send
      (send
        (begin
          (send
            (hole 0 {:hash_depth=>0, :limit_depth=>true, :recv=>true}) :count)) :state_id) :count))
  (begin
    (send
      (send
        (begin
          (send
            (hole 0 {:hash_depth=>0, :limit_depth=>true, :recv=>true}) :count)) :state_id) :save))
  (begin
    (send
      (send
        (begin
          (send
            (hole 0 {:hash_depth=>0, :limit_depth=>true, :recv=>true}) :count)) :closed_at=
        (hole 0 {:hash_depth=>0, :method_arg=>true})) :count))
  (begin
    (send
      (send
        (begin
          (send
            (hole 0 {:hash_depth=>0, :limit_depth=>true, :recv=>true}) :count)) :closed_at=
        (hole 0 {:hash_depth=>0, :method_arg=>true})) :-
      (hole 0 {:hash_depth=>0, :method_arg=>true})))
  (begin
    (send
      (send
        (begin
          (send
            (hole 0 {:hash_depth=>0, :limit_depth=>true, :recv=>true}) :count)) :closed_at=
        (hole 0 {:hash_depth=>0, :method_arg=>true})) :save))
  (begin
    (send
      (send
        (begin
          (send
            (hole 0 {:hash_depth=>0, :limit_depth=>true, :recv=>true}) :count)) :closed_at) :count))
  (begin
    (send
      (send
        (begin
          (send
            (hole 0 {:hash_depth=>0, :limit_depth=>true, :recv=>true}) :count)) :closed_at) :-
      (hole 0 {:hash_depth=>0, :method_arg=>true})))
  (begin
    (send
      (send
        (begin
          (send
            (hole 0 {:hash_depth=>0, :limit_depth=>true, :recv=>true}) :count)) :closed_at) :save))
  (begin
    (send
      (send
        (begin
          (send
            (hole 0 {:hash_depth=>0, :limit_depth=>true, :recv=>true}) :count)) :closed_by_id=
        (hole 0 {:hash_depth=>0, :method_arg=>true})) :-
      (hole 0 {:hash_depth=>0, :method_arg=>true})))
  (begin
    (send
      (send
        (begin
          (send
            (hole 0 {:hash_depth=>0, :limit_depth=>true, :recv=>true}) :count)) :closed_by_id=
        (hole 0 {:hash_depth=>0, :method_arg=>true})) :-
      (hole 0 {:hash_depth=>0, :method_arg=>true})))
  (begin
    (send
      (send
        (begin
          (send
            (hole 0 {:hash_depth=>0, :limit_depth=>true, :recv=>true}) :count)) :closed_by_id=
        (hole 0 {:hash_depth=>0, :method_arg=>true})) :-
      (hole 0 {:hash_depth=>0, :method_arg=>true})))
  (begin
    (send
      (send
        (begin
          (send
            (hole 0 {:hash_depth=>0, :limit_depth=>true, :recv=>true}) :count)) :closed_by_id=
        (hole 0 {:hash_depth=>0, :method_arg=>true})) :count))
  (begin
    (send
      (send
        (begin
          (send
            (hole 0 {:hash_depth=>0, :limit_depth=>true, :recv=>true}) :count)) :closed_by_id=
        (hole 0 {:hash_depth=>0, :method_arg=>true})) :save))
  (begin
    (send
      (send
        (begin
          (send
            (hole 0 {:hash_depth=>0, :limit_depth=>true, :recv=>true}) :count)) :closed_by_id) :-
      (hole 0 {:hash_depth=>0, :method_arg=>true})))
  (begin
    (send
      (send
        (begin
          (send
            (hole 0 {:hash_depth=>0, :limit_depth=>true, :recv=>true}) :count)) :closed_by_id) :-
      (hole 0 {:hash_depth=>0, :method_arg=>true})))
  (begin
    (send
      (send
        (begin
          (send
            (hole 0 {:hash_depth=>0, :limit_depth=>true, :recv=>true}) :count)) :closed_by_id) :-
      (hole 0 {:hash_depth=>0, :method_arg=>true})))
  (begin
    (send
      (send
        (begin
          (send
            (hole 0 {:hash_depth=>0, :limit_depth=>true, :recv=>true}) :count)) :closed_by_id) :count))
  (begin
    (send
      (send
        (begin
          (send
            (hole 0 {:hash_depth=>0, :limit_depth=>true, :recv=>true}) :count)) :closed_by_id) :save))
  (send
    (send
      (begin
        (send
          (hole 0 {:hash_depth=>0, :limit_depth=>true, :recv=>true}) :count)) :closed_by) :otp_required_for_login=
    (hole 0 {:hash_depth=>0, :method_arg=>true}))
  (send
    (send
      (begin
        (send
          (hole 0 {:hash_depth=>0, :limit_depth=>true, :recv=>true}) :count)) :closed_by) :otp_required_for_login)
  (begin
    (send
      (send
        (begin
          (send
            (hole 0 {:hash_depth=>0, :limit_depth=>true, :recv=>true}) :count)) :closed_by) :count))
  (begin
    (send
      (send
        (begin
          (send
            (hole 0 {:hash_depth=>0, :limit_depth=>true, :recv=>true}) :count)) :closed_by) :-
      (hole 0 {:hash_depth=>0, :method_arg=>true})))
  (begin
    (send
      (send
        (begin
          (send
            (hole 0 {:hash_depth=>0, :limit_depth=>true, :recv=>true}) :count)) :closed_by) :save))
  (send
    (send
      (begin
        (send
          (hole 0 {:hash_depth=>0, :limit_depth=>true, :recv=>true}) :count)) :closed_by=
      (hole 0 {:hash_depth=>0, :method_arg=>true})) :otp_required_for_login=
    (hole 0 {:hash_depth=>0, :method_arg=>true}))
  (send
    (send
      (begin
        (send
          (hole 0 {:hash_depth=>0, :limit_depth=>true, :recv=>true}) :count)) :closed_by=
      (hole 0 {:hash_depth=>0, :method_arg=>true})) :otp_required_for_login)
  (begin
    (send
      (send
        (begin
          (send
            (hole 0 {:hash_depth=>0, :limit_depth=>true, :recv=>true}) :count)) :closed_by=
        (hole 0 {:hash_depth=>0, :method_arg=>true})) :count))
  (begin
    (send
      (send
        (begin
          (send
            (hole 0 {:hash_depth=>0, :limit_depth=>true, :recv=>true}) :count)) :closed_by=
        (hole 0 {:hash_depth=>0, :method_arg=>true})) :-
      (hole 0 {:hash_depth=>0, :method_arg=>true})))
  (begin
    (send
      (send
        (begin
          (send
            (hole 0 {:hash_depth=>0, :limit_depth=>true, :recv=>true}) :count)) :closed_by=
        (hole 0 {:hash_depth=>0, :method_arg=>true})) :save))
  (begin
    (send
      (send
        (begin
          (send
            (hole 0 {:hash_depth=>0, :limit_depth=>true, :recv=>true}) :count)) :name=
        (hole 0 {:hash_depth=>0, :method_arg=>true})) :count))
  (begin
    (send
      (send
        (begin
          (send
            (hole 0 {:hash_depth=>0, :limit_depth=>true, :recv=>true}) :count)) :name=
        (hole 0 {:hash_depth=>0, :method_arg=>true})) :-
      (hole 0 {:hash_depth=>0, :method_arg=>true})))
  (begin
    (send
      (send
        (begin
          (send
            (hole 0 {:hash_depth=>0, :limit_depth=>true, :recv=>true}) :count)) :name=
        (hole 0 {:hash_depth=>0, :method_arg=>true})) :save))
  (begin
    (send
      (send
        (begin
          (send
            (hole 0 {:hash_depth=>0, :limit_depth=>true, :recv=>true}) :count)) :name) :count))
  (begin
    (send
      (send
        (begin
          (send
            (hole 0 {:hash_depth=>0, :limit_depth=>true, :recv=>true}) :count)) :name) :-
      (hole 0 {:hash_depth=>0, :method_arg=>true})))
  (begin
    (send
      (send
        (begin
          (send
            (hole 0 {:hash_depth=>0, :limit_depth=>true, :recv=>true}) :count)) :name) :save))
  (begin
    (send
      (send
        (begin
          (send
            (hole 0 {:hash_depth=>0, :limit_depth=>true, :recv=>true}) :count)) :admin=
        (hole 0 {:hash_depth=>0, :method_arg=>true})) :count))
  (begin
    (send
      (send
        (begin
          (send
            (hole 0 {:hash_depth=>0, :limit_depth=>true, :recv=>true}) :count)) :admin=
        (hole 0 {:hash_depth=>0, :method_arg=>true})) :-
      (hole 0 {:hash_depth=>0, :method_arg=>true})))
  (begin
    (send
      (send
        (begin
          (send
            (hole 0 {:hash_depth=>0, :limit_depth=>true, :recv=>true}) :count)) :admin=
        (hole 0 {:hash_depth=>0, :method_arg=>true})) :save))
  (begin
    (send
      (send
        (begin
          (send
            (hole 0 {:hash_depth=>0, :limit_depth=>true, :recv=>true}) :count)) :admin) :count))
  (begin
    (send
      (send
        (begin
          (send
            (hole 0 {:hash_depth=>0, :limit_depth=>true, :recv=>true}) :count)) :admin) :-
      (hole 0 {:hash_depth=>0, :method_arg=>true})))
  (begin
    (send
      (send
        (begin
          (send
            (hole 0 {:hash_depth=>0, :limit_depth=>true, :recv=>true}) :count)) :admin) :save))
  (begin
    (send
      (send
        (begin
          (send
            (hole 0 {:hash_depth=>0, :limit_depth=>true, :recv=>true}) :count)) :created_by=
        (hole 0 {:hash_depth=>0, :method_arg=>true})) :count))
  (begin
    (send
      (send
        (begin
          (send
            (hole 0 {:hash_depth=>0, :limit_depth=>true, :recv=>true}) :count)) :created_by=
        (hole 0 {:hash_depth=>0, :method_arg=>true})) :-
      (hole 0 {:hash_depth=>0, :method_arg=>true})))
  (begin
    (send
      (send
        (begin
          (send
            (hole 0 {:hash_depth=>0, :limit_depth=>true, :recv=>true}) :count)) :created_by=
        (hole 0 {:hash_depth=>0, :method_arg=>true})) :save))
  (begin
    (send
      (send
        (begin
          (send
            (hole 0 {:hash_depth=>0, :limit_depth=>true, :recv=>true}) :count)) :created_by) :count))
  (begin
    (send
      (send
        (begin
          (send
            (hole 0 {:hash_depth=>0, :limit_depth=>true, :recv=>true}) :count)) :created_by) :-
      (hole 0 {:hash_depth=>0, :method_arg=>true})))
  (begin
    (send
      (send
        (begin
          (send
            (hole 0 {:hash_depth=>0, :limit_depth=>true, :recv=>true}) :count)) :created_by) :save))
  (begin
    (send
      (send
        (begin
          (send
            (hole 0 {:hash_depth=>0, :limit_depth=>true, :recv=>true}) :count)) :slug=
        (hole 0 {:hash_depth=>0, :method_arg=>true})) :count))
  (begin
    (send
      (send
        (begin
          (send
            (hole 0 {:hash_depth=>0, :limit_depth=>true, :recv=>true}) :count)) :slug=
        (hole 0 {:hash_depth=>0, :method_arg=>true})) :-
      (hole 0 {:hash_depth=>0, :method_arg=>true})))
  (begin
    (send
      (send
        (begin
          (send
            (hole 0 {:hash_depth=>0, :limit_depth=>true, :recv=>true}) :count)) :slug=
        (hole 0 {:hash_depth=>0, :method_arg=>true})) :save))
  (begin
    (send
      (send
        (begin
          (send
            (hole 0 {:hash_depth=>0, :limit_depth=>true, :recv=>true}) :count)) :slug) :count))
  (begin
    (send
      (send
        (begin
          (send
            (hole 0 {:hash_depth=>0, :limit_depth=>true, :recv=>true}) :count)) :slug) :-
      (hole 0 {:hash_depth=>0, :method_arg=>true})))
  (begin
    (send
      (send
        (begin
          (send
            (hole 0 {:hash_depth=>0, :limit_depth=>true, :recv=>true}) :count)) :slug) :save))
  (begin
    (send
      (send
        (begin
          (send
            (hole 0 {:hash_depth=>0, :limit_depth=>true, :recv=>true}) :count)) :title=
        (hole 0 {:hash_depth=>0, :method_arg=>true})) :count))
  (begin
    (send
      (send
        (begin
          (send
            (hole 0 {:hash_depth=>0, :limit_depth=>true, :recv=>true}) :count)) :title=
        (hole 0 {:hash_depth=>0, :method_arg=>true})) :-
      (hole 0 {:hash_depth=>0, :method_arg=>true})))
  (begin
    (send
      (send
        (begin
          (send
            (hole 0 {:hash_depth=>0, :limit_depth=>true, :recv=>true}) :count)) :title=
        (hole 0 {:hash_depth=>0, :method_arg=>true})) :save))
  (begin
    (send
      (send
        (begin
          (send
            (hole 0 {:hash_depth=>0, :limit_depth=>true, :recv=>true}) :count)) :title) :count))
  (begin
    (send
      (send
        (begin
          (send
            (hole 0 {:hash_depth=>0, :limit_depth=>true, :recv=>true}) :count)) :title) :-
      (hole 0 {:hash_depth=>0, :method_arg=>true})))
  (begin
    (send
      (send
        (begin
          (send
            (hole 0 {:hash_depth=>0, :limit_depth=>true, :recv=>true}) :count)) :title) :save))
  (begin
    (send
      (send
        (begin
          (send
            (hole 0 {:hash_depth=>0, :limit_depth=>true, :recv=>true}) :count)) :password=
        (hole 0 {:hash_depth=>0, :method_arg=>true})) :count))
  (begin
    (send
      (send
        (begin
          (send
            (hole 0 {:hash_depth=>0, :limit_depth=>true, :recv=>true}) :count)) :password=
        (hole 0 {:hash_depth=>0, :method_arg=>true})) :-
      (hole 0 {:hash_depth=>0, :method_arg=>true})))
  (begin
    (send
      (send
        (begin
          (send
            (hole 0 {:hash_depth=>0, :limit_depth=>true, :recv=>true}) :count)) :password=
        (hole 0 {:hash_depth=>0, :method_arg=>true})) :save))
  (begin
    (send
      (send
        (begin
          (send
            (hole 0 {:hash_depth=>0, :limit_depth=>true, :recv=>true}) :count)) :password) :count))
  (begin
    (send
      (send
        (begin
          (send
            (hole 0 {:hash_depth=>0, :limit_depth=>true, :recv=>true}) :count)) :password) :-
      (hole 0 {:hash_depth=>0, :method_arg=>true})))
  (begin
    (send
      (send
        (begin
          (send
            (hole 0 {:hash_depth=>0, :limit_depth=>true, :recv=>true}) :count)) :password) :save))
  (begin
    (send
      (send
        (begin
          (send
            (hole 0 {:hash_depth=>0, :limit_depth=>true, :recv=>true}) :count)) :staged=
        (hole 0 {:hash_depth=>0, :method_arg=>true})) :count))
  (begin
    (send
      (send
        (begin
          (send
            (hole 0 {:hash_depth=>0, :limit_depth=>true, :recv=>true}) :count)) :staged=
        (hole 0 {:hash_depth=>0, :method_arg=>true})) :-
      (hole 0 {:hash_depth=>0, :method_arg=>true})))
  (begin
    (send
      (send
        (begin
          (send
            (hole 0 {:hash_depth=>0, :limit_depth=>true, :recv=>true}) :count)) :staged=
        (hole 0 {:hash_depth=>0, :method_arg=>true})) :save))
  (begin
    (send
      (send
        (begin
          (send
            (hole 0 {:hash_depth=>0, :limit_depth=>true, :recv=>true}) :count)) :staged) :count))
  (begin
    (send
      (send
        (begin
          (send
            (hole 0 {:hash_depth=>0, :limit_depth=>true, :recv=>true}) :count)) :staged) :-
      (hole 0 {:hash_depth=>0, :method_arg=>true})))
  (begin
    (send
      (send
        (begin
          (send
            (hole 0 {:hash_depth=>0, :limit_depth=>true, :recv=>true}) :count)) :staged) :save))
  (begin
    (send
      (send
        (begin
          (send
            (hole 0 {:hash_depth=>0, :limit_depth=>true, :recv=>true}) :count)) :active=
        (hole 0 {:hash_depth=>0, :method_arg=>true})) :count))
  (begin
    (send
      (send
        (begin
          (send
            (hole 0 {:hash_depth=>0, :limit_depth=>true, :recv=>true}) :count)) :active=
        (hole 0 {:hash_depth=>0, :method_arg=>true})) :-
      (hole 0 {:hash_depth=>0, :method_arg=>true})))
  (begin
    (send
      (send
        (begin
          (send
            (hole 0 {:hash_depth=>0, :limit_depth=>true, :recv=>true}) :count)) :active=
        (hole 0 {:hash_depth=>0, :method_arg=>true})) :save))
  (begin
    (send
      (send
        (begin
          (send
            (hole 0 {:hash_depth=>0, :limit_depth=>true, :recv=>true}) :count)) :active) :count))
  (begin
    (send
      (send
        (begin
          (send
            (hole 0 {:hash_depth=>0, :limit_depth=>true, :recv=>true}) :count)) :active) :-
      (hole 0 {:hash_depth=>0, :method_arg=>true})))
  (begin
    (send
      (send
        (begin
          (send
            (hole 0 {:hash_depth=>0, :limit_depth=>true, :recv=>true}) :count)) :active) :save))
  (begin
    (send
      (send
        (begin
          (send
            (hole 0 {:hash_depth=>0, :limit_depth=>true, :recv=>true}) :count)) :primary=
        (hole 0 {:hash_depth=>0, :method_arg=>true})) :count))
  (begin
    (send
      (send
        (begin
          (send
            (hole 0 {:hash_depth=>0, :limit_depth=>true, :recv=>true}) :count)) :primary=
        (hole 0 {:hash_depth=>0, :method_arg=>true})) :-
      (hole 0 {:hash_depth=>0, :method_arg=>true})))
  (begin
    (send
      (send
        (begin
          (send
            (hole 0 {:hash_depth=>0, :limit_depth=>true, :recv=>true}) :count)) :primary=
        (hole 0 {:hash_depth=>0, :method_arg=>true})) :save))
  (begin
    (send
      (send
        (begin
          (send
            (hole 0 {:hash_depth=>0, :limit_depth=>true, :recv=>true}) :count)) :primary) :count))
  (begin
    (send
      (send
        (begin
          (send
            (hole 0 {:hash_depth=>0, :limit_depth=>true, :recv=>true}) :count)) :primary) :-
      (hole 0 {:hash_depth=>0, :method_arg=>true})))
  (begin
    (send
      (send
        (begin
          (send
            (hole 0 {:hash_depth=>0, :limit_depth=>true, :recv=>true}) :count)) :primary) :save))
  (begin
    (send
      (send
        (begin
          (send
            (hole 0 {:hash_depth=>0, :limit_depth=>true, :recv=>true}) :count)) :moderator=
        (hole 0 {:hash_depth=>0, :method_arg=>true})) :count))
  (begin
    (send
      (send
        (begin
          (send
            (hole 0 {:hash_depth=>0, :limit_depth=>true, :recv=>true}) :count)) :moderator=
        (hole 0 {:hash_depth=>0, :method_arg=>true})) :-
      (hole 0 {:hash_depth=>0, :method_arg=>true})))
  (begin
    (send
      (send
        (begin
          (send
            (hole 0 {:hash_depth=>0, :limit_depth=>true, :recv=>true}) :count)) :moderator=
        (hole 0 {:hash_depth=>0, :method_arg=>true})) :save))
  (begin
    (send
      (send
        (begin
          (send
            (hole 0 {:hash_depth=>0, :limit_depth=>true, :recv=>true}) :count)) :moderator) :count))
  (begin
    (send
      (send
        (begin
          (send
            (hole 0 {:hash_depth=>0, :limit_depth=>true, :recv=>true}) :count)) :moderator) :-
      (hole 0 {:hash_depth=>0, :method_arg=>true})))
  (begin
    (send
      (send
        (begin
          (send
            (hole 0 {:hash_depth=>0, :limit_depth=>true, :recv=>true}) :count)) :moderator) :save))
  (send
    (send
      (begin
        (send
          (hole 0 {:hash_depth=>0, :limit_depth=>true, :recv=>true}) :count)) :emails) :primary=
    (hole 0 {:hash_depth=>0, :method_arg=>true}))
  (send
    (send
      (begin
        (send
          (hole 0 {:hash_depth=>0, :limit_depth=>true, :recv=>true}) :count)) :emails) :primary)
  (begin
    (send
      (send
        (begin
          (send
            (hole 0 {:hash_depth=>0, :limit_depth=>true, :recv=>true}) :count)) :emails) :count))
  (begin
    (send
      (send
        (begin
          (send
            (hole 0 {:hash_depth=>0, :limit_depth=>true, :recv=>true}) :count)) :emails) :-
      (hole 0 {:hash_depth=>0, :method_arg=>true})))
  (begin
    (send
      (send
        (begin
          (send
            (hole 0 {:hash_depth=>0, :limit_depth=>true, :recv=>true}) :count)) :emails) :save))
  (send
    (send
      (begin
        (send
          (hole 0 {:hash_depth=>0, :limit_depth=>true, :recv=>true}) :count)) :emails=
      (hole 0 {:hash_depth=>0, :method_arg=>true})) :primary=
    (hole 0 {:hash_depth=>0, :method_arg=>true}))
  (send
    (send
      (begin
        (send
          (hole 0 {:hash_depth=>0, :limit_depth=>true, :recv=>true}) :count)) :emails=
      (hole 0 {:hash_depth=>0, :method_arg=>true})) :primary)
  (begin
    (send
      (send
        (begin
          (send
            (hole 0 {:hash_depth=>0, :limit_depth=>true, :recv=>true}) :count)) :emails=
        (hole 0 {:hash_depth=>0, :method_arg=>true})) :count))
  (begin
    (send
      (send
        (begin
          (send
            (hole 0 {:hash_depth=>0, :limit_depth=>true, :recv=>true}) :count)) :emails=
        (hole 0 {:hash_depth=>0, :method_arg=>true})) :-
      (hole 0 {:hash_depth=>0, :method_arg=>true})))
  (begin
    (send
      (send
        (begin
          (send
            (hole 0 {:hash_depth=>0, :limit_depth=>true, :recv=>true}) :count)) :emails=
        (hole 0 {:hash_depth=>0, :method_arg=>true})) :save))
  (send
    (send
      (begin
        (send
          (hole 0 {:hash_depth=>0, :limit_depth=>true, :recv=>true}) :count)) :email_tokens) :confirmed=
    (hole 0 {:hash_depth=>0, :method_arg=>true}))
  (send
    (send
      (begin
        (send
          (hole 0 {:hash_depth=>0, :limit_depth=>true, :recv=>true}) :count)) :email_tokens) :confirmed)
  (send
    (send
      (begin
        (send
          (hole 0 {:hash_depth=>0, :limit_depth=>true, :recv=>true}) :count)) :email_tokens) :expired=
    (hole 0 {:hash_depth=>0, :method_arg=>true}))
  (send
    (send
      (begin
        (send
          (hole 0 {:hash_depth=>0, :limit_depth=>true, :recv=>true}) :count)) :email_tokens) :expired)
  (begin
    (send
      (send
        (begin
          (send
            (hole 0 {:hash_depth=>0, :limit_depth=>true, :recv=>true}) :count)) :email_tokens) :count))
  (begin
    (send
      (send
        (begin
          (send
            (hole 0 {:hash_depth=>0, :limit_depth=>true, :recv=>true}) :count)) :email_tokens) :-
      (hole 0 {:hash_depth=>0, :method_arg=>true})))
  (begin
    (send
      (send
        (begin
          (send
            (hole 0 {:hash_depth=>0, :limit_depth=>true, :recv=>true}) :count)) :email_tokens) :save))
  (send
    (send
      (begin
        (send
          (hole 0 {:hash_depth=>0, :limit_depth=>true, :recv=>true}) :count)) :email_tokens=
      (hole 0 {:hash_depth=>0, :method_arg=>true})) :confirmed=
    (hole 0 {:hash_depth=>0, :method_arg=>true}))
  (send
    (send
      (begin
        (send
          (hole 0 {:hash_depth=>0, :limit_depth=>true, :recv=>true}) :count)) :email_tokens=
      (hole 0 {:hash_depth=>0, :method_arg=>true})) :confirmed)
  (send
    (send
      (begin
        (send
          (hole 0 {:hash_depth=>0, :limit_depth=>true, :recv=>true}) :count)) :email_tokens=
      (hole 0 {:hash_depth=>0, :method_arg=>true})) :expired=
    (hole 0 {:hash_depth=>0, :method_arg=>true}))
  (send
    (send
      (begin
        (send
          (hole 0 {:hash_depth=>0, :limit_depth=>true, :recv=>true}) :count)) :email_tokens=
      (hole 0 {:hash_depth=>0, :method_arg=>true})) :expired)
  (begin
    (send
      (send
        (begin
          (send
            (hole 0 {:hash_depth=>0, :limit_depth=>true, :recv=>true}) :count)) :email_tokens=
        (hole 0 {:hash_depth=>0, :method_arg=>true})) :count))
  (begin
    (send
      (send
        (begin
          (send
            (hole 0 {:hash_depth=>0, :limit_depth=>true, :recv=>true}) :count)) :email_tokens=
        (hole 0 {:hash_depth=>0, :method_arg=>true})) :-
      (hole 0 {:hash_depth=>0, :method_arg=>true})))
  (begin
    (send
      (send
        (begin
          (send
            (hole 0 {:hash_depth=>0, :limit_depth=>true, :recv=>true}) :count)) :email_tokens=
        (hole 0 {:hash_depth=>0, :method_arg=>true})) :save))
  (begin
    (send
      (begin
        (send
          (begin
            (send
              (hole 0 {:hash_depth=>0, :limit_depth=>true, :recv=>true}) :count)) :-
          (hole 0 {:hash_depth=>0, :method_arg=>true}))) :-
      (hole 0 {:hash_depth=>0, :method_arg=>true})))
  (begin
    (send
      (begin
        (send
          (begin
            (send
              (hole 0 {:hash_depth=>0, :limit_depth=>true, :recv=>true}) :count)) :-
          (hole 0 {:hash_depth=>0, :method_arg=>true}))) :-
      (hole 0 {:hash_depth=>0, :method_arg=>true})))
  (begin
    (send
      (begin
        (send
          (begin
            (send
              (hole 0 {:hash_depth=>0, :limit_depth=>true, :recv=>true}) :count)) :-
          (hole 0 {:hash_depth=>0, :method_arg=>true}))) :-
      (hole 0 {:hash_depth=>0, :method_arg=>true})))
  (begin
    (send
      (begin
        (send
          (begin
            (send
              (hole 0 {:hash_depth=>0, :limit_depth=>true, :recv=>true}) :count)) :-
          (hole 0 {:hash_depth=>0, :method_arg=>true}))) :-
      (hole 0 {:hash_depth=>0, :method_arg=>true})))
  (begin
    (send
      (begin
        (send
          (begin
            (send
              (hole 0 {:hash_depth=>0, :limit_depth=>true, :recv=>true}) :count)) :-
          (hole 0 {:hash_depth=>0, :method_arg=>true}))) :-
      (hole 0 {:hash_depth=>0, :method_arg=>true})))
  (begin
    (send
      (begin
        (send
          (begin
            (send
              (hole 0 {:hash_depth=>0, :limit_depth=>true, :recv=>true}) :count)) :-
          (hole 0 {:hash_depth=>0, :method_arg=>true}))) :-
      (hole 0 {:hash_depth=>0, :method_arg=>true})))
  (begin
    (send
      (begin
        (send
          (begin
            (send
              (hole 0 {:hash_depth=>0, :limit_depth=>true, :recv=>true}) :count)) :-
          (hole 0 {:hash_depth=>0, :method_arg=>true}))) :-
      (hole 0 {:hash_depth=>0, :method_arg=>true})))
  (begin
    (send
      (begin
        (send
          (begin
            (send
              (hole 0 {:hash_depth=>0, :limit_depth=>true, :recv=>true}) :count)) :-
          (hole 0 {:hash_depth=>0, :method_arg=>true}))) :-
      (hole 0 {:hash_depth=>0, :method_arg=>true})))
  (begin
    (send
      (begin
        (send
          (begin
            (send
              (hole 0 {:hash_depth=>0, :limit_depth=>true, :recv=>true}) :count)) :-
          (hole 0 {:hash_depth=>0, :method_arg=>true}))) :-
      (hole 0 {:hash_depth=>0, :method_arg=>true})))
  (begin
    (send
      (begin
        (send
          (begin
            (send
              (hole 0 {:hash_depth=>0, :limit_depth=>true, :recv=>true}) :count)) :-
          (hole 0 {:hash_depth=>0, :method_arg=>true}))) :count))
  (begin
    (send
      (begin
        (send
          (begin
            (send
              (hole 0 {:hash_depth=>0, :limit_depth=>true, :recv=>true}) :count)) :-
          (hole 0 {:hash_depth=>0, :method_arg=>true}))) :count))
  (begin
    (send
      (begin
        (send
          (begin
            (send
              (hole 0 {:hash_depth=>0, :limit_depth=>true, :recv=>true}) :count)) :-
          (hole 0 {:hash_depth=>0, :method_arg=>true}))) :count))
  (begin
    (send
      (begin
        (send
          (begin
            (send
              (hole 0 {:hash_depth=>0, :limit_depth=>true, :recv=>true}) :count)) :-
          (hole 0 {:hash_depth=>0, :method_arg=>true}))) :save))
  (begin
    (send
      (begin
        (send
          (begin
            (send
              (hole 0 {:hash_depth=>0, :limit_depth=>true, :recv=>true}) :count)) :-
          (hole 0 {:hash_depth=>0, :method_arg=>true}))) :save))
  (begin
    (send
      (begin
        (send
          (begin
            (send
              (hole 0 {:hash_depth=>0, :limit_depth=>true, :recv=>true}) :count)) :-
          (hole 0 {:hash_depth=>0, :method_arg=>true}))) :save))
  (send
    (begin
      (send
        (begin
          (send
            (hole 0 {:hash_depth=>0, :limit_depth=>true, :recv=>true}) :count)) :-
        (hole 0 {:hash_depth=>0, :method_arg=>true}))) :confirmed=
    (hole 0 {:hash_depth=>0, :method_arg=>true}))
  (send
    (begin
      (send
        (begin
          (send
            (hole 0 {:hash_depth=>0, :limit_depth=>true, :recv=>true}) :count)) :-
        (hole 0 {:hash_depth=>0, :method_arg=>true}))) :confirmed=
    (hole 0 {:hash_depth=>0, :method_arg=>true}))
  (send
    (begin
      (send
        (begin
          (send
            (hole 0 {:hash_depth=>0, :limit_depth=>true, :recv=>true}) :count)) :-
        (hole 0 {:hash_depth=>0, :method_arg=>true}))) :confirmed=
    (hole 0 {:hash_depth=>0, :method_arg=>true}))
  (send
    (begin
      (send
        (begin
          (send
            (hole 0 {:hash_depth=>0, :limit_depth=>true, :recv=>true}) :count)) :-
        (hole 0 {:hash_depth=>0, :method_arg=>true}))) :confirmed)
  (send
    (begin
      (send
        (begin
          (send
            (hole 0 {:hash_depth=>0, :limit_depth=>true, :recv=>true}) :count)) :-
        (hole 0 {:hash_depth=>0, :method_arg=>true}))) :confirmed)
  (send
    (begin
      (send
        (begin
          (send
            (hole 0 {:hash_depth=>0, :limit_depth=>true, :recv=>true}) :count)) :-
        (hole 0 {:hash_depth=>0, :method_arg=>true}))) :confirmed)
  (send
    (begin
      (send
        (begin
          (send
            (hole 0 {:hash_depth=>0, :limit_depth=>true, :recv=>true}) :count)) :-
        (hole 0 {:hash_depth=>0, :method_arg=>true}))) :expired=
    (hole 0 {:hash_depth=>0, :method_arg=>true}))
  (send
    (begin
      (send
        (begin
          (send
            (hole 0 {:hash_depth=>0, :limit_depth=>true, :recv=>true}) :count)) :-
        (hole 0 {:hash_depth=>0, :method_arg=>true}))) :expired=
    (hole 0 {:hash_depth=>0, :method_arg=>true}))
  (send
    (begin
      (send
        (begin
          (send
            (hole 0 {:hash_depth=>0, :limit_depth=>true, :recv=>true}) :count)) :-
        (hole 0 {:hash_depth=>0, :method_arg=>true}))) :expired=
    (hole 0 {:hash_depth=>0, :method_arg=>true}))
  (send
    (begin
      (send
        (begin
          (send
            (hole 0 {:hash_depth=>0, :limit_depth=>true, :recv=>true}) :count)) :-
        (hole 0 {:hash_depth=>0, :method_arg=>true}))) :expired)
  (send
    (begin
      (send
        (begin
          (send
            (hole 0 {:hash_depth=>0, :limit_depth=>true, :recv=>true}) :count)) :-
        (hole 0 {:hash_depth=>0, :method_arg=>true}))) :expired)
  (send
    (begin
      (send
        (begin
          (send
            (hole 0 {:hash_depth=>0, :limit_depth=>true, :recv=>true}) :count)) :-
        (hole 0 {:hash_depth=>0, :method_arg=>true}))) :expired)
  (send
    (begin
      (send
        (begin
          (send
            (hole 0 {:hash_depth=>0, :limit_depth=>true, :recv=>true}) :count)) :-
        (hole 0 {:hash_depth=>0, :method_arg=>true}))) :discoverable=
    (hole 0 {:hash_depth=>0, :method_arg=>true}))
  (send
    (begin
      (send
        (begin
          (send
            (hole 0 {:hash_depth=>0, :limit_depth=>true, :recv=>true}) :count)) :-
        (hole 0 {:hash_depth=>0, :method_arg=>true}))) :discoverable=
    (hole 0 {:hash_depth=>0, :method_arg=>true}))
  (send
    (begin
      (send
        (begin
          (send
            (hole 0 {:hash_depth=>0, :limit_depth=>true, :recv=>true}) :count)) :-
        (hole 0 {:hash_depth=>0, :method_arg=>true}))) :discoverable=
    (hole 0 {:hash_depth=>0, :method_arg=>true}))
  (send
    (begin
      (send
        (begin
          (send
            (hole 0 {:hash_depth=>0, :limit_depth=>true, :recv=>true}) :count)) :-
        (hole 0 {:hash_depth=>0, :method_arg=>true}))) :discoverable)
  (send
    (begin
      (send
        (begin
          (send
            (hole 0 {:hash_depth=>0, :limit_depth=>true, :recv=>true}) :count)) :-
        (hole 0 {:hash_depth=>0, :method_arg=>true}))) :discoverable)
  (send
    (begin
      (send
        (begin
          (send
            (hole 0 {:hash_depth=>0, :limit_depth=>true, :recv=>true}) :count)) :-
        (hole 0 {:hash_depth=>0, :method_arg=>true}))) :discoverable)
  (send
    (begin
      (send
        (begin
          (send
            (hole 0 {:hash_depth=>0, :limit_depth=>true, :recv=>true}) :count)) :-
        (hole 0 {:hash_depth=>0, :method_arg=>true}))) :scheduled_check=
    (hole 0 {:hash_depth=>0, :method_arg=>true}))
  (send
    (begin
      (send
        (begin
          (send
            (hole 0 {:hash_depth=>0, :limit_depth=>true, :recv=>true}) :count)) :-
        (hole 0 {:hash_depth=>0, :method_arg=>true}))) :scheduled_check=
    (hole 0 {:hash_depth=>0, :method_arg=>true}))
  (send
    (begin
      (send
        (begin
          (send
            (hole 0 {:hash_depth=>0, :limit_depth=>true, :recv=>true}) :count)) :-
        (hole 0 {:hash_depth=>0, :method_arg=>true}))) :scheduled_check=
    (hole 0 {:hash_depth=>0, :method_arg=>true}))
  (send
    (begin
      (send
        (begin
          (send
            (hole 0 {:hash_depth=>0, :limit_depth=>true, :recv=>true}) :count)) :-
        (hole 0 {:hash_depth=>0, :method_arg=>true}))) :scheduled_check)
  (send
    (begin
      (send
        (begin
          (send
            (hole 0 {:hash_depth=>0, :limit_depth=>true, :recv=>true}) :count)) :-
        (hole 0 {:hash_depth=>0, :method_arg=>true}))) :scheduled_check)
  (send
    (begin
      (send
        (begin
          (send
            (hole 0 {:hash_depth=>0, :limit_depth=>true, :recv=>true}) :count)) :-
        (hole 0 {:hash_depth=>0, :method_arg=>true}))) :scheduled_check)
  (send
    (begin
      (send
        (begin
          (send
            (hole 0 {:hash_depth=>0, :limit_depth=>true, :recv=>true}) :count)) :-
        (hole 0 {:hash_depth=>0, :method_arg=>true}))) :otp_required_for_login=
    (hole 0 {:hash_depth=>0, :method_arg=>true}))
  (send
    (begin
      (send
        (begin
          (send
            (hole 0 {:hash_depth=>0, :limit_depth=>true, :recv=>true}) :count)) :-
        (hole 0 {:hash_depth=>0, :method_arg=>true}))) :otp_required_for_login=
    (hole 0 {:hash_depth=>0, :method_arg=>true}))
  (send
    (begin
      (send
        (begin
          (send
            (hole 0 {:hash_depth=>0, :limit_depth=>true, :recv=>true}) :count)) :-
        (hole 0 {:hash_depth=>0, :method_arg=>true}))) :otp_required_for_login=
    (hole 0 {:hash_depth=>0, :method_arg=>true}))
  (send
    (begin
      (send
        (begin
          (send
            (hole 0 {:hash_depth=>0, :limit_depth=>true, :recv=>true}) :count)) :-
        (hole 0 {:hash_depth=>0, :method_arg=>true}))) :otp_required_for_login)
  (send
    (begin
      (send
        (begin
          (send
            (hole 0 {:hash_depth=>0, :limit_depth=>true, :recv=>true}) :count)) :-
        (hole 0 {:hash_depth=>0, :method_arg=>true}))) :otp_required_for_login)
  (send
    (begin
      (send
        (begin
          (send
            (hole 0 {:hash_depth=>0, :limit_depth=>true, :recv=>true}) :count)) :-
        (hole 0 {:hash_depth=>0, :method_arg=>true}))) :otp_required_for_login)
  (send
    (begin
      (send
        (begin
          (send
            (hole 0 {:hash_depth=>0, :limit_depth=>true, :recv=>true}) :count)) :-
        (hole 0 {:hash_depth=>0, :method_arg=>true}))) :admin=
    (hole 0 {:hash_depth=>0, :method_arg=>true}))
  (send
    (begin
      (send
        (begin
          (send
            (hole 0 {:hash_depth=>0, :limit_depth=>true, :recv=>true}) :count)) :-
        (hole 0 {:hash_depth=>0, :method_arg=>true}))) :admin=
    (hole 0 {:hash_depth=>0, :method_arg=>true}))
  (send
    (begin
      (send
        (begin
          (send
            (hole 0 {:hash_depth=>0, :limit_depth=>true, :recv=>true}) :count)) :-
        (hole 0 {:hash_depth=>0, :method_arg=>true}))) :admin=
    (hole 0 {:hash_depth=>0, :method_arg=>true}))
  (send
    (begin
      (send
        (begin
          (send
            (hole 0 {:hash_depth=>0, :limit_depth=>true, :recv=>true}) :count)) :-
        (hole 0 {:hash_depth=>0, :method_arg=>true}))) :admin)
  (send
    (begin
      (send
        (begin
          (send
            (hole 0 {:hash_depth=>0, :limit_depth=>true, :recv=>true}) :count)) :-
        (hole 0 {:hash_depth=>0, :method_arg=>true}))) :admin)
  (send
    (begin
      (send
        (begin
          (send
            (hole 0 {:hash_depth=>0, :limit_depth=>true, :recv=>true}) :count)) :-
        (hole 0 {:hash_depth=>0, :method_arg=>true}))) :admin)
  (send
    (begin
      (send
        (begin
          (send
            (hole 0 {:hash_depth=>0, :limit_depth=>true, :recv=>true}) :count)) :-
        (hole 0 {:hash_depth=>0, :method_arg=>true}))) :staged=
    (hole 0 {:hash_depth=>0, :method_arg=>true}))
  (send
    (begin
      (send
        (begin
          (send
            (hole 0 {:hash_depth=>0, :limit_depth=>true, :recv=>true}) :count)) :-
        (hole 0 {:hash_depth=>0, :method_arg=>true}))) :staged=
    (hole 0 {:hash_depth=>0, :method_arg=>true}))
  (send
    (begin
      (send
        (begin
          (send
            (hole 0 {:hash_depth=>0, :limit_depth=>true, :recv=>true}) :count)) :-
        (hole 0 {:hash_depth=>0, :method_arg=>true}))) :staged=
    (hole 0 {:hash_depth=>0, :method_arg=>true}))
  (send
    (begin
      (send
        (begin
          (send
            (hole 0 {:hash_depth=>0, :limit_depth=>true, :recv=>true}) :count)) :-
        (hole 0 {:hash_depth=>0, :method_arg=>true}))) :staged)
  (send
    (begin
      (send
        (begin
          (send
            (hole 0 {:hash_depth=>0, :limit_depth=>true, :recv=>true}) :count)) :-
        (hole 0 {:hash_depth=>0, :method_arg=>true}))) :staged)
  (send
    (begin
      (send
        (begin
          (send
            (hole 0 {:hash_depth=>0, :limit_depth=>true, :recv=>true}) :count)) :-
        (hole 0 {:hash_depth=>0, :method_arg=>true}))) :staged)
  (send
    (begin
      (send
        (begin
          (send
            (hole 0 {:hash_depth=>0, :limit_depth=>true, :recv=>true}) :count)) :-
        (hole 0 {:hash_depth=>0, :method_arg=>true}))) :active=
    (hole 0 {:hash_depth=>0, :method_arg=>true}))
  (send
    (begin
      (send
        (begin
          (send
            (hole 0 {:hash_depth=>0, :limit_depth=>true, :recv=>true}) :count)) :-
        (hole 0 {:hash_depth=>0, :method_arg=>true}))) :active=
    (hole 0 {:hash_depth=>0, :method_arg=>true}))
  (send
    (begin
      (send
        (begin
          (send
            (hole 0 {:hash_depth=>0, :limit_depth=>true, :recv=>true}) :count)) :-
        (hole 0 {:hash_depth=>0, :method_arg=>true}))) :active=
    (hole 0 {:hash_depth=>0, :method_arg=>true}))
  (send
    (begin
      (send
        (begin
          (send
            (hole 0 {:hash_depth=>0, :limit_depth=>true, :recv=>true}) :count)) :-
        (hole 0 {:hash_depth=>0, :method_arg=>true}))) :active)
  (send
    (begin
      (send
        (begin
          (send
            (hole 0 {:hash_depth=>0, :limit_depth=>true, :recv=>true}) :count)) :-
        (hole 0 {:hash_depth=>0, :method_arg=>true}))) :active)
  (send
    (begin
      (send
        (begin
          (send
            (hole 0 {:hash_depth=>0, :limit_depth=>true, :recv=>true}) :count)) :-
        (hole 0 {:hash_depth=>0, :method_arg=>true}))) :active)
  (send
    (begin
      (send
        (begin
          (send
            (hole 0 {:hash_depth=>0, :limit_depth=>true, :recv=>true}) :count)) :-
        (hole 0 {:hash_depth=>0, :method_arg=>true}))) :primary=
    (hole 0 {:hash_depth=>0, :method_arg=>true}))
  (send
    (begin
      (send
        (begin
          (send
            (hole 0 {:hash_depth=>0, :limit_depth=>true, :recv=>true}) :count)) :-
        (hole 0 {:hash_depth=>0, :method_arg=>true}))) :primary=
    (hole 0 {:hash_depth=>0, :method_arg=>true}))
  (send
    (begin
      (send
        (begin
          (send
            (hole 0 {:hash_depth=>0, :limit_depth=>true, :recv=>true}) :count)) :-
        (hole 0 {:hash_depth=>0, :method_arg=>true}))) :primary=
    (hole 0 {:hash_depth=>0, :method_arg=>true}))
  (send
    (begin
      (send
        (begin
          (send
            (hole 0 {:hash_depth=>0, :limit_depth=>true, :recv=>true}) :count)) :-
        (hole 0 {:hash_depth=>0, :method_arg=>true}))) :primary)
  (send
    (begin
      (send
        (begin
          (send
            (hole 0 {:hash_depth=>0, :limit_depth=>true, :recv=>true}) :count)) :-
        (hole 0 {:hash_depth=>0, :method_arg=>true}))) :primary)
  (send
    (begin
      (send
        (begin
          (send
            (hole 0 {:hash_depth=>0, :limit_depth=>true, :recv=>true}) :count)) :-
        (hole 0 {:hash_depth=>0, :method_arg=>true}))) :primary)
  (send
    (begin
      (send
        (begin
          (send
            (hole 0 {:hash_depth=>0, :limit_depth=>true, :recv=>true}) :count)) :-
        (hole 0 {:hash_depth=>0, :method_arg=>true}))) :moderator=
    (hole 0 {:hash_depth=>0, :method_arg=>true}))
  (send
    (begin
      (send
        (begin
          (send
            (hole 0 {:hash_depth=>0, :limit_depth=>true, :recv=>true}) :count)) :-
        (hole 0 {:hash_depth=>0, :method_arg=>true}))) :moderator=
    (hole 0 {:hash_depth=>0, :method_arg=>true}))
  (send
    (begin
      (send
        (begin
          (send
            (hole 0 {:hash_depth=>0, :limit_depth=>true, :recv=>true}) :count)) :-
        (hole 0 {:hash_depth=>0, :method_arg=>true}))) :moderator=
    (hole 0 {:hash_depth=>0, :method_arg=>true}))
  (send
    (begin
      (send
        (begin
          (send
            (hole 0 {:hash_depth=>0, :limit_depth=>true, :recv=>true}) :count)) :-
        (hole 0 {:hash_depth=>0, :method_arg=>true}))) :moderator)
  (send
    (begin
      (send
        (begin
          (send
            (hole 0 {:hash_depth=>0, :limit_depth=>true, :recv=>true}) :count)) :-
        (hole 0 {:hash_depth=>0, :method_arg=>true}))) :moderator)
  (send
    (begin
      (send
        (begin
          (send
            (hole 0 {:hash_depth=>0, :limit_depth=>true, :recv=>true}) :count)) :-
        (hole 0 {:hash_depth=>0, :method_arg=>true}))) :moderator)
  (begin
    (send
      (begin
        (send
          (begin
            (send
              (hole 0 {:hash_depth=>0, :limit_depth=>true, :recv=>true}) :count)) :-
          (hole 0 {:hash_depth=>0, :method_arg=>true}))) :-
      (hole 0 {:hash_depth=>0, :method_arg=>true})))
  (begin
    (send
      (begin
        (send
          (begin
            (send
              (hole 0 {:hash_depth=>0, :limit_depth=>true, :recv=>true}) :count)) :-
          (hole 0 {:hash_depth=>0, :method_arg=>true}))) :-
      (hole 0 {:hash_depth=>0, :method_arg=>true})))
  (begin
    (send
      (begin
        (send
          (begin
            (send
              (hole 0 {:hash_depth=>0, :limit_depth=>true, :recv=>true}) :count)) :-
          (hole 0 {:hash_depth=>0, :method_arg=>true}))) :-
      (hole 0 {:hash_depth=>0, :method_arg=>true})))
  (begin
    (send
      (begin
        (send
          (begin
            (send
              (hole 0 {:hash_depth=>0, :limit_depth=>true, :recv=>true}) :count)) :-
          (hole 0 {:hash_depth=>0, :method_arg=>true}))) :-
      (hole 0 {:hash_depth=>0, :method_arg=>true})))
  (begin
    (send
      (begin
        (send
          (begin
            (send
              (hole 0 {:hash_depth=>0, :limit_depth=>true, :recv=>true}) :count)) :-
          (hole 0 {:hash_depth=>0, :method_arg=>true}))) :-
      (hole 0 {:hash_depth=>0, :method_arg=>true})))
  (begin
    (send
      (begin
        (send
          (begin
            (send
              (hole 0 {:hash_depth=>0, :limit_depth=>true, :recv=>true}) :count)) :-
          (hole 0 {:hash_depth=>0, :method_arg=>true}))) :-
      (hole 0 {:hash_depth=>0, :method_arg=>true})))
  (begin
    (send
      (begin
        (send
          (begin
            (send
              (hole 0 {:hash_depth=>0, :limit_depth=>true, :recv=>true}) :count)) :-
          (hole 0 {:hash_depth=>0, :method_arg=>true}))) :-
      (hole 0 {:hash_depth=>0, :method_arg=>true})))
  (begin
    (send
      (begin
        (send
          (begin
            (send
              (hole 0 {:hash_depth=>0, :limit_depth=>true, :recv=>true}) :count)) :-
          (hole 0 {:hash_depth=>0, :method_arg=>true}))) :-
      (hole 0 {:hash_depth=>0, :method_arg=>true})))
  (begin
    (send
      (begin
        (send
          (begin
            (send
              (hole 0 {:hash_depth=>0, :limit_depth=>true, :recv=>true}) :count)) :-
          (hole 0 {:hash_depth=>0, :method_arg=>true}))) :-
      (hole 0 {:hash_depth=>0, :method_arg=>true})))
  (begin
    (send
      (begin
        (send
          (begin
            (send
              (hole 0 {:hash_depth=>0, :limit_depth=>true, :recv=>true}) :count)) :-
          (hole 0 {:hash_depth=>0, :method_arg=>true}))) :save))
  (begin
    (send
      (begin
        (send
          (begin
            (send
              (hole 0 {:hash_depth=>0, :limit_depth=>true, :recv=>true}) :count)) :-
          (hole 0 {:hash_depth=>0, :method_arg=>true}))) :save))
  (begin
    (send
      (begin
        (send
          (begin
            (send
              (hole 0 {:hash_depth=>0, :limit_depth=>true, :recv=>true}) :count)) :-
          (hole 0 {:hash_depth=>0, :method_arg=>true}))) :save))
  (begin
    (send
      (begin
        (send
          (begin
            (send
              (hole 0 {:hash_depth=>0, :limit_depth=>true, :recv=>true}) :count)) :save)) :count))
  (begin
    (send
      (begin
        (send
          (begin
            (send
              (hole 0 {:hash_depth=>0, :limit_depth=>true, :recv=>true}) :count)) :save)) :-
      (hole 0 {:hash_depth=>0, :method_arg=>true})))
  (begin
    (send
      (begin
        (send
          (begin
            (send
              (hole 0 {:hash_depth=>0, :limit_depth=>true, :recv=>true}) :count)) :save)) :save))
  (begin
    (send
      (send
        (begin
          (begin
            (send
              (hole 0 {:hash_depth=>0, :limit_depth=>true, :recv=>true}) :count))) :!) :count))
  (begin
    (send
      (send
        (begin
          (begin
            (send
              (hole 0 {:hash_depth=>0, :limit_depth=>true, :recv=>true}) :count))) :!) :-
      (hole 0 {:hash_depth=>0, :method_arg=>true})))
  (begin
    (send
      (send
        (begin
          (begin
            (send
              (hole 0 {:hash_depth=>0, :limit_depth=>true, :recv=>true}) :count))) :!) :save))
  (begin
    (send
      (send
        (begin
          (send
            (hole 0 {:hash_depth=>0, :limit_depth=>true, :recv=>true}) :-
            (hole 0 {:hash_depth=>0, :method_arg=>true}))) :id=
        (hole 0 {:hash_depth=>0, :method_arg=>true})) :-
      (hole 0 {:hash_depth=>0, :method_arg=>true})))
  (begin
    (send
      (send
        (begin
          (send
            (hole 0 {:hash_depth=>0, :limit_depth=>true, :recv=>true}) :-
            (hole 0 {:hash_depth=>0, :method_arg=>true}))) :id=
        (hole 0 {:hash_depth=>0, :method_arg=>true})) :-
      (hole 0 {:hash_depth=>0, :method_arg=>true})))
  (begin
    (send
      (send
        (begin
          (send
            (hole 0 {:hash_depth=>0, :limit_depth=>true, :recv=>true}) :-
            (hole 0 {:hash_depth=>0, :method_arg=>true}))) :id=
        (hole 0 {:hash_depth=>0, :method_arg=>true})) :-
      (hole 0 {:hash_depth=>0, :method_arg=>true})))
  (begin
    (send
      (send
        (begin
          (send
            (hole 0 {:hash_depth=>0, :limit_depth=>true, :recv=>true}) :-
            (hole 0 {:hash_depth=>0, :method_arg=>true}))) :id=
        (hole 0 {:hash_depth=>0, :method_arg=>true})) :count))
  (begin
    (send
      (send
        (begin
          (send
            (hole 0 {:hash_depth=>0, :limit_depth=>true, :recv=>true}) :-
            (hole 0 {:hash_depth=>0, :method_arg=>true}))) :id=
        (hole 0 {:hash_depth=>0, :method_arg=>true})) :save))
  (begin
    (send
      (send
        (begin
          (send
            (hole 0 {:hash_depth=>0, :limit_depth=>true, :recv=>true}) :-
            (hole 0 {:hash_depth=>0, :method_arg=>true}))) :id) :-
      (hole 0 {:hash_depth=>0, :method_arg=>true})))
  (begin
    (send
      (send
        (begin
          (send
            (hole 0 {:hash_depth=>0, :limit_depth=>true, :recv=>true}) :-
            (hole 0 {:hash_depth=>0, :method_arg=>true}))) :id) :-
      (hole 0 {:hash_depth=>0, :method_arg=>true})))
  (begin
    (send
      (send
        (begin
          (send
            (hole 0 {:hash_depth=>0, :limit_depth=>true, :recv=>true}) :-
            (hole 0 {:hash_depth=>0, :method_arg=>true}))) :id) :-
      (hole 0 {:hash_depth=>0, :method_arg=>true})))
  (begin
    (send
      (send
        (begin
          (send
            (hole 0 {:hash_depth=>0, :limit_depth=>true, :recv=>true}) :-
            (hole 0 {:hash_depth=>0, :method_arg=>true}))) :id) :count))
  (begin
    (send
      (send
        (begin
          (send
            (hole 0 {:hash_depth=>0, :limit_depth=>true, :recv=>true}) :-
            (hole 0 {:hash_depth=>0, :method_arg=>true}))) :id) :save))
  (begin
    (send
      (send
        (begin
          (send
            (hole 0 {:hash_depth=>0, :limit_depth=>true, :recv=>true}) :-
            (hole 0 {:hash_depth=>0, :method_arg=>true}))) :email=
        (hole 0 {:hash_depth=>0, :method_arg=>true})) :count))
  (begin
    (send
      (send
        (begin
          (send
            (hole 0 {:hash_depth=>0, :limit_depth=>true, :recv=>true}) :-
            (hole 0 {:hash_depth=>0, :method_arg=>true}))) :email=
        (hole 0 {:hash_depth=>0, :method_arg=>true})) :-
      (hole 0 {:hash_depth=>0, :method_arg=>true})))
  (begin
    (send
      (send
        (begin
          (send
            (hole 0 {:hash_depth=>0, :limit_depth=>true, :recv=>true}) :-
            (hole 0 {:hash_depth=>0, :method_arg=>true}))) :email=
        (hole 0 {:hash_depth=>0, :method_arg=>true})) :save))
  (begin
    (send
      (send
        (begin
          (send
            (hole 0 {:hash_depth=>0, :limit_depth=>true, :recv=>true}) :-
            (hole 0 {:hash_depth=>0, :method_arg=>true}))) :email) :count))
  (begin
    (send
      (send
        (begin
          (send
            (hole 0 {:hash_depth=>0, :limit_depth=>true, :recv=>true}) :-
            (hole 0 {:hash_depth=>0, :method_arg=>true}))) :email) :-
      (hole 0 {:hash_depth=>0, :method_arg=>true})))
  (begin
    (send
      (send
        (begin
          (send
            (hole 0 {:hash_depth=>0, :limit_depth=>true, :recv=>true}) :-
            (hole 0 {:hash_depth=>0, :method_arg=>true}))) :email) :save))
  (begin
    (send
      (send
        (begin
          (send
            (hole 0 {:hash_depth=>0, :limit_depth=>true, :recv=>true}) :-
            (hole 0 {:hash_depth=>0, :method_arg=>true}))) :token=
        (hole 0 {:hash_depth=>0, :method_arg=>true})) :count))
  (begin
    (send
      (send
        (begin
          (send
            (hole 0 {:hash_depth=>0, :limit_depth=>true, :recv=>true}) :-
            (hole 0 {:hash_depth=>0, :method_arg=>true}))) :token=
        (hole 0 {:hash_depth=>0, :method_arg=>true})) :-
      (hole 0 {:hash_depth=>0, :method_arg=>true})))
  (begin
    (send
      (send
        (begin
          (send
            (hole 0 {:hash_depth=>0, :limit_depth=>true, :recv=>true}) :-
            (hole 0 {:hash_depth=>0, :method_arg=>true}))) :token=
        (hole 0 {:hash_depth=>0, :method_arg=>true})) :save))
  (begin
    (send
      (send
        (begin
          (send
            (hole 0 {:hash_depth=>0, :limit_depth=>true, :recv=>true}) :-
            (hole 0 {:hash_depth=>0, :method_arg=>true}))) :token) :count))
  (begin
    (send
      (send
        (begin
          (send
            (hole 0 {:hash_depth=>0, :limit_depth=>true, :recv=>true}) :-
            (hole 0 {:hash_depth=>0, :method_arg=>true}))) :token) :-
      (hole 0 {:hash_depth=>0, :method_arg=>true})))
  (begin
    (send
      (send
        (begin
          (send
            (hole 0 {:hash_depth=>0, :limit_depth=>true, :recv=>true}) :-
            (hole 0 {:hash_depth=>0, :method_arg=>true}))) :token) :save))
  (begin
    (send
      (send
        (begin
          (send
            (hole 0 {:hash_depth=>0, :limit_depth=>true, :recv=>true}) :-
            (hole 0 {:hash_depth=>0, :method_arg=>true}))) :confirmed=
        (hole 0 {:hash_depth=>0, :method_arg=>true})) :count))
  (begin
    (send
      (send
        (begin
          (send
            (hole 0 {:hash_depth=>0, :limit_depth=>true, :recv=>true}) :-
            (hole 0 {:hash_depth=>0, :method_arg=>true}))) :confirmed=
        (hole 0 {:hash_depth=>0, :method_arg=>true})) :-
      (hole 0 {:hash_depth=>0, :method_arg=>true})))
  (begin
    (send
      (send
        (begin
          (send
            (hole 0 {:hash_depth=>0, :limit_depth=>true, :recv=>true}) :-
            (hole 0 {:hash_depth=>0, :method_arg=>true}))) :confirmed=
        (hole 0 {:hash_depth=>0, :method_arg=>true})) :save))
  (begin
    (send
      (send
        (begin
          (send
            (hole 0 {:hash_depth=>0, :limit_depth=>true, :recv=>true}) :-
            (hole 0 {:hash_depth=>0, :method_arg=>true}))) :confirmed) :count))
  (begin
    (send
      (send
        (begin
          (send
            (hole 0 {:hash_depth=>0, :limit_depth=>true, :recv=>true}) :-
            (hole 0 {:hash_depth=>0, :method_arg=>true}))) :confirmed) :-
      (hole 0 {:hash_depth=>0, :method_arg=>true})))
  (begin
    (send
      (send
        (begin
          (send
            (hole 0 {:hash_depth=>0, :limit_depth=>true, :recv=>true}) :-
            (hole 0 {:hash_depth=>0, :method_arg=>true}))) :confirmed) :save))
  (begin
    (send
      (send
        (begin
          (send
            (hole 0 {:hash_depth=>0, :limit_depth=>true, :recv=>true}) :-
            (hole 0 {:hash_depth=>0, :method_arg=>true}))) :expired=
        (hole 0 {:hash_depth=>0, :method_arg=>true})) :count))
  (begin
    (send
      (send
        (begin
          (send
            (hole 0 {:hash_depth=>0, :limit_depth=>true, :recv=>true}) :-
            (hole 0 {:hash_depth=>0, :method_arg=>true}))) :expired=
        (hole 0 {:hash_depth=>0, :method_arg=>true})) :-
      (hole 0 {:hash_depth=>0, :method_arg=>true})))
  (begin
    (send
      (send
        (begin
          (send
            (hole 0 {:hash_depth=>0, :limit_depth=>true, :recv=>true}) :-
            (hole 0 {:hash_depth=>0, :method_arg=>true}))) :expired=
        (hole 0 {:hash_depth=>0, :method_arg=>true})) :save))
  (begin
    (send
      (send
        (begin
          (send
            (hole 0 {:hash_depth=>0, :limit_depth=>true, :recv=>true}) :-
            (hole 0 {:hash_depth=>0, :method_arg=>true}))) :expired) :count))
  (begin
    (send
      (send
        (begin
          (send
            (hole 0 {:hash_depth=>0, :limit_depth=>true, :recv=>true}) :-
            (hole 0 {:hash_depth=>0, :method_arg=>true}))) :expired) :-
      (hole 0 {:hash_depth=>0, :method_arg=>true})))
  (begin
    (send
      (send
        (begin
          (send
            (hole 0 {:hash_depth=>0, :limit_depth=>true, :recv=>true}) :-
            (hole 0 {:hash_depth=>0, :method_arg=>true}))) :expired) :save))
  (begin
    (send
      (send
        (begin
          (send
            (hole 0 {:hash_depth=>0, :limit_depth=>true, :recv=>true}) :-
            (hole 0 {:hash_depth=>0, :method_arg=>true}))) :user_id=
        (hole 0 {:hash_depth=>0, :method_arg=>true})) :-
      (hole 0 {:hash_depth=>0, :method_arg=>true})))
  (begin
    (send
      (send
        (begin
          (send
            (hole 0 {:hash_depth=>0, :limit_depth=>true, :recv=>true}) :-
            (hole 0 {:hash_depth=>0, :method_arg=>true}))) :user_id=
        (hole 0 {:hash_depth=>0, :method_arg=>true})) :-
      (hole 0 {:hash_depth=>0, :method_arg=>true})))
  (begin
    (send
      (send
        (begin
          (send
            (hole 0 {:hash_depth=>0, :limit_depth=>true, :recv=>true}) :-
            (hole 0 {:hash_depth=>0, :method_arg=>true}))) :user_id=
        (hole 0 {:hash_depth=>0, :method_arg=>true})) :-
      (hole 0 {:hash_depth=>0, :method_arg=>true})))
  (begin
    (send
      (send
        (begin
          (send
            (hole 0 {:hash_depth=>0, :limit_depth=>true, :recv=>true}) :-
            (hole 0 {:hash_depth=>0, :method_arg=>true}))) :user_id=
        (hole 0 {:hash_depth=>0, :method_arg=>true})) :count))
  (begin
    (send
      (send
        (begin
          (send
            (hole 0 {:hash_depth=>0, :limit_depth=>true, :recv=>true}) :-
            (hole 0 {:hash_depth=>0, :method_arg=>true}))) :user_id=
        (hole 0 {:hash_depth=>0, :method_arg=>true})) :save))
  (begin
    (send
      (send
        (begin
          (send
            (hole 0 {:hash_depth=>0, :limit_depth=>true, :recv=>true}) :-
            (hole 0 {:hash_depth=>0, :method_arg=>true}))) :user_id) :-
      (hole 0 {:hash_depth=>0, :method_arg=>true})))
  (begin
    (send
      (send
        (begin
          (send
            (hole 0 {:hash_depth=>0, :limit_depth=>true, :recv=>true}) :-
            (hole 0 {:hash_depth=>0, :method_arg=>true}))) :user_id) :-
      (hole 0 {:hash_depth=>0, :method_arg=>true})))
  (begin
    (send
      (send
        (begin
          (send
            (hole 0 {:hash_depth=>0, :limit_depth=>true, :recv=>true}) :-
            (hole 0 {:hash_depth=>0, :method_arg=>true}))) :user_id) :-
      (hole 0 {:hash_depth=>0, :method_arg=>true})))
  (begin
    (send
      (send
        (begin
          (send
            (hole 0 {:hash_depth=>0, :limit_depth=>true, :recv=>true}) :-
            (hole 0 {:hash_depth=>0, :method_arg=>true}))) :user_id) :count))
  (begin
    (send
      (send
        (begin
          (send
            (hole 0 {:hash_depth=>0, :limit_depth=>true, :recv=>true}) :-
            (hole 0 {:hash_depth=>0, :method_arg=>true}))) :user_id) :save))
  (send
    (send
      (begin
        (send
          (hole 0 {:hash_depth=>0, :limit_depth=>true, :recv=>true}) :-
          (hole 0 {:hash_depth=>0, :method_arg=>true}))) :user) :staged=
    (hole 0 {:hash_depth=>0, :method_arg=>true}))
  (send
    (send
      (begin
        (send
          (hole 0 {:hash_depth=>0, :limit_depth=>true, :recv=>true}) :-
          (hole 0 {:hash_depth=>0, :method_arg=>true}))) :user) :staged)
  (send
    (send
      (begin
        (send
          (hole 0 {:hash_depth=>0, :limit_depth=>true, :recv=>true}) :-
          (hole 0 {:hash_depth=>0, :method_arg=>true}))) :user) :active=
    (hole 0 {:hash_depth=>0, :method_arg=>true}))
  (send
    (send
      (begin
        (send
          (hole 0 {:hash_depth=>0, :limit_depth=>true, :recv=>true}) :-
          (hole 0 {:hash_depth=>0, :method_arg=>true}))) :user) :active)
  (send
    (send
      (begin
        (send
          (hole 0 {:hash_depth=>0, :limit_depth=>true, :recv=>true}) :-
          (hole 0 {:hash_depth=>0, :method_arg=>true}))) :user) :admin=
    (hole 0 {:hash_depth=>0, :method_arg=>true}))
  (send
    (send
      (begin
        (send
          (hole 0 {:hash_depth=>0, :limit_depth=>true, :recv=>true}) :-
          (hole 0 {:hash_depth=>0, :method_arg=>true}))) :user) :admin)
  (send
    (send
      (begin
        (send
          (hole 0 {:hash_depth=>0, :limit_depth=>true, :recv=>true}) :-
          (hole 0 {:hash_depth=>0, :method_arg=>true}))) :user) :moderator=
    (hole 0 {:hash_depth=>0, :method_arg=>true}))
  (send
    (send
      (begin
        (send
          (hole 0 {:hash_depth=>0, :limit_depth=>true, :recv=>true}) :-
          (hole 0 {:hash_depth=>0, :method_arg=>true}))) :user) :moderator)
  (begin
    (send
      (send
        (begin
          (send
            (hole 0 {:hash_depth=>0, :limit_depth=>true, :recv=>true}) :-
            (hole 0 {:hash_depth=>0, :method_arg=>true}))) :user) :count))
  (begin
    (send
      (send
        (begin
          (send
            (hole 0 {:hash_depth=>0, :limit_depth=>true, :recv=>true}) :-
            (hole 0 {:hash_depth=>0, :method_arg=>true}))) :user) :-
      (hole 0 {:hash_depth=>0, :method_arg=>true})))
  (begin
    (send
      (send
        (begin
          (send
            (hole 0 {:hash_depth=>0, :limit_depth=>true, :recv=>true}) :-
            (hole 0 {:hash_depth=>0, :method_arg=>true}))) :user) :save))
  (send
    (send
      (begin
        (send
          (hole 0 {:hash_depth=>0, :limit_depth=>true, :recv=>true}) :-
          (hole 0 {:hash_depth=>0, :method_arg=>true}))) :user=
      (hole 0 {:hash_depth=>0, :method_arg=>true})) :staged=
    (hole 0 {:hash_depth=>0, :method_arg=>true}))
  (send
    (send
      (begin
        (send
          (hole 0 {:hash_depth=>0, :limit_depth=>true, :recv=>true}) :-
          (hole 0 {:hash_depth=>0, :method_arg=>true}))) :user=
      (hole 0 {:hash_depth=>0, :method_arg=>true})) :staged)
  (send
    (send
      (begin
        (send
          (hole 0 {:hash_depth=>0, :limit_depth=>true, :recv=>true}) :-
          (hole 0 {:hash_depth=>0, :method_arg=>true}))) :user=
      (hole 0 {:hash_depth=>0, :method_arg=>true})) :active=
    (hole 0 {:hash_depth=>0, :method_arg=>true}))
  (send
    (send
      (begin
        (send
          (hole 0 {:hash_depth=>0, :limit_depth=>true, :recv=>true}) :-
          (hole 0 {:hash_depth=>0, :method_arg=>true}))) :user=
      (hole 0 {:hash_depth=>0, :method_arg=>true})) :active)
  (send
    (send
      (begin
        (send
          (hole 0 {:hash_depth=>0, :limit_depth=>true, :recv=>true}) :-
          (hole 0 {:hash_depth=>0, :method_arg=>true}))) :user=
      (hole 0 {:hash_depth=>0, :method_arg=>true})) :admin=
    (hole 0 {:hash_depth=>0, :method_arg=>true}))
  (send
    (send
      (begin
        (send
          (hole 0 {:hash_depth=>0, :limit_depth=>true, :recv=>true}) :-
          (hole 0 {:hash_depth=>0, :method_arg=>true}))) :user=
      (hole 0 {:hash_depth=>0, :method_arg=>true})) :admin)
  (send
    (send
      (begin
        (send
          (hole 0 {:hash_depth=>0, :limit_depth=>true, :recv=>true}) :-
          (hole 0 {:hash_depth=>0, :method_arg=>true}))) :user=
      (hole 0 {:hash_depth=>0, :method_arg=>true})) :moderator=
    (hole 0 {:hash_depth=>0, :method_arg=>true}))
  (send
    (send
      (begin
        (send
          (hole 0 {:hash_depth=>0, :limit_depth=>true, :recv=>true}) :-
          (hole 0 {:hash_depth=>0, :method_arg=>true}))) :user=
      (hole 0 {:hash_depth=>0, :method_arg=>true})) :moderator)
  (begin
    (send
      (send
        (begin
          (send
            (hole 0 {:hash_depth=>0, :limit_depth=>true, :recv=>true}) :-
            (hole 0 {:hash_depth=>0, :method_arg=>true}))) :user=
        (hole 0 {:hash_depth=>0, :method_arg=>true})) :count))
  (begin
    (send
      (send
        (begin
          (send
            (hole 0 {:hash_depth=>0, :limit_depth=>true, :recv=>true}) :-
            (hole 0 {:hash_depth=>0, :method_arg=>true}))) :user=
        (hole 0 {:hash_depth=>0, :method_arg=>true})) :-
      (hole 0 {:hash_depth=>0, :method_arg=>true})))
  (begin
    (send
      (send
        (begin
          (send
            (hole 0 {:hash_depth=>0, :limit_depth=>true, :recv=>true}) :-
            (hole 0 {:hash_depth=>0, :method_arg=>true}))) :user=
        (hole 0 {:hash_depth=>0, :method_arg=>true})) :save))
  (begin
    (send
      (send
        (begin
          (send
            (hole 0 {:hash_depth=>0, :limit_depth=>true, :recv=>true}) :-
            (hole 0 {:hash_depth=>0, :method_arg=>true}))) :mastodon_account_id=
        (hole 0 {:hash_depth=>0, :method_arg=>true})) :-
      (hole 0 {:hash_depth=>0, :method_arg=>true})))
  (begin
    (send
      (send
        (begin
          (send
            (hole 0 {:hash_depth=>0, :limit_depth=>true, :recv=>true}) :-
            (hole 0 {:hash_depth=>0, :method_arg=>true}))) :mastodon_account_id=
        (hole 0 {:hash_depth=>0, :method_arg=>true})) :-
      (hole 0 {:hash_depth=>0, :method_arg=>true})))
  (begin
    (send
      (send
        (begin
          (send
            (hole 0 {:hash_depth=>0, :limit_depth=>true, :recv=>true}) :-
            (hole 0 {:hash_depth=>0, :method_arg=>true}))) :mastodon_account_id=
        (hole 0 {:hash_depth=>0, :method_arg=>true})) :-
      (hole 0 {:hash_depth=>0, :method_arg=>true})))
  (begin
    (send
      (send
        (begin
          (send
            (hole 0 {:hash_depth=>0, :limit_depth=>true, :recv=>true}) :-
            (hole 0 {:hash_depth=>0, :method_arg=>true}))) :mastodon_account_id=
        (hole 0 {:hash_depth=>0, :method_arg=>true})) :count))
  (begin
    (send
      (send
        (begin
          (send
            (hole 0 {:hash_depth=>0, :limit_depth=>true, :recv=>true}) :-
            (hole 0 {:hash_depth=>0, :method_arg=>true}))) :mastodon_account_id=
        (hole 0 {:hash_depth=>0, :method_arg=>true})) :save))
  (begin
    (send
      (send
        (begin
          (send
            (hole 0 {:hash_depth=>0, :limit_depth=>true, :recv=>true}) :-
            (hole 0 {:hash_depth=>0, :method_arg=>true}))) :mastodon_account_id) :-
      (hole 0 {:hash_depth=>0, :method_arg=>true})))
  (begin
    (send
      (send
        (begin
          (send
            (hole 0 {:hash_depth=>0, :limit_depth=>true, :recv=>true}) :-
            (hole 0 {:hash_depth=>0, :method_arg=>true}))) :mastodon_account_id) :-
      (hole 0 {:hash_depth=>0, :method_arg=>true})))
  (begin
    (send
      (send
        (begin
          (send
            (hole 0 {:hash_depth=>0, :limit_depth=>true, :recv=>true}) :-
            (hole 0 {:hash_depth=>0, :method_arg=>true}))) :mastodon_account_id) :-
      (hole 0 {:hash_depth=>0, :method_arg=>true})))
  (begin
    (send
      (send
        (begin
          (send
            (hole 0 {:hash_depth=>0, :limit_depth=>true, :recv=>true}) :-
            (hole 0 {:hash_depth=>0, :method_arg=>true}))) :mastodon_account_id) :count))
  (begin
    (send
      (send
        (begin
          (send
            (hole 0 {:hash_depth=>0, :limit_depth=>true, :recv=>true}) :-
            (hole 0 {:hash_depth=>0, :method_arg=>true}))) :mastodon_account_id) :save))
  (begin
    (send
      (send
        (begin
          (send
            (hole 0 {:hash_depth=>0, :limit_depth=>true, :recv=>true}) :-
            (hole 0 {:hash_depth=>0, :method_arg=>true}))) :mastodon_status_id=
        (hole 0 {:hash_depth=>0, :method_arg=>true})) :-
      (hole 0 {:hash_depth=>0, :method_arg=>true})))
  (begin
    (send
      (send
        (begin
          (send
            (hole 0 {:hash_depth=>0, :limit_depth=>true, :recv=>true}) :-
            (hole 0 {:hash_depth=>0, :method_arg=>true}))) :mastodon_status_id=
        (hole 0 {:hash_depth=>0, :method_arg=>true})) :-
      (hole 0 {:hash_depth=>0, :method_arg=>true})))
  (begin
    (send
      (send
        (begin
          (send
            (hole 0 {:hash_depth=>0, :limit_depth=>true, :recv=>true}) :-
            (hole 0 {:hash_depth=>0, :method_arg=>true}))) :mastodon_status_id=
        (hole 0 {:hash_depth=>0, :method_arg=>true})) :-
      (hole 0 {:hash_depth=>0, :method_arg=>true})))
  (begin
    (send
      (send
        (begin
          (send
            (hole 0 {:hash_depth=>0, :limit_depth=>true, :recv=>true}) :-
            (hole 0 {:hash_depth=>0, :method_arg=>true}))) :mastodon_status_id=
        (hole 0 {:hash_depth=>0, :method_arg=>true})) :count))
  (begin
    (send
      (send
        (begin
          (send
            (hole 0 {:hash_depth=>0, :limit_depth=>true, :recv=>true}) :-
            (hole 0 {:hash_depth=>0, :method_arg=>true}))) :mastodon_status_id=
        (hole 0 {:hash_depth=>0, :method_arg=>true})) :save))
  (begin
    (send
      (send
        (begin
          (send
            (hole 0 {:hash_depth=>0, :limit_depth=>true, :recv=>true}) :-
            (hole 0 {:hash_depth=>0, :method_arg=>true}))) :mastodon_status_id) :-
      (hole 0 {:hash_depth=>0, :method_arg=>true})))
  (begin
    (send
      (send
        (begin
          (send
            (hole 0 {:hash_depth=>0, :limit_depth=>true, :recv=>true}) :-
            (hole 0 {:hash_depth=>0, :method_arg=>true}))) :mastodon_status_id) :-
      (hole 0 {:hash_depth=>0, :method_arg=>true})))
  (begin
    (send
      (send
        (begin
          (send
            (hole 0 {:hash_depth=>0, :limit_depth=>true, :recv=>true}) :-
            (hole 0 {:hash_depth=>0, :method_arg=>true}))) :mastodon_status_id) :-
      (hole 0 {:hash_depth=>0, :method_arg=>true})))
  (begin
    (send
      (send
        (begin
          (send
            (hole 0 {:hash_depth=>0, :limit_depth=>true, :recv=>true}) :-
            (hole 0 {:hash_depth=>0, :method_arg=>true}))) :mastodon_status_id) :count))
  (begin
    (send
      (send
        (begin
          (send
            (hole 0 {:hash_depth=>0, :limit_depth=>true, :recv=>true}) :-
            (hole 0 {:hash_depth=>0, :method_arg=>true}))) :mastodon_status_id) :save))
  (send
    (send
      (begin
        (send
          (hole 0 {:hash_depth=>0, :limit_depth=>true, :recv=>true}) :-
          (hole 0 {:hash_depth=>0, :method_arg=>true}))) :mastodon_account) :discoverable=
    (hole 0 {:hash_depth=>0, :method_arg=>true}))
  (send
    (send
      (begin
        (send
          (hole 0 {:hash_depth=>0, :limit_depth=>true, :recv=>true}) :-
          (hole 0 {:hash_depth=>0, :method_arg=>true}))) :mastodon_account) :discoverable)
  (begin
    (send
      (send
        (begin
          (send
            (hole 0 {:hash_depth=>0, :limit_depth=>true, :recv=>true}) :-
            (hole 0 {:hash_depth=>0, :method_arg=>true}))) :mastodon_account) :count))
  (begin
    (send
      (send
        (begin
          (send
            (hole 0 {:hash_depth=>0, :limit_depth=>true, :recv=>true}) :-
            (hole 0 {:hash_depth=>0, :method_arg=>true}))) :mastodon_account) :-
      (hole 0 {:hash_depth=>0, :method_arg=>true})))
  (begin
    (send
      (send
        (begin
          (send
            (hole 0 {:hash_depth=>0, :limit_depth=>true, :recv=>true}) :-
            (hole 0 {:hash_depth=>0, :method_arg=>true}))) :mastodon_account) :save))
  (send
    (send
      (begin
        (send
          (hole 0 {:hash_depth=>0, :limit_depth=>true, :recv=>true}) :-
          (hole 0 {:hash_depth=>0, :method_arg=>true}))) :mastodon_account=
      (hole 0 {:hash_depth=>0, :method_arg=>true})) :discoverable=
    (hole 0 {:hash_depth=>0, :method_arg=>true}))
  (send
    (send
      (begin
        (send
          (hole 0 {:hash_depth=>0, :limit_depth=>true, :recv=>true}) :-
          (hole 0 {:hash_depth=>0, :method_arg=>true}))) :mastodon_account=
      (hole 0 {:hash_depth=>0, :method_arg=>true})) :discoverable)
  (begin
    (send
      (send
        (begin
          (send
            (hole 0 {:hash_depth=>0, :limit_depth=>true, :recv=>true}) :-
            (hole 0 {:hash_depth=>0, :method_arg=>true}))) :mastodon_account=
        (hole 0 {:hash_depth=>0, :method_arg=>true})) :count))
  (begin
    (send
      (send
        (begin
          (send
            (hole 0 {:hash_depth=>0, :limit_depth=>true, :recv=>true}) :-
            (hole 0 {:hash_depth=>0, :method_arg=>true}))) :mastodon_account=
        (hole 0 {:hash_depth=>0, :method_arg=>true})) :-
      (hole 0 {:hash_depth=>0, :method_arg=>true})))
  (begin
    (send
      (send
        (begin
          (send
            (hole 0 {:hash_depth=>0, :limit_depth=>true, :recv=>true}) :-
            (hole 0 {:hash_depth=>0, :method_arg=>true}))) :mastodon_account=
        (hole 0 {:hash_depth=>0, :method_arg=>true})) :save))
  (begin
    (send
      (send
        (begin
          (send
            (hole 0 {:hash_depth=>0, :limit_depth=>true, :recv=>true}) :-
            (hole 0 {:hash_depth=>0, :method_arg=>true}))) :mastodon_status) :count))
  (begin
    (send
      (send
        (begin
          (send
            (hole 0 {:hash_depth=>0, :limit_depth=>true, :recv=>true}) :-
            (hole 0 {:hash_depth=>0, :method_arg=>true}))) :mastodon_status) :-
      (hole 0 {:hash_depth=>0, :method_arg=>true})))
  (begin
    (send
      (send
        (begin
          (send
            (hole 0 {:hash_depth=>0, :limit_depth=>true, :recv=>true}) :-
            (hole 0 {:hash_depth=>0, :method_arg=>true}))) :mastodon_status) :save))
  (begin
    (send
      (send
        (begin
          (send
            (hole 0 {:hash_depth=>0, :limit_depth=>true, :recv=>true}) :-
            (hole 0 {:hash_depth=>0, :method_arg=>true}))) :mastodon_status=
        (hole 0 {:hash_depth=>0, :method_arg=>true})) :count))
  (begin
    (send
      (send
        (begin
          (send
            (hole 0 {:hash_depth=>0, :limit_depth=>true, :recv=>true}) :-
            (hole 0 {:hash_depth=>0, :method_arg=>true}))) :mastodon_status=
        (hole 0 {:hash_depth=>0, :method_arg=>true})) :-
      (hole 0 {:hash_depth=>0, :method_arg=>true})))
  (begin
    (send
      (send
        (begin
          (send
            (hole 0 {:hash_depth=>0, :limit_depth=>true, :recv=>true}) :-
            (hole 0 {:hash_depth=>0, :method_arg=>true}))) :mastodon_status=
        (hole 0 {:hash_depth=>0, :method_arg=>true})) :save))
  (begin
    (send
      (send
        (begin
          (send
            (hole 0 {:hash_depth=>0, :limit_depth=>true, :recv=>true}) :-
            (hole 0 {:hash_depth=>0, :method_arg=>true}))) :target_account_id=
        (hole 0 {:hash_depth=>0, :method_arg=>true})) :-
      (hole 0 {:hash_depth=>0, :method_arg=>true})))
  (begin
    (send
      (send
        (begin
          (send
            (hole 0 {:hash_depth=>0, :limit_depth=>true, :recv=>true}) :-
            (hole 0 {:hash_depth=>0, :method_arg=>true}))) :target_account_id=
        (hole 0 {:hash_depth=>0, :method_arg=>true})) :-
      (hole 0 {:hash_depth=>0, :method_arg=>true})))
  (begin
    (send
      (send
        (begin
          (send
            (hole 0 {:hash_depth=>0, :limit_depth=>true, :recv=>true}) :-
            (hole 0 {:hash_depth=>0, :method_arg=>true}))) :target_account_id=
        (hole 0 {:hash_depth=>0, :method_arg=>true})) :-
      (hole 0 {:hash_depth=>0, :method_arg=>true})))
  (begin
    (send
      (send
        (begin
          (send
            (hole 0 {:hash_depth=>0, :limit_depth=>true, :recv=>true}) :-
            (hole 0 {:hash_depth=>0, :method_arg=>true}))) :target_account_id=
        (hole 0 {:hash_depth=>0, :method_arg=>true})) :count))
  (begin
    (send
      (send
        (begin
          (send
            (hole 0 {:hash_depth=>0, :limit_depth=>true, :recv=>true}) :-
            (hole 0 {:hash_depth=>0, :method_arg=>true}))) :target_account_id=
        (hole 0 {:hash_depth=>0, :method_arg=>true})) :save))
  (begin
    (send
      (send
        (begin
          (send
            (hole 0 {:hash_depth=>0, :limit_depth=>true, :recv=>true}) :-
            (hole 0 {:hash_depth=>0, :method_arg=>true}))) :target_account_id) :-
      (hole 0 {:hash_depth=>0, :method_arg=>true})))
  (begin
    (send
      (send
        (begin
          (send
            (hole 0 {:hash_depth=>0, :limit_depth=>true, :recv=>true}) :-
            (hole 0 {:hash_depth=>0, :method_arg=>true}))) :target_account_id) :-
      (hole 0 {:hash_depth=>0, :method_arg=>true})))
  (begin
    (send
      (send
        (begin
          (send
            (hole 0 {:hash_depth=>0, :limit_depth=>true, :recv=>true}) :-
            (hole 0 {:hash_depth=>0, :method_arg=>true}))) :target_account_id) :-
      (hole 0 {:hash_depth=>0, :method_arg=>true})))
  (begin
    (send
      (send
        (begin
          (send
            (hole 0 {:hash_depth=>0, :limit_depth=>true, :recv=>true}) :-
            (hole 0 {:hash_depth=>0, :method_arg=>true}))) :target_account_id) :count))
  (begin
    (send
      (send
        (begin
          (send
            (hole 0 {:hash_depth=>0, :limit_depth=>true, :recv=>true}) :-
            (hole 0 {:hash_depth=>0, :method_arg=>true}))) :target_account_id) :save))
  (send
    (send
      (begin
        (send
          (hole 0 {:hash_depth=>0, :limit_depth=>true, :recv=>true}) :-
          (hole 0 {:hash_depth=>0, :method_arg=>true}))) :target_account) :discoverable=
    (hole 0 {:hash_depth=>0, :method_arg=>true}))
  (send
    (send
      (begin
        (send
          (hole 0 {:hash_depth=>0, :limit_depth=>true, :recv=>true}) :-
          (hole 0 {:hash_depth=>0, :method_arg=>true}))) :target_account) :discoverable)
  (begin
    (send
      (send
        (begin
          (send
            (hole 0 {:hash_depth=>0, :limit_depth=>true, :recv=>true}) :-
            (hole 0 {:hash_depth=>0, :method_arg=>true}))) :target_account) :count))
  (begin
    (send
      (send
        (begin
          (send
            (hole 0 {:hash_depth=>0, :limit_depth=>true, :recv=>true}) :-
            (hole 0 {:hash_depth=>0, :method_arg=>true}))) :target_account) :-
      (hole 0 {:hash_depth=>0, :method_arg=>true})))
  (begin
    (send
      (send
        (begin
          (send
            (hole 0 {:hash_depth=>0, :limit_depth=>true, :recv=>true}) :-
            (hole 0 {:hash_depth=>0, :method_arg=>true}))) :target_account) :save))
  (send
    (send
      (begin
        (send
          (hole 0 {:hash_depth=>0, :limit_depth=>true, :recv=>true}) :-
          (hole 0 {:hash_depth=>0, :method_arg=>true}))) :target_account=
      (hole 0 {:hash_depth=>0, :method_arg=>true})) :discoverable=
    (hole 0 {:hash_depth=>0, :method_arg=>true}))
  (send
    (send
      (begin
        (send
          (hole 0 {:hash_depth=>0, :limit_depth=>true, :recv=>true}) :-
          (hole 0 {:hash_depth=>0, :method_arg=>true}))) :target_account=
      (hole 0 {:hash_depth=>0, :method_arg=>true})) :discoverable)
  (begin
    (send
      (send
        (begin
          (send
            (hole 0 {:hash_depth=>0, :limit_depth=>true, :recv=>true}) :-
            (hole 0 {:hash_depth=>0, :method_arg=>true}))) :target_account=
        (hole 0 {:hash_depth=>0, :method_arg=>true})) :count))
  (begin
    (send
      (send
        (begin
          (send
            (hole 0 {:hash_depth=>0, :limit_depth=>true, :recv=>true}) :-
            (hole 0 {:hash_depth=>0, :method_arg=>true}))) :target_account=
        (hole 0 {:hash_depth=>0, :method_arg=>true})) :-
      (hole 0 {:hash_depth=>0, :method_arg=>true})))
  (begin
    (send
      (send
        (begin
          (send
            (hole 0 {:hash_depth=>0, :limit_depth=>true, :recv=>true}) :-
            (hole 0 {:hash_depth=>0, :method_arg=>true}))) :target_account=
        (hole 0 {:hash_depth=>0, :method_arg=>true})) :save))
  (begin
    (send
      (send
        (begin
          (send
            (hole 0 {:hash_depth=>0, :limit_depth=>true, :recv=>true}) :-
            (hole 0 {:hash_depth=>0, :method_arg=>true}))) :replies_count=
        (hole 0 {:hash_depth=>0, :method_arg=>true})) :-
      (hole 0 {:hash_depth=>0, :method_arg=>true})))
  (begin
    (send
      (send
        (begin
          (send
            (hole 0 {:hash_depth=>0, :limit_depth=>true, :recv=>true}) :-
            (hole 0 {:hash_depth=>0, :method_arg=>true}))) :replies_count=
        (hole 0 {:hash_depth=>0, :method_arg=>true})) :-
      (hole 0 {:hash_depth=>0, :method_arg=>true})))
  (begin
    (send
      (send
        (begin
          (send
            (hole 0 {:hash_depth=>0, :limit_depth=>true, :recv=>true}) :-
            (hole 0 {:hash_depth=>0, :method_arg=>true}))) :replies_count=
        (hole 0 {:hash_depth=>0, :method_arg=>true})) :-
      (hole 0 {:hash_depth=>0, :method_arg=>true})))
  (begin
    (send
      (send
        (begin
          (send
            (hole 0 {:hash_depth=>0, :limit_depth=>true, :recv=>true}) :-
            (hole 0 {:hash_depth=>0, :method_arg=>true}))) :replies_count=
        (hole 0 {:hash_depth=>0, :method_arg=>true})) :count))
  (begin
    (send
      (send
        (begin
          (send
            (hole 0 {:hash_depth=>0, :limit_depth=>true, :recv=>true}) :-
            (hole 0 {:hash_depth=>0, :method_arg=>true}))) :replies_count=
        (hole 0 {:hash_depth=>0, :method_arg=>true})) :save))
  (begin
    (send
      (send
        (begin
          (send
            (hole 0 {:hash_depth=>0, :limit_depth=>true, :recv=>true}) :-
            (hole 0 {:hash_depth=>0, :method_arg=>true}))) :replies_count) :-
      (hole 0 {:hash_depth=>0, :method_arg=>true})))
  (begin
    (send
      (send
        (begin
          (send
            (hole 0 {:hash_depth=>0, :limit_depth=>true, :recv=>true}) :-
            (hole 0 {:hash_depth=>0, :method_arg=>true}))) :replies_count) :-
      (hole 0 {:hash_depth=>0, :method_arg=>true})))
  (begin
    (send
      (send
        (begin
          (send
            (hole 0 {:hash_depth=>0, :limit_depth=>true, :recv=>true}) :-
            (hole 0 {:hash_depth=>0, :method_arg=>true}))) :replies_count) :-
      (hole 0 {:hash_depth=>0, :method_arg=>true})))
  (begin
    (send
      (send
        (begin
          (send
            (hole 0 {:hash_depth=>0, :limit_depth=>true, :recv=>true}) :-
            (hole 0 {:hash_depth=>0, :method_arg=>true}))) :replies_count) :count))
  (begin
    (send
      (send
        (begin
          (send
            (hole 0 {:hash_depth=>0, :limit_depth=>true, :recv=>true}) :-
            (hole 0 {:hash_depth=>0, :method_arg=>true}))) :replies_count) :save))
  (begin
    (send
      (send
        (begin
          (send
            (hole 0 {:hash_depth=>0, :limit_depth=>true, :recv=>true}) :-
            (hole 0 {:hash_depth=>0, :method_arg=>true}))) :reblogs_count=
        (hole 0 {:hash_depth=>0, :method_arg=>true})) :-
      (hole 0 {:hash_depth=>0, :method_arg=>true})))
  (begin
    (send
      (send
        (begin
          (send
            (hole 0 {:hash_depth=>0, :limit_depth=>true, :recv=>true}) :-
            (hole 0 {:hash_depth=>0, :method_arg=>true}))) :reblogs_count=
        (hole 0 {:hash_depth=>0, :method_arg=>true})) :-
      (hole 0 {:hash_depth=>0, :method_arg=>true})))
  (begin
    (send
      (send
        (begin
          (send
            (hole 0 {:hash_depth=>0, :limit_depth=>true, :recv=>true}) :-
            (hole 0 {:hash_depth=>0, :method_arg=>true}))) :reblogs_count=
        (hole 0 {:hash_depth=>0, :method_arg=>true})) :-
      (hole 0 {:hash_depth=>0, :method_arg=>true})))
  (begin
    (send
      (send
        (begin
          (send
            (hole 0 {:hash_depth=>0, :limit_depth=>true, :recv=>true}) :-
            (hole 0 {:hash_depth=>0, :method_arg=>true}))) :reblogs_count=
        (hole 0 {:hash_depth=>0, :method_arg=>true})) :count))
  (begin
    (send
      (send
        (begin
          (send
            (hole 0 {:hash_depth=>0, :limit_depth=>true, :recv=>true}) :-
            (hole 0 {:hash_depth=>0, :method_arg=>true}))) :reblogs_count=
        (hole 0 {:hash_depth=>0, :method_arg=>true})) :save))
  (begin
    (send
      (send
        (begin
          (send
            (hole 0 {:hash_depth=>0, :limit_depth=>true, :recv=>true}) :-
            (hole 0 {:hash_depth=>0, :method_arg=>true}))) :reblogs_count) :-
      (hole 0 {:hash_depth=>0, :method_arg=>true})))
  (begin
    (send
      (send
        (begin
          (send
            (hole 0 {:hash_depth=>0, :limit_depth=>true, :recv=>true}) :-
            (hole 0 {:hash_depth=>0, :method_arg=>true}))) :reblogs_count) :-
      (hole 0 {:hash_depth=>0, :method_arg=>true})))
  (begin
    (send
      (send
        (begin
          (send
            (hole 0 {:hash_depth=>0, :limit_depth=>true, :recv=>true}) :-
            (hole 0 {:hash_depth=>0, :method_arg=>true}))) :reblogs_count) :-
      (hole 0 {:hash_depth=>0, :method_arg=>true})))
  (begin
    (send
      (send
        (begin
          (send
            (hole 0 {:hash_depth=>0, :limit_depth=>true, :recv=>true}) :-
            (hole 0 {:hash_depth=>0, :method_arg=>true}))) :reblogs_count) :count))
  (begin
    (send
      (send
        (begin
          (send
            (hole 0 {:hash_depth=>0, :limit_depth=>true, :recv=>true}) :-
            (hole 0 {:hash_depth=>0, :method_arg=>true}))) :reblogs_count) :save))
  (begin
    (send
      (send
        (begin
          (send
            (hole 0 {:hash_depth=>0, :limit_depth=>true, :recv=>true}) :-
            (hole 0 {:hash_depth=>0, :method_arg=>true}))) :favourites_count=
        (hole 0 {:hash_depth=>0, :method_arg=>true})) :-
      (hole 0 {:hash_depth=>0, :method_arg=>true})))
  (begin
    (send
      (send
        (begin
          (send
            (hole 0 {:hash_depth=>0, :limit_depth=>true, :recv=>true}) :-
            (hole 0 {:hash_depth=>0, :method_arg=>true}))) :favourites_count=
        (hole 0 {:hash_depth=>0, :method_arg=>true})) :-
      (hole 0 {:hash_depth=>0, :method_arg=>true})))
  (begin
    (send
      (send
        (begin
          (send
            (hole 0 {:hash_depth=>0, :limit_depth=>true, :recv=>true}) :-
            (hole 0 {:hash_depth=>0, :method_arg=>true}))) :favourites_count=
        (hole 0 {:hash_depth=>0, :method_arg=>true})) :-
      (hole 0 {:hash_depth=>0, :method_arg=>true})))
  (begin
    (send
      (send
        (begin
          (send
            (hole 0 {:hash_depth=>0, :limit_depth=>true, :recv=>true}) :-
            (hole 0 {:hash_depth=>0, :method_arg=>true}))) :favourites_count=
        (hole 0 {:hash_depth=>0, :method_arg=>true})) :count))
  (begin
    (send
      (send
        (begin
          (send
            (hole 0 {:hash_depth=>0, :limit_depth=>true, :recv=>true}) :-
            (hole 0 {:hash_depth=>0, :method_arg=>true}))) :favourites_count=
        (hole 0 {:hash_depth=>0, :method_arg=>true})) :save))
  (begin
    (send
      (send
        (begin
          (send
            (hole 0 {:hash_depth=>0, :limit_depth=>true, :recv=>true}) :-
            (hole 0 {:hash_depth=>0, :method_arg=>true}))) :favourites_count) :-
      (hole 0 {:hash_depth=>0, :method_arg=>true})))
  (begin
    (send
      (send
        (begin
          (send
            (hole 0 {:hash_depth=>0, :limit_depth=>true, :recv=>true}) :-
            (hole 0 {:hash_depth=>0, :method_arg=>true}))) :favourites_count) :-
      (hole 0 {:hash_depth=>0, :method_arg=>true})))
  (begin
    (send
      (send
        (begin
          (send
            (hole 0 {:hash_depth=>0, :limit_depth=>true, :recv=>true}) :-
            (hole 0 {:hash_depth=>0, :method_arg=>true}))) :favourites_count) :-
      (hole 0 {:hash_depth=>0, :method_arg=>true})))
  (begin
    (send
      (send
        (begin
          (send
            (hole 0 {:hash_depth=>0, :limit_depth=>true, :recv=>true}) :-
            (hole 0 {:hash_depth=>0, :method_arg=>true}))) :favourites_count) :count))
  (begin
    (send
      (send
        (begin
          (send
            (hole 0 {:hash_depth=>0, :limit_depth=>true, :recv=>true}) :-
            (hole 0 {:hash_depth=>0, :method_arg=>true}))) :favourites_count) :save))
  (begin
    (send
      (send
        (begin
          (send
            (hole 0 {:hash_depth=>0, :limit_depth=>true, :recv=>true}) :-
            (hole 0 {:hash_depth=>0, :method_arg=>true}))) :quotes_count=
        (hole 0 {:hash_depth=>0, :method_arg=>true})) :-
      (hole 0 {:hash_depth=>0, :method_arg=>true})))
  (begin
    (send
      (send
        (begin
          (send
            (hole 0 {:hash_depth=>0, :limit_depth=>true, :recv=>true}) :-
            (hole 0 {:hash_depth=>0, :method_arg=>true}))) :quotes_count=
        (hole 0 {:hash_depth=>0, :method_arg=>true})) :-
      (hole 0 {:hash_depth=>0, :method_arg=>true})))
  (begin
    (send
      (send
        (begin
          (send
            (hole 0 {:hash_depth=>0, :limit_depth=>true, :recv=>true}) :-
            (hole 0 {:hash_depth=>0, :method_arg=>true}))) :quotes_count=
        (hole 0 {:hash_depth=>0, :method_arg=>true})) :-
      (hole 0 {:hash_depth=>0, :method_arg=>true})))
  (begin
    (send
      (send
        (begin
          (send
            (hole 0 {:hash_depth=>0, :limit_depth=>true, :recv=>true}) :-
            (hole 0 {:hash_depth=>0, :method_arg=>true}))) :quotes_count=
        (hole 0 {:hash_depth=>0, :method_arg=>true})) :count))
  (begin
    (send
      (send
        (begin
          (send
            (hole 0 {:hash_depth=>0, :limit_depth=>true, :recv=>true}) :-
            (hole 0 {:hash_depth=>0, :method_arg=>true}))) :quotes_count=
        (hole 0 {:hash_depth=>0, :method_arg=>true})) :save))
  (begin
    (send
      (send
        (begin
          (send
            (hole 0 {:hash_depth=>0, :limit_depth=>true, :recv=>true}) :-
            (hole 0 {:hash_depth=>0, :method_arg=>true}))) :quotes_count) :-
      (hole 0 {:hash_depth=>0, :method_arg=>true})))
  (begin
    (send
      (send
        (begin
          (send
            (hole 0 {:hash_depth=>0, :limit_depth=>true, :recv=>true}) :-
            (hole 0 {:hash_depth=>0, :method_arg=>true}))) :quotes_count) :-
      (hole 0 {:hash_depth=>0, :method_arg=>true})))
  (begin
    (send
      (send
        (begin
          (send
            (hole 0 {:hash_depth=>0, :limit_depth=>true, :recv=>true}) :-
            (hole 0 {:hash_depth=>0, :method_arg=>true}))) :quotes_count) :-
      (hole 0 {:hash_depth=>0, :method_arg=>true})))
  (begin
    (send
      (send
        (begin
          (send
            (hole 0 {:hash_depth=>0, :limit_depth=>true, :recv=>true}) :-
            (hole 0 {:hash_depth=>0, :method_arg=>true}))) :quotes_count) :count))
  (begin
    (send
      (send
        (begin
          (send
            (hole 0 {:hash_depth=>0, :limit_depth=>true, :recv=>true}) :-
            (hole 0 {:hash_depth=>0, :method_arg=>true}))) :quotes_count) :save))
  (begin
    (send
      (send
        (begin
          (send
            (hole 0 {:hash_depth=>0, :limit_depth=>true, :recv=>true}) :-
            (hole 0 {:hash_depth=>0, :method_arg=>true}))) :visibility=
        (hole 0 {:hash_depth=>0, :method_arg=>true})) :-
      (hole 0 {:hash_depth=>0, :method_arg=>true})))
  (begin
    (send
      (send
        (begin
          (send
            (hole 0 {:hash_depth=>0, :limit_depth=>true, :recv=>true}) :-
            (hole 0 {:hash_depth=>0, :method_arg=>true}))) :visibility=
        (hole 0 {:hash_depth=>0, :method_arg=>true})) :-
      (hole 0 {:hash_depth=>0, :method_arg=>true})))
  (begin
    (send
      (send
        (begin
          (send
            (hole 0 {:hash_depth=>0, :limit_depth=>true, :recv=>true}) :-
            (hole 0 {:hash_depth=>0, :method_arg=>true}))) :visibility=
        (hole 0 {:hash_depth=>0, :method_arg=>true})) :-
      (hole 0 {:hash_depth=>0, :method_arg=>true})))
  (begin
    (send
      (send
        (begin
          (send
            (hole 0 {:hash_depth=>0, :limit_depth=>true, :recv=>true}) :-
            (hole 0 {:hash_depth=>0, :method_arg=>true}))) :visibility=
        (hole 0 {:hash_depth=>0, :method_arg=>true})) :count))
  (begin
    (send
      (send
        (begin
          (send
            (hole 0 {:hash_depth=>0, :limit_depth=>true, :recv=>true}) :-
            (hole 0 {:hash_depth=>0, :method_arg=>true}))) :visibility=
        (hole 0 {:hash_depth=>0, :method_arg=>true})) :save))
  (begin
    (send
      (send
        (begin
          (send
            (hole 0 {:hash_depth=>0, :limit_depth=>true, :recv=>true}) :-
            (hole 0 {:hash_depth=>0, :method_arg=>true}))) :visibility) :-
      (hole 0 {:hash_depth=>0, :method_arg=>true})))
  (begin
    (send
      (send
        (begin
          (send
            (hole 0 {:hash_depth=>0, :limit_depth=>true, :recv=>true}) :-
            (hole 0 {:hash_depth=>0, :method_arg=>true}))) :visibility) :-
      (hole 0 {:hash_depth=>0, :method_arg=>true})))
  (begin
    (send
      (send
        (begin
          (send
            (hole 0 {:hash_depth=>0, :limit_depth=>true, :recv=>true}) :-
            (hole 0 {:hash_depth=>0, :method_arg=>true}))) :visibility) :-
      (hole 0 {:hash_depth=>0, :method_arg=>true})))
  (begin
    (send
      (send
        (begin
          (send
            (hole 0 {:hash_depth=>0, :limit_depth=>true, :recv=>true}) :-
            (hole 0 {:hash_depth=>0, :method_arg=>true}))) :visibility) :count))
  (begin
    (send
      (send
        (begin
          (send
            (hole 0 {:hash_depth=>0, :limit_depth=>true, :recv=>true}) :-
            (hole 0 {:hash_depth=>0, :method_arg=>true}))) :visibility) :save))
  (begin
    (send
      (send
        (begin
          (send
            (hole 0 {:hash_depth=>0, :limit_depth=>true, :recv=>true}) :-
            (hole 0 {:hash_depth=>0, :method_arg=>true}))) :in_reply_to_id=
        (hole 0 {:hash_depth=>0, :method_arg=>true})) :-
      (hole 0 {:hash_depth=>0, :method_arg=>true})))
  (begin
    (send
      (send
        (begin
          (send
            (hole 0 {:hash_depth=>0, :limit_depth=>true, :recv=>true}) :-
            (hole 0 {:hash_depth=>0, :method_arg=>true}))) :in_reply_to_id=
        (hole 0 {:hash_depth=>0, :method_arg=>true})) :-
      (hole 0 {:hash_depth=>0, :method_arg=>true})))
  (begin
    (send
      (send
        (begin
          (send
            (hole 0 {:hash_depth=>0, :limit_depth=>true, :recv=>true}) :-
            (hole 0 {:hash_depth=>0, :method_arg=>true}))) :in_reply_to_id=
        (hole 0 {:hash_depth=>0, :method_arg=>true})) :-
      (hole 0 {:hash_depth=>0, :method_arg=>true})))
  (begin
    (send
      (send
        (begin
          (send
            (hole 0 {:hash_depth=>0, :limit_depth=>true, :recv=>true}) :-
            (hole 0 {:hash_depth=>0, :method_arg=>true}))) :in_reply_to_id=
        (hole 0 {:hash_depth=>0, :method_arg=>true})) :count))
  (begin
    (send
      (send
        (begin
          (send
            (hole 0 {:hash_depth=>0, :limit_depth=>true, :recv=>true}) :-
            (hole 0 {:hash_depth=>0, :method_arg=>true}))) :in_reply_to_id=
        (hole 0 {:hash_depth=>0, :method_arg=>true})) :save))
  (begin
    (send
      (send
        (begin
          (send
            (hole 0 {:hash_depth=>0, :limit_depth=>true, :recv=>true}) :-
            (hole 0 {:hash_depth=>0, :method_arg=>true}))) :in_reply_to_id) :-
      (hole 0 {:hash_depth=>0, :method_arg=>true})))
  (begin
    (send
      (send
        (begin
          (send
            (hole 0 {:hash_depth=>0, :limit_depth=>true, :recv=>true}) :-
            (hole 0 {:hash_depth=>0, :method_arg=>true}))) :in_reply_to_id) :-
      (hole 0 {:hash_depth=>0, :method_arg=>true})))
  (begin
    (send
      (send
        (begin
          (send
            (hole 0 {:hash_depth=>0, :limit_depth=>true, :recv=>true}) :-
            (hole 0 {:hash_depth=>0, :method_arg=>true}))) :in_reply_to_id) :-
      (hole 0 {:hash_depth=>0, :method_arg=>true})))
  (begin
    (send
      (send
        (begin
          (send
            (hole 0 {:hash_depth=>0, :limit_depth=>true, :recv=>true}) :-
            (hole 0 {:hash_depth=>0, :method_arg=>true}))) :in_reply_to_id) :count))
  (begin
    (send
      (send
        (begin
          (send
            (hole 0 {:hash_depth=>0, :limit_depth=>true, :recv=>true}) :-
            (hole 0 {:hash_depth=>0, :method_arg=>true}))) :in_reply_to_id) :save))
  (begin
    (send
      (send
        (begin
          (send
            (hole 0 {:hash_depth=>0, :limit_depth=>true, :recv=>true}) :-
            (hole 0 {:hash_depth=>0, :method_arg=>true}))) :reblog_of_id=
        (hole 0 {:hash_depth=>0, :method_arg=>true})) :-
      (hole 0 {:hash_depth=>0, :method_arg=>true})))
  (begin
    (send
      (send
        (begin
          (send
            (hole 0 {:hash_depth=>0, :limit_depth=>true, :recv=>true}) :-
            (hole 0 {:hash_depth=>0, :method_arg=>true}))) :reblog_of_id=
        (hole 0 {:hash_depth=>0, :method_arg=>true})) :-
      (hole 0 {:hash_depth=>0, :method_arg=>true})))
  (begin
    (send
      (send
        (begin
          (send
            (hole 0 {:hash_depth=>0, :limit_depth=>true, :recv=>true}) :-
            (hole 0 {:hash_depth=>0, :method_arg=>true}))) :reblog_of_id=
        (hole 0 {:hash_depth=>0, :method_arg=>true})) :-
      (hole 0 {:hash_depth=>0, :method_arg=>true})))
  (begin
    (send
      (send
        (begin
          (send
            (hole 0 {:hash_depth=>0, :limit_depth=>true, :recv=>true}) :-
            (hole 0 {:hash_depth=>0, :method_arg=>true}))) :reblog_of_id=
        (hole 0 {:hash_depth=>0, :method_arg=>true})) :count))
  (begin
    (send
      (send
        (begin
          (send
            (hole 0 {:hash_depth=>0, :limit_depth=>true, :recv=>true}) :-
            (hole 0 {:hash_depth=>0, :method_arg=>true}))) :reblog_of_id=
        (hole 0 {:hash_depth=>0, :method_arg=>true})) :save))
  (begin
    (send
      (send
        (begin
          (send
            (hole 0 {:hash_depth=>0, :limit_depth=>true, :recv=>true}) :-
            (hole 0 {:hash_depth=>0, :method_arg=>true}))) :reblog_of_id) :-
      (hole 0 {:hash_depth=>0, :method_arg=>true})))
  (begin
    (send
      (send
        (begin
          (send
            (hole 0 {:hash_depth=>0, :limit_depth=>true, :recv=>true}) :-
            (hole 0 {:hash_depth=>0, :method_arg=>true}))) :reblog_of_id) :-
      (hole 0 {:hash_depth=>0, :method_arg=>true})))
  (begin
    (send
      (send
        (begin
          (send
            (hole 0 {:hash_depth=>0, :limit_depth=>true, :recv=>true}) :-
            (hole 0 {:hash_depth=>0, :method_arg=>true}))) :reblog_of_id) :-
      (hole 0 {:hash_depth=>0, :method_arg=>true})))
  (begin
    (send
      (send
        (begin
          (send
            (hole 0 {:hash_depth=>0, :limit_depth=>true, :recv=>true}) :-
            (hole 0 {:hash_depth=>0, :method_arg=>true}))) :reblog_of_id) :count))
  (begin
    (send
      (send
        (begin
          (send
            (hole 0 {:hash_depth=>0, :limit_depth=>true, :recv=>true}) :-
            (hole 0 {:hash_depth=>0, :method_arg=>true}))) :reblog_of_id) :save))
  (begin
    (send
      (send
        (begin
          (send
            (hole 0 {:hash_depth=>0, :limit_depth=>true, :recv=>true}) :-
            (hole 0 {:hash_depth=>0, :method_arg=>true}))) :quoted_status_id=
        (hole 0 {:hash_depth=>0, :method_arg=>true})) :-
      (hole 0 {:hash_depth=>0, :method_arg=>true})))
  (begin
    (send
      (send
        (begin
          (send
            (hole 0 {:hash_depth=>0, :limit_depth=>true, :recv=>true}) :-
            (hole 0 {:hash_depth=>0, :method_arg=>true}))) :quoted_status_id=
        (hole 0 {:hash_depth=>0, :method_arg=>true})) :-
      (hole 0 {:hash_depth=>0, :method_arg=>true})))
  (begin
    (send
      (send
        (begin
          (send
            (hole 0 {:hash_depth=>0, :limit_depth=>true, :recv=>true}) :-
            (hole 0 {:hash_depth=>0, :method_arg=>true}))) :quoted_status_id=
        (hole 0 {:hash_depth=>0, :method_arg=>true})) :-
      (hole 0 {:hash_depth=>0, :method_arg=>true})))
  (begin
    (send
      (send
        (begin
          (send
            (hole 0 {:hash_depth=>0, :limit_depth=>true, :recv=>true}) :-
            (hole 0 {:hash_depth=>0, :method_arg=>true}))) :quoted_status_id=
        (hole 0 {:hash_depth=>0, :method_arg=>true})) :count))
  (begin
    (send
      (send
        (begin
          (send
            (hole 0 {:hash_depth=>0, :limit_depth=>true, :recv=>true}) :-
            (hole 0 {:hash_depth=>0, :method_arg=>true}))) :quoted_status_id=
        (hole 0 {:hash_depth=>0, :method_arg=>true})) :save))
  (begin
    (send
      (send
        (begin
          (send
            (hole 0 {:hash_depth=>0, :limit_depth=>true, :recv=>true}) :-
            (hole 0 {:hash_depth=>0, :method_arg=>true}))) :quoted_status_id) :-
      (hole 0 {:hash_depth=>0, :method_arg=>true})))
  (begin
    (send
      (send
        (begin
          (send
            (hole 0 {:hash_depth=>0, :limit_depth=>true, :recv=>true}) :-
            (hole 0 {:hash_depth=>0, :method_arg=>true}))) :quoted_status_id) :-
      (hole 0 {:hash_depth=>0, :method_arg=>true})))
  (begin
    (send
      (send
        (begin
          (send
            (hole 0 {:hash_depth=>0, :limit_depth=>true, :recv=>true}) :-
            (hole 0 {:hash_depth=>0, :method_arg=>true}))) :quoted_status_id) :-
      (hole 0 {:hash_depth=>0, :method_arg=>true})))
  (begin
    (send
      (send
        (begin
          (send
            (hole 0 {:hash_depth=>0, :limit_depth=>true, :recv=>true}) :-
            (hole 0 {:hash_depth=>0, :method_arg=>true}))) :quoted_status_id) :count))
  (begin
    (send
      (send
        (begin
          (send
            (hole 0 {:hash_depth=>0, :limit_depth=>true, :recv=>true}) :-
            (hole 0 {:hash_depth=>0, :method_arg=>true}))) :quoted_status_id) :save))
  (begin
    (send
      (send
        (begin
          (send
            (hole 0 {:hash_depth=>0, :limit_depth=>true, :recv=>true}) :-
            (hole 0 {:hash_depth=>0, :method_arg=>true}))) :text=
        (hole 0 {:hash_depth=>0, :method_arg=>true})) :count))
  (begin
    (send
      (send
        (begin
          (send
            (hole 0 {:hash_depth=>0, :limit_depth=>true, :recv=>true}) :-
            (hole 0 {:hash_depth=>0, :method_arg=>true}))) :text=
        (hole 0 {:hash_depth=>0, :method_arg=>true})) :-
      (hole 0 {:hash_depth=>0, :method_arg=>true})))
  (begin
    (send
      (send
        (begin
          (send
            (hole 0 {:hash_depth=>0, :limit_depth=>true, :recv=>true}) :-
            (hole 0 {:hash_depth=>0, :method_arg=>true}))) :text=
        (hole 0 {:hash_depth=>0, :method_arg=>true})) :save))
  (begin
    (send
      (send
        (begin
          (send
            (hole 0 {:hash_depth=>0, :limit_depth=>true, :recv=>true}) :-
            (hole 0 {:hash_depth=>0, :method_arg=>true}))) :text) :count))
  (begin
    (send
      (send
        (begin
          (send
            (hole 0 {:hash_depth=>0, :limit_depth=>true, :recv=>true}) :-
            (hole 0 {:hash_depth=>0, :method_arg=>true}))) :text) :-
      (hole 0 {:hash_depth=>0, :method_arg=>true})))
  (begin
    (send
      (send
        (begin
          (send
            (hole 0 {:hash_depth=>0, :limit_depth=>true, :recv=>true}) :-
            (hole 0 {:hash_depth=>0, :method_arg=>true}))) :text) :save))
  (begin
    (send
      (send
        (begin
          (send
            (hole 0 {:hash_depth=>0, :limit_depth=>true, :recv=>true}) :-
            (hole 0 {:hash_depth=>0, :method_arg=>true}))) :mastodon_status_stat) :count))
  (begin
    (send
      (send
        (begin
          (send
            (hole 0 {:hash_depth=>0, :limit_depth=>true, :recv=>true}) :-
            (hole 0 {:hash_depth=>0, :method_arg=>true}))) :mastodon_status_stat) :-
      (hole 0 {:hash_depth=>0, :method_arg=>true})))
  (begin
    (send
      (send
        (begin
          (send
            (hole 0 {:hash_depth=>0, :limit_depth=>true, :recv=>true}) :-
            (hole 0 {:hash_depth=>0, :method_arg=>true}))) :mastodon_status_stat) :save))
  (begin
    (send
      (send
        (begin
          (send
            (hole 0 {:hash_depth=>0, :limit_depth=>true, :recv=>true}) :-
            (hole 0 {:hash_depth=>0, :method_arg=>true}))) :mastodon_status_stat=
        (hole 0 {:hash_depth=>0, :method_arg=>true})) :count))
  (begin
    (send
      (send
        (begin
          (send
            (hole 0 {:hash_depth=>0, :limit_depth=>true, :recv=>true}) :-
            (hole 0 {:hash_depth=>0, :method_arg=>true}))) :mastodon_status_stat=
        (hole 0 {:hash_depth=>0, :method_arg=>true})) :-
      (hole 0 {:hash_depth=>0, :method_arg=>true})))
  (begin
    (send
      (send
        (begin
          (send
            (hole 0 {:hash_depth=>0, :limit_depth=>true, :recv=>true}) :-
            (hole 0 {:hash_depth=>0, :method_arg=>true}))) :mastodon_status_stat=
        (hole 0 {:hash_depth=>0, :method_arg=>true})) :save))
  (begin
    (send
      (send
        (begin
          (send
            (hole 0 {:hash_depth=>0, :limit_depth=>true, :recv=>true}) :-
            (hole 0 {:hash_depth=>0, :method_arg=>true}))) :replies) :count))
  (begin
    (send
      (send
        (begin
          (send
            (hole 0 {:hash_depth=>0, :limit_depth=>true, :recv=>true}) :-
            (hole 0 {:hash_depth=>0, :method_arg=>true}))) :replies) :-
      (hole 0 {:hash_depth=>0, :method_arg=>true})))
  (begin
    (send
      (send
        (begin
          (send
            (hole 0 {:hash_depth=>0, :limit_depth=>true, :recv=>true}) :-
            (hole 0 {:hash_depth=>0, :method_arg=>true}))) :replies) :save))
  (begin
    (send
      (send
        (begin
          (send
            (hole 0 {:hash_depth=>0, :limit_depth=>true, :recv=>true}) :-
            (hole 0 {:hash_depth=>0, :method_arg=>true}))) :replies=
        (hole 0 {:hash_depth=>0, :method_arg=>true})) :count))
  (begin
    (send
      (send
        (begin
          (send
            (hole 0 {:hash_depth=>0, :limit_depth=>true, :recv=>true}) :-
            (hole 0 {:hash_depth=>0, :method_arg=>true}))) :replies=
        (hole 0 {:hash_depth=>0, :method_arg=>true})) :-
      (hole 0 {:hash_depth=>0, :method_arg=>true})))
  (begin
    (send
      (send
        (begin
          (send
            (hole 0 {:hash_depth=>0, :limit_depth=>true, :recv=>true}) :-
            (hole 0 {:hash_depth=>0, :method_arg=>true}))) :replies=
        (hole 0 {:hash_depth=>0, :method_arg=>true})) :save))
  (begin
    (send
      (send
        (begin
          (send
            (hole 0 {:hash_depth=>0, :limit_depth=>true, :recv=>true}) :-
            (hole 0 {:hash_depth=>0, :method_arg=>true}))) :reblogs) :count))
  (begin
    (send
      (send
        (begin
          (send
            (hole 0 {:hash_depth=>0, :limit_depth=>true, :recv=>true}) :-
            (hole 0 {:hash_depth=>0, :method_arg=>true}))) :reblogs) :-
      (hole 0 {:hash_depth=>0, :method_arg=>true})))
  (begin
    (send
      (send
        (begin
          (send
            (hole 0 {:hash_depth=>0, :limit_depth=>true, :recv=>true}) :-
            (hole 0 {:hash_depth=>0, :method_arg=>true}))) :reblogs) :save))
  (begin
    (send
      (send
        (begin
          (send
            (hole 0 {:hash_depth=>0, :limit_depth=>true, :recv=>true}) :-
            (hole 0 {:hash_depth=>0, :method_arg=>true}))) :reblogs=
        (hole 0 {:hash_depth=>0, :method_arg=>true})) :count))
  (begin
    (send
      (send
        (begin
          (send
            (hole 0 {:hash_depth=>0, :limit_depth=>true, :recv=>true}) :-
            (hole 0 {:hash_depth=>0, :method_arg=>true}))) :reblogs=
        (hole 0 {:hash_depth=>0, :method_arg=>true})) :-
      (hole 0 {:hash_depth=>0, :method_arg=>true})))
  (begin
    (send
      (send
        (begin
          (send
            (hole 0 {:hash_depth=>0, :limit_depth=>true, :recv=>true}) :-
            (hole 0 {:hash_depth=>0, :method_arg=>true}))) :reblogs=
        (hole 0 {:hash_depth=>0, :method_arg=>true})) :save))
  (begin
    (send
      (send
        (begin
          (send
            (hole 0 {:hash_depth=>0, :limit_depth=>true, :recv=>true}) :-
            (hole 0 {:hash_depth=>0, :method_arg=>true}))) :favourites) :count))
  (begin
    (send
      (send
        (begin
          (send
            (hole 0 {:hash_depth=>0, :limit_depth=>true, :recv=>true}) :-
            (hole 0 {:hash_depth=>0, :method_arg=>true}))) :favourites) :-
      (hole 0 {:hash_depth=>0, :method_arg=>true})))
  (begin
    (send
      (send
        (begin
          (send
            (hole 0 {:hash_depth=>0, :limit_depth=>true, :recv=>true}) :-
            (hole 0 {:hash_depth=>0, :method_arg=>true}))) :favourites) :save))
  (begin
    (send
      (send
        (begin
          (send
            (hole 0 {:hash_depth=>0, :limit_depth=>true, :recv=>true}) :-
            (hole 0 {:hash_depth=>0, :method_arg=>true}))) :favourites=
        (hole 0 {:hash_depth=>0, :method_arg=>true})) :count))
  (begin
    (send
      (send
        (begin
          (send
            (hole 0 {:hash_depth=>0, :limit_depth=>true, :recv=>true}) :-
            (hole 0 {:hash_depth=>0, :method_arg=>true}))) :favourites=
        (hole 0 {:hash_depth=>0, :method_arg=>true})) :-
      (hole 0 {:hash_depth=>0, :method_arg=>true})))
  (begin
    (send
      (send
        (begin
          (send
            (hole 0 {:hash_depth=>0, :limit_depth=>true, :recv=>true}) :-
            (hole 0 {:hash_depth=>0, :method_arg=>true}))) :favourites=
        (hole 0 {:hash_depth=>0, :method_arg=>true})) :save))
  (begin
    (send
      (send
        (begin
          (send
            (hole 0 {:hash_depth=>0, :limit_depth=>true, :recv=>true}) :-
            (hole 0 {:hash_depth=>0, :method_arg=>true}))) :quotes) :count))
  (begin
    (send
      (send
        (begin
          (send
            (hole 0 {:hash_depth=>0, :limit_depth=>true, :recv=>true}) :-
            (hole 0 {:hash_depth=>0, :method_arg=>true}))) :quotes) :-
      (hole 0 {:hash_depth=>0, :method_arg=>true})))
  (begin
    (send
      (send
        (begin
          (send
            (hole 0 {:hash_depth=>0, :limit_depth=>true, :recv=>true}) :-
            (hole 0 {:hash_depth=>0, :method_arg=>true}))) :quotes) :save))
  (begin
    (send
      (send
        (begin
          (send
            (hole 0 {:hash_depth=>0, :limit_depth=>true, :recv=>true}) :-
            (hole 0 {:hash_depth=>0, :method_arg=>true}))) :quotes=
        (hole 0 {:hash_depth=>0, :method_arg=>true})) :count))
  (begin
    (send
      (send
        (begin
          (send
            (hole 0 {:hash_depth=>0, :limit_depth=>true, :recv=>true}) :-
            (hole 0 {:hash_depth=>0, :method_arg=>true}))) :quotes=
        (hole 0 {:hash_depth=>0, :method_arg=>true})) :-
      (hole 0 {:hash_depth=>0, :method_arg=>true})))
  (begin
    (send
      (send
        (begin
          (send
            (hole 0 {:hash_depth=>0, :limit_depth=>true, :recv=>true}) :-
            (hole 0 {:hash_depth=>0, :method_arg=>true}))) :quotes=
        (hole 0 {:hash_depth=>0, :method_arg=>true})) :save))
  (begin
    (send
      (send
        (begin
          (send
            (hole 0 {:hash_depth=>0, :limit_depth=>true, :recv=>true}) :-
            (hole 0 {:hash_depth=>0, :method_arg=>true}))) :statuses_count=
        (hole 0 {:hash_depth=>0, :method_arg=>true})) :-
      (hole 0 {:hash_depth=>0, :method_arg=>true})))
  (begin
    (send
      (send
        (begin
          (send
            (hole 0 {:hash_depth=>0, :limit_depth=>true, :recv=>true}) :-
            (hole 0 {:hash_depth=>0, :method_arg=>true}))) :statuses_count=
        (hole 0 {:hash_depth=>0, :method_arg=>true})) :-
      (hole 0 {:hash_depth=>0, :method_arg=>true})))
  (begin
    (send
      (send
        (begin
          (send
            (hole 0 {:hash_depth=>0, :limit_depth=>true, :recv=>true}) :-
            (hole 0 {:hash_depth=>0, :method_arg=>true}))) :statuses_count=
        (hole 0 {:hash_depth=>0, :method_arg=>true})) :-
      (hole 0 {:hash_depth=>0, :method_arg=>true})))
  (begin
    (send
      (send
        (begin
          (send
            (hole 0 {:hash_depth=>0, :limit_depth=>true, :recv=>true}) :-
            (hole 0 {:hash_depth=>0, :method_arg=>true}))) :statuses_count=
        (hole 0 {:hash_depth=>0, :method_arg=>true})) :count))
  (begin
    (send
      (send
        (begin
          (send
            (hole 0 {:hash_depth=>0, :limit_depth=>true, :recv=>true}) :-
            (hole 0 {:hash_depth=>0, :method_arg=>true}))) :statuses_count=
        (hole 0 {:hash_depth=>0, :method_arg=>true})) :save))
  (begin
    (send
      (send
        (begin
          (send
            (hole 0 {:hash_depth=>0, :limit_depth=>true, :recv=>true}) :-
            (hole 0 {:hash_depth=>0, :method_arg=>true}))) :statuses_count) :-
      (hole 0 {:hash_depth=>0, :method_arg=>true})))
  (begin
    (send
      (send
        (begin
          (send
            (hole 0 {:hash_depth=>0, :limit_depth=>true, :recv=>true}) :-
            (hole 0 {:hash_depth=>0, :method_arg=>true}))) :statuses_count) :-
      (hole 0 {:hash_depth=>0, :method_arg=>true})))
  (begin
    (send
      (send
        (begin
          (send
            (hole 0 {:hash_depth=>0, :limit_depth=>true, :recv=>true}) :-
            (hole 0 {:hash_depth=>0, :method_arg=>true}))) :statuses_count) :-
      (hole 0 {:hash_depth=>0, :method_arg=>true})))
  (begin
    (send
      (send
        (begin
          (send
            (hole 0 {:hash_depth=>0, :limit_depth=>true, :recv=>true}) :-
            (hole 0 {:hash_depth=>0, :method_arg=>true}))) :statuses_count) :count))
  (begin
    (send
      (send
        (begin
          (send
            (hole 0 {:hash_depth=>0, :limit_depth=>true, :recv=>true}) :-
            (hole 0 {:hash_depth=>0, :method_arg=>true}))) :statuses_count) :save))
  (begin
    (send
      (send
        (begin
          (send
            (hole 0 {:hash_depth=>0, :limit_depth=>true, :recv=>true}) :-
            (hole 0 {:hash_depth=>0, :method_arg=>true}))) :following_count=
        (hole 0 {:hash_depth=>0, :method_arg=>true})) :-
      (hole 0 {:hash_depth=>0, :method_arg=>true})))
  (begin
    (send
      (send
        (begin
          (send
            (hole 0 {:hash_depth=>0, :limit_depth=>true, :recv=>true}) :-
            (hole 0 {:hash_depth=>0, :method_arg=>true}))) :following_count=
        (hole 0 {:hash_depth=>0, :method_arg=>true})) :-
      (hole 0 {:hash_depth=>0, :method_arg=>true})))
  (begin
    (send
      (send
        (begin
          (send
            (hole 0 {:hash_depth=>0, :limit_depth=>true, :recv=>true}) :-
            (hole 0 {:hash_depth=>0, :method_arg=>true}))) :following_count=
        (hole 0 {:hash_depth=>0, :method_arg=>true})) :-
      (hole 0 {:hash_depth=>0, :method_arg=>true})))
  (begin
    (send
      (send
        (begin
          (send
            (hole 0 {:hash_depth=>0, :limit_depth=>true, :recv=>true}) :-
            (hole 0 {:hash_depth=>0, :method_arg=>true}))) :following_count=
        (hole 0 {:hash_depth=>0, :method_arg=>true})) :count))
  (begin
    (send
      (send
        (begin
          (send
            (hole 0 {:hash_depth=>0, :limit_depth=>true, :recv=>true}) :-
            (hole 0 {:hash_depth=>0, :method_arg=>true}))) :following_count=
        (hole 0 {:hash_depth=>0, :method_arg=>true})) :save))
  (begin
    (send
      (send
        (begin
          (send
            (hole 0 {:hash_depth=>0, :limit_depth=>true, :recv=>true}) :-
            (hole 0 {:hash_depth=>0, :method_arg=>true}))) :following_count) :-
      (hole 0 {:hash_depth=>0, :method_arg=>true})))
  (begin
    (send
      (send
        (begin
          (send
            (hole 0 {:hash_depth=>0, :limit_depth=>true, :recv=>true}) :-
            (hole 0 {:hash_depth=>0, :method_arg=>true}))) :following_count) :-
      (hole 0 {:hash_depth=>0, :method_arg=>true})))
  (begin
    (send
      (send
        (begin
          (send
            (hole 0 {:hash_depth=>0, :limit_depth=>true, :recv=>true}) :-
            (hole 0 {:hash_depth=>0, :method_arg=>true}))) :following_count) :-
      (hole 0 {:hash_depth=>0, :method_arg=>true})))
  (begin
    (send
      (send
        (begin
          (send
            (hole 0 {:hash_depth=>0, :limit_depth=>true, :recv=>true}) :-
            (hole 0 {:hash_depth=>0, :method_arg=>true}))) :following_count) :count))
  (begin
    (send
      (send
        (begin
          (send
            (hole 0 {:hash_depth=>0, :limit_depth=>true, :recv=>true}) :-
            (hole 0 {:hash_depth=>0, :method_arg=>true}))) :following_count) :save))
  (begin
    (send
      (send
        (begin
          (send
            (hole 0 {:hash_depth=>0, :limit_depth=>true, :recv=>true}) :-
            (hole 0 {:hash_depth=>0, :method_arg=>true}))) :followers_count=
        (hole 0 {:hash_depth=>0, :method_arg=>true})) :-
      (hole 0 {:hash_depth=>0, :method_arg=>true})))
  (begin
    (send
      (send
        (begin
          (send
            (hole 0 {:hash_depth=>0, :limit_depth=>true, :recv=>true}) :-
            (hole 0 {:hash_depth=>0, :method_arg=>true}))) :followers_count=
        (hole 0 {:hash_depth=>0, :method_arg=>true})) :-
      (hole 0 {:hash_depth=>0, :method_arg=>true})))
  (begin
    (send
      (send
        (begin
          (send
            (hole 0 {:hash_depth=>0, :limit_depth=>true, :recv=>true}) :-
            (hole 0 {:hash_depth=>0, :method_arg=>true}))) :followers_count=
        (hole 0 {:hash_depth=>0, :method_arg=>true})) :-
      (hole 0 {:hash_depth=>0, :method_arg=>true})))
  (begin
    (send
      (send
        (begin
          (send
            (hole 0 {:hash_depth=>0, :limit_depth=>true, :recv=>true}) :-
            (hole 0 {:hash_depth=>0, :method_arg=>true}))) :followers_count=
        (hole 0 {:hash_depth=>0, :method_arg=>true})) :count))
  (begin
    (send
      (send
        (begin
          (send
            (hole 0 {:hash_depth=>0, :limit_depth=>true, :recv=>true}) :-
            (hole 0 {:hash_depth=>0, :method_arg=>true}))) :followers_count=
        (hole 0 {:hash_depth=>0, :method_arg=>true})) :save))
  (begin
    (send
      (send
        (begin
          (send
            (hole 0 {:hash_depth=>0, :limit_depth=>true, :recv=>true}) :-
            (hole 0 {:hash_depth=>0, :method_arg=>true}))) :followers_count) :-
      (hole 0 {:hash_depth=>0, :method_arg=>true})))
  (begin
    (send
      (send
        (begin
          (send
            (hole 0 {:hash_depth=>0, :limit_depth=>true, :recv=>true}) :-
            (hole 0 {:hash_depth=>0, :method_arg=>true}))) :followers_count) :-
      (hole 0 {:hash_depth=>0, :method_arg=>true})))
  (begin
    (send
      (send
        (begin
          (send
            (hole 0 {:hash_depth=>0, :limit_depth=>true, :recv=>true}) :-
            (hole 0 {:hash_depth=>0, :method_arg=>true}))) :followers_count) :-
      (hole 0 {:hash_depth=>0, :method_arg=>true})))
  (begin
    (send
      (send
        (begin
          (send
            (hole 0 {:hash_depth=>0, :limit_depth=>true, :recv=>true}) :-
            (hole 0 {:hash_depth=>0, :method_arg=>true}))) :followers_count) :count))
  (begin
    (send
      (send
        (begin
          (send
            (hole 0 {:hash_depth=>0, :limit_depth=>true, :recv=>true}) :-
            (hole 0 {:hash_depth=>0, :method_arg=>true}))) :followers_count) :save))
  (begin
    (send
      (send
        (begin
          (send
            (hole 0 {:hash_depth=>0, :limit_depth=>true, :recv=>true}) :-
            (hole 0 {:hash_depth=>0, :method_arg=>true}))) :actor_type=
        (hole 0 {:hash_depth=>0, :method_arg=>true})) :count))
  (begin
    (send
      (send
        (begin
          (send
            (hole 0 {:hash_depth=>0, :limit_depth=>true, :recv=>true}) :-
            (hole 0 {:hash_depth=>0, :method_arg=>true}))) :actor_type=
        (hole 0 {:hash_depth=>0, :method_arg=>true})) :-
      (hole 0 {:hash_depth=>0, :method_arg=>true})))
  (begin
    (send
      (send
        (begin
          (send
            (hole 0 {:hash_depth=>0, :limit_depth=>true, :recv=>true}) :-
            (hole 0 {:hash_depth=>0, :method_arg=>true}))) :actor_type=
        (hole 0 {:hash_depth=>0, :method_arg=>true})) :save))
  (begin
    (send
      (send
        (begin
          (send
            (hole 0 {:hash_depth=>0, :limit_depth=>true, :recv=>true}) :-
            (hole 0 {:hash_depth=>0, :method_arg=>true}))) :actor_type) :count))
  (begin
    (send
      (send
        (begin
          (send
            (hole 0 {:hash_depth=>0, :limit_depth=>true, :recv=>true}) :-
            (hole 0 {:hash_depth=>0, :method_arg=>true}))) :actor_type) :-
      (hole 0 {:hash_depth=>0, :method_arg=>true})))
  (begin
    (send
      (send
        (begin
          (send
            (hole 0 {:hash_depth=>0, :limit_depth=>true, :recv=>true}) :-
            (hole 0 {:hash_depth=>0, :method_arg=>true}))) :actor_type) :save))
  (begin
    (send
      (send
        (begin
          (send
            (hole 0 {:hash_depth=>0, :limit_depth=>true, :recv=>true}) :-
            (hole 0 {:hash_depth=>0, :method_arg=>true}))) :discoverable=
        (hole 0 {:hash_depth=>0, :method_arg=>true})) :count))
  (begin
    (send
      (send
        (begin
          (send
            (hole 0 {:hash_depth=>0, :limit_depth=>true, :recv=>true}) :-
            (hole 0 {:hash_depth=>0, :method_arg=>true}))) :discoverable=
        (hole 0 {:hash_depth=>0, :method_arg=>true})) :-
      (hole 0 {:hash_depth=>0, :method_arg=>true})))
  (begin
    (send
      (send
        (begin
          (send
            (hole 0 {:hash_depth=>0, :limit_depth=>true, :recv=>true}) :-
            (hole 0 {:hash_depth=>0, :method_arg=>true}))) :discoverable=
        (hole 0 {:hash_depth=>0, :method_arg=>true})) :save))
  (begin
    (send
      (send
        (begin
          (send
            (hole 0 {:hash_depth=>0, :limit_depth=>true, :recv=>true}) :-
            (hole 0 {:hash_depth=>0, :method_arg=>true}))) :discoverable) :count))
  (begin
    (send
      (send
        (begin
          (send
            (hole 0 {:hash_depth=>0, :limit_depth=>true, :recv=>true}) :-
            (hole 0 {:hash_depth=>0, :method_arg=>true}))) :discoverable) :-
      (hole 0 {:hash_depth=>0, :method_arg=>true})))
  (begin
    (send
      (send
        (begin
          (send
            (hole 0 {:hash_depth=>0, :limit_depth=>true, :recv=>true}) :-
            (hole 0 {:hash_depth=>0, :method_arg=>true}))) :discoverable) :save))
  (begin
    (send
      (send
        (begin
          (send
            (hole 0 {:hash_depth=>0, :limit_depth=>true, :recv=>true}) :-
            (hole 0 {:hash_depth=>0, :method_arg=>true}))) :display_name=
        (hole 0 {:hash_depth=>0, :method_arg=>true})) :count))
  (begin
    (send
      (send
        (begin
          (send
            (hole 0 {:hash_depth=>0, :limit_depth=>true, :recv=>true}) :-
            (hole 0 {:hash_depth=>0, :method_arg=>true}))) :display_name=
        (hole 0 {:hash_depth=>0, :method_arg=>true})) :-
      (hole 0 {:hash_depth=>0, :method_arg=>true})))
  (begin
    (send
      (send
        (begin
          (send
            (hole 0 {:hash_depth=>0, :limit_depth=>true, :recv=>true}) :-
            (hole 0 {:hash_depth=>0, :method_arg=>true}))) :display_name=
        (hole 0 {:hash_depth=>0, :method_arg=>true})) :save))
  (begin
    (send
      (send
        (begin
          (send
            (hole 0 {:hash_depth=>0, :limit_depth=>true, :recv=>true}) :-
            (hole 0 {:hash_depth=>0, :method_arg=>true}))) :display_name) :count))
  (begin
    (send
      (send
        (begin
          (send
            (hole 0 {:hash_depth=>0, :limit_depth=>true, :recv=>true}) :-
            (hole 0 {:hash_depth=>0, :method_arg=>true}))) :display_name) :-
      (hole 0 {:hash_depth=>0, :method_arg=>true})))
  (begin
    (send
      (send
        (begin
          (send
            (hole 0 {:hash_depth=>0, :limit_depth=>true, :recv=>true}) :-
            (hole 0 {:hash_depth=>0, :method_arg=>true}))) :display_name) :save))
  (begin
    (send
      (send
        (begin
          (send
            (hole 0 {:hash_depth=>0, :limit_depth=>true, :recv=>true}) :-
            (hole 0 {:hash_depth=>0, :method_arg=>true}))) :domain=
        (hole 0 {:hash_depth=>0, :method_arg=>true})) :count))
  (begin
    (send
      (send
        (begin
          (send
            (hole 0 {:hash_depth=>0, :limit_depth=>true, :recv=>true}) :-
            (hole 0 {:hash_depth=>0, :method_arg=>true}))) :domain=
        (hole 0 {:hash_depth=>0, :method_arg=>true})) :-
      (hole 0 {:hash_depth=>0, :method_arg=>true})))
  (begin
    (send
      (send
        (begin
          (send
            (hole 0 {:hash_depth=>0, :limit_depth=>true, :recv=>true}) :-
            (hole 0 {:hash_depth=>0, :method_arg=>true}))) :domain=
        (hole 0 {:hash_depth=>0, :method_arg=>true})) :save))
  (begin
    (send
      (send
        (begin
          (send
            (hole 0 {:hash_depth=>0, :limit_depth=>true, :recv=>true}) :-
            (hole 0 {:hash_depth=>0, :method_arg=>true}))) :domain) :count))
  (begin
    (send
      (send
        (begin
          (send
            (hole 0 {:hash_depth=>0, :limit_depth=>true, :recv=>true}) :-
            (hole 0 {:hash_depth=>0, :method_arg=>true}))) :domain) :-
      (hole 0 {:hash_depth=>0, :method_arg=>true})))
  (begin
    (send
      (send
        (begin
          (send
            (hole 0 {:hash_depth=>0, :limit_depth=>true, :recv=>true}) :-
            (hole 0 {:hash_depth=>0, :method_arg=>true}))) :domain) :save))
  (begin
    (send
      (send
        (begin
          (send
            (hole 0 {:hash_depth=>0, :limit_depth=>true, :recv=>true}) :-
            (hole 0 {:hash_depth=>0, :method_arg=>true}))) :fields=
        (hole 0 {:hash_depth=>0, :method_arg=>true})) :count))
  (begin
    (send
      (send
        (begin
          (send
            (hole 0 {:hash_depth=>0, :limit_depth=>true, :recv=>true}) :-
            (hole 0 {:hash_depth=>0, :method_arg=>true}))) :fields=
        (hole 0 {:hash_depth=>0, :method_arg=>true})) :-
      (hole 0 {:hash_depth=>0, :method_arg=>true})))
  (begin
    (send
      (send
        (begin
          (send
            (hole 0 {:hash_depth=>0, :limit_depth=>true, :recv=>true}) :-
            (hole 0 {:hash_depth=>0, :method_arg=>true}))) :fields=
        (hole 0 {:hash_depth=>0, :method_arg=>true})) :save))
  (begin
    (send
      (send
        (begin
          (send
            (hole 0 {:hash_depth=>0, :limit_depth=>true, :recv=>true}) :-
            (hole 0 {:hash_depth=>0, :method_arg=>true}))) :fields) :count))
  (begin
    (send
      (send
        (begin
          (send
            (hole 0 {:hash_depth=>0, :limit_depth=>true, :recv=>true}) :-
            (hole 0 {:hash_depth=>0, :method_arg=>true}))) :fields) :-
      (hole 0 {:hash_depth=>0, :method_arg=>true})))
  (begin
    (send
      (send
        (begin
          (send
            (hole 0 {:hash_depth=>0, :limit_depth=>true, :recv=>true}) :-
            (hole 0 {:hash_depth=>0, :method_arg=>true}))) :fields) :save))
  (begin
    (send
      (send
        (begin
          (send
            (hole 0 {:hash_depth=>0, :limit_depth=>true, :recv=>true}) :-
            (hole 0 {:hash_depth=>0, :method_arg=>true}))) :private_key=
        (hole 0 {:hash_depth=>0, :method_arg=>true})) :count))
  (begin
    (send
      (send
        (begin
          (send
            (hole 0 {:hash_depth=>0, :limit_depth=>true, :recv=>true}) :-
            (hole 0 {:hash_depth=>0, :method_arg=>true}))) :private_key=
        (hole 0 {:hash_depth=>0, :method_arg=>true})) :-
      (hole 0 {:hash_depth=>0, :method_arg=>true})))
  (begin
    (send
      (send
        (begin
          (send
            (hole 0 {:hash_depth=>0, :limit_depth=>true, :recv=>true}) :-
            (hole 0 {:hash_depth=>0, :method_arg=>true}))) :private_key=
        (hole 0 {:hash_depth=>0, :method_arg=>true})) :save))
  (begin
    (send
      (send
        (begin
          (send
            (hole 0 {:hash_depth=>0, :limit_depth=>true, :recv=>true}) :-
            (hole 0 {:hash_depth=>0, :method_arg=>true}))) :private_key) :count))
  (begin
    (send
      (send
        (begin
          (send
            (hole 0 {:hash_depth=>0, :limit_depth=>true, :recv=>true}) :-
            (hole 0 {:hash_depth=>0, :method_arg=>true}))) :private_key) :-
      (hole 0 {:hash_depth=>0, :method_arg=>true})))
  (begin
    (send
      (send
        (begin
          (send
            (hole 0 {:hash_depth=>0, :limit_depth=>true, :recv=>true}) :-
            (hole 0 {:hash_depth=>0, :method_arg=>true}))) :private_key) :save))
  (begin
    (send
      (send
        (begin
          (send
            (hole 0 {:hash_depth=>0, :limit_depth=>true, :recv=>true}) :-
            (hole 0 {:hash_depth=>0, :method_arg=>true}))) :protocol=
        (hole 0 {:hash_depth=>0, :method_arg=>true})) :-
      (hole 0 {:hash_depth=>0, :method_arg=>true})))
  (begin
    (send
      (send
        (begin
          (send
            (hole 0 {:hash_depth=>0, :limit_depth=>true, :recv=>true}) :-
            (hole 0 {:hash_depth=>0, :method_arg=>true}))) :protocol=
        (hole 0 {:hash_depth=>0, :method_arg=>true})) :-
      (hole 0 {:hash_depth=>0, :method_arg=>true})))
  (begin
    (send
      (send
        (begin
          (send
            (hole 0 {:hash_depth=>0, :limit_depth=>true, :recv=>true}) :-
            (hole 0 {:hash_depth=>0, :method_arg=>true}))) :protocol=
        (hole 0 {:hash_depth=>0, :method_arg=>true})) :-
      (hole 0 {:hash_depth=>0, :method_arg=>true})))
  (begin
    (send
      (send
        (begin
          (send
            (hole 0 {:hash_depth=>0, :limit_depth=>true, :recv=>true}) :-
            (hole 0 {:hash_depth=>0, :method_arg=>true}))) :protocol=
        (hole 0 {:hash_depth=>0, :method_arg=>true})) :count))
  (begin
    (send
      (send
        (begin
          (send
            (hole 0 {:hash_depth=>0, :limit_depth=>true, :recv=>true}) :-
            (hole 0 {:hash_depth=>0, :method_arg=>true}))) :protocol=
        (hole 0 {:hash_depth=>0, :method_arg=>true})) :save))
  (begin
    (send
      (send
        (begin
          (send
            (hole 0 {:hash_depth=>0, :limit_depth=>true, :recv=>true}) :-
            (hole 0 {:hash_depth=>0, :method_arg=>true}))) :protocol) :-
      (hole 0 {:hash_depth=>0, :method_arg=>true})))
  (begin
    (send
      (send
        (begin
          (send
            (hole 0 {:hash_depth=>0, :limit_depth=>true, :recv=>true}) :-
            (hole 0 {:hash_depth=>0, :method_arg=>true}))) :protocol) :-
      (hole 0 {:hash_depth=>0, :method_arg=>true})))
  (begin
    (send
      (send
        (begin
          (send
            (hole 0 {:hash_depth=>0, :limit_depth=>true, :recv=>true}) :-
            (hole 0 {:hash_depth=>0, :method_arg=>true}))) :protocol) :-
      (hole 0 {:hash_depth=>0, :method_arg=>true})))
  (begin
    (send
      (send
        (begin
          (send
            (hole 0 {:hash_depth=>0, :limit_depth=>true, :recv=>true}) :-
            (hole 0 {:hash_depth=>0, :method_arg=>true}))) :protocol) :count))
  (begin
    (send
      (send
        (begin
          (send
            (hole 0 {:hash_depth=>0, :limit_depth=>true, :recv=>true}) :-
            (hole 0 {:hash_depth=>0, :method_arg=>true}))) :protocol) :save))
  (begin
    (send
      (send
        (begin
          (send
            (hole 0 {:hash_depth=>0, :limit_depth=>true, :recv=>true}) :-
            (hole 0 {:hash_depth=>0, :method_arg=>true}))) :public_key=
        (hole 0 {:hash_depth=>0, :method_arg=>true})) :count))
  (begin
    (send
      (send
        (begin
          (send
            (hole 0 {:hash_depth=>0, :limit_depth=>true, :recv=>true}) :-
            (hole 0 {:hash_depth=>0, :method_arg=>true}))) :public_key=
        (hole 0 {:hash_depth=>0, :method_arg=>true})) :-
      (hole 0 {:hash_depth=>0, :method_arg=>true})))
  (begin
    (send
      (send
        (begin
          (send
            (hole 0 {:hash_depth=>0, :limit_depth=>true, :recv=>true}) :-
            (hole 0 {:hash_depth=>0, :method_arg=>true}))) :public_key=
        (hole 0 {:hash_depth=>0, :method_arg=>true})) :save))
  (begin
    (send
      (send
        (begin
          (send
            (hole 0 {:hash_depth=>0, :limit_depth=>true, :recv=>true}) :-
            (hole 0 {:hash_depth=>0, :method_arg=>true}))) :public_key) :count))
  (begin
    (send
      (send
        (begin
          (send
            (hole 0 {:hash_depth=>0, :limit_depth=>true, :recv=>true}) :-
            (hole 0 {:hash_depth=>0, :method_arg=>true}))) :public_key) :-
      (hole 0 {:hash_depth=>0, :method_arg=>true})))
  (begin
    (send
      (send
        (begin
          (send
            (hole 0 {:hash_depth=>0, :limit_depth=>true, :recv=>true}) :-
            (hole 0 {:hash_depth=>0, :method_arg=>true}))) :public_key) :save))
  (begin
    (send
      (send
        (begin
          (send
            (hole 0 {:hash_depth=>0, :limit_depth=>true, :recv=>true}) :-
            (hole 0 {:hash_depth=>0, :method_arg=>true}))) :suspension_origin=
        (hole 0 {:hash_depth=>0, :method_arg=>true})) :-
      (hole 0 {:hash_depth=>0, :method_arg=>true})))
  (begin
    (send
      (send
        (begin
          (send
            (hole 0 {:hash_depth=>0, :limit_depth=>true, :recv=>true}) :-
            (hole 0 {:hash_depth=>0, :method_arg=>true}))) :suspension_origin=
        (hole 0 {:hash_depth=>0, :method_arg=>true})) :-
      (hole 0 {:hash_depth=>0, :method_arg=>true})))
  (begin
    (send
      (send
        (begin
          (send
            (hole 0 {:hash_depth=>0, :limit_depth=>true, :recv=>true}) :-
            (hole 0 {:hash_depth=>0, :method_arg=>true}))) :suspension_origin=
        (hole 0 {:hash_depth=>0, :method_arg=>true})) :-
      (hole 0 {:hash_depth=>0, :method_arg=>true})))
  (begin
    (send
      (send
        (begin
          (send
            (hole 0 {:hash_depth=>0, :limit_depth=>true, :recv=>true}) :-
            (hole 0 {:hash_depth=>0, :method_arg=>true}))) :suspension_origin=
        (hole 0 {:hash_depth=>0, :method_arg=>true})) :count))
  (begin
    (send
      (send
        (begin
          (send
            (hole 0 {:hash_depth=>0, :limit_depth=>true, :recv=>true}) :-
            (hole 0 {:hash_depth=>0, :method_arg=>true}))) :suspension_origin=
        (hole 0 {:hash_depth=>0, :method_arg=>true})) :save))
  (begin
    (send
      (send
        (begin
          (send
            (hole 0 {:hash_depth=>0, :limit_depth=>true, :recv=>true}) :-
            (hole 0 {:hash_depth=>0, :method_arg=>true}))) :suspension_origin) :-
      (hole 0 {:hash_depth=>0, :method_arg=>true})))
  (begin
    (send
      (send
        (begin
          (send
            (hole 0 {:hash_depth=>0, :limit_depth=>true, :recv=>true}) :-
            (hole 0 {:hash_depth=>0, :method_arg=>true}))) :suspension_origin) :-
      (hole 0 {:hash_depth=>0, :method_arg=>true})))
  (begin
    (send
      (send
        (begin
          (send
            (hole 0 {:hash_depth=>0, :limit_depth=>true, :recv=>true}) :-
            (hole 0 {:hash_depth=>0, :method_arg=>true}))) :suspension_origin) :-
      (hole 0 {:hash_depth=>0, :method_arg=>true})))
  (begin
    (send
      (send
        (begin
          (send
            (hole 0 {:hash_depth=>0, :limit_depth=>true, :recv=>true}) :-
            (hole 0 {:hash_depth=>0, :method_arg=>true}))) :suspension_origin) :count))
  (begin
    (send
      (send
        (begin
          (send
            (hole 0 {:hash_depth=>0, :limit_depth=>true, :recv=>true}) :-
            (hole 0 {:hash_depth=>0, :method_arg=>true}))) :suspension_origin) :save))
  (begin
    (send
      (send
        (begin
          (send
            (hole 0 {:hash_depth=>0, :limit_depth=>true, :recv=>true}) :-
            (hole 0 {:hash_depth=>0, :method_arg=>true}))) :id_scheme=
        (hole 0 {:hash_depth=>0, :method_arg=>true})) :-
      (hole 0 {:hash_depth=>0, :method_arg=>true})))
  (begin
    (send
      (send
        (begin
          (send
            (hole 0 {:hash_depth=>0, :limit_depth=>true, :recv=>true}) :-
            (hole 0 {:hash_depth=>0, :method_arg=>true}))) :id_scheme=
        (hole 0 {:hash_depth=>0, :method_arg=>true})) :-
      (hole 0 {:hash_depth=>0, :method_arg=>true})))
  (begin
    (send
      (send
        (begin
          (send
            (hole 0 {:hash_depth=>0, :limit_depth=>true, :recv=>true}) :-
            (hole 0 {:hash_depth=>0, :method_arg=>true}))) :id_scheme=
        (hole 0 {:hash_depth=>0, :method_arg=>true})) :-
      (hole 0 {:hash_depth=>0, :method_arg=>true})))
  (begin
    (send
      (send
        (begin
          (send
            (hole 0 {:hash_depth=>0, :limit_depth=>true, :recv=>true}) :-
            (hole 0 {:hash_depth=>0, :method_arg=>true}))) :id_scheme=
        (hole 0 {:hash_depth=>0, :method_arg=>true})) :count))
  (begin
    (send
      (send
        (begin
          (send
            (hole 0 {:hash_depth=>0, :limit_depth=>true, :recv=>true}) :-
            (hole 0 {:hash_depth=>0, :method_arg=>true}))) :id_scheme=
        (hole 0 {:hash_depth=>0, :method_arg=>true})) :save))
  (begin
    (send
      (send
        (begin
          (send
            (hole 0 {:hash_depth=>0, :limit_depth=>true, :recv=>true}) :-
            (hole 0 {:hash_depth=>0, :method_arg=>true}))) :id_scheme) :-
      (hole 0 {:hash_depth=>0, :method_arg=>true})))
  (begin
    (send
      (send
        (begin
          (send
            (hole 0 {:hash_depth=>0, :limit_depth=>true, :recv=>true}) :-
            (hole 0 {:hash_depth=>0, :method_arg=>true}))) :id_scheme) :-
      (hole 0 {:hash_depth=>0, :method_arg=>true})))
  (begin
    (send
      (send
        (begin
          (send
            (hole 0 {:hash_depth=>0, :limit_depth=>true, :recv=>true}) :-
            (hole 0 {:hash_depth=>0, :method_arg=>true}))) :id_scheme) :-
      (hole 0 {:hash_depth=>0, :method_arg=>true})))
  (begin
    (send
      (send
        (begin
          (send
            (hole 0 {:hash_depth=>0, :limit_depth=>true, :recv=>true}) :-
            (hole 0 {:hash_depth=>0, :method_arg=>true}))) :id_scheme) :count))
  (begin
    (send
      (send
        (begin
          (send
            (hole 0 {:hash_depth=>0, :limit_depth=>true, :recv=>true}) :-
            (hole 0 {:hash_depth=>0, :method_arg=>true}))) :id_scheme) :save))
  (begin
    (send
      (send
        (begin
          (send
            (hole 0 {:hash_depth=>0, :limit_depth=>true, :recv=>true}) :-
            (hole 0 {:hash_depth=>0, :method_arg=>true}))) :uri=
        (hole 0 {:hash_depth=>0, :method_arg=>true})) :count))
  (begin
    (send
      (send
        (begin
          (send
            (hole 0 {:hash_depth=>0, :limit_depth=>true, :recv=>true}) :-
            (hole 0 {:hash_depth=>0, :method_arg=>true}))) :uri=
        (hole 0 {:hash_depth=>0, :method_arg=>true})) :-
      (hole 0 {:hash_depth=>0, :method_arg=>true})))
  (begin
    (send
      (send
        (begin
          (send
            (hole 0 {:hash_depth=>0, :limit_depth=>true, :recv=>true}) :-
            (hole 0 {:hash_depth=>0, :method_arg=>true}))) :uri=
        (hole 0 {:hash_depth=>0, :method_arg=>true})) :save))
  (begin
    (send
      (send
        (begin
          (send
            (hole 0 {:hash_depth=>0, :limit_depth=>true, :recv=>true}) :-
            (hole 0 {:hash_depth=>0, :method_arg=>true}))) :uri) :count))
  (begin
    (send
      (send
        (begin
          (send
            (hole 0 {:hash_depth=>0, :limit_depth=>true, :recv=>true}) :-
            (hole 0 {:hash_depth=>0, :method_arg=>true}))) :uri) :-
      (hole 0 {:hash_depth=>0, :method_arg=>true})))
  (begin
    (send
      (send
        (begin
          (send
            (hole 0 {:hash_depth=>0, :limit_depth=>true, :recv=>true}) :-
            (hole 0 {:hash_depth=>0, :method_arg=>true}))) :uri) :save))
  (begin
    (send
      (send
        (begin
          (send
            (hole 0 {:hash_depth=>0, :limit_depth=>true, :recv=>true}) :-
            (hole 0 {:hash_depth=>0, :method_arg=>true}))) :username=
        (hole 0 {:hash_depth=>0, :method_arg=>true})) :count))
  (begin
    (send
      (send
        (begin
          (send
            (hole 0 {:hash_depth=>0, :limit_depth=>true, :recv=>true}) :-
            (hole 0 {:hash_depth=>0, :method_arg=>true}))) :username=
        (hole 0 {:hash_depth=>0, :method_arg=>true})) :-
      (hole 0 {:hash_depth=>0, :method_arg=>true})))
  (begin
    (send
      (send
        (begin
          (send
            (hole 0 {:hash_depth=>0, :limit_depth=>true, :recv=>true}) :-
            (hole 0 {:hash_depth=>0, :method_arg=>true}))) :username=
        (hole 0 {:hash_depth=>0, :method_arg=>true})) :save))
  (begin
    (send
      (send
        (begin
          (send
            (hole 0 {:hash_depth=>0, :limit_depth=>true, :recv=>true}) :-
            (hole 0 {:hash_depth=>0, :method_arg=>true}))) :username) :count))
  (begin
    (send
      (send
        (begin
          (send
            (hole 0 {:hash_depth=>0, :limit_depth=>true, :recv=>true}) :-
            (hole 0 {:hash_depth=>0, :method_arg=>true}))) :username) :-
      (hole 0 {:hash_depth=>0, :method_arg=>true})))
  (begin
    (send
      (send
        (begin
          (send
            (hole 0 {:hash_depth=>0, :limit_depth=>true, :recv=>true}) :-
            (hole 0 {:hash_depth=>0, :method_arg=>true}))) :username) :save))
  (begin
    (send
      (send
        (begin
          (send
            (hole 0 {:hash_depth=>0, :limit_depth=>true, :recv=>true}) :-
            (hole 0 {:hash_depth=>0, :method_arg=>true}))) :note=
        (hole 0 {:hash_depth=>0, :method_arg=>true})) :count))
  (begin
    (send
      (send
        (begin
          (send
            (hole 0 {:hash_depth=>0, :limit_depth=>true, :recv=>true}) :-
            (hole 0 {:hash_depth=>0, :method_arg=>true}))) :note=
        (hole 0 {:hash_depth=>0, :method_arg=>true})) :-
      (hole 0 {:hash_depth=>0, :method_arg=>true})))
  (begin
    (send
      (send
        (begin
          (send
            (hole 0 {:hash_depth=>0, :limit_depth=>true, :recv=>true}) :-
            (hole 0 {:hash_depth=>0, :method_arg=>true}))) :note=
        (hole 0 {:hash_depth=>0, :method_arg=>true})) :save))
  (begin
    (send
      (send
        (begin
          (send
            (hole 0 {:hash_depth=>0, :limit_depth=>true, :recv=>true}) :-
            (hole 0 {:hash_depth=>0, :method_arg=>true}))) :note) :count))
  (begin
    (send
      (send
        (begin
          (send
            (hole 0 {:hash_depth=>0, :limit_depth=>true, :recv=>true}) :-
            (hole 0 {:hash_depth=>0, :method_arg=>true}))) :note) :-
      (hole 0 {:hash_depth=>0, :method_arg=>true})))
  (begin
    (send
      (send
        (begin
          (send
            (hole 0 {:hash_depth=>0, :limit_depth=>true, :recv=>true}) :-
            (hole 0 {:hash_depth=>0, :method_arg=>true}))) :note) :save))
  (begin
    (send
      (send
        (begin
          (send
            (hole 0 {:hash_depth=>0, :limit_depth=>true, :recv=>true}) :-
            (hole 0 {:hash_depth=>0, :method_arg=>true}))) :mastodon_account_stat) :count))
  (begin
    (send
      (send
        (begin
          (send
            (hole 0 {:hash_depth=>0, :limit_depth=>true, :recv=>true}) :-
            (hole 0 {:hash_depth=>0, :method_arg=>true}))) :mastodon_account_stat) :-
      (hole 0 {:hash_depth=>0, :method_arg=>true})))
  (begin
    (send
      (send
        (begin
          (send
            (hole 0 {:hash_depth=>0, :limit_depth=>true, :recv=>true}) :-
            (hole 0 {:hash_depth=>0, :method_arg=>true}))) :mastodon_account_stat) :save))
  (begin
    (send
      (send
        (begin
          (send
            (hole 0 {:hash_depth=>0, :limit_depth=>true, :recv=>true}) :-
            (hole 0 {:hash_depth=>0, :method_arg=>true}))) :mastodon_account_stat=
        (hole 0 {:hash_depth=>0, :method_arg=>true})) :count))
  (begin
    (send
      (send
        (begin
          (send
            (hole 0 {:hash_depth=>0, :limit_depth=>true, :recv=>true}) :-
            (hole 0 {:hash_depth=>0, :method_arg=>true}))) :mastodon_account_stat=
        (hole 0 {:hash_depth=>0, :method_arg=>true})) :-
      (hole 0 {:hash_depth=>0, :method_arg=>true})))
  (begin
    (send
      (send
        (begin
          (send
            (hole 0 {:hash_depth=>0, :limit_depth=>true, :recv=>true}) :-
            (hole 0 {:hash_depth=>0, :method_arg=>true}))) :mastodon_account_stat=
        (hole 0 {:hash_depth=>0, :method_arg=>true})) :save))
  (begin
    (send
      (send
        (begin
          (send
            (hole 0 {:hash_depth=>0, :limit_depth=>true, :recv=>true}) :-
            (hole 0 {:hash_depth=>0, :method_arg=>true}))) :active_relationships) :count))
  (begin
    (send
      (send
        (begin
          (send
            (hole 0 {:hash_depth=>0, :limit_depth=>true, :recv=>true}) :-
            (hole 0 {:hash_depth=>0, :method_arg=>true}))) :active_relationships) :-
      (hole 0 {:hash_depth=>0, :method_arg=>true})))
  (begin
    (send
      (send
        (begin
          (send
            (hole 0 {:hash_depth=>0, :limit_depth=>true, :recv=>true}) :-
            (hole 0 {:hash_depth=>0, :method_arg=>true}))) :active_relationships) :save))
  (begin
    (send
      (send
        (begin
          (send
            (hole 0 {:hash_depth=>0, :limit_depth=>true, :recv=>true}) :-
            (hole 0 {:hash_depth=>0, :method_arg=>true}))) :active_relationships=
        (hole 0 {:hash_depth=>0, :method_arg=>true})) :count))
  (begin
    (send
      (send
        (begin
          (send
            (hole 0 {:hash_depth=>0, :limit_depth=>true, :recv=>true}) :-
            (hole 0 {:hash_depth=>0, :method_arg=>true}))) :active_relationships=
        (hole 0 {:hash_depth=>0, :method_arg=>true})) :-
      (hole 0 {:hash_depth=>0, :method_arg=>true})))
  (begin
    (send
      (send
        (begin
          (send
            (hole 0 {:hash_depth=>0, :limit_depth=>true, :recv=>true}) :-
            (hole 0 {:hash_depth=>0, :method_arg=>true}))) :active_relationships=
        (hole 0 {:hash_depth=>0, :method_arg=>true})) :save))
  (begin
    (send
      (send
        (begin
          (send
            (hole 0 {:hash_depth=>0, :limit_depth=>true, :recv=>true}) :-
            (hole 0 {:hash_depth=>0, :method_arg=>true}))) :passive_relationships) :count))
  (begin
    (send
      (send
        (begin
          (send
            (hole 0 {:hash_depth=>0, :limit_depth=>true, :recv=>true}) :-
            (hole 0 {:hash_depth=>0, :method_arg=>true}))) :passive_relationships) :-
      (hole 0 {:hash_depth=>0, :method_arg=>true})))
  (begin
    (send
      (send
        (begin
          (send
            (hole 0 {:hash_depth=>0, :limit_depth=>true, :recv=>true}) :-
            (hole 0 {:hash_depth=>0, :method_arg=>true}))) :passive_relationships) :save))
  (begin
    (send
      (send
        (begin
          (send
            (hole 0 {:hash_depth=>0, :limit_depth=>true, :recv=>true}) :-
            (hole 0 {:hash_depth=>0, :method_arg=>true}))) :passive_relationships=
        (hole 0 {:hash_depth=>0, :method_arg=>true})) :count))
  (begin
    (send
      (send
        (begin
          (send
            (hole 0 {:hash_depth=>0, :limit_depth=>true, :recv=>true}) :-
            (hole 0 {:hash_depth=>0, :method_arg=>true}))) :passive_relationships=
        (hole 0 {:hash_depth=>0, :method_arg=>true})) :-
      (hole 0 {:hash_depth=>0, :method_arg=>true})))
  (begin
    (send
      (send
        (begin
          (send
            (hole 0 {:hash_depth=>0, :limit_depth=>true, :recv=>true}) :-
            (hole 0 {:hash_depth=>0, :method_arg=>true}))) :passive_relationships=
        (hole 0 {:hash_depth=>0, :method_arg=>true})) :save))
  (begin
    (send
      (send
        (begin
          (send
            (hole 0 {:hash_depth=>0, :limit_depth=>true, :recv=>true}) :-
            (hole 0 {:hash_depth=>0, :method_arg=>true}))) :mastodon_statuses) :count))
  (begin
    (send
      (send
        (begin
          (send
            (hole 0 {:hash_depth=>0, :limit_depth=>true, :recv=>true}) :-
            (hole 0 {:hash_depth=>0, :method_arg=>true}))) :mastodon_statuses) :-
      (hole 0 {:hash_depth=>0, :method_arg=>true})))
  (begin
    (send
      (send
        (begin
          (send
            (hole 0 {:hash_depth=>0, :limit_depth=>true, :recv=>true}) :-
            (hole 0 {:hash_depth=>0, :method_arg=>true}))) :mastodon_statuses) :save))
  (begin
    (send
      (send
        (begin
          (send
            (hole 0 {:hash_depth=>0, :limit_depth=>true, :recv=>true}) :-
            (hole 0 {:hash_depth=>0, :method_arg=>true}))) :mastodon_statuses=
        (hole 0 {:hash_depth=>0, :method_arg=>true})) :count))
  (begin
    (send
      (send
        (begin
          (send
            (hole 0 {:hash_depth=>0, :limit_depth=>true, :recv=>true}) :-
            (hole 0 {:hash_depth=>0, :method_arg=>true}))) :mastodon_statuses=
        (hole 0 {:hash_depth=>0, :method_arg=>true})) :-
      (hole 0 {:hash_depth=>0, :method_arg=>true})))
  (begin
    (send
      (send
        (begin
          (send
            (hole 0 {:hash_depth=>0, :limit_depth=>true, :recv=>true}) :-
            (hole 0 {:hash_depth=>0, :method_arg=>true}))) :mastodon_statuses=
        (hole 0 {:hash_depth=>0, :method_arg=>true})) :save))
  (begin
    (send
      (send
        (begin
          (send
            (hole 0 {:hash_depth=>0, :limit_depth=>true, :recv=>true}) :-
            (hole 0 {:hash_depth=>0, :method_arg=>true}))) :updated_at=
        (hole 0 {:hash_depth=>0, :method_arg=>true})) :count))
  (begin
    (send
      (send
        (begin
          (send
            (hole 0 {:hash_depth=>0, :limit_depth=>true, :recv=>true}) :-
            (hole 0 {:hash_depth=>0, :method_arg=>true}))) :updated_at=
        (hole 0 {:hash_depth=>0, :method_arg=>true})) :-
      (hole 0 {:hash_depth=>0, :method_arg=>true})))
  (begin
    (send
      (send
        (begin
          (send
            (hole 0 {:hash_depth=>0, :limit_depth=>true, :recv=>true}) :-
            (hole 0 {:hash_depth=>0, :method_arg=>true}))) :updated_at=
        (hole 0 {:hash_depth=>0, :method_arg=>true})) :save))
  (begin
    (send
      (send
        (begin
          (send
            (hole 0 {:hash_depth=>0, :limit_depth=>true, :recv=>true}) :-
            (hole 0 {:hash_depth=>0, :method_arg=>true}))) :updated_at) :count))
  (begin
    (send
      (send
        (begin
          (send
            (hole 0 {:hash_depth=>0, :limit_depth=>true, :recv=>true}) :-
            (hole 0 {:hash_depth=>0, :method_arg=>true}))) :updated_at) :-
      (hole 0 {:hash_depth=>0, :method_arg=>true})))
  (begin
    (send
      (send
        (begin
          (send
            (hole 0 {:hash_depth=>0, :limit_depth=>true, :recv=>true}) :-
            (hole 0 {:hash_depth=>0, :method_arg=>true}))) :updated_at) :save))
  (begin
    (send
      (send
        (begin
          (send
            (hole 0 {:hash_depth=>0, :limit_depth=>true, :recv=>true}) :-
            (hole 0 {:hash_depth=>0, :method_arg=>true}))) :scheduled_check=
        (hole 0 {:hash_depth=>0, :method_arg=>true})) :count))
  (begin
    (send
      (send
        (begin
          (send
            (hole 0 {:hash_depth=>0, :limit_depth=>true, :recv=>true}) :-
            (hole 0 {:hash_depth=>0, :method_arg=>true}))) :scheduled_check=
        (hole 0 {:hash_depth=>0, :method_arg=>true})) :-
      (hole 0 {:hash_depth=>0, :method_arg=>true})))
  (begin
    (send
      (send
        (begin
          (send
            (hole 0 {:hash_depth=>0, :limit_depth=>true, :recv=>true}) :-
            (hole 0 {:hash_depth=>0, :method_arg=>true}))) :scheduled_check=
        (hole 0 {:hash_depth=>0, :method_arg=>true})) :save))
  (begin
    (send
      (send
        (begin
          (send
            (hole 0 {:hash_depth=>0, :limit_depth=>true, :recv=>true}) :-
            (hole 0 {:hash_depth=>0, :method_arg=>true}))) :scheduled_check) :count))
  (begin
    (send
      (send
        (begin
          (send
            (hole 0 {:hash_depth=>0, :limit_depth=>true, :recv=>true}) :-
            (hole 0 {:hash_depth=>0, :method_arg=>true}))) :scheduled_check) :-
      (hole 0 {:hash_depth=>0, :method_arg=>true})))
  (begin
    (send
      (send
        (begin
          (send
            (hole 0 {:hash_depth=>0, :limit_depth=>true, :recv=>true}) :-
            (hole 0 {:hash_depth=>0, :method_arg=>true}))) :scheduled_check) :save))
  (begin
    (send
      (send
        (begin
          (send
            (hole 0 {:hash_depth=>0, :limit_depth=>true, :recv=>true}) :-
            (hole 0 {:hash_depth=>0, :method_arg=>true}))) :status=
        (hole 0 {:hash_depth=>0, :method_arg=>true})) :-
      (hole 0 {:hash_depth=>0, :method_arg=>true})))
  (begin
    (send
      (send
        (begin
          (send
            (hole 0 {:hash_depth=>0, :limit_depth=>true, :recv=>true}) :-
            (hole 0 {:hash_depth=>0, :method_arg=>true}))) :status=
        (hole 0 {:hash_depth=>0, :method_arg=>true})) :-
      (hole 0 {:hash_depth=>0, :method_arg=>true})))
  (begin
    (send
      (send
        (begin
          (send
            (hole 0 {:hash_depth=>0, :limit_depth=>true, :recv=>true}) :-
            (hole 0 {:hash_depth=>0, :method_arg=>true}))) :status=
        (hole 0 {:hash_depth=>0, :method_arg=>true})) :-
      (hole 0 {:hash_depth=>0, :method_arg=>true})))
  (begin
    (send
      (send
        (begin
          (send
            (hole 0 {:hash_depth=>0, :limit_depth=>true, :recv=>true}) :-
            (hole 0 {:hash_depth=>0, :method_arg=>true}))) :status=
        (hole 0 {:hash_depth=>0, :method_arg=>true})) :count))
  (begin
    (send
      (send
        (begin
          (send
            (hole 0 {:hash_depth=>0, :limit_depth=>true, :recv=>true}) :-
            (hole 0 {:hash_depth=>0, :method_arg=>true}))) :status=
        (hole 0 {:hash_depth=>0, :method_arg=>true})) :save))
  (begin
    (send
      (send
        (begin
          (send
            (hole 0 {:hash_depth=>0, :limit_depth=>true, :recv=>true}) :-
            (hole 0 {:hash_depth=>0, :method_arg=>true}))) :status) :-
      (hole 0 {:hash_depth=>0, :method_arg=>true})))
  (begin
    (send
      (send
        (begin
          (send
            (hole 0 {:hash_depth=>0, :limit_depth=>true, :recv=>true}) :-
            (hole 0 {:hash_depth=>0, :method_arg=>true}))) :status) :-
      (hole 0 {:hash_depth=>0, :method_arg=>true})))
  (begin
    (send
      (send
        (begin
          (send
            (hole 0 {:hash_depth=>0, :limit_depth=>true, :recv=>true}) :-
            (hole 0 {:hash_depth=>0, :method_arg=>true}))) :status) :-
      (hole 0 {:hash_depth=>0, :method_arg=>true})))
  (begin
    (send
      (send
        (begin
          (send
            (hole 0 {:hash_depth=>0, :limit_depth=>true, :recv=>true}) :-
            (hole 0 {:hash_depth=>0, :method_arg=>true}))) :status) :count))
  (begin
    (send
      (send
        (begin
          (send
            (hole 0 {:hash_depth=>0, :limit_depth=>true, :recv=>true}) :-
            (hole 0 {:hash_depth=>0, :method_arg=>true}))) :status) :save))
  (begin
    (send
      (send
        (begin
          (send
            (hole 0 {:hash_depth=>0, :limit_depth=>true, :recv=>true}) :-
            (hole 0 {:hash_depth=>0, :method_arg=>true}))) :invited_by_id=
        (hole 0 {:hash_depth=>0, :method_arg=>true})) :-
      (hole 0 {:hash_depth=>0, :method_arg=>true})))
  (begin
    (send
      (send
        (begin
          (send
            (hole 0 {:hash_depth=>0, :limit_depth=>true, :recv=>true}) :-
            (hole 0 {:hash_depth=>0, :method_arg=>true}))) :invited_by_id=
        (hole 0 {:hash_depth=>0, :method_arg=>true})) :-
      (hole 0 {:hash_depth=>0, :method_arg=>true})))
  (begin
    (send
      (send
        (begin
          (send
            (hole 0 {:hash_depth=>0, :limit_depth=>true, :recv=>true}) :-
            (hole 0 {:hash_depth=>0, :method_arg=>true}))) :invited_by_id=
        (hole 0 {:hash_depth=>0, :method_arg=>true})) :-
      (hole 0 {:hash_depth=>0, :method_arg=>true})))
  (begin
    (send
      (send
        (begin
          (send
            (hole 0 {:hash_depth=>0, :limit_depth=>true, :recv=>true}) :-
            (hole 0 {:hash_depth=>0, :method_arg=>true}))) :invited_by_id=
        (hole 0 {:hash_depth=>0, :method_arg=>true})) :count))
  (begin
    (send
      (send
        (begin
          (send
            (hole 0 {:hash_depth=>0, :limit_depth=>true, :recv=>true}) :-
            (hole 0 {:hash_depth=>0, :method_arg=>true}))) :invited_by_id=
        (hole 0 {:hash_depth=>0, :method_arg=>true})) :save))
  (begin
    (send
      (send
        (begin
          (send
            (hole 0 {:hash_depth=>0, :limit_depth=>true, :recv=>true}) :-
            (hole 0 {:hash_depth=>0, :method_arg=>true}))) :invited_by_id) :-
      (hole 0 {:hash_depth=>0, :method_arg=>true})))
  (begin
    (send
      (send
        (begin
          (send
            (hole 0 {:hash_depth=>0, :limit_depth=>true, :recv=>true}) :-
            (hole 0 {:hash_depth=>0, :method_arg=>true}))) :invited_by_id) :-
      (hole 0 {:hash_depth=>0, :method_arg=>true})))
  (begin
    (send
      (send
        (begin
          (send
            (hole 0 {:hash_depth=>0, :limit_depth=>true, :recv=>true}) :-
            (hole 0 {:hash_depth=>0, :method_arg=>true}))) :invited_by_id) :-
      (hole 0 {:hash_depth=>0, :method_arg=>true})))
  (begin
    (send
      (send
        (begin
          (send
            (hole 0 {:hash_depth=>0, :limit_depth=>true, :recv=>true}) :-
            (hole 0 {:hash_depth=>0, :method_arg=>true}))) :invited_by_id) :count))
  (begin
    (send
      (send
        (begin
          (send
            (hole 0 {:hash_depth=>0, :limit_depth=>true, :recv=>true}) :-
            (hole 0 {:hash_depth=>0, :method_arg=>true}))) :invited_by_id) :save))
  (begin
    (send
      (send
        (begin
          (send
            (hole 0 {:hash_depth=>0, :limit_depth=>true, :recv=>true}) :-
            (hole 0 {:hash_depth=>0, :method_arg=>true}))) :confirm_email_token=
        (hole 0 {:hash_depth=>0, :method_arg=>true})) :count))
  (begin
    (send
      (send
        (begin
          (send
            (hole 0 {:hash_depth=>0, :limit_depth=>true, :recv=>true}) :-
            (hole 0 {:hash_depth=>0, :method_arg=>true}))) :confirm_email_token=
        (hole 0 {:hash_depth=>0, :method_arg=>true})) :-
      (hole 0 {:hash_depth=>0, :method_arg=>true})))
  (begin
    (send
      (send
        (begin
          (send
            (hole 0 {:hash_depth=>0, :limit_depth=>true, :recv=>true}) :-
            (hole 0 {:hash_depth=>0, :method_arg=>true}))) :confirm_email_token=
        (hole 0 {:hash_depth=>0, :method_arg=>true})) :save))
  (begin
    (send
      (send
        (begin
          (send
            (hole 0 {:hash_depth=>0, :limit_depth=>true, :recv=>true}) :-
            (hole 0 {:hash_depth=>0, :method_arg=>true}))) :confirm_email_token) :count))
  (begin
    (send
      (send
        (begin
          (send
            (hole 0 {:hash_depth=>0, :limit_depth=>true, :recv=>true}) :-
            (hole 0 {:hash_depth=>0, :method_arg=>true}))) :confirm_email_token) :-
      (hole 0 {:hash_depth=>0, :method_arg=>true})))
  (begin
    (send
      (send
        (begin
          (send
            (hole 0 {:hash_depth=>0, :limit_depth=>true, :recv=>true}) :-
            (hole 0 {:hash_depth=>0, :method_arg=>true}))) :confirm_email_token) :save))
  (begin
    (send
      (send
        (begin
          (send
            (hole 0 {:hash_depth=>0, :limit_depth=>true, :recv=>true}) :-
            (hole 0 {:hash_depth=>0, :method_arg=>true}))) :unconfirmed_email=
        (hole 0 {:hash_depth=>0, :method_arg=>true})) :count))
  (begin
    (send
      (send
        (begin
          (send
            (hole 0 {:hash_depth=>0, :limit_depth=>true, :recv=>true}) :-
            (hole 0 {:hash_depth=>0, :method_arg=>true}))) :unconfirmed_email=
        (hole 0 {:hash_depth=>0, :method_arg=>true})) :-
      (hole 0 {:hash_depth=>0, :method_arg=>true})))
  (begin
    (send
      (send
        (begin
          (send
            (hole 0 {:hash_depth=>0, :limit_depth=>true, :recv=>true}) :-
            (hole 0 {:hash_depth=>0, :method_arg=>true}))) :unconfirmed_email=
        (hole 0 {:hash_depth=>0, :method_arg=>true})) :save))
  (begin
    (send
      (send
        (begin
          (send
            (hole 0 {:hash_depth=>0, :limit_depth=>true, :recv=>true}) :-
            (hole 0 {:hash_depth=>0, :method_arg=>true}))) :unconfirmed_email) :count))
  (begin
    (send
      (send
        (begin
          (send
            (hole 0 {:hash_depth=>0, :limit_depth=>true, :recv=>true}) :-
            (hole 0 {:hash_depth=>0, :method_arg=>true}))) :unconfirmed_email) :-
      (hole 0 {:hash_depth=>0, :method_arg=>true})))
  (begin
    (send
      (send
        (begin
          (send
            (hole 0 {:hash_depth=>0, :limit_depth=>true, :recv=>true}) :-
            (hole 0 {:hash_depth=>0, :method_arg=>true}))) :unconfirmed_email) :save))
  (begin
    (send
      (send
        (begin
          (send
            (hole 0 {:hash_depth=>0, :limit_depth=>true, :recv=>true}) :-
            (hole 0 {:hash_depth=>0, :method_arg=>true}))) :invited_by) :count))
  (begin
    (send
      (send
        (begin
          (send
            (hole 0 {:hash_depth=>0, :limit_depth=>true, :recv=>true}) :-
            (hole 0 {:hash_depth=>0, :method_arg=>true}))) :invited_by) :-
      (hole 0 {:hash_depth=>0, :method_arg=>true})))
  (begin
    (send
      (send
        (begin
          (send
            (hole 0 {:hash_depth=>0, :limit_depth=>true, :recv=>true}) :-
            (hole 0 {:hash_depth=>0, :method_arg=>true}))) :invited_by) :save))
  (begin
    (send
      (send
        (begin
          (send
            (hole 0 {:hash_depth=>0, :limit_depth=>true, :recv=>true}) :-
            (hole 0 {:hash_depth=>0, :method_arg=>true}))) :invited_by=
        (hole 0 {:hash_depth=>0, :method_arg=>true})) :count))
  (begin
    (send
      (send
        (begin
          (send
            (hole 0 {:hash_depth=>0, :limit_depth=>true, :recv=>true}) :-
            (hole 0 {:hash_depth=>0, :method_arg=>true}))) :invited_by=
        (hole 0 {:hash_depth=>0, :method_arg=>true})) :-
      (hole 0 {:hash_depth=>0, :method_arg=>true})))
  (begin
    (send
      (send
        (begin
          (send
            (hole 0 {:hash_depth=>0, :limit_depth=>true, :recv=>true}) :-
            (hole 0 {:hash_depth=>0, :method_arg=>true}))) :invited_by=
        (hole 0 {:hash_depth=>0, :method_arg=>true})) :save))
  (begin
    (send
      (send
        (begin
          (send
            (hole 0 {:hash_depth=>0, :limit_depth=>true, :recv=>true}) :-
            (hole 0 {:hash_depth=>0, :method_arg=>true}))) :invited_users) :count))
  (begin
    (send
      (send
        (begin
          (send
            (hole 0 {:hash_depth=>0, :limit_depth=>true, :recv=>true}) :-
            (hole 0 {:hash_depth=>0, :method_arg=>true}))) :invited_users) :-
      (hole 0 {:hash_depth=>0, :method_arg=>true})))
  (begin
    (send
      (send
        (begin
          (send
            (hole 0 {:hash_depth=>0, :limit_depth=>true, :recv=>true}) :-
            (hole 0 {:hash_depth=>0, :method_arg=>true}))) :invited_users) :save))
  (begin
    (send
      (send
        (begin
          (send
            (hole 0 {:hash_depth=>0, :limit_depth=>true, :recv=>true}) :-
            (hole 0 {:hash_depth=>0, :method_arg=>true}))) :invited_users=
        (hole 0 {:hash_depth=>0, :method_arg=>true})) :count))
  (begin
    (send
      (send
        (begin
          (send
            (hole 0 {:hash_depth=>0, :limit_depth=>true, :recv=>true}) :-
            (hole 0 {:hash_depth=>0, :method_arg=>true}))) :invited_users=
        (hole 0 {:hash_depth=>0, :method_arg=>true})) :-
      (hole 0 {:hash_depth=>0, :method_arg=>true})))
  (begin
    (send
      (send
        (begin
          (send
            (hole 0 {:hash_depth=>0, :limit_depth=>true, :recv=>true}) :-
            (hole 0 {:hash_depth=>0, :method_arg=>true}))) :invited_users=
        (hole 0 {:hash_depth=>0, :method_arg=>true})) :save))
  (begin
    (send
      (send
        (begin
          (send
            (hole 0 {:hash_depth=>0, :limit_depth=>true, :recv=>true}) :-
            (hole 0 {:hash_depth=>0, :method_arg=>true}))) :diaspora_user_id=
        (hole 0 {:hash_depth=>0, :method_arg=>true})) :-
      (hole 0 {:hash_depth=>0, :method_arg=>true})))
  (begin
    (send
      (send
        (begin
          (send
            (hole 0 {:hash_depth=>0, :limit_depth=>true, :recv=>true}) :-
            (hole 0 {:hash_depth=>0, :method_arg=>true}))) :diaspora_user_id=
        (hole 0 {:hash_depth=>0, :method_arg=>true})) :-
      (hole 0 {:hash_depth=>0, :method_arg=>true})))
  (begin
    (send
      (send
        (begin
          (send
            (hole 0 {:hash_depth=>0, :limit_depth=>true, :recv=>true}) :-
            (hole 0 {:hash_depth=>0, :method_arg=>true}))) :diaspora_user_id=
        (hole 0 {:hash_depth=>0, :method_arg=>true})) :-
      (hole 0 {:hash_depth=>0, :method_arg=>true})))
  (begin
    (send
      (send
        (begin
          (send
            (hole 0 {:hash_depth=>0, :limit_depth=>true, :recv=>true}) :-
            (hole 0 {:hash_depth=>0, :method_arg=>true}))) :diaspora_user_id=
        (hole 0 {:hash_depth=>0, :method_arg=>true})) :count))
  (begin
    (send
      (send
        (begin
          (send
            (hole 0 {:hash_depth=>0, :limit_depth=>true, :recv=>true}) :-
            (hole 0 {:hash_depth=>0, :method_arg=>true}))) :diaspora_user_id=
        (hole 0 {:hash_depth=>0, :method_arg=>true})) :save))
  (begin
    (send
      (send
        (begin
          (send
            (hole 0 {:hash_depth=>0, :limit_depth=>true, :recv=>true}) :-
            (hole 0 {:hash_depth=>0, :method_arg=>true}))) :diaspora_user_id) :-
      (hole 0 {:hash_depth=>0, :method_arg=>true})))
  (begin
    (send
      (send
        (begin
          (send
            (hole 0 {:hash_depth=>0, :limit_depth=>true, :recv=>true}) :-
            (hole 0 {:hash_depth=>0, :method_arg=>true}))) :diaspora_user_id) :-
      (hole 0 {:hash_depth=>0, :method_arg=>true})))
  (begin
    (send
      (send
        (begin
          (send
            (hole 0 {:hash_depth=>0, :limit_depth=>true, :recv=>true}) :-
            (hole 0 {:hash_depth=>0, :method_arg=>true}))) :diaspora_user_id) :-
      (hole 0 {:hash_depth=>0, :method_arg=>true})))
  (begin
    (send
      (send
        (begin
          (send
            (hole 0 {:hash_depth=>0, :limit_depth=>true, :recv=>true}) :-
            (hole 0 {:hash_depth=>0, :method_arg=>true}))) :diaspora_user_id) :count))
  (begin
    (send
      (send
        (begin
          (send
            (hole 0 {:hash_depth=>0, :limit_depth=>true, :recv=>true}) :-
            (hole 0 {:hash_depth=>0, :method_arg=>true}))) :diaspora_user_id) :save))
  (begin
    (send
      (send
        (begin
          (send
            (hole 0 {:hash_depth=>0, :limit_depth=>true, :recv=>true}) :-
            (hole 0 {:hash_depth=>0, :method_arg=>true}))) :count=
        (hole 0 {:hash_depth=>0, :method_arg=>true})) :-
      (hole 0 {:hash_depth=>0, :method_arg=>true})))
  (begin
    (send
      (send
        (begin
          (send
            (hole 0 {:hash_depth=>0, :limit_depth=>true, :recv=>true}) :-
            (hole 0 {:hash_depth=>0, :method_arg=>true}))) :count=
        (hole 0 {:hash_depth=>0, :method_arg=>true})) :-
      (hole 0 {:hash_depth=>0, :method_arg=>true})))
  (begin
    (send
      (send
        (begin
          (send
            (hole 0 {:hash_depth=>0, :limit_depth=>true, :recv=>true}) :-
            (hole 0 {:hash_depth=>0, :method_arg=>true}))) :count=
        (hole 0 {:hash_depth=>0, :method_arg=>true})) :-
      (hole 0 {:hash_depth=>0, :method_arg=>true})))
  (begin
    (send
      (send
        (begin
          (send
            (hole 0 {:hash_depth=>0, :limit_depth=>true, :recv=>true}) :-
            (hole 0 {:hash_depth=>0, :method_arg=>true}))) :count=
        (hole 0 {:hash_depth=>0, :method_arg=>true})) :count))
  (begin
    (send
      (send
        (begin
          (send
            (hole 0 {:hash_depth=>0, :limit_depth=>true, :recv=>true}) :-
            (hole 0 {:hash_depth=>0, :method_arg=>true}))) :count=
        (hole 0 {:hash_depth=>0, :method_arg=>true})) :save))
  (begin
    (send
      (begin
        (send
          (begin
            (send
              (hole 0 {:hash_depth=>0, :limit_depth=>true, :recv=>true}) :-
              (hole 0 {:hash_depth=>0, :method_arg=>true}))) :count)) :-
      (hole 0 {:hash_depth=>0, :method_arg=>true})))
  (begin
    (send
      (begin
        (send
          (begin
            (send
              (hole 0 {:hash_depth=>0, :limit_depth=>true, :recv=>true}) :-
              (hole 0 {:hash_depth=>0, :method_arg=>true}))) :count)) :-
      (hole 0 {:hash_depth=>0, :method_arg=>true})))
  (begin
    (send
      (begin
        (send
          (begin
            (send
              (hole 0 {:hash_depth=>0, :limit_depth=>true, :recv=>true}) :-
              (hole 0 {:hash_depth=>0, :method_arg=>true}))) :count)) :-
      (hole 0 {:hash_depth=>0, :method_arg=>true})))
  (begin
    (send
      (begin
        (send
          (begin
            (send
              (hole 0 {:hash_depth=>0, :limit_depth=>true, :recv=>true}) :-
              (hole 0 {:hash_depth=>0, :method_arg=>true}))) :count)) :-
      (hole 0 {:hash_depth=>0, :method_arg=>true})))
  (begin
    (send
      (begin
        (send
          (begin
            (send
              (hole 0 {:hash_depth=>0, :limit_depth=>true, :recv=>true}) :-
              (hole 0 {:hash_depth=>0, :method_arg=>true}))) :count)) :-
      (hole 0 {:hash_depth=>0, :method_arg=>true})))
  (begin
    (send
      (begin
        (send
          (begin
            (send
              (hole 0 {:hash_depth=>0, :limit_depth=>true, :recv=>true}) :-
              (hole 0 {:hash_depth=>0, :method_arg=>true}))) :count)) :-
      (hole 0 {:hash_depth=>0, :method_arg=>true})))
  (begin
    (send
      (begin
        (send
          (begin
            (send
              (hole 0 {:hash_depth=>0, :limit_depth=>true, :recv=>true}) :-
              (hole 0 {:hash_depth=>0, :method_arg=>true}))) :count)) :-
      (hole 0 {:hash_depth=>0, :method_arg=>true})))
  (begin
    (send
      (begin
        (send
          (begin
            (send
              (hole 0 {:hash_depth=>0, :limit_depth=>true, :recv=>true}) :-
              (hole 0 {:hash_depth=>0, :method_arg=>true}))) :count)) :-
      (hole 0 {:hash_depth=>0, :method_arg=>true})))
  (begin
    (send
      (begin
        (send
          (begin
            (send
              (hole 0 {:hash_depth=>0, :limit_depth=>true, :recv=>true}) :-
              (hole 0 {:hash_depth=>0, :method_arg=>true}))) :count)) :-
      (hole 0 {:hash_depth=>0, :method_arg=>true})))
  (begin
    (send
      (begin
        (send
          (begin
            (send
              (hole 0 {:hash_depth=>0, :limit_depth=>true, :recv=>true}) :-
              (hole 0 {:hash_depth=>0, :method_arg=>true}))) :count)) :count))
  (begin
    (send
      (begin
        (send
          (begin
            (send
              (hole 0 {:hash_depth=>0, :limit_depth=>true, :recv=>true}) :-
              (hole 0 {:hash_depth=>0, :method_arg=>true}))) :count)) :count))
  (begin
    (send
      (begin
        (send
          (begin
            (send
              (hole 0 {:hash_depth=>0, :limit_depth=>true, :recv=>true}) :-
              (hole 0 {:hash_depth=>0, :method_arg=>true}))) :count)) :count))
  (begin
    (send
      (begin
        (send
          (begin
            (send
              (hole 0 {:hash_depth=>0, :limit_depth=>true, :recv=>true}) :-
              (hole 0 {:hash_depth=>0, :method_arg=>true}))) :count)) :save))
  (begin
    (send
      (begin
        (send
          (begin
            (send
              (hole 0 {:hash_depth=>0, :limit_depth=>true, :recv=>true}) :-
              (hole 0 {:hash_depth=>0, :method_arg=>true}))) :count)) :save))
  (begin
    (send
      (begin
        (send
          (begin
            (send
              (hole 0 {:hash_depth=>0, :limit_depth=>true, :recv=>true}) :-
              (hole 0 {:hash_depth=>0, :method_arg=>true}))) :count)) :save))
  (begin
    (send
      (send
        (begin
          (send
            (hole 0 {:hash_depth=>0, :limit_depth=>true, :recv=>true}) :-
            (hole 0 {:hash_depth=>0, :method_arg=>true}))) :diaspora_user) :count))
  (begin
    (send
      (send
        (begin
          (send
            (hole 0 {:hash_depth=>0, :limit_depth=>true, :recv=>true}) :-
            (hole 0 {:hash_depth=>0, :method_arg=>true}))) :diaspora_user) :-
      (hole 0 {:hash_depth=>0, :method_arg=>true})))
  (begin
    (send
      (send
        (begin
          (send
            (hole 0 {:hash_depth=>0, :limit_depth=>true, :recv=>true}) :-
            (hole 0 {:hash_depth=>0, :method_arg=>true}))) :diaspora_user) :save))
  (begin
    (send
      (send
        (begin
          (send
            (hole 0 {:hash_depth=>0, :limit_depth=>true, :recv=>true}) :-
            (hole 0 {:hash_depth=>0, :method_arg=>true}))) :diaspora_user=
        (hole 0 {:hash_depth=>0, :method_arg=>true})) :count))
  (begin
    (send
      (send
        (begin
          (send
            (hole 0 {:hash_depth=>0, :limit_depth=>true, :recv=>true}) :-
            (hole 0 {:hash_depth=>0, :method_arg=>true}))) :diaspora_user=
        (hole 0 {:hash_depth=>0, :method_arg=>true})) :-
      (hole 0 {:hash_depth=>0, :method_arg=>true})))
  (begin
    (send
      (send
        (begin
          (send
            (hole 0 {:hash_depth=>0, :limit_depth=>true, :recv=>true}) :-
            (hole 0 {:hash_depth=>0, :method_arg=>true}))) :diaspora_user=
        (hole 0 {:hash_depth=>0, :method_arg=>true})) :save))
  (begin
    (send
      (send
        (begin
          (send
            (hole 0 {:hash_depth=>0, :limit_depth=>true, :recv=>true}) :-
            (hole 0 {:hash_depth=>0, :method_arg=>true}))) :note_id=
        (hole 0 {:hash_depth=>0, :method_arg=>true})) :-
      (hole 0 {:hash_depth=>0, :method_arg=>true})))
  (begin
    (send
      (send
        (begin
          (send
            (hole 0 {:hash_depth=>0, :limit_depth=>true, :recv=>true}) :-
            (hole 0 {:hash_depth=>0, :method_arg=>true}))) :note_id=
        (hole 0 {:hash_depth=>0, :method_arg=>true})) :-
      (hole 0 {:hash_depth=>0, :method_arg=>true})))
  (begin
    (send
      (send
        (begin
          (send
            (hole 0 {:hash_depth=>0, :limit_depth=>true, :recv=>true}) :-
            (hole 0 {:hash_depth=>0, :method_arg=>true}))) :note_id=
        (hole 0 {:hash_depth=>0, :method_arg=>true})) :-
      (hole 0 {:hash_depth=>0, :method_arg=>true})))
  (begin
    (send
      (send
        (begin
          (send
            (hole 0 {:hash_depth=>0, :limit_depth=>true, :recv=>true}) :-
            (hole 0 {:hash_depth=>0, :method_arg=>true}))) :note_id=
        (hole 0 {:hash_depth=>0, :method_arg=>true})) :count))
  (begin
    (send
      (send
        (begin
          (send
            (hole 0 {:hash_depth=>0, :limit_depth=>true, :recv=>true}) :-
            (hole 0 {:hash_depth=>0, :method_arg=>true}))) :note_id=
        (hole 0 {:hash_depth=>0, :method_arg=>true})) :save))
  (begin
    (send
      (send
        (begin
          (send
            (hole 0 {:hash_depth=>0, :limit_depth=>true, :recv=>true}) :-
            (hole 0 {:hash_depth=>0, :method_arg=>true}))) :note_id) :-
      (hole 0 {:hash_depth=>0, :method_arg=>true})))
  (begin
    (send
      (send
        (begin
          (send
            (hole 0 {:hash_depth=>0, :limit_depth=>true, :recv=>true}) :-
            (hole 0 {:hash_depth=>0, :method_arg=>true}))) :note_id) :-
      (hole 0 {:hash_depth=>0, :method_arg=>true})))
  (begin
    (send
      (send
        (begin
          (send
            (hole 0 {:hash_depth=>0, :limit_depth=>true, :recv=>true}) :-
            (hole 0 {:hash_depth=>0, :method_arg=>true}))) :note_id) :-
      (hole 0 {:hash_depth=>0, :method_arg=>true})))
  (begin
    (send
      (send
        (begin
          (send
            (hole 0 {:hash_depth=>0, :limit_depth=>true, :recv=>true}) :-
            (hole 0 {:hash_depth=>0, :method_arg=>true}))) :note_id) :count))
  (begin
    (send
      (send
        (begin
          (send
            (hole 0 {:hash_depth=>0, :limit_depth=>true, :recv=>true}) :-
            (hole 0 {:hash_depth=>0, :method_arg=>true}))) :note_id) :save))
  (begin
    (send
      (send
        (begin
          (send
            (hole 0 {:hash_depth=>0, :limit_depth=>true, :recv=>true}) :-
            (hole 0 {:hash_depth=>0, :method_arg=>true}))) :noteable_id=
        (hole 0 {:hash_depth=>0, :method_arg=>true})) :-
      (hole 0 {:hash_depth=>0, :method_arg=>true})))
  (begin
    (send
      (send
        (begin
          (send
            (hole 0 {:hash_depth=>0, :limit_depth=>true, :recv=>true}) :-
            (hole 0 {:hash_depth=>0, :method_arg=>true}))) :noteable_id=
        (hole 0 {:hash_depth=>0, :method_arg=>true})) :-
      (hole 0 {:hash_depth=>0, :method_arg=>true})))
  (begin
    (send
      (send
        (begin
          (send
            (hole 0 {:hash_depth=>0, :limit_depth=>true, :recv=>true}) :-
            (hole 0 {:hash_depth=>0, :method_arg=>true}))) :noteable_id=
        (hole 0 {:hash_depth=>0, :method_arg=>true})) :-
      (hole 0 {:hash_depth=>0, :method_arg=>true})))
  (begin
    (send
      (send
        (begin
          (send
            (hole 0 {:hash_depth=>0, :limit_depth=>true, :recv=>true}) :-
            (hole 0 {:hash_depth=>0, :method_arg=>true}))) :noteable_id=
        (hole 0 {:hash_depth=>0, :method_arg=>true})) :count))
  (begin
    (send
      (send
        (begin
          (send
            (hole 0 {:hash_depth=>0, :limit_depth=>true, :recv=>true}) :-
            (hole 0 {:hash_depth=>0, :method_arg=>true}))) :noteable_id=
        (hole 0 {:hash_depth=>0, :method_arg=>true})) :save))
  (begin
    (send
      (send
        (begin
          (send
            (hole 0 {:hash_depth=>0, :limit_depth=>true, :recv=>true}) :-
            (hole 0 {:hash_depth=>0, :method_arg=>true}))) :noteable_id) :-
      (hole 0 {:hash_depth=>0, :method_arg=>true})))
  (begin
    (send
      (send
        (begin
          (send
            (hole 0 {:hash_depth=>0, :limit_depth=>true, :recv=>true}) :-
            (hole 0 {:hash_depth=>0, :method_arg=>true}))) :noteable_id) :-
      (hole 0 {:hash_depth=>0, :method_arg=>true})))
  (begin
    (send
      (send
        (begin
          (send
            (hole 0 {:hash_depth=>0, :limit_depth=>true, :recv=>true}) :-
            (hole 0 {:hash_depth=>0, :method_arg=>true}))) :noteable_id) :-
      (hole 0 {:hash_depth=>0, :method_arg=>true})))
  (begin
    (send
      (send
        (begin
          (send
            (hole 0 {:hash_depth=>0, :limit_depth=>true, :recv=>true}) :-
            (hole 0 {:hash_depth=>0, :method_arg=>true}))) :noteable_id) :count))
  (begin
    (send
      (send
        (begin
          (send
            (hole 0 {:hash_depth=>0, :limit_depth=>true, :recv=>true}) :-
            (hole 0 {:hash_depth=>0, :method_arg=>true}))) :noteable_id) :save))
  (begin
    (send
      (send
        (begin
          (send
            (hole 0 {:hash_depth=>0, :limit_depth=>true, :recv=>true}) :-
            (hole 0 {:hash_depth=>0, :method_arg=>true}))) :notes) :count))
  (begin
    (send
      (send
        (begin
          (send
            (hole 0 {:hash_depth=>0, :limit_depth=>true, :recv=>true}) :-
            (hole 0 {:hash_depth=>0, :method_arg=>true}))) :notes) :-
      (hole 0 {:hash_depth=>0, :method_arg=>true})))
  (begin
    (send
      (send
        (begin
          (send
            (hole 0 {:hash_depth=>0, :limit_depth=>true, :recv=>true}) :-
            (hole 0 {:hash_depth=>0, :method_arg=>true}))) :notes) :save))
  (begin
    (send
      (send
        (begin
          (send
            (hole 0 {:hash_depth=>0, :limit_depth=>true, :recv=>true}) :-
            (hole 0 {:hash_depth=>0, :method_arg=>true}))) :notes=
        (hole 0 {:hash_depth=>0, :method_arg=>true})) :count))
  (begin
    (send
      (send
        (begin
          (send
            (hole 0 {:hash_depth=>0, :limit_depth=>true, :recv=>true}) :-
            (hole 0 {:hash_depth=>0, :method_arg=>true}))) :notes=
        (hole 0 {:hash_depth=>0, :method_arg=>true})) :-
      (hole 0 {:hash_depth=>0, :method_arg=>true})))
  (begin
    (send
      (send
        (begin
          (send
            (hole 0 {:hash_depth=>0, :limit_depth=>true, :recv=>true}) :-
            (hole 0 {:hash_depth=>0, :method_arg=>true}))) :notes=
        (hole 0 {:hash_depth=>0, :method_arg=>true})) :save))
  (begin
    (send
      (send
        (begin
          (send
            (hole 0 {:hash_depth=>0, :limit_depth=>true, :recv=>true}) :-
            (hole 0 {:hash_depth=>0, :method_arg=>true}))) :gitlab_note_id=
        (hole 0 {:hash_depth=>0, :method_arg=>true})) :-
      (hole 0 {:hash_depth=>0, :method_arg=>true})))
  (begin
    (send
      (send
        (begin
          (send
            (hole 0 {:hash_depth=>0, :limit_depth=>true, :recv=>true}) :-
            (hole 0 {:hash_depth=>0, :method_arg=>true}))) :gitlab_note_id=
        (hole 0 {:hash_depth=>0, :method_arg=>true})) :-
      (hole 0 {:hash_depth=>0, :method_arg=>true})))
  (begin
    (send
      (send
        (begin
          (send
            (hole 0 {:hash_depth=>0, :limit_depth=>true, :recv=>true}) :-
            (hole 0 {:hash_depth=>0, :method_arg=>true}))) :gitlab_note_id=
        (hole 0 {:hash_depth=>0, :method_arg=>true})) :-
      (hole 0 {:hash_depth=>0, :method_arg=>true})))
  (begin
    (send
      (send
        (begin
          (send
            (hole 0 {:hash_depth=>0, :limit_depth=>true, :recv=>true}) :-
            (hole 0 {:hash_depth=>0, :method_arg=>true}))) :gitlab_note_id=
        (hole 0 {:hash_depth=>0, :method_arg=>true})) :count))
  (begin
    (send
      (send
        (begin
          (send
            (hole 0 {:hash_depth=>0, :limit_depth=>true, :recv=>true}) :-
            (hole 0 {:hash_depth=>0, :method_arg=>true}))) :gitlab_note_id=
        (hole 0 {:hash_depth=>0, :method_arg=>true})) :save))
  (begin
    (send
      (send
        (begin
          (send
            (hole 0 {:hash_depth=>0, :limit_depth=>true, :recv=>true}) :-
            (hole 0 {:hash_depth=>0, :method_arg=>true}))) :gitlab_note_id) :-
      (hole 0 {:hash_depth=>0, :method_arg=>true})))
  (begin
    (send
      (send
        (begin
          (send
            (hole 0 {:hash_depth=>0, :limit_depth=>true, :recv=>true}) :-
            (hole 0 {:hash_depth=>0, :method_arg=>true}))) :gitlab_note_id) :-
      (hole 0 {:hash_depth=>0, :method_arg=>true})))
  (begin
    (send
      (send
        (begin
          (send
            (hole 0 {:hash_depth=>0, :limit_depth=>true, :recv=>true}) :-
            (hole 0 {:hash_depth=>0, :method_arg=>true}))) :gitlab_note_id) :-
      (hole 0 {:hash_depth=>0, :method_arg=>true})))
  (begin
    (send
      (send
        (begin
          (send
            (hole 0 {:hash_depth=>0, :limit_depth=>true, :recv=>true}) :-
            (hole 0 {:hash_depth=>0, :method_arg=>true}))) :gitlab_note_id) :count))
  (begin
    (send
      (send
        (begin
          (send
            (hole 0 {:hash_depth=>0, :limit_depth=>true, :recv=>true}) :-
            (hole 0 {:hash_depth=>0, :method_arg=>true}))) :gitlab_note_id) :save))
  (begin
    (send
      (send
        (begin
          (send
            (hole 0 {:hash_depth=>0, :limit_depth=>true, :recv=>true}) :-
            (hole 0 {:hash_depth=>0, :method_arg=>true}))) :gitlab_discussion_id=
        (hole 0 {:hash_depth=>0, :method_arg=>true})) :-
      (hole 0 {:hash_depth=>0, :method_arg=>true})))
  (begin
    (send
      (send
        (begin
          (send
            (hole 0 {:hash_depth=>0, :limit_depth=>true, :recv=>true}) :-
            (hole 0 {:hash_depth=>0, :method_arg=>true}))) :gitlab_discussion_id=
        (hole 0 {:hash_depth=>0, :method_arg=>true})) :-
      (hole 0 {:hash_depth=>0, :method_arg=>true})))
  (begin
    (send
      (send
        (begin
          (send
            (hole 0 {:hash_depth=>0, :limit_depth=>true, :recv=>true}) :-
            (hole 0 {:hash_depth=>0, :method_arg=>true}))) :gitlab_discussion_id=
        (hole 0 {:hash_depth=>0, :method_arg=>true})) :-
      (hole 0 {:hash_depth=>0, :method_arg=>true})))
  (begin
    (send
      (send
        (begin
          (send
            (hole 0 {:hash_depth=>0, :limit_depth=>true, :recv=>true}) :-
            (hole 0 {:hash_depth=>0, :method_arg=>true}))) :gitlab_discussion_id=
        (hole 0 {:hash_depth=>0, :method_arg=>true})) :count))
  (begin
    (send
      (send
        (begin
          (send
            (hole 0 {:hash_depth=>0, :limit_depth=>true, :recv=>true}) :-
            (hole 0 {:hash_depth=>0, :method_arg=>true}))) :gitlab_discussion_id=
        (hole 0 {:hash_depth=>0, :method_arg=>true})) :save))
  (begin
    (send
      (send
        (begin
          (send
            (hole 0 {:hash_depth=>0, :limit_depth=>true, :recv=>true}) :-
            (hole 0 {:hash_depth=>0, :method_arg=>true}))) :gitlab_discussion_id) :-
      (hole 0 {:hash_depth=>0, :method_arg=>true})))
  (begin
    (send
      (send
        (begin
          (send
            (hole 0 {:hash_depth=>0, :limit_depth=>true, :recv=>true}) :-
            (hole 0 {:hash_depth=>0, :method_arg=>true}))) :gitlab_discussion_id) :-
      (hole 0 {:hash_depth=>0, :method_arg=>true})))
  (begin
    (send
      (send
        (begin
          (send
            (hole 0 {:hash_depth=>0, :limit_depth=>true, :recv=>true}) :-
            (hole 0 {:hash_depth=>0, :method_arg=>true}))) :gitlab_discussion_id) :-
      (hole 0 {:hash_depth=>0, :method_arg=>true})))
  (begin
    (send
      (send
        (begin
          (send
            (hole 0 {:hash_depth=>0, :limit_depth=>true, :recv=>true}) :-
            (hole 0 {:hash_depth=>0, :method_arg=>true}))) :gitlab_discussion_id) :count))
  (begin
    (send
      (send
        (begin
          (send
            (hole 0 {:hash_depth=>0, :limit_depth=>true, :recv=>true}) :-
            (hole 0 {:hash_depth=>0, :method_arg=>true}))) :gitlab_discussion_id) :save))
  (begin
    (send
      (send
        (begin
          (send
            (hole 0 {:hash_depth=>0, :limit_depth=>true, :recv=>true}) :-
            (hole 0 {:hash_depth=>0, :method_arg=>true}))) :noteable) :count))
  (begin
    (send
      (send
        (begin
          (send
            (hole 0 {:hash_depth=>0, :limit_depth=>true, :recv=>true}) :-
            (hole 0 {:hash_depth=>0, :method_arg=>true}))) :noteable) :-
      (hole 0 {:hash_depth=>0, :method_arg=>true})))
  (begin
    (send
      (send
        (begin
          (send
            (hole 0 {:hash_depth=>0, :limit_depth=>true, :recv=>true}) :-
            (hole 0 {:hash_depth=>0, :method_arg=>true}))) :noteable) :save))
  (begin
    (send
      (send
        (begin
          (send
            (hole 0 {:hash_depth=>0, :limit_depth=>true, :recv=>true}) :-
            (hole 0 {:hash_depth=>0, :method_arg=>true}))) :noteable=
        (hole 0 {:hash_depth=>0, :method_arg=>true})) :count))
  (begin
    (send
      (send
        (begin
          (send
            (hole 0 {:hash_depth=>0, :limit_depth=>true, :recv=>true}) :-
            (hole 0 {:hash_depth=>0, :method_arg=>true}))) :noteable=
        (hole 0 {:hash_depth=>0, :method_arg=>true})) :-
      (hole 0 {:hash_depth=>0, :method_arg=>true})))
  (begin
    (send
      (send
        (begin
          (send
            (hole 0 {:hash_depth=>0, :limit_depth=>true, :recv=>true}) :-
            (hole 0 {:hash_depth=>0, :method_arg=>true}))) :noteable=
        (hole 0 {:hash_depth=>0, :method_arg=>true})) :save))
  (begin
    (send
      (send
        (begin
          (send
            (hole 0 {:hash_depth=>0, :limit_depth=>true, :recv=>true}) :-
            (hole 0 {:hash_depth=>0, :method_arg=>true}))) :in_reply_to) :count))
  (begin
    (send
      (send
        (begin
          (send
            (hole 0 {:hash_depth=>0, :limit_depth=>true, :recv=>true}) :-
            (hole 0 {:hash_depth=>0, :method_arg=>true}))) :in_reply_to) :-
      (hole 0 {:hash_depth=>0, :method_arg=>true})))
  (begin
    (send
      (send
        (begin
          (send
            (hole 0 {:hash_depth=>0, :limit_depth=>true, :recv=>true}) :-
            (hole 0 {:hash_depth=>0, :method_arg=>true}))) :in_reply_to) :save))
  (begin
    (send
      (send
        (begin
          (send
            (hole 0 {:hash_depth=>0, :limit_depth=>true, :recv=>true}) :-
            (hole 0 {:hash_depth=>0, :method_arg=>true}))) :in_reply_to=
        (hole 0 {:hash_depth=>0, :method_arg=>true})) :count))
  (begin
    (send
      (send
        (begin
          (send
            (hole 0 {:hash_depth=>0, :limit_depth=>true, :recv=>true}) :-
            (hole 0 {:hash_depth=>0, :method_arg=>true}))) :in_reply_to=
        (hole 0 {:hash_depth=>0, :method_arg=>true})) :-
      (hole 0 {:hash_depth=>0, :method_arg=>true})))
  (begin
    (send
      (send
        (begin
          (send
            (hole 0 {:hash_depth=>0, :limit_depth=>true, :recv=>true}) :-
            (hole 0 {:hash_depth=>0, :method_arg=>true}))) :in_reply_to=
        (hole 0 {:hash_depth=>0, :method_arg=>true})) :save))
  (begin
    (send
      (send
        (begin
          (send
            (hole 0 {:hash_depth=>0, :limit_depth=>true, :recv=>true}) :-
            (hole 0 {:hash_depth=>0, :method_arg=>true}))) :otp_required_for_login=
        (hole 0 {:hash_depth=>0, :method_arg=>true})) :count))
  (begin
    (send
      (send
        (begin
          (send
            (hole 0 {:hash_depth=>0, :limit_depth=>true, :recv=>true}) :-
            (hole 0 {:hash_depth=>0, :method_arg=>true}))) :otp_required_for_login=
        (hole 0 {:hash_depth=>0, :method_arg=>true})) :-
      (hole 0 {:hash_depth=>0, :method_arg=>true})))
  (begin
    (send
      (send
        (begin
          (send
            (hole 0 {:hash_depth=>0, :limit_depth=>true, :recv=>true}) :-
            (hole 0 {:hash_depth=>0, :method_arg=>true}))) :otp_required_for_login=
        (hole 0 {:hash_depth=>0, :method_arg=>true})) :save))
  (begin
    (send
      (send
        (begin
          (send
            (hole 0 {:hash_depth=>0, :limit_depth=>true, :recv=>true}) :-
            (hole 0 {:hash_depth=>0, :method_arg=>true}))) :otp_required_for_login) :count))
  (begin
    (send
      (send
        (begin
          (send
            (hole 0 {:hash_depth=>0, :limit_depth=>true, :recv=>true}) :-
            (hole 0 {:hash_depth=>0, :method_arg=>true}))) :otp_required_for_login) :-
      (hole 0 {:hash_depth=>0, :method_arg=>true})))
  (begin
    (send
      (send
        (begin
          (send
            (hole 0 {:hash_depth=>0, :limit_depth=>true, :recv=>true}) :-
            (hole 0 {:hash_depth=>0, :method_arg=>true}))) :otp_required_for_login) :save))
  (begin
    (send
      (send
        (begin
          (send
            (hole 0 {:hash_depth=>0, :limit_depth=>true, :recv=>true}) :-
            (hole 0 {:hash_depth=>0, :method_arg=>true}))) :encrypted_otp_secret=
        (hole 0 {:hash_depth=>0, :method_arg=>true})) :count))
  (begin
    (send
      (send
        (begin
          (send
            (hole 0 {:hash_depth=>0, :limit_depth=>true, :recv=>true}) :-
            (hole 0 {:hash_depth=>0, :method_arg=>true}))) :encrypted_otp_secret=
        (hole 0 {:hash_depth=>0, :method_arg=>true})) :-
      (hole 0 {:hash_depth=>0, :method_arg=>true})))
  (begin
    (send
      (send
        (begin
          (send
            (hole 0 {:hash_depth=>0, :limit_depth=>true, :recv=>true}) :-
            (hole 0 {:hash_depth=>0, :method_arg=>true}))) :encrypted_otp_secret=
        (hole 0 {:hash_depth=>0, :method_arg=>true})) :save))
  (begin
    (send
      (send
        (begin
          (send
            (hole 0 {:hash_depth=>0, :limit_depth=>true, :recv=>true}) :-
            (hole 0 {:hash_depth=>0, :method_arg=>true}))) :encrypted_otp_secret) :count))
  (begin
    (send
      (send
        (begin
          (send
            (hole 0 {:hash_depth=>0, :limit_depth=>true, :recv=>true}) :-
            (hole 0 {:hash_depth=>0, :method_arg=>true}))) :encrypted_otp_secret) :-
      (hole 0 {:hash_depth=>0, :method_arg=>true})))
  (begin
    (send
      (send
        (begin
          (send
            (hole 0 {:hash_depth=>0, :limit_depth=>true, :recv=>true}) :-
            (hole 0 {:hash_depth=>0, :method_arg=>true}))) :encrypted_otp_secret) :save))
  (begin
    (send
      (send
        (begin
          (send
            (hole 0 {:hash_depth=>0, :limit_depth=>true, :recv=>true}) :-
            (hole 0 {:hash_depth=>0, :method_arg=>true}))) :encrypted_otp_secret_iv=
        (hole 0 {:hash_depth=>0, :method_arg=>true})) :count))
  (begin
    (send
      (send
        (begin
          (send
            (hole 0 {:hash_depth=>0, :limit_depth=>true, :recv=>true}) :-
            (hole 0 {:hash_depth=>0, :method_arg=>true}))) :encrypted_otp_secret_iv=
        (hole 0 {:hash_depth=>0, :method_arg=>true})) :-
      (hole 0 {:hash_depth=>0, :method_arg=>true})))
  (begin
    (send
      (send
        (begin
          (send
            (hole 0 {:hash_depth=>0, :limit_depth=>true, :recv=>true}) :-
            (hole 0 {:hash_depth=>0, :method_arg=>true}))) :encrypted_otp_secret_iv=
        (hole 0 {:hash_depth=>0, :method_arg=>true})) :save))
  (begin
    (send
      (send
        (begin
          (send
            (hole 0 {:hash_depth=>0, :limit_depth=>true, :recv=>true}) :-
            (hole 0 {:hash_depth=>0, :method_arg=>true}))) :encrypted_otp_secret_iv) :count))
  (begin
    (send
      (send
        (begin
          (send
            (hole 0 {:hash_depth=>0, :limit_depth=>true, :recv=>true}) :-
            (hole 0 {:hash_depth=>0, :method_arg=>true}))) :encrypted_otp_secret_iv) :-
      (hole 0 {:hash_depth=>0, :method_arg=>true})))
  (begin
    (send
      (send
        (begin
          (send
            (hole 0 {:hash_depth=>0, :limit_depth=>true, :recv=>true}) :-
            (hole 0 {:hash_depth=>0, :method_arg=>true}))) :encrypted_otp_secret_iv) :save))
  (begin
    (send
      (send
        (begin
          (send
            (hole 0 {:hash_depth=>0, :limit_depth=>true, :recv=>true}) :-
            (hole 0 {:hash_depth=>0, :method_arg=>true}))) :encrypted_otp_secret_salt=
        (hole 0 {:hash_depth=>0, :method_arg=>true})) :count))
  (begin
    (send
      (send
        (begin
          (send
            (hole 0 {:hash_depth=>0, :limit_depth=>true, :recv=>true}) :-
            (hole 0 {:hash_depth=>0, :method_arg=>true}))) :encrypted_otp_secret_salt=
        (hole 0 {:hash_depth=>0, :method_arg=>true})) :-
      (hole 0 {:hash_depth=>0, :method_arg=>true})))
  (begin
    (send
      (send
        (begin
          (send
            (hole 0 {:hash_depth=>0, :limit_depth=>true, :recv=>true}) :-
            (hole 0 {:hash_depth=>0, :method_arg=>true}))) :encrypted_otp_secret_salt=
        (hole 0 {:hash_depth=>0, :method_arg=>true})) :save))
  (begin
    (send
      (send
        (begin
          (send
            (hole 0 {:hash_depth=>0, :limit_depth=>true, :recv=>true}) :-
            (hole 0 {:hash_depth=>0, :method_arg=>true}))) :encrypted_otp_secret_salt) :count))
  (begin
    (send
      (send
        (begin
          (send
            (hole 0 {:hash_depth=>0, :limit_depth=>true, :recv=>true}) :-
            (hole 0 {:hash_depth=>0, :method_arg=>true}))) :encrypted_otp_secret_salt) :-
      (hole 0 {:hash_depth=>0, :method_arg=>true})))
  (begin
    (send
      (send
        (begin
          (send
            (hole 0 {:hash_depth=>0, :limit_depth=>true, :recv=>true}) :-
            (hole 0 {:hash_depth=>0, :method_arg=>true}))) :encrypted_otp_secret_salt) :save))
  (begin
    (send
      (send
        (begin
          (send
            (hole 0 {:hash_depth=>0, :limit_depth=>true, :recv=>true}) :-
            (hole 0 {:hash_depth=>0, :method_arg=>true}))) :otp_backup_codes=
        (hole 0 {:hash_depth=>0, :method_arg=>true})) :count))
  (begin
    (send
      (send
        (begin
          (send
            (hole 0 {:hash_depth=>0, :limit_depth=>true, :recv=>true}) :-
            (hole 0 {:hash_depth=>0, :method_arg=>true}))) :otp_backup_codes=
        (hole 0 {:hash_depth=>0, :method_arg=>true})) :-
      (hole 0 {:hash_depth=>0, :method_arg=>true})))
  (begin
    (send
      (send
        (begin
          (send
            (hole 0 {:hash_depth=>0, :limit_depth=>true, :recv=>true}) :-
            (hole 0 {:hash_depth=>0, :method_arg=>true}))) :otp_backup_codes=
        (hole 0 {:hash_depth=>0, :method_arg=>true})) :save))
  (begin
    (send
      (send
        (begin
          (send
            (hole 0 {:hash_depth=>0, :limit_depth=>true, :recv=>true}) :-
            (hole 0 {:hash_depth=>0, :method_arg=>true}))) :otp_backup_codes) :count))
  (begin
    (send
      (send
        (begin
          (send
            (hole 0 {:hash_depth=>0, :limit_depth=>true, :recv=>true}) :-
            (hole 0 {:hash_depth=>0, :method_arg=>true}))) :otp_backup_codes) :-
      (hole 0 {:hash_depth=>0, :method_arg=>true})))
  (begin
    (send
      (send
        (begin
          (send
            (hole 0 {:hash_depth=>0, :limit_depth=>true, :recv=>true}) :-
            (hole 0 {:hash_depth=>0, :method_arg=>true}))) :otp_backup_codes) :save))
  (begin
    (send
      (send
        (begin
          (send
            (hole 0 {:hash_depth=>0, :limit_depth=>true, :recv=>true}) :-
            (hole 0 {:hash_depth=>0, :method_arg=>true}))) :otp_grace_period_started_at=
        (hole 0 {:hash_depth=>0, :method_arg=>true})) :count))
  (begin
    (send
      (send
        (begin
          (send
            (hole 0 {:hash_depth=>0, :limit_depth=>true, :recv=>true}) :-
            (hole 0 {:hash_depth=>0, :method_arg=>true}))) :otp_grace_period_started_at=
        (hole 0 {:hash_depth=>0, :method_arg=>true})) :-
      (hole 0 {:hash_depth=>0, :method_arg=>true})))
  (begin
    (send
      (send
        (begin
          (send
            (hole 0 {:hash_depth=>0, :limit_depth=>true, :recv=>true}) :-
            (hole 0 {:hash_depth=>0, :method_arg=>true}))) :otp_grace_period_started_at=
        (hole 0 {:hash_depth=>0, :method_arg=>true})) :save))
  (begin
    (send
      (send
        (begin
          (send
            (hole 0 {:hash_depth=>0, :limit_depth=>true, :recv=>true}) :-
            (hole 0 {:hash_depth=>0, :method_arg=>true}))) :otp_grace_period_started_at) :count))
  (begin
    (send
      (send
        (begin
          (send
            (hole 0 {:hash_depth=>0, :limit_depth=>true, :recv=>true}) :-
            (hole 0 {:hash_depth=>0, :method_arg=>true}))) :otp_grace_period_started_at) :-
      (hole 0 {:hash_depth=>0, :method_arg=>true})))
  (begin
    (send
      (send
        (begin
          (send
            (hole 0 {:hash_depth=>0, :limit_depth=>true, :recv=>true}) :-
            (hole 0 {:hash_depth=>0, :method_arg=>true}))) :otp_grace_period_started_at) :save))
  (begin
    (send
      (send
        (begin
          (send
            (hole 0 {:hash_depth=>0, :limit_depth=>true, :recv=>true}) :-
            (hole 0 {:hash_depth=>0, :method_arg=>true}))) :state_id=
        (hole 0 {:hash_depth=>0, :method_arg=>true})) :-
      (hole 0 {:hash_depth=>0, :method_arg=>true})))
  (begin
    (send
      (send
        (begin
          (send
            (hole 0 {:hash_depth=>0, :limit_depth=>true, :recv=>true}) :-
            (hole 0 {:hash_depth=>0, :method_arg=>true}))) :state_id=
        (hole 0 {:hash_depth=>0, :method_arg=>true})) :-
      (hole 0 {:hash_depth=>0, :method_arg=>true})))
  (begin
    (send
      (send
        (begin
          (send
            (hole 0 {:hash_depth=>0, :limit_depth=>true, :recv=>true}) :-
            (hole 0 {:hash_depth=>0, :method_arg=>true}))) :state_id=
        (hole 0 {:hash_depth=>0, :method_arg=>true})) :-
      (hole 0 {:hash_depth=>0, :method_arg=>true})))
  (begin
    (send
      (send
        (begin
          (send
            (hole 0 {:hash_depth=>0, :limit_depth=>true, :recv=>true}) :-
            (hole 0 {:hash_depth=>0, :method_arg=>true}))) :state_id=
        (hole 0 {:hash_depth=>0, :method_arg=>true})) :count))
  (begin
    (send
      (send
        (begin
          (send
            (hole 0 {:hash_depth=>0, :limit_depth=>true, :recv=>true}) :-
            (hole 0 {:hash_depth=>0, :method_arg=>true}))) :state_id=
        (hole 0 {:hash_depth=>0, :method_arg=>true})) :save))
  (begin
    (send
      (send
        (begin
          (send
            (hole 0 {:hash_depth=>0, :limit_depth=>true, :recv=>true}) :-
            (hole 0 {:hash_depth=>0, :method_arg=>true}))) :state_id) :-
      (hole 0 {:hash_depth=>0, :method_arg=>true})))
  (begin
    (send
      (send
        (begin
          (send
            (hole 0 {:hash_depth=>0, :limit_depth=>true, :recv=>true}) :-
            (hole 0 {:hash_depth=>0, :method_arg=>true}))) :state_id) :-
      (hole 0 {:hash_depth=>0, :method_arg=>true})))
  (begin
    (send
      (send
        (begin
          (send
            (hole 0 {:hash_depth=>0, :limit_depth=>true, :recv=>true}) :-
            (hole 0 {:hash_depth=>0, :method_arg=>true}))) :state_id) :-
      (hole 0 {:hash_depth=>0, :method_arg=>true})))
  (begin
    (send
      (send
        (begin
          (send
            (hole 0 {:hash_depth=>0, :limit_depth=>true, :recv=>true}) :-
            (hole 0 {:hash_depth=>0, :method_arg=>true}))) :state_id) :count))
  (begin
    (send
      (send
        (begin
          (send
            (hole 0 {:hash_depth=>0, :limit_depth=>true, :recv=>true}) :-
            (hole 0 {:hash_depth=>0, :method_arg=>true}))) :state_id) :save))
  (begin
    (send
      (send
        (begin
          (send
            (hole 0 {:hash_depth=>0, :limit_depth=>true, :recv=>true}) :-
            (hole 0 {:hash_depth=>0, :method_arg=>true}))) :closed_at=
        (hole 0 {:hash_depth=>0, :method_arg=>true})) :count))
  (begin
    (send
      (send
        (begin
          (send
            (hole 0 {:hash_depth=>0, :limit_depth=>true, :recv=>true}) :-
            (hole 0 {:hash_depth=>0, :method_arg=>true}))) :closed_at=
        (hole 0 {:hash_depth=>0, :method_arg=>true})) :-
      (hole 0 {:hash_depth=>0, :method_arg=>true})))
  (begin
    (send
      (send
        (begin
          (send
            (hole 0 {:hash_depth=>0, :limit_depth=>true, :recv=>true}) :-
            (hole 0 {:hash_depth=>0, :method_arg=>true}))) :closed_at=
        (hole 0 {:hash_depth=>0, :method_arg=>true})) :save))
  (begin
    (send
      (send
        (begin
          (send
            (hole 0 {:hash_depth=>0, :limit_depth=>true, :recv=>true}) :-
            (hole 0 {:hash_depth=>0, :method_arg=>true}))) :closed_at) :count))
  (begin
    (send
      (send
        (begin
          (send
            (hole 0 {:hash_depth=>0, :limit_depth=>true, :recv=>true}) :-
            (hole 0 {:hash_depth=>0, :method_arg=>true}))) :closed_at) :-
      (hole 0 {:hash_depth=>0, :method_arg=>true})))
  (begin
    (send
      (send
        (begin
          (send
            (hole 0 {:hash_depth=>0, :limit_depth=>true, :recv=>true}) :-
            (hole 0 {:hash_depth=>0, :method_arg=>true}))) :closed_at) :save))
  (begin
    (send
      (send
        (begin
          (send
            (hole 0 {:hash_depth=>0, :limit_depth=>true, :recv=>true}) :-
            (hole 0 {:hash_depth=>0, :method_arg=>true}))) :closed_by_id=
        (hole 0 {:hash_depth=>0, :method_arg=>true})) :-
      (hole 0 {:hash_depth=>0, :method_arg=>true})))
  (begin
    (send
      (send
        (begin
          (send
            (hole 0 {:hash_depth=>0, :limit_depth=>true, :recv=>true}) :-
            (hole 0 {:hash_depth=>0, :method_arg=>true}))) :closed_by_id=
        (hole 0 {:hash_depth=>0, :method_arg=>true})) :-
      (hole 0 {:hash_depth=>0, :method_arg=>true})))
  (begin
    (send
      (send
        (begin
          (send
            (hole 0 {:hash_depth=>0, :limit_depth=>true, :recv=>true}) :-
            (hole 0 {:hash_depth=>0, :method_arg=>true}))) :closed_by_id=
        (hole 0 {:hash_depth=>0, :method_arg=>true})) :-
      (hole 0 {:hash_depth=>0, :method_arg=>true})))
  (begin
    (send
      (send
        (begin
          (send
            (hole 0 {:hash_depth=>0, :limit_depth=>true, :recv=>true}) :-
            (hole 0 {:hash_depth=>0, :method_arg=>true}))) :closed_by_id=
        (hole 0 {:hash_depth=>0, :method_arg=>true})) :count))
  (begin
    (send
      (send
        (begin
          (send
            (hole 0 {:hash_depth=>0, :limit_depth=>true, :recv=>true}) :-
            (hole 0 {:hash_depth=>0, :method_arg=>true}))) :closed_by_id=
        (hole 0 {:hash_depth=>0, :method_arg=>true})) :save))
  (begin
    (send
      (send
        (begin
          (send
            (hole 0 {:hash_depth=>0, :limit_depth=>true, :recv=>true}) :-
            (hole 0 {:hash_depth=>0, :method_arg=>true}))) :closed_by_id) :-
      (hole 0 {:hash_depth=>0, :method_arg=>true})))
  (begin
    (send
      (send
        (begin
          (send
            (hole 0 {:hash_depth=>0, :limit_depth=>true, :recv=>true}) :-
            (hole 0 {:hash_depth=>0, :method_arg=>true}))) :closed_by_id) :-
      (hole 0 {:hash_depth=>0, :method_arg=>true})))
  (begin
    (send
      (send
        (begin
          (send
            (hole 0 {:hash_depth=>0, :limit_depth=>true, :recv=>true}) :-
            (hole 0 {:hash_depth=>0, :method_arg=>true}))) :closed_by_id) :-
      (hole 0 {:hash_depth=>0, :method_arg=>true})))
  (begin
    (send
      (send
        (begin
          (send
            (hole 0 {:hash_depth=>0, :limit_depth=>true, :recv=>true}) :-
            (hole 0 {:hash_depth=>0, :method_arg=>true}))) :closed_by_id) :count))
  (begin
    (send
      (send
        (begin
          (send
            (hole 0 {:hash_depth=>0, :limit_depth=>true, :recv=>true}) :-
            (hole 0 {:hash_depth=>0, :method_arg=>true}))) :closed_by_id) :save))
  (send
    (send
      (begin
        (send
          (hole 0 {:hash_depth=>0, :limit_depth=>true, :recv=>true}) :-
          (hole 0 {:hash_depth=>0, :method_arg=>true}))) :closed_by) :otp_required_for_login=
    (hole 0 {:hash_depth=>0, :method_arg=>true}))
  (send
    (send
      (begin
        (send
          (hole 0 {:hash_depth=>0, :limit_depth=>true, :recv=>true}) :-
          (hole 0 {:hash_depth=>0, :method_arg=>true}))) :closed_by) :otp_required_for_login)
  (begin
    (send
      (send
        (begin
          (send
            (hole 0 {:hash_depth=>0, :limit_depth=>true, :recv=>true}) :-
            (hole 0 {:hash_depth=>0, :method_arg=>true}))) :closed_by) :count))
  (begin
    (send
      (send
        (begin
          (send
            (hole 0 {:hash_depth=>0, :limit_depth=>true, :recv=>true}) :-
            (hole 0 {:hash_depth=>0, :method_arg=>true}))) :closed_by) :-
      (hole 0 {:hash_depth=>0, :method_arg=>true})))
  (begin
    (send
      (send
        (begin
          (send
            (hole 0 {:hash_depth=>0, :limit_depth=>true, :recv=>true}) :-
            (hole 0 {:hash_depth=>0, :method_arg=>true}))) :closed_by) :save))
  (send
    (send
      (begin
        (send
          (hole 0 {:hash_depth=>0, :limit_depth=>true, :recv=>true}) :-
          (hole 0 {:hash_depth=>0, :method_arg=>true}))) :closed_by=
      (hole 0 {:hash_depth=>0, :method_arg=>true})) :otp_required_for_login=
    (hole 0 {:hash_depth=>0, :method_arg=>true}))
  (send
    (send
      (begin
        (send
          (hole 0 {:hash_depth=>0, :limit_depth=>true, :recv=>true}) :-
          (hole 0 {:hash_depth=>0, :method_arg=>true}))) :closed_by=
      (hole 0 {:hash_depth=>0, :method_arg=>true})) :otp_required_for_login)
  (begin
    (send
      (send
        (begin
          (send
            (hole 0 {:hash_depth=>0, :limit_depth=>true, :recv=>true}) :-
            (hole 0 {:hash_depth=>0, :method_arg=>true}))) :closed_by=
        (hole 0 {:hash_depth=>0, :method_arg=>true})) :count))
  (begin
    (send
      (send
        (begin
          (send
            (hole 0 {:hash_depth=>0, :limit_depth=>true, :recv=>true}) :-
            (hole 0 {:hash_depth=>0, :method_arg=>true}))) :closed_by=
        (hole 0 {:hash_depth=>0, :method_arg=>true})) :-
      (hole 0 {:hash_depth=>0, :method_arg=>true})))
  (begin
    (send
      (send
        (begin
          (send
            (hole 0 {:hash_depth=>0, :limit_depth=>true, :recv=>true}) :-
            (hole 0 {:hash_depth=>0, :method_arg=>true}))) :closed_by=
        (hole 0 {:hash_depth=>0, :method_arg=>true})) :save))
  (begin
    (send
      (send
        (begin
          (send
            (hole 0 {:hash_depth=>0, :limit_depth=>true, :recv=>true}) :-
            (hole 0 {:hash_depth=>0, :method_arg=>true}))) :name=
        (hole 0 {:hash_depth=>0, :method_arg=>true})) :count))
  (begin
    (send
      (send
        (begin
          (send
            (hole 0 {:hash_depth=>0, :limit_depth=>true, :recv=>true}) :-
            (hole 0 {:hash_depth=>0, :method_arg=>true}))) :name=
        (hole 0 {:hash_depth=>0, :method_arg=>true})) :-
      (hole 0 {:hash_depth=>0, :method_arg=>true})))
  (begin
    (send
      (send
        (begin
          (send
            (hole 0 {:hash_depth=>0, :limit_depth=>true, :recv=>true}) :-
            (hole 0 {:hash_depth=>0, :method_arg=>true}))) :name=
        (hole 0 {:hash_depth=>0, :method_arg=>true})) :save))
  (begin
    (send
      (send
        (begin
          (send
            (hole 0 {:hash_depth=>0, :limit_depth=>true, :recv=>true}) :-
            (hole 0 {:hash_depth=>0, :method_arg=>true}))) :name) :count))
  (begin
    (send
      (send
        (begin
          (send
            (hole 0 {:hash_depth=>0, :limit_depth=>true, :recv=>true}) :-
            (hole 0 {:hash_depth=>0, :method_arg=>true}))) :name) :-
      (hole 0 {:hash_depth=>0, :method_arg=>true})))
  (begin
    (send
      (send
        (begin
          (send
            (hole 0 {:hash_depth=>0, :limit_depth=>true, :recv=>true}) :-
            (hole 0 {:hash_depth=>0, :method_arg=>true}))) :name) :save))
  (begin
    (send
      (send
        (begin
          (send
            (hole 0 {:hash_depth=>0, :limit_depth=>true, :recv=>true}) :-
            (hole 0 {:hash_depth=>0, :method_arg=>true}))) :admin=
        (hole 0 {:hash_depth=>0, :method_arg=>true})) :count))
  (begin
    (send
      (send
        (begin
          (send
            (hole 0 {:hash_depth=>0, :limit_depth=>true, :recv=>true}) :-
            (hole 0 {:hash_depth=>0, :method_arg=>true}))) :admin=
        (hole 0 {:hash_depth=>0, :method_arg=>true})) :-
      (hole 0 {:hash_depth=>0, :method_arg=>true})))
  (begin
    (send
      (send
        (begin
          (send
            (hole 0 {:hash_depth=>0, :limit_depth=>true, :recv=>true}) :-
            (hole 0 {:hash_depth=>0, :method_arg=>true}))) :admin=
        (hole 0 {:hash_depth=>0, :method_arg=>true})) :save))
  (begin
    (send
      (send
        (begin
          (send
            (hole 0 {:hash_depth=>0, :limit_depth=>true, :recv=>true}) :-
            (hole 0 {:hash_depth=>0, :method_arg=>true}))) :admin) :count))
  (begin
    (send
      (send
        (begin
          (send
            (hole 0 {:hash_depth=>0, :limit_depth=>true, :recv=>true}) :-
            (hole 0 {:hash_depth=>0, :method_arg=>true}))) :admin) :-
      (hole 0 {:hash_depth=>0, :method_arg=>true})))
  (begin
    (send
      (send
        (begin
          (send
            (hole 0 {:hash_depth=>0, :limit_depth=>true, :recv=>true}) :-
            (hole 0 {:hash_depth=>0, :method_arg=>true}))) :admin) :save))
  (begin
    (send
      (send
        (begin
          (send
            (hole 0 {:hash_depth=>0, :limit_depth=>true, :recv=>true}) :-
            (hole 0 {:hash_depth=>0, :method_arg=>true}))) :created_by=
        (hole 0 {:hash_depth=>0, :method_arg=>true})) :count))
  (begin
    (send
      (send
        (begin
          (send
            (hole 0 {:hash_depth=>0, :limit_depth=>true, :recv=>true}) :-
            (hole 0 {:hash_depth=>0, :method_arg=>true}))) :created_by=
        (hole 0 {:hash_depth=>0, :method_arg=>true})) :-
      (hole 0 {:hash_depth=>0, :method_arg=>true})))
  (begin
    (send
      (send
        (begin
          (send
            (hole 0 {:hash_depth=>0, :limit_depth=>true, :recv=>true}) :-
            (hole 0 {:hash_depth=>0, :method_arg=>true}))) :created_by=
        (hole 0 {:hash_depth=>0, :method_arg=>true})) :save))
  (begin
    (send
      (send
        (begin
          (send
            (hole 0 {:hash_depth=>0, :limit_depth=>true, :recv=>true}) :-
            (hole 0 {:hash_depth=>0, :method_arg=>true}))) :created_by) :count))
  (begin
    (send
      (send
        (begin
          (send
            (hole 0 {:hash_depth=>0, :limit_depth=>true, :recv=>true}) :-
            (hole 0 {:hash_depth=>0, :method_arg=>true}))) :created_by) :-
      (hole 0 {:hash_depth=>0, :method_arg=>true})))
  (begin
    (send
      (send
        (begin
          (send
            (hole 0 {:hash_depth=>0, :limit_depth=>true, :recv=>true}) :-
            (hole 0 {:hash_depth=>0, :method_arg=>true}))) :created_by) :save))
  (begin
    (send
      (send
        (begin
          (send
            (hole 0 {:hash_depth=>0, :limit_depth=>true, :recv=>true}) :-
            (hole 0 {:hash_depth=>0, :method_arg=>true}))) :slug=
        (hole 0 {:hash_depth=>0, :method_arg=>true})) :count))
  (begin
    (send
      (send
        (begin
          (send
            (hole 0 {:hash_depth=>0, :limit_depth=>true, :recv=>true}) :-
            (hole 0 {:hash_depth=>0, :method_arg=>true}))) :slug=
        (hole 0 {:hash_depth=>0, :method_arg=>true})) :-
      (hole 0 {:hash_depth=>0, :method_arg=>true})))
  (begin
    (send
      (send
        (begin
          (send
            (hole 0 {:hash_depth=>0, :limit_depth=>true, :recv=>true}) :-
            (hole 0 {:hash_depth=>0, :method_arg=>true}))) :slug=
        (hole 0 {:hash_depth=>0, :method_arg=>true})) :save))
  (begin
    (send
      (send
        (begin
          (send
            (hole 0 {:hash_depth=>0, :limit_depth=>true, :recv=>true}) :-
            (hole 0 {:hash_depth=>0, :method_arg=>true}))) :slug) :count))
  (begin
    (send
      (send
        (begin
          (send
            (hole 0 {:hash_depth=>0, :limit_depth=>true, :recv=>true}) :-
            (hole 0 {:hash_depth=>0, :method_arg=>true}))) :slug) :-
      (hole 0 {:hash_depth=>0, :method_arg=>true})))
  (begin
    (send
      (send
        (begin
          (send
            (hole 0 {:hash_depth=>0, :limit_depth=>true, :recv=>true}) :-
            (hole 0 {:hash_depth=>0, :method_arg=>true}))) :slug) :save))
  (begin
    (send
      (send
        (begin
          (send
            (hole 0 {:hash_depth=>0, :limit_depth=>true, :recv=>true}) :-
            (hole 0 {:hash_depth=>0, :method_arg=>true}))) :title=
        (hole 0 {:hash_depth=>0, :method_arg=>true})) :count))
  (begin
    (send
      (send
        (begin
          (send
            (hole 0 {:hash_depth=>0, :limit_depth=>true, :recv=>true}) :-
            (hole 0 {:hash_depth=>0, :method_arg=>true}))) :title=
        (hole 0 {:hash_depth=>0, :method_arg=>true})) :-
      (hole 0 {:hash_depth=>0, :method_arg=>true})))
  (begin
    (send
      (send
        (begin
          (send
            (hole 0 {:hash_depth=>0, :limit_depth=>true, :recv=>true}) :-
            (hole 0 {:hash_depth=>0, :method_arg=>true}))) :title=
        (hole 0 {:hash_depth=>0, :method_arg=>true})) :save))
  (begin
    (send
      (send
        (begin
          (send
            (hole 0 {:hash_depth=>0, :limit_depth=>true, :recv=>true}) :-
            (hole 0 {:hash_depth=>0, :method_arg=>true}))) :title) :count))
  (begin
    (send
      (send
        (begin
          (send
            (hole 0 {:hash_depth=>0, :limit_depth=>true, :recv=>true}) :-
            (hole 0 {:hash_depth=>0, :method_arg=>true}))) :title) :-
      (hole 0 {:hash_depth=>0, :method_arg=>true})))
  (begin
    (send
      (send
        (begin
          (send
            (hole 0 {:hash_depth=>0, :limit_depth=>true, :recv=>true}) :-
            (hole 0 {:hash_depth=>0, :method_arg=>true}))) :title) :save))
  (begin
    (send
      (send
        (begin
          (send
            (hole 0 {:hash_depth=>0, :limit_depth=>true, :recv=>true}) :-
            (hole 0 {:hash_depth=>0, :method_arg=>true}))) :password=
        (hole 0 {:hash_depth=>0, :method_arg=>true})) :count))
  (begin
    (send
      (send
        (begin
          (send
            (hole 0 {:hash_depth=>0, :limit_depth=>true, :recv=>true}) :-
            (hole 0 {:hash_depth=>0, :method_arg=>true}))) :password=
        (hole 0 {:hash_depth=>0, :method_arg=>true})) :-
      (hole 0 {:hash_depth=>0, :method_arg=>true})))
  (begin
    (send
      (send
        (begin
          (send
            (hole 0 {:hash_depth=>0, :limit_depth=>true, :recv=>true}) :-
            (hole 0 {:hash_depth=>0, :method_arg=>true}))) :password=
        (hole 0 {:hash_depth=>0, :method_arg=>true})) :save))
  (begin
    (send
      (send
        (begin
          (send
            (hole 0 {:hash_depth=>0, :limit_depth=>true, :recv=>true}) :-
            (hole 0 {:hash_depth=>0, :method_arg=>true}))) :password) :count))
  (begin
    (send
      (send
        (begin
          (send
            (hole 0 {:hash_depth=>0, :limit_depth=>true, :recv=>true}) :-
            (hole 0 {:hash_depth=>0, :method_arg=>true}))) :password) :-
      (hole 0 {:hash_depth=>0, :method_arg=>true})))
  (begin
    (send
      (send
        (begin
          (send
            (hole 0 {:hash_depth=>0, :limit_depth=>true, :recv=>true}) :-
            (hole 0 {:hash_depth=>0, :method_arg=>true}))) :password) :save))
  (begin
    (send
      (send
        (begin
          (send
            (hole 0 {:hash_depth=>0, :limit_depth=>true, :recv=>true}) :-
            (hole 0 {:hash_depth=>0, :method_arg=>true}))) :staged=
        (hole 0 {:hash_depth=>0, :method_arg=>true})) :count))
  (begin
    (send
      (send
        (begin
          (send
            (hole 0 {:hash_depth=>0, :limit_depth=>true, :recv=>true}) :-
            (hole 0 {:hash_depth=>0, :method_arg=>true}))) :staged=
        (hole 0 {:hash_depth=>0, :method_arg=>true})) :-
      (hole 0 {:hash_depth=>0, :method_arg=>true})))
  (begin
    (send
      (send
        (begin
          (send
            (hole 0 {:hash_depth=>0, :limit_depth=>true, :recv=>true}) :-
            (hole 0 {:hash_depth=>0, :method_arg=>true}))) :staged=
        (hole 0 {:hash_depth=>0, :method_arg=>true})) :save))
  (begin
    (send
      (send
        (begin
          (send
            (hole 0 {:hash_depth=>0, :limit_depth=>true, :recv=>true}) :-
            (hole 0 {:hash_depth=>0, :method_arg=>true}))) :staged) :count))
  (begin
    (send
      (send
        (begin
          (send
            (hole 0 {:hash_depth=>0, :limit_depth=>true, :recv=>true}) :-
            (hole 0 {:hash_depth=>0, :method_arg=>true}))) :staged) :-
      (hole 0 {:hash_depth=>0, :method_arg=>true})))
  (begin
    (send
      (send
        (begin
          (send
            (hole 0 {:hash_depth=>0, :limit_depth=>true, :recv=>true}) :-
            (hole 0 {:hash_depth=>0, :method_arg=>true}))) :staged) :save))
  (begin
    (send
      (send
        (begin
          (send
            (hole 0 {:hash_depth=>0, :limit_depth=>true, :recv=>true}) :-
            (hole 0 {:hash_depth=>0, :method_arg=>true}))) :active=
        (hole 0 {:hash_depth=>0, :method_arg=>true})) :count))
  (begin
    (send
      (send
        (begin
          (send
            (hole 0 {:hash_depth=>0, :limit_depth=>true, :recv=>true}) :-
            (hole 0 {:hash_depth=>0, :method_arg=>true}))) :active=
        (hole 0 {:hash_depth=>0, :method_arg=>true})) :-
      (hole 0 {:hash_depth=>0, :method_arg=>true})))
  (begin
    (send
      (send
        (begin
          (send
            (hole 0 {:hash_depth=>0, :limit_depth=>true, :recv=>true}) :-
            (hole 0 {:hash_depth=>0, :method_arg=>true}))) :active=
        (hole 0 {:hash_depth=>0, :method_arg=>true})) :save))
  (begin
    (send
      (send
        (begin
          (send
            (hole 0 {:hash_depth=>0, :limit_depth=>true, :recv=>true}) :-
            (hole 0 {:hash_depth=>0, :method_arg=>true}))) :active) :count))
  (begin
    (send
      (send
        (begin
          (send
            (hole 0 {:hash_depth=>0, :limit_depth=>true, :recv=>true}) :-
            (hole 0 {:hash_depth=>0, :method_arg=>true}))) :active) :-
      (hole 0 {:hash_depth=>0, :method_arg=>true})))
  (begin
    (send
      (send
        (begin
          (send
            (hole 0 {:hash_depth=>0, :limit_depth=>true, :recv=>true}) :-
            (hole 0 {:hash_depth=>0, :method_arg=>true}))) :active) :save))
  (begin
    (send
      (send
        (begin
          (send
            (hole 0 {:hash_depth=>0, :limit_depth=>true, :recv=>true}) :-
            (hole 0 {:hash_depth=>0, :method_arg=>true}))) :primary=
        (hole 0 {:hash_depth=>0, :method_arg=>true})) :count))
  (begin
    (send
      (send
        (begin
          (send
            (hole 0 {:hash_depth=>0, :limit_depth=>true, :recv=>true}) :-
            (hole 0 {:hash_depth=>0, :method_arg=>true}))) :primary=
        (hole 0 {:hash_depth=>0, :method_arg=>true})) :-
      (hole 0 {:hash_depth=>0, :method_arg=>true})))
  (begin
    (send
      (send
        (begin
          (send
            (hole 0 {:hash_depth=>0, :limit_depth=>true, :recv=>true}) :-
            (hole 0 {:hash_depth=>0, :method_arg=>true}))) :primary=
        (hole 0 {:hash_depth=>0, :method_arg=>true})) :save))
  (begin
    (send
      (send
        (begin
          (send
            (hole 0 {:hash_depth=>0, :limit_depth=>true, :recv=>true}) :-
            (hole 0 {:hash_depth=>0, :method_arg=>true}))) :primary) :count))
  (begin
    (send
      (send
        (begin
          (send
            (hole 0 {:hash_depth=>0, :limit_depth=>true, :recv=>true}) :-
            (hole 0 {:hash_depth=>0, :method_arg=>true}))) :primary) :-
      (hole 0 {:hash_depth=>0, :method_arg=>true})))
  (begin
    (send
      (send
        (begin
          (send
            (hole 0 {:hash_depth=>0, :limit_depth=>true, :recv=>true}) :-
            (hole 0 {:hash_depth=>0, :method_arg=>true}))) :primary) :save))
  (begin
    (send
      (send
        (begin
          (send
            (hole 0 {:hash_depth=>0, :limit_depth=>true, :recv=>true}) :-
            (hole 0 {:hash_depth=>0, :method_arg=>true}))) :moderator=
        (hole 0 {:hash_depth=>0, :method_arg=>true})) :count))
  (begin
    (send
      (send
        (begin
          (send
            (hole 0 {:hash_depth=>0, :limit_depth=>true, :recv=>true}) :-
            (hole 0 {:hash_depth=>0, :method_arg=>true}))) :moderator=
        (hole 0 {:hash_depth=>0, :method_arg=>true})) :-
      (hole 0 {:hash_depth=>0, :method_arg=>true})))
  (begin
    (send
      (send
        (begin
          (send
            (hole 0 {:hash_depth=>0, :limit_depth=>true, :recv=>true}) :-
            (hole 0 {:hash_depth=>0, :method_arg=>true}))) :moderator=
        (hole 0 {:hash_depth=>0, :method_arg=>true})) :save))
  (begin
    (send
      (send
        (begin
          (send
            (hole 0 {:hash_depth=>0, :limit_depth=>true, :recv=>true}) :-
            (hole 0 {:hash_depth=>0, :method_arg=>true}))) :moderator) :count))
  (begin
    (send
      (send
        (begin
          (send
            (hole 0 {:hash_depth=>0, :limit_depth=>true, :recv=>true}) :-
            (hole 0 {:hash_depth=>0, :method_arg=>true}))) :moderator) :-
      (hole 0 {:hash_depth=>0, :method_arg=>true})))
  (begin
    (send
      (send
        (begin
          (send
            (hole 0 {:hash_depth=>0, :limit_depth=>true, :recv=>true}) :-
            (hole 0 {:hash_depth=>0, :method_arg=>true}))) :moderator) :save))
  (send
    (send
      (begin
        (send
          (hole 0 {:hash_depth=>0, :limit_depth=>true, :recv=>true}) :-
          (hole 0 {:hash_depth=>0, :method_arg=>true}))) :emails) :primary=
    (hole 0 {:hash_depth=>0, :method_arg=>true}))
  (send
    (send
      (begin
        (send
          (hole 0 {:hash_depth=>0, :limit_depth=>true, :recv=>true}) :-
          (hole 0 {:hash_depth=>0, :method_arg=>true}))) :emails) :primary)
  (begin
    (send
      (send
        (begin
          (send
            (hole 0 {:hash_depth=>0, :limit_depth=>true, :recv=>true}) :-
            (hole 0 {:hash_depth=>0, :method_arg=>true}))) :emails) :count))
  (begin
    (send
      (send
        (begin
          (send
            (hole 0 {:hash_depth=>0, :limit_depth=>true, :recv=>true}) :-
            (hole 0 {:hash_depth=>0, :method_arg=>true}))) :emails) :-
      (hole 0 {:hash_depth=>0, :method_arg=>true})))
  (begin
    (send
      (send
        (begin
          (send
            (hole 0 {:hash_depth=>0, :limit_depth=>true, :recv=>true}) :-
            (hole 0 {:hash_depth=>0, :method_arg=>true}))) :emails) :save))
  (send
    (send
      (begin
        (send
          (hole 0 {:hash_depth=>0, :limit_depth=>true, :recv=>true}) :-
          (hole 0 {:hash_depth=>0, :method_arg=>true}))) :emails=
      (hole 0 {:hash_depth=>0, :method_arg=>true})) :primary=
    (hole 0 {:hash_depth=>0, :method_arg=>true}))
  (send
    (send
      (begin
        (send
          (hole 0 {:hash_depth=>0, :limit_depth=>true, :recv=>true}) :-
          (hole 0 {:hash_depth=>0, :method_arg=>true}))) :emails=
      (hole 0 {:hash_depth=>0, :method_arg=>true})) :primary)
  (begin
    (send
      (send
        (begin
          (send
            (hole 0 {:hash_depth=>0, :limit_depth=>true, :recv=>true}) :-
            (hole 0 {:hash_depth=>0, :method_arg=>true}))) :emails=
        (hole 0 {:hash_depth=>0, :method_arg=>true})) :count))
  (begin
    (send
      (send
        (begin
          (send
            (hole 0 {:hash_depth=>0, :limit_depth=>true, :recv=>true}) :-
            (hole 0 {:hash_depth=>0, :method_arg=>true}))) :emails=
        (hole 0 {:hash_depth=>0, :method_arg=>true})) :-
      (hole 0 {:hash_depth=>0, :method_arg=>true})))
  (begin
    (send
      (send
        (begin
          (send
            (hole 0 {:hash_depth=>0, :limit_depth=>true, :recv=>true}) :-
            (hole 0 {:hash_depth=>0, :method_arg=>true}))) :emails=
        (hole 0 {:hash_depth=>0, :method_arg=>true})) :save))
  (send
    (send
      (begin
        (send
          (hole 0 {:hash_depth=>0, :limit_depth=>true, :recv=>true}) :-
          (hole 0 {:hash_depth=>0, :method_arg=>true}))) :email_tokens) :confirmed=
    (hole 0 {:hash_depth=>0, :method_arg=>true}))
  (send
    (send
      (begin
        (send
          (hole 0 {:hash_depth=>0, :limit_depth=>true, :recv=>true}) :-
          (hole 0 {:hash_depth=>0, :method_arg=>true}))) :email_tokens) :confirmed)
  (send
    (send
      (begin
        (send
          (hole 0 {:hash_depth=>0, :limit_depth=>true, :recv=>true}) :-
          (hole 0 {:hash_depth=>0, :method_arg=>true}))) :email_tokens) :expired=
    (hole 0 {:hash_depth=>0, :method_arg=>true}))
  (send
    (send
      (begin
        (send
          (hole 0 {:hash_depth=>0, :limit_depth=>true, :recv=>true}) :-
          (hole 0 {:hash_depth=>0, :method_arg=>true}))) :email_tokens) :expired)
  (begin
    (send
      (send
        (begin
          (send
            (hole 0 {:hash_depth=>0, :limit_depth=>true, :recv=>true}) :-
            (hole 0 {:hash_depth=>0, :method_arg=>true}))) :email_tokens) :count))
  (begin
    (send
      (send
        (begin
          (send
            (hole 0 {:hash_depth=>0, :limit_depth=>true, :recv=>true}) :-
            (hole 0 {:hash_depth=>0, :method_arg=>true}))) :email_tokens) :-
      (hole 0 {:hash_depth=>0, :method_arg=>true})))
  (begin
    (send
      (send
        (begin
          (send
            (hole 0 {:hash_depth=>0, :limit_depth=>true, :recv=>true}) :-
            (hole 0 {:hash_depth=>0, :method_arg=>true}))) :email_tokens) :save))
  (send
    (send
      (begin
        (send
          (hole 0 {:hash_depth=>0, :limit_depth=>true, :recv=>true}) :-
          (hole 0 {:hash_depth=>0, :method_arg=>true}))) :email_tokens=
      (hole 0 {:hash_depth=>0, :method_arg=>true})) :confirmed=
    (hole 0 {:hash_depth=>0, :method_arg=>true}))
  (send
    (send
      (begin
        (send
          (hole 0 {:hash_depth=>0, :limit_depth=>true, :recv=>true}) :-
          (hole 0 {:hash_depth=>0, :method_arg=>true}))) :email_tokens=
      (hole 0 {:hash_depth=>0, :method_arg=>true})) :confirmed)
  (send
    (send
      (begin
        (send
          (hole 0 {:hash_depth=>0, :limit_depth=>true, :recv=>true}) :-
          (hole 0 {:hash_depth=>0, :method_arg=>true}))) :email_tokens=
      (hole 0 {:hash_depth=>0, :method_arg=>true})) :expired=
    (hole 0 {:hash_depth=>0, :method_arg=>true}))
  (send
    (send
      (begin
        (send
          (hole 0 {:hash_depth=>0, :limit_depth=>true, :recv=>true}) :-
          (hole 0 {:hash_depth=>0, :method_arg=>true}))) :email_tokens=
      (hole 0 {:hash_depth=>0, :method_arg=>true})) :expired)
  (begin
    (send
      (send
        (begin
          (send
            (hole 0 {:hash_depth=>0, :limit_depth=>true, :recv=>true}) :-
            (hole 0 {:hash_depth=>0, :method_arg=>true}))) :email_tokens=
        (hole 0 {:hash_depth=>0, :method_arg=>true})) :count))
  (begin
    (send
      (send
        (begin
          (send
            (hole 0 {:hash_depth=>0, :limit_depth=>true, :recv=>true}) :-
            (hole 0 {:hash_depth=>0, :method_arg=>true}))) :email_tokens=
        (hole 0 {:hash_depth=>0, :method_arg=>true})) :-
      (hole 0 {:hash_depth=>0, :method_arg=>true})))
  (begin
    (send
      (send
        (begin
          (send
            (hole 0 {:hash_depth=>0, :limit_depth=>true, :recv=>true}) :-
            (hole 0 {:hash_depth=>0, :method_arg=>true}))) :email_tokens=
        (hole 0 {:hash_depth=>0, :method_arg=>true})) :save))
  (begin
    (send
      (begin
        (send
          (begin
            (send
              (hole 0 {:hash_depth=>0, :limit_depth=>true, :recv=>true}) :-
              (hole 0 {:hash_depth=>0, :method_arg=>true}))) :-
          (hole 0 {:hash_depth=>0, :method_arg=>true}))) :-
      (hole 0 {:hash_depth=>0, :method_arg=>true})))
  (begin
    (send
      (begin
        (send
          (begin
            (send
              (hole 0 {:hash_depth=>0, :limit_depth=>true, :recv=>true}) :-
              (hole 0 {:hash_depth=>0, :method_arg=>true}))) :-
          (hole 0 {:hash_depth=>0, :method_arg=>true}))) :-
      (hole 0 {:hash_depth=>0, :method_arg=>true})))
  (begin
    (send
      (begin
        (send
          (begin
            (send
              (hole 0 {:hash_depth=>0, :limit_depth=>true, :recv=>true}) :-
              (hole 0 {:hash_depth=>0, :method_arg=>true}))) :-
          (hole 0 {:hash_depth=>0, :method_arg=>true}))) :-
      (hole 0 {:hash_depth=>0, :method_arg=>true})))
  (begin
    (send
      (begin
        (send
          (begin
            (send
              (hole 0 {:hash_depth=>0, :limit_depth=>true, :recv=>true}) :-
              (hole 0 {:hash_depth=>0, :method_arg=>true}))) :-
          (hole 0 {:hash_depth=>0, :method_arg=>true}))) :-
      (hole 0 {:hash_depth=>0, :method_arg=>true})))
  (begin
    (send
      (begin
        (send
          (begin
            (send
              (hole 0 {:hash_depth=>0, :limit_depth=>true, :recv=>true}) :-
              (hole 0 {:hash_depth=>0, :method_arg=>true}))) :-
          (hole 0 {:hash_depth=>0, :method_arg=>true}))) :-
      (hole 0 {:hash_depth=>0, :method_arg=>true})))
  (begin
    (send
      (begin
        (send
          (begin
            (send
              (hole 0 {:hash_depth=>0, :limit_depth=>true, :recv=>true}) :-
              (hole 0 {:hash_depth=>0, :method_arg=>true}))) :-
          (hole 0 {:hash_depth=>0, :method_arg=>true}))) :-
      (hole 0 {:hash_depth=>0, :method_arg=>true})))
  (begin
    (send
      (begin
        (send
          (begin
            (send
              (hole 0 {:hash_depth=>0, :limit_depth=>true, :recv=>true}) :-
              (hole 0 {:hash_depth=>0, :method_arg=>true}))) :-
          (hole 0 {:hash_depth=>0, :method_arg=>true}))) :-
      (hole 0 {:hash_depth=>0, :method_arg=>true})))
  (begin
    (send
      (begin
        (send
          (begin
            (send
              (hole 0 {:hash_depth=>0, :limit_depth=>true, :recv=>true}) :-
              (hole 0 {:hash_depth=>0, :method_arg=>true}))) :-
          (hole 0 {:hash_depth=>0, :method_arg=>true}))) :-
      (hole 0 {:hash_depth=>0, :method_arg=>true})))
  (begin
    (send
      (begin
        (send
          (begin
            (send
              (hole 0 {:hash_depth=>0, :limit_depth=>true, :recv=>true}) :-
              (hole 0 {:hash_depth=>0, :method_arg=>true}))) :-
          (hole 0 {:hash_depth=>0, :method_arg=>true}))) :-
      (hole 0 {:hash_depth=>0, :method_arg=>true})))
  (begin
    (send
      (begin
        (send
          (begin
            (send
              (hole 0 {:hash_depth=>0, :limit_depth=>true, :recv=>true}) :-
              (hole 0 {:hash_depth=>0, :method_arg=>true}))) :-
          (hole 0 {:hash_depth=>0, :method_arg=>true}))) :count))
  (begin
    (send
      (begin
        (send
          (begin
            (send
              (hole 0 {:hash_depth=>0, :limit_depth=>true, :recv=>true}) :-
              (hole 0 {:hash_depth=>0, :method_arg=>true}))) :-
          (hole 0 {:hash_depth=>0, :method_arg=>true}))) :count))
  (begin
    (send
      (begin
        (send
          (begin
            (send
              (hole 0 {:hash_depth=>0, :limit_depth=>true, :recv=>true}) :-
              (hole 0 {:hash_depth=>0, :method_arg=>true}))) :-
          (hole 0 {:hash_depth=>0, :method_arg=>true}))) :count))
  (begin
    (send
      (begin
        (send
          (begin
            (send
              (hole 0 {:hash_depth=>0, :limit_depth=>true, :recv=>true}) :-
              (hole 0 {:hash_depth=>0, :method_arg=>true}))) :-
          (hole 0 {:hash_depth=>0, :method_arg=>true}))) :save))
  (begin
    (send
      (begin
        (send
          (begin
            (send
              (hole 0 {:hash_depth=>0, :limit_depth=>true, :recv=>true}) :-
              (hole 0 {:hash_depth=>0, :method_arg=>true}))) :-
          (hole 0 {:hash_depth=>0, :method_arg=>true}))) :save))
  (begin
    (send
      (begin
        (send
          (begin
            (send
              (hole 0 {:hash_depth=>0, :limit_depth=>true, :recv=>true}) :-
              (hole 0 {:hash_depth=>0, :method_arg=>true}))) :-
          (hole 0 {:hash_depth=>0, :method_arg=>true}))) :save))
  (send
    (begin
      (send
        (begin
          (send
            (hole 0 {:hash_depth=>0, :limit_depth=>true, :recv=>true}) :-
            (hole 0 {:hash_depth=>0, :method_arg=>true}))) :-
        (hole 0 {:hash_depth=>0, :method_arg=>true}))) :confirmed=
    (hole 0 {:hash_depth=>0, :method_arg=>true}))
  (send
    (begin
      (send
        (begin
          (send
            (hole 0 {:hash_depth=>0, :limit_depth=>true, :recv=>true}) :-
            (hole 0 {:hash_depth=>0, :method_arg=>true}))) :-
        (hole 0 {:hash_depth=>0, :method_arg=>true}))) :confirmed=
    (hole 0 {:hash_depth=>0, :method_arg=>true}))
  (send
    (begin
      (send
        (begin
          (send
            (hole 0 {:hash_depth=>0, :limit_depth=>true, :recv=>true}) :-
            (hole 0 {:hash_depth=>0, :method_arg=>true}))) :-
        (hole 0 {:hash_depth=>0, :method_arg=>true}))) :confirmed=
    (hole 0 {:hash_depth=>0, :method_arg=>true}))
  (send
    (begin
      (send
        (begin
          (send
            (hole 0 {:hash_depth=>0, :limit_depth=>true, :recv=>true}) :-
            (hole 0 {:hash_depth=>0, :method_arg=>true}))) :-
        (hole 0 {:hash_depth=>0, :method_arg=>true}))) :confirmed)
  (send
    (begin
      (send
        (begin
          (send
            (hole 0 {:hash_depth=>0, :limit_depth=>true, :recv=>true}) :-
            (hole 0 {:hash_depth=>0, :method_arg=>true}))) :-
        (hole 0 {:hash_depth=>0, :method_arg=>true}))) :confirmed)
  (send
    (begin
      (send
        (begin
          (send
            (hole 0 {:hash_depth=>0, :limit_depth=>true, :recv=>true}) :-
            (hole 0 {:hash_depth=>0, :method_arg=>true}))) :-
        (hole 0 {:hash_depth=>0, :method_arg=>true}))) :confirmed)
  (send
    (begin
      (send
        (begin
          (send
            (hole 0 {:hash_depth=>0, :limit_depth=>true, :recv=>true}) :-
            (hole 0 {:hash_depth=>0, :method_arg=>true}))) :-
        (hole 0 {:hash_depth=>0, :method_arg=>true}))) :expired=
    (hole 0 {:hash_depth=>0, :method_arg=>true}))
  (send
    (begin
      (send
        (begin
          (send
            (hole 0 {:hash_depth=>0, :limit_depth=>true, :recv=>true}) :-
            (hole 0 {:hash_depth=>0, :method_arg=>true}))) :-
        (hole 0 {:hash_depth=>0, :method_arg=>true}))) :expired=
    (hole 0 {:hash_depth=>0, :method_arg=>true}))
  (send
    (begin
      (send
        (begin
          (send
            (hole 0 {:hash_depth=>0, :limit_depth=>true, :recv=>true}) :-
            (hole 0 {:hash_depth=>0, :method_arg=>true}))) :-
        (hole 0 {:hash_depth=>0, :method_arg=>true}))) :expired=
    (hole 0 {:hash_depth=>0, :method_arg=>true}))
  (send
    (begin
      (send
        (begin
          (send
            (hole 0 {:hash_depth=>0, :limit_depth=>true, :recv=>true}) :-
            (hole 0 {:hash_depth=>0, :method_arg=>true}))) :-
        (hole 0 {:hash_depth=>0, :method_arg=>true}))) :expired)
  (send
    (begin
      (send
        (begin
          (send
            (hole 0 {:hash_depth=>0, :limit_depth=>true, :recv=>true}) :-
            (hole 0 {:hash_depth=>0, :method_arg=>true}))) :-
        (hole 0 {:hash_depth=>0, :method_arg=>true}))) :expired)
  (send
    (begin
      (send
        (begin
          (send
            (hole 0 {:hash_depth=>0, :limit_depth=>true, :recv=>true}) :-
            (hole 0 {:hash_depth=>0, :method_arg=>true}))) :-
        (hole 0 {:hash_depth=>0, :method_arg=>true}))) :expired)
  (send
    (begin
      (send
        (begin
          (send
            (hole 0 {:hash_depth=>0, :limit_depth=>true, :recv=>true}) :-
            (hole 0 {:hash_depth=>0, :method_arg=>true}))) :-
        (hole 0 {:hash_depth=>0, :method_arg=>true}))) :discoverable=
    (hole 0 {:hash_depth=>0, :method_arg=>true}))
  (send
    (begin
      (send
        (begin
          (send
            (hole 0 {:hash_depth=>0, :limit_depth=>true, :recv=>true}) :-
            (hole 0 {:hash_depth=>0, :method_arg=>true}))) :-
        (hole 0 {:hash_depth=>0, :method_arg=>true}))) :discoverable=
    (hole 0 {:hash_depth=>0, :method_arg=>true}))
  (send
    (begin
      (send
        (begin
          (send
            (hole 0 {:hash_depth=>0, :limit_depth=>true, :recv=>true}) :-
            (hole 0 {:hash_depth=>0, :method_arg=>true}))) :-
        (hole 0 {:hash_depth=>0, :method_arg=>true}))) :discoverable=
    (hole 0 {:hash_depth=>0, :method_arg=>true}))
  (send
    (begin
      (send
        (begin
          (send
            (hole 0 {:hash_depth=>0, :limit_depth=>true, :recv=>true}) :-
            (hole 0 {:hash_depth=>0, :method_arg=>true}))) :-
        (hole 0 {:hash_depth=>0, :method_arg=>true}))) :discoverable)
  (send
    (begin
      (send
        (begin
          (send
            (hole 0 {:hash_depth=>0, :limit_depth=>true, :recv=>true}) :-
            (hole 0 {:hash_depth=>0, :method_arg=>true}))) :-
        (hole 0 {:hash_depth=>0, :method_arg=>true}))) :discoverable)
  (send
    (begin
      (send
        (begin
          (send
            (hole 0 {:hash_depth=>0, :limit_depth=>true, :recv=>true}) :-
            (hole 0 {:hash_depth=>0, :method_arg=>true}))) :-
        (hole 0 {:hash_depth=>0, :method_arg=>true}))) :discoverable)
  (send
    (begin
      (send
        (begin
          (send
            (hole 0 {:hash_depth=>0, :limit_depth=>true, :recv=>true}) :-
            (hole 0 {:hash_depth=>0, :method_arg=>true}))) :-
        (hole 0 {:hash_depth=>0, :method_arg=>true}))) :scheduled_check=
    (hole 0 {:hash_depth=>0, :method_arg=>true}))
  (send
    (begin
      (send
        (begin
          (send
            (hole 0 {:hash_depth=>0, :limit_depth=>true, :recv=>true}) :-
            (hole 0 {:hash_depth=>0, :method_arg=>true}))) :-
        (hole 0 {:hash_depth=>0, :method_arg=>true}))) :scheduled_check=
    (hole 0 {:hash_depth=>0, :method_arg=>true}))
  (send
    (begin
      (send
        (begin
          (send
            (hole 0 {:hash_depth=>0, :limit_depth=>true, :recv=>true}) :-
            (hole 0 {:hash_depth=>0, :method_arg=>true}))) :-
        (hole 0 {:hash_depth=>0, :method_arg=>true}))) :scheduled_check=
    (hole 0 {:hash_depth=>0, :method_arg=>true}))
  (send
    (begin
      (send
        (begin
          (send
            (hole 0 {:hash_depth=>0, :limit_depth=>true, :recv=>true}) :-
            (hole 0 {:hash_depth=>0, :method_arg=>true}))) :-
        (hole 0 {:hash_depth=>0, :method_arg=>true}))) :scheduled_check)
  (send
    (begin
      (send
        (begin
          (send
            (hole 0 {:hash_depth=>0, :limit_depth=>true, :recv=>true}) :-
            (hole 0 {:hash_depth=>0, :method_arg=>true}))) :-
        (hole 0 {:hash_depth=>0, :method_arg=>true}))) :scheduled_check)
  (send
    (begin
      (send
        (begin
          (send
            (hole 0 {:hash_depth=>0, :limit_depth=>true, :recv=>true}) :-
            (hole 0 {:hash_depth=>0, :method_arg=>true}))) :-
        (hole 0 {:hash_depth=>0, :method_arg=>true}))) :scheduled_check)
  (send
    (begin
      (send
        (begin
          (send
            (hole 0 {:hash_depth=>0, :limit_depth=>true, :recv=>true}) :-
            (hole 0 {:hash_depth=>0, :method_arg=>true}))) :-
        (hole 0 {:hash_depth=>0, :method_arg=>true}))) :otp_required_for_login=
    (hole 0 {:hash_depth=>0, :method_arg=>true}))
  (send
    (begin
      (send
        (begin
          (send
            (hole 0 {:hash_depth=>0, :limit_depth=>true, :recv=>true}) :-
            (hole 0 {:hash_depth=>0, :method_arg=>true}))) :-
        (hole 0 {:hash_depth=>0, :method_arg=>true}))) :otp_required_for_login=
    (hole 0 {:hash_depth=>0, :method_arg=>true}))
  (send
    (begin
      (send
        (begin
          (send
            (hole 0 {:hash_depth=>0, :limit_depth=>true, :recv=>true}) :-
            (hole 0 {:hash_depth=>0, :method_arg=>true}))) :-
        (hole 0 {:hash_depth=>0, :method_arg=>true}))) :otp_required_for_login=
    (hole 0 {:hash_depth=>0, :method_arg=>true}))
  (send
    (begin
      (send
        (begin
          (send
            (hole 0 {:hash_depth=>0, :limit_depth=>true, :recv=>true}) :-
            (hole 0 {:hash_depth=>0, :method_arg=>true}))) :-
        (hole 0 {:hash_depth=>0, :method_arg=>true}))) :otp_required_for_login)
  (send
    (begin
      (send
        (begin
          (send
            (hole 0 {:hash_depth=>0, :limit_depth=>true, :recv=>true}) :-
            (hole 0 {:hash_depth=>0, :method_arg=>true}))) :-
        (hole 0 {:hash_depth=>0, :method_arg=>true}))) :otp_required_for_login)
  (send
    (begin
      (send
        (begin
          (send
            (hole 0 {:hash_depth=>0, :limit_depth=>true, :recv=>true}) :-
            (hole 0 {:hash_depth=>0, :method_arg=>true}))) :-
        (hole 0 {:hash_depth=>0, :method_arg=>true}))) :otp_required_for_login)
  (send
    (begin
      (send
        (begin
          (send
            (hole 0 {:hash_depth=>0, :limit_depth=>true, :recv=>true}) :-
            (hole 0 {:hash_depth=>0, :method_arg=>true}))) :-
        (hole 0 {:hash_depth=>0, :method_arg=>true}))) :admin=
    (hole 0 {:hash_depth=>0, :method_arg=>true}))
  (send
    (begin
      (send
        (begin
          (send
            (hole 0 {:hash_depth=>0, :limit_depth=>true, :recv=>true}) :-
            (hole 0 {:hash_depth=>0, :method_arg=>true}))) :-
        (hole 0 {:hash_depth=>0, :method_arg=>true}))) :admin=
    (hole 0 {:hash_depth=>0, :method_arg=>true}))
  (send
    (begin
      (send
        (begin
          (send
            (hole 0 {:hash_depth=>0, :limit_depth=>true, :recv=>true}) :-
            (hole 0 {:hash_depth=>0, :method_arg=>true}))) :-
        (hole 0 {:hash_depth=>0, :method_arg=>true}))) :admin=
    (hole 0 {:hash_depth=>0, :method_arg=>true}))
  (send
    (begin
      (send
        (begin
          (send
            (hole 0 {:hash_depth=>0, :limit_depth=>true, :recv=>true}) :-
            (hole 0 {:hash_depth=>0, :method_arg=>true}))) :-
        (hole 0 {:hash_depth=>0, :method_arg=>true}))) :admin)
  (send
    (begin
      (send
        (begin
          (send
            (hole 0 {:hash_depth=>0, :limit_depth=>true, :recv=>true}) :-
            (hole 0 {:hash_depth=>0, :method_arg=>true}))) :-
        (hole 0 {:hash_depth=>0, :method_arg=>true}))) :admin)
  (send
    (begin
      (send
        (begin
          (send
            (hole 0 {:hash_depth=>0, :limit_depth=>true, :recv=>true}) :-
            (hole 0 {:hash_depth=>0, :method_arg=>true}))) :-
        (hole 0 {:hash_depth=>0, :method_arg=>true}))) :admin)
  (send
    (begin
      (send
        (begin
          (send
            (hole 0 {:hash_depth=>0, :limit_depth=>true, :recv=>true}) :-
            (hole 0 {:hash_depth=>0, :method_arg=>true}))) :-
        (hole 0 {:hash_depth=>0, :method_arg=>true}))) :staged=
    (hole 0 {:hash_depth=>0, :method_arg=>true}))
  (send
    (begin
      (send
        (begin
          (send
            (hole 0 {:hash_depth=>0, :limit_depth=>true, :recv=>true}) :-
            (hole 0 {:hash_depth=>0, :method_arg=>true}))) :-
        (hole 0 {:hash_depth=>0, :method_arg=>true}))) :staged=
    (hole 0 {:hash_depth=>0, :method_arg=>true}))
  (send
    (begin
      (send
        (begin
          (send
            (hole 0 {:hash_depth=>0, :limit_depth=>true, :recv=>true}) :-
            (hole 0 {:hash_depth=>0, :method_arg=>true}))) :-
        (hole 0 {:hash_depth=>0, :method_arg=>true}))) :staged=
    (hole 0 {:hash_depth=>0, :method_arg=>true}))
  (send
    (begin
      (send
        (begin
          (send
            (hole 0 {:hash_depth=>0, :limit_depth=>true, :recv=>true}) :-
            (hole 0 {:hash_depth=>0, :method_arg=>true}))) :-
        (hole 0 {:hash_depth=>0, :method_arg=>true}))) :staged)
  (send
    (begin
      (send
        (begin
          (send
            (hole 0 {:hash_depth=>0, :limit_depth=>true, :recv=>true}) :-
            (hole 0 {:hash_depth=>0, :method_arg=>true}))) :-
        (hole 0 {:hash_depth=>0, :method_arg=>true}))) :staged)
  (send
    (begin
      (send
        (begin
          (send
            (hole 0 {:hash_depth=>0, :limit_depth=>true, :recv=>true}) :-
            (hole 0 {:hash_depth=>0, :method_arg=>true}))) :-
        (hole 0 {:hash_depth=>0, :method_arg=>true}))) :staged)
  (send
    (begin
      (send
        (begin
          (send
            (hole 0 {:hash_depth=>0, :limit_depth=>true, :recv=>true}) :-
            (hole 0 {:hash_depth=>0, :method_arg=>true}))) :-
        (hole 0 {:hash_depth=>0, :method_arg=>true}))) :active=
    (hole 0 {:hash_depth=>0, :method_arg=>true}))
  (send
    (begin
      (send
        (begin
          (send
            (hole 0 {:hash_depth=>0, :limit_depth=>true, :recv=>true}) :-
            (hole 0 {:hash_depth=>0, :method_arg=>true}))) :-
        (hole 0 {:hash_depth=>0, :method_arg=>true}))) :active=
    (hole 0 {:hash_depth=>0, :method_arg=>true}))
  (send
    (begin
      (send
        (begin
          (send
            (hole 0 {:hash_depth=>0, :limit_depth=>true, :recv=>true}) :-
            (hole 0 {:hash_depth=>0, :method_arg=>true}))) :-
        (hole 0 {:hash_depth=>0, :method_arg=>true}))) :active=
    (hole 0 {:hash_depth=>0, :method_arg=>true}))
  (send
    (begin
      (send
        (begin
          (send
            (hole 0 {:hash_depth=>0, :limit_depth=>true, :recv=>true}) :-
            (hole 0 {:hash_depth=>0, :method_arg=>true}))) :-
        (hole 0 {:hash_depth=>0, :method_arg=>true}))) :active)
  (send
    (begin
      (send
        (begin
          (send
            (hole 0 {:hash_depth=>0, :limit_depth=>true, :recv=>true}) :-
            (hole 0 {:hash_depth=>0, :method_arg=>true}))) :-
        (hole 0 {:hash_depth=>0, :method_arg=>true}))) :active)
  (send
    (begin
      (send
        (begin
          (send
            (hole 0 {:hash_depth=>0, :limit_depth=>true, :recv=>true}) :-
            (hole 0 {:hash_depth=>0, :method_arg=>true}))) :-
        (hole 0 {:hash_depth=>0, :method_arg=>true}))) :active)
  (send
    (begin
      (send
        (begin
          (send
            (hole 0 {:hash_depth=>0, :limit_depth=>true, :recv=>true}) :-
            (hole 0 {:hash_depth=>0, :method_arg=>true}))) :-
        (hole 0 {:hash_depth=>0, :method_arg=>true}))) :primary=
    (hole 0 {:hash_depth=>0, :method_arg=>true}))
  (send
    (begin
      (send
        (begin
          (send
            (hole 0 {:hash_depth=>0, :limit_depth=>true, :recv=>true}) :-
            (hole 0 {:hash_depth=>0, :method_arg=>true}))) :-
        (hole 0 {:hash_depth=>0, :method_arg=>true}))) :primary=
    (hole 0 {:hash_depth=>0, :method_arg=>true}))
  (send
    (begin
      (send
        (begin
          (send
            (hole 0 {:hash_depth=>0, :limit_depth=>true, :recv=>true}) :-
            (hole 0 {:hash_depth=>0, :method_arg=>true}))) :-
        (hole 0 {:hash_depth=>0, :method_arg=>true}))) :primary=
    (hole 0 {:hash_depth=>0, :method_arg=>true}))
  (send
    (begin
      (send
        (begin
          (send
            (hole 0 {:hash_depth=>0, :limit_depth=>true, :recv=>true}) :-
            (hole 0 {:hash_depth=>0, :method_arg=>true}))) :-
        (hole 0 {:hash_depth=>0, :method_arg=>true}))) :primary)
  (send
    (begin
      (send
        (begin
          (send
            (hole 0 {:hash_depth=>0, :limit_depth=>true, :recv=>true}) :-
            (hole 0 {:hash_depth=>0, :method_arg=>true}))) :-
        (hole 0 {:hash_depth=>0, :method_arg=>true}))) :primary)
  (send
    (begin
      (send
        (begin
          (send
            (hole 0 {:hash_depth=>0, :limit_depth=>true, :recv=>true}) :-
            (hole 0 {:hash_depth=>0, :method_arg=>true}))) :-
        (hole 0 {:hash_depth=>0, :method_arg=>true}))) :primary)
  (send
    (begin
      (send
        (begin
          (send
            (hole 0 {:hash_depth=>0, :limit_depth=>true, :recv=>true}) :-
            (hole 0 {:hash_depth=>0, :method_arg=>true}))) :-
        (hole 0 {:hash_depth=>0, :method_arg=>true}))) :moderator=
    (hole 0 {:hash_depth=>0, :method_arg=>true}))
  (send
    (begin
      (send
        (begin
          (send
            (hole 0 {:hash_depth=>0, :limit_depth=>true, :recv=>true}) :-
            (hole 0 {:hash_depth=>0, :method_arg=>true}))) :-
        (hole 0 {:hash_depth=>0, :method_arg=>true}))) :moderator=
    (hole 0 {:hash_depth=>0, :method_arg=>true}))
  (send
    (begin
      (send
        (begin
          (send
            (hole 0 {:hash_depth=>0, :limit_depth=>true, :recv=>true}) :-
            (hole 0 {:hash_depth=>0, :method_arg=>true}))) :-
        (hole 0 {:hash_depth=>0, :method_arg=>true}))) :moderator=
    (hole 0 {:hash_depth=>0, :method_arg=>true}))
  (send
    (begin
      (send
        (begin
          (send
            (hole 0 {:hash_depth=>0, :limit_depth=>true, :recv=>true}) :-
            (hole 0 {:hash_depth=>0, :method_arg=>true}))) :-
        (hole 0 {:hash_depth=>0, :method_arg=>true}))) :moderator)
  (send
    (begin
      (send
        (begin
          (send
            (hole 0 {:hash_depth=>0, :limit_depth=>true, :recv=>true}) :-
            (hole 0 {:hash_depth=>0, :method_arg=>true}))) :-
        (hole 0 {:hash_depth=>0, :method_arg=>true}))) :moderator)
  (send
    (begin
      (send
        (begin
          (send
            (hole 0 {:hash_depth=>0, :limit_depth=>true, :recv=>true}) :-
            (hole 0 {:hash_depth=>0, :method_arg=>true}))) :-
        (hole 0 {:hash_depth=>0, :method_arg=>true}))) :moderator)
  (begin
    (send
      (begin
        (send
          (begin
            (send
              (hole 0 {:hash_depth=>0, :limit_depth=>true, :recv=>true}) :-
              (hole 0 {:hash_depth=>0, :method_arg=>true}))) :-
          (hole 0 {:hash_depth=>0, :method_arg=>true}))) :-
      (hole 0 {:hash_depth=>0, :method_arg=>true})))
  (begin
    (send
      (begin
        (send
          (begin
            (send
              (hole 0 {:hash_depth=>0, :limit_depth=>true, :recv=>true}) :-
              (hole 0 {:hash_depth=>0, :method_arg=>true}))) :-
          (hole 0 {:hash_depth=>0, :method_arg=>true}))) :-
      (hole 0 {:hash_depth=>0, :method_arg=>true})))
  (begin
    (send
      (begin
        (send
          (begin
            (send
              (hole 0 {:hash_depth=>0, :limit_depth=>true, :recv=>true}) :-
              (hole 0 {:hash_depth=>0, :method_arg=>true}))) :-
          (hole 0 {:hash_depth=>0, :method_arg=>true}))) :-
      (hole 0 {:hash_depth=>0, :method_arg=>true})))
  (begin
    (send
      (begin
        (send
          (begin
            (send
              (hole 0 {:hash_depth=>0, :limit_depth=>true, :recv=>true}) :-
              (hole 0 {:hash_depth=>0, :method_arg=>true}))) :-
          (hole 0 {:hash_depth=>0, :method_arg=>true}))) :-
      (hole 0 {:hash_depth=>0, :method_arg=>true})))
  (begin
    (send
      (begin
        (send
          (begin
            (send
              (hole 0 {:hash_depth=>0, :limit_depth=>true, :recv=>true}) :-
              (hole 0 {:hash_depth=>0, :method_arg=>true}))) :-
          (hole 0 {:hash_depth=>0, :method_arg=>true}))) :-
      (hole 0 {:hash_depth=>0, :method_arg=>true})))
  (begin
    (send
      (begin
        (send
          (begin
            (send
              (hole 0 {:hash_depth=>0, :limit_depth=>true, :recv=>true}) :-
              (hole 0 {:hash_depth=>0, :method_arg=>true}))) :-
          (hole 0 {:hash_depth=>0, :method_arg=>true}))) :-
      (hole 0 {:hash_depth=>0, :method_arg=>true})))
  (begin
    (send
      (begin
        (send
          (begin
            (send
              (hole 0 {:hash_depth=>0, :limit_depth=>true, :recv=>true}) :-
              (hole 0 {:hash_depth=>0, :method_arg=>true}))) :-
          (hole 0 {:hash_depth=>0, :method_arg=>true}))) :-
      (hole 0 {:hash_depth=>0, :method_arg=>true})))
  (begin
    (send
      (begin
        (send
          (begin
            (send
              (hole 0 {:hash_depth=>0, :limit_depth=>true, :recv=>true}) :-
              (hole 0 {:hash_depth=>0, :method_arg=>true}))) :-
          (hole 0 {:hash_depth=>0, :method_arg=>true}))) :-
      (hole 0 {:hash_depth=>0, :method_arg=>true})))
  (begin
    (send
      (begin
        (send
          (begin
            (send
              (hole 0 {:hash_depth=>0, :limit_depth=>true, :recv=>true}) :-
              (hole 0 {:hash_depth=>0, :method_arg=>true}))) :-
          (hole 0 {:hash_depth=>0, :method_arg=>true}))) :-
      (hole 0 {:hash_depth=>0, :method_arg=>true})))
  (begin
    (send
      (begin
        (send
          (begin
            (send
              (hole 0 {:hash_depth=>0, :limit_depth=>true, :recv=>true}) :-
              (hole 0 {:hash_depth=>0, :method_arg=>true}))) :-
          (hole 0 {:hash_depth=>0, :method_arg=>true}))) :save))
  (begin
    (send
      (begin
        (send
          (begin
            (send
              (hole 0 {:hash_depth=>0, :limit_depth=>true, :recv=>true}) :-
              (hole 0 {:hash_depth=>0, :method_arg=>true}))) :-
          (hole 0 {:hash_depth=>0, :method_arg=>true}))) :save))
  (begin
    (send
      (begin
        (send
          (begin
            (send
              (hole 0 {:hash_depth=>0, :limit_depth=>true, :recv=>true}) :-
              (hole 0 {:hash_depth=>0, :method_arg=>true}))) :-
          (hole 0 {:hash_depth=>0, :method_arg=>true}))) :save))
  (begin
    (send
      (begin
        (send
          (begin
            (send
              (hole 0 {:hash_depth=>0, :limit_depth=>true, :recv=>true}) :-
              (hole 0 {:hash_depth=>0, :method_arg=>true}))) :save)) :count))
  (begin
    (send
      (begin
        (send
          (begin
            (send
              (hole 0 {:hash_depth=>0, :limit_depth=>true, :recv=>true}) :-
              (hole 0 {:hash_depth=>0, :method_arg=>true}))) :save)) :-
      (hole 0 {:hash_depth=>0, :method_arg=>true})))
  (begin
    (send
      (begin
        (send
          (begin
            (send
              (hole 0 {:hash_depth=>0, :limit_depth=>true, :recv=>true}) :-
              (hole 0 {:hash_depth=>0, :method_arg=>true}))) :save)) :save))
  (begin
    (send
      (send
        (begin
          (begin
            (send
              (hole 0 {:hash_depth=>0, :limit_depth=>true, :recv=>true}) :-
              (hole 0 {:hash_depth=>0, :method_arg=>true})))) :!) :count))
  (begin
    (send
      (send
        (begin
          (begin
            (send
              (hole 0 {:hash_depth=>0, :limit_depth=>true, :recv=>true}) :-
              (hole 0 {:hash_depth=>0, :method_arg=>true})))) :!) :-
      (hole 0 {:hash_depth=>0, :method_arg=>true})))
  (begin
    (send
      (send
        (begin
          (begin
            (send
              (hole 0 {:hash_depth=>0, :limit_depth=>true, :recv=>true}) :-
              (hole 0 {:hash_depth=>0, :method_arg=>true})))) :!) :save))
  (begin
    (send
      (send
        (begin
          (begin
            (send
              (hole 0 {:hash_depth=>0, :limit_depth=>true, :recv=>true}) :save))) :!) :count))
  (begin
    (send
      (send
        (begin
          (begin
            (send
              (hole 0 {:hash_depth=>0, :limit_depth=>true, :recv=>true}) :save))) :!) :-
      (hole 0 {:hash_depth=>0, :method_arg=>true})))
  (begin
    (send
      (send
        (begin
          (begin
            (send
              (hole 0 {:hash_depth=>0, :limit_depth=>true, :recv=>true}) :save))) :!) :save))
  (send
    (begin
      (send
        (begin
          (send
            (hole 0 {:hash_depth=>0, :limit_depth=>true, :recv=>true}) :save)) :count)) :confirmed=
    (hole 0 {:hash_depth=>0, :method_arg=>true}))
  (send
    (begin
      (send
        (begin
          (send
            (hole 0 {:hash_depth=>0, :limit_depth=>true, :recv=>true}) :save)) :count)) :confirmed)
  (send
    (begin
      (send
        (begin
          (send
            (hole 0 {:hash_depth=>0, :limit_depth=>true, :recv=>true}) :save)) :count)) :expired=
    (hole 0 {:hash_depth=>0, :method_arg=>true}))
  (send
    (begin
      (send
        (begin
          (send
            (hole 0 {:hash_depth=>0, :limit_depth=>true, :recv=>true}) :save)) :count)) :expired)
  (send
    (begin
      (send
        (begin
          (send
            (hole 0 {:hash_depth=>0, :limit_depth=>true, :recv=>true}) :save)) :count)) :discoverable=
    (hole 0 {:hash_depth=>0, :method_arg=>true}))
  (send
    (begin
      (send
        (begin
          (send
            (hole 0 {:hash_depth=>0, :limit_depth=>true, :recv=>true}) :save)) :count)) :discoverable)
  (send
    (begin
      (send
        (begin
          (send
            (hole 0 {:hash_depth=>0, :limit_depth=>true, :recv=>true}) :save)) :count)) :scheduled_check=
    (hole 0 {:hash_depth=>0, :method_arg=>true}))
  (send
    (begin
      (send
        (begin
          (send
            (hole 0 {:hash_depth=>0, :limit_depth=>true, :recv=>true}) :save)) :count)) :scheduled_check)
  (send
    (begin
      (send
        (begin
          (send
            (hole 0 {:hash_depth=>0, :limit_depth=>true, :recv=>true}) :save)) :count)) :otp_required_for_login=
    (hole 0 {:hash_depth=>0, :method_arg=>true}))
  (send
    (begin
      (send
        (begin
          (send
            (hole 0 {:hash_depth=>0, :limit_depth=>true, :recv=>true}) :save)) :count)) :otp_required_for_login)
  (send
    (begin
      (send
        (begin
          (send
            (hole 0 {:hash_depth=>0, :limit_depth=>true, :recv=>true}) :save)) :count)) :admin=
    (hole 0 {:hash_depth=>0, :method_arg=>true}))
  (send
    (begin
      (send
        (begin
          (send
            (hole 0 {:hash_depth=>0, :limit_depth=>true, :recv=>true}) :save)) :count)) :admin)
  (send
    (begin
      (send
        (begin
          (send
            (hole 0 {:hash_depth=>0, :limit_depth=>true, :recv=>true}) :save)) :count)) :staged=
    (hole 0 {:hash_depth=>0, :method_arg=>true}))
  (send
    (begin
      (send
        (begin
          (send
            (hole 0 {:hash_depth=>0, :limit_depth=>true, :recv=>true}) :save)) :count)) :staged)
  (send
    (begin
      (send
        (begin
          (send
            (hole 0 {:hash_depth=>0, :limit_depth=>true, :recv=>true}) :save)) :count)) :active=
    (hole 0 {:hash_depth=>0, :method_arg=>true}))
  (send
    (begin
      (send
        (begin
          (send
            (hole 0 {:hash_depth=>0, :limit_depth=>true, :recv=>true}) :save)) :count)) :active)
  (send
    (begin
      (send
        (begin
          (send
            (hole 0 {:hash_depth=>0, :limit_depth=>true, :recv=>true}) :save)) :count)) :primary=
    (hole 0 {:hash_depth=>0, :method_arg=>true}))
  (send
    (begin
      (send
        (begin
          (send
            (hole 0 {:hash_depth=>0, :limit_depth=>true, :recv=>true}) :save)) :count)) :primary)
  (send
    (begin
      (send
        (begin
          (send
            (hole 0 {:hash_depth=>0, :limit_depth=>true, :recv=>true}) :save)) :count)) :moderator=
    (hole 0 {:hash_depth=>0, :method_arg=>true}))
  (send
    (begin
      (send
        (begin
          (send
            (hole 0 {:hash_depth=>0, :limit_depth=>true, :recv=>true}) :save)) :count)) :moderator)
  (begin
    (send
      (begin
        (send
          (begin
            (send
              (hole 0 {:hash_depth=>0, :limit_depth=>true, :recv=>true}) :save)) :count)) :-
      (hole 0 {:hash_depth=>0, :method_arg=>true})))
  (begin
    (send
      (begin
        (send
          (begin
            (send
              (hole 0 {:hash_depth=>0, :limit_depth=>true, :recv=>true}) :save)) :count)) :-
      (hole 0 {:hash_depth=>0, :method_arg=>true})))
  (begin
    (send
      (begin
        (send
          (begin
            (send
              (hole 0 {:hash_depth=>0, :limit_depth=>true, :recv=>true}) :save)) :count)) :-
      (hole 0 {:hash_depth=>0, :method_arg=>true})))
  (begin
    (send
      (begin
        (send
          (begin
            (send
              (hole 0 {:hash_depth=>0, :limit_depth=>true, :recv=>true}) :save)) :count)) :save))
  (send
    (begin
      (send
        (begin
          (send
            (hole 0 {:hash_depth=>0, :limit_depth=>true, :recv=>true}) :save)) :-
        (hole 0 {:hash_depth=>0, :method_arg=>true}))) :confirmed=
    (hole 0 {:hash_depth=>0, :method_arg=>true}))
  (send
    (begin
      (send
        (begin
          (send
            (hole 0 {:hash_depth=>0, :limit_depth=>true, :recv=>true}) :save)) :-
        (hole 0 {:hash_depth=>0, :method_arg=>true}))) :confirmed)
  (send
    (begin
      (send
        (begin
          (send
            (hole 0 {:hash_depth=>0, :limit_depth=>true, :recv=>true}) :save)) :-
        (hole 0 {:hash_depth=>0, :method_arg=>true}))) :expired=
    (hole 0 {:hash_depth=>0, :method_arg=>true}))
  (send
    (begin
      (send
        (begin
          (send
            (hole 0 {:hash_depth=>0, :limit_depth=>true, :recv=>true}) :save)) :-
        (hole 0 {:hash_depth=>0, :method_arg=>true}))) :expired)
  (send
    (begin
      (send
        (begin
          (send
            (hole 0 {:hash_depth=>0, :limit_depth=>true, :recv=>true}) :save)) :-
        (hole 0 {:hash_depth=>0, :method_arg=>true}))) :discoverable=
    (hole 0 {:hash_depth=>0, :method_arg=>true}))
  (send
    (begin
      (send
        (begin
          (send
            (hole 0 {:hash_depth=>0, :limit_depth=>true, :recv=>true}) :save)) :-
        (hole 0 {:hash_depth=>0, :method_arg=>true}))) :discoverable)
  (send
    (begin
      (send
        (begin
          (send
            (hole 0 {:hash_depth=>0, :limit_depth=>true, :recv=>true}) :save)) :-
        (hole 0 {:hash_depth=>0, :method_arg=>true}))) :scheduled_check=
    (hole 0 {:hash_depth=>0, :method_arg=>true}))
  (send
    (begin
      (send
        (begin
          (send
            (hole 0 {:hash_depth=>0, :limit_depth=>true, :recv=>true}) :save)) :-
        (hole 0 {:hash_depth=>0, :method_arg=>true}))) :scheduled_check)
  (send
    (begin
      (send
        (begin
          (send
            (hole 0 {:hash_depth=>0, :limit_depth=>true, :recv=>true}) :save)) :-
        (hole 0 {:hash_depth=>0, :method_arg=>true}))) :otp_required_for_login=
    (hole 0 {:hash_depth=>0, :method_arg=>true}))
  (send
    (begin
      (send
        (begin
          (send
            (hole 0 {:hash_depth=>0, :limit_depth=>true, :recv=>true}) :save)) :-
        (hole 0 {:hash_depth=>0, :method_arg=>true}))) :otp_required_for_login)
  (send
    (begin
      (send
        (begin
          (send
            (hole 0 {:hash_depth=>0, :limit_depth=>true, :recv=>true}) :save)) :-
        (hole 0 {:hash_depth=>0, :method_arg=>true}))) :admin=
    (hole 0 {:hash_depth=>0, :method_arg=>true}))
  (send
    (begin
      (send
        (begin
          (send
            (hole 0 {:hash_depth=>0, :limit_depth=>true, :recv=>true}) :save)) :-
        (hole 0 {:hash_depth=>0, :method_arg=>true}))) :admin)
  (send
    (begin
      (send
        (begin
          (send
            (hole 0 {:hash_depth=>0, :limit_depth=>true, :recv=>true}) :save)) :-
        (hole 0 {:hash_depth=>0, :method_arg=>true}))) :staged=
    (hole 0 {:hash_depth=>0, :method_arg=>true}))
  (send
    (begin
      (send
        (begin
          (send
            (hole 0 {:hash_depth=>0, :limit_depth=>true, :recv=>true}) :save)) :-
        (hole 0 {:hash_depth=>0, :method_arg=>true}))) :staged)
  (send
    (begin
      (send
        (begin
          (send
            (hole 0 {:hash_depth=>0, :limit_depth=>true, :recv=>true}) :save)) :-
        (hole 0 {:hash_depth=>0, :method_arg=>true}))) :active=
    (hole 0 {:hash_depth=>0, :method_arg=>true}))
  (send
    (begin
      (send
        (begin
          (send
            (hole 0 {:hash_depth=>0, :limit_depth=>true, :recv=>true}) :save)) :-
        (hole 0 {:hash_depth=>0, :method_arg=>true}))) :active)
  (send
    (begin
      (send
        (begin
          (send
            (hole 0 {:hash_depth=>0, :limit_depth=>true, :recv=>true}) :save)) :-
        (hole 0 {:hash_depth=>0, :method_arg=>true}))) :primary=
    (hole 0 {:hash_depth=>0, :method_arg=>true}))
  (send
    (begin
      (send
        (begin
          (send
            (hole 0 {:hash_depth=>0, :limit_depth=>true, :recv=>true}) :save)) :-
        (hole 0 {:hash_depth=>0, :method_arg=>true}))) :primary)
  (send
    (begin
      (send
        (begin
          (send
            (hole 0 {:hash_depth=>0, :limit_depth=>true, :recv=>true}) :save)) :-
        (hole 0 {:hash_depth=>0, :method_arg=>true}))) :moderator=
    (hole 0 {:hash_depth=>0, :method_arg=>true}))
  (send
    (begin
      (send
        (begin
          (send
            (hole 0 {:hash_depth=>0, :limit_depth=>true, :recv=>true}) :save)) :-
        (hole 0 {:hash_depth=>0, :method_arg=>true}))) :moderator)
  (begin
    (send
      (begin
        (send
          (begin
            (send
              (hole 0 {:hash_depth=>0, :limit_depth=>true, :recv=>true}) :save)) :-
          (hole 0 {:hash_depth=>0, :method_arg=>true}))) :-
      (hole 0 {:hash_depth=>0, :method_arg=>true})))
  (begin
    (send
      (begin
        (send
          (begin
            (send
              (hole 0 {:hash_depth=>0, :limit_depth=>true, :recv=>true}) :save)) :-
          (hole 0 {:hash_depth=>0, :method_arg=>true}))) :-
      (hole 0 {:hash_depth=>0, :method_arg=>true})))
  (begin
    (send
      (begin
        (send
          (begin
            (send
              (hole 0 {:hash_depth=>0, :limit_depth=>true, :recv=>true}) :save)) :-
          (hole 0 {:hash_depth=>0, :method_arg=>true}))) :-
      (hole 0 {:hash_depth=>0, :method_arg=>true})))
  (begin
    (send
      (begin
        (send
          (begin
            (send
              (hole 0 {:hash_depth=>0, :limit_depth=>true, :recv=>true}) :save)) :-
          (hole 0 {:hash_depth=>0, :method_arg=>true}))) :save))
  (begin
    (send
      (begin
        (send
          (begin
            (send
              (hole 0 {:hash_depth=>0, :limit_depth=>true, :recv=>true}) :save)) :save)) :count))
  (begin
    (send
      (begin
        (send
          (begin
            (send
              (hole 0 {:hash_depth=>0, :limit_depth=>true, :recv=>true}) :save)) :save)) :-
      (hole 0 {:hash_depth=>0, :method_arg=>true})))
  (begin
    (send
      (begin
        (send
          (begin
            (send
              (hole 0 {:hash_depth=>0, :limit_depth=>true, :recv=>true}) :save)) :save)) :save))
  (hole 4 {:hash_depth=>0, :method_arg=>false, :variance=>:+}) {:method_arg=>false})
BASETYPE: true or false
SIZE WORK_LIST: 92
SIZE generated: 1145
EVALUABLE#: 0

-------------------------

----------------
TTYPES
Integer
Integer
Integer
Integer
Integer
Integer
Integer
Integer
Integer
Integer
Integer
Integer
Integer
Integer
Integer
Integer
Integer
Integer
Integer
Integer
Integer
Integer
Integer
Integer
Integer
Integer
Integer
Integer
Integer
Integer
Integer
Integer
Integer
Integer
Integer
Integer

PROGS

LOCAL_COUNT: 65
GLOBAL_COUNT: 219

BASE_AFTER:
(begin
  (send
    (begin
      (send
        (begin
          (send
            (filled-hole
              (lvar InvitationCode(id: integer, token: string, diaspora_user_id: integer, count: integer)) {:method_arg=>false}) :count)) :-
        (filled-hole
          (lvar :arg0)
          (lvar InvitationCode(id: integer, token: string, diaspora_user_id: integer, count: integer))
          (true)
          (false)
          (int 0)
          (int 1)
          (int 2)
          (str "")
          (hole 1 {:hash_depth=>0, :method_arg=>true, :variance=>:+}) {:method_arg=>true}))) :-
    (filled-hole
      (int 0)
      (int 1)
      (int 2)
      (hole 1 {:hash_depth=>0, :method_arg=>true, :variance=>:+}) {:method_arg=>true})))
BASETYPE: Integer
SIZE WORK_LIST: 1236
SIZE generated: 36
EVALUABLE#: 24

-------------------------

----------------
TTYPES
true or false
true or false
true or false
true or false
true or false
true or false
true or false
true or false
true or false
true or false
true or false
true or false
true or false
true or false
true or false
true or false
true or false
true or false
true or false
true or false
true or false
true or false
true or false
true or false
true or false
true or false
true or false

PROGS

LOCAL_COUNT: 66
GLOBAL_COUNT: 220

BASE_AFTER:
(send
  (begin
    (send
      (begin
        (send
          (filled-hole
            (lvar InvitationCode(id: integer, token: string, diaspora_user_id: integer, count: integer)) {:method_arg=>false}) :count)) :-
      (filled-hole
        (lvar :arg0)
        (lvar InvitationCode(id: integer, token: string, diaspora_user_id: integer, count: integer))
        (true)
        (false)
        (int 0)
        (int 1)
        (int 2)
        (str "")
        (hole 1 {:hash_depth=>0, :method_arg=>true, :variance=>:+}) {:method_arg=>true}))) :confirmed=
  (filled-hole
    (true)
    (false)
    (hole 1 {:hash_depth=>0, :method_arg=>true, :variance=>:+}) {:method_arg=>true}))
BASETYPE: true or false
SIZE WORK_LIST: 1247
SIZE generated: 27
EVALUABLE#: 16

-------------------------

----------------
TTYPES
true or false
true or false
true or false
true or false
true or false
true or false
true or false
true or false
true or false

PROGS

LOCAL_COUNT: 67
GLOBAL_COUNT: 221

BASE_AFTER:
(send
  (begin
    (send
      (begin
        (send
          (filled-hole
            (lvar InvitationCode(id: integer, token: string, diaspora_user_id: integer, count: integer)) {:method_arg=>false}) :count)) :-
      (filled-hole
        (lvar :arg0)
        (lvar InvitationCode(id: integer, token: string, diaspora_user_id: integer, count: integer))
        (true)
        (false)
        (int 0)
        (int 1)
        (int 2)
        (str "")
        (hole 1 {:hash_depth=>0, :method_arg=>true, :variance=>:+}) {:method_arg=>true}))) :confirmed)
BASETYPE: true or false
SIZE WORK_LIST: 1257
SIZE generated: 9
EVALUABLE#: 8

-------------------------

----------------
TTYPES
true or false
true or false
true or false
true or false
true or false
true or false
true or false
true or false
true or false
true or false
true or false
true or false
true or false
true or false
true or false
true or false
true or false
true or false
true or false
true or false
true or false
true or false
true or false
true or false
true or false
true or false
true or false

PROGS

LOCAL_COUNT: 68
GLOBAL_COUNT: 222

BASE_AFTER:
(send
  (begin
    (send
      (begin
        (send
          (filled-hole
            (lvar InvitationCode(id: integer, token: string, diaspora_user_id: integer, count: integer)) {:method_arg=>false}) :count)) :-
      (filled-hole
        (lvar :arg0)
        (lvar InvitationCode(id: integer, token: string, diaspora_user_id: integer, count: integer))
        (true)
        (false)
        (int 0)
        (int 1)
        (int 2)
        (str "")
        (hole 1 {:hash_depth=>0, :method_arg=>true, :variance=>:+}) {:method_arg=>true}))) :expired=
  (filled-hole
    (true)
    (false)
    (hole 1 {:hash_depth=>0, :method_arg=>true, :variance=>:+}) {:method_arg=>true}))
BASETYPE: true or false
SIZE WORK_LIST: 1257
SIZE generated: 27
EVALUABLE#: 16

-------------------------

----------------
TTYPES
true or false
true or false
Integer
Integer
Integer
String
%bot

PROGS

LOCAL_COUNT: 1
GLOBAL_COUNT: 1

BASE_AFTER:
(filled-hole
  (true)
  (false)
  (int 0)
  (int 1)
  (int 2)
  (str "")
  (hole 1 {:hash_depth=>0, :method_arg=>false, :variance=>:-}) {:method_arg=>false})
BASETYPE: %bot
SIZE WORK_LIST: 0
SIZE generated: 7
EVALUABLE#: 6

-------------------------

----------------
TTYPES
true or false
true or false

PROGS

LOCAL_COUNT: 2
GLOBAL_COUNT: 2

BASE_AFTER:
(true)
BASETYPE: true or false
SIZE WORK_LIST: 6
SIZE generated: 2
EVALUABLE#: 0

-------------------------

----------------
TTYPES
true or false
true or false

PROGS

LOCAL_COUNT: 3
GLOBAL_COUNT: 3

BASE_AFTER:
(false)
BASETYPE: true or false
SIZE WORK_LIST: 7
SIZE generated: 2
EVALUABLE#: 0

-------------------------

----------------
TTYPES
Integer
Integer

PROGS

LOCAL_COUNT: 4
GLOBAL_COUNT: 4

BASE_AFTER:
(int 0)
BASETYPE: Integer
SIZE WORK_LIST: 8
SIZE generated: 2
EVALUABLE#: 0

-------------------------

----------------
TTYPES
Integer
Integer

PROGS

LOCAL_COUNT: 5
GLOBAL_COUNT: 5

BASE_AFTER:
(int 1)
BASETYPE: Integer
SIZE WORK_LIST: 9
SIZE generated: 2
EVALUABLE#: 0

-------------------------

----------------
TTYPES
Integer
Integer

PROGS

LOCAL_COUNT: 6
GLOBAL_COUNT: 6

BASE_AFTER:
(int 2)
BASETYPE: Integer
SIZE WORK_LIST: 10
SIZE generated: 2
EVALUABLE#: 0

-------------------------

----------------
TTYPES
String
String

PROGS

LOCAL_COUNT: 7
GLOBAL_COUNT: 7

BASE_AFTER:
(str "")
BASETYPE: String
SIZE WORK_LIST: 11
SIZE generated: 2
EVALUABLE#: 0

-------------------------

----------------
TTYPES
%bot

PROGS

LOCAL_COUNT: 8
GLOBAL_COUNT: 8

BASE_AFTER:
(filled-hole
  (begin
    (send
      (hole 0 {:hash_depth=>0, :limit_depth=>true, :recv=>true}) :-
      (hole 0 {:hash_depth=>0, :method_arg=>true})))
  (begin
    (send
      (hole 0 {:hash_depth=>0, :limit_depth=>true, :recv=>true}) :count))
  (begin
    (send
      (hole 0 {:hash_depth=>0, :limit_depth=>true, :recv=>true}) :-
      (hole 0 {:hash_depth=>0, :method_arg=>true})))
  (hole 2 {:hash_depth=>0, :method_arg=>false, :variance=>:-}) {:method_arg=>false})
BASETYPE: %bot
SIZE WORK_LIST: 12
SIZE generated: 1
EVALUABLE#: 0

-------------------------

----------------
TTYPES
true or false
true or false
true or false
true or false

PROGS

LOCAL_COUNT: 9
GLOBAL_COUNT: 9

BASE_AFTER:
(begin
  (send
    (hole 0 {:hash_depth=>0, :limit_depth=>true, :recv=>true}) :count=
    (hole 0 {:hash_depth=>0, :method_arg=>true}))
  (true))
BASETYPE: true or false
SIZE WORK_LIST: 12
SIZE generated: 4
EVALUABLE#: 3

-------------------------

----------------
TTYPES
true or false

PROGS

LOCAL_COUNT: 10
GLOBAL_COUNT: 10

BASE_AFTER:
(begin
  (send
    (hole 0 {:hash_depth=>0, :limit_depth=>true, :recv=>true}) :diaspora_user=
    (hole 0 {:hash_depth=>0, :method_arg=>true}))
  (true))
BASETYPE: true or false
SIZE WORK_LIST: 14
SIZE generated: 1
EVALUABLE#: 0

-------------------------

----------------
TTYPES
true or false
true or false
true or false
true or false

PROGS

LOCAL_COUNT: 11
GLOBAL_COUNT: 11

BASE_AFTER:
(begin
  (send
    (hole 0 {:hash_depth=>0, :limit_depth=>true, :recv=>true}) :count=
    (hole 0 {:hash_depth=>0, :method_arg=>true}))
  (false))
BASETYPE: true or false
SIZE WORK_LIST: 14
SIZE generated: 4
EVALUABLE#: 3

-------------------------

----------------
TTYPES
true or false

PROGS

LOCAL_COUNT: 12
GLOBAL_COUNT: 12

BASE_AFTER:
(begin
  (send
    (hole 0 {:hash_depth=>0, :limit_depth=>true, :recv=>true}) :diaspora_user=
    (hole 0 {:hash_depth=>0, :method_arg=>true}))
  (false))
BASETYPE: true or false
SIZE WORK_LIST: 16
SIZE generated: 1
EVALUABLE#: 0

-------------------------

----------------
TTYPES
Integer
Integer
Integer
Integer
Integer

PROGS

LOCAL_COUNT: 13
GLOBAL_COUNT: 13

BASE_AFTER:
(begin
  (send
    (hole 0 {:hash_depth=>0, :limit_depth=>true, :recv=>true}) :count=
    (hole 0 {:hash_depth=>0, :method_arg=>true}))
  (int 0))
BASETYPE: Integer
SIZE WORK_LIST: 16
SIZE generated: 5
EVALUABLE#: 4

-------------------------

----------------
TTYPES
Integer

PROGS

LOCAL_COUNT: 14
GLOBAL_COUNT: 14

BASE_AFTER:
(begin
  (send
    (hole 0 {:hash_depth=>0, :limit_depth=>true, :recv=>true}) :diaspora_user=
    (hole 0 {:hash_depth=>0, :method_arg=>true}))
  (int 0))
BASETYPE: Integer
SIZE WORK_LIST: 19
SIZE generated: 1
EVALUABLE#: 0

-------------------------

----------------
TTYPES
Integer
Integer
Integer
Integer
Integer

PROGS

LOCAL_COUNT: 15
GLOBAL_COUNT: 15

BASE_AFTER:
(begin
  (send
    (hole 0 {:hash_depth=>0, :limit_depth=>true, :recv=>true}) :count=
    (hole 0 {:hash_depth=>0, :method_arg=>true}))
  (int 1))
BASETYPE: Integer
SIZE WORK_LIST: 19
SIZE generated: 5
EVALUABLE#: 4

-------------------------

----------------
TTYPES
Integer

PROGS

LOCAL_COUNT: 16
GLOBAL_COUNT: 16

BASE_AFTER:
(begin
  (send
    (hole 0 {:hash_depth=>0, :limit_depth=>true, :recv=>true}) :diaspora_user=
    (hole 0 {:hash_depth=>0, :method_arg=>true}))
  (int 1))
BASETYPE: Integer
SIZE WORK_LIST: 22
SIZE generated: 1
EVALUABLE#: 0

-------------------------

----------------
TTYPES
Integer
Integer
Integer
Integer
Integer

PROGS

LOCAL_COUNT: 17
GLOBAL_COUNT: 17

BASE_AFTER:
(begin
  (send
    (hole 0 {:hash_depth=>0, :limit_depth=>true, :recv=>true}) :count=
    (hole 0 {:hash_depth=>0, :method_arg=>true}))
  (int 2))
BASETYPE: Integer
SIZE WORK_LIST: 22
SIZE generated: 5
EVALUABLE#: 4

-------------------------

----------------
TTYPES
Integer

PROGS

LOCAL_COUNT: 18
GLOBAL_COUNT: 18

BASE_AFTER:
(begin
  (send
    (hole 0 {:hash_depth=>0, :limit_depth=>true, :recv=>true}) :diaspora_user=
    (hole 0 {:hash_depth=>0, :method_arg=>true}))
  (int 2))
BASETYPE: Integer
SIZE WORK_LIST: 24
SIZE generated: 1
EVALUABLE#: 0

-------------------------

----------------
TTYPES
String
String
String
String

PROGS

LOCAL_COUNT: 19
GLOBAL_COUNT: 19

BASE_AFTER:
(begin
  (send
    (hole 0 {:hash_depth=>0, :limit_depth=>true, :recv=>true}) :count=
    (hole 0 {:hash_depth=>0, :method_arg=>true}))
  (str ""))
BASETYPE: String
SIZE WORK_LIST: 24
SIZE generated: 4
EVALUABLE#: 3

-------------------------

----------------
TTYPES
String

PROGS

LOCAL_COUNT: 20
GLOBAL_COUNT: 20

BASE_AFTER:
(begin
  (send
    (hole 0 {:hash_depth=>0, :limit_depth=>true, :recv=>true}) :diaspora_user=
    (hole 0 {:hash_depth=>0, :method_arg=>true}))
  (str ""))
BASETYPE: String
SIZE WORK_LIST: 26
SIZE generated: 1
EVALUABLE#: 0

-------------------------

----------------
TTYPES
true or false
true or false

PROGS

LOCAL_COUNT: 21
GLOBAL_COUNT: 21

BASE_AFTER:
(begin
  (send
    (lvar :arg0) :count=
    (int 0))
  (true))
BASETYPE: true or false
SIZE WORK_LIST: 26
SIZE generated: 2
EVALUABLE#: 0

-------------------------

----------------
TTYPES
true or false
true or false

PROGS

LOCAL_COUNT: 22
GLOBAL_COUNT: 22

BASE_AFTER:
(begin
  (send
    (lvar :arg0) :count=
    (int 1))
  (true))
BASETYPE: true or false
SIZE WORK_LIST: 27
SIZE generated: 2
EVALUABLE#: 0

-------------------------

----------------
TTYPES
true or false
true or false

PROGS

LOCAL_COUNT: 23
GLOBAL_COUNT: 23

BASE_AFTER:
(begin
  (send
    (lvar :arg0) :count=
    (int 0))
  (false))
BASETYPE: true or false
SIZE WORK_LIST: 28
SIZE generated: 2
EVALUABLE#: 0

-------------------------

----------------
TTYPES
true or false
true or false

PROGS

LOCAL_COUNT: 24
GLOBAL_COUNT: 24

BASE_AFTER:
(begin
  (send
    (lvar :arg0) :count=
    (int 1))
  (false))
BASETYPE: true or false
SIZE WORK_LIST: 29
SIZE generated: 2
EVALUABLE#: 0

-------------------------

----------------
TTYPES
Integer
Integer

PROGS

LOCAL_COUNT: 25
GLOBAL_COUNT: 25

BASE_AFTER:
(begin
  (send
    (lvar :arg0) :count=
    (int 0))
  (int 0))
BASETYPE: Integer
SIZE WORK_LIST: 30
SIZE generated: 2
EVALUABLE#: 0

-------------------------

----------------
TTYPES
Integer
Integer

PROGS

LOCAL_COUNT: 26
GLOBAL_COUNT: 26

BASE_AFTER:
(begin
  (send
    (lvar :arg0) :count=
    (int 1))
  (int 0))
BASETYPE: Integer
SIZE WORK_LIST: 31
SIZE generated: 2
EVALUABLE#: 0

-------------------------

----------------
TTYPES
Integer
Integer

PROGS

LOCAL_COUNT: 27
GLOBAL_COUNT: 27

BASE_AFTER:
(begin
  (lvasgn :t0
    (int 0))
  (send
    (lvar :arg0) :count=
    (lvar :t0))
  (lvar :t0))
BASETYPE: Integer
SIZE WORK_LIST: 32
SIZE generated: 2
EVALUABLE#: 0

-------------------------

----------------
TTYPES
Integer
Integer

PROGS

LOCAL_COUNT: 28
GLOBAL_COUNT: 28

BASE_AFTER:
(begin
  (send
    (lvar :arg0) :count=
    (int 0))
  (int 1))
BASETYPE: Integer
SIZE WORK_LIST: 33
SIZE generated: 2
EVALUABLE#: 0

-------------------------

----------------
TTYPES
Integer
Integer

PROGS

LOCAL_COUNT: 29
GLOBAL_COUNT: 29

BASE_AFTER:
(begin
  (send
    (lvar :arg0) :count=
    (int 1))
  (int 1))
BASETYPE: Integer
SIZE WORK_LIST: 34
SIZE generated: 2
EVALUABLE#: 0

-------------------------

----------------
TTYPES
Integer
Integer

PROGS

LOCAL_COUNT: 30
GLOBAL_COUNT: 30

BASE_AFTER:
(begin
  (lvasgn :t0
    (int 1))
  (send
    (lvar :arg0) :count=
    (lvar :t0))
  (lvar :t0))
BASETYPE: Integer
SIZE WORK_LIST: 35
SIZE generated: 2
EVALUABLE#: 0

-------------------------

----------------
TTYPES
Integer
Integer

PROGS

LOCAL_COUNT: 31
GLOBAL_COUNT: 31

BASE_AFTER:
(begin
  (send
    (lvar :arg0) :count=
    (int 0))
  (int 2))
BASETYPE: Integer
SIZE WORK_LIST: 36
SIZE generated: 2
EVALUABLE#: 0

-------------------------

----------------
TTYPES
Integer
Integer

PROGS

LOCAL_COUNT: 32
GLOBAL_COUNT: 32

BASE_AFTER:
(begin
  (send
    (lvar :arg0) :count=
    (int 1))
  (int 2))
BASETYPE: Integer
SIZE WORK_LIST: 37
SIZE generated: 2
EVALUABLE#: 0

-------------------------

----------------
TTYPES
String
String

PROGS

LOCAL_COUNT: 33
GLOBAL_COUNT: 33

BASE_AFTER:
(begin
  (send
    (lvar :arg0) :count=
    (int 0))
  (str ""))
BASETYPE: String
SIZE WORK_LIST: 38
SIZE generated: 2
EVALUABLE#: 0

-------------------------

----------------
TTYPES
String
String

PROGS

LOCAL_COUNT: 34
GLOBAL_COUNT: 34

BASE_AFTER:
(begin
  (send
    (lvar :arg0) :count=
    (int 1))
  (str ""))
BASETYPE: String
SIZE WORK_LIST: 39
SIZE generated: 2
EVALUABLE#: 0

-------------------------

----------------
TTYPES
Integer
Integer
Integer
Integer
Integer
Integer
Integer
Integer
%bot

PROGS

LOCAL_COUNT: 35
GLOBAL_COUNT: 35

BASE_AFTER:
(filled-hole
  (begin
    (send
      (send
        (hole 0 {:hash_depth=>0, :limit_depth=>true, :recv=>true}) :id=
        (hole 0 {:hash_depth=>0, :method_arg=>true})) :-
      (hole 0 {:hash_depth=>0, :method_arg=>true})))
  (begin
    (send
      (send
        (hole 0 {:hash_depth=>0, :limit_depth=>true, :recv=>true}) :id=
        (hole 0 {:hash_depth=>0, :method_arg=>true})) :-
      (hole 0 {:hash_depth=>0, :method_arg=>true})))
  (begin
    (send
      (send
        (hole 0 {:hash_depth=>0, :limit_depth=>true, :recv=>true}) :id=
        (hole 0 {:hash_depth=>0, :method_arg=>true})) :count))
  (begin
    (send
      (send
        (hole 0 {:hash_depth=>0, :limit_depth=>true, :recv=>true}) :id) :-
      (hole 0 {:hash_depth=>0, :method_arg=>true})))
  (begin
    (send
      (send
        (hole 0 {:hash_depth=>0, :limit_depth=>true, :recv=>true}) :id) :-
      (hole 0 {:hash_depth=>0, :method_arg=>true})))
  (begin
    (send
      (send
        (hole 0 {:hash_depth=>0, :limit_depth=>true, :recv=>true}) :id) :count))
  (begin
    (send
      (send
        (hole 0 {:hash_depth=>0, :limit_depth=>true, :recv=>true}) :token=
        (hole 0 {:hash_depth=>0, :method_arg=>true})) :count))
  (begin
    (send
      (send
        (hole 0 {:hash_depth=>0, :limit_depth=>true, :recv=>true}) :token=
        (hole 0 {:hash_depth=>0, :method_arg=>true})) :-
      (hole 0 {:hash_depth=>0, :method_arg=>true})))
  (begin
    (send
      (send
        (hole 0 {:hash_depth=>0, :limit_depth=>true, :recv=>true}) :token) :count))
  (begin
    (send
      (send
        (hole 0 {:hash_depth=>0, :limit_depth=>true, :recv=>true}) :token) :-
      (hole 0 {:hash_depth=>0, :method_arg=>true})))
  (begin
    (send
      (send
        (hole 0 {:hash_depth=>0, :limit_depth=>true, :recv=>true}) :diaspora_user_id=
        (hole 0 {:hash_depth=>0, :method_arg=>true})) :-
      (hole 0 {:hash_depth=>0, :method_arg=>true})))
  (begin
    (send
      (send
        (hole 0 {:hash_depth=>0, :limit_depth=>true, :recv=>true}) :diaspora_user_id=
        (hole 0 {:hash_depth=>0, :method_arg=>true})) :-
      (hole 0 {:hash_depth=>0, :method_arg=>true})))
  (begin
    (send
      (send
        (hole 0 {:hash_depth=>0, :limit_depth=>true, :recv=>true}) :diaspora_user_id=
        (hole 0 {:hash_depth=>0, :method_arg=>true})) :count))
  (begin
    (send
      (send
        (hole 0 {:hash_depth=>0, :limit_depth=>true, :recv=>true}) :diaspora_user_id) :-
      (hole 0 {:hash_depth=>0, :method_arg=>true})))
  (begin
    (send
      (send
        (hole 0 {:hash_depth=>0, :limit_depth=>true, :recv=>true}) :diaspora_user_id) :-
      (hole 0 {:hash_depth=>0, :method_arg=>true})))
  (begin
    (send
      (send
        (hole 0 {:hash_depth=>0, :limit_depth=>true, :recv=>true}) :diaspora_user_id) :count))
  (begin
    (send
      (send
        (hole 0 {:hash_depth=>0, :limit_depth=>true, :recv=>true}) :count=
        (hole 0 {:hash_depth=>0, :method_arg=>true})) :-
      (hole 0 {:hash_depth=>0, :method_arg=>true})))
  (begin
    (send
      (send
        (hole 0 {:hash_depth=>0, :limit_depth=>true, :recv=>true}) :count=
        (hole 0 {:hash_depth=>0, :method_arg=>true})) :-
      (hole 0 {:hash_depth=>0, :method_arg=>true})))
  (begin
    (send
      (send
        (hole 0 {:hash_depth=>0, :limit_depth=>true, :recv=>true}) :count=
        (hole 0 {:hash_depth=>0, :method_arg=>true})) :count))
  (begin
    (send
      (begin
        (send
          (hole 0 {:hash_depth=>0, :limit_depth=>true, :recv=>true}) :count)) :-
      (hole 0 {:hash_depth=>0, :method_arg=>true})))
  (begin
    (send
      (begin
        (send
          (hole 0 {:hash_depth=>0, :limit_depth=>true, :recv=>true}) :count)) :-
      (hole 0 {:hash_depth=>0, :method_arg=>true})))
  (begin
    (send
      (begin
        (send
          (hole 0 {:hash_depth=>0, :limit_depth=>true, :recv=>true}) :count)) :count))
  (begin
    (send
      (send
        (hole 0 {:hash_depth=>0, :limit_depth=>true, :recv=>true}) :diaspora_user) :count))
  (begin
    (send
      (send
        (hole 0 {:hash_depth=>0, :limit_depth=>true, :recv=>true}) :diaspora_user) :-
      (hole 0 {:hash_depth=>0, :method_arg=>true})))
  (begin
    (send
      (send
        (hole 0 {:hash_depth=>0, :limit_depth=>true, :recv=>true}) :diaspora_user=
        (hole 0 {:hash_depth=>0, :method_arg=>true})) :count))
  (begin
    (send
      (send
        (hole 0 {:hash_depth=>0, :limit_depth=>true, :recv=>true}) :diaspora_user=
        (hole 0 {:hash_depth=>0, :method_arg=>true})) :-
      (hole 0 {:hash_depth=>0, :method_arg=>true})))
  (begin
    (send
      (begin
        (send
          (hole 0 {:hash_depth=>0, :limit_depth=>true, :recv=>true}) :-
          (hole 0 {:hash_depth=>0, :method_arg=>true}))) :-
      (hole 0 {:hash_depth=>0, :method_arg=>true})))
  (begin
    (send
      (begin
        (send
          (hole 0 {:hash_depth=>0, :limit_depth=>true, :recv=>true}) :-
          (hole 0 {:hash_depth=>0, :method_arg=>true}))) :-
      (hole 0 {:hash_depth=>0, :method_arg=>true})))
  (begin
    (send
      (begin
        (send
          (hole 0 {:hash_depth=>0, :limit_depth=>true, :recv=>true}) :save)) :count))
  (begin
    (send
      (begin
        (send
          (hole 0 {:hash_depth=>0, :limit_depth=>true, :recv=>true}) :save)) :-
      (hole 0 {:hash_depth=>0, :method_arg=>true})))
  (begin
    (send
      (begin
        (send
          (hole 0 {:hash_depth=>0, :limit_depth=>true, :recv=>true}) :count)) :-
      (hole 0 {:hash_depth=>0, :method_arg=>true})))
  (begin
    (send
      (begin
        (send
          (hole 0 {:hash_depth=>0, :limit_depth=>true, :recv=>true}) :count)) :-
      (hole 0 {:hash_depth=>0, :method_arg=>true})))
  (begin
    (send
      (begin
        (send
          (hole 0 {:hash_depth=>0, :limit_depth=>true, :recv=>true}) :-
          (hole 0 {:hash_depth=>0, :method_arg=>true}))) :-
      (hole 0 {:hash_depth=>0, :method_arg=>true})))
  (begin
    (send
      (begin
        (send
          (hole 0 {:hash_depth=>0, :limit_depth=>true, :recv=>true}) :-
          (hole 0 {:hash_depth=>0, :method_arg=>true}))) :-
      (hole 0 {:hash_depth=>0, :method_arg=>true})))
  (begin
    (send
      (begin
        (send
          (hole 0 {:hash_depth=>0, :limit_depth=>true, :recv=>true}) :save)) :count))
  (begin
    (send
      (begin
        (send
          (hole 0 {:hash_depth=>0, :limit_depth=>true, :recv=>true}) :save)) :-
      (hole 0 {:hash_depth=>0, :method_arg=>true})))
  (hole 3 {:hash_depth=>0, :method_arg=>false, :variance=>:-}) {:method_arg=>false})
BASETYPE: %bot
SIZE WORK_LIST: 40
SIZE generated: 9
EVALUABLE#: 0

-------------------------

----------------
TTYPES
Integer
Integer
Integer
Integer
Integer
Integer
Integer
Integer
Integer
Integer
Integer
Integer
Integer
Integer
Integer
Integer
Integer
Integer
Integer
Integer
Integer
Integer
Integer
Integer
Integer
Integer
Integer
Integer
Integer
Integer
Integer
Integer
Integer
Integer
Integer
Integer

PROGS

LOCAL_COUNT: 36
GLOBAL_COUNT: 36

BASE_AFTER:
(begin
  (send
    (begin
      (send
        (filled-hole
          (lvar InvitationCode(id: integer, token: string, diaspora_user_id: integer, count: integer)) {:method_arg=>false}) :-
        (filled-hole
          (lvar :arg0)
          (lvar InvitationCode(id: integer, token: string, diaspora_user_id: integer, count: integer))
          (true)
          (false)
          (int 0)
          (int 1)
          (int 2)
          (str "")
          (hole 1 {:hash_depth=>0, :method_arg=>true, :variance=>:+}) {:method_arg=>true}))) :-
    (filled-hole
      (int 0)
      (int 1)
      (int 2)
      (hole 1 {:hash_depth=>0, :method_arg=>true, :variance=>:+}) {:method_arg=>true})))
BASETYPE: Integer
SIZE WORK_LIST: 48
SIZE generated: 36
EVALUABLE#: 24

-------------------------

----------------
TTYPES
Integer
Integer
Integer
Integer

PROGS

LOCAL_COUNT: 37
GLOBAL_COUNT: 37

BASE_AFTER:
(begin
  (send
    (begin
      (send
        (filled-hole
          (lvar InvitationCode(id: integer, token: string, diaspora_user_id: integer, count: integer)) {:method_arg=>false}) :count)) :-
    (filled-hole
      (int 0)
      (int 1)
      (int 2)
      (hole 1 {:hash_depth=>0, :method_arg=>true, :variance=>:+}) {:method_arg=>true})))
BASETYPE: Integer
SIZE WORK_LIST: 59
SIZE generated: 4
EVALUABLE#: 3

-------------------------

----------------
TTYPES
true or false
true or false
true or false
true or false
true or false
true or false
true or false
true or false
true or false
true or false
true or false

PROGS

LOCAL_COUNT: 38
GLOBAL_COUNT: 38

BASE_AFTER:
(begin
  (send
    (lvar :arg0) :count=
    (hole 1 {:hash_depth=>0, :method_arg=>true, :variance=>:+}))
  (true))
BASETYPE: true or false
SIZE WORK_LIST: 62
SIZE generated: 11
EVALUABLE#: 0

-------------------------

----------------
TTYPES
Integer
Integer

PROGS

LOCAL_COUNT: 39
GLOBAL_COUNT: 39

BASE_AFTER:
(begin
  (send
    (begin
      (send
        (lvar InvitationCode(id: integer, token: string, diaspora_user_id: integer, count: integer)) :count)) :-
    (int 0)))
BASETYPE: Integer
SIZE WORK_LIST: 72
SIZE generated: 2
EVALUABLE#: 0

-------------------------

----------------
TTYPES
Integer
Integer

PROGS

LOCAL_COUNT: 40
GLOBAL_COUNT: 40

BASE_AFTER:
(begin
  (send
    (begin
      (send
        (lvar InvitationCode(id: integer, token: string, diaspora_user_id: integer, count: integer)) :count)) :-
    (int 1)))
BASETYPE: Integer
SIZE WORK_LIST: 73
SIZE generated: 2
EVALUABLE#: 0

-------------------------

----------------
TTYPES
Integer
Integer

PROGS

LOCAL_COUNT: 41
GLOBAL_COUNT: 41

BASE_AFTER:
(begin
  (send
    (begin
      (send
        (lvar InvitationCode(id: integer, token: string, diaspora_user_id: integer, count: integer)) :count)) :-
    (int 2)))
BASETYPE: Integer
SIZE WORK_LIST: 74
SIZE generated: 2
EVALUABLE#: 0

-------------------------

----------------
TTYPES
true or false
true or false
true or false
true or false
true or false
true or false
true or false
true or false
true or false
true or false

PROGS

LOCAL_COUNT: 42
GLOBAL_COUNT: 42

BASE_AFTER:
(begin
  (send
    (lvar :arg0) :count=
    (begin
      (send
        (hole 0 {:hash_depth=>0, :limit_depth=>true, :recv=>true}) :-
        (hole 0 {:hash_depth=>0, :method_arg=>true}))))
  (true))
BASETYPE: true or false
SIZE WORK_LIST: 75
SIZE generated: 10
EVALUABLE#: 9

-------------------------

----------------
TTYPES
true or false

PROGS

LOCAL_COUNT: 43
GLOBAL_COUNT: 43

BASE_AFTER:
(begin
  (send
    (lvar :arg0) :count=
    (begin
      (send
        (hole 0 {:hash_depth=>0, :limit_depth=>true, :recv=>true}) :count)))
  (true))
BASETYPE: true or false
SIZE WORK_LIST: 75
SIZE generated: 1
EVALUABLE#: 1

-------------------------

----------------
TTYPES
true or false
true or false
true or false
true or false
true or false
true or false

PROGS

LOCAL_COUNT: 44
GLOBAL_COUNT: 44

BASE_AFTER:
(begin
  (send
    (lvar :arg0) :diaspora_user=
    (hole 1 {:hash_depth=>0, :method_arg=>true, :variance=>:+}))
  (true))
BASETYPE: true or false
SIZE WORK_LIST: 75
SIZE generated: 6
EVALUABLE#: 0

-------------------------

----------------
TTYPES
true or false
true or false

PROGS

LOCAL_COUNT: 45
GLOBAL_COUNT: 45

BASE_AFTER:
(begin
  (send
    (lvar :arg0) :count=
    (begin
      (send
        (lvar InvitationCode(id: integer, token: string, diaspora_user_id: integer, count: integer)) :count)))
  (true))
BASETYPE: true or false
SIZE WORK_LIST: 80
SIZE generated: 2
EVALUABLE#: 0

-------------------------

----------------
TTYPES
true or false

PROGS

LOCAL_COUNT: 46
GLOBAL_COUNT: 46

BASE_AFTER:
(begin
  (send
    (lvar :arg0) :diaspora_user=
    (begin
      (send
        (hole 0 {:hash_depth=>0, :limit_depth=>true, :recv=>true}) :count)))
  (true))
BASETYPE: true or false
SIZE WORK_LIST: 81
SIZE generated: 1
EVALUABLE#: 1

-------------------------

----------------
TTYPES
true or false
true or false
true or false
true or false
true or false
true or false
true or false
true or false
true or false
true or false
true or false

PROGS

LOCAL_COUNT: 47
GLOBAL_COUNT: 47

BASE_AFTER:
(begin
  (send
    (lvar :arg0) :count=
    (hole 1 {:hash_depth=>0, :method_arg=>true, :variance=>:+}))
  (false))
BASETYPE: true or false
SIZE WORK_LIST: 80
SIZE generated: 11
EVALUABLE#: 0

-------------------------

----------------
TTYPES
true or false

PROGS

LOCAL_COUNT: 48
GLOBAL_COUNT: 48

BASE_AFTER:
(begin
  (send
    (lvar :arg0) :count=
    (begin
      (send
        (hole 0 {:hash_depth=>0, :limit_depth=>true, :recv=>true}) :count)))
  (false))
BASETYPE: true or false
SIZE WORK_LIST: 90
SIZE generated: 1
EVALUABLE#: 1

-------------------------

----------------
TTYPES
true or false
true or false
true or false
true or false
true or false
true or false

PROGS

LOCAL_COUNT: 49
GLOBAL_COUNT: 49

BASE_AFTER:
(begin
  (send
    (lvar :arg0) :diaspora_user=
    (hole 1 {:hash_depth=>0, :method_arg=>true, :variance=>:+}))
  (false))
BASETYPE: true or false
SIZE WORK_LIST: 90
SIZE generated: 6
EVALUABLE#: 0

-------------------------

----------------
TTYPES
true or false
true or false

PROGS

LOCAL_COUNT: 50
GLOBAL_COUNT: 50

BASE_AFTER:
(begin
  (send
    (lvar :arg0) :count=
    (begin
      (send
        (lvar InvitationCode(id: integer, token: string, diaspora_user_id: integer, count: integer)) :count)))
  (false))
BASETYPE: true or false
SIZE WORK_LIST: 95
SIZE generated: 2
EVALUABLE#: 0

-------------------------

----------------
TTYPES
true or false

PROGS

LOCAL_COUNT: 51
GLOBAL_COUNT: 51

BASE_AFTER:
(begin
  (send
    (lvar :arg0) :diaspora_user=
    (begin
      (send
        (hole 0 {:hash_depth=>0, :limit_depth=>true, :recv=>true}) :count)))
  (false))
BASETYPE: true or false
SIZE WORK_LIST: 96
SIZE generated: 1
EVALUABLE#: 1

-------------------------

----------------
TTYPES
Integer
Integer
Integer
Integer
Integer
Integer
Integer
Integer
Integer
Integer
Integer

PROGS

LOCAL_COUNT: 52
GLOBAL_COUNT: 52

BASE_AFTER:
(begin
  (send
    (lvar :arg0) :count=
    (hole 1 {:hash_depth=>0, :method_arg=>true, :variance=>:+}))
  (int 0))
BASETYPE: Integer
SIZE WORK_LIST: 95
SIZE generated: 11
EVALUABLE#: 0

-------------------------

----------------
TTYPES
Integer

PROGS

LOCAL_COUNT: 53
GLOBAL_COUNT: 53

BASE_AFTER:
(begin
  (send
    (lvar :arg0) :count=
    (begin
      (send
        (hole 0 {:hash_depth=>0, :limit_depth=>true, :recv=>true}) :count)))
  (int 0))
BASETYPE: Integer
SIZE WORK_LIST: 105
SIZE generated: 1
EVALUABLE#: 1

-------------------------

----------------
TTYPES
Integer
Integer
Integer
Integer
Integer
Integer

PROGS

LOCAL_COUNT: 54
GLOBAL_COUNT: 54

BASE_AFTER:
(begin
  (send
    (lvar :arg0) :diaspora_user=
    (hole 1 {:hash_depth=>0, :method_arg=>true, :variance=>:+}))
  (int 0))
BASETYPE: Integer
SIZE WORK_LIST: 105
SIZE generated: 6
EVALUABLE#: 0

-------------------------

----------------
TTYPES
Integer
Integer

PROGS

LOCAL_COUNT: 55
GLOBAL_COUNT: 55

BASE_AFTER:
(begin
  (send
    (lvar :arg0) :count=
    (begin
      (send
        (lvar InvitationCode(id: integer, token: string, diaspora_user_id: integer, count: integer)) :count)))
  (int 0))
BASETYPE: Integer
SIZE WORK_LIST: 110
SIZE generated: 2
EVALUABLE#: 0

-------------------------

----------------
TTYPES
Integer

PROGS

LOCAL_COUNT: 56
GLOBAL_COUNT: 56

BASE_AFTER:
(begin
  (send
    (lvar :arg0) :diaspora_user=
    (begin
      (send
        (hole 0 {:hash_depth=>0, :limit_depth=>true, :recv=>true}) :count)))
  (int 0))
BASETYPE: Integer
SIZE WORK_LIST: 111
SIZE generated: 1
EVALUABLE#: 1

-------------------------

----------------
TTYPES
Integer
Integer
Integer
Integer
Integer
Integer
Integer
Integer
Integer
Integer
Integer

PROGS

LOCAL_COUNT: 57
GLOBAL_COUNT: 57

BASE_AFTER:
(begin
  (send
    (lvar :arg0) :count=
    (hole 1 {:hash_depth=>0, :method_arg=>true, :variance=>:+}))
  (int 1))
BASETYPE: Integer
SIZE WORK_LIST: 110
SIZE generated: 11
EVALUABLE#: 0

-------------------------

----------------
TTYPES
Integer

PROGS

LOCAL_COUNT: 58
GLOBAL_COUNT: 58

BASE_AFTER:
(begin
  (send
    (lvar :arg0) :count=
    (begin
      (send
        (hole 0 {:hash_depth=>0, :limit_depth=>true, :recv=>true}) :count)))
  (int 1))
BASETYPE: Integer
SIZE WORK_LIST: 120
SIZE generated: 1
EVALUABLE#: 1

-------------------------

----------------
TTYPES
Integer
Integer
Integer
Integer
Integer
Integer

PROGS

LOCAL_COUNT: 59
GLOBAL_COUNT: 59

BASE_AFTER:
(begin
  (send
    (lvar :arg0) :diaspora_user=
    (hole 1 {:hash_depth=>0, :method_arg=>true, :variance=>:+}))
  (int 1))
BASETYPE: Integer
SIZE WORK_LIST: 120
SIZE generated: 6
EVALUABLE#: 0

-------------------------

----------------
TTYPES
Integer
Integer

PROGS

LOCAL_COUNT: 60
GLOBAL_COUNT: 60

BASE_AFTER:
(begin
  (send
    (lvar :arg0) :count=
    (begin
      (send
        (lvar InvitationCode(id: integer, token: string, diaspora_user_id: integer, count: integer)) :count)))
  (int 1))
BASETYPE: Integer
SIZE WORK_LIST: 125
SIZE generated: 2
EVALUABLE#: 0

-------------------------

----------------
TTYPES
Integer

PROGS

LOCAL_COUNT: 61
GLOBAL_COUNT: 61

BASE_AFTER:
(begin
  (send
    (lvar :arg0) :diaspora_user=
    (begin
      (send
        (hole 0 {:hash_depth=>0, :limit_depth=>true, :recv=>true}) :count)))
  (int 1))
BASETYPE: Integer
SIZE WORK_LIST: 126
SIZE generated: 1
EVALUABLE#: 1

-------------------------

----------------
TTYPES
Integer
Integer
Integer
Integer
Integer
Integer
Integer
Integer
Integer
Integer
Integer

PROGS

LOCAL_COUNT: 62
GLOBAL_COUNT: 62

BASE_AFTER:
(begin
  (send
    (lvar :arg0) :count=
    (hole 1 {:hash_depth=>0, :method_arg=>true, :variance=>:+}))
  (int 2))
BASETYPE: Integer
SIZE WORK_LIST: 125
SIZE generated: 11
EVALUABLE#: 0

-------------------------

----------------
TTYPES
Integer

PROGS

LOCAL_COUNT: 63
GLOBAL_COUNT: 63

BASE_AFTER:
(begin
  (send
    (lvar :arg0) :count=
    (begin
      (send
        (hole 0 {:hash_depth=>0, :limit_depth=>true, :recv=>true}) :count)))
  (int 2))
BASETYPE: Integer
SIZE WORK_LIST: 135
SIZE generated: 1
EVALUABLE#: 1

-------------------------

----------------
TTYPES
Integer
Integer
Integer
Integer
Integer
Integer

PROGS

LOCAL_COUNT: 64
GLOBAL_COUNT: 64

BASE_AFTER:
(begin
  (send
    (lvar :arg0) :diaspora_user=
    (hole 1 {:hash_depth=>0, :method_arg=>true, :variance=>:+}))
  (int 2))
BASETYPE: Integer
SIZE WORK_LIST: 135
SIZE generated: 6
EVALUABLE#: 0

-------------------------

----------------
TTYPES
Integer
Integer

PROGS

LOCAL_COUNT: 65
GLOBAL_COUNT: 65

BASE_AFTER:
(begin
  (send
    (lvar :arg0) :count=
    (begin
      (send
        (lvar InvitationCode(id: integer, token: string, diaspora_user_id: integer, count: integer)) :count)))
  (int 2))
BASETYPE: Integer
SIZE WORK_LIST: 140
SIZE generated: 2
EVALUABLE#: 0

-------------------------

----------------
TTYPES
Integer

PROGS

LOCAL_COUNT: 66
GLOBAL_COUNT: 66

BASE_AFTER:
(begin
  (send
    (lvar :arg0) :diaspora_user=
    (begin
      (send
        (hole 0 {:hash_depth=>0, :limit_depth=>true, :recv=>true}) :count)))
  (int 2))
BASETYPE: Integer
SIZE WORK_LIST: 141
SIZE generated: 1
EVALUABLE#: 1

-------------------------

----------------
TTYPES
String
String
String
String
String
String
String
String
String
String
String

PROGS

LOCAL_COUNT: 67
GLOBAL_COUNT: 67

BASE_AFTER:
(begin
  (send
    (lvar :arg0) :count=
    (hole 1 {:hash_depth=>0, :method_arg=>true, :variance=>:+}))
  (str ""))
BASETYPE: String
SIZE WORK_LIST: 140
SIZE generated: 11
EVALUABLE#: 0

-------------------------

----------------
TTYPES
String

PROGS

LOCAL_COUNT: 68
GLOBAL_COUNT: 68

BASE_AFTER:
(begin
  (send
    (lvar :arg0) :count=
    (begin
      (send
        (hole 0 {:hash_depth=>0, :limit_depth=>true, :recv=>true}) :count)))
  (str ""))
BASETYPE: String
SIZE WORK_LIST: 150
SIZE generated: 1
EVALUABLE#: 1

-------------------------

----------------
TTYPES
String
String
String
String
String
String

PROGS

LOCAL_COUNT: 69
GLOBAL_COUNT: 69

BASE_AFTER:
(begin
  (send
    (lvar :arg0) :diaspora_user=
    (hole 1 {:hash_depth=>0, :method_arg=>true, :variance=>:+}))
  (str ""))
BASETYPE: String
SIZE WORK_LIST: 150
SIZE generated: 6
EVALUABLE#: 0

-------------------------

----------------
TTYPES
String
String

PROGS

LOCAL_COUNT: 70
GLOBAL_COUNT: 70

BASE_AFTER:
(begin
  (send
    (lvar :arg0) :count=
    (begin
      (send
        (lvar InvitationCode(id: integer, token: string, diaspora_user_id: integer, count: integer)) :count)))
  (str ""))
BASETYPE: String
SIZE WORK_LIST: 155
SIZE generated: 2
EVALUABLE#: 0

-------------------------

----------------
TTYPES
String

PROGS

LOCAL_COUNT: 71
GLOBAL_COUNT: 71

BASE_AFTER:
(begin
  (send
    (lvar :arg0) :diaspora_user=
    (begin
      (send
        (hole 0 {:hash_depth=>0, :limit_depth=>true, :recv=>true}) :count)))
  (str ""))
BASETYPE: String
SIZE WORK_LIST: 156
SIZE generated: 1
EVALUABLE#: 1

-------------------------

----------------
TTYPES
true or false
true or false
true or false
true or false

PROGS

LOCAL_COUNT: 72
GLOBAL_COUNT: 72

BASE_AFTER:
(begin
  (send
    (lvar :arg0) :count=
    (int 0))
  (send
    (hole 0 {:hash_depth=>0, :limit_depth=>true, :recv=>true}) :count=
    (hole 0 {:hash_depth=>0, :method_arg=>true}))
  (true))
BASETYPE: true or false
SIZE WORK_LIST: 155
SIZE generated: 4
EVALUABLE#: 3

-------------------------

----------------
TTYPES
true or false

PROGS

LOCAL_COUNT: 73
GLOBAL_COUNT: 73

BASE_AFTER:
(begin
  (send
    (lvar :arg0) :count=
    (int 0))
  (send
    (hole 0 {:hash_depth=>0, :limit_depth=>true, :recv=>true}) :diaspora_user=
    (hole 0 {:hash_depth=>0, :method_arg=>true}))
  (true))
BASETYPE: true or false
SIZE WORK_LIST: 157
SIZE generated: 1
EVALUABLE#: 0

-------------------------

----------------
TTYPES
true or false
true or false
true or false
true or false

PROGS

LOCAL_COUNT: 74
GLOBAL_COUNT: 74

BASE_AFTER:
(begin
  (send
    (lvar :arg0) :count=
    (int 1))
  (send
    (hole 0 {:hash_depth=>0, :limit_depth=>true, :recv=>true}) :count=
    (hole 0 {:hash_depth=>0, :method_arg=>true}))
  (true))
BASETYPE: true or false
SIZE WORK_LIST: 157
SIZE generated: 4
EVALUABLE#: 3

-------------------------

----------------
TTYPES
true or false

PROGS

LOCAL_COUNT: 75
GLOBAL_COUNT: 75

BASE_AFTER:
(begin
  (send
    (lvar :arg0) :count=
    (int 1))
  (send
    (hole 0 {:hash_depth=>0, :limit_depth=>true, :recv=>true}) :diaspora_user=
    (hole 0 {:hash_depth=>0, :method_arg=>true}))
  (true))
BASETYPE: true or false
SIZE WORK_LIST: 159
SIZE generated: 1
EVALUABLE#: 0

-------------------------

----------------
TTYPES
true or false
true or false
true or false
true or false

PROGS

LOCAL_COUNT: 76
GLOBAL_COUNT: 76

BASE_AFTER:
(begin
  (send
    (lvar :arg0) :count=
    (int 0))
  (send
    (hole 0 {:hash_depth=>0, :limit_depth=>true, :recv=>true}) :count=
    (hole 0 {:hash_depth=>0, :method_arg=>true}))
  (false))
BASETYPE: true or false
SIZE WORK_LIST: 159
SIZE generated: 4
EVALUABLE#: 3

-------------------------

----------------
TTYPES
true or false

PROGS

LOCAL_COUNT: 77
GLOBAL_COUNT: 77

BASE_AFTER:
(begin
  (send
    (lvar :arg0) :count=
    (int 0))
  (send
    (hole 0 {:hash_depth=>0, :limit_depth=>true, :recv=>true}) :diaspora_user=
    (hole 0 {:hash_depth=>0, :method_arg=>true}))
  (false))
BASETYPE: true or false
SIZE WORK_LIST: 161
SIZE generated: 1
EVALUABLE#: 0

-------------------------

----------------
TTYPES
true or false
true or false
true or false
true or false

PROGS

LOCAL_COUNT: 78
GLOBAL_COUNT: 78

BASE_AFTER:
(begin
  (send
    (lvar :arg0) :count=
    (int 1))
  (send
    (hole 0 {:hash_depth=>0, :limit_depth=>true, :recv=>true}) :count=
    (hole 0 {:hash_depth=>0, :method_arg=>true}))
  (false))
BASETYPE: true or false
SIZE WORK_LIST: 161
SIZE generated: 4
EVALUABLE#: 3

-------------------------

----------------
TTYPES
true or false

PROGS

LOCAL_COUNT: 79
GLOBAL_COUNT: 79

BASE_AFTER:
(begin
  (send
    (lvar :arg0) :count=
    (int 1))
  (send
    (hole 0 {:hash_depth=>0, :limit_depth=>true, :recv=>true}) :diaspora_user=
    (hole 0 {:hash_depth=>0, :method_arg=>true}))
  (false))
BASETYPE: true or false
SIZE WORK_LIST: 163
SIZE generated: 1
EVALUABLE#: 0

-------------------------

----------------
TTYPES
Integer
Integer
Integer
Integer
Integer

PROGS

LOCAL_COUNT: 80
GLOBAL_COUNT: 80

BASE_AFTER:
(begin
  (send
    (lvar :arg0) :count=
    (int 0))
  (send
    (hole 0 {:hash_depth=>0, :limit_depth=>true, :recv=>true}) :count=
    (hole 0 {:hash_depth=>0, :method_arg=>true}))
  (int 0))
BASETYPE: Integer
SIZE WORK_LIST: 163
SIZE generated: 5
EVALUABLE#: 4

-------------------------

----------------
TTYPES
Integer

PROGS

LOCAL_COUNT: 81
GLOBAL_COUNT: 81

BASE_AFTER:
(begin
  (send
    (lvar :arg0) :count=
    (int 0))
  (send
    (hole 0 {:hash_depth=>0, :limit_depth=>true, :recv=>true}) :diaspora_user=
    (hole 0 {:hash_depth=>0, :method_arg=>true}))
  (int 0))
BASETYPE: Integer
SIZE WORK_LIST: 166
SIZE generated: 1
EVALUABLE#: 0

-------------------------

----------------
TTYPES
Integer
Integer
Integer
Integer
Integer

PROGS

LOCAL_COUNT: 82
GLOBAL_COUNT: 82

BASE_AFTER:
(begin
  (send
    (lvar :arg0) :count=
    (int 1))
  (send
    (hole 0 {:hash_depth=>0, :limit_depth=>true, :recv=>true}) :count=
    (hole 0 {:hash_depth=>0, :method_arg=>true}))
  (int 0))
BASETYPE: Integer
SIZE WORK_LIST: 166
SIZE generated: 5
EVALUABLE#: 4

-------------------------

----------------
TTYPES
Integer

PROGS

LOCAL_COUNT: 83
GLOBAL_COUNT: 83

BASE_AFTER:
(begin
  (send
    (lvar :arg0) :count=
    (int 1))
  (send
    (hole 0 {:hash_depth=>0, :limit_depth=>true, :recv=>true}) :diaspora_user=
    (hole 0 {:hash_depth=>0, :method_arg=>true}))
  (int 0))
BASETYPE: Integer
SIZE WORK_LIST: 169
SIZE generated: 1
EVALUABLE#: 0

-------------------------

----------------
TTYPES
Integer
Integer
Integer
Integer
Integer

PROGS

LOCAL_COUNT: 84
GLOBAL_COUNT: 84

BASE_AFTER:
(begin
  (lvasgn :t0
    (int 0))
  (send
    (lvar :arg0) :count=
    (lvar :t0))
  (send
    (hole 0 {:hash_depth=>0, :limit_depth=>true, :recv=>true}) :count=
    (hole 0 {:hash_depth=>0, :method_arg=>true}))
  (lvar :t0))
BASETYPE: Integer
SIZE WORK_LIST: 169
SIZE generated: 5
EVALUABLE#: 4

-------------------------

----------------
TTYPES
Integer

PROGS

LOCAL_COUNT: 85
GLOBAL_COUNT: 85

BASE_AFTER:
(begin
  (lvasgn :t0
    (int 0))
  (send
    (lvar :arg0) :count=
    (lvar :t0))
  (send
    (hole 0 {:hash_depth=>0, :limit_depth=>true, :recv=>true}) :diaspora_user=
    (hole 0 {:hash_depth=>0, :method_arg=>true}))
  (lvar :t0))
BASETYPE: Integer
SIZE WORK_LIST: 172
SIZE generated: 1
EVALUABLE#: 0

-------------------------

----------------
TTYPES
Integer
Integer
Integer
Integer
Integer

PROGS

LOCAL_COUNT: 86
GLOBAL_COUNT: 86

BASE_AFTER:
(begin
  (send
    (lvar :arg0) :count=
    (int 0))
  (send
    (hole 0 {:hash_depth=>0, :limit_depth=>true, :recv=>true}) :count=
    (hole 0 {:hash_depth=>0, :method_arg=>true}))
  (int 1))
BASETYPE: Integer
SIZE WORK_LIST: 172
SIZE generated: 5
EVALUABLE#: 4

-------------------------

----------------
TTYPES
Integer

PROGS

LOCAL_COUNT: 87
GLOBAL_COUNT: 87

BASE_AFTER:
(begin
  (send
    (lvar :arg0) :count=
    (int 0))
  (send
    (hole 0 {:hash_depth=>0, :limit_depth=>true, :recv=>true}) :diaspora_user=
    (hole 0 {:hash_depth=>0, :method_arg=>true}))
  (int 1))
BASETYPE: Integer
SIZE WORK_LIST: 175
SIZE generated: 1
EVALUABLE#: 0

-------------------------

----------------
TTYPES
Integer
Integer
Integer
Integer
Integer

PROGS

LOCAL_COUNT: 88
GLOBAL_COUNT: 88

BASE_AFTER:
(begin
  (send
    (lvar :arg0) :count=
    (int 1))
  (send
    (hole 0 {:hash_depth=>0, :limit_depth=>true, :recv=>true}) :count=
    (hole 0 {:hash_depth=>0, :method_arg=>true}))
  (int 1))
BASETYPE: Integer
SIZE WORK_LIST: 175
SIZE generated: 5
EVALUABLE#: 4

-------------------------

----------------
TTYPES
Integer

PROGS

LOCAL_COUNT: 89
GLOBAL_COUNT: 89

BASE_AFTER:
(begin
  (send
    (lvar :arg0) :count=
    (int 1))
  (send
    (hole 0 {:hash_depth=>0, :limit_depth=>true, :recv=>true}) :diaspora_user=
    (hole 0 {:hash_depth=>0, :method_arg=>true}))
  (int 1))
BASETYPE: Integer
SIZE WORK_LIST: 178
SIZE generated: 1
EVALUABLE#: 0

-------------------------

----------------
TTYPES
Integer
Integer
Integer
Integer
Integer

PROGS

LOCAL_COUNT: 90
GLOBAL_COUNT: 90

BASE_AFTER:
(begin
  (lvasgn :t0
    (int 1))
  (send
    (lvar :arg0) :count=
    (lvar :t0))
  (send
    (hole 0 {:hash_depth=>0, :limit_depth=>true, :recv=>true}) :count=
    (hole 0 {:hash_depth=>0, :method_arg=>true}))
  (lvar :t0))
BASETYPE: Integer
SIZE WORK_LIST: 178
SIZE generated: 5
EVALUABLE#: 4

-------------------------

----------------
TTYPES
Integer

PROGS

LOCAL_COUNT: 91
GLOBAL_COUNT: 91

BASE_AFTER:
(begin
  (lvasgn :t0
    (int 1))
  (send
    (lvar :arg0) :count=
    (lvar :t0))
  (send
    (hole 0 {:hash_depth=>0, :limit_depth=>true, :recv=>true}) :diaspora_user=
    (hole 0 {:hash_depth=>0, :method_arg=>true}))
  (lvar :t0))
BASETYPE: Integer
SIZE WORK_LIST: 181
SIZE generated: 1
EVALUABLE#: 0

-------------------------

----------------
TTYPES
Integer
Integer
Integer
Integer
Integer

PROGS

LOCAL_COUNT: 92
GLOBAL_COUNT: 92

BASE_AFTER:
(begin
  (send
    (lvar :arg0) :count=
    (int 0))
  (send
    (hole 0 {:hash_depth=>0, :limit_depth=>true, :recv=>true}) :count=
    (hole 0 {:hash_depth=>0, :method_arg=>true}))
  (int 2))
BASETYPE: Integer
SIZE WORK_LIST: 181
SIZE generated: 5
EVALUABLE#: 4

-------------------------

----------------
TTYPES
Integer

PROGS

LOCAL_COUNT: 93
GLOBAL_COUNT: 93

BASE_AFTER:
(begin
  (send
    (lvar :arg0) :count=
    (int 0))
  (send
    (hole 0 {:hash_depth=>0, :limit_depth=>true, :recv=>true}) :diaspora_user=
    (hole 0 {:hash_depth=>0, :method_arg=>true}))
  (int 2))
BASETYPE: Integer
SIZE WORK_LIST: 183
SIZE generated: 1
EVALUABLE#: 0

-------------------------

----------------
TTYPES
Integer
Integer
Integer
Integer
Integer

PROGS

LOCAL_COUNT: 94
GLOBAL_COUNT: 94

BASE_AFTER:
(begin
  (send
    (lvar :arg0) :count=
    (int 1))
  (send
    (hole 0 {:hash_depth=>0, :limit_depth=>true, :recv=>true}) :count=
    (hole 0 {:hash_depth=>0, :method_arg=>true}))
  (int 2))
BASETYPE: Integer
SIZE WORK_LIST: 183
SIZE generated: 5
EVALUABLE#: 4

-------------------------

----------------
TTYPES
Integer

PROGS

LOCAL_COUNT: 95
GLOBAL_COUNT: 95

BASE_AFTER:
(begin
  (send
    (lvar :arg0) :count=
    (int 1))
  (send
    (hole 0 {:hash_depth=>0, :limit_depth=>true, :recv=>true}) :diaspora_user=
    (hole 0 {:hash_depth=>0, :method_arg=>true}))
  (int 2))
BASETYPE: Integer
SIZE WORK_LIST: 185
SIZE generated: 1
EVALUABLE#: 0

-------------------------

----------------
TTYPES
String
String
String
String

PROGS

LOCAL_COUNT: 96
GLOBAL_COUNT: 96

BASE_AFTER:
(begin
  (send
    (lvar :arg0) :count=
    (int 0))
  (send
    (hole 0 {:hash_depth=>0, :limit_depth=>true, :recv=>true}) :count=
    (hole 0 {:hash_depth=>0, :method_arg=>true}))
  (str ""))
BASETYPE: String
SIZE WORK_LIST: 185
SIZE generated: 4
EVALUABLE#: 3

-------------------------

----------------
TTYPES
String

PROGS

LOCAL_COUNT: 97
GLOBAL_COUNT: 97

BASE_AFTER:
(begin
  (send
    (lvar :arg0) :count=
    (int 0))
  (send
    (hole 0 {:hash_depth=>0, :limit_depth=>true, :recv=>true}) :diaspora_user=
    (hole 0 {:hash_depth=>0, :method_arg=>true}))
  (str ""))
BASETYPE: String
SIZE WORK_LIST: 187
SIZE generated: 1
EVALUABLE#: 0

-------------------------

----------------
TTYPES
String
String
String
String

PROGS

LOCAL_COUNT: 98
GLOBAL_COUNT: 98

BASE_AFTER:
(begin
  (send
    (lvar :arg0) :count=
    (int 1))
  (send
    (hole 0 {:hash_depth=>0, :limit_depth=>true, :recv=>true}) :count=
    (hole 0 {:hash_depth=>0, :method_arg=>true}))
  (str ""))
BASETYPE: String
SIZE WORK_LIST: 187
SIZE generated: 4
EVALUABLE#: 3

-------------------------

----------------
TTYPES
String

PROGS

LOCAL_COUNT: 99
GLOBAL_COUNT: 99

BASE_AFTER:
(begin
  (send
    (lvar :arg0) :count=
    (int 1))
  (send
    (hole 0 {:hash_depth=>0, :limit_depth=>true, :recv=>true}) :diaspora_user=
    (hole 0 {:hash_depth=>0, :method_arg=>true}))
  (str ""))
BASETYPE: String
SIZE WORK_LIST: 189
SIZE generated: 1
EVALUABLE#: 0

-------------------------

----------------
TTYPES
Integer
Integer
Integer
Integer
Integer
Integer
Integer
Integer
Integer
Integer
Integer
Integer
Integer
Integer
Integer
Integer

PROGS

LOCAL_COUNT: 100
GLOBAL_COUNT: 100

BASE_AFTER:
(begin
  (send
    (send
      (filled-hole
        (lvar :arg0) {:method_arg=>false}) :id=
      (filled-hole
        (int 0)
        (int 1)
        (int 2)
        (hole 1 {:hash_depth=>0, :method_arg=>true, :variance=>:+}) {:method_arg=>true})) :-
    (filled-hole
      (int 0)
      (int 1)
      (int 2)
      (hole 1 {:hash_depth=>0, :method_arg=>true, :variance=>:+}) {:method_arg=>true})))
BASETYPE: Integer
SIZE WORK_LIST: 189
SIZE generated: 16
EVALUABLE#: 9

-------------------------

----------------
TTYPES
Integer
Integer
Integer
Integer

PROGS

LOCAL_COUNT: 101
GLOBAL_COUNT: 101

BASE_AFTER:
(begin
  (send
    (send
      (filled-hole
        (lvar :arg0) {:method_arg=>false}) :id) :-
    (filled-hole
      (int 0)
      (int 1)
      (int 2)
      (hole 1 {:hash_depth=>0, :method_arg=>true, :variance=>:+}) {:method_arg=>true})))
BASETYPE: Integer
SIZE WORK_LIST: 204
SIZE generated: 4
EVALUABLE#: 3

-------------------------

----------------
TTYPES
Integer
Integer
Integer
Integer
Integer
Integer
Integer
Integer
Integer
Integer
Integer
Integer
Integer
Integer
Integer
Integer

PROGS

LOCAL_COUNT: 102
GLOBAL_COUNT: 102

BASE_AFTER:
(begin
  (send
    (send
      (filled-hole
        (lvar :arg0) {:method_arg=>false}) :diaspora_user_id=
      (filled-hole
        (int 0)
        (int 1)
        (int 2)
        (hole 1 {:hash_depth=>0, :method_arg=>true, :variance=>:+}) {:method_arg=>true})) :-
    (filled-hole
      (int 0)
      (int 1)
      (int 2)
      (hole 1 {:hash_depth=>0, :method_arg=>true, :variance=>:+}) {:method_arg=>true})))
BASETYPE: Integer
SIZE WORK_LIST: 207
SIZE generated: 16
EVALUABLE#: 9

-------------------------

----------------
TTYPES
Integer
Integer
Integer
Integer

PROGS

LOCAL_COUNT: 103
GLOBAL_COUNT: 103

BASE_AFTER:
(begin
  (send
    (send
      (filled-hole
        (lvar :arg0) {:method_arg=>false}) :diaspora_user_id) :-
    (filled-hole
      (int 0)
      (int 1)
      (int 2)
      (hole 1 {:hash_depth=>0, :method_arg=>true, :variance=>:+}) {:method_arg=>true})))
BASETYPE: Integer
SIZE WORK_LIST: 222
SIZE generated: 4
EVALUABLE#: 3

-------------------------

----------------
TTYPES
Integer
Integer
Integer
Integer
Integer
Integer
Integer
Integer
Integer
Integer
Integer
Integer
Integer
Integer
Integer
Integer

PROGS

LOCAL_COUNT: 104
GLOBAL_COUNT: 104

BASE_AFTER:
(begin
  (send
    (send
      (filled-hole
        (lvar :arg0) {:method_arg=>false}) :count=
      (filled-hole
        (int 0)
        (int 1)
        (int 2)
        (hole 1 {:hash_depth=>0, :method_arg=>true, :variance=>:+}) {:method_arg=>true})) :-
    (filled-hole
      (int 0)
      (int 1)
      (int 2)
      (hole 1 {:hash_depth=>0, :method_arg=>true, :variance=>:+}) {:method_arg=>true})))
BASETYPE: Integer
SIZE WORK_LIST: 222
SIZE generated: 16
EVALUABLE#: 9

-------------------------

----------------
TTYPES
Integer
Integer
Integer
Integer

PROGS

LOCAL_COUNT: 105
GLOBAL_COUNT: 105

BASE_AFTER:
(begin
  (send
    (begin
      (send
        (filled-hole
          (lvar :arg0) {:method_arg=>false}) :count)) :-
    (filled-hole
      (int 0)
      (int 1)
      (int 2)
      (hole 1 {:hash_depth=>0, :method_arg=>true, :variance=>:+}) {:method_arg=>true})))
BASETYPE: Integer
SIZE WORK_LIST: 234
SIZE generated: 4
EVALUABLE#: 3

-------------------------

----------------
TTYPES
true or false
true or false
true or false
true or false

PROGS

LOCAL_COUNT: 106
GLOBAL_COUNT: 106

BASE_AFTER:
(begin
  (send
    (lvar :arg0) :count=
    (send
      (hole 0 {:hash_depth=>0, :limit_depth=>true, :recv=>true}) :id=
      (hole 0 {:hash_depth=>0, :method_arg=>true})))
  (true))
BASETYPE: true or false
SIZE WORK_LIST: 237
SIZE generated: 4
EVALUABLE#: 3

-------------------------

----------------
TTYPES
true or false

PROGS

LOCAL_COUNT: 107
GLOBAL_COUNT: 107

BASE_AFTER:
(begin
  (send
    (lvar :arg0) :count=
    (send
      (hole 0 {:hash_depth=>0, :limit_depth=>true, :recv=>true}) :id))
  (true))
BASETYPE: true or false
SIZE WORK_LIST: 239
SIZE generated: 1
EVALUABLE#: 1

-------------------------

----------------
TTYPES
true or false
true or false
true or false
true or false

PROGS

LOCAL_COUNT: 108
GLOBAL_COUNT: 108

BASE_AFTER:
(begin
  (send
    (lvar :arg0) :count=
    (send
      (hole 0 {:hash_depth=>0, :limit_depth=>true, :recv=>true}) :diaspora_user_id=
      (hole 0 {:hash_depth=>0, :method_arg=>true})))
  (true))
BASETYPE: true or false
SIZE WORK_LIST: 239
SIZE generated: 4
EVALUABLE#: 3

-------------------------

----------------
TTYPES
true or false

PROGS

LOCAL_COUNT: 109
GLOBAL_COUNT: 109

BASE_AFTER:
(begin
  (send
    (lvar :arg0) :count=
    (send
      (hole 0 {:hash_depth=>0, :limit_depth=>true, :recv=>true}) :diaspora_user_id))
  (true))
BASETYPE: true or false
SIZE WORK_LIST: 241
SIZE generated: 1
EVALUABLE#: 1

-------------------------

----------------
TTYPES
true or false
true or false
true or false
true or false

PROGS

LOCAL_COUNT: 110
GLOBAL_COUNT: 110

BASE_AFTER:
(begin
  (send
    (lvar :arg0) :count=
    (send
      (hole 0 {:hash_depth=>0, :limit_depth=>true, :recv=>true}) :count=
      (hole 0 {:hash_depth=>0, :method_arg=>true})))
  (true))
BASETYPE: true or false
SIZE WORK_LIST: 240
SIZE generated: 4
EVALUABLE#: 3

-------------------------

----------------
TTYPES
true or false

PROGS

LOCAL_COUNT: 111
GLOBAL_COUNT: 111

BASE_AFTER:
(begin
  (send
    (lvar :arg0) :count=
    (begin
      (send
        (hole 0 {:hash_depth=>0, :limit_depth=>true, :recv=>true}) :count)))
  (true))
BASETYPE: true or false
SIZE WORK_LIST: 242
SIZE generated: 1
EVALUABLE#: 1

-------------------------

----------------
TTYPES
true or false

PROGS

LOCAL_COUNT: 113
GLOBAL_COUNT: 112

BASE_AFTER:
(begin
  (send
    (lvar :arg0) :diaspora_user=
    (send
      (hole 0 {:hash_depth=>0, :limit_depth=>true, :recv=>true}) :diaspora_user))
  (true))
BASETYPE: true or false
SIZE WORK_LIST: 241
SIZE generated: 1
EVALUABLE#: 1

-------------------------

----------------
TTYPES
true or false

PROGS

LOCAL_COUNT: 114
GLOBAL_COUNT: 113

BASE_AFTER:
(begin
  (send
    (lvar :arg0) :diaspora_user=
    (send
      (hole 0 {:hash_depth=>0, :limit_depth=>true, :recv=>true}) :diaspora_user=
      (hole 0 {:hash_depth=>0, :method_arg=>true})))
  (true))
BASETYPE: true or false
SIZE WORK_LIST: 241
SIZE generated: 1
EVALUABLE#: 0

-------------------------

----------------
TTYPES
true or false
true or false
true or false
true or false

PROGS

LOCAL_COUNT: 115
GLOBAL_COUNT: 114

BASE_AFTER:
(begin
  (send
    (lvar :arg0) :count=
    (send
      (hole 0 {:hash_depth=>0, :limit_depth=>true, :recv=>true}) :id=
      (hole 0 {:hash_depth=>0, :method_arg=>true})))
  (false))
BASETYPE: true or false
SIZE WORK_LIST: 241
SIZE generated: 4
EVALUABLE#: 3

-------------------------

----------------
TTYPES
true or false

PROGS

LOCAL_COUNT: 116
GLOBAL_COUNT: 115

BASE_AFTER:
(begin
  (send
    (lvar :arg0) :count=
    (send
      (hole 0 {:hash_depth=>0, :limit_depth=>true, :recv=>true}) :id))
  (false))
BASETYPE: true or false
SIZE WORK_LIST: 243
SIZE generated: 1
EVALUABLE#: 1

-------------------------

----------------
TTYPES
true or false
true or false
true or false
true or false

PROGS

LOCAL_COUNT: 117
GLOBAL_COUNT: 116

BASE_AFTER:
(begin
  (send
    (lvar :arg0) :count=
    (send
      (hole 0 {:hash_depth=>0, :limit_depth=>true, :recv=>true}) :diaspora_user_id=
      (hole 0 {:hash_depth=>0, :method_arg=>true})))
  (false))
BASETYPE: true or false
SIZE WORK_LIST: 243
SIZE generated: 4
EVALUABLE#: 3

-------------------------

----------------
TTYPES
true or false

PROGS

LOCAL_COUNT: 118
GLOBAL_COUNT: 117

BASE_AFTER:
(begin
  (send
    (lvar :arg0) :count=
    (send
      (hole 0 {:hash_depth=>0, :limit_depth=>true, :recv=>true}) :diaspora_user_id))
  (false))
BASETYPE: true or false
SIZE WORK_LIST: 245
SIZE generated: 1
EVALUABLE#: 1

-------------------------

----------------
TTYPES
true or false
true or false
true or false
true or false

PROGS

LOCAL_COUNT: 119
GLOBAL_COUNT: 118

BASE_AFTER:
(begin
  (send
    (lvar :arg0) :count=
    (send
      (hole 0 {:hash_depth=>0, :limit_depth=>true, :recv=>true}) :count=
      (hole 0 {:hash_depth=>0, :method_arg=>true})))
  (false))
BASETYPE: true or false
SIZE WORK_LIST: 244
SIZE generated: 4
EVALUABLE#: 3

-------------------------

----------------
TTYPES
true or false

PROGS

LOCAL_COUNT: 120
GLOBAL_COUNT: 119

BASE_AFTER:
(begin
  (send
    (lvar :arg0) :count=
    (begin
      (send
        (hole 0 {:hash_depth=>0, :limit_depth=>true, :recv=>true}) :count)))
  (false))
BASETYPE: true or false
SIZE WORK_LIST: 246
SIZE generated: 1
EVALUABLE#: 1

-------------------------

----------------
TTYPES
true or false

PROGS

LOCAL_COUNT: 122
GLOBAL_COUNT: 120

BASE_AFTER:
(begin
  (send
    (lvar :arg0) :diaspora_user=
    (send
      (hole 0 {:hash_depth=>0, :limit_depth=>true, :recv=>true}) :diaspora_user))
  (false))
BASETYPE: true or false
SIZE WORK_LIST: 245
SIZE generated: 1
EVALUABLE#: 1

-------------------------

----------------
TTYPES
true or false

PROGS

LOCAL_COUNT: 123
GLOBAL_COUNT: 121

BASE_AFTER:
(begin
  (send
    (lvar :arg0) :diaspora_user=
    (send
      (hole 0 {:hash_depth=>0, :limit_depth=>true, :recv=>true}) :diaspora_user=
      (hole 0 {:hash_depth=>0, :method_arg=>true})))
  (false))
BASETYPE: true or false
SIZE WORK_LIST: 245
SIZE generated: 1
EVALUABLE#: 0

-------------------------

----------------
TTYPES
Integer
Integer
Integer
Integer
Integer

PROGS

LOCAL_COUNT: 124
GLOBAL_COUNT: 122

BASE_AFTER:
(begin
  (send
    (lvar :arg0) :count=
    (send
      (hole 0 {:hash_depth=>0, :limit_depth=>true, :recv=>true}) :id=
      (hole 0 {:hash_depth=>0, :method_arg=>true})))
  (int 0))
BASETYPE: Integer
SIZE WORK_LIST: 245
SIZE generated: 5
EVALUABLE#: 4

-------------------------

----------------
TTYPES
Integer

PROGS

LOCAL_COUNT: 125
GLOBAL_COUNT: 123

BASE_AFTER:
(begin
  (send
    (lvar :arg0) :count=
    (send
      (hole 0 {:hash_depth=>0, :limit_depth=>true, :recv=>true}) :id))
  (int 0))
BASETYPE: Integer
SIZE WORK_LIST: 248
SIZE generated: 1
EVALUABLE#: 1

-------------------------

----------------
TTYPES
Integer
Integer
Integer
Integer
Integer

PROGS

LOCAL_COUNT: 126
GLOBAL_COUNT: 124

BASE_AFTER:
(begin
  (send
    (lvar :arg0) :count=
    (send
      (hole 0 {:hash_depth=>0, :limit_depth=>true, :recv=>true}) :diaspora_user_id=
      (hole 0 {:hash_depth=>0, :method_arg=>true})))
  (int 0))
BASETYPE: Integer
SIZE WORK_LIST: 248
SIZE generated: 5
EVALUABLE#: 4

-------------------------

----------------
TTYPES
Integer

PROGS

LOCAL_COUNT: 127
GLOBAL_COUNT: 125

BASE_AFTER:
(begin
  (send
    (lvar :arg0) :count=
    (send
      (hole 0 {:hash_depth=>0, :limit_depth=>true, :recv=>true}) :diaspora_user_id))
  (int 0))
BASETYPE: Integer
SIZE WORK_LIST: 251
SIZE generated: 1
EVALUABLE#: 1

-------------------------

----------------
TTYPES
Integer
Integer
Integer
Integer
Integer

PROGS

LOCAL_COUNT: 128
GLOBAL_COUNT: 126

BASE_AFTER:
(begin
  (send
    (lvar :arg0) :count=
    (send
      (hole 0 {:hash_depth=>0, :limit_depth=>true, :recv=>true}) :count=
      (hole 0 {:hash_depth=>0, :method_arg=>true})))
  (int 0))
BASETYPE: Integer
SIZE WORK_LIST: 250
SIZE generated: 5
EVALUABLE#: 4

-------------------------

----------------
TTYPES
Integer

PROGS

LOCAL_COUNT: 129
GLOBAL_COUNT: 127

BASE_AFTER:
(begin
  (send
    (lvar :arg0) :count=
    (begin
      (send
        (hole 0 {:hash_depth=>0, :limit_depth=>true, :recv=>true}) :count)))
  (int 0))
BASETYPE: Integer
SIZE WORK_LIST: 253
SIZE generated: 1
EVALUABLE#: 1

-------------------------

----------------
TTYPES
Integer

PROGS

LOCAL_COUNT: 131
GLOBAL_COUNT: 128

BASE_AFTER:
(begin
  (send
    (lvar :arg0) :diaspora_user=
    (send
      (hole 0 {:hash_depth=>0, :limit_depth=>true, :recv=>true}) :diaspora_user))
  (int 0))
BASETYPE: Integer
SIZE WORK_LIST: 252
SIZE generated: 1
EVALUABLE#: 1

-------------------------

----------------
TTYPES
Integer

PROGS

LOCAL_COUNT: 132
GLOBAL_COUNT: 129

BASE_AFTER:
(begin
  (send
    (lvar :arg0) :diaspora_user=
    (send
      (hole 0 {:hash_depth=>0, :limit_depth=>true, :recv=>true}) :diaspora_user=
      (hole 0 {:hash_depth=>0, :method_arg=>true})))
  (int 0))
BASETYPE: Integer
SIZE WORK_LIST: 252
SIZE generated: 1
EVALUABLE#: 0

-------------------------

----------------
TTYPES
Integer
Integer
Integer
Integer
Integer

PROGS

LOCAL_COUNT: 133
GLOBAL_COUNT: 130

BASE_AFTER:
(begin
  (send
    (lvar :arg0) :count=
    (send
      (hole 0 {:hash_depth=>0, :limit_depth=>true, :recv=>true}) :id=
      (hole 0 {:hash_depth=>0, :method_arg=>true})))
  (int 1))
BASETYPE: Integer
SIZE WORK_LIST: 252
SIZE generated: 5
EVALUABLE#: 4

-------------------------

----------------
TTYPES
Integer

PROGS

LOCAL_COUNT: 134
GLOBAL_COUNT: 131

BASE_AFTER:
(begin
  (send
    (lvar :arg0) :count=
    (send
      (hole 0 {:hash_depth=>0, :limit_depth=>true, :recv=>true}) :id))
  (int 1))
BASETYPE: Integer
SIZE WORK_LIST: 255
SIZE generated: 1
EVALUABLE#: 1

-------------------------

----------------
TTYPES
Integer
Integer
Integer
Integer
Integer

PROGS

LOCAL_COUNT: 135
GLOBAL_COUNT: 132

BASE_AFTER:
(begin
  (send
    (lvar :arg0) :count=
    (send
      (hole 0 {:hash_depth=>0, :limit_depth=>true, :recv=>true}) :diaspora_user_id=
      (hole 0 {:hash_depth=>0, :method_arg=>true})))
  (int 1))
BASETYPE: Integer
SIZE WORK_LIST: 255
SIZE generated: 5
EVALUABLE#: 4

-------------------------

----------------
TTYPES
Integer

PROGS

LOCAL_COUNT: 136
GLOBAL_COUNT: 133

BASE_AFTER:
(begin
  (send
    (lvar :arg0) :count=
    (send
      (hole 0 {:hash_depth=>0, :limit_depth=>true, :recv=>true}) :diaspora_user_id))
  (int 1))
BASETYPE: Integer
SIZE WORK_LIST: 258
SIZE generated: 1
EVALUABLE#: 1

-------------------------

----------------
TTYPES
Integer
Integer
Integer
Integer
Integer

PROGS

LOCAL_COUNT: 137
GLOBAL_COUNT: 134

BASE_AFTER:
(begin
  (send
    (lvar :arg0) :count=
    (send
      (hole 0 {:hash_depth=>0, :limit_depth=>true, :recv=>true}) :count=
      (hole 0 {:hash_depth=>0, :method_arg=>true})))
  (int 1))
BASETYPE: Integer
SIZE WORK_LIST: 257
SIZE generated: 5
EVALUABLE#: 4

-------------------------

----------------
TTYPES
Integer

PROGS

LOCAL_COUNT: 138
GLOBAL_COUNT: 135

BASE_AFTER:
(begin
  (send
    (lvar :arg0) :count=
    (begin
      (send
        (hole 0 {:hash_depth=>0, :limit_depth=>true, :recv=>true}) :count)))
  (int 1))
BASETYPE: Integer
SIZE WORK_LIST: 260
SIZE generated: 1
EVALUABLE#: 1

-------------------------

----------------
TTYPES
Integer

PROGS

LOCAL_COUNT: 140
GLOBAL_COUNT: 136

BASE_AFTER:
(begin
  (send
    (lvar :arg0) :diaspora_user=
    (send
      (hole 0 {:hash_depth=>0, :limit_depth=>true, :recv=>true}) :diaspora_user))
  (int 1))
BASETYPE: Integer
SIZE WORK_LIST: 259
SIZE generated: 1
EVALUABLE#: 1

-------------------------

----------------
TTYPES
Integer

PROGS

LOCAL_COUNT: 141
GLOBAL_COUNT: 137

BASE_AFTER:
(begin
  (send
    (lvar :arg0) :diaspora_user=
    (send
      (hole 0 {:hash_depth=>0, :limit_depth=>true, :recv=>true}) :diaspora_user=
      (hole 0 {:hash_depth=>0, :method_arg=>true})))
  (int 1))
BASETYPE: Integer
SIZE WORK_LIST: 259
SIZE generated: 1
EVALUABLE#: 0

-------------------------

----------------
TTYPES
Integer
Integer
Integer
Integer
Integer

PROGS

LOCAL_COUNT: 142
GLOBAL_COUNT: 138

BASE_AFTER:
(begin
  (send
    (lvar :arg0) :count=
    (send
      (hole 0 {:hash_depth=>0, :limit_depth=>true, :recv=>true}) :id=
      (hole 0 {:hash_depth=>0, :method_arg=>true})))
  (int 2))
BASETYPE: Integer
SIZE WORK_LIST: 259
SIZE generated: 5
EVALUABLE#: 4

-------------------------

----------------
TTYPES
Integer

PROGS

LOCAL_COUNT: 143
GLOBAL_COUNT: 139

BASE_AFTER:
(begin
  (send
    (lvar :arg0) :count=
    (send
      (hole 0 {:hash_depth=>0, :limit_depth=>true, :recv=>true}) :id))
  (int 2))
BASETYPE: Integer
SIZE WORK_LIST: 261
SIZE generated: 1
EVALUABLE#: 1

-------------------------

----------------
TTYPES
Integer
Integer
Integer
Integer
Integer

PROGS

LOCAL_COUNT: 144
GLOBAL_COUNT: 140

BASE_AFTER:
(begin
  (send
    (lvar :arg0) :count=
    (send
      (hole 0 {:hash_depth=>0, :limit_depth=>true, :recv=>true}) :diaspora_user_id=
      (hole 0 {:hash_depth=>0, :method_arg=>true})))
  (int 2))
BASETYPE: Integer
SIZE WORK_LIST: 261
SIZE generated: 5
EVALUABLE#: 4

-------------------------

----------------
TTYPES
Integer

PROGS

LOCAL_COUNT: 145
GLOBAL_COUNT: 141

BASE_AFTER:
(begin
  (send
    (lvar :arg0) :count=
    (send
      (hole 0 {:hash_depth=>0, :limit_depth=>true, :recv=>true}) :diaspora_user_id))
  (int 2))
BASETYPE: Integer
SIZE WORK_LIST: 263
SIZE generated: 1
EVALUABLE#: 1

-------------------------

----------------
TTYPES
Integer
Integer
Integer
Integer
Integer

PROGS

LOCAL_COUNT: 146
GLOBAL_COUNT: 142

BASE_AFTER:
(begin
  (send
    (lvar :arg0) :count=
    (send
      (hole 0 {:hash_depth=>0, :limit_depth=>true, :recv=>true}) :count=
      (hole 0 {:hash_depth=>0, :method_arg=>true})))
  (int 2))
BASETYPE: Integer
SIZE WORK_LIST: 262
SIZE generated: 5
EVALUABLE#: 4

-------------------------

----------------
TTYPES
Integer

PROGS

LOCAL_COUNT: 147
GLOBAL_COUNT: 143

BASE_AFTER:
(begin
  (send
    (lvar :arg0) :count=
    (begin
      (send
        (hole 0 {:hash_depth=>0, :limit_depth=>true, :recv=>true}) :count)))
  (int 2))
BASETYPE: Integer
SIZE WORK_LIST: 264
SIZE generated: 1
EVALUABLE#: 1

-------------------------

----------------
TTYPES
Integer

PROGS

LOCAL_COUNT: 149
GLOBAL_COUNT: 144

BASE_AFTER:
(begin
  (send
    (lvar :arg0) :diaspora_user=
    (send
      (hole 0 {:hash_depth=>0, :limit_depth=>true, :recv=>true}) :diaspora_user))
  (int 2))
BASETYPE: Integer
SIZE WORK_LIST: 263
SIZE generated: 1
EVALUABLE#: 1

-------------------------

----------------
TTYPES
Integer

PROGS

LOCAL_COUNT: 150
GLOBAL_COUNT: 145

BASE_AFTER:
(begin
  (send
    (lvar :arg0) :diaspora_user=
    (send
      (hole 0 {:hash_depth=>0, :limit_depth=>true, :recv=>true}) :diaspora_user=
      (hole 0 {:hash_depth=>0, :method_arg=>true})))
  (int 2))
BASETYPE: Integer
SIZE WORK_LIST: 263
SIZE generated: 1
EVALUABLE#: 0

-------------------------

----------------
TTYPES
true or false
true or false
Integer
Integer
Integer
String
%bot

PROGS

LOCAL_COUNT: 1
GLOBAL_COUNT: 146

BASE_AFTER:
(filled-hole
  (true)
  (false)
  (int 0)
  (int 1)
  (int 2)
  (str "")
  (hole 1 {:hash_depth=>0, :method_arg=>false, :variance=>:-}) {:method_arg=>false})
BASETYPE: %bot
SIZE WORK_LIST: 0
SIZE generated: 7
EVALUABLE#: 6

-------------------------

----------------
TTYPES
true or false
true or false

PROGS

LOCAL_COUNT: 2
GLOBAL_COUNT: 147

BASE_AFTER:
(true)
BASETYPE: true or false
SIZE WORK_LIST: 6
SIZE generated: 2
EVALUABLE#: 0

-------------------------

----------------
TTYPES
true or false
true or false

PROGS

LOCAL_COUNT: 3
GLOBAL_COUNT: 148

BASE_AFTER:
(false)
BASETYPE: true or false
SIZE WORK_LIST: 7
SIZE generated: 2
EVALUABLE#: 0

-------------------------

----------------
TTYPES
Integer
Integer

PROGS

LOCAL_COUNT: 4
GLOBAL_COUNT: 149

BASE_AFTER:
(int 0)
BASETYPE: Integer
SIZE WORK_LIST: 8
SIZE generated: 2
EVALUABLE#: 0

-------------------------

----------------
TTYPES
Integer
Integer

PROGS

LOCAL_COUNT: 5
GLOBAL_COUNT: 150

BASE_AFTER:
(int 1)
BASETYPE: Integer
SIZE WORK_LIST: 9
SIZE generated: 2
EVALUABLE#: 0

-------------------------

----------------
TTYPES
Integer
Integer

PROGS

LOCAL_COUNT: 6
GLOBAL_COUNT: 151

BASE_AFTER:
(int 2)
BASETYPE: Integer
SIZE WORK_LIST: 10
SIZE generated: 2
EVALUABLE#: 0

-------------------------

----------------
TTYPES
String
String

PROGS

LOCAL_COUNT: 7
GLOBAL_COUNT: 152

BASE_AFTER:
(str "")
BASETYPE: String
SIZE WORK_LIST: 11
SIZE generated: 2
EVALUABLE#: 0

-------------------------

----------------
TTYPES
%bot

PROGS

LOCAL_COUNT: 8
GLOBAL_COUNT: 153

BASE_AFTER:
(filled-hole
  (hole 2 {:hash_depth=>0, :method_arg=>false, :variance=>:-}) {:method_arg=>false})
BASETYPE: %bot
SIZE WORK_LIST: 12
SIZE generated: 1
EVALUABLE#: 0

-------------------------

----------------
TTYPES
true or false
true or false
true or false
true or false

PROGS

LOCAL_COUNT: 9
GLOBAL_COUNT: 154

BASE_AFTER:
(begin
  (send
    (hole 0 {:hash_depth=>0, :limit_depth=>true, :recv=>true}) :count=
    (hole 0 {:hash_depth=>0, :method_arg=>true}))
  (true))
BASETYPE: true or false
SIZE WORK_LIST: 12
SIZE generated: 4
EVALUABLE#: 3

-------------------------

----------------
TTYPES
true or false

PROGS

LOCAL_COUNT: 1
GLOBAL_COUNT: 155

BASE_AFTER:
(filled-hole
  (hole 1 {:hash_depth=>0, :method_arg=>false, :variance=>:+}) {:method_arg=>false})
BASETYPE: true or false
SIZE WORK_LIST: 0
SIZE generated: 1
EVALUABLE#: 0

-------------------------

----------------
TTYPES
true or false
true or false

PROGS

LOCAL_COUNT: 2
GLOBAL_COUNT: 156

BASE_AFTER:
(filled-hole
  (begin
    (send
      (hole 0 {:hash_depth=>0, :limit_depth=>true, :recv=>true}) :-
      (hole 0 {:hash_depth=>0, :method_arg=>true})))
  (begin
    (send
      (hole 0 {:hash_depth=>0, :limit_depth=>true, :recv=>true}) :save))
  (begin
    (send
      (hole 0 {:hash_depth=>0, :limit_depth=>true, :recv=>true}) :count))
  (begin
    (send
      (hole 0 {:hash_depth=>0, :limit_depth=>true, :recv=>true}) :-
      (hole 0 {:hash_depth=>0, :method_arg=>true})))
  (begin
    (send
      (hole 0 {:hash_depth=>0, :limit_depth=>true, :recv=>true}) :save))
  (hole 2 {:hash_depth=>0, :method_arg=>false, :variance=>:+}) {:method_arg=>false})
BASETYPE: true or false
SIZE WORK_LIST: 0
SIZE generated: 2
EVALUABLE#: 0

-------------------------

----------------
TTYPES
true or false

PROGS

LOCAL_COUNT: 3
GLOBAL_COUNT: 157

BASE_AFTER:
(begin
  (send
    (filled-hole
      (lvar InvitationCode(id: integer, token: string, diaspora_user_id: integer, count: integer)) {:method_arg=>false}) :save))
BASETYPE: true or false
SIZE WORK_LIST: 1
SIZE generated: 1
EVALUABLE#: 1

-------------------------

----------------
TTYPES
Integer
true or false
Integer
true or false
true or false
true or false
Integer
true or false
Integer
true or false
Integer
true or false
Integer
true or false
true or false
true or false
true or false
true or false
true or false
true or false
true or false
true or false
true or false
true or false
true or false
true or false
true or false
true or false
true or false
true or false
true or false
true or false
true or false
true or false
true or false
true or false
Integer
true or false
true or false
true or false
true or false
true or false
true or false
true or false
true or false
true or false
true or false
true or false
true or false
true or false
true or false
true or false
true or false
true or false
true or false
true or false
true or false
true or false
true or false
Integer
true or false
true or false

PROGS

LOCAL_COUNT: 4
GLOBAL_COUNT: 158

BASE_AFTER:
(filled-hole
  (begin
    (send
      (send
        (hole 0 {:hash_depth=>0, :limit_depth=>true, :recv=>true}) :id=
        (hole 0 {:hash_depth=>0, :method_arg=>true})) :-
      (hole 0 {:hash_depth=>0, :method_arg=>true})))
  (begin
    (send
      (send
        (hole 0 {:hash_depth=>0, :limit_depth=>true, :recv=>true}) :id=
        (hole 0 {:hash_depth=>0, :method_arg=>true})) :-
      (hole 0 {:hash_depth=>0, :method_arg=>true})))
  (begin
    (send
      (send
        (hole 0 {:hash_depth=>0, :limit_depth=>true, :recv=>true}) :id=
        (hole 0 {:hash_depth=>0, :method_arg=>true})) :-
      (hole 0 {:hash_depth=>0, :method_arg=>true})))
  (begin
    (send
      (send
        (hole 0 {:hash_depth=>0, :limit_depth=>true, :recv=>true}) :id=
        (hole 0 {:hash_depth=>0, :method_arg=>true})) :count))
  (begin
    (send
      (send
        (hole 0 {:hash_depth=>0, :limit_depth=>true, :recv=>true}) :id=
        (hole 0 {:hash_depth=>0, :method_arg=>true})) :save))
  (begin
    (send
      (send
        (hole 0 {:hash_depth=>0, :limit_depth=>true, :recv=>true}) :id) :-
      (hole 0 {:hash_depth=>0, :method_arg=>true})))
  (begin
    (send
      (send
        (hole 0 {:hash_depth=>0, :limit_depth=>true, :recv=>true}) :id) :-
      (hole 0 {:hash_depth=>0, :method_arg=>true})))
  (begin
    (send
      (send
        (hole 0 {:hash_depth=>0, :limit_depth=>true, :recv=>true}) :id) :-
      (hole 0 {:hash_depth=>0, :method_arg=>true})))
  (begin
    (send
      (send
        (hole 0 {:hash_depth=>0, :limit_depth=>true, :recv=>true}) :id) :count))
  (begin
    (send
      (send
        (hole 0 {:hash_depth=>0, :limit_depth=>true, :recv=>true}) :id) :save))
  (begin
    (send
      (send
        (hole 0 {:hash_depth=>0, :limit_depth=>true, :recv=>true}) :token=
        (hole 0 {:hash_depth=>0, :method_arg=>true})) :count))
  (begin
    (send
      (send
        (hole 0 {:hash_depth=>0, :limit_depth=>true, :recv=>true}) :token=
        (hole 0 {:hash_depth=>0, :method_arg=>true})) :-
      (hole 0 {:hash_depth=>0, :method_arg=>true})))
  (begin
    (send
      (send
        (hole 0 {:hash_depth=>0, :limit_depth=>true, :recv=>true}) :token=
        (hole 0 {:hash_depth=>0, :method_arg=>true})) :save))
  (begin
    (send
      (send
        (hole 0 {:hash_depth=>0, :limit_depth=>true, :recv=>true}) :token) :count))
  (begin
    (send
      (send
        (hole 0 {:hash_depth=>0, :limit_depth=>true, :recv=>true}) :token) :-
      (hole 0 {:hash_depth=>0, :method_arg=>true})))
  (begin
    (send
      (send
        (hole 0 {:hash_depth=>0, :limit_depth=>true, :recv=>true}) :token) :save))
  (begin
    (send
      (send
        (hole 0 {:hash_depth=>0, :limit_depth=>true, :recv=>true}) :diaspora_user_id=
        (hole 0 {:hash_depth=>0, :method_arg=>true})) :-
      (hole 0 {:hash_depth=>0, :method_arg=>true})))
  (begin
    (send
      (send
        (hole 0 {:hash_depth=>0, :limit_depth=>true, :recv=>true}) :diaspora_user_id=
        (hole 0 {:hash_depth=>0, :method_arg=>true})) :-
      (hole 0 {:hash_depth=>0, :method_arg=>true})))
  (begin
    (send
      (send
        (hole 0 {:hash_depth=>0, :limit_depth=>true, :recv=>true}) :diaspora_user_id=
        (hole 0 {:hash_depth=>0, :method_arg=>true})) :-
      (hole 0 {:hash_depth=>0, :method_arg=>true})))
  (begin
    (send
      (send
        (hole 0 {:hash_depth=>0, :limit_depth=>true, :recv=>true}) :diaspora_user_id=
        (hole 0 {:hash_depth=>0, :method_arg=>true})) :count))
  (begin
    (send
      (send
        (hole 0 {:hash_depth=>0, :limit_depth=>true, :recv=>true}) :diaspora_user_id=
        (hole 0 {:hash_depth=>0, :method_arg=>true})) :save))
  (begin
    (send
      (send
        (hole 0 {:hash_depth=>0, :limit_depth=>true, :recv=>true}) :diaspora_user_id) :-
      (hole 0 {:hash_depth=>0, :method_arg=>true})))
  (begin
    (send
      (send
        (hole 0 {:hash_depth=>0, :limit_depth=>true, :recv=>true}) :diaspora_user_id) :-
      (hole 0 {:hash_depth=>0, :method_arg=>true})))
  (begin
    (send
      (send
        (hole 0 {:hash_depth=>0, :limit_depth=>true, :recv=>true}) :diaspora_user_id) :-
      (hole 0 {:hash_depth=>0, :method_arg=>true})))
  (begin
    (send
      (send
        (hole 0 {:hash_depth=>0, :limit_depth=>true, :recv=>true}) :diaspora_user_id) :count))
  (begin
    (send
      (send
        (hole 0 {:hash_depth=>0, :limit_depth=>true, :recv=>true}) :diaspora_user_id) :save))
  (begin
    (send
      (send
        (hole 0 {:hash_depth=>0, :limit_depth=>true, :recv=>true}) :count=
        (hole 0 {:hash_depth=>0, :method_arg=>true})) :-
      (hole 0 {:hash_depth=>0, :method_arg=>true})))
  (begin
    (send
      (send
        (hole 0 {:hash_depth=>0, :limit_depth=>true, :recv=>true}) :count=
        (hole 0 {:hash_depth=>0, :method_arg=>true})) :-
      (hole 0 {:hash_depth=>0, :method_arg=>true})))
  (begin
    (send
      (send
        (hole 0 {:hash_depth=>0, :limit_depth=>true, :recv=>true}) :count=
        (hole 0 {:hash_depth=>0, :method_arg=>true})) :-
      (hole 0 {:hash_depth=>0, :method_arg=>true})))
  (begin
    (send
      (send
        (hole 0 {:hash_depth=>0, :limit_depth=>true, :recv=>true}) :count=
        (hole 0 {:hash_depth=>0, :method_arg=>true})) :count))
  (begin
    (send
      (send
        (hole 0 {:hash_depth=>0, :limit_depth=>true, :recv=>true}) :count=
        (hole 0 {:hash_depth=>0, :method_arg=>true})) :save))
  (begin
    (send
      (begin
        (send
          (hole 0 {:hash_depth=>0, :limit_depth=>true, :recv=>true}) :count)) :-
      (hole 0 {:hash_depth=>0, :method_arg=>true})))
  (begin
    (send
      (begin
        (send
          (hole 0 {:hash_depth=>0, :limit_depth=>true, :recv=>true}) :count)) :-
      (hole 0 {:hash_depth=>0, :method_arg=>true})))
  (begin
    (send
      (begin
        (send
          (hole 0 {:hash_depth=>0, :limit_depth=>true, :recv=>true}) :count)) :-
      (hole 0 {:hash_depth=>0, :method_arg=>true})))
  (begin
    (send
      (begin
        (send
          (hole 0 {:hash_depth=>0, :limit_depth=>true, :recv=>true}) :count)) :-
      (hole 0 {:hash_depth=>0, :method_arg=>true})))
  (begin
    (send
      (begin
        (send
          (hole 0 {:hash_depth=>0, :limit_depth=>true, :recv=>true}) :count)) :-
      (hole 0 {:hash_depth=>0, :method_arg=>true})))
  (begin
    (send
      (begin
        (send
          (hole 0 {:hash_depth=>0, :limit_depth=>true, :recv=>true}) :count)) :-
      (hole 0 {:hash_depth=>0, :method_arg=>true})))
  (begin
    (send
      (begin
        (send
          (hole 0 {:hash_depth=>0, :limit_depth=>true, :recv=>true}) :count)) :-
      (hole 0 {:hash_depth=>0, :method_arg=>true})))
  (begin
    (send
      (begin
        (send
          (hole 0 {:hash_depth=>0, :limit_depth=>true, :recv=>true}) :count)) :-
      (hole 0 {:hash_depth=>0, :method_arg=>true})))
  (begin
    (send
      (begin
        (send
          (hole 0 {:hash_depth=>0, :limit_depth=>true, :recv=>true}) :count)) :-
      (hole 0 {:hash_depth=>0, :method_arg=>true})))
  (begin
    (send
      (begin
        (send
          (hole 0 {:hash_depth=>0, :limit_depth=>true, :recv=>true}) :count)) :count))
  (begin
    (send
      (begin
        (send
          (hole 0 {:hash_depth=>0, :limit_depth=>true, :recv=>true}) :count)) :count))
  (begin
    (send
      (begin
        (send
          (hole 0 {:hash_depth=>0, :limit_depth=>true, :recv=>true}) :count)) :count))
  (begin
    (send
      (begin
        (send
          (hole 0 {:hash_depth=>0, :limit_depth=>true, :recv=>true}) :count)) :save))
  (begin
    (send
      (begin
        (send
          (hole 0 {:hash_depth=>0, :limit_depth=>true, :recv=>true}) :count)) :save))
  (begin
    (send
      (begin
        (send
          (hole 0 {:hash_depth=>0, :limit_depth=>true, :recv=>true}) :count)) :save))
  (begin
    (send
      (send
        (hole 0 {:hash_depth=>0, :limit_depth=>true, :recv=>true}) :diaspora_user) :count))
  (begin
    (send
      (send
        (hole 0 {:hash_depth=>0, :limit_depth=>true, :recv=>true}) :diaspora_user) :-
      (hole 0 {:hash_depth=>0, :method_arg=>true})))
  (begin
    (send
      (send
        (hole 0 {:hash_depth=>0, :limit_depth=>true, :recv=>true}) :diaspora_user) :save))
  (begin
    (send
      (send
        (hole 0 {:hash_depth=>0, :limit_depth=>true, :recv=>true}) :diaspora_user=
        (hole 0 {:hash_depth=>0, :method_arg=>true})) :count))
  (begin
    (send
      (send
        (hole 0 {:hash_depth=>0, :limit_depth=>true, :recv=>true}) :diaspora_user=
        (hole 0 {:hash_depth=>0, :method_arg=>true})) :-
      (hole 0 {:hash_depth=>0, :method_arg=>true})))
  (begin
    (send
      (send
        (hole 0 {:hash_depth=>0, :limit_depth=>true, :recv=>true}) :diaspora_user=
        (hole 0 {:hash_depth=>0, :method_arg=>true})) :save))
  (send
    (begin
      (send
        (hole 0 {:hash_depth=>0, :limit_depth=>true, :recv=>true}) :-
        (hole 0 {:hash_depth=>0, :method_arg=>true}))) :confirmed=
    (hole 0 {:hash_depth=>0, :method_arg=>true}))
  (send
    (begin
      (send
        (hole 0 {:hash_depth=>0, :limit_depth=>true, :recv=>true}) :-
        (hole 0 {:hash_depth=>0, :method_arg=>true}))) :confirmed)
  (send
    (begin
      (send
        (hole 0 {:hash_depth=>0, :limit_depth=>true, :recv=>true}) :-
        (hole 0 {:hash_depth=>0, :method_arg=>true}))) :expired=
    (hole 0 {:hash_depth=>0, :method_arg=>true}))
  (send
    (begin
      (send
        (hole 0 {:hash_depth=>0, :limit_depth=>true, :recv=>true}) :-
        (hole 0 {:hash_depth=>0, :method_arg=>true}))) :expired)
  (send
    (begin
      (send
        (hole 0 {:hash_depth=>0, :limit_depth=>true, :recv=>true}) :-
        (hole 0 {:hash_depth=>0, :method_arg=>true}))) :discoverable=
    (hole 0 {:hash_depth=>0, :method_arg=>true}))
  (send
    (begin
      (send
        (hole 0 {:hash_depth=>0, :limit_depth=>true, :recv=>true}) :-
        (hole 0 {:hash_depth=>0, :method_arg=>true}))) :discoverable)
  (send
    (begin
      (send
        (hole 0 {:hash_depth=>0, :limit_depth=>true, :recv=>true}) :-
        (hole 0 {:hash_depth=>0, :method_arg=>true}))) :scheduled_check=
    (hole 0 {:hash_depth=>0, :method_arg=>true}))
  (send
    (begin
      (send
        (hole 0 {:hash_depth=>0, :limit_depth=>true, :recv=>true}) :-
        (hole 0 {:hash_depth=>0, :method_arg=>true}))) :scheduled_check)
  (send
    (begin
      (send
        (hole 0 {:hash_depth=>0, :limit_depth=>true, :recv=>true}) :-
        (hole 0 {:hash_depth=>0, :method_arg=>true}))) :otp_required_for_login=
    (hole 0 {:hash_depth=>0, :method_arg=>true}))
  (send
    (begin
      (send
        (hole 0 {:hash_depth=>0, :limit_depth=>true, :recv=>true}) :-
        (hole 0 {:hash_depth=>0, :method_arg=>true}))) :otp_required_for_login)
  (send
    (begin
      (send
        (hole 0 {:hash_depth=>0, :limit_depth=>true, :recv=>true}) :-
        (hole 0 {:hash_depth=>0, :method_arg=>true}))) :admin=
    (hole 0 {:hash_depth=>0, :method_arg=>true}))
  (send
    (begin
      (send
        (hole 0 {:hash_depth=>0, :limit_depth=>true, :recv=>true}) :-
        (hole 0 {:hash_depth=>0, :method_arg=>true}))) :admin)
  (send
    (begin
      (send
        (hole 0 {:hash_depth=>0, :limit_depth=>true, :recv=>true}) :-
        (hole 0 {:hash_depth=>0, :method_arg=>true}))) :staged=
    (hole 0 {:hash_depth=>0, :method_arg=>true}))
  (send
    (begin
      (send
        (hole 0 {:hash_depth=>0, :limit_depth=>true, :recv=>true}) :-
        (hole 0 {:hash_depth=>0, :method_arg=>true}))) :staged)
  (send
    (begin
      (send
        (hole 0 {:hash_depth=>0, :limit_depth=>true, :recv=>true}) :-
        (hole 0 {:hash_depth=>0, :method_arg=>true}))) :active=
    (hole 0 {:hash_depth=>0, :method_arg=>true}))
  (send
    (begin
      (send
        (hole 0 {:hash_depth=>0, :limit_depth=>true, :recv=>true}) :-
        (hole 0 {:hash_depth=>0, :method_arg=>true}))) :active)
  (send
    (begin
      (send
        (hole 0 {:hash_depth=>0, :limit_depth=>true, :recv=>true}) :-
        (hole 0 {:hash_depth=>0, :method_arg=>true}))) :primary=
    (hole 0 {:hash_depth=>0, :method_arg=>true}))
  (send
    (begin
      (send
        (hole 0 {:hash_depth=>0, :limit_depth=>true, :recv=>true}) :-
        (hole 0 {:hash_depth=>0, :method_arg=>true}))) :primary)
  (send
    (begin
      (send
        (hole 0 {:hash_depth=>0, :limit_depth=>true, :recv=>true}) :-
        (hole 0 {:hash_depth=>0, :method_arg=>true}))) :moderator=
    (hole 0 {:hash_depth=>0, :method_arg=>true}))
  (send
    (begin
      (send
        (hole 0 {:hash_depth=>0, :limit_depth=>true, :recv=>true}) :-
        (hole 0 {:hash_depth=>0, :method_arg=>true}))) :moderator)
  (begin
    (send
      (begin
        (send
          (hole 0 {:hash_depth=>0, :limit_depth=>true, :recv=>true}) :-
          (hole 0 {:hash_depth=>0, :method_arg=>true}))) :-
      (hole 0 {:hash_depth=>0, :method_arg=>true})))
  (begin
    (send
      (begin
        (send
          (hole 0 {:hash_depth=>0, :limit_depth=>true, :recv=>true}) :-
          (hole 0 {:hash_depth=>0, :method_arg=>true}))) :-
      (hole 0 {:hash_depth=>0, :method_arg=>true})))
  (begin
    (send
      (begin
        (send
          (hole 0 {:hash_depth=>0, :limit_depth=>true, :recv=>true}) :-
          (hole 0 {:hash_depth=>0, :method_arg=>true}))) :-
      (hole 0 {:hash_depth=>0, :method_arg=>true})))
  (begin
    (send
      (begin
        (send
          (hole 0 {:hash_depth=>0, :limit_depth=>true, :recv=>true}) :-
          (hole 0 {:hash_depth=>0, :method_arg=>true}))) :save))
  (begin
    (send
      (begin
        (send
          (hole 0 {:hash_depth=>0, :limit_depth=>true, :recv=>true}) :save)) :count))
  (begin
    (send
      (begin
        (send
          (hole 0 {:hash_depth=>0, :limit_depth=>true, :recv=>true}) :save)) :-
      (hole 0 {:hash_depth=>0, :method_arg=>true})))
  (begin
    (send
      (begin
        (send
          (hole 0 {:hash_depth=>0, :limit_depth=>true, :recv=>true}) :save)) :save))
  (send
    (begin
      (send
        (hole 0 {:hash_depth=>0, :limit_depth=>true, :recv=>true}) :count)) :confirmed=
    (hole 0 {:hash_depth=>0, :method_arg=>true}))
  (send
    (begin
      (send
        (hole 0 {:hash_depth=>0, :limit_depth=>true, :recv=>true}) :count)) :confirmed)
  (send
    (begin
      (send
        (hole 0 {:hash_depth=>0, :limit_depth=>true, :recv=>true}) :count)) :expired=
    (hole 0 {:hash_depth=>0, :method_arg=>true}))
  (send
    (begin
      (send
        (hole 0 {:hash_depth=>0, :limit_depth=>true, :recv=>true}) :count)) :expired)
  (send
    (begin
      (send
        (hole 0 {:hash_depth=>0, :limit_depth=>true, :recv=>true}) :count)) :discoverable=
    (hole 0 {:hash_depth=>0, :method_arg=>true}))
  (send
    (begin
      (send
        (hole 0 {:hash_depth=>0, :limit_depth=>true, :recv=>true}) :count)) :discoverable)
  (send
    (begin
      (send
        (hole 0 {:hash_depth=>0, :limit_depth=>true, :recv=>true}) :count)) :scheduled_check=
    (hole 0 {:hash_depth=>0, :method_arg=>true}))
  (send
    (begin
      (send
        (hole 0 {:hash_depth=>0, :limit_depth=>true, :recv=>true}) :count)) :scheduled_check)
  (send
    (begin
      (send
        (hole 0 {:hash_depth=>0, :limit_depth=>true, :recv=>true}) :count)) :otp_required_for_login=
    (hole 0 {:hash_depth=>0, :method_arg=>true}))
  (send
    (begin
      (send
        (hole 0 {:hash_depth=>0, :limit_depth=>true, :recv=>true}) :count)) :otp_required_for_login)
  (send
    (begin
      (send
        (hole 0 {:hash_depth=>0, :limit_depth=>true, :recv=>true}) :count)) :admin=
    (hole 0 {:hash_depth=>0, :method_arg=>true}))
  (send
    (begin
      (send
        (hole 0 {:hash_depth=>0, :limit_depth=>true, :recv=>true}) :count)) :admin)
  (send
    (begin
      (send
        (hole 0 {:hash_depth=>0, :limit_depth=>true, :recv=>true}) :count)) :staged=
    (hole 0 {:hash_depth=>0, :method_arg=>true}))
  (send
    (begin
      (send
        (hole 0 {:hash_depth=>0, :limit_depth=>true, :recv=>true}) :count)) :staged)
  (send
    (begin
      (send
        (hole 0 {:hash_depth=>0, :limit_depth=>true, :recv=>true}) :count)) :active=
    (hole 0 {:hash_depth=>0, :method_arg=>true}))
  (send
    (begin
      (send
        (hole 0 {:hash_depth=>0, :limit_depth=>true, :recv=>true}) :count)) :active)
  (send
    (begin
      (send
        (hole 0 {:hash_depth=>0, :limit_depth=>true, :recv=>true}) :count)) :primary=
    (hole 0 {:hash_depth=>0, :method_arg=>true}))
  (send
    (begin
      (send
        (hole 0 {:hash_depth=>0, :limit_depth=>true, :recv=>true}) :count)) :primary)
  (send
    (begin
      (send
        (hole 0 {:hash_depth=>0, :limit_depth=>true, :recv=>true}) :count)) :moderator=
    (hole 0 {:hash_depth=>0, :method_arg=>true}))
  (send
    (begin
      (send
        (hole 0 {:hash_depth=>0, :limit_depth=>true, :recv=>true}) :count)) :moderator)
  (begin
    (send
      (begin
        (send
          (hole 0 {:hash_depth=>0, :limit_depth=>true, :recv=>true}) :count)) :-
      (hole 0 {:hash_depth=>0, :method_arg=>true})))
  (begin
    (send
      (begin
        (send
          (hole 0 {:hash_depth=>0, :limit_depth=>true, :recv=>true}) :count)) :-
      (hole 0 {:hash_depth=>0, :method_arg=>true})))
  (begin
    (send
      (begin
        (send
          (hole 0 {:hash_depth=>0, :limit_depth=>true, :recv=>true}) :count)) :-
      (hole 0 {:hash_depth=>0, :method_arg=>true})))
  (begin
    (send
      (begin
        (send
          (hole 0 {:hash_depth=>0, :limit_depth=>true, :recv=>true}) :count)) :save))
  (send
    (begin
      (send
        (hole 0 {:hash_depth=>0, :limit_depth=>true, :recv=>true}) :-
        (hole 0 {:hash_depth=>0, :method_arg=>true}))) :confirmed=
    (hole 0 {:hash_depth=>0, :method_arg=>true}))
  (send
    (begin
      (send
        (hole 0 {:hash_depth=>0, :limit_depth=>true, :recv=>true}) :-
        (hole 0 {:hash_depth=>0, :method_arg=>true}))) :confirmed)
  (send
    (begin
      (send
        (hole 0 {:hash_depth=>0, :limit_depth=>true, :recv=>true}) :-
        (hole 0 {:hash_depth=>0, :method_arg=>true}))) :expired=
    (hole 0 {:hash_depth=>0, :method_arg=>true}))
  (send
    (begin
      (send
        (hole 0 {:hash_depth=>0, :limit_depth=>true, :recv=>true}) :-
        (hole 0 {:hash_depth=>0, :method_arg=>true}))) :expired)
  (send
    (begin
      (send
        (hole 0 {:hash_depth=>0, :limit_depth=>true, :recv=>true}) :-
        (hole 0 {:hash_depth=>0, :method_arg=>true}))) :discoverable=
    (hole 0 {:hash_depth=>0, :method_arg=>true}))
  (send
    (begin
      (send
        (hole 0 {:hash_depth=>0, :limit_depth=>true, :recv=>true}) :-
        (hole 0 {:hash_depth=>0, :method_arg=>true}))) :discoverable)
  (send
    (begin
      (send
        (hole 0 {:hash_depth=>0, :limit_depth=>true, :recv=>true}) :-
        (hole 0 {:hash_depth=>0, :method_arg=>true}))) :scheduled_check=
    (hole 0 {:hash_depth=>0, :method_arg=>true}))
  (send
    (begin
      (send
        (hole 0 {:hash_depth=>0, :limit_depth=>true, :recv=>true}) :-
        (hole 0 {:hash_depth=>0, :method_arg=>true}))) :scheduled_check)
  (send
    (begin
      (send
        (hole 0 {:hash_depth=>0, :limit_depth=>true, :recv=>true}) :-
        (hole 0 {:hash_depth=>0, :method_arg=>true}))) :otp_required_for_login=
    (hole 0 {:hash_depth=>0, :method_arg=>true}))
  (send
    (begin
      (send
        (hole 0 {:hash_depth=>0, :limit_depth=>true, :recv=>true}) :-
        (hole 0 {:hash_depth=>0, :method_arg=>true}))) :otp_required_for_login)
  (send
    (begin
      (send
        (hole 0 {:hash_depth=>0, :limit_depth=>true, :recv=>true}) :-
        (hole 0 {:hash_depth=>0, :method_arg=>true}))) :admin=
    (hole 0 {:hash_depth=>0, :method_arg=>true}))
  (send
    (begin
      (send
        (hole 0 {:hash_depth=>0, :limit_depth=>true, :recv=>true}) :-
        (hole 0 {:hash_depth=>0, :method_arg=>true}))) :admin)
  (send
    (begin
      (send
        (hole 0 {:hash_depth=>0, :limit_depth=>true, :recv=>true}) :-
        (hole 0 {:hash_depth=>0, :method_arg=>true}))) :staged=
    (hole 0 {:hash_depth=>0, :method_arg=>true}))
  (send
    (begin
      (send
        (hole 0 {:hash_depth=>0, :limit_depth=>true, :recv=>true}) :-
        (hole 0 {:hash_depth=>0, :method_arg=>true}))) :staged)
  (send
    (begin
      (send
        (hole 0 {:hash_depth=>0, :limit_depth=>true, :recv=>true}) :-
        (hole 0 {:hash_depth=>0, :method_arg=>true}))) :active=
    (hole 0 {:hash_depth=>0, :method_arg=>true}))
  (send
    (begin
      (send
        (hole 0 {:hash_depth=>0, :limit_depth=>true, :recv=>true}) :-
        (hole 0 {:hash_depth=>0, :method_arg=>true}))) :active)
  (send
    (begin
      (send
        (hole 0 {:hash_depth=>0, :limit_depth=>true, :recv=>true}) :-
        (hole 0 {:hash_depth=>0, :method_arg=>true}))) :primary=
    (hole 0 {:hash_depth=>0, :method_arg=>true}))
  (send
    (begin
      (send
        (hole 0 {:hash_depth=>0, :limit_depth=>true, :recv=>true}) :-
        (hole 0 {:hash_depth=>0, :method_arg=>true}))) :primary)
  (send
    (begin
      (send
        (hole 0 {:hash_depth=>0, :limit_depth=>true, :recv=>true}) :-
        (hole 0 {:hash_depth=>0, :method_arg=>true}))) :moderator=
    (hole 0 {:hash_depth=>0, :method_arg=>true}))
  (send
    (begin
      (send
        (hole 0 {:hash_depth=>0, :limit_depth=>true, :recv=>true}) :-
        (hole 0 {:hash_depth=>0, :method_arg=>true}))) :moderator)
  (begin
    (send
      (begin
        (send
          (hole 0 {:hash_depth=>0, :limit_depth=>true, :recv=>true}) :-
          (hole 0 {:hash_depth=>0, :method_arg=>true}))) :-
      (hole 0 {:hash_depth=>0, :method_arg=>true})))
  (begin
    (send
      (begin
        (send
          (hole 0 {:hash_depth=>0, :limit_depth=>true, :recv=>true}) :-
          (hole 0 {:hash_depth=>0, :method_arg=>true}))) :-
      (hole 0 {:hash_depth=>0, :method_arg=>true})))
  (begin
    (send
      (begin
        (send
          (hole 0 {:hash_depth=>0, :limit_depth=>true, :recv=>true}) :-
          (hole 0 {:hash_depth=>0, :method_arg=>true}))) :-
      (hole 0 {:hash_depth=>0, :method_arg=>true})))
  (begin
    (send
      (begin
        (send
          (hole 0 {:hash_depth=>0, :limit_depth=>true, :recv=>true}) :-
          (hole 0 {:hash_depth=>0, :method_arg=>true}))) :save))
  (begin
    (send
      (begin
        (send
          (hole 0 {:hash_depth=>0, :limit_depth=>true, :recv=>true}) :save)) :count))
  (begin
    (send
      (begin
        (send
          (hole 0 {:hash_depth=>0, :limit_depth=>true, :recv=>true}) :save)) :-
      (hole 0 {:hash_depth=>0, :method_arg=>true})))
  (begin
    (send
      (begin
        (send
          (hole 0 {:hash_depth=>0, :limit_depth=>true, :recv=>true}) :save)) :save))
  (hole 3 {:hash_depth=>0, :method_arg=>false, :variance=>:+}) {:method_arg=>false})
BASETYPE: true or false
SIZE WORK_LIST: 0
SIZE generated: 62
EVALUABLE#: 0

-------------------------

----------------
TTYPES
true or false
true or false
true or false

PROGS

LOCAL_COUNT: 5
GLOBAL_COUNT: 159

BASE_AFTER:
(send
  (begin
    (send
      (filled-hole
        (lvar InvitationCode(id: integer, token: string, diaspora_user_id: integer, count: integer)) {:method_arg=>false}) :count)) :confirmed=
  (filled-hole
    (true)
    (false)
    (hole 1 {:hash_depth=>0, :method_arg=>true, :variance=>:+}) {:method_arg=>true}))
BASETYPE: true or false
SIZE WORK_LIST: 61
SIZE generated: 3
EVALUABLE#: 2

-------------------------

----------------
TTYPES
true or false

PROGS

LOCAL_COUNT: 6
GLOBAL_COUNT: 160

BASE_AFTER:
(send
  (begin
    (send
      (filled-hole
        (lvar InvitationCode(id: integer, token: string, diaspora_user_id: integer, count: integer)) {:method_arg=>false}) :count)) :confirmed)
BASETYPE: true or false
SIZE WORK_LIST: 61
SIZE generated: 1
EVALUABLE#: 1

-------------------------

----------------
TTYPES
true or false
true or false
true or false

PROGS

LOCAL_COUNT: 7
GLOBAL_COUNT: 161

BASE_AFTER:
(send
  (begin
    (send
      (filled-hole
        (lvar InvitationCode(id: integer, token: string, diaspora_user_id: integer, count: integer)) {:method_arg=>false}) :count)) :expired=
  (filled-hole
    (true)
    (false)
    (hole 1 {:hash_depth=>0, :method_arg=>true, :variance=>:+}) {:method_arg=>true}))
BASETYPE: true or false
SIZE WORK_LIST: 60
SIZE generated: 3
EVALUABLE#: 2

-------------------------

----------------
TTYPES
true or false

PROGS

LOCAL_COUNT: 8
GLOBAL_COUNT: 162

BASE_AFTER:
(send
  (begin
    (send
      (filled-hole
        (lvar InvitationCode(id: integer, token: string, diaspora_user_id: integer, count: integer)) {:method_arg=>false}) :count)) :expired)
BASETYPE: true or false
SIZE WORK_LIST: 60
SIZE generated: 1
EVALUABLE#: 1

-------------------------

----------------
TTYPES
true or false
true or false
true or false

PROGS

LOCAL_COUNT: 9
GLOBAL_COUNT: 163

BASE_AFTER:
(send
  (begin
    (send
      (filled-hole
        (lvar InvitationCode(id: integer, token: string, diaspora_user_id: integer, count: integer)) {:method_arg=>false}) :count)) :discoverable=
  (filled-hole
    (true)
    (false)
    (hole 1 {:hash_depth=>0, :method_arg=>true, :variance=>:+}) {:method_arg=>true}))
BASETYPE: true or false
SIZE WORK_LIST: 59
SIZE generated: 3
EVALUABLE#: 2

-------------------------

----------------
TTYPES
true or false

PROGS

LOCAL_COUNT: 10
GLOBAL_COUNT: 164

BASE_AFTER:
(send
  (begin
    (send
      (filled-hole
        (lvar InvitationCode(id: integer, token: string, diaspora_user_id: integer, count: integer)) {:method_arg=>false}) :count)) :discoverable)
BASETYPE: true or false
SIZE WORK_LIST: 59
SIZE generated: 1
EVALUABLE#: 1

-------------------------

----------------
TTYPES
true or false
true or false
true or false

PROGS

LOCAL_COUNT: 11
GLOBAL_COUNT: 165

BASE_AFTER:
(send
  (begin
    (send
      (filled-hole
        (lvar InvitationCode(id: integer, token: string, diaspora_user_id: integer, count: integer)) {:method_arg=>false}) :count)) :scheduled_check=
  (filled-hole
    (true)
    (false)
    (hole 1 {:hash_depth=>0, :method_arg=>true, :variance=>:+}) {:method_arg=>true}))
BASETYPE: true or false
SIZE WORK_LIST: 58
SIZE generated: 3
EVALUABLE#: 2

-------------------------

----------------
TTYPES
true or false

PROGS

LOCAL_COUNT: 12
GLOBAL_COUNT: 166

BASE_AFTER:
(send
  (begin
    (send
      (filled-hole
        (lvar InvitationCode(id: integer, token: string, diaspora_user_id: integer, count: integer)) {:method_arg=>false}) :count)) :scheduled_check)
BASETYPE: true or false
SIZE WORK_LIST: 58
SIZE generated: 1
EVALUABLE#: 1

-------------------------

----------------
TTYPES
true or false
true or false
true or false

PROGS

LOCAL_COUNT: 13
GLOBAL_COUNT: 167

BASE_AFTER:
(send
  (begin
    (send
      (filled-hole
        (lvar InvitationCode(id: integer, token: string, diaspora_user_id: integer, count: integer)) {:method_arg=>false}) :count)) :otp_required_for_login=
  (filled-hole
    (true)
    (false)
    (hole 1 {:hash_depth=>0, :method_arg=>true, :variance=>:+}) {:method_arg=>true}))
BASETYPE: true or false
SIZE WORK_LIST: 57
SIZE generated: 3
EVALUABLE#: 2

-------------------------

----------------
TTYPES
true or false

PROGS

LOCAL_COUNT: 14
GLOBAL_COUNT: 168

BASE_AFTER:
(send
  (begin
    (send
      (filled-hole
        (lvar InvitationCode(id: integer, token: string, diaspora_user_id: integer, count: integer)) {:method_arg=>false}) :count)) :otp_required_for_login)
BASETYPE: true or false
SIZE WORK_LIST: 57
SIZE generated: 1
EVALUABLE#: 1

-------------------------

----------------
TTYPES
true or false
true or false
true or false

PROGS

LOCAL_COUNT: 15
GLOBAL_COUNT: 169

BASE_AFTER:
(send
  (begin
    (send
      (filled-hole
        (lvar InvitationCode(id: integer, token: string, diaspora_user_id: integer, count: integer)) {:method_arg=>false}) :count)) :admin=
  (filled-hole
    (true)
    (false)
    (hole 1 {:hash_depth=>0, :method_arg=>true, :variance=>:+}) {:method_arg=>true}))
BASETYPE: true or false
SIZE WORK_LIST: 56
SIZE generated: 3
EVALUABLE#: 2

-------------------------

----------------
TTYPES
true or false

PROGS

LOCAL_COUNT: 16
GLOBAL_COUNT: 170

BASE_AFTER:
(send
  (begin
    (send
      (filled-hole
        (lvar InvitationCode(id: integer, token: string, diaspora_user_id: integer, count: integer)) {:method_arg=>false}) :count)) :admin)
BASETYPE: true or false
SIZE WORK_LIST: 56
SIZE generated: 1
EVALUABLE#: 1

-------------------------

----------------
TTYPES
true or false
true or false
true or false

PROGS

LOCAL_COUNT: 17
GLOBAL_COUNT: 171

BASE_AFTER:
(send
  (begin
    (send
      (filled-hole
        (lvar InvitationCode(id: integer, token: string, diaspora_user_id: integer, count: integer)) {:method_arg=>false}) :count)) :staged=
  (filled-hole
    (true)
    (false)
    (hole 1 {:hash_depth=>0, :method_arg=>true, :variance=>:+}) {:method_arg=>true}))
BASETYPE: true or false
SIZE WORK_LIST: 55
SIZE generated: 3
EVALUABLE#: 2

-------------------------

----------------
TTYPES
true or false

PROGS

LOCAL_COUNT: 18
GLOBAL_COUNT: 172

BASE_AFTER:
(send
  (begin
    (send
      (filled-hole
        (lvar InvitationCode(id: integer, token: string, diaspora_user_id: integer, count: integer)) {:method_arg=>false}) :count)) :staged)
BASETYPE: true or false
SIZE WORK_LIST: 55
SIZE generated: 1
EVALUABLE#: 1

-------------------------

----------------
TTYPES
true or false
true or false
true or false

PROGS

LOCAL_COUNT: 19
GLOBAL_COUNT: 173

BASE_AFTER:
(send
  (begin
    (send
      (filled-hole
        (lvar InvitationCode(id: integer, token: string, diaspora_user_id: integer, count: integer)) {:method_arg=>false}) :count)) :active=
  (filled-hole
    (true)
    (false)
    (hole 1 {:hash_depth=>0, :method_arg=>true, :variance=>:+}) {:method_arg=>true}))
BASETYPE: true or false
SIZE WORK_LIST: 54
SIZE generated: 3
EVALUABLE#: 2

-------------------------

----------------
TTYPES
true or false

PROGS

LOCAL_COUNT: 20
GLOBAL_COUNT: 174

BASE_AFTER:
(send
  (begin
    (send
      (filled-hole
        (lvar InvitationCode(id: integer, token: string, diaspora_user_id: integer, count: integer)) {:method_arg=>false}) :count)) :active)
BASETYPE: true or false
SIZE WORK_LIST: 54
SIZE generated: 1
EVALUABLE#: 1

-------------------------

----------------
TTYPES
true or false
true or false
true or false

PROGS

LOCAL_COUNT: 21
GLOBAL_COUNT: 175

BASE_AFTER:
(send
  (begin
    (send
      (filled-hole
        (lvar InvitationCode(id: integer, token: string, diaspora_user_id: integer, count: integer)) {:method_arg=>false}) :count)) :primary=
  (filled-hole
    (true)
    (false)
    (hole 1 {:hash_depth=>0, :method_arg=>true, :variance=>:+}) {:method_arg=>true}))
BASETYPE: true or false
SIZE WORK_LIST: 53
SIZE generated: 3
EVALUABLE#: 2

-------------------------

----------------
TTYPES
true or false

PROGS

LOCAL_COUNT: 22
GLOBAL_COUNT: 176

BASE_AFTER:
(send
  (begin
    (send
      (filled-hole
        (lvar InvitationCode(id: integer, token: string, diaspora_user_id: integer, count: integer)) {:method_arg=>false}) :count)) :primary)
BASETYPE: true or false
SIZE WORK_LIST: 53
SIZE generated: 1
EVALUABLE#: 1

-------------------------

----------------
TTYPES
true or false
true or false
true or false

PROGS

LOCAL_COUNT: 23
GLOBAL_COUNT: 177

BASE_AFTER:
(send
  (begin
    (send
      (filled-hole
        (lvar InvitationCode(id: integer, token: string, diaspora_user_id: integer, count: integer)) {:method_arg=>false}) :count)) :moderator=
  (filled-hole
    (true)
    (false)
    (hole 1 {:hash_depth=>0, :method_arg=>true, :variance=>:+}) {:method_arg=>true}))
BASETYPE: true or false
SIZE WORK_LIST: 52
SIZE generated: 3
EVALUABLE#: 2

-------------------------

----------------
TTYPES
true or false

PROGS

LOCAL_COUNT: 24
GLOBAL_COUNT: 178

BASE_AFTER:
(send
  (begin
    (send
      (filled-hole
        (lvar InvitationCode(id: integer, token: string, diaspora_user_id: integer, count: integer)) {:method_arg=>false}) :count)) :moderator)
BASETYPE: true or false
SIZE WORK_LIST: 52
SIZE generated: 1
EVALUABLE#: 1

-------------------------

----------------
TTYPES
Integer
Integer
Integer
Integer

PROGS

LOCAL_COUNT: 25
GLOBAL_COUNT: 179

BASE_AFTER:
(begin
  (send
    (begin
      (send
        (filled-hole
          (lvar InvitationCode(id: integer, token: string, diaspora_user_id: integer, count: integer)) {:method_arg=>false}) :count)) :-
    (filled-hole
      (int 0)
      (int 1)
      (int 2)
      (hole 1 {:hash_depth=>0, :method_arg=>true, :variance=>:+}) {:method_arg=>true})))
BASETYPE: Integer
SIZE WORK_LIST: 51
SIZE generated: 4
EVALUABLE#: 3

-------------------------

----------------
TTYPES
Integer
Integer
Integer
Integer
Integer
Integer
Integer
Integer
Integer
Integer
Integer
Integer
Integer
Integer
Integer
Integer

PROGS

LOCAL_COUNT: 26
GLOBAL_COUNT: 180

BASE_AFTER:
(begin
  (send
    (send
      (filled-hole
        (lvar :arg0) {:method_arg=>false}) :id=
      (filled-hole
        (int 0)
        (int 1)
        (int 2)
        (hole 1 {:hash_depth=>0, :method_arg=>true, :variance=>:+}) {:method_arg=>true})) :-
    (filled-hole
      (int 0)
      (int 1)
      (int 2)
      (hole 1 {:hash_depth=>0, :method_arg=>true, :variance=>:+}) {:method_arg=>true})))
BASETYPE: Integer
SIZE WORK_LIST: 51
SIZE generated: 16
EVALUABLE#: 9

-------------------------

----------------
TTYPES
true or false
true or false
true or false
true or false

PROGS

LOCAL_COUNT: 27
GLOBAL_COUNT: 181

BASE_AFTER:
(begin
  (send
    (send
      (filled-hole
        (lvar :arg0) {:method_arg=>false}) :id=
      (filled-hole
        (int 0)
        (int 1)
        (int 2)
        (hole 1 {:hash_depth=>0, :method_arg=>true, :variance=>:+}) {:method_arg=>true})) :save))
BASETYPE: true or false
SIZE WORK_LIST: 57
SIZE generated: 4
EVALUABLE#: 3

-------------------------

----------------
TTYPES
Integer
Integer
Integer
Integer

PROGS

LOCAL_COUNT: 28
GLOBAL_COUNT: 182

BASE_AFTER:
(begin
  (send
    (send
      (filled-hole
        (lvar :arg0) {:method_arg=>false}) :id) :-
    (filled-hole
      (int 0)
      (int 1)
      (int 2)
      (hole 1 {:hash_depth=>0, :method_arg=>true, :variance=>:+}) {:method_arg=>true})))
BASETYPE: Integer
SIZE WORK_LIST: 57
SIZE generated: 4
EVALUABLE#: 3

-------------------------

----------------
TTYPES
true or false
true or false

PROGS

LOCAL_COUNT: 29
GLOBAL_COUNT: 183

BASE_AFTER:
(begin
  (send
    (send
      (filled-hole
        (lvar :arg0) {:method_arg=>false}) :token=
      (filled-hole
        (str "")
        (hole 1 {:hash_depth=>0, :method_arg=>true, :variance=>:+}) {:method_arg=>true})) :save))
BASETYPE: true or false
SIZE WORK_LIST: 57
SIZE generated: 2
EVALUABLE#: 1

-------------------------

----------------
TTYPES
Integer
Integer
Integer
Integer
Integer
Integer
Integer
Integer
Integer
Integer
Integer
Integer
Integer
Integer
Integer
Integer

PROGS

LOCAL_COUNT: 30
GLOBAL_COUNT: 184

BASE_AFTER:
(begin
  (send
    (send
      (filled-hole
        (lvar :arg0) {:method_arg=>false}) :diaspora_user_id=
      (filled-hole
        (int 0)
        (int 1)
        (int 2)
        (hole 1 {:hash_depth=>0, :method_arg=>true, :variance=>:+}) {:method_arg=>true})) :-
    (filled-hole
      (int 0)
      (int 1)
      (int 2)
      (hole 1 {:hash_depth=>0, :method_arg=>true, :variance=>:+}) {:method_arg=>true})))
BASETYPE: Integer
SIZE WORK_LIST: 57
SIZE generated: 16
EVALUABLE#: 9

-------------------------

----------------
TTYPES
Integer
Integer
Integer
Integer

PROGS

LOCAL_COUNT: 31
GLOBAL_COUNT: 185

BASE_AFTER:
(begin
  (send
    (send
      (filled-hole
        (lvar :arg0) {:method_arg=>false}) :diaspora_user_id) :-
    (filled-hole
      (int 0)
      (int 1)
      (int 2)
      (hole 1 {:hash_depth=>0, :method_arg=>true, :variance=>:+}) {:method_arg=>true})))
BASETYPE: Integer
SIZE WORK_LIST: 63
SIZE generated: 4
EVALUABLE#: 3

-------------------------

----------------
TTYPES
Integer
Integer
Integer
Integer
Integer
Integer
Integer
Integer
Integer
Integer
Integer
Integer
Integer
Integer
Integer
Integer

PROGS

LOCAL_COUNT: 32
GLOBAL_COUNT: 186

BASE_AFTER:
(begin
  (send
    (send
      (filled-hole
        (lvar :arg0) {:method_arg=>false}) :count=
      (filled-hole
        (int 0)
        (int 1)
        (int 2)
        (hole 1 {:hash_depth=>0, :method_arg=>true, :variance=>:+}) {:method_arg=>true})) :-
    (filled-hole
      (int 0)
      (int 1)
      (int 2)
      (hole 1 {:hash_depth=>0, :method_arg=>true, :variance=>:+}) {:method_arg=>true})))
BASETYPE: Integer
SIZE WORK_LIST: 63
SIZE generated: 16
EVALUABLE#: 9

-------------------------

----------------
TTYPES
Integer
Integer
Integer
Integer

PROGS

LOCAL_COUNT: 33
GLOBAL_COUNT: 187

BASE_AFTER:
(begin
  (send
    (begin
      (send
        (filled-hole
          (lvar :arg0) {:method_arg=>false}) :count)) :-
    (filled-hole
      (int 0)
      (int 1)
      (int 2)
      (hole 1 {:hash_depth=>0, :method_arg=>true, :variance=>:+}) {:method_arg=>true})))
BASETYPE: Integer
SIZE WORK_LIST: 69
SIZE generated: 4
EVALUABLE#: 3

-------------------------

----------------
TTYPES
true or false

PROGS

LOCAL_COUNT: 34
GLOBAL_COUNT: 188

BASE_AFTER:
(begin
  (send
    (send
      (filled-hole
        (lvar :arg0) {:method_arg=>false}) :diaspora_user) :save))
BASETYPE: true or false
SIZE WORK_LIST: 69
SIZE generated: 1
EVALUABLE#: 1

-------------------------

----------------
TTYPES
true or false

PROGS

LOCAL_COUNT: 35
GLOBAL_COUNT: 189

BASE_AFTER:
(begin
  (send
    (send
      (filled-hole
        (lvar :arg0) {:method_arg=>false}) :diaspora_user=
      (filled-hole
        (hole 1 {:hash_depth=>0, :method_arg=>true, :variance=>:+}) {:method_arg=>true})) :save))
BASETYPE: true or false
SIZE WORK_LIST: 68
SIZE generated: 1
EVALUABLE#: 0

-------------------------

----------------
TTYPES
true or false
true or false
true or false
true or false

PROGS

LOCAL_COUNT: 36
GLOBAL_COUNT: 190

BASE_AFTER:
(send
  (begin
    (send
      (lvar InvitationCode(id: integer, token: string, diaspora_user_id: integer, count: integer)) :count)) :confirmed=
  (filled-hole
    (begin
      (send
        (hole 0 {:hash_depth=>0, :limit_depth=>true, :recv=>true}) :-
        (hole 0 {:hash_depth=>0, :method_arg=>true})))
    (begin
      (send
        (hole 0 {:hash_depth=>0, :limit_depth=>true, :recv=>true}) :save))
    (begin
      (send
        (hole 0 {:hash_depth=>0, :limit_depth=>true, :recv=>true}) :count))
    (begin
      (send
        (hole 0 {:hash_depth=>0, :limit_depth=>true, :recv=>true}) :-
        (hole 0 {:hash_depth=>0, :method_arg=>true})))
    (begin
      (send
        (hole 0 {:hash_depth=>0, :limit_depth=>true, :recv=>true}) :save))
    (hole 2 {:hash_depth=>0, :method_arg=>true, :variance=>:+}) {:method_arg=>true}))
BASETYPE: true or false
SIZE WORK_LIST: 68
SIZE generated: 4
EVALUABLE#: 0

-------------------------

----------------
TTYPES
true or false

PROGS

LOCAL_COUNT: 37
GLOBAL_COUNT: 191

BASE_AFTER:
(send
  (begin
    (send
      (lvar InvitationCode(id: integer, token: string, diaspora_user_id: integer, count: integer)) :count)) :confirmed=
  (begin
    (send
      (filled-hole
        (lvar InvitationCode(id: integer, token: string, diaspora_user_id: integer, count: integer)) {:method_arg=>false}) :count)))
BASETYPE: true or false
SIZE WORK_LIST: 71
SIZE generated: 1
EVALUABLE#: 1

-------------------------

----------------
TTYPES
true or false
true or false
true or false
true or false

PROGS

LOCAL_COUNT: 38
GLOBAL_COUNT: 192

BASE_AFTER:
(send
  (begin
    (send
      (lvar InvitationCode(id: integer, token: string, diaspora_user_id: integer, count: integer)) :count)) :expired=
  (filled-hole
    (begin
      (send
        (hole 0 {:hash_depth=>0, :limit_depth=>true, :recv=>true}) :-
        (hole 0 {:hash_depth=>0, :method_arg=>true})))
    (begin
      (send
        (hole 0 {:hash_depth=>0, :limit_depth=>true, :recv=>true}) :save))
    (begin
      (send
        (hole 0 {:hash_depth=>0, :limit_depth=>true, :recv=>true}) :count))
    (begin
      (send
        (hole 0 {:hash_depth=>0, :limit_depth=>true, :recv=>true}) :-
        (hole 0 {:hash_depth=>0, :method_arg=>true})))
    (begin
      (send
        (hole 0 {:hash_depth=>0, :limit_depth=>true, :recv=>true}) :save))
    (hole 2 {:hash_depth=>0, :method_arg=>true, :variance=>:+}) {:method_arg=>true}))
BASETYPE: true or false
SIZE WORK_LIST: 70
SIZE generated: 4
EVALUABLE#: 0

-------------------------

----------------
TTYPES
true or false

PROGS

LOCAL_COUNT: 39
GLOBAL_COUNT: 193

BASE_AFTER:
(send
  (begin
    (send
      (lvar InvitationCode(id: integer, token: string, diaspora_user_id: integer, count: integer)) :count)) :expired=
  (begin
    (send
      (filled-hole
        (lvar InvitationCode(id: integer, token: string, diaspora_user_id: integer, count: integer)) {:method_arg=>false}) :count)))
BASETYPE: true or false
SIZE WORK_LIST: 73
SIZE generated: 1
EVALUABLE#: 1

-------------------------

----------------
TTYPES
true or false
true or false
true or false
true or false

PROGS

LOCAL_COUNT: 40
GLOBAL_COUNT: 194

BASE_AFTER:
(send
  (begin
    (send
      (lvar InvitationCode(id: integer, token: string, diaspora_user_id: integer, count: integer)) :count)) :discoverable=
  (filled-hole
    (begin
      (send
        (hole 0 {:hash_depth=>0, :limit_depth=>true, :recv=>true}) :-
        (hole 0 {:hash_depth=>0, :method_arg=>true})))
    (begin
      (send
        (hole 0 {:hash_depth=>0, :limit_depth=>true, :recv=>true}) :save))
    (begin
      (send
        (hole 0 {:hash_depth=>0, :limit_depth=>true, :recv=>true}) :count))
    (begin
      (send
        (hole 0 {:hash_depth=>0, :limit_depth=>true, :recv=>true}) :-
        (hole 0 {:hash_depth=>0, :method_arg=>true})))
    (begin
      (send
        (hole 0 {:hash_depth=>0, :limit_depth=>true, :recv=>true}) :save))
    (hole 2 {:hash_depth=>0, :method_arg=>true, :variance=>:+}) {:method_arg=>true}))
BASETYPE: true or false
SIZE WORK_LIST: 72
SIZE generated: 4
EVALUABLE#: 0

-------------------------

----------------
TTYPES
true or false

PROGS

LOCAL_COUNT: 41
GLOBAL_COUNT: 195

BASE_AFTER:
(send
  (begin
    (send
      (lvar InvitationCode(id: integer, token: string, diaspora_user_id: integer, count: integer)) :count)) :discoverable=
  (begin
    (send
      (filled-hole
        (lvar InvitationCode(id: integer, token: string, diaspora_user_id: integer, count: integer)) {:method_arg=>false}) :count)))
BASETYPE: true or false
SIZE WORK_LIST: 75
SIZE generated: 1
EVALUABLE#: 1

-------------------------

----------------
TTYPES
true or false
true or false
true or false
true or false

PROGS

LOCAL_COUNT: 42
GLOBAL_COUNT: 196

BASE_AFTER:
(send
  (begin
    (send
      (lvar InvitationCode(id: integer, token: string, diaspora_user_id: integer, count: integer)) :count)) :scheduled_check=
  (filled-hole
    (begin
      (send
        (hole 0 {:hash_depth=>0, :limit_depth=>true, :recv=>true}) :-
        (hole 0 {:hash_depth=>0, :method_arg=>true})))
    (begin
      (send
        (hole 0 {:hash_depth=>0, :limit_depth=>true, :recv=>true}) :save))
    (begin
      (send
        (hole 0 {:hash_depth=>0, :limit_depth=>true, :recv=>true}) :count))
    (begin
      (send
        (hole 0 {:hash_depth=>0, :limit_depth=>true, :recv=>true}) :-
        (hole 0 {:hash_depth=>0, :method_arg=>true})))
    (begin
      (send
        (hole 0 {:hash_depth=>0, :limit_depth=>true, :recv=>true}) :save))
    (hole 2 {:hash_depth=>0, :method_arg=>true, :variance=>:+}) {:method_arg=>true}))
BASETYPE: true or false
SIZE WORK_LIST: 74
SIZE generated: 4
EVALUABLE#: 0

-------------------------

----------------
TTYPES
true or false

PROGS

LOCAL_COUNT: 43
GLOBAL_COUNT: 197

BASE_AFTER:
(send
  (begin
    (send
      (lvar InvitationCode(id: integer, token: string, diaspora_user_id: integer, count: integer)) :count)) :scheduled_check=
  (begin
    (send
      (filled-hole
        (lvar InvitationCode(id: integer, token: string, diaspora_user_id: integer, count: integer)) {:method_arg=>false}) :count)))
BASETYPE: true or false
SIZE WORK_LIST: 77
SIZE generated: 1
EVALUABLE#: 1

-------------------------

----------------
TTYPES
true or false
true or false
true or false
true or false

PROGS

LOCAL_COUNT: 44
GLOBAL_COUNT: 198

BASE_AFTER:
(send
  (begin
    (send
      (lvar InvitationCode(id: integer, token: string, diaspora_user_id: integer, count: integer)) :count)) :otp_required_for_login=
  (filled-hole
    (begin
      (send
        (hole 0 {:hash_depth=>0, :limit_depth=>true, :recv=>true}) :-
        (hole 0 {:hash_depth=>0, :method_arg=>true})))
    (begin
      (send
        (hole 0 {:hash_depth=>0, :limit_depth=>true, :recv=>true}) :save))
    (begin
      (send
        (hole 0 {:hash_depth=>0, :limit_depth=>true, :recv=>true}) :count))
    (begin
      (send
        (hole 0 {:hash_depth=>0, :limit_depth=>true, :recv=>true}) :-
        (hole 0 {:hash_depth=>0, :method_arg=>true})))
    (begin
      (send
        (hole 0 {:hash_depth=>0, :limit_depth=>true, :recv=>true}) :save))
    (hole 2 {:hash_depth=>0, :method_arg=>true, :variance=>:+}) {:method_arg=>true}))
BASETYPE: true or false
SIZE WORK_LIST: 76
SIZE generated: 4
EVALUABLE#: 0

-------------------------

----------------
TTYPES
true or false

PROGS

LOCAL_COUNT: 45
GLOBAL_COUNT: 199

BASE_AFTER:
(send
  (begin
    (send
      (lvar InvitationCode(id: integer, token: string, diaspora_user_id: integer, count: integer)) :count)) :otp_required_for_login=
  (begin
    (send
      (filled-hole
        (lvar InvitationCode(id: integer, token: string, diaspora_user_id: integer, count: integer)) {:method_arg=>false}) :count)))
BASETYPE: true or false
SIZE WORK_LIST: 79
SIZE generated: 1
EVALUABLE#: 1

-------------------------

----------------
TTYPES
true or false
true or false
true or false
true or false

PROGS

LOCAL_COUNT: 46
GLOBAL_COUNT: 200

BASE_AFTER:
(send
  (begin
    (send
      (lvar InvitationCode(id: integer, token: string, diaspora_user_id: integer, count: integer)) :count)) :admin=
  (filled-hole
    (begin
      (send
        (hole 0 {:hash_depth=>0, :limit_depth=>true, :recv=>true}) :-
        (hole 0 {:hash_depth=>0, :method_arg=>true})))
    (begin
      (send
        (hole 0 {:hash_depth=>0, :limit_depth=>true, :recv=>true}) :save))
    (begin
      (send
        (hole 0 {:hash_depth=>0, :limit_depth=>true, :recv=>true}) :count))
    (begin
      (send
        (hole 0 {:hash_depth=>0, :limit_depth=>true, :recv=>true}) :-
        (hole 0 {:hash_depth=>0, :method_arg=>true})))
    (begin
      (send
        (hole 0 {:hash_depth=>0, :limit_depth=>true, :recv=>true}) :save))
    (hole 2 {:hash_depth=>0, :method_arg=>true, :variance=>:+}) {:method_arg=>true}))
BASETYPE: true or false
SIZE WORK_LIST: 78
SIZE generated: 4
EVALUABLE#: 0

-------------------------

----------------
TTYPES
true or false

PROGS

LOCAL_COUNT: 47
GLOBAL_COUNT: 201

BASE_AFTER:
(send
  (begin
    (send
      (lvar InvitationCode(id: integer, token: string, diaspora_user_id: integer, count: integer)) :count)) :admin=
  (begin
    (send
      (filled-hole
        (lvar InvitationCode(id: integer, token: string, diaspora_user_id: integer, count: integer)) {:method_arg=>false}) :count)))
BASETYPE: true or false
SIZE WORK_LIST: 81
SIZE generated: 1
EVALUABLE#: 1

-------------------------

----------------
TTYPES
true or false
true or false
true or false
true or false

PROGS

LOCAL_COUNT: 48
GLOBAL_COUNT: 202

BASE_AFTER:
(send
  (begin
    (send
      (lvar InvitationCode(id: integer, token: string, diaspora_user_id: integer, count: integer)) :count)) :staged=
  (filled-hole
    (begin
      (send
        (hole 0 {:hash_depth=>0, :limit_depth=>true, :recv=>true}) :-
        (hole 0 {:hash_depth=>0, :method_arg=>true})))
    (begin
      (send
        (hole 0 {:hash_depth=>0, :limit_depth=>true, :recv=>true}) :save))
    (begin
      (send
        (hole 0 {:hash_depth=>0, :limit_depth=>true, :recv=>true}) :count))
    (begin
      (send
        (hole 0 {:hash_depth=>0, :limit_depth=>true, :recv=>true}) :-
        (hole 0 {:hash_depth=>0, :method_arg=>true})))
    (begin
      (send
        (hole 0 {:hash_depth=>0, :limit_depth=>true, :recv=>true}) :save))
    (hole 2 {:hash_depth=>0, :method_arg=>true, :variance=>:+}) {:method_arg=>true}))
BASETYPE: true or false
SIZE WORK_LIST: 80
SIZE generated: 4
EVALUABLE#: 0

-------------------------

----------------
TTYPES
true or false

PROGS

LOCAL_COUNT: 49
GLOBAL_COUNT: 203

BASE_AFTER:
(send
  (begin
    (send
      (lvar InvitationCode(id: integer, token: string, diaspora_user_id: integer, count: integer)) :count)) :staged=
  (begin
    (send
      (filled-hole
        (lvar InvitationCode(id: integer, token: string, diaspora_user_id: integer, count: integer)) {:method_arg=>false}) :count)))
BASETYPE: true or false
SIZE WORK_LIST: 83
SIZE generated: 1
EVALUABLE#: 1

-------------------------

----------------
TTYPES
true or false
true or false
true or false
true or false

PROGS

LOCAL_COUNT: 50
GLOBAL_COUNT: 204

BASE_AFTER:
(send
  (begin
    (send
      (lvar InvitationCode(id: integer, token: string, diaspora_user_id: integer, count: integer)) :count)) :active=
  (filled-hole
    (begin
      (send
        (hole 0 {:hash_depth=>0, :limit_depth=>true, :recv=>true}) :-
        (hole 0 {:hash_depth=>0, :method_arg=>true})))
    (begin
      (send
        (hole 0 {:hash_depth=>0, :limit_depth=>true, :recv=>true}) :save))
    (begin
      (send
        (hole 0 {:hash_depth=>0, :limit_depth=>true, :recv=>true}) :count))
    (begin
      (send
        (hole 0 {:hash_depth=>0, :limit_depth=>true, :recv=>true}) :-
        (hole 0 {:hash_depth=>0, :method_arg=>true})))
    (begin
      (send
        (hole 0 {:hash_depth=>0, :limit_depth=>true, :recv=>true}) :save))
    (hole 2 {:hash_depth=>0, :method_arg=>true, :variance=>:+}) {:method_arg=>true}))
BASETYPE: true or false
SIZE WORK_LIST: 82
SIZE generated: 4
EVALUABLE#: 0

-------------------------

----------------
TTYPES
true or false

PROGS

LOCAL_COUNT: 51
GLOBAL_COUNT: 205

BASE_AFTER:
(send
  (begin
    (send
      (lvar InvitationCode(id: integer, token: string, diaspora_user_id: integer, count: integer)) :count)) :active=
  (begin
    (send
      (filled-hole
        (lvar InvitationCode(id: integer, token: string, diaspora_user_id: integer, count: integer)) {:method_arg=>false}) :count)))
BASETYPE: true or false
SIZE WORK_LIST: 85
SIZE generated: 1
EVALUABLE#: 1

-------------------------

----------------
TTYPES
true or false
true or false
true or false
true or false

PROGS

LOCAL_COUNT: 52
GLOBAL_COUNT: 206

BASE_AFTER:
(send
  (begin
    (send
      (lvar InvitationCode(id: integer, token: string, diaspora_user_id: integer, count: integer)) :count)) :primary=
  (filled-hole
    (begin
      (send
        (hole 0 {:hash_depth=>0, :limit_depth=>true, :recv=>true}) :-
        (hole 0 {:hash_depth=>0, :method_arg=>true})))
    (begin
      (send
        (hole 0 {:hash_depth=>0, :limit_depth=>true, :recv=>true}) :save))
    (begin
      (send
        (hole 0 {:hash_depth=>0, :limit_depth=>true, :recv=>true}) :count))
    (begin
      (send
        (hole 0 {:hash_depth=>0, :limit_depth=>true, :recv=>true}) :-
        (hole 0 {:hash_depth=>0, :method_arg=>true})))
    (begin
      (send
        (hole 0 {:hash_depth=>0, :limit_depth=>true, :recv=>true}) :save))
    (hole 2 {:hash_depth=>0, :method_arg=>true, :variance=>:+}) {:method_arg=>true}))
BASETYPE: true or false
SIZE WORK_LIST: 84
SIZE generated: 4
EVALUABLE#: 0

-------------------------

----------------
TTYPES
true or false

PROGS

LOCAL_COUNT: 53
GLOBAL_COUNT: 207

BASE_AFTER:
(send
  (begin
    (send
      (lvar InvitationCode(id: integer, token: string, diaspora_user_id: integer, count: integer)) :count)) :primary=
  (begin
    (send
      (filled-hole
        (lvar InvitationCode(id: integer, token: string, diaspora_user_id: integer, count: integer)) {:method_arg=>false}) :count)))
BASETYPE: true or false
SIZE WORK_LIST: 87
SIZE generated: 1
EVALUABLE#: 1

-------------------------

----------------
TTYPES
true or false
true or false
true or false
true or false

PROGS

LOCAL_COUNT: 54
GLOBAL_COUNT: 208

BASE_AFTER:
(send
  (begin
    (send
      (lvar InvitationCode(id: integer, token: string, diaspora_user_id: integer, count: integer)) :count)) :moderator=
  (filled-hole
    (begin
      (send
        (hole 0 {:hash_depth=>0, :limit_depth=>true, :recv=>true}) :-
        (hole 0 {:hash_depth=>0, :method_arg=>true})))
    (begin
      (send
        (hole 0 {:hash_depth=>0, :limit_depth=>true, :recv=>true}) :save))
    (begin
      (send
        (hole 0 {:hash_depth=>0, :limit_depth=>true, :recv=>true}) :count))
    (begin
      (send
        (hole 0 {:hash_depth=>0, :limit_depth=>true, :recv=>true}) :-
        (hole 0 {:hash_depth=>0, :method_arg=>true})))
    (begin
      (send
        (hole 0 {:hash_depth=>0, :limit_depth=>true, :recv=>true}) :save))
    (hole 2 {:hash_depth=>0, :method_arg=>true, :variance=>:+}) {:method_arg=>true}))
BASETYPE: true or false
SIZE WORK_LIST: 86
SIZE generated: 4
EVALUABLE#: 0

-------------------------

----------------
TTYPES
true or false

PROGS

LOCAL_COUNT: 55
GLOBAL_COUNT: 209

BASE_AFTER:
(send
  (begin
    (send
      (lvar InvitationCode(id: integer, token: string, diaspora_user_id: integer, count: integer)) :count)) :moderator=
  (begin
    (send
      (filled-hole
        (lvar InvitationCode(id: integer, token: string, diaspora_user_id: integer, count: integer)) {:method_arg=>false}) :count)))
BASETYPE: true or false
SIZE WORK_LIST: 89
SIZE generated: 1
EVALUABLE#: 1

-------------------------

----------------
TTYPES
Integer
Integer
Integer
Integer
Integer
Integer
Integer
Integer
Integer

PROGS

LOCAL_COUNT: 56
GLOBAL_COUNT: 210

BASE_AFTER:
(begin
  (send
    (begin
      (send
        (lvar InvitationCode(id: integer, token: string, diaspora_user_id: integer, count: integer)) :count)) :-
    (filled-hole
      (send
        (hole 0 {:hash_depth=>0, :limit_depth=>true, :recv=>true}) :id=
        (hole 0 {:hash_depth=>0, :method_arg=>true}))
      (send
        (hole 0 {:hash_depth=>0, :limit_depth=>true, :recv=>true}) :id)
      (send
        (hole 0 {:hash_depth=>0, :limit_depth=>true, :recv=>true}) :diaspora_user_id=
        (hole 0 {:hash_depth=>0, :method_arg=>true}))
      (send
        (hole 0 {:hash_depth=>0, :limit_depth=>true, :recv=>true}) :diaspora_user_id)
      (send
        (hole 0 {:hash_depth=>0, :limit_depth=>true, :recv=>true}) :count=
        (hole 0 {:hash_depth=>0, :method_arg=>true}))
      (begin
        (send
          (hole 0 {:hash_depth=>0, :limit_depth=>true, :recv=>true}) :count))
      (begin
        (send
          (hole 0 {:hash_depth=>0, :limit_depth=>true, :recv=>true}) :count))
      (begin
        (send
          (hole 0 {:hash_depth=>0, :limit_depth=>true, :recv=>true}) :count))
      (begin
        (send
          (hole 0 {:hash_depth=>0, :limit_depth=>true, :recv=>true}) :-
          (hole 0 {:hash_depth=>0, :method_arg=>true})))
      (begin
        (send
          (hole 0 {:hash_depth=>0, :limit_depth=>true, :recv=>true}) :count))
      (begin
        (send
          (hole 0 {:hash_depth=>0, :limit_depth=>true, :recv=>true}) :-
          (hole 0 {:hash_depth=>0, :method_arg=>true})))
      (hole 2 {:hash_depth=>0, :method_arg=>true, :variance=>:+}) {:method_arg=>true})))
BASETYPE: Integer
SIZE WORK_LIST: 88
SIZE generated: 9
EVALUABLE#: 0

-------------------------

----------------
TTYPES
Integer

PROGS

LOCAL_COUNT: 57
GLOBAL_COUNT: 211

BASE_AFTER:
(begin
  (send
    (begin
      (send
        (lvar InvitationCode(id: integer, token: string, diaspora_user_id: integer, count: integer)) :count)) :-
    (begin
      (send
        (filled-hole
          (lvar InvitationCode(id: integer, token: string, diaspora_user_id: integer, count: integer)) {:method_arg=>false}) :count))))
BASETYPE: Integer
SIZE WORK_LIST: 96
SIZE generated: 1
EVALUABLE#: 1

-------------------------

----------------
TTYPES
Integer
Integer
Integer
Integer

PROGS

LOCAL_COUNT: 58
GLOBAL_COUNT: 212

BASE_AFTER:
(begin
  (send
    (begin
      (send
        (lvar InvitationCode(id: integer, token: string, diaspora_user_id: integer, count: integer)) :count)) :-
    (send
      (filled-hole
        (lvar :arg0) {:method_arg=>false}) :id=
      (filled-hole
        (int 0)
        (int 1)
        (int 2)
        (hole 1 {:hash_depth=>0, :method_arg=>true, :variance=>:+}) {:method_arg=>true}))))
BASETYPE: Integer
SIZE WORK_LIST: 95
SIZE generated: 4
EVALUABLE#: 3

-------------------------

----------------
TTYPES
Integer

PROGS

LOCAL_COUNT: 59
GLOBAL_COUNT: 213

BASE_AFTER:
(begin
  (send
    (begin
      (send
        (lvar InvitationCode(id: integer, token: string, diaspora_user_id: integer, count: integer)) :count)) :-
    (send
      (filled-hole
        (lvar :arg0) {:method_arg=>false}) :id)))
BASETYPE: Integer
SIZE WORK_LIST: 95
SIZE generated: 1
EVALUABLE#: 1

-------------------------

----------------
TTYPES
Integer
Integer
Integer
Integer

PROGS

LOCAL_COUNT: 60
GLOBAL_COUNT: 214

BASE_AFTER:
(begin
  (send
    (begin
      (send
        (lvar InvitationCode(id: integer, token: string, diaspora_user_id: integer, count: integer)) :count)) :-
    (send
      (filled-hole
        (lvar :arg0) {:method_arg=>false}) :diaspora_user_id=
      (filled-hole
        (int 0)
        (int 1)
        (int 2)
        (hole 1 {:hash_depth=>0, :method_arg=>true, :variance=>:+}) {:method_arg=>true}))))
BASETYPE: Integer
SIZE WORK_LIST: 94
SIZE generated: 4
EVALUABLE#: 3

-------------------------

----------------
TTYPES
Integer

PROGS

LOCAL_COUNT: 61
GLOBAL_COUNT: 215

BASE_AFTER:
(begin
  (send
    (begin
      (send
        (lvar InvitationCode(id: integer, token: string, diaspora_user_id: integer, count: integer)) :count)) :-
    (send
      (filled-hole
        (lvar :arg0) {:method_arg=>false}) :diaspora_user_id)))
BASETYPE: Integer
SIZE WORK_LIST: 94
SIZE generated: 1
EVALUABLE#: 1

-------------------------

----------------
TTYPES
Integer
Integer
Integer
Integer

PROGS

LOCAL_COUNT: 62
GLOBAL_COUNT: 216

BASE_AFTER:
(begin
  (send
    (begin
      (send
        (lvar InvitationCode(id: integer, token: string, diaspora_user_id: integer, count: integer)) :count)) :-
    (send
      (filled-hole
        (lvar :arg0) {:method_arg=>false}) :count=
      (filled-hole
        (int 0)
        (int 1)
        (int 2)
        (hole 1 {:hash_depth=>0, :method_arg=>true, :variance=>:+}) {:method_arg=>true}))))
BASETYPE: Integer
SIZE WORK_LIST: 93
SIZE generated: 4
EVALUABLE#: 3

-------------------------

----------------
TTYPES
Integer

PROGS

LOCAL_COUNT: 63
GLOBAL_COUNT: 217

BASE_AFTER:
(begin
  (send
    (begin
      (send
        (lvar InvitationCode(id: integer, token: string, diaspora_user_id: integer, count: integer)) :count)) :-
    (begin
      (send
        (filled-hole
          (lvar :arg0) {:method_arg=>false}) :count))))
BASETYPE: Integer
SIZE WORK_LIST: 93
SIZE generated: 1
EVALUABLE#: 1

-------------------------

----------------
TTYPES
true or false
true or false
Integer
Integer
Integer
String
%bot

PROGS

LOCAL_COUNT: 1
GLOBAL_COUNT: 1

BASE_AFTER:
(filled-hole
  (true)
  (false)
  (int 0)
  (int 1)
  (int 2)
  (str "")
  (hole 1 {:hash_depth=>0, :method_arg=>false, :variance=>:-}) {:method_arg=>false})
BASETYPE: %bot
SIZE WORK_LIST: 0
SIZE generated: 7
EVALUABLE#: 6

-------------------------

----------------
TTYPES
true or false
true or false

PROGS

LOCAL_COUNT: 2
GLOBAL_COUNT: 2

BASE_AFTER:
(true)
BASETYPE: true or false
SIZE WORK_LIST: 6
SIZE generated: 2
EVALUABLE#: 0

-------------------------

----------------
TTYPES
true or false
true or false

PROGS

LOCAL_COUNT: 3
GLOBAL_COUNT: 3

BASE_AFTER:
(false)
BASETYPE: true or false
SIZE WORK_LIST: 7
SIZE generated: 2
EVALUABLE#: 0

-------------------------

----------------
TTYPES
Integer
Integer

PROGS

LOCAL_COUNT: 4
GLOBAL_COUNT: 4

BASE_AFTER:
(int 0)
BASETYPE: Integer
SIZE WORK_LIST: 8
SIZE generated: 2
EVALUABLE#: 0

-------------------------

----------------
TTYPES
Integer
Integer

PROGS

LOCAL_COUNT: 5
GLOBAL_COUNT: 5

BASE_AFTER:
(int 1)
BASETYPE: Integer
SIZE WORK_LIST: 9
SIZE generated: 2
EVALUABLE#: 0

-------------------------

----------------
TTYPES
Integer
Integer

PROGS

LOCAL_COUNT: 6
GLOBAL_COUNT: 6

BASE_AFTER:
(int 2)
BASETYPE: Integer
SIZE WORK_LIST: 10
SIZE generated: 2
EVALUABLE#: 0

-------------------------

----------------
TTYPES
String
String

PROGS

LOCAL_COUNT: 7
GLOBAL_COUNT: 7

BASE_AFTER:
(str "")
BASETYPE: String
SIZE WORK_LIST: 11
SIZE generated: 2
EVALUABLE#: 0

-------------------------

----------------
TTYPES
%bot

PROGS

LOCAL_COUNT: 8
GLOBAL_COUNT: 8

BASE_AFTER:
(filled-hole
  (begin
    (send
      (hole 0 {:hash_depth=>0, :limit_depth=>true, :recv=>true}) :-
      (hole 0 {:hash_depth=>0, :method_arg=>true})))
  (begin
    (send
      (hole 0 {:hash_depth=>0, :limit_depth=>true, :recv=>true}) :count))
  (begin
    (send
      (hole 0 {:hash_depth=>0, :limit_depth=>true, :recv=>true}) :-
      (hole 0 {:hash_depth=>0, :method_arg=>true})))
  (hole 2 {:hash_depth=>0, :method_arg=>false, :variance=>:-}) {:method_arg=>false})
BASETYPE: %bot
SIZE WORK_LIST: 12
SIZE generated: 1
EVALUABLE#: 0

-------------------------

----------------
TTYPES
true or false
true or false
true or false
true or false

PROGS

LOCAL_COUNT: 9
GLOBAL_COUNT: 9

BASE_AFTER:
(begin
  (send
    (hole 0 {:hash_depth=>0, :limit_depth=>true, :recv=>true}) :count=
    (hole 0 {:hash_depth=>0, :method_arg=>true}))
  (true))
BASETYPE: true or false
SIZE WORK_LIST: 12
SIZE generated: 4
EVALUABLE#: 3

-------------------------

----------------
TTYPES
true or false

PROGS

LOCAL_COUNT: 10
GLOBAL_COUNT: 10

BASE_AFTER:
(begin
  (send
    (hole 0 {:hash_depth=>0, :limit_depth=>true, :recv=>true}) :diaspora_user=
    (hole 0 {:hash_depth=>0, :method_arg=>true}))
  (true))
BASETYPE: true or false
SIZE WORK_LIST: 14
SIZE generated: 1
EVALUABLE#: 0

-------------------------

----------------
TTYPES
true or false
true or false
true or false
true or false

PROGS

LOCAL_COUNT: 11
GLOBAL_COUNT: 11

BASE_AFTER:
(begin
  (send
    (hole 0 {:hash_depth=>0, :limit_depth=>true, :recv=>true}) :count=
    (hole 0 {:hash_depth=>0, :method_arg=>true}))
  (false))
BASETYPE: true or false
SIZE WORK_LIST: 14
SIZE generated: 4
EVALUABLE#: 3

-------------------------

----------------
TTYPES
true or false

PROGS

LOCAL_COUNT: 12
GLOBAL_COUNT: 12

BASE_AFTER:
(begin
  (send
    (hole 0 {:hash_depth=>0, :limit_depth=>true, :recv=>true}) :diaspora_user=
    (hole 0 {:hash_depth=>0, :method_arg=>true}))
  (false))
BASETYPE: true or false
SIZE WORK_LIST: 16
SIZE generated: 1
EVALUABLE#: 0

-------------------------

----------------
TTYPES
Integer
Integer
Integer
Integer
Integer

PROGS

LOCAL_COUNT: 13
GLOBAL_COUNT: 13

BASE_AFTER:
(begin
  (send
    (hole 0 {:hash_depth=>0, :limit_depth=>true, :recv=>true}) :count=
    (hole 0 {:hash_depth=>0, :method_arg=>true}))
  (int 0))
BASETYPE: Integer
SIZE WORK_LIST: 16
SIZE generated: 5
EVALUABLE#: 4

-------------------------

----------------
TTYPES
Integer

PROGS

LOCAL_COUNT: 14
GLOBAL_COUNT: 14

BASE_AFTER:
(begin
  (send
    (hole 0 {:hash_depth=>0, :limit_depth=>true, :recv=>true}) :diaspora_user=
    (hole 0 {:hash_depth=>0, :method_arg=>true}))
  (int 0))
BASETYPE: Integer
SIZE WORK_LIST: 19
SIZE generated: 1
EVALUABLE#: 0

-------------------------

----------------
TTYPES
Integer
Integer
Integer
Integer
Integer

PROGS

LOCAL_COUNT: 15
GLOBAL_COUNT: 15

BASE_AFTER:
(begin
  (send
    (hole 0 {:hash_depth=>0, :limit_depth=>true, :recv=>true}) :count=
    (hole 0 {:hash_depth=>0, :method_arg=>true}))
  (int 1))
BASETYPE: Integer
SIZE WORK_LIST: 19
SIZE generated: 5
EVALUABLE#: 4

-------------------------

----------------
TTYPES
Integer

PROGS

LOCAL_COUNT: 16
GLOBAL_COUNT: 16

BASE_AFTER:
(begin
  (send
    (hole 0 {:hash_depth=>0, :limit_depth=>true, :recv=>true}) :diaspora_user=
    (hole 0 {:hash_depth=>0, :method_arg=>true}))
  (int 1))
BASETYPE: Integer
SIZE WORK_LIST: 22
SIZE generated: 1
EVALUABLE#: 0

-------------------------

----------------
TTYPES
Integer
Integer
Integer
Integer
Integer

PROGS

LOCAL_COUNT: 17
GLOBAL_COUNT: 17

BASE_AFTER:
(begin
  (send
    (hole 0 {:hash_depth=>0, :limit_depth=>true, :recv=>true}) :count=
    (hole 0 {:hash_depth=>0, :method_arg=>true}))
  (int 2))
BASETYPE: Integer
SIZE WORK_LIST: 22
SIZE generated: 5
EVALUABLE#: 4

-------------------------

----------------
TTYPES
Integer

PROGS

LOCAL_COUNT: 18
GLOBAL_COUNT: 18

BASE_AFTER:
(begin
  (send
    (hole 0 {:hash_depth=>0, :limit_depth=>true, :recv=>true}) :diaspora_user=
    (hole 0 {:hash_depth=>0, :method_arg=>true}))
  (int 2))
BASETYPE: Integer
SIZE WORK_LIST: 24
SIZE generated: 1
EVALUABLE#: 0

-------------------------

----------------
TTYPES
String
String
String
String

PROGS

LOCAL_COUNT: 19
GLOBAL_COUNT: 19

BASE_AFTER:
(begin
  (send
    (hole 0 {:hash_depth=>0, :limit_depth=>true, :recv=>true}) :count=
    (hole 0 {:hash_depth=>0, :method_arg=>true}))
  (str ""))
BASETYPE: String
SIZE WORK_LIST: 24
SIZE generated: 4
EVALUABLE#: 3

-------------------------

----------------
TTYPES
String

PROGS

LOCAL_COUNT: 20
GLOBAL_COUNT: 20

BASE_AFTER:
(begin
  (send
    (hole 0 {:hash_depth=>0, :limit_depth=>true, :recv=>true}) :diaspora_user=
    (hole 0 {:hash_depth=>0, :method_arg=>true}))
  (str ""))
BASETYPE: String
SIZE WORK_LIST: 26
SIZE generated: 1
EVALUABLE#: 0

-------------------------

----------------
TTYPES
true or false
true or false

PROGS

LOCAL_COUNT: 21
GLOBAL_COUNT: 21

BASE_AFTER:
(begin
  (send
    (lvar :arg0) :count=
    (int 0))
  (true))
BASETYPE: true or false
SIZE WORK_LIST: 26
SIZE generated: 2
EVALUABLE#: 0

-------------------------

----------------
TTYPES
true or false
true or false

PROGS

LOCAL_COUNT: 22
GLOBAL_COUNT: 22

BASE_AFTER:
(begin
  (send
    (lvar :arg0) :count=
    (int 1))
  (true))
BASETYPE: true or false
SIZE WORK_LIST: 27
SIZE generated: 2
EVALUABLE#: 0

-------------------------

----------------
TTYPES
true or false
true or false

PROGS

LOCAL_COUNT: 23
GLOBAL_COUNT: 23

BASE_AFTER:
(begin
  (send
    (lvar :arg0) :count=
    (int 0))
  (false))
BASETYPE: true or false
SIZE WORK_LIST: 28
SIZE generated: 2
EVALUABLE#: 0

-------------------------

----------------
TTYPES
true or false
true or false

PROGS

LOCAL_COUNT: 24
GLOBAL_COUNT: 24

BASE_AFTER:
(begin
  (send
    (lvar :arg0) :count=
    (int 1))
  (false))
BASETYPE: true or false
SIZE WORK_LIST: 29
SIZE generated: 2
EVALUABLE#: 0

-------------------------

----------------
TTYPES
Integer
Integer

PROGS

LOCAL_COUNT: 25
GLOBAL_COUNT: 25

BASE_AFTER:
(begin
  (send
    (lvar :arg0) :count=
    (int 0))
  (int 0))
BASETYPE: Integer
SIZE WORK_LIST: 30
SIZE generated: 2
EVALUABLE#: 0

-------------------------

----------------
TTYPES
Integer
Integer

PROGS

LOCAL_COUNT: 26
GLOBAL_COUNT: 26

BASE_AFTER:
(begin
  (send
    (lvar :arg0) :count=
    (int 1))
  (int 0))
BASETYPE: Integer
SIZE WORK_LIST: 31
SIZE generated: 2
EVALUABLE#: 0

-------------------------

----------------
TTYPES
Integer
Integer

PROGS

LOCAL_COUNT: 27
GLOBAL_COUNT: 27

BASE_AFTER:
(begin
  (lvasgn :t0
    (int 0))
  (send
    (lvar :arg0) :count=
    (lvar :t0))
  (lvar :t0))
BASETYPE: Integer
SIZE WORK_LIST: 32
SIZE generated: 2
EVALUABLE#: 0

-------------------------

----------------
TTYPES
Integer
Integer

PROGS

LOCAL_COUNT: 28
GLOBAL_COUNT: 28

BASE_AFTER:
(begin
  (send
    (lvar :arg0) :count=
    (int 0))
  (int 1))
BASETYPE: Integer
SIZE WORK_LIST: 33
SIZE generated: 2
EVALUABLE#: 0

-------------------------

----------------
TTYPES
Integer
Integer

PROGS

LOCAL_COUNT: 29
GLOBAL_COUNT: 29

BASE_AFTER:
(begin
  (send
    (lvar :arg0) :count=
    (int 1))
  (int 1))
BASETYPE: Integer
SIZE WORK_LIST: 34
SIZE generated: 2
EVALUABLE#: 0

-------------------------

----------------
TTYPES
Integer
Integer

PROGS

LOCAL_COUNT: 30
GLOBAL_COUNT: 30

BASE_AFTER:
(begin
  (lvasgn :t0
    (int 1))
  (send
    (lvar :arg0) :count=
    (lvar :t0))
  (lvar :t0))
BASETYPE: Integer
SIZE WORK_LIST: 35
SIZE generated: 2
EVALUABLE#: 0

-------------------------

----------------
TTYPES
Integer
Integer

PROGS

LOCAL_COUNT: 31
GLOBAL_COUNT: 31

BASE_AFTER:
(begin
  (send
    (lvar :arg0) :count=
    (int 0))
  (int 2))
BASETYPE: Integer
SIZE WORK_LIST: 36
SIZE generated: 2
EVALUABLE#: 0

-------------------------

----------------
TTYPES
Integer
Integer

PROGS

LOCAL_COUNT: 32
GLOBAL_COUNT: 32

BASE_AFTER:
(begin
  (send
    (lvar :arg0) :count=
    (int 1))
  (int 2))
BASETYPE: Integer
SIZE WORK_LIST: 37
SIZE generated: 2
EVALUABLE#: 0

-------------------------

----------------
TTYPES
String
String

PROGS

LOCAL_COUNT: 33
GLOBAL_COUNT: 33

BASE_AFTER:
(begin
  (send
    (lvar :arg0) :count=
    (int 0))
  (str ""))
BASETYPE: String
SIZE WORK_LIST: 38
SIZE generated: 2
EVALUABLE#: 0

-------------------------

----------------
TTYPES
String
String

PROGS

LOCAL_COUNT: 34
GLOBAL_COUNT: 34

BASE_AFTER:
(begin
  (send
    (lvar :arg0) :count=
    (int 1))
  (str ""))
BASETYPE: String
SIZE WORK_LIST: 39
SIZE generated: 2
EVALUABLE#: 0

-------------------------

----------------
TTYPES
Integer
Integer
Integer
Integer
Integer
Integer
Integer
Integer
%bot

PROGS

LOCAL_COUNT: 35
GLOBAL_COUNT: 35

BASE_AFTER:
(filled-hole
  (begin
    (send
      (send
        (hole 0 {:hash_depth=>0, :limit_depth=>true, :recv=>true}) :id=
        (hole 0 {:hash_depth=>0, :method_arg=>true})) :-
      (hole 0 {:hash_depth=>0, :method_arg=>true})))
  (begin
    (send
      (send
        (hole 0 {:hash_depth=>0, :limit_depth=>true, :recv=>true}) :id=
        (hole 0 {:hash_depth=>0, :method_arg=>true})) :-
      (hole 0 {:hash_depth=>0, :method_arg=>true})))
  (begin
    (send
      (send
        (hole 0 {:hash_depth=>0, :limit_depth=>true, :recv=>true}) :id=
        (hole 0 {:hash_depth=>0, :method_arg=>true})) :count))
  (begin
    (send
      (send
        (hole 0 {:hash_depth=>0, :limit_depth=>true, :recv=>true}) :id) :-
      (hole 0 {:hash_depth=>0, :method_arg=>true})))
  (begin
    (send
      (send
        (hole 0 {:hash_depth=>0, :limit_depth=>true, :recv=>true}) :id) :-
      (hole 0 {:hash_depth=>0, :method_arg=>true})))
  (begin
    (send
      (send
        (hole 0 {:hash_depth=>0, :limit_depth=>true, :recv=>true}) :id) :count))
  (begin
    (send
      (send
        (hole 0 {:hash_depth=>0, :limit_depth=>true, :recv=>true}) :token=
        (hole 0 {:hash_depth=>0, :method_arg=>true})) :count))
  (begin
    (send
      (send
        (hole 0 {:hash_depth=>0, :limit_depth=>true, :recv=>true}) :token=
        (hole 0 {:hash_depth=>0, :method_arg=>true})) :-
      (hole 0 {:hash_depth=>0, :method_arg=>true})))
  (begin
    (send
      (send
        (hole 0 {:hash_depth=>0, :limit_depth=>true, :recv=>true}) :token) :count))
  (begin
    (send
      (send
        (hole 0 {:hash_depth=>0, :limit_depth=>true, :recv=>true}) :token) :-
      (hole 0 {:hash_depth=>0, :method_arg=>true})))
  (begin
    (send
      (send
        (hole 0 {:hash_depth=>0, :limit_depth=>true, :recv=>true}) :diaspora_user_id=
        (hole 0 {:hash_depth=>0, :method_arg=>true})) :-
      (hole 0 {:hash_depth=>0, :method_arg=>true})))
  (begin
    (send
      (send
        (hole 0 {:hash_depth=>0, :limit_depth=>true, :recv=>true}) :diaspora_user_id=
        (hole 0 {:hash_depth=>0, :method_arg=>true})) :-
      (hole 0 {:hash_depth=>0, :method_arg=>true})))
  (begin
    (send
      (send
        (hole 0 {:hash_depth=>0, :limit_depth=>true, :recv=>true}) :diaspora_user_id=
        (hole 0 {:hash_depth=>0, :method_arg=>true})) :count))
  (begin
    (send
      (send
        (hole 0 {:hash_depth=>0, :limit_depth=>true, :recv=>true}) :diaspora_user_id) :-
      (hole 0 {:hash_depth=>0, :method_arg=>true})))
  (begin
    (send
      (send
        (hole 0 {:hash_depth=>0, :limit_depth=>true, :recv=>true}) :diaspora_user_id) :-
      (hole 0 {:hash_depth=>0, :method_arg=>true})))
  (begin
    (send
      (send
        (hole 0 {:hash_depth=>0, :limit_depth=>true, :recv=>true}) :diaspora_user_id) :count))
  (begin
    (send
      (send
        (hole 0 {:hash_depth=>0, :limit_depth=>true, :recv=>true}) :count=
        (hole 0 {:hash_depth=>0, :method_arg=>true})) :-
      (hole 0 {:hash_depth=>0, :method_arg=>true})))
  (begin
    (send
      (send
        (hole 0 {:hash_depth=>0, :limit_depth=>true, :recv=>true}) :count=
        (hole 0 {:hash_depth=>0, :method_arg=>true})) :-
      (hole 0 {:hash_depth=>0, :method_arg=>true})))
  (begin
    (send
      (send
        (hole 0 {:hash_depth=>0, :limit_depth=>true, :recv=>true}) :count=
        (hole 0 {:hash_depth=>0, :method_arg=>true})) :count))
  (begin
    (send
      (begin
        (send
          (hole 0 {:hash_depth=>0, :limit_depth=>true, :recv=>true}) :count)) :-
      (hole 0 {:hash_depth=>0, :method_arg=>true})))
  (begin
    (send
      (begin
        (send
          (hole 0 {:hash_depth=>0, :limit_depth=>true, :recv=>true}) :count)) :-
      (hole 0 {:hash_depth=>0, :method_arg=>true})))
  (begin
    (send
      (begin
        (send
          (hole 0 {:hash_depth=>0, :limit_depth=>true, :recv=>true}) :count)) :count))
  (begin
    (send
      (send
        (hole 0 {:hash_depth=>0, :limit_depth=>true, :recv=>true}) :diaspora_user) :count))
  (begin
    (send
      (send
        (hole 0 {:hash_depth=>0, :limit_depth=>true, :recv=>true}) :diaspora_user) :-
      (hole 0 {:hash_depth=>0, :method_arg=>true})))
  (begin
    (send
      (send
        (hole 0 {:hash_depth=>0, :limit_depth=>true, :recv=>true}) :diaspora_user=
        (hole 0 {:hash_depth=>0, :method_arg=>true})) :count))
  (begin
    (send
      (send
        (hole 0 {:hash_depth=>0, :limit_depth=>true, :recv=>true}) :diaspora_user=
        (hole 0 {:hash_depth=>0, :method_arg=>true})) :-
      (hole 0 {:hash_depth=>0, :method_arg=>true})))
  (begin
    (send
      (begin
        (send
          (hole 0 {:hash_depth=>0, :limit_depth=>true, :recv=>true}) :-
          (hole 0 {:hash_depth=>0, :method_arg=>true}))) :-
      (hole 0 {:hash_depth=>0, :method_arg=>true})))
  (begin
    (send
      (begin
        (send
          (hole 0 {:hash_depth=>0, :limit_depth=>true, :recv=>true}) :-
          (hole 0 {:hash_depth=>0, :method_arg=>true}))) :-
      (hole 0 {:hash_depth=>0, :method_arg=>true})))
  (begin
    (send
      (begin
        (send
          (hole 0 {:hash_depth=>0, :limit_depth=>true, :recv=>true}) :save)) :count))
  (begin
    (send
      (begin
        (send
          (hole 0 {:hash_depth=>0, :limit_depth=>true, :recv=>true}) :save)) :-
      (hole 0 {:hash_depth=>0, :method_arg=>true})))
  (begin
    (send
      (begin
        (send
          (hole 0 {:hash_depth=>0, :limit_depth=>true, :recv=>true}) :count)) :-
      (hole 0 {:hash_depth=>0, :method_arg=>true})))
  (begin
    (send
      (begin
        (send
          (hole 0 {:hash_depth=>0, :limit_depth=>true, :recv=>true}) :count)) :-
      (hole 0 {:hash_depth=>0, :method_arg=>true})))
  (begin
    (send
      (begin
        (send
          (hole 0 {:hash_depth=>0, :limit_depth=>true, :recv=>true}) :-
          (hole 0 {:hash_depth=>0, :method_arg=>true}))) :-
      (hole 0 {:hash_depth=>0, :method_arg=>true})))
  (begin
    (send
      (begin
        (send
          (hole 0 {:hash_depth=>0, :limit_depth=>true, :recv=>true}) :-
          (hole 0 {:hash_depth=>0, :method_arg=>true}))) :-
      (hole 0 {:hash_depth=>0, :method_arg=>true})))
  (begin
    (send
      (begin
        (send
          (hole 0 {:hash_depth=>0, :limit_depth=>true, :recv=>true}) :save)) :count))
  (begin
    (send
      (begin
        (send
          (hole 0 {:hash_depth=>0, :limit_depth=>true, :recv=>true}) :save)) :-
      (hole 0 {:hash_depth=>0, :method_arg=>true})))
  (hole 3 {:hash_depth=>0, :method_arg=>false, :variance=>:-}) {:method_arg=>false})
BASETYPE: %bot
SIZE WORK_LIST: 40
SIZE generated: 9
EVALUABLE#: 0

-------------------------

----------------
TTYPES
Integer
Integer
Integer
Integer
Integer
Integer
Integer
Integer
Integer
Integer
Integer
Integer
Integer
Integer
Integer
Integer
Integer
Integer
Integer
Integer
Integer
Integer
Integer
Integer
Integer
Integer
Integer
Integer
Integer
Integer
Integer
Integer
Integer
Integer
Integer
Integer

PROGS

LOCAL_COUNT: 36
GLOBAL_COUNT: 36

BASE_AFTER:
(begin
  (send
    (begin
      (send
        (filled-hole
          (lvar InvitationCode(id: integer, token: string, diaspora_user_id: integer, count: integer)) {:method_arg=>false}) :-
        (filled-hole
          (lvar :arg0)
          (lvar InvitationCode(id: integer, token: string, diaspora_user_id: integer, count: integer))
          (true)
          (false)
          (int 0)
          (int 1)
          (int 2)
          (str "")
          (hole 1 {:hash_depth=>0, :method_arg=>true, :variance=>:+}) {:method_arg=>true}))) :-
    (filled-hole
      (int 0)
      (int 1)
      (int 2)
      (hole 1 {:hash_depth=>0, :method_arg=>true, :variance=>:+}) {:method_arg=>true})))
BASETYPE: Integer
SIZE WORK_LIST: 48
SIZE generated: 36
EVALUABLE#: 24

-------------------------

----------------
TTYPES
Integer
Integer
Integer
Integer

PROGS

LOCAL_COUNT: 37
GLOBAL_COUNT: 37

BASE_AFTER:
(begin
  (send
    (begin
      (send
        (filled-hole
          (lvar InvitationCode(id: integer, token: string, diaspora_user_id: integer, count: integer)) {:method_arg=>false}) :count)) :-
    (filled-hole
      (int 0)
      (int 1)
      (int 2)
      (hole 1 {:hash_depth=>0, :method_arg=>true, :variance=>:+}) {:method_arg=>true})))
BASETYPE: Integer
SIZE WORK_LIST: 59
SIZE generated: 4
EVALUABLE#: 3

-------------------------

----------------
TTYPES
true or false
true or false
true or false
true or false
true or false
true or false
true or false
true or false
true or false
true or false
true or false

PROGS

LOCAL_COUNT: 38
GLOBAL_COUNT: 38

BASE_AFTER:
(begin
  (send
    (lvar :arg0) :count=
    (hole 1 {:hash_depth=>0, :method_arg=>true, :variance=>:+}))
  (true))
BASETYPE: true or false
SIZE WORK_LIST: 62
SIZE generated: 11
EVALUABLE#: 0

-------------------------

----------------
TTYPES
Integer
Integer

PROGS

LOCAL_COUNT: 39
GLOBAL_COUNT: 39

BASE_AFTER:
(begin
  (send
    (begin
      (send
        (lvar InvitationCode(id: integer, token: string, diaspora_user_id: integer, count: integer)) :count)) :-
    (int 0)))
BASETYPE: Integer
SIZE WORK_LIST: 72
SIZE generated: 2
EVALUABLE#: 0

-------------------------

----------------
TTYPES
Integer
Integer

PROGS

LOCAL_COUNT: 40
GLOBAL_COUNT: 40

BASE_AFTER:
(begin
  (send
    (begin
      (send
        (lvar InvitationCode(id: integer, token: string, diaspora_user_id: integer, count: integer)) :count)) :-
    (int 1)))
BASETYPE: Integer
SIZE WORK_LIST: 73
SIZE generated: 2
EVALUABLE#: 0

-------------------------

----------------
TTYPES
Integer
Integer

PROGS

LOCAL_COUNT: 41
GLOBAL_COUNT: 41

BASE_AFTER:
(begin
  (send
    (begin
      (send
        (lvar InvitationCode(id: integer, token: string, diaspora_user_id: integer, count: integer)) :count)) :-
    (int 2)))
BASETYPE: Integer
SIZE WORK_LIST: 74
SIZE generated: 2
EVALUABLE#: 0

-------------------------

----------------
TTYPES
true or false
true or false
true or false
true or false
true or false
true or false
true or false
true or false
true or false
true or false

PROGS

LOCAL_COUNT: 42
GLOBAL_COUNT: 42

BASE_AFTER:
(begin
  (send
    (lvar :arg0) :count=
    (begin
      (send
        (hole 0 {:hash_depth=>0, :limit_depth=>true, :recv=>true}) :-
        (hole 0 {:hash_depth=>0, :method_arg=>true}))))
  (true))
BASETYPE: true or false
SIZE WORK_LIST: 75
SIZE generated: 10
EVALUABLE#: 9

-------------------------

----------------
TTYPES
true or false

PROGS

LOCAL_COUNT: 43
GLOBAL_COUNT: 43

BASE_AFTER:
(begin
  (send
    (lvar :arg0) :count=
    (begin
      (send
        (hole 0 {:hash_depth=>0, :limit_depth=>true, :recv=>true}) :count)))
  (true))
BASETYPE: true or false
SIZE WORK_LIST: 75
SIZE generated: 1
EVALUABLE#: 1

-------------------------

----------------
TTYPES
true or false
true or false
true or false
true or false
true or false
true or false

PROGS

LOCAL_COUNT: 44
GLOBAL_COUNT: 44

BASE_AFTER:
(begin
  (send
    (lvar :arg0) :diaspora_user=
    (hole 1 {:hash_depth=>0, :method_arg=>true, :variance=>:+}))
  (true))
BASETYPE: true or false
SIZE WORK_LIST: 75
SIZE generated: 6
EVALUABLE#: 0

-------------------------

----------------
TTYPES
true or false
true or false

PROGS

LOCAL_COUNT: 45
GLOBAL_COUNT: 45

BASE_AFTER:
(begin
  (send
    (lvar :arg0) :count=
    (begin
      (send
        (lvar InvitationCode(id: integer, token: string, diaspora_user_id: integer, count: integer)) :count)))
  (true))
BASETYPE: true or false
SIZE WORK_LIST: 80
SIZE generated: 2
EVALUABLE#: 0

-------------------------

----------------
TTYPES
true or false

PROGS

LOCAL_COUNT: 46
GLOBAL_COUNT: 46

BASE_AFTER:
(begin
  (send
    (lvar :arg0) :diaspora_user=
    (begin
      (send
        (hole 0 {:hash_depth=>0, :limit_depth=>true, :recv=>true}) :count)))
  (true))
BASETYPE: true or false
SIZE WORK_LIST: 81
SIZE generated: 1
EVALUABLE#: 1

-------------------------

----------------
TTYPES
true or false
true or false
true or false
true or false
true or false
true or false
true or false
true or false
true or false
true or false
true or false

PROGS

LOCAL_COUNT: 47
GLOBAL_COUNT: 47

BASE_AFTER:
(begin
  (send
    (lvar :arg0) :count=
    (hole 1 {:hash_depth=>0, :method_arg=>true, :variance=>:+}))
  (false))
BASETYPE: true or false
SIZE WORK_LIST: 80
SIZE generated: 11
EVALUABLE#: 0

-------------------------

----------------
TTYPES
true or false

PROGS

LOCAL_COUNT: 48
GLOBAL_COUNT: 48

BASE_AFTER:
(begin
  (send
    (lvar :arg0) :count=
    (begin
      (send
        (hole 0 {:hash_depth=>0, :limit_depth=>true, :recv=>true}) :count)))
  (false))
BASETYPE: true or false
SIZE WORK_LIST: 90
SIZE generated: 1
EVALUABLE#: 1

-------------------------

----------------
TTYPES
true or false
true or false
true or false
true or false
true or false
true or false

PROGS

LOCAL_COUNT: 49
GLOBAL_COUNT: 49

BASE_AFTER:
(begin
  (send
    (lvar :arg0) :diaspora_user=
    (hole 1 {:hash_depth=>0, :method_arg=>true, :variance=>:+}))
  (false))
BASETYPE: true or false
SIZE WORK_LIST: 90
SIZE generated: 6
EVALUABLE#: 0

-------------------------

----------------
TTYPES
true or false
true or false

PROGS

LOCAL_COUNT: 50
GLOBAL_COUNT: 50

BASE_AFTER:
(begin
  (send
    (lvar :arg0) :count=
    (begin
      (send
        (lvar InvitationCode(id: integer, token: string, diaspora_user_id: integer, count: integer)) :count)))
  (false))
BASETYPE: true or false
SIZE WORK_LIST: 95
SIZE generated: 2
EVALUABLE#: 0

-------------------------

----------------
TTYPES
true or false

PROGS

LOCAL_COUNT: 51
GLOBAL_COUNT: 51

BASE_AFTER:
(begin
  (send
    (lvar :arg0) :diaspora_user=
    (begin
      (send
        (hole 0 {:hash_depth=>0, :limit_depth=>true, :recv=>true}) :count)))
  (false))
BASETYPE: true or false
SIZE WORK_LIST: 96
SIZE generated: 1
EVALUABLE#: 1

-------------------------

----------------
TTYPES
Integer
Integer
Integer
Integer
Integer
Integer
Integer
Integer
Integer
Integer
Integer

PROGS

LOCAL_COUNT: 52
GLOBAL_COUNT: 52

BASE_AFTER:
(begin
  (send
    (lvar :arg0) :count=
    (hole 1 {:hash_depth=>0, :method_arg=>true, :variance=>:+}))
  (int 0))
BASETYPE: Integer
SIZE WORK_LIST: 95
SIZE generated: 11
EVALUABLE#: 0

-------------------------

----------------
TTYPES
Integer

PROGS

LOCAL_COUNT: 53
GLOBAL_COUNT: 53

BASE_AFTER:
(begin
  (send
    (lvar :arg0) :count=
    (begin
      (send
        (hole 0 {:hash_depth=>0, :limit_depth=>true, :recv=>true}) :count)))
  (int 0))
BASETYPE: Integer
SIZE WORK_LIST: 105
SIZE generated: 1
EVALUABLE#: 1

-------------------------

----------------
TTYPES
Integer
Integer
Integer
Integer
Integer
Integer

PROGS

LOCAL_COUNT: 54
GLOBAL_COUNT: 54

BASE_AFTER:
(begin
  (send
    (lvar :arg0) :diaspora_user=
    (hole 1 {:hash_depth=>0, :method_arg=>true, :variance=>:+}))
  (int 0))
BASETYPE: Integer
SIZE WORK_LIST: 105
SIZE generated: 6
EVALUABLE#: 0

-------------------------

----------------
TTYPES
Integer
Integer

PROGS

LOCAL_COUNT: 55
GLOBAL_COUNT: 55

BASE_AFTER:
(begin
  (send
    (lvar :arg0) :count=
    (begin
      (send
        (lvar InvitationCode(id: integer, token: string, diaspora_user_id: integer, count: integer)) :count)))
  (int 0))
BASETYPE: Integer
SIZE WORK_LIST: 110
SIZE generated: 2
EVALUABLE#: 0

-------------------------

----------------
TTYPES
Integer

PROGS

LOCAL_COUNT: 56
GLOBAL_COUNT: 56

BASE_AFTER:
(begin
  (send
    (lvar :arg0) :diaspora_user=
    (begin
      (send
        (hole 0 {:hash_depth=>0, :limit_depth=>true, :recv=>true}) :count)))
  (int 0))
BASETYPE: Integer
SIZE WORK_LIST: 111
SIZE generated: 1
EVALUABLE#: 1

-------------------------

----------------
TTYPES
Integer
Integer
Integer
Integer
Integer
Integer
Integer
Integer
Integer
Integer
Integer

PROGS

LOCAL_COUNT: 57
GLOBAL_COUNT: 57

BASE_AFTER:
(begin
  (send
    (lvar :arg0) :count=
    (hole 1 {:hash_depth=>0, :method_arg=>true, :variance=>:+}))
  (int 1))
BASETYPE: Integer
SIZE WORK_LIST: 110
SIZE generated: 11
EVALUABLE#: 0

-------------------------

----------------
TTYPES
Integer

PROGS

LOCAL_COUNT: 58
GLOBAL_COUNT: 58

BASE_AFTER:
(begin
  (send
    (lvar :arg0) :count=
    (begin
      (send
        (hole 0 {:hash_depth=>0, :limit_depth=>true, :recv=>true}) :count)))
  (int 1))
BASETYPE: Integer
SIZE WORK_LIST: 120
SIZE generated: 1
EVALUABLE#: 1

-------------------------

----------------
TTYPES
Integer
Integer
Integer
Integer
Integer
Integer

PROGS

LOCAL_COUNT: 59
GLOBAL_COUNT: 59

BASE_AFTER:
(begin
  (send
    (lvar :arg0) :diaspora_user=
    (hole 1 {:hash_depth=>0, :method_arg=>true, :variance=>:+}))
  (int 1))
BASETYPE: Integer
SIZE WORK_LIST: 120
SIZE generated: 6
EVALUABLE#: 0

-------------------------

----------------
TTYPES
Integer
Integer

PROGS

LOCAL_COUNT: 60
GLOBAL_COUNT: 60

BASE_AFTER:
(begin
  (send
    (lvar :arg0) :count=
    (begin
      (send
        (lvar InvitationCode(id: integer, token: string, diaspora_user_id: integer, count: integer)) :count)))
  (int 1))
BASETYPE: Integer
SIZE WORK_LIST: 125
SIZE generated: 2
EVALUABLE#: 0

-------------------------

----------------
TTYPES
Integer

PROGS

LOCAL_COUNT: 61
GLOBAL_COUNT: 61

BASE_AFTER:
(begin
  (send
    (lvar :arg0) :diaspora_user=
    (begin
      (send
        (hole 0 {:hash_depth=>0, :limit_depth=>true, :recv=>true}) :count)))
  (int 1))
BASETYPE: Integer
SIZE WORK_LIST: 126
SIZE generated: 1
EVALUABLE#: 1

-------------------------

----------------
TTYPES
Integer
Integer
Integer
Integer
Integer
Integer
Integer
Integer
Integer
Integer
Integer

PROGS

LOCAL_COUNT: 62
GLOBAL_COUNT: 62

BASE_AFTER:
(begin
  (send
    (lvar :arg0) :count=
    (hole 1 {:hash_depth=>0, :method_arg=>true, :variance=>:+}))
  (int 2))
BASETYPE: Integer
SIZE WORK_LIST: 125
SIZE generated: 11
EVALUABLE#: 0

-------------------------

----------------
TTYPES
Integer

PROGS

LOCAL_COUNT: 63
GLOBAL_COUNT: 63

BASE_AFTER:
(begin
  (send
    (lvar :arg0) :count=
    (begin
      (send
        (hole 0 {:hash_depth=>0, :limit_depth=>true, :recv=>true}) :count)))
  (int 2))
BASETYPE: Integer
SIZE WORK_LIST: 135
SIZE generated: 1
EVALUABLE#: 1

-------------------------

----------------
TTYPES
Integer
Integer
Integer
Integer
Integer
Integer

PROGS

LOCAL_COUNT: 64
GLOBAL_COUNT: 64

BASE_AFTER:
(begin
  (send
    (lvar :arg0) :diaspora_user=
    (hole 1 {:hash_depth=>0, :method_arg=>true, :variance=>:+}))
  (int 2))
BASETYPE: Integer
SIZE WORK_LIST: 135
SIZE generated: 6
EVALUABLE#: 0

-------------------------

----------------
TTYPES
Integer
Integer

PROGS

LOCAL_COUNT: 65
GLOBAL_COUNT: 65

BASE_AFTER:
(begin
  (send
    (lvar :arg0) :count=
    (begin
      (send
        (lvar InvitationCode(id: integer, token: string, diaspora_user_id: integer, count: integer)) :count)))
  (int 2))
BASETYPE: Integer
SIZE WORK_LIST: 140
SIZE generated: 2
EVALUABLE#: 0

-------------------------

----------------
TTYPES
Integer

PROGS

LOCAL_COUNT: 66
GLOBAL_COUNT: 66

BASE_AFTER:
(begin
  (send
    (lvar :arg0) :diaspora_user=
    (begin
      (send
        (hole 0 {:hash_depth=>0, :limit_depth=>true, :recv=>true}) :count)))
  (int 2))
BASETYPE: Integer
SIZE WORK_LIST: 141
SIZE generated: 1
EVALUABLE#: 1

-------------------------

----------------
TTYPES
String
String
String
String
String
String
String
String
String
String
String

PROGS

LOCAL_COUNT: 67
GLOBAL_COUNT: 67

BASE_AFTER:
(begin
  (send
    (lvar :arg0) :count=
    (hole 1 {:hash_depth=>0, :method_arg=>true, :variance=>:+}))
  (str ""))
BASETYPE: String
SIZE WORK_LIST: 140
SIZE generated: 11
EVALUABLE#: 0

-------------------------

----------------
TTYPES
String

PROGS

LOCAL_COUNT: 68
GLOBAL_COUNT: 68

BASE_AFTER:
(begin
  (send
    (lvar :arg0) :count=
    (begin
      (send
        (hole 0 {:hash_depth=>0, :limit_depth=>true, :recv=>true}) :count)))
  (str ""))
BASETYPE: String
SIZE WORK_LIST: 150
SIZE generated: 1
EVALUABLE#: 1

-------------------------

----------------
TTYPES
String
String
String
String
String
String

PROGS

LOCAL_COUNT: 69
GLOBAL_COUNT: 69

BASE_AFTER:
(begin
  (send
    (lvar :arg0) :diaspora_user=
    (hole 1 {:hash_depth=>0, :method_arg=>true, :variance=>:+}))
  (str ""))
BASETYPE: String
SIZE WORK_LIST: 150
SIZE generated: 6
EVALUABLE#: 0

-------------------------

----------------
TTYPES
String
String

PROGS

LOCAL_COUNT: 70
GLOBAL_COUNT: 70

BASE_AFTER:
(begin
  (send
    (lvar :arg0) :count=
    (begin
      (send
        (lvar InvitationCode(id: integer, token: string, diaspora_user_id: integer, count: integer)) :count)))
  (str ""))
BASETYPE: String
SIZE WORK_LIST: 155
SIZE generated: 2
EVALUABLE#: 0

-------------------------

----------------
TTYPES
String

PROGS

LOCAL_COUNT: 71
GLOBAL_COUNT: 71

BASE_AFTER:
(begin
  (send
    (lvar :arg0) :diaspora_user=
    (begin
      (send
        (hole 0 {:hash_depth=>0, :limit_depth=>true, :recv=>true}) :count)))
  (str ""))
BASETYPE: String
SIZE WORK_LIST: 156
SIZE generated: 1
EVALUABLE#: 1

-------------------------

----------------
TTYPES
true or false
true or false
true or false
true or false

PROGS

LOCAL_COUNT: 72
GLOBAL_COUNT: 72

BASE_AFTER:
(begin
  (send
    (lvar :arg0) :count=
    (int 0))
  (send
    (hole 0 {:hash_depth=>0, :limit_depth=>true, :recv=>true}) :count=
    (hole 0 {:hash_depth=>0, :method_arg=>true}))
  (true))
BASETYPE: true or false
SIZE WORK_LIST: 155
SIZE generated: 4
EVALUABLE#: 3

-------------------------

----------------
TTYPES
true or false

PROGS

LOCAL_COUNT: 73
GLOBAL_COUNT: 73

BASE_AFTER:
(begin
  (send
    (lvar :arg0) :count=
    (int 0))
  (send
    (hole 0 {:hash_depth=>0, :limit_depth=>true, :recv=>true}) :diaspora_user=
    (hole 0 {:hash_depth=>0, :method_arg=>true}))
  (true))
BASETYPE: true or false
SIZE WORK_LIST: 157
SIZE generated: 1
EVALUABLE#: 0

-------------------------

----------------
TTYPES
true or false
true or false
true or false
true or false

PROGS

LOCAL_COUNT: 74
GLOBAL_COUNT: 74

BASE_AFTER:
(begin
  (send
    (lvar :arg0) :count=
    (int 1))
  (send
    (hole 0 {:hash_depth=>0, :limit_depth=>true, :recv=>true}) :count=
    (hole 0 {:hash_depth=>0, :method_arg=>true}))
  (true))
BASETYPE: true or false
SIZE WORK_LIST: 157
SIZE generated: 4
EVALUABLE#: 3

-------------------------

----------------
TTYPES
true or false

PROGS

LOCAL_COUNT: 75
GLOBAL_COUNT: 75

BASE_AFTER:
(begin
  (send
    (lvar :arg0) :count=
    (int 1))
  (send
    (hole 0 {:hash_depth=>0, :limit_depth=>true, :recv=>true}) :diaspora_user=
    (hole 0 {:hash_depth=>0, :method_arg=>true}))
  (true))
BASETYPE: true or false
SIZE WORK_LIST: 159
SIZE generated: 1
EVALUABLE#: 0

-------------------------

----------------
TTYPES
true or false
true or false
true or false
true or false

PROGS

LOCAL_COUNT: 76
GLOBAL_COUNT: 76

BASE_AFTER:
(begin
  (send
    (lvar :arg0) :count=
    (int 0))
  (send
    (hole 0 {:hash_depth=>0, :limit_depth=>true, :recv=>true}) :count=
    (hole 0 {:hash_depth=>0, :method_arg=>true}))
  (false))
BASETYPE: true or false
SIZE WORK_LIST: 159
SIZE generated: 4
EVALUABLE#: 3

-------------------------

----------------
TTYPES
true or false

PROGS

LOCAL_COUNT: 77
GLOBAL_COUNT: 77

BASE_AFTER:
(begin
  (send
    (lvar :arg0) :count=
    (int 0))
  (send
    (hole 0 {:hash_depth=>0, :limit_depth=>true, :recv=>true}) :diaspora_user=
    (hole 0 {:hash_depth=>0, :method_arg=>true}))
  (false))
BASETYPE: true or false
SIZE WORK_LIST: 161
SIZE generated: 1
EVALUABLE#: 0

-------------------------

----------------
TTYPES
true or false
true or false
true or false
true or false

PROGS

LOCAL_COUNT: 78
GLOBAL_COUNT: 78

BASE_AFTER:
(begin
  (send
    (lvar :arg0) :count=
    (int 1))
  (send
    (hole 0 {:hash_depth=>0, :limit_depth=>true, :recv=>true}) :count=
    (hole 0 {:hash_depth=>0, :method_arg=>true}))
  (false))
BASETYPE: true or false
SIZE WORK_LIST: 161
SIZE generated: 4
EVALUABLE#: 3

-------------------------

----------------
TTYPES
true or false

PROGS

LOCAL_COUNT: 79
GLOBAL_COUNT: 79

BASE_AFTER:
(begin
  (send
    (lvar :arg0) :count=
    (int 1))
  (send
    (hole 0 {:hash_depth=>0, :limit_depth=>true, :recv=>true}) :diaspora_user=
    (hole 0 {:hash_depth=>0, :method_arg=>true}))
  (false))
BASETYPE: true or false
SIZE WORK_LIST: 163
SIZE generated: 1
EVALUABLE#: 0

-------------------------

----------------
TTYPES
Integer
Integer
Integer
Integer
Integer

PROGS

LOCAL_COUNT: 80
GLOBAL_COUNT: 80

BASE_AFTER:
(begin
  (send
    (lvar :arg0) :count=
    (int 0))
  (send
    (hole 0 {:hash_depth=>0, :limit_depth=>true, :recv=>true}) :count=
    (hole 0 {:hash_depth=>0, :method_arg=>true}))
  (int 0))
BASETYPE: Integer
SIZE WORK_LIST: 163
SIZE generated: 5
EVALUABLE#: 4

-------------------------

----------------
TTYPES
Integer

PROGS

LOCAL_COUNT: 81
GLOBAL_COUNT: 81

BASE_AFTER:
(begin
  (send
    (lvar :arg0) :count=
    (int 0))
  (send
    (hole 0 {:hash_depth=>0, :limit_depth=>true, :recv=>true}) :diaspora_user=
    (hole 0 {:hash_depth=>0, :method_arg=>true}))
  (int 0))
BASETYPE: Integer
SIZE WORK_LIST: 166
SIZE generated: 1
EVALUABLE#: 0

-------------------------

----------------
TTYPES
Integer
Integer
Integer
Integer
Integer

PROGS

LOCAL_COUNT: 82
GLOBAL_COUNT: 82

BASE_AFTER:
(begin
  (send
    (lvar :arg0) :count=
    (int 1))
  (send
    (hole 0 {:hash_depth=>0, :limit_depth=>true, :recv=>true}) :count=
    (hole 0 {:hash_depth=>0, :method_arg=>true}))
  (int 0))
BASETYPE: Integer
SIZE WORK_LIST: 166
SIZE generated: 5
EVALUABLE#: 4

-------------------------

----------------
TTYPES
Integer

PROGS

LOCAL_COUNT: 83
GLOBAL_COUNT: 83

BASE_AFTER:
(begin
  (send
    (lvar :arg0) :count=
    (int 1))
  (send
    (hole 0 {:hash_depth=>0, :limit_depth=>true, :recv=>true}) :diaspora_user=
    (hole 0 {:hash_depth=>0, :method_arg=>true}))
  (int 0))
BASETYPE: Integer
SIZE WORK_LIST: 169
SIZE generated: 1
EVALUABLE#: 0

-------------------------

----------------
TTYPES
Integer
Integer
Integer
Integer
Integer

PROGS

LOCAL_COUNT: 84
GLOBAL_COUNT: 84

BASE_AFTER:
(begin
  (lvasgn :t0
    (int 0))
  (send
    (lvar :arg0) :count=
    (lvar :t0))
  (send
    (hole 0 {:hash_depth=>0, :limit_depth=>true, :recv=>true}) :count=
    (hole 0 {:hash_depth=>0, :method_arg=>true}))
  (lvar :t0))
BASETYPE: Integer
SIZE WORK_LIST: 169
SIZE generated: 5
EVALUABLE#: 4

-------------------------

----------------
TTYPES
Integer

PROGS

LOCAL_COUNT: 85
GLOBAL_COUNT: 85

BASE_AFTER:
(begin
  (lvasgn :t0
    (int 0))
  (send
    (lvar :arg0) :count=
    (lvar :t0))
  (send
    (hole 0 {:hash_depth=>0, :limit_depth=>true, :recv=>true}) :diaspora_user=
    (hole 0 {:hash_depth=>0, :method_arg=>true}))
  (lvar :t0))
BASETYPE: Integer
SIZE WORK_LIST: 172
SIZE generated: 1
EVALUABLE#: 0

-------------------------

----------------
TTYPES
Integer
Integer
Integer
Integer
Integer

PROGS

LOCAL_COUNT: 86
GLOBAL_COUNT: 86

BASE_AFTER:
(begin
  (send
    (lvar :arg0) :count=
    (int 0))
  (send
    (hole 0 {:hash_depth=>0, :limit_depth=>true, :recv=>true}) :count=
    (hole 0 {:hash_depth=>0, :method_arg=>true}))
  (int 1))
BASETYPE: Integer
SIZE WORK_LIST: 172
SIZE generated: 5
EVALUABLE#: 4

-------------------------

----------------
TTYPES
Integer

PROGS

LOCAL_COUNT: 87
GLOBAL_COUNT: 87

BASE_AFTER:
(begin
  (send
    (lvar :arg0) :count=
    (int 0))
  (send
    (hole 0 {:hash_depth=>0, :limit_depth=>true, :recv=>true}) :diaspora_user=
    (hole 0 {:hash_depth=>0, :method_arg=>true}))
  (int 1))
BASETYPE: Integer
SIZE WORK_LIST: 175
SIZE generated: 1
EVALUABLE#: 0

-------------------------

----------------
TTYPES
Integer
Integer
Integer
Integer
Integer

PROGS

LOCAL_COUNT: 88
GLOBAL_COUNT: 88

BASE_AFTER:
(begin
  (send
    (lvar :arg0) :count=
    (int 1))
  (send
    (hole 0 {:hash_depth=>0, :limit_depth=>true, :recv=>true}) :count=
    (hole 0 {:hash_depth=>0, :method_arg=>true}))
  (int 1))
BASETYPE: Integer
SIZE WORK_LIST: 175
SIZE generated: 5
EVALUABLE#: 4

-------------------------

----------------
TTYPES
Integer

PROGS

LOCAL_COUNT: 89
GLOBAL_COUNT: 89

BASE_AFTER:
(begin
  (send
    (lvar :arg0) :count=
    (int 1))
  (send
    (hole 0 {:hash_depth=>0, :limit_depth=>true, :recv=>true}) :diaspora_user=
    (hole 0 {:hash_depth=>0, :method_arg=>true}))
  (int 1))
BASETYPE: Integer
SIZE WORK_LIST: 178
SIZE generated: 1
EVALUABLE#: 0

-------------------------

----------------
TTYPES
Integer
Integer
Integer
Integer
Integer

PROGS

LOCAL_COUNT: 90
GLOBAL_COUNT: 90

BASE_AFTER:
(begin
  (lvasgn :t0
    (int 1))
  (send
    (lvar :arg0) :count=
    (lvar :t0))
  (send
    (hole 0 {:hash_depth=>0, :limit_depth=>true, :recv=>true}) :count=
    (hole 0 {:hash_depth=>0, :method_arg=>true}))
  (lvar :t0))
BASETYPE: Integer
SIZE WORK_LIST: 178
SIZE generated: 5
EVALUABLE#: 4

-------------------------

----------------
TTYPES
Integer

PROGS

LOCAL_COUNT: 91
GLOBAL_COUNT: 91

BASE_AFTER:
(begin
  (lvasgn :t0
    (int 1))
  (send
    (lvar :arg0) :count=
    (lvar :t0))
  (send
    (hole 0 {:hash_depth=>0, :limit_depth=>true, :recv=>true}) :diaspora_user=
    (hole 0 {:hash_depth=>0, :method_arg=>true}))
  (lvar :t0))
BASETYPE: Integer
SIZE WORK_LIST: 181
SIZE generated: 1
EVALUABLE#: 0

-------------------------

----------------
TTYPES
Integer
Integer
Integer
Integer
Integer

PROGS

LOCAL_COUNT: 92
GLOBAL_COUNT: 92

BASE_AFTER:
(begin
  (send
    (lvar :arg0) :count=
    (int 0))
  (send
    (hole 0 {:hash_depth=>0, :limit_depth=>true, :recv=>true}) :count=
    (hole 0 {:hash_depth=>0, :method_arg=>true}))
  (int 2))
BASETYPE: Integer
SIZE WORK_LIST: 181
SIZE generated: 5
EVALUABLE#: 4

-------------------------

----------------
TTYPES
Integer

PROGS

LOCAL_COUNT: 93
GLOBAL_COUNT: 93

BASE_AFTER:
(begin
  (send
    (lvar :arg0) :count=
    (int 0))
  (send
    (hole 0 {:hash_depth=>0, :limit_depth=>true, :recv=>true}) :diaspora_user=
    (hole 0 {:hash_depth=>0, :method_arg=>true}))
  (int 2))
BASETYPE: Integer
SIZE WORK_LIST: 183
SIZE generated: 1
EVALUABLE#: 0

-------------------------

----------------
TTYPES
Integer
Integer
Integer
Integer
Integer

PROGS

LOCAL_COUNT: 94
GLOBAL_COUNT: 94

BASE_AFTER:
(begin
  (send
    (lvar :arg0) :count=
    (int 1))
  (send
    (hole 0 {:hash_depth=>0, :limit_depth=>true, :recv=>true}) :count=
    (hole 0 {:hash_depth=>0, :method_arg=>true}))
  (int 2))
BASETYPE: Integer
SIZE WORK_LIST: 183
SIZE generated: 5
EVALUABLE#: 4

-------------------------

----------------
TTYPES
Integer

PROGS

LOCAL_COUNT: 95
GLOBAL_COUNT: 95

BASE_AFTER:
(begin
  (send
    (lvar :arg0) :count=
    (int 1))
  (send
    (hole 0 {:hash_depth=>0, :limit_depth=>true, :recv=>true}) :diaspora_user=
    (hole 0 {:hash_depth=>0, :method_arg=>true}))
  (int 2))
BASETYPE: Integer
SIZE WORK_LIST: 185
SIZE generated: 1
EVALUABLE#: 0

-------------------------

----------------
TTYPES
String
String
String
String

PROGS

LOCAL_COUNT: 96
GLOBAL_COUNT: 96

BASE_AFTER:
(begin
  (send
    (lvar :arg0) :count=
    (int 0))
  (send
    (hole 0 {:hash_depth=>0, :limit_depth=>true, :recv=>true}) :count=
    (hole 0 {:hash_depth=>0, :method_arg=>true}))
  (str ""))
BASETYPE: String
SIZE WORK_LIST: 185
SIZE generated: 4
EVALUABLE#: 3

-------------------------

----------------
TTYPES
String

PROGS

LOCAL_COUNT: 97
GLOBAL_COUNT: 97

BASE_AFTER:
(begin
  (send
    (lvar :arg0) :count=
    (int 0))
  (send
    (hole 0 {:hash_depth=>0, :limit_depth=>true, :recv=>true}) :diaspora_user=
    (hole 0 {:hash_depth=>0, :method_arg=>true}))
  (str ""))
BASETYPE: String
SIZE WORK_LIST: 187
SIZE generated: 1
EVALUABLE#: 0

-------------------------

----------------
TTYPES
String
String
String
String

PROGS

LOCAL_COUNT: 98
GLOBAL_COUNT: 98

BASE_AFTER:
(begin
  (send
    (lvar :arg0) :count=
    (int 1))
  (send
    (hole 0 {:hash_depth=>0, :limit_depth=>true, :recv=>true}) :count=
    (hole 0 {:hash_depth=>0, :method_arg=>true}))
  (str ""))
BASETYPE: String
SIZE WORK_LIST: 187
SIZE generated: 4
EVALUABLE#: 3

-------------------------

----------------
TTYPES
String

PROGS

LOCAL_COUNT: 99
GLOBAL_COUNT: 99

BASE_AFTER:
(begin
  (send
    (lvar :arg0) :count=
    (int 1))
  (send
    (hole 0 {:hash_depth=>0, :limit_depth=>true, :recv=>true}) :diaspora_user=
    (hole 0 {:hash_depth=>0, :method_arg=>true}))
  (str ""))
BASETYPE: String
SIZE WORK_LIST: 189
SIZE generated: 1
EVALUABLE#: 0

-------------------------

----------------
TTYPES
Integer
Integer
Integer
Integer
Integer
Integer
Integer
Integer
Integer
Integer
Integer
Integer
Integer
Integer
Integer
Integer

PROGS

LOCAL_COUNT: 100
GLOBAL_COUNT: 100

BASE_AFTER:
(begin
  (send
    (send
      (filled-hole
        (lvar :arg0) {:method_arg=>false}) :id=
      (filled-hole
        (int 0)
        (int 1)
        (int 2)
        (hole 1 {:hash_depth=>0, :method_arg=>true, :variance=>:+}) {:method_arg=>true})) :-
    (filled-hole
      (int 0)
      (int 1)
      (int 2)
      (hole 1 {:hash_depth=>0, :method_arg=>true, :variance=>:+}) {:method_arg=>true})))
BASETYPE: Integer
SIZE WORK_LIST: 189
SIZE generated: 16
EVALUABLE#: 9

-------------------------

----------------
TTYPES
Integer
Integer
Integer
Integer

PROGS

LOCAL_COUNT: 101
GLOBAL_COUNT: 101

BASE_AFTER:
(begin
  (send
    (send
      (filled-hole
        (lvar :arg0) {:method_arg=>false}) :id) :-
    (filled-hole
      (int 0)
      (int 1)
      (int 2)
      (hole 1 {:hash_depth=>0, :method_arg=>true, :variance=>:+}) {:method_arg=>true})))
BASETYPE: Integer
SIZE WORK_LIST: 204
SIZE generated: 4
EVALUABLE#: 3

-------------------------

----------------
TTYPES
Integer
Integer
Integer
Integer
Integer
Integer
Integer
Integer
Integer
Integer
Integer
Integer
Integer
Integer
Integer
Integer

PROGS

LOCAL_COUNT: 102
GLOBAL_COUNT: 102

BASE_AFTER:
(begin
  (send
    (send
      (filled-hole
        (lvar :arg0) {:method_arg=>false}) :diaspora_user_id=
      (filled-hole
        (int 0)
        (int 1)
        (int 2)
        (hole 1 {:hash_depth=>0, :method_arg=>true, :variance=>:+}) {:method_arg=>true})) :-
    (filled-hole
      (int 0)
      (int 1)
      (int 2)
      (hole 1 {:hash_depth=>0, :method_arg=>true, :variance=>:+}) {:method_arg=>true})))
BASETYPE: Integer
SIZE WORK_LIST: 207
SIZE generated: 16
EVALUABLE#: 9

-------------------------

----------------
TTYPES
Integer
Integer
Integer
Integer

PROGS

LOCAL_COUNT: 103
GLOBAL_COUNT: 103

BASE_AFTER:
(begin
  (send
    (send
      (filled-hole
        (lvar :arg0) {:method_arg=>false}) :diaspora_user_id) :-
    (filled-hole
      (int 0)
      (int 1)
      (int 2)
      (hole 1 {:hash_depth=>0, :method_arg=>true, :variance=>:+}) {:method_arg=>true})))
BASETYPE: Integer
SIZE WORK_LIST: 222
SIZE generated: 4
EVALUABLE#: 3

-------------------------

----------------
TTYPES
Integer
Integer
Integer
Integer
Integer
Integer
Integer
Integer
Integer
Integer
Integer
Integer
Integer
Integer
Integer
Integer

PROGS

LOCAL_COUNT: 104
GLOBAL_COUNT: 104

BASE_AFTER:
(begin
  (send
    (send
      (filled-hole
        (lvar :arg0) {:method_arg=>false}) :count=
      (filled-hole
        (int 0)
        (int 1)
        (int 2)
        (hole 1 {:hash_depth=>0, :method_arg=>true, :variance=>:+}) {:method_arg=>true})) :-
    (filled-hole
      (int 0)
      (int 1)
      (int 2)
      (hole 1 {:hash_depth=>0, :method_arg=>true, :variance=>:+}) {:method_arg=>true})))
BASETYPE: Integer
SIZE WORK_LIST: 222
SIZE generated: 16
EVALUABLE#: 9

-------------------------

----------------
TTYPES
Integer
Integer
Integer
Integer

PROGS

LOCAL_COUNT: 105
GLOBAL_COUNT: 105

BASE_AFTER:
(begin
  (send
    (begin
      (send
        (filled-hole
          (lvar :arg0) {:method_arg=>false}) :count)) :-
    (filled-hole
      (int 0)
      (int 1)
      (int 2)
      (hole 1 {:hash_depth=>0, :method_arg=>true, :variance=>:+}) {:method_arg=>true})))
BASETYPE: Integer
SIZE WORK_LIST: 234
SIZE generated: 4
EVALUABLE#: 3

-------------------------

----------------
TTYPES
true or false
true or false
true or false
true or false

PROGS

LOCAL_COUNT: 106
GLOBAL_COUNT: 106

BASE_AFTER:
(begin
  (send
    (lvar :arg0) :count=
    (send
      (hole 0 {:hash_depth=>0, :limit_depth=>true, :recv=>true}) :id=
      (hole 0 {:hash_depth=>0, :method_arg=>true})))
  (true))
BASETYPE: true or false
SIZE WORK_LIST: 237
SIZE generated: 4
EVALUABLE#: 3

-------------------------

----------------
TTYPES
true or false

PROGS

LOCAL_COUNT: 107
GLOBAL_COUNT: 107

BASE_AFTER:
(begin
  (send
    (lvar :arg0) :count=
    (send
      (hole 0 {:hash_depth=>0, :limit_depth=>true, :recv=>true}) :id))
  (true))
BASETYPE: true or false
SIZE WORK_LIST: 239
SIZE generated: 1
EVALUABLE#: 1

-------------------------

----------------
TTYPES
true or false
true or false
true or false
true or false

PROGS

LOCAL_COUNT: 108
GLOBAL_COUNT: 108

BASE_AFTER:
(begin
  (send
    (lvar :arg0) :count=
    (send
      (hole 0 {:hash_depth=>0, :limit_depth=>true, :recv=>true}) :diaspora_user_id=
      (hole 0 {:hash_depth=>0, :method_arg=>true})))
  (true))
BASETYPE: true or false
SIZE WORK_LIST: 239
SIZE generated: 4
EVALUABLE#: 3

-------------------------

----------------
TTYPES
true or false

PROGS

LOCAL_COUNT: 109
GLOBAL_COUNT: 109

BASE_AFTER:
(begin
  (send
    (lvar :arg0) :count=
    (send
      (hole 0 {:hash_depth=>0, :limit_depth=>true, :recv=>true}) :diaspora_user_id))
  (true))
BASETYPE: true or false
SIZE WORK_LIST: 241
SIZE generated: 1
EVALUABLE#: 1

-------------------------

----------------
TTYPES
true or false
true or false
true or false
true or false

PROGS

LOCAL_COUNT: 110
GLOBAL_COUNT: 110

BASE_AFTER:
(begin
  (send
    (lvar :arg0) :count=
    (send
      (hole 0 {:hash_depth=>0, :limit_depth=>true, :recv=>true}) :count=
      (hole 0 {:hash_depth=>0, :method_arg=>true})))
  (true))
BASETYPE: true or false
SIZE WORK_LIST: 240
SIZE generated: 4
EVALUABLE#: 3

-------------------------

----------------
TTYPES
true or false

PROGS

LOCAL_COUNT: 111
GLOBAL_COUNT: 111

BASE_AFTER:
(begin
  (send
    (lvar :arg0) :count=
    (begin
      (send
        (hole 0 {:hash_depth=>0, :limit_depth=>true, :recv=>true}) :count)))
  (true))
BASETYPE: true or false
SIZE WORK_LIST: 242
SIZE generated: 1
EVALUABLE#: 1

-------------------------

----------------
TTYPES
true or false

PROGS

LOCAL_COUNT: 113
GLOBAL_COUNT: 112

BASE_AFTER:
(begin
  (send
    (lvar :arg0) :diaspora_user=
    (send
      (hole 0 {:hash_depth=>0, :limit_depth=>true, :recv=>true}) :diaspora_user))
  (true))
BASETYPE: true or false
SIZE WORK_LIST: 241
SIZE generated: 1
EVALUABLE#: 1

-------------------------

----------------
TTYPES
true or false

PROGS

LOCAL_COUNT: 114
GLOBAL_COUNT: 113

BASE_AFTER:
(begin
  (send
    (lvar :arg0) :diaspora_user=
    (send
      (hole 0 {:hash_depth=>0, :limit_depth=>true, :recv=>true}) :diaspora_user=
      (hole 0 {:hash_depth=>0, :method_arg=>true})))
  (true))
BASETYPE: true or false
SIZE WORK_LIST: 241
SIZE generated: 1
EVALUABLE#: 0

-------------------------

----------------
TTYPES
true or false
true or false
true or false
true or false

PROGS

LOCAL_COUNT: 115
GLOBAL_COUNT: 114

BASE_AFTER:
(begin
  (send
    (lvar :arg0) :count=
    (send
      (hole 0 {:hash_depth=>0, :limit_depth=>true, :recv=>true}) :id=
      (hole 0 {:hash_depth=>0, :method_arg=>true})))
  (false))
BASETYPE: true or false
SIZE WORK_LIST: 241
SIZE generated: 4
EVALUABLE#: 3

-------------------------

----------------
TTYPES
true or false

PROGS

LOCAL_COUNT: 116
GLOBAL_COUNT: 115

BASE_AFTER:
(begin
  (send
    (lvar :arg0) :count=
    (send
      (hole 0 {:hash_depth=>0, :limit_depth=>true, :recv=>true}) :id))
  (false))
BASETYPE: true or false
SIZE WORK_LIST: 243
SIZE generated: 1
EVALUABLE#: 1

-------------------------

----------------
TTYPES
true or false
true or false
true or false
true or false

PROGS

LOCAL_COUNT: 117
GLOBAL_COUNT: 116

BASE_AFTER:
(begin
  (send
    (lvar :arg0) :count=
    (send
      (hole 0 {:hash_depth=>0, :limit_depth=>true, :recv=>true}) :diaspora_user_id=
      (hole 0 {:hash_depth=>0, :method_arg=>true})))
  (false))
BASETYPE: true or false
SIZE WORK_LIST: 243
SIZE generated: 4
EVALUABLE#: 3

-------------------------

----------------
TTYPES
true or false

PROGS

LOCAL_COUNT: 118
GLOBAL_COUNT: 117

BASE_AFTER:
(begin
  (send
    (lvar :arg0) :count=
    (send
      (hole 0 {:hash_depth=>0, :limit_depth=>true, :recv=>true}) :diaspora_user_id))
  (false))
BASETYPE: true or false
SIZE WORK_LIST: 245
SIZE generated: 1
EVALUABLE#: 1

-------------------------

----------------
TTYPES
true or false
true or false
true or false
true or false

PROGS

LOCAL_COUNT: 119
GLOBAL_COUNT: 118

BASE_AFTER:
(begin
  (send
    (lvar :arg0) :count=
    (send
      (hole 0 {:hash_depth=>0, :limit_depth=>true, :recv=>true}) :count=
      (hole 0 {:hash_depth=>0, :method_arg=>true})))
  (false))
BASETYPE: true or false
SIZE WORK_LIST: 244
SIZE generated: 4
EVALUABLE#: 3

-------------------------

----------------
TTYPES
true or false

PROGS

LOCAL_COUNT: 120
GLOBAL_COUNT: 119

BASE_AFTER:
(begin
  (send
    (lvar :arg0) :count=
    (begin
      (send
        (hole 0 {:hash_depth=>0, :limit_depth=>true, :recv=>true}) :count)))
  (false))
BASETYPE: true or false
SIZE WORK_LIST: 246
SIZE generated: 1
EVALUABLE#: 1

-------------------------

----------------
TTYPES
true or false

PROGS

LOCAL_COUNT: 122
GLOBAL_COUNT: 120

BASE_AFTER:
(begin
  (send
    (lvar :arg0) :diaspora_user=
    (send
      (hole 0 {:hash_depth=>0, :limit_depth=>true, :recv=>true}) :diaspora_user))
  (false))
BASETYPE: true or false
SIZE WORK_LIST: 245
SIZE generated: 1
EVALUABLE#: 1

-------------------------

----------------
TTYPES
true or false

PROGS

LOCAL_COUNT: 123
GLOBAL_COUNT: 121

BASE_AFTER:
(begin
  (send
    (lvar :arg0) :diaspora_user=
    (send
      (hole 0 {:hash_depth=>0, :limit_depth=>true, :recv=>true}) :diaspora_user=
      (hole 0 {:hash_depth=>0, :method_arg=>true})))
  (false))
BASETYPE: true or false
SIZE WORK_LIST: 245
SIZE generated: 1
EVALUABLE#: 0

-------------------------

----------------
TTYPES
Integer
Integer
Integer
Integer
Integer

PROGS

LOCAL_COUNT: 124
GLOBAL_COUNT: 122

BASE_AFTER:
(begin
  (send
    (lvar :arg0) :count=
    (send
      (hole 0 {:hash_depth=>0, :limit_depth=>true, :recv=>true}) :id=
      (hole 0 {:hash_depth=>0, :method_arg=>true})))
  (int 0))
BASETYPE: Integer
SIZE WORK_LIST: 245
SIZE generated: 5
EVALUABLE#: 4

-------------------------

----------------
TTYPES
Integer

PROGS

LOCAL_COUNT: 125
GLOBAL_COUNT: 123

BASE_AFTER:
(begin
  (send
    (lvar :arg0) :count=
    (send
      (hole 0 {:hash_depth=>0, :limit_depth=>true, :recv=>true}) :id))
  (int 0))
BASETYPE: Integer
SIZE WORK_LIST: 248
SIZE generated: 1
EVALUABLE#: 1

-------------------------

----------------
TTYPES
Integer
Integer
Integer
Integer
Integer

PROGS

LOCAL_COUNT: 126
GLOBAL_COUNT: 124

BASE_AFTER:
(begin
  (send
    (lvar :arg0) :count=
    (send
      (hole 0 {:hash_depth=>0, :limit_depth=>true, :recv=>true}) :diaspora_user_id=
      (hole 0 {:hash_depth=>0, :method_arg=>true})))
  (int 0))
BASETYPE: Integer
SIZE WORK_LIST: 248
SIZE generated: 5
EVALUABLE#: 4

-------------------------

----------------
TTYPES
Integer

PROGS

LOCAL_COUNT: 127
GLOBAL_COUNT: 125

BASE_AFTER:
(begin
  (send
    (lvar :arg0) :count=
    (send
      (hole 0 {:hash_depth=>0, :limit_depth=>true, :recv=>true}) :diaspora_user_id))
  (int 0))
BASETYPE: Integer
SIZE WORK_LIST: 251
SIZE generated: 1
EVALUABLE#: 1

-------------------------

----------------
TTYPES
Integer
Integer
Integer
Integer
Integer

PROGS

LOCAL_COUNT: 128
GLOBAL_COUNT: 126

BASE_AFTER:
(begin
  (send
    (lvar :arg0) :count=
    (send
      (hole 0 {:hash_depth=>0, :limit_depth=>true, :recv=>true}) :count=
      (hole 0 {:hash_depth=>0, :method_arg=>true})))
  (int 0))
BASETYPE: Integer
SIZE WORK_LIST: 250
SIZE generated: 5
EVALUABLE#: 4

-------------------------

----------------
TTYPES
Integer

PROGS

LOCAL_COUNT: 129
GLOBAL_COUNT: 127

BASE_AFTER:
(begin
  (send
    (lvar :arg0) :count=
    (begin
      (send
        (hole 0 {:hash_depth=>0, :limit_depth=>true, :recv=>true}) :count)))
  (int 0))
BASETYPE: Integer
SIZE WORK_LIST: 253
SIZE generated: 1
EVALUABLE#: 1

-------------------------

----------------
TTYPES
Integer

PROGS

LOCAL_COUNT: 131
GLOBAL_COUNT: 128

BASE_AFTER:
(begin
  (send
    (lvar :arg0) :diaspora_user=
    (send
      (hole 0 {:hash_depth=>0, :limit_depth=>true, :recv=>true}) :diaspora_user))
  (int 0))
BASETYPE: Integer
SIZE WORK_LIST: 252
SIZE generated: 1
EVALUABLE#: 1

-------------------------

----------------
TTYPES
Integer

PROGS

LOCAL_COUNT: 132
GLOBAL_COUNT: 129

BASE_AFTER:
(begin
  (send
    (lvar :arg0) :diaspora_user=
    (send
      (hole 0 {:hash_depth=>0, :limit_depth=>true, :recv=>true}) :diaspora_user=
      (hole 0 {:hash_depth=>0, :method_arg=>true})))
  (int 0))
BASETYPE: Integer
SIZE WORK_LIST: 252
SIZE generated: 1
EVALUABLE#: 0

-------------------------

----------------
TTYPES
Integer
Integer
Integer
Integer
Integer

PROGS

LOCAL_COUNT: 133
GLOBAL_COUNT: 130

BASE_AFTER:
(begin
  (send
    (lvar :arg0) :count=
    (send
      (hole 0 {:hash_depth=>0, :limit_depth=>true, :recv=>true}) :id=
      (hole 0 {:hash_depth=>0, :method_arg=>true})))
  (int 1))
BASETYPE: Integer
SIZE WORK_LIST: 252
SIZE generated: 5
EVALUABLE#: 4

-------------------------

----------------
TTYPES
Integer

PROGS

LOCAL_COUNT: 134
GLOBAL_COUNT: 131

BASE_AFTER:
(begin
  (send
    (lvar :arg0) :count=
    (send
      (hole 0 {:hash_depth=>0, :limit_depth=>true, :recv=>true}) :id))
  (int 1))
BASETYPE: Integer
SIZE WORK_LIST: 255
SIZE generated: 1
EVALUABLE#: 1

-------------------------

----------------
TTYPES
Integer
Integer
Integer
Integer
Integer

PROGS

LOCAL_COUNT: 135
GLOBAL_COUNT: 132

BASE_AFTER:
(begin
  (send
    (lvar :arg0) :count=
    (send
      (hole 0 {:hash_depth=>0, :limit_depth=>true, :recv=>true}) :diaspora_user_id=
      (hole 0 {:hash_depth=>0, :method_arg=>true})))
  (int 1))
BASETYPE: Integer
SIZE WORK_LIST: 255
SIZE generated: 5
EVALUABLE#: 4

-------------------------

----------------
TTYPES
Integer

PROGS

LOCAL_COUNT: 136
GLOBAL_COUNT: 133

BASE_AFTER:
(begin
  (send
    (lvar :arg0) :count=
    (send
      (hole 0 {:hash_depth=>0, :limit_depth=>true, :recv=>true}) :diaspora_user_id))
  (int 1))
BASETYPE: Integer
SIZE WORK_LIST: 258
SIZE generated: 1
EVALUABLE#: 1

-------------------------

----------------
TTYPES
Integer
Integer
Integer
Integer
Integer

PROGS

LOCAL_COUNT: 137
GLOBAL_COUNT: 134

BASE_AFTER:
(begin
  (send
    (lvar :arg0) :count=
    (send
      (hole 0 {:hash_depth=>0, :limit_depth=>true, :recv=>true}) :count=
      (hole 0 {:hash_depth=>0, :method_arg=>true})))
  (int 1))
BASETYPE: Integer
SIZE WORK_LIST: 257
SIZE generated: 5
EVALUABLE#: 4

-------------------------

----------------
TTYPES
Integer

PROGS

LOCAL_COUNT: 138
GLOBAL_COUNT: 135

BASE_AFTER:
(begin
  (send
    (lvar :arg0) :count=
    (begin
      (send
        (hole 0 {:hash_depth=>0, :limit_depth=>true, :recv=>true}) :count)))
  (int 1))
BASETYPE: Integer
SIZE WORK_LIST: 260
SIZE generated: 1
EVALUABLE#: 1

-------------------------

----------------
TTYPES
Integer

PROGS

LOCAL_COUNT: 140
GLOBAL_COUNT: 136

BASE_AFTER:
(begin
  (send
    (lvar :arg0) :diaspora_user=
    (send
      (hole 0 {:hash_depth=>0, :limit_depth=>true, :recv=>true}) :diaspora_user))
  (int 1))
BASETYPE: Integer
SIZE WORK_LIST: 259
SIZE generated: 1
EVALUABLE#: 1

-------------------------

----------------
TTYPES
Integer

PROGS

LOCAL_COUNT: 141
GLOBAL_COUNT: 137

BASE_AFTER:
(begin
  (send
    (lvar :arg0) :diaspora_user=
    (send
      (hole 0 {:hash_depth=>0, :limit_depth=>true, :recv=>true}) :diaspora_user=
      (hole 0 {:hash_depth=>0, :method_arg=>true})))
  (int 1))
BASETYPE: Integer
SIZE WORK_LIST: 259
SIZE generated: 1
EVALUABLE#: 0

-------------------------

----------------
TTYPES
Integer
Integer
Integer
Integer
Integer

PROGS

LOCAL_COUNT: 142
GLOBAL_COUNT: 138

BASE_AFTER:
(begin
  (send
    (lvar :arg0) :count=
    (send
      (hole 0 {:hash_depth=>0, :limit_depth=>true, :recv=>true}) :id=
      (hole 0 {:hash_depth=>0, :method_arg=>true})))
  (int 2))
BASETYPE: Integer
SIZE WORK_LIST: 259
SIZE generated: 5
EVALUABLE#: 4

-------------------------

----------------
TTYPES
Integer

PROGS

LOCAL_COUNT: 143
GLOBAL_COUNT: 139

BASE_AFTER:
(begin
  (send
    (lvar :arg0) :count=
    (send
      (hole 0 {:hash_depth=>0, :limit_depth=>true, :recv=>true}) :id))
  (int 2))
BASETYPE: Integer
SIZE WORK_LIST: 261
SIZE generated: 1
EVALUABLE#: 1

-------------------------

----------------
TTYPES
Integer
Integer
Integer
Integer
Integer

PROGS

LOCAL_COUNT: 144
GLOBAL_COUNT: 140

BASE_AFTER:
(begin
  (send
    (lvar :arg0) :count=
    (send
      (hole 0 {:hash_depth=>0, :limit_depth=>true, :recv=>true}) :diaspora_user_id=
      (hole 0 {:hash_depth=>0, :method_arg=>true})))
  (int 2))
BASETYPE: Integer
SIZE WORK_LIST: 261
SIZE generated: 5
EVALUABLE#: 4

-------------------------

----------------
TTYPES
Integer

PROGS

LOCAL_COUNT: 145
GLOBAL_COUNT: 141

BASE_AFTER:
(begin
  (send
    (lvar :arg0) :count=
    (send
      (hole 0 {:hash_depth=>0, :limit_depth=>true, :recv=>true}) :diaspora_user_id))
  (int 2))
BASETYPE: Integer
SIZE WORK_LIST: 263
SIZE generated: 1
EVALUABLE#: 1

-------------------------

----------------
TTYPES
Integer
Integer
Integer
Integer
Integer

PROGS

LOCAL_COUNT: 146
GLOBAL_COUNT: 142

BASE_AFTER:
(begin
  (send
    (lvar :arg0) :count=
    (send
      (hole 0 {:hash_depth=>0, :limit_depth=>true, :recv=>true}) :count=
      (hole 0 {:hash_depth=>0, :method_arg=>true})))
  (int 2))
BASETYPE: Integer
SIZE WORK_LIST: 262
SIZE generated: 5
EVALUABLE#: 4

-------------------------

----------------
TTYPES
Integer

PROGS

LOCAL_COUNT: 147
GLOBAL_COUNT: 143

BASE_AFTER:
(begin
  (send
    (lvar :arg0) :count=
    (begin
      (send
        (hole 0 {:hash_depth=>0, :limit_depth=>true, :recv=>true}) :count)))
  (int 2))
BASETYPE: Integer
SIZE WORK_LIST: 264
SIZE generated: 1
EVALUABLE#: 1

-------------------------

----------------
TTYPES
Integer

PROGS

LOCAL_COUNT: 149
GLOBAL_COUNT: 144

BASE_AFTER:
(begin
  (send
    (lvar :arg0) :diaspora_user=
    (send
      (hole 0 {:hash_depth=>0, :limit_depth=>true, :recv=>true}) :diaspora_user))
  (int 2))
BASETYPE: Integer
SIZE WORK_LIST: 263
SIZE generated: 1
EVALUABLE#: 1

-------------------------

----------------
TTYPES
Integer

PROGS

LOCAL_COUNT: 150
GLOBAL_COUNT: 145

BASE_AFTER:
(begin
  (send
    (lvar :arg0) :diaspora_user=
    (send
      (hole 0 {:hash_depth=>0, :limit_depth=>true, :recv=>true}) :diaspora_user=
      (hole 0 {:hash_depth=>0, :method_arg=>true})))
  (int 2))
BASETYPE: Integer
SIZE WORK_LIST: 263
SIZE generated: 1
EVALUABLE#: 0

-------------------------

----------------
TTYPES
true or false
true or false
Integer
Integer
Integer
String
%bot

PROGS

LOCAL_COUNT: 1
GLOBAL_COUNT: 146

BASE_AFTER:
(filled-hole
  (true)
  (false)
  (int 0)
  (int 1)
  (int 2)
  (str "")
  (hole 1 {:hash_depth=>0, :method_arg=>false, :variance=>:-}) {:method_arg=>false})
BASETYPE: %bot
SIZE WORK_LIST: 0
SIZE generated: 7
EVALUABLE#: 6

-------------------------

----------------
TTYPES
true or false
true or false

PROGS

LOCAL_COUNT: 2
GLOBAL_COUNT: 147

BASE_AFTER:
(true)
BASETYPE: true or false
SIZE WORK_LIST: 6
SIZE generated: 2
EVALUABLE#: 0

-------------------------

----------------
TTYPES
true or false
true or false

PROGS

LOCAL_COUNT: 3
GLOBAL_COUNT: 148

BASE_AFTER:
(false)
BASETYPE: true or false
SIZE WORK_LIST: 7
SIZE generated: 2
EVALUABLE#: 0

-------------------------

----------------
TTYPES
Integer
Integer

PROGS

LOCAL_COUNT: 4
GLOBAL_COUNT: 149

BASE_AFTER:
(int 0)
BASETYPE: Integer
SIZE WORK_LIST: 8
SIZE generated: 2
EVALUABLE#: 0

-------------------------

----------------
TTYPES
Integer
Integer

PROGS

LOCAL_COUNT: 5
GLOBAL_COUNT: 150

BASE_AFTER:
(int 1)
BASETYPE: Integer
SIZE WORK_LIST: 9
SIZE generated: 2
EVALUABLE#: 0

-------------------------

----------------
TTYPES
Integer
Integer

PROGS

LOCAL_COUNT: 6
GLOBAL_COUNT: 151

BASE_AFTER:
(int 2)
BASETYPE: Integer
SIZE WORK_LIST: 10
SIZE generated: 2
EVALUABLE#: 0

-------------------------

----------------
TTYPES
String
String

PROGS

LOCAL_COUNT: 7
GLOBAL_COUNT: 152

BASE_AFTER:
(str "")
BASETYPE: String
SIZE WORK_LIST: 11
SIZE generated: 2
EVALUABLE#: 0

-------------------------

----------------
TTYPES
%bot

PROGS

LOCAL_COUNT: 8
GLOBAL_COUNT: 153

BASE_AFTER:
(filled-hole
  (hole 2 {:hash_depth=>0, :method_arg=>false, :variance=>:-}) {:method_arg=>false})
BASETYPE: %bot
SIZE WORK_LIST: 12
SIZE generated: 1
EVALUABLE#: 0

-------------------------

----------------
TTYPES
true or false
true or false
true or false
true or false

PROGS

LOCAL_COUNT: 9
GLOBAL_COUNT: 154

BASE_AFTER:
(begin
  (send
    (hole 0 {:hash_depth=>0, :limit_depth=>true, :recv=>true}) :count=
    (hole 0 {:hash_depth=>0, :method_arg=>true}))
  (true))
BASETYPE: true or false
SIZE WORK_LIST: 12
SIZE generated: 4
EVALUABLE#: 3

-------------------------

----------------
TTYPES
true or false

PROGS

LOCAL_COUNT: 1
GLOBAL_COUNT: 155

BASE_AFTER:
(filled-hole
  (hole 1 {:hash_depth=>0, :method_arg=>false, :variance=>:+}) {:method_arg=>false})
BASETYPE: true or false
SIZE WORK_LIST: 0
SIZE generated: 1
EVALUABLE#: 0

-------------------------

----------------
TTYPES
true or false
true or false

PROGS

LOCAL_COUNT: 2
GLOBAL_COUNT: 156

BASE_AFTER:
(filled-hole
  (begin
    (send
      (hole 0 {:hash_depth=>0, :limit_depth=>true, :recv=>true}) :-
      (hole 0 {:hash_depth=>0, :method_arg=>true})))
  (begin
    (send
      (hole 0 {:hash_depth=>0, :limit_depth=>true, :recv=>true}) :save))
  (begin
    (send
      (hole 0 {:hash_depth=>0, :limit_depth=>true, :recv=>true}) :count))
  (begin
    (send
      (hole 0 {:hash_depth=>0, :limit_depth=>true, :recv=>true}) :-
      (hole 0 {:hash_depth=>0, :method_arg=>true})))
  (begin
    (send
      (hole 0 {:hash_depth=>0, :limit_depth=>true, :recv=>true}) :save))
  (hole 2 {:hash_depth=>0, :method_arg=>false, :variance=>:+}) {:method_arg=>false})
BASETYPE: true or false
SIZE WORK_LIST: 0
SIZE generated: 2
EVALUABLE#: 0

-------------------------

----------------
TTYPES
true or false

PROGS

LOCAL_COUNT: 3
GLOBAL_COUNT: 157

BASE_AFTER:
(begin
  (send
    (filled-hole
      (lvar InvitationCode(id: integer, token: string, diaspora_user_id: integer, count: integer)) {:method_arg=>false}) :save))
BASETYPE: true or false
SIZE WORK_LIST: 1
SIZE generated: 1
EVALUABLE#: 1

-------------------------

----------------
TTYPES
Integer
true or false
Integer
true or false
true or false
true or false
Integer
true or false
Integer
true or false
Integer
true or false
Integer
true or false
true or false
true or false
true or false
true or false
true or false
true or false
true or false
true or false
true or false
true or false
true or false
true or false
true or false
true or false
true or false
true or false
true or false
true or false
true or false
true or false
true or false
true or false
Integer
true or false
true or false
true or false
true or false
true or false
true or false
true or false
true or false
true or false
true or false
true or false
true or false
true or false
true or false
true or false
true or false
true or false
true or false
true or false
true or false
true or false
true or false
Integer
true or false
true or false

PROGS

LOCAL_COUNT: 4
GLOBAL_COUNT: 158

BASE_AFTER:
(filled-hole
  (begin
    (send
      (send
        (hole 0 {:hash_depth=>0, :limit_depth=>true, :recv=>true}) :id=
        (hole 0 {:hash_depth=>0, :method_arg=>true})) :-
      (hole 0 {:hash_depth=>0, :method_arg=>true})))
  (begin
    (send
      (send
        (hole 0 {:hash_depth=>0, :limit_depth=>true, :recv=>true}) :id=
        (hole 0 {:hash_depth=>0, :method_arg=>true})) :-
      (hole 0 {:hash_depth=>0, :method_arg=>true})))
  (begin
    (send
      (send
        (hole 0 {:hash_depth=>0, :limit_depth=>true, :recv=>true}) :id=
        (hole 0 {:hash_depth=>0, :method_arg=>true})) :-
      (hole 0 {:hash_depth=>0, :method_arg=>true})))
  (begin
    (send
      (send
        (hole 0 {:hash_depth=>0, :limit_depth=>true, :recv=>true}) :id=
        (hole 0 {:hash_depth=>0, :method_arg=>true})) :count))
  (begin
    (send
      (send
        (hole 0 {:hash_depth=>0, :limit_depth=>true, :recv=>true}) :id=
        (hole 0 {:hash_depth=>0, :method_arg=>true})) :save))
  (begin
    (send
      (send
        (hole 0 {:hash_depth=>0, :limit_depth=>true, :recv=>true}) :id) :-
      (hole 0 {:hash_depth=>0, :method_arg=>true})))
  (begin
    (send
      (send
        (hole 0 {:hash_depth=>0, :limit_depth=>true, :recv=>true}) :id) :-
      (hole 0 {:hash_depth=>0, :method_arg=>true})))
  (begin
    (send
      (send
        (hole 0 {:hash_depth=>0, :limit_depth=>true, :recv=>true}) :id) :-
      (hole 0 {:hash_depth=>0, :method_arg=>true})))
  (begin
    (send
      (send
        (hole 0 {:hash_depth=>0, :limit_depth=>true, :recv=>true}) :id) :count))
  (begin
    (send
      (send
        (hole 0 {:hash_depth=>0, :limit_depth=>true, :recv=>true}) :id) :save))
  (begin
    (send
      (send
        (hole 0 {:hash_depth=>0, :limit_depth=>true, :recv=>true}) :token=
        (hole 0 {:hash_depth=>0, :method_arg=>true})) :count))
  (begin
    (send
      (send
        (hole 0 {:hash_depth=>0, :limit_depth=>true, :recv=>true}) :token=
        (hole 0 {:hash_depth=>0, :method_arg=>true})) :-
      (hole 0 {:hash_depth=>0, :method_arg=>true})))
  (begin
    (send
      (send
        (hole 0 {:hash_depth=>0, :limit_depth=>true, :recv=>true}) :token=
        (hole 0 {:hash_depth=>0, :method_arg=>true})) :save))
  (begin
    (send
      (send
        (hole 0 {:hash_depth=>0, :limit_depth=>true, :recv=>true}) :token) :count))
  (begin
    (send
      (send
        (hole 0 {:hash_depth=>0, :limit_depth=>true, :recv=>true}) :token) :-
      (hole 0 {:hash_depth=>0, :method_arg=>true})))
  (begin
    (send
      (send
        (hole 0 {:hash_depth=>0, :limit_depth=>true, :recv=>true}) :token) :save))
  (begin
    (send
      (send
        (hole 0 {:hash_depth=>0, :limit_depth=>true, :recv=>true}) :diaspora_user_id=
        (hole 0 {:hash_depth=>0, :method_arg=>true})) :-
      (hole 0 {:hash_depth=>0, :method_arg=>true})))
  (begin
    (send
      (send
        (hole 0 {:hash_depth=>0, :limit_depth=>true, :recv=>true}) :diaspora_user_id=
        (hole 0 {:hash_depth=>0, :method_arg=>true})) :-
      (hole 0 {:hash_depth=>0, :method_arg=>true})))
  (begin
    (send
      (send
        (hole 0 {:hash_depth=>0, :limit_depth=>true, :recv=>true}) :diaspora_user_id=
        (hole 0 {:hash_depth=>0, :method_arg=>true})) :-
      (hole 0 {:hash_depth=>0, :method_arg=>true})))
  (begin
    (send
      (send
        (hole 0 {:hash_depth=>0, :limit_depth=>true, :recv=>true}) :diaspora_user_id=
        (hole 0 {:hash_depth=>0, :method_arg=>true})) :count))
  (begin
    (send
      (send
        (hole 0 {:hash_depth=>0, :limit_depth=>true, :recv=>true}) :diaspora_user_id=
        (hole 0 {:hash_depth=>0, :method_arg=>true})) :save))
  (begin
    (send
      (send
        (hole 0 {:hash_depth=>0, :limit_depth=>true, :recv=>true}) :diaspora_user_id) :-
      (hole 0 {:hash_depth=>0, :method_arg=>true})))
  (begin
    (send
      (send
        (hole 0 {:hash_depth=>0, :limit_depth=>true, :recv=>true}) :diaspora_user_id) :-
      (hole 0 {:hash_depth=>0, :method_arg=>true})))
  (begin
    (send
      (send
        (hole 0 {:hash_depth=>0, :limit_depth=>true, :recv=>true}) :diaspora_user_id) :-
      (hole 0 {:hash_depth=>0, :method_arg=>true})))
  (begin
    (send
      (send
        (hole 0 {:hash_depth=>0, :limit_depth=>true, :recv=>true}) :diaspora_user_id) :count))
  (begin
    (send
      (send
        (hole 0 {:hash_depth=>0, :limit_depth=>true, :recv=>true}) :diaspora_user_id) :save))
  (begin
    (send
      (send
        (hole 0 {:hash_depth=>0, :limit_depth=>true, :recv=>true}) :count=
        (hole 0 {:hash_depth=>0, :method_arg=>true})) :-
      (hole 0 {:hash_depth=>0, :method_arg=>true})))
  (begin
    (send
      (send
        (hole 0 {:hash_depth=>0, :limit_depth=>true, :recv=>true}) :count=
        (hole 0 {:hash_depth=>0, :method_arg=>true})) :-
      (hole 0 {:hash_depth=>0, :method_arg=>true})))
  (begin
    (send
      (send
        (hole 0 {:hash_depth=>0, :limit_depth=>true, :recv=>true}) :count=
        (hole 0 {:hash_depth=>0, :method_arg=>true})) :-
      (hole 0 {:hash_depth=>0, :method_arg=>true})))
  (begin
    (send
      (send
        (hole 0 {:hash_depth=>0, :limit_depth=>true, :recv=>true}) :count=
        (hole 0 {:hash_depth=>0, :method_arg=>true})) :count))
  (begin
    (send
      (send
        (hole 0 {:hash_depth=>0, :limit_depth=>true, :recv=>true}) :count=
        (hole 0 {:hash_depth=>0, :method_arg=>true})) :save))
  (begin
    (send
      (begin
        (send
          (hole 0 {:hash_depth=>0, :limit_depth=>true, :recv=>true}) :count)) :-
      (hole 0 {:hash_depth=>0, :method_arg=>true})))
  (begin
    (send
      (begin
        (send
          (hole 0 {:hash_depth=>0, :limit_depth=>true, :recv=>true}) :count)) :-
      (hole 0 {:hash_depth=>0, :method_arg=>true})))
  (begin
    (send
      (begin
        (send
          (hole 0 {:hash_depth=>0, :limit_depth=>true, :recv=>true}) :count)) :-
      (hole 0 {:hash_depth=>0, :method_arg=>true})))
  (begin
    (send
      (begin
        (send
          (hole 0 {:hash_depth=>0, :limit_depth=>true, :recv=>true}) :count)) :-
      (hole 0 {:hash_depth=>0, :method_arg=>true})))
  (begin
    (send
      (begin
        (send
          (hole 0 {:hash_depth=>0, :limit_depth=>true, :recv=>true}) :count)) :-
      (hole 0 {:hash_depth=>0, :method_arg=>true})))
  (begin
    (send
      (begin
        (send
          (hole 0 {:hash_depth=>0, :limit_depth=>true, :recv=>true}) :count)) :-
      (hole 0 {:hash_depth=>0, :method_arg=>true})))
  (begin
    (send
      (begin
        (send
          (hole 0 {:hash_depth=>0, :limit_depth=>true, :recv=>true}) :count)) :-
      (hole 0 {:hash_depth=>0, :method_arg=>true})))
  (begin
    (send
      (begin
        (send
          (hole 0 {:hash_depth=>0, :limit_depth=>true, :recv=>true}) :count)) :-
      (hole 0 {:hash_depth=>0, :method_arg=>true})))
  (begin
    (send
      (begin
        (send
          (hole 0 {:hash_depth=>0, :limit_depth=>true, :recv=>true}) :count)) :-
      (hole 0 {:hash_depth=>0, :method_arg=>true})))
  (begin
    (send
      (begin
        (send
          (hole 0 {:hash_depth=>0, :limit_depth=>true, :recv=>true}) :count)) :count))
  (begin
    (send
      (begin
        (send
          (hole 0 {:hash_depth=>0, :limit_depth=>true, :recv=>true}) :count)) :count))
  (begin
    (send
      (begin
        (send
          (hole 0 {:hash_depth=>0, :limit_depth=>true, :recv=>true}) :count)) :count))
  (begin
    (send
      (begin
        (send
          (hole 0 {:hash_depth=>0, :limit_depth=>true, :recv=>true}) :count)) :save))
  (begin
    (send
      (begin
        (send
          (hole 0 {:hash_depth=>0, :limit_depth=>true, :recv=>true}) :count)) :save))
  (begin
    (send
      (begin
        (send
          (hole 0 {:hash_depth=>0, :limit_depth=>true, :recv=>true}) :count)) :save))
  (begin
    (send
      (send
        (hole 0 {:hash_depth=>0, :limit_depth=>true, :recv=>true}) :diaspora_user) :count))
  (begin
    (send
      (send
        (hole 0 {:hash_depth=>0, :limit_depth=>true, :recv=>true}) :diaspora_user) :-
      (hole 0 {:hash_depth=>0, :method_arg=>true})))
  (begin
    (send
      (send
        (hole 0 {:hash_depth=>0, :limit_depth=>true, :recv=>true}) :diaspora_user) :save))
  (begin
    (send
      (send
        (hole 0 {:hash_depth=>0, :limit_depth=>true, :recv=>true}) :diaspora_user=
        (hole 0 {:hash_depth=>0, :method_arg=>true})) :count))
  (begin
    (send
      (send
        (hole 0 {:hash_depth=>0, :limit_depth=>true, :recv=>true}) :diaspora_user=
        (hole 0 {:hash_depth=>0, :method_arg=>true})) :-
      (hole 0 {:hash_depth=>0, :method_arg=>true})))
  (begin
    (send
      (send
        (hole 0 {:hash_depth=>0, :limit_depth=>true, :recv=>true}) :diaspora_user=
        (hole 0 {:hash_depth=>0, :method_arg=>true})) :save))
  (send
    (begin
      (send
        (hole 0 {:hash_depth=>0, :limit_depth=>true, :recv=>true}) :-
        (hole 0 {:hash_depth=>0, :method_arg=>true}))) :confirmed=
    (hole 0 {:hash_depth=>0, :method_arg=>true}))
  (send
    (begin
      (send
        (hole 0 {:hash_depth=>0, :limit_depth=>true, :recv=>true}) :-
        (hole 0 {:hash_depth=>0, :method_arg=>true}))) :confirmed)
  (send
    (begin
      (send
        (hole 0 {:hash_depth=>0, :limit_depth=>true, :recv=>true}) :-
        (hole 0 {:hash_depth=>0, :method_arg=>true}))) :expired=
    (hole 0 {:hash_depth=>0, :method_arg=>true}))
  (send
    (begin
      (send
        (hole 0 {:hash_depth=>0, :limit_depth=>true, :recv=>true}) :-
        (hole 0 {:hash_depth=>0, :method_arg=>true}))) :expired)
  (send
    (begin
      (send
        (hole 0 {:hash_depth=>0, :limit_depth=>true, :recv=>true}) :-
        (hole 0 {:hash_depth=>0, :method_arg=>true}))) :discoverable=
    (hole 0 {:hash_depth=>0, :method_arg=>true}))
  (send
    (begin
      (send
        (hole 0 {:hash_depth=>0, :limit_depth=>true, :recv=>true}) :-
        (hole 0 {:hash_depth=>0, :method_arg=>true}))) :discoverable)
  (send
    (begin
      (send
        (hole 0 {:hash_depth=>0, :limit_depth=>true, :recv=>true}) :-
        (hole 0 {:hash_depth=>0, :method_arg=>true}))) :scheduled_check=
    (hole 0 {:hash_depth=>0, :method_arg=>true}))
  (send
    (begin
      (send
        (hole 0 {:hash_depth=>0, :limit_depth=>true, :recv=>true}) :-
        (hole 0 {:hash_depth=>0, :method_arg=>true}))) :scheduled_check)
  (send
    (begin
      (send
        (hole 0 {:hash_depth=>0, :limit_depth=>true, :recv=>true}) :-
        (hole 0 {:hash_depth=>0, :method_arg=>true}))) :otp_required_for_login=
    (hole 0 {:hash_depth=>0, :method_arg=>true}))
  (send
    (begin
      (send
        (hole 0 {:hash_depth=>0, :limit_depth=>true, :recv=>true}) :-
        (hole 0 {:hash_depth=>0, :method_arg=>true}))) :otp_required_for_login)
  (send
    (begin
      (send
        (hole 0 {:hash_depth=>0, :limit_depth=>true, :recv=>true}) :-
        (hole 0 {:hash_depth=>0, :method_arg=>true}))) :admin=
    (hole 0 {:hash_depth=>0, :method_arg=>true}))
  (send
    (begin
      (send
        (hole 0 {:hash_depth=>0, :limit_depth=>true, :recv=>true}) :-
        (hole 0 {:hash_depth=>0, :method_arg=>true}))) :admin)
  (send
    (begin
      (send
        (hole 0 {:hash_depth=>0, :limit_depth=>true, :recv=>true}) :-
        (hole 0 {:hash_depth=>0, :method_arg=>true}))) :staged=
    (hole 0 {:hash_depth=>0, :method_arg=>true}))
  (send
    (begin
      (send
        (hole 0 {:hash_depth=>0, :limit_depth=>true, :recv=>true}) :-
        (hole 0 {:hash_depth=>0, :method_arg=>true}))) :staged)
  (send
    (begin
      (send
        (hole 0 {:hash_depth=>0, :limit_depth=>true, :recv=>true}) :-
        (hole 0 {:hash_depth=>0, :method_arg=>true}))) :active=
    (hole 0 {:hash_depth=>0, :method_arg=>true}))
  (send
    (begin
      (send
        (hole 0 {:hash_depth=>0, :limit_depth=>true, :recv=>true}) :-
        (hole 0 {:hash_depth=>0, :method_arg=>true}))) :active)
  (send
    (begin
      (send
        (hole 0 {:hash_depth=>0, :limit_depth=>true, :recv=>true}) :-
        (hole 0 {:hash_depth=>0, :method_arg=>true}))) :primary=
    (hole 0 {:hash_depth=>0, :method_arg=>true}))
  (send
    (begin
      (send
        (hole 0 {:hash_depth=>0, :limit_depth=>true, :recv=>true}) :-
        (hole 0 {:hash_depth=>0, :method_arg=>true}))) :primary)
  (send
    (begin
      (send
        (hole 0 {:hash_depth=>0, :limit_depth=>true, :recv=>true}) :-
        (hole 0 {:hash_depth=>0, :method_arg=>true}))) :moderator=
    (hole 0 {:hash_depth=>0, :method_arg=>true}))
  (send
    (begin
      (send
        (hole 0 {:hash_depth=>0, :limit_depth=>true, :recv=>true}) :-
        (hole 0 {:hash_depth=>0, :method_arg=>true}))) :moderator)
  (begin
    (send
      (begin
        (send
          (hole 0 {:hash_depth=>0, :limit_depth=>true, :recv=>true}) :-
          (hole 0 {:hash_depth=>0, :method_arg=>true}))) :-
      (hole 0 {:hash_depth=>0, :method_arg=>true})))
  (begin
    (send
      (begin
        (send
          (hole 0 {:hash_depth=>0, :limit_depth=>true, :recv=>true}) :-
          (hole 0 {:hash_depth=>0, :method_arg=>true}))) :-
      (hole 0 {:hash_depth=>0, :method_arg=>true})))
  (begin
    (send
      (begin
        (send
          (hole 0 {:hash_depth=>0, :limit_depth=>true, :recv=>true}) :-
          (hole 0 {:hash_depth=>0, :method_arg=>true}))) :-
      (hole 0 {:hash_depth=>0, :method_arg=>true})))
  (begin
    (send
      (begin
        (send
          (hole 0 {:hash_depth=>0, :limit_depth=>true, :recv=>true}) :-
          (hole 0 {:hash_depth=>0, :method_arg=>true}))) :save))
  (begin
    (send
      (begin
        (send
          (hole 0 {:hash_depth=>0, :limit_depth=>true, :recv=>true}) :save)) :count))
  (begin
    (send
      (begin
        (send
          (hole 0 {:hash_depth=>0, :limit_depth=>true, :recv=>true}) :save)) :-
      (hole 0 {:hash_depth=>0, :method_arg=>true})))
  (begin
    (send
      (begin
        (send
          (hole 0 {:hash_depth=>0, :limit_depth=>true, :recv=>true}) :save)) :save))
  (send
    (begin
      (send
        (hole 0 {:hash_depth=>0, :limit_depth=>true, :recv=>true}) :count)) :confirmed=
    (hole 0 {:hash_depth=>0, :method_arg=>true}))
  (send
    (begin
      (send
        (hole 0 {:hash_depth=>0, :limit_depth=>true, :recv=>true}) :count)) :confirmed)
  (send
    (begin
      (send
        (hole 0 {:hash_depth=>0, :limit_depth=>true, :recv=>true}) :count)) :expired=
    (hole 0 {:hash_depth=>0, :method_arg=>true}))
  (send
    (begin
      (send
        (hole 0 {:hash_depth=>0, :limit_depth=>true, :recv=>true}) :count)) :expired)
  (send
    (begin
      (send
        (hole 0 {:hash_depth=>0, :limit_depth=>true, :recv=>true}) :count)) :discoverable=
    (hole 0 {:hash_depth=>0, :method_arg=>true}))
  (send
    (begin
      (send
        (hole 0 {:hash_depth=>0, :limit_depth=>true, :recv=>true}) :count)) :discoverable)
  (send
    (begin
      (send
        (hole 0 {:hash_depth=>0, :limit_depth=>true, :recv=>true}) :count)) :scheduled_check=
    (hole 0 {:hash_depth=>0, :method_arg=>true}))
  (send
    (begin
      (send
        (hole 0 {:hash_depth=>0, :limit_depth=>true, :recv=>true}) :count)) :scheduled_check)
  (send
    (begin
      (send
        (hole 0 {:hash_depth=>0, :limit_depth=>true, :recv=>true}) :count)) :otp_required_for_login=
    (hole 0 {:hash_depth=>0, :method_arg=>true}))
  (send
    (begin
      (send
        (hole 0 {:hash_depth=>0, :limit_depth=>true, :recv=>true}) :count)) :otp_required_for_login)
  (send
    (begin
      (send
        (hole 0 {:hash_depth=>0, :limit_depth=>true, :recv=>true}) :count)) :admin=
    (hole 0 {:hash_depth=>0, :method_arg=>true}))
  (send
    (begin
      (send
        (hole 0 {:hash_depth=>0, :limit_depth=>true, :recv=>true}) :count)) :admin)
  (send
    (begin
      (send
        (hole 0 {:hash_depth=>0, :limit_depth=>true, :recv=>true}) :count)) :staged=
    (hole 0 {:hash_depth=>0, :method_arg=>true}))
  (send
    (begin
      (send
        (hole 0 {:hash_depth=>0, :limit_depth=>true, :recv=>true}) :count)) :staged)
  (send
    (begin
      (send
        (hole 0 {:hash_depth=>0, :limit_depth=>true, :recv=>true}) :count)) :active=
    (hole 0 {:hash_depth=>0, :method_arg=>true}))
  (send
    (begin
      (send
        (hole 0 {:hash_depth=>0, :limit_depth=>true, :recv=>true}) :count)) :active)
  (send
    (begin
      (send
        (hole 0 {:hash_depth=>0, :limit_depth=>true, :recv=>true}) :count)) :primary=
    (hole 0 {:hash_depth=>0, :method_arg=>true}))
  (send
    (begin
      (send
        (hole 0 {:hash_depth=>0, :limit_depth=>true, :recv=>true}) :count)) :primary)
  (send
    (begin
      (send
        (hole 0 {:hash_depth=>0, :limit_depth=>true, :recv=>true}) :count)) :moderator=
    (hole 0 {:hash_depth=>0, :method_arg=>true}))
  (send
    (begin
      (send
        (hole 0 {:hash_depth=>0, :limit_depth=>true, :recv=>true}) :count)) :moderator)
  (begin
    (send
      (begin
        (send
          (hole 0 {:hash_depth=>0, :limit_depth=>true, :recv=>true}) :count)) :-
      (hole 0 {:hash_depth=>0, :method_arg=>true})))
  (begin
    (send
      (begin
        (send
          (hole 0 {:hash_depth=>0, :limit_depth=>true, :recv=>true}) :count)) :-
      (hole 0 {:hash_depth=>0, :method_arg=>true})))
  (begin
    (send
      (begin
        (send
          (hole 0 {:hash_depth=>0, :limit_depth=>true, :recv=>true}) :count)) :-
      (hole 0 {:hash_depth=>0, :method_arg=>true})))
  (begin
    (send
      (begin
        (send
          (hole 0 {:hash_depth=>0, :limit_depth=>true, :recv=>true}) :count)) :save))
  (send
    (begin
      (send
        (hole 0 {:hash_depth=>0, :limit_depth=>true, :recv=>true}) :-
        (hole 0 {:hash_depth=>0, :method_arg=>true}))) :confirmed=
    (hole 0 {:hash_depth=>0, :method_arg=>true}))
  (send
    (begin
      (send
        (hole 0 {:hash_depth=>0, :limit_depth=>true, :recv=>true}) :-
        (hole 0 {:hash_depth=>0, :method_arg=>true}))) :confirmed)
  (send
    (begin
      (send
        (hole 0 {:hash_depth=>0, :limit_depth=>true, :recv=>true}) :-
        (hole 0 {:hash_depth=>0, :method_arg=>true}))) :expired=
    (hole 0 {:hash_depth=>0, :method_arg=>true}))
  (send
    (begin
      (send
        (hole 0 {:hash_depth=>0, :limit_depth=>true, :recv=>true}) :-
        (hole 0 {:hash_depth=>0, :method_arg=>true}))) :expired)
  (send
    (begin
      (send
        (hole 0 {:hash_depth=>0, :limit_depth=>true, :recv=>true}) :-
        (hole 0 {:hash_depth=>0, :method_arg=>true}))) :discoverable=
    (hole 0 {:hash_depth=>0, :method_arg=>true}))
  (send
    (begin
      (send
        (hole 0 {:hash_depth=>0, :limit_depth=>true, :recv=>true}) :-
        (hole 0 {:hash_depth=>0, :method_arg=>true}))) :discoverable)
  (send
    (begin
      (send
        (hole 0 {:hash_depth=>0, :limit_depth=>true, :recv=>true}) :-
        (hole 0 {:hash_depth=>0, :method_arg=>true}))) :scheduled_check=
    (hole 0 {:hash_depth=>0, :method_arg=>true}))
  (send
    (begin
      (send
        (hole 0 {:hash_depth=>0, :limit_depth=>true, :recv=>true}) :-
        (hole 0 {:hash_depth=>0, :method_arg=>true}))) :scheduled_check)
  (send
    (begin
      (send
        (hole 0 {:hash_depth=>0, :limit_depth=>true, :recv=>true}) :-
        (hole 0 {:hash_depth=>0, :method_arg=>true}))) :otp_required_for_login=
    (hole 0 {:hash_depth=>0, :method_arg=>true}))
  (send
    (begin
      (send
        (hole 0 {:hash_depth=>0, :limit_depth=>true, :recv=>true}) :-
        (hole 0 {:hash_depth=>0, :method_arg=>true}))) :otp_required_for_login)
  (send
    (begin
      (send
        (hole 0 {:hash_depth=>0, :limit_depth=>true, :recv=>true}) :-
        (hole 0 {:hash_depth=>0, :method_arg=>true}))) :admin=
    (hole 0 {:hash_depth=>0, :method_arg=>true}))
  (send
    (begin
      (send
        (hole 0 {:hash_depth=>0, :limit_depth=>true, :recv=>true}) :-
        (hole 0 {:hash_depth=>0, :method_arg=>true}))) :admin)
  (send
    (begin
      (send
        (hole 0 {:hash_depth=>0, :limit_depth=>true, :recv=>true}) :-
        (hole 0 {:hash_depth=>0, :method_arg=>true}))) :staged=
    (hole 0 {:hash_depth=>0, :method_arg=>true}))
  (send
    (begin
      (send
        (hole 0 {:hash_depth=>0, :limit_depth=>true, :recv=>true}) :-
        (hole 0 {:hash_depth=>0, :method_arg=>true}))) :staged)
  (send
    (begin
      (send
        (hole 0 {:hash_depth=>0, :limit_depth=>true, :recv=>true}) :-
        (hole 0 {:hash_depth=>0, :method_arg=>true}))) :active=
    (hole 0 {:hash_depth=>0, :method_arg=>true}))
  (send
    (begin
      (send
        (hole 0 {:hash_depth=>0, :limit_depth=>true, :recv=>true}) :-
        (hole 0 {:hash_depth=>0, :method_arg=>true}))) :active)
  (send
    (begin
      (send
        (hole 0 {:hash_depth=>0, :limit_depth=>true, :recv=>true}) :-
        (hole 0 {:hash_depth=>0, :method_arg=>true}))) :primary=
    (hole 0 {:hash_depth=>0, :method_arg=>true}))
  (send
    (begin
      (send
        (hole 0 {:hash_depth=>0, :limit_depth=>true, :recv=>true}) :-
        (hole 0 {:hash_depth=>0, :method_arg=>true}))) :primary)
  (send
    (begin
      (send
        (hole 0 {:hash_depth=>0, :limit_depth=>true, :recv=>true}) :-
        (hole 0 {:hash_depth=>0, :method_arg=>true}))) :moderator=
    (hole 0 {:hash_depth=>0, :method_arg=>true}))
  (send
    (begin
      (send
        (hole 0 {:hash_depth=>0, :limit_depth=>true, :recv=>true}) :-
        (hole 0 {:hash_depth=>0, :method_arg=>true}))) :moderator)
  (begin
    (send
      (begin
        (send
          (hole 0 {:hash_depth=>0, :limit_depth=>true, :recv=>true}) :-
          (hole 0 {:hash_depth=>0, :method_arg=>true}))) :-
      (hole 0 {:hash_depth=>0, :method_arg=>true})))
  (begin
    (send
      (begin
        (send
          (hole 0 {:hash_depth=>0, :limit_depth=>true, :recv=>true}) :-
          (hole 0 {:hash_depth=>0, :method_arg=>true}))) :-
      (hole 0 {:hash_depth=>0, :method_arg=>true})))
  (begin
    (send
      (begin
        (send
          (hole 0 {:hash_depth=>0, :limit_depth=>true, :recv=>true}) :-
          (hole 0 {:hash_depth=>0, :method_arg=>true}))) :-
      (hole 0 {:hash_depth=>0, :method_arg=>true})))
  (begin
    (send
      (begin
        (send
          (hole 0 {:hash_depth=>0, :limit_depth=>true, :recv=>true}) :-
          (hole 0 {:hash_depth=>0, :method_arg=>true}))) :save))
  (begin
    (send
      (begin
        (send
          (hole 0 {:hash_depth=>0, :limit_depth=>true, :recv=>true}) :save)) :count))
  (begin
    (send
      (begin
        (send
          (hole 0 {:hash_depth=>0, :limit_depth=>true, :recv=>true}) :save)) :-
      (hole 0 {:hash_depth=>0, :method_arg=>true})))
  (begin
    (send
      (begin
        (send
          (hole 0 {:hash_depth=>0, :limit_depth=>true, :recv=>true}) :save)) :save))
  (hole 3 {:hash_depth=>0, :method_arg=>false, :variance=>:+}) {:method_arg=>false})
BASETYPE: true or false
SIZE WORK_LIST: 0
SIZE generated: 62
EVALUABLE#: 0

-------------------------

----------------
TTYPES
true or false
true or false
true or false

PROGS

LOCAL_COUNT: 5
GLOBAL_COUNT: 159

BASE_AFTER:
(send
  (begin
    (send
      (filled-hole
        (lvar InvitationCode(id: integer, token: string, diaspora_user_id: integer, count: integer)) {:method_arg=>false}) :count)) :confirmed=
  (filled-hole
    (true)
    (false)
    (hole 1 {:hash_depth=>0, :method_arg=>true, :variance=>:+}) {:method_arg=>true}))
BASETYPE: true or false
SIZE WORK_LIST: 61
SIZE generated: 3
EVALUABLE#: 2

-------------------------

----------------
TTYPES
true or false

PROGS

LOCAL_COUNT: 6
GLOBAL_COUNT: 160

BASE_AFTER:
(send
  (begin
    (send
      (filled-hole
        (lvar InvitationCode(id: integer, token: string, diaspora_user_id: integer, count: integer)) {:method_arg=>false}) :count)) :confirmed)
BASETYPE: true or false
SIZE WORK_LIST: 61
SIZE generated: 1
EVALUABLE#: 1

-------------------------

----------------
TTYPES
true or false
true or false
true or false

PROGS

LOCAL_COUNT: 7
GLOBAL_COUNT: 161

BASE_AFTER:
(send
  (begin
    (send
      (filled-hole
        (lvar InvitationCode(id: integer, token: string, diaspora_user_id: integer, count: integer)) {:method_arg=>false}) :count)) :expired=
  (filled-hole
    (true)
    (false)
    (hole 1 {:hash_depth=>0, :method_arg=>true, :variance=>:+}) {:method_arg=>true}))
BASETYPE: true or false
SIZE WORK_LIST: 60
SIZE generated: 3
EVALUABLE#: 2

-------------------------

----------------
TTYPES
true or false

PROGS

LOCAL_COUNT: 8
GLOBAL_COUNT: 162

BASE_AFTER:
(send
  (begin
    (send
      (filled-hole
        (lvar InvitationCode(id: integer, token: string, diaspora_user_id: integer, count: integer)) {:method_arg=>false}) :count)) :expired)
BASETYPE: true or false
SIZE WORK_LIST: 60
SIZE generated: 1
EVALUABLE#: 1

-------------------------

----------------
TTYPES
true or false
true or false
true or false

PROGS

LOCAL_COUNT: 9
GLOBAL_COUNT: 163

BASE_AFTER:
(send
  (begin
    (send
      (filled-hole
        (lvar InvitationCode(id: integer, token: string, diaspora_user_id: integer, count: integer)) {:method_arg=>false}) :count)) :discoverable=
  (filled-hole
    (true)
    (false)
    (hole 1 {:hash_depth=>0, :method_arg=>true, :variance=>:+}) {:method_arg=>true}))
BASETYPE: true or false
SIZE WORK_LIST: 59
SIZE generated: 3
EVALUABLE#: 2

-------------------------

----------------
TTYPES
true or false

PROGS

LOCAL_COUNT: 10
GLOBAL_COUNT: 164

BASE_AFTER:
(send
  (begin
    (send
      (filled-hole
        (lvar InvitationCode(id: integer, token: string, diaspora_user_id: integer, count: integer)) {:method_arg=>false}) :count)) :discoverable)
BASETYPE: true or false
SIZE WORK_LIST: 59
SIZE generated: 1
EVALUABLE#: 1

-------------------------

----------------
TTYPES
true or false
true or false
true or false

PROGS

LOCAL_COUNT: 11
GLOBAL_COUNT: 165

BASE_AFTER:
(send
  (begin
    (send
      (filled-hole
        (lvar InvitationCode(id: integer, token: string, diaspora_user_id: integer, count: integer)) {:method_arg=>false}) :count)) :scheduled_check=
  (filled-hole
    (true)
    (false)
    (hole 1 {:hash_depth=>0, :method_arg=>true, :variance=>:+}) {:method_arg=>true}))
BASETYPE: true or false
SIZE WORK_LIST: 58
SIZE generated: 3
EVALUABLE#: 2

-------------------------

----------------
TTYPES
true or false

PROGS

LOCAL_COUNT: 12
GLOBAL_COUNT: 166

BASE_AFTER:
(send
  (begin
    (send
      (filled-hole
        (lvar InvitationCode(id: integer, token: string, diaspora_user_id: integer, count: integer)) {:method_arg=>false}) :count)) :scheduled_check)
BASETYPE: true or false
SIZE WORK_LIST: 58
SIZE generated: 1
EVALUABLE#: 1

-------------------------

----------------
TTYPES
true or false
true or false
true or false

PROGS

LOCAL_COUNT: 13
GLOBAL_COUNT: 167

BASE_AFTER:
(send
  (begin
    (send
      (filled-hole
        (lvar InvitationCode(id: integer, token: string, diaspora_user_id: integer, count: integer)) {:method_arg=>false}) :count)) :otp_required_for_login=
  (filled-hole
    (true)
    (false)
    (hole 1 {:hash_depth=>0, :method_arg=>true, :variance=>:+}) {:method_arg=>true}))
BASETYPE: true or false
SIZE WORK_LIST: 57
SIZE generated: 3
EVALUABLE#: 2

-------------------------

----------------
TTYPES
true or false

PROGS

LOCAL_COUNT: 14
GLOBAL_COUNT: 168

BASE_AFTER:
(send
  (begin
    (send
      (filled-hole
        (lvar InvitationCode(id: integer, token: string, diaspora_user_id: integer, count: integer)) {:method_arg=>false}) :count)) :otp_required_for_login)
BASETYPE: true or false
SIZE WORK_LIST: 57
SIZE generated: 1
EVALUABLE#: 1

-------------------------

----------------
TTYPES
true or false
true or false
true or false

PROGS

LOCAL_COUNT: 15
GLOBAL_COUNT: 169

BASE_AFTER:
(send
  (begin
    (send
      (filled-hole
        (lvar InvitationCode(id: integer, token: string, diaspora_user_id: integer, count: integer)) {:method_arg=>false}) :count)) :admin=
  (filled-hole
    (true)
    (false)
    (hole 1 {:hash_depth=>0, :method_arg=>true, :variance=>:+}) {:method_arg=>true}))
BASETYPE: true or false
SIZE WORK_LIST: 56
SIZE generated: 3
EVALUABLE#: 2

-------------------------

----------------
TTYPES
true or false

PROGS

LOCAL_COUNT: 16
GLOBAL_COUNT: 170

BASE_AFTER:
(send
  (begin
    (send
      (filled-hole
        (lvar InvitationCode(id: integer, token: string, diaspora_user_id: integer, count: integer)) {:method_arg=>false}) :count)) :admin)
BASETYPE: true or false
SIZE WORK_LIST: 56
SIZE generated: 1
EVALUABLE#: 1

-------------------------

----------------
TTYPES
true or false
true or false
true or false

PROGS

LOCAL_COUNT: 17
GLOBAL_COUNT: 171

BASE_AFTER:
(send
  (begin
    (send
      (filled-hole
        (lvar InvitationCode(id: integer, token: string, diaspora_user_id: integer, count: integer)) {:method_arg=>false}) :count)) :staged=
  (filled-hole
    (true)
    (false)
    (hole 1 {:hash_depth=>0, :method_arg=>true, :variance=>:+}) {:method_arg=>true}))
BASETYPE: true or false
SIZE WORK_LIST: 55
SIZE generated: 3
EVALUABLE#: 2

-------------------------

----------------
TTYPES
true or false

PROGS

LOCAL_COUNT: 18
GLOBAL_COUNT: 172

BASE_AFTER:
(send
  (begin
    (send
      (filled-hole
        (lvar InvitationCode(id: integer, token: string, diaspora_user_id: integer, count: integer)) {:method_arg=>false}) :count)) :staged)
BASETYPE: true or false
SIZE WORK_LIST: 55
SIZE generated: 1
EVALUABLE#: 1

-------------------------

----------------
TTYPES
true or false
true or false
true or false

PROGS

LOCAL_COUNT: 19
GLOBAL_COUNT: 173

BASE_AFTER:
(send
  (begin
    (send
      (filled-hole
        (lvar InvitationCode(id: integer, token: string, diaspora_user_id: integer, count: integer)) {:method_arg=>false}) :count)) :active=
  (filled-hole
    (true)
    (false)
    (hole 1 {:hash_depth=>0, :method_arg=>true, :variance=>:+}) {:method_arg=>true}))
BASETYPE: true or false
SIZE WORK_LIST: 54
SIZE generated: 3
EVALUABLE#: 2

-------------------------

----------------
TTYPES
true or false

PROGS

LOCAL_COUNT: 20
GLOBAL_COUNT: 174

BASE_AFTER:
(send
  (begin
    (send
      (filled-hole
        (lvar InvitationCode(id: integer, token: string, diaspora_user_id: integer, count: integer)) {:method_arg=>false}) :count)) :active)
BASETYPE: true or false
SIZE WORK_LIST: 54
SIZE generated: 1
EVALUABLE#: 1

-------------------------

----------------
TTYPES
true or false
true or false
true or false

PROGS

LOCAL_COUNT: 21
GLOBAL_COUNT: 175

BASE_AFTER:
(send
  (begin
    (send
      (filled-hole
        (lvar InvitationCode(id: integer, token: string, diaspora_user_id: integer, count: integer)) {:method_arg=>false}) :count)) :primary=
  (filled-hole
    (true)
    (false)
    (hole 1 {:hash_depth=>0, :method_arg=>true, :variance=>:+}) {:method_arg=>true}))
BASETYPE: true or false
SIZE WORK_LIST: 53
SIZE generated: 3
EVALUABLE#: 2

-------------------------

----------------
TTYPES
true or false

PROGS

LOCAL_COUNT: 22
GLOBAL_COUNT: 176

BASE_AFTER:
(send
  (begin
    (send
      (filled-hole
        (lvar InvitationCode(id: integer, token: string, diaspora_user_id: integer, count: integer)) {:method_arg=>false}) :count)) :primary)
BASETYPE: true or false
SIZE WORK_LIST: 53
SIZE generated: 1
EVALUABLE#: 1

-------------------------

----------------
TTYPES
true or false
true or false
true or false

PROGS

LOCAL_COUNT: 23
GLOBAL_COUNT: 177

BASE_AFTER:
(send
  (begin
    (send
      (filled-hole
        (lvar InvitationCode(id: integer, token: string, diaspora_user_id: integer, count: integer)) {:method_arg=>false}) :count)) :moderator=
  (filled-hole
    (true)
    (false)
    (hole 1 {:hash_depth=>0, :method_arg=>true, :variance=>:+}) {:method_arg=>true}))
BASETYPE: true or false
SIZE WORK_LIST: 52
SIZE generated: 3
EVALUABLE#: 2

-------------------------

----------------
TTYPES
true or false

PROGS

LOCAL_COUNT: 24
GLOBAL_COUNT: 178

BASE_AFTER:
(send
  (begin
    (send
      (filled-hole
        (lvar InvitationCode(id: integer, token: string, diaspora_user_id: integer, count: integer)) {:method_arg=>false}) :count)) :moderator)
BASETYPE: true or false
SIZE WORK_LIST: 52
SIZE generated: 1
EVALUABLE#: 1

-------------------------

----------------
TTYPES
Integer
Integer
Integer
Integer

PROGS

LOCAL_COUNT: 25
GLOBAL_COUNT: 179

BASE_AFTER:
(begin
  (send
    (begin
      (send
        (filled-hole
          (lvar InvitationCode(id: integer, token: string, diaspora_user_id: integer, count: integer)) {:method_arg=>false}) :count)) :-
    (filled-hole
      (int 0)
      (int 1)
      (int 2)
      (hole 1 {:hash_depth=>0, :method_arg=>true, :variance=>:+}) {:method_arg=>true})))
BASETYPE: Integer
SIZE WORK_LIST: 51
SIZE generated: 4
EVALUABLE#: 3

-------------------------

----------------
TTYPES
Integer
Integer
Integer
Integer
Integer
Integer
Integer
Integer
Integer
Integer
Integer
Integer
Integer
Integer
Integer
Integer

PROGS

LOCAL_COUNT: 26
GLOBAL_COUNT: 180

BASE_AFTER:
(begin
  (send
    (send
      (filled-hole
        (lvar :arg0) {:method_arg=>false}) :id=
      (filled-hole
        (int 0)
        (int 1)
        (int 2)
        (hole 1 {:hash_depth=>0, :method_arg=>true, :variance=>:+}) {:method_arg=>true})) :-
    (filled-hole
      (int 0)
      (int 1)
      (int 2)
      (hole 1 {:hash_depth=>0, :method_arg=>true, :variance=>:+}) {:method_arg=>true})))
BASETYPE: Integer
SIZE WORK_LIST: 51
SIZE generated: 16
EVALUABLE#: 9

-------------------------

----------------
TTYPES
true or false
true or false
true or false
true or false

PROGS

LOCAL_COUNT: 27
GLOBAL_COUNT: 181

BASE_AFTER:
(begin
  (send
    (send
      (filled-hole
        (lvar :arg0) {:method_arg=>false}) :id=
      (filled-hole
        (int 0)
        (int 1)
        (int 2)
        (hole 1 {:hash_depth=>0, :method_arg=>true, :variance=>:+}) {:method_arg=>true})) :save))
BASETYPE: true or false
SIZE WORK_LIST: 57
SIZE generated: 4
EVALUABLE#: 3

-------------------------

----------------
TTYPES
Integer
Integer
Integer
Integer

PROGS

LOCAL_COUNT: 28
GLOBAL_COUNT: 182

BASE_AFTER:
(begin
  (send
    (send
      (filled-hole
        (lvar :arg0) {:method_arg=>false}) :id) :-
    (filled-hole
      (int 0)
      (int 1)
      (int 2)
      (hole 1 {:hash_depth=>0, :method_arg=>true, :variance=>:+}) {:method_arg=>true})))
BASETYPE: Integer
SIZE WORK_LIST: 57
SIZE generated: 4
EVALUABLE#: 3

-------------------------

----------------
TTYPES
true or false
true or false

PROGS

LOCAL_COUNT: 29
GLOBAL_COUNT: 183

BASE_AFTER:
(begin
  (send
    (send
      (filled-hole
        (lvar :arg0) {:method_arg=>false}) :token=
      (filled-hole
        (str "")
        (hole 1 {:hash_depth=>0, :method_arg=>true, :variance=>:+}) {:method_arg=>true})) :save))
BASETYPE: true or false
SIZE WORK_LIST: 57
SIZE generated: 2
EVALUABLE#: 1

-------------------------

----------------
TTYPES
Integer
Integer
Integer
Integer
Integer
Integer
Integer
Integer
Integer
Integer
Integer
Integer
Integer
Integer
Integer
Integer

PROGS

LOCAL_COUNT: 30
GLOBAL_COUNT: 184

BASE_AFTER:
(begin
  (send
    (send
      (filled-hole
        (lvar :arg0) {:method_arg=>false}) :diaspora_user_id=
      (filled-hole
        (int 0)
        (int 1)
        (int 2)
        (hole 1 {:hash_depth=>0, :method_arg=>true, :variance=>:+}) {:method_arg=>true})) :-
    (filled-hole
      (int 0)
      (int 1)
      (int 2)
      (hole 1 {:hash_depth=>0, :method_arg=>true, :variance=>:+}) {:method_arg=>true})))
BASETYPE: Integer
SIZE WORK_LIST: 57
SIZE generated: 16
EVALUABLE#: 9

-------------------------

----------------
TTYPES
Integer
Integer
Integer
Integer

PROGS

LOCAL_COUNT: 31
GLOBAL_COUNT: 185

BASE_AFTER:
(begin
  (send
    (send
      (filled-hole
        (lvar :arg0) {:method_arg=>false}) :diaspora_user_id) :-
    (filled-hole
      (int 0)
      (int 1)
      (int 2)
      (hole 1 {:hash_depth=>0, :method_arg=>true, :variance=>:+}) {:method_arg=>true})))
BASETYPE: Integer
SIZE WORK_LIST: 63
SIZE generated: 4
EVALUABLE#: 3

-------------------------

----------------
TTYPES
Integer
Integer
Integer
Integer
Integer
Integer
Integer
Integer
Integer
Integer
Integer
Integer
Integer
Integer
Integer
Integer

PROGS

LOCAL_COUNT: 32
GLOBAL_COUNT: 186

BASE_AFTER:
(begin
  (send
    (send
      (filled-hole
        (lvar :arg0) {:method_arg=>false}) :count=
      (filled-hole
        (int 0)
        (int 1)
        (int 2)
        (hole 1 {:hash_depth=>0, :method_arg=>true, :variance=>:+}) {:method_arg=>true})) :-
    (filled-hole
      (int 0)
      (int 1)
      (int 2)
      (hole 1 {:hash_depth=>0, :method_arg=>true, :variance=>:+}) {:method_arg=>true})))
BASETYPE: Integer
SIZE WORK_LIST: 63
SIZE generated: 16
EVALUABLE#: 9

-------------------------

----------------
TTYPES
Integer
Integer
Integer
Integer

PROGS

LOCAL_COUNT: 33
GLOBAL_COUNT: 187

BASE_AFTER:
(begin
  (send
    (begin
      (send
        (filled-hole
          (lvar :arg0) {:method_arg=>false}) :count)) :-
    (filled-hole
      (int 0)
      (int 1)
      (int 2)
      (hole 1 {:hash_depth=>0, :method_arg=>true, :variance=>:+}) {:method_arg=>true})))
BASETYPE: Integer
SIZE WORK_LIST: 69
SIZE generated: 4
EVALUABLE#: 3

-------------------------

----------------
TTYPES
true or false

PROGS

LOCAL_COUNT: 34
GLOBAL_COUNT: 188

BASE_AFTER:
(begin
  (send
    (send
      (filled-hole
        (lvar :arg0) {:method_arg=>false}) :diaspora_user) :save))
BASETYPE: true or false
SIZE WORK_LIST: 69
SIZE generated: 1
EVALUABLE#: 1

-------------------------

----------------
TTYPES
true or false

PROGS

LOCAL_COUNT: 35
GLOBAL_COUNT: 189

BASE_AFTER:
(begin
  (send
    (send
      (filled-hole
        (lvar :arg0) {:method_arg=>false}) :diaspora_user=
      (filled-hole
        (hole 1 {:hash_depth=>0, :method_arg=>true, :variance=>:+}) {:method_arg=>true})) :save))
BASETYPE: true or false
SIZE WORK_LIST: 68
SIZE generated: 1
EVALUABLE#: 0

-------------------------

----------------
TTYPES
true or false
true or false
true or false
true or false

PROGS

LOCAL_COUNT: 36
GLOBAL_COUNT: 190

BASE_AFTER:
(send
  (begin
    (send
      (lvar InvitationCode(id: integer, token: string, diaspora_user_id: integer, count: integer)) :count)) :confirmed=
  (filled-hole
    (begin
      (send
        (hole 0 {:hash_depth=>0, :limit_depth=>true, :recv=>true}) :-
        (hole 0 {:hash_depth=>0, :method_arg=>true})))
    (begin
      (send
        (hole 0 {:hash_depth=>0, :limit_depth=>true, :recv=>true}) :save))
    (begin
      (send
        (hole 0 {:hash_depth=>0, :limit_depth=>true, :recv=>true}) :count))
    (begin
      (send
        (hole 0 {:hash_depth=>0, :limit_depth=>true, :recv=>true}) :-
        (hole 0 {:hash_depth=>0, :method_arg=>true})))
    (begin
      (send
        (hole 0 {:hash_depth=>0, :limit_depth=>true, :recv=>true}) :save))
    (hole 2 {:hash_depth=>0, :method_arg=>true, :variance=>:+}) {:method_arg=>true}))
BASETYPE: true or false
SIZE WORK_LIST: 68
SIZE generated: 4
EVALUABLE#: 0

-------------------------

----------------
TTYPES
true or false

PROGS

LOCAL_COUNT: 37
GLOBAL_COUNT: 191

BASE_AFTER:
(send
  (begin
    (send
      (lvar InvitationCode(id: integer, token: string, diaspora_user_id: integer, count: integer)) :count)) :confirmed=
  (begin
    (send
      (filled-hole
        (lvar InvitationCode(id: integer, token: string, diaspora_user_id: integer, count: integer)) {:method_arg=>false}) :count)))
BASETYPE: true or false
SIZE WORK_LIST: 71
SIZE generated: 1
EVALUABLE#: 1

-------------------------

----------------
TTYPES
true or false
true or false
true or false
true or false

PROGS

LOCAL_COUNT: 38
GLOBAL_COUNT: 192

BASE_AFTER:
(send
  (begin
    (send
      (lvar InvitationCode(id: integer, token: string, diaspora_user_id: integer, count: integer)) :count)) :expired=
  (filled-hole
    (begin
      (send
        (hole 0 {:hash_depth=>0, :limit_depth=>true, :recv=>true}) :-
        (hole 0 {:hash_depth=>0, :method_arg=>true})))
    (begin
      (send
        (hole 0 {:hash_depth=>0, :limit_depth=>true, :recv=>true}) :save))
    (begin
      (send
        (hole 0 {:hash_depth=>0, :limit_depth=>true, :recv=>true}) :count))
    (begin
      (send
        (hole 0 {:hash_depth=>0, :limit_depth=>true, :recv=>true}) :-
        (hole 0 {:hash_depth=>0, :method_arg=>true})))
    (begin
      (send
        (hole 0 {:hash_depth=>0, :limit_depth=>true, :recv=>true}) :save))
    (hole 2 {:hash_depth=>0, :method_arg=>true, :variance=>:+}) {:method_arg=>true}))
BASETYPE: true or false
SIZE WORK_LIST: 70
SIZE generated: 4
EVALUABLE#: 0

-------------------------

----------------
TTYPES
true or false

PROGS

LOCAL_COUNT: 39
GLOBAL_COUNT: 193

BASE_AFTER:
(send
  (begin
    (send
      (lvar InvitationCode(id: integer, token: string, diaspora_user_id: integer, count: integer)) :count)) :expired=
  (begin
    (send
      (filled-hole
        (lvar InvitationCode(id: integer, token: string, diaspora_user_id: integer, count: integer)) {:method_arg=>false}) :count)))
BASETYPE: true or false
SIZE WORK_LIST: 73
SIZE generated: 1
EVALUABLE#: 1

-------------------------

----------------
TTYPES
true or false
true or false
true or false
true or false

PROGS

LOCAL_COUNT: 40
GLOBAL_COUNT: 194

BASE_AFTER:
(send
  (begin
    (send
      (lvar InvitationCode(id: integer, token: string, diaspora_user_id: integer, count: integer)) :count)) :discoverable=
  (filled-hole
    (begin
      (send
        (hole 0 {:hash_depth=>0, :limit_depth=>true, :recv=>true}) :-
        (hole 0 {:hash_depth=>0, :method_arg=>true})))
    (begin
      (send
        (hole 0 {:hash_depth=>0, :limit_depth=>true, :recv=>true}) :save))
    (begin
      (send
        (hole 0 {:hash_depth=>0, :limit_depth=>true, :recv=>true}) :count))
    (begin
      (send
        (hole 0 {:hash_depth=>0, :limit_depth=>true, :recv=>true}) :-
        (hole 0 {:hash_depth=>0, :method_arg=>true})))
    (begin
      (send
        (hole 0 {:hash_depth=>0, :limit_depth=>true, :recv=>true}) :save))
    (hole 2 {:hash_depth=>0, :method_arg=>true, :variance=>:+}) {:method_arg=>true}))
BASETYPE: true or false
SIZE WORK_LIST: 72
SIZE generated: 4
EVALUABLE#: 0

-------------------------

----------------
TTYPES
true or false

PROGS

LOCAL_COUNT: 41
GLOBAL_COUNT: 195

BASE_AFTER:
(send
  (begin
    (send
      (lvar InvitationCode(id: integer, token: string, diaspora_user_id: integer, count: integer)) :count)) :discoverable=
  (begin
    (send
      (filled-hole
        (lvar InvitationCode(id: integer, token: string, diaspora_user_id: integer, count: integer)) {:method_arg=>false}) :count)))
BASETYPE: true or false
SIZE WORK_LIST: 75
SIZE generated: 1
EVALUABLE#: 1

-------------------------

----------------
TTYPES
true or false
true or false
true or false
true or false

PROGS

LOCAL_COUNT: 42
GLOBAL_COUNT: 196

BASE_AFTER:
(send
  (begin
    (send
      (lvar InvitationCode(id: integer, token: string, diaspora_user_id: integer, count: integer)) :count)) :scheduled_check=
  (filled-hole
    (begin
      (send
        (hole 0 {:hash_depth=>0, :limit_depth=>true, :recv=>true}) :-
        (hole 0 {:hash_depth=>0, :method_arg=>true})))
    (begin
      (send
        (hole 0 {:hash_depth=>0, :limit_depth=>true, :recv=>true}) :save))
    (begin
      (send
        (hole 0 {:hash_depth=>0, :limit_depth=>true, :recv=>true}) :count))
    (begin
      (send
        (hole 0 {:hash_depth=>0, :limit_depth=>true, :recv=>true}) :-
        (hole 0 {:hash_depth=>0, :method_arg=>true})))
    (begin
      (send
        (hole 0 {:hash_depth=>0, :limit_depth=>true, :recv=>true}) :save))
    (hole 2 {:hash_depth=>0, :method_arg=>true, :variance=>:+}) {:method_arg=>true}))
BASETYPE: true or false
SIZE WORK_LIST: 74
SIZE generated: 4
EVALUABLE#: 0

-------------------------

----------------
TTYPES
true or false

PROGS

LOCAL_COUNT: 43
GLOBAL_COUNT: 197

BASE_AFTER:
(send
  (begin
    (send
      (lvar InvitationCode(id: integer, token: string, diaspora_user_id: integer, count: integer)) :count)) :scheduled_check=
  (begin
    (send
      (filled-hole
        (lvar InvitationCode(id: integer, token: string, diaspora_user_id: integer, count: integer)) {:method_arg=>false}) :count)))
BASETYPE: true or false
SIZE WORK_LIST: 77
SIZE generated: 1
EVALUABLE#: 1

-------------------------

----------------
TTYPES
true or false
true or false
true or false
true or false

PROGS

LOCAL_COUNT: 44
GLOBAL_COUNT: 198

BASE_AFTER:
(send
  (begin
    (send
      (lvar InvitationCode(id: integer, token: string, diaspora_user_id: integer, count: integer)) :count)) :otp_required_for_login=
  (filled-hole
    (begin
      (send
        (hole 0 {:hash_depth=>0, :limit_depth=>true, :recv=>true}) :-
        (hole 0 {:hash_depth=>0, :method_arg=>true})))
    (begin
      (send
        (hole 0 {:hash_depth=>0, :limit_depth=>true, :recv=>true}) :save))
    (begin
      (send
        (hole 0 {:hash_depth=>0, :limit_depth=>true, :recv=>true}) :count))
    (begin
      (send
        (hole 0 {:hash_depth=>0, :limit_depth=>true, :recv=>true}) :-
        (hole 0 {:hash_depth=>0, :method_arg=>true})))
    (begin
      (send
        (hole 0 {:hash_depth=>0, :limit_depth=>true, :recv=>true}) :save))
    (hole 2 {:hash_depth=>0, :method_arg=>true, :variance=>:+}) {:method_arg=>true}))
BASETYPE: true or false
SIZE WORK_LIST: 76
SIZE generated: 4
EVALUABLE#: 0

-------------------------

----------------
TTYPES
true or false

PROGS

LOCAL_COUNT: 45
GLOBAL_COUNT: 199

BASE_AFTER:
(send
  (begin
    (send
      (lvar InvitationCode(id: integer, token: string, diaspora_user_id: integer, count: integer)) :count)) :otp_required_for_login=
  (begin
    (send
      (filled-hole
        (lvar InvitationCode(id: integer, token: string, diaspora_user_id: integer, count: integer)) {:method_arg=>false}) :count)))
BASETYPE: true or false
SIZE WORK_LIST: 79
SIZE generated: 1
EVALUABLE#: 1

-------------------------

----------------
TTYPES
true or false
true or false
true or false
true or false

PROGS

LOCAL_COUNT: 46
GLOBAL_COUNT: 200

BASE_AFTER:
(send
  (begin
    (send
      (lvar InvitationCode(id: integer, token: string, diaspora_user_id: integer, count: integer)) :count)) :admin=
  (filled-hole
    (begin
      (send
        (hole 0 {:hash_depth=>0, :limit_depth=>true, :recv=>true}) :-
        (hole 0 {:hash_depth=>0, :method_arg=>true})))
    (begin
      (send
        (hole 0 {:hash_depth=>0, :limit_depth=>true, :recv=>true}) :save))
    (begin
      (send
        (hole 0 {:hash_depth=>0, :limit_depth=>true, :recv=>true}) :count))
    (begin
      (send
        (hole 0 {:hash_depth=>0, :limit_depth=>true, :recv=>true}) :-
        (hole 0 {:hash_depth=>0, :method_arg=>true})))
    (begin
      (send
        (hole 0 {:hash_depth=>0, :limit_depth=>true, :recv=>true}) :save))
    (hole 2 {:hash_depth=>0, :method_arg=>true, :variance=>:+}) {:method_arg=>true}))
BASETYPE: true or false
SIZE WORK_LIST: 78
SIZE generated: 4
EVALUABLE#: 0

-------------------------

----------------
TTYPES
true or false

PROGS

LOCAL_COUNT: 47
GLOBAL_COUNT: 201

BASE_AFTER:
(send
  (begin
    (send
      (lvar InvitationCode(id: integer, token: string, diaspora_user_id: integer, count: integer)) :count)) :admin=
  (begin
    (send
      (filled-hole
        (lvar InvitationCode(id: integer, token: string, diaspora_user_id: integer, count: integer)) {:method_arg=>false}) :count)))
BASETYPE: true or false
SIZE WORK_LIST: 81
SIZE generated: 1
EVALUABLE#: 1

-------------------------

----------------
TTYPES
true or false
true or false
true or false
true or false

PROGS

LOCAL_COUNT: 48
GLOBAL_COUNT: 202

BASE_AFTER:
(send
  (begin
    (send
      (lvar InvitationCode(id: integer, token: string, diaspora_user_id: integer, count: integer)) :count)) :staged=
  (filled-hole
    (begin
      (send
        (hole 0 {:hash_depth=>0, :limit_depth=>true, :recv=>true}) :-
        (hole 0 {:hash_depth=>0, :method_arg=>true})))
    (begin
      (send
        (hole 0 {:hash_depth=>0, :limit_depth=>true, :recv=>true}) :save))
    (begin
      (send
        (hole 0 {:hash_depth=>0, :limit_depth=>true, :recv=>true}) :count))
    (begin
      (send
        (hole 0 {:hash_depth=>0, :limit_depth=>true, :recv=>true}) :-
        (hole 0 {:hash_depth=>0, :method_arg=>true})))
    (begin
      (send
        (hole 0 {:hash_depth=>0, :limit_depth=>true, :recv=>true}) :save))
    (hole 2 {:hash_depth=>0, :method_arg=>true, :variance=>:+}) {:method_arg=>true}))
BASETYPE: true or false
SIZE WORK_LIST: 80
SIZE generated: 4
EVALUABLE#: 0

-------------------------

----------------
TTYPES
true or false

PROGS

LOCAL_COUNT: 49
GLOBAL_COUNT: 203

BASE_AFTER:
(send
  (begin
    (send
      (lvar InvitationCode(id: integer, token: string, diaspora_user_id: integer, count: integer)) :count)) :staged=
  (begin
    (send
      (filled-hole
        (lvar InvitationCode(id: integer, token: string, diaspora_user_id: integer, count: integer)) {:method_arg=>false}) :count)))
BASETYPE: true or false
SIZE WORK_LIST: 83
SIZE generated: 1
EVALUABLE#: 1

-------------------------

----------------
TTYPES
true or false
true or false
true or false
true or false

PROGS

LOCAL_COUNT: 50
GLOBAL_COUNT: 204

BASE_AFTER:
(send
  (begin
    (send
      (lvar InvitationCode(id: integer, token: string, diaspora_user_id: integer, count: integer)) :count)) :active=
  (filled-hole
    (begin
      (send
        (hole 0 {:hash_depth=>0, :limit_depth=>true, :recv=>true}) :-
        (hole 0 {:hash_depth=>0, :method_arg=>true})))
    (begin
      (send
        (hole 0 {:hash_depth=>0, :limit_depth=>true, :recv=>true}) :save))
    (begin
      (send
        (hole 0 {:hash_depth=>0, :limit_depth=>true, :recv=>true}) :count))
    (begin
      (send
        (hole 0 {:hash_depth=>0, :limit_depth=>true, :recv=>true}) :-
        (hole 0 {:hash_depth=>0, :method_arg=>true})))
    (begin
      (send
        (hole 0 {:hash_depth=>0, :limit_depth=>true, :recv=>true}) :save))
    (hole 2 {:hash_depth=>0, :method_arg=>true, :variance=>:+}) {:method_arg=>true}))
BASETYPE: true or false
SIZE WORK_LIST: 82
SIZE generated: 4
EVALUABLE#: 0

-------------------------

----------------
TTYPES
true or false

PROGS

LOCAL_COUNT: 51
GLOBAL_COUNT: 205

BASE_AFTER:
(send
  (begin
    (send
      (lvar InvitationCode(id: integer, token: string, diaspora_user_id: integer, count: integer)) :count)) :active=
  (begin
    (send
      (filled-hole
        (lvar InvitationCode(id: integer, token: string, diaspora_user_id: integer, count: integer)) {:method_arg=>false}) :count)))
BASETYPE: true or false
SIZE WORK_LIST: 85
SIZE generated: 1
EVALUABLE#: 1

-------------------------

----------------
TTYPES
true or false
true or false
true or false
true or false

PROGS

LOCAL_COUNT: 52
GLOBAL_COUNT: 206

BASE_AFTER:
(send
  (begin
    (send
      (lvar InvitationCode(id: integer, token: string, diaspora_user_id: integer, count: integer)) :count)) :primary=
  (filled-hole
    (begin
      (send
        (hole 0 {:hash_depth=>0, :limit_depth=>true, :recv=>true}) :-
        (hole 0 {:hash_depth=>0, :method_arg=>true})))
    (begin
      (send
        (hole 0 {:hash_depth=>0, :limit_depth=>true, :recv=>true}) :save))
    (begin
      (send
        (hole 0 {:hash_depth=>0, :limit_depth=>true, :recv=>true}) :count))
    (begin
      (send
        (hole 0 {:hash_depth=>0, :limit_depth=>true, :recv=>true}) :-
        (hole 0 {:hash_depth=>0, :method_arg=>true})))
    (begin
      (send
        (hole 0 {:hash_depth=>0, :limit_depth=>true, :recv=>true}) :save))
    (hole 2 {:hash_depth=>0, :method_arg=>true, :variance=>:+}) {:method_arg=>true}))
BASETYPE: true or false
SIZE WORK_LIST: 84
SIZE generated: 4
EVALUABLE#: 0

-------------------------

----------------
TTYPES
true or false

PROGS

LOCAL_COUNT: 53
GLOBAL_COUNT: 207

BASE_AFTER:
(send
  (begin
    (send
      (lvar InvitationCode(id: integer, token: string, diaspora_user_id: integer, count: integer)) :count)) :primary=
  (begin
    (send
      (filled-hole
        (lvar InvitationCode(id: integer, token: string, diaspora_user_id: integer, count: integer)) {:method_arg=>false}) :count)))
BASETYPE: true or false
SIZE WORK_LIST: 87
SIZE generated: 1
EVALUABLE#: 1

-------------------------

----------------
TTYPES
true or false
true or false
true or false
true or false

PROGS

LOCAL_COUNT: 54
GLOBAL_COUNT: 208

BASE_AFTER:
(send
  (begin
    (send
      (lvar InvitationCode(id: integer, token: string, diaspora_user_id: integer, count: integer)) :count)) :moderator=
  (filled-hole
    (begin
      (send
        (hole 0 {:hash_depth=>0, :limit_depth=>true, :recv=>true}) :-
        (hole 0 {:hash_depth=>0, :method_arg=>true})))
    (begin
      (send
        (hole 0 {:hash_depth=>0, :limit_depth=>true, :recv=>true}) :save))
    (begin
      (send
        (hole 0 {:hash_depth=>0, :limit_depth=>true, :recv=>true}) :count))
    (begin
      (send
        (hole 0 {:hash_depth=>0, :limit_depth=>true, :recv=>true}) :-
        (hole 0 {:hash_depth=>0, :method_arg=>true})))
    (begin
      (send
        (hole 0 {:hash_depth=>0, :limit_depth=>true, :recv=>true}) :save))
    (hole 2 {:hash_depth=>0, :method_arg=>true, :variance=>:+}) {:method_arg=>true}))
BASETYPE: true or false
SIZE WORK_LIST: 86
SIZE generated: 4
EVALUABLE#: 0

-------------------------

----------------
TTYPES
true or false

PROGS

LOCAL_COUNT: 55
GLOBAL_COUNT: 209

BASE_AFTER:
(send
  (begin
    (send
      (lvar InvitationCode(id: integer, token: string, diaspora_user_id: integer, count: integer)) :count)) :moderator=
  (begin
    (send
      (filled-hole
        (lvar InvitationCode(id: integer, token: string, diaspora_user_id: integer, count: integer)) {:method_arg=>false}) :count)))
BASETYPE: true or false
SIZE WORK_LIST: 89
SIZE generated: 1
EVALUABLE#: 1

-------------------------

----------------
TTYPES
Integer
Integer
Integer
Integer
Integer
Integer
Integer
Integer
Integer

PROGS

LOCAL_COUNT: 56
GLOBAL_COUNT: 210

BASE_AFTER:
(begin
  (send
    (begin
      (send
        (lvar InvitationCode(id: integer, token: string, diaspora_user_id: integer, count: integer)) :count)) :-
    (filled-hole
      (send
        (hole 0 {:hash_depth=>0, :limit_depth=>true, :recv=>true}) :id=
        (hole 0 {:hash_depth=>0, :method_arg=>true}))
      (send
        (hole 0 {:hash_depth=>0, :limit_depth=>true, :recv=>true}) :id)
      (send
        (hole 0 {:hash_depth=>0, :limit_depth=>true, :recv=>true}) :diaspora_user_id=
        (hole 0 {:hash_depth=>0, :method_arg=>true}))
      (send
        (hole 0 {:hash_depth=>0, :limit_depth=>true, :recv=>true}) :diaspora_user_id)
      (send
        (hole 0 {:hash_depth=>0, :limit_depth=>true, :recv=>true}) :count=
        (hole 0 {:hash_depth=>0, :method_arg=>true}))
      (begin
        (send
          (hole 0 {:hash_depth=>0, :limit_depth=>true, :recv=>true}) :count))
      (begin
        (send
          (hole 0 {:hash_depth=>0, :limit_depth=>true, :recv=>true}) :count))
      (begin
        (send
          (hole 0 {:hash_depth=>0, :limit_depth=>true, :recv=>true}) :count))
      (begin
        (send
          (hole 0 {:hash_depth=>0, :limit_depth=>true, :recv=>true}) :-
          (hole 0 {:hash_depth=>0, :method_arg=>true})))
      (begin
        (send
          (hole 0 {:hash_depth=>0, :limit_depth=>true, :recv=>true}) :count))
      (begin
        (send
          (hole 0 {:hash_depth=>0, :limit_depth=>true, :recv=>true}) :-
          (hole 0 {:hash_depth=>0, :method_arg=>true})))
      (hole 2 {:hash_depth=>0, :method_arg=>true, :variance=>:+}) {:method_arg=>true})))
BASETYPE: Integer
SIZE WORK_LIST: 88
SIZE generated: 9
EVALUABLE#: 0

-------------------------

----------------
TTYPES
Integer

PROGS

LOCAL_COUNT: 57
GLOBAL_COUNT: 211

BASE_AFTER:
(begin
  (send
    (begin
      (send
        (lvar InvitationCode(id: integer, token: string, diaspora_user_id: integer, count: integer)) :count)) :-
    (begin
      (send
        (filled-hole
          (lvar InvitationCode(id: integer, token: string, diaspora_user_id: integer, count: integer)) {:method_arg=>false}) :count))))
BASETYPE: Integer
SIZE WORK_LIST: 96
SIZE generated: 1
EVALUABLE#: 1

-------------------------

----------------
TTYPES
Integer
Integer
Integer
Integer

PROGS

LOCAL_COUNT: 58
GLOBAL_COUNT: 212

BASE_AFTER:
(begin
  (send
    (begin
      (send
        (lvar InvitationCode(id: integer, token: string, diaspora_user_id: integer, count: integer)) :count)) :-
    (send
      (filled-hole
        (lvar :arg0) {:method_arg=>false}) :id=
      (filled-hole
        (int 0)
        (int 1)
        (int 2)
        (hole 1 {:hash_depth=>0, :method_arg=>true, :variance=>:+}) {:method_arg=>true}))))
BASETYPE: Integer
SIZE WORK_LIST: 95
SIZE generated: 4
EVALUABLE#: 3

-------------------------

----------------
TTYPES
Integer

PROGS

LOCAL_COUNT: 59
GLOBAL_COUNT: 213

BASE_AFTER:
(begin
  (send
    (begin
      (send
        (lvar InvitationCode(id: integer, token: string, diaspora_user_id: integer, count: integer)) :count)) :-
    (send
      (filled-hole
        (lvar :arg0) {:method_arg=>false}) :id)))
BASETYPE: Integer
SIZE WORK_LIST: 95
SIZE generated: 1
EVALUABLE#: 1

-------------------------

----------------
TTYPES
Integer
Integer
Integer
Integer

PROGS

LOCAL_COUNT: 60
GLOBAL_COUNT: 214

BASE_AFTER:
(begin
  (send
    (begin
      (send
        (lvar InvitationCode(id: integer, token: string, diaspora_user_id: integer, count: integer)) :count)) :-
    (send
      (filled-hole
        (lvar :arg0) {:method_arg=>false}) :diaspora_user_id=
      (filled-hole
        (int 0)
        (int 1)
        (int 2)
        (hole 1 {:hash_depth=>0, :method_arg=>true, :variance=>:+}) {:method_arg=>true}))))
BASETYPE: Integer
SIZE WORK_LIST: 94
SIZE generated: 4
EVALUABLE#: 3

-------------------------

----------------
TTYPES
Integer

PROGS

LOCAL_COUNT: 61
GLOBAL_COUNT: 215

BASE_AFTER:
(begin
  (send
    (begin
      (send
        (lvar InvitationCode(id: integer, token: string, diaspora_user_id: integer, count: integer)) :count)) :-
    (send
      (filled-hole
        (lvar :arg0) {:method_arg=>false}) :diaspora_user_id)))
BASETYPE: Integer
SIZE WORK_LIST: 94
SIZE generated: 1
EVALUABLE#: 1

-------------------------

----------------
TTYPES
Integer
Integer
Integer
Integer

PROGS

LOCAL_COUNT: 62
GLOBAL_COUNT: 216

BASE_AFTER:
(begin
  (send
    (begin
      (send
        (lvar InvitationCode(id: integer, token: string, diaspora_user_id: integer, count: integer)) :count)) :-
    (send
      (filled-hole
        (lvar :arg0) {:method_arg=>false}) :count=
      (filled-hole
        (int 0)
        (int 1)
        (int 2)
        (hole 1 {:hash_depth=>0, :method_arg=>true, :variance=>:+}) {:method_arg=>true}))))
BASETYPE: Integer
SIZE WORK_LIST: 93
SIZE generated: 4
EVALUABLE#: 3

-------------------------

----------------
TTYPES
Integer

PROGS

LOCAL_COUNT: 63
GLOBAL_COUNT: 217

BASE_AFTER:
(begin
  (send
    (begin
      (send
        (lvar InvitationCode(id: integer, token: string, diaspora_user_id: integer, count: integer)) :count)) :-
    (begin
      (send
        (filled-hole
          (lvar :arg0) {:method_arg=>false}) :count))))
BASETYPE: Integer
SIZE WORK_LIST: 93
SIZE generated: 1
EVALUABLE#: 1

-------------------------

----------------
TTYPES
true or false
true or false
Integer
Integer
Integer
String
%bot

PROGS

LOCAL_COUNT: 1
GLOBAL_COUNT: 1

BASE_AFTER:
(filled-hole
  (true)
  (false)
  (int 0)
  (int 1)
  (int 2)
  (str "")
  (hole 1 {:hash_depth=>0, :method_arg=>false, :variance=>:-}) {:method_arg=>false})
BASETYPE: %bot
SIZE WORK_LIST: 0
SIZE generated: 7
EVALUABLE#: 6

-------------------------

----------------
TTYPES
true or false
true or false

PROGS

LOCAL_COUNT: 2
GLOBAL_COUNT: 2

BASE_AFTER:
(true)
BASETYPE: true or false
SIZE WORK_LIST: 6
SIZE generated: 2
EVALUABLE#: 0

-------------------------

----------------
TTYPES
true or false
true or false

PROGS

LOCAL_COUNT: 3
GLOBAL_COUNT: 3

BASE_AFTER:
(false)
BASETYPE: true or false
SIZE WORK_LIST: 7
SIZE generated: 2
EVALUABLE#: 0

-------------------------

----------------
TTYPES
Integer
Integer

PROGS

LOCAL_COUNT: 4
GLOBAL_COUNT: 4

BASE_AFTER:
(int 0)
BASETYPE: Integer
SIZE WORK_LIST: 8
SIZE generated: 2
EVALUABLE#: 0

-------------------------

----------------
TTYPES
Integer
Integer

PROGS

LOCAL_COUNT: 5
GLOBAL_COUNT: 5

BASE_AFTER:
(int 1)
BASETYPE: Integer
SIZE WORK_LIST: 9
SIZE generated: 2
EVALUABLE#: 0

-------------------------

----------------
TTYPES
Integer
Integer

PROGS

LOCAL_COUNT: 6
GLOBAL_COUNT: 6

BASE_AFTER:
(int 2)
BASETYPE: Integer
SIZE WORK_LIST: 10
SIZE generated: 2
EVALUABLE#: 0

-------------------------

----------------
TTYPES
String
String

PROGS

LOCAL_COUNT: 7
GLOBAL_COUNT: 7

BASE_AFTER:
(str "")
BASETYPE: String
SIZE WORK_LIST: 11
SIZE generated: 2
EVALUABLE#: 0

-------------------------

----------------
TTYPES
%bot

PROGS

LOCAL_COUNT: 8
GLOBAL_COUNT: 8

BASE_AFTER:
(filled-hole
  (begin
    (send
      (hole 0 {:hash_depth=>0, :limit_depth=>true, :recv=>true}) :-
      (hole 0 {:hash_depth=>0, :method_arg=>true})))
  (begin
    (send
      (hole 0 {:hash_depth=>0, :limit_depth=>true, :recv=>true}) :count))
  (begin
    (send
      (hole 0 {:hash_depth=>0, :limit_depth=>true, :recv=>true}) :-
      (hole 0 {:hash_depth=>0, :method_arg=>true})))
  (hole 2 {:hash_depth=>0, :method_arg=>false, :variance=>:-}) {:method_arg=>false})
BASETYPE: %bot
SIZE WORK_LIST: 12
SIZE generated: 1
EVALUABLE#: 0

-------------------------

----------------
TTYPES
true or false
true or false
true or false
true or false

PROGS

LOCAL_COUNT: 9
GLOBAL_COUNT: 9

BASE_AFTER:
(begin
  (send
    (hole 0 {:hash_depth=>0, :limit_depth=>true, :recv=>true}) :count=
    (hole 0 {:hash_depth=>0, :method_arg=>true}))
  (true))
BASETYPE: true or false
SIZE WORK_LIST: 12
SIZE generated: 4
EVALUABLE#: 3

-------------------------

----------------
TTYPES
true or false

PROGS

LOCAL_COUNT: 10
GLOBAL_COUNT: 10

BASE_AFTER:
(begin
  (send
    (hole 0 {:hash_depth=>0, :limit_depth=>true, :recv=>true}) :diaspora_user=
    (hole 0 {:hash_depth=>0, :method_arg=>true}))
  (true))
BASETYPE: true or false
SIZE WORK_LIST: 14
SIZE generated: 1
EVALUABLE#: 0

-------------------------

----------------
TTYPES
true or false
true or false
true or false
true or false

PROGS

LOCAL_COUNT: 11
GLOBAL_COUNT: 11

BASE_AFTER:
(begin
  (send
    (hole 0 {:hash_depth=>0, :limit_depth=>true, :recv=>true}) :count=
    (hole 0 {:hash_depth=>0, :method_arg=>true}))
  (false))
BASETYPE: true or false
SIZE WORK_LIST: 14
SIZE generated: 4
EVALUABLE#: 3

-------------------------

----------------
TTYPES
true or false

PROGS

LOCAL_COUNT: 12
GLOBAL_COUNT: 12

BASE_AFTER:
(begin
  (send
    (hole 0 {:hash_depth=>0, :limit_depth=>true, :recv=>true}) :diaspora_user=
    (hole 0 {:hash_depth=>0, :method_arg=>true}))
  (false))
BASETYPE: true or false
SIZE WORK_LIST: 16
SIZE generated: 1
EVALUABLE#: 0

-------------------------

----------------
TTYPES
Integer
Integer
Integer
Integer
Integer

PROGS

LOCAL_COUNT: 13
GLOBAL_COUNT: 13

BASE_AFTER:
(begin
  (send
    (hole 0 {:hash_depth=>0, :limit_depth=>true, :recv=>true}) :count=
    (hole 0 {:hash_depth=>0, :method_arg=>true}))
  (int 0))
BASETYPE: Integer
SIZE WORK_LIST: 16
SIZE generated: 5
EVALUABLE#: 4

-------------------------

----------------
TTYPES
Integer

PROGS

LOCAL_COUNT: 14
GLOBAL_COUNT: 14

BASE_AFTER:
(begin
  (send
    (hole 0 {:hash_depth=>0, :limit_depth=>true, :recv=>true}) :diaspora_user=
    (hole 0 {:hash_depth=>0, :method_arg=>true}))
  (int 0))
BASETYPE: Integer
SIZE WORK_LIST: 19
SIZE generated: 1
EVALUABLE#: 0

-------------------------

----------------
TTYPES
Integer
Integer
Integer
Integer
Integer

PROGS

LOCAL_COUNT: 15
GLOBAL_COUNT: 15

BASE_AFTER:
(begin
  (send
    (hole 0 {:hash_depth=>0, :limit_depth=>true, :recv=>true}) :count=
    (hole 0 {:hash_depth=>0, :method_arg=>true}))
  (int 1))
BASETYPE: Integer
SIZE WORK_LIST: 19
SIZE generated: 5
EVALUABLE#: 4

-------------------------

----------------
TTYPES
Integer

PROGS

LOCAL_COUNT: 16
GLOBAL_COUNT: 16

BASE_AFTER:
(begin
  (send
    (hole 0 {:hash_depth=>0, :limit_depth=>true, :recv=>true}) :diaspora_user=
    (hole 0 {:hash_depth=>0, :method_arg=>true}))
  (int 1))
BASETYPE: Integer
SIZE WORK_LIST: 22
SIZE generated: 1
EVALUABLE#: 0

-------------------------

----------------
TTYPES
Integer
Integer
Integer
Integer
Integer

PROGS

LOCAL_COUNT: 17
GLOBAL_COUNT: 17

BASE_AFTER:
(begin
  (send
    (hole 0 {:hash_depth=>0, :limit_depth=>true, :recv=>true}) :count=
    (hole 0 {:hash_depth=>0, :method_arg=>true}))
  (int 2))
BASETYPE: Integer
SIZE WORK_LIST: 22
SIZE generated: 5
EVALUABLE#: 4

-------------------------

----------------
TTYPES
Integer

PROGS

LOCAL_COUNT: 18
GLOBAL_COUNT: 18

BASE_AFTER:
(begin
  (send
    (hole 0 {:hash_depth=>0, :limit_depth=>true, :recv=>true}) :diaspora_user=
    (hole 0 {:hash_depth=>0, :method_arg=>true}))
  (int 2))
BASETYPE: Integer
SIZE WORK_LIST: 24
SIZE generated: 1
EVALUABLE#: 0

-------------------------

----------------
TTYPES
String
String
String
String

PROGS

LOCAL_COUNT: 19
GLOBAL_COUNT: 19

BASE_AFTER:
(begin
  (send
    (hole 0 {:hash_depth=>0, :limit_depth=>true, :recv=>true}) :count=
    (hole 0 {:hash_depth=>0, :method_arg=>true}))
  (str ""))
BASETYPE: String
SIZE WORK_LIST: 24
SIZE generated: 4
EVALUABLE#: 3

-------------------------

----------------
TTYPES
String

PROGS

LOCAL_COUNT: 20
GLOBAL_COUNT: 20

BASE_AFTER:
(begin
  (send
    (hole 0 {:hash_depth=>0, :limit_depth=>true, :recv=>true}) :diaspora_user=
    (hole 0 {:hash_depth=>0, :method_arg=>true}))
  (str ""))
BASETYPE: String
SIZE WORK_LIST: 26
SIZE generated: 1
EVALUABLE#: 0

-------------------------

----------------
TTYPES
true or false
true or false

PROGS

LOCAL_COUNT: 21
GLOBAL_COUNT: 21

BASE_AFTER:
(begin
  (send
    (lvar :arg0) :count=
    (int 0))
  (true))
BASETYPE: true or false
SIZE WORK_LIST: 26
SIZE generated: 2
EVALUABLE#: 0

-------------------------

----------------
TTYPES
true or false
true or false

PROGS

LOCAL_COUNT: 22
GLOBAL_COUNT: 22

BASE_AFTER:
(begin
  (send
    (lvar :arg0) :count=
    (int 1))
  (true))
BASETYPE: true or false
SIZE WORK_LIST: 27
SIZE generated: 2
EVALUABLE#: 0

-------------------------

----------------
TTYPES
true or false
true or false

PROGS

LOCAL_COUNT: 23
GLOBAL_COUNT: 23

BASE_AFTER:
(begin
  (send
    (lvar :arg0) :count=
    (int 0))
  (false))
BASETYPE: true or false
SIZE WORK_LIST: 28
SIZE generated: 2
EVALUABLE#: 0

-------------------------

----------------
TTYPES
true or false
true or false

PROGS

LOCAL_COUNT: 24
GLOBAL_COUNT: 24

BASE_AFTER:
(begin
  (send
    (lvar :arg0) :count=
    (int 1))
  (false))
BASETYPE: true or false
SIZE WORK_LIST: 29
SIZE generated: 2
EVALUABLE#: 0

-------------------------

----------------
TTYPES
Integer
Integer

PROGS

LOCAL_COUNT: 25
GLOBAL_COUNT: 25

BASE_AFTER:
(begin
  (send
    (lvar :arg0) :count=
    (int 0))
  (int 0))
BASETYPE: Integer
SIZE WORK_LIST: 30
SIZE generated: 2
EVALUABLE#: 0

-------------------------

----------------
TTYPES
Integer
Integer

PROGS

LOCAL_COUNT: 26
GLOBAL_COUNT: 26

BASE_AFTER:
(begin
  (send
    (lvar :arg0) :count=
    (int 1))
  (int 0))
BASETYPE: Integer
SIZE WORK_LIST: 31
SIZE generated: 2
EVALUABLE#: 0

-------------------------

----------------
TTYPES
Integer
Integer

PROGS

LOCAL_COUNT: 27
GLOBAL_COUNT: 27

BASE_AFTER:
(begin
  (lvasgn :t0
    (int 0))
  (send
    (lvar :arg0) :count=
    (lvar :t0))
  (lvar :t0))
BASETYPE: Integer
SIZE WORK_LIST: 32
SIZE generated: 2
EVALUABLE#: 0

-------------------------

----------------
TTYPES
Integer
Integer

PROGS

LOCAL_COUNT: 28
GLOBAL_COUNT: 28

BASE_AFTER:
(begin
  (send
    (lvar :arg0) :count=
    (int 0))
  (int 1))
BASETYPE: Integer
SIZE WORK_LIST: 33
SIZE generated: 2
EVALUABLE#: 0

-------------------------

----------------
TTYPES
Integer
Integer

PROGS

LOCAL_COUNT: 29
GLOBAL_COUNT: 29

BASE_AFTER:
(begin
  (send
    (lvar :arg0) :count=
    (int 1))
  (int 1))
BASETYPE: Integer
SIZE WORK_LIST: 34
SIZE generated: 2
EVALUABLE#: 0

-------------------------

----------------
TTYPES
Integer
Integer

PROGS

LOCAL_COUNT: 30
GLOBAL_COUNT: 30

BASE_AFTER:
(begin
  (lvasgn :t0
    (int 1))
  (send
    (lvar :arg0) :count=
    (lvar :t0))
  (lvar :t0))
BASETYPE: Integer
SIZE WORK_LIST: 35
SIZE generated: 2
EVALUABLE#: 0

-------------------------

----------------
TTYPES
Integer
Integer

PROGS

LOCAL_COUNT: 31
GLOBAL_COUNT: 31

BASE_AFTER:
(begin
  (send
    (lvar :arg0) :count=
    (int 0))
  (int 2))
BASETYPE: Integer
SIZE WORK_LIST: 36
SIZE generated: 2
EVALUABLE#: 0

-------------------------

----------------
TTYPES
Integer
Integer

PROGS

LOCAL_COUNT: 32
GLOBAL_COUNT: 32

BASE_AFTER:
(begin
  (send
    (lvar :arg0) :count=
    (int 1))
  (int 2))
BASETYPE: Integer
SIZE WORK_LIST: 37
SIZE generated: 2
EVALUABLE#: 0

-------------------------

----------------
TTYPES
String
String

PROGS

LOCAL_COUNT: 33
GLOBAL_COUNT: 33

BASE_AFTER:
(begin
  (send
    (lvar :arg0) :count=
    (int 0))
  (str ""))
BASETYPE: String
SIZE WORK_LIST: 38
SIZE generated: 2
EVALUABLE#: 0

-------------------------

----------------
TTYPES
String
String

PROGS

LOCAL_COUNT: 34
GLOBAL_COUNT: 34

BASE_AFTER:
(begin
  (send
    (lvar :arg0) :count=
    (int 1))
  (str ""))
BASETYPE: String
SIZE WORK_LIST: 39
SIZE generated: 2
EVALUABLE#: 0

-------------------------

----------------
TTYPES
Integer
Integer
Integer
Integer
Integer
Integer
Integer
Integer
%bot

PROGS

LOCAL_COUNT: 35
GLOBAL_COUNT: 35

BASE_AFTER:
(filled-hole
  (begin
    (send
      (send
        (hole 0 {:hash_depth=>0, :limit_depth=>true, :recv=>true}) :id=
        (hole 0 {:hash_depth=>0, :method_arg=>true})) :-
      (hole 0 {:hash_depth=>0, :method_arg=>true})))
  (begin
    (send
      (send
        (hole 0 {:hash_depth=>0, :limit_depth=>true, :recv=>true}) :id=
        (hole 0 {:hash_depth=>0, :method_arg=>true})) :-
      (hole 0 {:hash_depth=>0, :method_arg=>true})))
  (begin
    (send
      (send
        (hole 0 {:hash_depth=>0, :limit_depth=>true, :recv=>true}) :id=
        (hole 0 {:hash_depth=>0, :method_arg=>true})) :count))
  (begin
    (send
      (send
        (hole 0 {:hash_depth=>0, :limit_depth=>true, :recv=>true}) :id) :-
      (hole 0 {:hash_depth=>0, :method_arg=>true})))
  (begin
    (send
      (send
        (hole 0 {:hash_depth=>0, :limit_depth=>true, :recv=>true}) :id) :-
      (hole 0 {:hash_depth=>0, :method_arg=>true})))
  (begin
    (send
      (send
        (hole 0 {:hash_depth=>0, :limit_depth=>true, :recv=>true}) :id) :count))
  (begin
    (send
      (send
        (hole 0 {:hash_depth=>0, :limit_depth=>true, :recv=>true}) :token=
        (hole 0 {:hash_depth=>0, :method_arg=>true})) :count))
  (begin
    (send
      (send
        (hole 0 {:hash_depth=>0, :limit_depth=>true, :recv=>true}) :token=
        (hole 0 {:hash_depth=>0, :method_arg=>true})) :-
      (hole 0 {:hash_depth=>0, :method_arg=>true})))
  (begin
    (send
      (send
        (hole 0 {:hash_depth=>0, :limit_depth=>true, :recv=>true}) :token) :count))
  (begin
    (send
      (send
        (hole 0 {:hash_depth=>0, :limit_depth=>true, :recv=>true}) :token) :-
      (hole 0 {:hash_depth=>0, :method_arg=>true})))
  (begin
    (send
      (send
        (hole 0 {:hash_depth=>0, :limit_depth=>true, :recv=>true}) :diaspora_user_id=
        (hole 0 {:hash_depth=>0, :method_arg=>true})) :-
      (hole 0 {:hash_depth=>0, :method_arg=>true})))
  (begin
    (send
      (send
        (hole 0 {:hash_depth=>0, :limit_depth=>true, :recv=>true}) :diaspora_user_id=
        (hole 0 {:hash_depth=>0, :method_arg=>true})) :-
      (hole 0 {:hash_depth=>0, :method_arg=>true})))
  (begin
    (send
      (send
        (hole 0 {:hash_depth=>0, :limit_depth=>true, :recv=>true}) :diaspora_user_id=
        (hole 0 {:hash_depth=>0, :method_arg=>true})) :count))
  (begin
    (send
      (send
        (hole 0 {:hash_depth=>0, :limit_depth=>true, :recv=>true}) :diaspora_user_id) :-
      (hole 0 {:hash_depth=>0, :method_arg=>true})))
  (begin
    (send
      (send
        (hole 0 {:hash_depth=>0, :limit_depth=>true, :recv=>true}) :diaspora_user_id) :-
      (hole 0 {:hash_depth=>0, :method_arg=>true})))
  (begin
    (send
      (send
        (hole 0 {:hash_depth=>0, :limit_depth=>true, :recv=>true}) :diaspora_user_id) :count))
  (begin
    (send
      (send
        (hole 0 {:hash_depth=>0, :limit_depth=>true, :recv=>true}) :count=
        (hole 0 {:hash_depth=>0, :method_arg=>true})) :-
      (hole 0 {:hash_depth=>0, :method_arg=>true})))
  (begin
    (send
      (send
        (hole 0 {:hash_depth=>0, :limit_depth=>true, :recv=>true}) :count=
        (hole 0 {:hash_depth=>0, :method_arg=>true})) :-
      (hole 0 {:hash_depth=>0, :method_arg=>true})))
  (begin
    (send
      (send
        (hole 0 {:hash_depth=>0, :limit_depth=>true, :recv=>true}) :count=
        (hole 0 {:hash_depth=>0, :method_arg=>true})) :count))
  (begin
    (send
      (begin
        (send
          (hole 0 {:hash_depth=>0, :limit_depth=>true, :recv=>true}) :count)) :-
      (hole 0 {:hash_depth=>0, :method_arg=>true})))
  (begin
    (send
      (begin
        (send
          (hole 0 {:hash_depth=>0, :limit_depth=>true, :recv=>true}) :count)) :-
      (hole 0 {:hash_depth=>0, :method_arg=>true})))
  (begin
    (send
      (begin
        (send
          (hole 0 {:hash_depth=>0, :limit_depth=>true, :recv=>true}) :count)) :count))
  (begin
    (send
      (send
        (hole 0 {:hash_depth=>0, :limit_depth=>true, :recv=>true}) :diaspora_user) :count))
  (begin
    (send
      (send
        (hole 0 {:hash_depth=>0, :limit_depth=>true, :recv=>true}) :diaspora_user) :-
      (hole 0 {:hash_depth=>0, :method_arg=>true})))
  (begin
    (send
      (send
        (hole 0 {:hash_depth=>0, :limit_depth=>true, :recv=>true}) :diaspora_user=
        (hole 0 {:hash_depth=>0, :method_arg=>true})) :count))
  (begin
    (send
      (send
        (hole 0 {:hash_depth=>0, :limit_depth=>true, :recv=>true}) :diaspora_user=
        (hole 0 {:hash_depth=>0, :method_arg=>true})) :-
      (hole 0 {:hash_depth=>0, :method_arg=>true})))
  (begin
    (send
      (begin
        (send
          (hole 0 {:hash_depth=>0, :limit_depth=>true, :recv=>true}) :-
          (hole 0 {:hash_depth=>0, :method_arg=>true}))) :-
      (hole 0 {:hash_depth=>0, :method_arg=>true})))
  (begin
    (send
      (begin
        (send
          (hole 0 {:hash_depth=>0, :limit_depth=>true, :recv=>true}) :-
          (hole 0 {:hash_depth=>0, :method_arg=>true}))) :-
      (hole 0 {:hash_depth=>0, :method_arg=>true})))
  (begin
    (send
      (begin
        (send
          (hole 0 {:hash_depth=>0, :limit_depth=>true, :recv=>true}) :save)) :count))
  (begin
    (send
      (begin
        (send
          (hole 0 {:hash_depth=>0, :limit_depth=>true, :recv=>true}) :save)) :-
      (hole 0 {:hash_depth=>0, :method_arg=>true})))
  (begin
    (send
      (begin
        (send
          (hole 0 {:hash_depth=>0, :limit_depth=>true, :recv=>true}) :count)) :-
      (hole 0 {:hash_depth=>0, :method_arg=>true})))
  (begin
    (send
      (begin
        (send
          (hole 0 {:hash_depth=>0, :limit_depth=>true, :recv=>true}) :count)) :-
      (hole 0 {:hash_depth=>0, :method_arg=>true})))
  (begin
    (send
      (begin
        (send
          (hole 0 {:hash_depth=>0, :limit_depth=>true, :recv=>true}) :-
          (hole 0 {:hash_depth=>0, :method_arg=>true}))) :-
      (hole 0 {:hash_depth=>0, :method_arg=>true})))
  (begin
    (send
      (begin
        (send
          (hole 0 {:hash_depth=>0, :limit_depth=>true, :recv=>true}) :-
          (hole 0 {:hash_depth=>0, :method_arg=>true}))) :-
      (hole 0 {:hash_depth=>0, :method_arg=>true})))
  (begin
    (send
      (begin
        (send
          (hole 0 {:hash_depth=>0, :limit_depth=>true, :recv=>true}) :save)) :count))
  (begin
    (send
      (begin
        (send
          (hole 0 {:hash_depth=>0, :limit_depth=>true, :recv=>true}) :save)) :-
      (hole 0 {:hash_depth=>0, :method_arg=>true})))
  (hole 3 {:hash_depth=>0, :method_arg=>false, :variance=>:-}) {:method_arg=>false})
BASETYPE: %bot
SIZE WORK_LIST: 40
SIZE generated: 9
EVALUABLE#: 0

-------------------------

----------------
TTYPES
Integer
Integer
Integer
Integer
Integer
Integer
Integer
Integer
Integer
Integer
Integer
Integer
Integer
Integer
Integer
Integer
Integer
Integer
Integer
Integer
Integer
Integer
Integer
Integer
Integer
Integer
Integer
Integer
Integer
Integer
Integer
Integer
Integer
Integer
Integer
Integer

PROGS

LOCAL_COUNT: 36
GLOBAL_COUNT: 36

BASE_AFTER:
(begin
  (send
    (begin
      (send
        (filled-hole
          (lvar InvitationCode(id: integer, token: string, diaspora_user_id: integer, count: integer)) {:method_arg=>false}) :-
        (filled-hole
          (lvar :arg0)
          (lvar InvitationCode(id: integer, token: string, diaspora_user_id: integer, count: integer))
          (true)
          (false)
          (int 0)
          (int 1)
          (int 2)
          (str "")
          (hole 1 {:hash_depth=>0, :method_arg=>true, :variance=>:+}) {:method_arg=>true}))) :-
    (filled-hole
      (int 0)
      (int 1)
      (int 2)
      (hole 1 {:hash_depth=>0, :method_arg=>true, :variance=>:+}) {:method_arg=>true})))
BASETYPE: Integer
SIZE WORK_LIST: 48
SIZE generated: 36
EVALUABLE#: 24

-------------------------

----------------
TTYPES
Integer
Integer
Integer
Integer

PROGS

LOCAL_COUNT: 37
GLOBAL_COUNT: 37

BASE_AFTER:
(begin
  (send
    (begin
      (send
        (filled-hole
          (lvar InvitationCode(id: integer, token: string, diaspora_user_id: integer, count: integer)) {:method_arg=>false}) :count)) :-
    (filled-hole
      (int 0)
      (int 1)
      (int 2)
      (hole 1 {:hash_depth=>0, :method_arg=>true, :variance=>:+}) {:method_arg=>true})))
BASETYPE: Integer
SIZE WORK_LIST: 59
SIZE generated: 4
EVALUABLE#: 3

-------------------------

----------------
TTYPES
true or false
true or false
true or false
true or false
true or false
true or false
true or false
true or false
true or false
true or false
true or false

PROGS

LOCAL_COUNT: 38
GLOBAL_COUNT: 38

BASE_AFTER:
(begin
  (send
    (lvar :arg0) :count=
    (hole 1 {:hash_depth=>0, :method_arg=>true, :variance=>:+}))
  (true))
BASETYPE: true or false
SIZE WORK_LIST: 62
SIZE generated: 11
EVALUABLE#: 0

-------------------------

----------------
TTYPES
Integer
Integer

PROGS

LOCAL_COUNT: 39
GLOBAL_COUNT: 39

BASE_AFTER:
(begin
  (send
    (begin
      (send
        (lvar InvitationCode(id: integer, token: string, diaspora_user_id: integer, count: integer)) :count)) :-
    (int 0)))
BASETYPE: Integer
SIZE WORK_LIST: 72
SIZE generated: 2
EVALUABLE#: 0

-------------------------

----------------
TTYPES
Integer
Integer

PROGS

LOCAL_COUNT: 40
GLOBAL_COUNT: 40

BASE_AFTER:
(begin
  (send
    (begin
      (send
        (lvar InvitationCode(id: integer, token: string, diaspora_user_id: integer, count: integer)) :count)) :-
    (int 1)))
BASETYPE: Integer
SIZE WORK_LIST: 73
SIZE generated: 2
EVALUABLE#: 0

-------------------------

----------------
TTYPES
Integer
Integer

PROGS

LOCAL_COUNT: 41
GLOBAL_COUNT: 41

BASE_AFTER:
(begin
  (send
    (begin
      (send
        (lvar InvitationCode(id: integer, token: string, diaspora_user_id: integer, count: integer)) :count)) :-
    (int 2)))
BASETYPE: Integer
SIZE WORK_LIST: 74
SIZE generated: 2
EVALUABLE#: 0

-------------------------

----------------
TTYPES
true or false
true or false
true or false
true or false
true or false
true or false
true or false
true or false
true or false
true or false

PROGS

LOCAL_COUNT: 42
GLOBAL_COUNT: 42

BASE_AFTER:
(begin
  (send
    (lvar :arg0) :count=
    (begin
      (send
        (hole 0 {:hash_depth=>0, :limit_depth=>true, :recv=>true}) :-
        (hole 0 {:hash_depth=>0, :method_arg=>true}))))
  (true))
BASETYPE: true or false
SIZE WORK_LIST: 75
SIZE generated: 10
EVALUABLE#: 9

-------------------------

----------------
TTYPES
true or false

PROGS

LOCAL_COUNT: 43
GLOBAL_COUNT: 43

BASE_AFTER:
(begin
  (send
    (lvar :arg0) :count=
    (begin
      (send
        (hole 0 {:hash_depth=>0, :limit_depth=>true, :recv=>true}) :count)))
  (true))
BASETYPE: true or false
SIZE WORK_LIST: 75
SIZE generated: 1
EVALUABLE#: 1

-------------------------

----------------
TTYPES
true or false
true or false
true or false
true or false
true or false
true or false

PROGS

LOCAL_COUNT: 44
GLOBAL_COUNT: 44

BASE_AFTER:
(begin
  (send
    (lvar :arg0) :diaspora_user=
    (hole 1 {:hash_depth=>0, :method_arg=>true, :variance=>:+}))
  (true))
BASETYPE: true or false
SIZE WORK_LIST: 75
SIZE generated: 6
EVALUABLE#: 0

-------------------------

----------------
TTYPES
true or false
true or false

PROGS

LOCAL_COUNT: 45
GLOBAL_COUNT: 45

BASE_AFTER:
(begin
  (send
    (lvar :arg0) :count=
    (begin
      (send
        (lvar InvitationCode(id: integer, token: string, diaspora_user_id: integer, count: integer)) :count)))
  (true))
BASETYPE: true or false
SIZE WORK_LIST: 80
SIZE generated: 2
EVALUABLE#: 0

-------------------------

----------------
TTYPES
true or false

PROGS

LOCAL_COUNT: 46
GLOBAL_COUNT: 46

BASE_AFTER:
(begin
  (send
    (lvar :arg0) :diaspora_user=
    (begin
      (send
        (hole 0 {:hash_depth=>0, :limit_depth=>true, :recv=>true}) :count)))
  (true))
BASETYPE: true or false
SIZE WORK_LIST: 81
SIZE generated: 1
EVALUABLE#: 1

-------------------------

----------------
TTYPES
true or false
true or false
true or false
true or false
true or false
true or false
true or false
true or false
true or false
true or false
true or false

PROGS

LOCAL_COUNT: 47
GLOBAL_COUNT: 47

BASE_AFTER:
(begin
  (send
    (lvar :arg0) :count=
    (hole 1 {:hash_depth=>0, :method_arg=>true, :variance=>:+}))
  (false))
BASETYPE: true or false
SIZE WORK_LIST: 80
SIZE generated: 11
EVALUABLE#: 0

-------------------------

----------------
TTYPES
true or false

PROGS

LOCAL_COUNT: 48
GLOBAL_COUNT: 48

BASE_AFTER:
(begin
  (send
    (lvar :arg0) :count=
    (begin
      (send
        (hole 0 {:hash_depth=>0, :limit_depth=>true, :recv=>true}) :count)))
  (false))
BASETYPE: true or false
SIZE WORK_LIST: 90
SIZE generated: 1
EVALUABLE#: 1

-------------------------

----------------
TTYPES
true or false
true or false
true or false
true or false
true or false
true or false

PROGS

LOCAL_COUNT: 49
GLOBAL_COUNT: 49

BASE_AFTER:
(begin
  (send
    (lvar :arg0) :diaspora_user=
    (hole 1 {:hash_depth=>0, :method_arg=>true, :variance=>:+}))
  (false))
BASETYPE: true or false
SIZE WORK_LIST: 90
SIZE generated: 6
EVALUABLE#: 0

-------------------------

----------------
TTYPES
true or false
true or false

PROGS

LOCAL_COUNT: 50
GLOBAL_COUNT: 50

BASE_AFTER:
(begin
  (send
    (lvar :arg0) :count=
    (begin
      (send
        (lvar InvitationCode(id: integer, token: string, diaspora_user_id: integer, count: integer)) :count)))
  (false))
BASETYPE: true or false
SIZE WORK_LIST: 95
SIZE generated: 2
EVALUABLE#: 0

-------------------------

----------------
TTYPES
true or false

PROGS

LOCAL_COUNT: 51
GLOBAL_COUNT: 51

BASE_AFTER:
(begin
  (send
    (lvar :arg0) :diaspora_user=
    (begin
      (send
        (hole 0 {:hash_depth=>0, :limit_depth=>true, :recv=>true}) :count)))
  (false))
BASETYPE: true or false
SIZE WORK_LIST: 96
SIZE generated: 1
EVALUABLE#: 1

-------------------------

----------------
TTYPES
Integer
Integer
Integer
Integer
Integer
Integer
Integer
Integer
Integer
Integer
Integer

PROGS

LOCAL_COUNT: 52
GLOBAL_COUNT: 52

BASE_AFTER:
(begin
  (send
    (lvar :arg0) :count=
    (hole 1 {:hash_depth=>0, :method_arg=>true, :variance=>:+}))
  (int 0))
BASETYPE: Integer
SIZE WORK_LIST: 95
SIZE generated: 11
EVALUABLE#: 0

-------------------------

----------------
TTYPES
Integer

PROGS

LOCAL_COUNT: 53
GLOBAL_COUNT: 53

BASE_AFTER:
(begin
  (send
    (lvar :arg0) :count=
    (begin
      (send
        (hole 0 {:hash_depth=>0, :limit_depth=>true, :recv=>true}) :count)))
  (int 0))
BASETYPE: Integer
SIZE WORK_LIST: 105
SIZE generated: 1
EVALUABLE#: 1

-------------------------

----------------
TTYPES
Integer
Integer
Integer
Integer
Integer
Integer

PROGS

LOCAL_COUNT: 54
GLOBAL_COUNT: 54

BASE_AFTER:
(begin
  (send
    (lvar :arg0) :diaspora_user=
    (hole 1 {:hash_depth=>0, :method_arg=>true, :variance=>:+}))
  (int 0))
BASETYPE: Integer
SIZE WORK_LIST: 105
SIZE generated: 6
EVALUABLE#: 0

-------------------------

----------------
TTYPES
Integer
Integer

PROGS

LOCAL_COUNT: 55
GLOBAL_COUNT: 55

BASE_AFTER:
(begin
  (send
    (lvar :arg0) :count=
    (begin
      (send
        (lvar InvitationCode(id: integer, token: string, diaspora_user_id: integer, count: integer)) :count)))
  (int 0))
BASETYPE: Integer
SIZE WORK_LIST: 110
SIZE generated: 2
EVALUABLE#: 0

-------------------------

----------------
TTYPES
Integer

PROGS

LOCAL_COUNT: 56
GLOBAL_COUNT: 56

BASE_AFTER:
(begin
  (send
    (lvar :arg0) :diaspora_user=
    (begin
      (send
        (hole 0 {:hash_depth=>0, :limit_depth=>true, :recv=>true}) :count)))
  (int 0))
BASETYPE: Integer
SIZE WORK_LIST: 111
SIZE generated: 1
EVALUABLE#: 1

-------------------------

----------------
TTYPES
Integer
Integer
Integer
Integer
Integer
Integer
Integer
Integer
Integer
Integer
Integer

PROGS

LOCAL_COUNT: 57
GLOBAL_COUNT: 57

BASE_AFTER:
(begin
  (send
    (lvar :arg0) :count=
    (hole 1 {:hash_depth=>0, :method_arg=>true, :variance=>:+}))
  (int 1))
BASETYPE: Integer
SIZE WORK_LIST: 110
SIZE generated: 11
EVALUABLE#: 0

-------------------------

----------------
TTYPES
Integer

PROGS

LOCAL_COUNT: 58
GLOBAL_COUNT: 58

BASE_AFTER:
(begin
  (send
    (lvar :arg0) :count=
    (begin
      (send
        (hole 0 {:hash_depth=>0, :limit_depth=>true, :recv=>true}) :count)))
  (int 1))
BASETYPE: Integer
SIZE WORK_LIST: 120
SIZE generated: 1
EVALUABLE#: 1

-------------------------

----------------
TTYPES
Integer
Integer
Integer
Integer
Integer
Integer

PROGS

LOCAL_COUNT: 59
GLOBAL_COUNT: 59

BASE_AFTER:
(begin
  (send
    (lvar :arg0) :diaspora_user=
    (hole 1 {:hash_depth=>0, :method_arg=>true, :variance=>:+}))
  (int 1))
BASETYPE: Integer
SIZE WORK_LIST: 120
SIZE generated: 6
EVALUABLE#: 0

-------------------------

----------------
TTYPES
Integer
Integer

PROGS

LOCAL_COUNT: 60
GLOBAL_COUNT: 60

BASE_AFTER:
(begin
  (send
    (lvar :arg0) :count=
    (begin
      (send
        (lvar InvitationCode(id: integer, token: string, diaspora_user_id: integer, count: integer)) :count)))
  (int 1))
BASETYPE: Integer
SIZE WORK_LIST: 125
SIZE generated: 2
EVALUABLE#: 0

-------------------------

----------------
TTYPES
Integer

PROGS

LOCAL_COUNT: 61
GLOBAL_COUNT: 61

BASE_AFTER:
(begin
  (send
    (lvar :arg0) :diaspora_user=
    (begin
      (send
        (hole 0 {:hash_depth=>0, :limit_depth=>true, :recv=>true}) :count)))
  (int 1))
BASETYPE: Integer
SIZE WORK_LIST: 126
SIZE generated: 1
EVALUABLE#: 1

-------------------------

----------------
TTYPES
Integer
Integer
Integer
Integer
Integer
Integer
Integer
Integer
Integer
Integer
Integer

PROGS

LOCAL_COUNT: 62
GLOBAL_COUNT: 62

BASE_AFTER:
(begin
  (send
    (lvar :arg0) :count=
    (hole 1 {:hash_depth=>0, :method_arg=>true, :variance=>:+}))
  (int 2))
BASETYPE: Integer
SIZE WORK_LIST: 125
SIZE generated: 11
EVALUABLE#: 0

-------------------------

----------------
TTYPES
Integer

PROGS

LOCAL_COUNT: 63
GLOBAL_COUNT: 63

BASE_AFTER:
(begin
  (send
    (lvar :arg0) :count=
    (begin
      (send
        (hole 0 {:hash_depth=>0, :limit_depth=>true, :recv=>true}) :count)))
  (int 2))
BASETYPE: Integer
SIZE WORK_LIST: 135
SIZE generated: 1
EVALUABLE#: 1

-------------------------

----------------
TTYPES
Integer
Integer
Integer
Integer
Integer
Integer

PROGS

LOCAL_COUNT: 64
GLOBAL_COUNT: 64

BASE_AFTER:
(begin
  (send
    (lvar :arg0) :diaspora_user=
    (hole 1 {:hash_depth=>0, :method_arg=>true, :variance=>:+}))
  (int 2))
BASETYPE: Integer
SIZE WORK_LIST: 135
SIZE generated: 6
EVALUABLE#: 0

-------------------------

----------------
TTYPES
Integer
Integer

PROGS

LOCAL_COUNT: 65
GLOBAL_COUNT: 65

BASE_AFTER:
(begin
  (send
    (lvar :arg0) :count=
    (begin
      (send
        (lvar InvitationCode(id: integer, token: string, diaspora_user_id: integer, count: integer)) :count)))
  (int 2))
BASETYPE: Integer
SIZE WORK_LIST: 140
SIZE generated: 2
EVALUABLE#: 0

-------------------------

----------------
TTYPES
Integer

PROGS

LOCAL_COUNT: 66
GLOBAL_COUNT: 66

BASE_AFTER:
(begin
  (send
    (lvar :arg0) :diaspora_user=
    (begin
      (send
        (hole 0 {:hash_depth=>0, :limit_depth=>true, :recv=>true}) :count)))
  (int 2))
BASETYPE: Integer
SIZE WORK_LIST: 141
SIZE generated: 1
EVALUABLE#: 1

-------------------------

----------------
TTYPES
String
String
String
String
String
String
String
String
String
String
String

PROGS

LOCAL_COUNT: 67
GLOBAL_COUNT: 67

BASE_AFTER:
(begin
  (send
    (lvar :arg0) :count=
    (hole 1 {:hash_depth=>0, :method_arg=>true, :variance=>:+}))
  (str ""))
BASETYPE: String
SIZE WORK_LIST: 140
SIZE generated: 11
EVALUABLE#: 0

-------------------------

----------------
TTYPES
String

PROGS

LOCAL_COUNT: 68
GLOBAL_COUNT: 68

BASE_AFTER:
(begin
  (send
    (lvar :arg0) :count=
    (begin
      (send
        (hole 0 {:hash_depth=>0, :limit_depth=>true, :recv=>true}) :count)))
  (str ""))
BASETYPE: String
SIZE WORK_LIST: 150
SIZE generated: 1
EVALUABLE#: 1

-------------------------

----------------
TTYPES
String
String
String
String
String
String

PROGS

LOCAL_COUNT: 69
GLOBAL_COUNT: 69

BASE_AFTER:
(begin
  (send
    (lvar :arg0) :diaspora_user=
    (hole 1 {:hash_depth=>0, :method_arg=>true, :variance=>:+}))
  (str ""))
BASETYPE: String
SIZE WORK_LIST: 150
SIZE generated: 6
EVALUABLE#: 0

-------------------------

----------------
TTYPES
String
String

PROGS

LOCAL_COUNT: 70
GLOBAL_COUNT: 70

BASE_AFTER:
(begin
  (send
    (lvar :arg0) :count=
    (begin
      (send
        (lvar InvitationCode(id: integer, token: string, diaspora_user_id: integer, count: integer)) :count)))
  (str ""))
BASETYPE: String
SIZE WORK_LIST: 155
SIZE generated: 2
EVALUABLE#: 0

-------------------------

----------------
TTYPES
String

PROGS

LOCAL_COUNT: 71
GLOBAL_COUNT: 71

BASE_AFTER:
(begin
  (send
    (lvar :arg0) :diaspora_user=
    (begin
      (send
        (hole 0 {:hash_depth=>0, :limit_depth=>true, :recv=>true}) :count)))
  (str ""))
BASETYPE: String
SIZE WORK_LIST: 156
SIZE generated: 1
EVALUABLE#: 1

-------------------------

----------------
TTYPES
true or false
true or false
true or false
true or false

PROGS

LOCAL_COUNT: 72
GLOBAL_COUNT: 72

BASE_AFTER:
(begin
  (send
    (lvar :arg0) :count=
    (int 0))
  (send
    (hole 0 {:hash_depth=>0, :limit_depth=>true, :recv=>true}) :count=
    (hole 0 {:hash_depth=>0, :method_arg=>true}))
  (true))
BASETYPE: true or false
SIZE WORK_LIST: 155
SIZE generated: 4
EVALUABLE#: 3

-------------------------

----------------
TTYPES
true or false

PROGS

LOCAL_COUNT: 73
GLOBAL_COUNT: 73

BASE_AFTER:
(begin
  (send
    (lvar :arg0) :count=
    (int 0))
  (send
    (hole 0 {:hash_depth=>0, :limit_depth=>true, :recv=>true}) :diaspora_user=
    (hole 0 {:hash_depth=>0, :method_arg=>true}))
  (true))
BASETYPE: true or false
SIZE WORK_LIST: 157
SIZE generated: 1
EVALUABLE#: 0

-------------------------

----------------
TTYPES
true or false
true or false
true or false
true or false

PROGS

LOCAL_COUNT: 74
GLOBAL_COUNT: 74

BASE_AFTER:
(begin
  (send
    (lvar :arg0) :count=
    (int 1))
  (send
    (hole 0 {:hash_depth=>0, :limit_depth=>true, :recv=>true}) :count=
    (hole 0 {:hash_depth=>0, :method_arg=>true}))
  (true))
BASETYPE: true or false
SIZE WORK_LIST: 157
SIZE generated: 4
EVALUABLE#: 3

-------------------------

----------------
TTYPES
true or false

PROGS

LOCAL_COUNT: 75
GLOBAL_COUNT: 75

BASE_AFTER:
(begin
  (send
    (lvar :arg0) :count=
    (int 1))
  (send
    (hole 0 {:hash_depth=>0, :limit_depth=>true, :recv=>true}) :diaspora_user=
    (hole 0 {:hash_depth=>0, :method_arg=>true}))
  (true))
BASETYPE: true or false
SIZE WORK_LIST: 159
SIZE generated: 1
EVALUABLE#: 0

-------------------------

----------------
TTYPES
true or false
true or false
true or false
true or false

PROGS

LOCAL_COUNT: 76
GLOBAL_COUNT: 76

BASE_AFTER:
(begin
  (send
    (lvar :arg0) :count=
    (int 0))
  (send
    (hole 0 {:hash_depth=>0, :limit_depth=>true, :recv=>true}) :count=
    (hole 0 {:hash_depth=>0, :method_arg=>true}))
  (false))
BASETYPE: true or false
SIZE WORK_LIST: 159
SIZE generated: 4
EVALUABLE#: 3

-------------------------

----------------
TTYPES
true or false

PROGS

LOCAL_COUNT: 77
GLOBAL_COUNT: 77

BASE_AFTER:
(begin
  (send
    (lvar :arg0) :count=
    (int 0))
  (send
    (hole 0 {:hash_depth=>0, :limit_depth=>true, :recv=>true}) :diaspora_user=
    (hole 0 {:hash_depth=>0, :method_arg=>true}))
  (false))
BASETYPE: true or false
SIZE WORK_LIST: 161
SIZE generated: 1
EVALUABLE#: 0

-------------------------

----------------
TTYPES
true or false
true or false
true or false
true or false

PROGS

LOCAL_COUNT: 78
GLOBAL_COUNT: 78

BASE_AFTER:
(begin
  (send
    (lvar :arg0) :count=
    (int 1))
  (send
    (hole 0 {:hash_depth=>0, :limit_depth=>true, :recv=>true}) :count=
    (hole 0 {:hash_depth=>0, :method_arg=>true}))
  (false))
BASETYPE: true or false
SIZE WORK_LIST: 161
SIZE generated: 4
EVALUABLE#: 3

-------------------------

----------------
TTYPES
true or false

PROGS

LOCAL_COUNT: 79
GLOBAL_COUNT: 79

BASE_AFTER:
(begin
  (send
    (lvar :arg0) :count=
    (int 1))
  (send
    (hole 0 {:hash_depth=>0, :limit_depth=>true, :recv=>true}) :diaspora_user=
    (hole 0 {:hash_depth=>0, :method_arg=>true}))
  (false))
BASETYPE: true or false
SIZE WORK_LIST: 163
SIZE generated: 1
EVALUABLE#: 0

-------------------------

----------------
TTYPES
Integer
Integer
Integer
Integer
Integer

PROGS

LOCAL_COUNT: 80
GLOBAL_COUNT: 80

BASE_AFTER:
(begin
  (send
    (lvar :arg0) :count=
    (int 0))
  (send
    (hole 0 {:hash_depth=>0, :limit_depth=>true, :recv=>true}) :count=
    (hole 0 {:hash_depth=>0, :method_arg=>true}))
  (int 0))
BASETYPE: Integer
SIZE WORK_LIST: 163
SIZE generated: 5
EVALUABLE#: 4

-------------------------

----------------
TTYPES
Integer

PROGS

LOCAL_COUNT: 81
GLOBAL_COUNT: 81

BASE_AFTER:
(begin
  (send
    (lvar :arg0) :count=
    (int 0))
  (send
    (hole 0 {:hash_depth=>0, :limit_depth=>true, :recv=>true}) :diaspora_user=
    (hole 0 {:hash_depth=>0, :method_arg=>true}))
  (int 0))
BASETYPE: Integer
SIZE WORK_LIST: 166
SIZE generated: 1
EVALUABLE#: 0

-------------------------

----------------
TTYPES
Integer
Integer
Integer
Integer
Integer

PROGS

LOCAL_COUNT: 82
GLOBAL_COUNT: 82

BASE_AFTER:
(begin
  (send
    (lvar :arg0) :count=
    (int 1))
  (send
    (hole 0 {:hash_depth=>0, :limit_depth=>true, :recv=>true}) :count=
    (hole 0 {:hash_depth=>0, :method_arg=>true}))
  (int 0))
BASETYPE: Integer
SIZE WORK_LIST: 166
SIZE generated: 5
EVALUABLE#: 4

-------------------------

----------------
TTYPES
Integer

PROGS

LOCAL_COUNT: 83
GLOBAL_COUNT: 83

BASE_AFTER:
(begin
  (send
    (lvar :arg0) :count=
    (int 1))
  (send
    (hole 0 {:hash_depth=>0, :limit_depth=>true, :recv=>true}) :diaspora_user=
    (hole 0 {:hash_depth=>0, :method_arg=>true}))
  (int 0))
BASETYPE: Integer
SIZE WORK_LIST: 169
SIZE generated: 1
EVALUABLE#: 0

-------------------------

----------------
TTYPES
Integer
Integer
Integer
Integer
Integer

PROGS

LOCAL_COUNT: 84
GLOBAL_COUNT: 84

BASE_AFTER:
(begin
  (lvasgn :t0
    (int 0))
  (send
    (lvar :arg0) :count=
    (lvar :t0))
  (send
    (hole 0 {:hash_depth=>0, :limit_depth=>true, :recv=>true}) :count=
    (hole 0 {:hash_depth=>0, :method_arg=>true}))
  (lvar :t0))
BASETYPE: Integer
SIZE WORK_LIST: 169
SIZE generated: 5
EVALUABLE#: 4

-------------------------

----------------
TTYPES
Integer

PROGS

LOCAL_COUNT: 85
GLOBAL_COUNT: 85

BASE_AFTER:
(begin
  (lvasgn :t0
    (int 0))
  (send
    (lvar :arg0) :count=
    (lvar :t0))
  (send
    (hole 0 {:hash_depth=>0, :limit_depth=>true, :recv=>true}) :diaspora_user=
    (hole 0 {:hash_depth=>0, :method_arg=>true}))
  (lvar :t0))
BASETYPE: Integer
SIZE WORK_LIST: 172
SIZE generated: 1
EVALUABLE#: 0

-------------------------

----------------
TTYPES
Integer
Integer
Integer
Integer
Integer

PROGS

LOCAL_COUNT: 86
GLOBAL_COUNT: 86

BASE_AFTER:
(begin
  (send
    (lvar :arg0) :count=
    (int 0))
  (send
    (hole 0 {:hash_depth=>0, :limit_depth=>true, :recv=>true}) :count=
    (hole 0 {:hash_depth=>0, :method_arg=>true}))
  (int 1))
BASETYPE: Integer
SIZE WORK_LIST: 172
SIZE generated: 5
EVALUABLE#: 4

-------------------------

----------------
TTYPES
Integer

PROGS

LOCAL_COUNT: 87
GLOBAL_COUNT: 87

BASE_AFTER:
(begin
  (send
    (lvar :arg0) :count=
    (int 0))
  (send
    (hole 0 {:hash_depth=>0, :limit_depth=>true, :recv=>true}) :diaspora_user=
    (hole 0 {:hash_depth=>0, :method_arg=>true}))
  (int 1))
BASETYPE: Integer
SIZE WORK_LIST: 175
SIZE generated: 1
EVALUABLE#: 0

-------------------------

----------------
TTYPES
Integer
Integer
Integer
Integer
Integer

PROGS

LOCAL_COUNT: 88
GLOBAL_COUNT: 88

BASE_AFTER:
(begin
  (send
    (lvar :arg0) :count=
    (int 1))
  (send
    (hole 0 {:hash_depth=>0, :limit_depth=>true, :recv=>true}) :count=
    (hole 0 {:hash_depth=>0, :method_arg=>true}))
  (int 1))
BASETYPE: Integer
SIZE WORK_LIST: 175
SIZE generated: 5
EVALUABLE#: 4

-------------------------

----------------
TTYPES
Integer

PROGS

LOCAL_COUNT: 89
GLOBAL_COUNT: 89

BASE_AFTER:
(begin
  (send
    (lvar :arg0) :count=
    (int 1))
  (send
    (hole 0 {:hash_depth=>0, :limit_depth=>true, :recv=>true}) :diaspora_user=
    (hole 0 {:hash_depth=>0, :method_arg=>true}))
  (int 1))
BASETYPE: Integer
SIZE WORK_LIST: 178
SIZE generated: 1
EVALUABLE#: 0

-------------------------

----------------
TTYPES
Integer
Integer
Integer
Integer
Integer

PROGS

LOCAL_COUNT: 90
GLOBAL_COUNT: 90

BASE_AFTER:
(begin
  (lvasgn :t0
    (int 1))
  (send
    (lvar :arg0) :count=
    (lvar :t0))
  (send
    (hole 0 {:hash_depth=>0, :limit_depth=>true, :recv=>true}) :count=
    (hole 0 {:hash_depth=>0, :method_arg=>true}))
  (lvar :t0))
BASETYPE: Integer
SIZE WORK_LIST: 178
SIZE generated: 5
EVALUABLE#: 4

-------------------------

----------------
TTYPES
Integer

PROGS

LOCAL_COUNT: 91
GLOBAL_COUNT: 91

BASE_AFTER:
(begin
  (lvasgn :t0
    (int 1))
  (send
    (lvar :arg0) :count=
    (lvar :t0))
  (send
    (hole 0 {:hash_depth=>0, :limit_depth=>true, :recv=>true}) :diaspora_user=
    (hole 0 {:hash_depth=>0, :method_arg=>true}))
  (lvar :t0))
BASETYPE: Integer
SIZE WORK_LIST: 181
SIZE generated: 1
EVALUABLE#: 0

-------------------------

----------------
TTYPES
Integer
Integer
Integer
Integer
Integer

PROGS

LOCAL_COUNT: 92
GLOBAL_COUNT: 92

BASE_AFTER:
(begin
  (send
    (lvar :arg0) :count=
    (int 0))
  (send
    (hole 0 {:hash_depth=>0, :limit_depth=>true, :recv=>true}) :count=
    (hole 0 {:hash_depth=>0, :method_arg=>true}))
  (int 2))
BASETYPE: Integer
SIZE WORK_LIST: 181
SIZE generated: 5
EVALUABLE#: 4

-------------------------

----------------
TTYPES
Integer

PROGS

LOCAL_COUNT: 93
GLOBAL_COUNT: 93

BASE_AFTER:
(begin
  (send
    (lvar :arg0) :count=
    (int 0))
  (send
    (hole 0 {:hash_depth=>0, :limit_depth=>true, :recv=>true}) :diaspora_user=
    (hole 0 {:hash_depth=>0, :method_arg=>true}))
  (int 2))
BASETYPE: Integer
SIZE WORK_LIST: 183
SIZE generated: 1
EVALUABLE#: 0

-------------------------

----------------
TTYPES
Integer
Integer
Integer
Integer
Integer

PROGS

LOCAL_COUNT: 94
GLOBAL_COUNT: 94

BASE_AFTER:
(begin
  (send
    (lvar :arg0) :count=
    (int 1))
  (send
    (hole 0 {:hash_depth=>0, :limit_depth=>true, :recv=>true}) :count=
    (hole 0 {:hash_depth=>0, :method_arg=>true}))
  (int 2))
BASETYPE: Integer
SIZE WORK_LIST: 183
SIZE generated: 5
EVALUABLE#: 4

-------------------------

----------------
TTYPES
Integer

PROGS

LOCAL_COUNT: 95
GLOBAL_COUNT: 95

BASE_AFTER:
(begin
  (send
    (lvar :arg0) :count=
    (int 1))
  (send
    (hole 0 {:hash_depth=>0, :limit_depth=>true, :recv=>true}) :diaspora_user=
    (hole 0 {:hash_depth=>0, :method_arg=>true}))
  (int 2))
BASETYPE: Integer
SIZE WORK_LIST: 185
SIZE generated: 1
EVALUABLE#: 0

-------------------------

----------------
TTYPES
String
String
String
String

PROGS

LOCAL_COUNT: 96
GLOBAL_COUNT: 96

BASE_AFTER:
(begin
  (send
    (lvar :arg0) :count=
    (int 0))
  (send
    (hole 0 {:hash_depth=>0, :limit_depth=>true, :recv=>true}) :count=
    (hole 0 {:hash_depth=>0, :method_arg=>true}))
  (str ""))
BASETYPE: String
SIZE WORK_LIST: 185
SIZE generated: 4
EVALUABLE#: 3

-------------------------

----------------
TTYPES
String

PROGS

LOCAL_COUNT: 97
GLOBAL_COUNT: 97

BASE_AFTER:
(begin
  (send
    (lvar :arg0) :count=
    (int 0))
  (send
    (hole 0 {:hash_depth=>0, :limit_depth=>true, :recv=>true}) :diaspora_user=
    (hole 0 {:hash_depth=>0, :method_arg=>true}))
  (str ""))
BASETYPE: String
SIZE WORK_LIST: 187
SIZE generated: 1
EVALUABLE#: 0

-------------------------

----------------
TTYPES
String
String
String
String

PROGS

LOCAL_COUNT: 98
GLOBAL_COUNT: 98

BASE_AFTER:
(begin
  (send
    (lvar :arg0) :count=
    (int 1))
  (send
    (hole 0 {:hash_depth=>0, :limit_depth=>true, :recv=>true}) :count=
    (hole 0 {:hash_depth=>0, :method_arg=>true}))
  (str ""))
BASETYPE: String
SIZE WORK_LIST: 187
SIZE generated: 4
EVALUABLE#: 3

-------------------------

----------------
TTYPES
String

PROGS

LOCAL_COUNT: 99
GLOBAL_COUNT: 99

BASE_AFTER:
(begin
  (send
    (lvar :arg0) :count=
    (int 1))
  (send
    (hole 0 {:hash_depth=>0, :limit_depth=>true, :recv=>true}) :diaspora_user=
    (hole 0 {:hash_depth=>0, :method_arg=>true}))
  (str ""))
BASETYPE: String
SIZE WORK_LIST: 189
SIZE generated: 1
EVALUABLE#: 0

-------------------------

----------------
TTYPES
Integer
Integer
Integer
Integer
Integer
Integer
Integer
Integer
Integer
Integer
Integer
Integer
Integer
Integer
Integer
Integer

PROGS

LOCAL_COUNT: 100
GLOBAL_COUNT: 100

BASE_AFTER:
(begin
  (send
    (send
      (filled-hole
        (lvar :arg0) {:method_arg=>false}) :id=
      (filled-hole
        (int 0)
        (int 1)
        (int 2)
        (hole 1 {:hash_depth=>0, :method_arg=>true, :variance=>:+}) {:method_arg=>true})) :-
    (filled-hole
      (int 0)
      (int 1)
      (int 2)
      (hole 1 {:hash_depth=>0, :method_arg=>true, :variance=>:+}) {:method_arg=>true})))
BASETYPE: Integer
SIZE WORK_LIST: 189
SIZE generated: 16
EVALUABLE#: 9

-------------------------

----------------
TTYPES
Integer
Integer
Integer
Integer

PROGS

LOCAL_COUNT: 101
GLOBAL_COUNT: 101

BASE_AFTER:
(begin
  (send
    (send
      (filled-hole
        (lvar :arg0) {:method_arg=>false}) :id) :-
    (filled-hole
      (int 0)
      (int 1)
      (int 2)
      (hole 1 {:hash_depth=>0, :method_arg=>true, :variance=>:+}) {:method_arg=>true})))
BASETYPE: Integer
SIZE WORK_LIST: 204
SIZE generated: 4
EVALUABLE#: 3

-------------------------

----------------
TTYPES
Integer
Integer
Integer
Integer
Integer
Integer
Integer
Integer
Integer
Integer
Integer
Integer
Integer
Integer
Integer
Integer

PROGS

LOCAL_COUNT: 102
GLOBAL_COUNT: 102

BASE_AFTER:
(begin
  (send
    (send
      (filled-hole
        (lvar :arg0) {:method_arg=>false}) :diaspora_user_id=
      (filled-hole
        (int 0)
        (int 1)
        (int 2)
        (hole 1 {:hash_depth=>0, :method_arg=>true, :variance=>:+}) {:method_arg=>true})) :-
    (filled-hole
      (int 0)
      (int 1)
      (int 2)
      (hole 1 {:hash_depth=>0, :method_arg=>true, :variance=>:+}) {:method_arg=>true})))
BASETYPE: Integer
SIZE WORK_LIST: 207
SIZE generated: 16
EVALUABLE#: 9

-------------------------

----------------
TTYPES
Integer
Integer
Integer
Integer

PROGS

LOCAL_COUNT: 103
GLOBAL_COUNT: 103

BASE_AFTER:
(begin
  (send
    (send
      (filled-hole
        (lvar :arg0) {:method_arg=>false}) :diaspora_user_id) :-
    (filled-hole
      (int 0)
      (int 1)
      (int 2)
      (hole 1 {:hash_depth=>0, :method_arg=>true, :variance=>:+}) {:method_arg=>true})))
BASETYPE: Integer
SIZE WORK_LIST: 222
SIZE generated: 4
EVALUABLE#: 3

-------------------------

----------------
TTYPES
Integer
Integer
Integer
Integer
Integer
Integer
Integer
Integer
Integer
Integer
Integer
Integer
Integer
Integer
Integer
Integer

PROGS

LOCAL_COUNT: 104
GLOBAL_COUNT: 104

BASE_AFTER:
(begin
  (send
    (send
      (filled-hole
        (lvar :arg0) {:method_arg=>false}) :count=
      (filled-hole
        (int 0)
        (int 1)
        (int 2)
        (hole 1 {:hash_depth=>0, :method_arg=>true, :variance=>:+}) {:method_arg=>true})) :-
    (filled-hole
      (int 0)
      (int 1)
      (int 2)
      (hole 1 {:hash_depth=>0, :method_arg=>true, :variance=>:+}) {:method_arg=>true})))
BASETYPE: Integer
SIZE WORK_LIST: 222
SIZE generated: 16
EVALUABLE#: 9

-------------------------

----------------
TTYPES
Integer
Integer
Integer
Integer

PROGS

LOCAL_COUNT: 105
GLOBAL_COUNT: 105

BASE_AFTER:
(begin
  (send
    (begin
      (send
        (filled-hole
          (lvar :arg0) {:method_arg=>false}) :count)) :-
    (filled-hole
      (int 0)
      (int 1)
      (int 2)
      (hole 1 {:hash_depth=>0, :method_arg=>true, :variance=>:+}) {:method_arg=>true})))
BASETYPE: Integer
SIZE WORK_LIST: 234
SIZE generated: 4
EVALUABLE#: 3

-------------------------

----------------
TTYPES
true or false
true or false
true or false
true or false

PROGS

LOCAL_COUNT: 106
GLOBAL_COUNT: 106

BASE_AFTER:
(begin
  (send
    (lvar :arg0) :count=
    (send
      (hole 0 {:hash_depth=>0, :limit_depth=>true, :recv=>true}) :id=
      (hole 0 {:hash_depth=>0, :method_arg=>true})))
  (true))
BASETYPE: true or false
SIZE WORK_LIST: 237
SIZE generated: 4
EVALUABLE#: 3

-------------------------

----------------
TTYPES
true or false

PROGS

LOCAL_COUNT: 107
GLOBAL_COUNT: 107

BASE_AFTER:
(begin
  (send
    (lvar :arg0) :count=
    (send
      (hole 0 {:hash_depth=>0, :limit_depth=>true, :recv=>true}) :id))
  (true))
BASETYPE: true or false
SIZE WORK_LIST: 239
SIZE generated: 1
EVALUABLE#: 1

-------------------------

----------------
TTYPES
true or false
true or false
true or false
true or false

PROGS

LOCAL_COUNT: 108
GLOBAL_COUNT: 108

BASE_AFTER:
(begin
  (send
    (lvar :arg0) :count=
    (send
      (hole 0 {:hash_depth=>0, :limit_depth=>true, :recv=>true}) :diaspora_user_id=
      (hole 0 {:hash_depth=>0, :method_arg=>true})))
  (true))
BASETYPE: true or false
SIZE WORK_LIST: 239
SIZE generated: 4
EVALUABLE#: 3

-------------------------

----------------
TTYPES
true or false

PROGS

LOCAL_COUNT: 109
GLOBAL_COUNT: 109

BASE_AFTER:
(begin
  (send
    (lvar :arg0) :count=
    (send
      (hole 0 {:hash_depth=>0, :limit_depth=>true, :recv=>true}) :diaspora_user_id))
  (true))
BASETYPE: true or false
SIZE WORK_LIST: 241
SIZE generated: 1
EVALUABLE#: 1

-------------------------

----------------
TTYPES
true or false
true or false
true or false
true or false

PROGS

LOCAL_COUNT: 110
GLOBAL_COUNT: 110

BASE_AFTER:
(begin
  (send
    (lvar :arg0) :count=
    (send
      (hole 0 {:hash_depth=>0, :limit_depth=>true, :recv=>true}) :count=
      (hole 0 {:hash_depth=>0, :method_arg=>true})))
  (true))
BASETYPE: true or false
SIZE WORK_LIST: 240
SIZE generated: 4
EVALUABLE#: 3

-------------------------

----------------
TTYPES
true or false

PROGS

LOCAL_COUNT: 111
GLOBAL_COUNT: 111

BASE_AFTER:
(begin
  (send
    (lvar :arg0) :count=
    (begin
      (send
        (hole 0 {:hash_depth=>0, :limit_depth=>true, :recv=>true}) :count)))
  (true))
BASETYPE: true or false
SIZE WORK_LIST: 242
SIZE generated: 1
EVALUABLE#: 1

-------------------------

----------------
TTYPES
true or false

PROGS

LOCAL_COUNT: 113
GLOBAL_COUNT: 112

BASE_AFTER:
(begin
  (send
    (lvar :arg0) :diaspora_user=
    (send
      (hole 0 {:hash_depth=>0, :limit_depth=>true, :recv=>true}) :diaspora_user))
  (true))
BASETYPE: true or false
SIZE WORK_LIST: 241
SIZE generated: 1
EVALUABLE#: 1

-------------------------

----------------
TTYPES
true or false

PROGS

LOCAL_COUNT: 114
GLOBAL_COUNT: 113

BASE_AFTER:
(begin
  (send
    (lvar :arg0) :diaspora_user=
    (send
      (hole 0 {:hash_depth=>0, :limit_depth=>true, :recv=>true}) :diaspora_user=
      (hole 0 {:hash_depth=>0, :method_arg=>true})))
  (true))
BASETYPE: true or false
SIZE WORK_LIST: 241
SIZE generated: 1
EVALUABLE#: 0

-------------------------

----------------
TTYPES
true or false
true or false
true or false
true or false

PROGS

LOCAL_COUNT: 115
GLOBAL_COUNT: 114

BASE_AFTER:
(begin
  (send
    (lvar :arg0) :count=
    (send
      (hole 0 {:hash_depth=>0, :limit_depth=>true, :recv=>true}) :id=
      (hole 0 {:hash_depth=>0, :method_arg=>true})))
  (false))
BASETYPE: true or false
SIZE WORK_LIST: 241
SIZE generated: 4
EVALUABLE#: 3

-------------------------

----------------
TTYPES
true or false

PROGS

LOCAL_COUNT: 116
GLOBAL_COUNT: 115

BASE_AFTER:
(begin
  (send
    (lvar :arg0) :count=
    (send
      (hole 0 {:hash_depth=>0, :limit_depth=>true, :recv=>true}) :id))
  (false))
BASETYPE: true or false
SIZE WORK_LIST: 243
SIZE generated: 1
EVALUABLE#: 1

-------------------------

----------------
TTYPES
true or false
true or false
true or false
true or false

PROGS

LOCAL_COUNT: 117
GLOBAL_COUNT: 116

BASE_AFTER:
(begin
  (send
    (lvar :arg0) :count=
    (send
      (hole 0 {:hash_depth=>0, :limit_depth=>true, :recv=>true}) :diaspora_user_id=
      (hole 0 {:hash_depth=>0, :method_arg=>true})))
  (false))
BASETYPE: true or false
SIZE WORK_LIST: 243
SIZE generated: 4
EVALUABLE#: 3

-------------------------

----------------
TTYPES
true or false

PROGS

LOCAL_COUNT: 118
GLOBAL_COUNT: 117

BASE_AFTER:
(begin
  (send
    (lvar :arg0) :count=
    (send
      (hole 0 {:hash_depth=>0, :limit_depth=>true, :recv=>true}) :diaspora_user_id))
  (false))
BASETYPE: true or false
SIZE WORK_LIST: 245
SIZE generated: 1
EVALUABLE#: 1

-------------------------

----------------
TTYPES
true or false
true or false
true or false
true or false

PROGS

LOCAL_COUNT: 119
GLOBAL_COUNT: 118

BASE_AFTER:
(begin
  (send
    (lvar :arg0) :count=
    (send
      (hole 0 {:hash_depth=>0, :limit_depth=>true, :recv=>true}) :count=
      (hole 0 {:hash_depth=>0, :method_arg=>true})))
  (false))
BASETYPE: true or false
SIZE WORK_LIST: 244
SIZE generated: 4
EVALUABLE#: 3

-------------------------

----------------
TTYPES
true or false

PROGS

LOCAL_COUNT: 120
GLOBAL_COUNT: 119

BASE_AFTER:
(begin
  (send
    (lvar :arg0) :count=
    (begin
      (send
        (hole 0 {:hash_depth=>0, :limit_depth=>true, :recv=>true}) :count)))
  (false))
BASETYPE: true or false
SIZE WORK_LIST: 246
SIZE generated: 1
EVALUABLE#: 1

-------------------------

----------------
TTYPES
true or false

PROGS

LOCAL_COUNT: 122
GLOBAL_COUNT: 120

BASE_AFTER:
(begin
  (send
    (lvar :arg0) :diaspora_user=
    (send
      (hole 0 {:hash_depth=>0, :limit_depth=>true, :recv=>true}) :diaspora_user))
  (false))
BASETYPE: true or false
SIZE WORK_LIST: 245
SIZE generated: 1
EVALUABLE#: 1

-------------------------

----------------
TTYPES
true or false

PROGS

LOCAL_COUNT: 123
GLOBAL_COUNT: 121

BASE_AFTER:
(begin
  (send
    (lvar :arg0) :diaspora_user=
    (send
      (hole 0 {:hash_depth=>0, :limit_depth=>true, :recv=>true}) :diaspora_user=
      (hole 0 {:hash_depth=>0, :method_arg=>true})))
  (false))
BASETYPE: true or false
SIZE WORK_LIST: 245
SIZE generated: 1
EVALUABLE#: 0

-------------------------

----------------
TTYPES
Integer
Integer
Integer
Integer
Integer

PROGS

LOCAL_COUNT: 124
GLOBAL_COUNT: 122

BASE_AFTER:
(begin
  (send
    (lvar :arg0) :count=
    (send
      (hole 0 {:hash_depth=>0, :limit_depth=>true, :recv=>true}) :id=
      (hole 0 {:hash_depth=>0, :method_arg=>true})))
  (int 0))
BASETYPE: Integer
SIZE WORK_LIST: 245
SIZE generated: 5
EVALUABLE#: 4

-------------------------

----------------
TTYPES
Integer

PROGS

LOCAL_COUNT: 125
GLOBAL_COUNT: 123

BASE_AFTER:
(begin
  (send
    (lvar :arg0) :count=
    (send
      (hole 0 {:hash_depth=>0, :limit_depth=>true, :recv=>true}) :id))
  (int 0))
BASETYPE: Integer
SIZE WORK_LIST: 248
SIZE generated: 1
EVALUABLE#: 1

-------------------------

----------------
TTYPES
Integer
Integer
Integer
Integer
Integer

PROGS

LOCAL_COUNT: 126
GLOBAL_COUNT: 124

BASE_AFTER:
(begin
  (send
    (lvar :arg0) :count=
    (send
      (hole 0 {:hash_depth=>0, :limit_depth=>true, :recv=>true}) :diaspora_user_id=
      (hole 0 {:hash_depth=>0, :method_arg=>true})))
  (int 0))
BASETYPE: Integer
SIZE WORK_LIST: 248
SIZE generated: 5
EVALUABLE#: 4

-------------------------

----------------
TTYPES
Integer

PROGS

LOCAL_COUNT: 127
GLOBAL_COUNT: 125

BASE_AFTER:
(begin
  (send
    (lvar :arg0) :count=
    (send
      (hole 0 {:hash_depth=>0, :limit_depth=>true, :recv=>true}) :diaspora_user_id))
  (int 0))
BASETYPE: Integer
SIZE WORK_LIST: 251
SIZE generated: 1
EVALUABLE#: 1

-------------------------

----------------
TTYPES
Integer
Integer
Integer
Integer
Integer

PROGS

LOCAL_COUNT: 128
GLOBAL_COUNT: 126

BASE_AFTER:
(begin
  (send
    (lvar :arg0) :count=
    (send
      (hole 0 {:hash_depth=>0, :limit_depth=>true, :recv=>true}) :count=
      (hole 0 {:hash_depth=>0, :method_arg=>true})))
  (int 0))
BASETYPE: Integer
SIZE WORK_LIST: 250
SIZE generated: 5
EVALUABLE#: 4

-------------------------

----------------
TTYPES
Integer

PROGS

LOCAL_COUNT: 129
GLOBAL_COUNT: 127

BASE_AFTER:
(begin
  (send
    (lvar :arg0) :count=
    (begin
      (send
        (hole 0 {:hash_depth=>0, :limit_depth=>true, :recv=>true}) :count)))
  (int 0))
BASETYPE: Integer
SIZE WORK_LIST: 253
SIZE generated: 1
EVALUABLE#: 1

-------------------------

----------------
TTYPES
Integer

PROGS

LOCAL_COUNT: 131
GLOBAL_COUNT: 128

BASE_AFTER:
(begin
  (send
    (lvar :arg0) :diaspora_user=
    (send
      (hole 0 {:hash_depth=>0, :limit_depth=>true, :recv=>true}) :diaspora_user))
  (int 0))
BASETYPE: Integer
SIZE WORK_LIST: 252
SIZE generated: 1
EVALUABLE#: 1

-------------------------

----------------
TTYPES
Integer

PROGS

LOCAL_COUNT: 132
GLOBAL_COUNT: 129

BASE_AFTER:
(begin
  (send
    (lvar :arg0) :diaspora_user=
    (send
      (hole 0 {:hash_depth=>0, :limit_depth=>true, :recv=>true}) :diaspora_user=
      (hole 0 {:hash_depth=>0, :method_arg=>true})))
  (int 0))
BASETYPE: Integer
SIZE WORK_LIST: 252
SIZE generated: 1
EVALUABLE#: 0

-------------------------

----------------
TTYPES
Integer
Integer
Integer
Integer
Integer

PROGS

LOCAL_COUNT: 133
GLOBAL_COUNT: 130

BASE_AFTER:
(begin
  (send
    (lvar :arg0) :count=
    (send
      (hole 0 {:hash_depth=>0, :limit_depth=>true, :recv=>true}) :id=
      (hole 0 {:hash_depth=>0, :method_arg=>true})))
  (int 1))
BASETYPE: Integer
SIZE WORK_LIST: 252
SIZE generated: 5
EVALUABLE#: 4

-------------------------

----------------
TTYPES
Integer

PROGS

LOCAL_COUNT: 134
GLOBAL_COUNT: 131

BASE_AFTER:
(begin
  (send
    (lvar :arg0) :count=
    (send
      (hole 0 {:hash_depth=>0, :limit_depth=>true, :recv=>true}) :id))
  (int 1))
BASETYPE: Integer
SIZE WORK_LIST: 255
SIZE generated: 1
EVALUABLE#: 1

-------------------------

----------------
TTYPES
Integer
Integer
Integer
Integer
Integer

PROGS

LOCAL_COUNT: 135
GLOBAL_COUNT: 132

BASE_AFTER:
(begin
  (send
    (lvar :arg0) :count=
    (send
      (hole 0 {:hash_depth=>0, :limit_depth=>true, :recv=>true}) :diaspora_user_id=
      (hole 0 {:hash_depth=>0, :method_arg=>true})))
  (int 1))
BASETYPE: Integer
SIZE WORK_LIST: 255
SIZE generated: 5
EVALUABLE#: 4

-------------------------

----------------
TTYPES
Integer

PROGS

LOCAL_COUNT: 136
GLOBAL_COUNT: 133

BASE_AFTER:
(begin
  (send
    (lvar :arg0) :count=
    (send
      (hole 0 {:hash_depth=>0, :limit_depth=>true, :recv=>true}) :diaspora_user_id))
  (int 1))
BASETYPE: Integer
SIZE WORK_LIST: 258
SIZE generated: 1
EVALUABLE#: 1

-------------------------

----------------
TTYPES
Integer
Integer
Integer
Integer
Integer

PROGS

LOCAL_COUNT: 137
GLOBAL_COUNT: 134

BASE_AFTER:
(begin
  (send
    (lvar :arg0) :count=
    (send
      (hole 0 {:hash_depth=>0, :limit_depth=>true, :recv=>true}) :count=
      (hole 0 {:hash_depth=>0, :method_arg=>true})))
  (int 1))
BASETYPE: Integer
SIZE WORK_LIST: 257
SIZE generated: 5
EVALUABLE#: 4

-------------------------

----------------
TTYPES
Integer

PROGS

LOCAL_COUNT: 138
GLOBAL_COUNT: 135

BASE_AFTER:
(begin
  (send
    (lvar :arg0) :count=
    (begin
      (send
        (hole 0 {:hash_depth=>0, :limit_depth=>true, :recv=>true}) :count)))
  (int 1))
BASETYPE: Integer
SIZE WORK_LIST: 260
SIZE generated: 1
EVALUABLE#: 1

-------------------------

----------------
TTYPES
Integer

PROGS

LOCAL_COUNT: 140
GLOBAL_COUNT: 136

BASE_AFTER:
(begin
  (send
    (lvar :arg0) :diaspora_user=
    (send
      (hole 0 {:hash_depth=>0, :limit_depth=>true, :recv=>true}) :diaspora_user))
  (int 1))
BASETYPE: Integer
SIZE WORK_LIST: 259
SIZE generated: 1
EVALUABLE#: 1

-------------------------

----------------
TTYPES
Integer

PROGS

LOCAL_COUNT: 141
GLOBAL_COUNT: 137

BASE_AFTER:
(begin
  (send
    (lvar :arg0) :diaspora_user=
    (send
      (hole 0 {:hash_depth=>0, :limit_depth=>true, :recv=>true}) :diaspora_user=
      (hole 0 {:hash_depth=>0, :method_arg=>true})))
  (int 1))
BASETYPE: Integer
SIZE WORK_LIST: 259
SIZE generated: 1
EVALUABLE#: 0

-------------------------

----------------
TTYPES
Integer
Integer
Integer
Integer
Integer

PROGS

LOCAL_COUNT: 142
GLOBAL_COUNT: 138

BASE_AFTER:
(begin
  (send
    (lvar :arg0) :count=
    (send
      (hole 0 {:hash_depth=>0, :limit_depth=>true, :recv=>true}) :id=
      (hole 0 {:hash_depth=>0, :method_arg=>true})))
  (int 2))
BASETYPE: Integer
SIZE WORK_LIST: 259
SIZE generated: 5
EVALUABLE#: 4

-------------------------

----------------
TTYPES
Integer

PROGS

LOCAL_COUNT: 143
GLOBAL_COUNT: 139

BASE_AFTER:
(begin
  (send
    (lvar :arg0) :count=
    (send
      (hole 0 {:hash_depth=>0, :limit_depth=>true, :recv=>true}) :id))
  (int 2))
BASETYPE: Integer
SIZE WORK_LIST: 261
SIZE generated: 1
EVALUABLE#: 1

-------------------------

----------------
TTYPES
Integer
Integer
Integer
Integer
Integer

PROGS

LOCAL_COUNT: 144
GLOBAL_COUNT: 140

BASE_AFTER:
(begin
  (send
    (lvar :arg0) :count=
    (send
      (hole 0 {:hash_depth=>0, :limit_depth=>true, :recv=>true}) :diaspora_user_id=
      (hole 0 {:hash_depth=>0, :method_arg=>true})))
  (int 2))
BASETYPE: Integer
SIZE WORK_LIST: 261
SIZE generated: 5
EVALUABLE#: 4

-------------------------

----------------
TTYPES
Integer

PROGS

LOCAL_COUNT: 145
GLOBAL_COUNT: 141

BASE_AFTER:
(begin
  (send
    (lvar :arg0) :count=
    (send
      (hole 0 {:hash_depth=>0, :limit_depth=>true, :recv=>true}) :diaspora_user_id))
  (int 2))
BASETYPE: Integer
SIZE WORK_LIST: 263
SIZE generated: 1
EVALUABLE#: 1

-------------------------

----------------
TTYPES
Integer
Integer
Integer
Integer
Integer

PROGS

LOCAL_COUNT: 146
GLOBAL_COUNT: 142

BASE_AFTER:
(begin
  (send
    (lvar :arg0) :count=
    (send
      (hole 0 {:hash_depth=>0, :limit_depth=>true, :recv=>true}) :count=
      (hole 0 {:hash_depth=>0, :method_arg=>true})))
  (int 2))
BASETYPE: Integer
SIZE WORK_LIST: 262
SIZE generated: 5
EVALUABLE#: 4

-------------------------

----------------
TTYPES
Integer

PROGS

LOCAL_COUNT: 147
GLOBAL_COUNT: 143

BASE_AFTER:
(begin
  (send
    (lvar :arg0) :count=
    (begin
      (send
        (hole 0 {:hash_depth=>0, :limit_depth=>true, :recv=>true}) :count)))
  (int 2))
BASETYPE: Integer
SIZE WORK_LIST: 264
SIZE generated: 1
EVALUABLE#: 1

-------------------------

----------------
TTYPES
Integer

PROGS

LOCAL_COUNT: 149
GLOBAL_COUNT: 144

BASE_AFTER:
(begin
  (send
    (lvar :arg0) :diaspora_user=
    (send
      (hole 0 {:hash_depth=>0, :limit_depth=>true, :recv=>true}) :diaspora_user))
  (int 2))
BASETYPE: Integer
SIZE WORK_LIST: 263
SIZE generated: 1
EVALUABLE#: 1

-------------------------

----------------
TTYPES
Integer

PROGS

LOCAL_COUNT: 150
GLOBAL_COUNT: 145

BASE_AFTER:
(begin
  (send
    (lvar :arg0) :diaspora_user=
    (send
      (hole 0 {:hash_depth=>0, :limit_depth=>true, :recv=>true}) :diaspora_user=
      (hole 0 {:hash_depth=>0, :method_arg=>true})))
  (int 2))
BASETYPE: Integer
SIZE WORK_LIST: 263
SIZE generated: 1
EVALUABLE#: 0

-------------------------

----------------
TTYPES
true or false
true or false
Integer
Integer
Integer
String
%bot

PROGS

LOCAL_COUNT: 1
GLOBAL_COUNT: 146

BASE_AFTER:
(filled-hole
  (true)
  (false)
  (int 0)
  (int 1)
  (int 2)
  (str "")
  (hole 1 {:hash_depth=>0, :method_arg=>false, :variance=>:-}) {:method_arg=>false})
BASETYPE: %bot
SIZE WORK_LIST: 0
SIZE generated: 7
EVALUABLE#: 6

-------------------------

----------------
TTYPES
true or false
true or false

PROGS

LOCAL_COUNT: 2
GLOBAL_COUNT: 147

BASE_AFTER:
(true)
BASETYPE: true or false
SIZE WORK_LIST: 6
SIZE generated: 2
EVALUABLE#: 0

-------------------------

----------------
TTYPES
true or false
true or false

PROGS

LOCAL_COUNT: 3
GLOBAL_COUNT: 148

BASE_AFTER:
(false)
BASETYPE: true or false
SIZE WORK_LIST: 7
SIZE generated: 2
EVALUABLE#: 0

-------------------------

----------------
TTYPES
Integer
Integer

PROGS

LOCAL_COUNT: 4
GLOBAL_COUNT: 149

BASE_AFTER:
(int 0)
BASETYPE: Integer
SIZE WORK_LIST: 8
SIZE generated: 2
EVALUABLE#: 0

-------------------------

----------------
TTYPES
Integer
Integer

PROGS

LOCAL_COUNT: 5
GLOBAL_COUNT: 150

BASE_AFTER:
(int 1)
BASETYPE: Integer
SIZE WORK_LIST: 9
SIZE generated: 2
EVALUABLE#: 0

-------------------------

----------------
TTYPES
Integer
Integer

PROGS

LOCAL_COUNT: 6
GLOBAL_COUNT: 151

BASE_AFTER:
(int 2)
BASETYPE: Integer
SIZE WORK_LIST: 10
SIZE generated: 2
EVALUABLE#: 0

-------------------------

----------------
TTYPES
String
String

PROGS

LOCAL_COUNT: 7
GLOBAL_COUNT: 152

BASE_AFTER:
(str "")
BASETYPE: String
SIZE WORK_LIST: 11
SIZE generated: 2
EVALUABLE#: 0

-------------------------

----------------
TTYPES
%bot

PROGS

LOCAL_COUNT: 8
GLOBAL_COUNT: 153

BASE_AFTER:
(filled-hole
  (hole 2 {:hash_depth=>0, :method_arg=>false, :variance=>:-}) {:method_arg=>false})
BASETYPE: %bot
SIZE WORK_LIST: 12
SIZE generated: 1
EVALUABLE#: 0

-------------------------

----------------
TTYPES
true or false
true or false
true or false
true or false

PROGS

LOCAL_COUNT: 9
GLOBAL_COUNT: 154

BASE_AFTER:
(begin
  (send
    (hole 0 {:hash_depth=>0, :limit_depth=>true, :recv=>true}) :count=
    (hole 0 {:hash_depth=>0, :method_arg=>true}))
  (true))
BASETYPE: true or false
SIZE WORK_LIST: 12
SIZE generated: 4
EVALUABLE#: 3

-------------------------

----------------
TTYPES
true or false

PROGS

LOCAL_COUNT: 1
GLOBAL_COUNT: 155

BASE_AFTER:
(filled-hole
  (hole 1 {:hash_depth=>0, :method_arg=>false, :variance=>:+}) {:method_arg=>false})
BASETYPE: true or false
SIZE WORK_LIST: 0
SIZE generated: 1
EVALUABLE#: 0

-------------------------

----------------
TTYPES
true or false
true or false
Integer
Integer
Integer
String
%bot

PROGS

LOCAL_COUNT: 1
GLOBAL_COUNT: 1

BASE_AFTER:
(filled-hole
  (true)
  (false)
  (int 0)
  (int 1)
  (int 2)
  (str "")
  (hole 1 {:hash_depth=>0, :method_arg=>false, :variance=>:-}) {:method_arg=>false})
BASETYPE: %bot
SIZE WORK_LIST: 0
SIZE generated: 7
EVALUABLE#: 6

-------------------------

----------------
TTYPES
true or false
true or false

PROGS

LOCAL_COUNT: 2
GLOBAL_COUNT: 2

BASE_AFTER:
(true)
BASETYPE: true or false
SIZE WORK_LIST: 6
SIZE generated: 2
EVALUABLE#: 0

-------------------------

----------------
TTYPES
true or false
true or false

PROGS

LOCAL_COUNT: 3
GLOBAL_COUNT: 3

BASE_AFTER:
(false)
BASETYPE: true or false
SIZE WORK_LIST: 7
SIZE generated: 2
EVALUABLE#: 0

-------------------------

----------------
TTYPES
Integer
Integer

PROGS

LOCAL_COUNT: 4
GLOBAL_COUNT: 4

BASE_AFTER:
(int 0)
BASETYPE: Integer
SIZE WORK_LIST: 8
SIZE generated: 2
EVALUABLE#: 0

-------------------------

----------------
TTYPES
Integer
Integer

PROGS

LOCAL_COUNT: 5
GLOBAL_COUNT: 5

BASE_AFTER:
(int 1)
BASETYPE: Integer
SIZE WORK_LIST: 9
SIZE generated: 2
EVALUABLE#: 0

-------------------------

----------------
TTYPES
Integer
Integer

PROGS

LOCAL_COUNT: 6
GLOBAL_COUNT: 6

BASE_AFTER:
(int 2)
BASETYPE: Integer
SIZE WORK_LIST: 10
SIZE generated: 2
EVALUABLE#: 0

-------------------------

----------------
TTYPES
String
String

PROGS

LOCAL_COUNT: 7
GLOBAL_COUNT: 7

BASE_AFTER:
(str "")
BASETYPE: String
SIZE WORK_LIST: 11
SIZE generated: 2
EVALUABLE#: 0

-------------------------

----------------
TTYPES
%bot

PROGS

LOCAL_COUNT: 8
GLOBAL_COUNT: 8

BASE_AFTER:
(filled-hole
  (begin
    (send
      (hole 0 {:hash_depth=>0, :limit_depth=>true, :recv=>true}) :-
      (hole 0 {:hash_depth=>0, :method_arg=>true})))
  (begin
    (send
      (hole 0 {:hash_depth=>0, :limit_depth=>true, :recv=>true}) :count))
  (begin
    (send
      (hole 0 {:hash_depth=>0, :limit_depth=>true, :recv=>true}) :-
      (hole 0 {:hash_depth=>0, :method_arg=>true})))
  (hole 2 {:hash_depth=>0, :method_arg=>false, :variance=>:-}) {:method_arg=>false})
BASETYPE: %bot
SIZE WORK_LIST: 12
SIZE generated: 1
EVALUABLE#: 0

-------------------------

----------------
TTYPES
true or false
true or false
true or false
true or false

PROGS

LOCAL_COUNT: 9
GLOBAL_COUNT: 9

BASE_AFTER:
(begin
  (send
    (hole 0 {:hash_depth=>0, :limit_depth=>true, :recv=>true}) :count=
    (hole 0 {:hash_depth=>0, :method_arg=>true}))
  (true))
BASETYPE: true or false
SIZE WORK_LIST: 12
SIZE generated: 4
EVALUABLE#: 3

-------------------------

----------------
TTYPES
true or false

PROGS

LOCAL_COUNT: 10
GLOBAL_COUNT: 10

BASE_AFTER:
(begin
  (send
    (hole 0 {:hash_depth=>0, :limit_depth=>true, :recv=>true}) :diaspora_user=
    (hole 0 {:hash_depth=>0, :method_arg=>true}))
  (true))
BASETYPE: true or false
SIZE WORK_LIST: 14
SIZE generated: 1
EVALUABLE#: 0

-------------------------

----------------
TTYPES
true or false
true or false
true or false
true or false

PROGS

LOCAL_COUNT: 11
GLOBAL_COUNT: 11

BASE_AFTER:
(begin
  (send
    (hole 0 {:hash_depth=>0, :limit_depth=>true, :recv=>true}) :count=
    (hole 0 {:hash_depth=>0, :method_arg=>true}))
  (false))
BASETYPE: true or false
SIZE WORK_LIST: 14
SIZE generated: 4
EVALUABLE#: 3

-------------------------

----------------
TTYPES
true or false

PROGS

LOCAL_COUNT: 12
GLOBAL_COUNT: 12

BASE_AFTER:
(begin
  (send
    (hole 0 {:hash_depth=>0, :limit_depth=>true, :recv=>true}) :diaspora_user=
    (hole 0 {:hash_depth=>0, :method_arg=>true}))
  (false))
BASETYPE: true or false
SIZE WORK_LIST: 16
SIZE generated: 1
EVALUABLE#: 0

-------------------------

----------------
TTYPES
Integer
Integer
Integer
Integer
Integer

PROGS

LOCAL_COUNT: 13
GLOBAL_COUNT: 13

BASE_AFTER:
(begin
  (send
    (hole 0 {:hash_depth=>0, :limit_depth=>true, :recv=>true}) :count=
    (hole 0 {:hash_depth=>0, :method_arg=>true}))
  (int 0))
BASETYPE: Integer
SIZE WORK_LIST: 16
SIZE generated: 5
EVALUABLE#: 4

-------------------------

----------------
TTYPES
Integer

PROGS

LOCAL_COUNT: 14
GLOBAL_COUNT: 14

BASE_AFTER:
(begin
  (send
    (hole 0 {:hash_depth=>0, :limit_depth=>true, :recv=>true}) :diaspora_user=
    (hole 0 {:hash_depth=>0, :method_arg=>true}))
  (int 0))
BASETYPE: Integer
SIZE WORK_LIST: 19
SIZE generated: 1
EVALUABLE#: 0

-------------------------

----------------
TTYPES
Integer
Integer
Integer
Integer
Integer

PROGS

LOCAL_COUNT: 15
GLOBAL_COUNT: 15

BASE_AFTER:
(begin
  (send
    (hole 0 {:hash_depth=>0, :limit_depth=>true, :recv=>true}) :count=
    (hole 0 {:hash_depth=>0, :method_arg=>true}))
  (int 1))
BASETYPE: Integer
SIZE WORK_LIST: 19
SIZE generated: 5
EVALUABLE#: 4

-------------------------

----------------
TTYPES
Integer

PROGS

LOCAL_COUNT: 16
GLOBAL_COUNT: 16

BASE_AFTER:
(begin
  (send
    (hole 0 {:hash_depth=>0, :limit_depth=>true, :recv=>true}) :diaspora_user=
    (hole 0 {:hash_depth=>0, :method_arg=>true}))
  (int 1))
BASETYPE: Integer
SIZE WORK_LIST: 22
SIZE generated: 1
EVALUABLE#: 0

-------------------------

----------------
TTYPES
Integer
Integer
Integer
Integer
Integer

PROGS

LOCAL_COUNT: 17
GLOBAL_COUNT: 17

BASE_AFTER:
(begin
  (send
    (hole 0 {:hash_depth=>0, :limit_depth=>true, :recv=>true}) :count=
    (hole 0 {:hash_depth=>0, :method_arg=>true}))
  (int 2))
BASETYPE: Integer
SIZE WORK_LIST: 22
SIZE generated: 5
EVALUABLE#: 4

-------------------------

----------------
TTYPES
Integer

PROGS

LOCAL_COUNT: 18
GLOBAL_COUNT: 18

BASE_AFTER:
(begin
  (send
    (hole 0 {:hash_depth=>0, :limit_depth=>true, :recv=>true}) :diaspora_user=
    (hole 0 {:hash_depth=>0, :method_arg=>true}))
  (int 2))
BASETYPE: Integer
SIZE WORK_LIST: 24
SIZE generated: 1
EVALUABLE#: 0

-------------------------

----------------
TTYPES
String
String
String
String

PROGS

LOCAL_COUNT: 19
GLOBAL_COUNT: 19

BASE_AFTER:
(begin
  (send
    (hole 0 {:hash_depth=>0, :limit_depth=>true, :recv=>true}) :count=
    (hole 0 {:hash_depth=>0, :method_arg=>true}))
  (str ""))
BASETYPE: String
SIZE WORK_LIST: 24
SIZE generated: 4
EVALUABLE#: 3

-------------------------

----------------
TTYPES
String

PROGS

LOCAL_COUNT: 20
GLOBAL_COUNT: 20

BASE_AFTER:
(begin
  (send
    (hole 0 {:hash_depth=>0, :limit_depth=>true, :recv=>true}) :diaspora_user=
    (hole 0 {:hash_depth=>0, :method_arg=>true}))
  (str ""))
BASETYPE: String
SIZE WORK_LIST: 26
SIZE generated: 1
EVALUABLE#: 0

-------------------------

----------------
TTYPES
true or false
true or false

PROGS

LOCAL_COUNT: 21
GLOBAL_COUNT: 21

BASE_AFTER:
(begin
  (send
    (lvar :arg0) :count=
    (int 0))
  (true))
BASETYPE: true or false
SIZE WORK_LIST: 26
SIZE generated: 2
EVALUABLE#: 0

-------------------------

----------------
TTYPES
true or false
true or false

PROGS

LOCAL_COUNT: 22
GLOBAL_COUNT: 22

BASE_AFTER:
(begin
  (send
    (lvar :arg0) :count=
    (int 1))
  (true))
BASETYPE: true or false
SIZE WORK_LIST: 27
SIZE generated: 2
EVALUABLE#: 0

-------------------------

----------------
TTYPES
true or false
true or false

PROGS

LOCAL_COUNT: 23
GLOBAL_COUNT: 23

BASE_AFTER:
(begin
  (send
    (lvar :arg0) :count=
    (int 0))
  (false))
BASETYPE: true or false
SIZE WORK_LIST: 28
SIZE generated: 2
EVALUABLE#: 0

-------------------------

----------------
TTYPES
true or false
true or false

PROGS

LOCAL_COUNT: 24
GLOBAL_COUNT: 24

BASE_AFTER:
(begin
  (send
    (lvar :arg0) :count=
    (int 1))
  (false))
BASETYPE: true or false
SIZE WORK_LIST: 29
SIZE generated: 2
EVALUABLE#: 0

-------------------------

----------------
TTYPES
Integer
Integer

PROGS

LOCAL_COUNT: 25
GLOBAL_COUNT: 25

BASE_AFTER:
(begin
  (send
    (lvar :arg0) :count=
    (int 0))
  (int 0))
BASETYPE: Integer
SIZE WORK_LIST: 30
SIZE generated: 2
EVALUABLE#: 0

-------------------------

----------------
TTYPES
Integer
Integer

PROGS

LOCAL_COUNT: 26
GLOBAL_COUNT: 26

BASE_AFTER:
(begin
  (send
    (lvar :arg0) :count=
    (int 1))
  (int 0))
BASETYPE: Integer
SIZE WORK_LIST: 31
SIZE generated: 2
EVALUABLE#: 0

-------------------------

----------------
TTYPES
Integer
Integer

PROGS

LOCAL_COUNT: 27
GLOBAL_COUNT: 27

BASE_AFTER:
(begin
  (lvasgn :t0
    (int 0))
  (send
    (lvar :arg0) :count=
    (lvar :t0))
  (lvar :t0))
BASETYPE: Integer
SIZE WORK_LIST: 32
SIZE generated: 2
EVALUABLE#: 0

-------------------------

----------------
TTYPES
Integer
Integer

PROGS

LOCAL_COUNT: 28
GLOBAL_COUNT: 28

BASE_AFTER:
(begin
  (send
    (lvar :arg0) :count=
    (int 0))
  (int 1))
BASETYPE: Integer
SIZE WORK_LIST: 33
SIZE generated: 2
EVALUABLE#: 0

-------------------------

----------------
TTYPES
Integer
Integer

PROGS

LOCAL_COUNT: 29
GLOBAL_COUNT: 29

BASE_AFTER:
(begin
  (send
    (lvar :arg0) :count=
    (int 1))
  (int 1))
BASETYPE: Integer
SIZE WORK_LIST: 34
SIZE generated: 2
EVALUABLE#: 0

-------------------------

----------------
TTYPES
Integer
Integer

PROGS

LOCAL_COUNT: 30
GLOBAL_COUNT: 30

BASE_AFTER:
(begin
  (lvasgn :t0
    (int 1))
  (send
    (lvar :arg0) :count=
    (lvar :t0))
  (lvar :t0))
BASETYPE: Integer
SIZE WORK_LIST: 35
SIZE generated: 2
EVALUABLE#: 0

-------------------------

----------------
TTYPES
true or false
true or false
Integer
Integer
Integer
String
%bot

PROGS

LOCAL_COUNT: 1
GLOBAL_COUNT: 31

BASE_AFTER:
(filled-hole
  (true)
  (false)
  (int 0)
  (int 1)
  (int 2)
  (str "")
  (hole 1 {:hash_depth=>0, :method_arg=>false, :variance=>:-}) {:method_arg=>false})
BASETYPE: %bot
SIZE WORK_LIST: 0
SIZE generated: 7
EVALUABLE#: 6

-------------------------

----------------
TTYPES
true or false
true or false

PROGS

LOCAL_COUNT: 2
GLOBAL_COUNT: 32

BASE_AFTER:
(true)
BASETYPE: true or false
SIZE WORK_LIST: 6
SIZE generated: 2
EVALUABLE#: 0

-------------------------

----------------
TTYPES
true or false
true or false

PROGS

LOCAL_COUNT: 3
GLOBAL_COUNT: 33

BASE_AFTER:
(false)
BASETYPE: true or false
SIZE WORK_LIST: 7
SIZE generated: 2
EVALUABLE#: 0

-------------------------

----------------
TTYPES
Integer
Integer

PROGS

LOCAL_COUNT: 4
GLOBAL_COUNT: 34

BASE_AFTER:
(int 0)
BASETYPE: Integer
SIZE WORK_LIST: 8
SIZE generated: 2
EVALUABLE#: 0

-------------------------

----------------
TTYPES
Integer
Integer

PROGS

LOCAL_COUNT: 5
GLOBAL_COUNT: 35

BASE_AFTER:
(int 1)
BASETYPE: Integer
SIZE WORK_LIST: 9
SIZE generated: 2
EVALUABLE#: 0

-------------------------

----------------
TTYPES
Integer
Integer

PROGS

LOCAL_COUNT: 6
GLOBAL_COUNT: 36

BASE_AFTER:
(int 2)
BASETYPE: Integer
SIZE WORK_LIST: 10
SIZE generated: 2
EVALUABLE#: 0

-------------------------

----------------
TTYPES
String
String

PROGS

LOCAL_COUNT: 7
GLOBAL_COUNT: 37

BASE_AFTER:
(str "")
BASETYPE: String
SIZE WORK_LIST: 11
SIZE generated: 2
EVALUABLE#: 0

-------------------------

----------------
TTYPES
%bot

PROGS

LOCAL_COUNT: 8
GLOBAL_COUNT: 38

BASE_AFTER:
(filled-hole
  (hole 2 {:hash_depth=>0, :method_arg=>false, :variance=>:-}) {:method_arg=>false})
BASETYPE: %bot
SIZE WORK_LIST: 12
SIZE generated: 1
EVALUABLE#: 0

-------------------------

----------------
TTYPES
true or false
true or false
true or false
true or false

PROGS

LOCAL_COUNT: 9
GLOBAL_COUNT: 39

BASE_AFTER:
(begin
  (send
    (hole 0 {:hash_depth=>0, :limit_depth=>true, :recv=>true}) :count=
    (hole 0 {:hash_depth=>0, :method_arg=>true}))
  (true))
BASETYPE: true or false
SIZE WORK_LIST: 12
SIZE generated: 4
EVALUABLE#: 3

-------------------------

----------------
TTYPES
true or false

PROGS

LOCAL_COUNT: 1
GLOBAL_COUNT: 40

BASE_AFTER:
(filled-hole
  (hole 1 {:hash_depth=>0, :method_arg=>false, :variance=>:+}) {:method_arg=>false})
BASETYPE: true or false
SIZE WORK_LIST: 0
SIZE generated: 1
EVALUABLE#: 0

-------------------------

----------------
TTYPES
true or false
true or false

PROGS

LOCAL_COUNT: 2
GLOBAL_COUNT: 41

BASE_AFTER:
(filled-hole
  (begin
    (send
      (hole 0 {:hash_depth=>0, :limit_depth=>true, :recv=>true}) :-
      (hole 0 {:hash_depth=>0, :method_arg=>true})))
  (begin
    (send
      (hole 0 {:hash_depth=>0, :limit_depth=>true, :recv=>true}) :save))
  (begin
    (send
      (hole 0 {:hash_depth=>0, :limit_depth=>true, :recv=>true}) :count))
  (begin
    (send
      (hole 0 {:hash_depth=>0, :limit_depth=>true, :recv=>true}) :-
      (hole 0 {:hash_depth=>0, :method_arg=>true})))
  (begin
    (send
      (hole 0 {:hash_depth=>0, :limit_depth=>true, :recv=>true}) :save))
  (hole 2 {:hash_depth=>0, :method_arg=>false, :variance=>:+}) {:method_arg=>false})
BASETYPE: true or false
SIZE WORK_LIST: 0
SIZE generated: 2
EVALUABLE#: 0

-------------------------

----------------
TTYPES
true or false

PROGS

LOCAL_COUNT: 3
GLOBAL_COUNT: 42

BASE_AFTER:
(begin
  (send
    (filled-hole
      (lvar InvitationCode(id: integer, token: string, diaspora_user_id: integer, count: integer)) {:method_arg=>false}) :save))
BASETYPE: true or false
SIZE WORK_LIST: 1
SIZE generated: 1
EVALUABLE#: 1

-------------------------

----------------
TTYPES
Integer
true or false
Integer
true or false
true or false
true or false
Integer
true or false
Integer
true or false
Integer
true or false
Integer
true or false
true or false
true or false
true or false
true or false
true or false
true or false
true or false
true or false
true or false
true or false
true or false
true or false
true or false
true or false
true or false
true or false
true or false
true or false
true or false
true or false
true or false
true or false
Integer
true or false
true or false
true or false
true or false
true or false
true or false
true or false
true or false
true or false
true or false
true or false
true or false
true or false
true or false
true or false
true or false
true or false
true or false
true or false
true or false
true or false
true or false
Integer
true or false
true or false

PROGS

LOCAL_COUNT: 4
GLOBAL_COUNT: 43

BASE_AFTER:
(filled-hole
  (begin
    (send
      (send
        (hole 0 {:hash_depth=>0, :limit_depth=>true, :recv=>true}) :id=
        (hole 0 {:hash_depth=>0, :method_arg=>true})) :-
      (hole 0 {:hash_depth=>0, :method_arg=>true})))
  (begin
    (send
      (send
        (hole 0 {:hash_depth=>0, :limit_depth=>true, :recv=>true}) :id=
        (hole 0 {:hash_depth=>0, :method_arg=>true})) :-
      (hole 0 {:hash_depth=>0, :method_arg=>true})))
  (begin
    (send
      (send
        (hole 0 {:hash_depth=>0, :limit_depth=>true, :recv=>true}) :id=
        (hole 0 {:hash_depth=>0, :method_arg=>true})) :count))
  (begin
    (send
      (send
        (hole 0 {:hash_depth=>0, :limit_depth=>true, :recv=>true}) :id=
        (hole 0 {:hash_depth=>0, :method_arg=>true})) :save))
  (begin
    (send
      (send
        (hole 0 {:hash_depth=>0, :limit_depth=>true, :recv=>true}) :id) :-
      (hole 0 {:hash_depth=>0, :method_arg=>true})))
  (begin
    (send
      (send
        (hole 0 {:hash_depth=>0, :limit_depth=>true, :recv=>true}) :id) :-
      (hole 0 {:hash_depth=>0, :method_arg=>true})))
  (begin
    (send
      (send
        (hole 0 {:hash_depth=>0, :limit_depth=>true, :recv=>true}) :id) :count))
  (begin
    (send
      (send
        (hole 0 {:hash_depth=>0, :limit_depth=>true, :recv=>true}) :id) :save))
  (begin
    (send
      (send
        (hole 0 {:hash_depth=>0, :limit_depth=>true, :recv=>true}) :token=
        (hole 0 {:hash_depth=>0, :method_arg=>true})) :count))
  (begin
    (send
      (send
        (hole 0 {:hash_depth=>0, :limit_depth=>true, :recv=>true}) :token=
        (hole 0 {:hash_depth=>0, :method_arg=>true})) :-
      (hole 0 {:hash_depth=>0, :method_arg=>true})))
  (begin
    (send
      (send
        (hole 0 {:hash_depth=>0, :limit_depth=>true, :recv=>true}) :token=
        (hole 0 {:hash_depth=>0, :method_arg=>true})) :save))
  (begin
    (send
      (send
        (hole 0 {:hash_depth=>0, :limit_depth=>true, :recv=>true}) :token) :count))
  (begin
    (send
      (send
        (hole 0 {:hash_depth=>0, :limit_depth=>true, :recv=>true}) :token) :-
      (hole 0 {:hash_depth=>0, :method_arg=>true})))
  (begin
    (send
      (send
        (hole 0 {:hash_depth=>0, :limit_depth=>true, :recv=>true}) :token) :save))
  (begin
    (send
      (send
        (hole 0 {:hash_depth=>0, :limit_depth=>true, :recv=>true}) :diaspora_user_id=
        (hole 0 {:hash_depth=>0, :method_arg=>true})) :-
      (hole 0 {:hash_depth=>0, :method_arg=>true})))
  (begin
    (send
      (send
        (hole 0 {:hash_depth=>0, :limit_depth=>true, :recv=>true}) :diaspora_user_id=
        (hole 0 {:hash_depth=>0, :method_arg=>true})) :-
      (hole 0 {:hash_depth=>0, :method_arg=>true})))
  (begin
    (send
      (send
        (hole 0 {:hash_depth=>0, :limit_depth=>true, :recv=>true}) :diaspora_user_id=
        (hole 0 {:hash_depth=>0, :method_arg=>true})) :count))
  (begin
    (send
      (send
        (hole 0 {:hash_depth=>0, :limit_depth=>true, :recv=>true}) :diaspora_user_id=
        (hole 0 {:hash_depth=>0, :method_arg=>true})) :save))
  (begin
    (send
      (send
        (hole 0 {:hash_depth=>0, :limit_depth=>true, :recv=>true}) :diaspora_user_id) :-
      (hole 0 {:hash_depth=>0, :method_arg=>true})))
  (begin
    (send
      (send
        (hole 0 {:hash_depth=>0, :limit_depth=>true, :recv=>true}) :diaspora_user_id) :-
      (hole 0 {:hash_depth=>0, :method_arg=>true})))
  (begin
    (send
      (send
        (hole 0 {:hash_depth=>0, :limit_depth=>true, :recv=>true}) :diaspora_user_id) :count))
  (begin
    (send
      (send
        (hole 0 {:hash_depth=>0, :limit_depth=>true, :recv=>true}) :diaspora_user_id) :save))
  (begin
    (send
      (send
        (hole 0 {:hash_depth=>0, :limit_depth=>true, :recv=>true}) :count=
        (hole 0 {:hash_depth=>0, :method_arg=>true})) :-
      (hole 0 {:hash_depth=>0, :method_arg=>true})))
  (begin
    (send
      (send
        (hole 0 {:hash_depth=>0, :limit_depth=>true, :recv=>true}) :count=
        (hole 0 {:hash_depth=>0, :method_arg=>true})) :-
      (hole 0 {:hash_depth=>0, :method_arg=>true})))
  (begin
    (send
      (send
        (hole 0 {:hash_depth=>0, :limit_depth=>true, :recv=>true}) :count=
        (hole 0 {:hash_depth=>0, :method_arg=>true})) :count))
  (begin
    (send
      (send
        (hole 0 {:hash_depth=>0, :limit_depth=>true, :recv=>true}) :count=
        (hole 0 {:hash_depth=>0, :method_arg=>true})) :save))
  (begin
    (send
      (begin
        (send
          (hole 0 {:hash_depth=>0, :limit_depth=>true, :recv=>true}) :count)) :-
      (hole 0 {:hash_depth=>0, :method_arg=>true})))
  (begin
    (send
      (begin
        (send
          (hole 0 {:hash_depth=>0, :limit_depth=>true, :recv=>true}) :count)) :-
      (hole 0 {:hash_depth=>0, :method_arg=>true})))
  (begin
    (send
      (begin
        (send
          (hole 0 {:hash_depth=>0, :limit_depth=>true, :recv=>true}) :count)) :count))
  (begin
    (send
      (begin
        (send
          (hole 0 {:hash_depth=>0, :limit_depth=>true, :recv=>true}) :count)) :save))
  (begin
    (send
      (send
        (hole 0 {:hash_depth=>0, :limit_depth=>true, :recv=>true}) :diaspora_user) :count))
  (begin
    (send
      (send
        (hole 0 {:hash_depth=>0, :limit_depth=>true, :recv=>true}) :diaspora_user) :-
      (hole 0 {:hash_depth=>0, :method_arg=>true})))
  (begin
    (send
      (send
        (hole 0 {:hash_depth=>0, :limit_depth=>true, :recv=>true}) :diaspora_user) :save))
  (begin
    (send
      (send
        (hole 0 {:hash_depth=>0, :limit_depth=>true, :recv=>true}) :diaspora_user=
        (hole 0 {:hash_depth=>0, :method_arg=>true})) :count))
  (begin
    (send
      (send
        (hole 0 {:hash_depth=>0, :limit_depth=>true, :recv=>true}) :diaspora_user=
        (hole 0 {:hash_depth=>0, :method_arg=>true})) :-
      (hole 0 {:hash_depth=>0, :method_arg=>true})))
  (begin
    (send
      (send
        (hole 0 {:hash_depth=>0, :limit_depth=>true, :recv=>true}) :diaspora_user=
        (hole 0 {:hash_depth=>0, :method_arg=>true})) :save))
  (send
    (begin
      (send
        (hole 0 {:hash_depth=>0, :limit_depth=>true, :recv=>true}) :-
        (hole 0 {:hash_depth=>0, :method_arg=>true}))) :confirmed=
    (hole 0 {:hash_depth=>0, :method_arg=>true}))
  (send
    (begin
      (send
        (hole 0 {:hash_depth=>0, :limit_depth=>true, :recv=>true}) :-
        (hole 0 {:hash_depth=>0, :method_arg=>true}))) :confirmed)
  (send
    (begin
      (send
        (hole 0 {:hash_depth=>0, :limit_depth=>true, :recv=>true}) :-
        (hole 0 {:hash_depth=>0, :method_arg=>true}))) :expired=
    (hole 0 {:hash_depth=>0, :method_arg=>true}))
  (send
    (begin
      (send
        (hole 0 {:hash_depth=>0, :limit_depth=>true, :recv=>true}) :-
        (hole 0 {:hash_depth=>0, :method_arg=>true}))) :expired)
  (send
    (begin
      (send
        (hole 0 {:hash_depth=>0, :limit_depth=>true, :recv=>true}) :-
        (hole 0 {:hash_depth=>0, :method_arg=>true}))) :discoverable=
    (hole 0 {:hash_depth=>0, :method_arg=>true}))
  (send
    (begin
      (send
        (hole 0 {:hash_depth=>0, :limit_depth=>true, :recv=>true}) :-
        (hole 0 {:hash_depth=>0, :method_arg=>true}))) :discoverable)
  (send
    (begin
      (send
        (hole 0 {:hash_depth=>0, :limit_depth=>true, :recv=>true}) :-
        (hole 0 {:hash_depth=>0, :method_arg=>true}))) :scheduled_check=
    (hole 0 {:hash_depth=>0, :method_arg=>true}))
  (send
    (begin
      (send
        (hole 0 {:hash_depth=>0, :limit_depth=>true, :recv=>true}) :-
        (hole 0 {:hash_depth=>0, :method_arg=>true}))) :scheduled_check)
  (send
    (begin
      (send
        (hole 0 {:hash_depth=>0, :limit_depth=>true, :recv=>true}) :-
        (hole 0 {:hash_depth=>0, :method_arg=>true}))) :otp_required_for_login=
    (hole 0 {:hash_depth=>0, :method_arg=>true}))
  (send
    (begin
      (send
        (hole 0 {:hash_depth=>0, :limit_depth=>true, :recv=>true}) :-
        (hole 0 {:hash_depth=>0, :method_arg=>true}))) :otp_required_for_login)
  (send
    (begin
      (send
        (hole 0 {:hash_depth=>0, :limit_depth=>true, :recv=>true}) :-
        (hole 0 {:hash_depth=>0, :method_arg=>true}))) :admin=
    (hole 0 {:hash_depth=>0, :method_arg=>true}))
  (send
    (begin
      (send
        (hole 0 {:hash_depth=>0, :limit_depth=>true, :recv=>true}) :-
        (hole 0 {:hash_depth=>0, :method_arg=>true}))) :admin)
  (send
    (begin
      (send
        (hole 0 {:hash_depth=>0, :limit_depth=>true, :recv=>true}) :-
        (hole 0 {:hash_depth=>0, :method_arg=>true}))) :staged=
    (hole 0 {:hash_depth=>0, :method_arg=>true}))
  (send
    (begin
      (send
        (hole 0 {:hash_depth=>0, :limit_depth=>true, :recv=>true}) :-
        (hole 0 {:hash_depth=>0, :method_arg=>true}))) :staged)
  (send
    (begin
      (send
        (hole 0 {:hash_depth=>0, :limit_depth=>true, :recv=>true}) :-
        (hole 0 {:hash_depth=>0, :method_arg=>true}))) :active=
    (hole 0 {:hash_depth=>0, :method_arg=>true}))
  (send
    (begin
      (send
        (hole 0 {:hash_depth=>0, :limit_depth=>true, :recv=>true}) :-
        (hole 0 {:hash_depth=>0, :method_arg=>true}))) :active)
  (send
    (begin
      (send
        (hole 0 {:hash_depth=>0, :limit_depth=>true, :recv=>true}) :-
        (hole 0 {:hash_depth=>0, :method_arg=>true}))) :primary=
    (hole 0 {:hash_depth=>0, :method_arg=>true}))
  (send
    (begin
      (send
        (hole 0 {:hash_depth=>0, :limit_depth=>true, :recv=>true}) :-
        (hole 0 {:hash_depth=>0, :method_arg=>true}))) :primary)
  (send
    (begin
      (send
        (hole 0 {:hash_depth=>0, :limit_depth=>true, :recv=>true}) :-
        (hole 0 {:hash_depth=>0, :method_arg=>true}))) :moderator=
    (hole 0 {:hash_depth=>0, :method_arg=>true}))
  (send
    (begin
      (send
        (hole 0 {:hash_depth=>0, :limit_depth=>true, :recv=>true}) :-
        (hole 0 {:hash_depth=>0, :method_arg=>true}))) :moderator)
  (begin
    (send
      (begin
        (send
          (hole 0 {:hash_depth=>0, :limit_depth=>true, :recv=>true}) :-
          (hole 0 {:hash_depth=>0, :method_arg=>true}))) :-
      (hole 0 {:hash_depth=>0, :method_arg=>true})))
  (begin
    (send
      (begin
        (send
          (hole 0 {:hash_depth=>0, :limit_depth=>true, :recv=>true}) :-
          (hole 0 {:hash_depth=>0, :method_arg=>true}))) :-
      (hole 0 {:hash_depth=>0, :method_arg=>true})))
  (begin
    (send
      (begin
        (send
          (hole 0 {:hash_depth=>0, :limit_depth=>true, :recv=>true}) :-
          (hole 0 {:hash_depth=>0, :method_arg=>true}))) :save))
  (begin
    (send
      (begin
        (send
          (hole 0 {:hash_depth=>0, :limit_depth=>true, :recv=>true}) :save)) :count))
  (begin
    (send
      (begin
        (send
          (hole 0 {:hash_depth=>0, :limit_depth=>true, :recv=>true}) :save)) :-
      (hole 0 {:hash_depth=>0, :method_arg=>true})))
  (begin
    (send
      (begin
        (send
          (hole 0 {:hash_depth=>0, :limit_depth=>true, :recv=>true}) :save)) :save))
  (send
    (begin
      (send
        (hole 0 {:hash_depth=>0, :limit_depth=>true, :recv=>true}) :count)) :confirmed=
    (hole 0 {:hash_depth=>0, :method_arg=>true}))
  (send
    (begin
      (send
        (hole 0 {:hash_depth=>0, :limit_depth=>true, :recv=>true}) :count)) :confirmed)
  (send
    (begin
      (send
        (hole 0 {:hash_depth=>0, :limit_depth=>true, :recv=>true}) :count)) :expired=
    (hole 0 {:hash_depth=>0, :method_arg=>true}))
  (send
    (begin
      (send
        (hole 0 {:hash_depth=>0, :limit_depth=>true, :recv=>true}) :count)) :expired)
  (send
    (begin
      (send
        (hole 0 {:hash_depth=>0, :limit_depth=>true, :recv=>true}) :count)) :discoverable=
    (hole 0 {:hash_depth=>0, :method_arg=>true}))
  (send
    (begin
      (send
        (hole 0 {:hash_depth=>0, :limit_depth=>true, :recv=>true}) :count)) :discoverable)
  (send
    (begin
      (send
        (hole 0 {:hash_depth=>0, :limit_depth=>true, :recv=>true}) :count)) :scheduled_check=
    (hole 0 {:hash_depth=>0, :method_arg=>true}))
  (send
    (begin
      (send
        (hole 0 {:hash_depth=>0, :limit_depth=>true, :recv=>true}) :count)) :scheduled_check)
  (send
    (begin
      (send
        (hole 0 {:hash_depth=>0, :limit_depth=>true, :recv=>true}) :count)) :otp_required_for_login=
    (hole 0 {:hash_depth=>0, :method_arg=>true}))
  (send
    (begin
      (send
        (hole 0 {:hash_depth=>0, :limit_depth=>true, :recv=>true}) :count)) :otp_required_for_login)
  (send
    (begin
      (send
        (hole 0 {:hash_depth=>0, :limit_depth=>true, :recv=>true}) :count)) :admin=
    (hole 0 {:hash_depth=>0, :method_arg=>true}))
  (send
    (begin
      (send
        (hole 0 {:hash_depth=>0, :limit_depth=>true, :recv=>true}) :count)) :admin)
  (send
    (begin
      (send
        (hole 0 {:hash_depth=>0, :limit_depth=>true, :recv=>true}) :count)) :staged=
    (hole 0 {:hash_depth=>0, :method_arg=>true}))
  (send
    (begin
      (send
        (hole 0 {:hash_depth=>0, :limit_depth=>true, :recv=>true}) :count)) :staged)
  (send
    (begin
      (send
        (hole 0 {:hash_depth=>0, :limit_depth=>true, :recv=>true}) :count)) :active=
    (hole 0 {:hash_depth=>0, :method_arg=>true}))
  (send
    (begin
      (send
        (hole 0 {:hash_depth=>0, :limit_depth=>true, :recv=>true}) :count)) :active)
  (send
    (begin
      (send
        (hole 0 {:hash_depth=>0, :limit_depth=>true, :recv=>true}) :count)) :primary=
    (hole 0 {:hash_depth=>0, :method_arg=>true}))
  (send
    (begin
      (send
        (hole 0 {:hash_depth=>0, :limit_depth=>true, :recv=>true}) :count)) :primary)
  (send
    (begin
      (send
        (hole 0 {:hash_depth=>0, :limit_depth=>true, :recv=>true}) :count)) :moderator=
    (hole 0 {:hash_depth=>0, :method_arg=>true}))
  (send
    (begin
      (send
        (hole 0 {:hash_depth=>0, :limit_depth=>true, :recv=>true}) :count)) :moderator)
  (begin
    (send
      (begin
        (send
          (hole 0 {:hash_depth=>0, :limit_depth=>true, :recv=>true}) :count)) :-
      (hole 0 {:hash_depth=>0, :method_arg=>true})))
  (begin
    (send
      (begin
        (send
          (hole 0 {:hash_depth=>0, :limit_depth=>true, :recv=>true}) :count)) :-
      (hole 0 {:hash_depth=>0, :method_arg=>true})))
  (begin
    (send
      (begin
        (send
          (hole 0 {:hash_depth=>0, :limit_depth=>true, :recv=>true}) :count)) :save))
  (send
    (begin
      (send
        (hole 0 {:hash_depth=>0, :limit_depth=>true, :recv=>true}) :-
        (hole 0 {:hash_depth=>0, :method_arg=>true}))) :confirmed=
    (hole 0 {:hash_depth=>0, :method_arg=>true}))
  (send
    (begin
      (send
        (hole 0 {:hash_depth=>0, :limit_depth=>true, :recv=>true}) :-
        (hole 0 {:hash_depth=>0, :method_arg=>true}))) :confirmed)
  (send
    (begin
      (send
        (hole 0 {:hash_depth=>0, :limit_depth=>true, :recv=>true}) :-
        (hole 0 {:hash_depth=>0, :method_arg=>true}))) :expired=
    (hole 0 {:hash_depth=>0, :method_arg=>true}))
  (send
    (begin
      (send
        (hole 0 {:hash_depth=>0, :limit_depth=>true, :recv=>true}) :-
        (hole 0 {:hash_depth=>0, :method_arg=>true}))) :expired)
  (send
    (begin
      (send
        (hole 0 {:hash_depth=>0, :limit_depth=>true, :recv=>true}) :-
        (hole 0 {:hash_depth=>0, :method_arg=>true}))) :discoverable=
    (hole 0 {:hash_depth=>0, :method_arg=>true}))
  (send
    (begin
      (send
        (hole 0 {:hash_depth=>0, :limit_depth=>true, :recv=>true}) :-
        (hole 0 {:hash_depth=>0, :method_arg=>true}))) :discoverable)
  (send
    (begin
      (send
        (hole 0 {:hash_depth=>0, :limit_depth=>true, :recv=>true}) :-
        (hole 0 {:hash_depth=>0, :method_arg=>true}))) :scheduled_check=
    (hole 0 {:hash_depth=>0, :method_arg=>true}))
  (send
    (begin
      (send
        (hole 0 {:hash_depth=>0, :limit_depth=>true, :recv=>true}) :-
        (hole 0 {:hash_depth=>0, :method_arg=>true}))) :scheduled_check)
  (send
    (begin
      (send
        (hole 0 {:hash_depth=>0, :limit_depth=>true, :recv=>true}) :-
        (hole 0 {:hash_depth=>0, :method_arg=>true}))) :otp_required_for_login=
    (hole 0 {:hash_depth=>0, :method_arg=>true}))
  (send
    (begin
      (send
        (hole 0 {:hash_depth=>0, :limit_depth=>true, :recv=>true}) :-
        (hole 0 {:hash_depth=>0, :method_arg=>true}))) :otp_required_for_login)
  (send
    (begin
      (send
        (hole 0 {:hash_depth=>0, :limit_depth=>true, :recv=>true}) :-
        (hole 0 {:hash_depth=>0, :method_arg=>true}))) :admin=
    (hole 0 {:hash_depth=>0, :method_arg=>true}))
  (send
    (begin
      (send
        (hole 0 {:hash_depth=>0, :limit_depth=>true, :recv=>true}) :-
        (hole 0 {:hash_depth=>0, :method_arg=>true}))) :admin)
  (send
    (begin
      (send
        (hole 0 {:hash_depth=>0, :limit_depth=>true, :recv=>true}) :-
        (hole 0 {:hash_depth=>0, :method_arg=>true}))) :staged=
    (hole 0 {:hash_depth=>0, :method_arg=>true}))
  (send
    (begin
      (send
        (hole 0 {:hash_depth=>0, :limit_depth=>true, :recv=>true}) :-
        (hole 0 {:hash_depth=>0, :method_arg=>true}))) :staged)
  (send
    (begin
      (send
        (hole 0 {:hash_depth=>0, :limit_depth=>true, :recv=>true}) :-
        (hole 0 {:hash_depth=>0, :method_arg=>true}))) :active=
    (hole 0 {:hash_depth=>0, :method_arg=>true}))
  (send
    (begin
      (send
        (hole 0 {:hash_depth=>0, :limit_depth=>true, :recv=>true}) :-
        (hole 0 {:hash_depth=>0, :method_arg=>true}))) :active)
  (send
    (begin
      (send
        (hole 0 {:hash_depth=>0, :limit_depth=>true, :recv=>true}) :-
        (hole 0 {:hash_depth=>0, :method_arg=>true}))) :primary=
    (hole 0 {:hash_depth=>0, :method_arg=>true}))
  (send
    (begin
      (send
        (hole 0 {:hash_depth=>0, :limit_depth=>true, :recv=>true}) :-
        (hole 0 {:hash_depth=>0, :method_arg=>true}))) :primary)
  (send
    (begin
      (send
        (hole 0 {:hash_depth=>0, :limit_depth=>true, :recv=>true}) :-
        (hole 0 {:hash_depth=>0, :method_arg=>true}))) :moderator=
    (hole 0 {:hash_depth=>0, :method_arg=>true}))
  (send
    (begin
      (send
        (hole 0 {:hash_depth=>0, :limit_depth=>true, :recv=>true}) :-
        (hole 0 {:hash_depth=>0, :method_arg=>true}))) :moderator)
  (begin
    (send
      (begin
        (send
          (hole 0 {:hash_depth=>0, :limit_depth=>true, :recv=>true}) :-
          (hole 0 {:hash_depth=>0, :method_arg=>true}))) :-
      (hole 0 {:hash_depth=>0, :method_arg=>true})))
  (begin
    (send
      (begin
        (send
          (hole 0 {:hash_depth=>0, :limit_depth=>true, :recv=>true}) :-
          (hole 0 {:hash_depth=>0, :method_arg=>true}))) :-
      (hole 0 {:hash_depth=>0, :method_arg=>true})))
  (begin
    (send
      (begin
        (send
          (hole 0 {:hash_depth=>0, :limit_depth=>true, :recv=>true}) :-
          (hole 0 {:hash_depth=>0, :method_arg=>true}))) :save))
  (begin
    (send
      (begin
        (send
          (hole 0 {:hash_depth=>0, :limit_depth=>true, :recv=>true}) :save)) :count))
  (begin
    (send
      (begin
        (send
          (hole 0 {:hash_depth=>0, :limit_depth=>true, :recv=>true}) :save)) :-
      (hole 0 {:hash_depth=>0, :method_arg=>true})))
  (begin
    (send
      (begin
        (send
          (hole 0 {:hash_depth=>0, :limit_depth=>true, :recv=>true}) :save)) :save))
  (hole 3 {:hash_depth=>0, :method_arg=>false, :variance=>:+}) {:method_arg=>false})
BASETYPE: true or false
SIZE WORK_LIST: 0
SIZE generated: 62
EVALUABLE#: 0

-------------------------

----------------
TTYPES
true or false
true or false
true or false
true or false
true or false
true or false
true or false
true or false
true or false
true or false
true or false
true or false
true or false
true or false
true or false
true or false
true or false
true or false
true or false
true or false
true or false
true or false
true or false
true or false
true or false
true or false
true or false

PROGS

LOCAL_COUNT: 5
GLOBAL_COUNT: 44

BASE_AFTER:
(send
  (begin
    (send
      (filled-hole
        (lvar InvitationCode(id: integer, token: string, diaspora_user_id: integer, count: integer)) {:method_arg=>false}) :-
      (filled-hole
        (lvar :arg0)
        (lvar InvitationCode(id: integer, token: string, diaspora_user_id: integer, count: integer))
        (true)
        (false)
        (int 0)
        (int 1)
        (int 2)
        (str "")
        (hole 1 {:hash_depth=>0, :method_arg=>true, :variance=>:+}) {:method_arg=>true}))) :confirmed=
  (filled-hole
    (true)
    (false)
    (hole 1 {:hash_depth=>0, :method_arg=>true, :variance=>:+}) {:method_arg=>true}))
BASETYPE: true or false
SIZE WORK_LIST: 61
SIZE generated: 27
EVALUABLE#: 16

-------------------------

----------------
TTYPES
true or false
true or false
true or false
true or false
true or false
true or false
true or false
true or false
true or false

PROGS

LOCAL_COUNT: 6
GLOBAL_COUNT: 45

BASE_AFTER:
(send
  (begin
    (send
      (filled-hole
        (lvar InvitationCode(id: integer, token: string, diaspora_user_id: integer, count: integer)) {:method_arg=>false}) :-
      (filled-hole
        (lvar :arg0)
        (lvar InvitationCode(id: integer, token: string, diaspora_user_id: integer, count: integer))
        (true)
        (false)
        (int 0)
        (int 1)
        (int 2)
        (str "")
        (hole 1 {:hash_depth=>0, :method_arg=>true, :variance=>:+}) {:method_arg=>true}))) :confirmed)
BASETYPE: true or false
SIZE WORK_LIST: 71
SIZE generated: 9
EVALUABLE#: 8

-------------------------

----------------
TTYPES
true or false
true or false
true or false
true or false
true or false
true or false
true or false
true or false
true or false
true or false
true or false
true or false
true or false
true or false
true or false
true or false
true or false
true or false
true or false
true or false
true or false
true or false
true or false
true or false
true or false
true or false
true or false

PROGS

LOCAL_COUNT: 7
GLOBAL_COUNT: 46

BASE_AFTER:
(send
  (begin
    (send
      (filled-hole
        (lvar InvitationCode(id: integer, token: string, diaspora_user_id: integer, count: integer)) {:method_arg=>false}) :-
      (filled-hole
        (lvar :arg0)
        (lvar InvitationCode(id: integer, token: string, diaspora_user_id: integer, count: integer))
        (true)
        (false)
        (int 0)
        (int 1)
        (int 2)
        (str "")
        (hole 1 {:hash_depth=>0, :method_arg=>true, :variance=>:+}) {:method_arg=>true}))) :expired=
  (filled-hole
    (true)
    (false)
    (hole 1 {:hash_depth=>0, :method_arg=>true, :variance=>:+}) {:method_arg=>true}))
BASETYPE: true or false
SIZE WORK_LIST: 71
SIZE generated: 27
EVALUABLE#: 16

-------------------------

----------------
TTYPES
true or false
true or false
true or false
true or false
true or false
true or false
true or false
true or false
true or false

PROGS

LOCAL_COUNT: 8
GLOBAL_COUNT: 47

BASE_AFTER:
(send
  (begin
    (send
      (filled-hole
        (lvar InvitationCode(id: integer, token: string, diaspora_user_id: integer, count: integer)) {:method_arg=>false}) :-
      (filled-hole
        (lvar :arg0)
        (lvar InvitationCode(id: integer, token: string, diaspora_user_id: integer, count: integer))
        (true)
        (false)
        (int 0)
        (int 1)
        (int 2)
        (str "")
        (hole 1 {:hash_depth=>0, :method_arg=>true, :variance=>:+}) {:method_arg=>true}))) :expired)
BASETYPE: true or false
SIZE WORK_LIST: 81
SIZE generated: 9
EVALUABLE#: 8

-------------------------

----------------
TTYPES
true or false
true or false
true or false
true or false
true or false
true or false
true or false
true or false
true or false
true or false
true or false
true or false
true or false
true or false
true or false
true or false
true or false
true or false
true or false
true or false
true or false
true or false
true or false
true or false
true or false
true or false
true or false

PROGS

LOCAL_COUNT: 9
GLOBAL_COUNT: 48

BASE_AFTER:
(send
  (begin
    (send
      (filled-hole
        (lvar InvitationCode(id: integer, token: string, diaspora_user_id: integer, count: integer)) {:method_arg=>false}) :-
      (filled-hole
        (lvar :arg0)
        (lvar InvitationCode(id: integer, token: string, diaspora_user_id: integer, count: integer))
        (true)
        (false)
        (int 0)
        (int 1)
        (int 2)
        (str "")
        (hole 1 {:hash_depth=>0, :method_arg=>true, :variance=>:+}) {:method_arg=>true}))) :discoverable=
  (filled-hole
    (true)
    (false)
    (hole 1 {:hash_depth=>0, :method_arg=>true, :variance=>:+}) {:method_arg=>true}))
BASETYPE: true or false
SIZE WORK_LIST: 81
SIZE generated: 27
EVALUABLE#: 16

-------------------------

----------------
TTYPES
true or false
true or false
true or false
true or false
true or false
true or false
true or false
true or false
true or false

PROGS

LOCAL_COUNT: 10
GLOBAL_COUNT: 49

BASE_AFTER:
(send
  (begin
    (send
      (filled-hole
        (lvar InvitationCode(id: integer, token: string, diaspora_user_id: integer, count: integer)) {:method_arg=>false}) :-
      (filled-hole
        (lvar :arg0)
        (lvar InvitationCode(id: integer, token: string, diaspora_user_id: integer, count: integer))
        (true)
        (false)
        (int 0)
        (int 1)
        (int 2)
        (str "")
        (hole 1 {:hash_depth=>0, :method_arg=>true, :variance=>:+}) {:method_arg=>true}))) :discoverable)
BASETYPE: true or false
SIZE WORK_LIST: 91
SIZE generated: 9
EVALUABLE#: 8

-------------------------

----------------
TTYPES
true or false
true or false
true or false
true or false
true or false
true or false
true or false
true or false
true or false
true or false
true or false
true or false
true or false
true or false
true or false
true or false
true or false
true or false
true or false
true or false
true or false
true or false
true or false
true or false
true or false
true or false
true or false

PROGS

LOCAL_COUNT: 11
GLOBAL_COUNT: 50

BASE_AFTER:
(send
  (begin
    (send
      (filled-hole
        (lvar InvitationCode(id: integer, token: string, diaspora_user_id: integer, count: integer)) {:method_arg=>false}) :-
      (filled-hole
        (lvar :arg0)
        (lvar InvitationCode(id: integer, token: string, diaspora_user_id: integer, count: integer))
        (true)
        (false)
        (int 0)
        (int 1)
        (int 2)
        (str "")
        (hole 1 {:hash_depth=>0, :method_arg=>true, :variance=>:+}) {:method_arg=>true}))) :scheduled_check=
  (filled-hole
    (true)
    (false)
    (hole 1 {:hash_depth=>0, :method_arg=>true, :variance=>:+}) {:method_arg=>true}))
BASETYPE: true or false
SIZE WORK_LIST: 91
SIZE generated: 27
EVALUABLE#: 16

-------------------------

----------------
TTYPES
true or false
true or false
true or false
true or false
true or false
true or false
true or false
true or false
true or false

PROGS

LOCAL_COUNT: 12
GLOBAL_COUNT: 51

BASE_AFTER:
(send
  (begin
    (send
      (filled-hole
        (lvar InvitationCode(id: integer, token: string, diaspora_user_id: integer, count: integer)) {:method_arg=>false}) :-
      (filled-hole
        (lvar :arg0)
        (lvar InvitationCode(id: integer, token: string, diaspora_user_id: integer, count: integer))
        (true)
        (false)
        (int 0)
        (int 1)
        (int 2)
        (str "")
        (hole 1 {:hash_depth=>0, :method_arg=>true, :variance=>:+}) {:method_arg=>true}))) :scheduled_check)
BASETYPE: true or false
SIZE WORK_LIST: 101
SIZE generated: 9
EVALUABLE#: 8

-------------------------

----------------
TTYPES
true or false
true or false
true or false
true or false
true or false
true or false
true or false
true or false
true or false
true or false
true or false
true or false
true or false
true or false
true or false
true or false
true or false
true or false
true or false
true or false
true or false
true or false
true or false
true or false
true or false
true or false
true or false

PROGS

LOCAL_COUNT: 13
GLOBAL_COUNT: 52

BASE_AFTER:
(send
  (begin
    (send
      (filled-hole
        (lvar InvitationCode(id: integer, token: string, diaspora_user_id: integer, count: integer)) {:method_arg=>false}) :-
      (filled-hole
        (lvar :arg0)
        (lvar InvitationCode(id: integer, token: string, diaspora_user_id: integer, count: integer))
        (true)
        (false)
        (int 0)
        (int 1)
        (int 2)
        (str "")
        (hole 1 {:hash_depth=>0, :method_arg=>true, :variance=>:+}) {:method_arg=>true}))) :otp_required_for_login=
  (filled-hole
    (true)
    (false)
    (hole 1 {:hash_depth=>0, :method_arg=>true, :variance=>:+}) {:method_arg=>true}))
BASETYPE: true or false
SIZE WORK_LIST: 101
SIZE generated: 27
EVALUABLE#: 16

-------------------------

----------------
TTYPES
true or false
true or false
true or false
true or false
true or false
true or false
true or false
true or false
true or false

PROGS

LOCAL_COUNT: 14
GLOBAL_COUNT: 53

BASE_AFTER:
(send
  (begin
    (send
      (filled-hole
        (lvar InvitationCode(id: integer, token: string, diaspora_user_id: integer, count: integer)) {:method_arg=>false}) :-
      (filled-hole
        (lvar :arg0)
        (lvar InvitationCode(id: integer, token: string, diaspora_user_id: integer, count: integer))
        (true)
        (false)
        (int 0)
        (int 1)
        (int 2)
        (str "")
        (hole 1 {:hash_depth=>0, :method_arg=>true, :variance=>:+}) {:method_arg=>true}))) :otp_required_for_login)
BASETYPE: true or false
SIZE WORK_LIST: 111
SIZE generated: 9
EVALUABLE#: 8

-------------------------

----------------
TTYPES
true or false
true or false
true or false
true or false
true or false
true or false
true or false
true or false
true or false
true or false
true or false
true or false
true or false
true or false
true or false
true or false
true or false
true or false
true or false
true or false
true or false
true or false
true or false
true or false
true or false
true or false
true or false

PROGS

LOCAL_COUNT: 15
GLOBAL_COUNT: 54

BASE_AFTER:
(send
  (begin
    (send
      (filled-hole
        (lvar InvitationCode(id: integer, token: string, diaspora_user_id: integer, count: integer)) {:method_arg=>false}) :-
      (filled-hole
        (lvar :arg0)
        (lvar InvitationCode(id: integer, token: string, diaspora_user_id: integer, count: integer))
        (true)
        (false)
        (int 0)
        (int 1)
        (int 2)
        (str "")
        (hole 1 {:hash_depth=>0, :method_arg=>true, :variance=>:+}) {:method_arg=>true}))) :admin=
  (filled-hole
    (true)
    (false)
    (hole 1 {:hash_depth=>0, :method_arg=>true, :variance=>:+}) {:method_arg=>true}))
BASETYPE: true or false
SIZE WORK_LIST: 111
SIZE generated: 27
EVALUABLE#: 16

-------------------------

----------------
TTYPES
true or false
true or false
true or false
true or false
true or false
true or false
true or false
true or false
true or false

PROGS

LOCAL_COUNT: 16
GLOBAL_COUNT: 55

BASE_AFTER:
(send
  (begin
    (send
      (filled-hole
        (lvar InvitationCode(id: integer, token: string, diaspora_user_id: integer, count: integer)) {:method_arg=>false}) :-
      (filled-hole
        (lvar :arg0)
        (lvar InvitationCode(id: integer, token: string, diaspora_user_id: integer, count: integer))
        (true)
        (false)
        (int 0)
        (int 1)
        (int 2)
        (str "")
        (hole 1 {:hash_depth=>0, :method_arg=>true, :variance=>:+}) {:method_arg=>true}))) :admin)
BASETYPE: true or false
SIZE WORK_LIST: 121
SIZE generated: 9
EVALUABLE#: 8

-------------------------

----------------
TTYPES
true or false
true or false
true or false
true or false
true or false
true or false
true or false
true or false
true or false
true or false
true or false
true or false
true or false
true or false
true or false
true or false
true or false
true or false
true or false
true or false
true or false
true or false
true or false
true or false
true or false
true or false
true or false

PROGS

LOCAL_COUNT: 17
GLOBAL_COUNT: 56

BASE_AFTER:
(send
  (begin
    (send
      (filled-hole
        (lvar InvitationCode(id: integer, token: string, diaspora_user_id: integer, count: integer)) {:method_arg=>false}) :-
      (filled-hole
        (lvar :arg0)
        (lvar InvitationCode(id: integer, token: string, diaspora_user_id: integer, count: integer))
        (true)
        (false)
        (int 0)
        (int 1)
        (int 2)
        (str "")
        (hole 1 {:hash_depth=>0, :method_arg=>true, :variance=>:+}) {:method_arg=>true}))) :staged=
  (filled-hole
    (true)
    (false)
    (hole 1 {:hash_depth=>0, :method_arg=>true, :variance=>:+}) {:method_arg=>true}))
BASETYPE: true or false
SIZE WORK_LIST: 121
SIZE generated: 27
EVALUABLE#: 16

-------------------------

----------------
TTYPES
true or false
true or false
true or false
true or false
true or false
true or false
true or false
true or false
true or false

PROGS

LOCAL_COUNT: 18
GLOBAL_COUNT: 57

BASE_AFTER:
(send
  (begin
    (send
      (filled-hole
        (lvar InvitationCode(id: integer, token: string, diaspora_user_id: integer, count: integer)) {:method_arg=>false}) :-
      (filled-hole
        (lvar :arg0)
        (lvar InvitationCode(id: integer, token: string, diaspora_user_id: integer, count: integer))
        (true)
        (false)
        (int 0)
        (int 1)
        (int 2)
        (str "")
        (hole 1 {:hash_depth=>0, :method_arg=>true, :variance=>:+}) {:method_arg=>true}))) :staged)
BASETYPE: true or false
SIZE WORK_LIST: 131
SIZE generated: 9
EVALUABLE#: 8

-------------------------

----------------
TTYPES
true or false
true or false
true or false
true or false
true or false
true or false
true or false
true or false
true or false
true or false
true or false
true or false
true or false
true or false
true or false
true or false
true or false
true or false
true or false
true or false
true or false
true or false
true or false
true or false
true or false
true or false
true or false

PROGS

LOCAL_COUNT: 19
GLOBAL_COUNT: 58

BASE_AFTER:
(send
  (begin
    (send
      (filled-hole
        (lvar InvitationCode(id: integer, token: string, diaspora_user_id: integer, count: integer)) {:method_arg=>false}) :-
      (filled-hole
        (lvar :arg0)
        (lvar InvitationCode(id: integer, token: string, diaspora_user_id: integer, count: integer))
        (true)
        (false)
        (int 0)
        (int 1)
        (int 2)
        (str "")
        (hole 1 {:hash_depth=>0, :method_arg=>true, :variance=>:+}) {:method_arg=>true}))) :active=
  (filled-hole
    (true)
    (false)
    (hole 1 {:hash_depth=>0, :method_arg=>true, :variance=>:+}) {:method_arg=>true}))
BASETYPE: true or false
SIZE WORK_LIST: 131
SIZE generated: 27
EVALUABLE#: 16

-------------------------

----------------
TTYPES
true or false
true or false
true or false
true or false
true or false
true or false
true or false
true or false
true or false

PROGS

LOCAL_COUNT: 20
GLOBAL_COUNT: 59

BASE_AFTER:
(send
  (begin
    (send
      (filled-hole
        (lvar InvitationCode(id: integer, token: string, diaspora_user_id: integer, count: integer)) {:method_arg=>false}) :-
      (filled-hole
        (lvar :arg0)
        (lvar InvitationCode(id: integer, token: string, diaspora_user_id: integer, count: integer))
        (true)
        (false)
        (int 0)
        (int 1)
        (int 2)
        (str "")
        (hole 1 {:hash_depth=>0, :method_arg=>true, :variance=>:+}) {:method_arg=>true}))) :active)
BASETYPE: true or false
SIZE WORK_LIST: 141
SIZE generated: 9
EVALUABLE#: 8

-------------------------

----------------
TTYPES
true or false
true or false
true or false
true or false
true or false
true or false
true or false
true or false
true or false
true or false
true or false
true or false
true or false
true or false
true or false
true or false
true or false
true or false
true or false
true or false
true or false
true or false
true or false
true or false
true or false
true or false
true or false

PROGS

LOCAL_COUNT: 21
GLOBAL_COUNT: 60

BASE_AFTER:
(send
  (begin
    (send
      (filled-hole
        (lvar InvitationCode(id: integer, token: string, diaspora_user_id: integer, count: integer)) {:method_arg=>false}) :-
      (filled-hole
        (lvar :arg0)
        (lvar InvitationCode(id: integer, token: string, diaspora_user_id: integer, count: integer))
        (true)
        (false)
        (int 0)
        (int 1)
        (int 2)
        (str "")
        (hole 1 {:hash_depth=>0, :method_arg=>true, :variance=>:+}) {:method_arg=>true}))) :primary=
  (filled-hole
    (true)
    (false)
    (hole 1 {:hash_depth=>0, :method_arg=>true, :variance=>:+}) {:method_arg=>true}))
BASETYPE: true or false
SIZE WORK_LIST: 141
SIZE generated: 27
EVALUABLE#: 16

-------------------------

----------------
TTYPES
true or false
true or false
true or false
true or false
true or false
true or false
true or false
true or false
true or false

PROGS

LOCAL_COUNT: 22
GLOBAL_COUNT: 61

BASE_AFTER:
(send
  (begin
    (send
      (filled-hole
        (lvar InvitationCode(id: integer, token: string, diaspora_user_id: integer, count: integer)) {:method_arg=>false}) :-
      (filled-hole
        (lvar :arg0)
        (lvar InvitationCode(id: integer, token: string, diaspora_user_id: integer, count: integer))
        (true)
        (false)
        (int 0)
        (int 1)
        (int 2)
        (str "")
        (hole 1 {:hash_depth=>0, :method_arg=>true, :variance=>:+}) {:method_arg=>true}))) :primary)
BASETYPE: true or false
SIZE WORK_LIST: 151
SIZE generated: 9
EVALUABLE#: 8

-------------------------

----------------
TTYPES
true or false
true or false
true or false
true or false
true or false
true or false
true or false
true or false
true or false
true or false
true or false
true or false
true or false
true or false
true or false
true or false
true or false
true or false
true or false
true or false
true or false
true or false
true or false
true or false
true or false
true or false
true or false

PROGS

LOCAL_COUNT: 23
GLOBAL_COUNT: 62

BASE_AFTER:
(send
  (begin
    (send
      (filled-hole
        (lvar InvitationCode(id: integer, token: string, diaspora_user_id: integer, count: integer)) {:method_arg=>false}) :-
      (filled-hole
        (lvar :arg0)
        (lvar InvitationCode(id: integer, token: string, diaspora_user_id: integer, count: integer))
        (true)
        (false)
        (int 0)
        (int 1)
        (int 2)
        (str "")
        (hole 1 {:hash_depth=>0, :method_arg=>true, :variance=>:+}) {:method_arg=>true}))) :moderator=
  (filled-hole
    (true)
    (false)
    (hole 1 {:hash_depth=>0, :method_arg=>true, :variance=>:+}) {:method_arg=>true}))
BASETYPE: true or false
SIZE WORK_LIST: 151
SIZE generated: 27
EVALUABLE#: 16

-------------------------

----------------
TTYPES
true or false
true or false
true or false
true or false
true or false
true or false
true or false
true or false
true or false

PROGS

LOCAL_COUNT: 24
GLOBAL_COUNT: 63

BASE_AFTER:
(send
  (begin
    (send
      (filled-hole
        (lvar InvitationCode(id: integer, token: string, diaspora_user_id: integer, count: integer)) {:method_arg=>false}) :-
      (filled-hole
        (lvar :arg0)
        (lvar InvitationCode(id: integer, token: string, diaspora_user_id: integer, count: integer))
        (true)
        (false)
        (int 0)
        (int 1)
        (int 2)
        (str "")
        (hole 1 {:hash_depth=>0, :method_arg=>true, :variance=>:+}) {:method_arg=>true}))) :moderator)
BASETYPE: true or false
SIZE WORK_LIST: 161
SIZE generated: 9
EVALUABLE#: 8

-------------------------

----------------
TTYPES
Integer
Integer
Integer
Integer
Integer
Integer
Integer
Integer
Integer
Integer
Integer
Integer
Integer
Integer
Integer
Integer
Integer
Integer
Integer
Integer
Integer
Integer
Integer
Integer
Integer
Integer
Integer
Integer
Integer
Integer
Integer
Integer
Integer
Integer
Integer
Integer

PROGS

LOCAL_COUNT: 25
GLOBAL_COUNT: 64

BASE_AFTER:
(begin
  (send
    (begin
      (send
        (filled-hole
          (lvar InvitationCode(id: integer, token: string, diaspora_user_id: integer, count: integer)) {:method_arg=>false}) :-
        (filled-hole
          (lvar :arg0)
          (lvar InvitationCode(id: integer, token: string, diaspora_user_id: integer, count: integer))
          (true)
          (false)
          (int 0)
          (int 1)
          (int 2)
          (str "")
          (hole 1 {:hash_depth=>0, :method_arg=>true, :variance=>:+}) {:method_arg=>true}))) :-
    (filled-hole
      (int 0)
      (int 1)
      (int 2)
      (hole 1 {:hash_depth=>0, :method_arg=>true, :variance=>:+}) {:method_arg=>true})))
BASETYPE: Integer
SIZE WORK_LIST: 161
SIZE generated: 36
EVALUABLE#: 24

-------------------------

----------------
TTYPES
true or false
true or false
true or false

PROGS

LOCAL_COUNT: 26
GLOBAL_COUNT: 65

BASE_AFTER:
(send
  (begin
    (send
      (filled-hole
        (lvar InvitationCode(id: integer, token: string, diaspora_user_id: integer, count: integer)) {:method_arg=>false}) :count)) :confirmed=
  (filled-hole
    (true)
    (false)
    (hole 1 {:hash_depth=>0, :method_arg=>true, :variance=>:+}) {:method_arg=>true}))
BASETYPE: true or false
SIZE WORK_LIST: 172
SIZE generated: 3
EVALUABLE#: 2

-------------------------

----------------
TTYPES
true or false

PROGS

LOCAL_COUNT: 27
GLOBAL_COUNT: 66

BASE_AFTER:
(send
  (begin
    (send
      (filled-hole
        (lvar InvitationCode(id: integer, token: string, diaspora_user_id: integer, count: integer)) {:method_arg=>false}) :count)) :confirmed)
BASETYPE: true or false
SIZE WORK_LIST: 172
SIZE generated: 1
EVALUABLE#: 1

-------------------------

----------------
TTYPES
true or false
true or false
true or false

PROGS

LOCAL_COUNT: 28
GLOBAL_COUNT: 67

BASE_AFTER:
(send
  (begin
    (send
      (filled-hole
        (lvar InvitationCode(id: integer, token: string, diaspora_user_id: integer, count: integer)) {:method_arg=>false}) :count)) :expired=
  (filled-hole
    (true)
    (false)
    (hole 1 {:hash_depth=>0, :method_arg=>true, :variance=>:+}) {:method_arg=>true}))
BASETYPE: true or false
SIZE WORK_LIST: 171
SIZE generated: 3
EVALUABLE#: 2

-------------------------

----------------
TTYPES
true or false

PROGS

LOCAL_COUNT: 29
GLOBAL_COUNT: 68

BASE_AFTER:
(send
  (begin
    (send
      (filled-hole
        (lvar InvitationCode(id: integer, token: string, diaspora_user_id: integer, count: integer)) {:method_arg=>false}) :count)) :expired)
BASETYPE: true or false
SIZE WORK_LIST: 171
SIZE generated: 1
EVALUABLE#: 1

-------------------------

----------------
TTYPES
true or false
true or false
true or false

PROGS

LOCAL_COUNT: 30
GLOBAL_COUNT: 69

BASE_AFTER:
(send
  (begin
    (send
      (filled-hole
        (lvar InvitationCode(id: integer, token: string, diaspora_user_id: integer, count: integer)) {:method_arg=>false}) :count)) :discoverable=
  (filled-hole
    (true)
    (false)
    (hole 1 {:hash_depth=>0, :method_arg=>true, :variance=>:+}) {:method_arg=>true}))
BASETYPE: true or false
SIZE WORK_LIST: 170
SIZE generated: 3
EVALUABLE#: 2

-------------------------

----------------
TTYPES
true or false
true or false
Integer
Integer
Integer
String
%bot

PROGS

LOCAL_COUNT: 1
GLOBAL_COUNT: 1

BASE_AFTER:
(filled-hole
  (true)
  (false)
  (int 0)
  (int 1)
  (int 2)
  (str "")
  (hole 1 {:hash_depth=>0, :method_arg=>false, :variance=>:-}) {:method_arg=>false})
BASETYPE: %bot
SIZE WORK_LIST: 0
SIZE generated: 7
EVALUABLE#: 6

-------------------------

----------------
TTYPES
true or false
true or false

PROGS

LOCAL_COUNT: 2
GLOBAL_COUNT: 2

BASE_AFTER:
(true)
BASETYPE: true or false
SIZE WORK_LIST: 6
SIZE generated: 2
EVALUABLE#: 0

-------------------------

----------------
TTYPES
true or false
true or false

PROGS

LOCAL_COUNT: 3
GLOBAL_COUNT: 3

BASE_AFTER:
(false)
BASETYPE: true or false
SIZE WORK_LIST: 7
SIZE generated: 2
EVALUABLE#: 0

-------------------------

----------------
TTYPES
Integer
Integer

PROGS

LOCAL_COUNT: 4
GLOBAL_COUNT: 4

BASE_AFTER:
(int 0)
BASETYPE: Integer
SIZE WORK_LIST: 8
SIZE generated: 2
EVALUABLE#: 0

-------------------------

----------------
TTYPES
Integer
Integer

PROGS

LOCAL_COUNT: 5
GLOBAL_COUNT: 5

BASE_AFTER:
(int 1)
BASETYPE: Integer
SIZE WORK_LIST: 9
SIZE generated: 2
EVALUABLE#: 0

-------------------------

----------------
TTYPES
Integer
Integer

PROGS

LOCAL_COUNT: 6
GLOBAL_COUNT: 6

BASE_AFTER:
(int 2)
BASETYPE: Integer
SIZE WORK_LIST: 10
SIZE generated: 2
EVALUABLE#: 0

-------------------------

----------------
TTYPES
String
String

PROGS

LOCAL_COUNT: 7
GLOBAL_COUNT: 7

BASE_AFTER:
(str "")
BASETYPE: String
SIZE WORK_LIST: 11
SIZE generated: 2
EVALUABLE#: 0

-------------------------

----------------
TTYPES
%bot

PROGS

LOCAL_COUNT: 8
GLOBAL_COUNT: 8

BASE_AFTER:
(filled-hole
  (begin
    (send
      (hole 0 {:hash_depth=>0, :limit_depth=>true, :recv=>true}) :-
      (hole 0 {:hash_depth=>0, :method_arg=>true})))
  (begin
    (send
      (hole 0 {:hash_depth=>0, :limit_depth=>true, :recv=>true}) :count))
  (begin
    (send
      (hole 0 {:hash_depth=>0, :limit_depth=>true, :recv=>true}) :-
      (hole 0 {:hash_depth=>0, :method_arg=>true})))
  (hole 2 {:hash_depth=>0, :method_arg=>false, :variance=>:-}) {:method_arg=>false})
BASETYPE: %bot
SIZE WORK_LIST: 12
SIZE generated: 1
EVALUABLE#: 0

-------------------------

----------------
TTYPES
true or false
true or false
true or false
true or false

PROGS

LOCAL_COUNT: 9
GLOBAL_COUNT: 9

BASE_AFTER:
(begin
  (send
    (hole 0 {:hash_depth=>0, :limit_depth=>true, :recv=>true}) :count=
    (hole 0 {:hash_depth=>0, :method_arg=>true}))
  (true))
BASETYPE: true or false
SIZE WORK_LIST: 12
SIZE generated: 4
EVALUABLE#: 3

-------------------------

----------------
TTYPES
true or false

PROGS

LOCAL_COUNT: 10
GLOBAL_COUNT: 10

BASE_AFTER:
(begin
  (send
    (hole 0 {:hash_depth=>0, :limit_depth=>true, :recv=>true}) :diaspora_user=
    (hole 0 {:hash_depth=>0, :method_arg=>true}))
  (true))
BASETYPE: true or false
SIZE WORK_LIST: 14
SIZE generated: 1
EVALUABLE#: 0

-------------------------

----------------
TTYPES
true or false
true or false
true or false
true or false

PROGS

LOCAL_COUNT: 11
GLOBAL_COUNT: 11

BASE_AFTER:
(begin
  (send
    (hole 0 {:hash_depth=>0, :limit_depth=>true, :recv=>true}) :count=
    (hole 0 {:hash_depth=>0, :method_arg=>true}))
  (false))
BASETYPE: true or false
SIZE WORK_LIST: 14
SIZE generated: 4
EVALUABLE#: 3

-------------------------

----------------
TTYPES
true or false

PROGS

LOCAL_COUNT: 12
GLOBAL_COUNT: 12

BASE_AFTER:
(begin
  (send
    (hole 0 {:hash_depth=>0, :limit_depth=>true, :recv=>true}) :diaspora_user=
    (hole 0 {:hash_depth=>0, :method_arg=>true}))
  (false))
BASETYPE: true or false
SIZE WORK_LIST: 16
SIZE generated: 1
EVALUABLE#: 0

-------------------------

----------------
TTYPES
Integer
Integer
Integer
Integer
Integer

PROGS

LOCAL_COUNT: 13
GLOBAL_COUNT: 13

BASE_AFTER:
(begin
  (send
    (hole 0 {:hash_depth=>0, :limit_depth=>true, :recv=>true}) :count=
    (hole 0 {:hash_depth=>0, :method_arg=>true}))
  (int 0))
BASETYPE: Integer
SIZE WORK_LIST: 16
SIZE generated: 5
EVALUABLE#: 4

-------------------------

----------------
TTYPES
Integer

PROGS

LOCAL_COUNT: 14
GLOBAL_COUNT: 14

BASE_AFTER:
(begin
  (send
    (hole 0 {:hash_depth=>0, :limit_depth=>true, :recv=>true}) :diaspora_user=
    (hole 0 {:hash_depth=>0, :method_arg=>true}))
  (int 0))
BASETYPE: Integer
SIZE WORK_LIST: 19
SIZE generated: 1
EVALUABLE#: 0

-------------------------

----------------
TTYPES
Integer
Integer
Integer
Integer
Integer

PROGS

LOCAL_COUNT: 15
GLOBAL_COUNT: 15

BASE_AFTER:
(begin
  (send
    (hole 0 {:hash_depth=>0, :limit_depth=>true, :recv=>true}) :count=
    (hole 0 {:hash_depth=>0, :method_arg=>true}))
  (int 1))
BASETYPE: Integer
SIZE WORK_LIST: 19
SIZE generated: 5
EVALUABLE#: 4

-------------------------

----------------
TTYPES
Integer

PROGS

LOCAL_COUNT: 16
GLOBAL_COUNT: 16

BASE_AFTER:
(begin
  (send
    (hole 0 {:hash_depth=>0, :limit_depth=>true, :recv=>true}) :diaspora_user=
    (hole 0 {:hash_depth=>0, :method_arg=>true}))
  (int 1))
BASETYPE: Integer
SIZE WORK_LIST: 22
SIZE generated: 1
EVALUABLE#: 0

-------------------------

----------------
TTYPES
Integer
Integer
Integer
Integer
Integer

PROGS

LOCAL_COUNT: 17
GLOBAL_COUNT: 17

BASE_AFTER:
(begin
  (send
    (hole 0 {:hash_depth=>0, :limit_depth=>true, :recv=>true}) :count=
    (hole 0 {:hash_depth=>0, :method_arg=>true}))
  (int 2))
BASETYPE: Integer
SIZE WORK_LIST: 22
SIZE generated: 5
EVALUABLE#: 4

-------------------------

----------------
TTYPES
Integer

PROGS

LOCAL_COUNT: 18
GLOBAL_COUNT: 18

BASE_AFTER:
(begin
  (send
    (hole 0 {:hash_depth=>0, :limit_depth=>true, :recv=>true}) :diaspora_user=
    (hole 0 {:hash_depth=>0, :method_arg=>true}))
  (int 2))
BASETYPE: Integer
SIZE WORK_LIST: 24
SIZE generated: 1
EVALUABLE#: 0

-------------------------

----------------
TTYPES
String
String
String
String

PROGS

LOCAL_COUNT: 19
GLOBAL_COUNT: 19

BASE_AFTER:
(begin
  (send
    (hole 0 {:hash_depth=>0, :limit_depth=>true, :recv=>true}) :count=
    (hole 0 {:hash_depth=>0, :method_arg=>true}))
  (str ""))
BASETYPE: String
SIZE WORK_LIST: 24
SIZE generated: 4
EVALUABLE#: 3

-------------------------

----------------
TTYPES
String

PROGS

LOCAL_COUNT: 20
GLOBAL_COUNT: 20

BASE_AFTER:
(begin
  (send
    (hole 0 {:hash_depth=>0, :limit_depth=>true, :recv=>true}) :diaspora_user=
    (hole 0 {:hash_depth=>0, :method_arg=>true}))
  (str ""))
BASETYPE: String
SIZE WORK_LIST: 26
SIZE generated: 1
EVALUABLE#: 0

-------------------------

----------------
TTYPES
true or false
true or false

PROGS

LOCAL_COUNT: 21
GLOBAL_COUNT: 21

BASE_AFTER:
(begin
  (send
    (lvar :arg0) :count=
    (int 0))
  (true))
BASETYPE: true or false
SIZE WORK_LIST: 26
SIZE generated: 2
EVALUABLE#: 0

-------------------------

----------------
TTYPES
true or false
true or false

PROGS

LOCAL_COUNT: 22
GLOBAL_COUNT: 22

BASE_AFTER:
(begin
  (send
    (lvar :arg0) :count=
    (int 1))
  (true))
BASETYPE: true or false
SIZE WORK_LIST: 27
SIZE generated: 2
EVALUABLE#: 0

-------------------------

----------------
TTYPES
true or false
true or false

PROGS

LOCAL_COUNT: 23
GLOBAL_COUNT: 23

BASE_AFTER:
(begin
  (send
    (lvar :arg0) :count=
    (int 0))
  (false))
BASETYPE: true or false
SIZE WORK_LIST: 28
SIZE generated: 2
EVALUABLE#: 0

-------------------------

----------------
TTYPES
true or false
true or false

PROGS

LOCAL_COUNT: 24
GLOBAL_COUNT: 24

BASE_AFTER:
(begin
  (send
    (lvar :arg0) :count=
    (int 1))
  (false))
BASETYPE: true or false
SIZE WORK_LIST: 29
SIZE generated: 2
EVALUABLE#: 0

-------------------------

----------------
TTYPES
Integer
Integer

PROGS

LOCAL_COUNT: 25
GLOBAL_COUNT: 25

BASE_AFTER:
(begin
  (send
    (lvar :arg0) :count=
    (int 0))
  (int 0))
BASETYPE: Integer
SIZE WORK_LIST: 30
SIZE generated: 2
EVALUABLE#: 0

-------------------------

----------------
TTYPES
Integer
Integer

PROGS

LOCAL_COUNT: 26
GLOBAL_COUNT: 26

BASE_AFTER:
(begin
  (send
    (lvar :arg0) :count=
    (int 1))
  (int 0))
BASETYPE: Integer
SIZE WORK_LIST: 31
SIZE generated: 2
EVALUABLE#: 0

-------------------------

----------------
TTYPES
Integer
Integer

PROGS

LOCAL_COUNT: 27
GLOBAL_COUNT: 27

BASE_AFTER:
(begin
  (lvasgn :t0
    (int 0))
  (send
    (lvar :arg0) :count=
    (lvar :t0))
  (lvar :t0))
BASETYPE: Integer
SIZE WORK_LIST: 32
SIZE generated: 2
EVALUABLE#: 0

-------------------------

----------------
TTYPES
Integer
Integer

PROGS

LOCAL_COUNT: 28
GLOBAL_COUNT: 28

BASE_AFTER:
(begin
  (send
    (lvar :arg0) :count=
    (int 0))
  (int 1))
BASETYPE: Integer
SIZE WORK_LIST: 33
SIZE generated: 2
EVALUABLE#: 0

-------------------------

----------------
TTYPES
Integer
Integer

PROGS

LOCAL_COUNT: 29
GLOBAL_COUNT: 29

BASE_AFTER:
(begin
  (send
    (lvar :arg0) :count=
    (int 1))
  (int 1))
BASETYPE: Integer
SIZE WORK_LIST: 34
SIZE generated: 2
EVALUABLE#: 0

-------------------------

----------------
TTYPES
Integer
Integer

PROGS

LOCAL_COUNT: 30
GLOBAL_COUNT: 30

BASE_AFTER:
(begin
  (lvasgn :t0
    (int 1))
  (send
    (lvar :arg0) :count=
    (lvar :t0))
  (lvar :t0))
BASETYPE: Integer
SIZE WORK_LIST: 35
SIZE generated: 2
EVALUABLE#: 0

-------------------------

----------------
TTYPES
true or false
true or false
Integer
Integer
Integer
String
%bot

PROGS

LOCAL_COUNT: 1
GLOBAL_COUNT: 31

BASE_AFTER:
(filled-hole
  (true)
  (false)
  (int 0)
  (int 1)
  (int 2)
  (str "")
  (hole 1 {:hash_depth=>0, :method_arg=>false, :variance=>:-}) {:method_arg=>false})
BASETYPE: %bot
SIZE WORK_LIST: 0
SIZE generated: 7
EVALUABLE#: 6

-------------------------

----------------
TTYPES
true or false
true or false

PROGS

LOCAL_COUNT: 2
GLOBAL_COUNT: 32

BASE_AFTER:
(true)
BASETYPE: true or false
SIZE WORK_LIST: 6
SIZE generated: 2
EVALUABLE#: 0

-------------------------

----------------
TTYPES
true or false
true or false

PROGS

LOCAL_COUNT: 3
GLOBAL_COUNT: 33

BASE_AFTER:
(false)
BASETYPE: true or false
SIZE WORK_LIST: 7
SIZE generated: 2
EVALUABLE#: 0

-------------------------

----------------
TTYPES
Integer
Integer

PROGS

LOCAL_COUNT: 4
GLOBAL_COUNT: 34

BASE_AFTER:
(int 0)
BASETYPE: Integer
SIZE WORK_LIST: 8
SIZE generated: 2
EVALUABLE#: 0

-------------------------

----------------
TTYPES
Integer
Integer

PROGS

LOCAL_COUNT: 5
GLOBAL_COUNT: 35

BASE_AFTER:
(int 1)
BASETYPE: Integer
SIZE WORK_LIST: 9
SIZE generated: 2
EVALUABLE#: 0

-------------------------

----------------
TTYPES
Integer
Integer

PROGS

LOCAL_COUNT: 6
GLOBAL_COUNT: 36

BASE_AFTER:
(int 2)
BASETYPE: Integer
SIZE WORK_LIST: 10
SIZE generated: 2
EVALUABLE#: 0

-------------------------

----------------
TTYPES
String
String

PROGS

LOCAL_COUNT: 7
GLOBAL_COUNT: 37

BASE_AFTER:
(str "")
BASETYPE: String
SIZE WORK_LIST: 11
SIZE generated: 2
EVALUABLE#: 0

-------------------------

----------------
TTYPES
%bot

PROGS

LOCAL_COUNT: 8
GLOBAL_COUNT: 38

BASE_AFTER:
(filled-hole
  (hole 2 {:hash_depth=>0, :method_arg=>false, :variance=>:-}) {:method_arg=>false})
BASETYPE: %bot
SIZE WORK_LIST: 12
SIZE generated: 1
EVALUABLE#: 0

-------------------------

----------------
TTYPES
true or false
true or false
true or false
true or false

PROGS

LOCAL_COUNT: 9
GLOBAL_COUNT: 39

BASE_AFTER:
(begin
  (send
    (hole 0 {:hash_depth=>0, :limit_depth=>true, :recv=>true}) :count=
    (hole 0 {:hash_depth=>0, :method_arg=>true}))
  (true))
BASETYPE: true or false
SIZE WORK_LIST: 12
SIZE generated: 4
EVALUABLE#: 3

-------------------------

----------------
TTYPES
true or false

PROGS

LOCAL_COUNT: 1
GLOBAL_COUNT: 40

BASE_AFTER:
(filled-hole
  (hole 1 {:hash_depth=>0, :method_arg=>false, :variance=>:+}) {:method_arg=>false})
BASETYPE: true or false
SIZE WORK_LIST: 0
SIZE generated: 1
EVALUABLE#: 0

-------------------------

----------------
TTYPES
true or false
true or false

PROGS

LOCAL_COUNT: 2
GLOBAL_COUNT: 41

BASE_AFTER:
(filled-hole
  (begin
    (send
      (hole 0 {:hash_depth=>0, :limit_depth=>true, :recv=>true}) :-
      (hole 0 {:hash_depth=>0, :method_arg=>true})))
  (begin
    (send
      (hole 0 {:hash_depth=>0, :limit_depth=>true, :recv=>true}) :save))
  (begin
    (send
      (hole 0 {:hash_depth=>0, :limit_depth=>true, :recv=>true}) :count))
  (begin
    (send
      (hole 0 {:hash_depth=>0, :limit_depth=>true, :recv=>true}) :-
      (hole 0 {:hash_depth=>0, :method_arg=>true})))
  (begin
    (send
      (hole 0 {:hash_depth=>0, :limit_depth=>true, :recv=>true}) :save))
  (hole 2 {:hash_depth=>0, :method_arg=>false, :variance=>:+}) {:method_arg=>false})
BASETYPE: true or false
SIZE WORK_LIST: 0
SIZE generated: 2
EVALUABLE#: 0

-------------------------

----------------
TTYPES
true or false

PROGS

LOCAL_COUNT: 3
GLOBAL_COUNT: 42

BASE_AFTER:
(begin
  (send
    (filled-hole
      (lvar InvitationCode(id: integer, token: string, diaspora_user_id: integer, count: integer)) {:method_arg=>false}) :save))
BASETYPE: true or false
SIZE WORK_LIST: 1
SIZE generated: 1
EVALUABLE#: 1

-------------------------

----------------
TTYPES
Integer
true or false
Integer
true or false
true or false
true or false
Integer
true or false
Integer
true or false
Integer
true or false
Integer
true or false
true or false
true or false
true or false
true or false
true or false
true or false
true or false
true or false
true or false
true or false
true or false
true or false
true or false
true or false
true or false
true or false
true or false
true or false
true or false
true or false
true or false
true or false
Integer
true or false
true or false
true or false
true or false
true or false
true or false
true or false
true or false
true or false
true or false
true or false
true or false
true or false
true or false
true or false
true or false
true or false
true or false
true or false
true or false
true or false
true or false
Integer
true or false
true or false

PROGS

LOCAL_COUNT: 4
GLOBAL_COUNT: 43

BASE_AFTER:
(filled-hole
  (begin
    (send
      (send
        (hole 0 {:hash_depth=>0, :limit_depth=>true, :recv=>true}) :id=
        (hole 0 {:hash_depth=>0, :method_arg=>true})) :-
      (hole 0 {:hash_depth=>0, :method_arg=>true})))
  (begin
    (send
      (send
        (hole 0 {:hash_depth=>0, :limit_depth=>true, :recv=>true}) :id=
        (hole 0 {:hash_depth=>0, :method_arg=>true})) :-
      (hole 0 {:hash_depth=>0, :method_arg=>true})))
  (begin
    (send
      (send
        (hole 0 {:hash_depth=>0, :limit_depth=>true, :recv=>true}) :id=
        (hole 0 {:hash_depth=>0, :method_arg=>true})) :count))
  (begin
    (send
      (send
        (hole 0 {:hash_depth=>0, :limit_depth=>true, :recv=>true}) :id=
        (hole 0 {:hash_depth=>0, :method_arg=>true})) :save))
  (begin
    (send
      (send
        (hole 0 {:hash_depth=>0, :limit_depth=>true, :recv=>true}) :id) :-
      (hole 0 {:hash_depth=>0, :method_arg=>true})))
  (begin
    (send
      (send
        (hole 0 {:hash_depth=>0, :limit_depth=>true, :recv=>true}) :id) :-
      (hole 0 {:hash_depth=>0, :method_arg=>true})))
  (begin
    (send
      (send
        (hole 0 {:hash_depth=>0, :limit_depth=>true, :recv=>true}) :id) :count))
  (begin
    (send
      (send
        (hole 0 {:hash_depth=>0, :limit_depth=>true, :recv=>true}) :id) :save))
  (begin
    (send
      (send
        (hole 0 {:hash_depth=>0, :limit_depth=>true, :recv=>true}) :token=
        (hole 0 {:hash_depth=>0, :method_arg=>true})) :count))
  (begin
    (send
      (send
        (hole 0 {:hash_depth=>0, :limit_depth=>true, :recv=>true}) :token=
        (hole 0 {:hash_depth=>0, :method_arg=>true})) :-
      (hole 0 {:hash_depth=>0, :method_arg=>true})))
  (begin
    (send
      (send
        (hole 0 {:hash_depth=>0, :limit_depth=>true, :recv=>true}) :token=
        (hole 0 {:hash_depth=>0, :method_arg=>true})) :save))
  (begin
    (send
      (send
        (hole 0 {:hash_depth=>0, :limit_depth=>true, :recv=>true}) :token) :count))
  (begin
    (send
      (send
        (hole 0 {:hash_depth=>0, :limit_depth=>true, :recv=>true}) :token) :-
      (hole 0 {:hash_depth=>0, :method_arg=>true})))
  (begin
    (send
      (send
        (hole 0 {:hash_depth=>0, :limit_depth=>true, :recv=>true}) :token) :save))
  (begin
    (send
      (send
        (hole 0 {:hash_depth=>0, :limit_depth=>true, :recv=>true}) :diaspora_user_id=
        (hole 0 {:hash_depth=>0, :method_arg=>true})) :-
      (hole 0 {:hash_depth=>0, :method_arg=>true})))
  (begin
    (send
      (send
        (hole 0 {:hash_depth=>0, :limit_depth=>true, :recv=>true}) :diaspora_user_id=
        (hole 0 {:hash_depth=>0, :method_arg=>true})) :-
      (hole 0 {:hash_depth=>0, :method_arg=>true})))
  (begin
    (send
      (send
        (hole 0 {:hash_depth=>0, :limit_depth=>true, :recv=>true}) :diaspora_user_id=
        (hole 0 {:hash_depth=>0, :method_arg=>true})) :count))
  (begin
    (send
      (send
        (hole 0 {:hash_depth=>0, :limit_depth=>true, :recv=>true}) :diaspora_user_id=
        (hole 0 {:hash_depth=>0, :method_arg=>true})) :save))
  (begin
    (send
      (send
        (hole 0 {:hash_depth=>0, :limit_depth=>true, :recv=>true}) :diaspora_user_id) :-
      (hole 0 {:hash_depth=>0, :method_arg=>true})))
  (begin
    (send
      (send
        (hole 0 {:hash_depth=>0, :limit_depth=>true, :recv=>true}) :diaspora_user_id) :-
      (hole 0 {:hash_depth=>0, :method_arg=>true})))
  (begin
    (send
      (send
        (hole 0 {:hash_depth=>0, :limit_depth=>true, :recv=>true}) :diaspora_user_id) :count))
  (begin
    (send
      (send
        (hole 0 {:hash_depth=>0, :limit_depth=>true, :recv=>true}) :diaspora_user_id) :save))
  (begin
    (send
      (send
        (hole 0 {:hash_depth=>0, :limit_depth=>true, :recv=>true}) :count=
        (hole 0 {:hash_depth=>0, :method_arg=>true})) :-
      (hole 0 {:hash_depth=>0, :method_arg=>true})))
  (begin
    (send
      (send
        (hole 0 {:hash_depth=>0, :limit_depth=>true, :recv=>true}) :count=
        (hole 0 {:hash_depth=>0, :method_arg=>true})) :-
      (hole 0 {:hash_depth=>0, :method_arg=>true})))
  (begin
    (send
      (send
        (hole 0 {:hash_depth=>0, :limit_depth=>true, :recv=>true}) :count=
        (hole 0 {:hash_depth=>0, :method_arg=>true})) :count))
  (begin
    (send
      (send
        (hole 0 {:hash_depth=>0, :limit_depth=>true, :recv=>true}) :count=
        (hole 0 {:hash_depth=>0, :method_arg=>true})) :save))
  (begin
    (send
      (begin
        (send
          (hole 0 {:hash_depth=>0, :limit_depth=>true, :recv=>true}) :count)) :-
      (hole 0 {:hash_depth=>0, :method_arg=>true})))
  (begin
    (send
      (begin
        (send
          (hole 0 {:hash_depth=>0, :limit_depth=>true, :recv=>true}) :count)) :-
      (hole 0 {:hash_depth=>0, :method_arg=>true})))
  (begin
    (send
      (begin
        (send
          (hole 0 {:hash_depth=>0, :limit_depth=>true, :recv=>true}) :count)) :count))
  (begin
    (send
      (begin
        (send
          (hole 0 {:hash_depth=>0, :limit_depth=>true, :recv=>true}) :count)) :save))
  (begin
    (send
      (send
        (hole 0 {:hash_depth=>0, :limit_depth=>true, :recv=>true}) :diaspora_user) :count))
  (begin
    (send
      (send
        (hole 0 {:hash_depth=>0, :limit_depth=>true, :recv=>true}) :diaspora_user) :-
      (hole 0 {:hash_depth=>0, :method_arg=>true})))
  (begin
    (send
      (send
        (hole 0 {:hash_depth=>0, :limit_depth=>true, :recv=>true}) :diaspora_user) :save))
  (begin
    (send
      (send
        (hole 0 {:hash_depth=>0, :limit_depth=>true, :recv=>true}) :diaspora_user=
        (hole 0 {:hash_depth=>0, :method_arg=>true})) :count))
  (begin
    (send
      (send
        (hole 0 {:hash_depth=>0, :limit_depth=>true, :recv=>true}) :diaspora_user=
        (hole 0 {:hash_depth=>0, :method_arg=>true})) :-
      (hole 0 {:hash_depth=>0, :method_arg=>true})))
  (begin
    (send
      (send
        (hole 0 {:hash_depth=>0, :limit_depth=>true, :recv=>true}) :diaspora_user=
        (hole 0 {:hash_depth=>0, :method_arg=>true})) :save))
  (send
    (begin
      (send
        (hole 0 {:hash_depth=>0, :limit_depth=>true, :recv=>true}) :-
        (hole 0 {:hash_depth=>0, :method_arg=>true}))) :confirmed=
    (hole 0 {:hash_depth=>0, :method_arg=>true}))
  (send
    (begin
      (send
        (hole 0 {:hash_depth=>0, :limit_depth=>true, :recv=>true}) :-
        (hole 0 {:hash_depth=>0, :method_arg=>true}))) :confirmed)
  (send
    (begin
      (send
        (hole 0 {:hash_depth=>0, :limit_depth=>true, :recv=>true}) :-
        (hole 0 {:hash_depth=>0, :method_arg=>true}))) :expired=
    (hole 0 {:hash_depth=>0, :method_arg=>true}))
  (send
    (begin
      (send
        (hole 0 {:hash_depth=>0, :limit_depth=>true, :recv=>true}) :-
        (hole 0 {:hash_depth=>0, :method_arg=>true}))) :expired)
  (send
    (begin
      (send
        (hole 0 {:hash_depth=>0, :limit_depth=>true, :recv=>true}) :-
        (hole 0 {:hash_depth=>0, :method_arg=>true}))) :discoverable=
    (hole 0 {:hash_depth=>0, :method_arg=>true}))
  (send
    (begin
      (send
        (hole 0 {:hash_depth=>0, :limit_depth=>true, :recv=>true}) :-
        (hole 0 {:hash_depth=>0, :method_arg=>true}))) :discoverable)
  (send
    (begin
      (send
        (hole 0 {:hash_depth=>0, :limit_depth=>true, :recv=>true}) :-
        (hole 0 {:hash_depth=>0, :method_arg=>true}))) :scheduled_check=
    (hole 0 {:hash_depth=>0, :method_arg=>true}))
  (send
    (begin
      (send
        (hole 0 {:hash_depth=>0, :limit_depth=>true, :recv=>true}) :-
        (hole 0 {:hash_depth=>0, :method_arg=>true}))) :scheduled_check)
  (send
    (begin
      (send
        (hole 0 {:hash_depth=>0, :limit_depth=>true, :recv=>true}) :-
        (hole 0 {:hash_depth=>0, :method_arg=>true}))) :otp_required_for_login=
    (hole 0 {:hash_depth=>0, :method_arg=>true}))
  (send
    (begin
      (send
        (hole 0 {:hash_depth=>0, :limit_depth=>true, :recv=>true}) :-
        (hole 0 {:hash_depth=>0, :method_arg=>true}))) :otp_required_for_login)
  (send
    (begin
      (send
        (hole 0 {:hash_depth=>0, :limit_depth=>true, :recv=>true}) :-
        (hole 0 {:hash_depth=>0, :method_arg=>true}))) :admin=
    (hole 0 {:hash_depth=>0, :method_arg=>true}))
  (send
    (begin
      (send
        (hole 0 {:hash_depth=>0, :limit_depth=>true, :recv=>true}) :-
        (hole 0 {:hash_depth=>0, :method_arg=>true}))) :admin)
  (send
    (begin
      (send
        (hole 0 {:hash_depth=>0, :limit_depth=>true, :recv=>true}) :-
        (hole 0 {:hash_depth=>0, :method_arg=>true}))) :staged=
    (hole 0 {:hash_depth=>0, :method_arg=>true}))
  (send
    (begin
      (send
        (hole 0 {:hash_depth=>0, :limit_depth=>true, :recv=>true}) :-
        (hole 0 {:hash_depth=>0, :method_arg=>true}))) :staged)
  (send
    (begin
      (send
        (hole 0 {:hash_depth=>0, :limit_depth=>true, :recv=>true}) :-
        (hole 0 {:hash_depth=>0, :method_arg=>true}))) :active=
    (hole 0 {:hash_depth=>0, :method_arg=>true}))
  (send
    (begin
      (send
        (hole 0 {:hash_depth=>0, :limit_depth=>true, :recv=>true}) :-
        (hole 0 {:hash_depth=>0, :method_arg=>true}))) :active)
  (send
    (begin
      (send
        (hole 0 {:hash_depth=>0, :limit_depth=>true, :recv=>true}) :-
        (hole 0 {:hash_depth=>0, :method_arg=>true}))) :primary=
    (hole 0 {:hash_depth=>0, :method_arg=>true}))
  (send
    (begin
      (send
        (hole 0 {:hash_depth=>0, :limit_depth=>true, :recv=>true}) :-
        (hole 0 {:hash_depth=>0, :method_arg=>true}))) :primary)
  (send
    (begin
      (send
        (hole 0 {:hash_depth=>0, :limit_depth=>true, :recv=>true}) :-
        (hole 0 {:hash_depth=>0, :method_arg=>true}))) :moderator=
    (hole 0 {:hash_depth=>0, :method_arg=>true}))
  (send
    (begin
      (send
        (hole 0 {:hash_depth=>0, :limit_depth=>true, :recv=>true}) :-
        (hole 0 {:hash_depth=>0, :method_arg=>true}))) :moderator)
  (begin
    (send
      (begin
        (send
          (hole 0 {:hash_depth=>0, :limit_depth=>true, :recv=>true}) :-
          (hole 0 {:hash_depth=>0, :method_arg=>true}))) :-
      (hole 0 {:hash_depth=>0, :method_arg=>true})))
  (begin
    (send
      (begin
        (send
          (hole 0 {:hash_depth=>0, :limit_depth=>true, :recv=>true}) :-
          (hole 0 {:hash_depth=>0, :method_arg=>true}))) :-
      (hole 0 {:hash_depth=>0, :method_arg=>true})))
  (begin
    (send
      (begin
        (send
          (hole 0 {:hash_depth=>0, :limit_depth=>true, :recv=>true}) :-
          (hole 0 {:hash_depth=>0, :method_arg=>true}))) :save))
  (begin
    (send
      (begin
        (send
          (hole 0 {:hash_depth=>0, :limit_depth=>true, :recv=>true}) :save)) :count))
  (begin
    (send
      (begin
        (send
          (hole 0 {:hash_depth=>0, :limit_depth=>true, :recv=>true}) :save)) :-
      (hole 0 {:hash_depth=>0, :method_arg=>true})))
  (begin
    (send
      (begin
        (send
          (hole 0 {:hash_depth=>0, :limit_depth=>true, :recv=>true}) :save)) :save))
  (send
    (begin
      (send
        (hole 0 {:hash_depth=>0, :limit_depth=>true, :recv=>true}) :count)) :confirmed=
    (hole 0 {:hash_depth=>0, :method_arg=>true}))
  (send
    (begin
      (send
        (hole 0 {:hash_depth=>0, :limit_depth=>true, :recv=>true}) :count)) :confirmed)
  (send
    (begin
      (send
        (hole 0 {:hash_depth=>0, :limit_depth=>true, :recv=>true}) :count)) :expired=
    (hole 0 {:hash_depth=>0, :method_arg=>true}))
  (send
    (begin
      (send
        (hole 0 {:hash_depth=>0, :limit_depth=>true, :recv=>true}) :count)) :expired)
  (send
    (begin
      (send
        (hole 0 {:hash_depth=>0, :limit_depth=>true, :recv=>true}) :count)) :discoverable=
    (hole 0 {:hash_depth=>0, :method_arg=>true}))
  (send
    (begin
      (send
        (hole 0 {:hash_depth=>0, :limit_depth=>true, :recv=>true}) :count)) :discoverable)
  (send
    (begin
      (send
        (hole 0 {:hash_depth=>0, :limit_depth=>true, :recv=>true}) :count)) :scheduled_check=
    (hole 0 {:hash_depth=>0, :method_arg=>true}))
  (send
    (begin
      (send
        (hole 0 {:hash_depth=>0, :limit_depth=>true, :recv=>true}) :count)) :scheduled_check)
  (send
    (begin
      (send
        (hole 0 {:hash_depth=>0, :limit_depth=>true, :recv=>true}) :count)) :otp_required_for_login=
    (hole 0 {:hash_depth=>0, :method_arg=>true}))
  (send
    (begin
      (send
        (hole 0 {:hash_depth=>0, :limit_depth=>true, :recv=>true}) :count)) :otp_required_for_login)
  (send
    (begin
      (send
        (hole 0 {:hash_depth=>0, :limit_depth=>true, :recv=>true}) :count)) :admin=
    (hole 0 {:hash_depth=>0, :method_arg=>true}))
  (send
    (begin
      (send
        (hole 0 {:hash_depth=>0, :limit_depth=>true, :recv=>true}) :count)) :admin)
  (send
    (begin
      (send
        (hole 0 {:hash_depth=>0, :limit_depth=>true, :recv=>true}) :count)) :staged=
    (hole 0 {:hash_depth=>0, :method_arg=>true}))
  (send
    (begin
      (send
        (hole 0 {:hash_depth=>0, :limit_depth=>true, :recv=>true}) :count)) :staged)
  (send
    (begin
      (send
        (hole 0 {:hash_depth=>0, :limit_depth=>true, :recv=>true}) :count)) :active=
    (hole 0 {:hash_depth=>0, :method_arg=>true}))
  (send
    (begin
      (send
        (hole 0 {:hash_depth=>0, :limit_depth=>true, :recv=>true}) :count)) :active)
  (send
    (begin
      (send
        (hole 0 {:hash_depth=>0, :limit_depth=>true, :recv=>true}) :count)) :primary=
    (hole 0 {:hash_depth=>0, :method_arg=>true}))
  (send
    (begin
      (send
        (hole 0 {:hash_depth=>0, :limit_depth=>true, :recv=>true}) :count)) :primary)
  (send
    (begin
      (send
        (hole 0 {:hash_depth=>0, :limit_depth=>true, :recv=>true}) :count)) :moderator=
    (hole 0 {:hash_depth=>0, :method_arg=>true}))
  (send
    (begin
      (send
        (hole 0 {:hash_depth=>0, :limit_depth=>true, :recv=>true}) :count)) :moderator)
  (begin
    (send
      (begin
        (send
          (hole 0 {:hash_depth=>0, :limit_depth=>true, :recv=>true}) :count)) :-
      (hole 0 {:hash_depth=>0, :method_arg=>true})))
  (begin
    (send
      (begin
        (send
          (hole 0 {:hash_depth=>0, :limit_depth=>true, :recv=>true}) :count)) :-
      (hole 0 {:hash_depth=>0, :method_arg=>true})))
  (begin
    (send
      (begin
        (send
          (hole 0 {:hash_depth=>0, :limit_depth=>true, :recv=>true}) :count)) :save))
  (send
    (begin
      (send
        (hole 0 {:hash_depth=>0, :limit_depth=>true, :recv=>true}) :-
        (hole 0 {:hash_depth=>0, :method_arg=>true}))) :confirmed=
    (hole 0 {:hash_depth=>0, :method_arg=>true}))
  (send
    (begin
      (send
        (hole 0 {:hash_depth=>0, :limit_depth=>true, :recv=>true}) :-
        (hole 0 {:hash_depth=>0, :method_arg=>true}))) :confirmed)
  (send
    (begin
      (send
        (hole 0 {:hash_depth=>0, :limit_depth=>true, :recv=>true}) :-
        (hole 0 {:hash_depth=>0, :method_arg=>true}))) :expired=
    (hole 0 {:hash_depth=>0, :method_arg=>true}))
  (send
    (begin
      (send
        (hole 0 {:hash_depth=>0, :limit_depth=>true, :recv=>true}) :-
        (hole 0 {:hash_depth=>0, :method_arg=>true}))) :expired)
  (send
    (begin
      (send
        (hole 0 {:hash_depth=>0, :limit_depth=>true, :recv=>true}) :-
        (hole 0 {:hash_depth=>0, :method_arg=>true}))) :discoverable=
    (hole 0 {:hash_depth=>0, :method_arg=>true}))
  (send
    (begin
      (send
        (hole 0 {:hash_depth=>0, :limit_depth=>true, :recv=>true}) :-
        (hole 0 {:hash_depth=>0, :method_arg=>true}))) :discoverable)
  (send
    (begin
      (send
        (hole 0 {:hash_depth=>0, :limit_depth=>true, :recv=>true}) :-
        (hole 0 {:hash_depth=>0, :method_arg=>true}))) :scheduled_check=
    (hole 0 {:hash_depth=>0, :method_arg=>true}))
  (send
    (begin
      (send
        (hole 0 {:hash_depth=>0, :limit_depth=>true, :recv=>true}) :-
        (hole 0 {:hash_depth=>0, :method_arg=>true}))) :scheduled_check)
  (send
    (begin
      (send
        (hole 0 {:hash_depth=>0, :limit_depth=>true, :recv=>true}) :-
        (hole 0 {:hash_depth=>0, :method_arg=>true}))) :otp_required_for_login=
    (hole 0 {:hash_depth=>0, :method_arg=>true}))
  (send
    (begin
      (send
        (hole 0 {:hash_depth=>0, :limit_depth=>true, :recv=>true}) :-
        (hole 0 {:hash_depth=>0, :method_arg=>true}))) :otp_required_for_login)
  (send
    (begin
      (send
        (hole 0 {:hash_depth=>0, :limit_depth=>true, :recv=>true}) :-
        (hole 0 {:hash_depth=>0, :method_arg=>true}))) :admin=
    (hole 0 {:hash_depth=>0, :method_arg=>true}))
  (send
    (begin
      (send
        (hole 0 {:hash_depth=>0, :limit_depth=>true, :recv=>true}) :-
        (hole 0 {:hash_depth=>0, :method_arg=>true}))) :admin)
  (send
    (begin
      (send
        (hole 0 {:hash_depth=>0, :limit_depth=>true, :recv=>true}) :-
        (hole 0 {:hash_depth=>0, :method_arg=>true}))) :staged=
    (hole 0 {:hash_depth=>0, :method_arg=>true}))
  (send
    (begin
      (send
        (hole 0 {:hash_depth=>0, :limit_depth=>true, :recv=>true}) :-
        (hole 0 {:hash_depth=>0, :method_arg=>true}))) :staged)
  (send
    (begin
      (send
        (hole 0 {:hash_depth=>0, :limit_depth=>true, :recv=>true}) :-
        (hole 0 {:hash_depth=>0, :method_arg=>true}))) :active=
    (hole 0 {:hash_depth=>0, :method_arg=>true}))
  (send
    (begin
      (send
        (hole 0 {:hash_depth=>0, :limit_depth=>true, :recv=>true}) :-
        (hole 0 {:hash_depth=>0, :method_arg=>true}))) :active)
  (send
    (begin
      (send
        (hole 0 {:hash_depth=>0, :limit_depth=>true, :recv=>true}) :-
        (hole 0 {:hash_depth=>0, :method_arg=>true}))) :primary=
    (hole 0 {:hash_depth=>0, :method_arg=>true}))
  (send
    (begin
      (send
        (hole 0 {:hash_depth=>0, :limit_depth=>true, :recv=>true}) :-
        (hole 0 {:hash_depth=>0, :method_arg=>true}))) :primary)
  (send
    (begin
      (send
        (hole 0 {:hash_depth=>0, :limit_depth=>true, :recv=>true}) :-
        (hole 0 {:hash_depth=>0, :method_arg=>true}))) :moderator=
    (hole 0 {:hash_depth=>0, :method_arg=>true}))
  (send
    (begin
      (send
        (hole 0 {:hash_depth=>0, :limit_depth=>true, :recv=>true}) :-
        (hole 0 {:hash_depth=>0, :method_arg=>true}))) :moderator)
  (begin
    (send
      (begin
        (send
          (hole 0 {:hash_depth=>0, :limit_depth=>true, :recv=>true}) :-
          (hole 0 {:hash_depth=>0, :method_arg=>true}))) :-
      (hole 0 {:hash_depth=>0, :method_arg=>true})))
  (begin
    (send
      (begin
        (send
          (hole 0 {:hash_depth=>0, :limit_depth=>true, :recv=>true}) :-
          (hole 0 {:hash_depth=>0, :method_arg=>true}))) :-
      (hole 0 {:hash_depth=>0, :method_arg=>true})))
  (begin
    (send
      (begin
        (send
          (hole 0 {:hash_depth=>0, :limit_depth=>true, :recv=>true}) :-
          (hole 0 {:hash_depth=>0, :method_arg=>true}))) :save))
  (begin
    (send
      (begin
        (send
          (hole 0 {:hash_depth=>0, :limit_depth=>true, :recv=>true}) :save)) :count))
  (begin
    (send
      (begin
        (send
          (hole 0 {:hash_depth=>0, :limit_depth=>true, :recv=>true}) :save)) :-
      (hole 0 {:hash_depth=>0, :method_arg=>true})))
  (begin
    (send
      (begin
        (send
          (hole 0 {:hash_depth=>0, :limit_depth=>true, :recv=>true}) :save)) :save))
  (hole 3 {:hash_depth=>0, :method_arg=>false, :variance=>:+}) {:method_arg=>false})
BASETYPE: true or false
SIZE WORK_LIST: 0
SIZE generated: 62
EVALUABLE#: 0

-------------------------

----------------
TTYPES
true or false
true or false
true or false
true or false
true or false
true or false
true or false
true or false
true or false
true or false
true or false
true or false
true or false
true or false
true or false
true or false
true or false
true or false
true or false
true or false
true or false
true or false
true or false
true or false
true or false
true or false
true or false

PROGS

LOCAL_COUNT: 5
GLOBAL_COUNT: 44

BASE_AFTER:
(send
  (begin
    (send
      (filled-hole
        (lvar InvitationCode(id: integer, token: string, diaspora_user_id: integer, count: integer)) {:method_arg=>false}) :-
      (filled-hole
        (lvar :arg0)
        (lvar InvitationCode(id: integer, token: string, diaspora_user_id: integer, count: integer))
        (true)
        (false)
        (int 0)
        (int 1)
        (int 2)
        (str "")
        (hole 1 {:hash_depth=>0, :method_arg=>true, :variance=>:+}) {:method_arg=>true}))) :confirmed=
  (filled-hole
    (true)
    (false)
    (hole 1 {:hash_depth=>0, :method_arg=>true, :variance=>:+}) {:method_arg=>true}))
BASETYPE: true or false
SIZE WORK_LIST: 61
SIZE generated: 27
EVALUABLE#: 16

-------------------------

----------------
TTYPES
true or false
true or false
true or false
true or false
true or false
true or false
true or false
true or false
true or false

PROGS

LOCAL_COUNT: 6
GLOBAL_COUNT: 45

BASE_AFTER:
(send
  (begin
    (send
      (filled-hole
        (lvar InvitationCode(id: integer, token: string, diaspora_user_id: integer, count: integer)) {:method_arg=>false}) :-
      (filled-hole
        (lvar :arg0)
        (lvar InvitationCode(id: integer, token: string, diaspora_user_id: integer, count: integer))
        (true)
        (false)
        (int 0)
        (int 1)
        (int 2)
        (str "")
        (hole 1 {:hash_depth=>0, :method_arg=>true, :variance=>:+}) {:method_arg=>true}))) :confirmed)
BASETYPE: true or false
SIZE WORK_LIST: 71
SIZE generated: 9
EVALUABLE#: 8

-------------------------

----------------
TTYPES
true or false
true or false
true or false
true or false
true or false
true or false
true or false
true or false
true or false
true or false
true or false
true or false
true or false
true or false
true or false
true or false
true or false
true or false
true or false
true or false
true or false
true or false
true or false
true or false
true or false
true or false
true or false

PROGS

LOCAL_COUNT: 7
GLOBAL_COUNT: 46

BASE_AFTER:
(send
  (begin
    (send
      (filled-hole
        (lvar InvitationCode(id: integer, token: string, diaspora_user_id: integer, count: integer)) {:method_arg=>false}) :-
      (filled-hole
        (lvar :arg0)
        (lvar InvitationCode(id: integer, token: string, diaspora_user_id: integer, count: integer))
        (true)
        (false)
        (int 0)
        (int 1)
        (int 2)
        (str "")
        (hole 1 {:hash_depth=>0, :method_arg=>true, :variance=>:+}) {:method_arg=>true}))) :expired=
  (filled-hole
    (true)
    (false)
    (hole 1 {:hash_depth=>0, :method_arg=>true, :variance=>:+}) {:method_arg=>true}))
BASETYPE: true or false
SIZE WORK_LIST: 71
SIZE generated: 27
EVALUABLE#: 16

-------------------------

----------------
TTYPES
true or false
true or false
true or false
true or false
true or false
true or false
true or false
true or false
true or false

PROGS

LOCAL_COUNT: 8
GLOBAL_COUNT: 47

BASE_AFTER:
(send
  (begin
    (send
      (filled-hole
        (lvar InvitationCode(id: integer, token: string, diaspora_user_id: integer, count: integer)) {:method_arg=>false}) :-
      (filled-hole
        (lvar :arg0)
        (lvar InvitationCode(id: integer, token: string, diaspora_user_id: integer, count: integer))
        (true)
        (false)
        (int 0)
        (int 1)
        (int 2)
        (str "")
        (hole 1 {:hash_depth=>0, :method_arg=>true, :variance=>:+}) {:method_arg=>true}))) :expired)
BASETYPE: true or false
SIZE WORK_LIST: 81
SIZE generated: 9
EVALUABLE#: 8

-------------------------

----------------
TTYPES
true or false
true or false
true or false
true or false
true or false
true or false
true or false
true or false
true or false
true or false
true or false
true or false
true or false
true or false
true or false
true or false
true or false
true or false
true or false
true or false
true or false
true or false
true or false
true or false
true or false
true or false
true or false

PROGS

LOCAL_COUNT: 9
GLOBAL_COUNT: 48

BASE_AFTER:
(send
  (begin
    (send
      (filled-hole
        (lvar InvitationCode(id: integer, token: string, diaspora_user_id: integer, count: integer)) {:method_arg=>false}) :-
      (filled-hole
        (lvar :arg0)
        (lvar InvitationCode(id: integer, token: string, diaspora_user_id: integer, count: integer))
        (true)
        (false)
        (int 0)
        (int 1)
        (int 2)
        (str "")
        (hole 1 {:hash_depth=>0, :method_arg=>true, :variance=>:+}) {:method_arg=>true}))) :discoverable=
  (filled-hole
    (true)
    (false)
    (hole 1 {:hash_depth=>0, :method_arg=>true, :variance=>:+}) {:method_arg=>true}))
BASETYPE: true or false
SIZE WORK_LIST: 81
SIZE generated: 27
EVALUABLE#: 16

-------------------------

----------------
TTYPES
true or false
true or false
true or false
true or false
true or false
true or false
true or false
true or false
true or false

PROGS

LOCAL_COUNT: 10
GLOBAL_COUNT: 49

BASE_AFTER:
(send
  (begin
    (send
      (filled-hole
        (lvar InvitationCode(id: integer, token: string, diaspora_user_id: integer, count: integer)) {:method_arg=>false}) :-
      (filled-hole
        (lvar :arg0)
        (lvar InvitationCode(id: integer, token: string, diaspora_user_id: integer, count: integer))
        (true)
        (false)
        (int 0)
        (int 1)
        (int 2)
        (str "")
        (hole 1 {:hash_depth=>0, :method_arg=>true, :variance=>:+}) {:method_arg=>true}))) :discoverable)
BASETYPE: true or false
SIZE WORK_LIST: 91
SIZE generated: 9
EVALUABLE#: 8

-------------------------

----------------
TTYPES
true or false
true or false
true or false
true or false
true or false
true or false
true or false
true or false
true or false
true or false
true or false
true or false
true or false
true or false
true or false
true or false
true or false
true or false
true or false
true or false
true or false
true or false
true or false
true or false
true or false
true or false
true or false

PROGS

LOCAL_COUNT: 11
GLOBAL_COUNT: 50

BASE_AFTER:
(send
  (begin
    (send
      (filled-hole
        (lvar InvitationCode(id: integer, token: string, diaspora_user_id: integer, count: integer)) {:method_arg=>false}) :-
      (filled-hole
        (lvar :arg0)
        (lvar InvitationCode(id: integer, token: string, diaspora_user_id: integer, count: integer))
        (true)
        (false)
        (int 0)
        (int 1)
        (int 2)
        (str "")
        (hole 1 {:hash_depth=>0, :method_arg=>true, :variance=>:+}) {:method_arg=>true}))) :scheduled_check=
  (filled-hole
    (true)
    (false)
    (hole 1 {:hash_depth=>0, :method_arg=>true, :variance=>:+}) {:method_arg=>true}))
BASETYPE: true or false
SIZE WORK_LIST: 91
SIZE generated: 27
EVALUABLE#: 16

-------------------------

----------------
TTYPES
true or false
true or false
true or false
true or false
true or false
true or false
true or false
true or false
true or false

PROGS

LOCAL_COUNT: 12
GLOBAL_COUNT: 51

BASE_AFTER:
(send
  (begin
    (send
      (filled-hole
        (lvar InvitationCode(id: integer, token: string, diaspora_user_id: integer, count: integer)) {:method_arg=>false}) :-
      (filled-hole
        (lvar :arg0)
        (lvar InvitationCode(id: integer, token: string, diaspora_user_id: integer, count: integer))
        (true)
        (false)
        (int 0)
        (int 1)
        (int 2)
        (str "")
        (hole 1 {:hash_depth=>0, :method_arg=>true, :variance=>:+}) {:method_arg=>true}))) :scheduled_check)
BASETYPE: true or false
SIZE WORK_LIST: 101
SIZE generated: 9
EVALUABLE#: 8

-------------------------

----------------
TTYPES
true or false
true or false
true or false
true or false
true or false
true or false
true or false
true or false
true or false
true or false
true or false
true or false
true or false
true or false
true or false
true or false
true or false
true or false
true or false
true or false
true or false
true or false
true or false
true or false
true or false
true or false
true or false

PROGS

LOCAL_COUNT: 13
GLOBAL_COUNT: 52

BASE_AFTER:
(send
  (begin
    (send
      (filled-hole
        (lvar InvitationCode(id: integer, token: string, diaspora_user_id: integer, count: integer)) {:method_arg=>false}) :-
      (filled-hole
        (lvar :arg0)
        (lvar InvitationCode(id: integer, token: string, diaspora_user_id: integer, count: integer))
        (true)
        (false)
        (int 0)
        (int 1)
        (int 2)
        (str "")
        (hole 1 {:hash_depth=>0, :method_arg=>true, :variance=>:+}) {:method_arg=>true}))) :otp_required_for_login=
  (filled-hole
    (true)
    (false)
    (hole 1 {:hash_depth=>0, :method_arg=>true, :variance=>:+}) {:method_arg=>true}))
BASETYPE: true or false
SIZE WORK_LIST: 101
SIZE generated: 27
EVALUABLE#: 16

-------------------------

----------------
TTYPES
true or false
true or false
true or false
true or false
true or false
true or false
true or false
true or false
true or false

PROGS

LOCAL_COUNT: 14
GLOBAL_COUNT: 53

BASE_AFTER:
(send
  (begin
    (send
      (filled-hole
        (lvar InvitationCode(id: integer, token: string, diaspora_user_id: integer, count: integer)) {:method_arg=>false}) :-
      (filled-hole
        (lvar :arg0)
        (lvar InvitationCode(id: integer, token: string, diaspora_user_id: integer, count: integer))
        (true)
        (false)
        (int 0)
        (int 1)
        (int 2)
        (str "")
        (hole 1 {:hash_depth=>0, :method_arg=>true, :variance=>:+}) {:method_arg=>true}))) :otp_required_for_login)
BASETYPE: true or false
SIZE WORK_LIST: 111
SIZE generated: 9
EVALUABLE#: 8

-------------------------

----------------
TTYPES
true or false
true or false
true or false
true or false
true or false
true or false
true or false
true or false
true or false
true or false
true or false
true or false
true or false
true or false
true or false
true or false
true or false
true or false
true or false
true or false
true or false
true or false
true or false
true or false
true or false
true or false
true or false

PROGS

LOCAL_COUNT: 15
GLOBAL_COUNT: 54

BASE_AFTER:
(send
  (begin
    (send
      (filled-hole
        (lvar InvitationCode(id: integer, token: string, diaspora_user_id: integer, count: integer)) {:method_arg=>false}) :-
      (filled-hole
        (lvar :arg0)
        (lvar InvitationCode(id: integer, token: string, diaspora_user_id: integer, count: integer))
        (true)
        (false)
        (int 0)
        (int 1)
        (int 2)
        (str "")
        (hole 1 {:hash_depth=>0, :method_arg=>true, :variance=>:+}) {:method_arg=>true}))) :admin=
  (filled-hole
    (true)
    (false)
    (hole 1 {:hash_depth=>0, :method_arg=>true, :variance=>:+}) {:method_arg=>true}))
BASETYPE: true or false
SIZE WORK_LIST: 111
SIZE generated: 27
EVALUABLE#: 16

-------------------------

----------------
TTYPES
true or false
true or false
true or false
true or false
true or false
true or false
true or false
true or false
true or false

PROGS

LOCAL_COUNT: 16
GLOBAL_COUNT: 55

BASE_AFTER:
(send
  (begin
    (send
      (filled-hole
        (lvar InvitationCode(id: integer, token: string, diaspora_user_id: integer, count: integer)) {:method_arg=>false}) :-
      (filled-hole
        (lvar :arg0)
        (lvar InvitationCode(id: integer, token: string, diaspora_user_id: integer, count: integer))
        (true)
        (false)
        (int 0)
        (int 1)
        (int 2)
        (str "")
        (hole 1 {:hash_depth=>0, :method_arg=>true, :variance=>:+}) {:method_arg=>true}))) :admin)
BASETYPE: true or false
SIZE WORK_LIST: 121
SIZE generated: 9
EVALUABLE#: 8

-------------------------

----------------
TTYPES
true or false
true or false
true or false
true or false
true or false
true or false
true or false
true or false
true or false
true or false
true or false
true or false
true or false
true or false
true or false
true or false
true or false
true or false
true or false
true or false
true or false
true or false
true or false
true or false
true or false
true or false
true or false

PROGS

LOCAL_COUNT: 17
GLOBAL_COUNT: 56

BASE_AFTER:
(send
  (begin
    (send
      (filled-hole
        (lvar InvitationCode(id: integer, token: string, diaspora_user_id: integer, count: integer)) {:method_arg=>false}) :-
      (filled-hole
        (lvar :arg0)
        (lvar InvitationCode(id: integer, token: string, diaspora_user_id: integer, count: integer))
        (true)
        (false)
        (int 0)
        (int 1)
        (int 2)
        (str "")
        (hole 1 {:hash_depth=>0, :method_arg=>true, :variance=>:+}) {:method_arg=>true}))) :staged=
  (filled-hole
    (true)
    (false)
    (hole 1 {:hash_depth=>0, :method_arg=>true, :variance=>:+}) {:method_arg=>true}))
BASETYPE: true or false
SIZE WORK_LIST: 121
SIZE generated: 27
EVALUABLE#: 16

-------------------------

----------------
TTYPES
true or false
true or false
true or false
true or false
true or false
true or false
true or false
true or false
true or false

PROGS

LOCAL_COUNT: 18
GLOBAL_COUNT: 57

BASE_AFTER:
(send
  (begin
    (send
      (filled-hole
        (lvar InvitationCode(id: integer, token: string, diaspora_user_id: integer, count: integer)) {:method_arg=>false}) :-
      (filled-hole
        (lvar :arg0)
        (lvar InvitationCode(id: integer, token: string, diaspora_user_id: integer, count: integer))
        (true)
        (false)
        (int 0)
        (int 1)
        (int 2)
        (str "")
        (hole 1 {:hash_depth=>0, :method_arg=>true, :variance=>:+}) {:method_arg=>true}))) :staged)
BASETYPE: true or false
SIZE WORK_LIST: 131
SIZE generated: 9
EVALUABLE#: 8

-------------------------

----------------
TTYPES
true or false
true or false
true or false
true or false
true or false
true or false
true or false
true or false
true or false
true or false
true or false
true or false
true or false
true or false
true or false
true or false
true or false
true or false
true or false
true or false
true or false
true or false
true or false
true or false
true or false
true or false
true or false

PROGS

LOCAL_COUNT: 19
GLOBAL_COUNT: 58

BASE_AFTER:
(send
  (begin
    (send
      (filled-hole
        (lvar InvitationCode(id: integer, token: string, diaspora_user_id: integer, count: integer)) {:method_arg=>false}) :-
      (filled-hole
        (lvar :arg0)
        (lvar InvitationCode(id: integer, token: string, diaspora_user_id: integer, count: integer))
        (true)
        (false)
        (int 0)
        (int 1)
        (int 2)
        (str "")
        (hole 1 {:hash_depth=>0, :method_arg=>true, :variance=>:+}) {:method_arg=>true}))) :active=
  (filled-hole
    (true)
    (false)
    (hole 1 {:hash_depth=>0, :method_arg=>true, :variance=>:+}) {:method_arg=>true}))
BASETYPE: true or false
SIZE WORK_LIST: 131
SIZE generated: 27
EVALUABLE#: 16

-------------------------

----------------
TTYPES
true or false
true or false
true or false
true or false
true or false
true or false
true or false
true or false
true or false

PROGS

LOCAL_COUNT: 20
GLOBAL_COUNT: 59

BASE_AFTER:
(send
  (begin
    (send
      (filled-hole
        (lvar InvitationCode(id: integer, token: string, diaspora_user_id: integer, count: integer)) {:method_arg=>false}) :-
      (filled-hole
        (lvar :arg0)
        (lvar InvitationCode(id: integer, token: string, diaspora_user_id: integer, count: integer))
        (true)
        (false)
        (int 0)
        (int 1)
        (int 2)
        (str "")
        (hole 1 {:hash_depth=>0, :method_arg=>true, :variance=>:+}) {:method_arg=>true}))) :active)
BASETYPE: true or false
SIZE WORK_LIST: 141
SIZE generated: 9
EVALUABLE#: 8

-------------------------

----------------
TTYPES
true or false
true or false
true or false
true or false
true or false
true or false
true or false
true or false
true or false
true or false
true or false
true or false
true or false
true or false
true or false
true or false
true or false
true or false
true or false
true or false
true or false
true or false
true or false
true or false
true or false
true or false
true or false

PROGS

LOCAL_COUNT: 21
GLOBAL_COUNT: 60

BASE_AFTER:
(send
  (begin
    (send
      (filled-hole
        (lvar InvitationCode(id: integer, token: string, diaspora_user_id: integer, count: integer)) {:method_arg=>false}) :-
      (filled-hole
        (lvar :arg0)
        (lvar InvitationCode(id: integer, token: string, diaspora_user_id: integer, count: integer))
        (true)
        (false)
        (int 0)
        (int 1)
        (int 2)
        (str "")
        (hole 1 {:hash_depth=>0, :method_arg=>true, :variance=>:+}) {:method_arg=>true}))) :primary=
  (filled-hole
    (true)
    (false)
    (hole 1 {:hash_depth=>0, :method_arg=>true, :variance=>:+}) {:method_arg=>true}))
BASETYPE: true or false
SIZE WORK_LIST: 141
SIZE generated: 27
EVALUABLE#: 16

-------------------------

----------------
TTYPES
true or false
true or false
true or false
true or false
true or false
true or false
true or false
true or false
true or false

PROGS

LOCAL_COUNT: 22
GLOBAL_COUNT: 61

BASE_AFTER:
(send
  (begin
    (send
      (filled-hole
        (lvar InvitationCode(id: integer, token: string, diaspora_user_id: integer, count: integer)) {:method_arg=>false}) :-
      (filled-hole
        (lvar :arg0)
        (lvar InvitationCode(id: integer, token: string, diaspora_user_id: integer, count: integer))
        (true)
        (false)
        (int 0)
        (int 1)
        (int 2)
        (str "")
        (hole 1 {:hash_depth=>0, :method_arg=>true, :variance=>:+}) {:method_arg=>true}))) :primary)
BASETYPE: true or false
SIZE WORK_LIST: 151
SIZE generated: 9
EVALUABLE#: 8

-------------------------

----------------
TTYPES
true or false
true or false
true or false
true or false
true or false
true or false
true or false
true or false
true or false
true or false
true or false
true or false
true or false
true or false
true or false
true or false
true or false
true or false
true or false
true or false
true or false
true or false
true or false
true or false
true or false
true or false
true or false

PROGS

LOCAL_COUNT: 23
GLOBAL_COUNT: 62

BASE_AFTER:
(send
  (begin
    (send
      (filled-hole
        (lvar InvitationCode(id: integer, token: string, diaspora_user_id: integer, count: integer)) {:method_arg=>false}) :-
      (filled-hole
        (lvar :arg0)
        (lvar InvitationCode(id: integer, token: string, diaspora_user_id: integer, count: integer))
        (true)
        (false)
        (int 0)
        (int 1)
        (int 2)
        (str "")
        (hole 1 {:hash_depth=>0, :method_arg=>true, :variance=>:+}) {:method_arg=>true}))) :moderator=
  (filled-hole
    (true)
    (false)
    (hole 1 {:hash_depth=>0, :method_arg=>true, :variance=>:+}) {:method_arg=>true}))
BASETYPE: true or false
SIZE WORK_LIST: 151
SIZE generated: 27
EVALUABLE#: 16

-------------------------

----------------
TTYPES
true or false
true or false
true or false
true or false
true or false
true or false
true or false
true or false
true or false

PROGS

LOCAL_COUNT: 24
GLOBAL_COUNT: 63

BASE_AFTER:
(send
  (begin
    (send
      (filled-hole
        (lvar InvitationCode(id: integer, token: string, diaspora_user_id: integer, count: integer)) {:method_arg=>false}) :-
      (filled-hole
        (lvar :arg0)
        (lvar InvitationCode(id: integer, token: string, diaspora_user_id: integer, count: integer))
        (true)
        (false)
        (int 0)
        (int 1)
        (int 2)
        (str "")
        (hole 1 {:hash_depth=>0, :method_arg=>true, :variance=>:+}) {:method_arg=>true}))) :moderator)
BASETYPE: true or false
SIZE WORK_LIST: 161
SIZE generated: 9
EVALUABLE#: 8

-------------------------

----------------
TTYPES
Integer
Integer
Integer
Integer
Integer
Integer
Integer
Integer
Integer
Integer
Integer
Integer
Integer
Integer
Integer
Integer
Integer
Integer
Integer
Integer
Integer
Integer
Integer
Integer
Integer
Integer
Integer
Integer
Integer
Integer
Integer
Integer
Integer
Integer
Integer
Integer

PROGS

LOCAL_COUNT: 25
GLOBAL_COUNT: 64

BASE_AFTER:
(begin
  (send
    (begin
      (send
        (filled-hole
          (lvar InvitationCode(id: integer, token: string, diaspora_user_id: integer, count: integer)) {:method_arg=>false}) :-
        (filled-hole
          (lvar :arg0)
          (lvar InvitationCode(id: integer, token: string, diaspora_user_id: integer, count: integer))
          (true)
          (false)
          (int 0)
          (int 1)
          (int 2)
          (str "")
          (hole 1 {:hash_depth=>0, :method_arg=>true, :variance=>:+}) {:method_arg=>true}))) :-
    (filled-hole
      (int 0)
      (int 1)
      (int 2)
      (hole 1 {:hash_depth=>0, :method_arg=>true, :variance=>:+}) {:method_arg=>true})))
BASETYPE: Integer
SIZE WORK_LIST: 161
SIZE generated: 36
EVALUABLE#: 24

-------------------------

----------------
TTYPES
true or false
true or false
true or false

PROGS

LOCAL_COUNT: 26
GLOBAL_COUNT: 65

BASE_AFTER:
(send
  (begin
    (send
      (filled-hole
        (lvar InvitationCode(id: integer, token: string, diaspora_user_id: integer, count: integer)) {:method_arg=>false}) :count)) :confirmed=
  (filled-hole
    (true)
    (false)
    (hole 1 {:hash_depth=>0, :method_arg=>true, :variance=>:+}) {:method_arg=>true}))
BASETYPE: true or false
SIZE WORK_LIST: 172
SIZE generated: 3
EVALUABLE#: 2

-------------------------

----------------
TTYPES
true or false

PROGS

LOCAL_COUNT: 27
GLOBAL_COUNT: 66

BASE_AFTER:
(send
  (begin
    (send
      (filled-hole
        (lvar InvitationCode(id: integer, token: string, diaspora_user_id: integer, count: integer)) {:method_arg=>false}) :count)) :confirmed)
BASETYPE: true or false
SIZE WORK_LIST: 172
SIZE generated: 1
EVALUABLE#: 1

-------------------------

----------------
TTYPES
true or false
true or false
true or false

PROGS

LOCAL_COUNT: 28
GLOBAL_COUNT: 67

BASE_AFTER:
(send
  (begin
    (send
      (filled-hole
        (lvar InvitationCode(id: integer, token: string, diaspora_user_id: integer, count: integer)) {:method_arg=>false}) :count)) :expired=
  (filled-hole
    (true)
    (false)
    (hole 1 {:hash_depth=>0, :method_arg=>true, :variance=>:+}) {:method_arg=>true}))
BASETYPE: true or false
SIZE WORK_LIST: 171
SIZE generated: 3
EVALUABLE#: 2

-------------------------

----------------
TTYPES
true or false

PROGS

LOCAL_COUNT: 29
GLOBAL_COUNT: 68

BASE_AFTER:
(send
  (begin
    (send
      (filled-hole
        (lvar InvitationCode(id: integer, token: string, diaspora_user_id: integer, count: integer)) {:method_arg=>false}) :count)) :expired)
BASETYPE: true or false
SIZE WORK_LIST: 171
SIZE generated: 1
EVALUABLE#: 1

-------------------------

----------------
TTYPES
true or false
true or false
true or false

PROGS

LOCAL_COUNT: 30
GLOBAL_COUNT: 69

BASE_AFTER:
(send
  (begin
    (send
      (filled-hole
        (lvar InvitationCode(id: integer, token: string, diaspora_user_id: integer, count: integer)) {:method_arg=>false}) :count)) :discoverable=
  (filled-hole
    (true)
    (false)
    (hole 1 {:hash_depth=>0, :method_arg=>true, :variance=>:+}) {:method_arg=>true}))
BASETYPE: true or false
SIZE WORK_LIST: 170
SIZE generated: 3
EVALUABLE#: 2

-------------------------

----------------
TTYPES
true or false

PROGS

LOCAL_COUNT: 1
GLOBAL_COUNT: 70

BASE_AFTER:
(filled-hole
  (hole 1 {:hash_depth=>0, :method_arg=>false, :variance=>:+}) {:method_arg=>false})
BASETYPE: true or false
SIZE WORK_LIST: 0
SIZE generated: 1
EVALUABLE#: 0

-------------------------

----------------
TTYPES
true or false

PROGS

LOCAL_COUNT: 2
GLOBAL_COUNT: 71

BASE_AFTER:
(filled-hole
  (hole 2 {:hash_depth=>0, :method_arg=>false, :variance=>:+}) {:method_arg=>false})
BASETYPE: true or false
SIZE WORK_LIST: 0
SIZE generated: 1
EVALUABLE#: 0

-------------------------

----------------
TTYPES
true or false

PROGS

LOCAL_COUNT: 3
GLOBAL_COUNT: 72

BASE_AFTER:
(filled-hole
  (hole 3 {:hash_depth=>0, :method_arg=>false, :variance=>:+}) {:method_arg=>false})
BASETYPE: true or false
SIZE WORK_LIST: 0
SIZE generated: 1
EVALUABLE#: 0

-------------------------

----------------
TTYPES
true or false

PROGS

LOCAL_COUNT: 4
GLOBAL_COUNT: 73

BASE_AFTER:
(filled-hole
  (hole 4 {:hash_depth=>0, :method_arg=>false, :variance=>:+}) {:method_arg=>false})
BASETYPE: true or false
SIZE WORK_LIST: 0
SIZE generated: 1
EVALUABLE#: 0

-------------------------

----------------
TTYPES
true or false

PROGS

LOCAL_COUNT: 5
GLOBAL_COUNT: 74

BASE_AFTER:
(filled-hole
  (hole 5 {:hash_depth=>0, :method_arg=>false, :variance=>:+}) {:method_arg=>false})
BASETYPE: true or false
SIZE WORK_LIST: 0
SIZE generated: 1
EVALUABLE#: 0

-------------------------

----------------
TTYPES
true or false

PROGS

LOCAL_COUNT: 6
GLOBAL_COUNT: 75

BASE_AFTER:
(filled-hole
  (hole 6 {:hash_depth=>0, :method_arg=>false, :variance=>:+}) {:method_arg=>false})
BASETYPE: true or false
SIZE WORK_LIST: 0
SIZE generated: 1
EVALUABLE#: 0

-------------------------

----------------
TTYPES
true or false
true or false
Integer
Integer
Integer
String
%bot

PROGS

LOCAL_COUNT: 1
GLOBAL_COUNT: 1

BASE_AFTER:
(filled-hole
  (true)
  (false)
  (int 0)
  (int 1)
  (int 2)
  (str "")
  (hole 1 {:hash_depth=>0, :method_arg=>false, :variance=>:-}) {:method_arg=>false})
BASETYPE: %bot
SIZE WORK_LIST: 0
SIZE generated: 7
EVALUABLE#: 6

-------------------------

----------------
TTYPES
true or false
true or false

PROGS

LOCAL_COUNT: 2
GLOBAL_COUNT: 2

BASE_AFTER:
(true)
BASETYPE: true or false
SIZE WORK_LIST: 6
SIZE generated: 2
EVALUABLE#: 0

-------------------------

----------------
TTYPES
true or false
true or false

PROGS

LOCAL_COUNT: 3
GLOBAL_COUNT: 3

BASE_AFTER:
(false)
BASETYPE: true or false
SIZE WORK_LIST: 7
SIZE generated: 2
EVALUABLE#: 0

-------------------------

----------------
TTYPES
Integer
Integer

PROGS

LOCAL_COUNT: 4
GLOBAL_COUNT: 4

BASE_AFTER:
(int 0)
BASETYPE: Integer
SIZE WORK_LIST: 8
SIZE generated: 2
EVALUABLE#: 0

-------------------------

----------------
TTYPES
Integer
Integer

PROGS

LOCAL_COUNT: 5
GLOBAL_COUNT: 5

BASE_AFTER:
(int 1)
BASETYPE: Integer
SIZE WORK_LIST: 9
SIZE generated: 2
EVALUABLE#: 0

-------------------------

----------------
TTYPES
Integer
Integer

PROGS

LOCAL_COUNT: 6
GLOBAL_COUNT: 6

BASE_AFTER:
(int 2)
BASETYPE: Integer
SIZE WORK_LIST: 10
SIZE generated: 2
EVALUABLE#: 0

-------------------------

----------------
TTYPES
String
String

PROGS

LOCAL_COUNT: 7
GLOBAL_COUNT: 7

BASE_AFTER:
(str "")
BASETYPE: String
SIZE WORK_LIST: 11
SIZE generated: 2
EVALUABLE#: 0

-------------------------

----------------
TTYPES
%bot

PROGS

LOCAL_COUNT: 8
GLOBAL_COUNT: 8

BASE_AFTER:
(filled-hole
  (begin
    (send
      (hole 0 {:hash_depth=>0, :limit_depth=>true, :recv=>true}) :-
      (hole 0 {:hash_depth=>0, :method_arg=>true})))
  (begin
    (send
      (hole 0 {:hash_depth=>0, :limit_depth=>true, :recv=>true}) :count))
  (begin
    (send
      (hole 0 {:hash_depth=>0, :limit_depth=>true, :recv=>true}) :-
      (hole 0 {:hash_depth=>0, :method_arg=>true})))
  (hole 2 {:hash_depth=>0, :method_arg=>false, :variance=>:-}) {:method_arg=>false})
BASETYPE: %bot
SIZE WORK_LIST: 12
SIZE generated: 1
EVALUABLE#: 0

-------------------------

----------------
TTYPES
true or false
true or false
true or false
true or false

PROGS

LOCAL_COUNT: 9
GLOBAL_COUNT: 9

BASE_AFTER:
(begin
  (send
    (hole 0 {:hash_depth=>0, :limit_depth=>true, :recv=>true}) :count=
    (hole 0 {:hash_depth=>0, :method_arg=>true}))
  (true))
BASETYPE: true or false
SIZE WORK_LIST: 12
SIZE generated: 4
EVALUABLE#: 3

-------------------------

----------------
TTYPES
true or false

PROGS

LOCAL_COUNT: 10
GLOBAL_COUNT: 10

BASE_AFTER:
(begin
  (send
    (hole 0 {:hash_depth=>0, :limit_depth=>true, :recv=>true}) :diaspora_user=
    (hole 0 {:hash_depth=>0, :method_arg=>true}))
  (true))
BASETYPE: true or false
SIZE WORK_LIST: 14
SIZE generated: 1
EVALUABLE#: 0

-------------------------

----------------
TTYPES
true or false
true or false
true or false
true or false

PROGS

LOCAL_COUNT: 11
GLOBAL_COUNT: 11

BASE_AFTER:
(begin
  (send
    (hole 0 {:hash_depth=>0, :limit_depth=>true, :recv=>true}) :count=
    (hole 0 {:hash_depth=>0, :method_arg=>true}))
  (false))
BASETYPE: true or false
SIZE WORK_LIST: 14
SIZE generated: 4
EVALUABLE#: 3

-------------------------

----------------
TTYPES
true or false

PROGS

LOCAL_COUNT: 12
GLOBAL_COUNT: 12

BASE_AFTER:
(begin
  (send
    (hole 0 {:hash_depth=>0, :limit_depth=>true, :recv=>true}) :diaspora_user=
    (hole 0 {:hash_depth=>0, :method_arg=>true}))
  (false))
BASETYPE: true or false
SIZE WORK_LIST: 16
SIZE generated: 1
EVALUABLE#: 0

-------------------------

----------------
TTYPES
Integer
Integer
Integer
Integer
Integer

PROGS

LOCAL_COUNT: 13
GLOBAL_COUNT: 13

BASE_AFTER:
(begin
  (send
    (hole 0 {:hash_depth=>0, :limit_depth=>true, :recv=>true}) :count=
    (hole 0 {:hash_depth=>0, :method_arg=>true}))
  (int 0))
BASETYPE: Integer
SIZE WORK_LIST: 16
SIZE generated: 5
EVALUABLE#: 4

-------------------------

----------------
TTYPES
Integer

PROGS

LOCAL_COUNT: 14
GLOBAL_COUNT: 14

BASE_AFTER:
(begin
  (send
    (hole 0 {:hash_depth=>0, :limit_depth=>true, :recv=>true}) :diaspora_user=
    (hole 0 {:hash_depth=>0, :method_arg=>true}))
  (int 0))
BASETYPE: Integer
SIZE WORK_LIST: 19
SIZE generated: 1
EVALUABLE#: 0

-------------------------

----------------
TTYPES
Integer
Integer
Integer
Integer
Integer

PROGS

LOCAL_COUNT: 15
GLOBAL_COUNT: 15

BASE_AFTER:
(begin
  (send
    (hole 0 {:hash_depth=>0, :limit_depth=>true, :recv=>true}) :count=
    (hole 0 {:hash_depth=>0, :method_arg=>true}))
  (int 1))
BASETYPE: Integer
SIZE WORK_LIST: 19
SIZE generated: 5
EVALUABLE#: 4

-------------------------

----------------
TTYPES
Integer

PROGS

LOCAL_COUNT: 16
GLOBAL_COUNT: 16

BASE_AFTER:
(begin
  (send
    (hole 0 {:hash_depth=>0, :limit_depth=>true, :recv=>true}) :diaspora_user=
    (hole 0 {:hash_depth=>0, :method_arg=>true}))
  (int 1))
BASETYPE: Integer
SIZE WORK_LIST: 22
SIZE generated: 1
EVALUABLE#: 0

-------------------------

----------------
TTYPES
Integer
Integer
Integer
Integer
Integer

PROGS

LOCAL_COUNT: 17
GLOBAL_COUNT: 17

BASE_AFTER:
(begin
  (send
    (hole 0 {:hash_depth=>0, :limit_depth=>true, :recv=>true}) :count=
    (hole 0 {:hash_depth=>0, :method_arg=>true}))
  (int 2))
BASETYPE: Integer
SIZE WORK_LIST: 22
SIZE generated: 5
EVALUABLE#: 4

-------------------------

----------------
TTYPES
Integer

PROGS

LOCAL_COUNT: 18
GLOBAL_COUNT: 18

BASE_AFTER:
(begin
  (send
    (hole 0 {:hash_depth=>0, :limit_depth=>true, :recv=>true}) :diaspora_user=
    (hole 0 {:hash_depth=>0, :method_arg=>true}))
  (int 2))
BASETYPE: Integer
SIZE WORK_LIST: 24
SIZE generated: 1
EVALUABLE#: 0

-------------------------

----------------
TTYPES
String
String
String
String

PROGS

LOCAL_COUNT: 19
GLOBAL_COUNT: 19

BASE_AFTER:
(begin
  (send
    (hole 0 {:hash_depth=>0, :limit_depth=>true, :recv=>true}) :count=
    (hole 0 {:hash_depth=>0, :method_arg=>true}))
  (str ""))
BASETYPE: String
SIZE WORK_LIST: 24
SIZE generated: 4
EVALUABLE#: 3

-------------------------

----------------
TTYPES
String

PROGS

LOCAL_COUNT: 20
GLOBAL_COUNT: 20

BASE_AFTER:
(begin
  (send
    (hole 0 {:hash_depth=>0, :limit_depth=>true, :recv=>true}) :diaspora_user=
    (hole 0 {:hash_depth=>0, :method_arg=>true}))
  (str ""))
BASETYPE: String
SIZE WORK_LIST: 26
SIZE generated: 1
EVALUABLE#: 0

-------------------------

----------------
TTYPES
true or false
true or false

PROGS

LOCAL_COUNT: 21
GLOBAL_COUNT: 21

BASE_AFTER:
(begin
  (send
    (lvar :arg0) :count=
    (int 0))
  (true))
BASETYPE: true or false
SIZE WORK_LIST: 26
SIZE generated: 2
EVALUABLE#: 0

-------------------------

----------------
TTYPES
true or false
true or false

PROGS

LOCAL_COUNT: 22
GLOBAL_COUNT: 22

BASE_AFTER:
(begin
  (send
    (lvar :arg0) :count=
    (int 1))
  (true))
BASETYPE: true or false
SIZE WORK_LIST: 27
SIZE generated: 2
EVALUABLE#: 0

-------------------------

----------------
TTYPES
true or false
true or false

PROGS

LOCAL_COUNT: 23
GLOBAL_COUNT: 23

BASE_AFTER:
(begin
  (send
    (lvar :arg0) :count=
    (int 0))
  (false))
BASETYPE: true or false
SIZE WORK_LIST: 28
SIZE generated: 2
EVALUABLE#: 0

-------------------------

----------------
TTYPES
true or false
true or false

PROGS

LOCAL_COUNT: 24
GLOBAL_COUNT: 24

BASE_AFTER:
(begin
  (send
    (lvar :arg0) :count=
    (int 1))
  (false))
BASETYPE: true or false
SIZE WORK_LIST: 29
SIZE generated: 2
EVALUABLE#: 0

-------------------------

----------------
TTYPES
Integer
Integer

PROGS

LOCAL_COUNT: 25
GLOBAL_COUNT: 25

BASE_AFTER:
(begin
  (send
    (lvar :arg0) :count=
    (int 0))
  (int 0))
BASETYPE: Integer
SIZE WORK_LIST: 30
SIZE generated: 2
EVALUABLE#: 0

-------------------------

----------------
TTYPES
Integer
Integer

PROGS

LOCAL_COUNT: 26
GLOBAL_COUNT: 26

BASE_AFTER:
(begin
  (send
    (lvar :arg0) :count=
    (int 1))
  (int 0))
BASETYPE: Integer
SIZE WORK_LIST: 31
SIZE generated: 2
EVALUABLE#: 0

-------------------------

----------------
TTYPES
Integer
Integer

PROGS

LOCAL_COUNT: 27
GLOBAL_COUNT: 27

BASE_AFTER:
(begin
  (lvasgn :t0
    (int 0))
  (send
    (lvar :arg0) :count=
    (lvar :t0))
  (lvar :t0))
BASETYPE: Integer
SIZE WORK_LIST: 32
SIZE generated: 2
EVALUABLE#: 0

-------------------------

----------------
TTYPES
Integer
Integer

PROGS

LOCAL_COUNT: 28
GLOBAL_COUNT: 28

BASE_AFTER:
(begin
  (send
    (lvar :arg0) :count=
    (int 0))
  (int 1))
BASETYPE: Integer
SIZE WORK_LIST: 33
SIZE generated: 2
EVALUABLE#: 0

-------------------------

----------------
TTYPES
Integer
Integer

PROGS

LOCAL_COUNT: 29
GLOBAL_COUNT: 29

BASE_AFTER:
(begin
  (send
    (lvar :arg0) :count=
    (int 1))
  (int 1))
BASETYPE: Integer
SIZE WORK_LIST: 34
SIZE generated: 2
EVALUABLE#: 0

-------------------------

----------------
TTYPES
Integer
Integer

PROGS

LOCAL_COUNT: 30
GLOBAL_COUNT: 30

BASE_AFTER:
(begin
  (lvasgn :t0
    (int 1))
  (send
    (lvar :arg0) :count=
    (lvar :t0))
  (lvar :t0))
BASETYPE: Integer
SIZE WORK_LIST: 35
SIZE generated: 2
EVALUABLE#: 0

-------------------------

----------------
TTYPES
Integer
Integer

PROGS

LOCAL_COUNT: 31
GLOBAL_COUNT: 31

BASE_AFTER:
(begin
  (send
    (lvar :arg0) :count=
    (int 0))
  (int 2))
BASETYPE: Integer
SIZE WORK_LIST: 36
SIZE generated: 2
EVALUABLE#: 0

-------------------------

----------------
TTYPES
Integer
Integer

PROGS

LOCAL_COUNT: 32
GLOBAL_COUNT: 32

BASE_AFTER:
(begin
  (send
    (lvar :arg0) :count=
    (int 1))
  (int 2))
BASETYPE: Integer
SIZE WORK_LIST: 37
SIZE generated: 2
EVALUABLE#: 0

-------------------------

----------------
TTYPES
String
String

PROGS

LOCAL_COUNT: 33
GLOBAL_COUNT: 33

BASE_AFTER:
(begin
  (send
    (lvar :arg0) :count=
    (int 0))
  (str ""))
BASETYPE: String
SIZE WORK_LIST: 38
SIZE generated: 2
EVALUABLE#: 0

-------------------------

----------------
TTYPES
String
String

PROGS

LOCAL_COUNT: 34
GLOBAL_COUNT: 34

BASE_AFTER:
(begin
  (send
    (lvar :arg0) :count=
    (int 1))
  (str ""))
BASETYPE: String
SIZE WORK_LIST: 39
SIZE generated: 2
EVALUABLE#: 0

-------------------------

----------------
TTYPES
Integer
Integer
Integer
Integer
Integer
Integer
Integer
Integer
%bot

PROGS

LOCAL_COUNT: 35
GLOBAL_COUNT: 35

BASE_AFTER:
(filled-hole
  (begin
    (send
      (send
        (hole 0 {:hash_depth=>0, :limit_depth=>true, :recv=>true}) :id=
        (hole 0 {:hash_depth=>0, :method_arg=>true})) :-
      (hole 0 {:hash_depth=>0, :method_arg=>true})))
  (begin
    (send
      (send
        (hole 0 {:hash_depth=>0, :limit_depth=>true, :recv=>true}) :id=
        (hole 0 {:hash_depth=>0, :method_arg=>true})) :-
      (hole 0 {:hash_depth=>0, :method_arg=>true})))
  (begin
    (send
      (send
        (hole 0 {:hash_depth=>0, :limit_depth=>true, :recv=>true}) :id=
        (hole 0 {:hash_depth=>0, :method_arg=>true})) :count))
  (begin
    (send
      (send
        (hole 0 {:hash_depth=>0, :limit_depth=>true, :recv=>true}) :id) :-
      (hole 0 {:hash_depth=>0, :method_arg=>true})))
  (begin
    (send
      (send
        (hole 0 {:hash_depth=>0, :limit_depth=>true, :recv=>true}) :id) :-
      (hole 0 {:hash_depth=>0, :method_arg=>true})))
  (begin
    (send
      (send
        (hole 0 {:hash_depth=>0, :limit_depth=>true, :recv=>true}) :id) :count))
  (begin
    (send
      (send
        (hole 0 {:hash_depth=>0, :limit_depth=>true, :recv=>true}) :token=
        (hole 0 {:hash_depth=>0, :method_arg=>true})) :count))
  (begin
    (send
      (send
        (hole 0 {:hash_depth=>0, :limit_depth=>true, :recv=>true}) :token=
        (hole 0 {:hash_depth=>0, :method_arg=>true})) :-
      (hole 0 {:hash_depth=>0, :method_arg=>true})))
  (begin
    (send
      (send
        (hole 0 {:hash_depth=>0, :limit_depth=>true, :recv=>true}) :token) :count))
  (begin
    (send
      (send
        (hole 0 {:hash_depth=>0, :limit_depth=>true, :recv=>true}) :token) :-
      (hole 0 {:hash_depth=>0, :method_arg=>true})))
  (begin
    (send
      (send
        (hole 0 {:hash_depth=>0, :limit_depth=>true, :recv=>true}) :diaspora_user_id=
        (hole 0 {:hash_depth=>0, :method_arg=>true})) :-
      (hole 0 {:hash_depth=>0, :method_arg=>true})))
  (begin
    (send
      (send
        (hole 0 {:hash_depth=>0, :limit_depth=>true, :recv=>true}) :diaspora_user_id=
        (hole 0 {:hash_depth=>0, :method_arg=>true})) :-
      (hole 0 {:hash_depth=>0, :method_arg=>true})))
  (begin
    (send
      (send
        (hole 0 {:hash_depth=>0, :limit_depth=>true, :recv=>true}) :diaspora_user_id=
        (hole 0 {:hash_depth=>0, :method_arg=>true})) :count))
  (begin
    (send
      (send
        (hole 0 {:hash_depth=>0, :limit_depth=>true, :recv=>true}) :diaspora_user_id) :-
      (hole 0 {:hash_depth=>0, :method_arg=>true})))
  (begin
    (send
      (send
        (hole 0 {:hash_depth=>0, :limit_depth=>true, :recv=>true}) :diaspora_user_id) :-
      (hole 0 {:hash_depth=>0, :method_arg=>true})))
  (begin
    (send
      (send
        (hole 0 {:hash_depth=>0, :limit_depth=>true, :recv=>true}) :diaspora_user_id) :count))
  (begin
    (send
      (send
        (hole 0 {:hash_depth=>0, :limit_depth=>true, :recv=>true}) :count=
        (hole 0 {:hash_depth=>0, :method_arg=>true})) :-
      (hole 0 {:hash_depth=>0, :method_arg=>true})))
  (begin
    (send
      (send
        (hole 0 {:hash_depth=>0, :limit_depth=>true, :recv=>true}) :count=
        (hole 0 {:hash_depth=>0, :method_arg=>true})) :-
      (hole 0 {:hash_depth=>0, :method_arg=>true})))
  (begin
    (send
      (send
        (hole 0 {:hash_depth=>0, :limit_depth=>true, :recv=>true}) :count=
        (hole 0 {:hash_depth=>0, :method_arg=>true})) :count))
  (begin
    (send
      (begin
        (send
          (hole 0 {:hash_depth=>0, :limit_depth=>true, :recv=>true}) :count)) :-
      (hole 0 {:hash_depth=>0, :method_arg=>true})))
  (begin
    (send
      (begin
        (send
          (hole 0 {:hash_depth=>0, :limit_depth=>true, :recv=>true}) :count)) :-
      (hole 0 {:hash_depth=>0, :method_arg=>true})))
  (begin
    (send
      (begin
        (send
          (hole 0 {:hash_depth=>0, :limit_depth=>true, :recv=>true}) :count)) :count))
  (begin
    (send
      (send
        (hole 0 {:hash_depth=>0, :limit_depth=>true, :recv=>true}) :diaspora_user) :count))
  (begin
    (send
      (send
        (hole 0 {:hash_depth=>0, :limit_depth=>true, :recv=>true}) :diaspora_user) :-
      (hole 0 {:hash_depth=>0, :method_arg=>true})))
  (begin
    (send
      (send
        (hole 0 {:hash_depth=>0, :limit_depth=>true, :recv=>true}) :diaspora_user=
        (hole 0 {:hash_depth=>0, :method_arg=>true})) :count))
  (begin
    (send
      (send
        (hole 0 {:hash_depth=>0, :limit_depth=>true, :recv=>true}) :diaspora_user=
        (hole 0 {:hash_depth=>0, :method_arg=>true})) :-
      (hole 0 {:hash_depth=>0, :method_arg=>true})))
  (begin
    (send
      (begin
        (send
          (hole 0 {:hash_depth=>0, :limit_depth=>true, :recv=>true}) :-
          (hole 0 {:hash_depth=>0, :method_arg=>true}))) :-
      (hole 0 {:hash_depth=>0, :method_arg=>true})))
  (begin
    (send
      (begin
        (send
          (hole 0 {:hash_depth=>0, :limit_depth=>true, :recv=>true}) :-
          (hole 0 {:hash_depth=>0, :method_arg=>true}))) :-
      (hole 0 {:hash_depth=>0, :method_arg=>true})))
  (begin
    (send
      (begin
        (send
          (hole 0 {:hash_depth=>0, :limit_depth=>true, :recv=>true}) :save)) :count))
  (begin
    (send
      (begin
        (send
          (hole 0 {:hash_depth=>0, :limit_depth=>true, :recv=>true}) :save)) :-
      (hole 0 {:hash_depth=>0, :method_arg=>true})))
  (begin
    (send
      (begin
        (send
          (hole 0 {:hash_depth=>0, :limit_depth=>true, :recv=>true}) :count)) :-
      (hole 0 {:hash_depth=>0, :method_arg=>true})))
  (begin
    (send
      (begin
        (send
          (hole 0 {:hash_depth=>0, :limit_depth=>true, :recv=>true}) :count)) :-
      (hole 0 {:hash_depth=>0, :method_arg=>true})))
  (begin
    (send
      (begin
        (send
          (hole 0 {:hash_depth=>0, :limit_depth=>true, :recv=>true}) :-
          (hole 0 {:hash_depth=>0, :method_arg=>true}))) :-
      (hole 0 {:hash_depth=>0, :method_arg=>true})))
  (begin
    (send
      (begin
        (send
          (hole 0 {:hash_depth=>0, :limit_depth=>true, :recv=>true}) :-
          (hole 0 {:hash_depth=>0, :method_arg=>true}))) :-
      (hole 0 {:hash_depth=>0, :method_arg=>true})))
  (begin
    (send
      (begin
        (send
          (hole 0 {:hash_depth=>0, :limit_depth=>true, :recv=>true}) :save)) :count))
  (begin
    (send
      (begin
        (send
          (hole 0 {:hash_depth=>0, :limit_depth=>true, :recv=>true}) :save)) :-
      (hole 0 {:hash_depth=>0, :method_arg=>true})))
  (hole 3 {:hash_depth=>0, :method_arg=>false, :variance=>:-}) {:method_arg=>false})
BASETYPE: %bot
SIZE WORK_LIST: 40
SIZE generated: 9
EVALUABLE#: 0

-------------------------

----------------
TTYPES
Integer
Integer
Integer
Integer
Integer
Integer
Integer
Integer
Integer
Integer
Integer
Integer
Integer
Integer
Integer
Integer
Integer
Integer
Integer
Integer
Integer
Integer
Integer
Integer
Integer
Integer
Integer
Integer
Integer
Integer
Integer
Integer
Integer
Integer
Integer
Integer

PROGS

LOCAL_COUNT: 36
GLOBAL_COUNT: 36

BASE_AFTER:
(begin
  (send
    (begin
      (send
        (filled-hole
          (lvar InvitationCode(id: integer, token: string, diaspora_user_id: integer, count: integer)) {:method_arg=>false}) :-
        (filled-hole
          (lvar :arg0)
          (lvar InvitationCode(id: integer, token: string, diaspora_user_id: integer, count: integer))
          (true)
          (false)
          (int 0)
          (int 1)
          (int 2)
          (str "")
          (hole 1 {:hash_depth=>0, :method_arg=>true, :variance=>:+}) {:method_arg=>true}))) :-
    (filled-hole
      (int 0)
      (int 1)
      (int 2)
      (hole 1 {:hash_depth=>0, :method_arg=>true, :variance=>:+}) {:method_arg=>true})))
BASETYPE: Integer
SIZE WORK_LIST: 48
SIZE generated: 36
EVALUABLE#: 24

-------------------------

----------------
TTYPES
Integer
Integer
Integer
Integer

PROGS

LOCAL_COUNT: 37
GLOBAL_COUNT: 37

BASE_AFTER:
(begin
  (send
    (begin
      (send
        (filled-hole
          (lvar InvitationCode(id: integer, token: string, diaspora_user_id: integer, count: integer)) {:method_arg=>false}) :count)) :-
    (filled-hole
      (int 0)
      (int 1)
      (int 2)
      (hole 1 {:hash_depth=>0, :method_arg=>true, :variance=>:+}) {:method_arg=>true})))
BASETYPE: Integer
SIZE WORK_LIST: 59
SIZE generated: 4
EVALUABLE#: 3

-------------------------

----------------
TTYPES
true or false
true or false
true or false
true or false
true or false
true or false
true or false
true or false
true or false
true or false
true or false

PROGS

LOCAL_COUNT: 38
GLOBAL_COUNT: 38

BASE_AFTER:
(begin
  (send
    (lvar :arg0) :count=
    (hole 1 {:hash_depth=>0, :method_arg=>true, :variance=>:+}))
  (true))
BASETYPE: true or false
SIZE WORK_LIST: 62
SIZE generated: 11
EVALUABLE#: 0

-------------------------

----------------
TTYPES
Integer
Integer

PROGS

LOCAL_COUNT: 39
GLOBAL_COUNT: 39

BASE_AFTER:
(begin
  (send
    (begin
      (send
        (lvar InvitationCode(id: integer, token: string, diaspora_user_id: integer, count: integer)) :count)) :-
    (int 0)))
BASETYPE: Integer
SIZE WORK_LIST: 72
SIZE generated: 2
EVALUABLE#: 0

-------------------------

----------------
TTYPES
Integer
Integer

PROGS

LOCAL_COUNT: 40
GLOBAL_COUNT: 40

BASE_AFTER:
(begin
  (send
    (begin
      (send
        (lvar InvitationCode(id: integer, token: string, diaspora_user_id: integer, count: integer)) :count)) :-
    (int 1)))
BASETYPE: Integer
SIZE WORK_LIST: 73
SIZE generated: 2
EVALUABLE#: 0

-------------------------

----------------
TTYPES
Integer
Integer

PROGS

LOCAL_COUNT: 41
GLOBAL_COUNT: 41

BASE_AFTER:
(begin
  (send
    (begin
      (send
        (lvar InvitationCode(id: integer, token: string, diaspora_user_id: integer, count: integer)) :count)) :-
    (int 2)))
BASETYPE: Integer
SIZE WORK_LIST: 74
SIZE generated: 2
EVALUABLE#: 0

-------------------------

----------------
TTYPES
true or false
true or false
true or false
true or false
true or false
true or false
true or false
true or false
true or false
true or false

PROGS

LOCAL_COUNT: 42
GLOBAL_COUNT: 42

BASE_AFTER:
(begin
  (send
    (lvar :arg0) :count=
    (begin
      (send
        (hole 0 {:hash_depth=>0, :limit_depth=>true, :recv=>true}) :-
        (hole 0 {:hash_depth=>0, :method_arg=>true}))))
  (true))
BASETYPE: true or false
SIZE WORK_LIST: 75
SIZE generated: 10
EVALUABLE#: 9

-------------------------

----------------
TTYPES
true or false

PROGS

LOCAL_COUNT: 43
GLOBAL_COUNT: 43

BASE_AFTER:
(begin
  (send
    (lvar :arg0) :count=
    (begin
      (send
        (hole 0 {:hash_depth=>0, :limit_depth=>true, :recv=>true}) :count)))
  (true))
BASETYPE: true or false
SIZE WORK_LIST: 75
SIZE generated: 1
EVALUABLE#: 1

-------------------------

----------------
TTYPES
true or false
true or false
true or false
true or false
true or false
true or false

PROGS

LOCAL_COUNT: 44
GLOBAL_COUNT: 44

BASE_AFTER:
(begin
  (send
    (lvar :arg0) :diaspora_user=
    (hole 1 {:hash_depth=>0, :method_arg=>true, :variance=>:+}))
  (true))
BASETYPE: true or false
SIZE WORK_LIST: 75
SIZE generated: 6
EVALUABLE#: 0

-------------------------

----------------
TTYPES
true or false
true or false

PROGS

LOCAL_COUNT: 45
GLOBAL_COUNT: 45

BASE_AFTER:
(begin
  (send
    (lvar :arg0) :count=
    (begin
      (send
        (lvar InvitationCode(id: integer, token: string, diaspora_user_id: integer, count: integer)) :count)))
  (true))
BASETYPE: true or false
SIZE WORK_LIST: 80
SIZE generated: 2
EVALUABLE#: 0

-------------------------

----------------
TTYPES
true or false

PROGS

LOCAL_COUNT: 46
GLOBAL_COUNT: 46

BASE_AFTER:
(begin
  (send
    (lvar :arg0) :diaspora_user=
    (begin
      (send
        (hole 0 {:hash_depth=>0, :limit_depth=>true, :recv=>true}) :count)))
  (true))
BASETYPE: true or false
SIZE WORK_LIST: 81
SIZE generated: 1
EVALUABLE#: 1

-------------------------

----------------
TTYPES
true or false
true or false
true or false
true or false
true or false
true or false
true or false
true or false
true or false
true or false
true or false

PROGS

LOCAL_COUNT: 47
GLOBAL_COUNT: 47

BASE_AFTER:
(begin
  (send
    (lvar :arg0) :count=
    (hole 1 {:hash_depth=>0, :method_arg=>true, :variance=>:+}))
  (false))
BASETYPE: true or false
SIZE WORK_LIST: 80
SIZE generated: 11
EVALUABLE#: 0

-------------------------

----------------
TTYPES
true or false

PROGS

LOCAL_COUNT: 48
GLOBAL_COUNT: 48

BASE_AFTER:
(begin
  (send
    (lvar :arg0) :count=
    (begin
      (send
        (hole 0 {:hash_depth=>0, :limit_depth=>true, :recv=>true}) :count)))
  (false))
BASETYPE: true or false
SIZE WORK_LIST: 90
SIZE generated: 1
EVALUABLE#: 1

-------------------------

----------------
TTYPES
true or false
true or false
true or false
true or false
true or false
true or false

PROGS

LOCAL_COUNT: 49
GLOBAL_COUNT: 49

BASE_AFTER:
(begin
  (send
    (lvar :arg0) :diaspora_user=
    (hole 1 {:hash_depth=>0, :method_arg=>true, :variance=>:+}))
  (false))
BASETYPE: true or false
SIZE WORK_LIST: 90
SIZE generated: 6
EVALUABLE#: 0

-------------------------

----------------
TTYPES
true or false
true or false

PROGS

LOCAL_COUNT: 50
GLOBAL_COUNT: 50

BASE_AFTER:
(begin
  (send
    (lvar :arg0) :count=
    (begin
      (send
        (lvar InvitationCode(id: integer, token: string, diaspora_user_id: integer, count: integer)) :count)))
  (false))
BASETYPE: true or false
SIZE WORK_LIST: 95
SIZE generated: 2
EVALUABLE#: 0

-------------------------

----------------
TTYPES
true or false

PROGS

LOCAL_COUNT: 51
GLOBAL_COUNT: 51

BASE_AFTER:
(begin
  (send
    (lvar :arg0) :diaspora_user=
    (begin
      (send
        (hole 0 {:hash_depth=>0, :limit_depth=>true, :recv=>true}) :count)))
  (false))
BASETYPE: true or false
SIZE WORK_LIST: 96
SIZE generated: 1
EVALUABLE#: 1

-------------------------

----------------
TTYPES
Integer
Integer
Integer
Integer
Integer
Integer
Integer
Integer
Integer
Integer
Integer

PROGS

LOCAL_COUNT: 52
GLOBAL_COUNT: 52

BASE_AFTER:
(begin
  (send
    (lvar :arg0) :count=
    (hole 1 {:hash_depth=>0, :method_arg=>true, :variance=>:+}))
  (int 0))
BASETYPE: Integer
SIZE WORK_LIST: 95
SIZE generated: 11
EVALUABLE#: 0

-------------------------

----------------
TTYPES
Integer

PROGS

LOCAL_COUNT: 53
GLOBAL_COUNT: 53

BASE_AFTER:
(begin
  (send
    (lvar :arg0) :count=
    (begin
      (send
        (hole 0 {:hash_depth=>0, :limit_depth=>true, :recv=>true}) :count)))
  (int 0))
BASETYPE: Integer
SIZE WORK_LIST: 105
SIZE generated: 1
EVALUABLE#: 1

-------------------------

----------------
TTYPES
Integer
Integer
Integer
Integer
Integer
Integer

PROGS

LOCAL_COUNT: 54
GLOBAL_COUNT: 54

BASE_AFTER:
(begin
  (send
    (lvar :arg0) :diaspora_user=
    (hole 1 {:hash_depth=>0, :method_arg=>true, :variance=>:+}))
  (int 0))
BASETYPE: Integer
SIZE WORK_LIST: 105
SIZE generated: 6
EVALUABLE#: 0

-------------------------

----------------
TTYPES
Integer
Integer

PROGS

LOCAL_COUNT: 55
GLOBAL_COUNT: 55

BASE_AFTER:
(begin
  (send
    (lvar :arg0) :count=
    (begin
      (send
        (lvar InvitationCode(id: integer, token: string, diaspora_user_id: integer, count: integer)) :count)))
  (int 0))
BASETYPE: Integer
SIZE WORK_LIST: 110
SIZE generated: 2
EVALUABLE#: 0

-------------------------

----------------
TTYPES
Integer

PROGS

LOCAL_COUNT: 56
GLOBAL_COUNT: 56

BASE_AFTER:
(begin
  (send
    (lvar :arg0) :diaspora_user=
    (begin
      (send
        (hole 0 {:hash_depth=>0, :limit_depth=>true, :recv=>true}) :count)))
  (int 0))
BASETYPE: Integer
SIZE WORK_LIST: 111
SIZE generated: 1
EVALUABLE#: 1

-------------------------

----------------
TTYPES
Integer
Integer
Integer
Integer
Integer
Integer
Integer
Integer
Integer
Integer
Integer

PROGS

LOCAL_COUNT: 57
GLOBAL_COUNT: 57

BASE_AFTER:
(begin
  (send
    (lvar :arg0) :count=
    (hole 1 {:hash_depth=>0, :method_arg=>true, :variance=>:+}))
  (int 1))
BASETYPE: Integer
SIZE WORK_LIST: 110
SIZE generated: 11
EVALUABLE#: 0

-------------------------

----------------
TTYPES
Integer

PROGS

LOCAL_COUNT: 58
GLOBAL_COUNT: 58

BASE_AFTER:
(begin
  (send
    (lvar :arg0) :count=
    (begin
      (send
        (hole 0 {:hash_depth=>0, :limit_depth=>true, :recv=>true}) :count)))
  (int 1))
BASETYPE: Integer
SIZE WORK_LIST: 120
SIZE generated: 1
EVALUABLE#: 1

-------------------------

----------------
TTYPES
Integer
Integer
Integer
Integer
Integer
Integer

PROGS

LOCAL_COUNT: 59
GLOBAL_COUNT: 59

BASE_AFTER:
(begin
  (send
    (lvar :arg0) :diaspora_user=
    (hole 1 {:hash_depth=>0, :method_arg=>true, :variance=>:+}))
  (int 1))
BASETYPE: Integer
SIZE WORK_LIST: 120
SIZE generated: 6
EVALUABLE#: 0

-------------------------

----------------
TTYPES
Integer
Integer

PROGS

LOCAL_COUNT: 60
GLOBAL_COUNT: 60

BASE_AFTER:
(begin
  (send
    (lvar :arg0) :count=
    (begin
      (send
        (lvar InvitationCode(id: integer, token: string, diaspora_user_id: integer, count: integer)) :count)))
  (int 1))
BASETYPE: Integer
SIZE WORK_LIST: 125
SIZE generated: 2
EVALUABLE#: 0

-------------------------

----------------
TTYPES
true or false
true or false
Integer
Integer
Integer
String
%bot

PROGS

LOCAL_COUNT: 1
GLOBAL_COUNT: 61

BASE_AFTER:
(filled-hole
  (true)
  (false)
  (int 0)
  (int 1)
  (int 2)
  (str "")
  (hole 1 {:hash_depth=>0, :method_arg=>false, :variance=>:-}) {:method_arg=>false})
BASETYPE: %bot
SIZE WORK_LIST: 0
SIZE generated: 7
EVALUABLE#: 6

-------------------------

----------------
TTYPES
true or false
true or false

PROGS

LOCAL_COUNT: 2
GLOBAL_COUNT: 62

BASE_AFTER:
(true)
BASETYPE: true or false
SIZE WORK_LIST: 6
SIZE generated: 2
EVALUABLE#: 0

-------------------------

----------------
TTYPES
true or false
true or false

PROGS

LOCAL_COUNT: 3
GLOBAL_COUNT: 63

BASE_AFTER:
(false)
BASETYPE: true or false
SIZE WORK_LIST: 7
SIZE generated: 2
EVALUABLE#: 0

-------------------------

----------------
TTYPES
Integer
Integer

PROGS

LOCAL_COUNT: 4
GLOBAL_COUNT: 64

BASE_AFTER:
(int 0)
BASETYPE: Integer
SIZE WORK_LIST: 8
SIZE generated: 2
EVALUABLE#: 0

-------------------------

----------------
TTYPES
Integer
Integer

PROGS

LOCAL_COUNT: 5
GLOBAL_COUNT: 65

BASE_AFTER:
(int 1)
BASETYPE: Integer
SIZE WORK_LIST: 9
SIZE generated: 2
EVALUABLE#: 0

-------------------------

----------------
TTYPES
Integer
Integer

PROGS

LOCAL_COUNT: 6
GLOBAL_COUNT: 66

BASE_AFTER:
(int 2)
BASETYPE: Integer
SIZE WORK_LIST: 10
SIZE generated: 2
EVALUABLE#: 0

-------------------------

----------------
TTYPES
String
String

PROGS

LOCAL_COUNT: 7
GLOBAL_COUNT: 67

BASE_AFTER:
(str "")
BASETYPE: String
SIZE WORK_LIST: 11
SIZE generated: 2
EVALUABLE#: 0

-------------------------

----------------
TTYPES
%bot

PROGS

LOCAL_COUNT: 8
GLOBAL_COUNT: 68

BASE_AFTER:
(filled-hole
  (hole 2 {:hash_depth=>0, :method_arg=>false, :variance=>:-}) {:method_arg=>false})
BASETYPE: %bot
SIZE WORK_LIST: 12
SIZE generated: 1
EVALUABLE#: 0

-------------------------

----------------
TTYPES
true or false
true or false
true or false
true or false

PROGS

LOCAL_COUNT: 9
GLOBAL_COUNT: 69

BASE_AFTER:
(begin
  (send
    (hole 0 {:hash_depth=>0, :limit_depth=>true, :recv=>true}) :count=
    (hole 0 {:hash_depth=>0, :method_arg=>true}))
  (true))
BASETYPE: true or false
SIZE WORK_LIST: 12
SIZE generated: 4
EVALUABLE#: 3

-------------------------

----------------
TTYPES
true or false

PROGS

LOCAL_COUNT: 1
GLOBAL_COUNT: 70

BASE_AFTER:
(filled-hole
  (hole 1 {:hash_depth=>0, :method_arg=>false, :variance=>:+}) {:method_arg=>false})
BASETYPE: true or false
SIZE WORK_LIST: 0
SIZE generated: 1
EVALUABLE#: 0

-------------------------

----------------
TTYPES
true or false
true or false

PROGS

LOCAL_COUNT: 2
GLOBAL_COUNT: 71

BASE_AFTER:
(filled-hole
  (begin
    (send
      (hole 0 {:hash_depth=>0, :limit_depth=>true, :recv=>true}) :-
      (hole 0 {:hash_depth=>0, :method_arg=>true})))
  (begin
    (send
      (hole 0 {:hash_depth=>0, :limit_depth=>true, :recv=>true}) :save))
  (begin
    (send
      (hole 0 {:hash_depth=>0, :limit_depth=>true, :recv=>true}) :count))
  (begin
    (send
      (hole 0 {:hash_depth=>0, :limit_depth=>true, :recv=>true}) :-
      (hole 0 {:hash_depth=>0, :method_arg=>true})))
  (begin
    (send
      (hole 0 {:hash_depth=>0, :limit_depth=>true, :recv=>true}) :save))
  (hole 2 {:hash_depth=>0, :method_arg=>false, :variance=>:+}) {:method_arg=>false})
BASETYPE: true or false
SIZE WORK_LIST: 0
SIZE generated: 2
EVALUABLE#: 0

-------------------------

----------------
TTYPES
true or false

PROGS

LOCAL_COUNT: 3
GLOBAL_COUNT: 72

BASE_AFTER:
(begin
  (send
    (filled-hole
      (lvar InvitationCode(id: integer, token: string, diaspora_user_id: integer, count: integer)) {:method_arg=>false}) :save))
BASETYPE: true or false
SIZE WORK_LIST: 1
SIZE generated: 1
EVALUABLE#: 1

-------------------------

----------------
TTYPES
Integer
true or false
Integer
true or false
true or false
true or false
Integer
true or false
Integer
true or false
Integer
true or false
Integer
true or false
true or false
true or false
true or false
true or false
true or false
true or false
true or false
true or false
true or false
true or false
true or false
true or false
true or false
true or false
true or false
true or false
true or false
true or false
true or false
true or false
true or false
true or false
Integer
true or false
true or false
true or false
true or false
true or false
true or false
true or false
true or false
true or false
true or false
true or false
true or false
true or false
true or false
true or false
true or false
true or false
true or false
true or false
true or false
true or false
true or false
Integer
true or false
true or false

PROGS

LOCAL_COUNT: 4
GLOBAL_COUNT: 73

BASE_AFTER:
(filled-hole
  (begin
    (send
      (send
        (hole 0 {:hash_depth=>0, :limit_depth=>true, :recv=>true}) :id=
        (hole 0 {:hash_depth=>0, :method_arg=>true})) :-
      (hole 0 {:hash_depth=>0, :method_arg=>true})))
  (begin
    (send
      (send
        (hole 0 {:hash_depth=>0, :limit_depth=>true, :recv=>true}) :id=
        (hole 0 {:hash_depth=>0, :method_arg=>true})) :-
      (hole 0 {:hash_depth=>0, :method_arg=>true})))
  (begin
    (send
      (send
        (hole 0 {:hash_depth=>0, :limit_depth=>true, :recv=>true}) :id=
        (hole 0 {:hash_depth=>0, :method_arg=>true})) :-
      (hole 0 {:hash_depth=>0, :method_arg=>true})))
  (begin
    (send
      (send
        (hole 0 {:hash_depth=>0, :limit_depth=>true, :recv=>true}) :id=
        (hole 0 {:hash_depth=>0, :method_arg=>true})) :count))
  (begin
    (send
      (send
        (hole 0 {:hash_depth=>0, :limit_depth=>true, :recv=>true}) :id=
        (hole 0 {:hash_depth=>0, :method_arg=>true})) :save))
  (begin
    (send
      (send
        (hole 0 {:hash_depth=>0, :limit_depth=>true, :recv=>true}) :id) :-
      (hole 0 {:hash_depth=>0, :method_arg=>true})))
  (begin
    (send
      (send
        (hole 0 {:hash_depth=>0, :limit_depth=>true, :recv=>true}) :id) :-
      (hole 0 {:hash_depth=>0, :method_arg=>true})))
  (begin
    (send
      (send
        (hole 0 {:hash_depth=>0, :limit_depth=>true, :recv=>true}) :id) :-
      (hole 0 {:hash_depth=>0, :method_arg=>true})))
  (begin
    (send
      (send
        (hole 0 {:hash_depth=>0, :limit_depth=>true, :recv=>true}) :id) :count))
  (begin
    (send
      (send
        (hole 0 {:hash_depth=>0, :limit_depth=>true, :recv=>true}) :id) :save))
  (begin
    (send
      (send
        (hole 0 {:hash_depth=>0, :limit_depth=>true, :recv=>true}) :token=
        (hole 0 {:hash_depth=>0, :method_arg=>true})) :count))
  (begin
    (send
      (send
        (hole 0 {:hash_depth=>0, :limit_depth=>true, :recv=>true}) :token=
        (hole 0 {:hash_depth=>0, :method_arg=>true})) :-
      (hole 0 {:hash_depth=>0, :method_arg=>true})))
  (begin
    (send
      (send
        (hole 0 {:hash_depth=>0, :limit_depth=>true, :recv=>true}) :token=
        (hole 0 {:hash_depth=>0, :method_arg=>true})) :save))
  (begin
    (send
      (send
        (hole 0 {:hash_depth=>0, :limit_depth=>true, :recv=>true}) :token) :count))
  (begin
    (send
      (send
        (hole 0 {:hash_depth=>0, :limit_depth=>true, :recv=>true}) :token) :-
      (hole 0 {:hash_depth=>0, :method_arg=>true})))
  (begin
    (send
      (send
        (hole 0 {:hash_depth=>0, :limit_depth=>true, :recv=>true}) :token) :save))
  (begin
    (send
      (send
        (hole 0 {:hash_depth=>0, :limit_depth=>true, :recv=>true}) :diaspora_user_id=
        (hole 0 {:hash_depth=>0, :method_arg=>true})) :-
      (hole 0 {:hash_depth=>0, :method_arg=>true})))
  (begin
    (send
      (send
        (hole 0 {:hash_depth=>0, :limit_depth=>true, :recv=>true}) :diaspora_user_id=
        (hole 0 {:hash_depth=>0, :method_arg=>true})) :-
      (hole 0 {:hash_depth=>0, :method_arg=>true})))
  (begin
    (send
      (send
        (hole 0 {:hash_depth=>0, :limit_depth=>true, :recv=>true}) :diaspora_user_id=
        (hole 0 {:hash_depth=>0, :method_arg=>true})) :-
      (hole 0 {:hash_depth=>0, :method_arg=>true})))
  (begin
    (send
      (send
        (hole 0 {:hash_depth=>0, :limit_depth=>true, :recv=>true}) :diaspora_user_id=
        (hole 0 {:hash_depth=>0, :method_arg=>true})) :count))
  (begin
    (send
      (send
        (hole 0 {:hash_depth=>0, :limit_depth=>true, :recv=>true}) :diaspora_user_id=
        (hole 0 {:hash_depth=>0, :method_arg=>true})) :save))
  (begin
    (send
      (send
        (hole 0 {:hash_depth=>0, :limit_depth=>true, :recv=>true}) :diaspora_user_id) :-
      (hole 0 {:hash_depth=>0, :method_arg=>true})))
  (begin
    (send
      (send
        (hole 0 {:hash_depth=>0, :limit_depth=>true, :recv=>true}) :diaspora_user_id) :-
      (hole 0 {:hash_depth=>0, :method_arg=>true})))
  (begin
    (send
      (send
        (hole 0 {:hash_depth=>0, :limit_depth=>true, :recv=>true}) :diaspora_user_id) :-
      (hole 0 {:hash_depth=>0, :method_arg=>true})))
  (begin
    (send
      (send
        (hole 0 {:hash_depth=>0, :limit_depth=>true, :recv=>true}) :diaspora_user_id) :count))
  (begin
    (send
      (send
        (hole 0 {:hash_depth=>0, :limit_depth=>true, :recv=>true}) :diaspora_user_id) :save))
  (begin
    (send
      (send
        (hole 0 {:hash_depth=>0, :limit_depth=>true, :recv=>true}) :count=
        (hole 0 {:hash_depth=>0, :method_arg=>true})) :-
      (hole 0 {:hash_depth=>0, :method_arg=>true})))
  (begin
    (send
      (send
        (hole 0 {:hash_depth=>0, :limit_depth=>true, :recv=>true}) :count=
        (hole 0 {:hash_depth=>0, :method_arg=>true})) :-
      (hole 0 {:hash_depth=>0, :method_arg=>true})))
  (begin
    (send
      (send
        (hole 0 {:hash_depth=>0, :limit_depth=>true, :recv=>true}) :count=
        (hole 0 {:hash_depth=>0, :method_arg=>true})) :-
      (hole 0 {:hash_depth=>0, :method_arg=>true})))
  (begin
    (send
      (send
        (hole 0 {:hash_depth=>0, :limit_depth=>true, :recv=>true}) :count=
        (hole 0 {:hash_depth=>0, :method_arg=>true})) :count))
  (begin
    (send
      (send
        (hole 0 {:hash_depth=>0, :limit_depth=>true, :recv=>true}) :count=
        (hole 0 {:hash_depth=>0, :method_arg=>true})) :save))
  (begin
    (send
      (begin
        (send
          (hole 0 {:hash_depth=>0, :limit_depth=>true, :recv=>true}) :count)) :-
      (hole 0 {:hash_depth=>0, :method_arg=>true})))
  (begin
    (send
      (begin
        (send
          (hole 0 {:hash_depth=>0, :limit_depth=>true, :recv=>true}) :count)) :-
      (hole 0 {:hash_depth=>0, :method_arg=>true})))
  (begin
    (send
      (begin
        (send
          (hole 0 {:hash_depth=>0, :limit_depth=>true, :recv=>true}) :count)) :-
      (hole 0 {:hash_depth=>0, :method_arg=>true})))
  (begin
    (send
      (begin
        (send
          (hole 0 {:hash_depth=>0, :limit_depth=>true, :recv=>true}) :count)) :-
      (hole 0 {:hash_depth=>0, :method_arg=>true})))
  (begin
    (send
      (begin
        (send
          (hole 0 {:hash_depth=>0, :limit_depth=>true, :recv=>true}) :count)) :-
      (hole 0 {:hash_depth=>0, :method_arg=>true})))
  (begin
    (send
      (begin
        (send
          (hole 0 {:hash_depth=>0, :limit_depth=>true, :recv=>true}) :count)) :-
      (hole 0 {:hash_depth=>0, :method_arg=>true})))
  (begin
    (send
      (begin
        (send
          (hole 0 {:hash_depth=>0, :limit_depth=>true, :recv=>true}) :count)) :count))
  (begin
    (send
      (begin
        (send
          (hole 0 {:hash_depth=>0, :limit_depth=>true, :recv=>true}) :count)) :count))
  (begin
    (send
      (begin
        (send
          (hole 0 {:hash_depth=>0, :limit_depth=>true, :recv=>true}) :count)) :save))
  (begin
    (send
      (begin
        (send
          (hole 0 {:hash_depth=>0, :limit_depth=>true, :recv=>true}) :count)) :save))
  (begin
    (send
      (send
        (hole 0 {:hash_depth=>0, :limit_depth=>true, :recv=>true}) :diaspora_user) :count))
  (begin
    (send
      (send
        (hole 0 {:hash_depth=>0, :limit_depth=>true, :recv=>true}) :diaspora_user) :-
      (hole 0 {:hash_depth=>0, :method_arg=>true})))
  (begin
    (send
      (send
        (hole 0 {:hash_depth=>0, :limit_depth=>true, :recv=>true}) :diaspora_user) :save))
  (begin
    (send
      (send
        (hole 0 {:hash_depth=>0, :limit_depth=>true, :recv=>true}) :diaspora_user=
        (hole 0 {:hash_depth=>0, :method_arg=>true})) :count))
  (begin
    (send
      (send
        (hole 0 {:hash_depth=>0, :limit_depth=>true, :recv=>true}) :diaspora_user=
        (hole 0 {:hash_depth=>0, :method_arg=>true})) :-
      (hole 0 {:hash_depth=>0, :method_arg=>true})))
  (begin
    (send
      (send
        (hole 0 {:hash_depth=>0, :limit_depth=>true, :recv=>true}) :diaspora_user=
        (hole 0 {:hash_depth=>0, :method_arg=>true})) :save))
  (send
    (begin
      (send
        (hole 0 {:hash_depth=>0, :limit_depth=>true, :recv=>true}) :-
        (hole 0 {:hash_depth=>0, :method_arg=>true}))) :confirmed=
    (hole 0 {:hash_depth=>0, :method_arg=>true}))
  (send
    (begin
      (send
        (hole 0 {:hash_depth=>0, :limit_depth=>true, :recv=>true}) :-
        (hole 0 {:hash_depth=>0, :method_arg=>true}))) :confirmed)
  (send
    (begin
      (send
        (hole 0 {:hash_depth=>0, :limit_depth=>true, :recv=>true}) :-
        (hole 0 {:hash_depth=>0, :method_arg=>true}))) :expired=
    (hole 0 {:hash_depth=>0, :method_arg=>true}))
  (send
    (begin
      (send
        (hole 0 {:hash_depth=>0, :limit_depth=>true, :recv=>true}) :-
        (hole 0 {:hash_depth=>0, :method_arg=>true}))) :expired)
  (send
    (begin
      (send
        (hole 0 {:hash_depth=>0, :limit_depth=>true, :recv=>true}) :-
        (hole 0 {:hash_depth=>0, :method_arg=>true}))) :discoverable=
    (hole 0 {:hash_depth=>0, :method_arg=>true}))
  (send
    (begin
      (send
        (hole 0 {:hash_depth=>0, :limit_depth=>true, :recv=>true}) :-
        (hole 0 {:hash_depth=>0, :method_arg=>true}))) :discoverable)
  (send
    (begin
      (send
        (hole 0 {:hash_depth=>0, :limit_depth=>true, :recv=>true}) :-
        (hole 0 {:hash_depth=>0, :method_arg=>true}))) :scheduled_check=
    (hole 0 {:hash_depth=>0, :method_arg=>true}))
  (send
    (begin
      (send
        (hole 0 {:hash_depth=>0, :limit_depth=>true, :recv=>true}) :-
        (hole 0 {:hash_depth=>0, :method_arg=>true}))) :scheduled_check)
  (send
    (begin
      (send
        (hole 0 {:hash_depth=>0, :limit_depth=>true, :recv=>true}) :-
        (hole 0 {:hash_depth=>0, :method_arg=>true}))) :otp_required_for_login=
    (hole 0 {:hash_depth=>0, :method_arg=>true}))
  (send
    (begin
      (send
        (hole 0 {:hash_depth=>0, :limit_depth=>true, :recv=>true}) :-
        (hole 0 {:hash_depth=>0, :method_arg=>true}))) :otp_required_for_login)
  (send
    (begin
      (send
        (hole 0 {:hash_depth=>0, :limit_depth=>true, :recv=>true}) :-
        (hole 0 {:hash_depth=>0, :method_arg=>true}))) :admin=
    (hole 0 {:hash_depth=>0, :method_arg=>true}))
  (send
    (begin
      (send
        (hole 0 {:hash_depth=>0, :limit_depth=>true, :recv=>true}) :-
        (hole 0 {:hash_depth=>0, :method_arg=>true}))) :admin)
  (send
    (begin
      (send
        (hole 0 {:hash_depth=>0, :limit_depth=>true, :recv=>true}) :-
        (hole 0 {:hash_depth=>0, :method_arg=>true}))) :staged=
    (hole 0 {:hash_depth=>0, :method_arg=>true}))
  (send
    (begin
      (send
        (hole 0 {:hash_depth=>0, :limit_depth=>true, :recv=>true}) :-
        (hole 0 {:hash_depth=>0, :method_arg=>true}))) :staged)
  (send
    (begin
      (send
        (hole 0 {:hash_depth=>0, :limit_depth=>true, :recv=>true}) :-
        (hole 0 {:hash_depth=>0, :method_arg=>true}))) :active=
    (hole 0 {:hash_depth=>0, :method_arg=>true}))
  (send
    (begin
      (send
        (hole 0 {:hash_depth=>0, :limit_depth=>true, :recv=>true}) :-
        (hole 0 {:hash_depth=>0, :method_arg=>true}))) :active)
  (send
    (begin
      (send
        (hole 0 {:hash_depth=>0, :limit_depth=>true, :recv=>true}) :-
        (hole 0 {:hash_depth=>0, :method_arg=>true}))) :primary=
    (hole 0 {:hash_depth=>0, :method_arg=>true}))
  (send
    (begin
      (send
        (hole 0 {:hash_depth=>0, :limit_depth=>true, :recv=>true}) :-
        (hole 0 {:hash_depth=>0, :method_arg=>true}))) :primary)
  (send
    (begin
      (send
        (hole 0 {:hash_depth=>0, :limit_depth=>true, :recv=>true}) :-
        (hole 0 {:hash_depth=>0, :method_arg=>true}))) :moderator=
    (hole 0 {:hash_depth=>0, :method_arg=>true}))
  (send
    (begin
      (send
        (hole 0 {:hash_depth=>0, :limit_depth=>true, :recv=>true}) :-
        (hole 0 {:hash_depth=>0, :method_arg=>true}))) :moderator)
  (begin
    (send
      (begin
        (send
          (hole 0 {:hash_depth=>0, :limit_depth=>true, :recv=>true}) :-
          (hole 0 {:hash_depth=>0, :method_arg=>true}))) :-
      (hole 0 {:hash_depth=>0, :method_arg=>true})))
  (begin
    (send
      (begin
        (send
          (hole 0 {:hash_depth=>0, :limit_depth=>true, :recv=>true}) :-
          (hole 0 {:hash_depth=>0, :method_arg=>true}))) :-
      (hole 0 {:hash_depth=>0, :method_arg=>true})))
  (begin
    (send
      (begin
        (send
          (hole 0 {:hash_depth=>0, :limit_depth=>true, :recv=>true}) :-
          (hole 0 {:hash_depth=>0, :method_arg=>true}))) :-
      (hole 0 {:hash_depth=>0, :method_arg=>true})))
  (begin
    (send
      (begin
        (send
          (hole 0 {:hash_depth=>0, :limit_depth=>true, :recv=>true}) :-
          (hole 0 {:hash_depth=>0, :method_arg=>true}))) :save))
  (begin
    (send
      (begin
        (send
          (hole 0 {:hash_depth=>0, :limit_depth=>true, :recv=>true}) :save)) :count))
  (begin
    (send
      (begin
        (send
          (hole 0 {:hash_depth=>0, :limit_depth=>true, :recv=>true}) :save)) :-
      (hole 0 {:hash_depth=>0, :method_arg=>true})))
  (begin
    (send
      (begin
        (send
          (hole 0 {:hash_depth=>0, :limit_depth=>true, :recv=>true}) :save)) :save))
  (send
    (begin
      (send
        (hole 0 {:hash_depth=>0, :limit_depth=>true, :recv=>true}) :count)) :confirmed=
    (hole 0 {:hash_depth=>0, :method_arg=>true}))
  (send
    (begin
      (send
        (hole 0 {:hash_depth=>0, :limit_depth=>true, :recv=>true}) :count)) :confirmed)
  (send
    (begin
      (send
        (hole 0 {:hash_depth=>0, :limit_depth=>true, :recv=>true}) :count)) :expired=
    (hole 0 {:hash_depth=>0, :method_arg=>true}))
  (send
    (begin
      (send
        (hole 0 {:hash_depth=>0, :limit_depth=>true, :recv=>true}) :count)) :expired)
  (send
    (begin
      (send
        (hole 0 {:hash_depth=>0, :limit_depth=>true, :recv=>true}) :count)) :discoverable=
    (hole 0 {:hash_depth=>0, :method_arg=>true}))
  (send
    (begin
      (send
        (hole 0 {:hash_depth=>0, :limit_depth=>true, :recv=>true}) :count)) :discoverable)
  (send
    (begin
      (send
        (hole 0 {:hash_depth=>0, :limit_depth=>true, :recv=>true}) :count)) :scheduled_check=
    (hole 0 {:hash_depth=>0, :method_arg=>true}))
  (send
    (begin
      (send
        (hole 0 {:hash_depth=>0, :limit_depth=>true, :recv=>true}) :count)) :scheduled_check)
  (send
    (begin
      (send
        (hole 0 {:hash_depth=>0, :limit_depth=>true, :recv=>true}) :count)) :otp_required_for_login=
    (hole 0 {:hash_depth=>0, :method_arg=>true}))
  (send
    (begin
      (send
        (hole 0 {:hash_depth=>0, :limit_depth=>true, :recv=>true}) :count)) :otp_required_for_login)
  (send
    (begin
      (send
        (hole 0 {:hash_depth=>0, :limit_depth=>true, :recv=>true}) :count)) :admin=
    (hole 0 {:hash_depth=>0, :method_arg=>true}))
  (send
    (begin
      (send
        (hole 0 {:hash_depth=>0, :limit_depth=>true, :recv=>true}) :count)) :admin)
  (send
    (begin
      (send
        (hole 0 {:hash_depth=>0, :limit_depth=>true, :recv=>true}) :count)) :staged=
    (hole 0 {:hash_depth=>0, :method_arg=>true}))
  (send
    (begin
      (send
        (hole 0 {:hash_depth=>0, :limit_depth=>true, :recv=>true}) :count)) :staged)
  (send
    (begin
      (send
        (hole 0 {:hash_depth=>0, :limit_depth=>true, :recv=>true}) :count)) :active=
    (hole 0 {:hash_depth=>0, :method_arg=>true}))
  (send
    (begin
      (send
        (hole 0 {:hash_depth=>0, :limit_depth=>true, :recv=>true}) :count)) :active)
  (send
    (begin
      (send
        (hole 0 {:hash_depth=>0, :limit_depth=>true, :recv=>true}) :count)) :primary=
    (hole 0 {:hash_depth=>0, :method_arg=>true}))
  (send
    (begin
      (send
        (hole 0 {:hash_depth=>0, :limit_depth=>true, :recv=>true}) :count)) :primary)
  (send
    (begin
      (send
        (hole 0 {:hash_depth=>0, :limit_depth=>true, :recv=>true}) :count)) :moderator=
    (hole 0 {:hash_depth=>0, :method_arg=>true}))
  (send
    (begin
      (send
        (hole 0 {:hash_depth=>0, :limit_depth=>true, :recv=>true}) :count)) :moderator)
  (begin
    (send
      (begin
        (send
          (hole 0 {:hash_depth=>0, :limit_depth=>true, :recv=>true}) :count)) :-
      (hole 0 {:hash_depth=>0, :method_arg=>true})))
  (begin
    (send
      (begin
        (send
          (hole 0 {:hash_depth=>0, :limit_depth=>true, :recv=>true}) :count)) :-
      (hole 0 {:hash_depth=>0, :method_arg=>true})))
  (begin
    (send
      (begin
        (send
          (hole 0 {:hash_depth=>0, :limit_depth=>true, :recv=>true}) :count)) :-
      (hole 0 {:hash_depth=>0, :method_arg=>true})))
  (begin
    (send
      (begin
        (send
          (hole 0 {:hash_depth=>0, :limit_depth=>true, :recv=>true}) :count)) :save))
  (send
    (begin
      (send
        (hole 0 {:hash_depth=>0, :limit_depth=>true, :recv=>true}) :-
        (hole 0 {:hash_depth=>0, :method_arg=>true}))) :confirmed=
    (hole 0 {:hash_depth=>0, :method_arg=>true}))
  (send
    (begin
      (send
        (hole 0 {:hash_depth=>0, :limit_depth=>true, :recv=>true}) :-
        (hole 0 {:hash_depth=>0, :method_arg=>true}))) :confirmed)
  (send
    (begin
      (send
        (hole 0 {:hash_depth=>0, :limit_depth=>true, :recv=>true}) :-
        (hole 0 {:hash_depth=>0, :method_arg=>true}))) :expired=
    (hole 0 {:hash_depth=>0, :method_arg=>true}))
  (send
    (begin
      (send
        (hole 0 {:hash_depth=>0, :limit_depth=>true, :recv=>true}) :-
        (hole 0 {:hash_depth=>0, :method_arg=>true}))) :expired)
  (send
    (begin
      (send
        (hole 0 {:hash_depth=>0, :limit_depth=>true, :recv=>true}) :-
        (hole 0 {:hash_depth=>0, :method_arg=>true}))) :discoverable=
    (hole 0 {:hash_depth=>0, :method_arg=>true}))
  (send
    (begin
      (send
        (hole 0 {:hash_depth=>0, :limit_depth=>true, :recv=>true}) :-
        (hole 0 {:hash_depth=>0, :method_arg=>true}))) :discoverable)
  (send
    (begin
      (send
        (hole 0 {:hash_depth=>0, :limit_depth=>true, :recv=>true}) :-
        (hole 0 {:hash_depth=>0, :method_arg=>true}))) :scheduled_check=
    (hole 0 {:hash_depth=>0, :method_arg=>true}))
  (send
    (begin
      (send
        (hole 0 {:hash_depth=>0, :limit_depth=>true, :recv=>true}) :-
        (hole 0 {:hash_depth=>0, :method_arg=>true}))) :scheduled_check)
  (send
    (begin
      (send
        (hole 0 {:hash_depth=>0, :limit_depth=>true, :recv=>true}) :-
        (hole 0 {:hash_depth=>0, :method_arg=>true}))) :otp_required_for_login=
    (hole 0 {:hash_depth=>0, :method_arg=>true}))
  (send
    (begin
      (send
        (hole 0 {:hash_depth=>0, :limit_depth=>true, :recv=>true}) :-
        (hole 0 {:hash_depth=>0, :method_arg=>true}))) :otp_required_for_login)
  (send
    (begin
      (send
        (hole 0 {:hash_depth=>0, :limit_depth=>true, :recv=>true}) :-
        (hole 0 {:hash_depth=>0, :method_arg=>true}))) :admin=
    (hole 0 {:hash_depth=>0, :method_arg=>true}))
  (send
    (begin
      (send
        (hole 0 {:hash_depth=>0, :limit_depth=>true, :recv=>true}) :-
        (hole 0 {:hash_depth=>0, :method_arg=>true}))) :admin)
  (send
    (begin
      (send
        (hole 0 {:hash_depth=>0, :limit_depth=>true, :recv=>true}) :-
        (hole 0 {:hash_depth=>0, :method_arg=>true}))) :staged=
    (hole 0 {:hash_depth=>0, :method_arg=>true}))
  (send
    (begin
      (send
        (hole 0 {:hash_depth=>0, :limit_depth=>true, :recv=>true}) :-
        (hole 0 {:hash_depth=>0, :method_arg=>true}))) :staged)
  (send
    (begin
      (send
        (hole 0 {:hash_depth=>0, :limit_depth=>true, :recv=>true}) :-
        (hole 0 {:hash_depth=>0, :method_arg=>true}))) :active=
    (hole 0 {:hash_depth=>0, :method_arg=>true}))
  (send
    (begin
      (send
        (hole 0 {:hash_depth=>0, :limit_depth=>true, :recv=>true}) :-
        (hole 0 {:hash_depth=>0, :method_arg=>true}))) :active)
  (send
    (begin
      (send
        (hole 0 {:hash_depth=>0, :limit_depth=>true, :recv=>true}) :-
        (hole 0 {:hash_depth=>0, :method_arg=>true}))) :primary=
    (hole 0 {:hash_depth=>0, :method_arg=>true}))
  (send
    (begin
      (send
        (hole 0 {:hash_depth=>0, :limit_depth=>true, :recv=>true}) :-
        (hole 0 {:hash_depth=>0, :method_arg=>true}))) :primary)
  (send
    (begin
      (send
        (hole 0 {:hash_depth=>0, :limit_depth=>true, :recv=>true}) :-
        (hole 0 {:hash_depth=>0, :method_arg=>true}))) :moderator=
    (hole 0 {:hash_depth=>0, :method_arg=>true}))
  (send
    (begin
      (send
        (hole 0 {:hash_depth=>0, :limit_depth=>true, :recv=>true}) :-
        (hole 0 {:hash_depth=>0, :method_arg=>true}))) :moderator)
  (begin
    (send
      (begin
        (send
          (hole 0 {:hash_depth=>0, :limit_depth=>true, :recv=>true}) :-
          (hole 0 {:hash_depth=>0, :method_arg=>true}))) :-
      (hole 0 {:hash_depth=>0, :method_arg=>true})))
  (begin
    (send
      (begin
        (send
          (hole 0 {:hash_depth=>0, :limit_depth=>true, :recv=>true}) :-
          (hole 0 {:hash_depth=>0, :method_arg=>true}))) :-
      (hole 0 {:hash_depth=>0, :method_arg=>true})))
  (begin
    (send
      (begin
        (send
          (hole 0 {:hash_depth=>0, :limit_depth=>true, :recv=>true}) :-
          (hole 0 {:hash_depth=>0, :method_arg=>true}))) :-
      (hole 0 {:hash_depth=>0, :method_arg=>true})))
  (begin
    (send
      (begin
        (send
          (hole 0 {:hash_depth=>0, :limit_depth=>true, :recv=>true}) :-
          (hole 0 {:hash_depth=>0, :method_arg=>true}))) :save))
  (begin
    (send
      (begin
        (send
          (hole 0 {:hash_depth=>0, :limit_depth=>true, :recv=>true}) :save)) :count))
  (begin
    (send
      (begin
        (send
          (hole 0 {:hash_depth=>0, :limit_depth=>true, :recv=>true}) :save)) :-
      (hole 0 {:hash_depth=>0, :method_arg=>true})))
  (begin
    (send
      (begin
        (send
          (hole 0 {:hash_depth=>0, :limit_depth=>true, :recv=>true}) :save)) :save))
  (hole 3 {:hash_depth=>0, :method_arg=>false, :variance=>:+}) {:method_arg=>false})
BASETYPE: true or false
SIZE WORK_LIST: 0
SIZE generated: 62
EVALUABLE#: 0

-------------------------

----------------
TTYPES
true or false
true or false
true or false

PROGS

LOCAL_COUNT: 5
GLOBAL_COUNT: 74

BASE_AFTER:
(send
  (begin
    (send
      (filled-hole
        (lvar InvitationCode(id: integer, token: string, diaspora_user_id: integer, count: integer)) {:method_arg=>false}) :count)) :confirmed=
  (filled-hole
    (true)
    (false)
    (hole 1 {:hash_depth=>0, :method_arg=>true, :variance=>:+}) {:method_arg=>true}))
BASETYPE: true or false
SIZE WORK_LIST: 61
SIZE generated: 3
EVALUABLE#: 2

-------------------------

----------------
TTYPES
true or false

PROGS

LOCAL_COUNT: 6
GLOBAL_COUNT: 75

BASE_AFTER:
(send
  (begin
    (send
      (filled-hole
        (lvar InvitationCode(id: integer, token: string, diaspora_user_id: integer, count: integer)) {:method_arg=>false}) :count)) :confirmed)
BASETYPE: true or false
SIZE WORK_LIST: 61
SIZE generated: 1
EVALUABLE#: 1

-------------------------

----------------
TTYPES
true or false
true or false
true or false

PROGS

LOCAL_COUNT: 7
GLOBAL_COUNT: 76

BASE_AFTER:
(send
  (begin
    (send
      (filled-hole
        (lvar InvitationCode(id: integer, token: string, diaspora_user_id: integer, count: integer)) {:method_arg=>false}) :count)) :expired=
  (filled-hole
    (true)
    (false)
    (hole 1 {:hash_depth=>0, :method_arg=>true, :variance=>:+}) {:method_arg=>true}))
BASETYPE: true or false
SIZE WORK_LIST: 60
SIZE generated: 3
EVALUABLE#: 2

-------------------------

----------------
TTYPES
true or false

PROGS

LOCAL_COUNT: 8
GLOBAL_COUNT: 77

BASE_AFTER:
(send
  (begin
    (send
      (filled-hole
        (lvar InvitationCode(id: integer, token: string, diaspora_user_id: integer, count: integer)) {:method_arg=>false}) :count)) :expired)
BASETYPE: true or false
SIZE WORK_LIST: 60
SIZE generated: 1
EVALUABLE#: 1

-------------------------

----------------
TTYPES
true or false
true or false
true or false

PROGS

LOCAL_COUNT: 9
GLOBAL_COUNT: 78

BASE_AFTER:
(send
  (begin
    (send
      (filled-hole
        (lvar InvitationCode(id: integer, token: string, diaspora_user_id: integer, count: integer)) {:method_arg=>false}) :count)) :discoverable=
  (filled-hole
    (true)
    (false)
    (hole 1 {:hash_depth=>0, :method_arg=>true, :variance=>:+}) {:method_arg=>true}))
BASETYPE: true or false
SIZE WORK_LIST: 59
SIZE generated: 3
EVALUABLE#: 2

-------------------------

----------------
TTYPES
true or false

PROGS

LOCAL_COUNT: 10
GLOBAL_COUNT: 79

BASE_AFTER:
(send
  (begin
    (send
      (filled-hole
        (lvar InvitationCode(id: integer, token: string, diaspora_user_id: integer, count: integer)) {:method_arg=>false}) :count)) :discoverable)
BASETYPE: true or false
SIZE WORK_LIST: 59
SIZE generated: 1
EVALUABLE#: 1

-------------------------

----------------
TTYPES
true or false
true or false
true or false

PROGS

LOCAL_COUNT: 11
GLOBAL_COUNT: 80

BASE_AFTER:
(send
  (begin
    (send
      (filled-hole
        (lvar InvitationCode(id: integer, token: string, diaspora_user_id: integer, count: integer)) {:method_arg=>false}) :count)) :scheduled_check=
  (filled-hole
    (true)
    (false)
    (hole 1 {:hash_depth=>0, :method_arg=>true, :variance=>:+}) {:method_arg=>true}))
BASETYPE: true or false
SIZE WORK_LIST: 58
SIZE generated: 3
EVALUABLE#: 2

-------------------------

----------------
TTYPES
true or false

PROGS

LOCAL_COUNT: 12
GLOBAL_COUNT: 81

BASE_AFTER:
(send
  (begin
    (send
      (filled-hole
        (lvar InvitationCode(id: integer, token: string, diaspora_user_id: integer, count: integer)) {:method_arg=>false}) :count)) :scheduled_check)
BASETYPE: true or false
SIZE WORK_LIST: 58
SIZE generated: 1
EVALUABLE#: 1

-------------------------

----------------
TTYPES
true or false
true or false
true or false

PROGS

LOCAL_COUNT: 13
GLOBAL_COUNT: 82

BASE_AFTER:
(send
  (begin
    (send
      (filled-hole
        (lvar InvitationCode(id: integer, token: string, diaspora_user_id: integer, count: integer)) {:method_arg=>false}) :count)) :otp_required_for_login=
  (filled-hole
    (true)
    (false)
    (hole 1 {:hash_depth=>0, :method_arg=>true, :variance=>:+}) {:method_arg=>true}))
BASETYPE: true or false
SIZE WORK_LIST: 57
SIZE generated: 3
EVALUABLE#: 2

-------------------------

----------------
TTYPES
true or false

PROGS

LOCAL_COUNT: 14
GLOBAL_COUNT: 83

BASE_AFTER:
(send
  (begin
    (send
      (filled-hole
        (lvar InvitationCode(id: integer, token: string, diaspora_user_id: integer, count: integer)) {:method_arg=>false}) :count)) :otp_required_for_login)
BASETYPE: true or false
SIZE WORK_LIST: 57
SIZE generated: 1
EVALUABLE#: 1

-------------------------

----------------
TTYPES
true or false
true or false
true or false

PROGS

LOCAL_COUNT: 15
GLOBAL_COUNT: 84

BASE_AFTER:
(send
  (begin
    (send
      (filled-hole
        (lvar InvitationCode(id: integer, token: string, diaspora_user_id: integer, count: integer)) {:method_arg=>false}) :count)) :admin=
  (filled-hole
    (true)
    (false)
    (hole 1 {:hash_depth=>0, :method_arg=>true, :variance=>:+}) {:method_arg=>true}))
BASETYPE: true or false
SIZE WORK_LIST: 56
SIZE generated: 3
EVALUABLE#: 2

-------------------------

----------------
TTYPES
true or false

PROGS

LOCAL_COUNT: 16
GLOBAL_COUNT: 85

BASE_AFTER:
(send
  (begin
    (send
      (filled-hole
        (lvar InvitationCode(id: integer, token: string, diaspora_user_id: integer, count: integer)) {:method_arg=>false}) :count)) :admin)
BASETYPE: true or false
SIZE WORK_LIST: 56
SIZE generated: 1
EVALUABLE#: 1

-------------------------

----------------
TTYPES
true or false
true or false
true or false

PROGS

LOCAL_COUNT: 17
GLOBAL_COUNT: 86

BASE_AFTER:
(send
  (begin
    (send
      (filled-hole
        (lvar InvitationCode(id: integer, token: string, diaspora_user_id: integer, count: integer)) {:method_arg=>false}) :count)) :staged=
  (filled-hole
    (true)
    (false)
    (hole 1 {:hash_depth=>0, :method_arg=>true, :variance=>:+}) {:method_arg=>true}))
BASETYPE: true or false
SIZE WORK_LIST: 55
SIZE generated: 3
EVALUABLE#: 2

-------------------------

----------------
TTYPES
true or false

PROGS

LOCAL_COUNT: 18
GLOBAL_COUNT: 87

BASE_AFTER:
(send
  (begin
    (send
      (filled-hole
        (lvar InvitationCode(id: integer, token: string, diaspora_user_id: integer, count: integer)) {:method_arg=>false}) :count)) :staged)
BASETYPE: true or false
SIZE WORK_LIST: 55
SIZE generated: 1
EVALUABLE#: 1

-------------------------

----------------
TTYPES
true or false
true or false
true or false

PROGS

LOCAL_COUNT: 19
GLOBAL_COUNT: 88

BASE_AFTER:
(send
  (begin
    (send
      (filled-hole
        (lvar InvitationCode(id: integer, token: string, diaspora_user_id: integer, count: integer)) {:method_arg=>false}) :count)) :active=
  (filled-hole
    (true)
    (false)
    (hole 1 {:hash_depth=>0, :method_arg=>true, :variance=>:+}) {:method_arg=>true}))
BASETYPE: true or false
SIZE WORK_LIST: 54
SIZE generated: 3
EVALUABLE#: 2

-------------------------

----------------
TTYPES
true or false

PROGS

LOCAL_COUNT: 20
GLOBAL_COUNT: 89

BASE_AFTER:
(send
  (begin
    (send
      (filled-hole
        (lvar InvitationCode(id: integer, token: string, diaspora_user_id: integer, count: integer)) {:method_arg=>false}) :count)) :active)
BASETYPE: true or false
SIZE WORK_LIST: 54
SIZE generated: 1
EVALUABLE#: 1

-------------------------

----------------
TTYPES
true or false
true or false
true or false

PROGS

LOCAL_COUNT: 21
GLOBAL_COUNT: 90

BASE_AFTER:
(send
  (begin
    (send
      (filled-hole
        (lvar InvitationCode(id: integer, token: string, diaspora_user_id: integer, count: integer)) {:method_arg=>false}) :count)) :primary=
  (filled-hole
    (true)
    (false)
    (hole 1 {:hash_depth=>0, :method_arg=>true, :variance=>:+}) {:method_arg=>true}))
BASETYPE: true or false
SIZE WORK_LIST: 53
SIZE generated: 3
EVALUABLE#: 2

-------------------------

----------------
TTYPES
true or false

PROGS

LOCAL_COUNT: 22
GLOBAL_COUNT: 91

BASE_AFTER:
(send
  (begin
    (send
      (filled-hole
        (lvar InvitationCode(id: integer, token: string, diaspora_user_id: integer, count: integer)) {:method_arg=>false}) :count)) :primary)
BASETYPE: true or false
SIZE WORK_LIST: 53
SIZE generated: 1
EVALUABLE#: 1

-------------------------

----------------
TTYPES
true or false
true or false
true or false

PROGS

LOCAL_COUNT: 23
GLOBAL_COUNT: 92

BASE_AFTER:
(send
  (begin
    (send
      (filled-hole
        (lvar InvitationCode(id: integer, token: string, diaspora_user_id: integer, count: integer)) {:method_arg=>false}) :count)) :moderator=
  (filled-hole
    (true)
    (false)
    (hole 1 {:hash_depth=>0, :method_arg=>true, :variance=>:+}) {:method_arg=>true}))
BASETYPE: true or false
SIZE WORK_LIST: 52
SIZE generated: 3
EVALUABLE#: 2

-------------------------

----------------
TTYPES
true or false

PROGS

LOCAL_COUNT: 24
GLOBAL_COUNT: 93

BASE_AFTER:
(send
  (begin
    (send
      (filled-hole
        (lvar InvitationCode(id: integer, token: string, diaspora_user_id: integer, count: integer)) {:method_arg=>false}) :count)) :moderator)
BASETYPE: true or false
SIZE WORK_LIST: 52
SIZE generated: 1
EVALUABLE#: 1

-------------------------

----------------
TTYPES
Integer
Integer
Integer
Integer

PROGS

LOCAL_COUNT: 25
GLOBAL_COUNT: 94

BASE_AFTER:
(begin
  (send
    (begin
      (send
        (filled-hole
          (lvar InvitationCode(id: integer, token: string, diaspora_user_id: integer, count: integer)) {:method_arg=>false}) :count)) :-
    (filled-hole
      (int 0)
      (int 1)
      (int 2)
      (hole 1 {:hash_depth=>0, :method_arg=>true, :variance=>:+}) {:method_arg=>true})))
BASETYPE: Integer
SIZE WORK_LIST: 51
SIZE generated: 4
EVALUABLE#: 3

-------------------------

----------------
TTYPES
Integer
Integer
Integer
Integer
Integer
Integer
Integer
Integer
Integer
Integer
Integer
Integer
Integer
Integer
Integer
Integer

PROGS

LOCAL_COUNT: 26
GLOBAL_COUNT: 95

BASE_AFTER:
(begin
  (send
    (send
      (filled-hole
        (lvar :arg0) {:method_arg=>false}) :id=
      (filled-hole
        (int 0)
        (int 1)
        (int 2)
        (hole 1 {:hash_depth=>0, :method_arg=>true, :variance=>:+}) {:method_arg=>true})) :-
    (filled-hole
      (int 0)
      (int 1)
      (int 2)
      (hole 1 {:hash_depth=>0, :method_arg=>true, :variance=>:+}) {:method_arg=>true})))
BASETYPE: Integer
SIZE WORK_LIST: 51
SIZE generated: 16
EVALUABLE#: 9

-------------------------

----------------
TTYPES
true or false
true or false
true or false
true or false

PROGS

LOCAL_COUNT: 27
GLOBAL_COUNT: 96

BASE_AFTER:
(begin
  (send
    (send
      (filled-hole
        (lvar :arg0) {:method_arg=>false}) :id=
      (filled-hole
        (int 0)
        (int 1)
        (int 2)
        (hole 1 {:hash_depth=>0, :method_arg=>true, :variance=>:+}) {:method_arg=>true})) :save))
BASETYPE: true or false
SIZE WORK_LIST: 57
SIZE generated: 4
EVALUABLE#: 3

-------------------------

----------------
TTYPES
Integer
Integer
Integer
Integer

PROGS

LOCAL_COUNT: 28
GLOBAL_COUNT: 97

BASE_AFTER:
(begin
  (send
    (send
      (filled-hole
        (lvar :arg0) {:method_arg=>false}) :id) :-
    (filled-hole
      (int 0)
      (int 1)
      (int 2)
      (hole 1 {:hash_depth=>0, :method_arg=>true, :variance=>:+}) {:method_arg=>true})))
BASETYPE: Integer
SIZE WORK_LIST: 57
SIZE generated: 4
EVALUABLE#: 3

-------------------------

----------------
TTYPES
true or false
true or false

PROGS

LOCAL_COUNT: 29
GLOBAL_COUNT: 98

BASE_AFTER:
(begin
  (send
    (send
      (filled-hole
        (lvar :arg0) {:method_arg=>false}) :token=
      (filled-hole
        (str "")
        (hole 1 {:hash_depth=>0, :method_arg=>true, :variance=>:+}) {:method_arg=>true})) :save))
BASETYPE: true or false
SIZE WORK_LIST: 57
SIZE generated: 2
EVALUABLE#: 1

-------------------------

----------------
TTYPES
Integer
Integer
Integer
Integer
Integer
Integer
Integer
Integer
Integer
Integer
Integer
Integer
Integer
Integer
Integer
Integer

PROGS

LOCAL_COUNT: 30
GLOBAL_COUNT: 99

BASE_AFTER:
(begin
  (send
    (send
      (filled-hole
        (lvar :arg0) {:method_arg=>false}) :diaspora_user_id=
      (filled-hole
        (int 0)
        (int 1)
        (int 2)
        (hole 1 {:hash_depth=>0, :method_arg=>true, :variance=>:+}) {:method_arg=>true})) :-
    (filled-hole
      (int 0)
      (int 1)
      (int 2)
      (hole 1 {:hash_depth=>0, :method_arg=>true, :variance=>:+}) {:method_arg=>true})))
BASETYPE: Integer
SIZE WORK_LIST: 57
SIZE generated: 16
EVALUABLE#: 9

-------------------------

----------------
TTYPES
Integer
Integer
Integer
Integer

PROGS

LOCAL_COUNT: 31
GLOBAL_COUNT: 100

BASE_AFTER:
(begin
  (send
    (send
      (filled-hole
        (lvar :arg0) {:method_arg=>false}) :diaspora_user_id) :-
    (filled-hole
      (int 0)
      (int 1)
      (int 2)
      (hole 1 {:hash_depth=>0, :method_arg=>true, :variance=>:+}) {:method_arg=>true})))
BASETYPE: Integer
SIZE WORK_LIST: 63
SIZE generated: 4
EVALUABLE#: 3

-------------------------

----------------
TTYPES
Integer
Integer
Integer
Integer
Integer
Integer
Integer
Integer
Integer
Integer
Integer
Integer
Integer
Integer
Integer
Integer

PROGS

LOCAL_COUNT: 32
GLOBAL_COUNT: 101

BASE_AFTER:
(begin
  (send
    (send
      (filled-hole
        (lvar :arg0) {:method_arg=>false}) :count=
      (filled-hole
        (int 0)
        (int 1)
        (int 2)
        (hole 1 {:hash_depth=>0, :method_arg=>true, :variance=>:+}) {:method_arg=>true})) :-
    (filled-hole
      (int 0)
      (int 1)
      (int 2)
      (hole 1 {:hash_depth=>0, :method_arg=>true, :variance=>:+}) {:method_arg=>true})))
BASETYPE: Integer
SIZE WORK_LIST: 63
SIZE generated: 16
EVALUABLE#: 9

-------------------------

----------------
TTYPES
Integer
Integer
Integer
Integer

PROGS

LOCAL_COUNT: 33
GLOBAL_COUNT: 102

BASE_AFTER:
(begin
  (send
    (begin
      (send
        (filled-hole
          (lvar :arg0) {:method_arg=>false}) :count)) :-
    (filled-hole
      (int 0)
      (int 1)
      (int 2)
      (hole 1 {:hash_depth=>0, :method_arg=>true, :variance=>:+}) {:method_arg=>true})))
BASETYPE: Integer
SIZE WORK_LIST: 69
SIZE generated: 4
EVALUABLE#: 3

-------------------------

----------------
TTYPES
true or false

PROGS

LOCAL_COUNT: 34
GLOBAL_COUNT: 103

BASE_AFTER:
(begin
  (send
    (send
      (filled-hole
        (lvar :arg0) {:method_arg=>false}) :diaspora_user) :save))
BASETYPE: true or false
SIZE WORK_LIST: 69
SIZE generated: 1
EVALUABLE#: 1

-------------------------

----------------
TTYPES
true or false

PROGS

LOCAL_COUNT: 35
GLOBAL_COUNT: 104

BASE_AFTER:
(begin
  (send
    (send
      (filled-hole
        (lvar :arg0) {:method_arg=>false}) :diaspora_user=
      (filled-hole
        (hole 1 {:hash_depth=>0, :method_arg=>true, :variance=>:+}) {:method_arg=>true})) :save))
BASETYPE: true or false
SIZE WORK_LIST: 68
SIZE generated: 1
EVALUABLE#: 0

-------------------------

----------------
TTYPES
true or false
true or false
true or false
true or false

PROGS

LOCAL_COUNT: 36
GLOBAL_COUNT: 105

BASE_AFTER:
(send
  (begin
    (send
      (lvar InvitationCode(id: integer, token: string, diaspora_user_id: integer, count: integer)) :count)) :confirmed=
  (filled-hole
    (begin
      (send
        (hole 0 {:hash_depth=>0, :limit_depth=>true, :recv=>true}) :-
        (hole 0 {:hash_depth=>0, :method_arg=>true})))
    (begin
      (send
        (hole 0 {:hash_depth=>0, :limit_depth=>true, :recv=>true}) :save))
    (begin
      (send
        (hole 0 {:hash_depth=>0, :limit_depth=>true, :recv=>true}) :count))
    (begin
      (send
        (hole 0 {:hash_depth=>0, :limit_depth=>true, :recv=>true}) :-
        (hole 0 {:hash_depth=>0, :method_arg=>true})))
    (begin
      (send
        (hole 0 {:hash_depth=>0, :limit_depth=>true, :recv=>true}) :save))
    (hole 2 {:hash_depth=>0, :method_arg=>true, :variance=>:+}) {:method_arg=>true}))
BASETYPE: true or false
SIZE WORK_LIST: 68
SIZE generated: 4
EVALUABLE#: 0

-------------------------

----------------
TTYPES
true or false

PROGS

LOCAL_COUNT: 37
GLOBAL_COUNT: 106

BASE_AFTER:
(send
  (begin
    (send
      (lvar InvitationCode(id: integer, token: string, diaspora_user_id: integer, count: integer)) :count)) :confirmed=
  (begin
    (send
      (filled-hole
        (lvar InvitationCode(id: integer, token: string, diaspora_user_id: integer, count: integer)) {:method_arg=>false}) :count)))
BASETYPE: true or false
SIZE WORK_LIST: 71
SIZE generated: 1
EVALUABLE#: 1

-------------------------

----------------
TTYPES
true or false
true or false
true or false
true or false

PROGS

LOCAL_COUNT: 38
GLOBAL_COUNT: 107

BASE_AFTER:
(send
  (begin
    (send
      (lvar InvitationCode(id: integer, token: string, diaspora_user_id: integer, count: integer)) :count)) :expired=
  (filled-hole
    (begin
      (send
        (hole 0 {:hash_depth=>0, :limit_depth=>true, :recv=>true}) :-
        (hole 0 {:hash_depth=>0, :method_arg=>true})))
    (begin
      (send
        (hole 0 {:hash_depth=>0, :limit_depth=>true, :recv=>true}) :save))
    (begin
      (send
        (hole 0 {:hash_depth=>0, :limit_depth=>true, :recv=>true}) :count))
    (begin
      (send
        (hole 0 {:hash_depth=>0, :limit_depth=>true, :recv=>true}) :-
        (hole 0 {:hash_depth=>0, :method_arg=>true})))
    (begin
      (send
        (hole 0 {:hash_depth=>0, :limit_depth=>true, :recv=>true}) :save))
    (hole 2 {:hash_depth=>0, :method_arg=>true, :variance=>:+}) {:method_arg=>true}))
BASETYPE: true or false
SIZE WORK_LIST: 70
SIZE generated: 4
EVALUABLE#: 0

-------------------------

----------------
TTYPES
true or false

PROGS

LOCAL_COUNT: 39
GLOBAL_COUNT: 108

BASE_AFTER:
(send
  (begin
    (send
      (lvar InvitationCode(id: integer, token: string, diaspora_user_id: integer, count: integer)) :count)) :expired=
  (begin
    (send
      (filled-hole
        (lvar InvitationCode(id: integer, token: string, diaspora_user_id: integer, count: integer)) {:method_arg=>false}) :count)))
BASETYPE: true or false
SIZE WORK_LIST: 73
SIZE generated: 1
EVALUABLE#: 1

-------------------------

----------------
TTYPES
true or false
true or false
true or false
true or false

PROGS

LOCAL_COUNT: 40
GLOBAL_COUNT: 109

BASE_AFTER:
(send
  (begin
    (send
      (lvar InvitationCode(id: integer, token: string, diaspora_user_id: integer, count: integer)) :count)) :discoverable=
  (filled-hole
    (begin
      (send
        (hole 0 {:hash_depth=>0, :limit_depth=>true, :recv=>true}) :-
        (hole 0 {:hash_depth=>0, :method_arg=>true})))
    (begin
      (send
        (hole 0 {:hash_depth=>0, :limit_depth=>true, :recv=>true}) :save))
    (begin
      (send
        (hole 0 {:hash_depth=>0, :limit_depth=>true, :recv=>true}) :count))
    (begin
      (send
        (hole 0 {:hash_depth=>0, :limit_depth=>true, :recv=>true}) :-
        (hole 0 {:hash_depth=>0, :method_arg=>true})))
    (begin
      (send
        (hole 0 {:hash_depth=>0, :limit_depth=>true, :recv=>true}) :save))
    (hole 2 {:hash_depth=>0, :method_arg=>true, :variance=>:+}) {:method_arg=>true}))
BASETYPE: true or false
SIZE WORK_LIST: 72
SIZE generated: 4
EVALUABLE#: 0

-------------------------

----------------
TTYPES
true or false

PROGS

LOCAL_COUNT: 41
GLOBAL_COUNT: 110

BASE_AFTER:
(send
  (begin
    (send
      (lvar InvitationCode(id: integer, token: string, diaspora_user_id: integer, count: integer)) :count)) :discoverable=
  (begin
    (send
      (filled-hole
        (lvar InvitationCode(id: integer, token: string, diaspora_user_id: integer, count: integer)) {:method_arg=>false}) :count)))
BASETYPE: true or false
SIZE WORK_LIST: 75
SIZE generated: 1
EVALUABLE#: 1

-------------------------

----------------
TTYPES
true or false
true or false
true or false
true or false

PROGS

LOCAL_COUNT: 42
GLOBAL_COUNT: 111

BASE_AFTER:
(send
  (begin
    (send
      (lvar InvitationCode(id: integer, token: string, diaspora_user_id: integer, count: integer)) :count)) :scheduled_check=
  (filled-hole
    (begin
      (send
        (hole 0 {:hash_depth=>0, :limit_depth=>true, :recv=>true}) :-
        (hole 0 {:hash_depth=>0, :method_arg=>true})))
    (begin
      (send
        (hole 0 {:hash_depth=>0, :limit_depth=>true, :recv=>true}) :save))
    (begin
      (send
        (hole 0 {:hash_depth=>0, :limit_depth=>true, :recv=>true}) :count))
    (begin
      (send
        (hole 0 {:hash_depth=>0, :limit_depth=>true, :recv=>true}) :-
        (hole 0 {:hash_depth=>0, :method_arg=>true})))
    (begin
      (send
        (hole 0 {:hash_depth=>0, :limit_depth=>true, :recv=>true}) :save))
    (hole 2 {:hash_depth=>0, :method_arg=>true, :variance=>:+}) {:method_arg=>true}))
BASETYPE: true or false
SIZE WORK_LIST: 74
SIZE generated: 4
EVALUABLE#: 0

-------------------------

----------------
TTYPES
true or false

PROGS

LOCAL_COUNT: 43
GLOBAL_COUNT: 112

BASE_AFTER:
(send
  (begin
    (send
      (lvar InvitationCode(id: integer, token: string, diaspora_user_id: integer, count: integer)) :count)) :scheduled_check=
  (begin
    (send
      (filled-hole
        (lvar InvitationCode(id: integer, token: string, diaspora_user_id: integer, count: integer)) {:method_arg=>false}) :count)))
BASETYPE: true or false
SIZE WORK_LIST: 77
SIZE generated: 1
EVALUABLE#: 1

-------------------------

----------------
TTYPES
true or false
true or false
true or false
true or false

PROGS

LOCAL_COUNT: 44
GLOBAL_COUNT: 113

BASE_AFTER:
(send
  (begin
    (send
      (lvar InvitationCode(id: integer, token: string, diaspora_user_id: integer, count: integer)) :count)) :otp_required_for_login=
  (filled-hole
    (begin
      (send
        (hole 0 {:hash_depth=>0, :limit_depth=>true, :recv=>true}) :-
        (hole 0 {:hash_depth=>0, :method_arg=>true})))
    (begin
      (send
        (hole 0 {:hash_depth=>0, :limit_depth=>true, :recv=>true}) :save))
    (begin
      (send
        (hole 0 {:hash_depth=>0, :limit_depth=>true, :recv=>true}) :count))
    (begin
      (send
        (hole 0 {:hash_depth=>0, :limit_depth=>true, :recv=>true}) :-
        (hole 0 {:hash_depth=>0, :method_arg=>true})))
    (begin
      (send
        (hole 0 {:hash_depth=>0, :limit_depth=>true, :recv=>true}) :save))
    (hole 2 {:hash_depth=>0, :method_arg=>true, :variance=>:+}) {:method_arg=>true}))
BASETYPE: true or false
SIZE WORK_LIST: 76
SIZE generated: 4
EVALUABLE#: 0

-------------------------

----------------
TTYPES
true or false

PROGS

LOCAL_COUNT: 45
GLOBAL_COUNT: 114

BASE_AFTER:
(send
  (begin
    (send
      (lvar InvitationCode(id: integer, token: string, diaspora_user_id: integer, count: integer)) :count)) :otp_required_for_login=
  (begin
    (send
      (filled-hole
        (lvar InvitationCode(id: integer, token: string, diaspora_user_id: integer, count: integer)) {:method_arg=>false}) :count)))
BASETYPE: true or false
SIZE WORK_LIST: 79
SIZE generated: 1
EVALUABLE#: 1

-------------------------

----------------
TTYPES
true or false
true or false
true or false
true or false

PROGS

LOCAL_COUNT: 46
GLOBAL_COUNT: 115

BASE_AFTER:
(send
  (begin
    (send
      (lvar InvitationCode(id: integer, token: string, diaspora_user_id: integer, count: integer)) :count)) :admin=
  (filled-hole
    (begin
      (send
        (hole 0 {:hash_depth=>0, :limit_depth=>true, :recv=>true}) :-
        (hole 0 {:hash_depth=>0, :method_arg=>true})))
    (begin
      (send
        (hole 0 {:hash_depth=>0, :limit_depth=>true, :recv=>true}) :save))
    (begin
      (send
        (hole 0 {:hash_depth=>0, :limit_depth=>true, :recv=>true}) :count))
    (begin
      (send
        (hole 0 {:hash_depth=>0, :limit_depth=>true, :recv=>true}) :-
        (hole 0 {:hash_depth=>0, :method_arg=>true})))
    (begin
      (send
        (hole 0 {:hash_depth=>0, :limit_depth=>true, :recv=>true}) :save))
    (hole 2 {:hash_depth=>0, :method_arg=>true, :variance=>:+}) {:method_arg=>true}))
BASETYPE: true or false
SIZE WORK_LIST: 78
SIZE generated: 4
EVALUABLE#: 0

-------------------------

----------------
TTYPES
true or false

PROGS

LOCAL_COUNT: 47
GLOBAL_COUNT: 116

BASE_AFTER:
(send
  (begin
    (send
      (lvar InvitationCode(id: integer, token: string, diaspora_user_id: integer, count: integer)) :count)) :admin=
  (begin
    (send
      (filled-hole
        (lvar InvitationCode(id: integer, token: string, diaspora_user_id: integer, count: integer)) {:method_arg=>false}) :count)))
BASETYPE: true or false
SIZE WORK_LIST: 81
SIZE generated: 1
EVALUABLE#: 1

-------------------------

----------------
TTYPES
true or false
true or false
true or false
true or false

PROGS

LOCAL_COUNT: 48
GLOBAL_COUNT: 117

BASE_AFTER:
(send
  (begin
    (send
      (lvar InvitationCode(id: integer, token: string, diaspora_user_id: integer, count: integer)) :count)) :staged=
  (filled-hole
    (begin
      (send
        (hole 0 {:hash_depth=>0, :limit_depth=>true, :recv=>true}) :-
        (hole 0 {:hash_depth=>0, :method_arg=>true})))
    (begin
      (send
        (hole 0 {:hash_depth=>0, :limit_depth=>true, :recv=>true}) :save))
    (begin
      (send
        (hole 0 {:hash_depth=>0, :limit_depth=>true, :recv=>true}) :count))
    (begin
      (send
        (hole 0 {:hash_depth=>0, :limit_depth=>true, :recv=>true}) :-
        (hole 0 {:hash_depth=>0, :method_arg=>true})))
    (begin
      (send
        (hole 0 {:hash_depth=>0, :limit_depth=>true, :recv=>true}) :save))
    (hole 2 {:hash_depth=>0, :method_arg=>true, :variance=>:+}) {:method_arg=>true}))
BASETYPE: true or false
SIZE WORK_LIST: 80
SIZE generated: 4
EVALUABLE#: 0

-------------------------

----------------
TTYPES
true or false

PROGS

LOCAL_COUNT: 49
GLOBAL_COUNT: 118

BASE_AFTER:
(send
  (begin
    (send
      (lvar InvitationCode(id: integer, token: string, diaspora_user_id: integer, count: integer)) :count)) :staged=
  (begin
    (send
      (filled-hole
        (lvar InvitationCode(id: integer, token: string, diaspora_user_id: integer, count: integer)) {:method_arg=>false}) :count)))
BASETYPE: true or false
SIZE WORK_LIST: 83
SIZE generated: 1
EVALUABLE#: 1

-------------------------

----------------
TTYPES
true or false
true or false
true or false
true or false

PROGS

LOCAL_COUNT: 50
GLOBAL_COUNT: 119

BASE_AFTER:
(send
  (begin
    (send
      (lvar InvitationCode(id: integer, token: string, diaspora_user_id: integer, count: integer)) :count)) :active=
  (filled-hole
    (begin
      (send
        (hole 0 {:hash_depth=>0, :limit_depth=>true, :recv=>true}) :-
        (hole 0 {:hash_depth=>0, :method_arg=>true})))
    (begin
      (send
        (hole 0 {:hash_depth=>0, :limit_depth=>true, :recv=>true}) :save))
    (begin
      (send
        (hole 0 {:hash_depth=>0, :limit_depth=>true, :recv=>true}) :count))
    (begin
      (send
        (hole 0 {:hash_depth=>0, :limit_depth=>true, :recv=>true}) :-
        (hole 0 {:hash_depth=>0, :method_arg=>true})))
    (begin
      (send
        (hole 0 {:hash_depth=>0, :limit_depth=>true, :recv=>true}) :save))
    (hole 2 {:hash_depth=>0, :method_arg=>true, :variance=>:+}) {:method_arg=>true}))
BASETYPE: true or false
SIZE WORK_LIST: 82
SIZE generated: 4
EVALUABLE#: 0

-------------------------

----------------
TTYPES
true or false

PROGS

LOCAL_COUNT: 51
GLOBAL_COUNT: 120

BASE_AFTER:
(send
  (begin
    (send
      (lvar InvitationCode(id: integer, token: string, diaspora_user_id: integer, count: integer)) :count)) :active=
  (begin
    (send
      (filled-hole
        (lvar InvitationCode(id: integer, token: string, diaspora_user_id: integer, count: integer)) {:method_arg=>false}) :count)))
BASETYPE: true or false
SIZE WORK_LIST: 85
SIZE generated: 1
EVALUABLE#: 1

-------------------------

----------------
TTYPES
true or false
true or false
true or false
true or false

PROGS

LOCAL_COUNT: 52
GLOBAL_COUNT: 121

BASE_AFTER:
(send
  (begin
    (send
      (lvar InvitationCode(id: integer, token: string, diaspora_user_id: integer, count: integer)) :count)) :primary=
  (filled-hole
    (begin
      (send
        (hole 0 {:hash_depth=>0, :limit_depth=>true, :recv=>true}) :-
        (hole 0 {:hash_depth=>0, :method_arg=>true})))
    (begin
      (send
        (hole 0 {:hash_depth=>0, :limit_depth=>true, :recv=>true}) :save))
    (begin
      (send
        (hole 0 {:hash_depth=>0, :limit_depth=>true, :recv=>true}) :count))
    (begin
      (send
        (hole 0 {:hash_depth=>0, :limit_depth=>true, :recv=>true}) :-
        (hole 0 {:hash_depth=>0, :method_arg=>true})))
    (begin
      (send
        (hole 0 {:hash_depth=>0, :limit_depth=>true, :recv=>true}) :save))
    (hole 2 {:hash_depth=>0, :method_arg=>true, :variance=>:+}) {:method_arg=>true}))
BASETYPE: true or false
SIZE WORK_LIST: 84
SIZE generated: 4
EVALUABLE#: 0

-------------------------

----------------
TTYPES
true or false

PROGS

LOCAL_COUNT: 53
GLOBAL_COUNT: 122

BASE_AFTER:
(send
  (begin
    (send
      (lvar InvitationCode(id: integer, token: string, diaspora_user_id: integer, count: integer)) :count)) :primary=
  (begin
    (send
      (filled-hole
        (lvar InvitationCode(id: integer, token: string, diaspora_user_id: integer, count: integer)) {:method_arg=>false}) :count)))
BASETYPE: true or false
SIZE WORK_LIST: 87
SIZE generated: 1
EVALUABLE#: 1

-------------------------

----------------
TTYPES
true or false
true or false
true or false
true or false

PROGS

LOCAL_COUNT: 54
GLOBAL_COUNT: 123

BASE_AFTER:
(send
  (begin
    (send
      (lvar InvitationCode(id: integer, token: string, diaspora_user_id: integer, count: integer)) :count)) :moderator=
  (filled-hole
    (begin
      (send
        (hole 0 {:hash_depth=>0, :limit_depth=>true, :recv=>true}) :-
        (hole 0 {:hash_depth=>0, :method_arg=>true})))
    (begin
      (send
        (hole 0 {:hash_depth=>0, :limit_depth=>true, :recv=>true}) :save))
    (begin
      (send
        (hole 0 {:hash_depth=>0, :limit_depth=>true, :recv=>true}) :count))
    (begin
      (send
        (hole 0 {:hash_depth=>0, :limit_depth=>true, :recv=>true}) :-
        (hole 0 {:hash_depth=>0, :method_arg=>true})))
    (begin
      (send
        (hole 0 {:hash_depth=>0, :limit_depth=>true, :recv=>true}) :save))
    (hole 2 {:hash_depth=>0, :method_arg=>true, :variance=>:+}) {:method_arg=>true}))
BASETYPE: true or false
SIZE WORK_LIST: 86
SIZE generated: 4
EVALUABLE#: 0

-------------------------

----------------
TTYPES
true or false

PROGS

LOCAL_COUNT: 55
GLOBAL_COUNT: 124

BASE_AFTER:
(send
  (begin
    (send
      (lvar InvitationCode(id: integer, token: string, diaspora_user_id: integer, count: integer)) :count)) :moderator=
  (begin
    (send
      (filled-hole
        (lvar InvitationCode(id: integer, token: string, diaspora_user_id: integer, count: integer)) {:method_arg=>false}) :count)))
BASETYPE: true or false
SIZE WORK_LIST: 89
SIZE generated: 1
EVALUABLE#: 1

-------------------------

----------------
TTYPES
Integer
Integer
Integer
Integer
Integer
Integer
Integer
Integer
Integer

PROGS

LOCAL_COUNT: 56
GLOBAL_COUNT: 125

BASE_AFTER:
(begin
  (send
    (begin
      (send
        (lvar InvitationCode(id: integer, token: string, diaspora_user_id: integer, count: integer)) :count)) :-
    (filled-hole
      (send
        (hole 0 {:hash_depth=>0, :limit_depth=>true, :recv=>true}) :id=
        (hole 0 {:hash_depth=>0, :method_arg=>true}))
      (send
        (hole 0 {:hash_depth=>0, :limit_depth=>true, :recv=>true}) :id)
      (send
        (hole 0 {:hash_depth=>0, :limit_depth=>true, :recv=>true}) :diaspora_user_id=
        (hole 0 {:hash_depth=>0, :method_arg=>true}))
      (send
        (hole 0 {:hash_depth=>0, :limit_depth=>true, :recv=>true}) :diaspora_user_id)
      (send
        (hole 0 {:hash_depth=>0, :limit_depth=>true, :recv=>true}) :count=
        (hole 0 {:hash_depth=>0, :method_arg=>true}))
      (begin
        (send
          (hole 0 {:hash_depth=>0, :limit_depth=>true, :recv=>true}) :count))
      (begin
        (send
          (hole 0 {:hash_depth=>0, :limit_depth=>true, :recv=>true}) :count))
      (begin
        (send
          (hole 0 {:hash_depth=>0, :limit_depth=>true, :recv=>true}) :count))
      (begin
        (send
          (hole 0 {:hash_depth=>0, :limit_depth=>true, :recv=>true}) :-
          (hole 0 {:hash_depth=>0, :method_arg=>true})))
      (begin
        (send
          (hole 0 {:hash_depth=>0, :limit_depth=>true, :recv=>true}) :count))
      (begin
        (send
          (hole 0 {:hash_depth=>0, :limit_depth=>true, :recv=>true}) :-
          (hole 0 {:hash_depth=>0, :method_arg=>true})))
      (hole 2 {:hash_depth=>0, :method_arg=>true, :variance=>:+}) {:method_arg=>true})))
BASETYPE: Integer
SIZE WORK_LIST: 88
SIZE generated: 9
EVALUABLE#: 0

-------------------------

----------------
TTYPES
Integer

PROGS

LOCAL_COUNT: 57
GLOBAL_COUNT: 126

BASE_AFTER:
(begin
  (send
    (begin
      (send
        (lvar InvitationCode(id: integer, token: string, diaspora_user_id: integer, count: integer)) :count)) :-
    (begin
      (send
        (filled-hole
          (lvar InvitationCode(id: integer, token: string, diaspora_user_id: integer, count: integer)) {:method_arg=>false}) :count))))
BASETYPE: Integer
SIZE WORK_LIST: 96
SIZE generated: 1
EVALUABLE#: 1

-------------------------

----------------
TTYPES
Integer
Integer
Integer
Integer

PROGS

LOCAL_COUNT: 58
GLOBAL_COUNT: 127

BASE_AFTER:
(begin
  (send
    (begin
      (send
        (lvar InvitationCode(id: integer, token: string, diaspora_user_id: integer, count: integer)) :count)) :-
    (send
      (filled-hole
        (lvar :arg0) {:method_arg=>false}) :id=
      (filled-hole
        (int 0)
        (int 1)
        (int 2)
        (hole 1 {:hash_depth=>0, :method_arg=>true, :variance=>:+}) {:method_arg=>true}))))
BASETYPE: Integer
SIZE WORK_LIST: 95
SIZE generated: 4
EVALUABLE#: 3

-------------------------

----------------
TTYPES
Integer

PROGS

LOCAL_COUNT: 59
GLOBAL_COUNT: 128

BASE_AFTER:
(begin
  (send
    (begin
      (send
        (lvar InvitationCode(id: integer, token: string, diaspora_user_id: integer, count: integer)) :count)) :-
    (send
      (filled-hole
        (lvar :arg0) {:method_arg=>false}) :id)))
BASETYPE: Integer
SIZE WORK_LIST: 95
SIZE generated: 1
EVALUABLE#: 1

-------------------------

----------------
TTYPES
Integer
Integer
Integer
Integer

PROGS

LOCAL_COUNT: 60
GLOBAL_COUNT: 129

BASE_AFTER:
(begin
  (send
    (begin
      (send
        (lvar InvitationCode(id: integer, token: string, diaspora_user_id: integer, count: integer)) :count)) :-
    (send
      (filled-hole
        (lvar :arg0) {:method_arg=>false}) :diaspora_user_id=
      (filled-hole
        (int 0)
        (int 1)
        (int 2)
        (hole 1 {:hash_depth=>0, :method_arg=>true, :variance=>:+}) {:method_arg=>true}))))
BASETYPE: Integer
SIZE WORK_LIST: 94
SIZE generated: 4
EVALUABLE#: 3

-------------------------

----------------
TTYPES
true or false

PROGS

LOCAL_COUNT: 1
GLOBAL_COUNT: 130

BASE_AFTER:
(filled-hole
  (hole 1 {:hash_depth=>0, :method_arg=>false, :variance=>:+}) {:method_arg=>false})
BASETYPE: true or false
SIZE WORK_LIST: 0
SIZE generated: 1
EVALUABLE#: 0

-------------------------

----------------
TTYPES
true or false

PROGS

LOCAL_COUNT: 2
GLOBAL_COUNT: 131

BASE_AFTER:
(filled-hole
  (hole 2 {:hash_depth=>0, :method_arg=>false, :variance=>:+}) {:method_arg=>false})
BASETYPE: true or false
SIZE WORK_LIST: 0
SIZE generated: 1
EVALUABLE#: 0

-------------------------

----------------
TTYPES
true or false

PROGS

LOCAL_COUNT: 3
GLOBAL_COUNT: 132

BASE_AFTER:
(filled-hole
  (hole 3 {:hash_depth=>0, :method_arg=>false, :variance=>:+}) {:method_arg=>false})
BASETYPE: true or false
SIZE WORK_LIST: 0
SIZE generated: 1
EVALUABLE#: 0

-------------------------

----------------
TTYPES
true or false

PROGS

LOCAL_COUNT: 4
GLOBAL_COUNT: 133

BASE_AFTER:
(filled-hole
  (hole 4 {:hash_depth=>0, :method_arg=>false, :variance=>:+}) {:method_arg=>false})
BASETYPE: true or false
SIZE WORK_LIST: 0
SIZE generated: 1
EVALUABLE#: 0

-------------------------

----------------
TTYPES
true or false

PROGS

LOCAL_COUNT: 5
GLOBAL_COUNT: 134

BASE_AFTER:
(filled-hole
  (hole 5 {:hash_depth=>0, :method_arg=>false, :variance=>:+}) {:method_arg=>false})
BASETYPE: true or false
SIZE WORK_LIST: 0
SIZE generated: 1
EVALUABLE#: 0

-------------------------

----------------
TTYPES
true or false

PROGS

LOCAL_COUNT: 6
GLOBAL_COUNT: 135

BASE_AFTER:
(filled-hole
  (hole 6 {:hash_depth=>0, :method_arg=>false, :variance=>:+}) {:method_arg=>false})
BASETYPE: true or false
SIZE WORK_LIST: 0
SIZE generated: 1
EVALUABLE#: 0

-------------------------

----------------
TTYPES
true or false
true or false
Integer
Integer
Integer
String
%bot

PROGS

LOCAL_COUNT: 1
GLOBAL_COUNT: 1

BASE_AFTER:
(filled-hole
  (true)
  (false)
  (int 0)
  (int 1)
  (int 2)
  (str "")
  (hole 1 {:hash_depth=>0, :method_arg=>false, :variance=>:-}) {:method_arg=>false})
BASETYPE: %bot
SIZE WORK_LIST: 0
SIZE generated: 7
EVALUABLE#: 6

-------------------------

----------------
TTYPES
true or false
true or false

PROGS

LOCAL_COUNT: 2
GLOBAL_COUNT: 2

BASE_AFTER:
(true)
BASETYPE: true or false
SIZE WORK_LIST: 6
SIZE generated: 2
EVALUABLE#: 0

-------------------------

----------------
TTYPES
true or false
true or false

PROGS

LOCAL_COUNT: 3
GLOBAL_COUNT: 3

BASE_AFTER:
(false)
BASETYPE: true or false
SIZE WORK_LIST: 7
SIZE generated: 2
EVALUABLE#: 0

-------------------------

----------------
TTYPES
Integer
Integer

PROGS

LOCAL_COUNT: 4
GLOBAL_COUNT: 4

BASE_AFTER:
(int 0)
BASETYPE: Integer
SIZE WORK_LIST: 8
SIZE generated: 2
EVALUABLE#: 0

-------------------------

----------------
TTYPES
Integer
Integer

PROGS

LOCAL_COUNT: 5
GLOBAL_COUNT: 5

BASE_AFTER:
(int 1)
BASETYPE: Integer
SIZE WORK_LIST: 9
SIZE generated: 2
EVALUABLE#: 0

-------------------------

----------------
TTYPES
Integer
Integer

PROGS

LOCAL_COUNT: 6
GLOBAL_COUNT: 6

BASE_AFTER:
(int 2)
BASETYPE: Integer
SIZE WORK_LIST: 10
SIZE generated: 2
EVALUABLE#: 0

-------------------------

----------------
TTYPES
String
String

PROGS

LOCAL_COUNT: 7
GLOBAL_COUNT: 7

BASE_AFTER:
(str "")
BASETYPE: String
SIZE WORK_LIST: 11
SIZE generated: 2
EVALUABLE#: 0

-------------------------

----------------
TTYPES
%bot

PROGS

LOCAL_COUNT: 8
GLOBAL_COUNT: 8

BASE_AFTER:
(filled-hole
  (begin
    (send
      (hole 0 {:hash_depth=>0, :limit_depth=>true, :recv=>true}) :-
      (hole 0 {:hash_depth=>0, :method_arg=>true})))
  (begin
    (send
      (hole 0 {:hash_depth=>0, :limit_depth=>true, :recv=>true}) :count))
  (begin
    (send
      (hole 0 {:hash_depth=>0, :limit_depth=>true, :recv=>true}) :-
      (hole 0 {:hash_depth=>0, :method_arg=>true})))
  (hole 2 {:hash_depth=>0, :method_arg=>false, :variance=>:-}) {:method_arg=>false})
BASETYPE: %bot
SIZE WORK_LIST: 12
SIZE generated: 1
EVALUABLE#: 0

-------------------------

----------------
TTYPES
true or false
true or false
true or false
true or false

PROGS

LOCAL_COUNT: 9
GLOBAL_COUNT: 9

BASE_AFTER:
(begin
  (send
    (hole 0 {:hash_depth=>0, :limit_depth=>true, :recv=>true}) :count=
    (hole 0 {:hash_depth=>0, :method_arg=>true}))
  (true))
BASETYPE: true or false
SIZE WORK_LIST: 12
SIZE generated: 4
EVALUABLE#: 3

-------------------------

----------------
TTYPES
true or false

PROGS

LOCAL_COUNT: 10
GLOBAL_COUNT: 10

BASE_AFTER:
(begin
  (send
    (hole 0 {:hash_depth=>0, :limit_depth=>true, :recv=>true}) :diaspora_user=
    (hole 0 {:hash_depth=>0, :method_arg=>true}))
  (true))
BASETYPE: true or false
SIZE WORK_LIST: 14
SIZE generated: 1
EVALUABLE#: 0

-------------------------

----------------
TTYPES
true or false
true or false
true or false
true or false

PROGS

LOCAL_COUNT: 11
GLOBAL_COUNT: 11

BASE_AFTER:
(begin
  (send
    (hole 0 {:hash_depth=>0, :limit_depth=>true, :recv=>true}) :count=
    (hole 0 {:hash_depth=>0, :method_arg=>true}))
  (false))
BASETYPE: true or false
SIZE WORK_LIST: 14
SIZE generated: 4
EVALUABLE#: 3

-------------------------

----------------
TTYPES
true or false

PROGS

LOCAL_COUNT: 12
GLOBAL_COUNT: 12

BASE_AFTER:
(begin
  (send
    (hole 0 {:hash_depth=>0, :limit_depth=>true, :recv=>true}) :diaspora_user=
    (hole 0 {:hash_depth=>0, :method_arg=>true}))
  (false))
BASETYPE: true or false
SIZE WORK_LIST: 16
SIZE generated: 1
EVALUABLE#: 0

-------------------------

----------------
TTYPES
Integer
Integer
Integer
Integer
Integer

PROGS

LOCAL_COUNT: 13
GLOBAL_COUNT: 13

BASE_AFTER:
(begin
  (send
    (hole 0 {:hash_depth=>0, :limit_depth=>true, :recv=>true}) :count=
    (hole 0 {:hash_depth=>0, :method_arg=>true}))
  (int 0))
BASETYPE: Integer
SIZE WORK_LIST: 16
SIZE generated: 5
EVALUABLE#: 4

-------------------------

----------------
TTYPES
Integer

PROGS

LOCAL_COUNT: 14
GLOBAL_COUNT: 14

BASE_AFTER:
(begin
  (send
    (hole 0 {:hash_depth=>0, :limit_depth=>true, :recv=>true}) :diaspora_user=
    (hole 0 {:hash_depth=>0, :method_arg=>true}))
  (int 0))
BASETYPE: Integer
SIZE WORK_LIST: 19
SIZE generated: 1
EVALUABLE#: 0

-------------------------

----------------
TTYPES
Integer
Integer
Integer
Integer
Integer

PROGS

LOCAL_COUNT: 15
GLOBAL_COUNT: 15

BASE_AFTER:
(begin
  (send
    (hole 0 {:hash_depth=>0, :limit_depth=>true, :recv=>true}) :count=
    (hole 0 {:hash_depth=>0, :method_arg=>true}))
  (int 1))
BASETYPE: Integer
SIZE WORK_LIST: 19
SIZE generated: 5
EVALUABLE#: 4

-------------------------

----------------
TTYPES
Integer

PROGS

LOCAL_COUNT: 16
GLOBAL_COUNT: 16

BASE_AFTER:
(begin
  (send
    (hole 0 {:hash_depth=>0, :limit_depth=>true, :recv=>true}) :diaspora_user=
    (hole 0 {:hash_depth=>0, :method_arg=>true}))
  (int 1))
BASETYPE: Integer
SIZE WORK_LIST: 22
SIZE generated: 1
EVALUABLE#: 0

-------------------------

----------------
TTYPES
Integer
Integer
Integer
Integer
Integer

PROGS

LOCAL_COUNT: 17
GLOBAL_COUNT: 17

BASE_AFTER:
(begin
  (send
    (hole 0 {:hash_depth=>0, :limit_depth=>true, :recv=>true}) :count=
    (hole 0 {:hash_depth=>0, :method_arg=>true}))
  (int 2))
BASETYPE: Integer
SIZE WORK_LIST: 22
SIZE generated: 5
EVALUABLE#: 4

-------------------------

----------------
TTYPES
Integer

PROGS

LOCAL_COUNT: 18
GLOBAL_COUNT: 18

BASE_AFTER:
(begin
  (send
    (hole 0 {:hash_depth=>0, :limit_depth=>true, :recv=>true}) :diaspora_user=
    (hole 0 {:hash_depth=>0, :method_arg=>true}))
  (int 2))
BASETYPE: Integer
SIZE WORK_LIST: 24
SIZE generated: 1
EVALUABLE#: 0

-------------------------

----------------
TTYPES
String
String
String
String

PROGS

LOCAL_COUNT: 19
GLOBAL_COUNT: 19

BASE_AFTER:
(begin
  (send
    (hole 0 {:hash_depth=>0, :limit_depth=>true, :recv=>true}) :count=
    (hole 0 {:hash_depth=>0, :method_arg=>true}))
  (str ""))
BASETYPE: String
SIZE WORK_LIST: 24
SIZE generated: 4
EVALUABLE#: 3

-------------------------

----------------
TTYPES
String

PROGS

LOCAL_COUNT: 20
GLOBAL_COUNT: 20

BASE_AFTER:
(begin
  (send
    (hole 0 {:hash_depth=>0, :limit_depth=>true, :recv=>true}) :diaspora_user=
    (hole 0 {:hash_depth=>0, :method_arg=>true}))
  (str ""))
BASETYPE: String
SIZE WORK_LIST: 26
SIZE generated: 1
EVALUABLE#: 0

-------------------------

----------------
TTYPES
true or false
true or false

PROGS

LOCAL_COUNT: 21
GLOBAL_COUNT: 21

BASE_AFTER:
(begin
  (send
    (lvar :arg0) :count=
    (int 0))
  (true))
BASETYPE: true or false
SIZE WORK_LIST: 26
SIZE generated: 2
EVALUABLE#: 0

-------------------------

----------------
TTYPES
true or false
true or false

PROGS

LOCAL_COUNT: 22
GLOBAL_COUNT: 22

BASE_AFTER:
(begin
  (send
    (lvar :arg0) :count=
    (int 1))
  (true))
BASETYPE: true or false
SIZE WORK_LIST: 27
SIZE generated: 2
EVALUABLE#: 0

-------------------------

----------------
TTYPES
true or false
true or false

PROGS

LOCAL_COUNT: 23
GLOBAL_COUNT: 23

BASE_AFTER:
(begin
  (send
    (lvar :arg0) :count=
    (int 0))
  (false))
BASETYPE: true or false
SIZE WORK_LIST: 28
SIZE generated: 2
EVALUABLE#: 0

-------------------------

----------------
TTYPES
true or false
true or false

PROGS

LOCAL_COUNT: 24
GLOBAL_COUNT: 24

BASE_AFTER:
(begin
  (send
    (lvar :arg0) :count=
    (int 1))
  (false))
BASETYPE: true or false
SIZE WORK_LIST: 29
SIZE generated: 2
EVALUABLE#: 0

-------------------------

----------------
TTYPES
Integer
Integer

PROGS

LOCAL_COUNT: 25
GLOBAL_COUNT: 25

BASE_AFTER:
(begin
  (send
    (lvar :arg0) :count=
    (int 0))
  (int 0))
BASETYPE: Integer
SIZE WORK_LIST: 30
SIZE generated: 2
EVALUABLE#: 0

-------------------------

----------------
TTYPES
Integer
Integer

PROGS

LOCAL_COUNT: 26
GLOBAL_COUNT: 26

BASE_AFTER:
(begin
  (send
    (lvar :arg0) :count=
    (int 1))
  (int 0))
BASETYPE: Integer
SIZE WORK_LIST: 31
SIZE generated: 2
EVALUABLE#: 0

-------------------------

----------------
TTYPES
Integer
Integer

PROGS

LOCAL_COUNT: 27
GLOBAL_COUNT: 27

BASE_AFTER:
(begin
  (lvasgn :t0
    (int 0))
  (send
    (lvar :arg0) :count=
    (lvar :t0))
  (lvar :t0))
BASETYPE: Integer
SIZE WORK_LIST: 32
SIZE generated: 2
EVALUABLE#: 0

-------------------------

----------------
TTYPES
Integer
Integer

PROGS

LOCAL_COUNT: 28
GLOBAL_COUNT: 28

BASE_AFTER:
(begin
  (send
    (lvar :arg0) :count=
    (int 0))
  (int 1))
BASETYPE: Integer
SIZE WORK_LIST: 33
SIZE generated: 2
EVALUABLE#: 0

-------------------------

----------------
TTYPES
Integer
Integer

PROGS

LOCAL_COUNT: 29
GLOBAL_COUNT: 29

BASE_AFTER:
(begin
  (send
    (lvar :arg0) :count=
    (int 1))
  (int 1))
BASETYPE: Integer
SIZE WORK_LIST: 34
SIZE generated: 2
EVALUABLE#: 0

-------------------------

----------------
TTYPES
Integer
Integer

PROGS

LOCAL_COUNT: 30
GLOBAL_COUNT: 30

BASE_AFTER:
(begin
  (lvasgn :t0
    (int 1))
  (send
    (lvar :arg0) :count=
    (lvar :t0))
  (lvar :t0))
BASETYPE: Integer
SIZE WORK_LIST: 35
SIZE generated: 2
EVALUABLE#: 0

-------------------------

----------------
TTYPES
Integer
Integer

PROGS

LOCAL_COUNT: 31
GLOBAL_COUNT: 31

BASE_AFTER:
(begin
  (send
    (lvar :arg0) :count=
    (int 0))
  (int 2))
BASETYPE: Integer
SIZE WORK_LIST: 36
SIZE generated: 2
EVALUABLE#: 0

-------------------------

----------------
TTYPES
Integer
Integer

PROGS

LOCAL_COUNT: 32
GLOBAL_COUNT: 32

BASE_AFTER:
(begin
  (send
    (lvar :arg0) :count=
    (int 1))
  (int 2))
BASETYPE: Integer
SIZE WORK_LIST: 37
SIZE generated: 2
EVALUABLE#: 0

-------------------------

----------------
TTYPES
String
String

PROGS

LOCAL_COUNT: 33
GLOBAL_COUNT: 33

BASE_AFTER:
(begin
  (send
    (lvar :arg0) :count=
    (int 0))
  (str ""))
BASETYPE: String
SIZE WORK_LIST: 38
SIZE generated: 2
EVALUABLE#: 0

-------------------------

----------------
TTYPES
String
String

PROGS

LOCAL_COUNT: 34
GLOBAL_COUNT: 34

BASE_AFTER:
(begin
  (send
    (lvar :arg0) :count=
    (int 1))
  (str ""))
BASETYPE: String
SIZE WORK_LIST: 39
SIZE generated: 2
EVALUABLE#: 0

-------------------------

----------------
TTYPES
Integer
Integer
Integer
Integer
Integer
Integer
Integer
Integer
%bot

PROGS

LOCAL_COUNT: 35
GLOBAL_COUNT: 35

BASE_AFTER:
(filled-hole
  (begin
    (send
      (send
        (hole 0 {:hash_depth=>0, :limit_depth=>true, :recv=>true}) :id=
        (hole 0 {:hash_depth=>0, :method_arg=>true})) :-
      (hole 0 {:hash_depth=>0, :method_arg=>true})))
  (begin
    (send
      (send
        (hole 0 {:hash_depth=>0, :limit_depth=>true, :recv=>true}) :id=
        (hole 0 {:hash_depth=>0, :method_arg=>true})) :-
      (hole 0 {:hash_depth=>0, :method_arg=>true})))
  (begin
    (send
      (send
        (hole 0 {:hash_depth=>0, :limit_depth=>true, :recv=>true}) :id=
        (hole 0 {:hash_depth=>0, :method_arg=>true})) :count))
  (begin
    (send
      (send
        (hole 0 {:hash_depth=>0, :limit_depth=>true, :recv=>true}) :id) :-
      (hole 0 {:hash_depth=>0, :method_arg=>true})))
  (begin
    (send
      (send
        (hole 0 {:hash_depth=>0, :limit_depth=>true, :recv=>true}) :id) :-
      (hole 0 {:hash_depth=>0, :method_arg=>true})))
  (begin
    (send
      (send
        (hole 0 {:hash_depth=>0, :limit_depth=>true, :recv=>true}) :id) :count))
  (begin
    (send
      (send
        (hole 0 {:hash_depth=>0, :limit_depth=>true, :recv=>true}) :token=
        (hole 0 {:hash_depth=>0, :method_arg=>true})) :count))
  (begin
    (send
      (send
        (hole 0 {:hash_depth=>0, :limit_depth=>true, :recv=>true}) :token=
        (hole 0 {:hash_depth=>0, :method_arg=>true})) :-
      (hole 0 {:hash_depth=>0, :method_arg=>true})))
  (begin
    (send
      (send
        (hole 0 {:hash_depth=>0, :limit_depth=>true, :recv=>true}) :token) :count))
  (begin
    (send
      (send
        (hole 0 {:hash_depth=>0, :limit_depth=>true, :recv=>true}) :token) :-
      (hole 0 {:hash_depth=>0, :method_arg=>true})))
  (begin
    (send
      (send
        (hole 0 {:hash_depth=>0, :limit_depth=>true, :recv=>true}) :diaspora_user_id=
        (hole 0 {:hash_depth=>0, :method_arg=>true})) :-
      (hole 0 {:hash_depth=>0, :method_arg=>true})))
  (begin
    (send
      (send
        (hole 0 {:hash_depth=>0, :limit_depth=>true, :recv=>true}) :diaspora_user_id=
        (hole 0 {:hash_depth=>0, :method_arg=>true})) :-
      (hole 0 {:hash_depth=>0, :method_arg=>true})))
  (begin
    (send
      (send
        (hole 0 {:hash_depth=>0, :limit_depth=>true, :recv=>true}) :diaspora_user_id=
        (hole 0 {:hash_depth=>0, :method_arg=>true})) :count))
  (begin
    (send
      (send
        (hole 0 {:hash_depth=>0, :limit_depth=>true, :recv=>true}) :diaspora_user_id) :-
      (hole 0 {:hash_depth=>0, :method_arg=>true})))
  (begin
    (send
      (send
        (hole 0 {:hash_depth=>0, :limit_depth=>true, :recv=>true}) :diaspora_user_id) :-
      (hole 0 {:hash_depth=>0, :method_arg=>true})))
  (begin
    (send
      (send
        (hole 0 {:hash_depth=>0, :limit_depth=>true, :recv=>true}) :diaspora_user_id) :count))
  (begin
    (send
      (send
        (hole 0 {:hash_depth=>0, :limit_depth=>true, :recv=>true}) :count=
        (hole 0 {:hash_depth=>0, :method_arg=>true})) :-
      (hole 0 {:hash_depth=>0, :method_arg=>true})))
  (begin
    (send
      (send
        (hole 0 {:hash_depth=>0, :limit_depth=>true, :recv=>true}) :count=
        (hole 0 {:hash_depth=>0, :method_arg=>true})) :-
      (hole 0 {:hash_depth=>0, :method_arg=>true})))
  (begin
    (send
      (send
        (hole 0 {:hash_depth=>0, :limit_depth=>true, :recv=>true}) :count=
        (hole 0 {:hash_depth=>0, :method_arg=>true})) :count))
  (begin
    (send
      (begin
        (send
          (hole 0 {:hash_depth=>0, :limit_depth=>true, :recv=>true}) :count)) :-
      (hole 0 {:hash_depth=>0, :method_arg=>true})))
  (begin
    (send
      (begin
        (send
          (hole 0 {:hash_depth=>0, :limit_depth=>true, :recv=>true}) :count)) :-
      (hole 0 {:hash_depth=>0, :method_arg=>true})))
  (begin
    (send
      (begin
        (send
          (hole 0 {:hash_depth=>0, :limit_depth=>true, :recv=>true}) :count)) :count))
  (begin
    (send
      (send
        (hole 0 {:hash_depth=>0, :limit_depth=>true, :recv=>true}) :diaspora_user) :count))
  (begin
    (send
      (send
        (hole 0 {:hash_depth=>0, :limit_depth=>true, :recv=>true}) :diaspora_user) :-
      (hole 0 {:hash_depth=>0, :method_arg=>true})))
  (begin
    (send
      (send
        (hole 0 {:hash_depth=>0, :limit_depth=>true, :recv=>true}) :diaspora_user=
        (hole 0 {:hash_depth=>0, :method_arg=>true})) :count))
  (begin
    (send
      (send
        (hole 0 {:hash_depth=>0, :limit_depth=>true, :recv=>true}) :diaspora_user=
        (hole 0 {:hash_depth=>0, :method_arg=>true})) :-
      (hole 0 {:hash_depth=>0, :method_arg=>true})))
  (begin
    (send
      (begin
        (send
          (hole 0 {:hash_depth=>0, :limit_depth=>true, :recv=>true}) :-
          (hole 0 {:hash_depth=>0, :method_arg=>true}))) :-
      (hole 0 {:hash_depth=>0, :method_arg=>true})))
  (begin
    (send
      (begin
        (send
          (hole 0 {:hash_depth=>0, :limit_depth=>true, :recv=>true}) :-
          (hole 0 {:hash_depth=>0, :method_arg=>true}))) :-
      (hole 0 {:hash_depth=>0, :method_arg=>true})))
  (begin
    (send
      (begin
        (send
          (hole 0 {:hash_depth=>0, :limit_depth=>true, :recv=>true}) :save)) :count))
  (begin
    (send
      (begin
        (send
          (hole 0 {:hash_depth=>0, :limit_depth=>true, :recv=>true}) :save)) :-
      (hole 0 {:hash_depth=>0, :method_arg=>true})))
  (begin
    (send
      (begin
        (send
          (hole 0 {:hash_depth=>0, :limit_depth=>true, :recv=>true}) :count)) :-
      (hole 0 {:hash_depth=>0, :method_arg=>true})))
  (begin
    (send
      (begin
        (send
          (hole 0 {:hash_depth=>0, :limit_depth=>true, :recv=>true}) :count)) :-
      (hole 0 {:hash_depth=>0, :method_arg=>true})))
  (begin
    (send
      (begin
        (send
          (hole 0 {:hash_depth=>0, :limit_depth=>true, :recv=>true}) :-
          (hole 0 {:hash_depth=>0, :method_arg=>true}))) :-
      (hole 0 {:hash_depth=>0, :method_arg=>true})))
  (begin
    (send
      (begin
        (send
          (hole 0 {:hash_depth=>0, :limit_depth=>true, :recv=>true}) :-
          (hole 0 {:hash_depth=>0, :method_arg=>true}))) :-
      (hole 0 {:hash_depth=>0, :method_arg=>true})))
  (begin
    (send
      (begin
        (send
          (hole 0 {:hash_depth=>0, :limit_depth=>true, :recv=>true}) :save)) :count))
  (begin
    (send
      (begin
        (send
          (hole 0 {:hash_depth=>0, :limit_depth=>true, :recv=>true}) :save)) :-
      (hole 0 {:hash_depth=>0, :method_arg=>true})))
  (hole 3 {:hash_depth=>0, :method_arg=>false, :variance=>:-}) {:method_arg=>false})
BASETYPE: %bot
SIZE WORK_LIST: 40
SIZE generated: 9
EVALUABLE#: 0

-------------------------

----------------
TTYPES
Integer
Integer
Integer
Integer
Integer
Integer
Integer
Integer
Integer
Integer
Integer
Integer
Integer
Integer
Integer
Integer
Integer
Integer
Integer
Integer
Integer
Integer
Integer
Integer
Integer
Integer
Integer
Integer
Integer
Integer
Integer
Integer
Integer
Integer
Integer
Integer

PROGS

LOCAL_COUNT: 36
GLOBAL_COUNT: 36

BASE_AFTER:
(begin
  (send
    (begin
      (send
        (filled-hole
          (lvar InvitationCode(id: integer, token: string, diaspora_user_id: integer, count: integer)) {:method_arg=>false}) :-
        (filled-hole
          (lvar :arg0)
          (lvar InvitationCode(id: integer, token: string, diaspora_user_id: integer, count: integer))
          (true)
          (false)
          (int 0)
          (int 1)
          (int 2)
          (str "")
          (hole 1 {:hash_depth=>0, :method_arg=>true, :variance=>:+}) {:method_arg=>true}))) :-
    (filled-hole
      (int 0)
      (int 1)
      (int 2)
      (hole 1 {:hash_depth=>0, :method_arg=>true, :variance=>:+}) {:method_arg=>true})))
BASETYPE: Integer
SIZE WORK_LIST: 48
SIZE generated: 36
EVALUABLE#: 24

-------------------------

----------------
TTYPES
Integer
Integer
Integer
Integer

PROGS

LOCAL_COUNT: 37
GLOBAL_COUNT: 37

BASE_AFTER:
(begin
  (send
    (begin
      (send
        (filled-hole
          (lvar InvitationCode(id: integer, token: string, diaspora_user_id: integer, count: integer)) {:method_arg=>false}) :count)) :-
    (filled-hole
      (int 0)
      (int 1)
      (int 2)
      (hole 1 {:hash_depth=>0, :method_arg=>true, :variance=>:+}) {:method_arg=>true})))
BASETYPE: Integer
SIZE WORK_LIST: 59
SIZE generated: 4
EVALUABLE#: 3

-------------------------

----------------
TTYPES
true or false
true or false
true or false
true or false
true or false
true or false
true or false
true or false
true or false
true or false
true or false

PROGS

LOCAL_COUNT: 38
GLOBAL_COUNT: 38

BASE_AFTER:
(begin
  (send
    (lvar :arg0) :count=
    (hole 1 {:hash_depth=>0, :method_arg=>true, :variance=>:+}))
  (true))
BASETYPE: true or false
SIZE WORK_LIST: 62
SIZE generated: 11
EVALUABLE#: 0

-------------------------

----------------
TTYPES
Integer
Integer

PROGS

LOCAL_COUNT: 39
GLOBAL_COUNT: 39

BASE_AFTER:
(begin
  (send
    (begin
      (send
        (lvar InvitationCode(id: integer, token: string, diaspora_user_id: integer, count: integer)) :count)) :-
    (int 0)))
BASETYPE: Integer
SIZE WORK_LIST: 72
SIZE generated: 2
EVALUABLE#: 0

-------------------------

----------------
TTYPES
Integer
Integer

PROGS

LOCAL_COUNT: 40
GLOBAL_COUNT: 40

BASE_AFTER:
(begin
  (send
    (begin
      (send
        (lvar InvitationCode(id: integer, token: string, diaspora_user_id: integer, count: integer)) :count)) :-
    (int 1)))
BASETYPE: Integer
SIZE WORK_LIST: 73
SIZE generated: 2
EVALUABLE#: 0

-------------------------

----------------
TTYPES
Integer
Integer

PROGS

LOCAL_COUNT: 41
GLOBAL_COUNT: 41

BASE_AFTER:
(begin
  (send
    (begin
      (send
        (lvar InvitationCode(id: integer, token: string, diaspora_user_id: integer, count: integer)) :count)) :-
    (int 2)))
BASETYPE: Integer
SIZE WORK_LIST: 74
SIZE generated: 2
EVALUABLE#: 0

-------------------------

----------------
TTYPES
true or false
true or false
true or false
true or false
true or false
true or false
true or false
true or false
true or false
true or false

PROGS

LOCAL_COUNT: 42
GLOBAL_COUNT: 42

BASE_AFTER:
(begin
  (send
    (lvar :arg0) :count=
    (begin
      (send
        (hole 0 {:hash_depth=>0, :limit_depth=>true, :recv=>true}) :-
        (hole 0 {:hash_depth=>0, :method_arg=>true}))))
  (true))
BASETYPE: true or false
SIZE WORK_LIST: 75
SIZE generated: 10
EVALUABLE#: 9

-------------------------

----------------
TTYPES
true or false

PROGS

LOCAL_COUNT: 43
GLOBAL_COUNT: 43

BASE_AFTER:
(begin
  (send
    (lvar :arg0) :count=
    (begin
      (send
        (hole 0 {:hash_depth=>0, :limit_depth=>true, :recv=>true}) :count)))
  (true))
BASETYPE: true or false
SIZE WORK_LIST: 75
SIZE generated: 1
EVALUABLE#: 1

-------------------------

----------------
TTYPES
true or false
true or false
true or false
true or false
true or false
true or false

PROGS

LOCAL_COUNT: 44
GLOBAL_COUNT: 44

BASE_AFTER:
(begin
  (send
    (lvar :arg0) :diaspora_user=
    (hole 1 {:hash_depth=>0, :method_arg=>true, :variance=>:+}))
  (true))
BASETYPE: true or false
SIZE WORK_LIST: 75
SIZE generated: 6
EVALUABLE#: 0

-------------------------

----------------
TTYPES
true or false
true or false

PROGS

LOCAL_COUNT: 45
GLOBAL_COUNT: 45

BASE_AFTER:
(begin
  (send
    (lvar :arg0) :count=
    (begin
      (send
        (lvar InvitationCode(id: integer, token: string, diaspora_user_id: integer, count: integer)) :count)))
  (true))
BASETYPE: true or false
SIZE WORK_LIST: 80
SIZE generated: 2
EVALUABLE#: 0

-------------------------

----------------
TTYPES
true or false

PROGS

LOCAL_COUNT: 46
GLOBAL_COUNT: 46

BASE_AFTER:
(begin
  (send
    (lvar :arg0) :diaspora_user=
    (begin
      (send
        (hole 0 {:hash_depth=>0, :limit_depth=>true, :recv=>true}) :count)))
  (true))
BASETYPE: true or false
SIZE WORK_LIST: 81
SIZE generated: 1
EVALUABLE#: 1

-------------------------

----------------
TTYPES
true or false
true or false
true or false
true or false
true or false
true or false
true or false
true or false
true or false
true or false
true or false

PROGS

LOCAL_COUNT: 47
GLOBAL_COUNT: 47

BASE_AFTER:
(begin
  (send
    (lvar :arg0) :count=
    (hole 1 {:hash_depth=>0, :method_arg=>true, :variance=>:+}))
  (false))
BASETYPE: true or false
SIZE WORK_LIST: 80
SIZE generated: 11
EVALUABLE#: 0

-------------------------

----------------
TTYPES
true or false

PROGS

LOCAL_COUNT: 48
GLOBAL_COUNT: 48

BASE_AFTER:
(begin
  (send
    (lvar :arg0) :count=
    (begin
      (send
        (hole 0 {:hash_depth=>0, :limit_depth=>true, :recv=>true}) :count)))
  (false))
BASETYPE: true or false
SIZE WORK_LIST: 90
SIZE generated: 1
EVALUABLE#: 1

-------------------------

----------------
TTYPES
true or false
true or false
true or false
true or false
true or false
true or false

PROGS

LOCAL_COUNT: 49
GLOBAL_COUNT: 49

BASE_AFTER:
(begin
  (send
    (lvar :arg0) :diaspora_user=
    (hole 1 {:hash_depth=>0, :method_arg=>true, :variance=>:+}))
  (false))
BASETYPE: true or false
SIZE WORK_LIST: 90
SIZE generated: 6
EVALUABLE#: 0

-------------------------

----------------
TTYPES
true or false
true or false

PROGS

LOCAL_COUNT: 50
GLOBAL_COUNT: 50

BASE_AFTER:
(begin
  (send
    (lvar :arg0) :count=
    (begin
      (send
        (lvar InvitationCode(id: integer, token: string, diaspora_user_id: integer, count: integer)) :count)))
  (false))
BASETYPE: true or false
SIZE WORK_LIST: 95
SIZE generated: 2
EVALUABLE#: 0

-------------------------

----------------
TTYPES
true or false

PROGS

LOCAL_COUNT: 51
GLOBAL_COUNT: 51

BASE_AFTER:
(begin
  (send
    (lvar :arg0) :diaspora_user=
    (begin
      (send
        (hole 0 {:hash_depth=>0, :limit_depth=>true, :recv=>true}) :count)))
  (false))
BASETYPE: true or false
SIZE WORK_LIST: 96
SIZE generated: 1
EVALUABLE#: 1

-------------------------

----------------
TTYPES
Integer
Integer
Integer
Integer
Integer
Integer
Integer
Integer
Integer
Integer
Integer

PROGS

LOCAL_COUNT: 52
GLOBAL_COUNT: 52

BASE_AFTER:
(begin
  (send
    (lvar :arg0) :count=
    (hole 1 {:hash_depth=>0, :method_arg=>true, :variance=>:+}))
  (int 0))
BASETYPE: Integer
SIZE WORK_LIST: 95
SIZE generated: 11
EVALUABLE#: 0

-------------------------

----------------
TTYPES
Integer

PROGS

LOCAL_COUNT: 53
GLOBAL_COUNT: 53

BASE_AFTER:
(begin
  (send
    (lvar :arg0) :count=
    (begin
      (send
        (hole 0 {:hash_depth=>0, :limit_depth=>true, :recv=>true}) :count)))
  (int 0))
BASETYPE: Integer
SIZE WORK_LIST: 105
SIZE generated: 1
EVALUABLE#: 1

-------------------------

----------------
TTYPES
Integer
Integer
Integer
Integer
Integer
Integer

PROGS

LOCAL_COUNT: 54
GLOBAL_COUNT: 54

BASE_AFTER:
(begin
  (send
    (lvar :arg0) :diaspora_user=
    (hole 1 {:hash_depth=>0, :method_arg=>true, :variance=>:+}))
  (int 0))
BASETYPE: Integer
SIZE WORK_LIST: 105
SIZE generated: 6
EVALUABLE#: 0

-------------------------

----------------
TTYPES
Integer
Integer

PROGS

LOCAL_COUNT: 55
GLOBAL_COUNT: 55

BASE_AFTER:
(begin
  (send
    (lvar :arg0) :count=
    (begin
      (send
        (lvar InvitationCode(id: integer, token: string, diaspora_user_id: integer, count: integer)) :count)))
  (int 0))
BASETYPE: Integer
SIZE WORK_LIST: 110
SIZE generated: 2
EVALUABLE#: 0

-------------------------

----------------
TTYPES
Integer

PROGS

LOCAL_COUNT: 56
GLOBAL_COUNT: 56

BASE_AFTER:
(begin
  (send
    (lvar :arg0) :diaspora_user=
    (begin
      (send
        (hole 0 {:hash_depth=>0, :limit_depth=>true, :recv=>true}) :count)))
  (int 0))
BASETYPE: Integer
SIZE WORK_LIST: 111
SIZE generated: 1
EVALUABLE#: 1

-------------------------

----------------
TTYPES
Integer
Integer
Integer
Integer
Integer
Integer
Integer
Integer
Integer
Integer
Integer

PROGS

LOCAL_COUNT: 57
GLOBAL_COUNT: 57

BASE_AFTER:
(begin
  (send
    (lvar :arg0) :count=
    (hole 1 {:hash_depth=>0, :method_arg=>true, :variance=>:+}))
  (int 1))
BASETYPE: Integer
SIZE WORK_LIST: 110
SIZE generated: 11
EVALUABLE#: 0

-------------------------

----------------
TTYPES
Integer

PROGS

LOCAL_COUNT: 58
GLOBAL_COUNT: 58

BASE_AFTER:
(begin
  (send
    (lvar :arg0) :count=
    (begin
      (send
        (hole 0 {:hash_depth=>0, :limit_depth=>true, :recv=>true}) :count)))
  (int 1))
BASETYPE: Integer
SIZE WORK_LIST: 120
SIZE generated: 1
EVALUABLE#: 1

-------------------------

----------------
TTYPES
Integer
Integer
Integer
Integer
Integer
Integer

PROGS

LOCAL_COUNT: 59
GLOBAL_COUNT: 59

BASE_AFTER:
(begin
  (send
    (lvar :arg0) :diaspora_user=
    (hole 1 {:hash_depth=>0, :method_arg=>true, :variance=>:+}))
  (int 1))
BASETYPE: Integer
SIZE WORK_LIST: 120
SIZE generated: 6
EVALUABLE#: 0

-------------------------

----------------
TTYPES
Integer
Integer

PROGS

LOCAL_COUNT: 60
GLOBAL_COUNT: 60

BASE_AFTER:
(begin
  (send
    (lvar :arg0) :count=
    (begin
      (send
        (lvar InvitationCode(id: integer, token: string, diaspora_user_id: integer, count: integer)) :count)))
  (int 1))
BASETYPE: Integer
SIZE WORK_LIST: 125
SIZE generated: 2
EVALUABLE#: 0

-------------------------

----------------
TTYPES
true or false
true or false
Integer
Integer
Integer
String
%bot

PROGS

LOCAL_COUNT: 1
GLOBAL_COUNT: 61

BASE_AFTER:
(filled-hole
  (true)
  (false)
  (int 0)
  (int 1)
  (int 2)
  (str "")
  (hole 1 {:hash_depth=>0, :method_arg=>false, :variance=>:-}) {:method_arg=>false})
BASETYPE: %bot
SIZE WORK_LIST: 0
SIZE generated: 7
EVALUABLE#: 6

-------------------------

----------------
TTYPES
true or false
true or false

PROGS

LOCAL_COUNT: 2
GLOBAL_COUNT: 62

BASE_AFTER:
(true)
BASETYPE: true or false
SIZE WORK_LIST: 6
SIZE generated: 2
EVALUABLE#: 0

-------------------------

----------------
TTYPES
true or false
true or false

PROGS

LOCAL_COUNT: 3
GLOBAL_COUNT: 63

BASE_AFTER:
(false)
BASETYPE: true or false
SIZE WORK_LIST: 7
SIZE generated: 2
EVALUABLE#: 0

-------------------------

----------------
TTYPES
Integer
Integer

PROGS

LOCAL_COUNT: 4
GLOBAL_COUNT: 64

BASE_AFTER:
(int 0)
BASETYPE: Integer
SIZE WORK_LIST: 8
SIZE generated: 2
EVALUABLE#: 0

-------------------------

----------------
TTYPES
Integer
Integer

PROGS

LOCAL_COUNT: 5
GLOBAL_COUNT: 65

BASE_AFTER:
(int 1)
BASETYPE: Integer
SIZE WORK_LIST: 9
SIZE generated: 2
EVALUABLE#: 0

-------------------------

----------------
TTYPES
Integer
Integer

PROGS

LOCAL_COUNT: 6
GLOBAL_COUNT: 66

BASE_AFTER:
(int 2)
BASETYPE: Integer
SIZE WORK_LIST: 10
SIZE generated: 2
EVALUABLE#: 0

-------------------------

----------------
TTYPES
String
String

PROGS

LOCAL_COUNT: 7
GLOBAL_COUNT: 67

BASE_AFTER:
(str "")
BASETYPE: String
SIZE WORK_LIST: 11
SIZE generated: 2
EVALUABLE#: 0

-------------------------

----------------
TTYPES
%bot

PROGS

LOCAL_COUNT: 8
GLOBAL_COUNT: 68

BASE_AFTER:
(filled-hole
  (hole 2 {:hash_depth=>0, :method_arg=>false, :variance=>:-}) {:method_arg=>false})
BASETYPE: %bot
SIZE WORK_LIST: 12
SIZE generated: 1
EVALUABLE#: 0

-------------------------

----------------
TTYPES
true or false
true or false
true or false
true or false

PROGS

LOCAL_COUNT: 9
GLOBAL_COUNT: 69

BASE_AFTER:
(begin
  (send
    (hole 0 {:hash_depth=>0, :limit_depth=>true, :recv=>true}) :count=
    (hole 0 {:hash_depth=>0, :method_arg=>true}))
  (true))
BASETYPE: true or false
SIZE WORK_LIST: 12
SIZE generated: 4
EVALUABLE#: 3

-------------------------

----------------
TTYPES
true or false

PROGS

LOCAL_COUNT: 1
GLOBAL_COUNT: 70

BASE_AFTER:
(filled-hole
  (hole 1 {:hash_depth=>0, :method_arg=>false, :variance=>:+}) {:method_arg=>false})
BASETYPE: true or false
SIZE WORK_LIST: 0
SIZE generated: 1
EVALUABLE#: 0

-------------------------

----------------
TTYPES
true or false
true or false

PROGS

LOCAL_COUNT: 2
GLOBAL_COUNT: 71

BASE_AFTER:
(filled-hole
  (begin
    (send
      (hole 0 {:hash_depth=>0, :limit_depth=>true, :recv=>true}) :-
      (hole 0 {:hash_depth=>0, :method_arg=>true})))
  (begin
    (send
      (hole 0 {:hash_depth=>0, :limit_depth=>true, :recv=>true}) :save))
  (begin
    (send
      (hole 0 {:hash_depth=>0, :limit_depth=>true, :recv=>true}) :count))
  (begin
    (send
      (hole 0 {:hash_depth=>0, :limit_depth=>true, :recv=>true}) :-
      (hole 0 {:hash_depth=>0, :method_arg=>true})))
  (begin
    (send
      (hole 0 {:hash_depth=>0, :limit_depth=>true, :recv=>true}) :save))
  (hole 2 {:hash_depth=>0, :method_arg=>false, :variance=>:+}) {:method_arg=>false})
BASETYPE: true or false
SIZE WORK_LIST: 0
SIZE generated: 2
EVALUABLE#: 0

-------------------------

----------------
TTYPES
true or false

PROGS

LOCAL_COUNT: 3
GLOBAL_COUNT: 72

BASE_AFTER:
(begin
  (send
    (filled-hole
      (lvar InvitationCode(id: integer, token: string, diaspora_user_id: integer, count: integer)) {:method_arg=>false}) :save))
BASETYPE: true or false
SIZE WORK_LIST: 1
SIZE generated: 1
EVALUABLE#: 1

-------------------------

----------------
TTYPES
true or false
true or false
Integer
Integer
Integer
String
%bot

PROGS

LOCAL_COUNT: 1
GLOBAL_COUNT: 1

BASE_AFTER:
(filled-hole
  (true)
  (false)
  (int 0)
  (int 1)
  (int 2)
  (str "")
  (hole 1 {:hash_depth=>0, :method_arg=>false, :variance=>:-}) {:method_arg=>false})
BASETYPE: %bot
SIZE WORK_LIST: 0
SIZE generated: 7
EVALUABLE#: 6

-------------------------

----------------
TTYPES
true or false
true or false
Integer
Integer
Integer
String
%bot

PROGS

LOCAL_COUNT: 1
GLOBAL_COUNT: 1

BASE_AFTER:
(filled-hole
  (true)
  (false)
  (int 0)
  (int 1)
  (int 2)
  (str "")
  (hole 1 {:hash_depth=>0, :method_arg=>false, :variance=>:-}) {:method_arg=>false})
BASETYPE: %bot
SIZE WORK_LIST: 0
SIZE generated: 7
EVALUABLE#: 6

-------------------------

----------------
TTYPES
true or false
true or false

PROGS

LOCAL_COUNT: 2
GLOBAL_COUNT: 2

BASE_AFTER:
(true)
BASETYPE: true or false
SIZE WORK_LIST: 6
SIZE generated: 2
EVALUABLE#: 0

-------------------------

----------------
TTYPES
true or false
true or false

PROGS

LOCAL_COUNT: 3
GLOBAL_COUNT: 3

BASE_AFTER:
(false)
BASETYPE: true or false
SIZE WORK_LIST: 7
SIZE generated: 2
EVALUABLE#: 0

-------------------------

----------------
TTYPES
Integer
Integer

PROGS

LOCAL_COUNT: 4
GLOBAL_COUNT: 4

BASE_AFTER:
(int 0)
BASETYPE: Integer
SIZE WORK_LIST: 8
SIZE generated: 2
EVALUABLE#: 0

-------------------------

----------------
TTYPES
Integer
Integer

PROGS

LOCAL_COUNT: 5
GLOBAL_COUNT: 5

BASE_AFTER:
(int 1)
BASETYPE: Integer
SIZE WORK_LIST: 9
SIZE generated: 2
EVALUABLE#: 0

-------------------------

----------------
TTYPES
Integer
Integer

PROGS

LOCAL_COUNT: 6
GLOBAL_COUNT: 6

BASE_AFTER:
(int 2)
BASETYPE: Integer
SIZE WORK_LIST: 10
SIZE generated: 2
EVALUABLE#: 0

-------------------------

----------------
TTYPES
String
String

PROGS

LOCAL_COUNT: 7
GLOBAL_COUNT: 7

BASE_AFTER:
(str "")
BASETYPE: String
SIZE WORK_LIST: 11
SIZE generated: 2
EVALUABLE#: 0

-------------------------

----------------
TTYPES
%bot

PROGS

LOCAL_COUNT: 8
GLOBAL_COUNT: 8

BASE_AFTER:
(filled-hole
  (begin
    (send
      (hole 0 {:hash_depth=>0, :limit_depth=>true, :recv=>true}) :-
      (hole 0 {:hash_depth=>0, :method_arg=>true})))
  (begin
    (send
      (hole 0 {:hash_depth=>0, :limit_depth=>true, :recv=>true}) :count))
  (begin
    (send
      (hole 0 {:hash_depth=>0, :limit_depth=>true, :recv=>true}) :-
      (hole 0 {:hash_depth=>0, :method_arg=>true})))
  (hole 2 {:hash_depth=>0, :method_arg=>false, :variance=>:-}) {:method_arg=>false})
BASETYPE: %bot
SIZE WORK_LIST: 12
SIZE generated: 1
EVALUABLE#: 0

-------------------------

----------------
TTYPES
true or false
true or false
true or false
true or false

PROGS

LOCAL_COUNT: 9
GLOBAL_COUNT: 9

BASE_AFTER:
(begin
  (send
    (hole 0 {:hash_depth=>0, :limit_depth=>true, :recv=>true}) :count=
    (hole 0 {:hash_depth=>0, :method_arg=>true}))
  (true))
BASETYPE: true or false
SIZE WORK_LIST: 12
SIZE generated: 4
EVALUABLE#: 3

-------------------------

----------------
TTYPES
true or false

PROGS

LOCAL_COUNT: 10
GLOBAL_COUNT: 10

BASE_AFTER:
(begin
  (send
    (hole 0 {:hash_depth=>0, :limit_depth=>true, :recv=>true}) :diaspora_user=
    (hole 0 {:hash_depth=>0, :method_arg=>true}))
  (true))
BASETYPE: true or false
SIZE WORK_LIST: 14
SIZE generated: 1
EVALUABLE#: 0

-------------------------

----------------
TTYPES
true or false
true or false
true or false
true or false

PROGS

LOCAL_COUNT: 11
GLOBAL_COUNT: 11

BASE_AFTER:
(begin
  (send
    (hole 0 {:hash_depth=>0, :limit_depth=>true, :recv=>true}) :count=
    (hole 0 {:hash_depth=>0, :method_arg=>true}))
  (false))
BASETYPE: true or false
SIZE WORK_LIST: 14
SIZE generated: 4
EVALUABLE#: 3

-------------------------

----------------
TTYPES
true or false

PROGS

LOCAL_COUNT: 12
GLOBAL_COUNT: 12

BASE_AFTER:
(begin
  (send
    (hole 0 {:hash_depth=>0, :limit_depth=>true, :recv=>true}) :diaspora_user=
    (hole 0 {:hash_depth=>0, :method_arg=>true}))
  (false))
BASETYPE: true or false
SIZE WORK_LIST: 16
SIZE generated: 1
EVALUABLE#: 0

-------------------------

----------------
TTYPES
Integer
Integer
Integer
Integer
Integer

PROGS

LOCAL_COUNT: 13
GLOBAL_COUNT: 13

BASE_AFTER:
(begin
  (send
    (hole 0 {:hash_depth=>0, :limit_depth=>true, :recv=>true}) :count=
    (hole 0 {:hash_depth=>0, :method_arg=>true}))
  (int 0))
BASETYPE: Integer
SIZE WORK_LIST: 16
SIZE generated: 5
EVALUABLE#: 4

-------------------------

----------------
TTYPES
Integer

PROGS

LOCAL_COUNT: 14
GLOBAL_COUNT: 14

BASE_AFTER:
(begin
  (send
    (hole 0 {:hash_depth=>0, :limit_depth=>true, :recv=>true}) :diaspora_user=
    (hole 0 {:hash_depth=>0, :method_arg=>true}))
  (int 0))
BASETYPE: Integer
SIZE WORK_LIST: 19
SIZE generated: 1
EVALUABLE#: 0

-------------------------

----------------
TTYPES
Integer
Integer
Integer
Integer
Integer

PROGS

LOCAL_COUNT: 15
GLOBAL_COUNT: 15

BASE_AFTER:
(begin
  (send
    (hole 0 {:hash_depth=>0, :limit_depth=>true, :recv=>true}) :count=
    (hole 0 {:hash_depth=>0, :method_arg=>true}))
  (int 1))
BASETYPE: Integer
SIZE WORK_LIST: 19
SIZE generated: 5
EVALUABLE#: 4

-------------------------

----------------
TTYPES
Integer

PROGS

LOCAL_COUNT: 16
GLOBAL_COUNT: 16

BASE_AFTER:
(begin
  (send
    (hole 0 {:hash_depth=>0, :limit_depth=>true, :recv=>true}) :diaspora_user=
    (hole 0 {:hash_depth=>0, :method_arg=>true}))
  (int 1))
BASETYPE: Integer
SIZE WORK_LIST: 22
SIZE generated: 1
EVALUABLE#: 0

-------------------------

----------------
TTYPES
Integer
Integer
Integer
Integer
Integer

PROGS

LOCAL_COUNT: 17
GLOBAL_COUNT: 17

BASE_AFTER:
(begin
  (send
    (hole 0 {:hash_depth=>0, :limit_depth=>true, :recv=>true}) :count=
    (hole 0 {:hash_depth=>0, :method_arg=>true}))
  (int 2))
BASETYPE: Integer
SIZE WORK_LIST: 22
SIZE generated: 5
EVALUABLE#: 4

-------------------------

----------------
TTYPES
Integer

PROGS

LOCAL_COUNT: 18
GLOBAL_COUNT: 18

BASE_AFTER:
(begin
  (send
    (hole 0 {:hash_depth=>0, :limit_depth=>true, :recv=>true}) :diaspora_user=
    (hole 0 {:hash_depth=>0, :method_arg=>true}))
  (int 2))
BASETYPE: Integer
SIZE WORK_LIST: 24
SIZE generated: 1
EVALUABLE#: 0

-------------------------

----------------
TTYPES
String
String
String
String

PROGS

LOCAL_COUNT: 19
GLOBAL_COUNT: 19

BASE_AFTER:
(begin
  (send
    (hole 0 {:hash_depth=>0, :limit_depth=>true, :recv=>true}) :count=
    (hole 0 {:hash_depth=>0, :method_arg=>true}))
  (str ""))
BASETYPE: String
SIZE WORK_LIST: 24
SIZE generated: 4
EVALUABLE#: 3

-------------------------

----------------
TTYPES
String

PROGS

LOCAL_COUNT: 20
GLOBAL_COUNT: 20

BASE_AFTER:
(begin
  (send
    (hole 0 {:hash_depth=>0, :limit_depth=>true, :recv=>true}) :diaspora_user=
    (hole 0 {:hash_depth=>0, :method_arg=>true}))
  (str ""))
BASETYPE: String
SIZE WORK_LIST: 26
SIZE generated: 1
EVALUABLE#: 0

-------------------------

----------------
TTYPES
true or false
true or false

PROGS

LOCAL_COUNT: 21
GLOBAL_COUNT: 21

BASE_AFTER:
(begin
  (send
    (lvar :arg0) :count=
    (int 0))
  (true))
BASETYPE: true or false
SIZE WORK_LIST: 26
SIZE generated: 2
EVALUABLE#: 0

-------------------------

----------------
TTYPES
true or false
true or false

PROGS

LOCAL_COUNT: 22
GLOBAL_COUNT: 22

BASE_AFTER:
(begin
  (send
    (lvar :arg0) :count=
    (int 1))
  (true))
BASETYPE: true or false
SIZE WORK_LIST: 27
SIZE generated: 2
EVALUABLE#: 0

-------------------------

----------------
TTYPES
true or false
true or false

PROGS

LOCAL_COUNT: 23
GLOBAL_COUNT: 23

BASE_AFTER:
(begin
  (send
    (lvar :arg0) :count=
    (int 0))
  (false))
BASETYPE: true or false
SIZE WORK_LIST: 28
SIZE generated: 2
EVALUABLE#: 0

-------------------------

----------------
TTYPES
true or false
true or false

PROGS

LOCAL_COUNT: 24
GLOBAL_COUNT: 24

BASE_AFTER:
(begin
  (send
    (lvar :arg0) :count=
    (int 1))
  (false))
BASETYPE: true or false
SIZE WORK_LIST: 29
SIZE generated: 2
EVALUABLE#: 0

-------------------------

----------------
TTYPES
Integer
Integer

PROGS

LOCAL_COUNT: 25
GLOBAL_COUNT: 25

BASE_AFTER:
(begin
  (send
    (lvar :arg0) :count=
    (int 0))
  (int 0))
BASETYPE: Integer
SIZE WORK_LIST: 30
SIZE generated: 2
EVALUABLE#: 0

-------------------------

----------------
TTYPES
Integer
Integer

PROGS

LOCAL_COUNT: 26
GLOBAL_COUNT: 26

BASE_AFTER:
(begin
  (send
    (lvar :arg0) :count=
    (int 1))
  (int 0))
BASETYPE: Integer
SIZE WORK_LIST: 31
SIZE generated: 2
EVALUABLE#: 0

-------------------------

----------------
TTYPES
Integer
Integer

PROGS

LOCAL_COUNT: 27
GLOBAL_COUNT: 27

BASE_AFTER:
(begin
  (lvasgn :t0
    (int 0))
  (send
    (lvar :arg0) :count=
    (lvar :t0))
  (lvar :t0))
BASETYPE: Integer
SIZE WORK_LIST: 32
SIZE generated: 2
EVALUABLE#: 0

-------------------------

----------------
TTYPES
Integer
Integer

PROGS

LOCAL_COUNT: 28
GLOBAL_COUNT: 28

BASE_AFTER:
(begin
  (send
    (lvar :arg0) :count=
    (int 0))
  (int 1))
BASETYPE: Integer
SIZE WORK_LIST: 33
SIZE generated: 2
EVALUABLE#: 0

-------------------------

----------------
TTYPES
Integer
Integer

PROGS

LOCAL_COUNT: 29
GLOBAL_COUNT: 29

BASE_AFTER:
(begin
  (send
    (lvar :arg0) :count=
    (int 1))
  (int 1))
BASETYPE: Integer
SIZE WORK_LIST: 34
SIZE generated: 2
EVALUABLE#: 0

-------------------------

----------------
TTYPES
Integer
Integer

PROGS

LOCAL_COUNT: 30
GLOBAL_COUNT: 30

BASE_AFTER:
(begin
  (lvasgn :t0
    (int 1))
  (send
    (lvar :arg0) :count=
    (lvar :t0))
  (lvar :t0))
BASETYPE: Integer
SIZE WORK_LIST: 35
SIZE generated: 2
EVALUABLE#: 0

-------------------------

----------------
TTYPES
Integer
Integer

PROGS

LOCAL_COUNT: 31
GLOBAL_COUNT: 31

BASE_AFTER:
(begin
  (send
    (lvar :arg0) :count=
    (int 0))
  (int 2))
BASETYPE: Integer
SIZE WORK_LIST: 36
SIZE generated: 2
EVALUABLE#: 0

-------------------------

----------------
TTYPES
Integer
Integer

PROGS

LOCAL_COUNT: 32
GLOBAL_COUNT: 32

BASE_AFTER:
(begin
  (send
    (lvar :arg0) :count=
    (int 1))
  (int 2))
BASETYPE: Integer
SIZE WORK_LIST: 37
SIZE generated: 2
EVALUABLE#: 0

-------------------------

----------------
TTYPES
String
String

PROGS

LOCAL_COUNT: 33
GLOBAL_COUNT: 33

BASE_AFTER:
(begin
  (send
    (lvar :arg0) :count=
    (int 0))
  (str ""))
BASETYPE: String
SIZE WORK_LIST: 38
SIZE generated: 2
EVALUABLE#: 0

-------------------------

----------------
TTYPES
String
String

PROGS

LOCAL_COUNT: 34
GLOBAL_COUNT: 34

BASE_AFTER:
(begin
  (send
    (lvar :arg0) :count=
    (int 1))
  (str ""))
BASETYPE: String
SIZE WORK_LIST: 39
SIZE generated: 2
EVALUABLE#: 0

-------------------------

----------------
TTYPES
Integer
Integer
Integer
Integer
Integer
Integer
Integer
Integer
%bot

PROGS

LOCAL_COUNT: 35
GLOBAL_COUNT: 35

BASE_AFTER:
(filled-hole
  (begin
    (send
      (send
        (hole 0 {:hash_depth=>0, :limit_depth=>true, :recv=>true}) :id=
        (hole 0 {:hash_depth=>0, :method_arg=>true})) :-
      (hole 0 {:hash_depth=>0, :method_arg=>true})))
  (begin
    (send
      (send
        (hole 0 {:hash_depth=>0, :limit_depth=>true, :recv=>true}) :id=
        (hole 0 {:hash_depth=>0, :method_arg=>true})) :-
      (hole 0 {:hash_depth=>0, :method_arg=>true})))
  (begin
    (send
      (send
        (hole 0 {:hash_depth=>0, :limit_depth=>true, :recv=>true}) :id=
        (hole 0 {:hash_depth=>0, :method_arg=>true})) :count))
  (begin
    (send
      (send
        (hole 0 {:hash_depth=>0, :limit_depth=>true, :recv=>true}) :id) :-
      (hole 0 {:hash_depth=>0, :method_arg=>true})))
  (begin
    (send
      (send
        (hole 0 {:hash_depth=>0, :limit_depth=>true, :recv=>true}) :id) :-
      (hole 0 {:hash_depth=>0, :method_arg=>true})))
  (begin
    (send
      (send
        (hole 0 {:hash_depth=>0, :limit_depth=>true, :recv=>true}) :id) :count))
  (begin
    (send
      (send
        (hole 0 {:hash_depth=>0, :limit_depth=>true, :recv=>true}) :token=
        (hole 0 {:hash_depth=>0, :method_arg=>true})) :count))
  (begin
    (send
      (send
        (hole 0 {:hash_depth=>0, :limit_depth=>true, :recv=>true}) :token=
        (hole 0 {:hash_depth=>0, :method_arg=>true})) :-
      (hole 0 {:hash_depth=>0, :method_arg=>true})))
  (begin
    (send
      (send
        (hole 0 {:hash_depth=>0, :limit_depth=>true, :recv=>true}) :token) :count))
  (begin
    (send
      (send
        (hole 0 {:hash_depth=>0, :limit_depth=>true, :recv=>true}) :token) :-
      (hole 0 {:hash_depth=>0, :method_arg=>true})))
  (begin
    (send
      (send
        (hole 0 {:hash_depth=>0, :limit_depth=>true, :recv=>true}) :diaspora_user_id=
        (hole 0 {:hash_depth=>0, :method_arg=>true})) :-
      (hole 0 {:hash_depth=>0, :method_arg=>true})))
  (begin
    (send
      (send
        (hole 0 {:hash_depth=>0, :limit_depth=>true, :recv=>true}) :diaspora_user_id=
        (hole 0 {:hash_depth=>0, :method_arg=>true})) :-
      (hole 0 {:hash_depth=>0, :method_arg=>true})))
  (begin
    (send
      (send
        (hole 0 {:hash_depth=>0, :limit_depth=>true, :recv=>true}) :diaspora_user_id=
        (hole 0 {:hash_depth=>0, :method_arg=>true})) :count))
  (begin
    (send
      (send
        (hole 0 {:hash_depth=>0, :limit_depth=>true, :recv=>true}) :diaspora_user_id) :-
      (hole 0 {:hash_depth=>0, :method_arg=>true})))
  (begin
    (send
      (send
        (hole 0 {:hash_depth=>0, :limit_depth=>true, :recv=>true}) :diaspora_user_id) :-
      (hole 0 {:hash_depth=>0, :method_arg=>true})))
  (begin
    (send
      (send
        (hole 0 {:hash_depth=>0, :limit_depth=>true, :recv=>true}) :diaspora_user_id) :count))
  (begin
    (send
      (send
        (hole 0 {:hash_depth=>0, :limit_depth=>true, :recv=>true}) :count=
        (hole 0 {:hash_depth=>0, :method_arg=>true})) :-
      (hole 0 {:hash_depth=>0, :method_arg=>true})))
  (begin
    (send
      (send
        (hole 0 {:hash_depth=>0, :limit_depth=>true, :recv=>true}) :count=
        (hole 0 {:hash_depth=>0, :method_arg=>true})) :-
      (hole 0 {:hash_depth=>0, :method_arg=>true})))
  (begin
    (send
      (send
        (hole 0 {:hash_depth=>0, :limit_depth=>true, :recv=>true}) :count=
        (hole 0 {:hash_depth=>0, :method_arg=>true})) :count))
  (begin
    (send
      (begin
        (send
          (hole 0 {:hash_depth=>0, :limit_depth=>true, :recv=>true}) :count)) :-
      (hole 0 {:hash_depth=>0, :method_arg=>true})))
  (begin
    (send
      (begin
        (send
          (hole 0 {:hash_depth=>0, :limit_depth=>true, :recv=>true}) :count)) :-
      (hole 0 {:hash_depth=>0, :method_arg=>true})))
  (begin
    (send
      (begin
        (send
          (hole 0 {:hash_depth=>0, :limit_depth=>true, :recv=>true}) :count)) :count))
  (begin
    (send
      (send
        (hole 0 {:hash_depth=>0, :limit_depth=>true, :recv=>true}) :diaspora_user) :count))
  (begin
    (send
      (send
        (hole 0 {:hash_depth=>0, :limit_depth=>true, :recv=>true}) :diaspora_user) :-
      (hole 0 {:hash_depth=>0, :method_arg=>true})))
  (begin
    (send
      (send
        (hole 0 {:hash_depth=>0, :limit_depth=>true, :recv=>true}) :diaspora_user=
        (hole 0 {:hash_depth=>0, :method_arg=>true})) :count))
  (begin
    (send
      (send
        (hole 0 {:hash_depth=>0, :limit_depth=>true, :recv=>true}) :diaspora_user=
        (hole 0 {:hash_depth=>0, :method_arg=>true})) :-
      (hole 0 {:hash_depth=>0, :method_arg=>true})))
  (begin
    (send
      (begin
        (send
          (hole 0 {:hash_depth=>0, :limit_depth=>true, :recv=>true}) :-
          (hole 0 {:hash_depth=>0, :method_arg=>true}))) :-
      (hole 0 {:hash_depth=>0, :method_arg=>true})))
  (begin
    (send
      (begin
        (send
          (hole 0 {:hash_depth=>0, :limit_depth=>true, :recv=>true}) :-
          (hole 0 {:hash_depth=>0, :method_arg=>true}))) :-
      (hole 0 {:hash_depth=>0, :method_arg=>true})))
  (begin
    (send
      (begin
        (send
          (hole 0 {:hash_depth=>0, :limit_depth=>true, :recv=>true}) :save)) :count))
  (begin
    (send
      (begin
        (send
          (hole 0 {:hash_depth=>0, :limit_depth=>true, :recv=>true}) :save)) :-
      (hole 0 {:hash_depth=>0, :method_arg=>true})))
  (begin
    (send
      (begin
        (send
          (hole 0 {:hash_depth=>0, :limit_depth=>true, :recv=>true}) :count)) :-
      (hole 0 {:hash_depth=>0, :method_arg=>true})))
  (begin
    (send
      (begin
        (send
          (hole 0 {:hash_depth=>0, :limit_depth=>true, :recv=>true}) :count)) :-
      (hole 0 {:hash_depth=>0, :method_arg=>true})))
  (begin
    (send
      (begin
        (send
          (hole 0 {:hash_depth=>0, :limit_depth=>true, :recv=>true}) :-
          (hole 0 {:hash_depth=>0, :method_arg=>true}))) :-
      (hole 0 {:hash_depth=>0, :method_arg=>true})))
  (begin
    (send
      (begin
        (send
          (hole 0 {:hash_depth=>0, :limit_depth=>true, :recv=>true}) :-
          (hole 0 {:hash_depth=>0, :method_arg=>true}))) :-
      (hole 0 {:hash_depth=>0, :method_arg=>true})))
  (begin
    (send
      (begin
        (send
          (hole 0 {:hash_depth=>0, :limit_depth=>true, :recv=>true}) :save)) :count))
  (begin
    (send
      (begin
        (send
          (hole 0 {:hash_depth=>0, :limit_depth=>true, :recv=>true}) :save)) :-
      (hole 0 {:hash_depth=>0, :method_arg=>true})))
  (hole 3 {:hash_depth=>0, :method_arg=>false, :variance=>:-}) {:method_arg=>false})
BASETYPE: %bot
SIZE WORK_LIST: 40
SIZE generated: 9
EVALUABLE#: 0

-------------------------

----------------
TTYPES
Integer
Integer
Integer
Integer
Integer
Integer
Integer
Integer
Integer
Integer
Integer
Integer
Integer
Integer
Integer
Integer
Integer
Integer
Integer
Integer
Integer
Integer
Integer
Integer
Integer
Integer
Integer
Integer
Integer
Integer
Integer
Integer
Integer
Integer
Integer
Integer

PROGS

LOCAL_COUNT: 36
GLOBAL_COUNT: 36

BASE_AFTER:
(begin
  (send
    (begin
      (send
        (filled-hole
          (lvar InvitationCode(id: integer, token: string, diaspora_user_id: integer, count: integer)) {:method_arg=>false}) :-
        (filled-hole
          (lvar :arg0)
          (lvar InvitationCode(id: integer, token: string, diaspora_user_id: integer, count: integer))
          (true)
          (false)
          (int 0)
          (int 1)
          (int 2)
          (str "")
          (hole 1 {:hash_depth=>0, :method_arg=>true, :variance=>:+}) {:method_arg=>true}))) :-
    (filled-hole
      (int 0)
      (int 1)
      (int 2)
      (hole 1 {:hash_depth=>0, :method_arg=>true, :variance=>:+}) {:method_arg=>true})))
BASETYPE: Integer
SIZE WORK_LIST: 48
SIZE generated: 36
EVALUABLE#: 24

-------------------------

----------------
TTYPES
true or false
true or false
Integer
Integer
Integer
String
%bot

PROGS

LOCAL_COUNT: 1
GLOBAL_COUNT: 1

BASE_AFTER:
(filled-hole
  (true)
  (false)
  (int 0)
  (int 1)
  (int 2)
  (str "")
  (hole 1 {:hash_depth=>0, :method_arg=>false, :variance=>:-}) {:method_arg=>false})
BASETYPE: %bot
SIZE WORK_LIST: 0
SIZE generated: 7
EVALUABLE#: 6

-------------------------

----------------
TTYPES
true or false
true or false

PROGS

LOCAL_COUNT: 2
GLOBAL_COUNT: 2

BASE_AFTER:
(true)
BASETYPE: true or false
SIZE WORK_LIST: 6
SIZE generated: 2
EVALUABLE#: 0

-------------------------

----------------
TTYPES
true or false
true or false

PROGS

LOCAL_COUNT: 3
GLOBAL_COUNT: 3

BASE_AFTER:
(false)
BASETYPE: true or false
SIZE WORK_LIST: 7
SIZE generated: 2
EVALUABLE#: 0

-------------------------

----------------
TTYPES
Integer
Integer

PROGS

LOCAL_COUNT: 4
GLOBAL_COUNT: 4

BASE_AFTER:
(int 0)
BASETYPE: Integer
SIZE WORK_LIST: 8
SIZE generated: 2
EVALUABLE#: 0

-------------------------

----------------
TTYPES
Integer
Integer

PROGS

LOCAL_COUNT: 5
GLOBAL_COUNT: 5

BASE_AFTER:
(int 1)
BASETYPE: Integer
SIZE WORK_LIST: 9
SIZE generated: 2
EVALUABLE#: 0

-------------------------

----------------
TTYPES
Integer
Integer

PROGS

LOCAL_COUNT: 6
GLOBAL_COUNT: 6

BASE_AFTER:
(int 2)
BASETYPE: Integer
SIZE WORK_LIST: 10
SIZE generated: 2
EVALUABLE#: 0

-------------------------

----------------
TTYPES
String
String

PROGS

LOCAL_COUNT: 7
GLOBAL_COUNT: 7

BASE_AFTER:
(str "")
BASETYPE: String
SIZE WORK_LIST: 11
SIZE generated: 2
EVALUABLE#: 0

-------------------------

----------------
TTYPES
%bot

PROGS

LOCAL_COUNT: 8
GLOBAL_COUNT: 8

BASE_AFTER:
(filled-hole
  (begin
    (send
      (hole 0 {:hash_depth=>0, :limit_depth=>true, :recv=>true}) :-
      (hole 0 {:hash_depth=>0, :method_arg=>true})))
  (begin
    (send
      (hole 0 {:hash_depth=>0, :limit_depth=>true, :recv=>true}) :count))
  (begin
    (send
      (hole 0 {:hash_depth=>0, :limit_depth=>true, :recv=>true}) :-
      (hole 0 {:hash_depth=>0, :method_arg=>true})))
  (hole 2 {:hash_depth=>0, :method_arg=>false, :variance=>:-}) {:method_arg=>false})
BASETYPE: %bot
SIZE WORK_LIST: 12
SIZE generated: 1
EVALUABLE#: 0

-------------------------

----------------
TTYPES
true or false
true or false
true or false
true or false

PROGS

LOCAL_COUNT: 9
GLOBAL_COUNT: 9

BASE_AFTER:
(begin
  (send
    (hole 0 {:hash_depth=>0, :limit_depth=>true, :recv=>true}) :count=
    (hole 0 {:hash_depth=>0, :method_arg=>true}))
  (true))
BASETYPE: true or false
SIZE WORK_LIST: 12
SIZE generated: 4
EVALUABLE#: 3

-------------------------

----------------
TTYPES
true or false

PROGS

LOCAL_COUNT: 10
GLOBAL_COUNT: 10

BASE_AFTER:
(begin
  (send
    (hole 0 {:hash_depth=>0, :limit_depth=>true, :recv=>true}) :diaspora_user=
    (hole 0 {:hash_depth=>0, :method_arg=>true}))
  (true))
BASETYPE: true or false
SIZE WORK_LIST: 14
SIZE generated: 1
EVALUABLE#: 0

-------------------------

----------------
TTYPES
true or false
true or false
true or false
true or false

PROGS

LOCAL_COUNT: 11
GLOBAL_COUNT: 11

BASE_AFTER:
(begin
  (send
    (hole 0 {:hash_depth=>0, :limit_depth=>true, :recv=>true}) :count=
    (hole 0 {:hash_depth=>0, :method_arg=>true}))
  (false))
BASETYPE: true or false
SIZE WORK_LIST: 14
SIZE generated: 4
EVALUABLE#: 3

-------------------------

----------------
TTYPES
true or false

PROGS

LOCAL_COUNT: 12
GLOBAL_COUNT: 12

BASE_AFTER:
(begin
  (send
    (hole 0 {:hash_depth=>0, :limit_depth=>true, :recv=>true}) :diaspora_user=
    (hole 0 {:hash_depth=>0, :method_arg=>true}))
  (false))
BASETYPE: true or false
SIZE WORK_LIST: 16
SIZE generated: 1
EVALUABLE#: 0

-------------------------

----------------
TTYPES
Integer
Integer
Integer
Integer
Integer

PROGS

LOCAL_COUNT: 13
GLOBAL_COUNT: 13

BASE_AFTER:
(begin
  (send
    (hole 0 {:hash_depth=>0, :limit_depth=>true, :recv=>true}) :count=
    (hole 0 {:hash_depth=>0, :method_arg=>true}))
  (int 0))
BASETYPE: Integer
SIZE WORK_LIST: 16
SIZE generated: 5
EVALUABLE#: 4

-------------------------

----------------
TTYPES
Integer

PROGS

LOCAL_COUNT: 14
GLOBAL_COUNT: 14

BASE_AFTER:
(begin
  (send
    (hole 0 {:hash_depth=>0, :limit_depth=>true, :recv=>true}) :diaspora_user=
    (hole 0 {:hash_depth=>0, :method_arg=>true}))
  (int 0))
BASETYPE: Integer
SIZE WORK_LIST: 19
SIZE generated: 1
EVALUABLE#: 0

-------------------------

----------------
TTYPES
Integer
Integer
Integer
Integer
Integer

PROGS

LOCAL_COUNT: 15
GLOBAL_COUNT: 15

BASE_AFTER:
(begin
  (send
    (hole 0 {:hash_depth=>0, :limit_depth=>true, :recv=>true}) :count=
    (hole 0 {:hash_depth=>0, :method_arg=>true}))
  (int 1))
BASETYPE: Integer
SIZE WORK_LIST: 19
SIZE generated: 5
EVALUABLE#: 4

-------------------------

----------------
TTYPES
Integer

PROGS

LOCAL_COUNT: 16
GLOBAL_COUNT: 16

BASE_AFTER:
(begin
  (send
    (hole 0 {:hash_depth=>0, :limit_depth=>true, :recv=>true}) :diaspora_user=
    (hole 0 {:hash_depth=>0, :method_arg=>true}))
  (int 1))
BASETYPE: Integer
SIZE WORK_LIST: 22
SIZE generated: 1
EVALUABLE#: 0

-------------------------

----------------
TTYPES
Integer
Integer
Integer
Integer
Integer

PROGS

LOCAL_COUNT: 17
GLOBAL_COUNT: 17

BASE_AFTER:
(begin
  (send
    (hole 0 {:hash_depth=>0, :limit_depth=>true, :recv=>true}) :count=
    (hole 0 {:hash_depth=>0, :method_arg=>true}))
  (int 2))
BASETYPE: Integer
SIZE WORK_LIST: 22
SIZE generated: 5
EVALUABLE#: 4

-------------------------

----------------
TTYPES
Integer

PROGS

LOCAL_COUNT: 18
GLOBAL_COUNT: 18

BASE_AFTER:
(begin
  (send
    (hole 0 {:hash_depth=>0, :limit_depth=>true, :recv=>true}) :diaspora_user=
    (hole 0 {:hash_depth=>0, :method_arg=>true}))
  (int 2))
BASETYPE: Integer
SIZE WORK_LIST: 24
SIZE generated: 1
EVALUABLE#: 0

-------------------------

----------------
TTYPES
String
String
String
String

PROGS

LOCAL_COUNT: 19
GLOBAL_COUNT: 19

BASE_AFTER:
(begin
  (send
    (hole 0 {:hash_depth=>0, :limit_depth=>true, :recv=>true}) :count=
    (hole 0 {:hash_depth=>0, :method_arg=>true}))
  (str ""))
BASETYPE: String
SIZE WORK_LIST: 24
SIZE generated: 4
EVALUABLE#: 3

-------------------------

----------------
TTYPES
String

PROGS

LOCAL_COUNT: 20
GLOBAL_COUNT: 20

BASE_AFTER:
(begin
  (send
    (hole 0 {:hash_depth=>0, :limit_depth=>true, :recv=>true}) :diaspora_user=
    (hole 0 {:hash_depth=>0, :method_arg=>true}))
  (str ""))
BASETYPE: String
SIZE WORK_LIST: 26
SIZE generated: 1
EVALUABLE#: 0

-------------------------

----------------
TTYPES
true or false
true or false

PROGS

LOCAL_COUNT: 21
GLOBAL_COUNT: 21

BASE_AFTER:
(begin
  (send
    (lvar :arg0) :count=
    (int 0))
  (true))
BASETYPE: true or false
SIZE WORK_LIST: 26
SIZE generated: 2
EVALUABLE#: 0

-------------------------

----------------
TTYPES
true or false
true or false

PROGS

LOCAL_COUNT: 22
GLOBAL_COUNT: 22

BASE_AFTER:
(begin
  (send
    (lvar :arg0) :count=
    (int 1))
  (true))
BASETYPE: true or false
SIZE WORK_LIST: 27
SIZE generated: 2
EVALUABLE#: 0

-------------------------

----------------
TTYPES
true or false
true or false

PROGS

LOCAL_COUNT: 23
GLOBAL_COUNT: 23

BASE_AFTER:
(begin
  (send
    (lvar :arg0) :count=
    (int 0))
  (false))
BASETYPE: true or false
SIZE WORK_LIST: 28
SIZE generated: 2
EVALUABLE#: 0

-------------------------

----------------
TTYPES
true or false
true or false

PROGS

LOCAL_COUNT: 24
GLOBAL_COUNT: 24

BASE_AFTER:
(begin
  (send
    (lvar :arg0) :count=
    (int 1))
  (false))
BASETYPE: true or false
SIZE WORK_LIST: 29
SIZE generated: 2
EVALUABLE#: 0

-------------------------

----------------
TTYPES
Integer
Integer

PROGS

LOCAL_COUNT: 25
GLOBAL_COUNT: 25

BASE_AFTER:
(begin
  (send
    (lvar :arg0) :count=
    (int 0))
  (int 0))
BASETYPE: Integer
SIZE WORK_LIST: 30
SIZE generated: 2
EVALUABLE#: 0

-------------------------

----------------
TTYPES
Integer
Integer

PROGS

LOCAL_COUNT: 26
GLOBAL_COUNT: 26

BASE_AFTER:
(begin
  (send
    (lvar :arg0) :count=
    (int 1))
  (int 0))
BASETYPE: Integer
SIZE WORK_LIST: 31
SIZE generated: 2
EVALUABLE#: 0

-------------------------

----------------
TTYPES
Integer
Integer

PROGS

LOCAL_COUNT: 27
GLOBAL_COUNT: 27

BASE_AFTER:
(begin
  (lvasgn :t0
    (int 0))
  (send
    (lvar :arg0) :count=
    (lvar :t0))
  (lvar :t0))
BASETYPE: Integer
SIZE WORK_LIST: 32
SIZE generated: 2
EVALUABLE#: 0

-------------------------

----------------
TTYPES
Integer
Integer

PROGS

LOCAL_COUNT: 28
GLOBAL_COUNT: 28

BASE_AFTER:
(begin
  (send
    (lvar :arg0) :count=
    (int 0))
  (int 1))
BASETYPE: Integer
SIZE WORK_LIST: 33
SIZE generated: 2
EVALUABLE#: 0

-------------------------

----------------
TTYPES
Integer
Integer

PROGS

LOCAL_COUNT: 29
GLOBAL_COUNT: 29

BASE_AFTER:
(begin
  (send
    (lvar :arg0) :count=
    (int 1))
  (int 1))
BASETYPE: Integer
SIZE WORK_LIST: 34
SIZE generated: 2
EVALUABLE#: 0

-------------------------

----------------
TTYPES
Integer
Integer

PROGS

LOCAL_COUNT: 30
GLOBAL_COUNT: 30

BASE_AFTER:
(begin
  (lvasgn :t0
    (int 1))
  (send
    (lvar :arg0) :count=
    (lvar :t0))
  (lvar :t0))
BASETYPE: Integer
SIZE WORK_LIST: 35
SIZE generated: 2
EVALUABLE#: 0

-------------------------

----------------
TTYPES
Integer
Integer

PROGS

LOCAL_COUNT: 31
GLOBAL_COUNT: 31

BASE_AFTER:
(begin
  (send
    (lvar :arg0) :count=
    (int 0))
  (int 2))
BASETYPE: Integer
SIZE WORK_LIST: 36
SIZE generated: 2
EVALUABLE#: 0

-------------------------

----------------
TTYPES
Integer
Integer

PROGS

LOCAL_COUNT: 32
GLOBAL_COUNT: 32

BASE_AFTER:
(begin
  (send
    (lvar :arg0) :count=
    (int 1))
  (int 2))
BASETYPE: Integer
SIZE WORK_LIST: 37
SIZE generated: 2
EVALUABLE#: 0

-------------------------

----------------
TTYPES
String
String

PROGS

LOCAL_COUNT: 33
GLOBAL_COUNT: 33

BASE_AFTER:
(begin
  (send
    (lvar :arg0) :count=
    (int 0))
  (str ""))
BASETYPE: String
SIZE WORK_LIST: 38
SIZE generated: 2
EVALUABLE#: 0

-------------------------

----------------
TTYPES
String
String

PROGS

LOCAL_COUNT: 34
GLOBAL_COUNT: 34

BASE_AFTER:
(begin
  (send
    (lvar :arg0) :count=
    (int 1))
  (str ""))
BASETYPE: String
SIZE WORK_LIST: 39
SIZE generated: 2
EVALUABLE#: 0

-------------------------

----------------
TTYPES
Integer
Integer
Integer
Integer
Integer
Integer
Integer
Integer
%bot

PROGS

LOCAL_COUNT: 35
GLOBAL_COUNT: 35

BASE_AFTER:
(filled-hole
  (begin
    (send
      (send
        (hole 0 {:hash_depth=>0, :limit_depth=>true, :recv=>true}) :id=
        (hole 0 {:hash_depth=>0, :method_arg=>true})) :-
      (hole 0 {:hash_depth=>0, :method_arg=>true})))
  (begin
    (send
      (send
        (hole 0 {:hash_depth=>0, :limit_depth=>true, :recv=>true}) :id=
        (hole 0 {:hash_depth=>0, :method_arg=>true})) :-
      (hole 0 {:hash_depth=>0, :method_arg=>true})))
  (begin
    (send
      (send
        (hole 0 {:hash_depth=>0, :limit_depth=>true, :recv=>true}) :id=
        (hole 0 {:hash_depth=>0, :method_arg=>true})) :count))
  (begin
    (send
      (send
        (hole 0 {:hash_depth=>0, :limit_depth=>true, :recv=>true}) :id) :-
      (hole 0 {:hash_depth=>0, :method_arg=>true})))
  (begin
    (send
      (send
        (hole 0 {:hash_depth=>0, :limit_depth=>true, :recv=>true}) :id) :-
      (hole 0 {:hash_depth=>0, :method_arg=>true})))
  (begin
    (send
      (send
        (hole 0 {:hash_depth=>0, :limit_depth=>true, :recv=>true}) :id) :count))
  (begin
    (send
      (send
        (hole 0 {:hash_depth=>0, :limit_depth=>true, :recv=>true}) :token=
        (hole 0 {:hash_depth=>0, :method_arg=>true})) :count))
  (begin
    (send
      (send
        (hole 0 {:hash_depth=>0, :limit_depth=>true, :recv=>true}) :token=
        (hole 0 {:hash_depth=>0, :method_arg=>true})) :-
      (hole 0 {:hash_depth=>0, :method_arg=>true})))
  (begin
    (send
      (send
        (hole 0 {:hash_depth=>0, :limit_depth=>true, :recv=>true}) :token) :count))
  (begin
    (send
      (send
        (hole 0 {:hash_depth=>0, :limit_depth=>true, :recv=>true}) :token) :-
      (hole 0 {:hash_depth=>0, :method_arg=>true})))
  (begin
    (send
      (send
        (hole 0 {:hash_depth=>0, :limit_depth=>true, :recv=>true}) :diaspora_user_id=
        (hole 0 {:hash_depth=>0, :method_arg=>true})) :-
      (hole 0 {:hash_depth=>0, :method_arg=>true})))
  (begin
    (send
      (send
        (hole 0 {:hash_depth=>0, :limit_depth=>true, :recv=>true}) :diaspora_user_id=
        (hole 0 {:hash_depth=>0, :method_arg=>true})) :-
      (hole 0 {:hash_depth=>0, :method_arg=>true})))
  (begin
    (send
      (send
        (hole 0 {:hash_depth=>0, :limit_depth=>true, :recv=>true}) :diaspora_user_id=
        (hole 0 {:hash_depth=>0, :method_arg=>true})) :count))
  (begin
    (send
      (send
        (hole 0 {:hash_depth=>0, :limit_depth=>true, :recv=>true}) :diaspora_user_id) :-
      (hole 0 {:hash_depth=>0, :method_arg=>true})))
  (begin
    (send
      (send
        (hole 0 {:hash_depth=>0, :limit_depth=>true, :recv=>true}) :diaspora_user_id) :-
      (hole 0 {:hash_depth=>0, :method_arg=>true})))
  (begin
    (send
      (send
        (hole 0 {:hash_depth=>0, :limit_depth=>true, :recv=>true}) :diaspora_user_id) :count))
  (begin
    (send
      (send
        (hole 0 {:hash_depth=>0, :limit_depth=>true, :recv=>true}) :count=
        (hole 0 {:hash_depth=>0, :method_arg=>true})) :-
      (hole 0 {:hash_depth=>0, :method_arg=>true})))
  (begin
    (send
      (send
        (hole 0 {:hash_depth=>0, :limit_depth=>true, :recv=>true}) :count=
        (hole 0 {:hash_depth=>0, :method_arg=>true})) :-
      (hole 0 {:hash_depth=>0, :method_arg=>true})))
  (begin
    (send
      (send
        (hole 0 {:hash_depth=>0, :limit_depth=>true, :recv=>true}) :count=
        (hole 0 {:hash_depth=>0, :method_arg=>true})) :count))
  (begin
    (send
      (begin
        (send
          (hole 0 {:hash_depth=>0, :limit_depth=>true, :recv=>true}) :count)) :-
      (hole 0 {:hash_depth=>0, :method_arg=>true})))
  (begin
    (send
      (begin
        (send
          (hole 0 {:hash_depth=>0, :limit_depth=>true, :recv=>true}) :count)) :-
      (hole 0 {:hash_depth=>0, :method_arg=>true})))
  (begin
    (send
      (begin
        (send
          (hole 0 {:hash_depth=>0, :limit_depth=>true, :recv=>true}) :count)) :count))
  (begin
    (send
      (send
        (hole 0 {:hash_depth=>0, :limit_depth=>true, :recv=>true}) :diaspora_user) :count))
  (begin
    (send
      (send
        (hole 0 {:hash_depth=>0, :limit_depth=>true, :recv=>true}) :diaspora_user) :-
      (hole 0 {:hash_depth=>0, :method_arg=>true})))
  (begin
    (send
      (send
        (hole 0 {:hash_depth=>0, :limit_depth=>true, :recv=>true}) :diaspora_user=
        (hole 0 {:hash_depth=>0, :method_arg=>true})) :count))
  (begin
    (send
      (send
        (hole 0 {:hash_depth=>0, :limit_depth=>true, :recv=>true}) :diaspora_user=
        (hole 0 {:hash_depth=>0, :method_arg=>true})) :-
      (hole 0 {:hash_depth=>0, :method_arg=>true})))
  (begin
    (send
      (begin
        (send
          (hole 0 {:hash_depth=>0, :limit_depth=>true, :recv=>true}) :-
          (hole 0 {:hash_depth=>0, :method_arg=>true}))) :-
      (hole 0 {:hash_depth=>0, :method_arg=>true})))
  (begin
    (send
      (begin
        (send
          (hole 0 {:hash_depth=>0, :limit_depth=>true, :recv=>true}) :-
          (hole 0 {:hash_depth=>0, :method_arg=>true}))) :-
      (hole 0 {:hash_depth=>0, :method_arg=>true})))
  (begin
    (send
      (begin
        (send
          (hole 0 {:hash_depth=>0, :limit_depth=>true, :recv=>true}) :save)) :count))
  (begin
    (send
      (begin
        (send
          (hole 0 {:hash_depth=>0, :limit_depth=>true, :recv=>true}) :save)) :-
      (hole 0 {:hash_depth=>0, :method_arg=>true})))
  (begin
    (send
      (begin
        (send
          (hole 0 {:hash_depth=>0, :limit_depth=>true, :recv=>true}) :count)) :-
      (hole 0 {:hash_depth=>0, :method_arg=>true})))
  (begin
    (send
      (begin
        (send
          (hole 0 {:hash_depth=>0, :limit_depth=>true, :recv=>true}) :count)) :-
      (hole 0 {:hash_depth=>0, :method_arg=>true})))
  (begin
    (send
      (begin
        (send
          (hole 0 {:hash_depth=>0, :limit_depth=>true, :recv=>true}) :-
          (hole 0 {:hash_depth=>0, :method_arg=>true}))) :-
      (hole 0 {:hash_depth=>0, :method_arg=>true})))
  (begin
    (send
      (begin
        (send
          (hole 0 {:hash_depth=>0, :limit_depth=>true, :recv=>true}) :-
          (hole 0 {:hash_depth=>0, :method_arg=>true}))) :-
      (hole 0 {:hash_depth=>0, :method_arg=>true})))
  (begin
    (send
      (begin
        (send
          (hole 0 {:hash_depth=>0, :limit_depth=>true, :recv=>true}) :save)) :count))
  (begin
    (send
      (begin
        (send
          (hole 0 {:hash_depth=>0, :limit_depth=>true, :recv=>true}) :save)) :-
      (hole 0 {:hash_depth=>0, :method_arg=>true})))
  (hole 3 {:hash_depth=>0, :method_arg=>false, :variance=>:-}) {:method_arg=>false})
BASETYPE: %bot
SIZE WORK_LIST: 40
SIZE generated: 9
EVALUABLE#: 0

-------------------------

----------------
TTYPES
Integer
Integer
Integer
Integer
Integer
Integer
Integer
Integer
Integer
Integer
Integer
Integer
Integer
Integer
Integer
Integer
Integer
Integer
Integer
Integer
Integer
Integer
Integer
Integer
Integer
Integer
Integer
Integer
Integer
Integer
Integer
Integer
Integer
Integer
Integer
Integer

PROGS

LOCAL_COUNT: 36
GLOBAL_COUNT: 36

BASE_AFTER:
(begin
  (send
    (begin
      (send
        (filled-hole
          (lvar InvitationCode(id: integer, token: string, diaspora_user_id: integer, count: integer)) {:method_arg=>false}) :-
        (filled-hole
          (lvar :arg0)
          (lvar InvitationCode(id: integer, token: string, diaspora_user_id: integer, count: integer))
          (true)
          (false)
          (int 0)
          (int 1)
          (int 2)
          (str "")
          (hole 1 {:hash_depth=>0, :method_arg=>true, :variance=>:+}) {:method_arg=>true}))) :-
    (filled-hole
      (int 0)
      (int 1)
      (int 2)
      (hole 1 {:hash_depth=>0, :method_arg=>true, :variance=>:+}) {:method_arg=>true})))
BASETYPE: Integer
SIZE WORK_LIST: 48
SIZE generated: 36
EVALUABLE#: 24

-------------------------

----------------
TTYPES
Integer
Integer
Integer
Integer

PROGS

LOCAL_COUNT: 37
GLOBAL_COUNT: 37

BASE_AFTER:
(begin
  (send
    (begin
      (send
        (filled-hole
          (lvar InvitationCode(id: integer, token: string, diaspora_user_id: integer, count: integer)) {:method_arg=>false}) :count)) :-
    (filled-hole
      (int 0)
      (int 1)
      (int 2)
      (hole 1 {:hash_depth=>0, :method_arg=>true, :variance=>:+}) {:method_arg=>true})))
BASETYPE: Integer
SIZE WORK_LIST: 59
SIZE generated: 4
EVALUABLE#: 3

-------------------------

----------------
TTYPES
true or false
true or false
true or false
true or false
true or false
true or false
true or false
true or false
true or false
true or false
true or false

PROGS

LOCAL_COUNT: 38
GLOBAL_COUNT: 38

BASE_AFTER:
(begin
  (send
    (lvar :arg0) :count=
    (hole 1 {:hash_depth=>0, :method_arg=>true, :variance=>:+}))
  (true))
BASETYPE: true or false
SIZE WORK_LIST: 62
SIZE generated: 11
EVALUABLE#: 0

-------------------------

----------------
TTYPES
Integer
Integer

PROGS

LOCAL_COUNT: 39
GLOBAL_COUNT: 39

BASE_AFTER:
(begin
  (send
    (begin
      (send
        (lvar InvitationCode(id: integer, token: string, diaspora_user_id: integer, count: integer)) :count)) :-
    (int 0)))
BASETYPE: Integer
SIZE WORK_LIST: 72
SIZE generated: 2
EVALUABLE#: 0

-------------------------

----------------
TTYPES
Integer
Integer

PROGS

LOCAL_COUNT: 40
GLOBAL_COUNT: 40

BASE_AFTER:
(begin
  (send
    (begin
      (send
        (lvar InvitationCode(id: integer, token: string, diaspora_user_id: integer, count: integer)) :count)) :-
    (int 1)))
BASETYPE: Integer
SIZE WORK_LIST: 73
SIZE generated: 2
EVALUABLE#: 0

-------------------------

----------------
TTYPES
Integer
Integer

PROGS

LOCAL_COUNT: 41
GLOBAL_COUNT: 41

BASE_AFTER:
(begin
  (send
    (begin
      (send
        (lvar InvitationCode(id: integer, token: string, diaspora_user_id: integer, count: integer)) :count)) :-
    (int 2)))
BASETYPE: Integer
SIZE WORK_LIST: 74
SIZE generated: 2
EVALUABLE#: 0

-------------------------

----------------
TTYPES
true or false
true or false
true or false
true or false
true or false
true or false
true or false
true or false
true or false
true or false

PROGS

LOCAL_COUNT: 42
GLOBAL_COUNT: 42

BASE_AFTER:
(begin
  (send
    (lvar :arg0) :count=
    (begin
      (send
        (hole 0 {:hash_depth=>0, :limit_depth=>true, :recv=>true}) :-
        (hole 0 {:hash_depth=>0, :method_arg=>true}))))
  (true))
BASETYPE: true or false
SIZE WORK_LIST: 75
SIZE generated: 10
EVALUABLE#: 9

-------------------------

----------------
TTYPES
true or false

PROGS

LOCAL_COUNT: 43
GLOBAL_COUNT: 43

BASE_AFTER:
(begin
  (send
    (lvar :arg0) :count=
    (begin
      (send
        (hole 0 {:hash_depth=>0, :limit_depth=>true, :recv=>true}) :count)))
  (true))
BASETYPE: true or false
SIZE WORK_LIST: 75
SIZE generated: 1
EVALUABLE#: 1

-------------------------

----------------
TTYPES
true or false
true or false
true or false
true or false
true or false
true or false

PROGS

LOCAL_COUNT: 44
GLOBAL_COUNT: 44

BASE_AFTER:
(begin
  (send
    (lvar :arg0) :diaspora_user=
    (hole 1 {:hash_depth=>0, :method_arg=>true, :variance=>:+}))
  (true))
BASETYPE: true or false
SIZE WORK_LIST: 75
SIZE generated: 6
EVALUABLE#: 0

-------------------------

----------------
TTYPES
true or false
true or false

PROGS

LOCAL_COUNT: 45
GLOBAL_COUNT: 45

BASE_AFTER:
(begin
  (send
    (lvar :arg0) :count=
    (begin
      (send
        (lvar InvitationCode(id: integer, token: string, diaspora_user_id: integer, count: integer)) :count)))
  (true))
BASETYPE: true or false
SIZE WORK_LIST: 80
SIZE generated: 2
EVALUABLE#: 0

-------------------------

----------------
TTYPES
true or false

PROGS

LOCAL_COUNT: 46
GLOBAL_COUNT: 46

BASE_AFTER:
(begin
  (send
    (lvar :arg0) :diaspora_user=
    (begin
      (send
        (hole 0 {:hash_depth=>0, :limit_depth=>true, :recv=>true}) :count)))
  (true))
BASETYPE: true or false
SIZE WORK_LIST: 81
SIZE generated: 1
EVALUABLE#: 1

-------------------------

----------------
TTYPES
true or false
true or false
true or false
true or false
true or false
true or false
true or false
true or false
true or false
true or false
true or false

PROGS

LOCAL_COUNT: 47
GLOBAL_COUNT: 47

BASE_AFTER:
(begin
  (send
    (lvar :arg0) :count=
    (hole 1 {:hash_depth=>0, :method_arg=>true, :variance=>:+}))
  (false))
BASETYPE: true or false
SIZE WORK_LIST: 80
SIZE generated: 11
EVALUABLE#: 0

-------------------------

----------------
TTYPES
true or false

PROGS

LOCAL_COUNT: 48
GLOBAL_COUNT: 48

BASE_AFTER:
(begin
  (send
    (lvar :arg0) :count=
    (begin
      (send
        (hole 0 {:hash_depth=>0, :limit_depth=>true, :recv=>true}) :count)))
  (false))
BASETYPE: true or false
SIZE WORK_LIST: 90
SIZE generated: 1
EVALUABLE#: 1

-------------------------

----------------
TTYPES
true or false
true or false
true or false
true or false
true or false
true or false

PROGS

LOCAL_COUNT: 49
GLOBAL_COUNT: 49

BASE_AFTER:
(begin
  (send
    (lvar :arg0) :diaspora_user=
    (hole 1 {:hash_depth=>0, :method_arg=>true, :variance=>:+}))
  (false))
BASETYPE: true or false
SIZE WORK_LIST: 90
SIZE generated: 6
EVALUABLE#: 0

-------------------------

----------------
TTYPES
true or false
true or false

PROGS

LOCAL_COUNT: 50
GLOBAL_COUNT: 50

BASE_AFTER:
(begin
  (send
    (lvar :arg0) :count=
    (begin
      (send
        (lvar InvitationCode(id: integer, token: string, diaspora_user_id: integer, count: integer)) :count)))
  (false))
BASETYPE: true or false
SIZE WORK_LIST: 95
SIZE generated: 2
EVALUABLE#: 0

-------------------------

----------------
TTYPES
true or false

PROGS

LOCAL_COUNT: 51
GLOBAL_COUNT: 51

BASE_AFTER:
(begin
  (send
    (lvar :arg0) :diaspora_user=
    (begin
      (send
        (hole 0 {:hash_depth=>0, :limit_depth=>true, :recv=>true}) :count)))
  (false))
BASETYPE: true or false
SIZE WORK_LIST: 96
SIZE generated: 1
EVALUABLE#: 1

-------------------------

----------------
TTYPES
Integer
Integer
Integer
Integer
Integer
Integer
Integer
Integer
Integer
Integer
Integer

PROGS

LOCAL_COUNT: 52
GLOBAL_COUNT: 52

BASE_AFTER:
(begin
  (send
    (lvar :arg0) :count=
    (hole 1 {:hash_depth=>0, :method_arg=>true, :variance=>:+}))
  (int 0))
BASETYPE: Integer
SIZE WORK_LIST: 95
SIZE generated: 11
EVALUABLE#: 0

-------------------------

----------------
TTYPES
Integer

PROGS

LOCAL_COUNT: 53
GLOBAL_COUNT: 53

BASE_AFTER:
(begin
  (send
    (lvar :arg0) :count=
    (begin
      (send
        (hole 0 {:hash_depth=>0, :limit_depth=>true, :recv=>true}) :count)))
  (int 0))
BASETYPE: Integer
SIZE WORK_LIST: 105
SIZE generated: 1
EVALUABLE#: 1

-------------------------

----------------
TTYPES
Integer
Integer
Integer
Integer
Integer
Integer

PROGS

LOCAL_COUNT: 54
GLOBAL_COUNT: 54

BASE_AFTER:
(begin
  (send
    (lvar :arg0) :diaspora_user=
    (hole 1 {:hash_depth=>0, :method_arg=>true, :variance=>:+}))
  (int 0))
BASETYPE: Integer
SIZE WORK_LIST: 105
SIZE generated: 6
EVALUABLE#: 0

-------------------------

----------------
TTYPES
Integer
Integer

PROGS

LOCAL_COUNT: 55
GLOBAL_COUNT: 55

BASE_AFTER:
(begin
  (send
    (lvar :arg0) :count=
    (begin
      (send
        (lvar InvitationCode(id: integer, token: string, diaspora_user_id: integer, count: integer)) :count)))
  (int 0))
BASETYPE: Integer
SIZE WORK_LIST: 110
SIZE generated: 2
EVALUABLE#: 0

-------------------------

----------------
TTYPES
Integer

PROGS

LOCAL_COUNT: 56
GLOBAL_COUNT: 56

BASE_AFTER:
(begin
  (send
    (lvar :arg0) :diaspora_user=
    (begin
      (send
        (hole 0 {:hash_depth=>0, :limit_depth=>true, :recv=>true}) :count)))
  (int 0))
BASETYPE: Integer
SIZE WORK_LIST: 111
SIZE generated: 1
EVALUABLE#: 1

-------------------------

----------------
TTYPES
Integer
Integer
Integer
Integer
Integer
Integer
Integer
Integer
Integer
Integer
Integer

PROGS

LOCAL_COUNT: 57
GLOBAL_COUNT: 57

BASE_AFTER:
(begin
  (send
    (lvar :arg0) :count=
    (hole 1 {:hash_depth=>0, :method_arg=>true, :variance=>:+}))
  (int 1))
BASETYPE: Integer
SIZE WORK_LIST: 110
SIZE generated: 11
EVALUABLE#: 0

-------------------------

----------------
TTYPES
Integer

PROGS

LOCAL_COUNT: 58
GLOBAL_COUNT: 58

BASE_AFTER:
(begin
  (send
    (lvar :arg0) :count=
    (begin
      (send
        (hole 0 {:hash_depth=>0, :limit_depth=>true, :recv=>true}) :count)))
  (int 1))
BASETYPE: Integer
SIZE WORK_LIST: 120
SIZE generated: 1
EVALUABLE#: 1

-------------------------

----------------
TTYPES
Integer
Integer
Integer
Integer
Integer
Integer

PROGS

LOCAL_COUNT: 59
GLOBAL_COUNT: 59

BASE_AFTER:
(begin
  (send
    (lvar :arg0) :diaspora_user=
    (hole 1 {:hash_depth=>0, :method_arg=>true, :variance=>:+}))
  (int 1))
BASETYPE: Integer
SIZE WORK_LIST: 120
SIZE generated: 6
EVALUABLE#: 0

-------------------------

----------------
TTYPES
Integer
Integer

PROGS

LOCAL_COUNT: 60
GLOBAL_COUNT: 60

BASE_AFTER:
(begin
  (send
    (lvar :arg0) :count=
    (begin
      (send
        (lvar InvitationCode(id: integer, token: string, diaspora_user_id: integer, count: integer)) :count)))
  (int 1))
BASETYPE: Integer
SIZE WORK_LIST: 125
SIZE generated: 2
EVALUABLE#: 0

-------------------------

----------------
TTYPES
true or false
true or false
Integer
Integer
Integer
String
%bot

PROGS

LOCAL_COUNT: 1
GLOBAL_COUNT: 61

BASE_AFTER:
(filled-hole
  (true)
  (false)
  (int 0)
  (int 1)
  (int 2)
  (str "")
  (hole 1 {:hash_depth=>0, :method_arg=>false, :variance=>:-}) {:method_arg=>false})
BASETYPE: %bot
SIZE WORK_LIST: 0
SIZE generated: 7
EVALUABLE#: 6

-------------------------

----------------
TTYPES
true or false
true or false

PROGS

LOCAL_COUNT: 2
GLOBAL_COUNT: 62

BASE_AFTER:
(true)
BASETYPE: true or false
SIZE WORK_LIST: 6
SIZE generated: 2
EVALUABLE#: 0

-------------------------

----------------
TTYPES
true or false
true or false

PROGS

LOCAL_COUNT: 3
GLOBAL_COUNT: 63

BASE_AFTER:
(false)
BASETYPE: true or false
SIZE WORK_LIST: 7
SIZE generated: 2
EVALUABLE#: 0

-------------------------

----------------
TTYPES
Integer
Integer

PROGS

LOCAL_COUNT: 4
GLOBAL_COUNT: 64

BASE_AFTER:
(int 0)
BASETYPE: Integer
SIZE WORK_LIST: 8
SIZE generated: 2
EVALUABLE#: 0

-------------------------

----------------
TTYPES
Integer
Integer

PROGS

LOCAL_COUNT: 5
GLOBAL_COUNT: 65

BASE_AFTER:
(int 1)
BASETYPE: Integer
SIZE WORK_LIST: 9
SIZE generated: 2
EVALUABLE#: 0

-------------------------

----------------
TTYPES
Integer
Integer

PROGS

LOCAL_COUNT: 6
GLOBAL_COUNT: 66

BASE_AFTER:
(int 2)
BASETYPE: Integer
SIZE WORK_LIST: 10
SIZE generated: 2
EVALUABLE#: 0

-------------------------

----------------
TTYPES
String
String

PROGS

LOCAL_COUNT: 7
GLOBAL_COUNT: 67

BASE_AFTER:
(str "")
BASETYPE: String
SIZE WORK_LIST: 11
SIZE generated: 2
EVALUABLE#: 0

-------------------------

----------------
TTYPES
%bot

PROGS

LOCAL_COUNT: 8
GLOBAL_COUNT: 68

BASE_AFTER:
(filled-hole
  (hole 2 {:hash_depth=>0, :method_arg=>false, :variance=>:-}) {:method_arg=>false})
BASETYPE: %bot
SIZE WORK_LIST: 12
SIZE generated: 1
EVALUABLE#: 0

-------------------------

----------------
TTYPES
true or false
true or false
true or false
true or false

PROGS

LOCAL_COUNT: 9
GLOBAL_COUNT: 69

BASE_AFTER:
(begin
  (send
    (hole 0 {:hash_depth=>0, :limit_depth=>true, :recv=>true}) :count=
    (hole 0 {:hash_depth=>0, :method_arg=>true}))
  (true))
BASETYPE: true or false
SIZE WORK_LIST: 12
SIZE generated: 4
EVALUABLE#: 3

-------------------------

----------------
TTYPES
true or false

PROGS

LOCAL_COUNT: 1
GLOBAL_COUNT: 70

BASE_AFTER:
(filled-hole
  (hole 1 {:hash_depth=>0, :method_arg=>false, :variance=>:+}) {:method_arg=>false})
BASETYPE: true or false
SIZE WORK_LIST: 0
SIZE generated: 1
EVALUABLE#: 0

-------------------------

----------------
TTYPES
true or false
true or false

PROGS

LOCAL_COUNT: 2
GLOBAL_COUNT: 71

BASE_AFTER:
(filled-hole
  (begin
    (send
      (hole 0 {:hash_depth=>0, :limit_depth=>true, :recv=>true}) :-
      (hole 0 {:hash_depth=>0, :method_arg=>true})))
  (begin
    (send
      (hole 0 {:hash_depth=>0, :limit_depth=>true, :recv=>true}) :save))
  (begin
    (send
      (hole 0 {:hash_depth=>0, :limit_depth=>true, :recv=>true}) :count))
  (begin
    (send
      (hole 0 {:hash_depth=>0, :limit_depth=>true, :recv=>true}) :-
      (hole 0 {:hash_depth=>0, :method_arg=>true})))
  (begin
    (send
      (hole 0 {:hash_depth=>0, :limit_depth=>true, :recv=>true}) :save))
  (hole 2 {:hash_depth=>0, :method_arg=>false, :variance=>:+}) {:method_arg=>false})
BASETYPE: true or false
SIZE WORK_LIST: 0
SIZE generated: 2
EVALUABLE#: 0

-------------------------

----------------
TTYPES
true or false

PROGS

LOCAL_COUNT: 3
GLOBAL_COUNT: 72

BASE_AFTER:
(begin
  (send
    (filled-hole
      (lvar InvitationCode(id: integer, token: string, diaspora_user_id: integer, count: integer)) {:method_arg=>false}) :save))
BASETYPE: true or false
SIZE WORK_LIST: 1
SIZE generated: 1
EVALUABLE#: 1

-------------------------

----------------
TTYPES
true or false
true or false
Integer
Integer
Integer
String
%bot

PROGS

LOCAL_COUNT: 1
GLOBAL_COUNT: 1

BASE_AFTER:
(filled-hole
  (true)
  (false)
  (int 0)
  (int 1)
  (int 2)
  (str "")
  (hole 1 {:hash_depth=>0, :method_arg=>false, :variance=>:-}) {:method_arg=>false})
BASETYPE: %bot
SIZE WORK_LIST: 0
SIZE generated: 7
EVALUABLE#: 6

-------------------------

----------------
TTYPES
true or false
true or false

PROGS

LOCAL_COUNT: 2
GLOBAL_COUNT: 2

BASE_AFTER:
(true)
BASETYPE: true or false
SIZE WORK_LIST: 6
SIZE generated: 2
EVALUABLE#: 0

-------------------------

----------------
TTYPES
true or false
true or false

PROGS

LOCAL_COUNT: 3
GLOBAL_COUNT: 3

BASE_AFTER:
(false)
BASETYPE: true or false
SIZE WORK_LIST: 7
SIZE generated: 2
EVALUABLE#: 0

-------------------------

----------------
TTYPES
Integer
Integer

PROGS

LOCAL_COUNT: 4
GLOBAL_COUNT: 4

BASE_AFTER:
(int 0)
BASETYPE: Integer
SIZE WORK_LIST: 8
SIZE generated: 2
EVALUABLE#: 0

-------------------------

----------------
TTYPES
Integer
Integer

PROGS

LOCAL_COUNT: 5
GLOBAL_COUNT: 5

BASE_AFTER:
(int 1)
BASETYPE: Integer
SIZE WORK_LIST: 9
SIZE generated: 2
EVALUABLE#: 0

-------------------------

----------------
TTYPES
Integer
Integer

PROGS

LOCAL_COUNT: 6
GLOBAL_COUNT: 6

BASE_AFTER:
(int 2)
BASETYPE: Integer
SIZE WORK_LIST: 10
SIZE generated: 2
EVALUABLE#: 0

-------------------------

----------------
TTYPES
String
String

PROGS

LOCAL_COUNT: 7
GLOBAL_COUNT: 7

BASE_AFTER:
(str "")
BASETYPE: String
SIZE WORK_LIST: 11
SIZE generated: 2
EVALUABLE#: 0

-------------------------

----------------
TTYPES
%bot

PROGS

LOCAL_COUNT: 8
GLOBAL_COUNT: 8

BASE_AFTER:
(filled-hole
  (begin
    (send
      (hole 0 {:hash_depth=>0, :limit_depth=>true, :recv=>true}) :-
      (hole 0 {:hash_depth=>0, :method_arg=>true})))
  (begin
    (send
      (hole 0 {:hash_depth=>0, :limit_depth=>true, :recv=>true}) :count))
  (begin
    (send
      (hole 0 {:hash_depth=>0, :limit_depth=>true, :recv=>true}) :-
      (hole 0 {:hash_depth=>0, :method_arg=>true})))
  (hole 2 {:hash_depth=>0, :method_arg=>false, :variance=>:-}) {:method_arg=>false})
BASETYPE: %bot
SIZE WORK_LIST: 12
SIZE generated: 1
EVALUABLE#: 0

-------------------------

----------------
TTYPES
true or false
true or false
true or false
true or false

PROGS

LOCAL_COUNT: 9
GLOBAL_COUNT: 9

BASE_AFTER:
(begin
  (send
    (hole 0 {:hash_depth=>0, :limit_depth=>true, :recv=>true}) :count=
    (hole 0 {:hash_depth=>0, :method_arg=>true}))
  (true))
BASETYPE: true or false
SIZE WORK_LIST: 12
SIZE generated: 4
EVALUABLE#: 3

-------------------------

----------------
TTYPES
true or false

PROGS

LOCAL_COUNT: 10
GLOBAL_COUNT: 10

BASE_AFTER:
(begin
  (send
    (hole 0 {:hash_depth=>0, :limit_depth=>true, :recv=>true}) :diaspora_user=
    (hole 0 {:hash_depth=>0, :method_arg=>true}))
  (true))
BASETYPE: true or false
SIZE WORK_LIST: 14
SIZE generated: 1
EVALUABLE#: 0

-------------------------

----------------
TTYPES
true or false
true or false
true or false
true or false

PROGS

LOCAL_COUNT: 11
GLOBAL_COUNT: 11

BASE_AFTER:
(begin
  (send
    (hole 0 {:hash_depth=>0, :limit_depth=>true, :recv=>true}) :count=
    (hole 0 {:hash_depth=>0, :method_arg=>true}))
  (false))
BASETYPE: true or false
SIZE WORK_LIST: 14
SIZE generated: 4
EVALUABLE#: 3

-------------------------

----------------
TTYPES
true or false

PROGS

LOCAL_COUNT: 12
GLOBAL_COUNT: 12

BASE_AFTER:
(begin
  (send
    (hole 0 {:hash_depth=>0, :limit_depth=>true, :recv=>true}) :diaspora_user=
    (hole 0 {:hash_depth=>0, :method_arg=>true}))
  (false))
BASETYPE: true or false
SIZE WORK_LIST: 16
SIZE generated: 1
EVALUABLE#: 0

-------------------------

----------------
TTYPES
Integer
Integer
Integer
Integer
Integer

PROGS

LOCAL_COUNT: 13
GLOBAL_COUNT: 13

BASE_AFTER:
(begin
  (send
    (hole 0 {:hash_depth=>0, :limit_depth=>true, :recv=>true}) :count=
    (hole 0 {:hash_depth=>0, :method_arg=>true}))
  (int 0))
BASETYPE: Integer
SIZE WORK_LIST: 16
SIZE generated: 5
EVALUABLE#: 4

-------------------------

----------------
TTYPES
Integer

PROGS

LOCAL_COUNT: 14
GLOBAL_COUNT: 14

BASE_AFTER:
(begin
  (send
    (hole 0 {:hash_depth=>0, :limit_depth=>true, :recv=>true}) :diaspora_user=
    (hole 0 {:hash_depth=>0, :method_arg=>true}))
  (int 0))
BASETYPE: Integer
SIZE WORK_LIST: 19
SIZE generated: 1
EVALUABLE#: 0

-------------------------

----------------
TTYPES
Integer
Integer
Integer
Integer
Integer

PROGS

LOCAL_COUNT: 15
GLOBAL_COUNT: 15

BASE_AFTER:
(begin
  (send
    (hole 0 {:hash_depth=>0, :limit_depth=>true, :recv=>true}) :count=
    (hole 0 {:hash_depth=>0, :method_arg=>true}))
  (int 1))
BASETYPE: Integer
SIZE WORK_LIST: 19
SIZE generated: 5
EVALUABLE#: 4

-------------------------

----------------
TTYPES
Integer

PROGS

LOCAL_COUNT: 16
GLOBAL_COUNT: 16

BASE_AFTER:
(begin
  (send
    (hole 0 {:hash_depth=>0, :limit_depth=>true, :recv=>true}) :diaspora_user=
    (hole 0 {:hash_depth=>0, :method_arg=>true}))
  (int 1))
BASETYPE: Integer
SIZE WORK_LIST: 22
SIZE generated: 1
EVALUABLE#: 0

-------------------------

----------------
TTYPES
Integer
Integer
Integer
Integer
Integer

PROGS

LOCAL_COUNT: 17
GLOBAL_COUNT: 17

BASE_AFTER:
(begin
  (send
    (hole 0 {:hash_depth=>0, :limit_depth=>true, :recv=>true}) :count=
    (hole 0 {:hash_depth=>0, :method_arg=>true}))
  (int 2))
BASETYPE: Integer
SIZE WORK_LIST: 22
SIZE generated: 5
EVALUABLE#: 4

-------------------------

----------------
TTYPES
Integer

PROGS

LOCAL_COUNT: 18
GLOBAL_COUNT: 18

BASE_AFTER:
(begin
  (send
    (hole 0 {:hash_depth=>0, :limit_depth=>true, :recv=>true}) :diaspora_user=
    (hole 0 {:hash_depth=>0, :method_arg=>true}))
  (int 2))
BASETYPE: Integer
SIZE WORK_LIST: 24
SIZE generated: 1
EVALUABLE#: 0

-------------------------

----------------
TTYPES
String
String
String
String

PROGS

LOCAL_COUNT: 19
GLOBAL_COUNT: 19

BASE_AFTER:
(begin
  (send
    (hole 0 {:hash_depth=>0, :limit_depth=>true, :recv=>true}) :count=
    (hole 0 {:hash_depth=>0, :method_arg=>true}))
  (str ""))
BASETYPE: String
SIZE WORK_LIST: 24
SIZE generated: 4
EVALUABLE#: 3

-------------------------

----------------
TTYPES
String

PROGS

LOCAL_COUNT: 20
GLOBAL_COUNT: 20

BASE_AFTER:
(begin
  (send
    (hole 0 {:hash_depth=>0, :limit_depth=>true, :recv=>true}) :diaspora_user=
    (hole 0 {:hash_depth=>0, :method_arg=>true}))
  (str ""))
BASETYPE: String
SIZE WORK_LIST: 26
SIZE generated: 1
EVALUABLE#: 0

-------------------------

----------------
TTYPES
true or false
true or false

PROGS

LOCAL_COUNT: 21
GLOBAL_COUNT: 21

BASE_AFTER:
(begin
  (send
    (lvar :arg0) :count=
    (int 0))
  (true))
BASETYPE: true or false
SIZE WORK_LIST: 26
SIZE generated: 2
EVALUABLE#: 0

-------------------------

----------------
TTYPES
true or false
true or false

PROGS

LOCAL_COUNT: 22
GLOBAL_COUNT: 22

BASE_AFTER:
(begin
  (send
    (lvar :arg0) :count=
    (int 1))
  (true))
BASETYPE: true or false
SIZE WORK_LIST: 27
SIZE generated: 2
EVALUABLE#: 0

-------------------------

----------------
TTYPES
true or false
true or false

PROGS

LOCAL_COUNT: 23
GLOBAL_COUNT: 23

BASE_AFTER:
(begin
  (send
    (lvar :arg0) :count=
    (int 0))
  (false))
BASETYPE: true or false
SIZE WORK_LIST: 28
SIZE generated: 2
EVALUABLE#: 0

-------------------------

----------------
TTYPES
true or false
true or false

PROGS

LOCAL_COUNT: 24
GLOBAL_COUNT: 24

BASE_AFTER:
(begin
  (send
    (lvar :arg0) :count=
    (int 1))
  (false))
BASETYPE: true or false
SIZE WORK_LIST: 29
SIZE generated: 2
EVALUABLE#: 0

-------------------------

----------------
TTYPES
Integer
Integer

PROGS

LOCAL_COUNT: 25
GLOBAL_COUNT: 25

BASE_AFTER:
(begin
  (send
    (lvar :arg0) :count=
    (int 0))
  (int 0))
BASETYPE: Integer
SIZE WORK_LIST: 30
SIZE generated: 2
EVALUABLE#: 0

-------------------------

----------------
TTYPES
Integer
Integer

PROGS

LOCAL_COUNT: 26
GLOBAL_COUNT: 26

BASE_AFTER:
(begin
  (send
    (lvar :arg0) :count=
    (int 1))
  (int 0))
BASETYPE: Integer
SIZE WORK_LIST: 31
SIZE generated: 2
EVALUABLE#: 0

-------------------------

----------------
TTYPES
Integer
Integer

PROGS

LOCAL_COUNT: 27
GLOBAL_COUNT: 27

BASE_AFTER:
(begin
  (lvasgn :t0
    (int 0))
  (send
    (lvar :arg0) :count=
    (lvar :t0))
  (lvar :t0))
BASETYPE: Integer
SIZE WORK_LIST: 32
SIZE generated: 2
EVALUABLE#: 0

-------------------------

----------------
TTYPES
Integer
Integer

PROGS

LOCAL_COUNT: 28
GLOBAL_COUNT: 28

BASE_AFTER:
(begin
  (send
    (lvar :arg0) :count=
    (int 0))
  (int 1))
BASETYPE: Integer
SIZE WORK_LIST: 33
SIZE generated: 2
EVALUABLE#: 0

-------------------------

----------------
TTYPES
Integer
Integer

PROGS

LOCAL_COUNT: 29
GLOBAL_COUNT: 29

BASE_AFTER:
(begin
  (send
    (lvar :arg0) :count=
    (int 1))
  (int 1))
BASETYPE: Integer
SIZE WORK_LIST: 34
SIZE generated: 2
EVALUABLE#: 0

-------------------------

----------------
TTYPES
Integer
Integer

PROGS

LOCAL_COUNT: 30
GLOBAL_COUNT: 30

BASE_AFTER:
(begin
  (lvasgn :t0
    (int 1))
  (send
    (lvar :arg0) :count=
    (lvar :t0))
  (lvar :t0))
BASETYPE: Integer
SIZE WORK_LIST: 35
SIZE generated: 2
EVALUABLE#: 0

-------------------------

----------------
TTYPES
Integer
Integer

PROGS

LOCAL_COUNT: 31
GLOBAL_COUNT: 31

BASE_AFTER:
(begin
  (send
    (lvar :arg0) :count=
    (int 0))
  (int 2))
BASETYPE: Integer
SIZE WORK_LIST: 36
SIZE generated: 2
EVALUABLE#: 0

-------------------------

----------------
TTYPES
Integer
Integer

PROGS

LOCAL_COUNT: 32
GLOBAL_COUNT: 32

BASE_AFTER:
(begin
  (send
    (lvar :arg0) :count=
    (int 1))
  (int 2))
BASETYPE: Integer
SIZE WORK_LIST: 37
SIZE generated: 2
EVALUABLE#: 0

-------------------------

----------------
TTYPES
String
String

PROGS

LOCAL_COUNT: 33
GLOBAL_COUNT: 33

BASE_AFTER:
(begin
  (send
    (lvar :arg0) :count=
    (int 0))
  (str ""))
BASETYPE: String
SIZE WORK_LIST: 38
SIZE generated: 2
EVALUABLE#: 0

-------------------------

----------------
TTYPES
String
String

PROGS

LOCAL_COUNT: 34
GLOBAL_COUNT: 34

BASE_AFTER:
(begin
  (send
    (lvar :arg0) :count=
    (int 1))
  (str ""))
BASETYPE: String
SIZE WORK_LIST: 39
SIZE generated: 2
EVALUABLE#: 0

-------------------------

----------------
TTYPES
Integer
Integer
Integer
Integer
Integer
Integer
Integer
Integer
%bot

PROGS

LOCAL_COUNT: 35
GLOBAL_COUNT: 35

BASE_AFTER:
(filled-hole
  (begin
    (send
      (send
        (hole 0 {:hash_depth=>0, :limit_depth=>true, :recv=>true}) :id=
        (hole 0 {:hash_depth=>0, :method_arg=>true})) :-
      (hole 0 {:hash_depth=>0, :method_arg=>true})))
  (begin
    (send
      (send
        (hole 0 {:hash_depth=>0, :limit_depth=>true, :recv=>true}) :id=
        (hole 0 {:hash_depth=>0, :method_arg=>true})) :-
      (hole 0 {:hash_depth=>0, :method_arg=>true})))
  (begin
    (send
      (send
        (hole 0 {:hash_depth=>0, :limit_depth=>true, :recv=>true}) :id=
        (hole 0 {:hash_depth=>0, :method_arg=>true})) :count))
  (begin
    (send
      (send
        (hole 0 {:hash_depth=>0, :limit_depth=>true, :recv=>true}) :id) :-
      (hole 0 {:hash_depth=>0, :method_arg=>true})))
  (begin
    (send
      (send
        (hole 0 {:hash_depth=>0, :limit_depth=>true, :recv=>true}) :id) :-
      (hole 0 {:hash_depth=>0, :method_arg=>true})))
  (begin
    (send
      (send
        (hole 0 {:hash_depth=>0, :limit_depth=>true, :recv=>true}) :id) :count))
  (begin
    (send
      (send
        (hole 0 {:hash_depth=>0, :limit_depth=>true, :recv=>true}) :token=
        (hole 0 {:hash_depth=>0, :method_arg=>true})) :count))
  (begin
    (send
      (send
        (hole 0 {:hash_depth=>0, :limit_depth=>true, :recv=>true}) :token=
        (hole 0 {:hash_depth=>0, :method_arg=>true})) :-
      (hole 0 {:hash_depth=>0, :method_arg=>true})))
  (begin
    (send
      (send
        (hole 0 {:hash_depth=>0, :limit_depth=>true, :recv=>true}) :token) :count))
  (begin
    (send
      (send
        (hole 0 {:hash_depth=>0, :limit_depth=>true, :recv=>true}) :token) :-
      (hole 0 {:hash_depth=>0, :method_arg=>true})))
  (begin
    (send
      (send
        (hole 0 {:hash_depth=>0, :limit_depth=>true, :recv=>true}) :diaspora_user_id=
        (hole 0 {:hash_depth=>0, :method_arg=>true})) :-
      (hole 0 {:hash_depth=>0, :method_arg=>true})))
  (begin
    (send
      (send
        (hole 0 {:hash_depth=>0, :limit_depth=>true, :recv=>true}) :diaspora_user_id=
        (hole 0 {:hash_depth=>0, :method_arg=>true})) :-
      (hole 0 {:hash_depth=>0, :method_arg=>true})))
  (begin
    (send
      (send
        (hole 0 {:hash_depth=>0, :limit_depth=>true, :recv=>true}) :diaspora_user_id=
        (hole 0 {:hash_depth=>0, :method_arg=>true})) :count))
  (begin
    (send
      (send
        (hole 0 {:hash_depth=>0, :limit_depth=>true, :recv=>true}) :diaspora_user_id) :-
      (hole 0 {:hash_depth=>0, :method_arg=>true})))
  (begin
    (send
      (send
        (hole 0 {:hash_depth=>0, :limit_depth=>true, :recv=>true}) :diaspora_user_id) :-
      (hole 0 {:hash_depth=>0, :method_arg=>true})))
  (begin
    (send
      (send
        (hole 0 {:hash_depth=>0, :limit_depth=>true, :recv=>true}) :diaspora_user_id) :count))
  (begin
    (send
      (send
        (hole 0 {:hash_depth=>0, :limit_depth=>true, :recv=>true}) :count=
        (hole 0 {:hash_depth=>0, :method_arg=>true})) :-
      (hole 0 {:hash_depth=>0, :method_arg=>true})))
  (begin
    (send
      (send
        (hole 0 {:hash_depth=>0, :limit_depth=>true, :recv=>true}) :count=
        (hole 0 {:hash_depth=>0, :method_arg=>true})) :-
      (hole 0 {:hash_depth=>0, :method_arg=>true})))
  (begin
    (send
      (send
        (hole 0 {:hash_depth=>0, :limit_depth=>true, :recv=>true}) :count=
        (hole 0 {:hash_depth=>0, :method_arg=>true})) :count))
  (begin
    (send
      (begin
        (send
          (hole 0 {:hash_depth=>0, :limit_depth=>true, :recv=>true}) :count)) :-
      (hole 0 {:hash_depth=>0, :method_arg=>true})))
  (begin
    (send
      (begin
        (send
          (hole 0 {:hash_depth=>0, :limit_depth=>true, :recv=>true}) :count)) :-
      (hole 0 {:hash_depth=>0, :method_arg=>true})))
  (begin
    (send
      (begin
        (send
          (hole 0 {:hash_depth=>0, :limit_depth=>true, :recv=>true}) :count)) :count))
  (begin
    (send
      (send
        (hole 0 {:hash_depth=>0, :limit_depth=>true, :recv=>true}) :diaspora_user) :count))
  (begin
    (send
      (send
        (hole 0 {:hash_depth=>0, :limit_depth=>true, :recv=>true}) :diaspora_user) :-
      (hole 0 {:hash_depth=>0, :method_arg=>true})))
  (begin
    (send
      (send
        (hole 0 {:hash_depth=>0, :limit_depth=>true, :recv=>true}) :diaspora_user=
        (hole 0 {:hash_depth=>0, :method_arg=>true})) :count))
  (begin
    (send
      (send
        (hole 0 {:hash_depth=>0, :limit_depth=>true, :recv=>true}) :diaspora_user=
        (hole 0 {:hash_depth=>0, :method_arg=>true})) :-
      (hole 0 {:hash_depth=>0, :method_arg=>true})))
  (begin
    (send
      (begin
        (send
          (hole 0 {:hash_depth=>0, :limit_depth=>true, :recv=>true}) :-
          (hole 0 {:hash_depth=>0, :method_arg=>true}))) :-
      (hole 0 {:hash_depth=>0, :method_arg=>true})))
  (begin
    (send
      (begin
        (send
          (hole 0 {:hash_depth=>0, :limit_depth=>true, :recv=>true}) :-
          (hole 0 {:hash_depth=>0, :method_arg=>true}))) :-
      (hole 0 {:hash_depth=>0, :method_arg=>true})))
  (begin
    (send
      (begin
        (send
          (hole 0 {:hash_depth=>0, :limit_depth=>true, :recv=>true}) :save)) :count))
  (begin
    (send
      (begin
        (send
          (hole 0 {:hash_depth=>0, :limit_depth=>true, :recv=>true}) :save)) :-
      (hole 0 {:hash_depth=>0, :method_arg=>true})))
  (begin
    (send
      (begin
        (send
          (hole 0 {:hash_depth=>0, :limit_depth=>true, :recv=>true}) :count)) :-
      (hole 0 {:hash_depth=>0, :method_arg=>true})))
  (begin
    (send
      (begin
        (send
          (hole 0 {:hash_depth=>0, :limit_depth=>true, :recv=>true}) :count)) :-
      (hole 0 {:hash_depth=>0, :method_arg=>true})))
  (begin
    (send
      (begin
        (send
          (hole 0 {:hash_depth=>0, :limit_depth=>true, :recv=>true}) :-
          (hole 0 {:hash_depth=>0, :method_arg=>true}))) :-
      (hole 0 {:hash_depth=>0, :method_arg=>true})))
  (begin
    (send
      (begin
        (send
          (hole 0 {:hash_depth=>0, :limit_depth=>true, :recv=>true}) :-
          (hole 0 {:hash_depth=>0, :method_arg=>true}))) :-
      (hole 0 {:hash_depth=>0, :method_arg=>true})))
  (begin
    (send
      (begin
        (send
          (hole 0 {:hash_depth=>0, :limit_depth=>true, :recv=>true}) :save)) :count))
  (begin
    (send
      (begin
        (send
          (hole 0 {:hash_depth=>0, :limit_depth=>true, :recv=>true}) :save)) :-
      (hole 0 {:hash_depth=>0, :method_arg=>true})))
  (hole 3 {:hash_depth=>0, :method_arg=>false, :variance=>:-}) {:method_arg=>false})
BASETYPE: %bot
SIZE WORK_LIST: 40
SIZE generated: 9
EVALUABLE#: 0

-------------------------

----------------
TTYPES
Integer
Integer
Integer
Integer
Integer
Integer
Integer
Integer
Integer
Integer
Integer
Integer
Integer
Integer
Integer
Integer
Integer
Integer
Integer
Integer
Integer
Integer
Integer
Integer
Integer
Integer
Integer
Integer
Integer
Integer
Integer
Integer
Integer
Integer
Integer
Integer

PROGS

LOCAL_COUNT: 36
GLOBAL_COUNT: 36

BASE_AFTER:
(begin
  (send
    (begin
      (send
        (filled-hole
          (lvar InvitationCode(id: integer, token: string, diaspora_user_id: integer, count: integer)) {:method_arg=>false}) :-
        (filled-hole
          (lvar :arg0)
          (lvar InvitationCode(id: integer, token: string, diaspora_user_id: integer, count: integer))
          (true)
          (false)
          (int 0)
          (int 1)
          (int 2)
          (str "")
          (hole 1 {:hash_depth=>0, :method_arg=>true, :variance=>:+}) {:method_arg=>true}))) :-
    (filled-hole
      (int 0)
      (int 1)
      (int 2)
      (hole 1 {:hash_depth=>0, :method_arg=>true, :variance=>:+}) {:method_arg=>true})))
BASETYPE: Integer
SIZE WORK_LIST: 48
SIZE generated: 36
EVALUABLE#: 24

-------------------------

----------------
TTYPES
Integer
Integer
Integer
Integer

PROGS

LOCAL_COUNT: 37
GLOBAL_COUNT: 37

BASE_AFTER:
(begin
  (send
    (begin
      (send
        (filled-hole
          (lvar InvitationCode(id: integer, token: string, diaspora_user_id: integer, count: integer)) {:method_arg=>false}) :count)) :-
    (filled-hole
      (int 0)
      (int 1)
      (int 2)
      (hole 1 {:hash_depth=>0, :method_arg=>true, :variance=>:+}) {:method_arg=>true})))
BASETYPE: Integer
SIZE WORK_LIST: 59
SIZE generated: 4
EVALUABLE#: 3

-------------------------

----------------
TTYPES
true or false
true or false
true or false
true or false
true or false
true or false
true or false
true or false
true or false
true or false
true or false

PROGS

LOCAL_COUNT: 38
GLOBAL_COUNT: 38

BASE_AFTER:
(begin
  (send
    (lvar :arg0) :count=
    (hole 1 {:hash_depth=>0, :method_arg=>true, :variance=>:+}))
  (true))
BASETYPE: true or false
SIZE WORK_LIST: 62
SIZE generated: 11
EVALUABLE#: 0

-------------------------

----------------
TTYPES
Integer
Integer

PROGS

LOCAL_COUNT: 39
GLOBAL_COUNT: 39

BASE_AFTER:
(begin
  (send
    (begin
      (send
        (lvar InvitationCode(id: integer, token: string, diaspora_user_id: integer, count: integer)) :count)) :-
    (int 0)))
BASETYPE: Integer
SIZE WORK_LIST: 72
SIZE generated: 2
EVALUABLE#: 0

-------------------------

----------------
TTYPES
Integer
Integer

PROGS

LOCAL_COUNT: 40
GLOBAL_COUNT: 40

BASE_AFTER:
(begin
  (send
    (begin
      (send
        (lvar InvitationCode(id: integer, token: string, diaspora_user_id: integer, count: integer)) :count)) :-
    (int 1)))
BASETYPE: Integer
SIZE WORK_LIST: 73
SIZE generated: 2
EVALUABLE#: 0

-------------------------

----------------
TTYPES
Integer
Integer

PROGS

LOCAL_COUNT: 41
GLOBAL_COUNT: 41

BASE_AFTER:
(begin
  (send
    (begin
      (send
        (lvar InvitationCode(id: integer, token: string, diaspora_user_id: integer, count: integer)) :count)) :-
    (int 2)))
BASETYPE: Integer
SIZE WORK_LIST: 74
SIZE generated: 2
EVALUABLE#: 0

-------------------------

----------------
TTYPES
true or false
true or false
true or false
true or false
true or false
true or false
true or false
true or false
true or false
true or false

PROGS

LOCAL_COUNT: 42
GLOBAL_COUNT: 42

BASE_AFTER:
(begin
  (send
    (lvar :arg0) :count=
    (begin
      (send
        (hole 0 {:hash_depth=>0, :limit_depth=>true, :recv=>true}) :-
        (hole 0 {:hash_depth=>0, :method_arg=>true}))))
  (true))
BASETYPE: true or false
SIZE WORK_LIST: 75
SIZE generated: 10
EVALUABLE#: 9

-------------------------

----------------
TTYPES
true or false

PROGS

LOCAL_COUNT: 43
GLOBAL_COUNT: 43

BASE_AFTER:
(begin
  (send
    (lvar :arg0) :count=
    (begin
      (send
        (hole 0 {:hash_depth=>0, :limit_depth=>true, :recv=>true}) :count)))
  (true))
BASETYPE: true or false
SIZE WORK_LIST: 75
SIZE generated: 1
EVALUABLE#: 1

-------------------------

----------------
TTYPES
true or false
true or false
true or false
true or false
true or false
true or false

PROGS

LOCAL_COUNT: 44
GLOBAL_COUNT: 44

BASE_AFTER:
(begin
  (send
    (lvar :arg0) :diaspora_user=
    (hole 1 {:hash_depth=>0, :method_arg=>true, :variance=>:+}))
  (true))
BASETYPE: true or false
SIZE WORK_LIST: 75
SIZE generated: 6
EVALUABLE#: 0

-------------------------

----------------
TTYPES
true or false
true or false

PROGS

LOCAL_COUNT: 45
GLOBAL_COUNT: 45

BASE_AFTER:
(begin
  (send
    (lvar :arg0) :count=
    (begin
      (send
        (lvar InvitationCode(id: integer, token: string, diaspora_user_id: integer, count: integer)) :count)))
  (true))
BASETYPE: true or false
SIZE WORK_LIST: 80
SIZE generated: 2
EVALUABLE#: 0

-------------------------

----------------
TTYPES
true or false

PROGS

LOCAL_COUNT: 46
GLOBAL_COUNT: 46

BASE_AFTER:
(begin
  (send
    (lvar :arg0) :diaspora_user=
    (begin
      (send
        (hole 0 {:hash_depth=>0, :limit_depth=>true, :recv=>true}) :count)))
  (true))
BASETYPE: true or false
SIZE WORK_LIST: 81
SIZE generated: 1
EVALUABLE#: 1

-------------------------

----------------
TTYPES
true or false
true or false
true or false
true or false
true or false
true or false
true or false
true or false
true or false
true or false
true or false

PROGS

LOCAL_COUNT: 47
GLOBAL_COUNT: 47

BASE_AFTER:
(begin
  (send
    (lvar :arg0) :count=
    (hole 1 {:hash_depth=>0, :method_arg=>true, :variance=>:+}))
  (false))
BASETYPE: true or false
SIZE WORK_LIST: 80
SIZE generated: 11
EVALUABLE#: 0

-------------------------

----------------
TTYPES
true or false

PROGS

LOCAL_COUNT: 48
GLOBAL_COUNT: 48

BASE_AFTER:
(begin
  (send
    (lvar :arg0) :count=
    (begin
      (send
        (hole 0 {:hash_depth=>0, :limit_depth=>true, :recv=>true}) :count)))
  (false))
BASETYPE: true or false
SIZE WORK_LIST: 90
SIZE generated: 1
EVALUABLE#: 1

-------------------------

----------------
TTYPES
true or false
true or false
true or false
true or false
true or false
true or false

PROGS

LOCAL_COUNT: 49
GLOBAL_COUNT: 49

BASE_AFTER:
(begin
  (send
    (lvar :arg0) :diaspora_user=
    (hole 1 {:hash_depth=>0, :method_arg=>true, :variance=>:+}))
  (false))
BASETYPE: true or false
SIZE WORK_LIST: 90
SIZE generated: 6
EVALUABLE#: 0

-------------------------

----------------
TTYPES
true or false
true or false

PROGS

LOCAL_COUNT: 50
GLOBAL_COUNT: 50

BASE_AFTER:
(begin
  (send
    (lvar :arg0) :count=
    (begin
      (send
        (lvar InvitationCode(id: integer, token: string, diaspora_user_id: integer, count: integer)) :count)))
  (false))
BASETYPE: true or false
SIZE WORK_LIST: 95
SIZE generated: 2
EVALUABLE#: 0

-------------------------

----------------
TTYPES
true or false

PROGS

LOCAL_COUNT: 51
GLOBAL_COUNT: 51

BASE_AFTER:
(begin
  (send
    (lvar :arg0) :diaspora_user=
    (begin
      (send
        (hole 0 {:hash_depth=>0, :limit_depth=>true, :recv=>true}) :count)))
  (false))
BASETYPE: true or false
SIZE WORK_LIST: 96
SIZE generated: 1
EVALUABLE#: 1

-------------------------

----------------
TTYPES
Integer
Integer
Integer
Integer
Integer
Integer
Integer
Integer
Integer
Integer
Integer

PROGS

LOCAL_COUNT: 52
GLOBAL_COUNT: 52

BASE_AFTER:
(begin
  (send
    (lvar :arg0) :count=
    (hole 1 {:hash_depth=>0, :method_arg=>true, :variance=>:+}))
  (int 0))
BASETYPE: Integer
SIZE WORK_LIST: 95
SIZE generated: 11
EVALUABLE#: 0

-------------------------

----------------
TTYPES
Integer

PROGS

LOCAL_COUNT: 53
GLOBAL_COUNT: 53

BASE_AFTER:
(begin
  (send
    (lvar :arg0) :count=
    (begin
      (send
        (hole 0 {:hash_depth=>0, :limit_depth=>true, :recv=>true}) :count)))
  (int 0))
BASETYPE: Integer
SIZE WORK_LIST: 105
SIZE generated: 1
EVALUABLE#: 1

-------------------------

----------------
TTYPES
Integer
Integer
Integer
Integer
Integer
Integer

PROGS

LOCAL_COUNT: 54
GLOBAL_COUNT: 54

BASE_AFTER:
(begin
  (send
    (lvar :arg0) :diaspora_user=
    (hole 1 {:hash_depth=>0, :method_arg=>true, :variance=>:+}))
  (int 0))
BASETYPE: Integer
SIZE WORK_LIST: 105
SIZE generated: 6
EVALUABLE#: 0

-------------------------

----------------
TTYPES
Integer
Integer

PROGS

LOCAL_COUNT: 55
GLOBAL_COUNT: 55

BASE_AFTER:
(begin
  (send
    (lvar :arg0) :count=
    (begin
      (send
        (lvar InvitationCode(id: integer, token: string, diaspora_user_id: integer, count: integer)) :count)))
  (int 0))
BASETYPE: Integer
SIZE WORK_LIST: 110
SIZE generated: 2
EVALUABLE#: 0

-------------------------

----------------
TTYPES
Integer

PROGS

LOCAL_COUNT: 56
GLOBAL_COUNT: 56

BASE_AFTER:
(begin
  (send
    (lvar :arg0) :diaspora_user=
    (begin
      (send
        (hole 0 {:hash_depth=>0, :limit_depth=>true, :recv=>true}) :count)))
  (int 0))
BASETYPE: Integer
SIZE WORK_LIST: 111
SIZE generated: 1
EVALUABLE#: 1

-------------------------

----------------
TTYPES
Integer
Integer
Integer
Integer
Integer
Integer
Integer
Integer
Integer
Integer
Integer

PROGS

LOCAL_COUNT: 57
GLOBAL_COUNT: 57

BASE_AFTER:
(begin
  (send
    (lvar :arg0) :count=
    (hole 1 {:hash_depth=>0, :method_arg=>true, :variance=>:+}))
  (int 1))
BASETYPE: Integer
SIZE WORK_LIST: 110
SIZE generated: 11
EVALUABLE#: 0

-------------------------

----------------
TTYPES
Integer

PROGS

LOCAL_COUNT: 58
GLOBAL_COUNT: 58

BASE_AFTER:
(begin
  (send
    (lvar :arg0) :count=
    (begin
      (send
        (hole 0 {:hash_depth=>0, :limit_depth=>true, :recv=>true}) :count)))
  (int 1))
BASETYPE: Integer
SIZE WORK_LIST: 120
SIZE generated: 1
EVALUABLE#: 1

-------------------------

----------------
TTYPES
Integer
Integer
Integer
Integer
Integer
Integer

PROGS

LOCAL_COUNT: 59
GLOBAL_COUNT: 59

BASE_AFTER:
(begin
  (send
    (lvar :arg0) :diaspora_user=
    (hole 1 {:hash_depth=>0, :method_arg=>true, :variance=>:+}))
  (int 1))
BASETYPE: Integer
SIZE WORK_LIST: 120
SIZE generated: 6
EVALUABLE#: 0

-------------------------

----------------
TTYPES
Integer
Integer

PROGS

LOCAL_COUNT: 60
GLOBAL_COUNT: 60

BASE_AFTER:
(begin
  (send
    (lvar :arg0) :count=
    (begin
      (send
        (lvar InvitationCode(id: integer, token: string, diaspora_user_id: integer, count: integer)) :count)))
  (int 1))
BASETYPE: Integer
SIZE WORK_LIST: 125
SIZE generated: 2
EVALUABLE#: 0

-------------------------

----------------
TTYPES
true or false
true or false
Integer
Integer
Integer
String
%bot

PROGS

LOCAL_COUNT: 1
GLOBAL_COUNT: 61

BASE_AFTER:
(filled-hole
  (true)
  (false)
  (int 0)
  (int 1)
  (int 2)
  (str "")
  (hole 1 {:hash_depth=>0, :method_arg=>false, :variance=>:-}) {:method_arg=>false})
BASETYPE: %bot
SIZE WORK_LIST: 0
SIZE generated: 7
EVALUABLE#: 6

-------------------------

----------------
TTYPES
true or false
true or false

PROGS

LOCAL_COUNT: 2
GLOBAL_COUNT: 62

BASE_AFTER:
(true)
BASETYPE: true or false
SIZE WORK_LIST: 6
SIZE generated: 2
EVALUABLE#: 0

-------------------------

----------------
TTYPES
true or false
true or false

PROGS

LOCAL_COUNT: 3
GLOBAL_COUNT: 63

BASE_AFTER:
(false)
BASETYPE: true or false
SIZE WORK_LIST: 7
SIZE generated: 2
EVALUABLE#: 0

-------------------------

----------------
TTYPES
Integer
Integer

PROGS

LOCAL_COUNT: 4
GLOBAL_COUNT: 64

BASE_AFTER:
(int 0)
BASETYPE: Integer
SIZE WORK_LIST: 8
SIZE generated: 2
EVALUABLE#: 0

-------------------------

----------------
TTYPES
Integer
Integer

PROGS

LOCAL_COUNT: 5
GLOBAL_COUNT: 65

BASE_AFTER:
(int 1)
BASETYPE: Integer
SIZE WORK_LIST: 9
SIZE generated: 2
EVALUABLE#: 0

-------------------------

----------------
TTYPES
Integer
Integer

PROGS

LOCAL_COUNT: 6
GLOBAL_COUNT: 66

BASE_AFTER:
(int 2)
BASETYPE: Integer
SIZE WORK_LIST: 10
SIZE generated: 2
EVALUABLE#: 0

-------------------------

----------------
TTYPES
String
String

PROGS

LOCAL_COUNT: 7
GLOBAL_COUNT: 67

BASE_AFTER:
(str "")
BASETYPE: String
SIZE WORK_LIST: 11
SIZE generated: 2
EVALUABLE#: 0

-------------------------

----------------
TTYPES
%bot

PROGS

LOCAL_COUNT: 8
GLOBAL_COUNT: 68

BASE_AFTER:
(filled-hole
  (hole 2 {:hash_depth=>0, :method_arg=>false, :variance=>:-}) {:method_arg=>false})
BASETYPE: %bot
SIZE WORK_LIST: 12
SIZE generated: 1
EVALUABLE#: 0

-------------------------

----------------
TTYPES
true or false
true or false
true or false
true or false

PROGS

LOCAL_COUNT: 9
GLOBAL_COUNT: 69

BASE_AFTER:
(begin
  (send
    (hole 0 {:hash_depth=>0, :limit_depth=>true, :recv=>true}) :count=
    (hole 0 {:hash_depth=>0, :method_arg=>true}))
  (true))
BASETYPE: true or false
SIZE WORK_LIST: 12
SIZE generated: 4
EVALUABLE#: 3

-------------------------

----------------
TTYPES
true or false

PROGS

LOCAL_COUNT: 1
GLOBAL_COUNT: 70

BASE_AFTER:
(filled-hole
  (hole 1 {:hash_depth=>0, :method_arg=>false, :variance=>:+}) {:method_arg=>false})
BASETYPE: true or false
SIZE WORK_LIST: 0
SIZE generated: 1
EVALUABLE#: 0

-------------------------

----------------
TTYPES
true or false
true or false

PROGS

LOCAL_COUNT: 2
GLOBAL_COUNT: 71

BASE_AFTER:
(filled-hole
  (begin
    (send
      (hole 0 {:hash_depth=>0, :limit_depth=>true, :recv=>true}) :-
      (hole 0 {:hash_depth=>0, :method_arg=>true})))
  (begin
    (send
      (hole 0 {:hash_depth=>0, :limit_depth=>true, :recv=>true}) :save))
  (begin
    (send
      (hole 0 {:hash_depth=>0, :limit_depth=>true, :recv=>true}) :count))
  (begin
    (send
      (hole 0 {:hash_depth=>0, :limit_depth=>true, :recv=>true}) :-
      (hole 0 {:hash_depth=>0, :method_arg=>true})))
  (begin
    (send
      (hole 0 {:hash_depth=>0, :limit_depth=>true, :recv=>true}) :save))
  (hole 2 {:hash_depth=>0, :method_arg=>false, :variance=>:+}) {:method_arg=>false})
BASETYPE: true or false
SIZE WORK_LIST: 0
SIZE generated: 2
EVALUABLE#: 0

-------------------------

----------------
TTYPES
true or false

PROGS

LOCAL_COUNT: 3
GLOBAL_COUNT: 72

BASE_AFTER:
(begin
  (send
    (filled-hole
      (lvar InvitationCode(id: integer, token: string, diaspora_user_id: integer, count: integer)) {:method_arg=>false}) :save))
BASETYPE: true or false
SIZE WORK_LIST: 1
SIZE generated: 1
EVALUABLE#: 1

-------------------------

----------------
TTYPES
Integer
true or false
Integer
true or false
true or false
true or false
Integer
true or false
Integer
true or false
Integer
true or false
Integer
true or false
true or false
true or false
true or false
true or false
true or false
true or false
true or false
true or false
true or false
true or false
true or false
true or false
true or false
true or false
true or false
true or false
true or false
true or false
true or false
true or false
true or false
true or false
Integer
true or false
true or false
true or false
true or false
true or false
true or false
true or false
true or false
true or false
true or false
true or false
true or false
true or false
true or false
true or false
true or false
true or false
true or false
true or false
true or false
true or false
true or false
Integer
true or false
true or false

PROGS

LOCAL_COUNT: 4
GLOBAL_COUNT: 73

BASE_AFTER:
(filled-hole
  (begin
    (send
      (send
        (hole 0 {:hash_depth=>0, :limit_depth=>true, :recv=>true}) :id=
        (hole 0 {:hash_depth=>0, :method_arg=>true})) :-
      (hole 0 {:hash_depth=>0, :method_arg=>true})))
  (begin
    (send
      (send
        (hole 0 {:hash_depth=>0, :limit_depth=>true, :recv=>true}) :id=
        (hole 0 {:hash_depth=>0, :method_arg=>true})) :-
      (hole 0 {:hash_depth=>0, :method_arg=>true})))
  (begin
    (send
      (send
        (hole 0 {:hash_depth=>0, :limit_depth=>true, :recv=>true}) :id=
        (hole 0 {:hash_depth=>0, :method_arg=>true})) :-
      (hole 0 {:hash_depth=>0, :method_arg=>true})))
  (begin
    (send
      (send
        (hole 0 {:hash_depth=>0, :limit_depth=>true, :recv=>true}) :id=
        (hole 0 {:hash_depth=>0, :method_arg=>true})) :count))
  (begin
    (send
      (send
        (hole 0 {:hash_depth=>0, :limit_depth=>true, :recv=>true}) :id=
        (hole 0 {:hash_depth=>0, :method_arg=>true})) :save))
  (begin
    (send
      (send
        (hole 0 {:hash_depth=>0, :limit_depth=>true, :recv=>true}) :id) :-
      (hole 0 {:hash_depth=>0, :method_arg=>true})))
  (begin
    (send
      (send
        (hole 0 {:hash_depth=>0, :limit_depth=>true, :recv=>true}) :id) :-
      (hole 0 {:hash_depth=>0, :method_arg=>true})))
  (begin
    (send
      (send
        (hole 0 {:hash_depth=>0, :limit_depth=>true, :recv=>true}) :id) :-
      (hole 0 {:hash_depth=>0, :method_arg=>true})))
  (begin
    (send
      (send
        (hole 0 {:hash_depth=>0, :limit_depth=>true, :recv=>true}) :id) :count))
  (begin
    (send
      (send
        (hole 0 {:hash_depth=>0, :limit_depth=>true, :recv=>true}) :id) :save))
  (begin
    (send
      (send
        (hole 0 {:hash_depth=>0, :limit_depth=>true, :recv=>true}) :token=
        (hole 0 {:hash_depth=>0, :method_arg=>true})) :count))
  (begin
    (send
      (send
        (hole 0 {:hash_depth=>0, :limit_depth=>true, :recv=>true}) :token=
        (hole 0 {:hash_depth=>0, :method_arg=>true})) :-
      (hole 0 {:hash_depth=>0, :method_arg=>true})))
  (begin
    (send
      (send
        (hole 0 {:hash_depth=>0, :limit_depth=>true, :recv=>true}) :token=
        (hole 0 {:hash_depth=>0, :method_arg=>true})) :save))
  (begin
    (send
      (send
        (hole 0 {:hash_depth=>0, :limit_depth=>true, :recv=>true}) :token) :count))
  (begin
    (send
      (send
        (hole 0 {:hash_depth=>0, :limit_depth=>true, :recv=>true}) :token) :-
      (hole 0 {:hash_depth=>0, :method_arg=>true})))
  (begin
    (send
      (send
        (hole 0 {:hash_depth=>0, :limit_depth=>true, :recv=>true}) :token) :save))
  (begin
    (send
      (send
        (hole 0 {:hash_depth=>0, :limit_depth=>true, :recv=>true}) :diaspora_user_id=
        (hole 0 {:hash_depth=>0, :method_arg=>true})) :-
      (hole 0 {:hash_depth=>0, :method_arg=>true})))
  (begin
    (send
      (send
        (hole 0 {:hash_depth=>0, :limit_depth=>true, :recv=>true}) :diaspora_user_id=
        (hole 0 {:hash_depth=>0, :method_arg=>true})) :-
      (hole 0 {:hash_depth=>0, :method_arg=>true})))
  (begin
    (send
      (send
        (hole 0 {:hash_depth=>0, :limit_depth=>true, :recv=>true}) :diaspora_user_id=
        (hole 0 {:hash_depth=>0, :method_arg=>true})) :-
      (hole 0 {:hash_depth=>0, :method_arg=>true})))
  (begin
    (send
      (send
        (hole 0 {:hash_depth=>0, :limit_depth=>true, :recv=>true}) :diaspora_user_id=
        (hole 0 {:hash_depth=>0, :method_arg=>true})) :count))
  (begin
    (send
      (send
        (hole 0 {:hash_depth=>0, :limit_depth=>true, :recv=>true}) :diaspora_user_id=
        (hole 0 {:hash_depth=>0, :method_arg=>true})) :save))
  (begin
    (send
      (send
        (hole 0 {:hash_depth=>0, :limit_depth=>true, :recv=>true}) :diaspora_user_id) :-
      (hole 0 {:hash_depth=>0, :method_arg=>true})))
  (begin
    (send
      (send
        (hole 0 {:hash_depth=>0, :limit_depth=>true, :recv=>true}) :diaspora_user_id) :-
      (hole 0 {:hash_depth=>0, :method_arg=>true})))
  (begin
    (send
      (send
        (hole 0 {:hash_depth=>0, :limit_depth=>true, :recv=>true}) :diaspora_user_id) :-
      (hole 0 {:hash_depth=>0, :method_arg=>true})))
  (begin
    (send
      (send
        (hole 0 {:hash_depth=>0, :limit_depth=>true, :recv=>true}) :diaspora_user_id) :count))
  (begin
    (send
      (send
        (hole 0 {:hash_depth=>0, :limit_depth=>true, :recv=>true}) :diaspora_user_id) :save))
  (begin
    (send
      (send
        (hole 0 {:hash_depth=>0, :limit_depth=>true, :recv=>true}) :count=
        (hole 0 {:hash_depth=>0, :method_arg=>true})) :-
      (hole 0 {:hash_depth=>0, :method_arg=>true})))
  (begin
    (send
      (send
        (hole 0 {:hash_depth=>0, :limit_depth=>true, :recv=>true}) :count=
        (hole 0 {:hash_depth=>0, :method_arg=>true})) :-
      (hole 0 {:hash_depth=>0, :method_arg=>true})))
  (begin
    (send
      (send
        (hole 0 {:hash_depth=>0, :limit_depth=>true, :recv=>true}) :count=
        (hole 0 {:hash_depth=>0, :method_arg=>true})) :-
      (hole 0 {:hash_depth=>0, :method_arg=>true})))
  (begin
    (send
      (send
        (hole 0 {:hash_depth=>0, :limit_depth=>true, :recv=>true}) :count=
        (hole 0 {:hash_depth=>0, :method_arg=>true})) :count))
  (begin
    (send
      (send
        (hole 0 {:hash_depth=>0, :limit_depth=>true, :recv=>true}) :count=
        (hole 0 {:hash_depth=>0, :method_arg=>true})) :save))
  (begin
    (send
      (begin
        (send
          (hole 0 {:hash_depth=>0, :limit_depth=>true, :recv=>true}) :count)) :-
      (hole 0 {:hash_depth=>0, :method_arg=>true})))
  (begin
    (send
      (begin
        (send
          (hole 0 {:hash_depth=>0, :limit_depth=>true, :recv=>true}) :count)) :-
      (hole 0 {:hash_depth=>0, :method_arg=>true})))
  (begin
    (send
      (begin
        (send
          (hole 0 {:hash_depth=>0, :limit_depth=>true, :recv=>true}) :count)) :-
      (hole 0 {:hash_depth=>0, :method_arg=>true})))
  (begin
    (send
      (begin
        (send
          (hole 0 {:hash_depth=>0, :limit_depth=>true, :recv=>true}) :count)) :-
      (hole 0 {:hash_depth=>0, :method_arg=>true})))
  (begin
    (send
      (begin
        (send
          (hole 0 {:hash_depth=>0, :limit_depth=>true, :recv=>true}) :count)) :-
      (hole 0 {:hash_depth=>0, :method_arg=>true})))
  (begin
    (send
      (begin
        (send
          (hole 0 {:hash_depth=>0, :limit_depth=>true, :recv=>true}) :count)) :-
      (hole 0 {:hash_depth=>0, :method_arg=>true})))
  (begin
    (send
      (begin
        (send
          (hole 0 {:hash_depth=>0, :limit_depth=>true, :recv=>true}) :count)) :count))
  (begin
    (send
      (begin
        (send
          (hole 0 {:hash_depth=>0, :limit_depth=>true, :recv=>true}) :count)) :count))
  (begin
    (send
      (begin
        (send
          (hole 0 {:hash_depth=>0, :limit_depth=>true, :recv=>true}) :count)) :save))
  (begin
    (send
      (begin
        (send
          (hole 0 {:hash_depth=>0, :limit_depth=>true, :recv=>true}) :count)) :save))
  (begin
    (send
      (send
        (hole 0 {:hash_depth=>0, :limit_depth=>true, :recv=>true}) :diaspora_user) :count))
  (begin
    (send
      (send
        (hole 0 {:hash_depth=>0, :limit_depth=>true, :recv=>true}) :diaspora_user) :-
      (hole 0 {:hash_depth=>0, :method_arg=>true})))
  (begin
    (send
      (send
        (hole 0 {:hash_depth=>0, :limit_depth=>true, :recv=>true}) :diaspora_user) :save))
  (begin
    (send
      (send
        (hole 0 {:hash_depth=>0, :limit_depth=>true, :recv=>true}) :diaspora_user=
        (hole 0 {:hash_depth=>0, :method_arg=>true})) :count))
  (begin
    (send
      (send
        (hole 0 {:hash_depth=>0, :limit_depth=>true, :recv=>true}) :diaspora_user=
        (hole 0 {:hash_depth=>0, :method_arg=>true})) :-
      (hole 0 {:hash_depth=>0, :method_arg=>true})))
  (begin
    (send
      (send
        (hole 0 {:hash_depth=>0, :limit_depth=>true, :recv=>true}) :diaspora_user=
        (hole 0 {:hash_depth=>0, :method_arg=>true})) :save))
  (send
    (begin
      (send
        (hole 0 {:hash_depth=>0, :limit_depth=>true, :recv=>true}) :-
        (hole 0 {:hash_depth=>0, :method_arg=>true}))) :confirmed=
    (hole 0 {:hash_depth=>0, :method_arg=>true}))
  (send
    (begin
      (send
        (hole 0 {:hash_depth=>0, :limit_depth=>true, :recv=>true}) :-
        (hole 0 {:hash_depth=>0, :method_arg=>true}))) :confirmed)
  (send
    (begin
      (send
        (hole 0 {:hash_depth=>0, :limit_depth=>true, :recv=>true}) :-
        (hole 0 {:hash_depth=>0, :method_arg=>true}))) :expired=
    (hole 0 {:hash_depth=>0, :method_arg=>true}))
  (send
    (begin
      (send
        (hole 0 {:hash_depth=>0, :limit_depth=>true, :recv=>true}) :-
        (hole 0 {:hash_depth=>0, :method_arg=>true}))) :expired)
  (send
    (begin
      (send
        (hole 0 {:hash_depth=>0, :limit_depth=>true, :recv=>true}) :-
        (hole 0 {:hash_depth=>0, :method_arg=>true}))) :discoverable=
    (hole 0 {:hash_depth=>0, :method_arg=>true}))
  (send
    (begin
      (send
        (hole 0 {:hash_depth=>0, :limit_depth=>true, :recv=>true}) :-
        (hole 0 {:hash_depth=>0, :method_arg=>true}))) :discoverable)
  (send
    (begin
      (send
        (hole 0 {:hash_depth=>0, :limit_depth=>true, :recv=>true}) :-
        (hole 0 {:hash_depth=>0, :method_arg=>true}))) :scheduled_check=
    (hole 0 {:hash_depth=>0, :method_arg=>true}))
  (send
    (begin
      (send
        (hole 0 {:hash_depth=>0, :limit_depth=>true, :recv=>true}) :-
        (hole 0 {:hash_depth=>0, :method_arg=>true}))) :scheduled_check)
  (send
    (begin
      (send
        (hole 0 {:hash_depth=>0, :limit_depth=>true, :recv=>true}) :-
        (hole 0 {:hash_depth=>0, :method_arg=>true}))) :otp_required_for_login=
    (hole 0 {:hash_depth=>0, :method_arg=>true}))
  (send
    (begin
      (send
        (hole 0 {:hash_depth=>0, :limit_depth=>true, :recv=>true}) :-
        (hole 0 {:hash_depth=>0, :method_arg=>true}))) :otp_required_for_login)
  (send
    (begin
      (send
        (hole 0 {:hash_depth=>0, :limit_depth=>true, :recv=>true}) :-
        (hole 0 {:hash_depth=>0, :method_arg=>true}))) :admin=
    (hole 0 {:hash_depth=>0, :method_arg=>true}))
  (send
    (begin
      (send
        (hole 0 {:hash_depth=>0, :limit_depth=>true, :recv=>true}) :-
        (hole 0 {:hash_depth=>0, :method_arg=>true}))) :admin)
  (send
    (begin
      (send
        (hole 0 {:hash_depth=>0, :limit_depth=>true, :recv=>true}) :-
        (hole 0 {:hash_depth=>0, :method_arg=>true}))) :staged=
    (hole 0 {:hash_depth=>0, :method_arg=>true}))
  (send
    (begin
      (send
        (hole 0 {:hash_depth=>0, :limit_depth=>true, :recv=>true}) :-
        (hole 0 {:hash_depth=>0, :method_arg=>true}))) :staged)
  (send
    (begin
      (send
        (hole 0 {:hash_depth=>0, :limit_depth=>true, :recv=>true}) :-
        (hole 0 {:hash_depth=>0, :method_arg=>true}))) :active=
    (hole 0 {:hash_depth=>0, :method_arg=>true}))
  (send
    (begin
      (send
        (hole 0 {:hash_depth=>0, :limit_depth=>true, :recv=>true}) :-
        (hole 0 {:hash_depth=>0, :method_arg=>true}))) :active)
  (send
    (begin
      (send
        (hole 0 {:hash_depth=>0, :limit_depth=>true, :recv=>true}) :-
        (hole 0 {:hash_depth=>0, :method_arg=>true}))) :primary=
    (hole 0 {:hash_depth=>0, :method_arg=>true}))
  (send
    (begin
      (send
        (hole 0 {:hash_depth=>0, :limit_depth=>true, :recv=>true}) :-
        (hole 0 {:hash_depth=>0, :method_arg=>true}))) :primary)
  (send
    (begin
      (send
        (hole 0 {:hash_depth=>0, :limit_depth=>true, :recv=>true}) :-
        (hole 0 {:hash_depth=>0, :method_arg=>true}))) :moderator=
    (hole 0 {:hash_depth=>0, :method_arg=>true}))
  (send
    (begin
      (send
        (hole 0 {:hash_depth=>0, :limit_depth=>true, :recv=>true}) :-
        (hole 0 {:hash_depth=>0, :method_arg=>true}))) :moderator)
  (begin
    (send
      (begin
        (send
          (hole 0 {:hash_depth=>0, :limit_depth=>true, :recv=>true}) :-
          (hole 0 {:hash_depth=>0, :method_arg=>true}))) :-
      (hole 0 {:hash_depth=>0, :method_arg=>true})))
  (begin
    (send
      (begin
        (send
          (hole 0 {:hash_depth=>0, :limit_depth=>true, :recv=>true}) :-
          (hole 0 {:hash_depth=>0, :method_arg=>true}))) :-
      (hole 0 {:hash_depth=>0, :method_arg=>true})))
  (begin
    (send
      (begin
        (send
          (hole 0 {:hash_depth=>0, :limit_depth=>true, :recv=>true}) :-
          (hole 0 {:hash_depth=>0, :method_arg=>true}))) :-
      (hole 0 {:hash_depth=>0, :method_arg=>true})))
  (begin
    (send
      (begin
        (send
          (hole 0 {:hash_depth=>0, :limit_depth=>true, :recv=>true}) :-
          (hole 0 {:hash_depth=>0, :method_arg=>true}))) :save))
  (begin
    (send
      (begin
        (send
          (hole 0 {:hash_depth=>0, :limit_depth=>true, :recv=>true}) :save)) :count))
  (begin
    (send
      (begin
        (send
          (hole 0 {:hash_depth=>0, :limit_depth=>true, :recv=>true}) :save)) :-
      (hole 0 {:hash_depth=>0, :method_arg=>true})))
  (begin
    (send
      (begin
        (send
          (hole 0 {:hash_depth=>0, :limit_depth=>true, :recv=>true}) :save)) :save))
  (send
    (begin
      (send
        (hole 0 {:hash_depth=>0, :limit_depth=>true, :recv=>true}) :count)) :confirmed=
    (hole 0 {:hash_depth=>0, :method_arg=>true}))
  (send
    (begin
      (send
        (hole 0 {:hash_depth=>0, :limit_depth=>true, :recv=>true}) :count)) :confirmed)
  (send
    (begin
      (send
        (hole 0 {:hash_depth=>0, :limit_depth=>true, :recv=>true}) :count)) :expired=
    (hole 0 {:hash_depth=>0, :method_arg=>true}))
  (send
    (begin
      (send
        (hole 0 {:hash_depth=>0, :limit_depth=>true, :recv=>true}) :count)) :expired)
  (send
    (begin
      (send
        (hole 0 {:hash_depth=>0, :limit_depth=>true, :recv=>true}) :count)) :discoverable=
    (hole 0 {:hash_depth=>0, :method_arg=>true}))
  (send
    (begin
      (send
        (hole 0 {:hash_depth=>0, :limit_depth=>true, :recv=>true}) :count)) :discoverable)
  (send
    (begin
      (send
        (hole 0 {:hash_depth=>0, :limit_depth=>true, :recv=>true}) :count)) :scheduled_check=
    (hole 0 {:hash_depth=>0, :method_arg=>true}))
  (send
    (begin
      (send
        (hole 0 {:hash_depth=>0, :limit_depth=>true, :recv=>true}) :count)) :scheduled_check)
  (send
    (begin
      (send
        (hole 0 {:hash_depth=>0, :limit_depth=>true, :recv=>true}) :count)) :otp_required_for_login=
    (hole 0 {:hash_depth=>0, :method_arg=>true}))
  (send
    (begin
      (send
        (hole 0 {:hash_depth=>0, :limit_depth=>true, :recv=>true}) :count)) :otp_required_for_login)
  (send
    (begin
      (send
        (hole 0 {:hash_depth=>0, :limit_depth=>true, :recv=>true}) :count)) :admin=
    (hole 0 {:hash_depth=>0, :method_arg=>true}))
  (send
    (begin
      (send
        (hole 0 {:hash_depth=>0, :limit_depth=>true, :recv=>true}) :count)) :admin)
  (send
    (begin
      (send
        (hole 0 {:hash_depth=>0, :limit_depth=>true, :recv=>true}) :count)) :staged=
    (hole 0 {:hash_depth=>0, :method_arg=>true}))
  (send
    (begin
      (send
        (hole 0 {:hash_depth=>0, :limit_depth=>true, :recv=>true}) :count)) :staged)
  (send
    (begin
      (send
        (hole 0 {:hash_depth=>0, :limit_depth=>true, :recv=>true}) :count)) :active=
    (hole 0 {:hash_depth=>0, :method_arg=>true}))
  (send
    (begin
      (send
        (hole 0 {:hash_depth=>0, :limit_depth=>true, :recv=>true}) :count)) :active)
  (send
    (begin
      (send
        (hole 0 {:hash_depth=>0, :limit_depth=>true, :recv=>true}) :count)) :primary=
    (hole 0 {:hash_depth=>0, :method_arg=>true}))
  (send
    (begin
      (send
        (hole 0 {:hash_depth=>0, :limit_depth=>true, :recv=>true}) :count)) :primary)
  (send
    (begin
      (send
        (hole 0 {:hash_depth=>0, :limit_depth=>true, :recv=>true}) :count)) :moderator=
    (hole 0 {:hash_depth=>0, :method_arg=>true}))
  (send
    (begin
      (send
        (hole 0 {:hash_depth=>0, :limit_depth=>true, :recv=>true}) :count)) :moderator)
  (begin
    (send
      (begin
        (send
          (hole 0 {:hash_depth=>0, :limit_depth=>true, :recv=>true}) :count)) :-
      (hole 0 {:hash_depth=>0, :method_arg=>true})))
  (begin
    (send
      (begin
        (send
          (hole 0 {:hash_depth=>0, :limit_depth=>true, :recv=>true}) :count)) :-
      (hole 0 {:hash_depth=>0, :method_arg=>true})))
  (begin
    (send
      (begin
        (send
          (hole 0 {:hash_depth=>0, :limit_depth=>true, :recv=>true}) :count)) :-
      (hole 0 {:hash_depth=>0, :method_arg=>true})))
  (begin
    (send
      (begin
        (send
          (hole 0 {:hash_depth=>0, :limit_depth=>true, :recv=>true}) :count)) :save))
  (send
    (begin
      (send
        (hole 0 {:hash_depth=>0, :limit_depth=>true, :recv=>true}) :-
        (hole 0 {:hash_depth=>0, :method_arg=>true}))) :confirmed=
    (hole 0 {:hash_depth=>0, :method_arg=>true}))
  (send
    (begin
      (send
        (hole 0 {:hash_depth=>0, :limit_depth=>true, :recv=>true}) :-
        (hole 0 {:hash_depth=>0, :method_arg=>true}))) :confirmed)
  (send
    (begin
      (send
        (hole 0 {:hash_depth=>0, :limit_depth=>true, :recv=>true}) :-
        (hole 0 {:hash_depth=>0, :method_arg=>true}))) :expired=
    (hole 0 {:hash_depth=>0, :method_arg=>true}))
  (send
    (begin
      (send
        (hole 0 {:hash_depth=>0, :limit_depth=>true, :recv=>true}) :-
        (hole 0 {:hash_depth=>0, :method_arg=>true}))) :expired)
  (send
    (begin
      (send
        (hole 0 {:hash_depth=>0, :limit_depth=>true, :recv=>true}) :-
        (hole 0 {:hash_depth=>0, :method_arg=>true}))) :discoverable=
    (hole 0 {:hash_depth=>0, :method_arg=>true}))
  (send
    (begin
      (send
        (hole 0 {:hash_depth=>0, :limit_depth=>true, :recv=>true}) :-
        (hole 0 {:hash_depth=>0, :method_arg=>true}))) :discoverable)
  (send
    (begin
      (send
        (hole 0 {:hash_depth=>0, :limit_depth=>true, :recv=>true}) :-
        (hole 0 {:hash_depth=>0, :method_arg=>true}))) :scheduled_check=
    (hole 0 {:hash_depth=>0, :method_arg=>true}))
  (send
    (begin
      (send
        (hole 0 {:hash_depth=>0, :limit_depth=>true, :recv=>true}) :-
        (hole 0 {:hash_depth=>0, :method_arg=>true}))) :scheduled_check)
  (send
    (begin
      (send
        (hole 0 {:hash_depth=>0, :limit_depth=>true, :recv=>true}) :-
        (hole 0 {:hash_depth=>0, :method_arg=>true}))) :otp_required_for_login=
    (hole 0 {:hash_depth=>0, :method_arg=>true}))
  (send
    (begin
      (send
        (hole 0 {:hash_depth=>0, :limit_depth=>true, :recv=>true}) :-
        (hole 0 {:hash_depth=>0, :method_arg=>true}))) :otp_required_for_login)
  (send
    (begin
      (send
        (hole 0 {:hash_depth=>0, :limit_depth=>true, :recv=>true}) :-
        (hole 0 {:hash_depth=>0, :method_arg=>true}))) :admin=
    (hole 0 {:hash_depth=>0, :method_arg=>true}))
  (send
    (begin
      (send
        (hole 0 {:hash_depth=>0, :limit_depth=>true, :recv=>true}) :-
        (hole 0 {:hash_depth=>0, :method_arg=>true}))) :admin)
  (send
    (begin
      (send
        (hole 0 {:hash_depth=>0, :limit_depth=>true, :recv=>true}) :-
        (hole 0 {:hash_depth=>0, :method_arg=>true}))) :staged=
    (hole 0 {:hash_depth=>0, :method_arg=>true}))
  (send
    (begin
      (send
        (hole 0 {:hash_depth=>0, :limit_depth=>true, :recv=>true}) :-
        (hole 0 {:hash_depth=>0, :method_arg=>true}))) :staged)
  (send
    (begin
      (send
        (hole 0 {:hash_depth=>0, :limit_depth=>true, :recv=>true}) :-
        (hole 0 {:hash_depth=>0, :method_arg=>true}))) :active=
    (hole 0 {:hash_depth=>0, :method_arg=>true}))
  (send
    (begin
      (send
        (hole 0 {:hash_depth=>0, :limit_depth=>true, :recv=>true}) :-
        (hole 0 {:hash_depth=>0, :method_arg=>true}))) :active)
  (send
    (begin
      (send
        (hole 0 {:hash_depth=>0, :limit_depth=>true, :recv=>true}) :-
        (hole 0 {:hash_depth=>0, :method_arg=>true}))) :primary=
    (hole 0 {:hash_depth=>0, :method_arg=>true}))
  (send
    (begin
      (send
        (hole 0 {:hash_depth=>0, :limit_depth=>true, :recv=>true}) :-
        (hole 0 {:hash_depth=>0, :method_arg=>true}))) :primary)
  (send
    (begin
      (send
        (hole 0 {:hash_depth=>0, :limit_depth=>true, :recv=>true}) :-
        (hole 0 {:hash_depth=>0, :method_arg=>true}))) :moderator=
    (hole 0 {:hash_depth=>0, :method_arg=>true}))
  (send
    (begin
      (send
        (hole 0 {:hash_depth=>0, :limit_depth=>true, :recv=>true}) :-
        (hole 0 {:hash_depth=>0, :method_arg=>true}))) :moderator)
  (begin
    (send
      (begin
        (send
          (hole 0 {:hash_depth=>0, :limit_depth=>true, :recv=>true}) :-
          (hole 0 {:hash_depth=>0, :method_arg=>true}))) :-
      (hole 0 {:hash_depth=>0, :method_arg=>true})))
  (begin
    (send
      (begin
        (send
          (hole 0 {:hash_depth=>0, :limit_depth=>true, :recv=>true}) :-
          (hole 0 {:hash_depth=>0, :method_arg=>true}))) :-
      (hole 0 {:hash_depth=>0, :method_arg=>true})))
  (begin
    (send
      (begin
        (send
          (hole 0 {:hash_depth=>0, :limit_depth=>true, :recv=>true}) :-
          (hole 0 {:hash_depth=>0, :method_arg=>true}))) :-
      (hole 0 {:hash_depth=>0, :method_arg=>true})))
  (begin
    (send
      (begin
        (send
          (hole 0 {:hash_depth=>0, :limit_depth=>true, :recv=>true}) :-
          (hole 0 {:hash_depth=>0, :method_arg=>true}))) :save))
  (begin
    (send
      (begin
        (send
          (hole 0 {:hash_depth=>0, :limit_depth=>true, :recv=>true}) :save)) :count))
  (begin
    (send
      (begin
        (send
          (hole 0 {:hash_depth=>0, :limit_depth=>true, :recv=>true}) :save)) :-
      (hole 0 {:hash_depth=>0, :method_arg=>true})))
  (begin
    (send
      (begin
        (send
          (hole 0 {:hash_depth=>0, :limit_depth=>true, :recv=>true}) :save)) :save))
  (hole 3 {:hash_depth=>0, :method_arg=>false, :variance=>:+}) {:method_arg=>false})
BASETYPE: true or false
SIZE WORK_LIST: 0
SIZE generated: 62
EVALUABLE#: 0

-------------------------

----------------
TTYPES
true or false
true or false
true or false

PROGS

LOCAL_COUNT: 5
GLOBAL_COUNT: 74

BASE_AFTER:
(send
  (begin
    (send
      (filled-hole
        (lvar InvitationCode(id: integer, token: string, diaspora_user_id: integer, count: integer)) {:method_arg=>false}) :count)) :confirmed=
  (filled-hole
    (true)
    (false)
    (hole 1 {:hash_depth=>0, :method_arg=>true, :variance=>:+}) {:method_arg=>true}))
BASETYPE: true or false
SIZE WORK_LIST: 61
SIZE generated: 3
EVALUABLE#: 2

-------------------------

----------------
TTYPES
true or false

PROGS

LOCAL_COUNT: 6
GLOBAL_COUNT: 75

BASE_AFTER:
(send
  (begin
    (send
      (filled-hole
        (lvar InvitationCode(id: integer, token: string, diaspora_user_id: integer, count: integer)) {:method_arg=>false}) :count)) :confirmed)
BASETYPE: true or false
SIZE WORK_LIST: 61
SIZE generated: 1
EVALUABLE#: 1

-------------------------

----------------
TTYPES
true or false
true or false
true or false

PROGS

LOCAL_COUNT: 7
GLOBAL_COUNT: 76

BASE_AFTER:
(send
  (begin
    (send
      (filled-hole
        (lvar InvitationCode(id: integer, token: string, diaspora_user_id: integer, count: integer)) {:method_arg=>false}) :count)) :expired=
  (filled-hole
    (true)
    (false)
    (hole 1 {:hash_depth=>0, :method_arg=>true, :variance=>:+}) {:method_arg=>true}))
BASETYPE: true or false
SIZE WORK_LIST: 60
SIZE generated: 3
EVALUABLE#: 2

-------------------------

----------------
TTYPES
true or false

PROGS

LOCAL_COUNT: 8
GLOBAL_COUNT: 77

BASE_AFTER:
(send
  (begin
    (send
      (filled-hole
        (lvar InvitationCode(id: integer, token: string, diaspora_user_id: integer, count: integer)) {:method_arg=>false}) :count)) :expired)
BASETYPE: true or false
SIZE WORK_LIST: 60
SIZE generated: 1
EVALUABLE#: 1

-------------------------

----------------
TTYPES
true or false
true or false
true or false

PROGS

LOCAL_COUNT: 9
GLOBAL_COUNT: 78

BASE_AFTER:
(send
  (begin
    (send
      (filled-hole
        (lvar InvitationCode(id: integer, token: string, diaspora_user_id: integer, count: integer)) {:method_arg=>false}) :count)) :discoverable=
  (filled-hole
    (true)
    (false)
    (hole 1 {:hash_depth=>0, :method_arg=>true, :variance=>:+}) {:method_arg=>true}))
BASETYPE: true or false
SIZE WORK_LIST: 59
SIZE generated: 3
EVALUABLE#: 2

-------------------------

----------------
TTYPES
true or false

PROGS

LOCAL_COUNT: 10
GLOBAL_COUNT: 79

BASE_AFTER:
(send
  (begin
    (send
      (filled-hole
        (lvar InvitationCode(id: integer, token: string, diaspora_user_id: integer, count: integer)) {:method_arg=>false}) :count)) :discoverable)
BASETYPE: true or false
SIZE WORK_LIST: 59
SIZE generated: 1
EVALUABLE#: 1

-------------------------

----------------
TTYPES
true or false
true or false
true or false

PROGS

LOCAL_COUNT: 11
GLOBAL_COUNT: 80

BASE_AFTER:
(send
  (begin
    (send
      (filled-hole
        (lvar InvitationCode(id: integer, token: string, diaspora_user_id: integer, count: integer)) {:method_arg=>false}) :count)) :scheduled_check=
  (filled-hole
    (true)
    (false)
    (hole 1 {:hash_depth=>0, :method_arg=>true, :variance=>:+}) {:method_arg=>true}))
BASETYPE: true or false
SIZE WORK_LIST: 58
SIZE generated: 3
EVALUABLE#: 2

-------------------------

----------------
TTYPES
true or false

PROGS

LOCAL_COUNT: 12
GLOBAL_COUNT: 81

BASE_AFTER:
(send
  (begin
    (send
      (filled-hole
        (lvar InvitationCode(id: integer, token: string, diaspora_user_id: integer, count: integer)) {:method_arg=>false}) :count)) :scheduled_check)
BASETYPE: true or false
SIZE WORK_LIST: 58
SIZE generated: 1
EVALUABLE#: 1

-------------------------

----------------
TTYPES
true or false
true or false
true or false

PROGS

LOCAL_COUNT: 13
GLOBAL_COUNT: 82

BASE_AFTER:
(send
  (begin
    (send
      (filled-hole
        (lvar InvitationCode(id: integer, token: string, diaspora_user_id: integer, count: integer)) {:method_arg=>false}) :count)) :otp_required_for_login=
  (filled-hole
    (true)
    (false)
    (hole 1 {:hash_depth=>0, :method_arg=>true, :variance=>:+}) {:method_arg=>true}))
BASETYPE: true or false
SIZE WORK_LIST: 57
SIZE generated: 3
EVALUABLE#: 2

-------------------------

----------------
TTYPES
true or false

PROGS

LOCAL_COUNT: 14
GLOBAL_COUNT: 83

BASE_AFTER:
(send
  (begin
    (send
      (filled-hole
        (lvar InvitationCode(id: integer, token: string, diaspora_user_id: integer, count: integer)) {:method_arg=>false}) :count)) :otp_required_for_login)
BASETYPE: true or false
SIZE WORK_LIST: 57
SIZE generated: 1
EVALUABLE#: 1

-------------------------

----------------
TTYPES
true or false
true or false
true or false

PROGS

LOCAL_COUNT: 15
GLOBAL_COUNT: 84

BASE_AFTER:
(send
  (begin
    (send
      (filled-hole
        (lvar InvitationCode(id: integer, token: string, diaspora_user_id: integer, count: integer)) {:method_arg=>false}) :count)) :admin=
  (filled-hole
    (true)
    (false)
    (hole 1 {:hash_depth=>0, :method_arg=>true, :variance=>:+}) {:method_arg=>true}))
BASETYPE: true or false
SIZE WORK_LIST: 56
SIZE generated: 3
EVALUABLE#: 2

-------------------------

----------------
TTYPES
true or false

PROGS

LOCAL_COUNT: 16
GLOBAL_COUNT: 85

BASE_AFTER:
(send
  (begin
    (send
      (filled-hole
        (lvar InvitationCode(id: integer, token: string, diaspora_user_id: integer, count: integer)) {:method_arg=>false}) :count)) :admin)
BASETYPE: true or false
SIZE WORK_LIST: 56
SIZE generated: 1
EVALUABLE#: 1

-------------------------

----------------
TTYPES
true or false
true or false
true or false

PROGS

LOCAL_COUNT: 17
GLOBAL_COUNT: 86

BASE_AFTER:
(send
  (begin
    (send
      (filled-hole
        (lvar InvitationCode(id: integer, token: string, diaspora_user_id: integer, count: integer)) {:method_arg=>false}) :count)) :staged=
  (filled-hole
    (true)
    (false)
    (hole 1 {:hash_depth=>0, :method_arg=>true, :variance=>:+}) {:method_arg=>true}))
BASETYPE: true or false
SIZE WORK_LIST: 55
SIZE generated: 3
EVALUABLE#: 2

-------------------------

----------------
TTYPES
true or false

PROGS

LOCAL_COUNT: 18
GLOBAL_COUNT: 87

BASE_AFTER:
(send
  (begin
    (send
      (filled-hole
        (lvar InvitationCode(id: integer, token: string, diaspora_user_id: integer, count: integer)) {:method_arg=>false}) :count)) :staged)
BASETYPE: true or false
SIZE WORK_LIST: 55
SIZE generated: 1
EVALUABLE#: 1

-------------------------

----------------
TTYPES
true or false
true or false
true or false

PROGS

LOCAL_COUNT: 19
GLOBAL_COUNT: 88

BASE_AFTER:
(send
  (begin
    (send
      (filled-hole
        (lvar InvitationCode(id: integer, token: string, diaspora_user_id: integer, count: integer)) {:method_arg=>false}) :count)) :active=
  (filled-hole
    (true)
    (false)
    (hole 1 {:hash_depth=>0, :method_arg=>true, :variance=>:+}) {:method_arg=>true}))
BASETYPE: true or false
SIZE WORK_LIST: 54
SIZE generated: 3
EVALUABLE#: 2

-------------------------

----------------
TTYPES
true or false

PROGS

LOCAL_COUNT: 20
GLOBAL_COUNT: 89

BASE_AFTER:
(send
  (begin
    (send
      (filled-hole
        (lvar InvitationCode(id: integer, token: string, diaspora_user_id: integer, count: integer)) {:method_arg=>false}) :count)) :active)
BASETYPE: true or false
SIZE WORK_LIST: 54
SIZE generated: 1
EVALUABLE#: 1

-------------------------

----------------
TTYPES
true or false
true or false
true or false

PROGS

LOCAL_COUNT: 21
GLOBAL_COUNT: 90

BASE_AFTER:
(send
  (begin
    (send
      (filled-hole
        (lvar InvitationCode(id: integer, token: string, diaspora_user_id: integer, count: integer)) {:method_arg=>false}) :count)) :primary=
  (filled-hole
    (true)
    (false)
    (hole 1 {:hash_depth=>0, :method_arg=>true, :variance=>:+}) {:method_arg=>true}))
BASETYPE: true or false
SIZE WORK_LIST: 53
SIZE generated: 3
EVALUABLE#: 2

-------------------------

----------------
TTYPES
true or false

PROGS

LOCAL_COUNT: 22
GLOBAL_COUNT: 91

BASE_AFTER:
(send
  (begin
    (send
      (filled-hole
        (lvar InvitationCode(id: integer, token: string, diaspora_user_id: integer, count: integer)) {:method_arg=>false}) :count)) :primary)
BASETYPE: true or false
SIZE WORK_LIST: 53
SIZE generated: 1
EVALUABLE#: 1

-------------------------

----------------
TTYPES
true or false
true or false
true or false

PROGS

LOCAL_COUNT: 23
GLOBAL_COUNT: 92

BASE_AFTER:
(send
  (begin
    (send
      (filled-hole
        (lvar InvitationCode(id: integer, token: string, diaspora_user_id: integer, count: integer)) {:method_arg=>false}) :count)) :moderator=
  (filled-hole
    (true)
    (false)
    (hole 1 {:hash_depth=>0, :method_arg=>true, :variance=>:+}) {:method_arg=>true}))
BASETYPE: true or false
SIZE WORK_LIST: 52
SIZE generated: 3
EVALUABLE#: 2

-------------------------

----------------
TTYPES
true or false

PROGS

LOCAL_COUNT: 24
GLOBAL_COUNT: 93

BASE_AFTER:
(send
  (begin
    (send
      (filled-hole
        (lvar InvitationCode(id: integer, token: string, diaspora_user_id: integer, count: integer)) {:method_arg=>false}) :count)) :moderator)
BASETYPE: true or false
SIZE WORK_LIST: 52
SIZE generated: 1
EVALUABLE#: 1

-------------------------

----------------
TTYPES
Integer
Integer
Integer
Integer

PROGS

LOCAL_COUNT: 25
GLOBAL_COUNT: 94

BASE_AFTER:
(begin
  (send
    (begin
      (send
        (filled-hole
          (lvar InvitationCode(id: integer, token: string, diaspora_user_id: integer, count: integer)) {:method_arg=>false}) :count)) :-
    (filled-hole
      (int 0)
      (int 1)
      (int 2)
      (hole 1 {:hash_depth=>0, :method_arg=>true, :variance=>:+}) {:method_arg=>true})))
BASETYPE: Integer
SIZE WORK_LIST: 51
SIZE generated: 4
EVALUABLE#: 3

-------------------------

----------------
TTYPES
Integer
Integer
Integer
Integer
Integer
Integer
Integer
Integer
Integer
Integer
Integer
Integer
Integer
Integer
Integer
Integer

PROGS

LOCAL_COUNT: 26
GLOBAL_COUNT: 95

BASE_AFTER:
(begin
  (send
    (send
      (filled-hole
        (lvar :arg0) {:method_arg=>false}) :id=
      (filled-hole
        (int 0)
        (int 1)
        (int 2)
        (hole 1 {:hash_depth=>0, :method_arg=>true, :variance=>:+}) {:method_arg=>true})) :-
    (filled-hole
      (int 0)
      (int 1)
      (int 2)
      (hole 1 {:hash_depth=>0, :method_arg=>true, :variance=>:+}) {:method_arg=>true})))
BASETYPE: Integer
SIZE WORK_LIST: 51
SIZE generated: 16
EVALUABLE#: 9

-------------------------

----------------
TTYPES
true or false
true or false
true or false
true or false

PROGS

LOCAL_COUNT: 27
GLOBAL_COUNT: 96

BASE_AFTER:
(begin
  (send
    (send
      (filled-hole
        (lvar :arg0) {:method_arg=>false}) :id=
      (filled-hole
        (int 0)
        (int 1)
        (int 2)
        (hole 1 {:hash_depth=>0, :method_arg=>true, :variance=>:+}) {:method_arg=>true})) :save))
BASETYPE: true or false
SIZE WORK_LIST: 57
SIZE generated: 4
EVALUABLE#: 3

-------------------------

----------------
TTYPES
true or false
true or false
Integer
Integer
Integer
String
%bot

PROGS

LOCAL_COUNT: 1
GLOBAL_COUNT: 1

BASE_AFTER:
(filled-hole
  (true)
  (false)
  (int 0)
  (int 1)
  (int 2)
  (str "")
  (hole 1 {:hash_depth=>0, :method_arg=>false, :variance=>:-}) {:method_arg=>false})
BASETYPE: %bot
SIZE WORK_LIST: 0
SIZE generated: 7
EVALUABLE#: 6

-------------------------

----------------
TTYPES
true or false
true or false

PROGS

LOCAL_COUNT: 2
GLOBAL_COUNT: 2

BASE_AFTER:
(true)
BASETYPE: true or false
SIZE WORK_LIST: 6
SIZE generated: 2
EVALUABLE#: 0

-------------------------

----------------
TTYPES
true or false
true or false

PROGS

LOCAL_COUNT: 3
GLOBAL_COUNT: 3

BASE_AFTER:
(false)
BASETYPE: true or false
SIZE WORK_LIST: 7
SIZE generated: 2
EVALUABLE#: 0

-------------------------

----------------
TTYPES
Integer
Integer

PROGS

LOCAL_COUNT: 4
GLOBAL_COUNT: 4

BASE_AFTER:
(int 0)
BASETYPE: Integer
SIZE WORK_LIST: 8
SIZE generated: 2
EVALUABLE#: 0

-------------------------

----------------
TTYPES
Integer
Integer

PROGS

LOCAL_COUNT: 5
GLOBAL_COUNT: 5

BASE_AFTER:
(int 1)
BASETYPE: Integer
SIZE WORK_LIST: 9
SIZE generated: 2
EVALUABLE#: 0

-------------------------

----------------
TTYPES
Integer
Integer

PROGS

LOCAL_COUNT: 6
GLOBAL_COUNT: 6

BASE_AFTER:
(int 2)
BASETYPE: Integer
SIZE WORK_LIST: 10
SIZE generated: 2
EVALUABLE#: 0

-------------------------

----------------
TTYPES
String
String

PROGS

LOCAL_COUNT: 7
GLOBAL_COUNT: 7

BASE_AFTER:
(str "")
BASETYPE: String
SIZE WORK_LIST: 11
SIZE generated: 2
EVALUABLE#: 0

-------------------------

----------------
TTYPES
%bot

PROGS

LOCAL_COUNT: 8
GLOBAL_COUNT: 8

BASE_AFTER:
(filled-hole
  (begin
    (send
      (hole 0 {:hash_depth=>0, :limit_depth=>true, :recv=>true}) :-
      (hole 0 {:hash_depth=>0, :method_arg=>true})))
  (begin
    (send
      (hole 0 {:hash_depth=>0, :limit_depth=>true, :recv=>true}) :count))
  (begin
    (send
      (hole 0 {:hash_depth=>0, :limit_depth=>true, :recv=>true}) :-
      (hole 0 {:hash_depth=>0, :method_arg=>true})))
  (hole 2 {:hash_depth=>0, :method_arg=>false, :variance=>:-}) {:method_arg=>false})
BASETYPE: %bot
SIZE WORK_LIST: 12
SIZE generated: 1
EVALUABLE#: 0

-------------------------

----------------
TTYPES
true or false
true or false
true or false
true or false

PROGS

LOCAL_COUNT: 9
GLOBAL_COUNT: 9

BASE_AFTER:
(begin
  (send
    (hole 0 {:hash_depth=>0, :limit_depth=>true, :recv=>true}) :count=
    (hole 0 {:hash_depth=>0, :method_arg=>true}))
  (true))
BASETYPE: true or false
SIZE WORK_LIST: 12
SIZE generated: 4
EVALUABLE#: 3

-------------------------

----------------
TTYPES
true or false

PROGS

LOCAL_COUNT: 10
GLOBAL_COUNT: 10

BASE_AFTER:
(begin
  (send
    (hole 0 {:hash_depth=>0, :limit_depth=>true, :recv=>true}) :diaspora_user=
    (hole 0 {:hash_depth=>0, :method_arg=>true}))
  (true))
BASETYPE: true or false
SIZE WORK_LIST: 14
SIZE generated: 1
EVALUABLE#: 0

-------------------------

----------------
TTYPES
true or false
true or false
true or false
true or false

PROGS

LOCAL_COUNT: 11
GLOBAL_COUNT: 11

BASE_AFTER:
(begin
  (send
    (hole 0 {:hash_depth=>0, :limit_depth=>true, :recv=>true}) :count=
    (hole 0 {:hash_depth=>0, :method_arg=>true}))
  (false))
BASETYPE: true or false
SIZE WORK_LIST: 14
SIZE generated: 4
EVALUABLE#: 3

-------------------------

----------------
TTYPES
true or false

PROGS

LOCAL_COUNT: 12
GLOBAL_COUNT: 12

BASE_AFTER:
(begin
  (send
    (hole 0 {:hash_depth=>0, :limit_depth=>true, :recv=>true}) :diaspora_user=
    (hole 0 {:hash_depth=>0, :method_arg=>true}))
  (false))
BASETYPE: true or false
SIZE WORK_LIST: 16
SIZE generated: 1
EVALUABLE#: 0

-------------------------

----------------
TTYPES
Integer
Integer
Integer
Integer
Integer

PROGS

LOCAL_COUNT: 13
GLOBAL_COUNT: 13

BASE_AFTER:
(begin
  (send
    (hole 0 {:hash_depth=>0, :limit_depth=>true, :recv=>true}) :count=
    (hole 0 {:hash_depth=>0, :method_arg=>true}))
  (int 0))
BASETYPE: Integer
SIZE WORK_LIST: 16
SIZE generated: 5
EVALUABLE#: 4

-------------------------

----------------
TTYPES
Integer

PROGS

LOCAL_COUNT: 14
GLOBAL_COUNT: 14

BASE_AFTER:
(begin
  (send
    (hole 0 {:hash_depth=>0, :limit_depth=>true, :recv=>true}) :diaspora_user=
    (hole 0 {:hash_depth=>0, :method_arg=>true}))
  (int 0))
BASETYPE: Integer
SIZE WORK_LIST: 19
SIZE generated: 1
EVALUABLE#: 0

-------------------------

----------------
TTYPES
Integer
Integer
Integer
Integer
Integer

PROGS

LOCAL_COUNT: 15
GLOBAL_COUNT: 15

BASE_AFTER:
(begin
  (send
    (hole 0 {:hash_depth=>0, :limit_depth=>true, :recv=>true}) :count=
    (hole 0 {:hash_depth=>0, :method_arg=>true}))
  (int 1))
BASETYPE: Integer
SIZE WORK_LIST: 19
SIZE generated: 5
EVALUABLE#: 4

-------------------------

----------------
TTYPES
Integer

PROGS

LOCAL_COUNT: 16
GLOBAL_COUNT: 16

BASE_AFTER:
(begin
  (send
    (hole 0 {:hash_depth=>0, :limit_depth=>true, :recv=>true}) :diaspora_user=
    (hole 0 {:hash_depth=>0, :method_arg=>true}))
  (int 1))
BASETYPE: Integer
SIZE WORK_LIST: 22
SIZE generated: 1
EVALUABLE#: 0

-------------------------

----------------
TTYPES
Integer
Integer
Integer
Integer
Integer

PROGS

LOCAL_COUNT: 17
GLOBAL_COUNT: 17

BASE_AFTER:
(begin
  (send
    (hole 0 {:hash_depth=>0, :limit_depth=>true, :recv=>true}) :count=
    (hole 0 {:hash_depth=>0, :method_arg=>true}))
  (int 2))
BASETYPE: Integer
SIZE WORK_LIST: 22
SIZE generated: 5
EVALUABLE#: 4

-------------------------

----------------
TTYPES
Integer

PROGS

LOCAL_COUNT: 18
GLOBAL_COUNT: 18

BASE_AFTER:
(begin
  (send
    (hole 0 {:hash_depth=>0, :limit_depth=>true, :recv=>true}) :diaspora_user=
    (hole 0 {:hash_depth=>0, :method_arg=>true}))
  (int 2))
BASETYPE: Integer
SIZE WORK_LIST: 24
SIZE generated: 1
EVALUABLE#: 0

-------------------------

----------------
TTYPES
String
String
String
String

PROGS

LOCAL_COUNT: 19
GLOBAL_COUNT: 19

BASE_AFTER:
(begin
  (send
    (hole 0 {:hash_depth=>0, :limit_depth=>true, :recv=>true}) :count=
    (hole 0 {:hash_depth=>0, :method_arg=>true}))
  (str ""))
BASETYPE: String
SIZE WORK_LIST: 24
SIZE generated: 4
EVALUABLE#: 3

-------------------------

----------------
TTYPES
String

PROGS

LOCAL_COUNT: 20
GLOBAL_COUNT: 20

BASE_AFTER:
(begin
  (send
    (hole 0 {:hash_depth=>0, :limit_depth=>true, :recv=>true}) :diaspora_user=
    (hole 0 {:hash_depth=>0, :method_arg=>true}))
  (str ""))
BASETYPE: String
SIZE WORK_LIST: 26
SIZE generated: 1
EVALUABLE#: 0

-------------------------

----------------
TTYPES
true or false
true or false

PROGS

LOCAL_COUNT: 21
GLOBAL_COUNT: 21

BASE_AFTER:
(begin
  (send
    (lvar :arg0) :count=
    (int 0))
  (true))
BASETYPE: true or false
SIZE WORK_LIST: 26
SIZE generated: 2
EVALUABLE#: 0

-------------------------

----------------
TTYPES
true or false
true or false

PROGS

LOCAL_COUNT: 22
GLOBAL_COUNT: 22

BASE_AFTER:
(begin
  (send
    (lvar :arg0) :count=
    (int 1))
  (true))
BASETYPE: true or false
SIZE WORK_LIST: 27
SIZE generated: 2
EVALUABLE#: 0

-------------------------

----------------
TTYPES
true or false
true or false

PROGS

LOCAL_COUNT: 23
GLOBAL_COUNT: 23

BASE_AFTER:
(begin
  (send
    (lvar :arg0) :count=
    (int 0))
  (false))
BASETYPE: true or false
SIZE WORK_LIST: 28
SIZE generated: 2
EVALUABLE#: 0

-------------------------

----------------
TTYPES
true or false
true or false

PROGS

LOCAL_COUNT: 24
GLOBAL_COUNT: 24

BASE_AFTER:
(begin
  (send
    (lvar :arg0) :count=
    (int 1))
  (false))
BASETYPE: true or false
SIZE WORK_LIST: 29
SIZE generated: 2
EVALUABLE#: 0

-------------------------

----------------
TTYPES
Integer
Integer

PROGS

LOCAL_COUNT: 25
GLOBAL_COUNT: 25

BASE_AFTER:
(begin
  (send
    (lvar :arg0) :count=
    (int 0))
  (int 0))
BASETYPE: Integer
SIZE WORK_LIST: 30
SIZE generated: 2
EVALUABLE#: 0

-------------------------

----------------
TTYPES
Integer
Integer

PROGS

LOCAL_COUNT: 26
GLOBAL_COUNT: 26

BASE_AFTER:
(begin
  (send
    (lvar :arg0) :count=
    (int 1))
  (int 0))
BASETYPE: Integer
SIZE WORK_LIST: 31
SIZE generated: 2
EVALUABLE#: 0

-------------------------

----------------
TTYPES
Integer
Integer

PROGS

LOCAL_COUNT: 27
GLOBAL_COUNT: 27

BASE_AFTER:
(begin
  (lvasgn :t0
    (int 0))
  (send
    (lvar :arg0) :count=
    (lvar :t0))
  (lvar :t0))
BASETYPE: Integer
SIZE WORK_LIST: 32
SIZE generated: 2
EVALUABLE#: 0

-------------------------

----------------
TTYPES
Integer
Integer

PROGS

LOCAL_COUNT: 28
GLOBAL_COUNT: 28

BASE_AFTER:
(begin
  (send
    (lvar :arg0) :count=
    (int 0))
  (int 1))
BASETYPE: Integer
SIZE WORK_LIST: 33
SIZE generated: 2
EVALUABLE#: 0

-------------------------

----------------
TTYPES
Integer
Integer

PROGS

LOCAL_COUNT: 29
GLOBAL_COUNT: 29

BASE_AFTER:
(begin
  (send
    (lvar :arg0) :count=
    (int 1))
  (int 1))
BASETYPE: Integer
SIZE WORK_LIST: 34
SIZE generated: 2
EVALUABLE#: 0

-------------------------

----------------
TTYPES
Integer
Integer

PROGS

LOCAL_COUNT: 30
GLOBAL_COUNT: 30

BASE_AFTER:
(begin
  (lvasgn :t0
    (int 1))
  (send
    (lvar :arg0) :count=
    (lvar :t0))
  (lvar :t0))
BASETYPE: Integer
SIZE WORK_LIST: 35
SIZE generated: 2
EVALUABLE#: 0

-------------------------

----------------
TTYPES
Integer
Integer

PROGS

LOCAL_COUNT: 31
GLOBAL_COUNT: 31

BASE_AFTER:
(begin
  (send
    (lvar :arg0) :count=
    (int 0))
  (int 2))
BASETYPE: Integer
SIZE WORK_LIST: 36
SIZE generated: 2
EVALUABLE#: 0

-------------------------

----------------
TTYPES
Integer
Integer

PROGS

LOCAL_COUNT: 32
GLOBAL_COUNT: 32

BASE_AFTER:
(begin
  (send
    (lvar :arg0) :count=
    (int 1))
  (int 2))
BASETYPE: Integer
SIZE WORK_LIST: 37
SIZE generated: 2
EVALUABLE#: 0

-------------------------

----------------
TTYPES
String
String

PROGS

LOCAL_COUNT: 33
GLOBAL_COUNT: 33

BASE_AFTER:
(begin
  (send
    (lvar :arg0) :count=
    (int 0))
  (str ""))
BASETYPE: String
SIZE WORK_LIST: 38
SIZE generated: 2
EVALUABLE#: 0

-------------------------

----------------
TTYPES
String
String

PROGS

LOCAL_COUNT: 34
GLOBAL_COUNT: 34

BASE_AFTER:
(begin
  (send
    (lvar :arg0) :count=
    (int 1))
  (str ""))
BASETYPE: String
SIZE WORK_LIST: 39
SIZE generated: 2
EVALUABLE#: 0

-------------------------

----------------
TTYPES
Integer
Integer
Integer
Integer
Integer
Integer
Integer
Integer
%bot

PROGS

LOCAL_COUNT: 35
GLOBAL_COUNT: 35

BASE_AFTER:
(filled-hole
  (begin
    (send
      (send
        (hole 0 {:hash_depth=>0, :limit_depth=>true, :recv=>true}) :id=
        (hole 0 {:hash_depth=>0, :method_arg=>true})) :-
      (hole 0 {:hash_depth=>0, :method_arg=>true})))
  (begin
    (send
      (send
        (hole 0 {:hash_depth=>0, :limit_depth=>true, :recv=>true}) :id=
        (hole 0 {:hash_depth=>0, :method_arg=>true})) :-
      (hole 0 {:hash_depth=>0, :method_arg=>true})))
  (begin
    (send
      (send
        (hole 0 {:hash_depth=>0, :limit_depth=>true, :recv=>true}) :id=
        (hole 0 {:hash_depth=>0, :method_arg=>true})) :count))
  (begin
    (send
      (send
        (hole 0 {:hash_depth=>0, :limit_depth=>true, :recv=>true}) :id) :-
      (hole 0 {:hash_depth=>0, :method_arg=>true})))
  (begin
    (send
      (send
        (hole 0 {:hash_depth=>0, :limit_depth=>true, :recv=>true}) :id) :-
      (hole 0 {:hash_depth=>0, :method_arg=>true})))
  (begin
    (send
      (send
        (hole 0 {:hash_depth=>0, :limit_depth=>true, :recv=>true}) :id) :count))
  (begin
    (send
      (send
        (hole 0 {:hash_depth=>0, :limit_depth=>true, :recv=>true}) :token=
        (hole 0 {:hash_depth=>0, :method_arg=>true})) :count))
  (begin
    (send
      (send
        (hole 0 {:hash_depth=>0, :limit_depth=>true, :recv=>true}) :token=
        (hole 0 {:hash_depth=>0, :method_arg=>true})) :-
      (hole 0 {:hash_depth=>0, :method_arg=>true})))
  (begin
    (send
      (send
        (hole 0 {:hash_depth=>0, :limit_depth=>true, :recv=>true}) :token) :count))
  (begin
    (send
      (send
        (hole 0 {:hash_depth=>0, :limit_depth=>true, :recv=>true}) :token) :-
      (hole 0 {:hash_depth=>0, :method_arg=>true})))
  (begin
    (send
      (send
        (hole 0 {:hash_depth=>0, :limit_depth=>true, :recv=>true}) :diaspora_user_id=
        (hole 0 {:hash_depth=>0, :method_arg=>true})) :-
      (hole 0 {:hash_depth=>0, :method_arg=>true})))
  (begin
    (send
      (send
        (hole 0 {:hash_depth=>0, :limit_depth=>true, :recv=>true}) :diaspora_user_id=
        (hole 0 {:hash_depth=>0, :method_arg=>true})) :-
      (hole 0 {:hash_depth=>0, :method_arg=>true})))
  (begin
    (send
      (send
        (hole 0 {:hash_depth=>0, :limit_depth=>true, :recv=>true}) :diaspora_user_id=
        (hole 0 {:hash_depth=>0, :method_arg=>true})) :count))
  (begin
    (send
      (send
        (hole 0 {:hash_depth=>0, :limit_depth=>true, :recv=>true}) :diaspora_user_id) :-
      (hole 0 {:hash_depth=>0, :method_arg=>true})))
  (begin
    (send
      (send
        (hole 0 {:hash_depth=>0, :limit_depth=>true, :recv=>true}) :diaspora_user_id) :-
      (hole 0 {:hash_depth=>0, :method_arg=>true})))
  (begin
    (send
      (send
        (hole 0 {:hash_depth=>0, :limit_depth=>true, :recv=>true}) :diaspora_user_id) :count))
  (begin
    (send
      (send
        (hole 0 {:hash_depth=>0, :limit_depth=>true, :recv=>true}) :count=
        (hole 0 {:hash_depth=>0, :method_arg=>true})) :-
      (hole 0 {:hash_depth=>0, :method_arg=>true})))
  (begin
    (send
      (send
        (hole 0 {:hash_depth=>0, :limit_depth=>true, :recv=>true}) :count=
        (hole 0 {:hash_depth=>0, :method_arg=>true})) :-
      (hole 0 {:hash_depth=>0, :method_arg=>true})))
  (begin
    (send
      (send
        (hole 0 {:hash_depth=>0, :limit_depth=>true, :recv=>true}) :count=
        (hole 0 {:hash_depth=>0, :method_arg=>true})) :count))
  (begin
    (send
      (begin
        (send
          (hole 0 {:hash_depth=>0, :limit_depth=>true, :recv=>true}) :count)) :-
      (hole 0 {:hash_depth=>0, :method_arg=>true})))
  (begin
    (send
      (begin
        (send
          (hole 0 {:hash_depth=>0, :limit_depth=>true, :recv=>true}) :count)) :-
      (hole 0 {:hash_depth=>0, :method_arg=>true})))
  (begin
    (send
      (begin
        (send
          (hole 0 {:hash_depth=>0, :limit_depth=>true, :recv=>true}) :count)) :count))
  (begin
    (send
      (send
        (hole 0 {:hash_depth=>0, :limit_depth=>true, :recv=>true}) :diaspora_user) :count))
  (begin
    (send
      (send
        (hole 0 {:hash_depth=>0, :limit_depth=>true, :recv=>true}) :diaspora_user) :-
      (hole 0 {:hash_depth=>0, :method_arg=>true})))
  (begin
    (send
      (send
        (hole 0 {:hash_depth=>0, :limit_depth=>true, :recv=>true}) :diaspora_user=
        (hole 0 {:hash_depth=>0, :method_arg=>true})) :count))
  (begin
    (send
      (send
        (hole 0 {:hash_depth=>0, :limit_depth=>true, :recv=>true}) :diaspora_user=
        (hole 0 {:hash_depth=>0, :method_arg=>true})) :-
      (hole 0 {:hash_depth=>0, :method_arg=>true})))
  (begin
    (send
      (begin
        (send
          (hole 0 {:hash_depth=>0, :limit_depth=>true, :recv=>true}) :-
          (hole 0 {:hash_depth=>0, :method_arg=>true}))) :-
      (hole 0 {:hash_depth=>0, :method_arg=>true})))
  (begin
    (send
      (begin
        (send
          (hole 0 {:hash_depth=>0, :limit_depth=>true, :recv=>true}) :-
          (hole 0 {:hash_depth=>0, :method_arg=>true}))) :-
      (hole 0 {:hash_depth=>0, :method_arg=>true})))
  (begin
    (send
      (begin
        (send
          (hole 0 {:hash_depth=>0, :limit_depth=>true, :recv=>true}) :save)) :count))
  (begin
    (send
      (begin
        (send
          (hole 0 {:hash_depth=>0, :limit_depth=>true, :recv=>true}) :save)) :-
      (hole 0 {:hash_depth=>0, :method_arg=>true})))
  (begin
    (send
      (begin
        (send
          (hole 0 {:hash_depth=>0, :limit_depth=>true, :recv=>true}) :count)) :-
      (hole 0 {:hash_depth=>0, :method_arg=>true})))
  (begin
    (send
      (begin
        (send
          (hole 0 {:hash_depth=>0, :limit_depth=>true, :recv=>true}) :count)) :-
      (hole 0 {:hash_depth=>0, :method_arg=>true})))
  (begin
    (send
      (begin
        (send
          (hole 0 {:hash_depth=>0, :limit_depth=>true, :recv=>true}) :-
          (hole 0 {:hash_depth=>0, :method_arg=>true}))) :-
      (hole 0 {:hash_depth=>0, :method_arg=>true})))
  (begin
    (send
      (begin
        (send
          (hole 0 {:hash_depth=>0, :limit_depth=>true, :recv=>true}) :-
          (hole 0 {:hash_depth=>0, :method_arg=>true}))) :-
      (hole 0 {:hash_depth=>0, :method_arg=>true})))
  (begin
    (send
      (begin
        (send
          (hole 0 {:hash_depth=>0, :limit_depth=>true, :recv=>true}) :save)) :count))
  (begin
    (send
      (begin
        (send
          (hole 0 {:hash_depth=>0, :limit_depth=>true, :recv=>true}) :save)) :-
      (hole 0 {:hash_depth=>0, :method_arg=>true})))
  (hole 3 {:hash_depth=>0, :method_arg=>false, :variance=>:-}) {:method_arg=>false})
BASETYPE: %bot
SIZE WORK_LIST: 40
SIZE generated: 9
EVALUABLE#: 0

-------------------------

----------------
TTYPES
Integer
Integer
Integer
Integer
Integer
Integer
Integer
Integer
Integer
Integer
Integer
Integer
Integer
Integer
Integer
Integer
Integer
Integer
Integer
Integer
Integer
Integer
Integer
Integer
Integer
Integer
Integer
Integer
Integer
Integer
Integer
Integer
Integer
Integer
Integer
Integer

PROGS

LOCAL_COUNT: 36
GLOBAL_COUNT: 36

BASE_AFTER:
(begin
  (send
    (begin
      (send
        (filled-hole
          (lvar InvitationCode(id: integer, token: string, diaspora_user_id: integer, count: integer)) {:method_arg=>false}) :-
        (filled-hole
          (lvar :arg0)
          (lvar InvitationCode(id: integer, token: string, diaspora_user_id: integer, count: integer))
          (true)
          (false)
          (int 0)
          (int 1)
          (int 2)
          (str "")
          (hole 1 {:hash_depth=>0, :method_arg=>true, :variance=>:+}) {:method_arg=>true}))) :-
    (filled-hole
      (int 0)
      (int 1)
      (int 2)
      (hole 1 {:hash_depth=>0, :method_arg=>true, :variance=>:+}) {:method_arg=>true})))
BASETYPE: Integer
SIZE WORK_LIST: 48
SIZE generated: 36
EVALUABLE#: 24

-------------------------

----------------
TTYPES
Integer
Integer
Integer
Integer

PROGS

LOCAL_COUNT: 37
GLOBAL_COUNT: 37

BASE_AFTER:
(begin
  (send
    (begin
      (send
        (filled-hole
          (lvar InvitationCode(id: integer, token: string, diaspora_user_id: integer, count: integer)) {:method_arg=>false}) :count)) :-
    (filled-hole
      (int 0)
      (int 1)
      (int 2)
      (hole 1 {:hash_depth=>0, :method_arg=>true, :variance=>:+}) {:method_arg=>true})))
BASETYPE: Integer
SIZE WORK_LIST: 59
SIZE generated: 4
EVALUABLE#: 3

-------------------------

----------------
TTYPES
true or false
true or false
true or false
true or false
true or false
true or false
true or false
true or false
true or false
true or false
true or false

PROGS

LOCAL_COUNT: 38
GLOBAL_COUNT: 38

BASE_AFTER:
(begin
  (send
    (lvar :arg0) :count=
    (hole 1 {:hash_depth=>0, :method_arg=>true, :variance=>:+}))
  (true))
BASETYPE: true or false
SIZE WORK_LIST: 62
SIZE generated: 11
EVALUABLE#: 0

-------------------------

----------------
TTYPES
Integer
Integer

PROGS

LOCAL_COUNT: 39
GLOBAL_COUNT: 39

BASE_AFTER:
(begin
  (send
    (begin
      (send
        (lvar InvitationCode(id: integer, token: string, diaspora_user_id: integer, count: integer)) :count)) :-
    (int 0)))
BASETYPE: Integer
SIZE WORK_LIST: 72
SIZE generated: 2
EVALUABLE#: 0

-------------------------

----------------
TTYPES
Integer
Integer

PROGS

LOCAL_COUNT: 40
GLOBAL_COUNT: 40

BASE_AFTER:
(begin
  (send
    (begin
      (send
        (lvar InvitationCode(id: integer, token: string, diaspora_user_id: integer, count: integer)) :count)) :-
    (int 1)))
BASETYPE: Integer
SIZE WORK_LIST: 73
SIZE generated: 2
EVALUABLE#: 0

-------------------------

----------------
TTYPES
Integer
Integer

PROGS

LOCAL_COUNT: 41
GLOBAL_COUNT: 41

BASE_AFTER:
(begin
  (send
    (begin
      (send
        (lvar InvitationCode(id: integer, token: string, diaspora_user_id: integer, count: integer)) :count)) :-
    (int 2)))
BASETYPE: Integer
SIZE WORK_LIST: 74
SIZE generated: 2
EVALUABLE#: 0

-------------------------

----------------
TTYPES
true or false
true or false
true or false
true or false
true or false
true or false
true or false
true or false
true or false
true or false

PROGS

LOCAL_COUNT: 42
GLOBAL_COUNT: 42

BASE_AFTER:
(begin
  (send
    (lvar :arg0) :count=
    (begin
      (send
        (hole 0 {:hash_depth=>0, :limit_depth=>true, :recv=>true}) :-
        (hole 0 {:hash_depth=>0, :method_arg=>true}))))
  (true))
BASETYPE: true or false
SIZE WORK_LIST: 75
SIZE generated: 10
EVALUABLE#: 9

-------------------------

----------------
TTYPES
true or false

PROGS

LOCAL_COUNT: 43
GLOBAL_COUNT: 43

BASE_AFTER:
(begin
  (send
    (lvar :arg0) :count=
    (begin
      (send
        (hole 0 {:hash_depth=>0, :limit_depth=>true, :recv=>true}) :count)))
  (true))
BASETYPE: true or false
SIZE WORK_LIST: 75
SIZE generated: 1
EVALUABLE#: 1

-------------------------

----------------
TTYPES
true or false
true or false
true or false
true or false
true or false
true or false

PROGS

LOCAL_COUNT: 44
GLOBAL_COUNT: 44

BASE_AFTER:
(begin
  (send
    (lvar :arg0) :diaspora_user=
    (hole 1 {:hash_depth=>0, :method_arg=>true, :variance=>:+}))
  (true))
BASETYPE: true or false
SIZE WORK_LIST: 75
SIZE generated: 6
EVALUABLE#: 0

-------------------------

----------------
TTYPES
true or false
true or false

PROGS

LOCAL_COUNT: 45
GLOBAL_COUNT: 45

BASE_AFTER:
(begin
  (send
    (lvar :arg0) :count=
    (begin
      (send
        (lvar InvitationCode(id: integer, token: string, diaspora_user_id: integer, count: integer)) :count)))
  (true))
BASETYPE: true or false
SIZE WORK_LIST: 80
SIZE generated: 2
EVALUABLE#: 0

-------------------------

----------------
TTYPES
true or false

PROGS

LOCAL_COUNT: 46
GLOBAL_COUNT: 46

BASE_AFTER:
(begin
  (send
    (lvar :arg0) :diaspora_user=
    (begin
      (send
        (hole 0 {:hash_depth=>0, :limit_depth=>true, :recv=>true}) :count)))
  (true))
BASETYPE: true or false
SIZE WORK_LIST: 81
SIZE generated: 1
EVALUABLE#: 1

-------------------------

----------------
TTYPES
true or false
true or false
true or false
true or false
true or false
true or false
true or false
true or false
true or false
true or false
true or false

PROGS

LOCAL_COUNT: 47
GLOBAL_COUNT: 47

BASE_AFTER:
(begin
  (send
    (lvar :arg0) :count=
    (hole 1 {:hash_depth=>0, :method_arg=>true, :variance=>:+}))
  (false))
BASETYPE: true or false
SIZE WORK_LIST: 80
SIZE generated: 11
EVALUABLE#: 0

-------------------------

----------------
TTYPES
true or false

PROGS

LOCAL_COUNT: 48
GLOBAL_COUNT: 48

BASE_AFTER:
(begin
  (send
    (lvar :arg0) :count=
    (begin
      (send
        (hole 0 {:hash_depth=>0, :limit_depth=>true, :recv=>true}) :count)))
  (false))
BASETYPE: true or false
SIZE WORK_LIST: 90
SIZE generated: 1
EVALUABLE#: 1

-------------------------

----------------
TTYPES
true or false
true or false
true or false
true or false
true or false
true or false

PROGS

LOCAL_COUNT: 49
GLOBAL_COUNT: 49

BASE_AFTER:
(begin
  (send
    (lvar :arg0) :diaspora_user=
    (hole 1 {:hash_depth=>0, :method_arg=>true, :variance=>:+}))
  (false))
BASETYPE: true or false
SIZE WORK_LIST: 90
SIZE generated: 6
EVALUABLE#: 0

-------------------------

----------------
TTYPES
true or false
true or false

PROGS

LOCAL_COUNT: 50
GLOBAL_COUNT: 50

BASE_AFTER:
(begin
  (send
    (lvar :arg0) :count=
    (begin
      (send
        (lvar InvitationCode(id: integer, token: string, diaspora_user_id: integer, count: integer)) :count)))
  (false))
BASETYPE: true or false
SIZE WORK_LIST: 95
SIZE generated: 2
EVALUABLE#: 0

-------------------------

----------------
TTYPES
true or false

PROGS

LOCAL_COUNT: 51
GLOBAL_COUNT: 51

BASE_AFTER:
(begin
  (send
    (lvar :arg0) :diaspora_user=
    (begin
      (send
        (hole 0 {:hash_depth=>0, :limit_depth=>true, :recv=>true}) :count)))
  (false))
BASETYPE: true or false
SIZE WORK_LIST: 96
SIZE generated: 1
EVALUABLE#: 1

-------------------------

----------------
TTYPES
Integer
Integer
Integer
Integer
Integer
Integer
Integer
Integer
Integer
Integer
Integer

PROGS

LOCAL_COUNT: 52
GLOBAL_COUNT: 52

BASE_AFTER:
(begin
  (send
    (lvar :arg0) :count=
    (hole 1 {:hash_depth=>0, :method_arg=>true, :variance=>:+}))
  (int 0))
BASETYPE: Integer
SIZE WORK_LIST: 95
SIZE generated: 11
EVALUABLE#: 0

-------------------------

----------------
TTYPES
Integer

PROGS

LOCAL_COUNT: 53
GLOBAL_COUNT: 53

BASE_AFTER:
(begin
  (send
    (lvar :arg0) :count=
    (begin
      (send
        (hole 0 {:hash_depth=>0, :limit_depth=>true, :recv=>true}) :count)))
  (int 0))
BASETYPE: Integer
SIZE WORK_LIST: 105
SIZE generated: 1
EVALUABLE#: 1

-------------------------

----------------
TTYPES
Integer
Integer
Integer
Integer
Integer
Integer

PROGS

LOCAL_COUNT: 54
GLOBAL_COUNT: 54

BASE_AFTER:
(begin
  (send
    (lvar :arg0) :diaspora_user=
    (hole 1 {:hash_depth=>0, :method_arg=>true, :variance=>:+}))
  (int 0))
BASETYPE: Integer
SIZE WORK_LIST: 105
SIZE generated: 6
EVALUABLE#: 0

-------------------------

----------------
TTYPES
Integer
Integer

PROGS

LOCAL_COUNT: 55
GLOBAL_COUNT: 55

BASE_AFTER:
(begin
  (send
    (lvar :arg0) :count=
    (begin
      (send
        (lvar InvitationCode(id: integer, token: string, diaspora_user_id: integer, count: integer)) :count)))
  (int 0))
BASETYPE: Integer
SIZE WORK_LIST: 110
SIZE generated: 2
EVALUABLE#: 0

-------------------------

----------------
TTYPES
Integer

PROGS

LOCAL_COUNT: 56
GLOBAL_COUNT: 56

BASE_AFTER:
(begin
  (send
    (lvar :arg0) :diaspora_user=
    (begin
      (send
        (hole 0 {:hash_depth=>0, :limit_depth=>true, :recv=>true}) :count)))
  (int 0))
BASETYPE: Integer
SIZE WORK_LIST: 111
SIZE generated: 1
EVALUABLE#: 1

-------------------------

----------------
TTYPES
Integer
Integer
Integer
Integer
Integer
Integer
Integer
Integer
Integer
Integer
Integer

PROGS

LOCAL_COUNT: 57
GLOBAL_COUNT: 57

BASE_AFTER:
(begin
  (send
    (lvar :arg0) :count=
    (hole 1 {:hash_depth=>0, :method_arg=>true, :variance=>:+}))
  (int 1))
BASETYPE: Integer
SIZE WORK_LIST: 110
SIZE generated: 11
EVALUABLE#: 0

-------------------------

----------------
TTYPES
Integer

PROGS

LOCAL_COUNT: 58
GLOBAL_COUNT: 58

BASE_AFTER:
(begin
  (send
    (lvar :arg0) :count=
    (begin
      (send
        (hole 0 {:hash_depth=>0, :limit_depth=>true, :recv=>true}) :count)))
  (int 1))
BASETYPE: Integer
SIZE WORK_LIST: 120
SIZE generated: 1
EVALUABLE#: 1

-------------------------

----------------
TTYPES
Integer
Integer
Integer
Integer
Integer
Integer

PROGS

LOCAL_COUNT: 59
GLOBAL_COUNT: 59

BASE_AFTER:
(begin
  (send
    (lvar :arg0) :diaspora_user=
    (hole 1 {:hash_depth=>0, :method_arg=>true, :variance=>:+}))
  (int 1))
BASETYPE: Integer
SIZE WORK_LIST: 120
SIZE generated: 6
EVALUABLE#: 0

-------------------------

----------------
TTYPES
Integer
Integer

PROGS

LOCAL_COUNT: 60
GLOBAL_COUNT: 60

BASE_AFTER:
(begin
  (send
    (lvar :arg0) :count=
    (begin
      (send
        (lvar InvitationCode(id: integer, token: string, diaspora_user_id: integer, count: integer)) :count)))
  (int 1))
BASETYPE: Integer
SIZE WORK_LIST: 125
SIZE generated: 2
EVALUABLE#: 0

-------------------------

----------------
TTYPES
true or false
true or false
Integer
Integer
Integer
String
%bot

PROGS

LOCAL_COUNT: 1
GLOBAL_COUNT: 61

BASE_AFTER:
(filled-hole
  (true)
  (false)
  (int 0)
  (int 1)
  (int 2)
  (str "")
  (hole 1 {:hash_depth=>0, :method_arg=>false, :variance=>:-}) {:method_arg=>false})
BASETYPE: %bot
SIZE WORK_LIST: 0
SIZE generated: 7
EVALUABLE#: 6

-------------------------

----------------
TTYPES
true or false
true or false

PROGS

LOCAL_COUNT: 2
GLOBAL_COUNT: 62

BASE_AFTER:
(true)
BASETYPE: true or false
SIZE WORK_LIST: 6
SIZE generated: 2
EVALUABLE#: 0

-------------------------

----------------
TTYPES
true or false
true or false

PROGS

LOCAL_COUNT: 3
GLOBAL_COUNT: 63

BASE_AFTER:
(false)
BASETYPE: true or false
SIZE WORK_LIST: 7
SIZE generated: 2
EVALUABLE#: 0

-------------------------

----------------
TTYPES
Integer
Integer

PROGS

LOCAL_COUNT: 4
GLOBAL_COUNT: 64

BASE_AFTER:
(int 0)
BASETYPE: Integer
SIZE WORK_LIST: 8
SIZE generated: 2
EVALUABLE#: 0

-------------------------

----------------
TTYPES
Integer
Integer

PROGS

LOCAL_COUNT: 5
GLOBAL_COUNT: 65

BASE_AFTER:
(int 1)
BASETYPE: Integer
SIZE WORK_LIST: 9
SIZE generated: 2
EVALUABLE#: 0

-------------------------

----------------
TTYPES
Integer
Integer

PROGS

LOCAL_COUNT: 6
GLOBAL_COUNT: 66

BASE_AFTER:
(int 2)
BASETYPE: Integer
SIZE WORK_LIST: 10
SIZE generated: 2
EVALUABLE#: 0

-------------------------

----------------
TTYPES
String
String

PROGS

LOCAL_COUNT: 7
GLOBAL_COUNT: 67

BASE_AFTER:
(str "")
BASETYPE: String
SIZE WORK_LIST: 11
SIZE generated: 2
EVALUABLE#: 0

-------------------------

----------------
TTYPES
%bot

PROGS

LOCAL_COUNT: 8
GLOBAL_COUNT: 68

BASE_AFTER:
(filled-hole
  (hole 2 {:hash_depth=>0, :method_arg=>false, :variance=>:-}) {:method_arg=>false})
BASETYPE: %bot
SIZE WORK_LIST: 12
SIZE generated: 1
EVALUABLE#: 0

-------------------------

----------------
TTYPES
true or false
true or false
true or false
true or false

PROGS

LOCAL_COUNT: 9
GLOBAL_COUNT: 69

BASE_AFTER:
(begin
  (send
    (hole 0 {:hash_depth=>0, :limit_depth=>true, :recv=>true}) :count=
    (hole 0 {:hash_depth=>0, :method_arg=>true}))
  (true))
BASETYPE: true or false
SIZE WORK_LIST: 12
SIZE generated: 4
EVALUABLE#: 3

-------------------------

----------------
TTYPES
true or false

PROGS

LOCAL_COUNT: 1
GLOBAL_COUNT: 70

BASE_AFTER:
(filled-hole
  (hole 1 {:hash_depth=>0, :method_arg=>false, :variance=>:+}) {:method_arg=>false})
BASETYPE: true or false
SIZE WORK_LIST: 0
SIZE generated: 1
EVALUABLE#: 0

-------------------------

----------------
TTYPES
true or false
true or false

PROGS

LOCAL_COUNT: 2
GLOBAL_COUNT: 71

BASE_AFTER:
(filled-hole
  (begin
    (send
      (hole 0 {:hash_depth=>0, :limit_depth=>true, :recv=>true}) :-
      (hole 0 {:hash_depth=>0, :method_arg=>true})))
  (begin
    (send
      (hole 0 {:hash_depth=>0, :limit_depth=>true, :recv=>true}) :save))
  (begin
    (send
      (hole 0 {:hash_depth=>0, :limit_depth=>true, :recv=>true}) :count))
  (begin
    (send
      (hole 0 {:hash_depth=>0, :limit_depth=>true, :recv=>true}) :-
      (hole 0 {:hash_depth=>0, :method_arg=>true})))
  (begin
    (send
      (hole 0 {:hash_depth=>0, :limit_depth=>true, :recv=>true}) :save))
  (hole 2 {:hash_depth=>0, :method_arg=>false, :variance=>:+}) {:method_arg=>false})
BASETYPE: true or false
SIZE WORK_LIST: 0
SIZE generated: 2
EVALUABLE#: 0

-------------------------

----------------
TTYPES
true or false

PROGS

LOCAL_COUNT: 3
GLOBAL_COUNT: 72

BASE_AFTER:
(begin
  (send
    (filled-hole
      (lvar InvitationCode(id: integer, token: string, diaspora_user_id: integer, count: integer)) {:method_arg=>false}) :save))
BASETYPE: true or false
SIZE WORK_LIST: 1
SIZE generated: 1
EVALUABLE#: 1

-------------------------

----------------
TTYPES
true or false
true or false
Integer
Integer
Integer
String
%bot

PROGS

LOCAL_COUNT: 1
GLOBAL_COUNT: 1

BASE_AFTER:
(filled-hole
  (true)
  (false)
  (int 0)
  (int 1)
  (int 2)
  (str "")
  (hole 1 {:hash_depth=>0, :method_arg=>false, :variance=>:-}) {:method_arg=>false})
BASETYPE: %bot
SIZE WORK_LIST: 0
SIZE generated: 7
EVALUABLE#: 6

-------------------------

----------------
TTYPES
true or false
true or false

PROGS

LOCAL_COUNT: 2
GLOBAL_COUNT: 2

BASE_AFTER:
(true)
BASETYPE: true or false
SIZE WORK_LIST: 6
SIZE generated: 2
EVALUABLE#: 0

-------------------------

----------------
TTYPES
true or false
true or false

PROGS

LOCAL_COUNT: 3
GLOBAL_COUNT: 3

BASE_AFTER:
(false)
BASETYPE: true or false
SIZE WORK_LIST: 7
SIZE generated: 2
EVALUABLE#: 0

-------------------------

----------------
TTYPES
Integer
Integer

PROGS

LOCAL_COUNT: 4
GLOBAL_COUNT: 4

BASE_AFTER:
(int 0)
BASETYPE: Integer
SIZE WORK_LIST: 8
SIZE generated: 2
EVALUABLE#: 0

-------------------------

----------------
TTYPES
Integer
Integer

PROGS

LOCAL_COUNT: 5
GLOBAL_COUNT: 5

BASE_AFTER:
(int 1)
BASETYPE: Integer
SIZE WORK_LIST: 9
SIZE generated: 2
EVALUABLE#: 0

-------------------------

----------------
TTYPES
Integer
Integer

PROGS

LOCAL_COUNT: 6
GLOBAL_COUNT: 6

BASE_AFTER:
(int 2)
BASETYPE: Integer
SIZE WORK_LIST: 10
SIZE generated: 2
EVALUABLE#: 0

-------------------------

----------------
TTYPES
String
String

PROGS

LOCAL_COUNT: 7
GLOBAL_COUNT: 7

BASE_AFTER:
(str "")
BASETYPE: String
SIZE WORK_LIST: 11
SIZE generated: 2
EVALUABLE#: 0

-------------------------

----------------
TTYPES
%bot

PROGS

LOCAL_COUNT: 8
GLOBAL_COUNT: 8

BASE_AFTER:
(filled-hole
  (begin
    (send
      (hole 0 {:hash_depth=>0, :limit_depth=>true, :recv=>true}) :-
      (hole 0 {:hash_depth=>0, :method_arg=>true})))
  (begin
    (send
      (hole 0 {:hash_depth=>0, :limit_depth=>true, :recv=>true}) :count))
  (begin
    (send
      (hole 0 {:hash_depth=>0, :limit_depth=>true, :recv=>true}) :-
      (hole 0 {:hash_depth=>0, :method_arg=>true})))
  (hole 2 {:hash_depth=>0, :method_arg=>false, :variance=>:-}) {:method_arg=>false})
BASETYPE: %bot
SIZE WORK_LIST: 12
SIZE generated: 1
EVALUABLE#: 0

-------------------------

----------------
TTYPES
true or false
true or false
true or false
true or false

PROGS

LOCAL_COUNT: 9
GLOBAL_COUNT: 9

BASE_AFTER:
(begin
  (send
    (hole 0 {:hash_depth=>0, :limit_depth=>true, :recv=>true}) :count=
    (hole 0 {:hash_depth=>0, :method_arg=>true}))
  (true))
BASETYPE: true or false
SIZE WORK_LIST: 12
SIZE generated: 4
EVALUABLE#: 3

-------------------------

----------------
TTYPES
true or false

PROGS

LOCAL_COUNT: 10
GLOBAL_COUNT: 10

BASE_AFTER:
(begin
  (send
    (hole 0 {:hash_depth=>0, :limit_depth=>true, :recv=>true}) :diaspora_user=
    (hole 0 {:hash_depth=>0, :method_arg=>true}))
  (true))
BASETYPE: true or false
SIZE WORK_LIST: 14
SIZE generated: 1
EVALUABLE#: 0

-------------------------

----------------
TTYPES
true or false
true or false
true or false
true or false

PROGS

LOCAL_COUNT: 11
GLOBAL_COUNT: 11

BASE_AFTER:
(begin
  (send
    (hole 0 {:hash_depth=>0, :limit_depth=>true, :recv=>true}) :count=
    (hole 0 {:hash_depth=>0, :method_arg=>true}))
  (false))
BASETYPE: true or false
SIZE WORK_LIST: 14
SIZE generated: 4
EVALUABLE#: 3

-------------------------

----------------
TTYPES
true or false

PROGS

LOCAL_COUNT: 12
GLOBAL_COUNT: 12

BASE_AFTER:
(begin
  (send
    (hole 0 {:hash_depth=>0, :limit_depth=>true, :recv=>true}) :diaspora_user=
    (hole 0 {:hash_depth=>0, :method_arg=>true}))
  (false))
BASETYPE: true or false
SIZE WORK_LIST: 16
SIZE generated: 1
EVALUABLE#: 0

-------------------------

----------------
TTYPES
Integer
Integer
Integer
Integer
Integer

PROGS

LOCAL_COUNT: 13
GLOBAL_COUNT: 13

BASE_AFTER:
(begin
  (send
    (hole 0 {:hash_depth=>0, :limit_depth=>true, :recv=>true}) :count=
    (hole 0 {:hash_depth=>0, :method_arg=>true}))
  (int 0))
BASETYPE: Integer
SIZE WORK_LIST: 16
SIZE generated: 5
EVALUABLE#: 4

-------------------------

----------------
TTYPES
Integer

PROGS

LOCAL_COUNT: 14
GLOBAL_COUNT: 14

BASE_AFTER:
(begin
  (send
    (hole 0 {:hash_depth=>0, :limit_depth=>true, :recv=>true}) :diaspora_user=
    (hole 0 {:hash_depth=>0, :method_arg=>true}))
  (int 0))
BASETYPE: Integer
SIZE WORK_LIST: 19
SIZE generated: 1
EVALUABLE#: 0

-------------------------

----------------
TTYPES
Integer
Integer
Integer
Integer
Integer

PROGS

LOCAL_COUNT: 15
GLOBAL_COUNT: 15

BASE_AFTER:
(begin
  (send
    (hole 0 {:hash_depth=>0, :limit_depth=>true, :recv=>true}) :count=
    (hole 0 {:hash_depth=>0, :method_arg=>true}))
  (int 1))
BASETYPE: Integer
SIZE WORK_LIST: 19
SIZE generated: 5
EVALUABLE#: 4

-------------------------

----------------
TTYPES
Integer

PROGS

LOCAL_COUNT: 16
GLOBAL_COUNT: 16

BASE_AFTER:
(begin
  (send
    (hole 0 {:hash_depth=>0, :limit_depth=>true, :recv=>true}) :diaspora_user=
    (hole 0 {:hash_depth=>0, :method_arg=>true}))
  (int 1))
BASETYPE: Integer
SIZE WORK_LIST: 22
SIZE generated: 1
EVALUABLE#: 0

-------------------------

----------------
TTYPES
Integer
Integer
Integer
Integer
Integer

PROGS

LOCAL_COUNT: 17
GLOBAL_COUNT: 17

BASE_AFTER:
(begin
  (send
    (hole 0 {:hash_depth=>0, :limit_depth=>true, :recv=>true}) :count=
    (hole 0 {:hash_depth=>0, :method_arg=>true}))
  (int 2))
BASETYPE: Integer
SIZE WORK_LIST: 22
SIZE generated: 5
EVALUABLE#: 4

-------------------------

----------------
TTYPES
Integer

PROGS

LOCAL_COUNT: 18
GLOBAL_COUNT: 18

BASE_AFTER:
(begin
  (send
    (hole 0 {:hash_depth=>0, :limit_depth=>true, :recv=>true}) :diaspora_user=
    (hole 0 {:hash_depth=>0, :method_arg=>true}))
  (int 2))
BASETYPE: Integer
SIZE WORK_LIST: 24
SIZE generated: 1
EVALUABLE#: 0

-------------------------

----------------
TTYPES
String
String
String
String

PROGS

LOCAL_COUNT: 19
GLOBAL_COUNT: 19

BASE_AFTER:
(begin
  (send
    (hole 0 {:hash_depth=>0, :limit_depth=>true, :recv=>true}) :count=
    (hole 0 {:hash_depth=>0, :method_arg=>true}))
  (str ""))
BASETYPE: String
SIZE WORK_LIST: 24
SIZE generated: 4
EVALUABLE#: 3

-------------------------

----------------
TTYPES
String

PROGS

LOCAL_COUNT: 20
GLOBAL_COUNT: 20

BASE_AFTER:
(begin
  (send
    (hole 0 {:hash_depth=>0, :limit_depth=>true, :recv=>true}) :diaspora_user=
    (hole 0 {:hash_depth=>0, :method_arg=>true}))
  (str ""))
BASETYPE: String
SIZE WORK_LIST: 26
SIZE generated: 1
EVALUABLE#: 0

-------------------------

----------------
TTYPES
true or false
true or false

PROGS

LOCAL_COUNT: 21
GLOBAL_COUNT: 21

BASE_AFTER:
(begin
  (send
    (lvar :arg0) :count=
    (int 0))
  (true))
BASETYPE: true or false
SIZE WORK_LIST: 26
SIZE generated: 2
EVALUABLE#: 0

-------------------------

----------------
TTYPES
true or false
true or false

PROGS

LOCAL_COUNT: 22
GLOBAL_COUNT: 22

BASE_AFTER:
(begin
  (send
    (lvar :arg0) :count=
    (int 1))
  (true))
BASETYPE: true or false
SIZE WORK_LIST: 27
SIZE generated: 2
EVALUABLE#: 0

-------------------------

----------------
TTYPES
true or false
true or false

PROGS

LOCAL_COUNT: 23
GLOBAL_COUNT: 23

BASE_AFTER:
(begin
  (send
    (lvar :arg0) :count=
    (int 0))
  (false))
BASETYPE: true or false
SIZE WORK_LIST: 28
SIZE generated: 2
EVALUABLE#: 0

-------------------------

----------------
TTYPES
true or false
true or false

PROGS

LOCAL_COUNT: 24
GLOBAL_COUNT: 24

BASE_AFTER:
(begin
  (send
    (lvar :arg0) :count=
    (int 1))
  (false))
BASETYPE: true or false
SIZE WORK_LIST: 29
SIZE generated: 2
EVALUABLE#: 0

-------------------------

----------------
TTYPES
Integer
Integer

PROGS

LOCAL_COUNT: 25
GLOBAL_COUNT: 25

BASE_AFTER:
(begin
  (send
    (lvar :arg0) :count=
    (int 0))
  (int 0))
BASETYPE: Integer
SIZE WORK_LIST: 30
SIZE generated: 2
EVALUABLE#: 0

-------------------------

----------------
TTYPES
Integer
Integer

PROGS

LOCAL_COUNT: 26
GLOBAL_COUNT: 26

BASE_AFTER:
(begin
  (send
    (lvar :arg0) :count=
    (int 1))
  (int 0))
BASETYPE: Integer
SIZE WORK_LIST: 31
SIZE generated: 2
EVALUABLE#: 0

-------------------------

----------------
TTYPES
Integer
Integer

PROGS

LOCAL_COUNT: 27
GLOBAL_COUNT: 27

BASE_AFTER:
(begin
  (lvasgn :t0
    (int 0))
  (send
    (lvar :arg0) :count=
    (lvar :t0))
  (lvar :t0))
BASETYPE: Integer
SIZE WORK_LIST: 32
SIZE generated: 2
EVALUABLE#: 0

-------------------------

----------------
TTYPES
Integer
Integer

PROGS

LOCAL_COUNT: 28
GLOBAL_COUNT: 28

BASE_AFTER:
(begin
  (send
    (lvar :arg0) :count=
    (int 0))
  (int 1))
BASETYPE: Integer
SIZE WORK_LIST: 33
SIZE generated: 2
EVALUABLE#: 0

-------------------------

----------------
TTYPES
Integer
Integer

PROGS

LOCAL_COUNT: 29
GLOBAL_COUNT: 29

BASE_AFTER:
(begin
  (send
    (lvar :arg0) :count=
    (int 1))
  (int 1))
BASETYPE: Integer
SIZE WORK_LIST: 34
SIZE generated: 2
EVALUABLE#: 0

-------------------------

----------------
TTYPES
Integer
Integer

PROGS

LOCAL_COUNT: 30
GLOBAL_COUNT: 30

BASE_AFTER:
(begin
  (lvasgn :t0
    (int 1))
  (send
    (lvar :arg0) :count=
    (lvar :t0))
  (lvar :t0))
BASETYPE: Integer
SIZE WORK_LIST: 35
SIZE generated: 2
EVALUABLE#: 0

-------------------------

----------------
TTYPES
Integer
Integer

PROGS

LOCAL_COUNT: 31
GLOBAL_COUNT: 31

BASE_AFTER:
(begin
  (send
    (lvar :arg0) :count=
    (int 0))
  (int 2))
BASETYPE: Integer
SIZE WORK_LIST: 36
SIZE generated: 2
EVALUABLE#: 0

-------------------------

----------------
TTYPES
Integer
Integer

PROGS

LOCAL_COUNT: 32
GLOBAL_COUNT: 32

BASE_AFTER:
(begin
  (send
    (lvar :arg0) :count=
    (int 1))
  (int 2))
BASETYPE: Integer
SIZE WORK_LIST: 37
SIZE generated: 2
EVALUABLE#: 0

-------------------------

----------------
TTYPES
String
String

PROGS

LOCAL_COUNT: 33
GLOBAL_COUNT: 33

BASE_AFTER:
(begin
  (send
    (lvar :arg0) :count=
    (int 0))
  (str ""))
BASETYPE: String
SIZE WORK_LIST: 38
SIZE generated: 2
EVALUABLE#: 0

-------------------------

----------------
TTYPES
String
String

PROGS

LOCAL_COUNT: 34
GLOBAL_COUNT: 34

BASE_AFTER:
(begin
  (send
    (lvar :arg0) :count=
    (int 1))
  (str ""))
BASETYPE: String
SIZE WORK_LIST: 39
SIZE generated: 2
EVALUABLE#: 0

-------------------------

----------------
TTYPES
Integer
Integer
Integer
Integer
Integer
Integer
Integer
Integer
%bot

PROGS

LOCAL_COUNT: 35
GLOBAL_COUNT: 35

BASE_AFTER:
(filled-hole
  (begin
    (send
      (send
        (hole 0 {:hash_depth=>0, :limit_depth=>true, :recv=>true}) :id=
        (hole 0 {:hash_depth=>0, :method_arg=>true})) :-
      (hole 0 {:hash_depth=>0, :method_arg=>true})))
  (begin
    (send
      (send
        (hole 0 {:hash_depth=>0, :limit_depth=>true, :recv=>true}) :id=
        (hole 0 {:hash_depth=>0, :method_arg=>true})) :-
      (hole 0 {:hash_depth=>0, :method_arg=>true})))
  (begin
    (send
      (send
        (hole 0 {:hash_depth=>0, :limit_depth=>true, :recv=>true}) :id=
        (hole 0 {:hash_depth=>0, :method_arg=>true})) :count))
  (begin
    (send
      (send
        (hole 0 {:hash_depth=>0, :limit_depth=>true, :recv=>true}) :id) :-
      (hole 0 {:hash_depth=>0, :method_arg=>true})))
  (begin
    (send
      (send
        (hole 0 {:hash_depth=>0, :limit_depth=>true, :recv=>true}) :id) :-
      (hole 0 {:hash_depth=>0, :method_arg=>true})))
  (begin
    (send
      (send
        (hole 0 {:hash_depth=>0, :limit_depth=>true, :recv=>true}) :id) :count))
  (begin
    (send
      (send
        (hole 0 {:hash_depth=>0, :limit_depth=>true, :recv=>true}) :token=
        (hole 0 {:hash_depth=>0, :method_arg=>true})) :count))
  (begin
    (send
      (send
        (hole 0 {:hash_depth=>0, :limit_depth=>true, :recv=>true}) :token=
        (hole 0 {:hash_depth=>0, :method_arg=>true})) :-
      (hole 0 {:hash_depth=>0, :method_arg=>true})))
  (begin
    (send
      (send
        (hole 0 {:hash_depth=>0, :limit_depth=>true, :recv=>true}) :token) :count))
  (begin
    (send
      (send
        (hole 0 {:hash_depth=>0, :limit_depth=>true, :recv=>true}) :token) :-
      (hole 0 {:hash_depth=>0, :method_arg=>true})))
  (begin
    (send
      (send
        (hole 0 {:hash_depth=>0, :limit_depth=>true, :recv=>true}) :diaspora_user_id=
        (hole 0 {:hash_depth=>0, :method_arg=>true})) :-
      (hole 0 {:hash_depth=>0, :method_arg=>true})))
  (begin
    (send
      (send
        (hole 0 {:hash_depth=>0, :limit_depth=>true, :recv=>true}) :diaspora_user_id=
        (hole 0 {:hash_depth=>0, :method_arg=>true})) :-
      (hole 0 {:hash_depth=>0, :method_arg=>true})))
  (begin
    (send
      (send
        (hole 0 {:hash_depth=>0, :limit_depth=>true, :recv=>true}) :diaspora_user_id=
        (hole 0 {:hash_depth=>0, :method_arg=>true})) :count))
  (begin
    (send
      (send
        (hole 0 {:hash_depth=>0, :limit_depth=>true, :recv=>true}) :diaspora_user_id) :-
      (hole 0 {:hash_depth=>0, :method_arg=>true})))
  (begin
    (send
      (send
        (hole 0 {:hash_depth=>0, :limit_depth=>true, :recv=>true}) :diaspora_user_id) :-
      (hole 0 {:hash_depth=>0, :method_arg=>true})))
  (begin
    (send
      (send
        (hole 0 {:hash_depth=>0, :limit_depth=>true, :recv=>true}) :diaspora_user_id) :count))
  (begin
    (send
      (send
        (hole 0 {:hash_depth=>0, :limit_depth=>true, :recv=>true}) :count=
        (hole 0 {:hash_depth=>0, :method_arg=>true})) :-
      (hole 0 {:hash_depth=>0, :method_arg=>true})))
  (begin
    (send
      (send
        (hole 0 {:hash_depth=>0, :limit_depth=>true, :recv=>true}) :count=
        (hole 0 {:hash_depth=>0, :method_arg=>true})) :-
      (hole 0 {:hash_depth=>0, :method_arg=>true})))
  (begin
    (send
      (send
        (hole 0 {:hash_depth=>0, :limit_depth=>true, :recv=>true}) :count=
        (hole 0 {:hash_depth=>0, :method_arg=>true})) :count))
  (begin
    (send
      (begin
        (send
          (hole 0 {:hash_depth=>0, :limit_depth=>true, :recv=>true}) :count)) :-
      (hole 0 {:hash_depth=>0, :method_arg=>true})))
  (begin
    (send
      (begin
        (send
          (hole 0 {:hash_depth=>0, :limit_depth=>true, :recv=>true}) :count)) :-
      (hole 0 {:hash_depth=>0, :method_arg=>true})))
  (begin
    (send
      (begin
        (send
          (hole 0 {:hash_depth=>0, :limit_depth=>true, :recv=>true}) :count)) :count))
  (begin
    (send
      (send
        (hole 0 {:hash_depth=>0, :limit_depth=>true, :recv=>true}) :diaspora_user) :count))
  (begin
    (send
      (send
        (hole 0 {:hash_depth=>0, :limit_depth=>true, :recv=>true}) :diaspora_user) :-
      (hole 0 {:hash_depth=>0, :method_arg=>true})))
  (begin
    (send
      (send
        (hole 0 {:hash_depth=>0, :limit_depth=>true, :recv=>true}) :diaspora_user=
        (hole 0 {:hash_depth=>0, :method_arg=>true})) :count))
  (begin
    (send
      (send
        (hole 0 {:hash_depth=>0, :limit_depth=>true, :recv=>true}) :diaspora_user=
        (hole 0 {:hash_depth=>0, :method_arg=>true})) :-
      (hole 0 {:hash_depth=>0, :method_arg=>true})))
  (begin
    (send
      (begin
        (send
          (hole 0 {:hash_depth=>0, :limit_depth=>true, :recv=>true}) :-
          (hole 0 {:hash_depth=>0, :method_arg=>true}))) :-
      (hole 0 {:hash_depth=>0, :method_arg=>true})))
  (begin
    (send
      (begin
        (send
          (hole 0 {:hash_depth=>0, :limit_depth=>true, :recv=>true}) :-
          (hole 0 {:hash_depth=>0, :method_arg=>true}))) :-
      (hole 0 {:hash_depth=>0, :method_arg=>true})))
  (begin
    (send
      (begin
        (send
          (hole 0 {:hash_depth=>0, :limit_depth=>true, :recv=>true}) :save)) :count))
  (begin
    (send
      (begin
        (send
          (hole 0 {:hash_depth=>0, :limit_depth=>true, :recv=>true}) :save)) :-
      (hole 0 {:hash_depth=>0, :method_arg=>true})))
  (begin
    (send
      (begin
        (send
          (hole 0 {:hash_depth=>0, :limit_depth=>true, :recv=>true}) :count)) :-
      (hole 0 {:hash_depth=>0, :method_arg=>true})))
  (begin
    (send
      (begin
        (send
          (hole 0 {:hash_depth=>0, :limit_depth=>true, :recv=>true}) :count)) :-
      (hole 0 {:hash_depth=>0, :method_arg=>true})))
  (begin
    (send
      (begin
        (send
          (hole 0 {:hash_depth=>0, :limit_depth=>true, :recv=>true}) :-
          (hole 0 {:hash_depth=>0, :method_arg=>true}))) :-
      (hole 0 {:hash_depth=>0, :method_arg=>true})))
  (begin
    (send
      (begin
        (send
          (hole 0 {:hash_depth=>0, :limit_depth=>true, :recv=>true}) :-
          (hole 0 {:hash_depth=>0, :method_arg=>true}))) :-
      (hole 0 {:hash_depth=>0, :method_arg=>true})))
  (begin
    (send
      (begin
        (send
          (hole 0 {:hash_depth=>0, :limit_depth=>true, :recv=>true}) :save)) :count))
  (begin
    (send
      (begin
        (send
          (hole 0 {:hash_depth=>0, :limit_depth=>true, :recv=>true}) :save)) :-
      (hole 0 {:hash_depth=>0, :method_arg=>true})))
  (hole 3 {:hash_depth=>0, :method_arg=>false, :variance=>:-}) {:method_arg=>false})
BASETYPE: %bot
SIZE WORK_LIST: 40
SIZE generated: 9
EVALUABLE#: 0

-------------------------

----------------
TTYPES
Integer
Integer
Integer
Integer
Integer
Integer
Integer
Integer
Integer
Integer
Integer
Integer
Integer
Integer
Integer
Integer
Integer
Integer
Integer
Integer
Integer
Integer
Integer
Integer
Integer
Integer
Integer
Integer
Integer
Integer
Integer
Integer
Integer
Integer
Integer
Integer

PROGS

LOCAL_COUNT: 36
GLOBAL_COUNT: 36

BASE_AFTER:
(begin
  (send
    (begin
      (send
        (filled-hole
          (lvar InvitationCode(id: integer, token: string, diaspora_user_id: integer, count: integer)) {:method_arg=>false}) :-
        (filled-hole
          (lvar :arg0)
          (lvar InvitationCode(id: integer, token: string, diaspora_user_id: integer, count: integer))
          (true)
          (false)
          (int 0)
          (int 1)
          (int 2)
          (str "")
          (hole 1 {:hash_depth=>0, :method_arg=>true, :variance=>:+}) {:method_arg=>true}))) :-
    (filled-hole
      (int 0)
      (int 1)
      (int 2)
      (hole 1 {:hash_depth=>0, :method_arg=>true, :variance=>:+}) {:method_arg=>true})))
BASETYPE: Integer
SIZE WORK_LIST: 48
SIZE generated: 36
EVALUABLE#: 24

-------------------------

----------------
TTYPES
Integer
Integer
Integer
Integer

PROGS

LOCAL_COUNT: 37
GLOBAL_COUNT: 37

BASE_AFTER:
(begin
  (send
    (begin
      (send
        (filled-hole
          (lvar InvitationCode(id: integer, token: string, diaspora_user_id: integer, count: integer)) {:method_arg=>false}) :count)) :-
    (filled-hole
      (int 0)
      (int 1)
      (int 2)
      (hole 1 {:hash_depth=>0, :method_arg=>true, :variance=>:+}) {:method_arg=>true})))
BASETYPE: Integer
SIZE WORK_LIST: 59
SIZE generated: 4
EVALUABLE#: 3

-------------------------

----------------
TTYPES
true or false
true or false
true or false
true or false
true or false
true or false
true or false
true or false
true or false
true or false
true or false

PROGS

LOCAL_COUNT: 38
GLOBAL_COUNT: 38

BASE_AFTER:
(begin
  (send
    (lvar :arg0) :count=
    (hole 1 {:hash_depth=>0, :method_arg=>true, :variance=>:+}))
  (true))
BASETYPE: true or false
SIZE WORK_LIST: 62
SIZE generated: 11
EVALUABLE#: 0

-------------------------

----------------
TTYPES
Integer
Integer

PROGS

LOCAL_COUNT: 39
GLOBAL_COUNT: 39

BASE_AFTER:
(begin
  (send
    (begin
      (send
        (lvar InvitationCode(id: integer, token: string, diaspora_user_id: integer, count: integer)) :count)) :-
    (int 0)))
BASETYPE: Integer
SIZE WORK_LIST: 72
SIZE generated: 2
EVALUABLE#: 0

-------------------------

----------------
TTYPES
Integer
Integer

PROGS

LOCAL_COUNT: 40
GLOBAL_COUNT: 40

BASE_AFTER:
(begin
  (send
    (begin
      (send
        (lvar InvitationCode(id: integer, token: string, diaspora_user_id: integer, count: integer)) :count)) :-
    (int 1)))
BASETYPE: Integer
SIZE WORK_LIST: 73
SIZE generated: 2
EVALUABLE#: 0

-------------------------

----------------
TTYPES
Integer
Integer

PROGS

LOCAL_COUNT: 41
GLOBAL_COUNT: 41

BASE_AFTER:
(begin
  (send
    (begin
      (send
        (lvar InvitationCode(id: integer, token: string, diaspora_user_id: integer, count: integer)) :count)) :-
    (int 2)))
BASETYPE: Integer
SIZE WORK_LIST: 74
SIZE generated: 2
EVALUABLE#: 0

-------------------------

----------------
TTYPES
true or false
true or false
true or false
true or false
true or false
true or false
true or false
true or false
true or false
true or false

PROGS

LOCAL_COUNT: 42
GLOBAL_COUNT: 42

BASE_AFTER:
(begin
  (send
    (lvar :arg0) :count=
    (begin
      (send
        (hole 0 {:hash_depth=>0, :limit_depth=>true, :recv=>true}) :-
        (hole 0 {:hash_depth=>0, :method_arg=>true}))))
  (true))
BASETYPE: true or false
SIZE WORK_LIST: 75
SIZE generated: 10
EVALUABLE#: 9

-------------------------

----------------
TTYPES
true or false

PROGS

LOCAL_COUNT: 43
GLOBAL_COUNT: 43

BASE_AFTER:
(begin
  (send
    (lvar :arg0) :count=
    (begin
      (send
        (hole 0 {:hash_depth=>0, :limit_depth=>true, :recv=>true}) :count)))
  (true))
BASETYPE: true or false
SIZE WORK_LIST: 75
SIZE generated: 1
EVALUABLE#: 1

-------------------------

----------------
TTYPES
true or false
true or false
true or false
true or false
true or false
true or false

PROGS

LOCAL_COUNT: 44
GLOBAL_COUNT: 44

BASE_AFTER:
(begin
  (send
    (lvar :arg0) :diaspora_user=
    (hole 1 {:hash_depth=>0, :method_arg=>true, :variance=>:+}))
  (true))
BASETYPE: true or false
SIZE WORK_LIST: 75
SIZE generated: 6
EVALUABLE#: 0

-------------------------

----------------
TTYPES
true or false
true or false

PROGS

LOCAL_COUNT: 45
GLOBAL_COUNT: 45

BASE_AFTER:
(begin
  (send
    (lvar :arg0) :count=
    (begin
      (send
        (lvar InvitationCode(id: integer, token: string, diaspora_user_id: integer, count: integer)) :count)))
  (true))
BASETYPE: true or false
SIZE WORK_LIST: 80
SIZE generated: 2
EVALUABLE#: 0

-------------------------

----------------
TTYPES
true or false

PROGS

LOCAL_COUNT: 46
GLOBAL_COUNT: 46

BASE_AFTER:
(begin
  (send
    (lvar :arg0) :diaspora_user=
    (begin
      (send
        (hole 0 {:hash_depth=>0, :limit_depth=>true, :recv=>true}) :count)))
  (true))
BASETYPE: true or false
SIZE WORK_LIST: 81
SIZE generated: 1
EVALUABLE#: 1

-------------------------

----------------
TTYPES
true or false
true or false
true or false
true or false
true or false
true or false
true or false
true or false
true or false
true or false
true or false

PROGS

LOCAL_COUNT: 47
GLOBAL_COUNT: 47

BASE_AFTER:
(begin
  (send
    (lvar :arg0) :count=
    (hole 1 {:hash_depth=>0, :method_arg=>true, :variance=>:+}))
  (false))
BASETYPE: true or false
SIZE WORK_LIST: 80
SIZE generated: 11
EVALUABLE#: 0

-------------------------

----------------
TTYPES
true or false

PROGS

LOCAL_COUNT: 48
GLOBAL_COUNT: 48

BASE_AFTER:
(begin
  (send
    (lvar :arg0) :count=
    (begin
      (send
        (hole 0 {:hash_depth=>0, :limit_depth=>true, :recv=>true}) :count)))
  (false))
BASETYPE: true or false
SIZE WORK_LIST: 90
SIZE generated: 1
EVALUABLE#: 1

-------------------------

----------------
TTYPES
true or false
true or false
true or false
true or false
true or false
true or false

PROGS

LOCAL_COUNT: 49
GLOBAL_COUNT: 49

BASE_AFTER:
(begin
  (send
    (lvar :arg0) :diaspora_user=
    (hole 1 {:hash_depth=>0, :method_arg=>true, :variance=>:+}))
  (false))
BASETYPE: true or false
SIZE WORK_LIST: 90
SIZE generated: 6
EVALUABLE#: 0

-------------------------

----------------
TTYPES
true or false
true or false

PROGS

LOCAL_COUNT: 50
GLOBAL_COUNT: 50

BASE_AFTER:
(begin
  (send
    (lvar :arg0) :count=
    (begin
      (send
        (lvar InvitationCode(id: integer, token: string, diaspora_user_id: integer, count: integer)) :count)))
  (false))
BASETYPE: true or false
SIZE WORK_LIST: 95
SIZE generated: 2
EVALUABLE#: 0

-------------------------

----------------
TTYPES
true or false

PROGS

LOCAL_COUNT: 51
GLOBAL_COUNT: 51

BASE_AFTER:
(begin
  (send
    (lvar :arg0) :diaspora_user=
    (begin
      (send
        (hole 0 {:hash_depth=>0, :limit_depth=>true, :recv=>true}) :count)))
  (false))
BASETYPE: true or false
SIZE WORK_LIST: 96
SIZE generated: 1
EVALUABLE#: 1

-------------------------

----------------
TTYPES
Integer
Integer
Integer
Integer
Integer
Integer
Integer
Integer
Integer
Integer
Integer

PROGS

LOCAL_COUNT: 52
GLOBAL_COUNT: 52

BASE_AFTER:
(begin
  (send
    (lvar :arg0) :count=
    (hole 1 {:hash_depth=>0, :method_arg=>true, :variance=>:+}))
  (int 0))
BASETYPE: Integer
SIZE WORK_LIST: 95
SIZE generated: 11
EVALUABLE#: 0

-------------------------

----------------
TTYPES
Integer

PROGS

LOCAL_COUNT: 53
GLOBAL_COUNT: 53

BASE_AFTER:
(begin
  (send
    (lvar :arg0) :count=
    (begin
      (send
        (hole 0 {:hash_depth=>0, :limit_depth=>true, :recv=>true}) :count)))
  (int 0))
BASETYPE: Integer
SIZE WORK_LIST: 105
SIZE generated: 1
EVALUABLE#: 1

-------------------------

----------------
TTYPES
Integer
Integer
Integer
Integer
Integer
Integer

PROGS

LOCAL_COUNT: 54
GLOBAL_COUNT: 54

BASE_AFTER:
(begin
  (send
    (lvar :arg0) :diaspora_user=
    (hole 1 {:hash_depth=>0, :method_arg=>true, :variance=>:+}))
  (int 0))
BASETYPE: Integer
SIZE WORK_LIST: 105
SIZE generated: 6
EVALUABLE#: 0

-------------------------

----------------
TTYPES
Integer
Integer

PROGS

LOCAL_COUNT: 55
GLOBAL_COUNT: 55

BASE_AFTER:
(begin
  (send
    (lvar :arg0) :count=
    (begin
      (send
        (lvar InvitationCode(id: integer, token: string, diaspora_user_id: integer, count: integer)) :count)))
  (int 0))
BASETYPE: Integer
SIZE WORK_LIST: 110
SIZE generated: 2
EVALUABLE#: 0

-------------------------

----------------
TTYPES
Integer

PROGS

LOCAL_COUNT: 56
GLOBAL_COUNT: 56

BASE_AFTER:
(begin
  (send
    (lvar :arg0) :diaspora_user=
    (begin
      (send
        (hole 0 {:hash_depth=>0, :limit_depth=>true, :recv=>true}) :count)))
  (int 0))
BASETYPE: Integer
SIZE WORK_LIST: 111
SIZE generated: 1
EVALUABLE#: 1

-------------------------

----------------
TTYPES
Integer
Integer
Integer
Integer
Integer
Integer
Integer
Integer
Integer
Integer
Integer

PROGS

LOCAL_COUNT: 57
GLOBAL_COUNT: 57

BASE_AFTER:
(begin
  (send
    (lvar :arg0) :count=
    (hole 1 {:hash_depth=>0, :method_arg=>true, :variance=>:+}))
  (int 1))
BASETYPE: Integer
SIZE WORK_LIST: 110
SIZE generated: 11
EVALUABLE#: 0

-------------------------

----------------
TTYPES
Integer

PROGS

LOCAL_COUNT: 58
GLOBAL_COUNT: 58

BASE_AFTER:
(begin
  (send
    (lvar :arg0) :count=
    (begin
      (send
        (hole 0 {:hash_depth=>0, :limit_depth=>true, :recv=>true}) :count)))
  (int 1))
BASETYPE: Integer
SIZE WORK_LIST: 120
SIZE generated: 1
EVALUABLE#: 1

-------------------------

----------------
TTYPES
Integer
Integer
Integer
Integer
Integer
Integer

PROGS

LOCAL_COUNT: 59
GLOBAL_COUNT: 59

BASE_AFTER:
(begin
  (send
    (lvar :arg0) :diaspora_user=
    (hole 1 {:hash_depth=>0, :method_arg=>true, :variance=>:+}))
  (int 1))
BASETYPE: Integer
SIZE WORK_LIST: 120
SIZE generated: 6
EVALUABLE#: 0

-------------------------

----------------
TTYPES
Integer
Integer

PROGS

LOCAL_COUNT: 60
GLOBAL_COUNT: 60

BASE_AFTER:
(begin
  (send
    (lvar :arg0) :count=
    (begin
      (send
        (lvar InvitationCode(id: integer, token: string, diaspora_user_id: integer, count: integer)) :count)))
  (int 1))
BASETYPE: Integer
SIZE WORK_LIST: 125
SIZE generated: 2
EVALUABLE#: 0

-------------------------

----------------
TTYPES
true or false
true or false
Integer
Integer
Integer
String
%bot

PROGS

LOCAL_COUNT: 1
GLOBAL_COUNT: 61

BASE_AFTER:
(filled-hole
  (true)
  (false)
  (int 0)
  (int 1)
  (int 2)
  (str "")
  (hole 1 {:hash_depth=>0, :method_arg=>false, :variance=>:-}) {:method_arg=>false})
BASETYPE: %bot
SIZE WORK_LIST: 0
SIZE generated: 7
EVALUABLE#: 6

-------------------------

----------------
TTYPES
true or false
true or false

PROGS

LOCAL_COUNT: 2
GLOBAL_COUNT: 62

BASE_AFTER:
(true)
BASETYPE: true or false
SIZE WORK_LIST: 6
SIZE generated: 2
EVALUABLE#: 0

-------------------------

----------------
TTYPES
true or false
true or false

PROGS

LOCAL_COUNT: 3
GLOBAL_COUNT: 63

BASE_AFTER:
(false)
BASETYPE: true or false
SIZE WORK_LIST: 7
SIZE generated: 2
EVALUABLE#: 0

-------------------------

----------------
TTYPES
Integer
Integer

PROGS

LOCAL_COUNT: 4
GLOBAL_COUNT: 64

BASE_AFTER:
(int 0)
BASETYPE: Integer
SIZE WORK_LIST: 8
SIZE generated: 2
EVALUABLE#: 0

-------------------------

----------------
TTYPES
Integer
Integer

PROGS

LOCAL_COUNT: 5
GLOBAL_COUNT: 65

BASE_AFTER:
(int 1)
BASETYPE: Integer
SIZE WORK_LIST: 9
SIZE generated: 2
EVALUABLE#: 0

-------------------------

----------------
TTYPES
Integer
Integer

PROGS

LOCAL_COUNT: 6
GLOBAL_COUNT: 66

BASE_AFTER:
(int 2)
BASETYPE: Integer
SIZE WORK_LIST: 10
SIZE generated: 2
EVALUABLE#: 0

-------------------------

----------------
TTYPES
String
String

PROGS

LOCAL_COUNT: 7
GLOBAL_COUNT: 67

BASE_AFTER:
(str "")
BASETYPE: String
SIZE WORK_LIST: 11
SIZE generated: 2
EVALUABLE#: 0

-------------------------

----------------
TTYPES
%bot

PROGS

LOCAL_COUNT: 8
GLOBAL_COUNT: 68

BASE_AFTER:
(filled-hole
  (hole 2 {:hash_depth=>0, :method_arg=>false, :variance=>:-}) {:method_arg=>false})
BASETYPE: %bot
SIZE WORK_LIST: 12
SIZE generated: 1
EVALUABLE#: 0

-------------------------

----------------
TTYPES
true or false
true or false
true or false
true or false

PROGS

LOCAL_COUNT: 9
GLOBAL_COUNT: 69

BASE_AFTER:
(begin
  (send
    (hole 0 {:hash_depth=>0, :limit_depth=>true, :recv=>true}) :count=
    (hole 0 {:hash_depth=>0, :method_arg=>true}))
  (true))
BASETYPE: true or false
SIZE WORK_LIST: 12
SIZE generated: 4
EVALUABLE#: 3

-------------------------

----------------
TTYPES
true or false

PROGS

LOCAL_COUNT: 1
GLOBAL_COUNT: 70

BASE_AFTER:
(filled-hole
  (hole 1 {:hash_depth=>0, :method_arg=>false, :variance=>:+}) {:method_arg=>false})
BASETYPE: true or false
SIZE WORK_LIST: 0
SIZE generated: 1
EVALUABLE#: 0

-------------------------

----------------
TTYPES
true or false
true or false

PROGS

LOCAL_COUNT: 2
GLOBAL_COUNT: 71

BASE_AFTER:
(filled-hole
  (begin
    (send
      (hole 0 {:hash_depth=>0, :limit_depth=>true, :recv=>true}) :-
      (hole 0 {:hash_depth=>0, :method_arg=>true})))
  (begin
    (send
      (hole 0 {:hash_depth=>0, :limit_depth=>true, :recv=>true}) :save))
  (begin
    (send
      (hole 0 {:hash_depth=>0, :limit_depth=>true, :recv=>true}) :count))
  (begin
    (send
      (hole 0 {:hash_depth=>0, :limit_depth=>true, :recv=>true}) :-
      (hole 0 {:hash_depth=>0, :method_arg=>true})))
  (begin
    (send
      (hole 0 {:hash_depth=>0, :limit_depth=>true, :recv=>true}) :save))
  (hole 2 {:hash_depth=>0, :method_arg=>false, :variance=>:+}) {:method_arg=>false})
BASETYPE: true or false
SIZE WORK_LIST: 0
SIZE generated: 2
EVALUABLE#: 0

-------------------------

----------------
TTYPES
true or false

PROGS

LOCAL_COUNT: 3
GLOBAL_COUNT: 72

BASE_AFTER:
(begin
  (send
    (filled-hole
      (lvar InvitationCode(id: integer, token: string, diaspora_user_id: integer, count: integer)) {:method_arg=>false}) :save))
BASETYPE: true or false
SIZE WORK_LIST: 1
SIZE generated: 1
EVALUABLE#: 1

-------------------------

----------------
TTYPES
true or false
true or false
Integer
Integer
Integer
String
%bot

PROGS

LOCAL_COUNT: 1
GLOBAL_COUNT: 1

BASE_AFTER:
(filled-hole
  (true)
  (false)
  (int 0)
  (int 1)
  (int 2)
  (str "")
  (hole 1 {:hash_depth=>0, :method_arg=>false, :variance=>:-}) {:method_arg=>false})
BASETYPE: %bot
SIZE WORK_LIST: 0
SIZE generated: 7
EVALUABLE#: 6

-------------------------

----------------
TTYPES
true or false
true or false

PROGS

LOCAL_COUNT: 2
GLOBAL_COUNT: 2

BASE_AFTER:
(true)
BASETYPE: true or false
SIZE WORK_LIST: 6
SIZE generated: 2
EVALUABLE#: 0

-------------------------

----------------
TTYPES
true or false
true or false

PROGS

LOCAL_COUNT: 3
GLOBAL_COUNT: 3

BASE_AFTER:
(false)
BASETYPE: true or false
SIZE WORK_LIST: 7
SIZE generated: 2
EVALUABLE#: 0

-------------------------

----------------
TTYPES
Integer
Integer

PROGS

LOCAL_COUNT: 4
GLOBAL_COUNT: 4

BASE_AFTER:
(int 0)
BASETYPE: Integer
SIZE WORK_LIST: 8
SIZE generated: 2
EVALUABLE#: 0

-------------------------

----------------
TTYPES
Integer
Integer

PROGS

LOCAL_COUNT: 5
GLOBAL_COUNT: 5

BASE_AFTER:
(int 1)
BASETYPE: Integer
SIZE WORK_LIST: 9
SIZE generated: 2
EVALUABLE#: 0

-------------------------

----------------
TTYPES
Integer
Integer

PROGS

LOCAL_COUNT: 6
GLOBAL_COUNT: 6

BASE_AFTER:
(int 2)
BASETYPE: Integer
SIZE WORK_LIST: 10
SIZE generated: 2
EVALUABLE#: 0

-------------------------

----------------
TTYPES
String
String

PROGS

LOCAL_COUNT: 7
GLOBAL_COUNT: 7

BASE_AFTER:
(str "")
BASETYPE: String
SIZE WORK_LIST: 11
SIZE generated: 2
EVALUABLE#: 0

-------------------------

----------------
TTYPES
%bot

PROGS

LOCAL_COUNT: 8
GLOBAL_COUNT: 8

BASE_AFTER:
(filled-hole
  (begin
    (send
      (hole 0 {:hash_depth=>0, :limit_depth=>true, :recv=>true}) :-
      (hole 0 {:hash_depth=>0, :method_arg=>true})))
  (begin
    (send
      (hole 0 {:hash_depth=>0, :limit_depth=>true, :recv=>true}) :count))
  (begin
    (send
      (hole 0 {:hash_depth=>0, :limit_depth=>true, :recv=>true}) :-
      (hole 0 {:hash_depth=>0, :method_arg=>true})))
  (hole 2 {:hash_depth=>0, :method_arg=>false, :variance=>:-}) {:method_arg=>false})
BASETYPE: %bot
SIZE WORK_LIST: 12
SIZE generated: 1
EVALUABLE#: 0

-------------------------

----------------
TTYPES
true or false
true or false
true or false
true or false

PROGS

LOCAL_COUNT: 9
GLOBAL_COUNT: 9

BASE_AFTER:
(begin
  (send
    (hole 0 {:hash_depth=>0, :limit_depth=>true, :recv=>true}) :count=
    (hole 0 {:hash_depth=>0, :method_arg=>true}))
  (true))
BASETYPE: true or false
SIZE WORK_LIST: 12
SIZE generated: 4
EVALUABLE#: 3

-------------------------

----------------
TTYPES
true or false

PROGS

LOCAL_COUNT: 10
GLOBAL_COUNT: 10

BASE_AFTER:
(begin
  (send
    (hole 0 {:hash_depth=>0, :limit_depth=>true, :recv=>true}) :diaspora_user=
    (hole 0 {:hash_depth=>0, :method_arg=>true}))
  (true))
BASETYPE: true or false
SIZE WORK_LIST: 14
SIZE generated: 1
EVALUABLE#: 0

-------------------------

----------------
TTYPES
true or false
true or false
true or false
true or false

PROGS

LOCAL_COUNT: 11
GLOBAL_COUNT: 11

BASE_AFTER:
(begin
  (send
    (hole 0 {:hash_depth=>0, :limit_depth=>true, :recv=>true}) :count=
    (hole 0 {:hash_depth=>0, :method_arg=>true}))
  (false))
BASETYPE: true or false
SIZE WORK_LIST: 14
SIZE generated: 4
EVALUABLE#: 3

-------------------------

----------------
TTYPES
true or false

PROGS

LOCAL_COUNT: 12
GLOBAL_COUNT: 12

BASE_AFTER:
(begin
  (send
    (hole 0 {:hash_depth=>0, :limit_depth=>true, :recv=>true}) :diaspora_user=
    (hole 0 {:hash_depth=>0, :method_arg=>true}))
  (false))
BASETYPE: true or false
SIZE WORK_LIST: 16
SIZE generated: 1
EVALUABLE#: 0

-------------------------

----------------
TTYPES
Integer
Integer
Integer
Integer
Integer

PROGS

LOCAL_COUNT: 13
GLOBAL_COUNT: 13

BASE_AFTER:
(begin
  (send
    (hole 0 {:hash_depth=>0, :limit_depth=>true, :recv=>true}) :count=
    (hole 0 {:hash_depth=>0, :method_arg=>true}))
  (int 0))
BASETYPE: Integer
SIZE WORK_LIST: 16
SIZE generated: 5
EVALUABLE#: 4

-------------------------

----------------
TTYPES
Integer

PROGS

LOCAL_COUNT: 14
GLOBAL_COUNT: 14

BASE_AFTER:
(begin
  (send
    (hole 0 {:hash_depth=>0, :limit_depth=>true, :recv=>true}) :diaspora_user=
    (hole 0 {:hash_depth=>0, :method_arg=>true}))
  (int 0))
BASETYPE: Integer
SIZE WORK_LIST: 19
SIZE generated: 1
EVALUABLE#: 0

-------------------------

----------------
TTYPES
Integer
Integer
Integer
Integer
Integer

PROGS

LOCAL_COUNT: 15
GLOBAL_COUNT: 15

BASE_AFTER:
(begin
  (send
    (hole 0 {:hash_depth=>0, :limit_depth=>true, :recv=>true}) :count=
    (hole 0 {:hash_depth=>0, :method_arg=>true}))
  (int 1))
BASETYPE: Integer
SIZE WORK_LIST: 19
SIZE generated: 5
EVALUABLE#: 4

-------------------------

----------------
TTYPES
Integer

PROGS

LOCAL_COUNT: 16
GLOBAL_COUNT: 16

BASE_AFTER:
(begin
  (send
    (hole 0 {:hash_depth=>0, :limit_depth=>true, :recv=>true}) :diaspora_user=
    (hole 0 {:hash_depth=>0, :method_arg=>true}))
  (int 1))
BASETYPE: Integer
SIZE WORK_LIST: 22
SIZE generated: 1
EVALUABLE#: 0

-------------------------

----------------
TTYPES
Integer
Integer
Integer
Integer
Integer

PROGS

LOCAL_COUNT: 17
GLOBAL_COUNT: 17

BASE_AFTER:
(begin
  (send
    (hole 0 {:hash_depth=>0, :limit_depth=>true, :recv=>true}) :count=
    (hole 0 {:hash_depth=>0, :method_arg=>true}))
  (int 2))
BASETYPE: Integer
SIZE WORK_LIST: 22
SIZE generated: 5
EVALUABLE#: 4

-------------------------

----------------
TTYPES
Integer

PROGS

LOCAL_COUNT: 18
GLOBAL_COUNT: 18

BASE_AFTER:
(begin
  (send
    (hole 0 {:hash_depth=>0, :limit_depth=>true, :recv=>true}) :diaspora_user=
    (hole 0 {:hash_depth=>0, :method_arg=>true}))
  (int 2))
BASETYPE: Integer
SIZE WORK_LIST: 24
SIZE generated: 1
EVALUABLE#: 0

-------------------------

----------------
TTYPES
String
String
String
String

PROGS

LOCAL_COUNT: 19
GLOBAL_COUNT: 19

BASE_AFTER:
(begin
  (send
    (hole 0 {:hash_depth=>0, :limit_depth=>true, :recv=>true}) :count=
    (hole 0 {:hash_depth=>0, :method_arg=>true}))
  (str ""))
BASETYPE: String
SIZE WORK_LIST: 24
SIZE generated: 4
EVALUABLE#: 3

-------------------------

----------------
TTYPES
String

PROGS

LOCAL_COUNT: 20
GLOBAL_COUNT: 20

BASE_AFTER:
(begin
  (send
    (hole 0 {:hash_depth=>0, :limit_depth=>true, :recv=>true}) :diaspora_user=
    (hole 0 {:hash_depth=>0, :method_arg=>true}))
  (str ""))
BASETYPE: String
SIZE WORK_LIST: 26
SIZE generated: 1
EVALUABLE#: 0

-------------------------

----------------
TTYPES
true or false
true or false

PROGS

LOCAL_COUNT: 21
GLOBAL_COUNT: 21

BASE_AFTER:
(begin
  (send
    (lvar :arg0) :count=
    (int 0))
  (true))
BASETYPE: true or false
SIZE WORK_LIST: 26
SIZE generated: 2
EVALUABLE#: 0

-------------------------

----------------
TTYPES
true or false
true or false

PROGS

LOCAL_COUNT: 22
GLOBAL_COUNT: 22

BASE_AFTER:
(begin
  (send
    (lvar :arg0) :count=
    (int 1))
  (true))
BASETYPE: true or false
SIZE WORK_LIST: 27
SIZE generated: 2
EVALUABLE#: 0

-------------------------

----------------
TTYPES
true or false
true or false

PROGS

LOCAL_COUNT: 23
GLOBAL_COUNT: 23

BASE_AFTER:
(begin
  (send
    (lvar :arg0) :count=
    (int 0))
  (false))
BASETYPE: true or false
SIZE WORK_LIST: 28
SIZE generated: 2
EVALUABLE#: 0

-------------------------

----------------
TTYPES
true or false
true or false

PROGS

LOCAL_COUNT: 24
GLOBAL_COUNT: 24

BASE_AFTER:
(begin
  (send
    (lvar :arg0) :count=
    (int 1))
  (false))
BASETYPE: true or false
SIZE WORK_LIST: 29
SIZE generated: 2
EVALUABLE#: 0

-------------------------

----------------
TTYPES
Integer
Integer

PROGS

LOCAL_COUNT: 25
GLOBAL_COUNT: 25

BASE_AFTER:
(begin
  (send
    (lvar :arg0) :count=
    (int 0))
  (int 0))
BASETYPE: Integer
SIZE WORK_LIST: 30
SIZE generated: 2
EVALUABLE#: 0

-------------------------

----------------
TTYPES
Integer
Integer

PROGS

LOCAL_COUNT: 26
GLOBAL_COUNT: 26

BASE_AFTER:
(begin
  (send
    (lvar :arg0) :count=
    (int 1))
  (int 0))
BASETYPE: Integer
SIZE WORK_LIST: 31
SIZE generated: 2
EVALUABLE#: 0

-------------------------

----------------
TTYPES
Integer
Integer

PROGS

LOCAL_COUNT: 27
GLOBAL_COUNT: 27

BASE_AFTER:
(begin
  (lvasgn :t0
    (int 0))
  (send
    (lvar :arg0) :count=
    (lvar :t0))
  (lvar :t0))
BASETYPE: Integer
SIZE WORK_LIST: 32
SIZE generated: 2
EVALUABLE#: 0

-------------------------

----------------
TTYPES
Integer
Integer

PROGS

LOCAL_COUNT: 28
GLOBAL_COUNT: 28

BASE_AFTER:
(begin
  (send
    (lvar :arg0) :count=
    (int 0))
  (int 1))
BASETYPE: Integer
SIZE WORK_LIST: 33
SIZE generated: 2
EVALUABLE#: 0

-------------------------

----------------
TTYPES
Integer
Integer

PROGS

LOCAL_COUNT: 29
GLOBAL_COUNT: 29

BASE_AFTER:
(begin
  (send
    (lvar :arg0) :count=
    (int 1))
  (int 1))
BASETYPE: Integer
SIZE WORK_LIST: 34
SIZE generated: 2
EVALUABLE#: 0

-------------------------

----------------
TTYPES
Integer
Integer

PROGS

LOCAL_COUNT: 30
GLOBAL_COUNT: 30

BASE_AFTER:
(begin
  (lvasgn :t0
    (int 1))
  (send
    (lvar :arg0) :count=
    (lvar :t0))
  (lvar :t0))
BASETYPE: Integer
SIZE WORK_LIST: 35
SIZE generated: 2
EVALUABLE#: 0

-------------------------

----------------
TTYPES
Integer
Integer

PROGS

LOCAL_COUNT: 31
GLOBAL_COUNT: 31

BASE_AFTER:
(begin
  (send
    (lvar :arg0) :count=
    (int 0))
  (int 2))
BASETYPE: Integer
SIZE WORK_LIST: 36
SIZE generated: 2
EVALUABLE#: 0

-------------------------

----------------
TTYPES
Integer
Integer

PROGS

LOCAL_COUNT: 32
GLOBAL_COUNT: 32

BASE_AFTER:
(begin
  (send
    (lvar :arg0) :count=
    (int 1))
  (int 2))
BASETYPE: Integer
SIZE WORK_LIST: 37
SIZE generated: 2
EVALUABLE#: 0

-------------------------

----------------
TTYPES
String
String

PROGS

LOCAL_COUNT: 33
GLOBAL_COUNT: 33

BASE_AFTER:
(begin
  (send
    (lvar :arg0) :count=
    (int 0))
  (str ""))
BASETYPE: String
SIZE WORK_LIST: 38
SIZE generated: 2
EVALUABLE#: 0

-------------------------

----------------
TTYPES
String
String

PROGS

LOCAL_COUNT: 34
GLOBAL_COUNT: 34

BASE_AFTER:
(begin
  (send
    (lvar :arg0) :count=
    (int 1))
  (str ""))
BASETYPE: String
SIZE WORK_LIST: 39
SIZE generated: 2
EVALUABLE#: 0

-------------------------

----------------
TTYPES
Integer
Integer
Integer
Integer
Integer
Integer
Integer
Integer
%bot

PROGS

LOCAL_COUNT: 35
GLOBAL_COUNT: 35

BASE_AFTER:
(filled-hole
  (begin
    (send
      (send
        (hole 0 {:hash_depth=>0, :limit_depth=>true, :recv=>true}) :id=
        (hole 0 {:hash_depth=>0, :method_arg=>true})) :-
      (hole 0 {:hash_depth=>0, :method_arg=>true})))
  (begin
    (send
      (send
        (hole 0 {:hash_depth=>0, :limit_depth=>true, :recv=>true}) :id=
        (hole 0 {:hash_depth=>0, :method_arg=>true})) :-
      (hole 0 {:hash_depth=>0, :method_arg=>true})))
  (begin
    (send
      (send
        (hole 0 {:hash_depth=>0, :limit_depth=>true, :recv=>true}) :id=
        (hole 0 {:hash_depth=>0, :method_arg=>true})) :count))
  (begin
    (send
      (send
        (hole 0 {:hash_depth=>0, :limit_depth=>true, :recv=>true}) :id) :-
      (hole 0 {:hash_depth=>0, :method_arg=>true})))
  (begin
    (send
      (send
        (hole 0 {:hash_depth=>0, :limit_depth=>true, :recv=>true}) :id) :-
      (hole 0 {:hash_depth=>0, :method_arg=>true})))
  (begin
    (send
      (send
        (hole 0 {:hash_depth=>0, :limit_depth=>true, :recv=>true}) :id) :count))
  (begin
    (send
      (send
        (hole 0 {:hash_depth=>0, :limit_depth=>true, :recv=>true}) :token=
        (hole 0 {:hash_depth=>0, :method_arg=>true})) :count))
  (begin
    (send
      (send
        (hole 0 {:hash_depth=>0, :limit_depth=>true, :recv=>true}) :token=
        (hole 0 {:hash_depth=>0, :method_arg=>true})) :-
      (hole 0 {:hash_depth=>0, :method_arg=>true})))
  (begin
    (send
      (send
        (hole 0 {:hash_depth=>0, :limit_depth=>true, :recv=>true}) :token) :count))
  (begin
    (send
      (send
        (hole 0 {:hash_depth=>0, :limit_depth=>true, :recv=>true}) :token) :-
      (hole 0 {:hash_depth=>0, :method_arg=>true})))
  (begin
    (send
      (send
        (hole 0 {:hash_depth=>0, :limit_depth=>true, :recv=>true}) :diaspora_user_id=
        (hole 0 {:hash_depth=>0, :method_arg=>true})) :-
      (hole 0 {:hash_depth=>0, :method_arg=>true})))
  (begin
    (send
      (send
        (hole 0 {:hash_depth=>0, :limit_depth=>true, :recv=>true}) :diaspora_user_id=
        (hole 0 {:hash_depth=>0, :method_arg=>true})) :-
      (hole 0 {:hash_depth=>0, :method_arg=>true})))
  (begin
    (send
      (send
        (hole 0 {:hash_depth=>0, :limit_depth=>true, :recv=>true}) :diaspora_user_id=
        (hole 0 {:hash_depth=>0, :method_arg=>true})) :count))
  (begin
    (send
      (send
        (hole 0 {:hash_depth=>0, :limit_depth=>true, :recv=>true}) :diaspora_user_id) :-
      (hole 0 {:hash_depth=>0, :method_arg=>true})))
  (begin
    (send
      (send
        (hole 0 {:hash_depth=>0, :limit_depth=>true, :recv=>true}) :diaspora_user_id) :-
      (hole 0 {:hash_depth=>0, :method_arg=>true})))
  (begin
    (send
      (send
        (hole 0 {:hash_depth=>0, :limit_depth=>true, :recv=>true}) :diaspora_user_id) :count))
  (begin
    (send
      (send
        (hole 0 {:hash_depth=>0, :limit_depth=>true, :recv=>true}) :count=
        (hole 0 {:hash_depth=>0, :method_arg=>true})) :-
      (hole 0 {:hash_depth=>0, :method_arg=>true})))
  (begin
    (send
      (send
        (hole 0 {:hash_depth=>0, :limit_depth=>true, :recv=>true}) :count=
        (hole 0 {:hash_depth=>0, :method_arg=>true})) :-
      (hole 0 {:hash_depth=>0, :method_arg=>true})))
  (begin
    (send
      (send
        (hole 0 {:hash_depth=>0, :limit_depth=>true, :recv=>true}) :count=
        (hole 0 {:hash_depth=>0, :method_arg=>true})) :count))
  (begin
    (send
      (begin
        (send
          (hole 0 {:hash_depth=>0, :limit_depth=>true, :recv=>true}) :count)) :-
      (hole 0 {:hash_depth=>0, :method_arg=>true})))
  (begin
    (send
      (begin
        (send
          (hole 0 {:hash_depth=>0, :limit_depth=>true, :recv=>true}) :count)) :-
      (hole 0 {:hash_depth=>0, :method_arg=>true})))
  (begin
    (send
      (begin
        (send
          (hole 0 {:hash_depth=>0, :limit_depth=>true, :recv=>true}) :count)) :count))
  (begin
    (send
      (send
        (hole 0 {:hash_depth=>0, :limit_depth=>true, :recv=>true}) :diaspora_user) :count))
  (begin
    (send
      (send
        (hole 0 {:hash_depth=>0, :limit_depth=>true, :recv=>true}) :diaspora_user) :-
      (hole 0 {:hash_depth=>0, :method_arg=>true})))
  (begin
    (send
      (send
        (hole 0 {:hash_depth=>0, :limit_depth=>true, :recv=>true}) :diaspora_user=
        (hole 0 {:hash_depth=>0, :method_arg=>true})) :count))
  (begin
    (send
      (send
        (hole 0 {:hash_depth=>0, :limit_depth=>true, :recv=>true}) :diaspora_user=
        (hole 0 {:hash_depth=>0, :method_arg=>true})) :-
      (hole 0 {:hash_depth=>0, :method_arg=>true})))
  (begin
    (send
      (begin
        (send
          (hole 0 {:hash_depth=>0, :limit_depth=>true, :recv=>true}) :-
          (hole 0 {:hash_depth=>0, :method_arg=>true}))) :-
      (hole 0 {:hash_depth=>0, :method_arg=>true})))
  (begin
    (send
      (begin
        (send
          (hole 0 {:hash_depth=>0, :limit_depth=>true, :recv=>true}) :-
          (hole 0 {:hash_depth=>0, :method_arg=>true}))) :-
      (hole 0 {:hash_depth=>0, :method_arg=>true})))
  (begin
    (send
      (begin
        (send
          (hole 0 {:hash_depth=>0, :limit_depth=>true, :recv=>true}) :save)) :count))
  (begin
    (send
      (begin
        (send
          (hole 0 {:hash_depth=>0, :limit_depth=>true, :recv=>true}) :save)) :-
      (hole 0 {:hash_depth=>0, :method_arg=>true})))
  (begin
    (send
      (begin
        (send
          (hole 0 {:hash_depth=>0, :limit_depth=>true, :recv=>true}) :count)) :-
      (hole 0 {:hash_depth=>0, :method_arg=>true})))
  (begin
    (send
      (begin
        (send
          (hole 0 {:hash_depth=>0, :limit_depth=>true, :recv=>true}) :count)) :-
      (hole 0 {:hash_depth=>0, :method_arg=>true})))
  (begin
    (send
      (begin
        (send
          (hole 0 {:hash_depth=>0, :limit_depth=>true, :recv=>true}) :-
          (hole 0 {:hash_depth=>0, :method_arg=>true}))) :-
      (hole 0 {:hash_depth=>0, :method_arg=>true})))
  (begin
    (send
      (begin
        (send
          (hole 0 {:hash_depth=>0, :limit_depth=>true, :recv=>true}) :-
          (hole 0 {:hash_depth=>0, :method_arg=>true}))) :-
      (hole 0 {:hash_depth=>0, :method_arg=>true})))
  (begin
    (send
      (begin
        (send
          (hole 0 {:hash_depth=>0, :limit_depth=>true, :recv=>true}) :save)) :count))
  (begin
    (send
      (begin
        (send
          (hole 0 {:hash_depth=>0, :limit_depth=>true, :recv=>true}) :save)) :-
      (hole 0 {:hash_depth=>0, :method_arg=>true})))
  (hole 3 {:hash_depth=>0, :method_arg=>false, :variance=>:-}) {:method_arg=>false})
BASETYPE: %bot
SIZE WORK_LIST: 40
SIZE generated: 9
EVALUABLE#: 0

-------------------------

----------------
TTYPES
Integer
Integer
Integer
Integer
Integer
Integer
Integer
Integer
Integer
Integer
Integer
Integer
Integer
Integer
Integer
Integer
Integer
Integer
Integer
Integer
Integer
Integer
Integer
Integer
Integer
Integer
Integer
Integer
Integer
Integer
Integer
Integer
Integer
Integer
Integer
Integer

PROGS

LOCAL_COUNT: 36
GLOBAL_COUNT: 36

BASE_AFTER:
(begin
  (send
    (begin
      (send
        (filled-hole
          (lvar InvitationCode(id: integer, token: string, diaspora_user_id: integer, count: integer)) {:method_arg=>false}) :-
        (filled-hole
          (lvar :arg0)
          (lvar InvitationCode(id: integer, token: string, diaspora_user_id: integer, count: integer))
          (true)
          (false)
          (int 0)
          (int 1)
          (int 2)
          (str "")
          (hole 1 {:hash_depth=>0, :method_arg=>true, :variance=>:+}) {:method_arg=>true}))) :-
    (filled-hole
      (int 0)
      (int 1)
      (int 2)
      (hole 1 {:hash_depth=>0, :method_arg=>true, :variance=>:+}) {:method_arg=>true})))
BASETYPE: Integer
SIZE WORK_LIST: 48
SIZE generated: 36
EVALUABLE#: 24

-------------------------

----------------
TTYPES
Integer
Integer
Integer
Integer

PROGS

LOCAL_COUNT: 37
GLOBAL_COUNT: 37

BASE_AFTER:
(begin
  (send
    (begin
      (send
        (filled-hole
          (lvar InvitationCode(id: integer, token: string, diaspora_user_id: integer, count: integer)) {:method_arg=>false}) :count)) :-
    (filled-hole
      (int 0)
      (int 1)
      (int 2)
      (hole 1 {:hash_depth=>0, :method_arg=>true, :variance=>:+}) {:method_arg=>true})))
BASETYPE: Integer
SIZE WORK_LIST: 59
SIZE generated: 4
EVALUABLE#: 3

-------------------------

----------------
TTYPES
true or false
true or false
true or false
true or false
true or false
true or false
true or false
true or false
true or false
true or false
true or false

PROGS

LOCAL_COUNT: 38
GLOBAL_COUNT: 38

BASE_AFTER:
(begin
  (send
    (lvar :arg0) :count=
    (hole 1 {:hash_depth=>0, :method_arg=>true, :variance=>:+}))
  (true))
BASETYPE: true or false
SIZE WORK_LIST: 62
SIZE generated: 11
EVALUABLE#: 0

-------------------------

----------------
TTYPES
Integer
Integer

PROGS

LOCAL_COUNT: 39
GLOBAL_COUNT: 39

BASE_AFTER:
(begin
  (send
    (begin
      (send
        (lvar InvitationCode(id: integer, token: string, diaspora_user_id: integer, count: integer)) :count)) :-
    (int 0)))
BASETYPE: Integer
SIZE WORK_LIST: 72
SIZE generated: 2
EVALUABLE#: 0

-------------------------

----------------
TTYPES
Integer
Integer

PROGS

LOCAL_COUNT: 40
GLOBAL_COUNT: 40

BASE_AFTER:
(begin
  (send
    (begin
      (send
        (lvar InvitationCode(id: integer, token: string, diaspora_user_id: integer, count: integer)) :count)) :-
    (int 1)))
BASETYPE: Integer
SIZE WORK_LIST: 73
SIZE generated: 2
EVALUABLE#: 0

-------------------------

----------------
TTYPES
Integer
Integer

PROGS

LOCAL_COUNT: 41
GLOBAL_COUNT: 41

BASE_AFTER:
(begin
  (send
    (begin
      (send
        (lvar InvitationCode(id: integer, token: string, diaspora_user_id: integer, count: integer)) :count)) :-
    (int 2)))
BASETYPE: Integer
SIZE WORK_LIST: 74
SIZE generated: 2
EVALUABLE#: 0

-------------------------

----------------
TTYPES
true or false
true or false
true or false
true or false
true or false
true or false
true or false
true or false
true or false
true or false

PROGS

LOCAL_COUNT: 42
GLOBAL_COUNT: 42

BASE_AFTER:
(begin
  (send
    (lvar :arg0) :count=
    (begin
      (send
        (hole 0 {:hash_depth=>0, :limit_depth=>true, :recv=>true}) :-
        (hole 0 {:hash_depth=>0, :method_arg=>true}))))
  (true))
BASETYPE: true or false
SIZE WORK_LIST: 75
SIZE generated: 10
EVALUABLE#: 9

-------------------------

----------------
TTYPES
true or false

PROGS

LOCAL_COUNT: 43
GLOBAL_COUNT: 43

BASE_AFTER:
(begin
  (send
    (lvar :arg0) :count=
    (begin
      (send
        (hole 0 {:hash_depth=>0, :limit_depth=>true, :recv=>true}) :count)))
  (true))
BASETYPE: true or false
SIZE WORK_LIST: 75
SIZE generated: 1
EVALUABLE#: 1

-------------------------

----------------
TTYPES
true or false
true or false
true or false
true or false
true or false
true or false

PROGS

LOCAL_COUNT: 44
GLOBAL_COUNT: 44

BASE_AFTER:
(begin
  (send
    (lvar :arg0) :diaspora_user=
    (hole 1 {:hash_depth=>0, :method_arg=>true, :variance=>:+}))
  (true))
BASETYPE: true or false
SIZE WORK_LIST: 75
SIZE generated: 6
EVALUABLE#: 0

-------------------------

----------------
TTYPES
true or false
true or false

PROGS

LOCAL_COUNT: 45
GLOBAL_COUNT: 45

BASE_AFTER:
(begin
  (send
    (lvar :arg0) :count=
    (begin
      (send
        (lvar InvitationCode(id: integer, token: string, diaspora_user_id: integer, count: integer)) :count)))
  (true))
BASETYPE: true or false
SIZE WORK_LIST: 80
SIZE generated: 2
EVALUABLE#: 0

-------------------------

----------------
TTYPES
true or false

PROGS

LOCAL_COUNT: 46
GLOBAL_COUNT: 46

BASE_AFTER:
(begin
  (send
    (lvar :arg0) :diaspora_user=
    (begin
      (send
        (hole 0 {:hash_depth=>0, :limit_depth=>true, :recv=>true}) :count)))
  (true))
BASETYPE: true or false
SIZE WORK_LIST: 81
SIZE generated: 1
EVALUABLE#: 1

-------------------------

----------------
TTYPES
true or false
true or false
true or false
true or false
true or false
true or false
true or false
true or false
true or false
true or false
true or false

PROGS

LOCAL_COUNT: 47
GLOBAL_COUNT: 47

BASE_AFTER:
(begin
  (send
    (lvar :arg0) :count=
    (hole 1 {:hash_depth=>0, :method_arg=>true, :variance=>:+}))
  (false))
BASETYPE: true or false
SIZE WORK_LIST: 80
SIZE generated: 11
EVALUABLE#: 0

-------------------------

----------------
TTYPES
true or false

PROGS

LOCAL_COUNT: 48
GLOBAL_COUNT: 48

BASE_AFTER:
(begin
  (send
    (lvar :arg0) :count=
    (begin
      (send
        (hole 0 {:hash_depth=>0, :limit_depth=>true, :recv=>true}) :count)))
  (false))
BASETYPE: true or false
SIZE WORK_LIST: 90
SIZE generated: 1
EVALUABLE#: 1

-------------------------

----------------
TTYPES
true or false
true or false
true or false
true or false
true or false
true or false

PROGS

LOCAL_COUNT: 49
GLOBAL_COUNT: 49

BASE_AFTER:
(begin
  (send
    (lvar :arg0) :diaspora_user=
    (hole 1 {:hash_depth=>0, :method_arg=>true, :variance=>:+}))
  (false))
BASETYPE: true or false
SIZE WORK_LIST: 90
SIZE generated: 6
EVALUABLE#: 0

-------------------------

----------------
TTYPES
true or false
true or false

PROGS

LOCAL_COUNT: 50
GLOBAL_COUNT: 50

BASE_AFTER:
(begin
  (send
    (lvar :arg0) :count=
    (begin
      (send
        (lvar InvitationCode(id: integer, token: string, diaspora_user_id: integer, count: integer)) :count)))
  (false))
BASETYPE: true or false
SIZE WORK_LIST: 95
SIZE generated: 2
EVALUABLE#: 0

-------------------------

----------------
TTYPES
true or false

PROGS

LOCAL_COUNT: 51
GLOBAL_COUNT: 51

BASE_AFTER:
(begin
  (send
    (lvar :arg0) :diaspora_user=
    (begin
      (send
        (hole 0 {:hash_depth=>0, :limit_depth=>true, :recv=>true}) :count)))
  (false))
BASETYPE: true or false
SIZE WORK_LIST: 96
SIZE generated: 1
EVALUABLE#: 1

-------------------------

----------------
TTYPES
Integer
Integer
Integer
Integer
Integer
Integer
Integer
Integer
Integer
Integer
Integer

PROGS

LOCAL_COUNT: 52
GLOBAL_COUNT: 52

BASE_AFTER:
(begin
  (send
    (lvar :arg0) :count=
    (hole 1 {:hash_depth=>0, :method_arg=>true, :variance=>:+}))
  (int 0))
BASETYPE: Integer
SIZE WORK_LIST: 95
SIZE generated: 11
EVALUABLE#: 0

-------------------------

----------------
TTYPES
Integer

PROGS

LOCAL_COUNT: 53
GLOBAL_COUNT: 53

BASE_AFTER:
(begin
  (send
    (lvar :arg0) :count=
    (begin
      (send
        (hole 0 {:hash_depth=>0, :limit_depth=>true, :recv=>true}) :count)))
  (int 0))
BASETYPE: Integer
SIZE WORK_LIST: 105
SIZE generated: 1
EVALUABLE#: 1

-------------------------

----------------
TTYPES
Integer
Integer
Integer
Integer
Integer
Integer

PROGS

LOCAL_COUNT: 54
GLOBAL_COUNT: 54

BASE_AFTER:
(begin
  (send
    (lvar :arg0) :diaspora_user=
    (hole 1 {:hash_depth=>0, :method_arg=>true, :variance=>:+}))
  (int 0))
BASETYPE: Integer
SIZE WORK_LIST: 105
SIZE generated: 6
EVALUABLE#: 0

-------------------------

----------------
TTYPES
Integer
Integer

PROGS

LOCAL_COUNT: 55
GLOBAL_COUNT: 55

BASE_AFTER:
(begin
  (send
    (lvar :arg0) :count=
    (begin
      (send
        (lvar InvitationCode(id: integer, token: string, diaspora_user_id: integer, count: integer)) :count)))
  (int 0))
BASETYPE: Integer
SIZE WORK_LIST: 110
SIZE generated: 2
EVALUABLE#: 0

-------------------------

----------------
TTYPES
Integer

PROGS

LOCAL_COUNT: 56
GLOBAL_COUNT: 56

BASE_AFTER:
(begin
  (send
    (lvar :arg0) :diaspora_user=
    (begin
      (send
        (hole 0 {:hash_depth=>0, :limit_depth=>true, :recv=>true}) :count)))
  (int 0))
BASETYPE: Integer
SIZE WORK_LIST: 111
SIZE generated: 1
EVALUABLE#: 1

-------------------------

----------------
TTYPES
Integer
Integer
Integer
Integer
Integer
Integer
Integer
Integer
Integer
Integer
Integer

PROGS

LOCAL_COUNT: 57
GLOBAL_COUNT: 57

BASE_AFTER:
(begin
  (send
    (lvar :arg0) :count=
    (hole 1 {:hash_depth=>0, :method_arg=>true, :variance=>:+}))
  (int 1))
BASETYPE: Integer
SIZE WORK_LIST: 110
SIZE generated: 11
EVALUABLE#: 0

-------------------------

----------------
TTYPES
Integer

PROGS

LOCAL_COUNT: 58
GLOBAL_COUNT: 58

BASE_AFTER:
(begin
  (send
    (lvar :arg0) :count=
    (begin
      (send
        (hole 0 {:hash_depth=>0, :limit_depth=>true, :recv=>true}) :count)))
  (int 1))
BASETYPE: Integer
SIZE WORK_LIST: 120
SIZE generated: 1
EVALUABLE#: 1

-------------------------

----------------
TTYPES
Integer
Integer
Integer
Integer
Integer
Integer

PROGS

LOCAL_COUNT: 59
GLOBAL_COUNT: 59

BASE_AFTER:
(begin
  (send
    (lvar :arg0) :diaspora_user=
    (hole 1 {:hash_depth=>0, :method_arg=>true, :variance=>:+}))
  (int 1))
BASETYPE: Integer
SIZE WORK_LIST: 120
SIZE generated: 6
EVALUABLE#: 0

-------------------------

----------------
TTYPES
Integer
Integer

PROGS

LOCAL_COUNT: 60
GLOBAL_COUNT: 60

BASE_AFTER:
(begin
  (send
    (lvar :arg0) :count=
    (begin
      (send
        (lvar InvitationCode(id: integer, token: string, diaspora_user_id: integer, count: integer)) :count)))
  (int 1))
BASETYPE: Integer
SIZE WORK_LIST: 125
SIZE generated: 2
EVALUABLE#: 0

-------------------------

----------------
TTYPES
true or false
true or false
Integer
Integer
Integer
String
%bot

PROGS

LOCAL_COUNT: 1
GLOBAL_COUNT: 61

BASE_AFTER:
(filled-hole
  (true)
  (false)
  (int 0)
  (int 1)
  (int 2)
  (str "")
  (hole 1 {:hash_depth=>0, :method_arg=>false, :variance=>:-}) {:method_arg=>false})
BASETYPE: %bot
SIZE WORK_LIST: 0
SIZE generated: 7
EVALUABLE#: 6

-------------------------

----------------
TTYPES
true or false
true or false

PROGS

LOCAL_COUNT: 2
GLOBAL_COUNT: 62

BASE_AFTER:
(true)
BASETYPE: true or false
SIZE WORK_LIST: 6
SIZE generated: 2
EVALUABLE#: 0

-------------------------

----------------
TTYPES
true or false
true or false

PROGS

LOCAL_COUNT: 3
GLOBAL_COUNT: 63

BASE_AFTER:
(false)
BASETYPE: true or false
SIZE WORK_LIST: 7
SIZE generated: 2
EVALUABLE#: 0

-------------------------

----------------
TTYPES
Integer
Integer

PROGS

LOCAL_COUNT: 4
GLOBAL_COUNT: 64

BASE_AFTER:
(int 0)
BASETYPE: Integer
SIZE WORK_LIST: 8
SIZE generated: 2
EVALUABLE#: 0

-------------------------

----------------
TTYPES
Integer
Integer

PROGS

LOCAL_COUNT: 5
GLOBAL_COUNT: 65

BASE_AFTER:
(int 1)
BASETYPE: Integer
SIZE WORK_LIST: 9
SIZE generated: 2
EVALUABLE#: 0

-------------------------

----------------
TTYPES
Integer
Integer

PROGS

LOCAL_COUNT: 6
GLOBAL_COUNT: 66

BASE_AFTER:
(int 2)
BASETYPE: Integer
SIZE WORK_LIST: 10
SIZE generated: 2
EVALUABLE#: 0

-------------------------

----------------
TTYPES
String
String

PROGS

LOCAL_COUNT: 7
GLOBAL_COUNT: 67

BASE_AFTER:
(str "")
BASETYPE: String
SIZE WORK_LIST: 11
SIZE generated: 2
EVALUABLE#: 0

-------------------------

----------------
TTYPES
%bot

PROGS

LOCAL_COUNT: 8
GLOBAL_COUNT: 68

BASE_AFTER:
(filled-hole
  (hole 2 {:hash_depth=>0, :method_arg=>false, :variance=>:-}) {:method_arg=>false})
BASETYPE: %bot
SIZE WORK_LIST: 12
SIZE generated: 1
EVALUABLE#: 0

-------------------------

----------------
TTYPES
true or false
true or false
true or false
true or false

PROGS

LOCAL_COUNT: 9
GLOBAL_COUNT: 69

BASE_AFTER:
(begin
  (send
    (hole 0 {:hash_depth=>0, :limit_depth=>true, :recv=>true}) :count=
    (hole 0 {:hash_depth=>0, :method_arg=>true}))
  (true))
BASETYPE: true or false
SIZE WORK_LIST: 12
SIZE generated: 4
EVALUABLE#: 3

-------------------------

----------------
TTYPES
true or false

PROGS

LOCAL_COUNT: 1
GLOBAL_COUNT: 70

BASE_AFTER:
(filled-hole
  (hole 1 {:hash_depth=>0, :method_arg=>false, :variance=>:+}) {:method_arg=>false})
BASETYPE: true or false
SIZE WORK_LIST: 0
SIZE generated: 1
EVALUABLE#: 0

-------------------------

----------------
TTYPES
true or false
true or false

PROGS

LOCAL_COUNT: 2
GLOBAL_COUNT: 71

BASE_AFTER:
(filled-hole
  (begin
    (send
      (hole 0 {:hash_depth=>0, :limit_depth=>true, :recv=>true}) :-
      (hole 0 {:hash_depth=>0, :method_arg=>true})))
  (begin
    (send
      (hole 0 {:hash_depth=>0, :limit_depth=>true, :recv=>true}) :save))
  (begin
    (send
      (hole 0 {:hash_depth=>0, :limit_depth=>true, :recv=>true}) :count))
  (begin
    (send
      (hole 0 {:hash_depth=>0, :limit_depth=>true, :recv=>true}) :-
      (hole 0 {:hash_depth=>0, :method_arg=>true})))
  (begin
    (send
      (hole 0 {:hash_depth=>0, :limit_depth=>true, :recv=>true}) :save))
  (hole 2 {:hash_depth=>0, :method_arg=>false, :variance=>:+}) {:method_arg=>false})
BASETYPE: true or false
SIZE WORK_LIST: 0
SIZE generated: 2
EVALUABLE#: 0

-------------------------

----------------
TTYPES
true or false

PROGS

LOCAL_COUNT: 3
GLOBAL_COUNT: 72

BASE_AFTER:
(begin
  (send
    (filled-hole
      (lvar InvitationCode(id: integer, token: string, diaspora_user_id: integer, count: integer)) {:method_arg=>false}) :save))
BASETYPE: true or false
SIZE WORK_LIST: 1
SIZE generated: 1
EVALUABLE#: 1

-------------------------

----------------
TTYPES
true or false
true or false
Integer
Integer
Integer
String
%bot

PROGS

LOCAL_COUNT: 1
GLOBAL_COUNT: 1

BASE_AFTER:
(filled-hole
  (true)
  (false)
  (int 0)
  (int 1)
  (int 2)
  (str "")
  (hole 1 {:hash_depth=>0, :method_arg=>false, :variance=>:-}) {:method_arg=>false})
BASETYPE: %bot
SIZE WORK_LIST: 0
SIZE generated: 7
EVALUABLE#: 6

-------------------------

----------------
TTYPES
true or false
true or false

PROGS

LOCAL_COUNT: 2
GLOBAL_COUNT: 2

BASE_AFTER:
(true)
BASETYPE: true or false
SIZE WORK_LIST: 6
SIZE generated: 2
EVALUABLE#: 0

-------------------------

----------------
TTYPES
true or false
true or false

PROGS

LOCAL_COUNT: 3
GLOBAL_COUNT: 3

BASE_AFTER:
(false)
BASETYPE: true or false
SIZE WORK_LIST: 7
SIZE generated: 2
EVALUABLE#: 0

-------------------------

----------------
TTYPES
Integer
Integer

PROGS

LOCAL_COUNT: 4
GLOBAL_COUNT: 4

BASE_AFTER:
(int 0)
BASETYPE: Integer
SIZE WORK_LIST: 8
SIZE generated: 2
EVALUABLE#: 0

-------------------------

----------------
TTYPES
Integer
Integer

PROGS

LOCAL_COUNT: 5
GLOBAL_COUNT: 5

BASE_AFTER:
(int 1)
BASETYPE: Integer
SIZE WORK_LIST: 9
SIZE generated: 2
EVALUABLE#: 0

-------------------------

----------------
TTYPES
Integer
Integer

PROGS

LOCAL_COUNT: 6
GLOBAL_COUNT: 6

BASE_AFTER:
(int 2)
BASETYPE: Integer
SIZE WORK_LIST: 10
SIZE generated: 2
EVALUABLE#: 0

-------------------------

----------------
TTYPES
String
String

PROGS

LOCAL_COUNT: 7
GLOBAL_COUNT: 7

BASE_AFTER:
(str "")
BASETYPE: String
SIZE WORK_LIST: 11
SIZE generated: 2
EVALUABLE#: 0

-------------------------

----------------
TTYPES
%bot

PROGS

LOCAL_COUNT: 8
GLOBAL_COUNT: 8

BASE_AFTER:
(filled-hole
  (begin
    (send
      (hole 0 {:hash_depth=>0, :limit_depth=>true, :recv=>true}) :-
      (hole 0 {:hash_depth=>0, :method_arg=>true})))
  (begin
    (send
      (hole 0 {:hash_depth=>0, :limit_depth=>true, :recv=>true}) :count))
  (begin
    (send
      (hole 0 {:hash_depth=>0, :limit_depth=>true, :recv=>true}) :-
      (hole 0 {:hash_depth=>0, :method_arg=>true})))
  (hole 2 {:hash_depth=>0, :method_arg=>false, :variance=>:-}) {:method_arg=>false})
BASETYPE: %bot
SIZE WORK_LIST: 12
SIZE generated: 1
EVALUABLE#: 0

-------------------------

----------------
TTYPES
true or false
true or false
true or false
true or false

PROGS

LOCAL_COUNT: 9
GLOBAL_COUNT: 9

BASE_AFTER:
(begin
  (send
    (hole 0 {:hash_depth=>0, :limit_depth=>true, :recv=>true}) :count=
    (hole 0 {:hash_depth=>0, :method_arg=>true}))
  (true))
BASETYPE: true or false
SIZE WORK_LIST: 12
SIZE generated: 4
EVALUABLE#: 3

-------------------------

----------------
TTYPES
true or false

PROGS

LOCAL_COUNT: 10
GLOBAL_COUNT: 10

BASE_AFTER:
(begin
  (send
    (hole 0 {:hash_depth=>0, :limit_depth=>true, :recv=>true}) :diaspora_user=
    (hole 0 {:hash_depth=>0, :method_arg=>true}))
  (true))
BASETYPE: true or false
SIZE WORK_LIST: 14
SIZE generated: 1
EVALUABLE#: 0

-------------------------

----------------
TTYPES
true or false
true or false
true or false
true or false

PROGS

LOCAL_COUNT: 11
GLOBAL_COUNT: 11

BASE_AFTER:
(begin
  (send
    (hole 0 {:hash_depth=>0, :limit_depth=>true, :recv=>true}) :count=
    (hole 0 {:hash_depth=>0, :method_arg=>true}))
  (false))
BASETYPE: true or false
SIZE WORK_LIST: 14
SIZE generated: 4
EVALUABLE#: 3

-------------------------

----------------
TTYPES
true or false

PROGS

LOCAL_COUNT: 12
GLOBAL_COUNT: 12

BASE_AFTER:
(begin
  (send
    (hole 0 {:hash_depth=>0, :limit_depth=>true, :recv=>true}) :diaspora_user=
    (hole 0 {:hash_depth=>0, :method_arg=>true}))
  (false))
BASETYPE: true or false
SIZE WORK_LIST: 16
SIZE generated: 1
EVALUABLE#: 0

-------------------------

----------------
TTYPES
Integer
Integer
Integer
Integer
Integer

PROGS

LOCAL_COUNT: 13
GLOBAL_COUNT: 13

BASE_AFTER:
(begin
  (send
    (hole 0 {:hash_depth=>0, :limit_depth=>true, :recv=>true}) :count=
    (hole 0 {:hash_depth=>0, :method_arg=>true}))
  (int 0))
BASETYPE: Integer
SIZE WORK_LIST: 16
SIZE generated: 5
EVALUABLE#: 4

-------------------------

----------------
TTYPES
Integer

PROGS

LOCAL_COUNT: 14
GLOBAL_COUNT: 14

BASE_AFTER:
(begin
  (send
    (hole 0 {:hash_depth=>0, :limit_depth=>true, :recv=>true}) :diaspora_user=
    (hole 0 {:hash_depth=>0, :method_arg=>true}))
  (int 0))
BASETYPE: Integer
SIZE WORK_LIST: 19
SIZE generated: 1
EVALUABLE#: 0

-------------------------

----------------
TTYPES
Integer
Integer
Integer
Integer
Integer

PROGS

LOCAL_COUNT: 15
GLOBAL_COUNT: 15

BASE_AFTER:
(begin
  (send
    (hole 0 {:hash_depth=>0, :limit_depth=>true, :recv=>true}) :count=
    (hole 0 {:hash_depth=>0, :method_arg=>true}))
  (int 1))
BASETYPE: Integer
SIZE WORK_LIST: 19
SIZE generated: 5
EVALUABLE#: 4

-------------------------

----------------
TTYPES
Integer

PROGS

LOCAL_COUNT: 16
GLOBAL_COUNT: 16

BASE_AFTER:
(begin
  (send
    (hole 0 {:hash_depth=>0, :limit_depth=>true, :recv=>true}) :diaspora_user=
    (hole 0 {:hash_depth=>0, :method_arg=>true}))
  (int 1))
BASETYPE: Integer
SIZE WORK_LIST: 22
SIZE generated: 1
EVALUABLE#: 0

-------------------------

----------------
TTYPES
Integer
Integer
Integer
Integer
Integer

PROGS

LOCAL_COUNT: 17
GLOBAL_COUNT: 17

BASE_AFTER:
(begin
  (send
    (hole 0 {:hash_depth=>0, :limit_depth=>true, :recv=>true}) :count=
    (hole 0 {:hash_depth=>0, :method_arg=>true}))
  (int 2))
BASETYPE: Integer
SIZE WORK_LIST: 22
SIZE generated: 5
EVALUABLE#: 4

-------------------------

----------------
TTYPES
Integer

PROGS

LOCAL_COUNT: 18
GLOBAL_COUNT: 18

BASE_AFTER:
(begin
  (send
    (hole 0 {:hash_depth=>0, :limit_depth=>true, :recv=>true}) :diaspora_user=
    (hole 0 {:hash_depth=>0, :method_arg=>true}))
  (int 2))
BASETYPE: Integer
SIZE WORK_LIST: 24
SIZE generated: 1
EVALUABLE#: 0

-------------------------

----------------
TTYPES
String
String
String
String

PROGS

LOCAL_COUNT: 19
GLOBAL_COUNT: 19

BASE_AFTER:
(begin
  (send
    (hole 0 {:hash_depth=>0, :limit_depth=>true, :recv=>true}) :count=
    (hole 0 {:hash_depth=>0, :method_arg=>true}))
  (str ""))
BASETYPE: String
SIZE WORK_LIST: 24
SIZE generated: 4
EVALUABLE#: 3

-------------------------

----------------
TTYPES
String

PROGS

LOCAL_COUNT: 20
GLOBAL_COUNT: 20

BASE_AFTER:
(begin
  (send
    (hole 0 {:hash_depth=>0, :limit_depth=>true, :recv=>true}) :diaspora_user=
    (hole 0 {:hash_depth=>0, :method_arg=>true}))
  (str ""))
BASETYPE: String
SIZE WORK_LIST: 26
SIZE generated: 1
EVALUABLE#: 0

-------------------------

----------------
TTYPES
true or false
true or false

PROGS

LOCAL_COUNT: 21
GLOBAL_COUNT: 21

BASE_AFTER:
(begin
  (send
    (lvar :arg0) :count=
    (int 0))
  (true))
BASETYPE: true or false
SIZE WORK_LIST: 26
SIZE generated: 2
EVALUABLE#: 0

-------------------------

----------------
TTYPES
true or false
true or false

PROGS

LOCAL_COUNT: 22
GLOBAL_COUNT: 22

BASE_AFTER:
(begin
  (send
    (lvar :arg0) :count=
    (int 1))
  (true))
BASETYPE: true or false
SIZE WORK_LIST: 27
SIZE generated: 2
EVALUABLE#: 0

-------------------------

----------------
TTYPES
true or false
true or false

PROGS

LOCAL_COUNT: 23
GLOBAL_COUNT: 23

BASE_AFTER:
(begin
  (send
    (lvar :arg0) :count=
    (int 0))
  (false))
BASETYPE: true or false
SIZE WORK_LIST: 28
SIZE generated: 2
EVALUABLE#: 0

-------------------------

----------------
TTYPES
true or false
true or false

PROGS

LOCAL_COUNT: 24
GLOBAL_COUNT: 24

BASE_AFTER:
(begin
  (send
    (lvar :arg0) :count=
    (int 1))
  (false))
BASETYPE: true or false
SIZE WORK_LIST: 29
SIZE generated: 2
EVALUABLE#: 0

-------------------------

----------------
TTYPES
Integer
Integer

PROGS

LOCAL_COUNT: 25
GLOBAL_COUNT: 25

BASE_AFTER:
(begin
  (send
    (lvar :arg0) :count=
    (int 0))
  (int 0))
BASETYPE: Integer
SIZE WORK_LIST: 30
SIZE generated: 2
EVALUABLE#: 0

-------------------------

----------------
TTYPES
Integer
Integer

PROGS

LOCAL_COUNT: 26
GLOBAL_COUNT: 26

BASE_AFTER:
(begin
  (send
    (lvar :arg0) :count=
    (int 1))
  (int 0))
BASETYPE: Integer
SIZE WORK_LIST: 31
SIZE generated: 2
EVALUABLE#: 0

-------------------------

----------------
TTYPES
Integer
Integer

PROGS

LOCAL_COUNT: 27
GLOBAL_COUNT: 27

BASE_AFTER:
(begin
  (lvasgn :t0
    (int 0))
  (send
    (lvar :arg0) :count=
    (lvar :t0))
  (lvar :t0))
BASETYPE: Integer
SIZE WORK_LIST: 32
SIZE generated: 2
EVALUABLE#: 0

-------------------------

----------------
TTYPES
Integer
Integer

PROGS

LOCAL_COUNT: 28
GLOBAL_COUNT: 28

BASE_AFTER:
(begin
  (send
    (lvar :arg0) :count=
    (int 0))
  (int 1))
BASETYPE: Integer
SIZE WORK_LIST: 33
SIZE generated: 2
EVALUABLE#: 0

-------------------------

----------------
TTYPES
Integer
Integer

PROGS

LOCAL_COUNT: 29
GLOBAL_COUNT: 29

BASE_AFTER:
(begin
  (send
    (lvar :arg0) :count=
    (int 1))
  (int 1))
BASETYPE: Integer
SIZE WORK_LIST: 34
SIZE generated: 2
EVALUABLE#: 0

-------------------------

----------------
TTYPES
Integer
Integer

PROGS

LOCAL_COUNT: 30
GLOBAL_COUNT: 30

BASE_AFTER:
(begin
  (lvasgn :t0
    (int 1))
  (send
    (lvar :arg0) :count=
    (lvar :t0))
  (lvar :t0))
BASETYPE: Integer
SIZE WORK_LIST: 35
SIZE generated: 2
EVALUABLE#: 0

-------------------------

----------------
TTYPES
Integer
Integer

PROGS

LOCAL_COUNT: 31
GLOBAL_COUNT: 31

BASE_AFTER:
(begin
  (send
    (lvar :arg0) :count=
    (int 0))
  (int 2))
BASETYPE: Integer
SIZE WORK_LIST: 36
SIZE generated: 2
EVALUABLE#: 0

-------------------------

----------------
TTYPES
Integer
Integer

PROGS

LOCAL_COUNT: 32
GLOBAL_COUNT: 32

BASE_AFTER:
(begin
  (send
    (lvar :arg0) :count=
    (int 1))
  (int 2))
BASETYPE: Integer
SIZE WORK_LIST: 37
SIZE generated: 2
EVALUABLE#: 0

-------------------------

----------------
TTYPES
String
String

PROGS

LOCAL_COUNT: 33
GLOBAL_COUNT: 33

BASE_AFTER:
(begin
  (send
    (lvar :arg0) :count=
    (int 0))
  (str ""))
BASETYPE: String
SIZE WORK_LIST: 38
SIZE generated: 2
EVALUABLE#: 0

-------------------------

----------------
TTYPES
String
String

PROGS

LOCAL_COUNT: 34
GLOBAL_COUNT: 34

BASE_AFTER:
(begin
  (send
    (lvar :arg0) :count=
    (int 1))
  (str ""))
BASETYPE: String
SIZE WORK_LIST: 39
SIZE generated: 2
EVALUABLE#: 0

-------------------------

----------------
TTYPES
Integer
Integer
Integer
Integer
Integer
Integer
Integer
Integer
%bot

PROGS

LOCAL_COUNT: 35
GLOBAL_COUNT: 35

BASE_AFTER:
(filled-hole
  (begin
    (send
      (send
        (hole 0 {:hash_depth=>0, :limit_depth=>true, :recv=>true}) :id=
        (hole 0 {:hash_depth=>0, :method_arg=>true})) :-
      (hole 0 {:hash_depth=>0, :method_arg=>true})))
  (begin
    (send
      (send
        (hole 0 {:hash_depth=>0, :limit_depth=>true, :recv=>true}) :id=
        (hole 0 {:hash_depth=>0, :method_arg=>true})) :-
      (hole 0 {:hash_depth=>0, :method_arg=>true})))
  (begin
    (send
      (send
        (hole 0 {:hash_depth=>0, :limit_depth=>true, :recv=>true}) :id=
        (hole 0 {:hash_depth=>0, :method_arg=>true})) :count))
  (begin
    (send
      (send
        (hole 0 {:hash_depth=>0, :limit_depth=>true, :recv=>true}) :id) :-
      (hole 0 {:hash_depth=>0, :method_arg=>true})))
  (begin
    (send
      (send
        (hole 0 {:hash_depth=>0, :limit_depth=>true, :recv=>true}) :id) :-
      (hole 0 {:hash_depth=>0, :method_arg=>true})))
  (begin
    (send
      (send
        (hole 0 {:hash_depth=>0, :limit_depth=>true, :recv=>true}) :id) :count))
  (begin
    (send
      (send
        (hole 0 {:hash_depth=>0, :limit_depth=>true, :recv=>true}) :token=
        (hole 0 {:hash_depth=>0, :method_arg=>true})) :count))
  (begin
    (send
      (send
        (hole 0 {:hash_depth=>0, :limit_depth=>true, :recv=>true}) :token=
        (hole 0 {:hash_depth=>0, :method_arg=>true})) :-
      (hole 0 {:hash_depth=>0, :method_arg=>true})))
  (begin
    (send
      (send
        (hole 0 {:hash_depth=>0, :limit_depth=>true, :recv=>true}) :token) :count))
  (begin
    (send
      (send
        (hole 0 {:hash_depth=>0, :limit_depth=>true, :recv=>true}) :token) :-
      (hole 0 {:hash_depth=>0, :method_arg=>true})))
  (begin
    (send
      (send
        (hole 0 {:hash_depth=>0, :limit_depth=>true, :recv=>true}) :diaspora_user_id=
        (hole 0 {:hash_depth=>0, :method_arg=>true})) :-
      (hole 0 {:hash_depth=>0, :method_arg=>true})))
  (begin
    (send
      (send
        (hole 0 {:hash_depth=>0, :limit_depth=>true, :recv=>true}) :diaspora_user_id=
        (hole 0 {:hash_depth=>0, :method_arg=>true})) :-
      (hole 0 {:hash_depth=>0, :method_arg=>true})))
  (begin
    (send
      (send
        (hole 0 {:hash_depth=>0, :limit_depth=>true, :recv=>true}) :diaspora_user_id=
        (hole 0 {:hash_depth=>0, :method_arg=>true})) :count))
  (begin
    (send
      (send
        (hole 0 {:hash_depth=>0, :limit_depth=>true, :recv=>true}) :diaspora_user_id) :-
      (hole 0 {:hash_depth=>0, :method_arg=>true})))
  (begin
    (send
      (send
        (hole 0 {:hash_depth=>0, :limit_depth=>true, :recv=>true}) :diaspora_user_id) :-
      (hole 0 {:hash_depth=>0, :method_arg=>true})))
  (begin
    (send
      (send
        (hole 0 {:hash_depth=>0, :limit_depth=>true, :recv=>true}) :diaspora_user_id) :count))
  (begin
    (send
      (send
        (hole 0 {:hash_depth=>0, :limit_depth=>true, :recv=>true}) :count=
        (hole 0 {:hash_depth=>0, :method_arg=>true})) :-
      (hole 0 {:hash_depth=>0, :method_arg=>true})))
  (begin
    (send
      (send
        (hole 0 {:hash_depth=>0, :limit_depth=>true, :recv=>true}) :count=
        (hole 0 {:hash_depth=>0, :method_arg=>true})) :-
      (hole 0 {:hash_depth=>0, :method_arg=>true})))
  (begin
    (send
      (send
        (hole 0 {:hash_depth=>0, :limit_depth=>true, :recv=>true}) :count=
        (hole 0 {:hash_depth=>0, :method_arg=>true})) :count))
  (begin
    (send
      (begin
        (send
          (hole 0 {:hash_depth=>0, :limit_depth=>true, :recv=>true}) :count)) :-
      (hole 0 {:hash_depth=>0, :method_arg=>true})))
  (begin
    (send
      (begin
        (send
          (hole 0 {:hash_depth=>0, :limit_depth=>true, :recv=>true}) :count)) :-
      (hole 0 {:hash_depth=>0, :method_arg=>true})))
  (begin
    (send
      (begin
        (send
          (hole 0 {:hash_depth=>0, :limit_depth=>true, :recv=>true}) :count)) :count))
  (begin
    (send
      (send
        (hole 0 {:hash_depth=>0, :limit_depth=>true, :recv=>true}) :diaspora_user) :count))
  (begin
    (send
      (send
        (hole 0 {:hash_depth=>0, :limit_depth=>true, :recv=>true}) :diaspora_user) :-
      (hole 0 {:hash_depth=>0, :method_arg=>true})))
  (begin
    (send
      (send
        (hole 0 {:hash_depth=>0, :limit_depth=>true, :recv=>true}) :diaspora_user=
        (hole 0 {:hash_depth=>0, :method_arg=>true})) :count))
  (begin
    (send
      (send
        (hole 0 {:hash_depth=>0, :limit_depth=>true, :recv=>true}) :diaspora_user=
        (hole 0 {:hash_depth=>0, :method_arg=>true})) :-
      (hole 0 {:hash_depth=>0, :method_arg=>true})))
  (begin
    (send
      (begin
        (send
          (hole 0 {:hash_depth=>0, :limit_depth=>true, :recv=>true}) :-
          (hole 0 {:hash_depth=>0, :method_arg=>true}))) :-
      (hole 0 {:hash_depth=>0, :method_arg=>true})))
  (begin
    (send
      (begin
        (send
          (hole 0 {:hash_depth=>0, :limit_depth=>true, :recv=>true}) :-
          (hole 0 {:hash_depth=>0, :method_arg=>true}))) :-
      (hole 0 {:hash_depth=>0, :method_arg=>true})))
  (begin
    (send
      (begin
        (send
          (hole 0 {:hash_depth=>0, :limit_depth=>true, :recv=>true}) :save)) :count))
  (begin
    (send
      (begin
        (send
          (hole 0 {:hash_depth=>0, :limit_depth=>true, :recv=>true}) :save)) :-
      (hole 0 {:hash_depth=>0, :method_arg=>true})))
  (begin
    (send
      (begin
        (send
          (hole 0 {:hash_depth=>0, :limit_depth=>true, :recv=>true}) :count)) :-
      (hole 0 {:hash_depth=>0, :method_arg=>true})))
  (begin
    (send
      (begin
        (send
          (hole 0 {:hash_depth=>0, :limit_depth=>true, :recv=>true}) :count)) :-
      (hole 0 {:hash_depth=>0, :method_arg=>true})))
  (begin
    (send
      (begin
        (send
          (hole 0 {:hash_depth=>0, :limit_depth=>true, :recv=>true}) :-
          (hole 0 {:hash_depth=>0, :method_arg=>true}))) :-
      (hole 0 {:hash_depth=>0, :method_arg=>true})))
  (begin
    (send
      (begin
        (send
          (hole 0 {:hash_depth=>0, :limit_depth=>true, :recv=>true}) :-
          (hole 0 {:hash_depth=>0, :method_arg=>true}))) :-
      (hole 0 {:hash_depth=>0, :method_arg=>true})))
  (begin
    (send
      (begin
        (send
          (hole 0 {:hash_depth=>0, :limit_depth=>true, :recv=>true}) :save)) :count))
  (begin
    (send
      (begin
        (send
          (hole 0 {:hash_depth=>0, :limit_depth=>true, :recv=>true}) :save)) :-
      (hole 0 {:hash_depth=>0, :method_arg=>true})))
  (hole 3 {:hash_depth=>0, :method_arg=>false, :variance=>:-}) {:method_arg=>false})
BASETYPE: %bot
SIZE WORK_LIST: 40
SIZE generated: 9
EVALUABLE#: 0

-------------------------

----------------
TTYPES
Integer
Integer
Integer
Integer
Integer
Integer
Integer
Integer
Integer
Integer
Integer
Integer
Integer
Integer
Integer
Integer
Integer
Integer
Integer
Integer
Integer
Integer
Integer
Integer
Integer
Integer
Integer
Integer
Integer
Integer
Integer
Integer
Integer
Integer
Integer
Integer

PROGS

LOCAL_COUNT: 36
GLOBAL_COUNT: 36

BASE_AFTER:
(begin
  (send
    (begin
      (send
        (filled-hole
          (lvar InvitationCode(id: integer, token: string, diaspora_user_id: integer, count: integer)) {:method_arg=>false}) :-
        (filled-hole
          (lvar :arg0)
          (lvar InvitationCode(id: integer, token: string, diaspora_user_id: integer, count: integer))
          (true)
          (false)
          (int 0)
          (int 1)
          (int 2)
          (str "")
          (hole 1 {:hash_depth=>0, :method_arg=>true, :variance=>:+}) {:method_arg=>true}))) :-
    (filled-hole
      (int 0)
      (int 1)
      (int 2)
      (hole 1 {:hash_depth=>0, :method_arg=>true, :variance=>:+}) {:method_arg=>true})))
BASETYPE: Integer
SIZE WORK_LIST: 48
SIZE generated: 36
EVALUABLE#: 24

-------------------------

----------------
TTYPES
Integer
Integer
Integer
Integer

PROGS

LOCAL_COUNT: 37
GLOBAL_COUNT: 37

BASE_AFTER:
(begin
  (send
    (begin
      (send
        (filled-hole
          (lvar InvitationCode(id: integer, token: string, diaspora_user_id: integer, count: integer)) {:method_arg=>false}) :count)) :-
    (filled-hole
      (int 0)
      (int 1)
      (int 2)
      (hole 1 {:hash_depth=>0, :method_arg=>true, :variance=>:+}) {:method_arg=>true})))
BASETYPE: Integer
SIZE WORK_LIST: 59
SIZE generated: 4
EVALUABLE#: 3

-------------------------

----------------
TTYPES
true or false
true or false
true or false
true or false
true or false
true or false
true or false
true or false
true or false
true or false
true or false

PROGS

LOCAL_COUNT: 38
GLOBAL_COUNT: 38

BASE_AFTER:
(begin
  (send
    (lvar :arg0) :count=
    (hole 1 {:hash_depth=>0, :method_arg=>true, :variance=>:+}))
  (true))
BASETYPE: true or false
SIZE WORK_LIST: 62
SIZE generated: 11
EVALUABLE#: 0

-------------------------

----------------
TTYPES
Integer
Integer

PROGS

LOCAL_COUNT: 39
GLOBAL_COUNT: 39

BASE_AFTER:
(begin
  (send
    (begin
      (send
        (lvar InvitationCode(id: integer, token: string, diaspora_user_id: integer, count: integer)) :count)) :-
    (int 0)))
BASETYPE: Integer
SIZE WORK_LIST: 72
SIZE generated: 2
EVALUABLE#: 0

-------------------------

----------------
TTYPES
Integer
Integer

PROGS

LOCAL_COUNT: 40
GLOBAL_COUNT: 40

BASE_AFTER:
(begin
  (send
    (begin
      (send
        (lvar InvitationCode(id: integer, token: string, diaspora_user_id: integer, count: integer)) :count)) :-
    (int 1)))
BASETYPE: Integer
SIZE WORK_LIST: 73
SIZE generated: 2
EVALUABLE#: 0

-------------------------

----------------
TTYPES
Integer
Integer

PROGS

LOCAL_COUNT: 41
GLOBAL_COUNT: 41

BASE_AFTER:
(begin
  (send
    (begin
      (send
        (lvar InvitationCode(id: integer, token: string, diaspora_user_id: integer, count: integer)) :count)) :-
    (int 2)))
BASETYPE: Integer
SIZE WORK_LIST: 74
SIZE generated: 2
EVALUABLE#: 0

-------------------------

----------------
TTYPES
true or false
true or false
true or false
true or false
true or false
true or false
true or false
true or false
true or false
true or false

PROGS

LOCAL_COUNT: 42
GLOBAL_COUNT: 42

BASE_AFTER:
(begin
  (send
    (lvar :arg0) :count=
    (begin
      (send
        (hole 0 {:hash_depth=>0, :limit_depth=>true, :recv=>true}) :-
        (hole 0 {:hash_depth=>0, :method_arg=>true}))))
  (true))
BASETYPE: true or false
SIZE WORK_LIST: 75
SIZE generated: 10
EVALUABLE#: 9

-------------------------

----------------
TTYPES
true or false

PROGS

LOCAL_COUNT: 43
GLOBAL_COUNT: 43

BASE_AFTER:
(begin
  (send
    (lvar :arg0) :count=
    (begin
      (send
        (hole 0 {:hash_depth=>0, :limit_depth=>true, :recv=>true}) :count)))
  (true))
BASETYPE: true or false
SIZE WORK_LIST: 75
SIZE generated: 1
EVALUABLE#: 1

-------------------------

----------------
TTYPES
true or false
true or false
true or false
true or false
true or false
true or false

PROGS

LOCAL_COUNT: 44
GLOBAL_COUNT: 44

BASE_AFTER:
(begin
  (send
    (lvar :arg0) :diaspora_user=
    (hole 1 {:hash_depth=>0, :method_arg=>true, :variance=>:+}))
  (true))
BASETYPE: true or false
SIZE WORK_LIST: 75
SIZE generated: 6
EVALUABLE#: 0

-------------------------

----------------
TTYPES
true or false
true or false

PROGS

LOCAL_COUNT: 45
GLOBAL_COUNT: 45

BASE_AFTER:
(begin
  (send
    (lvar :arg0) :count=
    (begin
      (send
        (lvar InvitationCode(id: integer, token: string, diaspora_user_id: integer, count: integer)) :count)))
  (true))
BASETYPE: true or false
SIZE WORK_LIST: 80
SIZE generated: 2
EVALUABLE#: 0

-------------------------

----------------
TTYPES
true or false

PROGS

LOCAL_COUNT: 46
GLOBAL_COUNT: 46

BASE_AFTER:
(begin
  (send
    (lvar :arg0) :diaspora_user=
    (begin
      (send
        (hole 0 {:hash_depth=>0, :limit_depth=>true, :recv=>true}) :count)))
  (true))
BASETYPE: true or false
SIZE WORK_LIST: 81
SIZE generated: 1
EVALUABLE#: 1

-------------------------

----------------
TTYPES
true or false
true or false
true or false
true or false
true or false
true or false
true or false
true or false
true or false
true or false
true or false

PROGS

LOCAL_COUNT: 47
GLOBAL_COUNT: 47

BASE_AFTER:
(begin
  (send
    (lvar :arg0) :count=
    (hole 1 {:hash_depth=>0, :method_arg=>true, :variance=>:+}))
  (false))
BASETYPE: true or false
SIZE WORK_LIST: 80
SIZE generated: 11
EVALUABLE#: 0

-------------------------

----------------
TTYPES
true or false

PROGS

LOCAL_COUNT: 48
GLOBAL_COUNT: 48

BASE_AFTER:
(begin
  (send
    (lvar :arg0) :count=
    (begin
      (send
        (hole 0 {:hash_depth=>0, :limit_depth=>true, :recv=>true}) :count)))
  (false))
BASETYPE: true or false
SIZE WORK_LIST: 90
SIZE generated: 1
EVALUABLE#: 1

-------------------------

----------------
TTYPES
true or false
true or false
true or false
true or false
true or false
true or false

PROGS

LOCAL_COUNT: 49
GLOBAL_COUNT: 49

BASE_AFTER:
(begin
  (send
    (lvar :arg0) :diaspora_user=
    (hole 1 {:hash_depth=>0, :method_arg=>true, :variance=>:+}))
  (false))
BASETYPE: true or false
SIZE WORK_LIST: 90
SIZE generated: 6
EVALUABLE#: 0

-------------------------

----------------
TTYPES
true or false
true or false

PROGS

LOCAL_COUNT: 50
GLOBAL_COUNT: 50

BASE_AFTER:
(begin
  (send
    (lvar :arg0) :count=
    (begin
      (send
        (lvar InvitationCode(id: integer, token: string, diaspora_user_id: integer, count: integer)) :count)))
  (false))
BASETYPE: true or false
SIZE WORK_LIST: 95
SIZE generated: 2
EVALUABLE#: 0

-------------------------

----------------
TTYPES
true or false

PROGS

LOCAL_COUNT: 51
GLOBAL_COUNT: 51

BASE_AFTER:
(begin
  (send
    (lvar :arg0) :diaspora_user=
    (begin
      (send
        (hole 0 {:hash_depth=>0, :limit_depth=>true, :recv=>true}) :count)))
  (false))
BASETYPE: true or false
SIZE WORK_LIST: 96
SIZE generated: 1
EVALUABLE#: 1

-------------------------

----------------
TTYPES
Integer
Integer
Integer
Integer
Integer
Integer
Integer
Integer
Integer
Integer
Integer

PROGS

LOCAL_COUNT: 52
GLOBAL_COUNT: 52

BASE_AFTER:
(begin
  (send
    (lvar :arg0) :count=
    (hole 1 {:hash_depth=>0, :method_arg=>true, :variance=>:+}))
  (int 0))
BASETYPE: Integer
SIZE WORK_LIST: 95
SIZE generated: 11
EVALUABLE#: 0

-------------------------

----------------
TTYPES
Integer

PROGS

LOCAL_COUNT: 53
GLOBAL_COUNT: 53

BASE_AFTER:
(begin
  (send
    (lvar :arg0) :count=
    (begin
      (send
        (hole 0 {:hash_depth=>0, :limit_depth=>true, :recv=>true}) :count)))
  (int 0))
BASETYPE: Integer
SIZE WORK_LIST: 105
SIZE generated: 1
EVALUABLE#: 1

-------------------------

----------------
TTYPES
Integer
Integer
Integer
Integer
Integer
Integer

PROGS

LOCAL_COUNT: 54
GLOBAL_COUNT: 54

BASE_AFTER:
(begin
  (send
    (lvar :arg0) :diaspora_user=
    (hole 1 {:hash_depth=>0, :method_arg=>true, :variance=>:+}))
  (int 0))
BASETYPE: Integer
SIZE WORK_LIST: 105
SIZE generated: 6
EVALUABLE#: 0

-------------------------

----------------
TTYPES
Integer
Integer

PROGS

LOCAL_COUNT: 55
GLOBAL_COUNT: 55

BASE_AFTER:
(begin
  (send
    (lvar :arg0) :count=
    (begin
      (send
        (lvar InvitationCode(id: integer, token: string, diaspora_user_id: integer, count: integer)) :count)))
  (int 0))
BASETYPE: Integer
SIZE WORK_LIST: 110
SIZE generated: 2
EVALUABLE#: 0

-------------------------

----------------
TTYPES
Integer

PROGS

LOCAL_COUNT: 56
GLOBAL_COUNT: 56

BASE_AFTER:
(begin
  (send
    (lvar :arg0) :diaspora_user=
    (begin
      (send
        (hole 0 {:hash_depth=>0, :limit_depth=>true, :recv=>true}) :count)))
  (int 0))
BASETYPE: Integer
SIZE WORK_LIST: 111
SIZE generated: 1
EVALUABLE#: 1

-------------------------

----------------
TTYPES
Integer
Integer
Integer
Integer
Integer
Integer
Integer
Integer
Integer
Integer
Integer

PROGS

LOCAL_COUNT: 57
GLOBAL_COUNT: 57

BASE_AFTER:
(begin
  (send
    (lvar :arg0) :count=
    (hole 1 {:hash_depth=>0, :method_arg=>true, :variance=>:+}))
  (int 1))
BASETYPE: Integer
SIZE WORK_LIST: 110
SIZE generated: 11
EVALUABLE#: 0

-------------------------

----------------
TTYPES
Integer

PROGS

LOCAL_COUNT: 58
GLOBAL_COUNT: 58

BASE_AFTER:
(begin
  (send
    (lvar :arg0) :count=
    (begin
      (send
        (hole 0 {:hash_depth=>0, :limit_depth=>true, :recv=>true}) :count)))
  (int 1))
BASETYPE: Integer
SIZE WORK_LIST: 120
SIZE generated: 1
EVALUABLE#: 1

-------------------------

----------------
TTYPES
Integer
Integer
Integer
Integer
Integer
Integer

PROGS

LOCAL_COUNT: 59
GLOBAL_COUNT: 59

BASE_AFTER:
(begin
  (send
    (lvar :arg0) :diaspora_user=
    (hole 1 {:hash_depth=>0, :method_arg=>true, :variance=>:+}))
  (int 1))
BASETYPE: Integer
SIZE WORK_LIST: 120
SIZE generated: 6
EVALUABLE#: 0

-------------------------

----------------
TTYPES
Integer
Integer

PROGS

LOCAL_COUNT: 60
GLOBAL_COUNT: 60

BASE_AFTER:
(begin
  (send
    (lvar :arg0) :count=
    (begin
      (send
        (lvar InvitationCode(id: integer, token: string, diaspora_user_id: integer, count: integer)) :count)))
  (int 1))
BASETYPE: Integer
SIZE WORK_LIST: 125
SIZE generated: 2
EVALUABLE#: 0

-------------------------

----------------
TTYPES
true or false
true or false
Integer
Integer
Integer
String
%bot

PROGS

LOCAL_COUNT: 1
GLOBAL_COUNT: 61

BASE_AFTER:
(filled-hole
  (true)
  (false)
  (int 0)
  (int 1)
  (int 2)
  (str "")
  (hole 1 {:hash_depth=>0, :method_arg=>false, :variance=>:-}) {:method_arg=>false})
BASETYPE: %bot
SIZE WORK_LIST: 0
SIZE generated: 7
EVALUABLE#: 6

-------------------------

----------------
TTYPES
true or false
true or false

PROGS

LOCAL_COUNT: 2
GLOBAL_COUNT: 62

BASE_AFTER:
(true)
BASETYPE: true or false
SIZE WORK_LIST: 6
SIZE generated: 2
EVALUABLE#: 0

-------------------------

----------------
TTYPES
true or false
true or false

PROGS

LOCAL_COUNT: 3
GLOBAL_COUNT: 63

BASE_AFTER:
(false)
BASETYPE: true or false
SIZE WORK_LIST: 7
SIZE generated: 2
EVALUABLE#: 0

-------------------------

----------------
TTYPES
Integer
Integer

PROGS

LOCAL_COUNT: 4
GLOBAL_COUNT: 64

BASE_AFTER:
(int 0)
BASETYPE: Integer
SIZE WORK_LIST: 8
SIZE generated: 2
EVALUABLE#: 0

-------------------------

----------------
TTYPES
Integer
Integer

PROGS

LOCAL_COUNT: 5
GLOBAL_COUNT: 65

BASE_AFTER:
(int 1)
BASETYPE: Integer
SIZE WORK_LIST: 9
SIZE generated: 2
EVALUABLE#: 0

-------------------------

----------------
TTYPES
Integer
Integer

PROGS

LOCAL_COUNT: 6
GLOBAL_COUNT: 66

BASE_AFTER:
(int 2)
BASETYPE: Integer
SIZE WORK_LIST: 10
SIZE generated: 2
EVALUABLE#: 0

-------------------------

----------------
TTYPES
String
String

PROGS

LOCAL_COUNT: 7
GLOBAL_COUNT: 67

BASE_AFTER:
(str "")
BASETYPE: String
SIZE WORK_LIST: 11
SIZE generated: 2
EVALUABLE#: 0

-------------------------

----------------
TTYPES
%bot

PROGS

LOCAL_COUNT: 8
GLOBAL_COUNT: 68

BASE_AFTER:
(filled-hole
  (hole 2 {:hash_depth=>0, :method_arg=>false, :variance=>:-}) {:method_arg=>false})
BASETYPE: %bot
SIZE WORK_LIST: 12
SIZE generated: 1
EVALUABLE#: 0

-------------------------

----------------
TTYPES
true or false
true or false
true or false
true or false

PROGS

LOCAL_COUNT: 9
GLOBAL_COUNT: 69

BASE_AFTER:
(begin
  (send
    (hole 0 {:hash_depth=>0, :limit_depth=>true, :recv=>true}) :count=
    (hole 0 {:hash_depth=>0, :method_arg=>true}))
  (true))
BASETYPE: true or false
SIZE WORK_LIST: 12
SIZE generated: 4
EVALUABLE#: 3

-------------------------

----------------
TTYPES
true or false

PROGS

LOCAL_COUNT: 1
GLOBAL_COUNT: 70

BASE_AFTER:
(filled-hole
  (hole 1 {:hash_depth=>0, :method_arg=>false, :variance=>:+}) {:method_arg=>false})
BASETYPE: true or false
SIZE WORK_LIST: 0
SIZE generated: 1
EVALUABLE#: 0

-------------------------

----------------
TTYPES
true or false
true or false

PROGS

LOCAL_COUNT: 2
GLOBAL_COUNT: 71

BASE_AFTER:
(filled-hole
  (begin
    (send
      (hole 0 {:hash_depth=>0, :limit_depth=>true, :recv=>true}) :-
      (hole 0 {:hash_depth=>0, :method_arg=>true})))
  (begin
    (send
      (hole 0 {:hash_depth=>0, :limit_depth=>true, :recv=>true}) :save))
  (begin
    (send
      (hole 0 {:hash_depth=>0, :limit_depth=>true, :recv=>true}) :count))
  (begin
    (send
      (hole 0 {:hash_depth=>0, :limit_depth=>true, :recv=>true}) :-
      (hole 0 {:hash_depth=>0, :method_arg=>true})))
  (begin
    (send
      (hole 0 {:hash_depth=>0, :limit_depth=>true, :recv=>true}) :save))
  (hole 2 {:hash_depth=>0, :method_arg=>false, :variance=>:+}) {:method_arg=>false})
BASETYPE: true or false
SIZE WORK_LIST: 0
SIZE generated: 2
EVALUABLE#: 0

-------------------------

----------------
TTYPES
true or false

PROGS

LOCAL_COUNT: 3
GLOBAL_COUNT: 72

BASE_AFTER:
(begin
  (send
    (filled-hole
      (lvar InvitationCode(id: integer, token: string, diaspora_user_id: integer, count: integer)) {:method_arg=>false}) :save))
BASETYPE: true or false
SIZE WORK_LIST: 1
SIZE generated: 1
EVALUABLE#: 1

-------------------------

----------------
TTYPES
true or false
true or false
Integer
Integer
Integer
String
%bot

PROGS

LOCAL_COUNT: 1
GLOBAL_COUNT: 1

BASE_AFTER:
(filled-hole
  (true)
  (false)
  (int 0)
  (int 1)
  (int 2)
  (str "")
  (hole 1 {:hash_depth=>0, :method_arg=>false, :variance=>:-}) {:method_arg=>false})
BASETYPE: %bot
SIZE WORK_LIST: 0
SIZE generated: 7
EVALUABLE#: 6

-------------------------

----------------
TTYPES
true or false
true or false

PROGS

LOCAL_COUNT: 2
GLOBAL_COUNT: 2

BASE_AFTER:
(true)
BASETYPE: true or false
SIZE WORK_LIST: 6
SIZE generated: 2
EVALUABLE#: 0

-------------------------

----------------
TTYPES
true or false
true or false

PROGS

LOCAL_COUNT: 3
GLOBAL_COUNT: 3

BASE_AFTER:
(false)
BASETYPE: true or false
SIZE WORK_LIST: 7
SIZE generated: 2
EVALUABLE#: 0

-------------------------

----------------
TTYPES
Integer
Integer

PROGS

LOCAL_COUNT: 4
GLOBAL_COUNT: 4

BASE_AFTER:
(int 0)
BASETYPE: Integer
SIZE WORK_LIST: 8
SIZE generated: 2
EVALUABLE#: 0

-------------------------

----------------
TTYPES
Integer
Integer

PROGS

LOCAL_COUNT: 5
GLOBAL_COUNT: 5

BASE_AFTER:
(int 1)
BASETYPE: Integer
SIZE WORK_LIST: 9
SIZE generated: 2
EVALUABLE#: 0

-------------------------

----------------
TTYPES
Integer
Integer

PROGS

LOCAL_COUNT: 6
GLOBAL_COUNT: 6

BASE_AFTER:
(int 2)
BASETYPE: Integer
SIZE WORK_LIST: 10
SIZE generated: 2
EVALUABLE#: 0

-------------------------

----------------
TTYPES
String
String

PROGS

LOCAL_COUNT: 7
GLOBAL_COUNT: 7

BASE_AFTER:
(str "")
BASETYPE: String
SIZE WORK_LIST: 11
SIZE generated: 2
EVALUABLE#: 0

-------------------------

----------------
TTYPES
%bot

PROGS

LOCAL_COUNT: 8
GLOBAL_COUNT: 8

BASE_AFTER:
(filled-hole
  (begin
    (send
      (hole 0 {:hash_depth=>0, :limit_depth=>true, :recv=>true}) :-
      (hole 0 {:hash_depth=>0, :method_arg=>true})))
  (begin
    (send
      (hole 0 {:hash_depth=>0, :limit_depth=>true, :recv=>true}) :count))
  (begin
    (send
      (hole 0 {:hash_depth=>0, :limit_depth=>true, :recv=>true}) :-
      (hole 0 {:hash_depth=>0, :method_arg=>true})))
  (hole 2 {:hash_depth=>0, :method_arg=>false, :variance=>:-}) {:method_arg=>false})
BASETYPE: %bot
SIZE WORK_LIST: 12
SIZE generated: 1
EVALUABLE#: 0

-------------------------

----------------
TTYPES
true or false
true or false
true or false
true or false

PROGS

LOCAL_COUNT: 9
GLOBAL_COUNT: 9

BASE_AFTER:
(begin
  (send
    (hole 0 {:hash_depth=>0, :limit_depth=>true, :recv=>true}) :count=
    (hole 0 {:hash_depth=>0, :method_arg=>true}))
  (true))
BASETYPE: true or false
SIZE WORK_LIST: 12
SIZE generated: 4
EVALUABLE#: 3

-------------------------

----------------
TTYPES
true or false

PROGS

LOCAL_COUNT: 10
GLOBAL_COUNT: 10

BASE_AFTER:
(begin
  (send
    (hole 0 {:hash_depth=>0, :limit_depth=>true, :recv=>true}) :diaspora_user=
    (hole 0 {:hash_depth=>0, :method_arg=>true}))
  (true))
BASETYPE: true or false
SIZE WORK_LIST: 14
SIZE generated: 1
EVALUABLE#: 0

-------------------------

----------------
TTYPES
true or false
true or false
true or false
true or false

PROGS

LOCAL_COUNT: 11
GLOBAL_COUNT: 11

BASE_AFTER:
(begin
  (send
    (hole 0 {:hash_depth=>0, :limit_depth=>true, :recv=>true}) :count=
    (hole 0 {:hash_depth=>0, :method_arg=>true}))
  (false))
BASETYPE: true or false
SIZE WORK_LIST: 14
SIZE generated: 4
EVALUABLE#: 3

-------------------------

----------------
TTYPES
true or false

PROGS

LOCAL_COUNT: 12
GLOBAL_COUNT: 12

BASE_AFTER:
(begin
  (send
    (hole 0 {:hash_depth=>0, :limit_depth=>true, :recv=>true}) :diaspora_user=
    (hole 0 {:hash_depth=>0, :method_arg=>true}))
  (false))
BASETYPE: true or false
SIZE WORK_LIST: 16
SIZE generated: 1
EVALUABLE#: 0

-------------------------

----------------
TTYPES
Integer
Integer
Integer
Integer
Integer

PROGS

LOCAL_COUNT: 13
GLOBAL_COUNT: 13

BASE_AFTER:
(begin
  (send
    (hole 0 {:hash_depth=>0, :limit_depth=>true, :recv=>true}) :count=
    (hole 0 {:hash_depth=>0, :method_arg=>true}))
  (int 0))
BASETYPE: Integer
SIZE WORK_LIST: 16
SIZE generated: 5
EVALUABLE#: 4

-------------------------

----------------
TTYPES
Integer

PROGS

LOCAL_COUNT: 14
GLOBAL_COUNT: 14

BASE_AFTER:
(begin
  (send
    (hole 0 {:hash_depth=>0, :limit_depth=>true, :recv=>true}) :diaspora_user=
    (hole 0 {:hash_depth=>0, :method_arg=>true}))
  (int 0))
BASETYPE: Integer
SIZE WORK_LIST: 19
SIZE generated: 1
EVALUABLE#: 0

-------------------------

----------------
TTYPES
Integer
Integer
Integer
Integer
Integer

PROGS

LOCAL_COUNT: 15
GLOBAL_COUNT: 15

BASE_AFTER:
(begin
  (send
    (hole 0 {:hash_depth=>0, :limit_depth=>true, :recv=>true}) :count=
    (hole 0 {:hash_depth=>0, :method_arg=>true}))
  (int 1))
BASETYPE: Integer
SIZE WORK_LIST: 19
SIZE generated: 5
EVALUABLE#: 4

-------------------------

----------------
TTYPES
Integer

PROGS

LOCAL_COUNT: 16
GLOBAL_COUNT: 16

BASE_AFTER:
(begin
  (send
    (hole 0 {:hash_depth=>0, :limit_depth=>true, :recv=>true}) :diaspora_user=
    (hole 0 {:hash_depth=>0, :method_arg=>true}))
  (int 1))
BASETYPE: Integer
SIZE WORK_LIST: 22
SIZE generated: 1
EVALUABLE#: 0

-------------------------

----------------
TTYPES
Integer
Integer
Integer
Integer
Integer

PROGS

LOCAL_COUNT: 17
GLOBAL_COUNT: 17

BASE_AFTER:
(begin
  (send
    (hole 0 {:hash_depth=>0, :limit_depth=>true, :recv=>true}) :count=
    (hole 0 {:hash_depth=>0, :method_arg=>true}))
  (int 2))
BASETYPE: Integer
SIZE WORK_LIST: 22
SIZE generated: 5
EVALUABLE#: 4

-------------------------

----------------
TTYPES
Integer

PROGS

LOCAL_COUNT: 18
GLOBAL_COUNT: 18

BASE_AFTER:
(begin
  (send
    (hole 0 {:hash_depth=>0, :limit_depth=>true, :recv=>true}) :diaspora_user=
    (hole 0 {:hash_depth=>0, :method_arg=>true}))
  (int 2))
BASETYPE: Integer
SIZE WORK_LIST: 24
SIZE generated: 1
EVALUABLE#: 0

-------------------------

----------------
TTYPES
String
String
String
String

PROGS

LOCAL_COUNT: 19
GLOBAL_COUNT: 19

BASE_AFTER:
(begin
  (send
    (hole 0 {:hash_depth=>0, :limit_depth=>true, :recv=>true}) :count=
    (hole 0 {:hash_depth=>0, :method_arg=>true}))
  (str ""))
BASETYPE: String
SIZE WORK_LIST: 24
SIZE generated: 4
EVALUABLE#: 3

-------------------------

----------------
TTYPES
String

PROGS

LOCAL_COUNT: 20
GLOBAL_COUNT: 20

BASE_AFTER:
(begin
  (send
    (hole 0 {:hash_depth=>0, :limit_depth=>true, :recv=>true}) :diaspora_user=
    (hole 0 {:hash_depth=>0, :method_arg=>true}))
  (str ""))
BASETYPE: String
SIZE WORK_LIST: 26
SIZE generated: 1
EVALUABLE#: 0

-------------------------

----------------
TTYPES
true or false
true or false

PROGS

LOCAL_COUNT: 21
GLOBAL_COUNT: 21

BASE_AFTER:
(begin
  (send
    (lvar :arg0) :count=
    (int 0))
  (true))
BASETYPE: true or false
SIZE WORK_LIST: 26
SIZE generated: 2
EVALUABLE#: 0

-------------------------

----------------
TTYPES
true or false
true or false

PROGS

LOCAL_COUNT: 22
GLOBAL_COUNT: 22

BASE_AFTER:
(begin
  (send
    (lvar :arg0) :count=
    (int 1))
  (true))
BASETYPE: true or false
SIZE WORK_LIST: 27
SIZE generated: 2
EVALUABLE#: 0

-------------------------

----------------
TTYPES
true or false
true or false

PROGS

LOCAL_COUNT: 23
GLOBAL_COUNT: 23

BASE_AFTER:
(begin
  (send
    (lvar :arg0) :count=
    (int 0))
  (false))
BASETYPE: true or false
SIZE WORK_LIST: 28
SIZE generated: 2
EVALUABLE#: 0

-------------------------

----------------
TTYPES
true or false
true or false

PROGS

LOCAL_COUNT: 24
GLOBAL_COUNT: 24

BASE_AFTER:
(begin
  (send
    (lvar :arg0) :count=
    (int 1))
  (false))
BASETYPE: true or false
SIZE WORK_LIST: 29
SIZE generated: 2
EVALUABLE#: 0

-------------------------

----------------
TTYPES
Integer
Integer

PROGS

LOCAL_COUNT: 25
GLOBAL_COUNT: 25

BASE_AFTER:
(begin
  (send
    (lvar :arg0) :count=
    (int 0))
  (int 0))
BASETYPE: Integer
SIZE WORK_LIST: 30
SIZE generated: 2
EVALUABLE#: 0

-------------------------

----------------
TTYPES
Integer
Integer

PROGS

LOCAL_COUNT: 26
GLOBAL_COUNT: 26

BASE_AFTER:
(begin
  (send
    (lvar :arg0) :count=
    (int 1))
  (int 0))
BASETYPE: Integer
SIZE WORK_LIST: 31
SIZE generated: 2
EVALUABLE#: 0

-------------------------

----------------
TTYPES
Integer
Integer

PROGS

LOCAL_COUNT: 27
GLOBAL_COUNT: 27

BASE_AFTER:
(begin
  (lvasgn :t0
    (int 0))
  (send
    (lvar :arg0) :count=
    (lvar :t0))
  (lvar :t0))
BASETYPE: Integer
SIZE WORK_LIST: 32
SIZE generated: 2
EVALUABLE#: 0

-------------------------

----------------
TTYPES
Integer
Integer

PROGS

LOCAL_COUNT: 28
GLOBAL_COUNT: 28

BASE_AFTER:
(begin
  (send
    (lvar :arg0) :count=
    (int 0))
  (int 1))
BASETYPE: Integer
SIZE WORK_LIST: 33
SIZE generated: 2
EVALUABLE#: 0

-------------------------

----------------
TTYPES
Integer
Integer

PROGS

LOCAL_COUNT: 29
GLOBAL_COUNT: 29

BASE_AFTER:
(begin
  (send
    (lvar :arg0) :count=
    (int 1))
  (int 1))
BASETYPE: Integer
SIZE WORK_LIST: 34
SIZE generated: 2
EVALUABLE#: 0

-------------------------

----------------
TTYPES
Integer
Integer

PROGS

LOCAL_COUNT: 30
GLOBAL_COUNT: 30

BASE_AFTER:
(begin
  (lvasgn :t0
    (int 1))
  (send
    (lvar :arg0) :count=
    (lvar :t0))
  (lvar :t0))
BASETYPE: Integer
SIZE WORK_LIST: 35
SIZE generated: 2
EVALUABLE#: 0

-------------------------

----------------
TTYPES
Integer
Integer

PROGS

LOCAL_COUNT: 31
GLOBAL_COUNT: 31

BASE_AFTER:
(begin
  (send
    (lvar :arg0) :count=
    (int 0))
  (int 2))
BASETYPE: Integer
SIZE WORK_LIST: 36
SIZE generated: 2
EVALUABLE#: 0

-------------------------

----------------
TTYPES
Integer
Integer

PROGS

LOCAL_COUNT: 32
GLOBAL_COUNT: 32

BASE_AFTER:
(begin
  (send
    (lvar :arg0) :count=
    (int 1))
  (int 2))
BASETYPE: Integer
SIZE WORK_LIST: 37
SIZE generated: 2
EVALUABLE#: 0

-------------------------

----------------
TTYPES
String
String

PROGS

LOCAL_COUNT: 33
GLOBAL_COUNT: 33

BASE_AFTER:
(begin
  (send
    (lvar :arg0) :count=
    (int 0))
  (str ""))
BASETYPE: String
SIZE WORK_LIST: 38
SIZE generated: 2
EVALUABLE#: 0

-------------------------

----------------
TTYPES
String
String

PROGS

LOCAL_COUNT: 34
GLOBAL_COUNT: 34

BASE_AFTER:
(begin
  (send
    (lvar :arg0) :count=
    (int 1))
  (str ""))
BASETYPE: String
SIZE WORK_LIST: 39
SIZE generated: 2
EVALUABLE#: 0

-------------------------

----------------
TTYPES
Integer
Integer
Integer
Integer
Integer
Integer
Integer
Integer
%bot

PROGS

LOCAL_COUNT: 35
GLOBAL_COUNT: 35

BASE_AFTER:
(filled-hole
  (begin
    (send
      (send
        (hole 0 {:hash_depth=>0, :limit_depth=>true, :recv=>true}) :id=
        (hole 0 {:hash_depth=>0, :method_arg=>true})) :-
      (hole 0 {:hash_depth=>0, :method_arg=>true})))
  (begin
    (send
      (send
        (hole 0 {:hash_depth=>0, :limit_depth=>true, :recv=>true}) :id=
        (hole 0 {:hash_depth=>0, :method_arg=>true})) :-
      (hole 0 {:hash_depth=>0, :method_arg=>true})))
  (begin
    (send
      (send
        (hole 0 {:hash_depth=>0, :limit_depth=>true, :recv=>true}) :id=
        (hole 0 {:hash_depth=>0, :method_arg=>true})) :count))
  (begin
    (send
      (send
        (hole 0 {:hash_depth=>0, :limit_depth=>true, :recv=>true}) :id) :-
      (hole 0 {:hash_depth=>0, :method_arg=>true})))
  (begin
    (send
      (send
        (hole 0 {:hash_depth=>0, :limit_depth=>true, :recv=>true}) :id) :-
      (hole 0 {:hash_depth=>0, :method_arg=>true})))
  (begin
    (send
      (send
        (hole 0 {:hash_depth=>0, :limit_depth=>true, :recv=>true}) :id) :count))
  (begin
    (send
      (send
        (hole 0 {:hash_depth=>0, :limit_depth=>true, :recv=>true}) :token=
        (hole 0 {:hash_depth=>0, :method_arg=>true})) :count))
  (begin
    (send
      (send
        (hole 0 {:hash_depth=>0, :limit_depth=>true, :recv=>true}) :token=
        (hole 0 {:hash_depth=>0, :method_arg=>true})) :-
      (hole 0 {:hash_depth=>0, :method_arg=>true})))
  (begin
    (send
      (send
        (hole 0 {:hash_depth=>0, :limit_depth=>true, :recv=>true}) :token) :count))
  (begin
    (send
      (send
        (hole 0 {:hash_depth=>0, :limit_depth=>true, :recv=>true}) :token) :-
      (hole 0 {:hash_depth=>0, :method_arg=>true})))
  (begin
    (send
      (send
        (hole 0 {:hash_depth=>0, :limit_depth=>true, :recv=>true}) :diaspora_user_id=
        (hole 0 {:hash_depth=>0, :method_arg=>true})) :-
      (hole 0 {:hash_depth=>0, :method_arg=>true})))
  (begin
    (send
      (send
        (hole 0 {:hash_depth=>0, :limit_depth=>true, :recv=>true}) :diaspora_user_id=
        (hole 0 {:hash_depth=>0, :method_arg=>true})) :-
      (hole 0 {:hash_depth=>0, :method_arg=>true})))
  (begin
    (send
      (send
        (hole 0 {:hash_depth=>0, :limit_depth=>true, :recv=>true}) :diaspora_user_id=
        (hole 0 {:hash_depth=>0, :method_arg=>true})) :count))
  (begin
    (send
      (send
        (hole 0 {:hash_depth=>0, :limit_depth=>true, :recv=>true}) :diaspora_user_id) :-
      (hole 0 {:hash_depth=>0, :method_arg=>true})))
  (begin
    (send
      (send
        (hole 0 {:hash_depth=>0, :limit_depth=>true, :recv=>true}) :diaspora_user_id) :-
      (hole 0 {:hash_depth=>0, :method_arg=>true})))
  (begin
    (send
      (send
        (hole 0 {:hash_depth=>0, :limit_depth=>true, :recv=>true}) :diaspora_user_id) :count))
  (begin
    (send
      (send
        (hole 0 {:hash_depth=>0, :limit_depth=>true, :recv=>true}) :count=
        (hole 0 {:hash_depth=>0, :method_arg=>true})) :-
      (hole 0 {:hash_depth=>0, :method_arg=>true})))
  (begin
    (send
      (send
        (hole 0 {:hash_depth=>0, :limit_depth=>true, :recv=>true}) :count=
        (hole 0 {:hash_depth=>0, :method_arg=>true})) :-
      (hole 0 {:hash_depth=>0, :method_arg=>true})))
  (begin
    (send
      (send
        (hole 0 {:hash_depth=>0, :limit_depth=>true, :recv=>true}) :count=
        (hole 0 {:hash_depth=>0, :method_arg=>true})) :count))
  (begin
    (send
      (begin
        (send
          (hole 0 {:hash_depth=>0, :limit_depth=>true, :recv=>true}) :count)) :-
      (hole 0 {:hash_depth=>0, :method_arg=>true})))
  (begin
    (send
      (begin
        (send
          (hole 0 {:hash_depth=>0, :limit_depth=>true, :recv=>true}) :count)) :-
      (hole 0 {:hash_depth=>0, :method_arg=>true})))
  (begin
    (send
      (begin
        (send
          (hole 0 {:hash_depth=>0, :limit_depth=>true, :recv=>true}) :count)) :count))
  (begin
    (send
      (send
        (hole 0 {:hash_depth=>0, :limit_depth=>true, :recv=>true}) :diaspora_user) :count))
  (begin
    (send
      (send
        (hole 0 {:hash_depth=>0, :limit_depth=>true, :recv=>true}) :diaspora_user) :-
      (hole 0 {:hash_depth=>0, :method_arg=>true})))
  (begin
    (send
      (send
        (hole 0 {:hash_depth=>0, :limit_depth=>true, :recv=>true}) :diaspora_user=
        (hole 0 {:hash_depth=>0, :method_arg=>true})) :count))
  (begin
    (send
      (send
        (hole 0 {:hash_depth=>0, :limit_depth=>true, :recv=>true}) :diaspora_user=
        (hole 0 {:hash_depth=>0, :method_arg=>true})) :-
      (hole 0 {:hash_depth=>0, :method_arg=>true})))
  (begin
    (send
      (begin
        (send
          (hole 0 {:hash_depth=>0, :limit_depth=>true, :recv=>true}) :-
          (hole 0 {:hash_depth=>0, :method_arg=>true}))) :-
      (hole 0 {:hash_depth=>0, :method_arg=>true})))
  (begin
    (send
      (begin
        (send
          (hole 0 {:hash_depth=>0, :limit_depth=>true, :recv=>true}) :-
          (hole 0 {:hash_depth=>0, :method_arg=>true}))) :-
      (hole 0 {:hash_depth=>0, :method_arg=>true})))
  (begin
    (send
      (begin
        (send
          (hole 0 {:hash_depth=>0, :limit_depth=>true, :recv=>true}) :save)) :count))
  (begin
    (send
      (begin
        (send
          (hole 0 {:hash_depth=>0, :limit_depth=>true, :recv=>true}) :save)) :-
      (hole 0 {:hash_depth=>0, :method_arg=>true})))
  (begin
    (send
      (begin
        (send
          (hole 0 {:hash_depth=>0, :limit_depth=>true, :recv=>true}) :count)) :-
      (hole 0 {:hash_depth=>0, :method_arg=>true})))
  (begin
    (send
      (begin
        (send
          (hole 0 {:hash_depth=>0, :limit_depth=>true, :recv=>true}) :count)) :-
      (hole 0 {:hash_depth=>0, :method_arg=>true})))
  (begin
    (send
      (begin
        (send
          (hole 0 {:hash_depth=>0, :limit_depth=>true, :recv=>true}) :-
          (hole 0 {:hash_depth=>0, :method_arg=>true}))) :-
      (hole 0 {:hash_depth=>0, :method_arg=>true})))
  (begin
    (send
      (begin
        (send
          (hole 0 {:hash_depth=>0, :limit_depth=>true, :recv=>true}) :-
          (hole 0 {:hash_depth=>0, :method_arg=>true}))) :-
      (hole 0 {:hash_depth=>0, :method_arg=>true})))
  (begin
    (send
      (begin
        (send
          (hole 0 {:hash_depth=>0, :limit_depth=>true, :recv=>true}) :save)) :count))
  (begin
    (send
      (begin
        (send
          (hole 0 {:hash_depth=>0, :limit_depth=>true, :recv=>true}) :save)) :-
      (hole 0 {:hash_depth=>0, :method_arg=>true})))
  (hole 3 {:hash_depth=>0, :method_arg=>false, :variance=>:-}) {:method_arg=>false})
BASETYPE: %bot
SIZE WORK_LIST: 40
SIZE generated: 9
EVALUABLE#: 0

-------------------------

----------------
TTYPES
Integer
Integer
Integer
Integer
Integer
Integer
Integer
Integer
Integer
Integer
Integer
Integer
Integer
Integer
Integer
Integer
Integer
Integer
Integer
Integer
Integer
Integer
Integer
Integer
Integer
Integer
Integer
Integer
Integer
Integer
Integer
Integer
Integer
Integer
Integer
Integer

PROGS

LOCAL_COUNT: 36
GLOBAL_COUNT: 36

BASE_AFTER:
(begin
  (send
    (begin
      (send
        (filled-hole
          (lvar InvitationCode(id: integer, token: string, diaspora_user_id: integer, count: integer)) {:method_arg=>false}) :-
        (filled-hole
          (lvar :arg0)
          (lvar InvitationCode(id: integer, token: string, diaspora_user_id: integer, count: integer))
          (true)
          (false)
          (int 0)
          (int 1)
          (int 2)
          (str "")
          (hole 1 {:hash_depth=>0, :method_arg=>true, :variance=>:+}) {:method_arg=>true}))) :-
    (filled-hole
      (int 0)
      (int 1)
      (int 2)
      (hole 1 {:hash_depth=>0, :method_arg=>true, :variance=>:+}) {:method_arg=>true})))
BASETYPE: Integer
SIZE WORK_LIST: 48
SIZE generated: 36
EVALUABLE#: 24

-------------------------

----------------
TTYPES
Integer
Integer
Integer
Integer

PROGS

LOCAL_COUNT: 37
GLOBAL_COUNT: 37

BASE_AFTER:
(begin
  (send
    (begin
      (send
        (filled-hole
          (lvar InvitationCode(id: integer, token: string, diaspora_user_id: integer, count: integer)) {:method_arg=>false}) :count)) :-
    (filled-hole
      (int 0)
      (int 1)
      (int 2)
      (hole 1 {:hash_depth=>0, :method_arg=>true, :variance=>:+}) {:method_arg=>true})))
BASETYPE: Integer
SIZE WORK_LIST: 59
SIZE generated: 4
EVALUABLE#: 3

-------------------------

----------------
TTYPES
true or false
true or false
true or false
true or false
true or false
true or false
true or false
true or false
true or false
true or false
true or false

PROGS

LOCAL_COUNT: 38
GLOBAL_COUNT: 38

BASE_AFTER:
(begin
  (send
    (lvar :arg0) :count=
    (hole 1 {:hash_depth=>0, :method_arg=>true, :variance=>:+}))
  (true))
BASETYPE: true or false
SIZE WORK_LIST: 62
SIZE generated: 11
EVALUABLE#: 0

-------------------------

----------------
TTYPES
Integer
Integer

PROGS

LOCAL_COUNT: 39
GLOBAL_COUNT: 39

BASE_AFTER:
(begin
  (send
    (begin
      (send
        (lvar InvitationCode(id: integer, token: string, diaspora_user_id: integer, count: integer)) :count)) :-
    (int 0)))
BASETYPE: Integer
SIZE WORK_LIST: 72
SIZE generated: 2
EVALUABLE#: 0

-------------------------

----------------
TTYPES
Integer
Integer

PROGS

LOCAL_COUNT: 40
GLOBAL_COUNT: 40

BASE_AFTER:
(begin
  (send
    (begin
      (send
        (lvar InvitationCode(id: integer, token: string, diaspora_user_id: integer, count: integer)) :count)) :-
    (int 1)))
BASETYPE: Integer
SIZE WORK_LIST: 73
SIZE generated: 2
EVALUABLE#: 0

-------------------------

----------------
TTYPES
Integer
Integer

PROGS

LOCAL_COUNT: 41
GLOBAL_COUNT: 41

BASE_AFTER:
(begin
  (send
    (begin
      (send
        (lvar InvitationCode(id: integer, token: string, diaspora_user_id: integer, count: integer)) :count)) :-
    (int 2)))
BASETYPE: Integer
SIZE WORK_LIST: 74
SIZE generated: 2
EVALUABLE#: 0

-------------------------

----------------
TTYPES
true or false
true or false
true or false
true or false
true or false
true or false
true or false
true or false
true or false
true or false

PROGS

LOCAL_COUNT: 42
GLOBAL_COUNT: 42

BASE_AFTER:
(begin
  (send
    (lvar :arg0) :count=
    (begin
      (send
        (hole 0 {:hash_depth=>0, :limit_depth=>true, :recv=>true}) :-
        (hole 0 {:hash_depth=>0, :method_arg=>true}))))
  (true))
BASETYPE: true or false
SIZE WORK_LIST: 75
SIZE generated: 10
EVALUABLE#: 9

-------------------------

----------------
TTYPES
true or false

PROGS

LOCAL_COUNT: 43
GLOBAL_COUNT: 43

BASE_AFTER:
(begin
  (send
    (lvar :arg0) :count=
    (begin
      (send
        (hole 0 {:hash_depth=>0, :limit_depth=>true, :recv=>true}) :count)))
  (true))
BASETYPE: true or false
SIZE WORK_LIST: 75
SIZE generated: 1
EVALUABLE#: 1

-------------------------

----------------
TTYPES
true or false
true or false
true or false
true or false
true or false
true or false

PROGS

LOCAL_COUNT: 44
GLOBAL_COUNT: 44

BASE_AFTER:
(begin
  (send
    (lvar :arg0) :diaspora_user=
    (hole 1 {:hash_depth=>0, :method_arg=>true, :variance=>:+}))
  (true))
BASETYPE: true or false
SIZE WORK_LIST: 75
SIZE generated: 6
EVALUABLE#: 0

-------------------------

----------------
TTYPES
true or false
true or false

PROGS

LOCAL_COUNT: 45
GLOBAL_COUNT: 45

BASE_AFTER:
(begin
  (send
    (lvar :arg0) :count=
    (begin
      (send
        (lvar InvitationCode(id: integer, token: string, diaspora_user_id: integer, count: integer)) :count)))
  (true))
BASETYPE: true or false
SIZE WORK_LIST: 80
SIZE generated: 2
EVALUABLE#: 0

-------------------------

----------------
TTYPES
true or false

PROGS

LOCAL_COUNT: 46
GLOBAL_COUNT: 46

BASE_AFTER:
(begin
  (send
    (lvar :arg0) :diaspora_user=
    (begin
      (send
        (hole 0 {:hash_depth=>0, :limit_depth=>true, :recv=>true}) :count)))
  (true))
BASETYPE: true or false
SIZE WORK_LIST: 81
SIZE generated: 1
EVALUABLE#: 1

-------------------------

----------------
TTYPES
true or false
true or false
true or false
true or false
true or false
true or false
true or false
true or false
true or false
true or false
true or false

PROGS

LOCAL_COUNT: 47
GLOBAL_COUNT: 47

BASE_AFTER:
(begin
  (send
    (lvar :arg0) :count=
    (hole 1 {:hash_depth=>0, :method_arg=>true, :variance=>:+}))
  (false))
BASETYPE: true or false
SIZE WORK_LIST: 80
SIZE generated: 11
EVALUABLE#: 0

-------------------------

----------------
TTYPES
true or false

PROGS

LOCAL_COUNT: 48
GLOBAL_COUNT: 48

BASE_AFTER:
(begin
  (send
    (lvar :arg0) :count=
    (begin
      (send
        (hole 0 {:hash_depth=>0, :limit_depth=>true, :recv=>true}) :count)))
  (false))
BASETYPE: true or false
SIZE WORK_LIST: 90
SIZE generated: 1
EVALUABLE#: 1

-------------------------

----------------
TTYPES
true or false
true or false
true or false
true or false
true or false
true or false

PROGS

LOCAL_COUNT: 49
GLOBAL_COUNT: 49

BASE_AFTER:
(begin
  (send
    (lvar :arg0) :diaspora_user=
    (hole 1 {:hash_depth=>0, :method_arg=>true, :variance=>:+}))
  (false))
BASETYPE: true or false
SIZE WORK_LIST: 90
SIZE generated: 6
EVALUABLE#: 0

-------------------------

----------------
TTYPES
true or false
true or false

PROGS

LOCAL_COUNT: 50
GLOBAL_COUNT: 50

BASE_AFTER:
(begin
  (send
    (lvar :arg0) :count=
    (begin
      (send
        (lvar InvitationCode(id: integer, token: string, diaspora_user_id: integer, count: integer)) :count)))
  (false))
BASETYPE: true or false
SIZE WORK_LIST: 95
SIZE generated: 2
EVALUABLE#: 0

-------------------------

----------------
TTYPES
true or false

PROGS

LOCAL_COUNT: 51
GLOBAL_COUNT: 51

BASE_AFTER:
(begin
  (send
    (lvar :arg0) :diaspora_user=
    (begin
      (send
        (hole 0 {:hash_depth=>0, :limit_depth=>true, :recv=>true}) :count)))
  (false))
BASETYPE: true or false
SIZE WORK_LIST: 96
SIZE generated: 1
EVALUABLE#: 1

-------------------------

----------------
TTYPES
Integer
Integer
Integer
Integer
Integer
Integer
Integer
Integer
Integer
Integer
Integer

PROGS

LOCAL_COUNT: 52
GLOBAL_COUNT: 52

BASE_AFTER:
(begin
  (send
    (lvar :arg0) :count=
    (hole 1 {:hash_depth=>0, :method_arg=>true, :variance=>:+}))
  (int 0))
BASETYPE: Integer
SIZE WORK_LIST: 95
SIZE generated: 11
EVALUABLE#: 0

-------------------------

----------------
TTYPES
Integer

PROGS

LOCAL_COUNT: 53
GLOBAL_COUNT: 53

BASE_AFTER:
(begin
  (send
    (lvar :arg0) :count=
    (begin
      (send
        (hole 0 {:hash_depth=>0, :limit_depth=>true, :recv=>true}) :count)))
  (int 0))
BASETYPE: Integer
SIZE WORK_LIST: 105
SIZE generated: 1
EVALUABLE#: 1

-------------------------

----------------
TTYPES
Integer
Integer
Integer
Integer
Integer
Integer

PROGS

LOCAL_COUNT: 54
GLOBAL_COUNT: 54

BASE_AFTER:
(begin
  (send
    (lvar :arg0) :diaspora_user=
    (hole 1 {:hash_depth=>0, :method_arg=>true, :variance=>:+}))
  (int 0))
BASETYPE: Integer
SIZE WORK_LIST: 105
SIZE generated: 6
EVALUABLE#: 0

-------------------------

----------------
TTYPES
Integer
Integer

PROGS

LOCAL_COUNT: 55
GLOBAL_COUNT: 55

BASE_AFTER:
(begin
  (send
    (lvar :arg0) :count=
    (begin
      (send
        (lvar InvitationCode(id: integer, token: string, diaspora_user_id: integer, count: integer)) :count)))
  (int 0))
BASETYPE: Integer
SIZE WORK_LIST: 110
SIZE generated: 2
EVALUABLE#: 0

-------------------------

----------------
TTYPES
Integer

PROGS

LOCAL_COUNT: 56
GLOBAL_COUNT: 56

BASE_AFTER:
(begin
  (send
    (lvar :arg0) :diaspora_user=
    (begin
      (send
        (hole 0 {:hash_depth=>0, :limit_depth=>true, :recv=>true}) :count)))
  (int 0))
BASETYPE: Integer
SIZE WORK_LIST: 111
SIZE generated: 1
EVALUABLE#: 1

-------------------------

----------------
TTYPES
Integer
Integer
Integer
Integer
Integer
Integer
Integer
Integer
Integer
Integer
Integer

PROGS

LOCAL_COUNT: 57
GLOBAL_COUNT: 57

BASE_AFTER:
(begin
  (send
    (lvar :arg0) :count=
    (hole 1 {:hash_depth=>0, :method_arg=>true, :variance=>:+}))
  (int 1))
BASETYPE: Integer
SIZE WORK_LIST: 110
SIZE generated: 11
EVALUABLE#: 0

-------------------------

----------------
TTYPES
Integer

PROGS

LOCAL_COUNT: 58
GLOBAL_COUNT: 58

BASE_AFTER:
(begin
  (send
    (lvar :arg0) :count=
    (begin
      (send
        (hole 0 {:hash_depth=>0, :limit_depth=>true, :recv=>true}) :count)))
  (int 1))
BASETYPE: Integer
SIZE WORK_LIST: 120
SIZE generated: 1
EVALUABLE#: 1

-------------------------

----------------
TTYPES
Integer
Integer
Integer
Integer
Integer
Integer

PROGS

LOCAL_COUNT: 59
GLOBAL_COUNT: 59

BASE_AFTER:
(begin
  (send
    (lvar :arg0) :diaspora_user=
    (hole 1 {:hash_depth=>0, :method_arg=>true, :variance=>:+}))
  (int 1))
BASETYPE: Integer
SIZE WORK_LIST: 120
SIZE generated: 6
EVALUABLE#: 0

-------------------------

----------------
TTYPES
Integer
Integer

PROGS

LOCAL_COUNT: 60
GLOBAL_COUNT: 60

BASE_AFTER:
(begin
  (send
    (lvar :arg0) :count=
    (begin
      (send
        (lvar InvitationCode(id: integer, token: string, diaspora_user_id: integer, count: integer)) :count)))
  (int 1))
BASETYPE: Integer
SIZE WORK_LIST: 125
SIZE generated: 2
EVALUABLE#: 0

-------------------------

----------------
TTYPES
true or false
true or false
Integer
Integer
Integer
String
%bot

PROGS

LOCAL_COUNT: 1
GLOBAL_COUNT: 61

BASE_AFTER:
(filled-hole
  (true)
  (false)
  (int 0)
  (int 1)
  (int 2)
  (str "")
  (hole 1 {:hash_depth=>0, :method_arg=>false, :variance=>:-}) {:method_arg=>false})
BASETYPE: %bot
SIZE WORK_LIST: 0
SIZE generated: 7
EVALUABLE#: 6

-------------------------

----------------
TTYPES
true or false
true or false

PROGS

LOCAL_COUNT: 2
GLOBAL_COUNT: 62

BASE_AFTER:
(true)
BASETYPE: true or false
SIZE WORK_LIST: 6
SIZE generated: 2
EVALUABLE#: 0

-------------------------

----------------
TTYPES
true or false
true or false

PROGS

LOCAL_COUNT: 3
GLOBAL_COUNT: 63

BASE_AFTER:
(false)
BASETYPE: true or false
SIZE WORK_LIST: 7
SIZE generated: 2
EVALUABLE#: 0

-------------------------

----------------
TTYPES
Integer
Integer

PROGS

LOCAL_COUNT: 4
GLOBAL_COUNT: 64

BASE_AFTER:
(int 0)
BASETYPE: Integer
SIZE WORK_LIST: 8
SIZE generated: 2
EVALUABLE#: 0

-------------------------

----------------
TTYPES
Integer
Integer

PROGS

LOCAL_COUNT: 5
GLOBAL_COUNT: 65

BASE_AFTER:
(int 1)
BASETYPE: Integer
SIZE WORK_LIST: 9
SIZE generated: 2
EVALUABLE#: 0

-------------------------

----------------
TTYPES
Integer
Integer

PROGS

LOCAL_COUNT: 6
GLOBAL_COUNT: 66

BASE_AFTER:
(int 2)
BASETYPE: Integer
SIZE WORK_LIST: 10
SIZE generated: 2
EVALUABLE#: 0

-------------------------

----------------
TTYPES
String
String

PROGS

LOCAL_COUNT: 7
GLOBAL_COUNT: 67

BASE_AFTER:
(str "")
BASETYPE: String
SIZE WORK_LIST: 11
SIZE generated: 2
EVALUABLE#: 0

-------------------------

----------------
TTYPES
%bot

PROGS

LOCAL_COUNT: 8
GLOBAL_COUNT: 68

BASE_AFTER:
(filled-hole
  (hole 2 {:hash_depth=>0, :method_arg=>false, :variance=>:-}) {:method_arg=>false})
BASETYPE: %bot
SIZE WORK_LIST: 12
SIZE generated: 1
EVALUABLE#: 0

-------------------------

----------------
TTYPES
true or false
true or false
true or false
true or false

PROGS

LOCAL_COUNT: 9
GLOBAL_COUNT: 69

BASE_AFTER:
(begin
  (send
    (hole 0 {:hash_depth=>0, :limit_depth=>true, :recv=>true}) :count=
    (hole 0 {:hash_depth=>0, :method_arg=>true}))
  (true))
BASETYPE: true or false
SIZE WORK_LIST: 12
SIZE generated: 4
EVALUABLE#: 3

-------------------------

----------------
TTYPES
true or false

PROGS

LOCAL_COUNT: 1
GLOBAL_COUNT: 70

BASE_AFTER:
(filled-hole
  (hole 1 {:hash_depth=>0, :method_arg=>false, :variance=>:+}) {:method_arg=>false})
BASETYPE: true or false
SIZE WORK_LIST: 0
SIZE generated: 1
EVALUABLE#: 0

-------------------------

----------------
TTYPES
true or false
true or false

PROGS

LOCAL_COUNT: 2
GLOBAL_COUNT: 71

BASE_AFTER:
(filled-hole
  (begin
    (send
      (hole 0 {:hash_depth=>0, :limit_depth=>true, :recv=>true}) :-
      (hole 0 {:hash_depth=>0, :method_arg=>true})))
  (begin
    (send
      (hole 0 {:hash_depth=>0, :limit_depth=>true, :recv=>true}) :save))
  (begin
    (send
      (hole 0 {:hash_depth=>0, :limit_depth=>true, :recv=>true}) :count))
  (begin
    (send
      (hole 0 {:hash_depth=>0, :limit_depth=>true, :recv=>true}) :-
      (hole 0 {:hash_depth=>0, :method_arg=>true})))
  (begin
    (send
      (hole 0 {:hash_depth=>0, :limit_depth=>true, :recv=>true}) :save))
  (hole 2 {:hash_depth=>0, :method_arg=>false, :variance=>:+}) {:method_arg=>false})
BASETYPE: true or false
SIZE WORK_LIST: 0
SIZE generated: 2
EVALUABLE#: 0

-------------------------

----------------
TTYPES
true or false

PROGS

LOCAL_COUNT: 3
GLOBAL_COUNT: 72

BASE_AFTER:
(begin
  (send
    (filled-hole
      (lvar InvitationCode(id: integer, token: string, diaspora_user_id: integer, count: integer)) {:method_arg=>false}) :save))
BASETYPE: true or false
SIZE WORK_LIST: 1
SIZE generated: 1
EVALUABLE#: 1

-------------------------

----------------
TTYPES
Integer
true or false
Integer
true or false
true or false
true or false
Integer
true or false
Integer
true or false
Integer
true or false
Integer
true or false
true or false
true or false
true or false
true or false
true or false
true or false
true or false
true or false
true or false
true or false
true or false
true or false
true or false
true or false
true or false
true or false
true or false
true or false
true or false
true or false
true or false
true or false
Integer
true or false
true or false
true or false
true or false
true or false
true or false
true or false
true or false
true or false
true or false
true or false
true or false
true or false
true or false
true or false
true or false
true or false
true or false
true or false
true or false
true or false
true or false
Integer
true or false
true or false

PROGS

LOCAL_COUNT: 4
GLOBAL_COUNT: 73

BASE_AFTER:
(filled-hole
  (begin
    (send
      (send
        (hole 0 {:hash_depth=>0, :limit_depth=>true, :recv=>true}) :id=
        (hole 0 {:hash_depth=>0, :method_arg=>true})) :-
      (hole 0 {:hash_depth=>0, :method_arg=>true})))
  (begin
    (send
      (send
        (hole 0 {:hash_depth=>0, :limit_depth=>true, :recv=>true}) :id=
        (hole 0 {:hash_depth=>0, :method_arg=>true})) :-
      (hole 0 {:hash_depth=>0, :method_arg=>true})))
  (begin
    (send
      (send
        (hole 0 {:hash_depth=>0, :limit_depth=>true, :recv=>true}) :id=
        (hole 0 {:hash_depth=>0, :method_arg=>true})) :-
      (hole 0 {:hash_depth=>0, :method_arg=>true})))
  (begin
    (send
      (send
        (hole 0 {:hash_depth=>0, :limit_depth=>true, :recv=>true}) :id=
        (hole 0 {:hash_depth=>0, :method_arg=>true})) :count))
  (begin
    (send
      (send
        (hole 0 {:hash_depth=>0, :limit_depth=>true, :recv=>true}) :id=
        (hole 0 {:hash_depth=>0, :method_arg=>true})) :save))
  (begin
    (send
      (send
        (hole 0 {:hash_depth=>0, :limit_depth=>true, :recv=>true}) :id) :-
      (hole 0 {:hash_depth=>0, :method_arg=>true})))
  (begin
    (send
      (send
        (hole 0 {:hash_depth=>0, :limit_depth=>true, :recv=>true}) :id) :-
      (hole 0 {:hash_depth=>0, :method_arg=>true})))
  (begin
    (send
      (send
        (hole 0 {:hash_depth=>0, :limit_depth=>true, :recv=>true}) :id) :-
      (hole 0 {:hash_depth=>0, :method_arg=>true})))
  (begin
    (send
      (send
        (hole 0 {:hash_depth=>0, :limit_depth=>true, :recv=>true}) :id) :count))
  (begin
    (send
      (send
        (hole 0 {:hash_depth=>0, :limit_depth=>true, :recv=>true}) :id) :save))
  (begin
    (send
      (send
        (hole 0 {:hash_depth=>0, :limit_depth=>true, :recv=>true}) :token=
        (hole 0 {:hash_depth=>0, :method_arg=>true})) :count))
  (begin
    (send
      (send
        (hole 0 {:hash_depth=>0, :limit_depth=>true, :recv=>true}) :token=
        (hole 0 {:hash_depth=>0, :method_arg=>true})) :-
      (hole 0 {:hash_depth=>0, :method_arg=>true})))
  (begin
    (send
      (send
        (hole 0 {:hash_depth=>0, :limit_depth=>true, :recv=>true}) :token=
        (hole 0 {:hash_depth=>0, :method_arg=>true})) :save))
  (begin
    (send
      (send
        (hole 0 {:hash_depth=>0, :limit_depth=>true, :recv=>true}) :token) :count))
  (begin
    (send
      (send
        (hole 0 {:hash_depth=>0, :limit_depth=>true, :recv=>true}) :token) :-
      (hole 0 {:hash_depth=>0, :method_arg=>true})))
  (begin
    (send
      (send
        (hole 0 {:hash_depth=>0, :limit_depth=>true, :recv=>true}) :token) :save))
  (begin
    (send
      (send
        (hole 0 {:hash_depth=>0, :limit_depth=>true, :recv=>true}) :diaspora_user_id=
        (hole 0 {:hash_depth=>0, :method_arg=>true})) :-
      (hole 0 {:hash_depth=>0, :method_arg=>true})))
  (begin
    (send
      (send
        (hole 0 {:hash_depth=>0, :limit_depth=>true, :recv=>true}) :diaspora_user_id=
        (hole 0 {:hash_depth=>0, :method_arg=>true})) :-
      (hole 0 {:hash_depth=>0, :method_arg=>true})))
  (begin
    (send
      (send
        (hole 0 {:hash_depth=>0, :limit_depth=>true, :recv=>true}) :diaspora_user_id=
        (hole 0 {:hash_depth=>0, :method_arg=>true})) :-
      (hole 0 {:hash_depth=>0, :method_arg=>true})))
  (begin
    (send
      (send
        (hole 0 {:hash_depth=>0, :limit_depth=>true, :recv=>true}) :diaspora_user_id=
        (hole 0 {:hash_depth=>0, :method_arg=>true})) :count))
  (begin
    (send
      (send
        (hole 0 {:hash_depth=>0, :limit_depth=>true, :recv=>true}) :diaspora_user_id=
        (hole 0 {:hash_depth=>0, :method_arg=>true})) :save))
  (begin
    (send
      (send
        (hole 0 {:hash_depth=>0, :limit_depth=>true, :recv=>true}) :diaspora_user_id) :-
      (hole 0 {:hash_depth=>0, :method_arg=>true})))
  (begin
    (send
      (send
        (hole 0 {:hash_depth=>0, :limit_depth=>true, :recv=>true}) :diaspora_user_id) :-
      (hole 0 {:hash_depth=>0, :method_arg=>true})))
  (begin
    (send
      (send
        (hole 0 {:hash_depth=>0, :limit_depth=>true, :recv=>true}) :diaspora_user_id) :-
      (hole 0 {:hash_depth=>0, :method_arg=>true})))
  (begin
    (send
      (send
        (hole 0 {:hash_depth=>0, :limit_depth=>true, :recv=>true}) :diaspora_user_id) :count))
  (begin
    (send
      (send
        (hole 0 {:hash_depth=>0, :limit_depth=>true, :recv=>true}) :diaspora_user_id) :save))
  (begin
    (send
      (send
        (hole 0 {:hash_depth=>0, :limit_depth=>true, :recv=>true}) :count=
        (hole 0 {:hash_depth=>0, :method_arg=>true})) :-
      (hole 0 {:hash_depth=>0, :method_arg=>true})))
  (begin
    (send
      (send
        (hole 0 {:hash_depth=>0, :limit_depth=>true, :recv=>true}) :count=
        (hole 0 {:hash_depth=>0, :method_arg=>true})) :-
      (hole 0 {:hash_depth=>0, :method_arg=>true})))
  (begin
    (send
      (send
        (hole 0 {:hash_depth=>0, :limit_depth=>true, :recv=>true}) :count=
        (hole 0 {:hash_depth=>0, :method_arg=>true})) :-
      (hole 0 {:hash_depth=>0, :method_arg=>true})))
  (begin
    (send
      (send
        (hole 0 {:hash_depth=>0, :limit_depth=>true, :recv=>true}) :count=
        (hole 0 {:hash_depth=>0, :method_arg=>true})) :count))
  (begin
    (send
      (send
        (hole 0 {:hash_depth=>0, :limit_depth=>true, :recv=>true}) :count=
        (hole 0 {:hash_depth=>0, :method_arg=>true})) :save))
  (begin
    (send
      (begin
        (send
          (hole 0 {:hash_depth=>0, :limit_depth=>true, :recv=>true}) :count)) :-
      (hole 0 {:hash_depth=>0, :method_arg=>true})))
  (begin
    (send
      (begin
        (send
          (hole 0 {:hash_depth=>0, :limit_depth=>true, :recv=>true}) :count)) :-
      (hole 0 {:hash_depth=>0, :method_arg=>true})))
  (begin
    (send
      (begin
        (send
          (hole 0 {:hash_depth=>0, :limit_depth=>true, :recv=>true}) :count)) :-
      (hole 0 {:hash_depth=>0, :method_arg=>true})))
  (begin
    (send
      (begin
        (send
          (hole 0 {:hash_depth=>0, :limit_depth=>true, :recv=>true}) :count)) :-
      (hole 0 {:hash_depth=>0, :method_arg=>true})))
  (begin
    (send
      (begin
        (send
          (hole 0 {:hash_depth=>0, :limit_depth=>true, :recv=>true}) :count)) :-
      (hole 0 {:hash_depth=>0, :method_arg=>true})))
  (begin
    (send
      (begin
        (send
          (hole 0 {:hash_depth=>0, :limit_depth=>true, :recv=>true}) :count)) :-
      (hole 0 {:hash_depth=>0, :method_arg=>true})))
  (begin
    (send
      (begin
        (send
          (hole 0 {:hash_depth=>0, :limit_depth=>true, :recv=>true}) :count)) :count))
  (begin
    (send
      (begin
        (send
          (hole 0 {:hash_depth=>0, :limit_depth=>true, :recv=>true}) :count)) :count))
  (begin
    (send
      (begin
        (send
          (hole 0 {:hash_depth=>0, :limit_depth=>true, :recv=>true}) :count)) :save))
  (begin
    (send
      (begin
        (send
          (hole 0 {:hash_depth=>0, :limit_depth=>true, :recv=>true}) :count)) :save))
  (begin
    (send
      (send
        (hole 0 {:hash_depth=>0, :limit_depth=>true, :recv=>true}) :diaspora_user) :count))
  (begin
    (send
      (send
        (hole 0 {:hash_depth=>0, :limit_depth=>true, :recv=>true}) :diaspora_user) :-
      (hole 0 {:hash_depth=>0, :method_arg=>true})))
  (begin
    (send
      (send
        (hole 0 {:hash_depth=>0, :limit_depth=>true, :recv=>true}) :diaspora_user) :save))
  (begin
    (send
      (send
        (hole 0 {:hash_depth=>0, :limit_depth=>true, :recv=>true}) :diaspora_user=
        (hole 0 {:hash_depth=>0, :method_arg=>true})) :count))
  (begin
    (send
      (send
        (hole 0 {:hash_depth=>0, :limit_depth=>true, :recv=>true}) :diaspora_user=
        (hole 0 {:hash_depth=>0, :method_arg=>true})) :-
      (hole 0 {:hash_depth=>0, :method_arg=>true})))
  (begin
    (send
      (send
        (hole 0 {:hash_depth=>0, :limit_depth=>true, :recv=>true}) :diaspora_user=
        (hole 0 {:hash_depth=>0, :method_arg=>true})) :save))
  (send
    (begin
      (send
        (hole 0 {:hash_depth=>0, :limit_depth=>true, :recv=>true}) :-
        (hole 0 {:hash_depth=>0, :method_arg=>true}))) :confirmed=
    (hole 0 {:hash_depth=>0, :method_arg=>true}))
  (send
    (begin
      (send
        (hole 0 {:hash_depth=>0, :limit_depth=>true, :recv=>true}) :-
        (hole 0 {:hash_depth=>0, :method_arg=>true}))) :confirmed)
  (send
    (begin
      (send
        (hole 0 {:hash_depth=>0, :limit_depth=>true, :recv=>true}) :-
        (hole 0 {:hash_depth=>0, :method_arg=>true}))) :expired=
    (hole 0 {:hash_depth=>0, :method_arg=>true}))
  (send
    (begin
      (send
        (hole 0 {:hash_depth=>0, :limit_depth=>true, :recv=>true}) :-
        (hole 0 {:hash_depth=>0, :method_arg=>true}))) :expired)
  (send
    (begin
      (send
        (hole 0 {:hash_depth=>0, :limit_depth=>true, :recv=>true}) :-
        (hole 0 {:hash_depth=>0, :method_arg=>true}))) :discoverable=
    (hole 0 {:hash_depth=>0, :method_arg=>true}))
  (send
    (begin
      (send
        (hole 0 {:hash_depth=>0, :limit_depth=>true, :recv=>true}) :-
        (hole 0 {:hash_depth=>0, :method_arg=>true}))) :discoverable)
  (send
    (begin
      (send
        (hole 0 {:hash_depth=>0, :limit_depth=>true, :recv=>true}) :-
        (hole 0 {:hash_depth=>0, :method_arg=>true}))) :scheduled_check=
    (hole 0 {:hash_depth=>0, :method_arg=>true}))
  (send
    (begin
      (send
        (hole 0 {:hash_depth=>0, :limit_depth=>true, :recv=>true}) :-
        (hole 0 {:hash_depth=>0, :method_arg=>true}))) :scheduled_check)
  (send
    (begin
      (send
        (hole 0 {:hash_depth=>0, :limit_depth=>true, :recv=>true}) :-
        (hole 0 {:hash_depth=>0, :method_arg=>true}))) :otp_required_for_login=
    (hole 0 {:hash_depth=>0, :method_arg=>true}))
  (send
    (begin
      (send
        (hole 0 {:hash_depth=>0, :limit_depth=>true, :recv=>true}) :-
        (hole 0 {:hash_depth=>0, :method_arg=>true}))) :otp_required_for_login)
  (send
    (begin
      (send
        (hole 0 {:hash_depth=>0, :limit_depth=>true, :recv=>true}) :-
        (hole 0 {:hash_depth=>0, :method_arg=>true}))) :admin=
    (hole 0 {:hash_depth=>0, :method_arg=>true}))
  (send
    (begin
      (send
        (hole 0 {:hash_depth=>0, :limit_depth=>true, :recv=>true}) :-
        (hole 0 {:hash_depth=>0, :method_arg=>true}))) :admin)
  (send
    (begin
      (send
        (hole 0 {:hash_depth=>0, :limit_depth=>true, :recv=>true}) :-
        (hole 0 {:hash_depth=>0, :method_arg=>true}))) :staged=
    (hole 0 {:hash_depth=>0, :method_arg=>true}))
  (send
    (begin
      (send
        (hole 0 {:hash_depth=>0, :limit_depth=>true, :recv=>true}) :-
        (hole 0 {:hash_depth=>0, :method_arg=>true}))) :staged)
  (send
    (begin
      (send
        (hole 0 {:hash_depth=>0, :limit_depth=>true, :recv=>true}) :-
        (hole 0 {:hash_depth=>0, :method_arg=>true}))) :active=
    (hole 0 {:hash_depth=>0, :method_arg=>true}))
  (send
    (begin
      (send
        (hole 0 {:hash_depth=>0, :limit_depth=>true, :recv=>true}) :-
        (hole 0 {:hash_depth=>0, :method_arg=>true}))) :active)
  (send
    (begin
      (send
        (hole 0 {:hash_depth=>0, :limit_depth=>true, :recv=>true}) :-
        (hole 0 {:hash_depth=>0, :method_arg=>true}))) :primary=
    (hole 0 {:hash_depth=>0, :method_arg=>true}))
  (send
    (begin
      (send
        (hole 0 {:hash_depth=>0, :limit_depth=>true, :recv=>true}) :-
        (hole 0 {:hash_depth=>0, :method_arg=>true}))) :primary)
  (send
    (begin
      (send
        (hole 0 {:hash_depth=>0, :limit_depth=>true, :recv=>true}) :-
        (hole 0 {:hash_depth=>0, :method_arg=>true}))) :moderator=
    (hole 0 {:hash_depth=>0, :method_arg=>true}))
  (send
    (begin
      (send
        (hole 0 {:hash_depth=>0, :limit_depth=>true, :recv=>true}) :-
        (hole 0 {:hash_depth=>0, :method_arg=>true}))) :moderator)
  (begin
    (send
      (begin
        (send
          (hole 0 {:hash_depth=>0, :limit_depth=>true, :recv=>true}) :-
          (hole 0 {:hash_depth=>0, :method_arg=>true}))) :-
      (hole 0 {:hash_depth=>0, :method_arg=>true})))
  (begin
    (send
      (begin
        (send
          (hole 0 {:hash_depth=>0, :limit_depth=>true, :recv=>true}) :-
          (hole 0 {:hash_depth=>0, :method_arg=>true}))) :-
      (hole 0 {:hash_depth=>0, :method_arg=>true})))
  (begin
    (send
      (begin
        (send
          (hole 0 {:hash_depth=>0, :limit_depth=>true, :recv=>true}) :-
          (hole 0 {:hash_depth=>0, :method_arg=>true}))) :-
      (hole 0 {:hash_depth=>0, :method_arg=>true})))
  (begin
    (send
      (begin
        (send
          (hole 0 {:hash_depth=>0, :limit_depth=>true, :recv=>true}) :-
          (hole 0 {:hash_depth=>0, :method_arg=>true}))) :save))
  (begin
    (send
      (begin
        (send
          (hole 0 {:hash_depth=>0, :limit_depth=>true, :recv=>true}) :save)) :count))
  (begin
    (send
      (begin
        (send
          (hole 0 {:hash_depth=>0, :limit_depth=>true, :recv=>true}) :save)) :-
      (hole 0 {:hash_depth=>0, :method_arg=>true})))
  (begin
    (send
      (begin
        (send
          (hole 0 {:hash_depth=>0, :limit_depth=>true, :recv=>true}) :save)) :save))
  (send
    (begin
      (send
        (hole 0 {:hash_depth=>0, :limit_depth=>true, :recv=>true}) :count)) :confirmed=
    (hole 0 {:hash_depth=>0, :method_arg=>true}))
  (send
    (begin
      (send
        (hole 0 {:hash_depth=>0, :limit_depth=>true, :recv=>true}) :count)) :confirmed)
  (send
    (begin
      (send
        (hole 0 {:hash_depth=>0, :limit_depth=>true, :recv=>true}) :count)) :expired=
    (hole 0 {:hash_depth=>0, :method_arg=>true}))
  (send
    (begin
      (send
        (hole 0 {:hash_depth=>0, :limit_depth=>true, :recv=>true}) :count)) :expired)
  (send
    (begin
      (send
        (hole 0 {:hash_depth=>0, :limit_depth=>true, :recv=>true}) :count)) :discoverable=
    (hole 0 {:hash_depth=>0, :method_arg=>true}))
  (send
    (begin
      (send
        (hole 0 {:hash_depth=>0, :limit_depth=>true, :recv=>true}) :count)) :discoverable)
  (send
    (begin
      (send
        (hole 0 {:hash_depth=>0, :limit_depth=>true, :recv=>true}) :count)) :scheduled_check=
    (hole 0 {:hash_depth=>0, :method_arg=>true}))
  (send
    (begin
      (send
        (hole 0 {:hash_depth=>0, :limit_depth=>true, :recv=>true}) :count)) :scheduled_check)
  (send
    (begin
      (send
        (hole 0 {:hash_depth=>0, :limit_depth=>true, :recv=>true}) :count)) :otp_required_for_login=
    (hole 0 {:hash_depth=>0, :method_arg=>true}))
  (send
    (begin
      (send
        (hole 0 {:hash_depth=>0, :limit_depth=>true, :recv=>true}) :count)) :otp_required_for_login)
  (send
    (begin
      (send
        (hole 0 {:hash_depth=>0, :limit_depth=>true, :recv=>true}) :count)) :admin=
    (hole 0 {:hash_depth=>0, :method_arg=>true}))
  (send
    (begin
      (send
        (hole 0 {:hash_depth=>0, :limit_depth=>true, :recv=>true}) :count)) :admin)
  (send
    (begin
      (send
        (hole 0 {:hash_depth=>0, :limit_depth=>true, :recv=>true}) :count)) :staged=
    (hole 0 {:hash_depth=>0, :method_arg=>true}))
  (send
    (begin
      (send
        (hole 0 {:hash_depth=>0, :limit_depth=>true, :recv=>true}) :count)) :staged)
  (send
    (begin
      (send
        (hole 0 {:hash_depth=>0, :limit_depth=>true, :recv=>true}) :count)) :active=
    (hole 0 {:hash_depth=>0, :method_arg=>true}))
  (send
    (begin
      (send
        (hole 0 {:hash_depth=>0, :limit_depth=>true, :recv=>true}) :count)) :active)
  (send
    (begin
      (send
        (hole 0 {:hash_depth=>0, :limit_depth=>true, :recv=>true}) :count)) :primary=
    (hole 0 {:hash_depth=>0, :method_arg=>true}))
  (send
    (begin
      (send
        (hole 0 {:hash_depth=>0, :limit_depth=>true, :recv=>true}) :count)) :primary)
  (send
    (begin
      (send
        (hole 0 {:hash_depth=>0, :limit_depth=>true, :recv=>true}) :count)) :moderator=
    (hole 0 {:hash_depth=>0, :method_arg=>true}))
  (send
    (begin
      (send
        (hole 0 {:hash_depth=>0, :limit_depth=>true, :recv=>true}) :count)) :moderator)
  (begin
    (send
      (begin
        (send
          (hole 0 {:hash_depth=>0, :limit_depth=>true, :recv=>true}) :count)) :-
      (hole 0 {:hash_depth=>0, :method_arg=>true})))
  (begin
    (send
      (begin
        (send
          (hole 0 {:hash_depth=>0, :limit_depth=>true, :recv=>true}) :count)) :-
      (hole 0 {:hash_depth=>0, :method_arg=>true})))
  (begin
    (send
      (begin
        (send
          (hole 0 {:hash_depth=>0, :limit_depth=>true, :recv=>true}) :count)) :-
      (hole 0 {:hash_depth=>0, :method_arg=>true})))
  (begin
    (send
      (begin
        (send
          (hole 0 {:hash_depth=>0, :limit_depth=>true, :recv=>true}) :count)) :save))
  (send
    (begin
      (send
        (hole 0 {:hash_depth=>0, :limit_depth=>true, :recv=>true}) :-
        (hole 0 {:hash_depth=>0, :method_arg=>true}))) :confirmed=
    (hole 0 {:hash_depth=>0, :method_arg=>true}))
  (send
    (begin
      (send
        (hole 0 {:hash_depth=>0, :limit_depth=>true, :recv=>true}) :-
        (hole 0 {:hash_depth=>0, :method_arg=>true}))) :confirmed)
  (send
    (begin
      (send
        (hole 0 {:hash_depth=>0, :limit_depth=>true, :recv=>true}) :-
        (hole 0 {:hash_depth=>0, :method_arg=>true}))) :expired=
    (hole 0 {:hash_depth=>0, :method_arg=>true}))
  (send
    (begin
      (send
        (hole 0 {:hash_depth=>0, :limit_depth=>true, :recv=>true}) :-
        (hole 0 {:hash_depth=>0, :method_arg=>true}))) :expired)
  (send
    (begin
      (send
        (hole 0 {:hash_depth=>0, :limit_depth=>true, :recv=>true}) :-
        (hole 0 {:hash_depth=>0, :method_arg=>true}))) :discoverable=
    (hole 0 {:hash_depth=>0, :method_arg=>true}))
  (send
    (begin
      (send
        (hole 0 {:hash_depth=>0, :limit_depth=>true, :recv=>true}) :-
        (hole 0 {:hash_depth=>0, :method_arg=>true}))) :discoverable)
  (send
    (begin
      (send
        (hole 0 {:hash_depth=>0, :limit_depth=>true, :recv=>true}) :-
        (hole 0 {:hash_depth=>0, :method_arg=>true}))) :scheduled_check=
    (hole 0 {:hash_depth=>0, :method_arg=>true}))
  (send
    (begin
      (send
        (hole 0 {:hash_depth=>0, :limit_depth=>true, :recv=>true}) :-
        (hole 0 {:hash_depth=>0, :method_arg=>true}))) :scheduled_check)
  (send
    (begin
      (send
        (hole 0 {:hash_depth=>0, :limit_depth=>true, :recv=>true}) :-
        (hole 0 {:hash_depth=>0, :method_arg=>true}))) :otp_required_for_login=
    (hole 0 {:hash_depth=>0, :method_arg=>true}))
  (send
    (begin
      (send
        (hole 0 {:hash_depth=>0, :limit_depth=>true, :recv=>true}) :-
        (hole 0 {:hash_depth=>0, :method_arg=>true}))) :otp_required_for_login)
  (send
    (begin
      (send
        (hole 0 {:hash_depth=>0, :limit_depth=>true, :recv=>true}) :-
        (hole 0 {:hash_depth=>0, :method_arg=>true}))) :admin=
    (hole 0 {:hash_depth=>0, :method_arg=>true}))
  (send
    (begin
      (send
        (hole 0 {:hash_depth=>0, :limit_depth=>true, :recv=>true}) :-
        (hole 0 {:hash_depth=>0, :method_arg=>true}))) :admin)
  (send
    (begin
      (send
        (hole 0 {:hash_depth=>0, :limit_depth=>true, :recv=>true}) :-
        (hole 0 {:hash_depth=>0, :method_arg=>true}))) :staged=
    (hole 0 {:hash_depth=>0, :method_arg=>true}))
  (send
    (begin
      (send
        (hole 0 {:hash_depth=>0, :limit_depth=>true, :recv=>true}) :-
        (hole 0 {:hash_depth=>0, :method_arg=>true}))) :staged)
  (send
    (begin
      (send
        (hole 0 {:hash_depth=>0, :limit_depth=>true, :recv=>true}) :-
        (hole 0 {:hash_depth=>0, :method_arg=>true}))) :active=
    (hole 0 {:hash_depth=>0, :method_arg=>true}))
  (send
    (begin
      (send
        (hole 0 {:hash_depth=>0, :limit_depth=>true, :recv=>true}) :-
        (hole 0 {:hash_depth=>0, :method_arg=>true}))) :active)
  (send
    (begin
      (send
        (hole 0 {:hash_depth=>0, :limit_depth=>true, :recv=>true}) :-
        (hole 0 {:hash_depth=>0, :method_arg=>true}))) :primary=
    (hole 0 {:hash_depth=>0, :method_arg=>true}))
  (send
    (begin
      (send
        (hole 0 {:hash_depth=>0, :limit_depth=>true, :recv=>true}) :-
        (hole 0 {:hash_depth=>0, :method_arg=>true}))) :primary)
  (send
    (begin
      (send
        (hole 0 {:hash_depth=>0, :limit_depth=>true, :recv=>true}) :-
        (hole 0 {:hash_depth=>0, :method_arg=>true}))) :moderator=
    (hole 0 {:hash_depth=>0, :method_arg=>true}))
  (send
    (begin
      (send
        (hole 0 {:hash_depth=>0, :limit_depth=>true, :recv=>true}) :-
        (hole 0 {:hash_depth=>0, :method_arg=>true}))) :moderator)
  (begin
    (send
      (begin
        (send
          (hole 0 {:hash_depth=>0, :limit_depth=>true, :recv=>true}) :-
          (hole 0 {:hash_depth=>0, :method_arg=>true}))) :-
      (hole 0 {:hash_depth=>0, :method_arg=>true})))
  (begin
    (send
      (begin
        (send
          (hole 0 {:hash_depth=>0, :limit_depth=>true, :recv=>true}) :-
          (hole 0 {:hash_depth=>0, :method_arg=>true}))) :-
      (hole 0 {:hash_depth=>0, :method_arg=>true})))
  (begin
    (send
      (begin
        (send
          (hole 0 {:hash_depth=>0, :limit_depth=>true, :recv=>true}) :-
          (hole 0 {:hash_depth=>0, :method_arg=>true}))) :-
      (hole 0 {:hash_depth=>0, :method_arg=>true})))
  (begin
    (send
      (begin
        (send
          (hole 0 {:hash_depth=>0, :limit_depth=>true, :recv=>true}) :-
          (hole 0 {:hash_depth=>0, :method_arg=>true}))) :save))
  (begin
    (send
      (begin
        (send
          (hole 0 {:hash_depth=>0, :limit_depth=>true, :recv=>true}) :save)) :count))
  (begin
    (send
      (begin
        (send
          (hole 0 {:hash_depth=>0, :limit_depth=>true, :recv=>true}) :save)) :-
      (hole 0 {:hash_depth=>0, :method_arg=>true})))
  (begin
    (send
      (begin
        (send
          (hole 0 {:hash_depth=>0, :limit_depth=>true, :recv=>true}) :save)) :save))
  (hole 3 {:hash_depth=>0, :method_arg=>false, :variance=>:+}) {:method_arg=>false})
BASETYPE: true or false
SIZE WORK_LIST: 0
SIZE generated: 62
EVALUABLE#: 0

-------------------------

----------------
TTYPES
true or false
true or false
true or false

PROGS

LOCAL_COUNT: 5
GLOBAL_COUNT: 74

BASE_AFTER:
(send
  (begin
    (send
      (filled-hole
        (lvar InvitationCode(id: integer, token: string, diaspora_user_id: integer, count: integer)) {:method_arg=>false}) :count)) :confirmed=
  (filled-hole
    (true)
    (false)
    (hole 1 {:hash_depth=>0, :method_arg=>true, :variance=>:+}) {:method_arg=>true}))
BASETYPE: true or false
SIZE WORK_LIST: 61
SIZE generated: 3
EVALUABLE#: 2

-------------------------

----------------
TTYPES
true or false

PROGS

LOCAL_COUNT: 6
GLOBAL_COUNT: 75

BASE_AFTER:
(send
  (begin
    (send
      (filled-hole
        (lvar InvitationCode(id: integer, token: string, diaspora_user_id: integer, count: integer)) {:method_arg=>false}) :count)) :confirmed)
BASETYPE: true or false
SIZE WORK_LIST: 61
SIZE generated: 1
EVALUABLE#: 1

-------------------------

----------------
TTYPES
true or false
true or false
true or false

PROGS

LOCAL_COUNT: 7
GLOBAL_COUNT: 76

BASE_AFTER:
(send
  (begin
    (send
      (filled-hole
        (lvar InvitationCode(id: integer, token: string, diaspora_user_id: integer, count: integer)) {:method_arg=>false}) :count)) :expired=
  (filled-hole
    (true)
    (false)
    (hole 1 {:hash_depth=>0, :method_arg=>true, :variance=>:+}) {:method_arg=>true}))
BASETYPE: true or false
SIZE WORK_LIST: 60
SIZE generated: 3
EVALUABLE#: 2

-------------------------

----------------
TTYPES
true or false

PROGS

LOCAL_COUNT: 8
GLOBAL_COUNT: 77

BASE_AFTER:
(send
  (begin
    (send
      (filled-hole
        (lvar InvitationCode(id: integer, token: string, diaspora_user_id: integer, count: integer)) {:method_arg=>false}) :count)) :expired)
BASETYPE: true or false
SIZE WORK_LIST: 60
SIZE generated: 1
EVALUABLE#: 1

-------------------------

----------------
TTYPES
true or false
true or false
true or false

PROGS

LOCAL_COUNT: 9
GLOBAL_COUNT: 78

BASE_AFTER:
(send
  (begin
    (send
      (filled-hole
        (lvar InvitationCode(id: integer, token: string, diaspora_user_id: integer, count: integer)) {:method_arg=>false}) :count)) :discoverable=
  (filled-hole
    (true)
    (false)
    (hole 1 {:hash_depth=>0, :method_arg=>true, :variance=>:+}) {:method_arg=>true}))
BASETYPE: true or false
SIZE WORK_LIST: 59
SIZE generated: 3
EVALUABLE#: 2

-------------------------

----------------
TTYPES
true or false

PROGS

LOCAL_COUNT: 10
GLOBAL_COUNT: 79

BASE_AFTER:
(send
  (begin
    (send
      (filled-hole
        (lvar InvitationCode(id: integer, token: string, diaspora_user_id: integer, count: integer)) {:method_arg=>false}) :count)) :discoverable)
BASETYPE: true or false
SIZE WORK_LIST: 59
SIZE generated: 1
EVALUABLE#: 1

-------------------------

----------------
TTYPES
true or false
true or false
true or false

PROGS

LOCAL_COUNT: 11
GLOBAL_COUNT: 80

BASE_AFTER:
(send
  (begin
    (send
      (filled-hole
        (lvar InvitationCode(id: integer, token: string, diaspora_user_id: integer, count: integer)) {:method_arg=>false}) :count)) :scheduled_check=
  (filled-hole
    (true)
    (false)
    (hole 1 {:hash_depth=>0, :method_arg=>true, :variance=>:+}) {:method_arg=>true}))
BASETYPE: true or false
SIZE WORK_LIST: 58
SIZE generated: 3
EVALUABLE#: 2

-------------------------

----------------
TTYPES
true or false

PROGS

LOCAL_COUNT: 12
GLOBAL_COUNT: 81

BASE_AFTER:
(send
  (begin
    (send
      (filled-hole
        (lvar InvitationCode(id: integer, token: string, diaspora_user_id: integer, count: integer)) {:method_arg=>false}) :count)) :scheduled_check)
BASETYPE: true or false
SIZE WORK_LIST: 58
SIZE generated: 1
EVALUABLE#: 1

-------------------------

----------------
TTYPES
true or false
true or false
true or false

PROGS

LOCAL_COUNT: 13
GLOBAL_COUNT: 82

BASE_AFTER:
(send
  (begin
    (send
      (filled-hole
        (lvar InvitationCode(id: integer, token: string, diaspora_user_id: integer, count: integer)) {:method_arg=>false}) :count)) :otp_required_for_login=
  (filled-hole
    (true)
    (false)
    (hole 1 {:hash_depth=>0, :method_arg=>true, :variance=>:+}) {:method_arg=>true}))
BASETYPE: true or false
SIZE WORK_LIST: 57
SIZE generated: 3
EVALUABLE#: 2

-------------------------

----------------
TTYPES
true or false

PROGS

LOCAL_COUNT: 14
GLOBAL_COUNT: 83

BASE_AFTER:
(send
  (begin
    (send
      (filled-hole
        (lvar InvitationCode(id: integer, token: string, diaspora_user_id: integer, count: integer)) {:method_arg=>false}) :count)) :otp_required_for_login)
BASETYPE: true or false
SIZE WORK_LIST: 57
SIZE generated: 1
EVALUABLE#: 1

-------------------------

----------------
TTYPES
true or false
true or false
true or false

PROGS

LOCAL_COUNT: 15
GLOBAL_COUNT: 84

BASE_AFTER:
(send
  (begin
    (send
      (filled-hole
        (lvar InvitationCode(id: integer, token: string, diaspora_user_id: integer, count: integer)) {:method_arg=>false}) :count)) :admin=
  (filled-hole
    (true)
    (false)
    (hole 1 {:hash_depth=>0, :method_arg=>true, :variance=>:+}) {:method_arg=>true}))
BASETYPE: true or false
SIZE WORK_LIST: 56
SIZE generated: 3
EVALUABLE#: 2

-------------------------

----------------
TTYPES
true or false

PROGS

LOCAL_COUNT: 16
GLOBAL_COUNT: 85

BASE_AFTER:
(send
  (begin
    (send
      (filled-hole
        (lvar InvitationCode(id: integer, token: string, diaspora_user_id: integer, count: integer)) {:method_arg=>false}) :count)) :admin)
BASETYPE: true or false
SIZE WORK_LIST: 56
SIZE generated: 1
EVALUABLE#: 1

-------------------------

----------------
TTYPES
true or false
true or false
true or false

PROGS

LOCAL_COUNT: 17
GLOBAL_COUNT: 86

BASE_AFTER:
(send
  (begin
    (send
      (filled-hole
        (lvar InvitationCode(id: integer, token: string, diaspora_user_id: integer, count: integer)) {:method_arg=>false}) :count)) :staged=
  (filled-hole
    (true)
    (false)
    (hole 1 {:hash_depth=>0, :method_arg=>true, :variance=>:+}) {:method_arg=>true}))
BASETYPE: true or false
SIZE WORK_LIST: 55
SIZE generated: 3
EVALUABLE#: 2

-------------------------

----------------
TTYPES
true or false

PROGS

LOCAL_COUNT: 18
GLOBAL_COUNT: 87

BASE_AFTER:
(send
  (begin
    (send
      (filled-hole
        (lvar InvitationCode(id: integer, token: string, diaspora_user_id: integer, count: integer)) {:method_arg=>false}) :count)) :staged)
BASETYPE: true or false
SIZE WORK_LIST: 55
SIZE generated: 1
EVALUABLE#: 1

-------------------------

----------------
TTYPES
true or false
true or false
true or false

PROGS

LOCAL_COUNT: 19
GLOBAL_COUNT: 88

BASE_AFTER:
(send
  (begin
    (send
      (filled-hole
        (lvar InvitationCode(id: integer, token: string, diaspora_user_id: integer, count: integer)) {:method_arg=>false}) :count)) :active=
  (filled-hole
    (true)
    (false)
    (hole 1 {:hash_depth=>0, :method_arg=>true, :variance=>:+}) {:method_arg=>true}))
BASETYPE: true or false
SIZE WORK_LIST: 54
SIZE generated: 3
EVALUABLE#: 2

-------------------------

----------------
TTYPES
true or false

PROGS

LOCAL_COUNT: 20
GLOBAL_COUNT: 89

BASE_AFTER:
(send
  (begin
    (send
      (filled-hole
        (lvar InvitationCode(id: integer, token: string, diaspora_user_id: integer, count: integer)) {:method_arg=>false}) :count)) :active)
BASETYPE: true or false
SIZE WORK_LIST: 54
SIZE generated: 1
EVALUABLE#: 1

-------------------------

----------------
TTYPES
true or false
true or false
true or false

PROGS

LOCAL_COUNT: 21
GLOBAL_COUNT: 90

BASE_AFTER:
(send
  (begin
    (send
      (filled-hole
        (lvar InvitationCode(id: integer, token: string, diaspora_user_id: integer, count: integer)) {:method_arg=>false}) :count)) :primary=
  (filled-hole
    (true)
    (false)
    (hole 1 {:hash_depth=>0, :method_arg=>true, :variance=>:+}) {:method_arg=>true}))
BASETYPE: true or false
SIZE WORK_LIST: 53
SIZE generated: 3
EVALUABLE#: 2

-------------------------

----------------
TTYPES
true or false

PROGS

LOCAL_COUNT: 22
GLOBAL_COUNT: 91

BASE_AFTER:
(send
  (begin
    (send
      (filled-hole
        (lvar InvitationCode(id: integer, token: string, diaspora_user_id: integer, count: integer)) {:method_arg=>false}) :count)) :primary)
BASETYPE: true or false
SIZE WORK_LIST: 53
SIZE generated: 1
EVALUABLE#: 1

-------------------------

----------------
TTYPES
true or false
true or false
true or false

PROGS

LOCAL_COUNT: 23
GLOBAL_COUNT: 92

BASE_AFTER:
(send
  (begin
    (send
      (filled-hole
        (lvar InvitationCode(id: integer, token: string, diaspora_user_id: integer, count: integer)) {:method_arg=>false}) :count)) :moderator=
  (filled-hole
    (true)
    (false)
    (hole 1 {:hash_depth=>0, :method_arg=>true, :variance=>:+}) {:method_arg=>true}))
BASETYPE: true or false
SIZE WORK_LIST: 52
SIZE generated: 3
EVALUABLE#: 2

-------------------------

----------------
TTYPES
true or false

PROGS

LOCAL_COUNT: 24
GLOBAL_COUNT: 93

BASE_AFTER:
(send
  (begin
    (send
      (filled-hole
        (lvar InvitationCode(id: integer, token: string, diaspora_user_id: integer, count: integer)) {:method_arg=>false}) :count)) :moderator)
BASETYPE: true or false
SIZE WORK_LIST: 52
SIZE generated: 1
EVALUABLE#: 1

-------------------------

----------------
TTYPES
Integer
Integer
Integer
Integer

PROGS

LOCAL_COUNT: 25
GLOBAL_COUNT: 94

BASE_AFTER:
(begin
  (send
    (begin
      (send
        (filled-hole
          (lvar InvitationCode(id: integer, token: string, diaspora_user_id: integer, count: integer)) {:method_arg=>false}) :count)) :-
    (filled-hole
      (int 0)
      (int 1)
      (int 2)
      (hole 1 {:hash_depth=>0, :method_arg=>true, :variance=>:+}) {:method_arg=>true})))
BASETYPE: Integer
SIZE WORK_LIST: 51
SIZE generated: 4
EVALUABLE#: 3

-------------------------

----------------
TTYPES
Integer
Integer
Integer
Integer
Integer
Integer
Integer
Integer
Integer
Integer
Integer
Integer
Integer
Integer
Integer
Integer

PROGS

LOCAL_COUNT: 26
GLOBAL_COUNT: 95

BASE_AFTER:
(begin
  (send
    (send
      (filled-hole
        (lvar :arg0) {:method_arg=>false}) :id=
      (filled-hole
        (int 0)
        (int 1)
        (int 2)
        (hole 1 {:hash_depth=>0, :method_arg=>true, :variance=>:+}) {:method_arg=>true})) :-
    (filled-hole
      (int 0)
      (int 1)
      (int 2)
      (hole 1 {:hash_depth=>0, :method_arg=>true, :variance=>:+}) {:method_arg=>true})))
BASETYPE: Integer
SIZE WORK_LIST: 51
SIZE generated: 16
EVALUABLE#: 9

-------------------------

----------------
TTYPES
true or false
true or false
true or false
true or false

PROGS

LOCAL_COUNT: 27
GLOBAL_COUNT: 96

BASE_AFTER:
(begin
  (send
    (send
      (filled-hole
        (lvar :arg0) {:method_arg=>false}) :id=
      (filled-hole
        (int 0)
        (int 1)
        (int 2)
        (hole 1 {:hash_depth=>0, :method_arg=>true, :variance=>:+}) {:method_arg=>true})) :save))
BASETYPE: true or false
SIZE WORK_LIST: 57
SIZE generated: 4
EVALUABLE#: 3

-------------------------

----------------
TTYPES
true or false
true or false
Integer
Integer
Integer
String
%bot

PROGS

LOCAL_COUNT: 1
GLOBAL_COUNT: 1

BASE_AFTER:
(filled-hole
  (true)
  (false)
  (int 0)
  (int 1)
  (int 2)
  (str "")
  (hole 1 {:hash_depth=>0, :method_arg=>false, :variance=>:-}) {:method_arg=>false})
BASETYPE: %bot
SIZE WORK_LIST: 0
SIZE generated: 7
EVALUABLE#: 6

-------------------------

----------------
TTYPES
true or false
true or false

PROGS

LOCAL_COUNT: 2
GLOBAL_COUNT: 2

BASE_AFTER:
(true)
BASETYPE: true or false
SIZE WORK_LIST: 6
SIZE generated: 2
EVALUABLE#: 0

-------------------------

----------------
TTYPES
true or false
true or false

PROGS

LOCAL_COUNT: 3
GLOBAL_COUNT: 3

BASE_AFTER:
(false)
BASETYPE: true or false
SIZE WORK_LIST: 7
SIZE generated: 2
EVALUABLE#: 0

-------------------------

----------------
TTYPES
Integer
Integer

PROGS

LOCAL_COUNT: 4
GLOBAL_COUNT: 4

BASE_AFTER:
(int 0)
BASETYPE: Integer
SIZE WORK_LIST: 8
SIZE generated: 2
EVALUABLE#: 0

-------------------------

----------------
TTYPES
Integer
Integer

PROGS

LOCAL_COUNT: 5
GLOBAL_COUNT: 5

BASE_AFTER:
(int 1)
BASETYPE: Integer
SIZE WORK_LIST: 9
SIZE generated: 2
EVALUABLE#: 0

-------------------------

----------------
TTYPES
Integer
Integer

PROGS

LOCAL_COUNT: 6
GLOBAL_COUNT: 6

BASE_AFTER:
(int 2)
BASETYPE: Integer
SIZE WORK_LIST: 10
SIZE generated: 2
EVALUABLE#: 0

-------------------------

----------------
TTYPES
String
String

PROGS

LOCAL_COUNT: 7
GLOBAL_COUNT: 7

BASE_AFTER:
(str "")
BASETYPE: String
SIZE WORK_LIST: 11
SIZE generated: 2
EVALUABLE#: 0

-------------------------

----------------
TTYPES
%bot

PROGS

LOCAL_COUNT: 8
GLOBAL_COUNT: 8

BASE_AFTER:
(filled-hole
  (begin
    (send
      (hole 0 {:hash_depth=>0, :limit_depth=>true, :recv=>true}) :-
      (hole 0 {:hash_depth=>0, :method_arg=>true})))
  (begin
    (send
      (hole 0 {:hash_depth=>0, :limit_depth=>true, :recv=>true}) :count))
  (begin
    (send
      (hole 0 {:hash_depth=>0, :limit_depth=>true, :recv=>true}) :-
      (hole 0 {:hash_depth=>0, :method_arg=>true})))
  (hole 2 {:hash_depth=>0, :method_arg=>false, :variance=>:-}) {:method_arg=>false})
BASETYPE: %bot
SIZE WORK_LIST: 12
SIZE generated: 1
EVALUABLE#: 0

-------------------------

----------------
TTYPES
true or false
true or false
true or false
true or false

PROGS

LOCAL_COUNT: 9
GLOBAL_COUNT: 9

BASE_AFTER:
(begin
  (send
    (hole 0 {:hash_depth=>0, :limit_depth=>true, :recv=>true}) :count=
    (hole 0 {:hash_depth=>0, :method_arg=>true}))
  (true))
BASETYPE: true or false
SIZE WORK_LIST: 12
SIZE generated: 4
EVALUABLE#: 3

-------------------------

----------------
TTYPES
true or false

PROGS

LOCAL_COUNT: 10
GLOBAL_COUNT: 10

BASE_AFTER:
(begin
  (send
    (hole 0 {:hash_depth=>0, :limit_depth=>true, :recv=>true}) :diaspora_user=
    (hole 0 {:hash_depth=>0, :method_arg=>true}))
  (true))
BASETYPE: true or false
SIZE WORK_LIST: 14
SIZE generated: 1
EVALUABLE#: 0

-------------------------

----------------
TTYPES
true or false
true or false
true or false
true or false

PROGS

LOCAL_COUNT: 11
GLOBAL_COUNT: 11

BASE_AFTER:
(begin
  (send
    (hole 0 {:hash_depth=>0, :limit_depth=>true, :recv=>true}) :count=
    (hole 0 {:hash_depth=>0, :method_arg=>true}))
  (false))
BASETYPE: true or false
SIZE WORK_LIST: 14
SIZE generated: 4
EVALUABLE#: 3

-------------------------

----------------
TTYPES
true or false

PROGS

LOCAL_COUNT: 12
GLOBAL_COUNT: 12

BASE_AFTER:
(begin
  (send
    (hole 0 {:hash_depth=>0, :limit_depth=>true, :recv=>true}) :diaspora_user=
    (hole 0 {:hash_depth=>0, :method_arg=>true}))
  (false))
BASETYPE: true or false
SIZE WORK_LIST: 16
SIZE generated: 1
EVALUABLE#: 0

-------------------------

----------------
TTYPES
Integer
Integer
Integer
Integer
Integer

PROGS

LOCAL_COUNT: 13
GLOBAL_COUNT: 13

BASE_AFTER:
(begin
  (send
    (hole 0 {:hash_depth=>0, :limit_depth=>true, :recv=>true}) :count=
    (hole 0 {:hash_depth=>0, :method_arg=>true}))
  (int 0))
BASETYPE: Integer
SIZE WORK_LIST: 16
SIZE generated: 5
EVALUABLE#: 4

-------------------------

----------------
TTYPES
Integer

PROGS

LOCAL_COUNT: 14
GLOBAL_COUNT: 14

BASE_AFTER:
(begin
  (send
    (hole 0 {:hash_depth=>0, :limit_depth=>true, :recv=>true}) :diaspora_user=
    (hole 0 {:hash_depth=>0, :method_arg=>true}))
  (int 0))
BASETYPE: Integer
SIZE WORK_LIST: 19
SIZE generated: 1
EVALUABLE#: 0

-------------------------

----------------
TTYPES
Integer
Integer
Integer
Integer
Integer

PROGS

LOCAL_COUNT: 15
GLOBAL_COUNT: 15

BASE_AFTER:
(begin
  (send
    (hole 0 {:hash_depth=>0, :limit_depth=>true, :recv=>true}) :count=
    (hole 0 {:hash_depth=>0, :method_arg=>true}))
  (int 1))
BASETYPE: Integer
SIZE WORK_LIST: 19
SIZE generated: 5
EVALUABLE#: 4

-------------------------

----------------
TTYPES
Integer

PROGS

LOCAL_COUNT: 16
GLOBAL_COUNT: 16

BASE_AFTER:
(begin
  (send
    (hole 0 {:hash_depth=>0, :limit_depth=>true, :recv=>true}) :diaspora_user=
    (hole 0 {:hash_depth=>0, :method_arg=>true}))
  (int 1))
BASETYPE: Integer
SIZE WORK_LIST: 22
SIZE generated: 1
EVALUABLE#: 0

-------------------------

----------------
TTYPES
Integer
Integer
Integer
Integer
Integer

PROGS

LOCAL_COUNT: 17
GLOBAL_COUNT: 17

BASE_AFTER:
(begin
  (send
    (hole 0 {:hash_depth=>0, :limit_depth=>true, :recv=>true}) :count=
    (hole 0 {:hash_depth=>0, :method_arg=>true}))
  (int 2))
BASETYPE: Integer
SIZE WORK_LIST: 22
SIZE generated: 5
EVALUABLE#: 4

-------------------------

----------------
TTYPES
Integer

PROGS

LOCAL_COUNT: 18
GLOBAL_COUNT: 18

BASE_AFTER:
(begin
  (send
    (hole 0 {:hash_depth=>0, :limit_depth=>true, :recv=>true}) :diaspora_user=
    (hole 0 {:hash_depth=>0, :method_arg=>true}))
  (int 2))
BASETYPE: Integer
SIZE WORK_LIST: 24
SIZE generated: 1
EVALUABLE#: 0

-------------------------

----------------
TTYPES
String
String
String
String

PROGS

LOCAL_COUNT: 19
GLOBAL_COUNT: 19

BASE_AFTER:
(begin
  (send
    (hole 0 {:hash_depth=>0, :limit_depth=>true, :recv=>true}) :count=
    (hole 0 {:hash_depth=>0, :method_arg=>true}))
  (str ""))
BASETYPE: String
SIZE WORK_LIST: 24
SIZE generated: 4
EVALUABLE#: 3

-------------------------

----------------
TTYPES
String

PROGS

LOCAL_COUNT: 20
GLOBAL_COUNT: 20

BASE_AFTER:
(begin
  (send
    (hole 0 {:hash_depth=>0, :limit_depth=>true, :recv=>true}) :diaspora_user=
    (hole 0 {:hash_depth=>0, :method_arg=>true}))
  (str ""))
BASETYPE: String
SIZE WORK_LIST: 26
SIZE generated: 1
EVALUABLE#: 0

-------------------------

----------------
TTYPES
true or false
true or false

PROGS

LOCAL_COUNT: 21
GLOBAL_COUNT: 21

BASE_AFTER:
(begin
  (send
    (lvar :arg0) :count=
    (int 0))
  (true))
BASETYPE: true or false
SIZE WORK_LIST: 26
SIZE generated: 2
EVALUABLE#: 0

-------------------------

----------------
TTYPES
true or false
true or false

PROGS

LOCAL_COUNT: 22
GLOBAL_COUNT: 22

BASE_AFTER:
(begin
  (send
    (lvar :arg0) :count=
    (int 1))
  (true))
BASETYPE: true or false
SIZE WORK_LIST: 27
SIZE generated: 2
EVALUABLE#: 0

-------------------------

----------------
TTYPES
true or false
true or false

PROGS

LOCAL_COUNT: 23
GLOBAL_COUNT: 23

BASE_AFTER:
(begin
  (send
    (lvar :arg0) :count=
    (int 0))
  (false))
BASETYPE: true or false
SIZE WORK_LIST: 28
SIZE generated: 2
EVALUABLE#: 0

-------------------------

----------------
TTYPES
true or false
true or false

PROGS

LOCAL_COUNT: 24
GLOBAL_COUNT: 24

BASE_AFTER:
(begin
  (send
    (lvar :arg0) :count=
    (int 1))
  (false))
BASETYPE: true or false
SIZE WORK_LIST: 29
SIZE generated: 2
EVALUABLE#: 0

-------------------------

----------------
TTYPES
Integer
Integer

PROGS

LOCAL_COUNT: 25
GLOBAL_COUNT: 25

BASE_AFTER:
(begin
  (send
    (lvar :arg0) :count=
    (int 0))
  (int 0))
BASETYPE: Integer
SIZE WORK_LIST: 30
SIZE generated: 2
EVALUABLE#: 0

-------------------------

----------------
TTYPES
Integer
Integer

PROGS

LOCAL_COUNT: 26
GLOBAL_COUNT: 26

BASE_AFTER:
(begin
  (send
    (lvar :arg0) :count=
    (int 1))
  (int 0))
BASETYPE: Integer
SIZE WORK_LIST: 31
SIZE generated: 2
EVALUABLE#: 0

-------------------------

----------------
TTYPES
Integer
Integer

PROGS

LOCAL_COUNT: 27
GLOBAL_COUNT: 27

BASE_AFTER:
(begin
  (lvasgn :t0
    (int 0))
  (send
    (lvar :arg0) :count=
    (lvar :t0))
  (lvar :t0))
BASETYPE: Integer
SIZE WORK_LIST: 32
SIZE generated: 2
EVALUABLE#: 0

-------------------------

----------------
TTYPES
Integer
Integer

PROGS

LOCAL_COUNT: 28
GLOBAL_COUNT: 28

BASE_AFTER:
(begin
  (send
    (lvar :arg0) :count=
    (int 0))
  (int 1))
BASETYPE: Integer
SIZE WORK_LIST: 33
SIZE generated: 2
EVALUABLE#: 0

-------------------------

----------------
TTYPES
Integer
Integer

PROGS

LOCAL_COUNT: 29
GLOBAL_COUNT: 29

BASE_AFTER:
(begin
  (send
    (lvar :arg0) :count=
    (int 1))
  (int 1))
BASETYPE: Integer
SIZE WORK_LIST: 34
SIZE generated: 2
EVALUABLE#: 0

-------------------------

----------------
TTYPES
Integer
Integer

PROGS

LOCAL_COUNT: 30
GLOBAL_COUNT: 30

BASE_AFTER:
(begin
  (lvasgn :t0
    (int 1))
  (send
    (lvar :arg0) :count=
    (lvar :t0))
  (lvar :t0))
BASETYPE: Integer
SIZE WORK_LIST: 35
SIZE generated: 2
EVALUABLE#: 0

-------------------------

----------------
TTYPES
Integer
Integer

PROGS

LOCAL_COUNT: 31
GLOBAL_COUNT: 31

BASE_AFTER:
(begin
  (send
    (lvar :arg0) :count=
    (int 0))
  (int 2))
BASETYPE: Integer
SIZE WORK_LIST: 36
SIZE generated: 2
EVALUABLE#: 0

-------------------------

----------------
TTYPES
Integer
Integer

PROGS

LOCAL_COUNT: 32
GLOBAL_COUNT: 32

BASE_AFTER:
(begin
  (send
    (lvar :arg0) :count=
    (int 1))
  (int 2))
BASETYPE: Integer
SIZE WORK_LIST: 37
SIZE generated: 2
EVALUABLE#: 0

-------------------------

----------------
TTYPES
String
String

PROGS

LOCAL_COUNT: 33
GLOBAL_COUNT: 33

BASE_AFTER:
(begin
  (send
    (lvar :arg0) :count=
    (int 0))
  (str ""))
BASETYPE: String
SIZE WORK_LIST: 38
SIZE generated: 2
EVALUABLE#: 0

-------------------------

----------------
TTYPES
String
String

PROGS

LOCAL_COUNT: 34
GLOBAL_COUNT: 34

BASE_AFTER:
(begin
  (send
    (lvar :arg0) :count=
    (int 1))
  (str ""))
BASETYPE: String
SIZE WORK_LIST: 39
SIZE generated: 2
EVALUABLE#: 0

-------------------------

----------------
TTYPES
Integer
Integer
Integer
Integer
Integer
Integer
Integer
Integer
%bot

PROGS

LOCAL_COUNT: 35
GLOBAL_COUNT: 35

BASE_AFTER:
(filled-hole
  (begin
    (send
      (send
        (hole 0 {:hash_depth=>0, :limit_depth=>true, :recv=>true}) :id=
        (hole 0 {:hash_depth=>0, :method_arg=>true})) :-
      (hole 0 {:hash_depth=>0, :method_arg=>true})))
  (begin
    (send
      (send
        (hole 0 {:hash_depth=>0, :limit_depth=>true, :recv=>true}) :id=
        (hole 0 {:hash_depth=>0, :method_arg=>true})) :-
      (hole 0 {:hash_depth=>0, :method_arg=>true})))
  (begin
    (send
      (send
        (hole 0 {:hash_depth=>0, :limit_depth=>true, :recv=>true}) :id=
        (hole 0 {:hash_depth=>0, :method_arg=>true})) :count))
  (begin
    (send
      (send
        (hole 0 {:hash_depth=>0, :limit_depth=>true, :recv=>true}) :id) :-
      (hole 0 {:hash_depth=>0, :method_arg=>true})))
  (begin
    (send
      (send
        (hole 0 {:hash_depth=>0, :limit_depth=>true, :recv=>true}) :id) :-
      (hole 0 {:hash_depth=>0, :method_arg=>true})))
  (begin
    (send
      (send
        (hole 0 {:hash_depth=>0, :limit_depth=>true, :recv=>true}) :id) :count))
  (begin
    (send
      (send
        (hole 0 {:hash_depth=>0, :limit_depth=>true, :recv=>true}) :token=
        (hole 0 {:hash_depth=>0, :method_arg=>true})) :count))
  (begin
    (send
      (send
        (hole 0 {:hash_depth=>0, :limit_depth=>true, :recv=>true}) :token=
        (hole 0 {:hash_depth=>0, :method_arg=>true})) :-
      (hole 0 {:hash_depth=>0, :method_arg=>true})))
  (begin
    (send
      (send
        (hole 0 {:hash_depth=>0, :limit_depth=>true, :recv=>true}) :token) :count))
  (begin
    (send
      (send
        (hole 0 {:hash_depth=>0, :limit_depth=>true, :recv=>true}) :token) :-
      (hole 0 {:hash_depth=>0, :method_arg=>true})))
  (begin
    (send
      (send
        (hole 0 {:hash_depth=>0, :limit_depth=>true, :recv=>true}) :diaspora_user_id=
        (hole 0 {:hash_depth=>0, :method_arg=>true})) :-
      (hole 0 {:hash_depth=>0, :method_arg=>true})))
  (begin
    (send
      (send
        (hole 0 {:hash_depth=>0, :limit_depth=>true, :recv=>true}) :diaspora_user_id=
        (hole 0 {:hash_depth=>0, :method_arg=>true})) :-
      (hole 0 {:hash_depth=>0, :method_arg=>true})))
  (begin
    (send
      (send
        (hole 0 {:hash_depth=>0, :limit_depth=>true, :recv=>true}) :diaspora_user_id=
        (hole 0 {:hash_depth=>0, :method_arg=>true})) :count))
  (begin
    (send
      (send
        (hole 0 {:hash_depth=>0, :limit_depth=>true, :recv=>true}) :diaspora_user_id) :-
      (hole 0 {:hash_depth=>0, :method_arg=>true})))
  (begin
    (send
      (send
        (hole 0 {:hash_depth=>0, :limit_depth=>true, :recv=>true}) :diaspora_user_id) :-
      (hole 0 {:hash_depth=>0, :method_arg=>true})))
  (begin
    (send
      (send
        (hole 0 {:hash_depth=>0, :limit_depth=>true, :recv=>true}) :diaspora_user_id) :count))
  (begin
    (send
      (send
        (hole 0 {:hash_depth=>0, :limit_depth=>true, :recv=>true}) :count=
        (hole 0 {:hash_depth=>0, :method_arg=>true})) :-
      (hole 0 {:hash_depth=>0, :method_arg=>true})))
  (begin
    (send
      (send
        (hole 0 {:hash_depth=>0, :limit_depth=>true, :recv=>true}) :count=
        (hole 0 {:hash_depth=>0, :method_arg=>true})) :-
      (hole 0 {:hash_depth=>0, :method_arg=>true})))
  (begin
    (send
      (send
        (hole 0 {:hash_depth=>0, :limit_depth=>true, :recv=>true}) :count=
        (hole 0 {:hash_depth=>0, :method_arg=>true})) :count))
  (begin
    (send
      (begin
        (send
          (hole 0 {:hash_depth=>0, :limit_depth=>true, :recv=>true}) :count)) :-
      (hole 0 {:hash_depth=>0, :method_arg=>true})))
  (begin
    (send
      (begin
        (send
          (hole 0 {:hash_depth=>0, :limit_depth=>true, :recv=>true}) :count)) :-
      (hole 0 {:hash_depth=>0, :method_arg=>true})))
  (begin
    (send
      (begin
        (send
          (hole 0 {:hash_depth=>0, :limit_depth=>true, :recv=>true}) :count)) :count))
  (begin
    (send
      (send
        (hole 0 {:hash_depth=>0, :limit_depth=>true, :recv=>true}) :diaspora_user) :count))
  (begin
    (send
      (send
        (hole 0 {:hash_depth=>0, :limit_depth=>true, :recv=>true}) :diaspora_user) :-
      (hole 0 {:hash_depth=>0, :method_arg=>true})))
  (begin
    (send
      (send
        (hole 0 {:hash_depth=>0, :limit_depth=>true, :recv=>true}) :diaspora_user=
        (hole 0 {:hash_depth=>0, :method_arg=>true})) :count))
  (begin
    (send
      (send
        (hole 0 {:hash_depth=>0, :limit_depth=>true, :recv=>true}) :diaspora_user=
        (hole 0 {:hash_depth=>0, :method_arg=>true})) :-
      (hole 0 {:hash_depth=>0, :method_arg=>true})))
  (begin
    (send
      (begin
        (send
          (hole 0 {:hash_depth=>0, :limit_depth=>true, :recv=>true}) :-
          (hole 0 {:hash_depth=>0, :method_arg=>true}))) :-
      (hole 0 {:hash_depth=>0, :method_arg=>true})))
  (begin
    (send
      (begin
        (send
          (hole 0 {:hash_depth=>0, :limit_depth=>true, :recv=>true}) :-
          (hole 0 {:hash_depth=>0, :method_arg=>true}))) :-
      (hole 0 {:hash_depth=>0, :method_arg=>true})))
  (begin
    (send
      (begin
        (send
          (hole 0 {:hash_depth=>0, :limit_depth=>true, :recv=>true}) :save)) :count))
  (begin
    (send
      (begin
        (send
          (hole 0 {:hash_depth=>0, :limit_depth=>true, :recv=>true}) :save)) :-
      (hole 0 {:hash_depth=>0, :method_arg=>true})))
  (begin
    (send
      (begin
        (send
          (hole 0 {:hash_depth=>0, :limit_depth=>true, :recv=>true}) :count)) :-
      (hole 0 {:hash_depth=>0, :method_arg=>true})))
  (begin
    (send
      (begin
        (send
          (hole 0 {:hash_depth=>0, :limit_depth=>true, :recv=>true}) :count)) :-
      (hole 0 {:hash_depth=>0, :method_arg=>true})))
  (begin
    (send
      (begin
        (send
          (hole 0 {:hash_depth=>0, :limit_depth=>true, :recv=>true}) :-
          (hole 0 {:hash_depth=>0, :method_arg=>true}))) :-
      (hole 0 {:hash_depth=>0, :method_arg=>true})))
  (begin
    (send
      (begin
        (send
          (hole 0 {:hash_depth=>0, :limit_depth=>true, :recv=>true}) :-
          (hole 0 {:hash_depth=>0, :method_arg=>true}))) :-
      (hole 0 {:hash_depth=>0, :method_arg=>true})))
  (begin
    (send
      (begin
        (send
          (hole 0 {:hash_depth=>0, :limit_depth=>true, :recv=>true}) :save)) :count))
  (begin
    (send
      (begin
        (send
          (hole 0 {:hash_depth=>0, :limit_depth=>true, :recv=>true}) :save)) :-
      (hole 0 {:hash_depth=>0, :method_arg=>true})))
  (hole 3 {:hash_depth=>0, :method_arg=>false, :variance=>:-}) {:method_arg=>false})
BASETYPE: %bot
SIZE WORK_LIST: 40
SIZE generated: 9
EVALUABLE#: 0

-------------------------

----------------
TTYPES
Integer
Integer
Integer
Integer
Integer
Integer
Integer
Integer
Integer
Integer
Integer
Integer
Integer
Integer
Integer
Integer
Integer
Integer
Integer
Integer
Integer
Integer
Integer
Integer
Integer
Integer
Integer
Integer
Integer
Integer
Integer
Integer
Integer
Integer
Integer
Integer

PROGS

LOCAL_COUNT: 36
GLOBAL_COUNT: 36

BASE_AFTER:
(begin
  (send
    (begin
      (send
        (filled-hole
          (lvar InvitationCode(id: integer, token: string, diaspora_user_id: integer, count: integer)) {:method_arg=>false}) :-
        (filled-hole
          (lvar :arg0)
          (lvar InvitationCode(id: integer, token: string, diaspora_user_id: integer, count: integer))
          (true)
          (false)
          (int 0)
          (int 1)
          (int 2)
          (str "")
          (hole 1 {:hash_depth=>0, :method_arg=>true, :variance=>:+}) {:method_arg=>true}))) :-
    (filled-hole
      (int 0)
      (int 1)
      (int 2)
      (hole 1 {:hash_depth=>0, :method_arg=>true, :variance=>:+}) {:method_arg=>true})))
BASETYPE: Integer
SIZE WORK_LIST: 48
SIZE generated: 36
EVALUABLE#: 24

-------------------------

----------------
TTYPES
Integer
Integer
Integer
Integer

PROGS

LOCAL_COUNT: 37
GLOBAL_COUNT: 37

BASE_AFTER:
(begin
  (send
    (begin
      (send
        (filled-hole
          (lvar InvitationCode(id: integer, token: string, diaspora_user_id: integer, count: integer)) {:method_arg=>false}) :count)) :-
    (filled-hole
      (int 0)
      (int 1)
      (int 2)
      (hole 1 {:hash_depth=>0, :method_arg=>true, :variance=>:+}) {:method_arg=>true})))
BASETYPE: Integer
SIZE WORK_LIST: 59
SIZE generated: 4
EVALUABLE#: 3

-------------------------

----------------
TTYPES
true or false
true or false
true or false
true or false
true or false
true or false
true or false
true or false
true or false
true or false
true or false

PROGS

LOCAL_COUNT: 38
GLOBAL_COUNT: 38

BASE_AFTER:
(begin
  (send
    (lvar :arg0) :count=
    (hole 1 {:hash_depth=>0, :method_arg=>true, :variance=>:+}))
  (true))
BASETYPE: true or false
SIZE WORK_LIST: 62
SIZE generated: 11
EVALUABLE#: 0

-------------------------

----------------
TTYPES
Integer
Integer

PROGS

LOCAL_COUNT: 39
GLOBAL_COUNT: 39

BASE_AFTER:
(begin
  (send
    (begin
      (send
        (lvar InvitationCode(id: integer, token: string, diaspora_user_id: integer, count: integer)) :count)) :-
    (int 0)))
BASETYPE: Integer
SIZE WORK_LIST: 72
SIZE generated: 2
EVALUABLE#: 0

-------------------------

----------------
TTYPES
Integer
Integer

PROGS

LOCAL_COUNT: 40
GLOBAL_COUNT: 40

BASE_AFTER:
(begin
  (send
    (begin
      (send
        (lvar InvitationCode(id: integer, token: string, diaspora_user_id: integer, count: integer)) :count)) :-
    (int 1)))
BASETYPE: Integer
SIZE WORK_LIST: 73
SIZE generated: 2
EVALUABLE#: 0

-------------------------

----------------
TTYPES
Integer
Integer

PROGS

LOCAL_COUNT: 41
GLOBAL_COUNT: 41

BASE_AFTER:
(begin
  (send
    (begin
      (send
        (lvar InvitationCode(id: integer, token: string, diaspora_user_id: integer, count: integer)) :count)) :-
    (int 2)))
BASETYPE: Integer
SIZE WORK_LIST: 74
SIZE generated: 2
EVALUABLE#: 0

-------------------------

----------------
TTYPES
true or false
true or false
true or false
true or false
true or false
true or false
true or false
true or false
true or false
true or false

PROGS

LOCAL_COUNT: 42
GLOBAL_COUNT: 42

BASE_AFTER:
(begin
  (send
    (lvar :arg0) :count=
    (begin
      (send
        (hole 0 {:hash_depth=>0, :limit_depth=>true, :recv=>true}) :-
        (hole 0 {:hash_depth=>0, :method_arg=>true}))))
  (true))
BASETYPE: true or false
SIZE WORK_LIST: 75
SIZE generated: 10
EVALUABLE#: 9

-------------------------

----------------
TTYPES
true or false

PROGS

LOCAL_COUNT: 43
GLOBAL_COUNT: 43

BASE_AFTER:
(begin
  (send
    (lvar :arg0) :count=
    (begin
      (send
        (hole 0 {:hash_depth=>0, :limit_depth=>true, :recv=>true}) :count)))
  (true))
BASETYPE: true or false
SIZE WORK_LIST: 75
SIZE generated: 1
EVALUABLE#: 1

-------------------------

----------------
TTYPES
true or false
true or false
true or false
true or false
true or false
true or false

PROGS

LOCAL_COUNT: 44
GLOBAL_COUNT: 44

BASE_AFTER:
(begin
  (send
    (lvar :arg0) :diaspora_user=
    (hole 1 {:hash_depth=>0, :method_arg=>true, :variance=>:+}))
  (true))
BASETYPE: true or false
SIZE WORK_LIST: 75
SIZE generated: 6
EVALUABLE#: 0

-------------------------

----------------
TTYPES
true or false
true or false

PROGS

LOCAL_COUNT: 45
GLOBAL_COUNT: 45

BASE_AFTER:
(begin
  (send
    (lvar :arg0) :count=
    (begin
      (send
        (lvar InvitationCode(id: integer, token: string, diaspora_user_id: integer, count: integer)) :count)))
  (true))
BASETYPE: true or false
SIZE WORK_LIST: 80
SIZE generated: 2
EVALUABLE#: 0

-------------------------

----------------
TTYPES
true or false

PROGS

LOCAL_COUNT: 46
GLOBAL_COUNT: 46

BASE_AFTER:
(begin
  (send
    (lvar :arg0) :diaspora_user=
    (begin
      (send
        (hole 0 {:hash_depth=>0, :limit_depth=>true, :recv=>true}) :count)))
  (true))
BASETYPE: true or false
SIZE WORK_LIST: 81
SIZE generated: 1
EVALUABLE#: 1

-------------------------

----------------
TTYPES
true or false
true or false
true or false
true or false
true or false
true or false
true or false
true or false
true or false
true or false
true or false

PROGS

LOCAL_COUNT: 47
GLOBAL_COUNT: 47

BASE_AFTER:
(begin
  (send
    (lvar :arg0) :count=
    (hole 1 {:hash_depth=>0, :method_arg=>true, :variance=>:+}))
  (false))
BASETYPE: true or false
SIZE WORK_LIST: 80
SIZE generated: 11
EVALUABLE#: 0

-------------------------

----------------
TTYPES
true or false

PROGS

LOCAL_COUNT: 48
GLOBAL_COUNT: 48

BASE_AFTER:
(begin
  (send
    (lvar :arg0) :count=
    (begin
      (send
        (hole 0 {:hash_depth=>0, :limit_depth=>true, :recv=>true}) :count)))
  (false))
BASETYPE: true or false
SIZE WORK_LIST: 90
SIZE generated: 1
EVALUABLE#: 1

-------------------------

----------------
TTYPES
true or false
true or false
true or false
true or false
true or false
true or false

PROGS

LOCAL_COUNT: 49
GLOBAL_COUNT: 49

BASE_AFTER:
(begin
  (send
    (lvar :arg0) :diaspora_user=
    (hole 1 {:hash_depth=>0, :method_arg=>true, :variance=>:+}))
  (false))
BASETYPE: true or false
SIZE WORK_LIST: 90
SIZE generated: 6
EVALUABLE#: 0

-------------------------

----------------
TTYPES
true or false
true or false

PROGS

LOCAL_COUNT: 50
GLOBAL_COUNT: 50

BASE_AFTER:
(begin
  (send
    (lvar :arg0) :count=
    (begin
      (send
        (lvar InvitationCode(id: integer, token: string, diaspora_user_id: integer, count: integer)) :count)))
  (false))
BASETYPE: true or false
SIZE WORK_LIST: 95
SIZE generated: 2
EVALUABLE#: 0

-------------------------

----------------
TTYPES
true or false

PROGS

LOCAL_COUNT: 51
GLOBAL_COUNT: 51

BASE_AFTER:
(begin
  (send
    (lvar :arg0) :diaspora_user=
    (begin
      (send
        (hole 0 {:hash_depth=>0, :limit_depth=>true, :recv=>true}) :count)))
  (false))
BASETYPE: true or false
SIZE WORK_LIST: 96
SIZE generated: 1
EVALUABLE#: 1

-------------------------

----------------
TTYPES
Integer
Integer
Integer
Integer
Integer
Integer
Integer
Integer
Integer
Integer
Integer

PROGS

LOCAL_COUNT: 52
GLOBAL_COUNT: 52

BASE_AFTER:
(begin
  (send
    (lvar :arg0) :count=
    (hole 1 {:hash_depth=>0, :method_arg=>true, :variance=>:+}))
  (int 0))
BASETYPE: Integer
SIZE WORK_LIST: 95
SIZE generated: 11
EVALUABLE#: 0

-------------------------

----------------
TTYPES
Integer

PROGS

LOCAL_COUNT: 53
GLOBAL_COUNT: 53

BASE_AFTER:
(begin
  (send
    (lvar :arg0) :count=
    (begin
      (send
        (hole 0 {:hash_depth=>0, :limit_depth=>true, :recv=>true}) :count)))
  (int 0))
BASETYPE: Integer
SIZE WORK_LIST: 105
SIZE generated: 1
EVALUABLE#: 1

-------------------------

----------------
TTYPES
Integer
Integer
Integer
Integer
Integer
Integer

PROGS

LOCAL_COUNT: 54
GLOBAL_COUNT: 54

BASE_AFTER:
(begin
  (send
    (lvar :arg0) :diaspora_user=
    (hole 1 {:hash_depth=>0, :method_arg=>true, :variance=>:+}))
  (int 0))
BASETYPE: Integer
SIZE WORK_LIST: 105
SIZE generated: 6
EVALUABLE#: 0

-------------------------

----------------
TTYPES
Integer
Integer

PROGS

LOCAL_COUNT: 55
GLOBAL_COUNT: 55

BASE_AFTER:
(begin
  (send
    (lvar :arg0) :count=
    (begin
      (send
        (lvar InvitationCode(id: integer, token: string, diaspora_user_id: integer, count: integer)) :count)))
  (int 0))
BASETYPE: Integer
SIZE WORK_LIST: 110
SIZE generated: 2
EVALUABLE#: 0

-------------------------

----------------
TTYPES
Integer

PROGS

LOCAL_COUNT: 56
GLOBAL_COUNT: 56

BASE_AFTER:
(begin
  (send
    (lvar :arg0) :diaspora_user=
    (begin
      (send
        (hole 0 {:hash_depth=>0, :limit_depth=>true, :recv=>true}) :count)))
  (int 0))
BASETYPE: Integer
SIZE WORK_LIST: 111
SIZE generated: 1
EVALUABLE#: 1

-------------------------

----------------
TTYPES
Integer
Integer
Integer
Integer
Integer
Integer
Integer
Integer
Integer
Integer
Integer

PROGS

LOCAL_COUNT: 57
GLOBAL_COUNT: 57

BASE_AFTER:
(begin
  (send
    (lvar :arg0) :count=
    (hole 1 {:hash_depth=>0, :method_arg=>true, :variance=>:+}))
  (int 1))
BASETYPE: Integer
SIZE WORK_LIST: 110
SIZE generated: 11
EVALUABLE#: 0

-------------------------

----------------
TTYPES
Integer

PROGS

LOCAL_COUNT: 58
GLOBAL_COUNT: 58

BASE_AFTER:
(begin
  (send
    (lvar :arg0) :count=
    (begin
      (send
        (hole 0 {:hash_depth=>0, :limit_depth=>true, :recv=>true}) :count)))
  (int 1))
BASETYPE: Integer
SIZE WORK_LIST: 120
SIZE generated: 1
EVALUABLE#: 1

-------------------------

----------------
TTYPES
Integer
Integer
Integer
Integer
Integer
Integer

PROGS

LOCAL_COUNT: 59
GLOBAL_COUNT: 59

BASE_AFTER:
(begin
  (send
    (lvar :arg0) :diaspora_user=
    (hole 1 {:hash_depth=>0, :method_arg=>true, :variance=>:+}))
  (int 1))
BASETYPE: Integer
SIZE WORK_LIST: 120
SIZE generated: 6
EVALUABLE#: 0

-------------------------

----------------
TTYPES
Integer
Integer

PROGS

LOCAL_COUNT: 60
GLOBAL_COUNT: 60

BASE_AFTER:
(begin
  (send
    (lvar :arg0) :count=
    (begin
      (send
        (lvar InvitationCode(id: integer, token: string, diaspora_user_id: integer, count: integer)) :count)))
  (int 1))
BASETYPE: Integer
SIZE WORK_LIST: 125
SIZE generated: 2
EVALUABLE#: 0

-------------------------

----------------
TTYPES
true or false
true or false
Integer
Integer
Integer
String
%bot

PROGS

LOCAL_COUNT: 1
GLOBAL_COUNT: 61

BASE_AFTER:
(filled-hole
  (true)
  (false)
  (int 0)
  (int 1)
  (int 2)
  (str "")
  (hole 1 {:hash_depth=>0, :method_arg=>false, :variance=>:-}) {:method_arg=>false})
BASETYPE: %bot
SIZE WORK_LIST: 0
SIZE generated: 7
EVALUABLE#: 6

-------------------------

----------------
TTYPES
true or false
true or false

PROGS

LOCAL_COUNT: 2
GLOBAL_COUNT: 62

BASE_AFTER:
(true)
BASETYPE: true or false
SIZE WORK_LIST: 6
SIZE generated: 2
EVALUABLE#: 0

-------------------------

----------------
TTYPES
true or false
true or false
Integer
Integer
Integer
String
%bot

PROGS

LOCAL_COUNT: 1
GLOBAL_COUNT: 1

BASE_AFTER:
(filled-hole
  (true)
  (false)
  (int 0)
  (int 1)
  (int 2)
  (str "")
  (hole 1 {:hash_depth=>0, :method_arg=>false, :variance=>:-}) {:method_arg=>false})
BASETYPE: %bot
SIZE WORK_LIST: 0
SIZE generated: 7
EVALUABLE#: 6

-------------------------

----------------
TTYPES
true or false
true or false

PROGS

LOCAL_COUNT: 2
GLOBAL_COUNT: 2

BASE_AFTER:
(true)
BASETYPE: true or false
SIZE WORK_LIST: 6
SIZE generated: 2
EVALUABLE#: 0

-------------------------

----------------
TTYPES
true or false
true or false

PROGS

LOCAL_COUNT: 3
GLOBAL_COUNT: 3

BASE_AFTER:
(false)
BASETYPE: true or false
SIZE WORK_LIST: 7
SIZE generated: 2
EVALUABLE#: 0

-------------------------

----------------
TTYPES
Integer
Integer

PROGS

LOCAL_COUNT: 4
GLOBAL_COUNT: 4

BASE_AFTER:
(int 0)
BASETYPE: Integer
SIZE WORK_LIST: 8
SIZE generated: 2
EVALUABLE#: 0

-------------------------

----------------
TTYPES
Integer
Integer

PROGS

LOCAL_COUNT: 5
GLOBAL_COUNT: 5

BASE_AFTER:
(int 1)
BASETYPE: Integer
SIZE WORK_LIST: 9
SIZE generated: 2
EVALUABLE#: 0

-------------------------

----------------
TTYPES
Integer
Integer

PROGS

LOCAL_COUNT: 6
GLOBAL_COUNT: 6

BASE_AFTER:
(int 2)
BASETYPE: Integer
SIZE WORK_LIST: 10
SIZE generated: 2
EVALUABLE#: 0

-------------------------

----------------
TTYPES
String
String

PROGS

LOCAL_COUNT: 7
GLOBAL_COUNT: 7

BASE_AFTER:
(str "")
BASETYPE: String
SIZE WORK_LIST: 11
SIZE generated: 2
EVALUABLE#: 0

-------------------------

----------------
TTYPES
%bot

PROGS

LOCAL_COUNT: 8
GLOBAL_COUNT: 8

BASE_AFTER:
(filled-hole
  (begin
    (send
      (hole 0 {:hash_depth=>0, :limit_depth=>true, :recv=>true}) :-
      (hole 0 {:hash_depth=>0, :method_arg=>true})))
  (begin
    (send
      (hole 0 {:hash_depth=>0, :limit_depth=>true, :recv=>true}) :count))
  (begin
    (send
      (hole 0 {:hash_depth=>0, :limit_depth=>true, :recv=>true}) :-
      (hole 0 {:hash_depth=>0, :method_arg=>true})))
  (hole 2 {:hash_depth=>0, :method_arg=>false, :variance=>:-}) {:method_arg=>false})
BASETYPE: %bot
SIZE WORK_LIST: 12
SIZE generated: 1
EVALUABLE#: 0

-------------------------

----------------
TTYPES
true or false
true or false
true or false
true or false

PROGS

LOCAL_COUNT: 9
GLOBAL_COUNT: 9

BASE_AFTER:
(begin
  (send
    (hole 0 {:hash_depth=>0, :limit_depth=>true, :recv=>true}) :count=
    (hole 0 {:hash_depth=>0, :method_arg=>true}))
  (true))
BASETYPE: true or false
SIZE WORK_LIST: 12
SIZE generated: 4
EVALUABLE#: 3

-------------------------

----------------
TTYPES
true or false

PROGS

LOCAL_COUNT: 10
GLOBAL_COUNT: 10

BASE_AFTER:
(begin
  (send
    (hole 0 {:hash_depth=>0, :limit_depth=>true, :recv=>true}) :diaspora_user=
    (hole 0 {:hash_depth=>0, :method_arg=>true}))
  (true))
BASETYPE: true or false
SIZE WORK_LIST: 14
SIZE generated: 1
EVALUABLE#: 0

-------------------------

----------------
TTYPES
true or false
true or false
true or false
true or false

PROGS

LOCAL_COUNT: 11
GLOBAL_COUNT: 11

BASE_AFTER:
(begin
  (send
    (hole 0 {:hash_depth=>0, :limit_depth=>true, :recv=>true}) :count=
    (hole 0 {:hash_depth=>0, :method_arg=>true}))
  (false))
BASETYPE: true or false
SIZE WORK_LIST: 14
SIZE generated: 4
EVALUABLE#: 3

-------------------------

----------------
TTYPES
true or false

PROGS

LOCAL_COUNT: 12
GLOBAL_COUNT: 12

BASE_AFTER:
(begin
  (send
    (hole 0 {:hash_depth=>0, :limit_depth=>true, :recv=>true}) :diaspora_user=
    (hole 0 {:hash_depth=>0, :method_arg=>true}))
  (false))
BASETYPE: true or false
SIZE WORK_LIST: 16
SIZE generated: 1
EVALUABLE#: 0

-------------------------

----------------
TTYPES
Integer
Integer
Integer
Integer
Integer

PROGS

LOCAL_COUNT: 13
GLOBAL_COUNT: 13

BASE_AFTER:
(begin
  (send
    (hole 0 {:hash_depth=>0, :limit_depth=>true, :recv=>true}) :count=
    (hole 0 {:hash_depth=>0, :method_arg=>true}))
  (int 0))
BASETYPE: Integer
SIZE WORK_LIST: 16
SIZE generated: 5
EVALUABLE#: 4

-------------------------

----------------
TTYPES
Integer

PROGS

LOCAL_COUNT: 14
GLOBAL_COUNT: 14

BASE_AFTER:
(begin
  (send
    (hole 0 {:hash_depth=>0, :limit_depth=>true, :recv=>true}) :diaspora_user=
    (hole 0 {:hash_depth=>0, :method_arg=>true}))
  (int 0))
BASETYPE: Integer
SIZE WORK_LIST: 19
SIZE generated: 1
EVALUABLE#: 0

-------------------------

----------------
TTYPES
Integer
Integer
Integer
Integer
Integer

PROGS

LOCAL_COUNT: 15
GLOBAL_COUNT: 15

BASE_AFTER:
(begin
  (send
    (hole 0 {:hash_depth=>0, :limit_depth=>true, :recv=>true}) :count=
    (hole 0 {:hash_depth=>0, :method_arg=>true}))
  (int 1))
BASETYPE: Integer
SIZE WORK_LIST: 19
SIZE generated: 5
EVALUABLE#: 4

-------------------------

----------------
TTYPES
Integer

PROGS

LOCAL_COUNT: 16
GLOBAL_COUNT: 16

BASE_AFTER:
(begin
  (send
    (hole 0 {:hash_depth=>0, :limit_depth=>true, :recv=>true}) :diaspora_user=
    (hole 0 {:hash_depth=>0, :method_arg=>true}))
  (int 1))
BASETYPE: Integer
SIZE WORK_LIST: 22
SIZE generated: 1
EVALUABLE#: 0

-------------------------

----------------
TTYPES
Integer
Integer
Integer
Integer
Integer

PROGS

LOCAL_COUNT: 17
GLOBAL_COUNT: 17

BASE_AFTER:
(begin
  (send
    (hole 0 {:hash_depth=>0, :limit_depth=>true, :recv=>true}) :count=
    (hole 0 {:hash_depth=>0, :method_arg=>true}))
  (int 2))
BASETYPE: Integer
SIZE WORK_LIST: 22
SIZE generated: 5
EVALUABLE#: 4

-------------------------

----------------
TTYPES
Integer

PROGS

LOCAL_COUNT: 18
GLOBAL_COUNT: 18

BASE_AFTER:
(begin
  (send
    (hole 0 {:hash_depth=>0, :limit_depth=>true, :recv=>true}) :diaspora_user=
    (hole 0 {:hash_depth=>0, :method_arg=>true}))
  (int 2))
BASETYPE: Integer
SIZE WORK_LIST: 24
SIZE generated: 1
EVALUABLE#: 0

-------------------------

----------------
TTYPES
String
String
String
String

PROGS

LOCAL_COUNT: 19
GLOBAL_COUNT: 19

BASE_AFTER:
(begin
  (send
    (hole 0 {:hash_depth=>0, :limit_depth=>true, :recv=>true}) :count=
    (hole 0 {:hash_depth=>0, :method_arg=>true}))
  (str ""))
BASETYPE: String
SIZE WORK_LIST: 24
SIZE generated: 4
EVALUABLE#: 3

-------------------------

----------------
TTYPES
String

PROGS

LOCAL_COUNT: 20
GLOBAL_COUNT: 20

BASE_AFTER:
(begin
  (send
    (hole 0 {:hash_depth=>0, :limit_depth=>true, :recv=>true}) :diaspora_user=
    (hole 0 {:hash_depth=>0, :method_arg=>true}))
  (str ""))
BASETYPE: String
SIZE WORK_LIST: 26
SIZE generated: 1
EVALUABLE#: 0

-------------------------

----------------
TTYPES
true or false
true or false

PROGS

LOCAL_COUNT: 21
GLOBAL_COUNT: 21

BASE_AFTER:
(begin
  (send
    (lvar :arg0) :count=
    (int 0))
  (true))
BASETYPE: true or false
SIZE WORK_LIST: 26
SIZE generated: 2
EVALUABLE#: 0

-------------------------

----------------
TTYPES
true or false
true or false

PROGS

LOCAL_COUNT: 22
GLOBAL_COUNT: 22

BASE_AFTER:
(begin
  (send
    (lvar :arg0) :count=
    (int 1))
  (true))
BASETYPE: true or false
SIZE WORK_LIST: 27
SIZE generated: 2
EVALUABLE#: 0

-------------------------

----------------
TTYPES
true or false
true or false

PROGS

LOCAL_COUNT: 23
GLOBAL_COUNT: 23

BASE_AFTER:
(begin
  (send
    (lvar :arg0) :count=
    (int 0))
  (false))
BASETYPE: true or false
SIZE WORK_LIST: 28
SIZE generated: 2
EVALUABLE#: 0

-------------------------

----------------
TTYPES
true or false
true or false

PROGS

LOCAL_COUNT: 24
GLOBAL_COUNT: 24

BASE_AFTER:
(begin
  (send
    (lvar :arg0) :count=
    (int 1))
  (false))
BASETYPE: true or false
SIZE WORK_LIST: 29
SIZE generated: 2
EVALUABLE#: 0

-------------------------

----------------
TTYPES
Integer
Integer

PROGS

LOCAL_COUNT: 25
GLOBAL_COUNT: 25

BASE_AFTER:
(begin
  (send
    (lvar :arg0) :count=
    (int 0))
  (int 0))
BASETYPE: Integer
SIZE WORK_LIST: 30
SIZE generated: 2
EVALUABLE#: 0

-------------------------

----------------
TTYPES
Integer
Integer

PROGS

LOCAL_COUNT: 26
GLOBAL_COUNT: 26

BASE_AFTER:
(begin
  (send
    (lvar :arg0) :count=
    (int 1))
  (int 0))
BASETYPE: Integer
SIZE WORK_LIST: 31
SIZE generated: 2
EVALUABLE#: 0

-------------------------

----------------
TTYPES
Integer
Integer

PROGS

LOCAL_COUNT: 27
GLOBAL_COUNT: 27

BASE_AFTER:
(begin
  (lvasgn :t0
    (int 0))
  (send
    (lvar :arg0) :count=
    (lvar :t0))
  (lvar :t0))
BASETYPE: Integer
SIZE WORK_LIST: 32
SIZE generated: 2
EVALUABLE#: 0

-------------------------

----------------
TTYPES
Integer
Integer

PROGS

LOCAL_COUNT: 28
GLOBAL_COUNT: 28

BASE_AFTER:
(begin
  (send
    (lvar :arg0) :count=
    (int 0))
  (int 1))
BASETYPE: Integer
SIZE WORK_LIST: 33
SIZE generated: 2
EVALUABLE#: 0

-------------------------

----------------
TTYPES
Integer
Integer

PROGS

LOCAL_COUNT: 29
GLOBAL_COUNT: 29

BASE_AFTER:
(begin
  (send
    (lvar :arg0) :count=
    (int 1))
  (int 1))
BASETYPE: Integer
SIZE WORK_LIST: 34
SIZE generated: 2
EVALUABLE#: 0

-------------------------

----------------
TTYPES
Integer
Integer

PROGS

LOCAL_COUNT: 30
GLOBAL_COUNT: 30

BASE_AFTER:
(begin
  (lvasgn :t0
    (int 1))
  (send
    (lvar :arg0) :count=
    (lvar :t0))
  (lvar :t0))
BASETYPE: Integer
SIZE WORK_LIST: 35
SIZE generated: 2
EVALUABLE#: 0

-------------------------

----------------
TTYPES
Integer
Integer

PROGS

LOCAL_COUNT: 31
GLOBAL_COUNT: 31

BASE_AFTER:
(begin
  (send
    (lvar :arg0) :count=
    (int 0))
  (int 2))
BASETYPE: Integer
SIZE WORK_LIST: 36
SIZE generated: 2
EVALUABLE#: 0

-------------------------

----------------
TTYPES
Integer
Integer

PROGS

LOCAL_COUNT: 32
GLOBAL_COUNT: 32

BASE_AFTER:
(begin
  (send
    (lvar :arg0) :count=
    (int 1))
  (int 2))
BASETYPE: Integer
SIZE WORK_LIST: 37
SIZE generated: 2
EVALUABLE#: 0

-------------------------

----------------
TTYPES
String
String

PROGS

LOCAL_COUNT: 33
GLOBAL_COUNT: 33

BASE_AFTER:
(begin
  (send
    (lvar :arg0) :count=
    (int 0))
  (str ""))
BASETYPE: String
SIZE WORK_LIST: 38
SIZE generated: 2
EVALUABLE#: 0

-------------------------

----------------
TTYPES
String
String

PROGS

LOCAL_COUNT: 34
GLOBAL_COUNT: 34

BASE_AFTER:
(begin
  (send
    (lvar :arg0) :count=
    (int 1))
  (str ""))
BASETYPE: String
SIZE WORK_LIST: 39
SIZE generated: 2
EVALUABLE#: 0

-------------------------

----------------
TTYPES
Integer
Integer
Integer
Integer
Integer
Integer
Integer
Integer
%bot

PROGS

LOCAL_COUNT: 35
GLOBAL_COUNT: 35

BASE_AFTER:
(filled-hole
  (begin
    (send
      (send
        (hole 0 {:hash_depth=>0, :limit_depth=>true, :recv=>true}) :id=
        (hole 0 {:hash_depth=>0, :method_arg=>true})) :-
      (hole 0 {:hash_depth=>0, :method_arg=>true})))
  (begin
    (send
      (send
        (hole 0 {:hash_depth=>0, :limit_depth=>true, :recv=>true}) :id=
        (hole 0 {:hash_depth=>0, :method_arg=>true})) :-
      (hole 0 {:hash_depth=>0, :method_arg=>true})))
  (begin
    (send
      (send
        (hole 0 {:hash_depth=>0, :limit_depth=>true, :recv=>true}) :id=
        (hole 0 {:hash_depth=>0, :method_arg=>true})) :count))
  (begin
    (send
      (send
        (hole 0 {:hash_depth=>0, :limit_depth=>true, :recv=>true}) :id) :-
      (hole 0 {:hash_depth=>0, :method_arg=>true})))
  (begin
    (send
      (send
        (hole 0 {:hash_depth=>0, :limit_depth=>true, :recv=>true}) :id) :-
      (hole 0 {:hash_depth=>0, :method_arg=>true})))
  (begin
    (send
      (send
        (hole 0 {:hash_depth=>0, :limit_depth=>true, :recv=>true}) :id) :count))
  (begin
    (send
      (send
        (hole 0 {:hash_depth=>0, :limit_depth=>true, :recv=>true}) :token=
        (hole 0 {:hash_depth=>0, :method_arg=>true})) :count))
  (begin
    (send
      (send
        (hole 0 {:hash_depth=>0, :limit_depth=>true, :recv=>true}) :token=
        (hole 0 {:hash_depth=>0, :method_arg=>true})) :-
      (hole 0 {:hash_depth=>0, :method_arg=>true})))
  (begin
    (send
      (send
        (hole 0 {:hash_depth=>0, :limit_depth=>true, :recv=>true}) :token) :count))
  (begin
    (send
      (send
        (hole 0 {:hash_depth=>0, :limit_depth=>true, :recv=>true}) :token) :-
      (hole 0 {:hash_depth=>0, :method_arg=>true})))
  (begin
    (send
      (send
        (hole 0 {:hash_depth=>0, :limit_depth=>true, :recv=>true}) :diaspora_user_id=
        (hole 0 {:hash_depth=>0, :method_arg=>true})) :-
      (hole 0 {:hash_depth=>0, :method_arg=>true})))
  (begin
    (send
      (send
        (hole 0 {:hash_depth=>0, :limit_depth=>true, :recv=>true}) :diaspora_user_id=
        (hole 0 {:hash_depth=>0, :method_arg=>true})) :-
      (hole 0 {:hash_depth=>0, :method_arg=>true})))
  (begin
    (send
      (send
        (hole 0 {:hash_depth=>0, :limit_depth=>true, :recv=>true}) :diaspora_user_id=
        (hole 0 {:hash_depth=>0, :method_arg=>true})) :count))
  (begin
    (send
      (send
        (hole 0 {:hash_depth=>0, :limit_depth=>true, :recv=>true}) :diaspora_user_id) :-
      (hole 0 {:hash_depth=>0, :method_arg=>true})))
  (begin
    (send
      (send
        (hole 0 {:hash_depth=>0, :limit_depth=>true, :recv=>true}) :diaspora_user_id) :-
      (hole 0 {:hash_depth=>0, :method_arg=>true})))
  (begin
    (send
      (send
        (hole 0 {:hash_depth=>0, :limit_depth=>true, :recv=>true}) :diaspora_user_id) :count))
  (begin
    (send
      (send
        (hole 0 {:hash_depth=>0, :limit_depth=>true, :recv=>true}) :count=
        (hole 0 {:hash_depth=>0, :method_arg=>true})) :-
      (hole 0 {:hash_depth=>0, :method_arg=>true})))
  (begin
    (send
      (send
        (hole 0 {:hash_depth=>0, :limit_depth=>true, :recv=>true}) :count=
        (hole 0 {:hash_depth=>0, :method_arg=>true})) :-
      (hole 0 {:hash_depth=>0, :method_arg=>true})))
  (begin
    (send
      (send
        (hole 0 {:hash_depth=>0, :limit_depth=>true, :recv=>true}) :count=
        (hole 0 {:hash_depth=>0, :method_arg=>true})) :count))
  (begin
    (send
      (begin
        (send
          (hole 0 {:hash_depth=>0, :limit_depth=>true, :recv=>true}) :count)) :-
      (hole 0 {:hash_depth=>0, :method_arg=>true})))
  (begin
    (send
      (begin
        (send
          (hole 0 {:hash_depth=>0, :limit_depth=>true, :recv=>true}) :count)) :-
      (hole 0 {:hash_depth=>0, :method_arg=>true})))
  (begin
    (send
      (begin
        (send
          (hole 0 {:hash_depth=>0, :limit_depth=>true, :recv=>true}) :count)) :count))
  (begin
    (send
      (send
        (hole 0 {:hash_depth=>0, :limit_depth=>true, :recv=>true}) :diaspora_user) :count))
  (begin
    (send
      (send
        (hole 0 {:hash_depth=>0, :limit_depth=>true, :recv=>true}) :diaspora_user) :-
      (hole 0 {:hash_depth=>0, :method_arg=>true})))
  (begin
    (send
      (send
        (hole 0 {:hash_depth=>0, :limit_depth=>true, :recv=>true}) :diaspora_user=
        (hole 0 {:hash_depth=>0, :method_arg=>true})) :count))
  (begin
    (send
      (send
        (hole 0 {:hash_depth=>0, :limit_depth=>true, :recv=>true}) :diaspora_user=
        (hole 0 {:hash_depth=>0, :method_arg=>true})) :-
      (hole 0 {:hash_depth=>0, :method_arg=>true})))
  (begin
    (send
      (begin
        (send
          (hole 0 {:hash_depth=>0, :limit_depth=>true, :recv=>true}) :-
          (hole 0 {:hash_depth=>0, :method_arg=>true}))) :-
      (hole 0 {:hash_depth=>0, :method_arg=>true})))
  (begin
    (send
      (begin
        (send
          (hole 0 {:hash_depth=>0, :limit_depth=>true, :recv=>true}) :-
          (hole 0 {:hash_depth=>0, :method_arg=>true}))) :-
      (hole 0 {:hash_depth=>0, :method_arg=>true})))
  (begin
    (send
      (begin
        (send
          (hole 0 {:hash_depth=>0, :limit_depth=>true, :recv=>true}) :save)) :count))
  (begin
    (send
      (begin
        (send
          (hole 0 {:hash_depth=>0, :limit_depth=>true, :recv=>true}) :save)) :-
      (hole 0 {:hash_depth=>0, :method_arg=>true})))
  (begin
    (send
      (begin
        (send
          (hole 0 {:hash_depth=>0, :limit_depth=>true, :recv=>true}) :count)) :-
      (hole 0 {:hash_depth=>0, :method_arg=>true})))
  (begin
    (send
      (begin
        (send
          (hole 0 {:hash_depth=>0, :limit_depth=>true, :recv=>true}) :count)) :-
      (hole 0 {:hash_depth=>0, :method_arg=>true})))
  (begin
    (send
      (begin
        (send
          (hole 0 {:hash_depth=>0, :limit_depth=>true, :recv=>true}) :-
          (hole 0 {:hash_depth=>0, :method_arg=>true}))) :-
      (hole 0 {:hash_depth=>0, :method_arg=>true})))
  (begin
    (send
      (begin
        (send
          (hole 0 {:hash_depth=>0, :limit_depth=>true, :recv=>true}) :-
          (hole 0 {:hash_depth=>0, :method_arg=>true}))) :-
      (hole 0 {:hash_depth=>0, :method_arg=>true})))
  (begin
    (send
      (begin
        (send
          (hole 0 {:hash_depth=>0, :limit_depth=>true, :recv=>true}) :save)) :count))
  (begin
    (send
      (begin
        (send
          (hole 0 {:hash_depth=>0, :limit_depth=>true, :recv=>true}) :save)) :-
      (hole 0 {:hash_depth=>0, :method_arg=>true})))
  (hole 3 {:hash_depth=>0, :method_arg=>false, :variance=>:-}) {:method_arg=>false})
BASETYPE: %bot
SIZE WORK_LIST: 40
SIZE generated: 9
EVALUABLE#: 0

-------------------------

----------------
TTYPES
Integer
Integer
Integer
Integer
Integer
Integer
Integer
Integer
Integer
Integer
Integer
Integer
Integer
Integer
Integer
Integer
Integer
Integer
Integer
Integer
Integer
Integer
Integer
Integer
Integer
Integer
Integer
Integer
Integer
Integer
Integer
Integer
Integer
Integer
Integer
Integer

PROGS

LOCAL_COUNT: 36
GLOBAL_COUNT: 36

BASE_AFTER:
(begin
  (send
    (begin
      (send
        (filled-hole
          (lvar InvitationCode(id: integer, token: string, diaspora_user_id: integer, count: integer)) {:method_arg=>false}) :-
        (filled-hole
          (lvar :arg0)
          (lvar InvitationCode(id: integer, token: string, diaspora_user_id: integer, count: integer))
          (true)
          (false)
          (int 0)
          (int 1)
          (int 2)
          (str "")
          (hole 1 {:hash_depth=>0, :method_arg=>true, :variance=>:+}) {:method_arg=>true}))) :-
    (filled-hole
      (int 0)
      (int 1)
      (int 2)
      (hole 1 {:hash_depth=>0, :method_arg=>true, :variance=>:+}) {:method_arg=>true})))
BASETYPE: Integer
SIZE WORK_LIST: 48
SIZE generated: 36
EVALUABLE#: 24

-------------------------

----------------
TTYPES
Integer
Integer
Integer
Integer

PROGS

LOCAL_COUNT: 37
GLOBAL_COUNT: 37

BASE_AFTER:
(begin
  (send
    (begin
      (send
        (filled-hole
          (lvar InvitationCode(id: integer, token: string, diaspora_user_id: integer, count: integer)) {:method_arg=>false}) :count)) :-
    (filled-hole
      (int 0)
      (int 1)
      (int 2)
      (hole 1 {:hash_depth=>0, :method_arg=>true, :variance=>:+}) {:method_arg=>true})))
BASETYPE: Integer
SIZE WORK_LIST: 59
SIZE generated: 4
EVALUABLE#: 3

-------------------------

----------------
TTYPES
true or false
true or false
true or false
true or false
true or false
true or false
true or false
true or false
true or false
true or false
true or false

PROGS

LOCAL_COUNT: 38
GLOBAL_COUNT: 38

BASE_AFTER:
(begin
  (send
    (lvar :arg0) :count=
    (hole 1 {:hash_depth=>0, :method_arg=>true, :variance=>:+}))
  (true))
BASETYPE: true or false
SIZE WORK_LIST: 62
SIZE generated: 11
EVALUABLE#: 0

-------------------------

----------------
TTYPES
Integer
Integer

PROGS

LOCAL_COUNT: 39
GLOBAL_COUNT: 39

BASE_AFTER:
(begin
  (send
    (begin
      (send
        (lvar InvitationCode(id: integer, token: string, diaspora_user_id: integer, count: integer)) :count)) :-
    (int 0)))
BASETYPE: Integer
SIZE WORK_LIST: 72
SIZE generated: 2
EVALUABLE#: 0

-------------------------

----------------
TTYPES
Integer
Integer

PROGS

LOCAL_COUNT: 40
GLOBAL_COUNT: 40

BASE_AFTER:
(begin
  (send
    (begin
      (send
        (lvar InvitationCode(id: integer, token: string, diaspora_user_id: integer, count: integer)) :count)) :-
    (int 1)))
BASETYPE: Integer
SIZE WORK_LIST: 73
SIZE generated: 2
EVALUABLE#: 0

-------------------------

----------------
TTYPES
Integer
Integer

PROGS

LOCAL_COUNT: 41
GLOBAL_COUNT: 41

BASE_AFTER:
(begin
  (send
    (begin
      (send
        (lvar InvitationCode(id: integer, token: string, diaspora_user_id: integer, count: integer)) :count)) :-
    (int 2)))
BASETYPE: Integer
SIZE WORK_LIST: 74
SIZE generated: 2
EVALUABLE#: 0

-------------------------

----------------
TTYPES
true or false
true or false
true or false
true or false
true or false
true or false
true or false
true or false
true or false
true or false

PROGS

LOCAL_COUNT: 42
GLOBAL_COUNT: 42

BASE_AFTER:
(begin
  (send
    (lvar :arg0) :count=
    (begin
      (send
        (hole 0 {:hash_depth=>0, :limit_depth=>true, :recv=>true}) :-
        (hole 0 {:hash_depth=>0, :method_arg=>true}))))
  (true))
BASETYPE: true or false
SIZE WORK_LIST: 75
SIZE generated: 10
EVALUABLE#: 9

-------------------------

----------------
TTYPES
true or false

PROGS

LOCAL_COUNT: 43
GLOBAL_COUNT: 43

BASE_AFTER:
(begin
  (send
    (lvar :arg0) :count=
    (begin
      (send
        (hole 0 {:hash_depth=>0, :limit_depth=>true, :recv=>true}) :count)))
  (true))
BASETYPE: true or false
SIZE WORK_LIST: 75
SIZE generated: 1
EVALUABLE#: 1

-------------------------

----------------
TTYPES
true or false
true or false
true or false
true or false
true or false
true or false

PROGS

LOCAL_COUNT: 44
GLOBAL_COUNT: 44

BASE_AFTER:
(begin
  (send
    (lvar :arg0) :diaspora_user=
    (hole 1 {:hash_depth=>0, :method_arg=>true, :variance=>:+}))
  (true))
BASETYPE: true or false
SIZE WORK_LIST: 75
SIZE generated: 6
EVALUABLE#: 0

-------------------------

----------------
TTYPES
true or false
true or false

PROGS

LOCAL_COUNT: 45
GLOBAL_COUNT: 45

BASE_AFTER:
(begin
  (send
    (lvar :arg0) :count=
    (begin
      (send
        (lvar InvitationCode(id: integer, token: string, diaspora_user_id: integer, count: integer)) :count)))
  (true))
BASETYPE: true or false
SIZE WORK_LIST: 80
SIZE generated: 2
EVALUABLE#: 0

-------------------------

----------------
TTYPES
true or false

PROGS

LOCAL_COUNT: 46
GLOBAL_COUNT: 46

BASE_AFTER:
(begin
  (send
    (lvar :arg0) :diaspora_user=
    (begin
      (send
        (hole 0 {:hash_depth=>0, :limit_depth=>true, :recv=>true}) :count)))
  (true))
BASETYPE: true or false
SIZE WORK_LIST: 81
SIZE generated: 1
EVALUABLE#: 1

-------------------------

----------------
TTYPES
true or false
true or false
true or false
true or false
true or false
true or false
true or false
true or false
true or false
true or false
true or false

PROGS

LOCAL_COUNT: 47
GLOBAL_COUNT: 47

BASE_AFTER:
(begin
  (send
    (lvar :arg0) :count=
    (hole 1 {:hash_depth=>0, :method_arg=>true, :variance=>:+}))
  (false))
BASETYPE: true or false
SIZE WORK_LIST: 80
SIZE generated: 11
EVALUABLE#: 0

-------------------------

----------------
TTYPES
true or false

PROGS

LOCAL_COUNT: 48
GLOBAL_COUNT: 48

BASE_AFTER:
(begin
  (send
    (lvar :arg0) :count=
    (begin
      (send
        (hole 0 {:hash_depth=>0, :limit_depth=>true, :recv=>true}) :count)))
  (false))
BASETYPE: true or false
SIZE WORK_LIST: 90
SIZE generated: 1
EVALUABLE#: 1

-------------------------

----------------
TTYPES
true or false
true or false
true or false
true or false
true or false
true or false

PROGS

LOCAL_COUNT: 49
GLOBAL_COUNT: 49

BASE_AFTER:
(begin
  (send
    (lvar :arg0) :diaspora_user=
    (hole 1 {:hash_depth=>0, :method_arg=>true, :variance=>:+}))
  (false))
BASETYPE: true or false
SIZE WORK_LIST: 90
SIZE generated: 6
EVALUABLE#: 0

-------------------------

----------------
TTYPES
true or false
true or false

PROGS

LOCAL_COUNT: 50
GLOBAL_COUNT: 50

BASE_AFTER:
(begin
  (send
    (lvar :arg0) :count=
    (begin
      (send
        (lvar InvitationCode(id: integer, token: string, diaspora_user_id: integer, count: integer)) :count)))
  (false))
BASETYPE: true or false
SIZE WORK_LIST: 95
SIZE generated: 2
EVALUABLE#: 0

-------------------------

----------------
TTYPES
true or false

PROGS

LOCAL_COUNT: 51
GLOBAL_COUNT: 51

BASE_AFTER:
(begin
  (send
    (lvar :arg0) :diaspora_user=
    (begin
      (send
        (hole 0 {:hash_depth=>0, :limit_depth=>true, :recv=>true}) :count)))
  (false))
BASETYPE: true or false
SIZE WORK_LIST: 96
SIZE generated: 1
EVALUABLE#: 1

-------------------------

----------------
TTYPES
Integer
Integer
Integer
Integer
Integer
Integer
Integer
Integer
Integer
Integer
Integer

PROGS

LOCAL_COUNT: 52
GLOBAL_COUNT: 52

BASE_AFTER:
(begin
  (send
    (lvar :arg0) :count=
    (hole 1 {:hash_depth=>0, :method_arg=>true, :variance=>:+}))
  (int 0))
BASETYPE: Integer
SIZE WORK_LIST: 95
SIZE generated: 11
EVALUABLE#: 0

-------------------------

----------------
TTYPES
Integer

PROGS

LOCAL_COUNT: 53
GLOBAL_COUNT: 53

BASE_AFTER:
(begin
  (send
    (lvar :arg0) :count=
    (begin
      (send
        (hole 0 {:hash_depth=>0, :limit_depth=>true, :recv=>true}) :count)))
  (int 0))
BASETYPE: Integer
SIZE WORK_LIST: 105
SIZE generated: 1
EVALUABLE#: 1

-------------------------

----------------
TTYPES
Integer
Integer
Integer
Integer
Integer
Integer

PROGS

LOCAL_COUNT: 54
GLOBAL_COUNT: 54

BASE_AFTER:
(begin
  (send
    (lvar :arg0) :diaspora_user=
    (hole 1 {:hash_depth=>0, :method_arg=>true, :variance=>:+}))
  (int 0))
BASETYPE: Integer
SIZE WORK_LIST: 105
SIZE generated: 6
EVALUABLE#: 0

-------------------------

----------------
TTYPES
Integer
Integer

PROGS

LOCAL_COUNT: 55
GLOBAL_COUNT: 55

BASE_AFTER:
(begin
  (send
    (lvar :arg0) :count=
    (begin
      (send
        (lvar InvitationCode(id: integer, token: string, diaspora_user_id: integer, count: integer)) :count)))
  (int 0))
BASETYPE: Integer
SIZE WORK_LIST: 110
SIZE generated: 2
EVALUABLE#: 0

-------------------------

----------------
TTYPES
Integer

PROGS

LOCAL_COUNT: 56
GLOBAL_COUNT: 56

BASE_AFTER:
(begin
  (send
    (lvar :arg0) :diaspora_user=
    (begin
      (send
        (hole 0 {:hash_depth=>0, :limit_depth=>true, :recv=>true}) :count)))
  (int 0))
BASETYPE: Integer
SIZE WORK_LIST: 111
SIZE generated: 1
EVALUABLE#: 1

-------------------------

----------------
TTYPES
Integer
Integer
Integer
Integer
Integer
Integer
Integer
Integer
Integer
Integer
Integer

PROGS

LOCAL_COUNT: 57
GLOBAL_COUNT: 57

BASE_AFTER:
(begin
  (send
    (lvar :arg0) :count=
    (hole 1 {:hash_depth=>0, :method_arg=>true, :variance=>:+}))
  (int 1))
BASETYPE: Integer
SIZE WORK_LIST: 110
SIZE generated: 11
EVALUABLE#: 0

-------------------------

----------------
TTYPES
Integer

PROGS

LOCAL_COUNT: 58
GLOBAL_COUNT: 58

BASE_AFTER:
(begin
  (send
    (lvar :arg0) :count=
    (begin
      (send
        (hole 0 {:hash_depth=>0, :limit_depth=>true, :recv=>true}) :count)))
  (int 1))
BASETYPE: Integer
SIZE WORK_LIST: 120
SIZE generated: 1
EVALUABLE#: 1

-------------------------

----------------
TTYPES
Integer
Integer
Integer
Integer
Integer
Integer

PROGS

LOCAL_COUNT: 59
GLOBAL_COUNT: 59

BASE_AFTER:
(begin
  (send
    (lvar :arg0) :diaspora_user=
    (hole 1 {:hash_depth=>0, :method_arg=>true, :variance=>:+}))
  (int 1))
BASETYPE: Integer
SIZE WORK_LIST: 120
SIZE generated: 6
EVALUABLE#: 0

-------------------------

----------------
TTYPES
Integer
Integer

PROGS

LOCAL_COUNT: 60
GLOBAL_COUNT: 60

BASE_AFTER:
(begin
  (send
    (lvar :arg0) :count=
    (begin
      (send
        (lvar InvitationCode(id: integer, token: string, diaspora_user_id: integer, count: integer)) :count)))
  (int 1))
BASETYPE: Integer
SIZE WORK_LIST: 125
SIZE generated: 2
EVALUABLE#: 0

-------------------------

----------------
TTYPES
true or false
true or false
Integer
Integer
Integer
String
%bot

PROGS

LOCAL_COUNT: 1
GLOBAL_COUNT: 1

BASE_AFTER:
(filled-hole
  (true)
  (false)
  (int 0)
  (int 1)
  (int 2)
  (str "")
  (hole 1 {:hash_depth=>0, :method_arg=>false, :variance=>:-}) {:method_arg=>false})
BASETYPE: %bot
SIZE WORK_LIST: 0
SIZE generated: 7
EVALUABLE#: 6

-------------------------

----------------
TTYPES
true or false
true or false

PROGS

LOCAL_COUNT: 2
GLOBAL_COUNT: 2

BASE_AFTER:
(true)
BASETYPE: true or false
SIZE WORK_LIST: 6
SIZE generated: 2
EVALUABLE#: 0

-------------------------

----------------
TTYPES
true or false
true or false

PROGS

LOCAL_COUNT: 3
GLOBAL_COUNT: 3

BASE_AFTER:
(false)
BASETYPE: true or false
SIZE WORK_LIST: 7
SIZE generated: 2
EVALUABLE#: 0

-------------------------

----------------
TTYPES
Integer
Integer

PROGS

LOCAL_COUNT: 4
GLOBAL_COUNT: 4

BASE_AFTER:
(int 0)
BASETYPE: Integer
SIZE WORK_LIST: 8
SIZE generated: 2
EVALUABLE#: 0

-------------------------

----------------
TTYPES
Integer
Integer

PROGS

LOCAL_COUNT: 5
GLOBAL_COUNT: 5

BASE_AFTER:
(int 1)
BASETYPE: Integer
SIZE WORK_LIST: 9
SIZE generated: 2
EVALUABLE#: 0

-------------------------

----------------
TTYPES
Integer
Integer

PROGS

LOCAL_COUNT: 6
GLOBAL_COUNT: 6

BASE_AFTER:
(int 2)
BASETYPE: Integer
SIZE WORK_LIST: 10
SIZE generated: 2
EVALUABLE#: 0

-------------------------

----------------
TTYPES
String
String

PROGS

LOCAL_COUNT: 7
GLOBAL_COUNT: 7

BASE_AFTER:
(str "")
BASETYPE: String
SIZE WORK_LIST: 11
SIZE generated: 2
EVALUABLE#: 0

-------------------------

----------------
TTYPES
%bot

PROGS

LOCAL_COUNT: 8
GLOBAL_COUNT: 8

BASE_AFTER:
(filled-hole
  (begin
    (send
      (hole 0 {:hash_depth=>0, :limit_depth=>true, :recv=>true}) :-
      (hole 0 {:hash_depth=>0, :method_arg=>true})))
  (begin
    (send
      (hole 0 {:hash_depth=>0, :limit_depth=>true, :recv=>true}) :count))
  (begin
    (send
      (hole 0 {:hash_depth=>0, :limit_depth=>true, :recv=>true}) :-
      (hole 0 {:hash_depth=>0, :method_arg=>true})))
  (hole 2 {:hash_depth=>0, :method_arg=>false, :variance=>:-}) {:method_arg=>false})
BASETYPE: %bot
SIZE WORK_LIST: 12
SIZE generated: 1
EVALUABLE#: 0

-------------------------

----------------
TTYPES
true or false
true or false
true or false
true or false

PROGS

LOCAL_COUNT: 9
GLOBAL_COUNT: 9

BASE_AFTER:
(begin
  (send
    (hole 0 {:hash_depth=>0, :limit_depth=>true, :recv=>true}) :count=
    (hole 0 {:hash_depth=>0, :method_arg=>true}))
  (true))
BASETYPE: true or false
SIZE WORK_LIST: 12
SIZE generated: 4
EVALUABLE#: 3

-------------------------

----------------
TTYPES
true or false

PROGS

LOCAL_COUNT: 10
GLOBAL_COUNT: 10

BASE_AFTER:
(begin
  (send
    (hole 0 {:hash_depth=>0, :limit_depth=>true, :recv=>true}) :diaspora_user=
    (hole 0 {:hash_depth=>0, :method_arg=>true}))
  (true))
BASETYPE: true or false
SIZE WORK_LIST: 14
SIZE generated: 1
EVALUABLE#: 0

-------------------------

----------------
TTYPES
true or false
true or false
true or false
true or false

PROGS

LOCAL_COUNT: 11
GLOBAL_COUNT: 11

BASE_AFTER:
(begin
  (send
    (hole 0 {:hash_depth=>0, :limit_depth=>true, :recv=>true}) :count=
    (hole 0 {:hash_depth=>0, :method_arg=>true}))
  (false))
BASETYPE: true or false
SIZE WORK_LIST: 14
SIZE generated: 4
EVALUABLE#: 3

-------------------------

----------------
TTYPES
true or false

PROGS

LOCAL_COUNT: 12
GLOBAL_COUNT: 12

BASE_AFTER:
(begin
  (send
    (hole 0 {:hash_depth=>0, :limit_depth=>true, :recv=>true}) :diaspora_user=
    (hole 0 {:hash_depth=>0, :method_arg=>true}))
  (false))
BASETYPE: true or false
SIZE WORK_LIST: 16
SIZE generated: 1
EVALUABLE#: 0

-------------------------

----------------
TTYPES
Integer
Integer
Integer
Integer
Integer

PROGS

LOCAL_COUNT: 13
GLOBAL_COUNT: 13

BASE_AFTER:
(begin
  (send
    (hole 0 {:hash_depth=>0, :limit_depth=>true, :recv=>true}) :count=
    (hole 0 {:hash_depth=>0, :method_arg=>true}))
  (int 0))
BASETYPE: Integer
SIZE WORK_LIST: 16
SIZE generated: 5
EVALUABLE#: 4

-------------------------

----------------
TTYPES
Integer

PROGS

LOCAL_COUNT: 14
GLOBAL_COUNT: 14

BASE_AFTER:
(begin
  (send
    (hole 0 {:hash_depth=>0, :limit_depth=>true, :recv=>true}) :diaspora_user=
    (hole 0 {:hash_depth=>0, :method_arg=>true}))
  (int 0))
BASETYPE: Integer
SIZE WORK_LIST: 19
SIZE generated: 1
EVALUABLE#: 0

-------------------------

----------------
TTYPES
Integer
Integer
Integer
Integer
Integer

PROGS

LOCAL_COUNT: 15
GLOBAL_COUNT: 15

BASE_AFTER:
(begin
  (send
    (hole 0 {:hash_depth=>0, :limit_depth=>true, :recv=>true}) :count=
    (hole 0 {:hash_depth=>0, :method_arg=>true}))
  (int 1))
BASETYPE: Integer
SIZE WORK_LIST: 19
SIZE generated: 5
EVALUABLE#: 4

-------------------------

----------------
TTYPES
Integer

PROGS

LOCAL_COUNT: 16
GLOBAL_COUNT: 16

BASE_AFTER:
(begin
  (send
    (hole 0 {:hash_depth=>0, :limit_depth=>true, :recv=>true}) :diaspora_user=
    (hole 0 {:hash_depth=>0, :method_arg=>true}))
  (int 1))
BASETYPE: Integer
SIZE WORK_LIST: 22
SIZE generated: 1
EVALUABLE#: 0

-------------------------

----------------
TTYPES
Integer
Integer
Integer
Integer
Integer

PROGS

LOCAL_COUNT: 17
GLOBAL_COUNT: 17

BASE_AFTER:
(begin
  (send
    (hole 0 {:hash_depth=>0, :limit_depth=>true, :recv=>true}) :count=
    (hole 0 {:hash_depth=>0, :method_arg=>true}))
  (int 2))
BASETYPE: Integer
SIZE WORK_LIST: 22
SIZE generated: 5
EVALUABLE#: 4

-------------------------

----------------
TTYPES
Integer

PROGS

LOCAL_COUNT: 18
GLOBAL_COUNT: 18

BASE_AFTER:
(begin
  (send
    (hole 0 {:hash_depth=>0, :limit_depth=>true, :recv=>true}) :diaspora_user=
    (hole 0 {:hash_depth=>0, :method_arg=>true}))
  (int 2))
BASETYPE: Integer
SIZE WORK_LIST: 24
SIZE generated: 1
EVALUABLE#: 0

-------------------------

----------------
TTYPES
String
String
String
String

PROGS

LOCAL_COUNT: 19
GLOBAL_COUNT: 19

BASE_AFTER:
(begin
  (send
    (hole 0 {:hash_depth=>0, :limit_depth=>true, :recv=>true}) :count=
    (hole 0 {:hash_depth=>0, :method_arg=>true}))
  (str ""))
BASETYPE: String
SIZE WORK_LIST: 24
SIZE generated: 4
EVALUABLE#: 3

-------------------------

----------------
TTYPES
String

PROGS

LOCAL_COUNT: 20
GLOBAL_COUNT: 20

BASE_AFTER:
(begin
  (send
    (hole 0 {:hash_depth=>0, :limit_depth=>true, :recv=>true}) :diaspora_user=
    (hole 0 {:hash_depth=>0, :method_arg=>true}))
  (str ""))
BASETYPE: String
SIZE WORK_LIST: 26
SIZE generated: 1
EVALUABLE#: 0

-------------------------

----------------
TTYPES
true or false
true or false

PROGS

LOCAL_COUNT: 21
GLOBAL_COUNT: 21

BASE_AFTER:
(begin
  (send
    (lvar :arg0) :count=
    (int 0))
  (true))
BASETYPE: true or false
SIZE WORK_LIST: 26
SIZE generated: 2
EVALUABLE#: 0

-------------------------

----------------
TTYPES
true or false
true or false

PROGS

LOCAL_COUNT: 22
GLOBAL_COUNT: 22

BASE_AFTER:
(begin
  (send
    (lvar :arg0) :count=
    (int 1))
  (true))
BASETYPE: true or false
SIZE WORK_LIST: 27
SIZE generated: 2
EVALUABLE#: 0

-------------------------

----------------
TTYPES
true or false
true or false

PROGS

LOCAL_COUNT: 23
GLOBAL_COUNT: 23

BASE_AFTER:
(begin
  (send
    (lvar :arg0) :count=
    (int 0))
  (false))
BASETYPE: true or false
SIZE WORK_LIST: 28
SIZE generated: 2
EVALUABLE#: 0

-------------------------

----------------
TTYPES
true or false
true or false

PROGS

LOCAL_COUNT: 24
GLOBAL_COUNT: 24

BASE_AFTER:
(begin
  (send
    (lvar :arg0) :count=
    (int 1))
  (false))
BASETYPE: true or false
SIZE WORK_LIST: 29
SIZE generated: 2
EVALUABLE#: 0

-------------------------

----------------
TTYPES
Integer
Integer

PROGS

LOCAL_COUNT: 25
GLOBAL_COUNT: 25

BASE_AFTER:
(begin
  (send
    (lvar :arg0) :count=
    (int 0))
  (int 0))
BASETYPE: Integer
SIZE WORK_LIST: 30
SIZE generated: 2
EVALUABLE#: 0

-------------------------

----------------
TTYPES
Integer
Integer

PROGS

LOCAL_COUNT: 26
GLOBAL_COUNT: 26

BASE_AFTER:
(begin
  (send
    (lvar :arg0) :count=
    (int 1))
  (int 0))
BASETYPE: Integer
SIZE WORK_LIST: 31
SIZE generated: 2
EVALUABLE#: 0

-------------------------

----------------
TTYPES
Integer
Integer

PROGS

LOCAL_COUNT: 27
GLOBAL_COUNT: 27

BASE_AFTER:
(begin
  (lvasgn :t0
    (int 0))
  (send
    (lvar :arg0) :count=
    (lvar :t0))
  (lvar :t0))
BASETYPE: Integer
SIZE WORK_LIST: 32
SIZE generated: 2
EVALUABLE#: 0

-------------------------

----------------
TTYPES
Integer
Integer

PROGS

LOCAL_COUNT: 28
GLOBAL_COUNT: 28

BASE_AFTER:
(begin
  (send
    (lvar :arg0) :count=
    (int 0))
  (int 1))
BASETYPE: Integer
SIZE WORK_LIST: 33
SIZE generated: 2
EVALUABLE#: 0

-------------------------

----------------
TTYPES
Integer
Integer

PROGS

LOCAL_COUNT: 29
GLOBAL_COUNT: 29

BASE_AFTER:
(begin
  (send
    (lvar :arg0) :count=
    (int 1))
  (int 1))
BASETYPE: Integer
SIZE WORK_LIST: 34
SIZE generated: 2
EVALUABLE#: 0

-------------------------

----------------
TTYPES
Integer
Integer

PROGS

LOCAL_COUNT: 30
GLOBAL_COUNT: 30

BASE_AFTER:
(begin
  (lvasgn :t0
    (int 1))
  (send
    (lvar :arg0) :count=
    (lvar :t0))
  (lvar :t0))
BASETYPE: Integer
SIZE WORK_LIST: 35
SIZE generated: 2
EVALUABLE#: 0

-------------------------

----------------
TTYPES
Integer
Integer

PROGS

LOCAL_COUNT: 31
GLOBAL_COUNT: 31

BASE_AFTER:
(begin
  (send
    (lvar :arg0) :count=
    (int 0))
  (int 2))
BASETYPE: Integer
SIZE WORK_LIST: 36
SIZE generated: 2
EVALUABLE#: 0

-------------------------

----------------
TTYPES
Integer
Integer

PROGS

LOCAL_COUNT: 32
GLOBAL_COUNT: 32

BASE_AFTER:
(begin
  (send
    (lvar :arg0) :count=
    (int 1))
  (int 2))
BASETYPE: Integer
SIZE WORK_LIST: 37
SIZE generated: 2
EVALUABLE#: 0

-------------------------

----------------
TTYPES
String
String

PROGS

LOCAL_COUNT: 33
GLOBAL_COUNT: 33

BASE_AFTER:
(begin
  (send
    (lvar :arg0) :count=
    (int 0))
  (str ""))
BASETYPE: String
SIZE WORK_LIST: 38
SIZE generated: 2
EVALUABLE#: 0

-------------------------

----------------
TTYPES
String
String

PROGS

LOCAL_COUNT: 34
GLOBAL_COUNT: 34

BASE_AFTER:
(begin
  (send
    (lvar :arg0) :count=
    (int 1))
  (str ""))
BASETYPE: String
SIZE WORK_LIST: 39
SIZE generated: 2
EVALUABLE#: 0

-------------------------

----------------
TTYPES
Integer
Integer
Integer
Integer
Integer
Integer
Integer
Integer
%bot

PROGS

LOCAL_COUNT: 35
GLOBAL_COUNT: 35

BASE_AFTER:
(filled-hole
  (begin
    (send
      (send
        (hole 0 {:hash_depth=>0, :limit_depth=>true, :recv=>true}) :id=
        (hole 0 {:hash_depth=>0, :method_arg=>true})) :-
      (hole 0 {:hash_depth=>0, :method_arg=>true})))
  (begin
    (send
      (send
        (hole 0 {:hash_depth=>0, :limit_depth=>true, :recv=>true}) :id=
        (hole 0 {:hash_depth=>0, :method_arg=>true})) :-
      (hole 0 {:hash_depth=>0, :method_arg=>true})))
  (begin
    (send
      (send
        (hole 0 {:hash_depth=>0, :limit_depth=>true, :recv=>true}) :id=
        (hole 0 {:hash_depth=>0, :method_arg=>true})) :count))
  (begin
    (send
      (send
        (hole 0 {:hash_depth=>0, :limit_depth=>true, :recv=>true}) :id) :-
      (hole 0 {:hash_depth=>0, :method_arg=>true})))
  (begin
    (send
      (send
        (hole 0 {:hash_depth=>0, :limit_depth=>true, :recv=>true}) :id) :-
      (hole 0 {:hash_depth=>0, :method_arg=>true})))
  (begin
    (send
      (send
        (hole 0 {:hash_depth=>0, :limit_depth=>true, :recv=>true}) :id) :count))
  (begin
    (send
      (send
        (hole 0 {:hash_depth=>0, :limit_depth=>true, :recv=>true}) :token=
        (hole 0 {:hash_depth=>0, :method_arg=>true})) :count))
  (begin
    (send
      (send
        (hole 0 {:hash_depth=>0, :limit_depth=>true, :recv=>true}) :token=
        (hole 0 {:hash_depth=>0, :method_arg=>true})) :-
      (hole 0 {:hash_depth=>0, :method_arg=>true})))
  (begin
    (send
      (send
        (hole 0 {:hash_depth=>0, :limit_depth=>true, :recv=>true}) :token) :count))
  (begin
    (send
      (send
        (hole 0 {:hash_depth=>0, :limit_depth=>true, :recv=>true}) :token) :-
      (hole 0 {:hash_depth=>0, :method_arg=>true})))
  (begin
    (send
      (send
        (hole 0 {:hash_depth=>0, :limit_depth=>true, :recv=>true}) :diaspora_user_id=
        (hole 0 {:hash_depth=>0, :method_arg=>true})) :-
      (hole 0 {:hash_depth=>0, :method_arg=>true})))
  (begin
    (send
      (send
        (hole 0 {:hash_depth=>0, :limit_depth=>true, :recv=>true}) :diaspora_user_id=
        (hole 0 {:hash_depth=>0, :method_arg=>true})) :-
      (hole 0 {:hash_depth=>0, :method_arg=>true})))
  (begin
    (send
      (send
        (hole 0 {:hash_depth=>0, :limit_depth=>true, :recv=>true}) :diaspora_user_id=
        (hole 0 {:hash_depth=>0, :method_arg=>true})) :count))
  (begin
    (send
      (send
        (hole 0 {:hash_depth=>0, :limit_depth=>true, :recv=>true}) :diaspora_user_id) :-
      (hole 0 {:hash_depth=>0, :method_arg=>true})))
  (begin
    (send
      (send
        (hole 0 {:hash_depth=>0, :limit_depth=>true, :recv=>true}) :diaspora_user_id) :-
      (hole 0 {:hash_depth=>0, :method_arg=>true})))
  (begin
    (send
      (send
        (hole 0 {:hash_depth=>0, :limit_depth=>true, :recv=>true}) :diaspora_user_id) :count))
  (begin
    (send
      (send
        (hole 0 {:hash_depth=>0, :limit_depth=>true, :recv=>true}) :count=
        (hole 0 {:hash_depth=>0, :method_arg=>true})) :-
      (hole 0 {:hash_depth=>0, :method_arg=>true})))
  (begin
    (send
      (send
        (hole 0 {:hash_depth=>0, :limit_depth=>true, :recv=>true}) :count=
        (hole 0 {:hash_depth=>0, :method_arg=>true})) :-
      (hole 0 {:hash_depth=>0, :method_arg=>true})))
  (begin
    (send
      (send
        (hole 0 {:hash_depth=>0, :limit_depth=>true, :recv=>true}) :count=
        (hole 0 {:hash_depth=>0, :method_arg=>true})) :count))
  (begin
    (send
      (begin
        (send
          (hole 0 {:hash_depth=>0, :limit_depth=>true, :recv=>true}) :count)) :-
      (hole 0 {:hash_depth=>0, :method_arg=>true})))
  (begin
    (send
      (begin
        (send
          (hole 0 {:hash_depth=>0, :limit_depth=>true, :recv=>true}) :count)) :-
      (hole 0 {:hash_depth=>0, :method_arg=>true})))
  (begin
    (send
      (begin
        (send
          (hole 0 {:hash_depth=>0, :limit_depth=>true, :recv=>true}) :count)) :count))
  (begin
    (send
      (send
        (hole 0 {:hash_depth=>0, :limit_depth=>true, :recv=>true}) :diaspora_user) :count))
  (begin
    (send
      (send
        (hole 0 {:hash_depth=>0, :limit_depth=>true, :recv=>true}) :diaspora_user) :-
      (hole 0 {:hash_depth=>0, :method_arg=>true})))
  (begin
    (send
      (send
        (hole 0 {:hash_depth=>0, :limit_depth=>true, :recv=>true}) :diaspora_user=
        (hole 0 {:hash_depth=>0, :method_arg=>true})) :count))
  (begin
    (send
      (send
        (hole 0 {:hash_depth=>0, :limit_depth=>true, :recv=>true}) :diaspora_user=
        (hole 0 {:hash_depth=>0, :method_arg=>true})) :-
      (hole 0 {:hash_depth=>0, :method_arg=>true})))
  (begin
    (send
      (begin
        (send
          (hole 0 {:hash_depth=>0, :limit_depth=>true, :recv=>true}) :-
          (hole 0 {:hash_depth=>0, :method_arg=>true}))) :-
      (hole 0 {:hash_depth=>0, :method_arg=>true})))
  (begin
    (send
      (begin
        (send
          (hole 0 {:hash_depth=>0, :limit_depth=>true, :recv=>true}) :-
          (hole 0 {:hash_depth=>0, :method_arg=>true}))) :-
      (hole 0 {:hash_depth=>0, :method_arg=>true})))
  (begin
    (send
      (begin
        (send
          (hole 0 {:hash_depth=>0, :limit_depth=>true, :recv=>true}) :save)) :count))
  (begin
    (send
      (begin
        (send
          (hole 0 {:hash_depth=>0, :limit_depth=>true, :recv=>true}) :save)) :-
      (hole 0 {:hash_depth=>0, :method_arg=>true})))
  (begin
    (send
      (begin
        (send
          (hole 0 {:hash_depth=>0, :limit_depth=>true, :recv=>true}) :count)) :-
      (hole 0 {:hash_depth=>0, :method_arg=>true})))
  (begin
    (send
      (begin
        (send
          (hole 0 {:hash_depth=>0, :limit_depth=>true, :recv=>true}) :count)) :-
      (hole 0 {:hash_depth=>0, :method_arg=>true})))
  (begin
    (send
      (begin
        (send
          (hole 0 {:hash_depth=>0, :limit_depth=>true, :recv=>true}) :-
          (hole 0 {:hash_depth=>0, :method_arg=>true}))) :-
      (hole 0 {:hash_depth=>0, :method_arg=>true})))
  (begin
    (send
      (begin
        (send
          (hole 0 {:hash_depth=>0, :limit_depth=>true, :recv=>true}) :-
          (hole 0 {:hash_depth=>0, :method_arg=>true}))) :-
      (hole 0 {:hash_depth=>0, :method_arg=>true})))
  (begin
    (send
      (begin
        (send
          (hole 0 {:hash_depth=>0, :limit_depth=>true, :recv=>true}) :save)) :count))
  (begin
    (send
      (begin
        (send
          (hole 0 {:hash_depth=>0, :limit_depth=>true, :recv=>true}) :save)) :-
      (hole 0 {:hash_depth=>0, :method_arg=>true})))
  (hole 3 {:hash_depth=>0, :method_arg=>false, :variance=>:-}) {:method_arg=>false})
BASETYPE: %bot
SIZE WORK_LIST: 40
SIZE generated: 9
EVALUABLE#: 0

-------------------------

----------------
TTYPES
Integer
Integer
Integer
Integer
Integer
Integer
Integer
Integer
Integer
Integer
Integer
Integer
Integer
Integer
Integer
Integer
Integer
Integer
Integer
Integer
Integer
Integer
Integer
Integer
Integer
Integer
Integer
Integer
Integer
Integer
Integer
Integer
Integer
Integer
Integer
Integer

PROGS

LOCAL_COUNT: 36
GLOBAL_COUNT: 36

BASE_AFTER:
(begin
  (send
    (begin
      (send
        (filled-hole
          (lvar InvitationCode(id: integer, token: string, diaspora_user_id: integer, count: integer)) {:method_arg=>false}) :-
        (filled-hole
          (lvar :arg0)
          (lvar InvitationCode(id: integer, token: string, diaspora_user_id: integer, count: integer))
          (true)
          (false)
          (int 0)
          (int 1)
          (int 2)
          (str "")
          (hole 1 {:hash_depth=>0, :method_arg=>true, :variance=>:+}) {:method_arg=>true}))) :-
    (filled-hole
      (int 0)
      (int 1)
      (int 2)
      (hole 1 {:hash_depth=>0, :method_arg=>true, :variance=>:+}) {:method_arg=>true})))
BASETYPE: Integer
SIZE WORK_LIST: 48
SIZE generated: 36
EVALUABLE#: 24

-------------------------

----------------
TTYPES
Integer
Integer
Integer
Integer

PROGS

LOCAL_COUNT: 37
GLOBAL_COUNT: 37

BASE_AFTER:
(begin
  (send
    (begin
      (send
        (filled-hole
          (lvar InvitationCode(id: integer, token: string, diaspora_user_id: integer, count: integer)) {:method_arg=>false}) :count)) :-
    (filled-hole
      (int 0)
      (int 1)
      (int 2)
      (hole 1 {:hash_depth=>0, :method_arg=>true, :variance=>:+}) {:method_arg=>true})))
BASETYPE: Integer
SIZE WORK_LIST: 59
SIZE generated: 4
EVALUABLE#: 3

-------------------------

----------------
TTYPES
true or false
true or false
true or false
true or false
true or false
true or false
true or false
true or false
true or false
true or false
true or false

PROGS

LOCAL_COUNT: 38
GLOBAL_COUNT: 38

BASE_AFTER:
(begin
  (send
    (lvar :arg0) :count=
    (hole 1 {:hash_depth=>0, :method_arg=>true, :variance=>:+}))
  (true))
BASETYPE: true or false
SIZE WORK_LIST: 62
SIZE generated: 11
EVALUABLE#: 0

-------------------------

----------------
TTYPES
Integer
Integer

PROGS

LOCAL_COUNT: 39
GLOBAL_COUNT: 39

BASE_AFTER:
(begin
  (send
    (begin
      (send
        (lvar InvitationCode(id: integer, token: string, diaspora_user_id: integer, count: integer)) :count)) :-
    (int 0)))
BASETYPE: Integer
SIZE WORK_LIST: 72
SIZE generated: 2
EVALUABLE#: 0

-------------------------

----------------
TTYPES
Integer
Integer

PROGS

LOCAL_COUNT: 40
GLOBAL_COUNT: 40

BASE_AFTER:
(begin
  (send
    (begin
      (send
        (lvar InvitationCode(id: integer, token: string, diaspora_user_id: integer, count: integer)) :count)) :-
    (int 1)))
BASETYPE: Integer
SIZE WORK_LIST: 73
SIZE generated: 2
EVALUABLE#: 0

-------------------------

----------------
TTYPES
Integer
Integer

PROGS

LOCAL_COUNT: 41
GLOBAL_COUNT: 41

BASE_AFTER:
(begin
  (send
    (begin
      (send
        (lvar InvitationCode(id: integer, token: string, diaspora_user_id: integer, count: integer)) :count)) :-
    (int 2)))
BASETYPE: Integer
SIZE WORK_LIST: 74
SIZE generated: 2
EVALUABLE#: 0

-------------------------

----------------
TTYPES
true or false
true or false
true or false
true or false
true or false
true or false
true or false
true or false
true or false
true or false

PROGS

LOCAL_COUNT: 42
GLOBAL_COUNT: 42

BASE_AFTER:
(begin
  (send
    (lvar :arg0) :count=
    (begin
      (send
        (hole 0 {:hash_depth=>0, :limit_depth=>true, :recv=>true}) :-
        (hole 0 {:hash_depth=>0, :method_arg=>true}))))
  (true))
BASETYPE: true or false
SIZE WORK_LIST: 75
SIZE generated: 10
EVALUABLE#: 9

-------------------------

----------------
TTYPES
true or false

PROGS

LOCAL_COUNT: 43
GLOBAL_COUNT: 43

BASE_AFTER:
(begin
  (send
    (lvar :arg0) :count=
    (begin
      (send
        (hole 0 {:hash_depth=>0, :limit_depth=>true, :recv=>true}) :count)))
  (true))
BASETYPE: true or false
SIZE WORK_LIST: 75
SIZE generated: 1
EVALUABLE#: 1

-------------------------

----------------
TTYPES
true or false
true or false
true or false
true or false
true or false
true or false

PROGS

LOCAL_COUNT: 44
GLOBAL_COUNT: 44

BASE_AFTER:
(begin
  (send
    (lvar :arg0) :diaspora_user=
    (hole 1 {:hash_depth=>0, :method_arg=>true, :variance=>:+}))
  (true))
BASETYPE: true or false
SIZE WORK_LIST: 75
SIZE generated: 6
EVALUABLE#: 0

-------------------------

----------------
TTYPES
true or false
true or false

PROGS

LOCAL_COUNT: 45
GLOBAL_COUNT: 45

BASE_AFTER:
(begin
  (send
    (lvar :arg0) :count=
    (begin
      (send
        (lvar InvitationCode(id: integer, token: string, diaspora_user_id: integer, count: integer)) :count)))
  (true))
BASETYPE: true or false
SIZE WORK_LIST: 80
SIZE generated: 2
EVALUABLE#: 0

-------------------------

----------------
TTYPES
true or false

PROGS

LOCAL_COUNT: 46
GLOBAL_COUNT: 46

BASE_AFTER:
(begin
  (send
    (lvar :arg0) :diaspora_user=
    (begin
      (send
        (hole 0 {:hash_depth=>0, :limit_depth=>true, :recv=>true}) :count)))
  (true))
BASETYPE: true or false
SIZE WORK_LIST: 81
SIZE generated: 1
EVALUABLE#: 1

-------------------------

----------------
TTYPES
true or false
true or false
true or false
true or false
true or false
true or false
true or false
true or false
true or false
true or false
true or false

PROGS

LOCAL_COUNT: 47
GLOBAL_COUNT: 47

BASE_AFTER:
(begin
  (send
    (lvar :arg0) :count=
    (hole 1 {:hash_depth=>0, :method_arg=>true, :variance=>:+}))
  (false))
BASETYPE: true or false
SIZE WORK_LIST: 80
SIZE generated: 11
EVALUABLE#: 0

-------------------------

----------------
TTYPES
true or false

PROGS

LOCAL_COUNT: 48
GLOBAL_COUNT: 48

BASE_AFTER:
(begin
  (send
    (lvar :arg0) :count=
    (begin
      (send
        (hole 0 {:hash_depth=>0, :limit_depth=>true, :recv=>true}) :count)))
  (false))
BASETYPE: true or false
SIZE WORK_LIST: 90
SIZE generated: 1
EVALUABLE#: 1

-------------------------

----------------
TTYPES
true or false
true or false
true or false
true or false
true or false
true or false

PROGS

LOCAL_COUNT: 49
GLOBAL_COUNT: 49

BASE_AFTER:
(begin
  (send
    (lvar :arg0) :diaspora_user=
    (hole 1 {:hash_depth=>0, :method_arg=>true, :variance=>:+}))
  (false))
BASETYPE: true or false
SIZE WORK_LIST: 90
SIZE generated: 6
EVALUABLE#: 0

-------------------------

----------------
TTYPES
true or false
true or false

PROGS

LOCAL_COUNT: 50
GLOBAL_COUNT: 50

BASE_AFTER:
(begin
  (send
    (lvar :arg0) :count=
    (begin
      (send
        (lvar InvitationCode(id: integer, token: string, diaspora_user_id: integer, count: integer)) :count)))
  (false))
BASETYPE: true or false
SIZE WORK_LIST: 95
SIZE generated: 2
EVALUABLE#: 0

-------------------------

----------------
TTYPES
true or false

PROGS

LOCAL_COUNT: 51
GLOBAL_COUNT: 51

BASE_AFTER:
(begin
  (send
    (lvar :arg0) :diaspora_user=
    (begin
      (send
        (hole 0 {:hash_depth=>0, :limit_depth=>true, :recv=>true}) :count)))
  (false))
BASETYPE: true or false
SIZE WORK_LIST: 96
SIZE generated: 1
EVALUABLE#: 1

-------------------------

----------------
TTYPES
Integer
Integer
Integer
Integer
Integer
Integer
Integer
Integer
Integer
Integer
Integer

PROGS

LOCAL_COUNT: 52
GLOBAL_COUNT: 52

BASE_AFTER:
(begin
  (send
    (lvar :arg0) :count=
    (hole 1 {:hash_depth=>0, :method_arg=>true, :variance=>:+}))
  (int 0))
BASETYPE: Integer
SIZE WORK_LIST: 95
SIZE generated: 11
EVALUABLE#: 0

-------------------------

----------------
TTYPES
Integer

PROGS

LOCAL_COUNT: 53
GLOBAL_COUNT: 53

BASE_AFTER:
(begin
  (send
    (lvar :arg0) :count=
    (begin
      (send
        (hole 0 {:hash_depth=>0, :limit_depth=>true, :recv=>true}) :count)))
  (int 0))
BASETYPE: Integer
SIZE WORK_LIST: 105
SIZE generated: 1
EVALUABLE#: 1

-------------------------

----------------
TTYPES
Integer
Integer
Integer
Integer
Integer
Integer

PROGS

LOCAL_COUNT: 54
GLOBAL_COUNT: 54

BASE_AFTER:
(begin
  (send
    (lvar :arg0) :diaspora_user=
    (hole 1 {:hash_depth=>0, :method_arg=>true, :variance=>:+}))
  (int 0))
BASETYPE: Integer
SIZE WORK_LIST: 105
SIZE generated: 6
EVALUABLE#: 0

-------------------------

----------------
TTYPES
Integer
Integer

PROGS

LOCAL_COUNT: 55
GLOBAL_COUNT: 55

BASE_AFTER:
(begin
  (send
    (lvar :arg0) :count=
    (begin
      (send
        (lvar InvitationCode(id: integer, token: string, diaspora_user_id: integer, count: integer)) :count)))
  (int 0))
BASETYPE: Integer
SIZE WORK_LIST: 110
SIZE generated: 2
EVALUABLE#: 0

-------------------------

----------------
TTYPES
Integer

PROGS

LOCAL_COUNT: 56
GLOBAL_COUNT: 56

BASE_AFTER:
(begin
  (send
    (lvar :arg0) :diaspora_user=
    (begin
      (send
        (hole 0 {:hash_depth=>0, :limit_depth=>true, :recv=>true}) :count)))
  (int 0))
BASETYPE: Integer
SIZE WORK_LIST: 111
SIZE generated: 1
EVALUABLE#: 1

-------------------------

----------------
TTYPES
Integer
Integer
Integer
Integer
Integer
Integer
Integer
Integer
Integer
Integer
Integer

PROGS

LOCAL_COUNT: 57
GLOBAL_COUNT: 57

BASE_AFTER:
(begin
  (send
    (lvar :arg0) :count=
    (hole 1 {:hash_depth=>0, :method_arg=>true, :variance=>:+}))
  (int 1))
BASETYPE: Integer
SIZE WORK_LIST: 110
SIZE generated: 11
EVALUABLE#: 0

-------------------------

----------------
TTYPES
Integer

PROGS

LOCAL_COUNT: 58
GLOBAL_COUNT: 58

BASE_AFTER:
(begin
  (send
    (lvar :arg0) :count=
    (begin
      (send
        (hole 0 {:hash_depth=>0, :limit_depth=>true, :recv=>true}) :count)))
  (int 1))
BASETYPE: Integer
SIZE WORK_LIST: 120
SIZE generated: 1
EVALUABLE#: 1

-------------------------

----------------
TTYPES
Integer
Integer
Integer
Integer
Integer
Integer

PROGS

LOCAL_COUNT: 59
GLOBAL_COUNT: 59

BASE_AFTER:
(begin
  (send
    (lvar :arg0) :diaspora_user=
    (hole 1 {:hash_depth=>0, :method_arg=>true, :variance=>:+}))
  (int 1))
BASETYPE: Integer
SIZE WORK_LIST: 120
SIZE generated: 6
EVALUABLE#: 0

-------------------------

----------------
TTYPES
Integer
Integer

PROGS

LOCAL_COUNT: 60
GLOBAL_COUNT: 60

BASE_AFTER:
(begin
  (send
    (lvar :arg0) :count=
    (begin
      (send
        (lvar InvitationCode(id: integer, token: string, diaspora_user_id: integer, count: integer)) :count)))
  (int 1))
BASETYPE: Integer
SIZE WORK_LIST: 125
SIZE generated: 2
EVALUABLE#: 0

-------------------------

----------------
TTYPES
true or false
true or false
Integer
Integer
Integer
String
%bot

PROGS

LOCAL_COUNT: 1
GLOBAL_COUNT: 61

BASE_AFTER:
(filled-hole
  (true)
  (false)
  (int 0)
  (int 1)
  (int 2)
  (str "")
  (hole 1 {:hash_depth=>0, :method_arg=>false, :variance=>:-}) {:method_arg=>false})
BASETYPE: %bot
SIZE WORK_LIST: 0
SIZE generated: 7
EVALUABLE#: 6

-------------------------

----------------
TTYPES
true or false
true or false
Integer
Integer
Integer
String
%bot

PROGS

LOCAL_COUNT: 1
GLOBAL_COUNT: 1

BASE_AFTER:
(filled-hole
  (true)
  (false)
  (int 0)
  (int 1)
  (int 2)
  (str "")
  (hole 1 {:hash_depth=>0, :method_arg=>false, :variance=>:-}) {:method_arg=>false})
BASETYPE: %bot
SIZE WORK_LIST: 0
SIZE generated: 7
EVALUABLE#: 6

-------------------------

----------------
TTYPES
true or false
true or false

PROGS

LOCAL_COUNT: 2
GLOBAL_COUNT: 2

BASE_AFTER:
(true)
BASETYPE: true or false
SIZE WORK_LIST: 6
SIZE generated: 2
EVALUABLE#: 0

-------------------------

----------------
TTYPES
true or false
true or false

PROGS

LOCAL_COUNT: 3
GLOBAL_COUNT: 3

BASE_AFTER:
(false)
BASETYPE: true or false
SIZE WORK_LIST: 7
SIZE generated: 2
EVALUABLE#: 0

-------------------------

----------------
TTYPES
Integer
Integer

PROGS

LOCAL_COUNT: 4
GLOBAL_COUNT: 4

BASE_AFTER:
(int 0)
BASETYPE: Integer
SIZE WORK_LIST: 8
SIZE generated: 2
EVALUABLE#: 0

-------------------------

----------------
TTYPES
Integer
Integer

PROGS

LOCAL_COUNT: 5
GLOBAL_COUNT: 5

BASE_AFTER:
(int 1)
BASETYPE: Integer
SIZE WORK_LIST: 9
SIZE generated: 2
EVALUABLE#: 0

-------------------------

----------------
TTYPES
Integer
Integer

PROGS

LOCAL_COUNT: 6
GLOBAL_COUNT: 6

BASE_AFTER:
(int 2)
BASETYPE: Integer
SIZE WORK_LIST: 10
SIZE generated: 2
EVALUABLE#: 0

-------------------------

----------------
TTYPES
String
String

PROGS

LOCAL_COUNT: 7
GLOBAL_COUNT: 7

BASE_AFTER:
(str "")
BASETYPE: String
SIZE WORK_LIST: 11
SIZE generated: 2
EVALUABLE#: 0

-------------------------

----------------
TTYPES
%bot

PROGS

LOCAL_COUNT: 8
GLOBAL_COUNT: 8

BASE_AFTER:
(filled-hole
  (begin
    (send
      (hole 0 {:hash_depth=>0, :limit_depth=>true, :recv=>true}) :-
      (hole 0 {:hash_depth=>0, :method_arg=>true})))
  (begin
    (send
      (hole 0 {:hash_depth=>0, :limit_depth=>true, :recv=>true}) :count))
  (begin
    (send
      (hole 0 {:hash_depth=>0, :limit_depth=>true, :recv=>true}) :-
      (hole 0 {:hash_depth=>0, :method_arg=>true})))
  (hole 2 {:hash_depth=>0, :method_arg=>false, :variance=>:-}) {:method_arg=>false})
BASETYPE: %bot
SIZE WORK_LIST: 12
SIZE generated: 1
EVALUABLE#: 0

-------------------------

----------------
TTYPES
true or false
true or false
true or false
true or false

PROGS

LOCAL_COUNT: 9
GLOBAL_COUNT: 9

BASE_AFTER:
(begin
  (send
    (hole 0 {:hash_depth=>0, :limit_depth=>true, :recv=>true}) :count=
    (hole 0 {:hash_depth=>0, :method_arg=>true}))
  (true))
BASETYPE: true or false
SIZE WORK_LIST: 12
SIZE generated: 4
EVALUABLE#: 3

-------------------------

----------------
TTYPES
true or false

PROGS

LOCAL_COUNT: 10
GLOBAL_COUNT: 10

BASE_AFTER:
(begin
  (send
    (hole 0 {:hash_depth=>0, :limit_depth=>true, :recv=>true}) :diaspora_user=
    (hole 0 {:hash_depth=>0, :method_arg=>true}))
  (true))
BASETYPE: true or false
SIZE WORK_LIST: 14
SIZE generated: 1
EVALUABLE#: 0

-------------------------

----------------
TTYPES
true or false
true or false
true or false
true or false

PROGS

LOCAL_COUNT: 11
GLOBAL_COUNT: 11

BASE_AFTER:
(begin
  (send
    (hole 0 {:hash_depth=>0, :limit_depth=>true, :recv=>true}) :count=
    (hole 0 {:hash_depth=>0, :method_arg=>true}))
  (false))
BASETYPE: true or false
SIZE WORK_LIST: 14
SIZE generated: 4
EVALUABLE#: 3

-------------------------

----------------
TTYPES
true or false

PROGS

LOCAL_COUNT: 12
GLOBAL_COUNT: 12

BASE_AFTER:
(begin
  (send
    (hole 0 {:hash_depth=>0, :limit_depth=>true, :recv=>true}) :diaspora_user=
    (hole 0 {:hash_depth=>0, :method_arg=>true}))
  (false))
BASETYPE: true or false
SIZE WORK_LIST: 16
SIZE generated: 1
EVALUABLE#: 0

-------------------------

----------------
TTYPES
Integer
Integer
Integer
Integer
Integer

PROGS

LOCAL_COUNT: 13
GLOBAL_COUNT: 13

BASE_AFTER:
(begin
  (send
    (hole 0 {:hash_depth=>0, :limit_depth=>true, :recv=>true}) :count=
    (hole 0 {:hash_depth=>0, :method_arg=>true}))
  (int 0))
BASETYPE: Integer
SIZE WORK_LIST: 16
SIZE generated: 5
EVALUABLE#: 4

-------------------------

----------------
TTYPES
Integer

PROGS

LOCAL_COUNT: 14
GLOBAL_COUNT: 14

BASE_AFTER:
(begin
  (send
    (hole 0 {:hash_depth=>0, :limit_depth=>true, :recv=>true}) :diaspora_user=
    (hole 0 {:hash_depth=>0, :method_arg=>true}))
  (int 0))
BASETYPE: Integer
SIZE WORK_LIST: 19
SIZE generated: 1
EVALUABLE#: 0

-------------------------

----------------
TTYPES
Integer
Integer
Integer
Integer
Integer

PROGS

LOCAL_COUNT: 15
GLOBAL_COUNT: 15

BASE_AFTER:
(begin
  (send
    (hole 0 {:hash_depth=>0, :limit_depth=>true, :recv=>true}) :count=
    (hole 0 {:hash_depth=>0, :method_arg=>true}))
  (int 1))
BASETYPE: Integer
SIZE WORK_LIST: 19
SIZE generated: 5
EVALUABLE#: 4

-------------------------

----------------
TTYPES
Integer

PROGS

LOCAL_COUNT: 16
GLOBAL_COUNT: 16

BASE_AFTER:
(begin
  (send
    (hole 0 {:hash_depth=>0, :limit_depth=>true, :recv=>true}) :diaspora_user=
    (hole 0 {:hash_depth=>0, :method_arg=>true}))
  (int 1))
BASETYPE: Integer
SIZE WORK_LIST: 22
SIZE generated: 1
EVALUABLE#: 0

-------------------------

----------------
TTYPES
Integer
Integer
Integer
Integer
Integer

PROGS

LOCAL_COUNT: 17
GLOBAL_COUNT: 17

BASE_AFTER:
(begin
  (send
    (hole 0 {:hash_depth=>0, :limit_depth=>true, :recv=>true}) :count=
    (hole 0 {:hash_depth=>0, :method_arg=>true}))
  (int 2))
BASETYPE: Integer
SIZE WORK_LIST: 22
SIZE generated: 5
EVALUABLE#: 4

-------------------------

----------------
TTYPES
Integer

PROGS

LOCAL_COUNT: 18
GLOBAL_COUNT: 18

BASE_AFTER:
(begin
  (send
    (hole 0 {:hash_depth=>0, :limit_depth=>true, :recv=>true}) :diaspora_user=
    (hole 0 {:hash_depth=>0, :method_arg=>true}))
  (int 2))
BASETYPE: Integer
SIZE WORK_LIST: 24
SIZE generated: 1
EVALUABLE#: 0

-------------------------

----------------
TTYPES
String
String
String
String

PROGS

LOCAL_COUNT: 19
GLOBAL_COUNT: 19

BASE_AFTER:
(begin
  (send
    (hole 0 {:hash_depth=>0, :limit_depth=>true, :recv=>true}) :count=
    (hole 0 {:hash_depth=>0, :method_arg=>true}))
  (str ""))
BASETYPE: String
SIZE WORK_LIST: 24
SIZE generated: 4
EVALUABLE#: 3

-------------------------

----------------
TTYPES
String

PROGS

LOCAL_COUNT: 20
GLOBAL_COUNT: 20

BASE_AFTER:
(begin
  (send
    (hole 0 {:hash_depth=>0, :limit_depth=>true, :recv=>true}) :diaspora_user=
    (hole 0 {:hash_depth=>0, :method_arg=>true}))
  (str ""))
BASETYPE: String
SIZE WORK_LIST: 26
SIZE generated: 1
EVALUABLE#: 0

-------------------------

----------------
TTYPES
true or false
true or false

PROGS

LOCAL_COUNT: 21
GLOBAL_COUNT: 21

BASE_AFTER:
(begin
  (send
    (lvar :arg0) :count=
    (int 0))
  (true))
BASETYPE: true or false
SIZE WORK_LIST: 26
SIZE generated: 2
EVALUABLE#: 0

-------------------------

----------------
TTYPES
true or false
true or false

PROGS

LOCAL_COUNT: 22
GLOBAL_COUNT: 22

BASE_AFTER:
(begin
  (send
    (lvar :arg0) :count=
    (int 1))
  (true))
BASETYPE: true or false
SIZE WORK_LIST: 27
SIZE generated: 2
EVALUABLE#: 0

-------------------------

----------------
TTYPES
true or false
true or false

PROGS

LOCAL_COUNT: 23
GLOBAL_COUNT: 23

BASE_AFTER:
(begin
  (send
    (lvar :arg0) :count=
    (int 0))
  (false))
BASETYPE: true or false
SIZE WORK_LIST: 28
SIZE generated: 2
EVALUABLE#: 0

-------------------------

----------------
TTYPES
true or false
true or false

PROGS

LOCAL_COUNT: 24
GLOBAL_COUNT: 24

BASE_AFTER:
(begin
  (send
    (lvar :arg0) :count=
    (int 1))
  (false))
BASETYPE: true or false
SIZE WORK_LIST: 29
SIZE generated: 2
EVALUABLE#: 0

-------------------------

----------------
TTYPES
Integer
Integer

PROGS

LOCAL_COUNT: 25
GLOBAL_COUNT: 25

BASE_AFTER:
(begin
  (send
    (lvar :arg0) :count=
    (int 0))
  (int 0))
BASETYPE: Integer
SIZE WORK_LIST: 30
SIZE generated: 2
EVALUABLE#: 0

-------------------------

----------------
TTYPES
Integer
Integer

PROGS

LOCAL_COUNT: 26
GLOBAL_COUNT: 26

BASE_AFTER:
(begin
  (send
    (lvar :arg0) :count=
    (int 1))
  (int 0))
BASETYPE: Integer
SIZE WORK_LIST: 31
SIZE generated: 2
EVALUABLE#: 0

-------------------------

----------------
TTYPES
Integer
Integer

PROGS

LOCAL_COUNT: 27
GLOBAL_COUNT: 27

BASE_AFTER:
(begin
  (lvasgn :t0
    (int 0))
  (send
    (lvar :arg0) :count=
    (lvar :t0))
  (lvar :t0))
BASETYPE: Integer
SIZE WORK_LIST: 32
SIZE generated: 2
EVALUABLE#: 0

-------------------------

----------------
TTYPES
Integer
Integer

PROGS

LOCAL_COUNT: 28
GLOBAL_COUNT: 28

BASE_AFTER:
(begin
  (send
    (lvar :arg0) :count=
    (int 0))
  (int 1))
BASETYPE: Integer
SIZE WORK_LIST: 33
SIZE generated: 2
EVALUABLE#: 0

-------------------------

----------------
TTYPES
Integer
Integer

PROGS

LOCAL_COUNT: 29
GLOBAL_COUNT: 29

BASE_AFTER:
(begin
  (send
    (lvar :arg0) :count=
    (int 1))
  (int 1))
BASETYPE: Integer
SIZE WORK_LIST: 34
SIZE generated: 2
EVALUABLE#: 0

-------------------------

----------------
TTYPES
Integer
Integer

PROGS

LOCAL_COUNT: 30
GLOBAL_COUNT: 30

BASE_AFTER:
(begin
  (lvasgn :t0
    (int 1))
  (send
    (lvar :arg0) :count=
    (lvar :t0))
  (lvar :t0))
BASETYPE: Integer
SIZE WORK_LIST: 35
SIZE generated: 2
EVALUABLE#: 0

-------------------------

----------------
TTYPES
Integer
Integer

PROGS

LOCAL_COUNT: 31
GLOBAL_COUNT: 31

BASE_AFTER:
(begin
  (send
    (lvar :arg0) :count=
    (int 0))
  (int 2))
BASETYPE: Integer
SIZE WORK_LIST: 36
SIZE generated: 2
EVALUABLE#: 0

-------------------------

----------------
TTYPES
Integer
Integer

PROGS

LOCAL_COUNT: 32
GLOBAL_COUNT: 32

BASE_AFTER:
(begin
  (send
    (lvar :arg0) :count=
    (int 1))
  (int 2))
BASETYPE: Integer
SIZE WORK_LIST: 37
SIZE generated: 2
EVALUABLE#: 0

-------------------------

----------------
TTYPES
String
String

PROGS

LOCAL_COUNT: 33
GLOBAL_COUNT: 33

BASE_AFTER:
(begin
  (send
    (lvar :arg0) :count=
    (int 0))
  (str ""))
BASETYPE: String
SIZE WORK_LIST: 38
SIZE generated: 2
EVALUABLE#: 0

-------------------------

----------------
TTYPES
String
String

PROGS

LOCAL_COUNT: 34
GLOBAL_COUNT: 34

BASE_AFTER:
(begin
  (send
    (lvar :arg0) :count=
    (int 1))
  (str ""))
BASETYPE: String
SIZE WORK_LIST: 39
SIZE generated: 2
EVALUABLE#: 0

-------------------------

----------------
TTYPES
Integer
Integer
Integer
Integer
Integer
Integer
Integer
Integer
%bot

PROGS

LOCAL_COUNT: 35
GLOBAL_COUNT: 35

BASE_AFTER:
(filled-hole
  (begin
    (send
      (send
        (hole 0 {:hash_depth=>0, :limit_depth=>true, :recv=>true}) :id=
        (hole 0 {:hash_depth=>0, :method_arg=>true})) :-
      (hole 0 {:hash_depth=>0, :method_arg=>true})))
  (begin
    (send
      (send
        (hole 0 {:hash_depth=>0, :limit_depth=>true, :recv=>true}) :id=
        (hole 0 {:hash_depth=>0, :method_arg=>true})) :-
      (hole 0 {:hash_depth=>0, :method_arg=>true})))
  (begin
    (send
      (send
        (hole 0 {:hash_depth=>0, :limit_depth=>true, :recv=>true}) :id=
        (hole 0 {:hash_depth=>0, :method_arg=>true})) :count))
  (begin
    (send
      (send
        (hole 0 {:hash_depth=>0, :limit_depth=>true, :recv=>true}) :id) :-
      (hole 0 {:hash_depth=>0, :method_arg=>true})))
  (begin
    (send
      (send
        (hole 0 {:hash_depth=>0, :limit_depth=>true, :recv=>true}) :id) :-
      (hole 0 {:hash_depth=>0, :method_arg=>true})))
  (begin
    (send
      (send
        (hole 0 {:hash_depth=>0, :limit_depth=>true, :recv=>true}) :id) :count))
  (begin
    (send
      (send
        (hole 0 {:hash_depth=>0, :limit_depth=>true, :recv=>true}) :token=
        (hole 0 {:hash_depth=>0, :method_arg=>true})) :count))
  (begin
    (send
      (send
        (hole 0 {:hash_depth=>0, :limit_depth=>true, :recv=>true}) :token=
        (hole 0 {:hash_depth=>0, :method_arg=>true})) :-
      (hole 0 {:hash_depth=>0, :method_arg=>true})))
  (begin
    (send
      (send
        (hole 0 {:hash_depth=>0, :limit_depth=>true, :recv=>true}) :token) :count))
  (begin
    (send
      (send
        (hole 0 {:hash_depth=>0, :limit_depth=>true, :recv=>true}) :token) :-
      (hole 0 {:hash_depth=>0, :method_arg=>true})))
  (begin
    (send
      (send
        (hole 0 {:hash_depth=>0, :limit_depth=>true, :recv=>true}) :diaspora_user_id=
        (hole 0 {:hash_depth=>0, :method_arg=>true})) :-
      (hole 0 {:hash_depth=>0, :method_arg=>true})))
  (begin
    (send
      (send
        (hole 0 {:hash_depth=>0, :limit_depth=>true, :recv=>true}) :diaspora_user_id=
        (hole 0 {:hash_depth=>0, :method_arg=>true})) :-
      (hole 0 {:hash_depth=>0, :method_arg=>true})))
  (begin
    (send
      (send
        (hole 0 {:hash_depth=>0, :limit_depth=>true, :recv=>true}) :diaspora_user_id=
        (hole 0 {:hash_depth=>0, :method_arg=>true})) :count))
  (begin
    (send
      (send
        (hole 0 {:hash_depth=>0, :limit_depth=>true, :recv=>true}) :diaspora_user_id) :-
      (hole 0 {:hash_depth=>0, :method_arg=>true})))
  (begin
    (send
      (send
        (hole 0 {:hash_depth=>0, :limit_depth=>true, :recv=>true}) :diaspora_user_id) :-
      (hole 0 {:hash_depth=>0, :method_arg=>true})))
  (begin
    (send
      (send
        (hole 0 {:hash_depth=>0, :limit_depth=>true, :recv=>true}) :diaspora_user_id) :count))
  (begin
    (send
      (send
        (hole 0 {:hash_depth=>0, :limit_depth=>true, :recv=>true}) :count=
        (hole 0 {:hash_depth=>0, :method_arg=>true})) :-
      (hole 0 {:hash_depth=>0, :method_arg=>true})))
  (begin
    (send
      (send
        (hole 0 {:hash_depth=>0, :limit_depth=>true, :recv=>true}) :count=
        (hole 0 {:hash_depth=>0, :method_arg=>true})) :-
      (hole 0 {:hash_depth=>0, :method_arg=>true})))
  (begin
    (send
      (send
        (hole 0 {:hash_depth=>0, :limit_depth=>true, :recv=>true}) :count=
        (hole 0 {:hash_depth=>0, :method_arg=>true})) :count))
  (begin
    (send
      (begin
        (send
          (hole 0 {:hash_depth=>0, :limit_depth=>true, :recv=>true}) :count)) :-
      (hole 0 {:hash_depth=>0, :method_arg=>true})))
  (begin
    (send
      (begin
        (send
          (hole 0 {:hash_depth=>0, :limit_depth=>true, :recv=>true}) :count)) :-
      (hole 0 {:hash_depth=>0, :method_arg=>true})))
  (begin
    (send
      (begin
        (send
          (hole 0 {:hash_depth=>0, :limit_depth=>true, :recv=>true}) :count)) :count))
  (begin
    (send
      (send
        (hole 0 {:hash_depth=>0, :limit_depth=>true, :recv=>true}) :diaspora_user) :count))
  (begin
    (send
      (send
        (hole 0 {:hash_depth=>0, :limit_depth=>true, :recv=>true}) :diaspora_user) :-
      (hole 0 {:hash_depth=>0, :method_arg=>true})))
  (begin
    (send
      (send
        (hole 0 {:hash_depth=>0, :limit_depth=>true, :recv=>true}) :diaspora_user=
        (hole 0 {:hash_depth=>0, :method_arg=>true})) :count))
  (begin
    (send
      (send
        (hole 0 {:hash_depth=>0, :limit_depth=>true, :recv=>true}) :diaspora_user=
        (hole 0 {:hash_depth=>0, :method_arg=>true})) :-
      (hole 0 {:hash_depth=>0, :method_arg=>true})))
  (begin
    (send
      (begin
        (send
          (hole 0 {:hash_depth=>0, :limit_depth=>true, :recv=>true}) :-
          (hole 0 {:hash_depth=>0, :method_arg=>true}))) :-
      (hole 0 {:hash_depth=>0, :method_arg=>true})))
  (begin
    (send
      (begin
        (send
          (hole 0 {:hash_depth=>0, :limit_depth=>true, :recv=>true}) :-
          (hole 0 {:hash_depth=>0, :method_arg=>true}))) :-
      (hole 0 {:hash_depth=>0, :method_arg=>true})))
  (begin
    (send
      (begin
        (send
          (hole 0 {:hash_depth=>0, :limit_depth=>true, :recv=>true}) :save)) :count))
  (begin
    (send
      (begin
        (send
          (hole 0 {:hash_depth=>0, :limit_depth=>true, :recv=>true}) :save)) :-
      (hole 0 {:hash_depth=>0, :method_arg=>true})))
  (begin
    (send
      (begin
        (send
          (hole 0 {:hash_depth=>0, :limit_depth=>true, :recv=>true}) :count)) :-
      (hole 0 {:hash_depth=>0, :method_arg=>true})))
  (begin
    (send
      (begin
        (send
          (hole 0 {:hash_depth=>0, :limit_depth=>true, :recv=>true}) :count)) :-
      (hole 0 {:hash_depth=>0, :method_arg=>true})))
  (begin
    (send
      (begin
        (send
          (hole 0 {:hash_depth=>0, :limit_depth=>true, :recv=>true}) :-
          (hole 0 {:hash_depth=>0, :method_arg=>true}))) :-
      (hole 0 {:hash_depth=>0, :method_arg=>true})))
  (begin
    (send
      (begin
        (send
          (hole 0 {:hash_depth=>0, :limit_depth=>true, :recv=>true}) :-
          (hole 0 {:hash_depth=>0, :method_arg=>true}))) :-
      (hole 0 {:hash_depth=>0, :method_arg=>true})))
  (begin
    (send
      (begin
        (send
          (hole 0 {:hash_depth=>0, :limit_depth=>true, :recv=>true}) :save)) :count))
  (begin
    (send
      (begin
        (send
          (hole 0 {:hash_depth=>0, :limit_depth=>true, :recv=>true}) :save)) :-
      (hole 0 {:hash_depth=>0, :method_arg=>true})))
  (hole 3 {:hash_depth=>0, :method_arg=>false, :variance=>:-}) {:method_arg=>false})
BASETYPE: %bot
SIZE WORK_LIST: 40
SIZE generated: 9
EVALUABLE#: 0

-------------------------

----------------
TTYPES
Integer
Integer
Integer
Integer
Integer
Integer
Integer
Integer
Integer
Integer
Integer
Integer
Integer
Integer
Integer
Integer
Integer
Integer
Integer
Integer
Integer
Integer
Integer
Integer
Integer
Integer
Integer
Integer
Integer
Integer
Integer
Integer
Integer
Integer
Integer
Integer

PROGS

LOCAL_COUNT: 36
GLOBAL_COUNT: 36

BASE_AFTER:
(begin
  (send
    (begin
      (send
        (filled-hole
          (lvar InvitationCode(id: integer, token: string, diaspora_user_id: integer, count: integer)) {:method_arg=>false}) :-
        (filled-hole
          (lvar :arg0)
          (lvar InvitationCode(id: integer, token: string, diaspora_user_id: integer, count: integer))
          (true)
          (false)
          (int 0)
          (int 1)
          (int 2)
          (str "")
          (hole 1 {:hash_depth=>0, :method_arg=>true, :variance=>:+}) {:method_arg=>true}))) :-
    (filled-hole
      (int 0)
      (int 1)
      (int 2)
      (hole 1 {:hash_depth=>0, :method_arg=>true, :variance=>:+}) {:method_arg=>true})))
BASETYPE: Integer
SIZE WORK_LIST: 48
SIZE generated: 36
EVALUABLE#: 24

-------------------------

----------------
TTYPES
Integer
Integer
Integer
Integer

PROGS

LOCAL_COUNT: 37
GLOBAL_COUNT: 37

BASE_AFTER:
(begin
  (send
    (begin
      (send
        (filled-hole
          (lvar InvitationCode(id: integer, token: string, diaspora_user_id: integer, count: integer)) {:method_arg=>false}) :count)) :-
    (filled-hole
      (int 0)
      (int 1)
      (int 2)
      (hole 1 {:hash_depth=>0, :method_arg=>true, :variance=>:+}) {:method_arg=>true})))
BASETYPE: Integer
SIZE WORK_LIST: 59
SIZE generated: 4
EVALUABLE#: 3

-------------------------

----------------
TTYPES
true or false
true or false
true or false
true or false
true or false
true or false
true or false
true or false
true or false
true or false
true or false

PROGS

LOCAL_COUNT: 38
GLOBAL_COUNT: 38

BASE_AFTER:
(begin
  (send
    (lvar :arg0) :count=
    (hole 1 {:hash_depth=>0, :method_arg=>true, :variance=>:+}))
  (true))
BASETYPE: true or false
SIZE WORK_LIST: 62
SIZE generated: 11
EVALUABLE#: 0

-------------------------

----------------
TTYPES
Integer
Integer

PROGS

LOCAL_COUNT: 39
GLOBAL_COUNT: 39

BASE_AFTER:
(begin
  (send
    (begin
      (send
        (lvar InvitationCode(id: integer, token: string, diaspora_user_id: integer, count: integer)) :count)) :-
    (int 0)))
BASETYPE: Integer
SIZE WORK_LIST: 72
SIZE generated: 2
EVALUABLE#: 0

-------------------------

----------------
TTYPES
Integer
Integer

PROGS

LOCAL_COUNT: 40
GLOBAL_COUNT: 40

BASE_AFTER:
(begin
  (send
    (begin
      (send
        (lvar InvitationCode(id: integer, token: string, diaspora_user_id: integer, count: integer)) :count)) :-
    (int 1)))
BASETYPE: Integer
SIZE WORK_LIST: 73
SIZE generated: 2
EVALUABLE#: 0

-------------------------

----------------
TTYPES
Integer
Integer

PROGS

LOCAL_COUNT: 41
GLOBAL_COUNT: 41

BASE_AFTER:
(begin
  (send
    (begin
      (send
        (lvar InvitationCode(id: integer, token: string, diaspora_user_id: integer, count: integer)) :count)) :-
    (int 2)))
BASETYPE: Integer
SIZE WORK_LIST: 74
SIZE generated: 2
EVALUABLE#: 0

-------------------------

----------------
TTYPES
true or false
true or false
true or false
true or false
true or false
true or false
true or false
true or false
true or false
true or false

PROGS

LOCAL_COUNT: 42
GLOBAL_COUNT: 42

BASE_AFTER:
(begin
  (send
    (lvar :arg0) :count=
    (begin
      (send
        (hole 0 {:hash_depth=>0, :limit_depth=>true, :recv=>true}) :-
        (hole 0 {:hash_depth=>0, :method_arg=>true}))))
  (true))
BASETYPE: true or false
SIZE WORK_LIST: 75
SIZE generated: 10
EVALUABLE#: 9

-------------------------

----------------
TTYPES
true or false

PROGS

LOCAL_COUNT: 43
GLOBAL_COUNT: 43

BASE_AFTER:
(begin
  (send
    (lvar :arg0) :count=
    (begin
      (send
        (hole 0 {:hash_depth=>0, :limit_depth=>true, :recv=>true}) :count)))
  (true))
BASETYPE: true or false
SIZE WORK_LIST: 75
SIZE generated: 1
EVALUABLE#: 1

-------------------------

----------------
TTYPES
true or false
true or false
true or false
true or false
true or false
true or false

PROGS

LOCAL_COUNT: 44
GLOBAL_COUNT: 44

BASE_AFTER:
(begin
  (send
    (lvar :arg0) :diaspora_user=
    (hole 1 {:hash_depth=>0, :method_arg=>true, :variance=>:+}))
  (true))
BASETYPE: true or false
SIZE WORK_LIST: 75
SIZE generated: 6
EVALUABLE#: 0

-------------------------

----------------
TTYPES
true or false
true or false

PROGS

LOCAL_COUNT: 45
GLOBAL_COUNT: 45

BASE_AFTER:
(begin
  (send
    (lvar :arg0) :count=
    (begin
      (send
        (lvar InvitationCode(id: integer, token: string, diaspora_user_id: integer, count: integer)) :count)))
  (true))
BASETYPE: true or false
SIZE WORK_LIST: 80
SIZE generated: 2
EVALUABLE#: 0

-------------------------

----------------
TTYPES
true or false

PROGS

LOCAL_COUNT: 46
GLOBAL_COUNT: 46

BASE_AFTER:
(begin
  (send
    (lvar :arg0) :diaspora_user=
    (begin
      (send
        (hole 0 {:hash_depth=>0, :limit_depth=>true, :recv=>true}) :count)))
  (true))
BASETYPE: true or false
SIZE WORK_LIST: 81
SIZE generated: 1
EVALUABLE#: 1

-------------------------

----------------
TTYPES
true or false
true or false
true or false
true or false
true or false
true or false
true or false
true or false
true or false
true or false
true or false

PROGS

LOCAL_COUNT: 47
GLOBAL_COUNT: 47

BASE_AFTER:
(begin
  (send
    (lvar :arg0) :count=
    (hole 1 {:hash_depth=>0, :method_arg=>true, :variance=>:+}))
  (false))
BASETYPE: true or false
SIZE WORK_LIST: 80
SIZE generated: 11
EVALUABLE#: 0

-------------------------

----------------
TTYPES
true or false

PROGS

LOCAL_COUNT: 48
GLOBAL_COUNT: 48

BASE_AFTER:
(begin
  (send
    (lvar :arg0) :count=
    (begin
      (send
        (hole 0 {:hash_depth=>0, :limit_depth=>true, :recv=>true}) :count)))
  (false))
BASETYPE: true or false
SIZE WORK_LIST: 90
SIZE generated: 1
EVALUABLE#: 1

-------------------------

----------------
TTYPES
true or false
true or false
true or false
true or false
true or false
true or false

PROGS

LOCAL_COUNT: 49
GLOBAL_COUNT: 49

BASE_AFTER:
(begin
  (send
    (lvar :arg0) :diaspora_user=
    (hole 1 {:hash_depth=>0, :method_arg=>true, :variance=>:+}))
  (false))
BASETYPE: true or false
SIZE WORK_LIST: 90
SIZE generated: 6
EVALUABLE#: 0

-------------------------

----------------
TTYPES
true or false
true or false

PROGS

LOCAL_COUNT: 50
GLOBAL_COUNT: 50

BASE_AFTER:
(begin
  (send
    (lvar :arg0) :count=
    (begin
      (send
        (lvar InvitationCode(id: integer, token: string, diaspora_user_id: integer, count: integer)) :count)))
  (false))
BASETYPE: true or false
SIZE WORK_LIST: 95
SIZE generated: 2
EVALUABLE#: 0

-------------------------

----------------
TTYPES
true or false

PROGS

LOCAL_COUNT: 51
GLOBAL_COUNT: 51

BASE_AFTER:
(begin
  (send
    (lvar :arg0) :diaspora_user=
    (begin
      (send
        (hole 0 {:hash_depth=>0, :limit_depth=>true, :recv=>true}) :count)))
  (false))
BASETYPE: true or false
SIZE WORK_LIST: 96
SIZE generated: 1
EVALUABLE#: 1

-------------------------

----------------
TTYPES
Integer
Integer
Integer
Integer
Integer
Integer
Integer
Integer
Integer
Integer
Integer

PROGS

LOCAL_COUNT: 52
GLOBAL_COUNT: 52

BASE_AFTER:
(begin
  (send
    (lvar :arg0) :count=
    (hole 1 {:hash_depth=>0, :method_arg=>true, :variance=>:+}))
  (int 0))
BASETYPE: Integer
SIZE WORK_LIST: 95
SIZE generated: 11
EVALUABLE#: 0

-------------------------

----------------
TTYPES
Integer

PROGS

LOCAL_COUNT: 53
GLOBAL_COUNT: 53

BASE_AFTER:
(begin
  (send
    (lvar :arg0) :count=
    (begin
      (send
        (hole 0 {:hash_depth=>0, :limit_depth=>true, :recv=>true}) :count)))
  (int 0))
BASETYPE: Integer
SIZE WORK_LIST: 105
SIZE generated: 1
EVALUABLE#: 1

-------------------------

----------------
TTYPES
Integer
Integer
Integer
Integer
Integer
Integer

PROGS

LOCAL_COUNT: 54
GLOBAL_COUNT: 54

BASE_AFTER:
(begin
  (send
    (lvar :arg0) :diaspora_user=
    (hole 1 {:hash_depth=>0, :method_arg=>true, :variance=>:+}))
  (int 0))
BASETYPE: Integer
SIZE WORK_LIST: 105
SIZE generated: 6
EVALUABLE#: 0

-------------------------

----------------
TTYPES
Integer
Integer

PROGS

LOCAL_COUNT: 55
GLOBAL_COUNT: 55

BASE_AFTER:
(begin
  (send
    (lvar :arg0) :count=
    (begin
      (send
        (lvar InvitationCode(id: integer, token: string, diaspora_user_id: integer, count: integer)) :count)))
  (int 0))
BASETYPE: Integer
SIZE WORK_LIST: 110
SIZE generated: 2
EVALUABLE#: 0

-------------------------

----------------
TTYPES
Integer

PROGS

LOCAL_COUNT: 56
GLOBAL_COUNT: 56

BASE_AFTER:
(begin
  (send
    (lvar :arg0) :diaspora_user=
    (begin
      (send
        (hole 0 {:hash_depth=>0, :limit_depth=>true, :recv=>true}) :count)))
  (int 0))
BASETYPE: Integer
SIZE WORK_LIST: 111
SIZE generated: 1
EVALUABLE#: 1

-------------------------

----------------
TTYPES
Integer
Integer
Integer
Integer
Integer
Integer
Integer
Integer
Integer
Integer
Integer

PROGS

LOCAL_COUNT: 57
GLOBAL_COUNT: 57

BASE_AFTER:
(begin
  (send
    (lvar :arg0) :count=
    (hole 1 {:hash_depth=>0, :method_arg=>true, :variance=>:+}))
  (int 1))
BASETYPE: Integer
SIZE WORK_LIST: 110
SIZE generated: 11
EVALUABLE#: 0

-------------------------

----------------
TTYPES
Integer

PROGS

LOCAL_COUNT: 58
GLOBAL_COUNT: 58

BASE_AFTER:
(begin
  (send
    (lvar :arg0) :count=
    (begin
      (send
        (hole 0 {:hash_depth=>0, :limit_depth=>true, :recv=>true}) :count)))
  (int 1))
BASETYPE: Integer
SIZE WORK_LIST: 120
SIZE generated: 1
EVALUABLE#: 1

-------------------------

----------------
TTYPES
Integer
Integer
Integer
Integer
Integer
Integer

PROGS

LOCAL_COUNT: 59
GLOBAL_COUNT: 59

BASE_AFTER:
(begin
  (send
    (lvar :arg0) :diaspora_user=
    (hole 1 {:hash_depth=>0, :method_arg=>true, :variance=>:+}))
  (int 1))
BASETYPE: Integer
SIZE WORK_LIST: 120
SIZE generated: 6
EVALUABLE#: 0

-------------------------

----------------
TTYPES
Integer
Integer

PROGS

LOCAL_COUNT: 60
GLOBAL_COUNT: 60

BASE_AFTER:
(begin
  (send
    (lvar :arg0) :count=
    (begin
      (send
        (lvar InvitationCode(id: integer, token: string, diaspora_user_id: integer, count: integer)) :count)))
  (int 1))
BASETYPE: Integer
SIZE WORK_LIST: 125
SIZE generated: 2
EVALUABLE#: 0

-------------------------

----------------
TTYPES
true or false
true or false
Integer
Integer
Integer
String
%bot

PROGS

LOCAL_COUNT: 1
GLOBAL_COUNT: 61

BASE_AFTER:
(filled-hole
  (true)
  (false)
  (int 0)
  (int 1)
  (int 2)
  (str "")
  (hole 1 {:hash_depth=>0, :method_arg=>false, :variance=>:-}) {:method_arg=>false})
BASETYPE: %bot
SIZE WORK_LIST: 0
SIZE generated: 7
EVALUABLE#: 6

-------------------------

----------------
TTYPES
true or false
true or false

PROGS

LOCAL_COUNT: 2
GLOBAL_COUNT: 62

BASE_AFTER:
(true)
BASETYPE: true or false
SIZE WORK_LIST: 6
SIZE generated: 2
EVALUABLE#: 0

-------------------------

----------------
TTYPES
true or false
true or false

PROGS

LOCAL_COUNT: 3
GLOBAL_COUNT: 63

BASE_AFTER:
(false)
BASETYPE: true or false
SIZE WORK_LIST: 7
SIZE generated: 2
EVALUABLE#: 0

-------------------------

----------------
TTYPES
Integer
Integer

PROGS

LOCAL_COUNT: 4
GLOBAL_COUNT: 64

BASE_AFTER:
(int 0)
BASETYPE: Integer
SIZE WORK_LIST: 8
SIZE generated: 2
EVALUABLE#: 0

-------------------------

----------------
TTYPES
Integer
Integer

PROGS

LOCAL_COUNT: 5
GLOBAL_COUNT: 65

BASE_AFTER:
(int 1)
BASETYPE: Integer
SIZE WORK_LIST: 9
SIZE generated: 2
EVALUABLE#: 0

-------------------------

----------------
TTYPES
Integer
Integer

PROGS

LOCAL_COUNT: 6
GLOBAL_COUNT: 66

BASE_AFTER:
(int 2)
BASETYPE: Integer
SIZE WORK_LIST: 10
SIZE generated: 2
EVALUABLE#: 0

-------------------------

----------------
TTYPES
String
String

PROGS

LOCAL_COUNT: 7
GLOBAL_COUNT: 67

BASE_AFTER:
(str "")
BASETYPE: String
SIZE WORK_LIST: 11
SIZE generated: 2
EVALUABLE#: 0

-------------------------

----------------
TTYPES
%bot

PROGS

LOCAL_COUNT: 8
GLOBAL_COUNT: 68

BASE_AFTER:
(filled-hole
  (hole 2 {:hash_depth=>0, :method_arg=>false, :variance=>:-}) {:method_arg=>false})
BASETYPE: %bot
SIZE WORK_LIST: 12
SIZE generated: 1
EVALUABLE#: 0

-------------------------

----------------
TTYPES
true or false
true or false
true or false
true or false

PROGS

LOCAL_COUNT: 9
GLOBAL_COUNT: 69

BASE_AFTER:
(begin
  (send
    (hole 0 {:hash_depth=>0, :limit_depth=>true, :recv=>true}) :count=
    (hole 0 {:hash_depth=>0, :method_arg=>true}))
  (true))
BASETYPE: true or false
SIZE WORK_LIST: 12
SIZE generated: 4
EVALUABLE#: 3

-------------------------

----------------
TTYPES
true or false

PROGS

LOCAL_COUNT: 1
GLOBAL_COUNT: 70

BASE_AFTER:
(filled-hole
  (hole 1 {:hash_depth=>0, :method_arg=>false, :variance=>:+}) {:method_arg=>false})
BASETYPE: true or false
SIZE WORK_LIST: 0
SIZE generated: 1
EVALUABLE#: 0

-------------------------

----------------
TTYPES
true or false
true or false

PROGS

LOCAL_COUNT: 2
GLOBAL_COUNT: 71

BASE_AFTER:
(filled-hole
  (begin
    (send
      (hole 0 {:hash_depth=>0, :limit_depth=>true, :recv=>true}) :-
      (hole 0 {:hash_depth=>0, :method_arg=>true})))
  (begin
    (send
      (hole 0 {:hash_depth=>0, :limit_depth=>true, :recv=>true}) :save))
  (begin
    (send
      (hole 0 {:hash_depth=>0, :limit_depth=>true, :recv=>true}) :count))
  (begin
    (send
      (hole 0 {:hash_depth=>0, :limit_depth=>true, :recv=>true}) :-
      (hole 0 {:hash_depth=>0, :method_arg=>true})))
  (begin
    (send
      (hole 0 {:hash_depth=>0, :limit_depth=>true, :recv=>true}) :save))
  (hole 2 {:hash_depth=>0, :method_arg=>false, :variance=>:+}) {:method_arg=>false})
BASETYPE: true or false
SIZE WORK_LIST: 0
SIZE generated: 2
EVALUABLE#: 0

-------------------------

----------------
TTYPES
true or false

PROGS

LOCAL_COUNT: 3
GLOBAL_COUNT: 72

BASE_AFTER:
(begin
  (send
    (filled-hole
      (lvar InvitationCode(id: integer, token: string, diaspora_user_id: integer, count: integer)) {:method_arg=>false}) :save))
BASETYPE: true or false
SIZE WORK_LIST: 1
SIZE generated: 1
EVALUABLE#: 1

-------------------------

----------------
TTYPES
true or false
true or false
Integer
Integer
Integer
String
%bot

PROGS

LOCAL_COUNT: 1
GLOBAL_COUNT: 1

BASE_AFTER:
(filled-hole
  (true)
  (false)
  (int 0)
  (int 1)
  (int 2)
  (str "")
  (hole 1 {:hash_depth=>0, :method_arg=>false, :variance=>:-}) {:method_arg=>false})
BASETYPE: %bot
SIZE WORK_LIST: 0
SIZE generated: 7
EVALUABLE#: 6

-------------------------

----------------
TTYPES
true or false
true or false

PROGS

LOCAL_COUNT: 2
GLOBAL_COUNT: 2

BASE_AFTER:
(true)
BASETYPE: true or false
SIZE WORK_LIST: 6
SIZE generated: 2
EVALUABLE#: 0

-------------------------

----------------
TTYPES
true or false
true or false

PROGS

LOCAL_COUNT: 3
GLOBAL_COUNT: 3

BASE_AFTER:
(false)
BASETYPE: true or false
SIZE WORK_LIST: 7
SIZE generated: 2
EVALUABLE#: 0

-------------------------

----------------
TTYPES
Integer
Integer

PROGS

LOCAL_COUNT: 4
GLOBAL_COUNT: 4

BASE_AFTER:
(int 0)
BASETYPE: Integer
SIZE WORK_LIST: 8
SIZE generated: 2
EVALUABLE#: 0

-------------------------

----------------
TTYPES
Integer
Integer

PROGS

LOCAL_COUNT: 5
GLOBAL_COUNT: 5

BASE_AFTER:
(int 1)
BASETYPE: Integer
SIZE WORK_LIST: 9
SIZE generated: 2
EVALUABLE#: 0

-------------------------

----------------
TTYPES
Integer
Integer

PROGS

LOCAL_COUNT: 6
GLOBAL_COUNT: 6

BASE_AFTER:
(int 2)
BASETYPE: Integer
SIZE WORK_LIST: 10
SIZE generated: 2
EVALUABLE#: 0

-------------------------

----------------
TTYPES
String
String

PROGS

LOCAL_COUNT: 7
GLOBAL_COUNT: 7

BASE_AFTER:
(str "")
BASETYPE: String
SIZE WORK_LIST: 11
SIZE generated: 2
EVALUABLE#: 0

-------------------------

----------------
TTYPES
%bot

PROGS

LOCAL_COUNT: 8
GLOBAL_COUNT: 8

BASE_AFTER:
(filled-hole
  (begin
    (send
      (hole 0 {:hash_depth=>0, :limit_depth=>true, :recv=>true}) :-
      (hole 0 {:hash_depth=>0, :method_arg=>true})))
  (begin
    (send
      (hole 0 {:hash_depth=>0, :limit_depth=>true, :recv=>true}) :count))
  (begin
    (send
      (hole 0 {:hash_depth=>0, :limit_depth=>true, :recv=>true}) :-
      (hole 0 {:hash_depth=>0, :method_arg=>true})))
  (hole 2 {:hash_depth=>0, :method_arg=>false, :variance=>:-}) {:method_arg=>false})
BASETYPE: %bot
SIZE WORK_LIST: 12
SIZE generated: 1
EVALUABLE#: 0

-------------------------

----------------
TTYPES
true or false
true or false
true or false
true or false

PROGS

LOCAL_COUNT: 9
GLOBAL_COUNT: 9

BASE_AFTER:
(begin
  (send
    (hole 0 {:hash_depth=>0, :limit_depth=>true, :recv=>true}) :count=
    (hole 0 {:hash_depth=>0, :method_arg=>true}))
  (true))
BASETYPE: true or false
SIZE WORK_LIST: 12
SIZE generated: 4
EVALUABLE#: 3

-------------------------

----------------
TTYPES
true or false

PROGS

LOCAL_COUNT: 10
GLOBAL_COUNT: 10

BASE_AFTER:
(begin
  (send
    (hole 0 {:hash_depth=>0, :limit_depth=>true, :recv=>true}) :diaspora_user=
    (hole 0 {:hash_depth=>0, :method_arg=>true}))
  (true))
BASETYPE: true or false
SIZE WORK_LIST: 14
SIZE generated: 1
EVALUABLE#: 0

-------------------------

----------------
TTYPES
true or false
true or false
true or false
true or false

PROGS

LOCAL_COUNT: 11
GLOBAL_COUNT: 11

BASE_AFTER:
(begin
  (send
    (hole 0 {:hash_depth=>0, :limit_depth=>true, :recv=>true}) :count=
    (hole 0 {:hash_depth=>0, :method_arg=>true}))
  (false))
BASETYPE: true or false
SIZE WORK_LIST: 14
SIZE generated: 4
EVALUABLE#: 3

-------------------------

----------------
TTYPES
true or false

PROGS

LOCAL_COUNT: 12
GLOBAL_COUNT: 12

BASE_AFTER:
(begin
  (send
    (hole 0 {:hash_depth=>0, :limit_depth=>true, :recv=>true}) :diaspora_user=
    (hole 0 {:hash_depth=>0, :method_arg=>true}))
  (false))
BASETYPE: true or false
SIZE WORK_LIST: 16
SIZE generated: 1
EVALUABLE#: 0

-------------------------

----------------
TTYPES
Integer
Integer
Integer
Integer
Integer

PROGS

LOCAL_COUNT: 13
GLOBAL_COUNT: 13

BASE_AFTER:
(begin
  (send
    (hole 0 {:hash_depth=>0, :limit_depth=>true, :recv=>true}) :count=
    (hole 0 {:hash_depth=>0, :method_arg=>true}))
  (int 0))
BASETYPE: Integer
SIZE WORK_LIST: 16
SIZE generated: 5
EVALUABLE#: 4

-------------------------

----------------
TTYPES
Integer

PROGS

LOCAL_COUNT: 14
GLOBAL_COUNT: 14

BASE_AFTER:
(begin
  (send
    (hole 0 {:hash_depth=>0, :limit_depth=>true, :recv=>true}) :diaspora_user=
    (hole 0 {:hash_depth=>0, :method_arg=>true}))
  (int 0))
BASETYPE: Integer
SIZE WORK_LIST: 19
SIZE generated: 1
EVALUABLE#: 0

-------------------------

----------------
TTYPES
Integer
Integer
Integer
Integer
Integer

PROGS

LOCAL_COUNT: 15
GLOBAL_COUNT: 15

BASE_AFTER:
(begin
  (send
    (hole 0 {:hash_depth=>0, :limit_depth=>true, :recv=>true}) :count=
    (hole 0 {:hash_depth=>0, :method_arg=>true}))
  (int 1))
BASETYPE: Integer
SIZE WORK_LIST: 19
SIZE generated: 5
EVALUABLE#: 4

-------------------------

----------------
TTYPES
Integer

PROGS

LOCAL_COUNT: 16
GLOBAL_COUNT: 16

BASE_AFTER:
(begin
  (send
    (hole 0 {:hash_depth=>0, :limit_depth=>true, :recv=>true}) :diaspora_user=
    (hole 0 {:hash_depth=>0, :method_arg=>true}))
  (int 1))
BASETYPE: Integer
SIZE WORK_LIST: 22
SIZE generated: 1
EVALUABLE#: 0

-------------------------

----------------
TTYPES
Integer
Integer
Integer
Integer
Integer

PROGS

LOCAL_COUNT: 17
GLOBAL_COUNT: 17

BASE_AFTER:
(begin
  (send
    (hole 0 {:hash_depth=>0, :limit_depth=>true, :recv=>true}) :count=
    (hole 0 {:hash_depth=>0, :method_arg=>true}))
  (int 2))
BASETYPE: Integer
SIZE WORK_LIST: 22
SIZE generated: 5
EVALUABLE#: 4

-------------------------

----------------
TTYPES
Integer

PROGS

LOCAL_COUNT: 18
GLOBAL_COUNT: 18

BASE_AFTER:
(begin
  (send
    (hole 0 {:hash_depth=>0, :limit_depth=>true, :recv=>true}) :diaspora_user=
    (hole 0 {:hash_depth=>0, :method_arg=>true}))
  (int 2))
BASETYPE: Integer
SIZE WORK_LIST: 24
SIZE generated: 1
EVALUABLE#: 0

-------------------------

----------------
TTYPES
String
String
String
String

PROGS

LOCAL_COUNT: 19
GLOBAL_COUNT: 19

BASE_AFTER:
(begin
  (send
    (hole 0 {:hash_depth=>0, :limit_depth=>true, :recv=>true}) :count=
    (hole 0 {:hash_depth=>0, :method_arg=>true}))
  (str ""))
BASETYPE: String
SIZE WORK_LIST: 24
SIZE generated: 4
EVALUABLE#: 3

-------------------------

----------------
TTYPES
String

PROGS

LOCAL_COUNT: 20
GLOBAL_COUNT: 20

BASE_AFTER:
(begin
  (send
    (hole 0 {:hash_depth=>0, :limit_depth=>true, :recv=>true}) :diaspora_user=
    (hole 0 {:hash_depth=>0, :method_arg=>true}))
  (str ""))
BASETYPE: String
SIZE WORK_LIST: 26
SIZE generated: 1
EVALUABLE#: 0

-------------------------

----------------
TTYPES
true or false
true or false

PROGS

LOCAL_COUNT: 21
GLOBAL_COUNT: 21

BASE_AFTER:
(begin
  (send
    (lvar :arg0) :count=
    (int 0))
  (true))
BASETYPE: true or false
SIZE WORK_LIST: 26
SIZE generated: 2
EVALUABLE#: 0

-------------------------

----------------
TTYPES
true or false
true or false

PROGS

LOCAL_COUNT: 22
GLOBAL_COUNT: 22

BASE_AFTER:
(begin
  (send
    (lvar :arg0) :count=
    (int 1))
  (true))
BASETYPE: true or false
SIZE WORK_LIST: 27
SIZE generated: 2
EVALUABLE#: 0

-------------------------

----------------
TTYPES
true or false
true or false

PROGS

LOCAL_COUNT: 23
GLOBAL_COUNT: 23

BASE_AFTER:
(begin
  (send
    (lvar :arg0) :count=
    (int 0))
  (false))
BASETYPE: true or false
SIZE WORK_LIST: 28
SIZE generated: 2
EVALUABLE#: 0

-------------------------

----------------
TTYPES
true or false
true or false

PROGS

LOCAL_COUNT: 24
GLOBAL_COUNT: 24

BASE_AFTER:
(begin
  (send
    (lvar :arg0) :count=
    (int 1))
  (false))
BASETYPE: true or false
SIZE WORK_LIST: 29
SIZE generated: 2
EVALUABLE#: 0

-------------------------

----------------
TTYPES
Integer
Integer

PROGS

LOCAL_COUNT: 25
GLOBAL_COUNT: 25

BASE_AFTER:
(begin
  (send
    (lvar :arg0) :count=
    (int 0))
  (int 0))
BASETYPE: Integer
SIZE WORK_LIST: 30
SIZE generated: 2
EVALUABLE#: 0

-------------------------

----------------
TTYPES
Integer
Integer

PROGS

LOCAL_COUNT: 26
GLOBAL_COUNT: 26

BASE_AFTER:
(begin
  (send
    (lvar :arg0) :count=
    (int 1))
  (int 0))
BASETYPE: Integer
SIZE WORK_LIST: 31
SIZE generated: 2
EVALUABLE#: 0

-------------------------

----------------
TTYPES
Integer
Integer

PROGS

LOCAL_COUNT: 27
GLOBAL_COUNT: 27

BASE_AFTER:
(begin
  (lvasgn :t0
    (int 0))
  (send
    (lvar :arg0) :count=
    (lvar :t0))
  (lvar :t0))
BASETYPE: Integer
SIZE WORK_LIST: 32
SIZE generated: 2
EVALUABLE#: 0

-------------------------

----------------
TTYPES
Integer
Integer

PROGS

LOCAL_COUNT: 28
GLOBAL_COUNT: 28

BASE_AFTER:
(begin
  (send
    (lvar :arg0) :count=
    (int 0))
  (int 1))
BASETYPE: Integer
SIZE WORK_LIST: 33
SIZE generated: 2
EVALUABLE#: 0

-------------------------

----------------
TTYPES
Integer
Integer

PROGS

LOCAL_COUNT: 29
GLOBAL_COUNT: 29

BASE_AFTER:
(begin
  (send
    (lvar :arg0) :count=
    (int 1))
  (int 1))
BASETYPE: Integer
SIZE WORK_LIST: 34
SIZE generated: 2
EVALUABLE#: 0

-------------------------

----------------
TTYPES
Integer
Integer

PROGS

LOCAL_COUNT: 30
GLOBAL_COUNT: 30

BASE_AFTER:
(begin
  (lvasgn :t0
    (int 1))
  (send
    (lvar :arg0) :count=
    (lvar :t0))
  (lvar :t0))
BASETYPE: Integer
SIZE WORK_LIST: 35
SIZE generated: 2
EVALUABLE#: 0

-------------------------

----------------
TTYPES
Integer
Integer

PROGS

LOCAL_COUNT: 31
GLOBAL_COUNT: 31

BASE_AFTER:
(begin
  (send
    (lvar :arg0) :count=
    (int 0))
  (int 2))
BASETYPE: Integer
SIZE WORK_LIST: 36
SIZE generated: 2
EVALUABLE#: 0

-------------------------

----------------
TTYPES
Integer
Integer

PROGS

LOCAL_COUNT: 32
GLOBAL_COUNT: 32

BASE_AFTER:
(begin
  (send
    (lvar :arg0) :count=
    (int 1))
  (int 2))
BASETYPE: Integer
SIZE WORK_LIST: 37
SIZE generated: 2
EVALUABLE#: 0

-------------------------

----------------
TTYPES
String
String

PROGS

LOCAL_COUNT: 33
GLOBAL_COUNT: 33

BASE_AFTER:
(begin
  (send
    (lvar :arg0) :count=
    (int 0))
  (str ""))
BASETYPE: String
SIZE WORK_LIST: 38
SIZE generated: 2
EVALUABLE#: 0

-------------------------

----------------
TTYPES
String
String

PROGS

LOCAL_COUNT: 34
GLOBAL_COUNT: 34

BASE_AFTER:
(begin
  (send
    (lvar :arg0) :count=
    (int 1))
  (str ""))
BASETYPE: String
SIZE WORK_LIST: 39
SIZE generated: 2
EVALUABLE#: 0

-------------------------

----------------
TTYPES
Integer
Integer
Integer
Integer
Integer
Integer
Integer
Integer
%bot

PROGS

LOCAL_COUNT: 35
GLOBAL_COUNT: 35

BASE_AFTER:
(filled-hole
  (begin
    (send
      (send
        (hole 0 {:hash_depth=>0, :limit_depth=>true, :recv=>true}) :id=
        (hole 0 {:hash_depth=>0, :method_arg=>true})) :-
      (hole 0 {:hash_depth=>0, :method_arg=>true})))
  (begin
    (send
      (send
        (hole 0 {:hash_depth=>0, :limit_depth=>true, :recv=>true}) :id=
        (hole 0 {:hash_depth=>0, :method_arg=>true})) :-
      (hole 0 {:hash_depth=>0, :method_arg=>true})))
  (begin
    (send
      (send
        (hole 0 {:hash_depth=>0, :limit_depth=>true, :recv=>true}) :id=
        (hole 0 {:hash_depth=>0, :method_arg=>true})) :count))
  (begin
    (send
      (send
        (hole 0 {:hash_depth=>0, :limit_depth=>true, :recv=>true}) :id) :-
      (hole 0 {:hash_depth=>0, :method_arg=>true})))
  (begin
    (send
      (send
        (hole 0 {:hash_depth=>0, :limit_depth=>true, :recv=>true}) :id) :-
      (hole 0 {:hash_depth=>0, :method_arg=>true})))
  (begin
    (send
      (send
        (hole 0 {:hash_depth=>0, :limit_depth=>true, :recv=>true}) :id) :count))
  (begin
    (send
      (send
        (hole 0 {:hash_depth=>0, :limit_depth=>true, :recv=>true}) :token=
        (hole 0 {:hash_depth=>0, :method_arg=>true})) :count))
  (begin
    (send
      (send
        (hole 0 {:hash_depth=>0, :limit_depth=>true, :recv=>true}) :token=
        (hole 0 {:hash_depth=>0, :method_arg=>true})) :-
      (hole 0 {:hash_depth=>0, :method_arg=>true})))
  (begin
    (send
      (send
        (hole 0 {:hash_depth=>0, :limit_depth=>true, :recv=>true}) :token) :count))
  (begin
    (send
      (send
        (hole 0 {:hash_depth=>0, :limit_depth=>true, :recv=>true}) :token) :-
      (hole 0 {:hash_depth=>0, :method_arg=>true})))
  (begin
    (send
      (send
        (hole 0 {:hash_depth=>0, :limit_depth=>true, :recv=>true}) :diaspora_user_id=
        (hole 0 {:hash_depth=>0, :method_arg=>true})) :-
      (hole 0 {:hash_depth=>0, :method_arg=>true})))
  (begin
    (send
      (send
        (hole 0 {:hash_depth=>0, :limit_depth=>true, :recv=>true}) :diaspora_user_id=
        (hole 0 {:hash_depth=>0, :method_arg=>true})) :-
      (hole 0 {:hash_depth=>0, :method_arg=>true})))
  (begin
    (send
      (send
        (hole 0 {:hash_depth=>0, :limit_depth=>true, :recv=>true}) :diaspora_user_id=
        (hole 0 {:hash_depth=>0, :method_arg=>true})) :count))
  (begin
    (send
      (send
        (hole 0 {:hash_depth=>0, :limit_depth=>true, :recv=>true}) :diaspora_user_id) :-
      (hole 0 {:hash_depth=>0, :method_arg=>true})))
  (begin
    (send
      (send
        (hole 0 {:hash_depth=>0, :limit_depth=>true, :recv=>true}) :diaspora_user_id) :-
      (hole 0 {:hash_depth=>0, :method_arg=>true})))
  (begin
    (send
      (send
        (hole 0 {:hash_depth=>0, :limit_depth=>true, :recv=>true}) :diaspora_user_id) :count))
  (begin
    (send
      (send
        (hole 0 {:hash_depth=>0, :limit_depth=>true, :recv=>true}) :count=
        (hole 0 {:hash_depth=>0, :method_arg=>true})) :-
      (hole 0 {:hash_depth=>0, :method_arg=>true})))
  (begin
    (send
      (send
        (hole 0 {:hash_depth=>0, :limit_depth=>true, :recv=>true}) :count=
        (hole 0 {:hash_depth=>0, :method_arg=>true})) :-
      (hole 0 {:hash_depth=>0, :method_arg=>true})))
  (begin
    (send
      (send
        (hole 0 {:hash_depth=>0, :limit_depth=>true, :recv=>true}) :count=
        (hole 0 {:hash_depth=>0, :method_arg=>true})) :count))
  (begin
    (send
      (begin
        (send
          (hole 0 {:hash_depth=>0, :limit_depth=>true, :recv=>true}) :count)) :-
      (hole 0 {:hash_depth=>0, :method_arg=>true})))
  (begin
    (send
      (begin
        (send
          (hole 0 {:hash_depth=>0, :limit_depth=>true, :recv=>true}) :count)) :-
      (hole 0 {:hash_depth=>0, :method_arg=>true})))
  (begin
    (send
      (begin
        (send
          (hole 0 {:hash_depth=>0, :limit_depth=>true, :recv=>true}) :count)) :count))
  (begin
    (send
      (send
        (hole 0 {:hash_depth=>0, :limit_depth=>true, :recv=>true}) :diaspora_user) :count))
  (begin
    (send
      (send
        (hole 0 {:hash_depth=>0, :limit_depth=>true, :recv=>true}) :diaspora_user) :-
      (hole 0 {:hash_depth=>0, :method_arg=>true})))
  (begin
    (send
      (send
        (hole 0 {:hash_depth=>0, :limit_depth=>true, :recv=>true}) :diaspora_user=
        (hole 0 {:hash_depth=>0, :method_arg=>true})) :count))
  (begin
    (send
      (send
        (hole 0 {:hash_depth=>0, :limit_depth=>true, :recv=>true}) :diaspora_user=
        (hole 0 {:hash_depth=>0, :method_arg=>true})) :-
      (hole 0 {:hash_depth=>0, :method_arg=>true})))
  (begin
    (send
      (begin
        (send
          (hole 0 {:hash_depth=>0, :limit_depth=>true, :recv=>true}) :-
          (hole 0 {:hash_depth=>0, :method_arg=>true}))) :-
      (hole 0 {:hash_depth=>0, :method_arg=>true})))
  (begin
    (send
      (begin
        (send
          (hole 0 {:hash_depth=>0, :limit_depth=>true, :recv=>true}) :-
          (hole 0 {:hash_depth=>0, :method_arg=>true}))) :-
      (hole 0 {:hash_depth=>0, :method_arg=>true})))
  (begin
    (send
      (begin
        (send
          (hole 0 {:hash_depth=>0, :limit_depth=>true, :recv=>true}) :save)) :count))
  (begin
    (send
      (begin
        (send
          (hole 0 {:hash_depth=>0, :limit_depth=>true, :recv=>true}) :save)) :-
      (hole 0 {:hash_depth=>0, :method_arg=>true})))
  (begin
    (send
      (begin
        (send
          (hole 0 {:hash_depth=>0, :limit_depth=>true, :recv=>true}) :count)) :-
      (hole 0 {:hash_depth=>0, :method_arg=>true})))
  (begin
    (send
      (begin
        (send
          (hole 0 {:hash_depth=>0, :limit_depth=>true, :recv=>true}) :count)) :-
      (hole 0 {:hash_depth=>0, :method_arg=>true})))
  (begin
    (send
      (begin
        (send
          (hole 0 {:hash_depth=>0, :limit_depth=>true, :recv=>true}) :-
          (hole 0 {:hash_depth=>0, :method_arg=>true}))) :-
      (hole 0 {:hash_depth=>0, :method_arg=>true})))
  (begin
    (send
      (begin
        (send
          (hole 0 {:hash_depth=>0, :limit_depth=>true, :recv=>true}) :-
          (hole 0 {:hash_depth=>0, :method_arg=>true}))) :-
      (hole 0 {:hash_depth=>0, :method_arg=>true})))
  (begin
    (send
      (begin
        (send
          (hole 0 {:hash_depth=>0, :limit_depth=>true, :recv=>true}) :save)) :count))
  (begin
    (send
      (begin
        (send
          (hole 0 {:hash_depth=>0, :limit_depth=>true, :recv=>true}) :save)) :-
      (hole 0 {:hash_depth=>0, :method_arg=>true})))
  (hole 3 {:hash_depth=>0, :method_arg=>false, :variance=>:-}) {:method_arg=>false})
BASETYPE: %bot
SIZE WORK_LIST: 40
SIZE generated: 9
EVALUABLE#: 0

-------------------------

----------------
TTYPES
Integer
Integer
Integer
Integer
Integer
Integer
Integer
Integer
Integer
Integer
Integer
Integer
Integer
Integer
Integer
Integer
Integer
Integer
Integer
Integer
Integer
Integer
Integer
Integer
Integer
Integer
Integer
Integer
Integer
Integer
Integer
Integer
Integer
Integer
Integer
Integer

PROGS

LOCAL_COUNT: 36
GLOBAL_COUNT: 36

BASE_AFTER:
(begin
  (send
    (begin
      (send
        (filled-hole
          (lvar InvitationCode(id: integer, token: string, diaspora_user_id: integer, count: integer)) {:method_arg=>false}) :-
        (filled-hole
          (lvar :arg0)
          (lvar InvitationCode(id: integer, token: string, diaspora_user_id: integer, count: integer))
          (true)
          (false)
          (int 0)
          (int 1)
          (int 2)
          (str "")
          (hole 1 {:hash_depth=>0, :method_arg=>true, :variance=>:+}) {:method_arg=>true}))) :-
    (filled-hole
      (int 0)
      (int 1)
      (int 2)
      (hole 1 {:hash_depth=>0, :method_arg=>true, :variance=>:+}) {:method_arg=>true})))
BASETYPE: Integer
SIZE WORK_LIST: 48
SIZE generated: 36
EVALUABLE#: 24

-------------------------

----------------
TTYPES
Integer
Integer
Integer
Integer

PROGS

LOCAL_COUNT: 37
GLOBAL_COUNT: 37

BASE_AFTER:
(begin
  (send
    (begin
      (send
        (filled-hole
          (lvar InvitationCode(id: integer, token: string, diaspora_user_id: integer, count: integer)) {:method_arg=>false}) :count)) :-
    (filled-hole
      (int 0)
      (int 1)
      (int 2)
      (hole 1 {:hash_depth=>0, :method_arg=>true, :variance=>:+}) {:method_arg=>true})))
BASETYPE: Integer
SIZE WORK_LIST: 59
SIZE generated: 4
EVALUABLE#: 3

-------------------------

----------------
TTYPES
true or false
true or false
true or false
true or false
true or false
true or false
true or false
true or false
true or false
true or false
true or false

PROGS

LOCAL_COUNT: 38
GLOBAL_COUNT: 38

BASE_AFTER:
(begin
  (send
    (lvar :arg0) :count=
    (hole 1 {:hash_depth=>0, :method_arg=>true, :variance=>:+}))
  (true))
BASETYPE: true or false
SIZE WORK_LIST: 62
SIZE generated: 11
EVALUABLE#: 0

-------------------------

----------------
TTYPES
Integer
Integer

PROGS

LOCAL_COUNT: 39
GLOBAL_COUNT: 39

BASE_AFTER:
(begin
  (send
    (begin
      (send
        (lvar InvitationCode(id: integer, token: string, diaspora_user_id: integer, count: integer)) :count)) :-
    (int 0)))
BASETYPE: Integer
SIZE WORK_LIST: 72
SIZE generated: 2
EVALUABLE#: 0

-------------------------

----------------
TTYPES
Integer
Integer

PROGS

LOCAL_COUNT: 40
GLOBAL_COUNT: 40

BASE_AFTER:
(begin
  (send
    (begin
      (send
        (lvar InvitationCode(id: integer, token: string, diaspora_user_id: integer, count: integer)) :count)) :-
    (int 1)))
BASETYPE: Integer
SIZE WORK_LIST: 73
SIZE generated: 2
EVALUABLE#: 0

-------------------------

----------------
TTYPES
Integer
Integer

PROGS

LOCAL_COUNT: 41
GLOBAL_COUNT: 41

BASE_AFTER:
(begin
  (send
    (begin
      (send
        (lvar InvitationCode(id: integer, token: string, diaspora_user_id: integer, count: integer)) :count)) :-
    (int 2)))
BASETYPE: Integer
SIZE WORK_LIST: 74
SIZE generated: 2
EVALUABLE#: 0

-------------------------

----------------
TTYPES
true or false
true or false
true or false
true or false
true or false
true or false
true or false
true or false
true or false
true or false

PROGS

LOCAL_COUNT: 42
GLOBAL_COUNT: 42

BASE_AFTER:
(begin
  (send
    (lvar :arg0) :count=
    (begin
      (send
        (hole 0 {:hash_depth=>0, :limit_depth=>true, :recv=>true}) :-
        (hole 0 {:hash_depth=>0, :method_arg=>true}))))
  (true))
BASETYPE: true or false
SIZE WORK_LIST: 75
SIZE generated: 10
EVALUABLE#: 9

-------------------------

----------------
TTYPES
true or false

PROGS

LOCAL_COUNT: 43
GLOBAL_COUNT: 43

BASE_AFTER:
(begin
  (send
    (lvar :arg0) :count=
    (begin
      (send
        (hole 0 {:hash_depth=>0, :limit_depth=>true, :recv=>true}) :count)))
  (true))
BASETYPE: true or false
SIZE WORK_LIST: 75
SIZE generated: 1
EVALUABLE#: 1

-------------------------

----------------
TTYPES
true or false
true or false
true or false
true or false
true or false
true or false

PROGS

LOCAL_COUNT: 44
GLOBAL_COUNT: 44

BASE_AFTER:
(begin
  (send
    (lvar :arg0) :diaspora_user=
    (hole 1 {:hash_depth=>0, :method_arg=>true, :variance=>:+}))
  (true))
BASETYPE: true or false
SIZE WORK_LIST: 75
SIZE generated: 6
EVALUABLE#: 0

-------------------------

----------------
TTYPES
true or false
true or false

PROGS

LOCAL_COUNT: 45
GLOBAL_COUNT: 45

BASE_AFTER:
(begin
  (send
    (lvar :arg0) :count=
    (begin
      (send
        (lvar InvitationCode(id: integer, token: string, diaspora_user_id: integer, count: integer)) :count)))
  (true))
BASETYPE: true or false
SIZE WORK_LIST: 80
SIZE generated: 2
EVALUABLE#: 0

-------------------------

----------------
TTYPES
true or false

PROGS

LOCAL_COUNT: 46
GLOBAL_COUNT: 46

BASE_AFTER:
(begin
  (send
    (lvar :arg0) :diaspora_user=
    (begin
      (send
        (hole 0 {:hash_depth=>0, :limit_depth=>true, :recv=>true}) :count)))
  (true))
BASETYPE: true or false
SIZE WORK_LIST: 81
SIZE generated: 1
EVALUABLE#: 1

-------------------------

----------------
TTYPES
true or false
true or false
true or false
true or false
true or false
true or false
true or false
true or false
true or false
true or false
true or false

PROGS

LOCAL_COUNT: 47
GLOBAL_COUNT: 47

BASE_AFTER:
(begin
  (send
    (lvar :arg0) :count=
    (hole 1 {:hash_depth=>0, :method_arg=>true, :variance=>:+}))
  (false))
BASETYPE: true or false
SIZE WORK_LIST: 80
SIZE generated: 11
EVALUABLE#: 0

-------------------------

----------------
TTYPES
true or false

PROGS

LOCAL_COUNT: 48
GLOBAL_COUNT: 48

BASE_AFTER:
(begin
  (send
    (lvar :arg0) :count=
    (begin
      (send
        (hole 0 {:hash_depth=>0, :limit_depth=>true, :recv=>true}) :count)))
  (false))
BASETYPE: true or false
SIZE WORK_LIST: 90
SIZE generated: 1
EVALUABLE#: 1

-------------------------

----------------
TTYPES
true or false
true or false
true or false
true or false
true or false
true or false

PROGS

LOCAL_COUNT: 49
GLOBAL_COUNT: 49

BASE_AFTER:
(begin
  (send
    (lvar :arg0) :diaspora_user=
    (hole 1 {:hash_depth=>0, :method_arg=>true, :variance=>:+}))
  (false))
BASETYPE: true or false
SIZE WORK_LIST: 90
SIZE generated: 6
EVALUABLE#: 0

-------------------------

----------------
TTYPES
true or false
true or false

PROGS

LOCAL_COUNT: 50
GLOBAL_COUNT: 50

BASE_AFTER:
(begin
  (send
    (lvar :arg0) :count=
    (begin
      (send
        (lvar InvitationCode(id: integer, token: string, diaspora_user_id: integer, count: integer)) :count)))
  (false))
BASETYPE: true or false
SIZE WORK_LIST: 95
SIZE generated: 2
EVALUABLE#: 0

-------------------------

----------------
TTYPES
true or false

PROGS

LOCAL_COUNT: 51
GLOBAL_COUNT: 51

BASE_AFTER:
(begin
  (send
    (lvar :arg0) :diaspora_user=
    (begin
      (send
        (hole 0 {:hash_depth=>0, :limit_depth=>true, :recv=>true}) :count)))
  (false))
BASETYPE: true or false
SIZE WORK_LIST: 96
SIZE generated: 1
EVALUABLE#: 1

-------------------------

----------------
TTYPES
Integer
Integer
Integer
Integer
Integer
Integer
Integer
Integer
Integer
Integer
Integer

PROGS

LOCAL_COUNT: 52
GLOBAL_COUNT: 52

BASE_AFTER:
(begin
  (send
    (lvar :arg0) :count=
    (hole 1 {:hash_depth=>0, :method_arg=>true, :variance=>:+}))
  (int 0))
BASETYPE: Integer
SIZE WORK_LIST: 95
SIZE generated: 11
EVALUABLE#: 0

-------------------------

----------------
TTYPES
Integer

PROGS

LOCAL_COUNT: 53
GLOBAL_COUNT: 53

BASE_AFTER:
(begin
  (send
    (lvar :arg0) :count=
    (begin
      (send
        (hole 0 {:hash_depth=>0, :limit_depth=>true, :recv=>true}) :count)))
  (int 0))
BASETYPE: Integer
SIZE WORK_LIST: 105
SIZE generated: 1
EVALUABLE#: 1

-------------------------

----------------
TTYPES
Integer
Integer
Integer
Integer
Integer
Integer

PROGS

LOCAL_COUNT: 54
GLOBAL_COUNT: 54

BASE_AFTER:
(begin
  (send
    (lvar :arg0) :diaspora_user=
    (hole 1 {:hash_depth=>0, :method_arg=>true, :variance=>:+}))
  (int 0))
BASETYPE: Integer
SIZE WORK_LIST: 105
SIZE generated: 6
EVALUABLE#: 0

-------------------------

----------------
TTYPES
Integer
Integer

PROGS

LOCAL_COUNT: 55
GLOBAL_COUNT: 55

BASE_AFTER:
(begin
  (send
    (lvar :arg0) :count=
    (begin
      (send
        (lvar InvitationCode(id: integer, token: string, diaspora_user_id: integer, count: integer)) :count)))
  (int 0))
BASETYPE: Integer
SIZE WORK_LIST: 110
SIZE generated: 2
EVALUABLE#: 0

-------------------------

----------------
TTYPES
Integer

PROGS

LOCAL_COUNT: 56
GLOBAL_COUNT: 56

BASE_AFTER:
(begin
  (send
    (lvar :arg0) :diaspora_user=
    (begin
      (send
        (hole 0 {:hash_depth=>0, :limit_depth=>true, :recv=>true}) :count)))
  (int 0))
BASETYPE: Integer
SIZE WORK_LIST: 111
SIZE generated: 1
EVALUABLE#: 1

-------------------------

----------------
TTYPES
Integer
Integer
Integer
Integer
Integer
Integer
Integer
Integer
Integer
Integer
Integer

PROGS

LOCAL_COUNT: 57
GLOBAL_COUNT: 57

BASE_AFTER:
(begin
  (send
    (lvar :arg0) :count=
    (hole 1 {:hash_depth=>0, :method_arg=>true, :variance=>:+}))
  (int 1))
BASETYPE: Integer
SIZE WORK_LIST: 110
SIZE generated: 11
EVALUABLE#: 0

-------------------------

----------------
TTYPES
Integer

PROGS

LOCAL_COUNT: 58
GLOBAL_COUNT: 58

BASE_AFTER:
(begin
  (send
    (lvar :arg0) :count=
    (begin
      (send
        (hole 0 {:hash_depth=>0, :limit_depth=>true, :recv=>true}) :count)))
  (int 1))
BASETYPE: Integer
SIZE WORK_LIST: 120
SIZE generated: 1
EVALUABLE#: 1

-------------------------

----------------
TTYPES
Integer
Integer
Integer
Integer
Integer
Integer

PROGS

LOCAL_COUNT: 59
GLOBAL_COUNT: 59

BASE_AFTER:
(begin
  (send
    (lvar :arg0) :diaspora_user=
    (hole 1 {:hash_depth=>0, :method_arg=>true, :variance=>:+}))
  (int 1))
BASETYPE: Integer
SIZE WORK_LIST: 120
SIZE generated: 6
EVALUABLE#: 0

-------------------------

----------------
TTYPES
Integer
Integer

PROGS

LOCAL_COUNT: 60
GLOBAL_COUNT: 60

BASE_AFTER:
(begin
  (send
    (lvar :arg0) :count=
    (begin
      (send
        (lvar InvitationCode(id: integer, token: string, diaspora_user_id: integer, count: integer)) :count)))
  (int 1))
BASETYPE: Integer
SIZE WORK_LIST: 125
SIZE generated: 2
EVALUABLE#: 0

-------------------------

----------------
TTYPES
true or false
true or false
Integer
Integer
Integer
String
%bot

PROGS

LOCAL_COUNT: 1
GLOBAL_COUNT: 61

BASE_AFTER:
(filled-hole
  (true)
  (false)
  (int 0)
  (int 1)
  (int 2)
  (str "")
  (hole 1 {:hash_depth=>0, :method_arg=>false, :variance=>:-}) {:method_arg=>false})
BASETYPE: %bot
SIZE WORK_LIST: 0
SIZE generated: 7
EVALUABLE#: 6

-------------------------

----------------
TTYPES
true or false
true or false

PROGS

LOCAL_COUNT: 2
GLOBAL_COUNT: 62

BASE_AFTER:
(true)
BASETYPE: true or false
SIZE WORK_LIST: 6
SIZE generated: 2
EVALUABLE#: 0

-------------------------

----------------
TTYPES
true or false
true or false

PROGS

LOCAL_COUNT: 3
GLOBAL_COUNT: 63

BASE_AFTER:
(false)
BASETYPE: true or false
SIZE WORK_LIST: 7
SIZE generated: 2
EVALUABLE#: 0

-------------------------

----------------
TTYPES
Integer
Integer

PROGS

LOCAL_COUNT: 4
GLOBAL_COUNT: 64

BASE_AFTER:
(int 0)
BASETYPE: Integer
SIZE WORK_LIST: 8
SIZE generated: 2
EVALUABLE#: 0

-------------------------

----------------
TTYPES
Integer
Integer

PROGS

LOCAL_COUNT: 5
GLOBAL_COUNT: 65

BASE_AFTER:
(int 1)
BASETYPE: Integer
SIZE WORK_LIST: 9
SIZE generated: 2
EVALUABLE#: 0

-------------------------

----------------
TTYPES
Integer
Integer

PROGS

LOCAL_COUNT: 6
GLOBAL_COUNT: 66

BASE_AFTER:
(int 2)
BASETYPE: Integer
SIZE WORK_LIST: 10
SIZE generated: 2
EVALUABLE#: 0

-------------------------

----------------
TTYPES
String
String

PROGS

LOCAL_COUNT: 7
GLOBAL_COUNT: 67

BASE_AFTER:
(str "")
BASETYPE: String
SIZE WORK_LIST: 11
SIZE generated: 2
EVALUABLE#: 0

-------------------------

----------------
TTYPES
%bot

PROGS

LOCAL_COUNT: 8
GLOBAL_COUNT: 68

BASE_AFTER:
(filled-hole
  (hole 2 {:hash_depth=>0, :method_arg=>false, :variance=>:-}) {:method_arg=>false})
BASETYPE: %bot
SIZE WORK_LIST: 12
SIZE generated: 1
EVALUABLE#: 0

-------------------------

----------------
TTYPES
true or false
true or false
true or false
true or false

PROGS

LOCAL_COUNT: 9
GLOBAL_COUNT: 69

BASE_AFTER:
(begin
  (send
    (hole 0 {:hash_depth=>0, :limit_depth=>true, :recv=>true}) :count=
    (hole 0 {:hash_depth=>0, :method_arg=>true}))
  (true))
BASETYPE: true or false
SIZE WORK_LIST: 12
SIZE generated: 4
EVALUABLE#: 3

-------------------------

----------------
TTYPES
true or false

PROGS

LOCAL_COUNT: 1
GLOBAL_COUNT: 70

BASE_AFTER:
(filled-hole
  (hole 1 {:hash_depth=>0, :method_arg=>false, :variance=>:+}) {:method_arg=>false})
BASETYPE: true or false
SIZE WORK_LIST: 0
SIZE generated: 1
EVALUABLE#: 0

-------------------------

----------------
TTYPES
true or false
true or false

PROGS

LOCAL_COUNT: 2
GLOBAL_COUNT: 71

BASE_AFTER:
(filled-hole
  (begin
    (send
      (hole 0 {:hash_depth=>0, :limit_depth=>true, :recv=>true}) :-
      (hole 0 {:hash_depth=>0, :method_arg=>true})))
  (begin
    (send
      (hole 0 {:hash_depth=>0, :limit_depth=>true, :recv=>true}) :save))
  (begin
    (send
      (hole 0 {:hash_depth=>0, :limit_depth=>true, :recv=>true}) :count))
  (begin
    (send
      (hole 0 {:hash_depth=>0, :limit_depth=>true, :recv=>true}) :-
      (hole 0 {:hash_depth=>0, :method_arg=>true})))
  (begin
    (send
      (hole 0 {:hash_depth=>0, :limit_depth=>true, :recv=>true}) :save))
  (hole 2 {:hash_depth=>0, :method_arg=>false, :variance=>:+}) {:method_arg=>false})
BASETYPE: true or false
SIZE WORK_LIST: 0
SIZE generated: 2
EVALUABLE#: 0

-------------------------

----------------
TTYPES
true or false
true or false
Integer
Integer
Integer
String
%bot

PROGS

LOCAL_COUNT: 1
GLOBAL_COUNT: 1

BASE_AFTER:
(filled-hole
  (true)
  (false)
  (int 0)
  (int 1)
  (int 2)
  (str "")
  (hole 1 {:hash_depth=>0, :method_arg=>false, :variance=>:-}) {:method_arg=>false})
BASETYPE: %bot
SIZE WORK_LIST: 0
SIZE generated: 7
EVALUABLE#: 6

-------------------------

----------------
TTYPES
true or false
true or false

PROGS

LOCAL_COUNT: 2
GLOBAL_COUNT: 2

BASE_AFTER:
(true)
BASETYPE: true or false
SIZE WORK_LIST: 6
SIZE generated: 2
EVALUABLE#: 0

-------------------------

----------------
TTYPES
true or false
true or false

PROGS

LOCAL_COUNT: 3
GLOBAL_COUNT: 3

BASE_AFTER:
(false)
BASETYPE: true or false
SIZE WORK_LIST: 7
SIZE generated: 2
EVALUABLE#: 0

-------------------------

----------------
TTYPES
Integer
Integer

PROGS

LOCAL_COUNT: 4
GLOBAL_COUNT: 4

BASE_AFTER:
(int 0)
BASETYPE: Integer
SIZE WORK_LIST: 8
SIZE generated: 2
EVALUABLE#: 0

-------------------------

----------------
TTYPES
Integer
Integer

PROGS

LOCAL_COUNT: 5
GLOBAL_COUNT: 5

BASE_AFTER:
(int 1)
BASETYPE: Integer
SIZE WORK_LIST: 9
SIZE generated: 2
EVALUABLE#: 0

-------------------------

----------------
TTYPES
Integer
Integer

PROGS

LOCAL_COUNT: 6
GLOBAL_COUNT: 6

BASE_AFTER:
(int 2)
BASETYPE: Integer
SIZE WORK_LIST: 10
SIZE generated: 2
EVALUABLE#: 0

-------------------------

----------------
TTYPES
String
String

PROGS

LOCAL_COUNT: 7
GLOBAL_COUNT: 7

BASE_AFTER:
(str "")
BASETYPE: String
SIZE WORK_LIST: 11
SIZE generated: 2
EVALUABLE#: 0

-------------------------

----------------
TTYPES
%bot

PROGS

LOCAL_COUNT: 8
GLOBAL_COUNT: 8

BASE_AFTER:
(filled-hole
  (begin
    (send
      (hole 0 {:hash_depth=>0, :limit_depth=>true, :recv=>true}) :-
      (hole 0 {:hash_depth=>0, :method_arg=>true})))
  (begin
    (send
      (hole 0 {:hash_depth=>0, :limit_depth=>true, :recv=>true}) :count))
  (begin
    (send
      (hole 0 {:hash_depth=>0, :limit_depth=>true, :recv=>true}) :-
      (hole 0 {:hash_depth=>0, :method_arg=>true})))
  (hole 2 {:hash_depth=>0, :method_arg=>false, :variance=>:-}) {:method_arg=>false})
BASETYPE: %bot
SIZE WORK_LIST: 12
SIZE generated: 1
EVALUABLE#: 0

-------------------------

----------------
TTYPES
true or false
true or false
true or false
true or false

PROGS

LOCAL_COUNT: 9
GLOBAL_COUNT: 9

BASE_AFTER:
(begin
  (send
    (hole 0 {:hash_depth=>0, :limit_depth=>true, :recv=>true}) :count=
    (hole 0 {:hash_depth=>0, :method_arg=>true}))
  (true))
BASETYPE: true or false
SIZE WORK_LIST: 12
SIZE generated: 4
EVALUABLE#: 3

-------------------------

----------------
TTYPES
true or false

PROGS

LOCAL_COUNT: 10
GLOBAL_COUNT: 10

BASE_AFTER:
(begin
  (send
    (hole 0 {:hash_depth=>0, :limit_depth=>true, :recv=>true}) :diaspora_user=
    (hole 0 {:hash_depth=>0, :method_arg=>true}))
  (true))
BASETYPE: true or false
SIZE WORK_LIST: 14
SIZE generated: 1
EVALUABLE#: 0

-------------------------

----------------
TTYPES
true or false
true or false
true or false
true or false

PROGS

LOCAL_COUNT: 11
GLOBAL_COUNT: 11

BASE_AFTER:
(begin
  (send
    (hole 0 {:hash_depth=>0, :limit_depth=>true, :recv=>true}) :count=
    (hole 0 {:hash_depth=>0, :method_arg=>true}))
  (false))
BASETYPE: true or false
SIZE WORK_LIST: 14
SIZE generated: 4
EVALUABLE#: 3

-------------------------

----------------
TTYPES
true or false

PROGS

LOCAL_COUNT: 12
GLOBAL_COUNT: 12

BASE_AFTER:
(begin
  (send
    (hole 0 {:hash_depth=>0, :limit_depth=>true, :recv=>true}) :diaspora_user=
    (hole 0 {:hash_depth=>0, :method_arg=>true}))
  (false))
BASETYPE: true or false
SIZE WORK_LIST: 16
SIZE generated: 1
EVALUABLE#: 0

-------------------------

----------------
TTYPES
Integer
Integer
Integer
Integer
Integer

PROGS

LOCAL_COUNT: 13
GLOBAL_COUNT: 13

BASE_AFTER:
(begin
  (send
    (hole 0 {:hash_depth=>0, :limit_depth=>true, :recv=>true}) :count=
    (hole 0 {:hash_depth=>0, :method_arg=>true}))
  (int 0))
BASETYPE: Integer
SIZE WORK_LIST: 16
SIZE generated: 5
EVALUABLE#: 4

-------------------------

----------------
TTYPES
Integer

PROGS

LOCAL_COUNT: 14
GLOBAL_COUNT: 14

BASE_AFTER:
(begin
  (send
    (hole 0 {:hash_depth=>0, :limit_depth=>true, :recv=>true}) :diaspora_user=
    (hole 0 {:hash_depth=>0, :method_arg=>true}))
  (int 0))
BASETYPE: Integer
SIZE WORK_LIST: 19
SIZE generated: 1
EVALUABLE#: 0

-------------------------

----------------
TTYPES
Integer
Integer
Integer
Integer
Integer

PROGS

LOCAL_COUNT: 15
GLOBAL_COUNT: 15

BASE_AFTER:
(begin
  (send
    (hole 0 {:hash_depth=>0, :limit_depth=>true, :recv=>true}) :count=
    (hole 0 {:hash_depth=>0, :method_arg=>true}))
  (int 1))
BASETYPE: Integer
SIZE WORK_LIST: 19
SIZE generated: 5
EVALUABLE#: 4

-------------------------

----------------
TTYPES
Integer

PROGS

LOCAL_COUNT: 16
GLOBAL_COUNT: 16

BASE_AFTER:
(begin
  (send
    (hole 0 {:hash_depth=>0, :limit_depth=>true, :recv=>true}) :diaspora_user=
    (hole 0 {:hash_depth=>0, :method_arg=>true}))
  (int 1))
BASETYPE: Integer
SIZE WORK_LIST: 22
SIZE generated: 1
EVALUABLE#: 0

-------------------------

----------------
TTYPES
Integer
Integer
Integer
Integer
Integer

PROGS

LOCAL_COUNT: 17
GLOBAL_COUNT: 17

BASE_AFTER:
(begin
  (send
    (hole 0 {:hash_depth=>0, :limit_depth=>true, :recv=>true}) :count=
    (hole 0 {:hash_depth=>0, :method_arg=>true}))
  (int 2))
BASETYPE: Integer
SIZE WORK_LIST: 22
SIZE generated: 5
EVALUABLE#: 4

-------------------------

----------------
TTYPES
Integer

PROGS

LOCAL_COUNT: 18
GLOBAL_COUNT: 18

BASE_AFTER:
(begin
  (send
    (hole 0 {:hash_depth=>0, :limit_depth=>true, :recv=>true}) :diaspora_user=
    (hole 0 {:hash_depth=>0, :method_arg=>true}))
  (int 2))
BASETYPE: Integer
SIZE WORK_LIST: 24
SIZE generated: 1
EVALUABLE#: 0

-------------------------

----------------
TTYPES
String
String
String
String

PROGS

LOCAL_COUNT: 19
GLOBAL_COUNT: 19

BASE_AFTER:
(begin
  (send
    (hole 0 {:hash_depth=>0, :limit_depth=>true, :recv=>true}) :count=
    (hole 0 {:hash_depth=>0, :method_arg=>true}))
  (str ""))
BASETYPE: String
SIZE WORK_LIST: 24
SIZE generated: 4
EVALUABLE#: 3

-------------------------

----------------
TTYPES
String

PROGS

LOCAL_COUNT: 20
GLOBAL_COUNT: 20

BASE_AFTER:
(begin
  (send
    (hole 0 {:hash_depth=>0, :limit_depth=>true, :recv=>true}) :diaspora_user=
    (hole 0 {:hash_depth=>0, :method_arg=>true}))
  (str ""))
BASETYPE: String
SIZE WORK_LIST: 26
SIZE generated: 1
EVALUABLE#: 0

-------------------------

----------------
TTYPES
true or false
true or false

PROGS

LOCAL_COUNT: 21
GLOBAL_COUNT: 21

BASE_AFTER:
(begin
  (send
    (lvar :arg0) :count=
    (int 0))
  (true))
BASETYPE: true or false
SIZE WORK_LIST: 26
SIZE generated: 2
EVALUABLE#: 0

-------------------------

----------------
TTYPES
true or false
true or false

PROGS

LOCAL_COUNT: 22
GLOBAL_COUNT: 22

BASE_AFTER:
(begin
  (send
    (lvar :arg0) :count=
    (int 1))
  (true))
BASETYPE: true or false
SIZE WORK_LIST: 27
SIZE generated: 2
EVALUABLE#: 0

-------------------------

----------------
TTYPES
true or false
true or false

PROGS

LOCAL_COUNT: 23
GLOBAL_COUNT: 23

BASE_AFTER:
(begin
  (send
    (lvar :arg0) :count=
    (int 0))
  (false))
BASETYPE: true or false
SIZE WORK_LIST: 28
SIZE generated: 2
EVALUABLE#: 0

-------------------------

----------------
TTYPES
true or false
true or false

PROGS

LOCAL_COUNT: 24
GLOBAL_COUNT: 24

BASE_AFTER:
(begin
  (send
    (lvar :arg0) :count=
    (int 1))
  (false))
BASETYPE: true or false
SIZE WORK_LIST: 29
SIZE generated: 2
EVALUABLE#: 0

-------------------------

----------------
TTYPES
Integer
Integer

PROGS

LOCAL_COUNT: 25
GLOBAL_COUNT: 25

BASE_AFTER:
(begin
  (send
    (lvar :arg0) :count=
    (int 0))
  (int 0))
BASETYPE: Integer
SIZE WORK_LIST: 30
SIZE generated: 2
EVALUABLE#: 0

-------------------------

----------------
TTYPES
Integer
Integer

PROGS

LOCAL_COUNT: 26
GLOBAL_COUNT: 26

BASE_AFTER:
(begin
  (send
    (lvar :arg0) :count=
    (int 1))
  (int 0))
BASETYPE: Integer
SIZE WORK_LIST: 31
SIZE generated: 2
EVALUABLE#: 0

-------------------------

----------------
TTYPES
Integer
Integer

PROGS

LOCAL_COUNT: 27
GLOBAL_COUNT: 27

BASE_AFTER:
(begin
  (lvasgn :t0
    (int 0))
  (send
    (lvar :arg0) :count=
    (lvar :t0))
  (lvar :t0))
BASETYPE: Integer
SIZE WORK_LIST: 32
SIZE generated: 2
EVALUABLE#: 0

-------------------------

----------------
TTYPES
Integer
Integer

PROGS

LOCAL_COUNT: 28
GLOBAL_COUNT: 28

BASE_AFTER:
(begin
  (send
    (lvar :arg0) :count=
    (int 0))
  (int 1))
BASETYPE: Integer
SIZE WORK_LIST: 33
SIZE generated: 2
EVALUABLE#: 0

-------------------------

----------------
TTYPES
Integer
Integer

PROGS

LOCAL_COUNT: 29
GLOBAL_COUNT: 29

BASE_AFTER:
(begin
  (send
    (lvar :arg0) :count=
    (int 1))
  (int 1))
BASETYPE: Integer
SIZE WORK_LIST: 34
SIZE generated: 2
EVALUABLE#: 0

-------------------------

----------------
TTYPES
Integer
Integer

PROGS

LOCAL_COUNT: 30
GLOBAL_COUNT: 30

BASE_AFTER:
(begin
  (lvasgn :t0
    (int 1))
  (send
    (lvar :arg0) :count=
    (lvar :t0))
  (lvar :t0))
BASETYPE: Integer
SIZE WORK_LIST: 35
SIZE generated: 2
EVALUABLE#: 0

-------------------------

----------------
TTYPES
Integer
Integer

PROGS

LOCAL_COUNT: 31
GLOBAL_COUNT: 31

BASE_AFTER:
(begin
  (send
    (lvar :arg0) :count=
    (int 0))
  (int 2))
BASETYPE: Integer
SIZE WORK_LIST: 36
SIZE generated: 2
EVALUABLE#: 0

-------------------------

----------------
TTYPES
Integer
Integer

PROGS

LOCAL_COUNT: 32
GLOBAL_COUNT: 32

BASE_AFTER:
(begin
  (send
    (lvar :arg0) :count=
    (int 1))
  (int 2))
BASETYPE: Integer
SIZE WORK_LIST: 37
SIZE generated: 2
EVALUABLE#: 0

-------------------------

----------------
TTYPES
String
String

PROGS

LOCAL_COUNT: 33
GLOBAL_COUNT: 33

BASE_AFTER:
(begin
  (send
    (lvar :arg0) :count=
    (int 0))
  (str ""))
BASETYPE: String
SIZE WORK_LIST: 38
SIZE generated: 2
EVALUABLE#: 0

-------------------------

----------------
TTYPES
String
String

PROGS

LOCAL_COUNT: 34
GLOBAL_COUNT: 34

BASE_AFTER:
(begin
  (send
    (lvar :arg0) :count=
    (int 1))
  (str ""))
BASETYPE: String
SIZE WORK_LIST: 39
SIZE generated: 2
EVALUABLE#: 0

-------------------------

----------------
TTYPES
Integer
Integer
Integer
Integer
Integer
Integer
Integer
Integer
%bot

PROGS

LOCAL_COUNT: 35
GLOBAL_COUNT: 35

BASE_AFTER:
(filled-hole
  (begin
    (send
      (send
        (hole 0 {:hash_depth=>0, :limit_depth=>true, :recv=>true}) :id=
        (hole 0 {:hash_depth=>0, :method_arg=>true})) :-
      (hole 0 {:hash_depth=>0, :method_arg=>true})))
  (begin
    (send
      (send
        (hole 0 {:hash_depth=>0, :limit_depth=>true, :recv=>true}) :id=
        (hole 0 {:hash_depth=>0, :method_arg=>true})) :-
      (hole 0 {:hash_depth=>0, :method_arg=>true})))
  (begin
    (send
      (send
        (hole 0 {:hash_depth=>0, :limit_depth=>true, :recv=>true}) :id=
        (hole 0 {:hash_depth=>0, :method_arg=>true})) :count))
  (begin
    (send
      (send
        (hole 0 {:hash_depth=>0, :limit_depth=>true, :recv=>true}) :id) :-
      (hole 0 {:hash_depth=>0, :method_arg=>true})))
  (begin
    (send
      (send
        (hole 0 {:hash_depth=>0, :limit_depth=>true, :recv=>true}) :id) :-
      (hole 0 {:hash_depth=>0, :method_arg=>true})))
  (begin
    (send
      (send
        (hole 0 {:hash_depth=>0, :limit_depth=>true, :recv=>true}) :id) :count))
  (begin
    (send
      (send
        (hole 0 {:hash_depth=>0, :limit_depth=>true, :recv=>true}) :token=
        (hole 0 {:hash_depth=>0, :method_arg=>true})) :count))
  (begin
    (send
      (send
        (hole 0 {:hash_depth=>0, :limit_depth=>true, :recv=>true}) :token=
        (hole 0 {:hash_depth=>0, :method_arg=>true})) :-
      (hole 0 {:hash_depth=>0, :method_arg=>true})))
  (begin
    (send
      (send
        (hole 0 {:hash_depth=>0, :limit_depth=>true, :recv=>true}) :token) :count))
  (begin
    (send
      (send
        (hole 0 {:hash_depth=>0, :limit_depth=>true, :recv=>true}) :token) :-
      (hole 0 {:hash_depth=>0, :method_arg=>true})))
  (begin
    (send
      (send
        (hole 0 {:hash_depth=>0, :limit_depth=>true, :recv=>true}) :diaspora_user_id=
        (hole 0 {:hash_depth=>0, :method_arg=>true})) :-
      (hole 0 {:hash_depth=>0, :method_arg=>true})))
  (begin
    (send
      (send
        (hole 0 {:hash_depth=>0, :limit_depth=>true, :recv=>true}) :diaspora_user_id=
        (hole 0 {:hash_depth=>0, :method_arg=>true})) :-
      (hole 0 {:hash_depth=>0, :method_arg=>true})))
  (begin
    (send
      (send
        (hole 0 {:hash_depth=>0, :limit_depth=>true, :recv=>true}) :diaspora_user_id=
        (hole 0 {:hash_depth=>0, :method_arg=>true})) :count))
  (begin
    (send
      (send
        (hole 0 {:hash_depth=>0, :limit_depth=>true, :recv=>true}) :diaspora_user_id) :-
      (hole 0 {:hash_depth=>0, :method_arg=>true})))
  (begin
    (send
      (send
        (hole 0 {:hash_depth=>0, :limit_depth=>true, :recv=>true}) :diaspora_user_id) :-
      (hole 0 {:hash_depth=>0, :method_arg=>true})))
  (begin
    (send
      (send
        (hole 0 {:hash_depth=>0, :limit_depth=>true, :recv=>true}) :diaspora_user_id) :count))
  (begin
    (send
      (send
        (hole 0 {:hash_depth=>0, :limit_depth=>true, :recv=>true}) :count=
        (hole 0 {:hash_depth=>0, :method_arg=>true})) :-
      (hole 0 {:hash_depth=>0, :method_arg=>true})))
  (begin
    (send
      (send
        (hole 0 {:hash_depth=>0, :limit_depth=>true, :recv=>true}) :count=
        (hole 0 {:hash_depth=>0, :method_arg=>true})) :-
      (hole 0 {:hash_depth=>0, :method_arg=>true})))
  (begin
    (send
      (send
        (hole 0 {:hash_depth=>0, :limit_depth=>true, :recv=>true}) :count=
        (hole 0 {:hash_depth=>0, :method_arg=>true})) :count))
  (begin
    (send
      (begin
        (send
          (hole 0 {:hash_depth=>0, :limit_depth=>true, :recv=>true}) :count)) :-
      (hole 0 {:hash_depth=>0, :method_arg=>true})))
  (begin
    (send
      (begin
        (send
          (hole 0 {:hash_depth=>0, :limit_depth=>true, :recv=>true}) :count)) :-
      (hole 0 {:hash_depth=>0, :method_arg=>true})))
  (begin
    (send
      (begin
        (send
          (hole 0 {:hash_depth=>0, :limit_depth=>true, :recv=>true}) :count)) :count))
  (begin
    (send
      (send
        (hole 0 {:hash_depth=>0, :limit_depth=>true, :recv=>true}) :diaspora_user) :count))
  (begin
    (send
      (send
        (hole 0 {:hash_depth=>0, :limit_depth=>true, :recv=>true}) :diaspora_user) :-
      (hole 0 {:hash_depth=>0, :method_arg=>true})))
  (begin
    (send
      (send
        (hole 0 {:hash_depth=>0, :limit_depth=>true, :recv=>true}) :diaspora_user=
        (hole 0 {:hash_depth=>0, :method_arg=>true})) :count))
  (begin
    (send
      (send
        (hole 0 {:hash_depth=>0, :limit_depth=>true, :recv=>true}) :diaspora_user=
        (hole 0 {:hash_depth=>0, :method_arg=>true})) :-
      (hole 0 {:hash_depth=>0, :method_arg=>true})))
  (begin
    (send
      (begin
        (send
          (hole 0 {:hash_depth=>0, :limit_depth=>true, :recv=>true}) :-
          (hole 0 {:hash_depth=>0, :method_arg=>true}))) :-
      (hole 0 {:hash_depth=>0, :method_arg=>true})))
  (begin
    (send
      (begin
        (send
          (hole 0 {:hash_depth=>0, :limit_depth=>true, :recv=>true}) :-
          (hole 0 {:hash_depth=>0, :method_arg=>true}))) :-
      (hole 0 {:hash_depth=>0, :method_arg=>true})))
  (begin
    (send
      (begin
        (send
          (hole 0 {:hash_depth=>0, :limit_depth=>true, :recv=>true}) :save)) :count))
  (begin
    (send
      (begin
        (send
          (hole 0 {:hash_depth=>0, :limit_depth=>true, :recv=>true}) :save)) :-
      (hole 0 {:hash_depth=>0, :method_arg=>true})))
  (begin
    (send
      (begin
        (send
          (hole 0 {:hash_depth=>0, :limit_depth=>true, :recv=>true}) :count)) :-
      (hole 0 {:hash_depth=>0, :method_arg=>true})))
  (begin
    (send
      (begin
        (send
          (hole 0 {:hash_depth=>0, :limit_depth=>true, :recv=>true}) :count)) :-
      (hole 0 {:hash_depth=>0, :method_arg=>true})))
  (begin
    (send
      (begin
        (send
          (hole 0 {:hash_depth=>0, :limit_depth=>true, :recv=>true}) :-
          (hole 0 {:hash_depth=>0, :method_arg=>true}))) :-
      (hole 0 {:hash_depth=>0, :method_arg=>true})))
  (begin
    (send
      (begin
        (send
          (hole 0 {:hash_depth=>0, :limit_depth=>true, :recv=>true}) :-
          (hole 0 {:hash_depth=>0, :method_arg=>true}))) :-
      (hole 0 {:hash_depth=>0, :method_arg=>true})))
  (begin
    (send
      (begin
        (send
          (hole 0 {:hash_depth=>0, :limit_depth=>true, :recv=>true}) :save)) :count))
  (begin
    (send
      (begin
        (send
          (hole 0 {:hash_depth=>0, :limit_depth=>true, :recv=>true}) :save)) :-
      (hole 0 {:hash_depth=>0, :method_arg=>true})))
  (hole 3 {:hash_depth=>0, :method_arg=>false, :variance=>:-}) {:method_arg=>false})
BASETYPE: %bot
SIZE WORK_LIST: 40
SIZE generated: 9
EVALUABLE#: 0

-------------------------

----------------
TTYPES
Integer
Integer
Integer
Integer
Integer
Integer
Integer
Integer
Integer
Integer
Integer
Integer
Integer
Integer
Integer
Integer
Integer
Integer
Integer
Integer
Integer
Integer
Integer
Integer
Integer
Integer
Integer
Integer
Integer
Integer
Integer
Integer
Integer
Integer
Integer
Integer

PROGS

LOCAL_COUNT: 36
GLOBAL_COUNT: 36

BASE_AFTER:
(begin
  (send
    (begin
      (send
        (filled-hole
          (lvar InvitationCode(id: integer, token: string, diaspora_user_id: integer, count: integer)) {:method_arg=>false}) :-
        (filled-hole
          (lvar :arg0)
          (lvar InvitationCode(id: integer, token: string, diaspora_user_id: integer, count: integer))
          (true)
          (false)
          (int 0)
          (int 1)
          (int 2)
          (str "")
          (hole 1 {:hash_depth=>0, :method_arg=>true, :variance=>:+}) {:method_arg=>true}))) :-
    (filled-hole
      (int 0)
      (int 1)
      (int 2)
      (hole 1 {:hash_depth=>0, :method_arg=>true, :variance=>:+}) {:method_arg=>true})))
BASETYPE: Integer
SIZE WORK_LIST: 48
SIZE generated: 36
EVALUABLE#: 24

-------------------------

----------------
TTYPES
Integer
Integer
Integer
Integer

PROGS

LOCAL_COUNT: 37
GLOBAL_COUNT: 37

BASE_AFTER:
(begin
  (send
    (begin
      (send
        (filled-hole
          (lvar InvitationCode(id: integer, token: string, diaspora_user_id: integer, count: integer)) {:method_arg=>false}) :count)) :-
    (filled-hole
      (int 0)
      (int 1)
      (int 2)
      (hole 1 {:hash_depth=>0, :method_arg=>true, :variance=>:+}) {:method_arg=>true})))
BASETYPE: Integer
SIZE WORK_LIST: 59
SIZE generated: 4
EVALUABLE#: 3

-------------------------

----------------
TTYPES
true or false
true or false
true or false
true or false
true or false
true or false
true or false
true or false
true or false
true or false
true or false

PROGS

LOCAL_COUNT: 38
GLOBAL_COUNT: 38

BASE_AFTER:
(begin
  (send
    (lvar :arg0) :count=
    (hole 1 {:hash_depth=>0, :method_arg=>true, :variance=>:+}))
  (true))
BASETYPE: true or false
SIZE WORK_LIST: 62
SIZE generated: 11
EVALUABLE#: 0

-------------------------

----------------
TTYPES
Integer
Integer

PROGS

LOCAL_COUNT: 39
GLOBAL_COUNT: 39

BASE_AFTER:
(begin
  (send
    (begin
      (send
        (lvar InvitationCode(id: integer, token: string, diaspora_user_id: integer, count: integer)) :count)) :-
    (int 0)))
BASETYPE: Integer
SIZE WORK_LIST: 72
SIZE generated: 2
EVALUABLE#: 0

-------------------------

----------------
TTYPES
Integer
Integer

PROGS

LOCAL_COUNT: 40
GLOBAL_COUNT: 40

BASE_AFTER:
(begin
  (send
    (begin
      (send
        (lvar InvitationCode(id: integer, token: string, diaspora_user_id: integer, count: integer)) :count)) :-
    (int 1)))
BASETYPE: Integer
SIZE WORK_LIST: 73
SIZE generated: 2
EVALUABLE#: 0

-------------------------

----------------
TTYPES
Integer
Integer

PROGS

LOCAL_COUNT: 41
GLOBAL_COUNT: 41

BASE_AFTER:
(begin
  (send
    (begin
      (send
        (lvar InvitationCode(id: integer, token: string, diaspora_user_id: integer, count: integer)) :count)) :-
    (int 2)))
BASETYPE: Integer
SIZE WORK_LIST: 74
SIZE generated: 2
EVALUABLE#: 0

-------------------------

----------------
TTYPES
true or false
true or false
true or false
true or false
true or false
true or false
true or false
true or false
true or false
true or false

PROGS

LOCAL_COUNT: 42
GLOBAL_COUNT: 42

BASE_AFTER:
(begin
  (send
    (lvar :arg0) :count=
    (begin
      (send
        (hole 0 {:hash_depth=>0, :limit_depth=>true, :recv=>true}) :-
        (hole 0 {:hash_depth=>0, :method_arg=>true}))))
  (true))
BASETYPE: true or false
SIZE WORK_LIST: 75
SIZE generated: 10
EVALUABLE#: 9

-------------------------

----------------
TTYPES
true or false

PROGS

LOCAL_COUNT: 43
GLOBAL_COUNT: 43

BASE_AFTER:
(begin
  (send
    (lvar :arg0) :count=
    (begin
      (send
        (hole 0 {:hash_depth=>0, :limit_depth=>true, :recv=>true}) :count)))
  (true))
BASETYPE: true or false
SIZE WORK_LIST: 75
SIZE generated: 1
EVALUABLE#: 1

-------------------------

----------------
TTYPES
true or false
true or false
true or false
true or false
true or false
true or false

PROGS

LOCAL_COUNT: 44
GLOBAL_COUNT: 44

BASE_AFTER:
(begin
  (send
    (lvar :arg0) :diaspora_user=
    (hole 1 {:hash_depth=>0, :method_arg=>true, :variance=>:+}))
  (true))
BASETYPE: true or false
SIZE WORK_LIST: 75
SIZE generated: 6
EVALUABLE#: 0

-------------------------

----------------
TTYPES
true or false
true or false

PROGS

LOCAL_COUNT: 45
GLOBAL_COUNT: 45

BASE_AFTER:
(begin
  (send
    (lvar :arg0) :count=
    (begin
      (send
        (lvar InvitationCode(id: integer, token: string, diaspora_user_id: integer, count: integer)) :count)))
  (true))
BASETYPE: true or false
SIZE WORK_LIST: 80
SIZE generated: 2
EVALUABLE#: 0

-------------------------

----------------
TTYPES
true or false

PROGS

LOCAL_COUNT: 46
GLOBAL_COUNT: 46

BASE_AFTER:
(begin
  (send
    (lvar :arg0) :diaspora_user=
    (begin
      (send
        (hole 0 {:hash_depth=>0, :limit_depth=>true, :recv=>true}) :count)))
  (true))
BASETYPE: true or false
SIZE WORK_LIST: 81
SIZE generated: 1
EVALUABLE#: 1

-------------------------

----------------
TTYPES
true or false
true or false
true or false
true or false
true or false
true or false
true or false
true or false
true or false
true or false
true or false

PROGS

LOCAL_COUNT: 47
GLOBAL_COUNT: 47

BASE_AFTER:
(begin
  (send
    (lvar :arg0) :count=
    (hole 1 {:hash_depth=>0, :method_arg=>true, :variance=>:+}))
  (false))
BASETYPE: true or false
SIZE WORK_LIST: 80
SIZE generated: 11
EVALUABLE#: 0

-------------------------

----------------
TTYPES
true or false

PROGS

LOCAL_COUNT: 48
GLOBAL_COUNT: 48

BASE_AFTER:
(begin
  (send
    (lvar :arg0) :count=
    (begin
      (send
        (hole 0 {:hash_depth=>0, :limit_depth=>true, :recv=>true}) :count)))
  (false))
BASETYPE: true or false
SIZE WORK_LIST: 90
SIZE generated: 1
EVALUABLE#: 1

-------------------------

----------------
TTYPES
true or false
true or false
true or false
true or false
true or false
true or false

PROGS

LOCAL_COUNT: 49
GLOBAL_COUNT: 49

BASE_AFTER:
(begin
  (send
    (lvar :arg0) :diaspora_user=
    (hole 1 {:hash_depth=>0, :method_arg=>true, :variance=>:+}))
  (false))
BASETYPE: true or false
SIZE WORK_LIST: 90
SIZE generated: 6
EVALUABLE#: 0

-------------------------

----------------
TTYPES
true or false
true or false

PROGS

LOCAL_COUNT: 50
GLOBAL_COUNT: 50

BASE_AFTER:
(begin
  (send
    (lvar :arg0) :count=
    (begin
      (send
        (lvar InvitationCode(id: integer, token: string, diaspora_user_id: integer, count: integer)) :count)))
  (false))
BASETYPE: true or false
SIZE WORK_LIST: 95
SIZE generated: 2
EVALUABLE#: 0

-------------------------

----------------
TTYPES
true or false

PROGS

LOCAL_COUNT: 51
GLOBAL_COUNT: 51

BASE_AFTER:
(begin
  (send
    (lvar :arg0) :diaspora_user=
    (begin
      (send
        (hole 0 {:hash_depth=>0, :limit_depth=>true, :recv=>true}) :count)))
  (false))
BASETYPE: true or false
SIZE WORK_LIST: 96
SIZE generated: 1
EVALUABLE#: 1

-------------------------

----------------
TTYPES
Integer
Integer
Integer
Integer
Integer
Integer
Integer
Integer
Integer
Integer
Integer

PROGS

LOCAL_COUNT: 52
GLOBAL_COUNT: 52

BASE_AFTER:
(begin
  (send
    (lvar :arg0) :count=
    (hole 1 {:hash_depth=>0, :method_arg=>true, :variance=>:+}))
  (int 0))
BASETYPE: Integer
SIZE WORK_LIST: 95
SIZE generated: 11
EVALUABLE#: 0

-------------------------

----------------
TTYPES
Integer

PROGS

LOCAL_COUNT: 53
GLOBAL_COUNT: 53

BASE_AFTER:
(begin
  (send
    (lvar :arg0) :count=
    (begin
      (send
        (hole 0 {:hash_depth=>0, :limit_depth=>true, :recv=>true}) :count)))
  (int 0))
BASETYPE: Integer
SIZE WORK_LIST: 105
SIZE generated: 1
EVALUABLE#: 1

-------------------------

----------------
TTYPES
Integer
Integer
Integer
Integer
Integer
Integer

PROGS

LOCAL_COUNT: 54
GLOBAL_COUNT: 54

BASE_AFTER:
(begin
  (send
    (lvar :arg0) :diaspora_user=
    (hole 1 {:hash_depth=>0, :method_arg=>true, :variance=>:+}))
  (int 0))
BASETYPE: Integer
SIZE WORK_LIST: 105
SIZE generated: 6
EVALUABLE#: 0

-------------------------

----------------
TTYPES
Integer
Integer

PROGS

LOCAL_COUNT: 55
GLOBAL_COUNT: 55

BASE_AFTER:
(begin
  (send
    (lvar :arg0) :count=
    (begin
      (send
        (lvar InvitationCode(id: integer, token: string, diaspora_user_id: integer, count: integer)) :count)))
  (int 0))
BASETYPE: Integer
SIZE WORK_LIST: 110
SIZE generated: 2
EVALUABLE#: 0

-------------------------

----------------
TTYPES
Integer

PROGS

LOCAL_COUNT: 56
GLOBAL_COUNT: 56

BASE_AFTER:
(begin
  (send
    (lvar :arg0) :diaspora_user=
    (begin
      (send
        (hole 0 {:hash_depth=>0, :limit_depth=>true, :recv=>true}) :count)))
  (int 0))
BASETYPE: Integer
SIZE WORK_LIST: 111
SIZE generated: 1
EVALUABLE#: 1

-------------------------

----------------
TTYPES
Integer
Integer
Integer
Integer
Integer
Integer
Integer
Integer
Integer
Integer
Integer

PROGS

LOCAL_COUNT: 57
GLOBAL_COUNT: 57

BASE_AFTER:
(begin
  (send
    (lvar :arg0) :count=
    (hole 1 {:hash_depth=>0, :method_arg=>true, :variance=>:+}))
  (int 1))
BASETYPE: Integer
SIZE WORK_LIST: 110
SIZE generated: 11
EVALUABLE#: 0

-------------------------

----------------
TTYPES
Integer

PROGS

LOCAL_COUNT: 58
GLOBAL_COUNT: 58

BASE_AFTER:
(begin
  (send
    (lvar :arg0) :count=
    (begin
      (send
        (hole 0 {:hash_depth=>0, :limit_depth=>true, :recv=>true}) :count)))
  (int 1))
BASETYPE: Integer
SIZE WORK_LIST: 120
SIZE generated: 1
EVALUABLE#: 1

-------------------------

----------------
TTYPES
Integer
Integer
Integer
Integer
Integer
Integer

PROGS

LOCAL_COUNT: 59
GLOBAL_COUNT: 59

BASE_AFTER:
(begin
  (send
    (lvar :arg0) :diaspora_user=
    (hole 1 {:hash_depth=>0, :method_arg=>true, :variance=>:+}))
  (int 1))
BASETYPE: Integer
SIZE WORK_LIST: 120
SIZE generated: 6
EVALUABLE#: 0

-------------------------

----------------
TTYPES
Integer
Integer

PROGS

LOCAL_COUNT: 60
GLOBAL_COUNT: 60

BASE_AFTER:
(begin
  (send
    (lvar :arg0) :count=
    (begin
      (send
        (lvar InvitationCode(id: integer, token: string, diaspora_user_id: integer, count: integer)) :count)))
  (int 1))
BASETYPE: Integer
SIZE WORK_LIST: 125
SIZE generated: 2
EVALUABLE#: 0

-------------------------

----------------
TTYPES
true or false
true or false
Integer
Integer
Integer
String
%bot

PROGS

LOCAL_COUNT: 1
GLOBAL_COUNT: 61

BASE_AFTER:
(filled-hole
  (true)
  (false)
  (int 0)
  (int 1)
  (int 2)
  (str "")
  (hole 1 {:hash_depth=>0, :method_arg=>false, :variance=>:-}) {:method_arg=>false})
BASETYPE: %bot
SIZE WORK_LIST: 0
SIZE generated: 7
EVALUABLE#: 6

-------------------------

----------------
TTYPES
true or false
true or false

PROGS

LOCAL_COUNT: 2
GLOBAL_COUNT: 62

BASE_AFTER:
(true)
BASETYPE: true or false
SIZE WORK_LIST: 6
SIZE generated: 2
EVALUABLE#: 0

-------------------------

----------------
TTYPES
true or false
true or false

PROGS

LOCAL_COUNT: 3
GLOBAL_COUNT: 63

BASE_AFTER:
(false)
BASETYPE: true or false
SIZE WORK_LIST: 7
SIZE generated: 2
EVALUABLE#: 0

-------------------------

----------------
TTYPES
Integer
Integer

PROGS

LOCAL_COUNT: 4
GLOBAL_COUNT: 64

BASE_AFTER:
(int 0)
BASETYPE: Integer
SIZE WORK_LIST: 8
SIZE generated: 2
EVALUABLE#: 0

-------------------------

----------------
TTYPES
Integer
Integer

PROGS

LOCAL_COUNT: 5
GLOBAL_COUNT: 65

BASE_AFTER:
(int 1)
BASETYPE: Integer
SIZE WORK_LIST: 9
SIZE generated: 2
EVALUABLE#: 0

-------------------------

----------------
TTYPES
Integer
Integer

PROGS

LOCAL_COUNT: 6
GLOBAL_COUNT: 66

BASE_AFTER:
(int 2)
BASETYPE: Integer
SIZE WORK_LIST: 10
SIZE generated: 2
EVALUABLE#: 0

-------------------------

----------------
TTYPES
String
String

PROGS

LOCAL_COUNT: 7
GLOBAL_COUNT: 67

BASE_AFTER:
(str "")
BASETYPE: String
SIZE WORK_LIST: 11
SIZE generated: 2
EVALUABLE#: 0

-------------------------

----------------
TTYPES
%bot

PROGS

LOCAL_COUNT: 8
GLOBAL_COUNT: 68

BASE_AFTER:
(filled-hole
  (hole 2 {:hash_depth=>0, :method_arg=>false, :variance=>:-}) {:method_arg=>false})
BASETYPE: %bot
SIZE WORK_LIST: 12
SIZE generated: 1
EVALUABLE#: 0

-------------------------

----------------
TTYPES
true or false
true or false
true or false
true or false

PROGS

LOCAL_COUNT: 9
GLOBAL_COUNT: 69

BASE_AFTER:
(begin
  (send
    (hole 0 {:hash_depth=>0, :limit_depth=>true, :recv=>true}) :count=
    (hole 0 {:hash_depth=>0, :method_arg=>true}))
  (true))
BASETYPE: true or false
SIZE WORK_LIST: 12
SIZE generated: 4
EVALUABLE#: 3

-------------------------

----------------
TTYPES
true or false
true or false
Integer
Integer
Integer
String
%bot

PROGS

LOCAL_COUNT: 1
GLOBAL_COUNT: 1

BASE_AFTER:
(filled-hole
  (true)
  (false)
  (int 0)
  (int 1)
  (int 2)
  (str "")
  (hole 1 {:hash_depth=>0, :method_arg=>false, :variance=>:-}) {:method_arg=>false})
BASETYPE: %bot
SIZE WORK_LIST: 0
SIZE generated: 7
EVALUABLE#: 6

-------------------------

----------------
TTYPES
true or false
true or false

PROGS

LOCAL_COUNT: 2
GLOBAL_COUNT: 2

BASE_AFTER:
(true)
BASETYPE: true or false
SIZE WORK_LIST: 6
SIZE generated: 2
EVALUABLE#: 0

-------------------------

----------------
TTYPES
true or false
true or false

PROGS

LOCAL_COUNT: 3
GLOBAL_COUNT: 3

BASE_AFTER:
(false)
BASETYPE: true or false
SIZE WORK_LIST: 7
SIZE generated: 2
EVALUABLE#: 0

-------------------------

----------------
TTYPES
Integer
Integer

PROGS

LOCAL_COUNT: 4
GLOBAL_COUNT: 4

BASE_AFTER:
(int 0)
BASETYPE: Integer
SIZE WORK_LIST: 8
SIZE generated: 2
EVALUABLE#: 0

-------------------------

----------------
TTYPES
Integer
Integer

PROGS

LOCAL_COUNT: 5
GLOBAL_COUNT: 5

BASE_AFTER:
(int 1)
BASETYPE: Integer
SIZE WORK_LIST: 9
SIZE generated: 2
EVALUABLE#: 0

-------------------------

----------------
TTYPES
Integer
Integer

PROGS

LOCAL_COUNT: 6
GLOBAL_COUNT: 6

BASE_AFTER:
(int 2)
BASETYPE: Integer
SIZE WORK_LIST: 10
SIZE generated: 2
EVALUABLE#: 0

-------------------------

----------------
TTYPES
String
String

PROGS

LOCAL_COUNT: 7
GLOBAL_COUNT: 7

BASE_AFTER:
(str "")
BASETYPE: String
SIZE WORK_LIST: 11
SIZE generated: 2
EVALUABLE#: 0

-------------------------

----------------
TTYPES
%bot

PROGS

LOCAL_COUNT: 8
GLOBAL_COUNT: 8

BASE_AFTER:
(filled-hole
  (begin
    (send
      (hole 0 {:hash_depth=>0, :limit_depth=>true, :recv=>true}) :-
      (hole 0 {:hash_depth=>0, :method_arg=>true})))
  (begin
    (send
      (hole 0 {:hash_depth=>0, :limit_depth=>true, :recv=>true}) :count))
  (begin
    (send
      (hole 0 {:hash_depth=>0, :limit_depth=>true, :recv=>true}) :-
      (hole 0 {:hash_depth=>0, :method_arg=>true})))
  (hole 2 {:hash_depth=>0, :method_arg=>false, :variance=>:-}) {:method_arg=>false})
BASETYPE: %bot
SIZE WORK_LIST: 12
SIZE generated: 1
EVALUABLE#: 0

-------------------------

----------------
TTYPES
true or false
true or false
true or false
true or false

PROGS

LOCAL_COUNT: 9
GLOBAL_COUNT: 9

BASE_AFTER:
(begin
  (send
    (hole 0 {:hash_depth=>0, :limit_depth=>true, :recv=>true}) :count=
    (hole 0 {:hash_depth=>0, :method_arg=>true}))
  (true))
BASETYPE: true or false
SIZE WORK_LIST: 12
SIZE generated: 4
EVALUABLE#: 3

-------------------------

----------------
TTYPES
true or false

PROGS

LOCAL_COUNT: 10
GLOBAL_COUNT: 10

BASE_AFTER:
(begin
  (send
    (hole 0 {:hash_depth=>0, :limit_depth=>true, :recv=>true}) :diaspora_user=
    (hole 0 {:hash_depth=>0, :method_arg=>true}))
  (true))
BASETYPE: true or false
SIZE WORK_LIST: 14
SIZE generated: 1
EVALUABLE#: 0

-------------------------

----------------
TTYPES
true or false
true or false
true or false
true or false

PROGS

LOCAL_COUNT: 11
GLOBAL_COUNT: 11

BASE_AFTER:
(begin
  (send
    (hole 0 {:hash_depth=>0, :limit_depth=>true, :recv=>true}) :count=
    (hole 0 {:hash_depth=>0, :method_arg=>true}))
  (false))
BASETYPE: true or false
SIZE WORK_LIST: 14
SIZE generated: 4
EVALUABLE#: 3

-------------------------

----------------
TTYPES
true or false

PROGS

LOCAL_COUNT: 12
GLOBAL_COUNT: 12

BASE_AFTER:
(begin
  (send
    (hole 0 {:hash_depth=>0, :limit_depth=>true, :recv=>true}) :diaspora_user=
    (hole 0 {:hash_depth=>0, :method_arg=>true}))
  (false))
BASETYPE: true or false
SIZE WORK_LIST: 16
SIZE generated: 1
EVALUABLE#: 0

-------------------------

----------------
TTYPES
Integer
Integer
Integer
Integer
Integer

PROGS

LOCAL_COUNT: 13
GLOBAL_COUNT: 13

BASE_AFTER:
(begin
  (send
    (hole 0 {:hash_depth=>0, :limit_depth=>true, :recv=>true}) :count=
    (hole 0 {:hash_depth=>0, :method_arg=>true}))
  (int 0))
BASETYPE: Integer
SIZE WORK_LIST: 16
SIZE generated: 5
EVALUABLE#: 4

-------------------------

----------------
TTYPES
Integer

PROGS

LOCAL_COUNT: 14
GLOBAL_COUNT: 14

BASE_AFTER:
(begin
  (send
    (hole 0 {:hash_depth=>0, :limit_depth=>true, :recv=>true}) :diaspora_user=
    (hole 0 {:hash_depth=>0, :method_arg=>true}))
  (int 0))
BASETYPE: Integer
SIZE WORK_LIST: 19
SIZE generated: 1
EVALUABLE#: 0

-------------------------

----------------
TTYPES
Integer
Integer
Integer
Integer
Integer

PROGS

LOCAL_COUNT: 15
GLOBAL_COUNT: 15

BASE_AFTER:
(begin
  (send
    (hole 0 {:hash_depth=>0, :limit_depth=>true, :recv=>true}) :count=
    (hole 0 {:hash_depth=>0, :method_arg=>true}))
  (int 1))
BASETYPE: Integer
SIZE WORK_LIST: 19
SIZE generated: 5
EVALUABLE#: 4

-------------------------

----------------
TTYPES
Integer

PROGS

LOCAL_COUNT: 16
GLOBAL_COUNT: 16

BASE_AFTER:
(begin
  (send
    (hole 0 {:hash_depth=>0, :limit_depth=>true, :recv=>true}) :diaspora_user=
    (hole 0 {:hash_depth=>0, :method_arg=>true}))
  (int 1))
BASETYPE: Integer
SIZE WORK_LIST: 22
SIZE generated: 1
EVALUABLE#: 0

-------------------------

----------------
TTYPES
Integer
Integer
Integer
Integer
Integer

PROGS

LOCAL_COUNT: 17
GLOBAL_COUNT: 17

BASE_AFTER:
(begin
  (send
    (hole 0 {:hash_depth=>0, :limit_depth=>true, :recv=>true}) :count=
    (hole 0 {:hash_depth=>0, :method_arg=>true}))
  (int 2))
BASETYPE: Integer
SIZE WORK_LIST: 22
SIZE generated: 5
EVALUABLE#: 4

-------------------------

----------------
TTYPES
Integer

PROGS

LOCAL_COUNT: 18
GLOBAL_COUNT: 18

BASE_AFTER:
(begin
  (send
    (hole 0 {:hash_depth=>0, :limit_depth=>true, :recv=>true}) :diaspora_user=
    (hole 0 {:hash_depth=>0, :method_arg=>true}))
  (int 2))
BASETYPE: Integer
SIZE WORK_LIST: 24
SIZE generated: 1
EVALUABLE#: 0

-------------------------

----------------
TTYPES
String
String
String
String

PROGS

LOCAL_COUNT: 19
GLOBAL_COUNT: 19

BASE_AFTER:
(begin
  (send
    (hole 0 {:hash_depth=>0, :limit_depth=>true, :recv=>true}) :count=
    (hole 0 {:hash_depth=>0, :method_arg=>true}))
  (str ""))
BASETYPE: String
SIZE WORK_LIST: 24
SIZE generated: 4
EVALUABLE#: 3

-------------------------

----------------
TTYPES
String

PROGS

LOCAL_COUNT: 20
GLOBAL_COUNT: 20

BASE_AFTER:
(begin
  (send
    (hole 0 {:hash_depth=>0, :limit_depth=>true, :recv=>true}) :diaspora_user=
    (hole 0 {:hash_depth=>0, :method_arg=>true}))
  (str ""))
BASETYPE: String
SIZE WORK_LIST: 26
SIZE generated: 1
EVALUABLE#: 0

-------------------------

----------------
TTYPES
true or false
true or false

PROGS

LOCAL_COUNT: 21
GLOBAL_COUNT: 21

BASE_AFTER:
(begin
  (send
    (lvar :arg0) :count=
    (int 0))
  (true))
BASETYPE: true or false
SIZE WORK_LIST: 26
SIZE generated: 2
EVALUABLE#: 0

-------------------------

----------------
TTYPES
true or false
true or false

PROGS

LOCAL_COUNT: 22
GLOBAL_COUNT: 22

BASE_AFTER:
(begin
  (send
    (lvar :arg0) :count=
    (int 1))
  (true))
BASETYPE: true or false
SIZE WORK_LIST: 27
SIZE generated: 2
EVALUABLE#: 0

-------------------------

----------------
TTYPES
true or false
true or false

PROGS

LOCAL_COUNT: 23
GLOBAL_COUNT: 23

BASE_AFTER:
(begin
  (send
    (lvar :arg0) :count=
    (int 0))
  (false))
BASETYPE: true or false
SIZE WORK_LIST: 28
SIZE generated: 2
EVALUABLE#: 0

-------------------------

----------------
TTYPES
true or false
true or false

PROGS

LOCAL_COUNT: 24
GLOBAL_COUNT: 24

BASE_AFTER:
(begin
  (send
    (lvar :arg0) :count=
    (int 1))
  (false))
BASETYPE: true or false
SIZE WORK_LIST: 29
SIZE generated: 2
EVALUABLE#: 0

-------------------------

----------------
TTYPES
Integer
Integer

PROGS

LOCAL_COUNT: 25
GLOBAL_COUNT: 25

BASE_AFTER:
(begin
  (send
    (lvar :arg0) :count=
    (int 0))
  (int 0))
BASETYPE: Integer
SIZE WORK_LIST: 30
SIZE generated: 2
EVALUABLE#: 0

-------------------------

----------------
TTYPES
Integer
Integer

PROGS

LOCAL_COUNT: 26
GLOBAL_COUNT: 26

BASE_AFTER:
(begin
  (send
    (lvar :arg0) :count=
    (int 1))
  (int 0))
BASETYPE: Integer
SIZE WORK_LIST: 31
SIZE generated: 2
EVALUABLE#: 0

-------------------------

----------------
TTYPES
Integer
Integer

PROGS

LOCAL_COUNT: 27
GLOBAL_COUNT: 27

BASE_AFTER:
(begin
  (lvasgn :t0
    (int 0))
  (send
    (lvar :arg0) :count=
    (lvar :t0))
  (lvar :t0))
BASETYPE: Integer
SIZE WORK_LIST: 32
SIZE generated: 2
EVALUABLE#: 0

-------------------------

----------------
TTYPES
Integer
Integer

PROGS

LOCAL_COUNT: 28
GLOBAL_COUNT: 28

BASE_AFTER:
(begin
  (send
    (lvar :arg0) :count=
    (int 0))
  (int 1))
BASETYPE: Integer
SIZE WORK_LIST: 33
SIZE generated: 2
EVALUABLE#: 0

-------------------------

----------------
TTYPES
Integer
Integer

PROGS

LOCAL_COUNT: 29
GLOBAL_COUNT: 29

BASE_AFTER:
(begin
  (send
    (lvar :arg0) :count=
    (int 1))
  (int 1))
BASETYPE: Integer
SIZE WORK_LIST: 34
SIZE generated: 2
EVALUABLE#: 0

-------------------------

----------------
TTYPES
Integer
Integer

PROGS

LOCAL_COUNT: 30
GLOBAL_COUNT: 30

BASE_AFTER:
(begin
  (lvasgn :t0
    (int 1))
  (send
    (lvar :arg0) :count=
    (lvar :t0))
  (lvar :t0))
BASETYPE: Integer
SIZE WORK_LIST: 35
SIZE generated: 2
EVALUABLE#: 0

-------------------------

----------------
TTYPES
Integer
Integer

PROGS

LOCAL_COUNT: 31
GLOBAL_COUNT: 31

BASE_AFTER:
(begin
  (send
    (lvar :arg0) :count=
    (int 0))
  (int 2))
BASETYPE: Integer
SIZE WORK_LIST: 36
SIZE generated: 2
EVALUABLE#: 0

-------------------------

----------------
TTYPES
Integer
Integer

PROGS

LOCAL_COUNT: 32
GLOBAL_COUNT: 32

BASE_AFTER:
(begin
  (send
    (lvar :arg0) :count=
    (int 1))
  (int 2))
BASETYPE: Integer
SIZE WORK_LIST: 37
SIZE generated: 2
EVALUABLE#: 0

-------------------------

----------------
TTYPES
String
String

PROGS

LOCAL_COUNT: 33
GLOBAL_COUNT: 33

BASE_AFTER:
(begin
  (send
    (lvar :arg0) :count=
    (int 0))
  (str ""))
BASETYPE: String
SIZE WORK_LIST: 38
SIZE generated: 2
EVALUABLE#: 0

-------------------------

----------------
TTYPES
String
String

PROGS

LOCAL_COUNT: 34
GLOBAL_COUNT: 34

BASE_AFTER:
(begin
  (send
    (lvar :arg0) :count=
    (int 1))
  (str ""))
BASETYPE: String
SIZE WORK_LIST: 39
SIZE generated: 2
EVALUABLE#: 0

-------------------------

----------------
TTYPES
Integer
Integer
Integer
Integer
Integer
Integer
Integer
Integer
%bot

PROGS

LOCAL_COUNT: 35
GLOBAL_COUNT: 35

BASE_AFTER:
(filled-hole
  (begin
    (send
      (send
        (hole 0 {:hash_depth=>0, :limit_depth=>true, :recv=>true}) :id=
        (hole 0 {:hash_depth=>0, :method_arg=>true})) :-
      (hole 0 {:hash_depth=>0, :method_arg=>true})))
  (begin
    (send
      (send
        (hole 0 {:hash_depth=>0, :limit_depth=>true, :recv=>true}) :id=
        (hole 0 {:hash_depth=>0, :method_arg=>true})) :-
      (hole 0 {:hash_depth=>0, :method_arg=>true})))
  (begin
    (send
      (send
        (hole 0 {:hash_depth=>0, :limit_depth=>true, :recv=>true}) :id=
        (hole 0 {:hash_depth=>0, :method_arg=>true})) :count))
  (begin
    (send
      (send
        (hole 0 {:hash_depth=>0, :limit_depth=>true, :recv=>true}) :id) :-
      (hole 0 {:hash_depth=>0, :method_arg=>true})))
  (begin
    (send
      (send
        (hole 0 {:hash_depth=>0, :limit_depth=>true, :recv=>true}) :id) :-
      (hole 0 {:hash_depth=>0, :method_arg=>true})))
  (begin
    (send
      (send
        (hole 0 {:hash_depth=>0, :limit_depth=>true, :recv=>true}) :id) :count))
  (begin
    (send
      (send
        (hole 0 {:hash_depth=>0, :limit_depth=>true, :recv=>true}) :token=
        (hole 0 {:hash_depth=>0, :method_arg=>true})) :count))
  (begin
    (send
      (send
        (hole 0 {:hash_depth=>0, :limit_depth=>true, :recv=>true}) :token=
        (hole 0 {:hash_depth=>0, :method_arg=>true})) :-
      (hole 0 {:hash_depth=>0, :method_arg=>true})))
  (begin
    (send
      (send
        (hole 0 {:hash_depth=>0, :limit_depth=>true, :recv=>true}) :token) :count))
  (begin
    (send
      (send
        (hole 0 {:hash_depth=>0, :limit_depth=>true, :recv=>true}) :token) :-
      (hole 0 {:hash_depth=>0, :method_arg=>true})))
  (begin
    (send
      (send
        (hole 0 {:hash_depth=>0, :limit_depth=>true, :recv=>true}) :diaspora_user_id=
        (hole 0 {:hash_depth=>0, :method_arg=>true})) :-
      (hole 0 {:hash_depth=>0, :method_arg=>true})))
  (begin
    (send
      (send
        (hole 0 {:hash_depth=>0, :limit_depth=>true, :recv=>true}) :diaspora_user_id=
        (hole 0 {:hash_depth=>0, :method_arg=>true})) :-
      (hole 0 {:hash_depth=>0, :method_arg=>true})))
  (begin
    (send
      (send
        (hole 0 {:hash_depth=>0, :limit_depth=>true, :recv=>true}) :diaspora_user_id=
        (hole 0 {:hash_depth=>0, :method_arg=>true})) :count))
  (begin
    (send
      (send
        (hole 0 {:hash_depth=>0, :limit_depth=>true, :recv=>true}) :diaspora_user_id) :-
      (hole 0 {:hash_depth=>0, :method_arg=>true})))
  (begin
    (send
      (send
        (hole 0 {:hash_depth=>0, :limit_depth=>true, :recv=>true}) :diaspora_user_id) :-
      (hole 0 {:hash_depth=>0, :method_arg=>true})))
  (begin
    (send
      (send
        (hole 0 {:hash_depth=>0, :limit_depth=>true, :recv=>true}) :diaspora_user_id) :count))
  (begin
    (send
      (send
        (hole 0 {:hash_depth=>0, :limit_depth=>true, :recv=>true}) :count=
        (hole 0 {:hash_depth=>0, :method_arg=>true})) :-
      (hole 0 {:hash_depth=>0, :method_arg=>true})))
  (begin
    (send
      (send
        (hole 0 {:hash_depth=>0, :limit_depth=>true, :recv=>true}) :count=
        (hole 0 {:hash_depth=>0, :method_arg=>true})) :-
      (hole 0 {:hash_depth=>0, :method_arg=>true})))
  (begin
    (send
      (send
        (hole 0 {:hash_depth=>0, :limit_depth=>true, :recv=>true}) :count=
        (hole 0 {:hash_depth=>0, :method_arg=>true})) :count))
  (begin
    (send
      (begin
        (send
          (hole 0 {:hash_depth=>0, :limit_depth=>true, :recv=>true}) :count)) :-
      (hole 0 {:hash_depth=>0, :method_arg=>true})))
  (begin
    (send
      (begin
        (send
          (hole 0 {:hash_depth=>0, :limit_depth=>true, :recv=>true}) :count)) :-
      (hole 0 {:hash_depth=>0, :method_arg=>true})))
  (begin
    (send
      (begin
        (send
          (hole 0 {:hash_depth=>0, :limit_depth=>true, :recv=>true}) :count)) :count))
  (begin
    (send
      (send
        (hole 0 {:hash_depth=>0, :limit_depth=>true, :recv=>true}) :diaspora_user) :count))
  (begin
    (send
      (send
        (hole 0 {:hash_depth=>0, :limit_depth=>true, :recv=>true}) :diaspora_user) :-
      (hole 0 {:hash_depth=>0, :method_arg=>true})))
  (begin
    (send
      (send
        (hole 0 {:hash_depth=>0, :limit_depth=>true, :recv=>true}) :diaspora_user=
        (hole 0 {:hash_depth=>0, :method_arg=>true})) :count))
  (begin
    (send
      (send
        (hole 0 {:hash_depth=>0, :limit_depth=>true, :recv=>true}) :diaspora_user=
        (hole 0 {:hash_depth=>0, :method_arg=>true})) :-
      (hole 0 {:hash_depth=>0, :method_arg=>true})))
  (begin
    (send
      (begin
        (send
          (hole 0 {:hash_depth=>0, :limit_depth=>true, :recv=>true}) :-
          (hole 0 {:hash_depth=>0, :method_arg=>true}))) :-
      (hole 0 {:hash_depth=>0, :method_arg=>true})))
  (begin
    (send
      (begin
        (send
          (hole 0 {:hash_depth=>0, :limit_depth=>true, :recv=>true}) :-
          (hole 0 {:hash_depth=>0, :method_arg=>true}))) :-
      (hole 0 {:hash_depth=>0, :method_arg=>true})))
  (begin
    (send
      (begin
        (send
          (hole 0 {:hash_depth=>0, :limit_depth=>true, :recv=>true}) :save)) :count))
  (begin
    (send
      (begin
        (send
          (hole 0 {:hash_depth=>0, :limit_depth=>true, :recv=>true}) :save)) :-
      (hole 0 {:hash_depth=>0, :method_arg=>true})))
  (begin
    (send
      (begin
        (send
          (hole 0 {:hash_depth=>0, :limit_depth=>true, :recv=>true}) :count)) :-
      (hole 0 {:hash_depth=>0, :method_arg=>true})))
  (begin
    (send
      (begin
        (send
          (hole 0 {:hash_depth=>0, :limit_depth=>true, :recv=>true}) :count)) :-
      (hole 0 {:hash_depth=>0, :method_arg=>true})))
  (begin
    (send
      (begin
        (send
          (hole 0 {:hash_depth=>0, :limit_depth=>true, :recv=>true}) :-
          (hole 0 {:hash_depth=>0, :method_arg=>true}))) :-
      (hole 0 {:hash_depth=>0, :method_arg=>true})))
  (begin
    (send
      (begin
        (send
          (hole 0 {:hash_depth=>0, :limit_depth=>true, :recv=>true}) :-
          (hole 0 {:hash_depth=>0, :method_arg=>true}))) :-
      (hole 0 {:hash_depth=>0, :method_arg=>true})))
  (begin
    (send
      (begin
        (send
          (hole 0 {:hash_depth=>0, :limit_depth=>true, :recv=>true}) :save)) :count))
  (begin
    (send
      (begin
        (send
          (hole 0 {:hash_depth=>0, :limit_depth=>true, :recv=>true}) :save)) :-
      (hole 0 {:hash_depth=>0, :method_arg=>true})))
  (hole 3 {:hash_depth=>0, :method_arg=>false, :variance=>:-}) {:method_arg=>false})
BASETYPE: %bot
SIZE WORK_LIST: 40
SIZE generated: 9
EVALUABLE#: 0

-------------------------

----------------
TTYPES
Integer
Integer
Integer
Integer
Integer
Integer
Integer
Integer
Integer
Integer
Integer
Integer
Integer
Integer
Integer
Integer
Integer
Integer
Integer
Integer
Integer
Integer
Integer
Integer
Integer
Integer
Integer
Integer
Integer
Integer
Integer
Integer
Integer
Integer
Integer
Integer

PROGS

LOCAL_COUNT: 36
GLOBAL_COUNT: 36

BASE_AFTER:
(begin
  (send
    (begin
      (send
        (filled-hole
          (lvar InvitationCode(id: integer, token: string, diaspora_user_id: integer, count: integer)) {:method_arg=>false}) :-
        (filled-hole
          (lvar :arg0)
          (lvar InvitationCode(id: integer, token: string, diaspora_user_id: integer, count: integer))
          (true)
          (false)
          (int 0)
          (int 1)
          (int 2)
          (str "")
          (hole 1 {:hash_depth=>0, :method_arg=>true, :variance=>:+}) {:method_arg=>true}))) :-
    (filled-hole
      (int 0)
      (int 1)
      (int 2)
      (hole 1 {:hash_depth=>0, :method_arg=>true, :variance=>:+}) {:method_arg=>true})))
BASETYPE: Integer
SIZE WORK_LIST: 48
SIZE generated: 36
EVALUABLE#: 24

-------------------------

----------------
TTYPES
Integer
Integer
Integer
Integer

PROGS

LOCAL_COUNT: 37
GLOBAL_COUNT: 37

BASE_AFTER:
(begin
  (send
    (begin
      (send
        (filled-hole
          (lvar InvitationCode(id: integer, token: string, diaspora_user_id: integer, count: integer)) {:method_arg=>false}) :count)) :-
    (filled-hole
      (int 0)
      (int 1)
      (int 2)
      (hole 1 {:hash_depth=>0, :method_arg=>true, :variance=>:+}) {:method_arg=>true})))
BASETYPE: Integer
SIZE WORK_LIST: 59
SIZE generated: 4
EVALUABLE#: 3

-------------------------

----------------
TTYPES
true or false
true or false
true or false
true or false
true or false
true or false
true or false
true or false
true or false
true or false
true or false

PROGS

LOCAL_COUNT: 38
GLOBAL_COUNT: 38

BASE_AFTER:
(begin
  (send
    (lvar :arg0) :count=
    (hole 1 {:hash_depth=>0, :method_arg=>true, :variance=>:+}))
  (true))
BASETYPE: true or false
SIZE WORK_LIST: 62
SIZE generated: 11
EVALUABLE#: 0

-------------------------

----------------
TTYPES
Integer
Integer

PROGS

LOCAL_COUNT: 39
GLOBAL_COUNT: 39

BASE_AFTER:
(begin
  (send
    (begin
      (send
        (lvar InvitationCode(id: integer, token: string, diaspora_user_id: integer, count: integer)) :count)) :-
    (int 0)))
BASETYPE: Integer
SIZE WORK_LIST: 72
SIZE generated: 2
EVALUABLE#: 0

-------------------------

----------------
TTYPES
Integer
Integer

PROGS

LOCAL_COUNT: 40
GLOBAL_COUNT: 40

BASE_AFTER:
(begin
  (send
    (begin
      (send
        (lvar InvitationCode(id: integer, token: string, diaspora_user_id: integer, count: integer)) :count)) :-
    (int 1)))
BASETYPE: Integer
SIZE WORK_LIST: 73
SIZE generated: 2
EVALUABLE#: 0

-------------------------

----------------
TTYPES
Integer
Integer

PROGS

LOCAL_COUNT: 41
GLOBAL_COUNT: 41

BASE_AFTER:
(begin
  (send
    (begin
      (send
        (lvar InvitationCode(id: integer, token: string, diaspora_user_id: integer, count: integer)) :count)) :-
    (int 2)))
BASETYPE: Integer
SIZE WORK_LIST: 74
SIZE generated: 2
EVALUABLE#: 0

-------------------------

----------------
TTYPES
true or false
true or false
true or false
true or false
true or false
true or false
true or false
true or false
true or false
true or false

PROGS

LOCAL_COUNT: 42
GLOBAL_COUNT: 42

BASE_AFTER:
(begin
  (send
    (lvar :arg0) :count=
    (begin
      (send
        (hole 0 {:hash_depth=>0, :limit_depth=>true, :recv=>true}) :-
        (hole 0 {:hash_depth=>0, :method_arg=>true}))))
  (true))
BASETYPE: true or false
SIZE WORK_LIST: 75
SIZE generated: 10
EVALUABLE#: 9

-------------------------

----------------
TTYPES
true or false

PROGS

LOCAL_COUNT: 43
GLOBAL_COUNT: 43

BASE_AFTER:
(begin
  (send
    (lvar :arg0) :count=
    (begin
      (send
        (hole 0 {:hash_depth=>0, :limit_depth=>true, :recv=>true}) :count)))
  (true))
BASETYPE: true or false
SIZE WORK_LIST: 75
SIZE generated: 1
EVALUABLE#: 1

-------------------------

----------------
TTYPES
true or false
true or false
true or false
true or false
true or false
true or false

PROGS

LOCAL_COUNT: 44
GLOBAL_COUNT: 44

BASE_AFTER:
(begin
  (send
    (lvar :arg0) :diaspora_user=
    (hole 1 {:hash_depth=>0, :method_arg=>true, :variance=>:+}))
  (true))
BASETYPE: true or false
SIZE WORK_LIST: 75
SIZE generated: 6
EVALUABLE#: 0

-------------------------

----------------
TTYPES
true or false
true or false

PROGS

LOCAL_COUNT: 45
GLOBAL_COUNT: 45

BASE_AFTER:
(begin
  (send
    (lvar :arg0) :count=
    (begin
      (send
        (lvar InvitationCode(id: integer, token: string, diaspora_user_id: integer, count: integer)) :count)))
  (true))
BASETYPE: true or false
SIZE WORK_LIST: 80
SIZE generated: 2
EVALUABLE#: 0

-------------------------

----------------
TTYPES
true or false

PROGS

LOCAL_COUNT: 46
GLOBAL_COUNT: 46

BASE_AFTER:
(begin
  (send
    (lvar :arg0) :diaspora_user=
    (begin
      (send
        (hole 0 {:hash_depth=>0, :limit_depth=>true, :recv=>true}) :count)))
  (true))
BASETYPE: true or false
SIZE WORK_LIST: 81
SIZE generated: 1
EVALUABLE#: 1

-------------------------

----------------
TTYPES
true or false
true or false
true or false
true or false
true or false
true or false
true or false
true or false
true or false
true or false
true or false

PROGS

LOCAL_COUNT: 47
GLOBAL_COUNT: 47

BASE_AFTER:
(begin
  (send
    (lvar :arg0) :count=
    (hole 1 {:hash_depth=>0, :method_arg=>true, :variance=>:+}))
  (false))
BASETYPE: true or false
SIZE WORK_LIST: 80
SIZE generated: 11
EVALUABLE#: 0

-------------------------

----------------
TTYPES
true or false

PROGS

LOCAL_COUNT: 48
GLOBAL_COUNT: 48

BASE_AFTER:
(begin
  (send
    (lvar :arg0) :count=
    (begin
      (send
        (hole 0 {:hash_depth=>0, :limit_depth=>true, :recv=>true}) :count)))
  (false))
BASETYPE: true or false
SIZE WORK_LIST: 90
SIZE generated: 1
EVALUABLE#: 1

-------------------------

----------------
TTYPES
true or false
true or false
true or false
true or false
true or false
true or false

PROGS

LOCAL_COUNT: 49
GLOBAL_COUNT: 49

BASE_AFTER:
(begin
  (send
    (lvar :arg0) :diaspora_user=
    (hole 1 {:hash_depth=>0, :method_arg=>true, :variance=>:+}))
  (false))
BASETYPE: true or false
SIZE WORK_LIST: 90
SIZE generated: 6
EVALUABLE#: 0

-------------------------

----------------
TTYPES
true or false
true or false

PROGS

LOCAL_COUNT: 50
GLOBAL_COUNT: 50

BASE_AFTER:
(begin
  (send
    (lvar :arg0) :count=
    (begin
      (send
        (lvar InvitationCode(id: integer, token: string, diaspora_user_id: integer, count: integer)) :count)))
  (false))
BASETYPE: true or false
SIZE WORK_LIST: 95
SIZE generated: 2
EVALUABLE#: 0

-------------------------

----------------
TTYPES
true or false

PROGS

LOCAL_COUNT: 51
GLOBAL_COUNT: 51

BASE_AFTER:
(begin
  (send
    (lvar :arg0) :diaspora_user=
    (begin
      (send
        (hole 0 {:hash_depth=>0, :limit_depth=>true, :recv=>true}) :count)))
  (false))
BASETYPE: true or false
SIZE WORK_LIST: 96
SIZE generated: 1
EVALUABLE#: 1

-------------------------

----------------
TTYPES
Integer
Integer
Integer
Integer
Integer
Integer
Integer
Integer
Integer
Integer
Integer

PROGS

LOCAL_COUNT: 52
GLOBAL_COUNT: 52

BASE_AFTER:
(begin
  (send
    (lvar :arg0) :count=
    (hole 1 {:hash_depth=>0, :method_arg=>true, :variance=>:+}))
  (int 0))
BASETYPE: Integer
SIZE WORK_LIST: 95
SIZE generated: 11
EVALUABLE#: 0

-------------------------

----------------
TTYPES
Integer

PROGS

LOCAL_COUNT: 53
GLOBAL_COUNT: 53

BASE_AFTER:
(begin
  (send
    (lvar :arg0) :count=
    (begin
      (send
        (hole 0 {:hash_depth=>0, :limit_depth=>true, :recv=>true}) :count)))
  (int 0))
BASETYPE: Integer
SIZE WORK_LIST: 105
SIZE generated: 1
EVALUABLE#: 1

-------------------------

----------------
TTYPES
Integer
Integer
Integer
Integer
Integer
Integer

PROGS

LOCAL_COUNT: 54
GLOBAL_COUNT: 54

BASE_AFTER:
(begin
  (send
    (lvar :arg0) :diaspora_user=
    (hole 1 {:hash_depth=>0, :method_arg=>true, :variance=>:+}))
  (int 0))
BASETYPE: Integer
SIZE WORK_LIST: 105
SIZE generated: 6
EVALUABLE#: 0

-------------------------

----------------
TTYPES
Integer
Integer

PROGS

LOCAL_COUNT: 55
GLOBAL_COUNT: 55

BASE_AFTER:
(begin
  (send
    (lvar :arg0) :count=
    (begin
      (send
        (lvar InvitationCode(id: integer, token: string, diaspora_user_id: integer, count: integer)) :count)))
  (int 0))
BASETYPE: Integer
SIZE WORK_LIST: 110
SIZE generated: 2
EVALUABLE#: 0

-------------------------

----------------
TTYPES
Integer

PROGS

LOCAL_COUNT: 56
GLOBAL_COUNT: 56

BASE_AFTER:
(begin
  (send
    (lvar :arg0) :diaspora_user=
    (begin
      (send
        (hole 0 {:hash_depth=>0, :limit_depth=>true, :recv=>true}) :count)))
  (int 0))
BASETYPE: Integer
SIZE WORK_LIST: 111
SIZE generated: 1
EVALUABLE#: 1

-------------------------

----------------
TTYPES
Integer
Integer
Integer
Integer
Integer
Integer
Integer
Integer
Integer
Integer
Integer

PROGS

LOCAL_COUNT: 57
GLOBAL_COUNT: 57

BASE_AFTER:
(begin
  (send
    (lvar :arg0) :count=
    (hole 1 {:hash_depth=>0, :method_arg=>true, :variance=>:+}))
  (int 1))
BASETYPE: Integer
SIZE WORK_LIST: 110
SIZE generated: 11
EVALUABLE#: 0

-------------------------

----------------
TTYPES
Integer

PROGS

LOCAL_COUNT: 58
GLOBAL_COUNT: 58

BASE_AFTER:
(begin
  (send
    (lvar :arg0) :count=
    (begin
      (send
        (hole 0 {:hash_depth=>0, :limit_depth=>true, :recv=>true}) :count)))
  (int 1))
BASETYPE: Integer
SIZE WORK_LIST: 120
SIZE generated: 1
EVALUABLE#: 1

-------------------------

----------------
TTYPES
Integer
Integer
Integer
Integer
Integer
Integer

PROGS

LOCAL_COUNT: 59
GLOBAL_COUNT: 59

BASE_AFTER:
(begin
  (send
    (lvar :arg0) :diaspora_user=
    (hole 1 {:hash_depth=>0, :method_arg=>true, :variance=>:+}))
  (int 1))
BASETYPE: Integer
SIZE WORK_LIST: 120
SIZE generated: 6
EVALUABLE#: 0

-------------------------

----------------
TTYPES
Integer
Integer

PROGS

LOCAL_COUNT: 60
GLOBAL_COUNT: 60

BASE_AFTER:
(begin
  (send
    (lvar :arg0) :count=
    (begin
      (send
        (lvar InvitationCode(id: integer, token: string, diaspora_user_id: integer, count: integer)) :count)))
  (int 1))
BASETYPE: Integer
SIZE WORK_LIST: 125
SIZE generated: 2
EVALUABLE#: 0

-------------------------

----------------
TTYPES
true or false
true or false
Integer
Integer
Integer
String
%bot

PROGS

LOCAL_COUNT: 1
GLOBAL_COUNT: 61

BASE_AFTER:
(filled-hole
  (true)
  (false)
  (int 0)
  (int 1)
  (int 2)
  (str "")
  (hole 1 {:hash_depth=>0, :method_arg=>false, :variance=>:-}) {:method_arg=>false})
BASETYPE: %bot
SIZE WORK_LIST: 0
SIZE generated: 7
EVALUABLE#: 6

-------------------------

----------------
TTYPES
true or false
true or false

PROGS

LOCAL_COUNT: 2
GLOBAL_COUNT: 62

BASE_AFTER:
(true)
BASETYPE: true or false
SIZE WORK_LIST: 6
SIZE generated: 2
EVALUABLE#: 0

-------------------------

----------------
TTYPES
true or false
true or false

PROGS

LOCAL_COUNT: 3
GLOBAL_COUNT: 63

BASE_AFTER:
(false)
BASETYPE: true or false
SIZE WORK_LIST: 7
SIZE generated: 2
EVALUABLE#: 0

-------------------------

----------------
TTYPES
Integer
Integer

PROGS

LOCAL_COUNT: 4
GLOBAL_COUNT: 64

BASE_AFTER:
(int 0)
BASETYPE: Integer
SIZE WORK_LIST: 8
SIZE generated: 2
EVALUABLE#: 0

-------------------------

----------------
TTYPES
Integer
Integer

PROGS

LOCAL_COUNT: 5
GLOBAL_COUNT: 65

BASE_AFTER:
(int 1)
BASETYPE: Integer
SIZE WORK_LIST: 9
SIZE generated: 2
EVALUABLE#: 0

-------------------------

----------------
TTYPES
Integer
Integer

PROGS

LOCAL_COUNT: 6
GLOBAL_COUNT: 66

BASE_AFTER:
(int 2)
BASETYPE: Integer
SIZE WORK_LIST: 10
SIZE generated: 2
EVALUABLE#: 0

-------------------------

----------------
TTYPES
String
String

PROGS

LOCAL_COUNT: 7
GLOBAL_COUNT: 67

BASE_AFTER:
(str "")
BASETYPE: String
SIZE WORK_LIST: 11
SIZE generated: 2
EVALUABLE#: 0

-------------------------

----------------
TTYPES
%bot

PROGS

LOCAL_COUNT: 8
GLOBAL_COUNT: 68

BASE_AFTER:
(filled-hole
  (hole 2 {:hash_depth=>0, :method_arg=>false, :variance=>:-}) {:method_arg=>false})
BASETYPE: %bot
SIZE WORK_LIST: 12
SIZE generated: 1
EVALUABLE#: 0

-------------------------

----------------
TTYPES
true or false
true or false
true or false
true or false

PROGS

LOCAL_COUNT: 9
GLOBAL_COUNT: 69

BASE_AFTER:
(begin
  (send
    (hole 0 {:hash_depth=>0, :limit_depth=>true, :recv=>true}) :count=
    (hole 0 {:hash_depth=>0, :method_arg=>true}))
  (true))
BASETYPE: true or false
SIZE WORK_LIST: 12
SIZE generated: 4
EVALUABLE#: 3

-------------------------

----------------
TTYPES
true or false

PROGS

LOCAL_COUNT: 1
GLOBAL_COUNT: 70

BASE_AFTER:
(filled-hole
  (hole 1 {:hash_depth=>0, :method_arg=>false, :variance=>:+}) {:method_arg=>false})
BASETYPE: true or false
SIZE WORK_LIST: 0
SIZE generated: 1
EVALUABLE#: 0

-------------------------

----------------
TTYPES
true or false
true or false

PROGS

LOCAL_COUNT: 2
GLOBAL_COUNT: 71

BASE_AFTER:
(filled-hole
  (begin
    (send
      (hole 0 {:hash_depth=>0, :limit_depth=>true, :recv=>true}) :-
      (hole 0 {:hash_depth=>0, :method_arg=>true})))
  (begin
    (send
      (hole 0 {:hash_depth=>0, :limit_depth=>true, :recv=>true}) :save))
  (begin
    (send
      (hole 0 {:hash_depth=>0, :limit_depth=>true, :recv=>true}) :count))
  (begin
    (send
      (hole 0 {:hash_depth=>0, :limit_depth=>true, :recv=>true}) :-
      (hole 0 {:hash_depth=>0, :method_arg=>true})))
  (begin
    (send
      (hole 0 {:hash_depth=>0, :limit_depth=>true, :recv=>true}) :save))
  (hole 2 {:hash_depth=>0, :method_arg=>false, :variance=>:+}) {:method_arg=>false})
BASETYPE: true or false
SIZE WORK_LIST: 0
SIZE generated: 2
EVALUABLE#: 0

-------------------------

----------------
TTYPES
true or false
true or false
Integer
Integer
Integer
String
%bot

PROGS

LOCAL_COUNT: 1
GLOBAL_COUNT: 1

BASE_AFTER:
(filled-hole
  (true)
  (false)
  (int 0)
  (int 1)
  (int 2)
  (str "")
  (hole 1 {:hash_depth=>0, :method_arg=>false, :variance=>:-}) {:method_arg=>false})
BASETYPE: %bot
SIZE WORK_LIST: 0
SIZE generated: 7
EVALUABLE#: 6

-------------------------

----------------
TTYPES
true or false
true or false

PROGS

LOCAL_COUNT: 2
GLOBAL_COUNT: 2

BASE_AFTER:
(true)
BASETYPE: true or false
SIZE WORK_LIST: 6
SIZE generated: 2
EVALUABLE#: 0

-------------------------

----------------
TTYPES
true or false
true or false

PROGS

LOCAL_COUNT: 3
GLOBAL_COUNT: 3

BASE_AFTER:
(false)
BASETYPE: true or false
SIZE WORK_LIST: 7
SIZE generated: 2
EVALUABLE#: 0

-------------------------

----------------
TTYPES
Integer
Integer

PROGS

LOCAL_COUNT: 4
GLOBAL_COUNT: 4

BASE_AFTER:
(int 0)
BASETYPE: Integer
SIZE WORK_LIST: 8
SIZE generated: 2
EVALUABLE#: 0

-------------------------

----------------
TTYPES
Integer
Integer

PROGS

LOCAL_COUNT: 5
GLOBAL_COUNT: 5

BASE_AFTER:
(int 1)
BASETYPE: Integer
SIZE WORK_LIST: 9
SIZE generated: 2
EVALUABLE#: 0

-------------------------

----------------
TTYPES
Integer
Integer

PROGS

LOCAL_COUNT: 6
GLOBAL_COUNT: 6

BASE_AFTER:
(int 2)
BASETYPE: Integer
SIZE WORK_LIST: 10
SIZE generated: 2
EVALUABLE#: 0

-------------------------

----------------
TTYPES
String
String

PROGS

LOCAL_COUNT: 7
GLOBAL_COUNT: 7

BASE_AFTER:
(str "")
BASETYPE: String
SIZE WORK_LIST: 11
SIZE generated: 2
EVALUABLE#: 0

-------------------------

----------------
TTYPES
%bot

PROGS

LOCAL_COUNT: 8
GLOBAL_COUNT: 8

BASE_AFTER:
(filled-hole
  (begin
    (send
      (hole 0 {:hash_depth=>0, :limit_depth=>true, :recv=>true}) :-
      (hole 0 {:hash_depth=>0, :method_arg=>true})))
  (begin
    (send
      (hole 0 {:hash_depth=>0, :limit_depth=>true, :recv=>true}) :count))
  (begin
    (send
      (hole 0 {:hash_depth=>0, :limit_depth=>true, :recv=>true}) :-
      (hole 0 {:hash_depth=>0, :method_arg=>true})))
  (hole 2 {:hash_depth=>0, :method_arg=>false, :variance=>:-}) {:method_arg=>false})
BASETYPE: %bot
SIZE WORK_LIST: 12
SIZE generated: 1
EVALUABLE#: 0

-------------------------

----------------
TTYPES
true or false
true or false
true or false
true or false

PROGS

LOCAL_COUNT: 9
GLOBAL_COUNT: 9

BASE_AFTER:
(begin
  (send
    (hole 0 {:hash_depth=>0, :limit_depth=>true, :recv=>true}) :count=
    (hole 0 {:hash_depth=>0, :method_arg=>true}))
  (true))
BASETYPE: true or false
SIZE WORK_LIST: 12
SIZE generated: 4
EVALUABLE#: 3

-------------------------

----------------
TTYPES
true or false

PROGS

LOCAL_COUNT: 10
GLOBAL_COUNT: 10

BASE_AFTER:
(begin
  (send
    (hole 0 {:hash_depth=>0, :limit_depth=>true, :recv=>true}) :diaspora_user=
    (hole 0 {:hash_depth=>0, :method_arg=>true}))
  (true))
BASETYPE: true or false
SIZE WORK_LIST: 14
SIZE generated: 1
EVALUABLE#: 0

-------------------------

----------------
TTYPES
true or false
true or false
true or false
true or false

PROGS

LOCAL_COUNT: 11
GLOBAL_COUNT: 11

BASE_AFTER:
(begin
  (send
    (hole 0 {:hash_depth=>0, :limit_depth=>true, :recv=>true}) :count=
    (hole 0 {:hash_depth=>0, :method_arg=>true}))
  (false))
BASETYPE: true or false
SIZE WORK_LIST: 14
SIZE generated: 4
EVALUABLE#: 3

-------------------------

----------------
TTYPES
true or false

PROGS

LOCAL_COUNT: 12
GLOBAL_COUNT: 12

BASE_AFTER:
(begin
  (send
    (hole 0 {:hash_depth=>0, :limit_depth=>true, :recv=>true}) :diaspora_user=
    (hole 0 {:hash_depth=>0, :method_arg=>true}))
  (false))
BASETYPE: true or false
SIZE WORK_LIST: 16
SIZE generated: 1
EVALUABLE#: 0

-------------------------

----------------
TTYPES
Integer
Integer
Integer
Integer
Integer

PROGS

LOCAL_COUNT: 13
GLOBAL_COUNT: 13

BASE_AFTER:
(begin
  (send
    (hole 0 {:hash_depth=>0, :limit_depth=>true, :recv=>true}) :count=
    (hole 0 {:hash_depth=>0, :method_arg=>true}))
  (int 0))
BASETYPE: Integer
SIZE WORK_LIST: 16
SIZE generated: 5
EVALUABLE#: 4

-------------------------

----------------
TTYPES
Integer

PROGS

LOCAL_COUNT: 14
GLOBAL_COUNT: 14

BASE_AFTER:
(begin
  (send
    (hole 0 {:hash_depth=>0, :limit_depth=>true, :recv=>true}) :diaspora_user=
    (hole 0 {:hash_depth=>0, :method_arg=>true}))
  (int 0))
BASETYPE: Integer
SIZE WORK_LIST: 19
SIZE generated: 1
EVALUABLE#: 0

-------------------------

----------------
TTYPES
Integer
Integer
Integer
Integer
Integer

PROGS

LOCAL_COUNT: 15
GLOBAL_COUNT: 15

BASE_AFTER:
(begin
  (send
    (hole 0 {:hash_depth=>0, :limit_depth=>true, :recv=>true}) :count=
    (hole 0 {:hash_depth=>0, :method_arg=>true}))
  (int 1))
BASETYPE: Integer
SIZE WORK_LIST: 19
SIZE generated: 5
EVALUABLE#: 4

-------------------------

----------------
TTYPES
Integer

PROGS

LOCAL_COUNT: 16
GLOBAL_COUNT: 16

BASE_AFTER:
(begin
  (send
    (hole 0 {:hash_depth=>0, :limit_depth=>true, :recv=>true}) :diaspora_user=
    (hole 0 {:hash_depth=>0, :method_arg=>true}))
  (int 1))
BASETYPE: Integer
SIZE WORK_LIST: 22
SIZE generated: 1
EVALUABLE#: 0

-------------------------

----------------
TTYPES
Integer
Integer
Integer
Integer
Integer

PROGS

LOCAL_COUNT: 17
GLOBAL_COUNT: 17

BASE_AFTER:
(begin
  (send
    (hole 0 {:hash_depth=>0, :limit_depth=>true, :recv=>true}) :count=
    (hole 0 {:hash_depth=>0, :method_arg=>true}))
  (int 2))
BASETYPE: Integer
SIZE WORK_LIST: 22
SIZE generated: 5
EVALUABLE#: 4

-------------------------

----------------
TTYPES
Integer

PROGS

LOCAL_COUNT: 18
GLOBAL_COUNT: 18

BASE_AFTER:
(begin
  (send
    (hole 0 {:hash_depth=>0, :limit_depth=>true, :recv=>true}) :diaspora_user=
    (hole 0 {:hash_depth=>0, :method_arg=>true}))
  (int 2))
BASETYPE: Integer
SIZE WORK_LIST: 24
SIZE generated: 1
EVALUABLE#: 0

-------------------------

----------------
TTYPES
String
String
String
String

PROGS

LOCAL_COUNT: 19
GLOBAL_COUNT: 19

BASE_AFTER:
(begin
  (send
    (hole 0 {:hash_depth=>0, :limit_depth=>true, :recv=>true}) :count=
    (hole 0 {:hash_depth=>0, :method_arg=>true}))
  (str ""))
BASETYPE: String
SIZE WORK_LIST: 24
SIZE generated: 4
EVALUABLE#: 3

-------------------------

----------------
TTYPES
String

PROGS

LOCAL_COUNT: 20
GLOBAL_COUNT: 20

BASE_AFTER:
(begin
  (send
    (hole 0 {:hash_depth=>0, :limit_depth=>true, :recv=>true}) :diaspora_user=
    (hole 0 {:hash_depth=>0, :method_arg=>true}))
  (str ""))
BASETYPE: String
SIZE WORK_LIST: 26
SIZE generated: 1
EVALUABLE#: 0

-------------------------

----------------
TTYPES
true or false
true or false

PROGS

LOCAL_COUNT: 21
GLOBAL_COUNT: 21

BASE_AFTER:
(begin
  (send
    (lvar :arg0) :count=
    (int 0))
  (true))
BASETYPE: true or false
SIZE WORK_LIST: 26
SIZE generated: 2
EVALUABLE#: 0

-------------------------

----------------
TTYPES
true or false
true or false

PROGS

LOCAL_COUNT: 22
GLOBAL_COUNT: 22

BASE_AFTER:
(begin
  (send
    (lvar :arg0) :count=
    (int 1))
  (true))
BASETYPE: true or false
SIZE WORK_LIST: 27
SIZE generated: 2
EVALUABLE#: 0

-------------------------

----------------
TTYPES
true or false
true or false

PROGS

LOCAL_COUNT: 23
GLOBAL_COUNT: 23

BASE_AFTER:
(begin
  (send
    (lvar :arg0) :count=
    (int 0))
  (false))
BASETYPE: true or false
SIZE WORK_LIST: 28
SIZE generated: 2
EVALUABLE#: 0

-------------------------

----------------
TTYPES
true or false
true or false

PROGS

LOCAL_COUNT: 24
GLOBAL_COUNT: 24

BASE_AFTER:
(begin
  (send
    (lvar :arg0) :count=
    (int 1))
  (false))
BASETYPE: true or false
SIZE WORK_LIST: 29
SIZE generated: 2
EVALUABLE#: 0

-------------------------

----------------
TTYPES
Integer
Integer

PROGS

LOCAL_COUNT: 25
GLOBAL_COUNT: 25

BASE_AFTER:
(begin
  (send
    (lvar :arg0) :count=
    (int 0))
  (int 0))
BASETYPE: Integer
SIZE WORK_LIST: 30
SIZE generated: 2
EVALUABLE#: 0

-------------------------

----------------
TTYPES
Integer
Integer

PROGS

LOCAL_COUNT: 26
GLOBAL_COUNT: 26

BASE_AFTER:
(begin
  (send
    (lvar :arg0) :count=
    (int 1))
  (int 0))
BASETYPE: Integer
SIZE WORK_LIST: 31
SIZE generated: 2
EVALUABLE#: 0

-------------------------

----------------
TTYPES
Integer
Integer

PROGS

LOCAL_COUNT: 27
GLOBAL_COUNT: 27

BASE_AFTER:
(begin
  (lvasgn :t0
    (int 0))
  (send
    (lvar :arg0) :count=
    (lvar :t0))
  (lvar :t0))
BASETYPE: Integer
SIZE WORK_LIST: 32
SIZE generated: 2
EVALUABLE#: 0

-------------------------

----------------
TTYPES
Integer
Integer

PROGS

LOCAL_COUNT: 28
GLOBAL_COUNT: 28

BASE_AFTER:
(begin
  (send
    (lvar :arg0) :count=
    (int 0))
  (int 1))
BASETYPE: Integer
SIZE WORK_LIST: 33
SIZE generated: 2
EVALUABLE#: 0

-------------------------

----------------
TTYPES
Integer
Integer

PROGS

LOCAL_COUNT: 29
GLOBAL_COUNT: 29

BASE_AFTER:
(begin
  (send
    (lvar :arg0) :count=
    (int 1))
  (int 1))
BASETYPE: Integer
SIZE WORK_LIST: 34
SIZE generated: 2
EVALUABLE#: 0

-------------------------

----------------
TTYPES
Integer
Integer

PROGS

LOCAL_COUNT: 30
GLOBAL_COUNT: 30

BASE_AFTER:
(begin
  (lvasgn :t0
    (int 1))
  (send
    (lvar :arg0) :count=
    (lvar :t0))
  (lvar :t0))
BASETYPE: Integer
SIZE WORK_LIST: 35
SIZE generated: 2
EVALUABLE#: 0

-------------------------

----------------
TTYPES
Integer
Integer

PROGS

LOCAL_COUNT: 31
GLOBAL_COUNT: 31

BASE_AFTER:
(begin
  (send
    (lvar :arg0) :count=
    (int 0))
  (int 2))
BASETYPE: Integer
SIZE WORK_LIST: 36
SIZE generated: 2
EVALUABLE#: 0

-------------------------

----------------
TTYPES
Integer
Integer

PROGS

LOCAL_COUNT: 32
GLOBAL_COUNT: 32

BASE_AFTER:
(begin
  (send
    (lvar :arg0) :count=
    (int 1))
  (int 2))
BASETYPE: Integer
SIZE WORK_LIST: 37
SIZE generated: 2
EVALUABLE#: 0

-------------------------

----------------
TTYPES
String
String

PROGS

LOCAL_COUNT: 33
GLOBAL_COUNT: 33

BASE_AFTER:
(begin
  (send
    (lvar :arg0) :count=
    (int 0))
  (str ""))
BASETYPE: String
SIZE WORK_LIST: 38
SIZE generated: 2
EVALUABLE#: 0

-------------------------

----------------
TTYPES
String
String

PROGS

LOCAL_COUNT: 34
GLOBAL_COUNT: 34

BASE_AFTER:
(begin
  (send
    (lvar :arg0) :count=
    (int 1))
  (str ""))
BASETYPE: String
SIZE WORK_LIST: 39
SIZE generated: 2
EVALUABLE#: 0

-------------------------

----------------
TTYPES
Integer
Integer
Integer
Integer
Integer
Integer
Integer
Integer
%bot

PROGS

LOCAL_COUNT: 35
GLOBAL_COUNT: 35

BASE_AFTER:
(filled-hole
  (begin
    (send
      (send
        (hole 0 {:hash_depth=>0, :limit_depth=>true, :recv=>true}) :id=
        (hole 0 {:hash_depth=>0, :method_arg=>true})) :-
      (hole 0 {:hash_depth=>0, :method_arg=>true})))
  (begin
    (send
      (send
        (hole 0 {:hash_depth=>0, :limit_depth=>true, :recv=>true}) :id=
        (hole 0 {:hash_depth=>0, :method_arg=>true})) :-
      (hole 0 {:hash_depth=>0, :method_arg=>true})))
  (begin
    (send
      (send
        (hole 0 {:hash_depth=>0, :limit_depth=>true, :recv=>true}) :id=
        (hole 0 {:hash_depth=>0, :method_arg=>true})) :count))
  (begin
    (send
      (send
        (hole 0 {:hash_depth=>0, :limit_depth=>true, :recv=>true}) :id) :-
      (hole 0 {:hash_depth=>0, :method_arg=>true})))
  (begin
    (send
      (send
        (hole 0 {:hash_depth=>0, :limit_depth=>true, :recv=>true}) :id) :-
      (hole 0 {:hash_depth=>0, :method_arg=>true})))
  (begin
    (send
      (send
        (hole 0 {:hash_depth=>0, :limit_depth=>true, :recv=>true}) :id) :count))
  (begin
    (send
      (send
        (hole 0 {:hash_depth=>0, :limit_depth=>true, :recv=>true}) :token=
        (hole 0 {:hash_depth=>0, :method_arg=>true})) :count))
  (begin
    (send
      (send
        (hole 0 {:hash_depth=>0, :limit_depth=>true, :recv=>true}) :token=
        (hole 0 {:hash_depth=>0, :method_arg=>true})) :-
      (hole 0 {:hash_depth=>0, :method_arg=>true})))
  (begin
    (send
      (send
        (hole 0 {:hash_depth=>0, :limit_depth=>true, :recv=>true}) :token) :count))
  (begin
    (send
      (send
        (hole 0 {:hash_depth=>0, :limit_depth=>true, :recv=>true}) :token) :-
      (hole 0 {:hash_depth=>0, :method_arg=>true})))
  (begin
    (send
      (send
        (hole 0 {:hash_depth=>0, :limit_depth=>true, :recv=>true}) :diaspora_user_id=
        (hole 0 {:hash_depth=>0, :method_arg=>true})) :-
      (hole 0 {:hash_depth=>0, :method_arg=>true})))
  (begin
    (send
      (send
        (hole 0 {:hash_depth=>0, :limit_depth=>true, :recv=>true}) :diaspora_user_id=
        (hole 0 {:hash_depth=>0, :method_arg=>true})) :-
      (hole 0 {:hash_depth=>0, :method_arg=>true})))
  (begin
    (send
      (send
        (hole 0 {:hash_depth=>0, :limit_depth=>true, :recv=>true}) :diaspora_user_id=
        (hole 0 {:hash_depth=>0, :method_arg=>true})) :count))
  (begin
    (send
      (send
        (hole 0 {:hash_depth=>0, :limit_depth=>true, :recv=>true}) :diaspora_user_id) :-
      (hole 0 {:hash_depth=>0, :method_arg=>true})))
  (begin
    (send
      (send
        (hole 0 {:hash_depth=>0, :limit_depth=>true, :recv=>true}) :diaspora_user_id) :-
      (hole 0 {:hash_depth=>0, :method_arg=>true})))
  (begin
    (send
      (send
        (hole 0 {:hash_depth=>0, :limit_depth=>true, :recv=>true}) :diaspora_user_id) :count))
  (begin
    (send
      (send
        (hole 0 {:hash_depth=>0, :limit_depth=>true, :recv=>true}) :count=
        (hole 0 {:hash_depth=>0, :method_arg=>true})) :-
      (hole 0 {:hash_depth=>0, :method_arg=>true})))
  (begin
    (send
      (send
        (hole 0 {:hash_depth=>0, :limit_depth=>true, :recv=>true}) :count=
        (hole 0 {:hash_depth=>0, :method_arg=>true})) :-
      (hole 0 {:hash_depth=>0, :method_arg=>true})))
  (begin
    (send
      (send
        (hole 0 {:hash_depth=>0, :limit_depth=>true, :recv=>true}) :count=
        (hole 0 {:hash_depth=>0, :method_arg=>true})) :count))
  (begin
    (send
      (begin
        (send
          (hole 0 {:hash_depth=>0, :limit_depth=>true, :recv=>true}) :count)) :-
      (hole 0 {:hash_depth=>0, :method_arg=>true})))
  (begin
    (send
      (begin
        (send
          (hole 0 {:hash_depth=>0, :limit_depth=>true, :recv=>true}) :count)) :-
      (hole 0 {:hash_depth=>0, :method_arg=>true})))
  (begin
    (send
      (begin
        (send
          (hole 0 {:hash_depth=>0, :limit_depth=>true, :recv=>true}) :count)) :count))
  (begin
    (send
      (send
        (hole 0 {:hash_depth=>0, :limit_depth=>true, :recv=>true}) :diaspora_user) :count))
  (begin
    (send
      (send
        (hole 0 {:hash_depth=>0, :limit_depth=>true, :recv=>true}) :diaspora_user) :-
      (hole 0 {:hash_depth=>0, :method_arg=>true})))
  (begin
    (send
      (send
        (hole 0 {:hash_depth=>0, :limit_depth=>true, :recv=>true}) :diaspora_user=
        (hole 0 {:hash_depth=>0, :method_arg=>true})) :count))
  (begin
    (send
      (send
        (hole 0 {:hash_depth=>0, :limit_depth=>true, :recv=>true}) :diaspora_user=
        (hole 0 {:hash_depth=>0, :method_arg=>true})) :-
      (hole 0 {:hash_depth=>0, :method_arg=>true})))
  (begin
    (send
      (begin
        (send
          (hole 0 {:hash_depth=>0, :limit_depth=>true, :recv=>true}) :-
          (hole 0 {:hash_depth=>0, :method_arg=>true}))) :-
      (hole 0 {:hash_depth=>0, :method_arg=>true})))
  (begin
    (send
      (begin
        (send
          (hole 0 {:hash_depth=>0, :limit_depth=>true, :recv=>true}) :-
          (hole 0 {:hash_depth=>0, :method_arg=>true}))) :-
      (hole 0 {:hash_depth=>0, :method_arg=>true})))
  (begin
    (send
      (begin
        (send
          (hole 0 {:hash_depth=>0, :limit_depth=>true, :recv=>true}) :save)) :count))
  (begin
    (send
      (begin
        (send
          (hole 0 {:hash_depth=>0, :limit_depth=>true, :recv=>true}) :save)) :-
      (hole 0 {:hash_depth=>0, :method_arg=>true})))
  (begin
    (send
      (begin
        (send
          (hole 0 {:hash_depth=>0, :limit_depth=>true, :recv=>true}) :count)) :-
      (hole 0 {:hash_depth=>0, :method_arg=>true})))
  (begin
    (send
      (begin
        (send
          (hole 0 {:hash_depth=>0, :limit_depth=>true, :recv=>true}) :count)) :-
      (hole 0 {:hash_depth=>0, :method_arg=>true})))
  (begin
    (send
      (begin
        (send
          (hole 0 {:hash_depth=>0, :limit_depth=>true, :recv=>true}) :-
          (hole 0 {:hash_depth=>0, :method_arg=>true}))) :-
      (hole 0 {:hash_depth=>0, :method_arg=>true})))
  (begin
    (send
      (begin
        (send
          (hole 0 {:hash_depth=>0, :limit_depth=>true, :recv=>true}) :-
          (hole 0 {:hash_depth=>0, :method_arg=>true}))) :-
      (hole 0 {:hash_depth=>0, :method_arg=>true})))
  (begin
    (send
      (begin
        (send
          (hole 0 {:hash_depth=>0, :limit_depth=>true, :recv=>true}) :save)) :count))
  (begin
    (send
      (begin
        (send
          (hole 0 {:hash_depth=>0, :limit_depth=>true, :recv=>true}) :save)) :-
      (hole 0 {:hash_depth=>0, :method_arg=>true})))
  (hole 3 {:hash_depth=>0, :method_arg=>false, :variance=>:-}) {:method_arg=>false})
BASETYPE: %bot
SIZE WORK_LIST: 40
SIZE generated: 9
EVALUABLE#: 0

-------------------------

----------------
TTYPES
Integer
Integer
Integer
Integer
Integer
Integer
Integer
Integer
Integer
Integer
Integer
Integer
Integer
Integer
Integer
Integer
Integer
Integer
Integer
Integer
Integer
Integer
Integer
Integer
Integer
Integer
Integer
Integer
Integer
Integer
Integer
Integer
Integer
Integer
Integer
Integer

PROGS

LOCAL_COUNT: 36
GLOBAL_COUNT: 36

BASE_AFTER:
(begin
  (send
    (begin
      (send
        (filled-hole
          (lvar InvitationCode(id: integer, token: string, diaspora_user_id: integer, count: integer)) {:method_arg=>false}) :-
        (filled-hole
          (lvar :arg0)
          (lvar InvitationCode(id: integer, token: string, diaspora_user_id: integer, count: integer))
          (true)
          (false)
          (int 0)
          (int 1)
          (int 2)
          (str "")
          (hole 1 {:hash_depth=>0, :method_arg=>true, :variance=>:+}) {:method_arg=>true}))) :-
    (filled-hole
      (int 0)
      (int 1)
      (int 2)
      (hole 1 {:hash_depth=>0, :method_arg=>true, :variance=>:+}) {:method_arg=>true})))
BASETYPE: Integer
SIZE WORK_LIST: 48
SIZE generated: 36
EVALUABLE#: 24

-------------------------

----------------
TTYPES
Integer
Integer
Integer
Integer

PROGS

LOCAL_COUNT: 37
GLOBAL_COUNT: 37

BASE_AFTER:
(begin
  (send
    (begin
      (send
        (filled-hole
          (lvar InvitationCode(id: integer, token: string, diaspora_user_id: integer, count: integer)) {:method_arg=>false}) :count)) :-
    (filled-hole
      (int 0)
      (int 1)
      (int 2)
      (hole 1 {:hash_depth=>0, :method_arg=>true, :variance=>:+}) {:method_arg=>true})))
BASETYPE: Integer
SIZE WORK_LIST: 59
SIZE generated: 4
EVALUABLE#: 3

-------------------------

----------------
TTYPES
true or false
true or false
true or false
true or false
true or false
true or false
true or false
true or false
true or false
true or false
true or false

PROGS

LOCAL_COUNT: 38
GLOBAL_COUNT: 38

BASE_AFTER:
(begin
  (send
    (lvar :arg0) :count=
    (hole 1 {:hash_depth=>0, :method_arg=>true, :variance=>:+}))
  (true))
BASETYPE: true or false
SIZE WORK_LIST: 62
SIZE generated: 11
EVALUABLE#: 0

-------------------------

----------------
TTYPES
Integer
Integer

PROGS

LOCAL_COUNT: 39
GLOBAL_COUNT: 39

BASE_AFTER:
(begin
  (send
    (begin
      (send
        (lvar InvitationCode(id: integer, token: string, diaspora_user_id: integer, count: integer)) :count)) :-
    (int 0)))
BASETYPE: Integer
SIZE WORK_LIST: 72
SIZE generated: 2
EVALUABLE#: 0

-------------------------

----------------
TTYPES
Integer
Integer

PROGS

LOCAL_COUNT: 40
GLOBAL_COUNT: 40

BASE_AFTER:
(begin
  (send
    (begin
      (send
        (lvar InvitationCode(id: integer, token: string, diaspora_user_id: integer, count: integer)) :count)) :-
    (int 1)))
BASETYPE: Integer
SIZE WORK_LIST: 73
SIZE generated: 2
EVALUABLE#: 0

-------------------------

----------------
TTYPES
Integer
Integer

PROGS

LOCAL_COUNT: 41
GLOBAL_COUNT: 41

BASE_AFTER:
(begin
  (send
    (begin
      (send
        (lvar InvitationCode(id: integer, token: string, diaspora_user_id: integer, count: integer)) :count)) :-
    (int 2)))
BASETYPE: Integer
SIZE WORK_LIST: 74
SIZE generated: 2
EVALUABLE#: 0

-------------------------

----------------
TTYPES
true or false
true or false
true or false
true or false
true or false
true or false
true or false
true or false
true or false
true or false

PROGS

LOCAL_COUNT: 42
GLOBAL_COUNT: 42

BASE_AFTER:
(begin
  (send
    (lvar :arg0) :count=
    (begin
      (send
        (hole 0 {:hash_depth=>0, :limit_depth=>true, :recv=>true}) :-
        (hole 0 {:hash_depth=>0, :method_arg=>true}))))
  (true))
BASETYPE: true or false
SIZE WORK_LIST: 75
SIZE generated: 10
EVALUABLE#: 9

-------------------------

----------------
TTYPES
true or false

PROGS

LOCAL_COUNT: 43
GLOBAL_COUNT: 43

BASE_AFTER:
(begin
  (send
    (lvar :arg0) :count=
    (begin
      (send
        (hole 0 {:hash_depth=>0, :limit_depth=>true, :recv=>true}) :count)))
  (true))
BASETYPE: true or false
SIZE WORK_LIST: 75
SIZE generated: 1
EVALUABLE#: 1

-------------------------

----------------
TTYPES
true or false
true or false
true or false
true or false
true or false
true or false

PROGS

LOCAL_COUNT: 44
GLOBAL_COUNT: 44

BASE_AFTER:
(begin
  (send
    (lvar :arg0) :diaspora_user=
    (hole 1 {:hash_depth=>0, :method_arg=>true, :variance=>:+}))
  (true))
BASETYPE: true or false
SIZE WORK_LIST: 75
SIZE generated: 6
EVALUABLE#: 0

-------------------------

----------------
TTYPES
true or false
true or false

PROGS

LOCAL_COUNT: 45
GLOBAL_COUNT: 45

BASE_AFTER:
(begin
  (send
    (lvar :arg0) :count=
    (begin
      (send
        (lvar InvitationCode(id: integer, token: string, diaspora_user_id: integer, count: integer)) :count)))
  (true))
BASETYPE: true or false
SIZE WORK_LIST: 80
SIZE generated: 2
EVALUABLE#: 0

-------------------------

----------------
TTYPES
true or false

PROGS

LOCAL_COUNT: 46
GLOBAL_COUNT: 46

BASE_AFTER:
(begin
  (send
    (lvar :arg0) :diaspora_user=
    (begin
      (send
        (hole 0 {:hash_depth=>0, :limit_depth=>true, :recv=>true}) :count)))
  (true))
BASETYPE: true or false
SIZE WORK_LIST: 81
SIZE generated: 1
EVALUABLE#: 1

-------------------------

----------------
TTYPES
true or false
true or false
true or false
true or false
true or false
true or false
true or false
true or false
true or false
true or false
true or false

PROGS

LOCAL_COUNT: 47
GLOBAL_COUNT: 47

BASE_AFTER:
(begin
  (send
    (lvar :arg0) :count=
    (hole 1 {:hash_depth=>0, :method_arg=>true, :variance=>:+}))
  (false))
BASETYPE: true or false
SIZE WORK_LIST: 80
SIZE generated: 11
EVALUABLE#: 0

-------------------------

----------------
TTYPES
true or false

PROGS

LOCAL_COUNT: 48
GLOBAL_COUNT: 48

BASE_AFTER:
(begin
  (send
    (lvar :arg0) :count=
    (begin
      (send
        (hole 0 {:hash_depth=>0, :limit_depth=>true, :recv=>true}) :count)))
  (false))
BASETYPE: true or false
SIZE WORK_LIST: 90
SIZE generated: 1
EVALUABLE#: 1

-------------------------

----------------
TTYPES
true or false
true or false
true or false
true or false
true or false
true or false

PROGS

LOCAL_COUNT: 49
GLOBAL_COUNT: 49

BASE_AFTER:
(begin
  (send
    (lvar :arg0) :diaspora_user=
    (hole 1 {:hash_depth=>0, :method_arg=>true, :variance=>:+}))
  (false))
BASETYPE: true or false
SIZE WORK_LIST: 90
SIZE generated: 6
EVALUABLE#: 0

-------------------------

----------------
TTYPES
true or false
true or false

PROGS

LOCAL_COUNT: 50
GLOBAL_COUNT: 50

BASE_AFTER:
(begin
  (send
    (lvar :arg0) :count=
    (begin
      (send
        (lvar InvitationCode(id: integer, token: string, diaspora_user_id: integer, count: integer)) :count)))
  (false))
BASETYPE: true or false
SIZE WORK_LIST: 95
SIZE generated: 2
EVALUABLE#: 0

-------------------------

----------------
TTYPES
true or false

PROGS

LOCAL_COUNT: 51
GLOBAL_COUNT: 51

BASE_AFTER:
(begin
  (send
    (lvar :arg0) :diaspora_user=
    (begin
      (send
        (hole 0 {:hash_depth=>0, :limit_depth=>true, :recv=>true}) :count)))
  (false))
BASETYPE: true or false
SIZE WORK_LIST: 96
SIZE generated: 1
EVALUABLE#: 1

-------------------------

----------------
TTYPES
Integer
Integer
Integer
Integer
Integer
Integer
Integer
Integer
Integer
Integer
Integer

PROGS

LOCAL_COUNT: 52
GLOBAL_COUNT: 52

BASE_AFTER:
(begin
  (send
    (lvar :arg0) :count=
    (hole 1 {:hash_depth=>0, :method_arg=>true, :variance=>:+}))
  (int 0))
BASETYPE: Integer
SIZE WORK_LIST: 95
SIZE generated: 11
EVALUABLE#: 0

-------------------------

----------------
TTYPES
Integer

PROGS

LOCAL_COUNT: 53
GLOBAL_COUNT: 53

BASE_AFTER:
(begin
  (send
    (lvar :arg0) :count=
    (begin
      (send
        (hole 0 {:hash_depth=>0, :limit_depth=>true, :recv=>true}) :count)))
  (int 0))
BASETYPE: Integer
SIZE WORK_LIST: 105
SIZE generated: 1
EVALUABLE#: 1

-------------------------

----------------
TTYPES
Integer
Integer
Integer
Integer
Integer
Integer

PROGS

LOCAL_COUNT: 54
GLOBAL_COUNT: 54

BASE_AFTER:
(begin
  (send
    (lvar :arg0) :diaspora_user=
    (hole 1 {:hash_depth=>0, :method_arg=>true, :variance=>:+}))
  (int 0))
BASETYPE: Integer
SIZE WORK_LIST: 105
SIZE generated: 6
EVALUABLE#: 0

-------------------------

----------------
TTYPES
Integer
Integer

PROGS

LOCAL_COUNT: 55
GLOBAL_COUNT: 55

BASE_AFTER:
(begin
  (send
    (lvar :arg0) :count=
    (begin
      (send
        (lvar InvitationCode(id: integer, token: string, diaspora_user_id: integer, count: integer)) :count)))
  (int 0))
BASETYPE: Integer
SIZE WORK_LIST: 110
SIZE generated: 2
EVALUABLE#: 0

-------------------------

----------------
TTYPES
Integer

PROGS

LOCAL_COUNT: 56
GLOBAL_COUNT: 56

BASE_AFTER:
(begin
  (send
    (lvar :arg0) :diaspora_user=
    (begin
      (send
        (hole 0 {:hash_depth=>0, :limit_depth=>true, :recv=>true}) :count)))
  (int 0))
BASETYPE: Integer
SIZE WORK_LIST: 111
SIZE generated: 1
EVALUABLE#: 1

-------------------------

----------------
TTYPES
Integer
Integer
Integer
Integer
Integer
Integer
Integer
Integer
Integer
Integer
Integer

PROGS

LOCAL_COUNT: 57
GLOBAL_COUNT: 57

BASE_AFTER:
(begin
  (send
    (lvar :arg0) :count=
    (hole 1 {:hash_depth=>0, :method_arg=>true, :variance=>:+}))
  (int 1))
BASETYPE: Integer
SIZE WORK_LIST: 110
SIZE generated: 11
EVALUABLE#: 0

-------------------------

----------------
TTYPES
Integer

PROGS

LOCAL_COUNT: 58
GLOBAL_COUNT: 58

BASE_AFTER:
(begin
  (send
    (lvar :arg0) :count=
    (begin
      (send
        (hole 0 {:hash_depth=>0, :limit_depth=>true, :recv=>true}) :count)))
  (int 1))
BASETYPE: Integer
SIZE WORK_LIST: 120
SIZE generated: 1
EVALUABLE#: 1

-------------------------

----------------
TTYPES
Integer
Integer
Integer
Integer
Integer
Integer

PROGS

LOCAL_COUNT: 59
GLOBAL_COUNT: 59

BASE_AFTER:
(begin
  (send
    (lvar :arg0) :diaspora_user=
    (hole 1 {:hash_depth=>0, :method_arg=>true, :variance=>:+}))
  (int 1))
BASETYPE: Integer
SIZE WORK_LIST: 120
SIZE generated: 6
EVALUABLE#: 0

-------------------------

----------------
TTYPES
Integer
Integer

PROGS

LOCAL_COUNT: 60
GLOBAL_COUNT: 60

BASE_AFTER:
(begin
  (send
    (lvar :arg0) :count=
    (begin
      (send
        (lvar InvitationCode(id: integer, token: string, diaspora_user_id: integer, count: integer)) :count)))
  (int 1))
BASETYPE: Integer
SIZE WORK_LIST: 125
SIZE generated: 2
EVALUABLE#: 0

-------------------------

----------------
TTYPES
true or false
true or false
Integer
Integer
Integer
String
%bot

PROGS

LOCAL_COUNT: 1
GLOBAL_COUNT: 61

BASE_AFTER:
(filled-hole
  (true)
  (false)
  (int 0)
  (int 1)
  (int 2)
  (str "")
  (hole 1 {:hash_depth=>0, :method_arg=>false, :variance=>:-}) {:method_arg=>false})
BASETYPE: %bot
SIZE WORK_LIST: 0
SIZE generated: 7
EVALUABLE#: 6

-------------------------

----------------
TTYPES
true or false
true or false

PROGS

LOCAL_COUNT: 2
GLOBAL_COUNT: 62

BASE_AFTER:
(true)
BASETYPE: true or false
SIZE WORK_LIST: 6
SIZE generated: 2
EVALUABLE#: 0

-------------------------

----------------
TTYPES
true or false
true or false

PROGS

LOCAL_COUNT: 3
GLOBAL_COUNT: 63

BASE_AFTER:
(false)
BASETYPE: true or false
SIZE WORK_LIST: 7
SIZE generated: 2
EVALUABLE#: 0

-------------------------

----------------
TTYPES
Integer
Integer

PROGS

LOCAL_COUNT: 4
GLOBAL_COUNT: 64

BASE_AFTER:
(int 0)
BASETYPE: Integer
SIZE WORK_LIST: 8
SIZE generated: 2
EVALUABLE#: 0

-------------------------

----------------
TTYPES
Integer
Integer

PROGS

LOCAL_COUNT: 5
GLOBAL_COUNT: 65

BASE_AFTER:
(int 1)
BASETYPE: Integer
SIZE WORK_LIST: 9
SIZE generated: 2
EVALUABLE#: 0

-------------------------

----------------
TTYPES
Integer
Integer

PROGS

LOCAL_COUNT: 6
GLOBAL_COUNT: 66

BASE_AFTER:
(int 2)
BASETYPE: Integer
SIZE WORK_LIST: 10
SIZE generated: 2
EVALUABLE#: 0

-------------------------

----------------
TTYPES
String
String

PROGS

LOCAL_COUNT: 7
GLOBAL_COUNT: 67

BASE_AFTER:
(str "")
BASETYPE: String
SIZE WORK_LIST: 11
SIZE generated: 2
EVALUABLE#: 0

-------------------------

----------------
TTYPES
%bot

PROGS

LOCAL_COUNT: 8
GLOBAL_COUNT: 68

BASE_AFTER:
(filled-hole
  (hole 2 {:hash_depth=>0, :method_arg=>false, :variance=>:-}) {:method_arg=>false})
BASETYPE: %bot
SIZE WORK_LIST: 12
SIZE generated: 1
EVALUABLE#: 0

-------------------------

----------------
TTYPES
true or false
true or false
true or false
true or false

PROGS

LOCAL_COUNT: 9
GLOBAL_COUNT: 69

BASE_AFTER:
(begin
  (send
    (hole 0 {:hash_depth=>0, :limit_depth=>true, :recv=>true}) :count=
    (hole 0 {:hash_depth=>0, :method_arg=>true}))
  (true))
BASETYPE: true or false
SIZE WORK_LIST: 12
SIZE generated: 4
EVALUABLE#: 3

-------------------------

----------------
TTYPES
true or false

PROGS

LOCAL_COUNT: 1
GLOBAL_COUNT: 70

BASE_AFTER:
(filled-hole
  (hole 1 {:hash_depth=>0, :method_arg=>false, :variance=>:+}) {:method_arg=>false})
BASETYPE: true or false
SIZE WORK_LIST: 0
SIZE generated: 1
EVALUABLE#: 0

-------------------------

----------------
TTYPES
true or false
true or false
Integer
Integer
Integer
String
%bot

PROGS

LOCAL_COUNT: 1
GLOBAL_COUNT: 1

BASE_AFTER:
(filled-hole
  (true)
  (false)
  (int 0)
  (int 1)
  (int 2)
  (str "")
  (hole 1 {:hash_depth=>0, :method_arg=>false, :variance=>:-}) {:method_arg=>false})
BASETYPE: %bot
SIZE WORK_LIST: 0
SIZE generated: 7
EVALUABLE#: 6

-------------------------

----------------
TTYPES
true or false
true or false

PROGS

LOCAL_COUNT: 2
GLOBAL_COUNT: 2

BASE_AFTER:
(true)
BASETYPE: true or false
SIZE WORK_LIST: 6
SIZE generated: 2
EVALUABLE#: 0

-------------------------

----------------
TTYPES
true or false
true or false

PROGS

LOCAL_COUNT: 3
GLOBAL_COUNT: 3

BASE_AFTER:
(false)
BASETYPE: true or false
SIZE WORK_LIST: 7
SIZE generated: 2
EVALUABLE#: 0

-------------------------

----------------
TTYPES
Integer
Integer

PROGS

LOCAL_COUNT: 4
GLOBAL_COUNT: 4

BASE_AFTER:
(int 0)
BASETYPE: Integer
SIZE WORK_LIST: 8
SIZE generated: 2
EVALUABLE#: 0

-------------------------

----------------
TTYPES
Integer
Integer

PROGS

LOCAL_COUNT: 5
GLOBAL_COUNT: 5

BASE_AFTER:
(int 1)
BASETYPE: Integer
SIZE WORK_LIST: 9
SIZE generated: 2
EVALUABLE#: 0

-------------------------

----------------
TTYPES
Integer
Integer

PROGS

LOCAL_COUNT: 6
GLOBAL_COUNT: 6

BASE_AFTER:
(int 2)
BASETYPE: Integer
SIZE WORK_LIST: 10
SIZE generated: 2
EVALUABLE#: 0

-------------------------

----------------
TTYPES
String
String

PROGS

LOCAL_COUNT: 7
GLOBAL_COUNT: 7

BASE_AFTER:
(str "")
BASETYPE: String
SIZE WORK_LIST: 11
SIZE generated: 2
EVALUABLE#: 0

-------------------------

----------------
TTYPES
%bot

PROGS

LOCAL_COUNT: 8
GLOBAL_COUNT: 8

BASE_AFTER:
(filled-hole
  (begin
    (send
      (hole 0 {:hash_depth=>0, :limit_depth=>true, :recv=>true}) :-
      (hole 0 {:hash_depth=>0, :method_arg=>true})))
  (begin
    (send
      (hole 0 {:hash_depth=>0, :limit_depth=>true, :recv=>true}) :count))
  (begin
    (send
      (hole 0 {:hash_depth=>0, :limit_depth=>true, :recv=>true}) :-
      (hole 0 {:hash_depth=>0, :method_arg=>true})))
  (hole 2 {:hash_depth=>0, :method_arg=>false, :variance=>:-}) {:method_arg=>false})
BASETYPE: %bot
SIZE WORK_LIST: 12
SIZE generated: 1
EVALUABLE#: 0

-------------------------

----------------
TTYPES
true or false
true or false
true or false
true or false

PROGS

LOCAL_COUNT: 9
GLOBAL_COUNT: 9

BASE_AFTER:
(begin
  (send
    (hole 0 {:hash_depth=>0, :limit_depth=>true, :recv=>true}) :count=
    (hole 0 {:hash_depth=>0, :method_arg=>true}))
  (true))
BASETYPE: true or false
SIZE WORK_LIST: 12
SIZE generated: 4
EVALUABLE#: 3

-------------------------

----------------
TTYPES
true or false

PROGS

LOCAL_COUNT: 10
GLOBAL_COUNT: 10

BASE_AFTER:
(begin
  (send
    (hole 0 {:hash_depth=>0, :limit_depth=>true, :recv=>true}) :diaspora_user=
    (hole 0 {:hash_depth=>0, :method_arg=>true}))
  (true))
BASETYPE: true or false
SIZE WORK_LIST: 14
SIZE generated: 1
EVALUABLE#: 0

-------------------------

----------------
TTYPES
true or false
true or false
true or false
true or false

PROGS

LOCAL_COUNT: 11
GLOBAL_COUNT: 11

BASE_AFTER:
(begin
  (send
    (hole 0 {:hash_depth=>0, :limit_depth=>true, :recv=>true}) :count=
    (hole 0 {:hash_depth=>0, :method_arg=>true}))
  (false))
BASETYPE: true or false
SIZE WORK_LIST: 14
SIZE generated: 4
EVALUABLE#: 3

-------------------------

----------------
TTYPES
true or false

PROGS

LOCAL_COUNT: 12
GLOBAL_COUNT: 12

BASE_AFTER:
(begin
  (send
    (hole 0 {:hash_depth=>0, :limit_depth=>true, :recv=>true}) :diaspora_user=
    (hole 0 {:hash_depth=>0, :method_arg=>true}))
  (false))
BASETYPE: true or false
SIZE WORK_LIST: 16
SIZE generated: 1
EVALUABLE#: 0

-------------------------

----------------
TTYPES
Integer
Integer
Integer
Integer
Integer

PROGS

LOCAL_COUNT: 13
GLOBAL_COUNT: 13

BASE_AFTER:
(begin
  (send
    (hole 0 {:hash_depth=>0, :limit_depth=>true, :recv=>true}) :count=
    (hole 0 {:hash_depth=>0, :method_arg=>true}))
  (int 0))
BASETYPE: Integer
SIZE WORK_LIST: 16
SIZE generated: 5
EVALUABLE#: 4

-------------------------

----------------
TTYPES
Integer

PROGS

LOCAL_COUNT: 14
GLOBAL_COUNT: 14

BASE_AFTER:
(begin
  (send
    (hole 0 {:hash_depth=>0, :limit_depth=>true, :recv=>true}) :diaspora_user=
    (hole 0 {:hash_depth=>0, :method_arg=>true}))
  (int 0))
BASETYPE: Integer
SIZE WORK_LIST: 19
SIZE generated: 1
EVALUABLE#: 0

-------------------------

----------------
TTYPES
Integer
Integer
Integer
Integer
Integer

PROGS

LOCAL_COUNT: 15
GLOBAL_COUNT: 15

BASE_AFTER:
(begin
  (send
    (hole 0 {:hash_depth=>0, :limit_depth=>true, :recv=>true}) :count=
    (hole 0 {:hash_depth=>0, :method_arg=>true}))
  (int 1))
BASETYPE: Integer
SIZE WORK_LIST: 19
SIZE generated: 5
EVALUABLE#: 4

-------------------------

----------------
TTYPES
Integer

PROGS

LOCAL_COUNT: 16
GLOBAL_COUNT: 16

BASE_AFTER:
(begin
  (send
    (hole 0 {:hash_depth=>0, :limit_depth=>true, :recv=>true}) :diaspora_user=
    (hole 0 {:hash_depth=>0, :method_arg=>true}))
  (int 1))
BASETYPE: Integer
SIZE WORK_LIST: 22
SIZE generated: 1
EVALUABLE#: 0

-------------------------

----------------
TTYPES
Integer
Integer
Integer
Integer
Integer

PROGS

LOCAL_COUNT: 17
GLOBAL_COUNT: 17

BASE_AFTER:
(begin
  (send
    (hole 0 {:hash_depth=>0, :limit_depth=>true, :recv=>true}) :count=
    (hole 0 {:hash_depth=>0, :method_arg=>true}))
  (int 2))
BASETYPE: Integer
SIZE WORK_LIST: 22
SIZE generated: 5
EVALUABLE#: 4

-------------------------

----------------
TTYPES
Integer

PROGS

LOCAL_COUNT: 18
GLOBAL_COUNT: 18

BASE_AFTER:
(begin
  (send
    (hole 0 {:hash_depth=>0, :limit_depth=>true, :recv=>true}) :diaspora_user=
    (hole 0 {:hash_depth=>0, :method_arg=>true}))
  (int 2))
BASETYPE: Integer
SIZE WORK_LIST: 24
SIZE generated: 1
EVALUABLE#: 0

-------------------------

----------------
TTYPES
String
String
String
String

PROGS

LOCAL_COUNT: 19
GLOBAL_COUNT: 19

BASE_AFTER:
(begin
  (send
    (hole 0 {:hash_depth=>0, :limit_depth=>true, :recv=>true}) :count=
    (hole 0 {:hash_depth=>0, :method_arg=>true}))
  (str ""))
BASETYPE: String
SIZE WORK_LIST: 24
SIZE generated: 4
EVALUABLE#: 3

-------------------------

----------------
TTYPES
String

PROGS

LOCAL_COUNT: 20
GLOBAL_COUNT: 20

BASE_AFTER:
(begin
  (send
    (hole 0 {:hash_depth=>0, :limit_depth=>true, :recv=>true}) :diaspora_user=
    (hole 0 {:hash_depth=>0, :method_arg=>true}))
  (str ""))
BASETYPE: String
SIZE WORK_LIST: 26
SIZE generated: 1
EVALUABLE#: 0

-------------------------

----------------
TTYPES
true or false
true or false

PROGS

LOCAL_COUNT: 21
GLOBAL_COUNT: 21

BASE_AFTER:
(begin
  (send
    (lvar :arg0) :count=
    (int 0))
  (true))
BASETYPE: true or false
SIZE WORK_LIST: 26
SIZE generated: 2
EVALUABLE#: 0

-------------------------

----------------
TTYPES
true or false
true or false

PROGS

LOCAL_COUNT: 22
GLOBAL_COUNT: 22

BASE_AFTER:
(begin
  (send
    (lvar :arg0) :count=
    (int 1))
  (true))
BASETYPE: true or false
SIZE WORK_LIST: 27
SIZE generated: 2
EVALUABLE#: 0

-------------------------

----------------
TTYPES
true or false
true or false

PROGS

LOCAL_COUNT: 23
GLOBAL_COUNT: 23

BASE_AFTER:
(begin
  (send
    (lvar :arg0) :count=
    (int 0))
  (false))
BASETYPE: true or false
SIZE WORK_LIST: 28
SIZE generated: 2
EVALUABLE#: 0

-------------------------

----------------
TTYPES
true or false
true or false

PROGS

LOCAL_COUNT: 24
GLOBAL_COUNT: 24

BASE_AFTER:
(begin
  (send
    (lvar :arg0) :count=
    (int 1))
  (false))
BASETYPE: true or false
SIZE WORK_LIST: 29
SIZE generated: 2
EVALUABLE#: 0

-------------------------

----------------
TTYPES
Integer
Integer

PROGS

LOCAL_COUNT: 25
GLOBAL_COUNT: 25

BASE_AFTER:
(begin
  (send
    (lvar :arg0) :count=
    (int 0))
  (int 0))
BASETYPE: Integer
SIZE WORK_LIST: 30
SIZE generated: 2
EVALUABLE#: 0

-------------------------

----------------
TTYPES
Integer
Integer

PROGS

LOCAL_COUNT: 26
GLOBAL_COUNT: 26

BASE_AFTER:
(begin
  (send
    (lvar :arg0) :count=
    (int 1))
  (int 0))
BASETYPE: Integer
SIZE WORK_LIST: 31
SIZE generated: 2
EVALUABLE#: 0

-------------------------

----------------
TTYPES
Integer
Integer

PROGS

LOCAL_COUNT: 27
GLOBAL_COUNT: 27

BASE_AFTER:
(begin
  (lvasgn :t0
    (int 0))
  (send
    (lvar :arg0) :count=
    (lvar :t0))
  (lvar :t0))
BASETYPE: Integer
SIZE WORK_LIST: 32
SIZE generated: 2
EVALUABLE#: 0

-------------------------

----------------
TTYPES
Integer
Integer

PROGS

LOCAL_COUNT: 28
GLOBAL_COUNT: 28

BASE_AFTER:
(begin
  (send
    (lvar :arg0) :count=
    (int 0))
  (int 1))
BASETYPE: Integer
SIZE WORK_LIST: 33
SIZE generated: 2
EVALUABLE#: 0

-------------------------

----------------
TTYPES
Integer
Integer

PROGS

LOCAL_COUNT: 29
GLOBAL_COUNT: 29

BASE_AFTER:
(begin
  (send
    (lvar :arg0) :count=
    (int 1))
  (int 1))
BASETYPE: Integer
SIZE WORK_LIST: 34
SIZE generated: 2
EVALUABLE#: 0

-------------------------

----------------
TTYPES
Integer
Integer

PROGS

LOCAL_COUNT: 30
GLOBAL_COUNT: 30

BASE_AFTER:
(begin
  (lvasgn :t0
    (int 1))
  (send
    (lvar :arg0) :count=
    (lvar :t0))
  (lvar :t0))
BASETYPE: Integer
SIZE WORK_LIST: 35
SIZE generated: 2
EVALUABLE#: 0

-------------------------

----------------
TTYPES
Integer
Integer

PROGS

LOCAL_COUNT: 31
GLOBAL_COUNT: 31

BASE_AFTER:
(begin
  (send
    (lvar :arg0) :count=
    (int 0))
  (int 2))
BASETYPE: Integer
SIZE WORK_LIST: 36
SIZE generated: 2
EVALUABLE#: 0

-------------------------

----------------
TTYPES
Integer
Integer

PROGS

LOCAL_COUNT: 32
GLOBAL_COUNT: 32

BASE_AFTER:
(begin
  (send
    (lvar :arg0) :count=
    (int 1))
  (int 2))
BASETYPE: Integer
SIZE WORK_LIST: 37
SIZE generated: 2
EVALUABLE#: 0

-------------------------

----------------
TTYPES
String
String

PROGS

LOCAL_COUNT: 33
GLOBAL_COUNT: 33

BASE_AFTER:
(begin
  (send
    (lvar :arg0) :count=
    (int 0))
  (str ""))
BASETYPE: String
SIZE WORK_LIST: 38
SIZE generated: 2
EVALUABLE#: 0

-------------------------

----------------
TTYPES
String
String

PROGS

LOCAL_COUNT: 34
GLOBAL_COUNT: 34

BASE_AFTER:
(begin
  (send
    (lvar :arg0) :count=
    (int 1))
  (str ""))
BASETYPE: String
SIZE WORK_LIST: 39
SIZE generated: 2
EVALUABLE#: 0

-------------------------

----------------
TTYPES
Integer
Integer
Integer
Integer
Integer
Integer
Integer
Integer
%bot

PROGS

LOCAL_COUNT: 35
GLOBAL_COUNT: 35

BASE_AFTER:
(filled-hole
  (begin
    (send
      (send
        (hole 0 {:hash_depth=>0, :limit_depth=>true, :recv=>true}) :id=
        (hole 0 {:hash_depth=>0, :method_arg=>true})) :-
      (hole 0 {:hash_depth=>0, :method_arg=>true})))
  (begin
    (send
      (send
        (hole 0 {:hash_depth=>0, :limit_depth=>true, :recv=>true}) :id=
        (hole 0 {:hash_depth=>0, :method_arg=>true})) :-
      (hole 0 {:hash_depth=>0, :method_arg=>true})))
  (begin
    (send
      (send
        (hole 0 {:hash_depth=>0, :limit_depth=>true, :recv=>true}) :id=
        (hole 0 {:hash_depth=>0, :method_arg=>true})) :count))
  (begin
    (send
      (send
        (hole 0 {:hash_depth=>0, :limit_depth=>true, :recv=>true}) :id) :-
      (hole 0 {:hash_depth=>0, :method_arg=>true})))
  (begin
    (send
      (send
        (hole 0 {:hash_depth=>0, :limit_depth=>true, :recv=>true}) :id) :-
      (hole 0 {:hash_depth=>0, :method_arg=>true})))
  (begin
    (send
      (send
        (hole 0 {:hash_depth=>0, :limit_depth=>true, :recv=>true}) :id) :count))
  (begin
    (send
      (send
        (hole 0 {:hash_depth=>0, :limit_depth=>true, :recv=>true}) :token=
        (hole 0 {:hash_depth=>0, :method_arg=>true})) :count))
  (begin
    (send
      (send
        (hole 0 {:hash_depth=>0, :limit_depth=>true, :recv=>true}) :token=
        (hole 0 {:hash_depth=>0, :method_arg=>true})) :-
      (hole 0 {:hash_depth=>0, :method_arg=>true})))
  (begin
    (send
      (send
        (hole 0 {:hash_depth=>0, :limit_depth=>true, :recv=>true}) :token) :count))
  (begin
    (send
      (send
        (hole 0 {:hash_depth=>0, :limit_depth=>true, :recv=>true}) :token) :-
      (hole 0 {:hash_depth=>0, :method_arg=>true})))
  (begin
    (send
      (send
        (hole 0 {:hash_depth=>0, :limit_depth=>true, :recv=>true}) :diaspora_user_id=
        (hole 0 {:hash_depth=>0, :method_arg=>true})) :-
      (hole 0 {:hash_depth=>0, :method_arg=>true})))
  (begin
    (send
      (send
        (hole 0 {:hash_depth=>0, :limit_depth=>true, :recv=>true}) :diaspora_user_id=
        (hole 0 {:hash_depth=>0, :method_arg=>true})) :-
      (hole 0 {:hash_depth=>0, :method_arg=>true})))
  (begin
    (send
      (send
        (hole 0 {:hash_depth=>0, :limit_depth=>true, :recv=>true}) :diaspora_user_id=
        (hole 0 {:hash_depth=>0, :method_arg=>true})) :count))
  (begin
    (send
      (send
        (hole 0 {:hash_depth=>0, :limit_depth=>true, :recv=>true}) :diaspora_user_id) :-
      (hole 0 {:hash_depth=>0, :method_arg=>true})))
  (begin
    (send
      (send
        (hole 0 {:hash_depth=>0, :limit_depth=>true, :recv=>true}) :diaspora_user_id) :-
      (hole 0 {:hash_depth=>0, :method_arg=>true})))
  (begin
    (send
      (send
        (hole 0 {:hash_depth=>0, :limit_depth=>true, :recv=>true}) :diaspora_user_id) :count))
  (begin
    (send
      (send
        (hole 0 {:hash_depth=>0, :limit_depth=>true, :recv=>true}) :count=
        (hole 0 {:hash_depth=>0, :method_arg=>true})) :-
      (hole 0 {:hash_depth=>0, :method_arg=>true})))
  (begin
    (send
      (send
        (hole 0 {:hash_depth=>0, :limit_depth=>true, :recv=>true}) :count=
        (hole 0 {:hash_depth=>0, :method_arg=>true})) :-
      (hole 0 {:hash_depth=>0, :method_arg=>true})))
  (begin
    (send
      (send
        (hole 0 {:hash_depth=>0, :limit_depth=>true, :recv=>true}) :count=
        (hole 0 {:hash_depth=>0, :method_arg=>true})) :count))
  (begin
    (send
      (begin
        (send
          (hole 0 {:hash_depth=>0, :limit_depth=>true, :recv=>true}) :count)) :-
      (hole 0 {:hash_depth=>0, :method_arg=>true})))
  (begin
    (send
      (begin
        (send
          (hole 0 {:hash_depth=>0, :limit_depth=>true, :recv=>true}) :count)) :-
      (hole 0 {:hash_depth=>0, :method_arg=>true})))
  (begin
    (send
      (begin
        (send
          (hole 0 {:hash_depth=>0, :limit_depth=>true, :recv=>true}) :count)) :count))
  (begin
    (send
      (send
        (hole 0 {:hash_depth=>0, :limit_depth=>true, :recv=>true}) :diaspora_user) :count))
  (begin
    (send
      (send
        (hole 0 {:hash_depth=>0, :limit_depth=>true, :recv=>true}) :diaspora_user) :-
      (hole 0 {:hash_depth=>0, :method_arg=>true})))
  (begin
    (send
      (send
        (hole 0 {:hash_depth=>0, :limit_depth=>true, :recv=>true}) :diaspora_user=
        (hole 0 {:hash_depth=>0, :method_arg=>true})) :count))
  (begin
    (send
      (send
        (hole 0 {:hash_depth=>0, :limit_depth=>true, :recv=>true}) :diaspora_user=
        (hole 0 {:hash_depth=>0, :method_arg=>true})) :-
      (hole 0 {:hash_depth=>0, :method_arg=>true})))
  (begin
    (send
      (begin
        (send
          (hole 0 {:hash_depth=>0, :limit_depth=>true, :recv=>true}) :-
          (hole 0 {:hash_depth=>0, :method_arg=>true}))) :-
      (hole 0 {:hash_depth=>0, :method_arg=>true})))
  (begin
    (send
      (begin
        (send
          (hole 0 {:hash_depth=>0, :limit_depth=>true, :recv=>true}) :-
          (hole 0 {:hash_depth=>0, :method_arg=>true}))) :-
      (hole 0 {:hash_depth=>0, :method_arg=>true})))
  (begin
    (send
      (begin
        (send
          (hole 0 {:hash_depth=>0, :limit_depth=>true, :recv=>true}) :save)) :count))
  (begin
    (send
      (begin
        (send
          (hole 0 {:hash_depth=>0, :limit_depth=>true, :recv=>true}) :save)) :-
      (hole 0 {:hash_depth=>0, :method_arg=>true})))
  (begin
    (send
      (begin
        (send
          (hole 0 {:hash_depth=>0, :limit_depth=>true, :recv=>true}) :count)) :-
      (hole 0 {:hash_depth=>0, :method_arg=>true})))
  (begin
    (send
      (begin
        (send
          (hole 0 {:hash_depth=>0, :limit_depth=>true, :recv=>true}) :count)) :-
      (hole 0 {:hash_depth=>0, :method_arg=>true})))
  (begin
    (send
      (begin
        (send
          (hole 0 {:hash_depth=>0, :limit_depth=>true, :recv=>true}) :-
          (hole 0 {:hash_depth=>0, :method_arg=>true}))) :-
      (hole 0 {:hash_depth=>0, :method_arg=>true})))
  (begin
    (send
      (begin
        (send
          (hole 0 {:hash_depth=>0, :limit_depth=>true, :recv=>true}) :-
          (hole 0 {:hash_depth=>0, :method_arg=>true}))) :-
      (hole 0 {:hash_depth=>0, :method_arg=>true})))
  (begin
    (send
      (begin
        (send
          (hole 0 {:hash_depth=>0, :limit_depth=>true, :recv=>true}) :save)) :count))
  (begin
    (send
      (begin
        (send
          (hole 0 {:hash_depth=>0, :limit_depth=>true, :recv=>true}) :save)) :-
      (hole 0 {:hash_depth=>0, :method_arg=>true})))
  (hole 3 {:hash_depth=>0, :method_arg=>false, :variance=>:-}) {:method_arg=>false})
BASETYPE: %bot
SIZE WORK_LIST: 40
SIZE generated: 9
EVALUABLE#: 0

-------------------------

----------------
TTYPES
Integer
Integer
Integer
Integer
Integer
Integer
Integer
Integer
Integer
Integer
Integer
Integer
Integer
Integer
Integer
Integer
Integer
Integer
Integer
Integer
Integer
Integer
Integer
Integer
Integer
Integer
Integer
Integer
Integer
Integer
Integer
Integer
Integer
Integer
Integer
Integer

PROGS

LOCAL_COUNT: 36
GLOBAL_COUNT: 36

BASE_AFTER:
(begin
  (send
    (begin
      (send
        (filled-hole
          (lvar InvitationCode(id: integer, token: string, diaspora_user_id: integer, count: integer)) {:method_arg=>false}) :-
        (filled-hole
          (lvar :arg0)
          (lvar InvitationCode(id: integer, token: string, diaspora_user_id: integer, count: integer))
          (true)
          (false)
          (int 0)
          (int 1)
          (int 2)
          (str "")
          (hole 1 {:hash_depth=>0, :method_arg=>true, :variance=>:+}) {:method_arg=>true}))) :-
    (filled-hole
      (int 0)
      (int 1)
      (int 2)
      (hole 1 {:hash_depth=>0, :method_arg=>true, :variance=>:+}) {:method_arg=>true})))
BASETYPE: Integer
SIZE WORK_LIST: 48
SIZE generated: 36
EVALUABLE#: 24

-------------------------

----------------
TTYPES
Integer
Integer
Integer
Integer

PROGS

LOCAL_COUNT: 37
GLOBAL_COUNT: 37

BASE_AFTER:
(begin
  (send
    (begin
      (send
        (filled-hole
          (lvar InvitationCode(id: integer, token: string, diaspora_user_id: integer, count: integer)) {:method_arg=>false}) :count)) :-
    (filled-hole
      (int 0)
      (int 1)
      (int 2)
      (hole 1 {:hash_depth=>0, :method_arg=>true, :variance=>:+}) {:method_arg=>true})))
BASETYPE: Integer
SIZE WORK_LIST: 59
SIZE generated: 4
EVALUABLE#: 3

-------------------------

----------------
TTYPES
true or false
true or false
true or false
true or false
true or false
true or false
true or false
true or false
true or false
true or false
true or false

PROGS

LOCAL_COUNT: 38
GLOBAL_COUNT: 38

BASE_AFTER:
(begin
  (send
    (lvar :arg0) :count=
    (hole 1 {:hash_depth=>0, :method_arg=>true, :variance=>:+}))
  (true))
BASETYPE: true or false
SIZE WORK_LIST: 62
SIZE generated: 11
EVALUABLE#: 0

-------------------------

----------------
TTYPES
Integer
Integer

PROGS

LOCAL_COUNT: 39
GLOBAL_COUNT: 39

BASE_AFTER:
(begin
  (send
    (begin
      (send
        (lvar InvitationCode(id: integer, token: string, diaspora_user_id: integer, count: integer)) :count)) :-
    (int 0)))
BASETYPE: Integer
SIZE WORK_LIST: 72
SIZE generated: 2
EVALUABLE#: 0

-------------------------

----------------
TTYPES
Integer
Integer

PROGS

LOCAL_COUNT: 40
GLOBAL_COUNT: 40

BASE_AFTER:
(begin
  (send
    (begin
      (send
        (lvar InvitationCode(id: integer, token: string, diaspora_user_id: integer, count: integer)) :count)) :-
    (int 1)))
BASETYPE: Integer
SIZE WORK_LIST: 73
SIZE generated: 2
EVALUABLE#: 0

-------------------------

----------------
TTYPES
Integer
Integer

PROGS

LOCAL_COUNT: 41
GLOBAL_COUNT: 41

BASE_AFTER:
(begin
  (send
    (begin
      (send
        (lvar InvitationCode(id: integer, token: string, diaspora_user_id: integer, count: integer)) :count)) :-
    (int 2)))
BASETYPE: Integer
SIZE WORK_LIST: 74
SIZE generated: 2
EVALUABLE#: 0

-------------------------

----------------
TTYPES
true or false
true or false
true or false
true or false
true or false
true or false
true or false
true or false
true or false
true or false

PROGS

LOCAL_COUNT: 42
GLOBAL_COUNT: 42

BASE_AFTER:
(begin
  (send
    (lvar :arg0) :count=
    (begin
      (send
        (hole 0 {:hash_depth=>0, :limit_depth=>true, :recv=>true}) :-
        (hole 0 {:hash_depth=>0, :method_arg=>true}))))
  (true))
BASETYPE: true or false
SIZE WORK_LIST: 75
SIZE generated: 10
EVALUABLE#: 9

-------------------------

----------------
TTYPES
true or false

PROGS

LOCAL_COUNT: 43
GLOBAL_COUNT: 43

BASE_AFTER:
(begin
  (send
    (lvar :arg0) :count=
    (begin
      (send
        (hole 0 {:hash_depth=>0, :limit_depth=>true, :recv=>true}) :count)))
  (true))
BASETYPE: true or false
SIZE WORK_LIST: 75
SIZE generated: 1
EVALUABLE#: 1

-------------------------

----------------
TTYPES
true or false
true or false
true or false
true or false
true or false
true or false

PROGS

LOCAL_COUNT: 44
GLOBAL_COUNT: 44

BASE_AFTER:
(begin
  (send
    (lvar :arg0) :diaspora_user=
    (hole 1 {:hash_depth=>0, :method_arg=>true, :variance=>:+}))
  (true))
BASETYPE: true or false
SIZE WORK_LIST: 75
SIZE generated: 6
EVALUABLE#: 0

-------------------------

----------------
TTYPES
true or false
true or false

PROGS

LOCAL_COUNT: 45
GLOBAL_COUNT: 45

BASE_AFTER:
(begin
  (send
    (lvar :arg0) :count=
    (begin
      (send
        (lvar InvitationCode(id: integer, token: string, diaspora_user_id: integer, count: integer)) :count)))
  (true))
BASETYPE: true or false
SIZE WORK_LIST: 80
SIZE generated: 2
EVALUABLE#: 0

-------------------------

----------------
TTYPES
true or false

PROGS

LOCAL_COUNT: 46
GLOBAL_COUNT: 46

BASE_AFTER:
(begin
  (send
    (lvar :arg0) :diaspora_user=
    (begin
      (send
        (hole 0 {:hash_depth=>0, :limit_depth=>true, :recv=>true}) :count)))
  (true))
BASETYPE: true or false
SIZE WORK_LIST: 81
SIZE generated: 1
EVALUABLE#: 1

-------------------------

----------------
TTYPES
true or false
true or false
true or false
true or false
true or false
true or false
true or false
true or false
true or false
true or false
true or false

PROGS

LOCAL_COUNT: 47
GLOBAL_COUNT: 47

BASE_AFTER:
(begin
  (send
    (lvar :arg0) :count=
    (hole 1 {:hash_depth=>0, :method_arg=>true, :variance=>:+}))
  (false))
BASETYPE: true or false
SIZE WORK_LIST: 80
SIZE generated: 11
EVALUABLE#: 0

-------------------------

----------------
TTYPES
true or false

PROGS

LOCAL_COUNT: 48
GLOBAL_COUNT: 48

BASE_AFTER:
(begin
  (send
    (lvar :arg0) :count=
    (begin
      (send
        (hole 0 {:hash_depth=>0, :limit_depth=>true, :recv=>true}) :count)))
  (false))
BASETYPE: true or false
SIZE WORK_LIST: 90
SIZE generated: 1
EVALUABLE#: 1

-------------------------

----------------
TTYPES
true or false
true or false
true or false
true or false
true or false
true or false

PROGS

LOCAL_COUNT: 49
GLOBAL_COUNT: 49

BASE_AFTER:
(begin
  (send
    (lvar :arg0) :diaspora_user=
    (hole 1 {:hash_depth=>0, :method_arg=>true, :variance=>:+}))
  (false))
BASETYPE: true or false
SIZE WORK_LIST: 90
SIZE generated: 6
EVALUABLE#: 0

-------------------------

----------------
TTYPES
true or false
true or false

PROGS

LOCAL_COUNT: 50
GLOBAL_COUNT: 50

BASE_AFTER:
(begin
  (send
    (lvar :arg0) :count=
    (begin
      (send
        (lvar InvitationCode(id: integer, token: string, diaspora_user_id: integer, count: integer)) :count)))
  (false))
BASETYPE: true or false
SIZE WORK_LIST: 95
SIZE generated: 2
EVALUABLE#: 0

-------------------------

----------------
TTYPES
true or false

PROGS

LOCAL_COUNT: 51
GLOBAL_COUNT: 51

BASE_AFTER:
(begin
  (send
    (lvar :arg0) :diaspora_user=
    (begin
      (send
        (hole 0 {:hash_depth=>0, :limit_depth=>true, :recv=>true}) :count)))
  (false))
BASETYPE: true or false
SIZE WORK_LIST: 96
SIZE generated: 1
EVALUABLE#: 1

-------------------------

----------------
TTYPES
Integer
Integer
Integer
Integer
Integer
Integer
Integer
Integer
Integer
Integer
Integer

PROGS

LOCAL_COUNT: 52
GLOBAL_COUNT: 52

BASE_AFTER:
(begin
  (send
    (lvar :arg0) :count=
    (hole 1 {:hash_depth=>0, :method_arg=>true, :variance=>:+}))
  (int 0))
BASETYPE: Integer
SIZE WORK_LIST: 95
SIZE generated: 11
EVALUABLE#: 0

-------------------------

----------------
TTYPES
Integer

PROGS

LOCAL_COUNT: 53
GLOBAL_COUNT: 53

BASE_AFTER:
(begin
  (send
    (lvar :arg0) :count=
    (begin
      (send
        (hole 0 {:hash_depth=>0, :limit_depth=>true, :recv=>true}) :count)))
  (int 0))
BASETYPE: Integer
SIZE WORK_LIST: 105
SIZE generated: 1
EVALUABLE#: 1

-------------------------

----------------
TTYPES
Integer
Integer
Integer
Integer
Integer
Integer

PROGS

LOCAL_COUNT: 54
GLOBAL_COUNT: 54

BASE_AFTER:
(begin
  (send
    (lvar :arg0) :diaspora_user=
    (hole 1 {:hash_depth=>0, :method_arg=>true, :variance=>:+}))
  (int 0))
BASETYPE: Integer
SIZE WORK_LIST: 105
SIZE generated: 6
EVALUABLE#: 0

-------------------------

----------------
TTYPES
Integer
Integer

PROGS

LOCAL_COUNT: 55
GLOBAL_COUNT: 55

BASE_AFTER:
(begin
  (send
    (lvar :arg0) :count=
    (begin
      (send
        (lvar InvitationCode(id: integer, token: string, diaspora_user_id: integer, count: integer)) :count)))
  (int 0))
BASETYPE: Integer
SIZE WORK_LIST: 110
SIZE generated: 2
EVALUABLE#: 0

-------------------------

----------------
TTYPES
Integer

PROGS

LOCAL_COUNT: 56
GLOBAL_COUNT: 56

BASE_AFTER:
(begin
  (send
    (lvar :arg0) :diaspora_user=
    (begin
      (send
        (hole 0 {:hash_depth=>0, :limit_depth=>true, :recv=>true}) :count)))
  (int 0))
BASETYPE: Integer
SIZE WORK_LIST: 111
SIZE generated: 1
EVALUABLE#: 1

-------------------------

----------------
TTYPES
Integer
Integer
Integer
Integer
Integer
Integer
Integer
Integer
Integer
Integer
Integer

PROGS

LOCAL_COUNT: 57
GLOBAL_COUNT: 57

BASE_AFTER:
(begin
  (send
    (lvar :arg0) :count=
    (hole 1 {:hash_depth=>0, :method_arg=>true, :variance=>:+}))
  (int 1))
BASETYPE: Integer
SIZE WORK_LIST: 110
SIZE generated: 11
EVALUABLE#: 0

-------------------------

----------------
TTYPES
Integer

PROGS

LOCAL_COUNT: 58
GLOBAL_COUNT: 58

BASE_AFTER:
(begin
  (send
    (lvar :arg0) :count=
    (begin
      (send
        (hole 0 {:hash_depth=>0, :limit_depth=>true, :recv=>true}) :count)))
  (int 1))
BASETYPE: Integer
SIZE WORK_LIST: 120
SIZE generated: 1
EVALUABLE#: 1

-------------------------

----------------
TTYPES
Integer
Integer
Integer
Integer
Integer
Integer

PROGS

LOCAL_COUNT: 59
GLOBAL_COUNT: 59

BASE_AFTER:
(begin
  (send
    (lvar :arg0) :diaspora_user=
    (hole 1 {:hash_depth=>0, :method_arg=>true, :variance=>:+}))
  (int 1))
BASETYPE: Integer
SIZE WORK_LIST: 120
SIZE generated: 6
EVALUABLE#: 0

-------------------------

----------------
TTYPES
Integer
Integer

PROGS

LOCAL_COUNT: 60
GLOBAL_COUNT: 60

BASE_AFTER:
(begin
  (send
    (lvar :arg0) :count=
    (begin
      (send
        (lvar InvitationCode(id: integer, token: string, diaspora_user_id: integer, count: integer)) :count)))
  (int 1))
BASETYPE: Integer
SIZE WORK_LIST: 125
SIZE generated: 2
EVALUABLE#: 0

-------------------------

----------------
TTYPES
true or false
true or false
Integer
Integer
Integer
String
%bot

PROGS

LOCAL_COUNT: 1
GLOBAL_COUNT: 61

BASE_AFTER:
(filled-hole
  (true)
  (false)
  (int 0)
  (int 1)
  (int 2)
  (str "")
  (hole 1 {:hash_depth=>0, :method_arg=>false, :variance=>:-}) {:method_arg=>false})
BASETYPE: %bot
SIZE WORK_LIST: 0
SIZE generated: 7
EVALUABLE#: 6

-------------------------

----------------
TTYPES
true or false
true or false

PROGS

LOCAL_COUNT: 2
GLOBAL_COUNT: 62

BASE_AFTER:
(true)
BASETYPE: true or false
SIZE WORK_LIST: 6
SIZE generated: 2
EVALUABLE#: 0

-------------------------

----------------
TTYPES
true or false
true or false

PROGS

LOCAL_COUNT: 3
GLOBAL_COUNT: 63

BASE_AFTER:
(false)
BASETYPE: true or false
SIZE WORK_LIST: 7
SIZE generated: 2
EVALUABLE#: 0

-------------------------

----------------
TTYPES
Integer
Integer

PROGS

LOCAL_COUNT: 4
GLOBAL_COUNT: 64

BASE_AFTER:
(int 0)
BASETYPE: Integer
SIZE WORK_LIST: 8
SIZE generated: 2
EVALUABLE#: 0

-------------------------

----------------
TTYPES
Integer
Integer

PROGS

LOCAL_COUNT: 5
GLOBAL_COUNT: 65

BASE_AFTER:
(int 1)
BASETYPE: Integer
SIZE WORK_LIST: 9
SIZE generated: 2
EVALUABLE#: 0

-------------------------

----------------
TTYPES
Integer
Integer

PROGS

LOCAL_COUNT: 6
GLOBAL_COUNT: 66

BASE_AFTER:
(int 2)
BASETYPE: Integer
SIZE WORK_LIST: 10
SIZE generated: 2
EVALUABLE#: 0

-------------------------

----------------
TTYPES
String
String

PROGS

LOCAL_COUNT: 7
GLOBAL_COUNT: 67

BASE_AFTER:
(str "")
BASETYPE: String
SIZE WORK_LIST: 11
SIZE generated: 2
EVALUABLE#: 0

-------------------------

----------------
TTYPES
%bot

PROGS

LOCAL_COUNT: 8
GLOBAL_COUNT: 68

BASE_AFTER:
(filled-hole
  (hole 2 {:hash_depth=>0, :method_arg=>false, :variance=>:-}) {:method_arg=>false})
BASETYPE: %bot
SIZE WORK_LIST: 12
SIZE generated: 1
EVALUABLE#: 0

-------------------------

----------------
TTYPES
true or false
true or false
true or false
true or false

PROGS

LOCAL_COUNT: 9
GLOBAL_COUNT: 69

BASE_AFTER:
(begin
  (send
    (hole 0 {:hash_depth=>0, :limit_depth=>true, :recv=>true}) :count=
    (hole 0 {:hash_depth=>0, :method_arg=>true}))
  (true))
BASETYPE: true or false
SIZE WORK_LIST: 12
SIZE generated: 4
EVALUABLE#: 3

-------------------------

----------------
TTYPES
true or false

PROGS

LOCAL_COUNT: 1
GLOBAL_COUNT: 70

BASE_AFTER:
(filled-hole
  (hole 1 {:hash_depth=>0, :method_arg=>false, :variance=>:+}) {:method_arg=>false})
BASETYPE: true or false
SIZE WORK_LIST: 0
SIZE generated: 1
EVALUABLE#: 0

-------------------------

----------------
TTYPES
true or false
true or false
Integer
Integer
Integer
String
%bot

PROGS

LOCAL_COUNT: 1
GLOBAL_COUNT: 1

BASE_AFTER:
(filled-hole
  (true)
  (false)
  (int 0)
  (int 1)
  (int 2)
  (str "")
  (hole 1 {:hash_depth=>0, :method_arg=>false, :variance=>:-}) {:method_arg=>false})
BASETYPE: %bot
SIZE WORK_LIST: 0
SIZE generated: 7
EVALUABLE#: 6

-------------------------

----------------
TTYPES
true or false
true or false

PROGS

LOCAL_COUNT: 2
GLOBAL_COUNT: 2

BASE_AFTER:
(true)
BASETYPE: true or false
SIZE WORK_LIST: 6
SIZE generated: 2
EVALUABLE#: 0

-------------------------

----------------
TTYPES
true or false
true or false

PROGS

LOCAL_COUNT: 3
GLOBAL_COUNT: 3

BASE_AFTER:
(false)
BASETYPE: true or false
SIZE WORK_LIST: 7
SIZE generated: 2
EVALUABLE#: 0

-------------------------

----------------
TTYPES
Integer
Integer

PROGS

LOCAL_COUNT: 4
GLOBAL_COUNT: 4

BASE_AFTER:
(int 0)
BASETYPE: Integer
SIZE WORK_LIST: 8
SIZE generated: 2
EVALUABLE#: 0

-------------------------

----------------
TTYPES
Integer
Integer

PROGS

LOCAL_COUNT: 5
GLOBAL_COUNT: 5

BASE_AFTER:
(int 1)
BASETYPE: Integer
SIZE WORK_LIST: 9
SIZE generated: 2
EVALUABLE#: 0

-------------------------

----------------
TTYPES
Integer
Integer

PROGS

LOCAL_COUNT: 6
GLOBAL_COUNT: 6

BASE_AFTER:
(int 2)
BASETYPE: Integer
SIZE WORK_LIST: 10
SIZE generated: 2
EVALUABLE#: 0

-------------------------

----------------
TTYPES
String
String

PROGS

LOCAL_COUNT: 7
GLOBAL_COUNT: 7

BASE_AFTER:
(str "")
BASETYPE: String
SIZE WORK_LIST: 11
SIZE generated: 2
EVALUABLE#: 0

-------------------------

----------------
TTYPES
%bot

PROGS

LOCAL_COUNT: 8
GLOBAL_COUNT: 8

BASE_AFTER:
(filled-hole
  (begin
    (send
      (hole 0 {:hash_depth=>0, :limit_depth=>true, :recv=>true}) :-
      (hole 0 {:hash_depth=>0, :method_arg=>true})))
  (begin
    (send
      (hole 0 {:hash_depth=>0, :limit_depth=>true, :recv=>true}) :count))
  (begin
    (send
      (hole 0 {:hash_depth=>0, :limit_depth=>true, :recv=>true}) :-
      (hole 0 {:hash_depth=>0, :method_arg=>true})))
  (hole 2 {:hash_depth=>0, :method_arg=>false, :variance=>:-}) {:method_arg=>false})
BASETYPE: %bot
SIZE WORK_LIST: 12
SIZE generated: 1
EVALUABLE#: 0

-------------------------

----------------
TTYPES
true or false
true or false
true or false
true or false

PROGS

LOCAL_COUNT: 9
GLOBAL_COUNT: 9

BASE_AFTER:
(begin
  (send
    (hole 0 {:hash_depth=>0, :limit_depth=>true, :recv=>true}) :count=
    (hole 0 {:hash_depth=>0, :method_arg=>true}))
  (true))
BASETYPE: true or false
SIZE WORK_LIST: 12
SIZE generated: 4
EVALUABLE#: 3

-------------------------

----------------
TTYPES
true or false

PROGS

LOCAL_COUNT: 10
GLOBAL_COUNT: 10

BASE_AFTER:
(begin
  (send
    (hole 0 {:hash_depth=>0, :limit_depth=>true, :recv=>true}) :diaspora_user=
    (hole 0 {:hash_depth=>0, :method_arg=>true}))
  (true))
BASETYPE: true or false
SIZE WORK_LIST: 14
SIZE generated: 1
EVALUABLE#: 0

-------------------------

----------------
TTYPES
true or false
true or false
true or false
true or false

PROGS

LOCAL_COUNT: 11
GLOBAL_COUNT: 11

BASE_AFTER:
(begin
  (send
    (hole 0 {:hash_depth=>0, :limit_depth=>true, :recv=>true}) :count=
    (hole 0 {:hash_depth=>0, :method_arg=>true}))
  (false))
BASETYPE: true or false
SIZE WORK_LIST: 14
SIZE generated: 4
EVALUABLE#: 3

-------------------------

----------------
TTYPES
true or false

PROGS

LOCAL_COUNT: 12
GLOBAL_COUNT: 12

BASE_AFTER:
(begin
  (send
    (hole 0 {:hash_depth=>0, :limit_depth=>true, :recv=>true}) :diaspora_user=
    (hole 0 {:hash_depth=>0, :method_arg=>true}))
  (false))
BASETYPE: true or false
SIZE WORK_LIST: 16
SIZE generated: 1
EVALUABLE#: 0

-------------------------

----------------
TTYPES
Integer
Integer
Integer
Integer
Integer

PROGS

LOCAL_COUNT: 13
GLOBAL_COUNT: 13

BASE_AFTER:
(begin
  (send
    (hole 0 {:hash_depth=>0, :limit_depth=>true, :recv=>true}) :count=
    (hole 0 {:hash_depth=>0, :method_arg=>true}))
  (int 0))
BASETYPE: Integer
SIZE WORK_LIST: 16
SIZE generated: 5
EVALUABLE#: 4

-------------------------

----------------
TTYPES
Integer

PROGS

LOCAL_COUNT: 14
GLOBAL_COUNT: 14

BASE_AFTER:
(begin
  (send
    (hole 0 {:hash_depth=>0, :limit_depth=>true, :recv=>true}) :diaspora_user=
    (hole 0 {:hash_depth=>0, :method_arg=>true}))
  (int 0))
BASETYPE: Integer
SIZE WORK_LIST: 19
SIZE generated: 1
EVALUABLE#: 0

-------------------------

----------------
TTYPES
Integer
Integer
Integer
Integer
Integer

PROGS

LOCAL_COUNT: 15
GLOBAL_COUNT: 15

BASE_AFTER:
(begin
  (send
    (hole 0 {:hash_depth=>0, :limit_depth=>true, :recv=>true}) :count=
    (hole 0 {:hash_depth=>0, :method_arg=>true}))
  (int 1))
BASETYPE: Integer
SIZE WORK_LIST: 19
SIZE generated: 5
EVALUABLE#: 4

-------------------------

----------------
TTYPES
Integer

PROGS

LOCAL_COUNT: 16
GLOBAL_COUNT: 16

BASE_AFTER:
(begin
  (send
    (hole 0 {:hash_depth=>0, :limit_depth=>true, :recv=>true}) :diaspora_user=
    (hole 0 {:hash_depth=>0, :method_arg=>true}))
  (int 1))
BASETYPE: Integer
SIZE WORK_LIST: 22
SIZE generated: 1
EVALUABLE#: 0

-------------------------

----------------
TTYPES
Integer
Integer
Integer
Integer
Integer

PROGS

LOCAL_COUNT: 17
GLOBAL_COUNT: 17

BASE_AFTER:
(begin
  (send
    (hole 0 {:hash_depth=>0, :limit_depth=>true, :recv=>true}) :count=
    (hole 0 {:hash_depth=>0, :method_arg=>true}))
  (int 2))
BASETYPE: Integer
SIZE WORK_LIST: 22
SIZE generated: 5
EVALUABLE#: 4

-------------------------

----------------
TTYPES
Integer

PROGS

LOCAL_COUNT: 18
GLOBAL_COUNT: 18

BASE_AFTER:
(begin
  (send
    (hole 0 {:hash_depth=>0, :limit_depth=>true, :recv=>true}) :diaspora_user=
    (hole 0 {:hash_depth=>0, :method_arg=>true}))
  (int 2))
BASETYPE: Integer
SIZE WORK_LIST: 24
SIZE generated: 1
EVALUABLE#: 0

-------------------------

----------------
TTYPES
String
String
String
String

PROGS

LOCAL_COUNT: 19
GLOBAL_COUNT: 19

BASE_AFTER:
(begin
  (send
    (hole 0 {:hash_depth=>0, :limit_depth=>true, :recv=>true}) :count=
    (hole 0 {:hash_depth=>0, :method_arg=>true}))
  (str ""))
BASETYPE: String
SIZE WORK_LIST: 24
SIZE generated: 4
EVALUABLE#: 3

-------------------------

----------------
TTYPES
String

PROGS

LOCAL_COUNT: 20
GLOBAL_COUNT: 20

BASE_AFTER:
(begin
  (send
    (hole 0 {:hash_depth=>0, :limit_depth=>true, :recv=>true}) :diaspora_user=
    (hole 0 {:hash_depth=>0, :method_arg=>true}))
  (str ""))
BASETYPE: String
SIZE WORK_LIST: 26
SIZE generated: 1
EVALUABLE#: 0

-------------------------

----------------
TTYPES
true or false
true or false

PROGS

LOCAL_COUNT: 21
GLOBAL_COUNT: 21

BASE_AFTER:
(begin
  (send
    (lvar :arg0) :count=
    (int 0))
  (true))
BASETYPE: true or false
SIZE WORK_LIST: 26
SIZE generated: 2
EVALUABLE#: 0

-------------------------

----------------
TTYPES
true or false
true or false

PROGS

LOCAL_COUNT: 22
GLOBAL_COUNT: 22

BASE_AFTER:
(begin
  (send
    (lvar :arg0) :count=
    (int 1))
  (true))
BASETYPE: true or false
SIZE WORK_LIST: 27
SIZE generated: 2
EVALUABLE#: 0

-------------------------

----------------
TTYPES
true or false
true or false

PROGS

LOCAL_COUNT: 23
GLOBAL_COUNT: 23

BASE_AFTER:
(begin
  (send
    (lvar :arg0) :count=
    (int 0))
  (false))
BASETYPE: true or false
SIZE WORK_LIST: 28
SIZE generated: 2
EVALUABLE#: 0

-------------------------

----------------
TTYPES
true or false
true or false

PROGS

LOCAL_COUNT: 24
GLOBAL_COUNT: 24

BASE_AFTER:
(begin
  (send
    (lvar :arg0) :count=
    (int 1))
  (false))
BASETYPE: true or false
SIZE WORK_LIST: 29
SIZE generated: 2
EVALUABLE#: 0

-------------------------

----------------
TTYPES
Integer
Integer

PROGS

LOCAL_COUNT: 25
GLOBAL_COUNT: 25

BASE_AFTER:
(begin
  (send
    (lvar :arg0) :count=
    (int 0))
  (int 0))
BASETYPE: Integer
SIZE WORK_LIST: 30
SIZE generated: 2
EVALUABLE#: 0

-------------------------

----------------
TTYPES
Integer
Integer

PROGS

LOCAL_COUNT: 26
GLOBAL_COUNT: 26

BASE_AFTER:
(begin
  (send
    (lvar :arg0) :count=
    (int 1))
  (int 0))
BASETYPE: Integer
SIZE WORK_LIST: 31
SIZE generated: 2
EVALUABLE#: 0

-------------------------

----------------
TTYPES
Integer
Integer

PROGS

LOCAL_COUNT: 27
GLOBAL_COUNT: 27

BASE_AFTER:
(begin
  (lvasgn :t0
    (int 0))
  (send
    (lvar :arg0) :count=
    (lvar :t0))
  (lvar :t0))
BASETYPE: Integer
SIZE WORK_LIST: 32
SIZE generated: 2
EVALUABLE#: 0

-------------------------

----------------
TTYPES
Integer
Integer

PROGS

LOCAL_COUNT: 28
GLOBAL_COUNT: 28

BASE_AFTER:
(begin
  (send
    (lvar :arg0) :count=
    (int 0))
  (int 1))
BASETYPE: Integer
SIZE WORK_LIST: 33
SIZE generated: 2
EVALUABLE#: 0

-------------------------

----------------
TTYPES
Integer
Integer

PROGS

LOCAL_COUNT: 29
GLOBAL_COUNT: 29

BASE_AFTER:
(begin
  (send
    (lvar :arg0) :count=
    (int 1))
  (int 1))
BASETYPE: Integer
SIZE WORK_LIST: 34
SIZE generated: 2
EVALUABLE#: 0

-------------------------

----------------
TTYPES
Integer
Integer

PROGS

LOCAL_COUNT: 30
GLOBAL_COUNT: 30

BASE_AFTER:
(begin
  (lvasgn :t0
    (int 1))
  (send
    (lvar :arg0) :count=
    (lvar :t0))
  (lvar :t0))
BASETYPE: Integer
SIZE WORK_LIST: 35
SIZE generated: 2
EVALUABLE#: 0

-------------------------

----------------
TTYPES
Integer
Integer

PROGS

LOCAL_COUNT: 31
GLOBAL_COUNT: 31

BASE_AFTER:
(begin
  (send
    (lvar :arg0) :count=
    (int 0))
  (int 2))
BASETYPE: Integer
SIZE WORK_LIST: 36
SIZE generated: 2
EVALUABLE#: 0

-------------------------

----------------
TTYPES
Integer
Integer

PROGS

LOCAL_COUNT: 32
GLOBAL_COUNT: 32

BASE_AFTER:
(begin
  (send
    (lvar :arg0) :count=
    (int 1))
  (int 2))
BASETYPE: Integer
SIZE WORK_LIST: 37
SIZE generated: 2
EVALUABLE#: 0

-------------------------

----------------
TTYPES
String
String

PROGS

LOCAL_COUNT: 33
GLOBAL_COUNT: 33

BASE_AFTER:
(begin
  (send
    (lvar :arg0) :count=
    (int 0))
  (str ""))
BASETYPE: String
SIZE WORK_LIST: 38
SIZE generated: 2
EVALUABLE#: 0

-------------------------

----------------
TTYPES
String
String

PROGS

LOCAL_COUNT: 34
GLOBAL_COUNT: 34

BASE_AFTER:
(begin
  (send
    (lvar :arg0) :count=
    (int 1))
  (str ""))
BASETYPE: String
SIZE WORK_LIST: 39
SIZE generated: 2
EVALUABLE#: 0

-------------------------

----------------
TTYPES
Integer
Integer
Integer
Integer
Integer
Integer
Integer
Integer
%bot

PROGS

LOCAL_COUNT: 35
GLOBAL_COUNT: 35

BASE_AFTER:
(filled-hole
  (begin
    (send
      (send
        (hole 0 {:hash_depth=>0, :limit_depth=>true, :recv=>true}) :id=
        (hole 0 {:hash_depth=>0, :method_arg=>true})) :-
      (hole 0 {:hash_depth=>0, :method_arg=>true})))
  (begin
    (send
      (send
        (hole 0 {:hash_depth=>0, :limit_depth=>true, :recv=>true}) :id=
        (hole 0 {:hash_depth=>0, :method_arg=>true})) :-
      (hole 0 {:hash_depth=>0, :method_arg=>true})))
  (begin
    (send
      (send
        (hole 0 {:hash_depth=>0, :limit_depth=>true, :recv=>true}) :id=
        (hole 0 {:hash_depth=>0, :method_arg=>true})) :count))
  (begin
    (send
      (send
        (hole 0 {:hash_depth=>0, :limit_depth=>true, :recv=>true}) :id) :-
      (hole 0 {:hash_depth=>0, :method_arg=>true})))
  (begin
    (send
      (send
        (hole 0 {:hash_depth=>0, :limit_depth=>true, :recv=>true}) :id) :-
      (hole 0 {:hash_depth=>0, :method_arg=>true})))
  (begin
    (send
      (send
        (hole 0 {:hash_depth=>0, :limit_depth=>true, :recv=>true}) :id) :count))
  (begin
    (send
      (send
        (hole 0 {:hash_depth=>0, :limit_depth=>true, :recv=>true}) :token=
        (hole 0 {:hash_depth=>0, :method_arg=>true})) :count))
  (begin
    (send
      (send
        (hole 0 {:hash_depth=>0, :limit_depth=>true, :recv=>true}) :token=
        (hole 0 {:hash_depth=>0, :method_arg=>true})) :-
      (hole 0 {:hash_depth=>0, :method_arg=>true})))
  (begin
    (send
      (send
        (hole 0 {:hash_depth=>0, :limit_depth=>true, :recv=>true}) :token) :count))
  (begin
    (send
      (send
        (hole 0 {:hash_depth=>0, :limit_depth=>true, :recv=>true}) :token) :-
      (hole 0 {:hash_depth=>0, :method_arg=>true})))
  (begin
    (send
      (send
        (hole 0 {:hash_depth=>0, :limit_depth=>true, :recv=>true}) :diaspora_user_id=
        (hole 0 {:hash_depth=>0, :method_arg=>true})) :-
      (hole 0 {:hash_depth=>0, :method_arg=>true})))
  (begin
    (send
      (send
        (hole 0 {:hash_depth=>0, :limit_depth=>true, :recv=>true}) :diaspora_user_id=
        (hole 0 {:hash_depth=>0, :method_arg=>true})) :-
      (hole 0 {:hash_depth=>0, :method_arg=>true})))
  (begin
    (send
      (send
        (hole 0 {:hash_depth=>0, :limit_depth=>true, :recv=>true}) :diaspora_user_id=
        (hole 0 {:hash_depth=>0, :method_arg=>true})) :count))
  (begin
    (send
      (send
        (hole 0 {:hash_depth=>0, :limit_depth=>true, :recv=>true}) :diaspora_user_id) :-
      (hole 0 {:hash_depth=>0, :method_arg=>true})))
  (begin
    (send
      (send
        (hole 0 {:hash_depth=>0, :limit_depth=>true, :recv=>true}) :diaspora_user_id) :-
      (hole 0 {:hash_depth=>0, :method_arg=>true})))
  (begin
    (send
      (send
        (hole 0 {:hash_depth=>0, :limit_depth=>true, :recv=>true}) :diaspora_user_id) :count))
  (begin
    (send
      (send
        (hole 0 {:hash_depth=>0, :limit_depth=>true, :recv=>true}) :count=
        (hole 0 {:hash_depth=>0, :method_arg=>true})) :-
      (hole 0 {:hash_depth=>0, :method_arg=>true})))
  (begin
    (send
      (send
        (hole 0 {:hash_depth=>0, :limit_depth=>true, :recv=>true}) :count=
        (hole 0 {:hash_depth=>0, :method_arg=>true})) :-
      (hole 0 {:hash_depth=>0, :method_arg=>true})))
  (begin
    (send
      (send
        (hole 0 {:hash_depth=>0, :limit_depth=>true, :recv=>true}) :count=
        (hole 0 {:hash_depth=>0, :method_arg=>true})) :count))
  (begin
    (send
      (begin
        (send
          (hole 0 {:hash_depth=>0, :limit_depth=>true, :recv=>true}) :count)) :-
      (hole 0 {:hash_depth=>0, :method_arg=>true})))
  (begin
    (send
      (begin
        (send
          (hole 0 {:hash_depth=>0, :limit_depth=>true, :recv=>true}) :count)) :-
      (hole 0 {:hash_depth=>0, :method_arg=>true})))
  (begin
    (send
      (begin
        (send
          (hole 0 {:hash_depth=>0, :limit_depth=>true, :recv=>true}) :count)) :count))
  (begin
    (send
      (send
        (hole 0 {:hash_depth=>0, :limit_depth=>true, :recv=>true}) :diaspora_user) :count))
  (begin
    (send
      (send
        (hole 0 {:hash_depth=>0, :limit_depth=>true, :recv=>true}) :diaspora_user) :-
      (hole 0 {:hash_depth=>0, :method_arg=>true})))
  (begin
    (send
      (send
        (hole 0 {:hash_depth=>0, :limit_depth=>true, :recv=>true}) :diaspora_user=
        (hole 0 {:hash_depth=>0, :method_arg=>true})) :count))
  (begin
    (send
      (send
        (hole 0 {:hash_depth=>0, :limit_depth=>true, :recv=>true}) :diaspora_user=
        (hole 0 {:hash_depth=>0, :method_arg=>true})) :-
      (hole 0 {:hash_depth=>0, :method_arg=>true})))
  (begin
    (send
      (begin
        (send
          (hole 0 {:hash_depth=>0, :limit_depth=>true, :recv=>true}) :-
          (hole 0 {:hash_depth=>0, :method_arg=>true}))) :-
      (hole 0 {:hash_depth=>0, :method_arg=>true})))
  (begin
    (send
      (begin
        (send
          (hole 0 {:hash_depth=>0, :limit_depth=>true, :recv=>true}) :-
          (hole 0 {:hash_depth=>0, :method_arg=>true}))) :-
      (hole 0 {:hash_depth=>0, :method_arg=>true})))
  (begin
    (send
      (begin
        (send
          (hole 0 {:hash_depth=>0, :limit_depth=>true, :recv=>true}) :save)) :count))
  (begin
    (send
      (begin
        (send
          (hole 0 {:hash_depth=>0, :limit_depth=>true, :recv=>true}) :save)) :-
      (hole 0 {:hash_depth=>0, :method_arg=>true})))
  (begin
    (send
      (begin
        (send
          (hole 0 {:hash_depth=>0, :limit_depth=>true, :recv=>true}) :count)) :-
      (hole 0 {:hash_depth=>0, :method_arg=>true})))
  (begin
    (send
      (begin
        (send
          (hole 0 {:hash_depth=>0, :limit_depth=>true, :recv=>true}) :count)) :-
      (hole 0 {:hash_depth=>0, :method_arg=>true})))
  (begin
    (send
      (begin
        (send
          (hole 0 {:hash_depth=>0, :limit_depth=>true, :recv=>true}) :-
          (hole 0 {:hash_depth=>0, :method_arg=>true}))) :-
      (hole 0 {:hash_depth=>0, :method_arg=>true})))
  (begin
    (send
      (begin
        (send
          (hole 0 {:hash_depth=>0, :limit_depth=>true, :recv=>true}) :-
          (hole 0 {:hash_depth=>0, :method_arg=>true}))) :-
      (hole 0 {:hash_depth=>0, :method_arg=>true})))
  (begin
    (send
      (begin
        (send
          (hole 0 {:hash_depth=>0, :limit_depth=>true, :recv=>true}) :save)) :count))
  (begin
    (send
      (begin
        (send
          (hole 0 {:hash_depth=>0, :limit_depth=>true, :recv=>true}) :save)) :-
      (hole 0 {:hash_depth=>0, :method_arg=>true})))
  (hole 3 {:hash_depth=>0, :method_arg=>false, :variance=>:-}) {:method_arg=>false})
BASETYPE: %bot
SIZE WORK_LIST: 40
SIZE generated: 9
EVALUABLE#: 0

-------------------------

----------------
TTYPES
Integer
Integer
Integer
Integer
Integer
Integer
Integer
Integer
Integer
Integer
Integer
Integer
Integer
Integer
Integer
Integer
Integer
Integer
Integer
Integer
Integer
Integer
Integer
Integer
Integer
Integer
Integer
Integer
Integer
Integer
Integer
Integer
Integer
Integer
Integer
Integer

PROGS

LOCAL_COUNT: 36
GLOBAL_COUNT: 36

BASE_AFTER:
(begin
  (send
    (begin
      (send
        (filled-hole
          (lvar InvitationCode(id: integer, token: string, diaspora_user_id: integer, count: integer)) {:method_arg=>false}) :-
        (filled-hole
          (lvar :arg0)
          (lvar InvitationCode(id: integer, token: string, diaspora_user_id: integer, count: integer))
          (true)
          (false)
          (int 0)
          (int 1)
          (int 2)
          (str "")
          (hole 1 {:hash_depth=>0, :method_arg=>true, :variance=>:+}) {:method_arg=>true}))) :-
    (filled-hole
      (int 0)
      (int 1)
      (int 2)
      (hole 1 {:hash_depth=>0, :method_arg=>true, :variance=>:+}) {:method_arg=>true})))
BASETYPE: Integer
SIZE WORK_LIST: 48
SIZE generated: 36
EVALUABLE#: 24

-------------------------

----------------
TTYPES
Integer
Integer
Integer
Integer

PROGS

LOCAL_COUNT: 37
GLOBAL_COUNT: 37

BASE_AFTER:
(begin
  (send
    (begin
      (send
        (filled-hole
          (lvar InvitationCode(id: integer, token: string, diaspora_user_id: integer, count: integer)) {:method_arg=>false}) :count)) :-
    (filled-hole
      (int 0)
      (int 1)
      (int 2)
      (hole 1 {:hash_depth=>0, :method_arg=>true, :variance=>:+}) {:method_arg=>true})))
BASETYPE: Integer
SIZE WORK_LIST: 59
SIZE generated: 4
EVALUABLE#: 3

-------------------------

----------------
TTYPES
true or false
true or false
true or false
true or false
true or false
true or false
true or false
true or false
true or false
true or false
true or false

PROGS

LOCAL_COUNT: 38
GLOBAL_COUNT: 38

BASE_AFTER:
(begin
  (send
    (lvar :arg0) :count=
    (hole 1 {:hash_depth=>0, :method_arg=>true, :variance=>:+}))
  (true))
BASETYPE: true or false
SIZE WORK_LIST: 62
SIZE generated: 11
EVALUABLE#: 0

-------------------------

----------------
TTYPES
Integer
Integer

PROGS

LOCAL_COUNT: 39
GLOBAL_COUNT: 39

BASE_AFTER:
(begin
  (send
    (begin
      (send
        (lvar InvitationCode(id: integer, token: string, diaspora_user_id: integer, count: integer)) :count)) :-
    (int 0)))
BASETYPE: Integer
SIZE WORK_LIST: 72
SIZE generated: 2
EVALUABLE#: 0

-------------------------

----------------
TTYPES
Integer
Integer

PROGS

LOCAL_COUNT: 40
GLOBAL_COUNT: 40

BASE_AFTER:
(begin
  (send
    (begin
      (send
        (lvar InvitationCode(id: integer, token: string, diaspora_user_id: integer, count: integer)) :count)) :-
    (int 1)))
BASETYPE: Integer
SIZE WORK_LIST: 73
SIZE generated: 2
EVALUABLE#: 0

-------------------------

----------------
TTYPES
Integer
Integer

PROGS

LOCAL_COUNT: 41
GLOBAL_COUNT: 41

BASE_AFTER:
(begin
  (send
    (begin
      (send
        (lvar InvitationCode(id: integer, token: string, diaspora_user_id: integer, count: integer)) :count)) :-
    (int 2)))
BASETYPE: Integer
SIZE WORK_LIST: 74
SIZE generated: 2
EVALUABLE#: 0

-------------------------

----------------
TTYPES
true or false
true or false
true or false
true or false
true or false
true or false
true or false
true or false
true or false
true or false

PROGS

LOCAL_COUNT: 42
GLOBAL_COUNT: 42

BASE_AFTER:
(begin
  (send
    (lvar :arg0) :count=
    (begin
      (send
        (hole 0 {:hash_depth=>0, :limit_depth=>true, :recv=>true}) :-
        (hole 0 {:hash_depth=>0, :method_arg=>true}))))
  (true))
BASETYPE: true or false
SIZE WORK_LIST: 75
SIZE generated: 10
EVALUABLE#: 9

-------------------------

----------------
TTYPES
true or false

PROGS

LOCAL_COUNT: 43
GLOBAL_COUNT: 43

BASE_AFTER:
(begin
  (send
    (lvar :arg0) :count=
    (begin
      (send
        (hole 0 {:hash_depth=>0, :limit_depth=>true, :recv=>true}) :count)))
  (true))
BASETYPE: true or false
SIZE WORK_LIST: 75
SIZE generated: 1
EVALUABLE#: 1

-------------------------

----------------
TTYPES
true or false
true or false
true or false
true or false
true or false
true or false

PROGS

LOCAL_COUNT: 44
GLOBAL_COUNT: 44

BASE_AFTER:
(begin
  (send
    (lvar :arg0) :diaspora_user=
    (hole 1 {:hash_depth=>0, :method_arg=>true, :variance=>:+}))
  (true))
BASETYPE: true or false
SIZE WORK_LIST: 75
SIZE generated: 6
EVALUABLE#: 0

-------------------------

----------------
TTYPES
true or false
true or false

PROGS

LOCAL_COUNT: 45
GLOBAL_COUNT: 45

BASE_AFTER:
(begin
  (send
    (lvar :arg0) :count=
    (begin
      (send
        (lvar InvitationCode(id: integer, token: string, diaspora_user_id: integer, count: integer)) :count)))
  (true))
BASETYPE: true or false
SIZE WORK_LIST: 80
SIZE generated: 2
EVALUABLE#: 0

-------------------------

----------------
TTYPES
true or false

PROGS

LOCAL_COUNT: 46
GLOBAL_COUNT: 46

BASE_AFTER:
(begin
  (send
    (lvar :arg0) :diaspora_user=
    (begin
      (send
        (hole 0 {:hash_depth=>0, :limit_depth=>true, :recv=>true}) :count)))
  (true))
BASETYPE: true or false
SIZE WORK_LIST: 81
SIZE generated: 1
EVALUABLE#: 1

-------------------------

----------------
TTYPES
true or false
true or false
true or false
true or false
true or false
true or false
true or false
true or false
true or false
true or false
true or false

PROGS

LOCAL_COUNT: 47
GLOBAL_COUNT: 47

BASE_AFTER:
(begin
  (send
    (lvar :arg0) :count=
    (hole 1 {:hash_depth=>0, :method_arg=>true, :variance=>:+}))
  (false))
BASETYPE: true or false
SIZE WORK_LIST: 80
SIZE generated: 11
EVALUABLE#: 0

-------------------------

----------------
TTYPES
true or false

PROGS

LOCAL_COUNT: 48
GLOBAL_COUNT: 48

BASE_AFTER:
(begin
  (send
    (lvar :arg0) :count=
    (begin
      (send
        (hole 0 {:hash_depth=>0, :limit_depth=>true, :recv=>true}) :count)))
  (false))
BASETYPE: true or false
SIZE WORK_LIST: 90
SIZE generated: 1
EVALUABLE#: 1

-------------------------

----------------
TTYPES
true or false
true or false
true or false
true or false
true or false
true or false

PROGS

LOCAL_COUNT: 49
GLOBAL_COUNT: 49

BASE_AFTER:
(begin
  (send
    (lvar :arg0) :diaspora_user=
    (hole 1 {:hash_depth=>0, :method_arg=>true, :variance=>:+}))
  (false))
BASETYPE: true or false
SIZE WORK_LIST: 90
SIZE generated: 6
EVALUABLE#: 0

-------------------------

----------------
TTYPES
true or false
true or false

PROGS

LOCAL_COUNT: 50
GLOBAL_COUNT: 50

BASE_AFTER:
(begin
  (send
    (lvar :arg0) :count=
    (begin
      (send
        (lvar InvitationCode(id: integer, token: string, diaspora_user_id: integer, count: integer)) :count)))
  (false))
BASETYPE: true or false
SIZE WORK_LIST: 95
SIZE generated: 2
EVALUABLE#: 0

-------------------------

----------------
TTYPES
true or false

PROGS

LOCAL_COUNT: 51
GLOBAL_COUNT: 51

BASE_AFTER:
(begin
  (send
    (lvar :arg0) :diaspora_user=
    (begin
      (send
        (hole 0 {:hash_depth=>0, :limit_depth=>true, :recv=>true}) :count)))
  (false))
BASETYPE: true or false
SIZE WORK_LIST: 96
SIZE generated: 1
EVALUABLE#: 1

-------------------------

----------------
TTYPES
Integer
Integer
Integer
Integer
Integer
Integer
Integer
Integer
Integer
Integer
Integer

PROGS

LOCAL_COUNT: 52
GLOBAL_COUNT: 52

BASE_AFTER:
(begin
  (send
    (lvar :arg0) :count=
    (hole 1 {:hash_depth=>0, :method_arg=>true, :variance=>:+}))
  (int 0))
BASETYPE: Integer
SIZE WORK_LIST: 95
SIZE generated: 11
EVALUABLE#: 0

-------------------------

----------------
TTYPES
Integer

PROGS

LOCAL_COUNT: 53
GLOBAL_COUNT: 53

BASE_AFTER:
(begin
  (send
    (lvar :arg0) :count=
    (begin
      (send
        (hole 0 {:hash_depth=>0, :limit_depth=>true, :recv=>true}) :count)))
  (int 0))
BASETYPE: Integer
SIZE WORK_LIST: 105
SIZE generated: 1
EVALUABLE#: 1

-------------------------

----------------
TTYPES
Integer
Integer
Integer
Integer
Integer
Integer

PROGS

LOCAL_COUNT: 54
GLOBAL_COUNT: 54

BASE_AFTER:
(begin
  (send
    (lvar :arg0) :diaspora_user=
    (hole 1 {:hash_depth=>0, :method_arg=>true, :variance=>:+}))
  (int 0))
BASETYPE: Integer
SIZE WORK_LIST: 105
SIZE generated: 6
EVALUABLE#: 0

-------------------------

----------------
TTYPES
Integer
Integer

PROGS

LOCAL_COUNT: 55
GLOBAL_COUNT: 55

BASE_AFTER:
(begin
  (send
    (lvar :arg0) :count=
    (begin
      (send
        (lvar InvitationCode(id: integer, token: string, diaspora_user_id: integer, count: integer)) :count)))
  (int 0))
BASETYPE: Integer
SIZE WORK_LIST: 110
SIZE generated: 2
EVALUABLE#: 0

-------------------------

----------------
TTYPES
Integer

PROGS

LOCAL_COUNT: 56
GLOBAL_COUNT: 56

BASE_AFTER:
(begin
  (send
    (lvar :arg0) :diaspora_user=
    (begin
      (send
        (hole 0 {:hash_depth=>0, :limit_depth=>true, :recv=>true}) :count)))
  (int 0))
BASETYPE: Integer
SIZE WORK_LIST: 111
SIZE generated: 1
EVALUABLE#: 1

-------------------------

----------------
TTYPES
Integer
Integer
Integer
Integer
Integer
Integer
Integer
Integer
Integer
Integer
Integer

PROGS

LOCAL_COUNT: 57
GLOBAL_COUNT: 57

BASE_AFTER:
(begin
  (send
    (lvar :arg0) :count=
    (hole 1 {:hash_depth=>0, :method_arg=>true, :variance=>:+}))
  (int 1))
BASETYPE: Integer
SIZE WORK_LIST: 110
SIZE generated: 11
EVALUABLE#: 0

-------------------------

----------------
TTYPES
Integer

PROGS

LOCAL_COUNT: 58
GLOBAL_COUNT: 58

BASE_AFTER:
(begin
  (send
    (lvar :arg0) :count=
    (begin
      (send
        (hole 0 {:hash_depth=>0, :limit_depth=>true, :recv=>true}) :count)))
  (int 1))
BASETYPE: Integer
SIZE WORK_LIST: 120
SIZE generated: 1
EVALUABLE#: 1

-------------------------

----------------
TTYPES
Integer
Integer
Integer
Integer
Integer
Integer

PROGS

LOCAL_COUNT: 59
GLOBAL_COUNT: 59

BASE_AFTER:
(begin
  (send
    (lvar :arg0) :diaspora_user=
    (hole 1 {:hash_depth=>0, :method_arg=>true, :variance=>:+}))
  (int 1))
BASETYPE: Integer
SIZE WORK_LIST: 120
SIZE generated: 6
EVALUABLE#: 0

-------------------------

----------------
TTYPES
Integer
Integer

PROGS

LOCAL_COUNT: 60
GLOBAL_COUNT: 60

BASE_AFTER:
(begin
  (send
    (lvar :arg0) :count=
    (begin
      (send
        (lvar InvitationCode(id: integer, token: string, diaspora_user_id: integer, count: integer)) :count)))
  (int 1))
BASETYPE: Integer
SIZE WORK_LIST: 125
SIZE generated: 2
EVALUABLE#: 0

-------------------------

----------------
TTYPES
true or false
true or false
Integer
Integer
Integer
String
%bot

PROGS

LOCAL_COUNT: 1
GLOBAL_COUNT: 61

BASE_AFTER:
(filled-hole
  (true)
  (false)
  (int 0)
  (int 1)
  (int 2)
  (str "")
  (hole 1 {:hash_depth=>0, :method_arg=>false, :variance=>:-}) {:method_arg=>false})
BASETYPE: %bot
SIZE WORK_LIST: 0
SIZE generated: 7
EVALUABLE#: 6

-------------------------

----------------
TTYPES
true or false
true or false

PROGS

LOCAL_COUNT: 2
GLOBAL_COUNT: 62

BASE_AFTER:
(true)
BASETYPE: true or false
SIZE WORK_LIST: 6
SIZE generated: 2
EVALUABLE#: 0

-------------------------

----------------
TTYPES
true or false
true or false

PROGS

LOCAL_COUNT: 3
GLOBAL_COUNT: 63

BASE_AFTER:
(false)
BASETYPE: true or false
SIZE WORK_LIST: 7
SIZE generated: 2
EVALUABLE#: 0

-------------------------

----------------
TTYPES
Integer
Integer

PROGS

LOCAL_COUNT: 4
GLOBAL_COUNT: 64

BASE_AFTER:
(int 0)
BASETYPE: Integer
SIZE WORK_LIST: 8
SIZE generated: 2
EVALUABLE#: 0

-------------------------

----------------
TTYPES
Integer
Integer

PROGS

LOCAL_COUNT: 5
GLOBAL_COUNT: 65

BASE_AFTER:
(int 1)
BASETYPE: Integer
SIZE WORK_LIST: 9
SIZE generated: 2
EVALUABLE#: 0

-------------------------

----------------
TTYPES
Integer
Integer

PROGS

LOCAL_COUNT: 6
GLOBAL_COUNT: 66

BASE_AFTER:
(int 2)
BASETYPE: Integer
SIZE WORK_LIST: 10
SIZE generated: 2
EVALUABLE#: 0

-------------------------

----------------
TTYPES
String
String

PROGS

LOCAL_COUNT: 7
GLOBAL_COUNT: 67

BASE_AFTER:
(str "")
BASETYPE: String
SIZE WORK_LIST: 11
SIZE generated: 2
EVALUABLE#: 0

-------------------------

----------------
TTYPES
%bot

PROGS

LOCAL_COUNT: 8
GLOBAL_COUNT: 68

BASE_AFTER:
(filled-hole
  (hole 2 {:hash_depth=>0, :method_arg=>false, :variance=>:-}) {:method_arg=>false})
BASETYPE: %bot
SIZE WORK_LIST: 12
SIZE generated: 1
EVALUABLE#: 0

-------------------------

----------------
TTYPES
true or false
true or false
true or false
true or false

PROGS

LOCAL_COUNT: 9
GLOBAL_COUNT: 69

BASE_AFTER:
(begin
  (send
    (hole 0 {:hash_depth=>0, :limit_depth=>true, :recv=>true}) :count=
    (hole 0 {:hash_depth=>0, :method_arg=>true}))
  (true))
BASETYPE: true or false
SIZE WORK_LIST: 12
SIZE generated: 4
EVALUABLE#: 3

-------------------------

----------------
TTYPES
true or false

PROGS

LOCAL_COUNT: 1
GLOBAL_COUNT: 70

BASE_AFTER:
(filled-hole
  (hole 1 {:hash_depth=>0, :method_arg=>false, :variance=>:+}) {:method_arg=>false})
BASETYPE: true or false
SIZE WORK_LIST: 0
SIZE generated: 1
EVALUABLE#: 0

-------------------------

----------------
TTYPES
true or false
true or false
Integer
Integer
Integer
String
%bot

PROGS

LOCAL_COUNT: 1
GLOBAL_COUNT: 1

BASE_AFTER:
(filled-hole
  (true)
  (false)
  (int 0)
  (int 1)
  (int 2)
  (str "")
  (hole 1 {:hash_depth=>0, :method_arg=>false, :variance=>:-}) {:method_arg=>false})
BASETYPE: %bot
SIZE WORK_LIST: 0
SIZE generated: 7
EVALUABLE#: 6

-------------------------

----------------
TTYPES
true or false
true or false

PROGS

LOCAL_COUNT: 2
GLOBAL_COUNT: 2

BASE_AFTER:
(true)
BASETYPE: true or false
SIZE WORK_LIST: 6
SIZE generated: 2
EVALUABLE#: 0

-------------------------

----------------
TTYPES
true or false
true or false

PROGS

LOCAL_COUNT: 3
GLOBAL_COUNT: 3

BASE_AFTER:
(false)
BASETYPE: true or false
SIZE WORK_LIST: 7
SIZE generated: 2
EVALUABLE#: 0

-------------------------

----------------
TTYPES
Integer
Integer

PROGS

LOCAL_COUNT: 4
GLOBAL_COUNT: 4

BASE_AFTER:
(int 0)
BASETYPE: Integer
SIZE WORK_LIST: 8
SIZE generated: 2
EVALUABLE#: 0

-------------------------

----------------
TTYPES
Integer
Integer

PROGS

LOCAL_COUNT: 5
GLOBAL_COUNT: 5

BASE_AFTER:
(int 1)
BASETYPE: Integer
SIZE WORK_LIST: 9
SIZE generated: 2
EVALUABLE#: 0

-------------------------

----------------
TTYPES
Integer
Integer

PROGS

LOCAL_COUNT: 6
GLOBAL_COUNT: 6

BASE_AFTER:
(int 2)
BASETYPE: Integer
SIZE WORK_LIST: 10
SIZE generated: 2
EVALUABLE#: 0

-------------------------

----------------
TTYPES
String
String

PROGS

LOCAL_COUNT: 7
GLOBAL_COUNT: 7

BASE_AFTER:
(str "")
BASETYPE: String
SIZE WORK_LIST: 11
SIZE generated: 2
EVALUABLE#: 0

-------------------------

----------------
TTYPES
%bot

PROGS

LOCAL_COUNT: 8
GLOBAL_COUNT: 8

BASE_AFTER:
(filled-hole
  (begin
    (send
      (hole 0 {:hash_depth=>0, :limit_depth=>true, :recv=>true}) :-
      (hole 0 {:hash_depth=>0, :method_arg=>true})))
  (begin
    (send
      (hole 0 {:hash_depth=>0, :limit_depth=>true, :recv=>true}) :count))
  (begin
    (send
      (hole 0 {:hash_depth=>0, :limit_depth=>true, :recv=>true}) :-
      (hole 0 {:hash_depth=>0, :method_arg=>true})))
  (hole 2 {:hash_depth=>0, :method_arg=>false, :variance=>:-}) {:method_arg=>false})
BASETYPE: %bot
SIZE WORK_LIST: 12
SIZE generated: 1
EVALUABLE#: 0

-------------------------

----------------
TTYPES
true or false
true or false
true or false
true or false

PROGS

LOCAL_COUNT: 9
GLOBAL_COUNT: 9

BASE_AFTER:
(begin
  (send
    (hole 0 {:hash_depth=>0, :limit_depth=>true, :recv=>true}) :count=
    (hole 0 {:hash_depth=>0, :method_arg=>true}))
  (true))
BASETYPE: true or false
SIZE WORK_LIST: 12
SIZE generated: 4
EVALUABLE#: 3

-------------------------

----------------
TTYPES
true or false

PROGS

LOCAL_COUNT: 10
GLOBAL_COUNT: 10

BASE_AFTER:
(begin
  (send
    (hole 0 {:hash_depth=>0, :limit_depth=>true, :recv=>true}) :diaspora_user=
    (hole 0 {:hash_depth=>0, :method_arg=>true}))
  (true))
BASETYPE: true or false
SIZE WORK_LIST: 14
SIZE generated: 1
EVALUABLE#: 0

-------------------------

----------------
TTYPES
true or false
true or false
true or false
true or false

PROGS

LOCAL_COUNT: 11
GLOBAL_COUNT: 11

BASE_AFTER:
(begin
  (send
    (hole 0 {:hash_depth=>0, :limit_depth=>true, :recv=>true}) :count=
    (hole 0 {:hash_depth=>0, :method_arg=>true}))
  (false))
BASETYPE: true or false
SIZE WORK_LIST: 14
SIZE generated: 4
EVALUABLE#: 3

-------------------------

----------------
TTYPES
true or false

PROGS

LOCAL_COUNT: 12
GLOBAL_COUNT: 12

BASE_AFTER:
(begin
  (send
    (hole 0 {:hash_depth=>0, :limit_depth=>true, :recv=>true}) :diaspora_user=
    (hole 0 {:hash_depth=>0, :method_arg=>true}))
  (false))
BASETYPE: true or false
SIZE WORK_LIST: 16
SIZE generated: 1
EVALUABLE#: 0

-------------------------

----------------
TTYPES
Integer
Integer
Integer
Integer
Integer

PROGS

LOCAL_COUNT: 13
GLOBAL_COUNT: 13

BASE_AFTER:
(begin
  (send
    (hole 0 {:hash_depth=>0, :limit_depth=>true, :recv=>true}) :count=
    (hole 0 {:hash_depth=>0, :method_arg=>true}))
  (int 0))
BASETYPE: Integer
SIZE WORK_LIST: 16
SIZE generated: 5
EVALUABLE#: 4

-------------------------

----------------
TTYPES
Integer

PROGS

LOCAL_COUNT: 14
GLOBAL_COUNT: 14

BASE_AFTER:
(begin
  (send
    (hole 0 {:hash_depth=>0, :limit_depth=>true, :recv=>true}) :diaspora_user=
    (hole 0 {:hash_depth=>0, :method_arg=>true}))
  (int 0))
BASETYPE: Integer
SIZE WORK_LIST: 19
SIZE generated: 1
EVALUABLE#: 0

-------------------------

----------------
TTYPES
Integer
Integer
Integer
Integer
Integer

PROGS

LOCAL_COUNT: 15
GLOBAL_COUNT: 15

BASE_AFTER:
(begin
  (send
    (hole 0 {:hash_depth=>0, :limit_depth=>true, :recv=>true}) :count=
    (hole 0 {:hash_depth=>0, :method_arg=>true}))
  (int 1))
BASETYPE: Integer
SIZE WORK_LIST: 19
SIZE generated: 5
EVALUABLE#: 4

-------------------------

----------------
TTYPES
Integer

PROGS

LOCAL_COUNT: 16
GLOBAL_COUNT: 16

BASE_AFTER:
(begin
  (send
    (hole 0 {:hash_depth=>0, :limit_depth=>true, :recv=>true}) :diaspora_user=
    (hole 0 {:hash_depth=>0, :method_arg=>true}))
  (int 1))
BASETYPE: Integer
SIZE WORK_LIST: 22
SIZE generated: 1
EVALUABLE#: 0

-------------------------

----------------
TTYPES
Integer
Integer
Integer
Integer
Integer

PROGS

LOCAL_COUNT: 17
GLOBAL_COUNT: 17

BASE_AFTER:
(begin
  (send
    (hole 0 {:hash_depth=>0, :limit_depth=>true, :recv=>true}) :count=
    (hole 0 {:hash_depth=>0, :method_arg=>true}))
  (int 2))
BASETYPE: Integer
SIZE WORK_LIST: 22
SIZE generated: 5
EVALUABLE#: 4

-------------------------

----------------
TTYPES
Integer

PROGS

LOCAL_COUNT: 18
GLOBAL_COUNT: 18

BASE_AFTER:
(begin
  (send
    (hole 0 {:hash_depth=>0, :limit_depth=>true, :recv=>true}) :diaspora_user=
    (hole 0 {:hash_depth=>0, :method_arg=>true}))
  (int 2))
BASETYPE: Integer
SIZE WORK_LIST: 24
SIZE generated: 1
EVALUABLE#: 0

-------------------------

----------------
TTYPES
String
String
String
String

PROGS

LOCAL_COUNT: 19
GLOBAL_COUNT: 19

BASE_AFTER:
(begin
  (send
    (hole 0 {:hash_depth=>0, :limit_depth=>true, :recv=>true}) :count=
    (hole 0 {:hash_depth=>0, :method_arg=>true}))
  (str ""))
BASETYPE: String
SIZE WORK_LIST: 24
SIZE generated: 4
EVALUABLE#: 3

-------------------------

----------------
TTYPES
String

PROGS

LOCAL_COUNT: 20
GLOBAL_COUNT: 20

BASE_AFTER:
(begin
  (send
    (hole 0 {:hash_depth=>0, :limit_depth=>true, :recv=>true}) :diaspora_user=
    (hole 0 {:hash_depth=>0, :method_arg=>true}))
  (str ""))
BASETYPE: String
SIZE WORK_LIST: 26
SIZE generated: 1
EVALUABLE#: 0

-------------------------

----------------
TTYPES
true or false
true or false

PROGS

LOCAL_COUNT: 21
GLOBAL_COUNT: 21

BASE_AFTER:
(begin
  (send
    (lvar :arg0) :count=
    (int 0))
  (true))
BASETYPE: true or false
SIZE WORK_LIST: 26
SIZE generated: 2
EVALUABLE#: 0

-------------------------

----------------
TTYPES
true or false
true or false

PROGS

LOCAL_COUNT: 22
GLOBAL_COUNT: 22

BASE_AFTER:
(begin
  (send
    (lvar :arg0) :count=
    (int 1))
  (true))
BASETYPE: true or false
SIZE WORK_LIST: 27
SIZE generated: 2
EVALUABLE#: 0

-------------------------

----------------
TTYPES
true or false
true or false

PROGS

LOCAL_COUNT: 23
GLOBAL_COUNT: 23

BASE_AFTER:
(begin
  (send
    (lvar :arg0) :count=
    (int 0))
  (false))
BASETYPE: true or false
SIZE WORK_LIST: 28
SIZE generated: 2
EVALUABLE#: 0

-------------------------

----------------
TTYPES
true or false
true or false

PROGS

LOCAL_COUNT: 24
GLOBAL_COUNT: 24

BASE_AFTER:
(begin
  (send
    (lvar :arg0) :count=
    (int 1))
  (false))
BASETYPE: true or false
SIZE WORK_LIST: 29
SIZE generated: 2
EVALUABLE#: 0

-------------------------

----------------
TTYPES
Integer
Integer

PROGS

LOCAL_COUNT: 25
GLOBAL_COUNT: 25

BASE_AFTER:
(begin
  (send
    (lvar :arg0) :count=
    (int 0))
  (int 0))
BASETYPE: Integer
SIZE WORK_LIST: 30
SIZE generated: 2
EVALUABLE#: 0

-------------------------

----------------
TTYPES
Integer
Integer

PROGS

LOCAL_COUNT: 26
GLOBAL_COUNT: 26

BASE_AFTER:
(begin
  (send
    (lvar :arg0) :count=
    (int 1))
  (int 0))
BASETYPE: Integer
SIZE WORK_LIST: 31
SIZE generated: 2
EVALUABLE#: 0

-------------------------

----------------
TTYPES
Integer
Integer

PROGS

LOCAL_COUNT: 27
GLOBAL_COUNT: 27

BASE_AFTER:
(begin
  (lvasgn :t0
    (int 0))
  (send
    (lvar :arg0) :count=
    (lvar :t0))
  (lvar :t0))
BASETYPE: Integer
SIZE WORK_LIST: 32
SIZE generated: 2
EVALUABLE#: 0

-------------------------

----------------
TTYPES
Integer
Integer

PROGS

LOCAL_COUNT: 28
GLOBAL_COUNT: 28

BASE_AFTER:
(begin
  (send
    (lvar :arg0) :count=
    (int 0))
  (int 1))
BASETYPE: Integer
SIZE WORK_LIST: 33
SIZE generated: 2
EVALUABLE#: 0

-------------------------

----------------
TTYPES
Integer
Integer

PROGS

LOCAL_COUNT: 29
GLOBAL_COUNT: 29

BASE_AFTER:
(begin
  (send
    (lvar :arg0) :count=
    (int 1))
  (int 1))
BASETYPE: Integer
SIZE WORK_LIST: 34
SIZE generated: 2
EVALUABLE#: 0

-------------------------

----------------
TTYPES
Integer
Integer

PROGS

LOCAL_COUNT: 30
GLOBAL_COUNT: 30

BASE_AFTER:
(begin
  (lvasgn :t0
    (int 1))
  (send
    (lvar :arg0) :count=
    (lvar :t0))
  (lvar :t0))
BASETYPE: Integer
SIZE WORK_LIST: 35
SIZE generated: 2
EVALUABLE#: 0

-------------------------

----------------
TTYPES
Integer
Integer

PROGS

LOCAL_COUNT: 31
GLOBAL_COUNT: 31

BASE_AFTER:
(begin
  (send
    (lvar :arg0) :count=
    (int 0))
  (int 2))
BASETYPE: Integer
SIZE WORK_LIST: 36
SIZE generated: 2
EVALUABLE#: 0

-------------------------

----------------
TTYPES
Integer
Integer

PROGS

LOCAL_COUNT: 32
GLOBAL_COUNT: 32

BASE_AFTER:
(begin
  (send
    (lvar :arg0) :count=
    (int 1))
  (int 2))
BASETYPE: Integer
SIZE WORK_LIST: 37
SIZE generated: 2
EVALUABLE#: 0

-------------------------

----------------
TTYPES
String
String

PROGS

LOCAL_COUNT: 33
GLOBAL_COUNT: 33

BASE_AFTER:
(begin
  (send
    (lvar :arg0) :count=
    (int 0))
  (str ""))
BASETYPE: String
SIZE WORK_LIST: 38
SIZE generated: 2
EVALUABLE#: 0

-------------------------

----------------
TTYPES
String
String

PROGS

LOCAL_COUNT: 34
GLOBAL_COUNT: 34

BASE_AFTER:
(begin
  (send
    (lvar :arg0) :count=
    (int 1))
  (str ""))
BASETYPE: String
SIZE WORK_LIST: 39
SIZE generated: 2
EVALUABLE#: 0

-------------------------

----------------
TTYPES
Integer
Integer
Integer
Integer
Integer
Integer
Integer
Integer
Integer
%bot

PROGS

LOCAL_COUNT: 35
GLOBAL_COUNT: 35

BASE_AFTER:
(filled-hole
  (begin
    (send
      (send
        (hole 0 {:hash_depth=>0, :limit_depth=>true, :recv=>true}) :id=
        (hole 0 {:hash_depth=>0, :method_arg=>true})) :-
      (hole 0 {:hash_depth=>0, :method_arg=>true})))
  (begin
    (send
      (send
        (hole 0 {:hash_depth=>0, :limit_depth=>true, :recv=>true}) :id=
        (hole 0 {:hash_depth=>0, :method_arg=>true})) :-
      (hole 0 {:hash_depth=>0, :method_arg=>true})))
  (begin
    (send
      (send
        (hole 0 {:hash_depth=>0, :limit_depth=>true, :recv=>true}) :id=
        (hole 0 {:hash_depth=>0, :method_arg=>true})) :count))
  (begin
    (send
      (send
        (hole 0 {:hash_depth=>0, :limit_depth=>true, :recv=>true}) :id) :-
      (hole 0 {:hash_depth=>0, :method_arg=>true})))
  (begin
    (send
      (send
        (hole 0 {:hash_depth=>0, :limit_depth=>true, :recv=>true}) :id) :-
      (hole 0 {:hash_depth=>0, :method_arg=>true})))
  (begin
    (send
      (send
        (hole 0 {:hash_depth=>0, :limit_depth=>true, :recv=>true}) :id) :count))
  (begin
    (send
      (send
        (hole 0 {:hash_depth=>0, :limit_depth=>true, :recv=>true}) :token=
        (hole 0 {:hash_depth=>0, :method_arg=>true})) :count))
  (begin
    (send
      (send
        (hole 0 {:hash_depth=>0, :limit_depth=>true, :recv=>true}) :token=
        (hole 0 {:hash_depth=>0, :method_arg=>true})) :-
      (hole 0 {:hash_depth=>0, :method_arg=>true})))
  (begin
    (send
      (send
        (hole 0 {:hash_depth=>0, :limit_depth=>true, :recv=>true}) :token) :count))
  (begin
    (send
      (send
        (hole 0 {:hash_depth=>0, :limit_depth=>true, :recv=>true}) :token) :-
      (hole 0 {:hash_depth=>0, :method_arg=>true})))
  (begin
    (send
      (send
        (hole 0 {:hash_depth=>0, :limit_depth=>true, :recv=>true}) :diaspora_user_id=
        (hole 0 {:hash_depth=>0, :method_arg=>true})) :-
      (hole 0 {:hash_depth=>0, :method_arg=>true})))
  (begin
    (send
      (send
        (hole 0 {:hash_depth=>0, :limit_depth=>true, :recv=>true}) :diaspora_user_id=
        (hole 0 {:hash_depth=>0, :method_arg=>true})) :-
      (hole 0 {:hash_depth=>0, :method_arg=>true})))
  (begin
    (send
      (send
        (hole 0 {:hash_depth=>0, :limit_depth=>true, :recv=>true}) :diaspora_user_id=
        (hole 0 {:hash_depth=>0, :method_arg=>true})) :count))
  (begin
    (send
      (send
        (hole 0 {:hash_depth=>0, :limit_depth=>true, :recv=>true}) :diaspora_user_id) :-
      (hole 0 {:hash_depth=>0, :method_arg=>true})))
  (begin
    (send
      (send
        (hole 0 {:hash_depth=>0, :limit_depth=>true, :recv=>true}) :diaspora_user_id) :-
      (hole 0 {:hash_depth=>0, :method_arg=>true})))
  (begin
    (send
      (send
        (hole 0 {:hash_depth=>0, :limit_depth=>true, :recv=>true}) :diaspora_user_id) :count))
  (begin
    (send
      (send
        (hole 0 {:hash_depth=>0, :limit_depth=>true, :recv=>true}) :count=
        (hole 0 {:hash_depth=>0, :method_arg=>true})) :-
      (hole 0 {:hash_depth=>0, :method_arg=>true})))
  (begin
    (send
      (send
        (hole 0 {:hash_depth=>0, :limit_depth=>true, :recv=>true}) :count=
        (hole 0 {:hash_depth=>0, :method_arg=>true})) :-
      (hole 0 {:hash_depth=>0, :method_arg=>true})))
  (begin
    (send
      (send
        (hole 0 {:hash_depth=>0, :limit_depth=>true, :recv=>true}) :count=
        (hole 0 {:hash_depth=>0, :method_arg=>true})) :count))
  (begin
    (send
      (begin
        (send
          (hole 0 {:hash_depth=>0, :limit_depth=>true, :recv=>true}) :count)) :-
      (hole 0 {:hash_depth=>0, :method_arg=>true})))
  (begin
    (send
      (begin
        (send
          (hole 0 {:hash_depth=>0, :limit_depth=>true, :recv=>true}) :count)) :-
      (hole 0 {:hash_depth=>0, :method_arg=>true})))
  (begin
    (send
      (begin
        (send
          (hole 0 {:hash_depth=>0, :limit_depth=>true, :recv=>true}) :count)) :count))
  (begin
    (send
      (send
        (hole 0 {:hash_depth=>0, :limit_depth=>true, :recv=>true}) :diaspora_user) :count))
  (begin
    (send
      (send
        (hole 0 {:hash_depth=>0, :limit_depth=>true, :recv=>true}) :diaspora_user) :-
      (hole 0 {:hash_depth=>0, :method_arg=>true})))
  (begin
    (send
      (send
        (hole 0 {:hash_depth=>0, :limit_depth=>true, :recv=>true}) :diaspora_user=
        (hole 0 {:hash_depth=>0, :method_arg=>true})) :count))
  (begin
    (send
      (send
        (hole 0 {:hash_depth=>0, :limit_depth=>true, :recv=>true}) :diaspora_user=
        (hole 0 {:hash_depth=>0, :method_arg=>true})) :-
      (hole 0 {:hash_depth=>0, :method_arg=>true})))
  (begin
    (send
      (begin
        (send
          (hole 0 {:hash_depth=>0, :limit_depth=>true, :recv=>true}) :-
          (hole 0 {:hash_depth=>0, :method_arg=>true}))) :-
      (hole 0 {:hash_depth=>0, :method_arg=>true})))
  (begin
    (send
      (begin
        (send
          (hole 0 {:hash_depth=>0, :limit_depth=>true, :recv=>true}) :-
          (hole 0 {:hash_depth=>0, :method_arg=>true}))) :-
      (hole 0 {:hash_depth=>0, :method_arg=>true})))
  (begin
    (send
      (begin
        (send
          (hole 0 {:hash_depth=>0, :limit_depth=>true, :recv=>true}) :save)) :count))
  (begin
    (send
      (begin
        (send
          (hole 0 {:hash_depth=>0, :limit_depth=>true, :recv=>true}) :save)) :-
      (hole 0 {:hash_depth=>0, :method_arg=>true})))
  (begin
    (send
      (begin
        (send
          (hole 0 {:hash_depth=>0, :limit_depth=>true, :recv=>true}) :count)) :-
      (hole 0 {:hash_depth=>0, :method_arg=>true})))
  (begin
    (send
      (begin
        (send
          (hole 0 {:hash_depth=>0, :limit_depth=>true, :recv=>true}) :count)) :-
      (hole 0 {:hash_depth=>0, :method_arg=>true})))
  (begin
    (send
      (begin
        (send
          (hole 0 {:hash_depth=>0, :limit_depth=>true, :recv=>true}) :-
          (hole 0 {:hash_depth=>0, :method_arg=>true}))) :-
      (hole 0 {:hash_depth=>0, :method_arg=>true})))
  (begin
    (send
      (begin
        (send
          (hole 0 {:hash_depth=>0, :limit_depth=>true, :recv=>true}) :-
          (hole 0 {:hash_depth=>0, :method_arg=>true}))) :-
      (hole 0 {:hash_depth=>0, :method_arg=>true})))
  (begin
    (send
      (begin
        (send
          (hole 0 {:hash_depth=>0, :limit_depth=>true, :recv=>true}) :save)) :count))
  (begin
    (send
      (begin
        (send
          (hole 0 {:hash_depth=>0, :limit_depth=>true, :recv=>true}) :save)) :-
      (hole 0 {:hash_depth=>0, :method_arg=>true})))
  (hole 3 {:hash_depth=>0, :method_arg=>false, :variance=>:-}) {:method_arg=>false})
BASETYPE: %bot
SIZE WORK_LIST: 40
SIZE generated: 10
EVALUABLE#: 0

-------------------------

----------------
TTYPES
Integer
Integer
Integer
Integer
Integer
Integer
Integer
Integer
Integer
Integer
Integer
Integer
Integer
Integer
Integer
Integer
Integer
Integer
Integer
Integer
Integer
Integer
Integer
Integer
Integer
Integer
Integer
Integer
Integer
Integer
Integer
Integer
Integer
Integer
Integer
Integer

PROGS

LOCAL_COUNT: 36
GLOBAL_COUNT: 36

BASE_AFTER:
(begin
  (send
    (begin
      (send
        (filled-hole
          (lvar :arg0) {:method_arg=>false}) :-
        (filled-hole
          (lvar :arg0)
          (lvar InvitationCode(id: integer, token: string, diaspora_user_id: integer, count: integer))
          (true)
          (false)
          (int 0)
          (int 1)
          (int 2)
          (str "")
          (hole 1 {:hash_depth=>0, :method_arg=>true, :variance=>:+}) {:method_arg=>true}))) :-
    (filled-hole
      (int 0)
      (int 1)
      (int 2)
      (hole 1 {:hash_depth=>0, :method_arg=>true, :variance=>:+}) {:method_arg=>true})))
BASETYPE: Integer
SIZE WORK_LIST: 49
SIZE generated: 36
EVALUABLE#: 24

-------------------------

----------------
TTYPES
Integer
Integer
Integer
Integer
Integer
Integer
Integer
Integer
Integer
Integer
Integer
Integer
Integer
Integer
Integer
Integer
Integer
Integer
Integer
Integer
Integer
Integer
Integer
Integer
Integer
Integer
Integer
Integer
Integer
Integer
Integer
Integer
Integer
Integer
Integer
Integer

PROGS

LOCAL_COUNT: 37
GLOBAL_COUNT: 37

BASE_AFTER:
(begin
  (send
    (begin
      (send
        (filled-hole
          (lvar InvitationCode(id: integer, token: string, diaspora_user_id: integer, count: integer)) {:method_arg=>false}) :-
        (filled-hole
          (lvar :arg0)
          (lvar InvitationCode(id: integer, token: string, diaspora_user_id: integer, count: integer))
          (true)
          (false)
          (int 0)
          (int 1)
          (int 2)
          (str "")
          (hole 1 {:hash_depth=>0, :method_arg=>true, :variance=>:+}) {:method_arg=>true}))) :-
    (filled-hole
      (int 0)
      (int 1)
      (int 2)
      (hole 1 {:hash_depth=>0, :method_arg=>true, :variance=>:+}) {:method_arg=>true})))
BASETYPE: Integer
SIZE WORK_LIST: 60
SIZE generated: 36
EVALUABLE#: 24

-------------------------

----------------
TTYPES
Integer
Integer
Integer
Integer

PROGS

LOCAL_COUNT: 38
GLOBAL_COUNT: 38

BASE_AFTER:
(begin
  (send
    (begin
      (send
        (filled-hole
          (lvar InvitationCode(id: integer, token: string, diaspora_user_id: integer, count: integer)) {:method_arg=>false}) :count)) :-
    (filled-hole
      (int 0)
      (int 1)
      (int 2)
      (hole 1 {:hash_depth=>0, :method_arg=>true, :variance=>:+}) {:method_arg=>true})))
BASETYPE: Integer
SIZE WORK_LIST: 71
SIZE generated: 4
EVALUABLE#: 3

-------------------------

----------------
TTYPES
true or false
true or false
true or false
true or false
true or false
true or false
true or false
true or false
true or false
true or false
true or false

PROGS

LOCAL_COUNT: 39
GLOBAL_COUNT: 39

BASE_AFTER:
(begin
  (send
    (lvar :arg0) :count=
    (hole 1 {:hash_depth=>0, :method_arg=>true, :variance=>:+}))
  (true))
BASETYPE: true or false
SIZE WORK_LIST: 74
SIZE generated: 11
EVALUABLE#: 0

-------------------------

----------------
TTYPES
Integer
Integer

PROGS

LOCAL_COUNT: 40
GLOBAL_COUNT: 40

BASE_AFTER:
(begin
  (send
    (begin
      (send
        (lvar InvitationCode(id: integer, token: string, diaspora_user_id: integer, count: integer)) :count)) :-
    (int 0)))
BASETYPE: Integer
SIZE WORK_LIST: 84
SIZE generated: 2
EVALUABLE#: 0

-------------------------

----------------
TTYPES
Integer
Integer

PROGS

LOCAL_COUNT: 41
GLOBAL_COUNT: 41

BASE_AFTER:
(begin
  (send
    (begin
      (send
        (lvar InvitationCode(id: integer, token: string, diaspora_user_id: integer, count: integer)) :count)) :-
    (int 1)))
BASETYPE: Integer
SIZE WORK_LIST: 85
SIZE generated: 2
EVALUABLE#: 0

-------------------------

----------------
TTYPES
Integer
Integer

PROGS

LOCAL_COUNT: 42
GLOBAL_COUNT: 42

BASE_AFTER:
(begin
  (send
    (begin
      (send
        (lvar InvitationCode(id: integer, token: string, diaspora_user_id: integer, count: integer)) :count)) :-
    (int 2)))
BASETYPE: Integer
SIZE WORK_LIST: 86
SIZE generated: 2
EVALUABLE#: 0

-------------------------

----------------
TTYPES
true or false

PROGS

LOCAL_COUNT: 43
GLOBAL_COUNT: 43

BASE_AFTER:
(begin
  (send
    (lvar :arg0) :count=
    (begin
      (send
        (hole 0 {:hash_depth=>0, :limit_depth=>true, :recv=>true}) :count)))
  (true))
BASETYPE: true or false
SIZE WORK_LIST: 87
SIZE generated: 1
EVALUABLE#: 1

-------------------------

----------------
TTYPES
true or false
true or false
true or false
true or false
true or false
true or false

PROGS

LOCAL_COUNT: 44
GLOBAL_COUNT: 44

BASE_AFTER:
(begin
  (send
    (lvar :arg0) :diaspora_user=
    (hole 1 {:hash_depth=>0, :method_arg=>true, :variance=>:+}))
  (true))
BASETYPE: true or false
SIZE WORK_LIST: 87
SIZE generated: 6
EVALUABLE#: 0

-------------------------

----------------
TTYPES
true or false
true or false

PROGS

LOCAL_COUNT: 45
GLOBAL_COUNT: 45

BASE_AFTER:
(begin
  (send
    (lvar :arg0) :count=
    (begin
      (send
        (lvar InvitationCode(id: integer, token: string, diaspora_user_id: integer, count: integer)) :count)))
  (true))
BASETYPE: true or false
SIZE WORK_LIST: 92
SIZE generated: 2
EVALUABLE#: 0

-------------------------

----------------
TTYPES
true or false

PROGS

LOCAL_COUNT: 46
GLOBAL_COUNT: 46

BASE_AFTER:
(begin
  (send
    (lvar :arg0) :diaspora_user=
    (begin
      (send
        (hole 0 {:hash_depth=>0, :limit_depth=>true, :recv=>true}) :count)))
  (true))
BASETYPE: true or false
SIZE WORK_LIST: 93
SIZE generated: 1
EVALUABLE#: 1

-------------------------

----------------
TTYPES
true or false
true or false
true or false
true or false
true or false
true or false
true or false
true or false
true or false
true or false
true or false

PROGS

LOCAL_COUNT: 47
GLOBAL_COUNT: 47

BASE_AFTER:
(begin
  (send
    (lvar :arg0) :count=
    (hole 1 {:hash_depth=>0, :method_arg=>true, :variance=>:+}))
  (false))
BASETYPE: true or false
SIZE WORK_LIST: 92
SIZE generated: 11
EVALUABLE#: 0

-------------------------

----------------
TTYPES
true or false

PROGS

LOCAL_COUNT: 48
GLOBAL_COUNT: 48

BASE_AFTER:
(begin
  (send
    (lvar :arg0) :count=
    (begin
      (send
        (hole 0 {:hash_depth=>0, :limit_depth=>true, :recv=>true}) :count)))
  (false))
BASETYPE: true or false
SIZE WORK_LIST: 102
SIZE generated: 1
EVALUABLE#: 1

-------------------------

----------------
TTYPES
true or false
true or false
true or false
true or false
true or false
true or false

PROGS

LOCAL_COUNT: 49
GLOBAL_COUNT: 49

BASE_AFTER:
(begin
  (send
    (lvar :arg0) :diaspora_user=
    (hole 1 {:hash_depth=>0, :method_arg=>true, :variance=>:+}))
  (false))
BASETYPE: true or false
SIZE WORK_LIST: 102
SIZE generated: 6
EVALUABLE#: 0

-------------------------

----------------
TTYPES
true or false
true or false

PROGS

LOCAL_COUNT: 50
GLOBAL_COUNT: 50

BASE_AFTER:
(begin
  (send
    (lvar :arg0) :count=
    (begin
      (send
        (lvar InvitationCode(id: integer, token: string, diaspora_user_id: integer, count: integer)) :count)))
  (false))
BASETYPE: true or false
SIZE WORK_LIST: 107
SIZE generated: 2
EVALUABLE#: 0

-------------------------

----------------
TTYPES
true or false

PROGS

LOCAL_COUNT: 51
GLOBAL_COUNT: 51

BASE_AFTER:
(begin
  (send
    (lvar :arg0) :diaspora_user=
    (begin
      (send
        (hole 0 {:hash_depth=>0, :limit_depth=>true, :recv=>true}) :count)))
  (false))
BASETYPE: true or false
SIZE WORK_LIST: 108
SIZE generated: 1
EVALUABLE#: 1

-------------------------

----------------
TTYPES
Integer
Integer
Integer
Integer
Integer
Integer
Integer
Integer
Integer
Integer
Integer

PROGS

LOCAL_COUNT: 52
GLOBAL_COUNT: 52

BASE_AFTER:
(begin
  (send
    (lvar :arg0) :count=
    (hole 1 {:hash_depth=>0, :method_arg=>true, :variance=>:+}))
  (int 0))
BASETYPE: Integer
SIZE WORK_LIST: 107
SIZE generated: 11
EVALUABLE#: 0

-------------------------

----------------
TTYPES
Integer

PROGS

LOCAL_COUNT: 53
GLOBAL_COUNT: 53

BASE_AFTER:
(begin
  (send
    (lvar :arg0) :count=
    (begin
      (send
        (hole 0 {:hash_depth=>0, :limit_depth=>true, :recv=>true}) :count)))
  (int 0))
BASETYPE: Integer
SIZE WORK_LIST: 117
SIZE generated: 1
EVALUABLE#: 1

-------------------------

----------------
TTYPES
Integer
Integer
Integer
Integer
Integer
Integer

PROGS

LOCAL_COUNT: 54
GLOBAL_COUNT: 54

BASE_AFTER:
(begin
  (send
    (lvar :arg0) :diaspora_user=
    (hole 1 {:hash_depth=>0, :method_arg=>true, :variance=>:+}))
  (int 0))
BASETYPE: Integer
SIZE WORK_LIST: 117
SIZE generated: 6
EVALUABLE#: 0

-------------------------

----------------
TTYPES
Integer
Integer

PROGS

LOCAL_COUNT: 55
GLOBAL_COUNT: 55

BASE_AFTER:
(begin
  (send
    (lvar :arg0) :count=
    (begin
      (send
        (lvar InvitationCode(id: integer, token: string, diaspora_user_id: integer, count: integer)) :count)))
  (int 0))
BASETYPE: Integer
SIZE WORK_LIST: 122
SIZE generated: 2
EVALUABLE#: 0

-------------------------

----------------
TTYPES
Integer

PROGS

LOCAL_COUNT: 56
GLOBAL_COUNT: 56

BASE_AFTER:
(begin
  (send
    (lvar :arg0) :diaspora_user=
    (begin
      (send
        (hole 0 {:hash_depth=>0, :limit_depth=>true, :recv=>true}) :count)))
  (int 0))
BASETYPE: Integer
SIZE WORK_LIST: 123
SIZE generated: 1
EVALUABLE#: 1

-------------------------

----------------
TTYPES
Integer
Integer
Integer
Integer
Integer
Integer
Integer
Integer
Integer
Integer
Integer

PROGS

LOCAL_COUNT: 57
GLOBAL_COUNT: 57

BASE_AFTER:
(begin
  (send
    (lvar :arg0) :count=
    (hole 1 {:hash_depth=>0, :method_arg=>true, :variance=>:+}))
  (int 1))
BASETYPE: Integer
SIZE WORK_LIST: 122
SIZE generated: 11
EVALUABLE#: 0

-------------------------

----------------
TTYPES
Integer

PROGS

LOCAL_COUNT: 58
GLOBAL_COUNT: 58

BASE_AFTER:
(begin
  (send
    (lvar :arg0) :count=
    (begin
      (send
        (hole 0 {:hash_depth=>0, :limit_depth=>true, :recv=>true}) :count)))
  (int 1))
BASETYPE: Integer
SIZE WORK_LIST: 132
SIZE generated: 1
EVALUABLE#: 1

-------------------------

----------------
TTYPES
Integer
Integer
Integer
Integer
Integer
Integer

PROGS

LOCAL_COUNT: 59
GLOBAL_COUNT: 59

BASE_AFTER:
(begin
  (send
    (lvar :arg0) :diaspora_user=
    (hole 1 {:hash_depth=>0, :method_arg=>true, :variance=>:+}))
  (int 1))
BASETYPE: Integer
SIZE WORK_LIST: 132
SIZE generated: 6
EVALUABLE#: 0

-------------------------

----------------
TTYPES
Integer
Integer

PROGS

LOCAL_COUNT: 60
GLOBAL_COUNT: 60

BASE_AFTER:
(begin
  (send
    (lvar :arg0) :count=
    (begin
      (send
        (lvar InvitationCode(id: integer, token: string, diaspora_user_id: integer, count: integer)) :count)))
  (int 1))
BASETYPE: Integer
SIZE WORK_LIST: 137
SIZE generated: 2
EVALUABLE#: 0

-------------------------

----------------
TTYPES
true or false
true or false
Integer
Integer
Integer
String
%bot

PROGS

LOCAL_COUNT: 1
GLOBAL_COUNT: 61

BASE_AFTER:
(filled-hole
  (true)
  (false)
  (int 0)
  (int 1)
  (int 2)
  (str "")
  (hole 1 {:hash_depth=>0, :method_arg=>false, :variance=>:-}) {:method_arg=>false})
BASETYPE: %bot
SIZE WORK_LIST: 0
SIZE generated: 7
EVALUABLE#: 6

-------------------------

----------------
TTYPES
true or false
true or false

PROGS

LOCAL_COUNT: 2
GLOBAL_COUNT: 62

BASE_AFTER:
(true)
BASETYPE: true or false
SIZE WORK_LIST: 6
SIZE generated: 2
EVALUABLE#: 0

-------------------------

----------------
TTYPES
true or false
true or false

PROGS

LOCAL_COUNT: 3
GLOBAL_COUNT: 63

BASE_AFTER:
(false)
BASETYPE: true or false
SIZE WORK_LIST: 7
SIZE generated: 2
EVALUABLE#: 0

-------------------------

----------------
TTYPES
Integer
Integer

PROGS

LOCAL_COUNT: 4
GLOBAL_COUNT: 64

BASE_AFTER:
(int 0)
BASETYPE: Integer
SIZE WORK_LIST: 8
SIZE generated: 2
EVALUABLE#: 0

-------------------------

----------------
TTYPES
Integer
Integer

PROGS

LOCAL_COUNT: 5
GLOBAL_COUNT: 65

BASE_AFTER:
(int 1)
BASETYPE: Integer
SIZE WORK_LIST: 9
SIZE generated: 2
EVALUABLE#: 0

-------------------------

----------------
TTYPES
Integer
Integer

PROGS

LOCAL_COUNT: 6
GLOBAL_COUNT: 66

BASE_AFTER:
(int 2)
BASETYPE: Integer
SIZE WORK_LIST: 10
SIZE generated: 2
EVALUABLE#: 0

-------------------------

----------------
TTYPES
String
String

PROGS

LOCAL_COUNT: 7
GLOBAL_COUNT: 67

BASE_AFTER:
(str "")
BASETYPE: String
SIZE WORK_LIST: 11
SIZE generated: 2
EVALUABLE#: 0

-------------------------

----------------
TTYPES
%bot

PROGS

LOCAL_COUNT: 8
GLOBAL_COUNT: 68

BASE_AFTER:
(filled-hole
  (hole 2 {:hash_depth=>0, :method_arg=>false, :variance=>:-}) {:method_arg=>false})
BASETYPE: %bot
SIZE WORK_LIST: 12
SIZE generated: 1
EVALUABLE#: 0

-------------------------

----------------
TTYPES
true or false
true or false
true or false
true or false

PROGS

LOCAL_COUNT: 9
GLOBAL_COUNT: 69

BASE_AFTER:
(begin
  (send
    (hole 0 {:hash_depth=>0, :limit_depth=>true, :recv=>true}) :count=
    (hole 0 {:hash_depth=>0, :method_arg=>true}))
  (true))
BASETYPE: true or false
SIZE WORK_LIST: 12
SIZE generated: 4
EVALUABLE#: 3

-------------------------

----------------
TTYPES
true or false

PROGS

LOCAL_COUNT: 1
GLOBAL_COUNT: 70

BASE_AFTER:
(filled-hole
  (hole 1 {:hash_depth=>0, :method_arg=>false, :variance=>:+}) {:method_arg=>false})
BASETYPE: true or false
SIZE WORK_LIST: 0
SIZE generated: 1
EVALUABLE#: 0

-------------------------

----------------
TTYPES
true or false
true or false
true or false

PROGS

LOCAL_COUNT: 2
GLOBAL_COUNT: 71

BASE_AFTER:
(filled-hole
  (begin
    (send
      (hole 0 {:hash_depth=>0, :limit_depth=>true, :recv=>true}) :-
      (hole 0 {:hash_depth=>0, :method_arg=>true})))
  (begin
    (send
      (hole 0 {:hash_depth=>0, :limit_depth=>true, :recv=>true}) :save))
  (begin
    (send
      (hole 0 {:hash_depth=>0, :limit_depth=>true, :recv=>true}) :count))
  (begin
    (send
      (hole 0 {:hash_depth=>0, :limit_depth=>true, :recv=>true}) :-
      (hole 0 {:hash_depth=>0, :method_arg=>true})))
  (begin
    (send
      (hole 0 {:hash_depth=>0, :limit_depth=>true, :recv=>true}) :save))
  (hole 2 {:hash_depth=>0, :method_arg=>false, :variance=>:+}) {:method_arg=>false})
BASETYPE: true or false
SIZE WORK_LIST: 0
SIZE generated: 3
EVALUABLE#: 0

-------------------------

----------------
TTYPES
true or false

PROGS

LOCAL_COUNT: 3
GLOBAL_COUNT: 72

BASE_AFTER:
(begin
  (send
    (filled-hole
      (lvar :arg0) {:method_arg=>false}) :save))
BASETYPE: true or false
SIZE WORK_LIST: 2
SIZE generated: 1
EVALUABLE#: 1

-------------------------

----------------
TTYPES
true or false
true or false
Integer
Integer
Integer
String
%bot

PROGS

LOCAL_COUNT: 1
GLOBAL_COUNT: 1

BASE_AFTER:
(filled-hole
  (true)
  (false)
  (int 0)
  (int 1)
  (int 2)
  (str "")
  (hole 1 {:hash_depth=>0, :method_arg=>false, :variance=>:-}) {:method_arg=>false})
BASETYPE: %bot
SIZE WORK_LIST: 0
SIZE generated: 7
EVALUABLE#: 6

-------------------------

----------------
TTYPES
true or false
true or false

PROGS

LOCAL_COUNT: 2
GLOBAL_COUNT: 2

BASE_AFTER:
(true)
BASETYPE: true or false
SIZE WORK_LIST: 6
SIZE generated: 2
EVALUABLE#: 0

-------------------------

----------------
TTYPES
true or false
true or false

PROGS

LOCAL_COUNT: 3
GLOBAL_COUNT: 3

BASE_AFTER:
(false)
BASETYPE: true or false
SIZE WORK_LIST: 7
SIZE generated: 2
EVALUABLE#: 0

-------------------------

----------------
TTYPES
Integer
Integer

PROGS

LOCAL_COUNT: 4
GLOBAL_COUNT: 4

BASE_AFTER:
(int 0)
BASETYPE: Integer
SIZE WORK_LIST: 8
SIZE generated: 2
EVALUABLE#: 0

-------------------------

----------------
TTYPES
Integer
Integer

PROGS

LOCAL_COUNT: 5
GLOBAL_COUNT: 5

BASE_AFTER:
(int 1)
BASETYPE: Integer
SIZE WORK_LIST: 9
SIZE generated: 2
EVALUABLE#: 0

-------------------------

----------------
TTYPES
Integer
Integer

PROGS

LOCAL_COUNT: 6
GLOBAL_COUNT: 6

BASE_AFTER:
(int 2)
BASETYPE: Integer
SIZE WORK_LIST: 10
SIZE generated: 2
EVALUABLE#: 0

-------------------------

----------------
TTYPES
String
String

PROGS

LOCAL_COUNT: 7
GLOBAL_COUNT: 7

BASE_AFTER:
(str "")
BASETYPE: String
SIZE WORK_LIST: 11
SIZE generated: 2
EVALUABLE#: 0

-------------------------

----------------
TTYPES
%bot

PROGS

LOCAL_COUNT: 8
GLOBAL_COUNT: 8

BASE_AFTER:
(filled-hole
  (begin
    (send
      (hole 0 {:hash_depth=>0, :limit_depth=>true, :recv=>true}) :-
      (hole 0 {:hash_depth=>0, :method_arg=>true})))
  (begin
    (send
      (hole 0 {:hash_depth=>0, :limit_depth=>true, :recv=>true}) :count))
  (begin
    (send
      (hole 0 {:hash_depth=>0, :limit_depth=>true, :recv=>true}) :-
      (hole 0 {:hash_depth=>0, :method_arg=>true})))
  (hole 2 {:hash_depth=>0, :method_arg=>false, :variance=>:-}) {:method_arg=>false})
BASETYPE: %bot
SIZE WORK_LIST: 12
SIZE generated: 1
EVALUABLE#: 0

-------------------------

----------------
TTYPES
true or false
true or false
true or false
true or false

PROGS

LOCAL_COUNT: 9
GLOBAL_COUNT: 9

BASE_AFTER:
(begin
  (send
    (hole 0 {:hash_depth=>0, :limit_depth=>true, :recv=>true}) :count=
    (hole 0 {:hash_depth=>0, :method_arg=>true}))
  (true))
BASETYPE: true or false
SIZE WORK_LIST: 12
SIZE generated: 4
EVALUABLE#: 3

-------------------------

----------------
TTYPES
true or false

PROGS

LOCAL_COUNT: 10
GLOBAL_COUNT: 10

BASE_AFTER:
(begin
  (send
    (hole 0 {:hash_depth=>0, :limit_depth=>true, :recv=>true}) :diaspora_user=
    (hole 0 {:hash_depth=>0, :method_arg=>true}))
  (true))
BASETYPE: true or false
SIZE WORK_LIST: 14
SIZE generated: 1
EVALUABLE#: 0

-------------------------

----------------
TTYPES
true or false
true or false
true or false
true or false

PROGS

LOCAL_COUNT: 11
GLOBAL_COUNT: 11

BASE_AFTER:
(begin
  (send
    (hole 0 {:hash_depth=>0, :limit_depth=>true, :recv=>true}) :count=
    (hole 0 {:hash_depth=>0, :method_arg=>true}))
  (false))
BASETYPE: true or false
SIZE WORK_LIST: 14
SIZE generated: 4
EVALUABLE#: 3

-------------------------

----------------
TTYPES
true or false

PROGS

LOCAL_COUNT: 12
GLOBAL_COUNT: 12

BASE_AFTER:
(begin
  (send
    (hole 0 {:hash_depth=>0, :limit_depth=>true, :recv=>true}) :diaspora_user=
    (hole 0 {:hash_depth=>0, :method_arg=>true}))
  (false))
BASETYPE: true or false
SIZE WORK_LIST: 16
SIZE generated: 1
EVALUABLE#: 0

-------------------------

----------------
TTYPES
Integer
Integer
Integer
Integer
Integer

PROGS

LOCAL_COUNT: 13
GLOBAL_COUNT: 13

BASE_AFTER:
(begin
  (send
    (hole 0 {:hash_depth=>0, :limit_depth=>true, :recv=>true}) :count=
    (hole 0 {:hash_depth=>0, :method_arg=>true}))
  (int 0))
BASETYPE: Integer
SIZE WORK_LIST: 16
SIZE generated: 5
EVALUABLE#: 4

-------------------------

----------------
TTYPES
Integer

PROGS

LOCAL_COUNT: 14
GLOBAL_COUNT: 14

BASE_AFTER:
(begin
  (send
    (hole 0 {:hash_depth=>0, :limit_depth=>true, :recv=>true}) :diaspora_user=
    (hole 0 {:hash_depth=>0, :method_arg=>true}))
  (int 0))
BASETYPE: Integer
SIZE WORK_LIST: 19
SIZE generated: 1
EVALUABLE#: 0

-------------------------

----------------
TTYPES
Integer
Integer
Integer
Integer
Integer

PROGS

LOCAL_COUNT: 15
GLOBAL_COUNT: 15

BASE_AFTER:
(begin
  (send
    (hole 0 {:hash_depth=>0, :limit_depth=>true, :recv=>true}) :count=
    (hole 0 {:hash_depth=>0, :method_arg=>true}))
  (int 1))
BASETYPE: Integer
SIZE WORK_LIST: 19
SIZE generated: 5
EVALUABLE#: 4

-------------------------

----------------
TTYPES
Integer

PROGS

LOCAL_COUNT: 16
GLOBAL_COUNT: 16

BASE_AFTER:
(begin
  (send
    (hole 0 {:hash_depth=>0, :limit_depth=>true, :recv=>true}) :diaspora_user=
    (hole 0 {:hash_depth=>0, :method_arg=>true}))
  (int 1))
BASETYPE: Integer
SIZE WORK_LIST: 22
SIZE generated: 1
EVALUABLE#: 0

-------------------------

----------------
TTYPES
Integer
Integer
Integer
Integer
Integer

PROGS

LOCAL_COUNT: 17
GLOBAL_COUNT: 17

BASE_AFTER:
(begin
  (send
    (hole 0 {:hash_depth=>0, :limit_depth=>true, :recv=>true}) :count=
    (hole 0 {:hash_depth=>0, :method_arg=>true}))
  (int 2))
BASETYPE: Integer
SIZE WORK_LIST: 22
SIZE generated: 5
EVALUABLE#: 4

-------------------------

----------------
TTYPES
Integer

PROGS

LOCAL_COUNT: 18
GLOBAL_COUNT: 18

BASE_AFTER:
(begin
  (send
    (hole 0 {:hash_depth=>0, :limit_depth=>true, :recv=>true}) :diaspora_user=
    (hole 0 {:hash_depth=>0, :method_arg=>true}))
  (int 2))
BASETYPE: Integer
SIZE WORK_LIST: 24
SIZE generated: 1
EVALUABLE#: 0

-------------------------

----------------
TTYPES
String
String
String
String

PROGS

LOCAL_COUNT: 19
GLOBAL_COUNT: 19

BASE_AFTER:
(begin
  (send
    (hole 0 {:hash_depth=>0, :limit_depth=>true, :recv=>true}) :count=
    (hole 0 {:hash_depth=>0, :method_arg=>true}))
  (str ""))
BASETYPE: String
SIZE WORK_LIST: 24
SIZE generated: 4
EVALUABLE#: 3

-------------------------

----------------
TTYPES
String

PROGS

LOCAL_COUNT: 20
GLOBAL_COUNT: 20

BASE_AFTER:
(begin
  (send
    (hole 0 {:hash_depth=>0, :limit_depth=>true, :recv=>true}) :diaspora_user=
    (hole 0 {:hash_depth=>0, :method_arg=>true}))
  (str ""))
BASETYPE: String
SIZE WORK_LIST: 26
SIZE generated: 1
EVALUABLE#: 0

-------------------------

----------------
TTYPES
true or false
true or false

PROGS

LOCAL_COUNT: 21
GLOBAL_COUNT: 21

BASE_AFTER:
(begin
  (send
    (lvar :arg0) :count=
    (int 0))
  (true))
BASETYPE: true or false
SIZE WORK_LIST: 26
SIZE generated: 2
EVALUABLE#: 0

-------------------------

----------------
TTYPES
true or false
true or false

PROGS

LOCAL_COUNT: 22
GLOBAL_COUNT: 22

BASE_AFTER:
(begin
  (send
    (lvar :arg0) :count=
    (int 1))
  (true))
BASETYPE: true or false
SIZE WORK_LIST: 27
SIZE generated: 2
EVALUABLE#: 0

-------------------------

----------------
TTYPES
true or false
true or false

PROGS

LOCAL_COUNT: 23
GLOBAL_COUNT: 23

BASE_AFTER:
(begin
  (send
    (lvar :arg0) :count=
    (int 0))
  (false))
BASETYPE: true or false
SIZE WORK_LIST: 28
SIZE generated: 2
EVALUABLE#: 0

-------------------------

----------------
TTYPES
true or false
true or false

PROGS

LOCAL_COUNT: 24
GLOBAL_COUNT: 24

BASE_AFTER:
(begin
  (send
    (lvar :arg0) :count=
    (int 1))
  (false))
BASETYPE: true or false
SIZE WORK_LIST: 29
SIZE generated: 2
EVALUABLE#: 0

-------------------------

----------------
TTYPES
Integer
Integer

PROGS

LOCAL_COUNT: 25
GLOBAL_COUNT: 25

BASE_AFTER:
(begin
  (send
    (lvar :arg0) :count=
    (int 0))
  (int 0))
BASETYPE: Integer
SIZE WORK_LIST: 30
SIZE generated: 2
EVALUABLE#: 0

-------------------------

----------------
TTYPES
Integer
Integer

PROGS

LOCAL_COUNT: 26
GLOBAL_COUNT: 26

BASE_AFTER:
(begin
  (send
    (lvar :arg0) :count=
    (int 1))
  (int 0))
BASETYPE: Integer
SIZE WORK_LIST: 31
SIZE generated: 2
EVALUABLE#: 0

-------------------------

----------------
TTYPES
Integer
Integer

PROGS

LOCAL_COUNT: 27
GLOBAL_COUNT: 27

BASE_AFTER:
(begin
  (lvasgn :t0
    (int 0))
  (send
    (lvar :arg0) :count=
    (lvar :t0))
  (lvar :t0))
BASETYPE: Integer
SIZE WORK_LIST: 32
SIZE generated: 2
EVALUABLE#: 0

-------------------------

----------------
TTYPES
Integer
Integer

PROGS

LOCAL_COUNT: 28
GLOBAL_COUNT: 28

BASE_AFTER:
(begin
  (send
    (lvar :arg0) :count=
    (int 0))
  (int 1))
BASETYPE: Integer
SIZE WORK_LIST: 33
SIZE generated: 2
EVALUABLE#: 0

-------------------------

----------------
TTYPES
Integer
Integer

PROGS

LOCAL_COUNT: 29
GLOBAL_COUNT: 29

BASE_AFTER:
(begin
  (send
    (lvar :arg0) :count=
    (int 1))
  (int 1))
BASETYPE: Integer
SIZE WORK_LIST: 34
SIZE generated: 2
EVALUABLE#: 0

-------------------------

----------------
TTYPES
Integer
Integer

PROGS

LOCAL_COUNT: 30
GLOBAL_COUNT: 30

BASE_AFTER:
(begin
  (lvasgn :t0
    (int 1))
  (send
    (lvar :arg0) :count=
    (lvar :t0))
  (lvar :t0))
BASETYPE: Integer
SIZE WORK_LIST: 35
SIZE generated: 2
EVALUABLE#: 0

-------------------------

----------------
TTYPES
Integer
Integer

PROGS

LOCAL_COUNT: 31
GLOBAL_COUNT: 31

BASE_AFTER:
(begin
  (send
    (lvar :arg0) :count=
    (int 0))
  (int 2))
BASETYPE: Integer
SIZE WORK_LIST: 36
SIZE generated: 2
EVALUABLE#: 0

-------------------------

----------------
TTYPES
Integer
Integer

PROGS

LOCAL_COUNT: 32
GLOBAL_COUNT: 32

BASE_AFTER:
(begin
  (send
    (lvar :arg0) :count=
    (int 1))
  (int 2))
BASETYPE: Integer
SIZE WORK_LIST: 37
SIZE generated: 2
EVALUABLE#: 0

-------------------------

----------------
TTYPES
String
String

PROGS

LOCAL_COUNT: 33
GLOBAL_COUNT: 33

BASE_AFTER:
(begin
  (send
    (lvar :arg0) :count=
    (int 0))
  (str ""))
BASETYPE: String
SIZE WORK_LIST: 38
SIZE generated: 2
EVALUABLE#: 0

-------------------------

----------------
TTYPES
String
String

PROGS

LOCAL_COUNT: 34
GLOBAL_COUNT: 34

BASE_AFTER:
(begin
  (send
    (lvar :arg0) :count=
    (int 1))
  (str ""))
BASETYPE: String
SIZE WORK_LIST: 39
SIZE generated: 2
EVALUABLE#: 0

-------------------------

----------------
TTYPES
Integer
Integer
Integer
Integer
Integer
Integer
Integer
Integer
Integer
%bot

PROGS

LOCAL_COUNT: 35
GLOBAL_COUNT: 35

BASE_AFTER:
(filled-hole
  (begin
    (send
      (send
        (hole 0 {:hash_depth=>0, :limit_depth=>true, :recv=>true}) :id=
        (hole 0 {:hash_depth=>0, :method_arg=>true})) :-
      (hole 0 {:hash_depth=>0, :method_arg=>true})))
  (begin
    (send
      (send
        (hole 0 {:hash_depth=>0, :limit_depth=>true, :recv=>true}) :id=
        (hole 0 {:hash_depth=>0, :method_arg=>true})) :-
      (hole 0 {:hash_depth=>0, :method_arg=>true})))
  (begin
    (send
      (send
        (hole 0 {:hash_depth=>0, :limit_depth=>true, :recv=>true}) :id=
        (hole 0 {:hash_depth=>0, :method_arg=>true})) :count))
  (begin
    (send
      (send
        (hole 0 {:hash_depth=>0, :limit_depth=>true, :recv=>true}) :id) :-
      (hole 0 {:hash_depth=>0, :method_arg=>true})))
  (begin
    (send
      (send
        (hole 0 {:hash_depth=>0, :limit_depth=>true, :recv=>true}) :id) :-
      (hole 0 {:hash_depth=>0, :method_arg=>true})))
  (begin
    (send
      (send
        (hole 0 {:hash_depth=>0, :limit_depth=>true, :recv=>true}) :id) :count))
  (begin
    (send
      (send
        (hole 0 {:hash_depth=>0, :limit_depth=>true, :recv=>true}) :token=
        (hole 0 {:hash_depth=>0, :method_arg=>true})) :count))
  (begin
    (send
      (send
        (hole 0 {:hash_depth=>0, :limit_depth=>true, :recv=>true}) :token=
        (hole 0 {:hash_depth=>0, :method_arg=>true})) :-
      (hole 0 {:hash_depth=>0, :method_arg=>true})))
  (begin
    (send
      (send
        (hole 0 {:hash_depth=>0, :limit_depth=>true, :recv=>true}) :token) :count))
  (begin
    (send
      (send
        (hole 0 {:hash_depth=>0, :limit_depth=>true, :recv=>true}) :token) :-
      (hole 0 {:hash_depth=>0, :method_arg=>true})))
  (begin
    (send
      (send
        (hole 0 {:hash_depth=>0, :limit_depth=>true, :recv=>true}) :diaspora_user_id=
        (hole 0 {:hash_depth=>0, :method_arg=>true})) :-
      (hole 0 {:hash_depth=>0, :method_arg=>true})))
  (begin
    (send
      (send
        (hole 0 {:hash_depth=>0, :limit_depth=>true, :recv=>true}) :diaspora_user_id=
        (hole 0 {:hash_depth=>0, :method_arg=>true})) :-
      (hole 0 {:hash_depth=>0, :method_arg=>true})))
  (begin
    (send
      (send
        (hole 0 {:hash_depth=>0, :limit_depth=>true, :recv=>true}) :diaspora_user_id=
        (hole 0 {:hash_depth=>0, :method_arg=>true})) :count))
  (begin
    (send
      (send
        (hole 0 {:hash_depth=>0, :limit_depth=>true, :recv=>true}) :diaspora_user_id) :-
      (hole 0 {:hash_depth=>0, :method_arg=>true})))
  (begin
    (send
      (send
        (hole 0 {:hash_depth=>0, :limit_depth=>true, :recv=>true}) :diaspora_user_id) :-
      (hole 0 {:hash_depth=>0, :method_arg=>true})))
  (begin
    (send
      (send
        (hole 0 {:hash_depth=>0, :limit_depth=>true, :recv=>true}) :diaspora_user_id) :count))
  (begin
    (send
      (send
        (hole 0 {:hash_depth=>0, :limit_depth=>true, :recv=>true}) :count=
        (hole 0 {:hash_depth=>0, :method_arg=>true})) :-
      (hole 0 {:hash_depth=>0, :method_arg=>true})))
  (begin
    (send
      (send
        (hole 0 {:hash_depth=>0, :limit_depth=>true, :recv=>true}) :count=
        (hole 0 {:hash_depth=>0, :method_arg=>true})) :-
      (hole 0 {:hash_depth=>0, :method_arg=>true})))
  (begin
    (send
      (send
        (hole 0 {:hash_depth=>0, :limit_depth=>true, :recv=>true}) :count=
        (hole 0 {:hash_depth=>0, :method_arg=>true})) :count))
  (begin
    (send
      (begin
        (send
          (hole 0 {:hash_depth=>0, :limit_depth=>true, :recv=>true}) :count)) :-
      (hole 0 {:hash_depth=>0, :method_arg=>true})))
  (begin
    (send
      (begin
        (send
          (hole 0 {:hash_depth=>0, :limit_depth=>true, :recv=>true}) :count)) :-
      (hole 0 {:hash_depth=>0, :method_arg=>true})))
  (begin
    (send
      (begin
        (send
          (hole 0 {:hash_depth=>0, :limit_depth=>true, :recv=>true}) :count)) :count))
  (begin
    (send
      (send
        (hole 0 {:hash_depth=>0, :limit_depth=>true, :recv=>true}) :diaspora_user) :count))
  (begin
    (send
      (send
        (hole 0 {:hash_depth=>0, :limit_depth=>true, :recv=>true}) :diaspora_user) :-
      (hole 0 {:hash_depth=>0, :method_arg=>true})))
  (begin
    (send
      (send
        (hole 0 {:hash_depth=>0, :limit_depth=>true, :recv=>true}) :diaspora_user=
        (hole 0 {:hash_depth=>0, :method_arg=>true})) :count))
  (begin
    (send
      (send
        (hole 0 {:hash_depth=>0, :limit_depth=>true, :recv=>true}) :diaspora_user=
        (hole 0 {:hash_depth=>0, :method_arg=>true})) :-
      (hole 0 {:hash_depth=>0, :method_arg=>true})))
  (begin
    (send
      (begin
        (send
          (hole 0 {:hash_depth=>0, :limit_depth=>true, :recv=>true}) :-
          (hole 0 {:hash_depth=>0, :method_arg=>true}))) :-
      (hole 0 {:hash_depth=>0, :method_arg=>true})))
  (begin
    (send
      (begin
        (send
          (hole 0 {:hash_depth=>0, :limit_depth=>true, :recv=>true}) :-
          (hole 0 {:hash_depth=>0, :method_arg=>true}))) :-
      (hole 0 {:hash_depth=>0, :method_arg=>true})))
  (begin
    (send
      (begin
        (send
          (hole 0 {:hash_depth=>0, :limit_depth=>true, :recv=>true}) :save)) :count))
  (begin
    (send
      (begin
        (send
          (hole 0 {:hash_depth=>0, :limit_depth=>true, :recv=>true}) :save)) :-
      (hole 0 {:hash_depth=>0, :method_arg=>true})))
  (begin
    (send
      (begin
        (send
          (hole 0 {:hash_depth=>0, :limit_depth=>true, :recv=>true}) :count)) :-
      (hole 0 {:hash_depth=>0, :method_arg=>true})))
  (begin
    (send
      (begin
        (send
          (hole 0 {:hash_depth=>0, :limit_depth=>true, :recv=>true}) :count)) :-
      (hole 0 {:hash_depth=>0, :method_arg=>true})))
  (begin
    (send
      (begin
        (send
          (hole 0 {:hash_depth=>0, :limit_depth=>true, :recv=>true}) :-
          (hole 0 {:hash_depth=>0, :method_arg=>true}))) :-
      (hole 0 {:hash_depth=>0, :method_arg=>true})))
  (begin
    (send
      (begin
        (send
          (hole 0 {:hash_depth=>0, :limit_depth=>true, :recv=>true}) :-
          (hole 0 {:hash_depth=>0, :method_arg=>true}))) :-
      (hole 0 {:hash_depth=>0, :method_arg=>true})))
  (begin
    (send
      (begin
        (send
          (hole 0 {:hash_depth=>0, :limit_depth=>true, :recv=>true}) :save)) :count))
  (begin
    (send
      (begin
        (send
          (hole 0 {:hash_depth=>0, :limit_depth=>true, :recv=>true}) :save)) :-
      (hole 0 {:hash_depth=>0, :method_arg=>true})))
  (hole 3 {:hash_depth=>0, :method_arg=>false, :variance=>:-}) {:method_arg=>false})
BASETYPE: %bot
SIZE WORK_LIST: 40
SIZE generated: 10
EVALUABLE#: 0

-------------------------

----------------
TTYPES
Integer
Integer
Integer
Integer
Integer
Integer
Integer
Integer
Integer
Integer
Integer
Integer
Integer
Integer
Integer
Integer
Integer
Integer
Integer
Integer
Integer
Integer
Integer
Integer
Integer
Integer
Integer
Integer
Integer
Integer
Integer
Integer
Integer
Integer
Integer
Integer

PROGS

LOCAL_COUNT: 36
GLOBAL_COUNT: 36

BASE_AFTER:
(begin
  (send
    (begin
      (send
        (filled-hole
          (lvar :arg0) {:method_arg=>false}) :-
        (filled-hole
          (lvar :arg0)
          (lvar InvitationCode(id: integer, token: string, diaspora_user_id: integer, count: integer))
          (true)
          (false)
          (int 0)
          (int 1)
          (int 2)
          (str "")
          (hole 1 {:hash_depth=>0, :method_arg=>true, :variance=>:+}) {:method_arg=>true}))) :-
    (filled-hole
      (int 0)
      (int 1)
      (int 2)
      (hole 1 {:hash_depth=>0, :method_arg=>true, :variance=>:+}) {:method_arg=>true})))
BASETYPE: Integer
SIZE WORK_LIST: 49
SIZE generated: 36
EVALUABLE#: 24

-------------------------

----------------
TTYPES
Integer
Integer
Integer
Integer
Integer
Integer
Integer
Integer
Integer
Integer
Integer
Integer
Integer
Integer
Integer
Integer
Integer
Integer
Integer
Integer
Integer
Integer
Integer
Integer
Integer
Integer
Integer
Integer
Integer
Integer
Integer
Integer
Integer
Integer
Integer
Integer

PROGS

LOCAL_COUNT: 37
GLOBAL_COUNT: 37

BASE_AFTER:
(begin
  (send
    (begin
      (send
        (filled-hole
          (lvar InvitationCode(id: integer, token: string, diaspora_user_id: integer, count: integer)) {:method_arg=>false}) :-
        (filled-hole
          (lvar :arg0)
          (lvar InvitationCode(id: integer, token: string, diaspora_user_id: integer, count: integer))
          (true)
          (false)
          (int 0)
          (int 1)
          (int 2)
          (str "")
          (hole 1 {:hash_depth=>0, :method_arg=>true, :variance=>:+}) {:method_arg=>true}))) :-
    (filled-hole
      (int 0)
      (int 1)
      (int 2)
      (hole 1 {:hash_depth=>0, :method_arg=>true, :variance=>:+}) {:method_arg=>true})))
BASETYPE: Integer
SIZE WORK_LIST: 60
SIZE generated: 36
EVALUABLE#: 24

-------------------------

----------------
TTYPES
Integer
Integer
Integer
Integer

PROGS

LOCAL_COUNT: 38
GLOBAL_COUNT: 38

BASE_AFTER:
(begin
  (send
    (begin
      (send
        (filled-hole
          (lvar InvitationCode(id: integer, token: string, diaspora_user_id: integer, count: integer)) {:method_arg=>false}) :count)) :-
    (filled-hole
      (int 0)
      (int 1)
      (int 2)
      (hole 1 {:hash_depth=>0, :method_arg=>true, :variance=>:+}) {:method_arg=>true})))
BASETYPE: Integer
SIZE WORK_LIST: 71
SIZE generated: 4
EVALUABLE#: 3

-------------------------

----------------
TTYPES
true or false
true or false
true or false
true or false
true or false
true or false
true or false
true or false
true or false
true or false
true or false

PROGS

LOCAL_COUNT: 39
GLOBAL_COUNT: 39

BASE_AFTER:
(begin
  (send
    (lvar :arg0) :count=
    (hole 1 {:hash_depth=>0, :method_arg=>true, :variance=>:+}))
  (true))
BASETYPE: true or false
SIZE WORK_LIST: 74
SIZE generated: 11
EVALUABLE#: 0

-------------------------

----------------
TTYPES
Integer
Integer

PROGS

LOCAL_COUNT: 40
GLOBAL_COUNT: 40

BASE_AFTER:
(begin
  (send
    (begin
      (send
        (lvar InvitationCode(id: integer, token: string, diaspora_user_id: integer, count: integer)) :count)) :-
    (int 0)))
BASETYPE: Integer
SIZE WORK_LIST: 84
SIZE generated: 2
EVALUABLE#: 0

-------------------------

----------------
TTYPES
Integer
Integer

PROGS

LOCAL_COUNT: 41
GLOBAL_COUNT: 41

BASE_AFTER:
(begin
  (send
    (begin
      (send
        (lvar InvitationCode(id: integer, token: string, diaspora_user_id: integer, count: integer)) :count)) :-
    (int 1)))
BASETYPE: Integer
SIZE WORK_LIST: 85
SIZE generated: 2
EVALUABLE#: 0

-------------------------

----------------
TTYPES
Integer
Integer

PROGS

LOCAL_COUNT: 42
GLOBAL_COUNT: 42

BASE_AFTER:
(begin
  (send
    (begin
      (send
        (lvar InvitationCode(id: integer, token: string, diaspora_user_id: integer, count: integer)) :count)) :-
    (int 2)))
BASETYPE: Integer
SIZE WORK_LIST: 86
SIZE generated: 2
EVALUABLE#: 0

-------------------------

----------------
TTYPES
true or false

PROGS

LOCAL_COUNT: 43
GLOBAL_COUNT: 43

BASE_AFTER:
(begin
  (send
    (lvar :arg0) :count=
    (begin
      (send
        (hole 0 {:hash_depth=>0, :limit_depth=>true, :recv=>true}) :count)))
  (true))
BASETYPE: true or false
SIZE WORK_LIST: 87
SIZE generated: 1
EVALUABLE#: 1

-------------------------

----------------
TTYPES
true or false
true or false
true or false
true or false
true or false
true or false

PROGS

LOCAL_COUNT: 44
GLOBAL_COUNT: 44

BASE_AFTER:
(begin
  (send
    (lvar :arg0) :diaspora_user=
    (hole 1 {:hash_depth=>0, :method_arg=>true, :variance=>:+}))
  (true))
BASETYPE: true or false
SIZE WORK_LIST: 87
SIZE generated: 6
EVALUABLE#: 0

-------------------------

----------------
TTYPES
true or false
true or false

PROGS

LOCAL_COUNT: 45
GLOBAL_COUNT: 45

BASE_AFTER:
(begin
  (send
    (lvar :arg0) :count=
    (begin
      (send
        (lvar InvitationCode(id: integer, token: string, diaspora_user_id: integer, count: integer)) :count)))
  (true))
BASETYPE: true or false
SIZE WORK_LIST: 92
SIZE generated: 2
EVALUABLE#: 0

-------------------------

----------------
TTYPES
true or false

PROGS

LOCAL_COUNT: 46
GLOBAL_COUNT: 46

BASE_AFTER:
(begin
  (send
    (lvar :arg0) :diaspora_user=
    (begin
      (send
        (hole 0 {:hash_depth=>0, :limit_depth=>true, :recv=>true}) :count)))
  (true))
BASETYPE: true or false
SIZE WORK_LIST: 93
SIZE generated: 1
EVALUABLE#: 1

-------------------------

----------------
TTYPES
true or false
true or false
true or false
true or false
true or false
true or false
true or false
true or false
true or false
true or false
true or false

PROGS

LOCAL_COUNT: 47
GLOBAL_COUNT: 47

BASE_AFTER:
(begin
  (send
    (lvar :arg0) :count=
    (hole 1 {:hash_depth=>0, :method_arg=>true, :variance=>:+}))
  (false))
BASETYPE: true or false
SIZE WORK_LIST: 92
SIZE generated: 11
EVALUABLE#: 0

-------------------------

----------------
TTYPES
true or false

PROGS

LOCAL_COUNT: 48
GLOBAL_COUNT: 48

BASE_AFTER:
(begin
  (send
    (lvar :arg0) :count=
    (begin
      (send
        (hole 0 {:hash_depth=>0, :limit_depth=>true, :recv=>true}) :count)))
  (false))
BASETYPE: true or false
SIZE WORK_LIST: 102
SIZE generated: 1
EVALUABLE#: 1

-------------------------

----------------
TTYPES
true or false
true or false
true or false
true or false
true or false
true or false

PROGS

LOCAL_COUNT: 49
GLOBAL_COUNT: 49

BASE_AFTER:
(begin
  (send
    (lvar :arg0) :diaspora_user=
    (hole 1 {:hash_depth=>0, :method_arg=>true, :variance=>:+}))
  (false))
BASETYPE: true or false
SIZE WORK_LIST: 102
SIZE generated: 6
EVALUABLE#: 0

-------------------------

----------------
TTYPES
true or false
true or false

PROGS

LOCAL_COUNT: 50
GLOBAL_COUNT: 50

BASE_AFTER:
(begin
  (send
    (lvar :arg0) :count=
    (begin
      (send
        (lvar InvitationCode(id: integer, token: string, diaspora_user_id: integer, count: integer)) :count)))
  (false))
BASETYPE: true or false
SIZE WORK_LIST: 107
SIZE generated: 2
EVALUABLE#: 0

-------------------------

----------------
TTYPES
true or false

PROGS

LOCAL_COUNT: 51
GLOBAL_COUNT: 51

BASE_AFTER:
(begin
  (send
    (lvar :arg0) :diaspora_user=
    (begin
      (send
        (hole 0 {:hash_depth=>0, :limit_depth=>true, :recv=>true}) :count)))
  (false))
BASETYPE: true or false
SIZE WORK_LIST: 108
SIZE generated: 1
EVALUABLE#: 1

-------------------------

----------------
TTYPES
Integer
Integer
Integer
Integer
Integer
Integer
Integer
Integer
Integer
Integer
Integer

PROGS

LOCAL_COUNT: 52
GLOBAL_COUNT: 52

BASE_AFTER:
(begin
  (send
    (lvar :arg0) :count=
    (hole 1 {:hash_depth=>0, :method_arg=>true, :variance=>:+}))
  (int 0))
BASETYPE: Integer
SIZE WORK_LIST: 107
SIZE generated: 11
EVALUABLE#: 0

-------------------------

----------------
TTYPES
Integer

PROGS

LOCAL_COUNT: 53
GLOBAL_COUNT: 53

BASE_AFTER:
(begin
  (send
    (lvar :arg0) :count=
    (begin
      (send
        (hole 0 {:hash_depth=>0, :limit_depth=>true, :recv=>true}) :count)))
  (int 0))
BASETYPE: Integer
SIZE WORK_LIST: 117
SIZE generated: 1
EVALUABLE#: 1

-------------------------

----------------
TTYPES
Integer
Integer
Integer
Integer
Integer
Integer

PROGS

LOCAL_COUNT: 54
GLOBAL_COUNT: 54

BASE_AFTER:
(begin
  (send
    (lvar :arg0) :diaspora_user=
    (hole 1 {:hash_depth=>0, :method_arg=>true, :variance=>:+}))
  (int 0))
BASETYPE: Integer
SIZE WORK_LIST: 117
SIZE generated: 6
EVALUABLE#: 0

-------------------------

----------------
TTYPES
Integer
Integer

PROGS

LOCAL_COUNT: 55
GLOBAL_COUNT: 55

BASE_AFTER:
(begin
  (send
    (lvar :arg0) :count=
    (begin
      (send
        (lvar InvitationCode(id: integer, token: string, diaspora_user_id: integer, count: integer)) :count)))
  (int 0))
BASETYPE: Integer
SIZE WORK_LIST: 122
SIZE generated: 2
EVALUABLE#: 0

-------------------------

----------------
TTYPES
Integer

PROGS

LOCAL_COUNT: 56
GLOBAL_COUNT: 56

BASE_AFTER:
(begin
  (send
    (lvar :arg0) :diaspora_user=
    (begin
      (send
        (hole 0 {:hash_depth=>0, :limit_depth=>true, :recv=>true}) :count)))
  (int 0))
BASETYPE: Integer
SIZE WORK_LIST: 123
SIZE generated: 1
EVALUABLE#: 1

-------------------------

----------------
TTYPES
Integer
Integer
Integer
Integer
Integer
Integer
Integer
Integer
Integer
Integer
Integer

PROGS

LOCAL_COUNT: 57
GLOBAL_COUNT: 57

BASE_AFTER:
(begin
  (send
    (lvar :arg0) :count=
    (hole 1 {:hash_depth=>0, :method_arg=>true, :variance=>:+}))
  (int 1))
BASETYPE: Integer
SIZE WORK_LIST: 122
SIZE generated: 11
EVALUABLE#: 0

-------------------------

----------------
TTYPES
Integer

PROGS

LOCAL_COUNT: 58
GLOBAL_COUNT: 58

BASE_AFTER:
(begin
  (send
    (lvar :arg0) :count=
    (begin
      (send
        (hole 0 {:hash_depth=>0, :limit_depth=>true, :recv=>true}) :count)))
  (int 1))
BASETYPE: Integer
SIZE WORK_LIST: 132
SIZE generated: 1
EVALUABLE#: 1

-------------------------

----------------
TTYPES
Integer
Integer
Integer
Integer
Integer
Integer

PROGS

LOCAL_COUNT: 59
GLOBAL_COUNT: 59

BASE_AFTER:
(begin
  (send
    (lvar :arg0) :diaspora_user=
    (hole 1 {:hash_depth=>0, :method_arg=>true, :variance=>:+}))
  (int 1))
BASETYPE: Integer
SIZE WORK_LIST: 132
SIZE generated: 6
EVALUABLE#: 0

-------------------------

----------------
TTYPES
Integer
Integer

PROGS

LOCAL_COUNT: 60
GLOBAL_COUNT: 60

BASE_AFTER:
(begin
  (send
    (lvar :arg0) :count=
    (begin
      (send
        (lvar InvitationCode(id: integer, token: string, diaspora_user_id: integer, count: integer)) :count)))
  (int 1))
BASETYPE: Integer
SIZE WORK_LIST: 137
SIZE generated: 2
EVALUABLE#: 0

-------------------------

----------------
TTYPES
true or false
true or false
Integer
Integer
Integer
String
%bot

PROGS

LOCAL_COUNT: 1
GLOBAL_COUNT: 61

BASE_AFTER:
(filled-hole
  (true)
  (false)
  (int 0)
  (int 1)
  (int 2)
  (str "")
  (hole 1 {:hash_depth=>0, :method_arg=>false, :variance=>:-}) {:method_arg=>false})
BASETYPE: %bot
SIZE WORK_LIST: 0
SIZE generated: 7
EVALUABLE#: 6

-------------------------

----------------
TTYPES
true or false
true or false

PROGS

LOCAL_COUNT: 2
GLOBAL_COUNT: 62

BASE_AFTER:
(true)
BASETYPE: true or false
SIZE WORK_LIST: 6
SIZE generated: 2
EVALUABLE#: 0

-------------------------

----------------
TTYPES
true or false
true or false

PROGS

LOCAL_COUNT: 3
GLOBAL_COUNT: 63

BASE_AFTER:
(false)
BASETYPE: true or false
SIZE WORK_LIST: 7
SIZE generated: 2
EVALUABLE#: 0

-------------------------

----------------
TTYPES
Integer
Integer

PROGS

LOCAL_COUNT: 4
GLOBAL_COUNT: 64

BASE_AFTER:
(int 0)
BASETYPE: Integer
SIZE WORK_LIST: 8
SIZE generated: 2
EVALUABLE#: 0

-------------------------

----------------
TTYPES
Integer
Integer

PROGS

LOCAL_COUNT: 5
GLOBAL_COUNT: 65

BASE_AFTER:
(int 1)
BASETYPE: Integer
SIZE WORK_LIST: 9
SIZE generated: 2
EVALUABLE#: 0

-------------------------

----------------
TTYPES
Integer
Integer

PROGS

LOCAL_COUNT: 6
GLOBAL_COUNT: 66

BASE_AFTER:
(int 2)
BASETYPE: Integer
SIZE WORK_LIST: 10
SIZE generated: 2
EVALUABLE#: 0

-------------------------

----------------
TTYPES
String
String

PROGS

LOCAL_COUNT: 7
GLOBAL_COUNT: 67

BASE_AFTER:
(str "")
BASETYPE: String
SIZE WORK_LIST: 11
SIZE generated: 2
EVALUABLE#: 0

-------------------------

----------------
TTYPES
%bot

PROGS

LOCAL_COUNT: 8
GLOBAL_COUNT: 68

BASE_AFTER:
(filled-hole
  (hole 2 {:hash_depth=>0, :method_arg=>false, :variance=>:-}) {:method_arg=>false})
BASETYPE: %bot
SIZE WORK_LIST: 12
SIZE generated: 1
EVALUABLE#: 0

-------------------------

----------------
TTYPES
true or false
true or false
true or false
true or false

PROGS

LOCAL_COUNT: 9
GLOBAL_COUNT: 69

BASE_AFTER:
(begin
  (send
    (hole 0 {:hash_depth=>0, :limit_depth=>true, :recv=>true}) :count=
    (hole 0 {:hash_depth=>0, :method_arg=>true}))
  (true))
BASETYPE: true or false
SIZE WORK_LIST: 12
SIZE generated: 4
EVALUABLE#: 3

-------------------------

----------------
TTYPES
true or false

PROGS

LOCAL_COUNT: 1
GLOBAL_COUNT: 70

BASE_AFTER:
(filled-hole
  (hole 1 {:hash_depth=>0, :method_arg=>false, :variance=>:+}) {:method_arg=>false})
BASETYPE: true or false
SIZE WORK_LIST: 0
SIZE generated: 1
EVALUABLE#: 0

-------------------------

----------------
TTYPES
true or false
true or false
true or false

PROGS

LOCAL_COUNT: 2
GLOBAL_COUNT: 71

BASE_AFTER:
(filled-hole
  (begin
    (send
      (hole 0 {:hash_depth=>0, :limit_depth=>true, :recv=>true}) :-
      (hole 0 {:hash_depth=>0, :method_arg=>true})))
  (begin
    (send
      (hole 0 {:hash_depth=>0, :limit_depth=>true, :recv=>true}) :save))
  (begin
    (send
      (hole 0 {:hash_depth=>0, :limit_depth=>true, :recv=>true}) :count))
  (begin
    (send
      (hole 0 {:hash_depth=>0, :limit_depth=>true, :recv=>true}) :-
      (hole 0 {:hash_depth=>0, :method_arg=>true})))
  (begin
    (send
      (hole 0 {:hash_depth=>0, :limit_depth=>true, :recv=>true}) :save))
  (hole 2 {:hash_depth=>0, :method_arg=>false, :variance=>:+}) {:method_arg=>false})
BASETYPE: true or false
SIZE WORK_LIST: 0
SIZE generated: 3
EVALUABLE#: 0

-------------------------

----------------
TTYPES
true or false

PROGS

LOCAL_COUNT: 3
GLOBAL_COUNT: 72

BASE_AFTER:
(begin
  (send
    (filled-hole
      (lvar :arg0) {:method_arg=>false}) :save))
BASETYPE: true or false
SIZE WORK_LIST: 2
SIZE generated: 1
EVALUABLE#: 1

-------------------------

----------------
TTYPES
true or false

PROGS

LOCAL_COUNT: 4
GLOBAL_COUNT: 73

BASE_AFTER:
(begin
  (send
    (filled-hole
      (lvar InvitationCode(id: integer, token: string, diaspora_user_id: integer, count: integer)) {:method_arg=>false}) :save))
BASETYPE: true or false
SIZE WORK_LIST: 1
SIZE generated: 1
EVALUABLE#: 1

-------------------------

----------------
TTYPES
Integer
true or false
Integer
true or false
true or false
true or false
Integer
true or false
Integer
true or false
Integer
true or false
Integer
true or false
true or false
true or false
true or false
true or false
true or false
true or false
true or false
true or false
true or false
true or false
true or false
false or true
true or false
true or false
true or false
true or false
true or false
true or false
true or false
true or false
true or false
true or false
true or false
true or false
Integer
true or false
true or false
true or false
true or false
true or false
true or false
true or false
true or false
false or true
true or false
true or false
true or false
true or false
true or false
true or false
true or false
true or false
true or false
true or false
true or false
true or false
Integer
true or false
true or false
true or false
true or false
true or false
true or false
true or false
true or false
false or true
true or false
true or false
true or false
true or false
true or false
true or false
true or false
true or false
true or false
true or false
true or false
true or false
Integer
true or false
true or false

PROGS

LOCAL_COUNT: 5
GLOBAL_COUNT: 74

BASE_AFTER:
(filled-hole
  (begin
    (send
      (send
        (hole 0 {:hash_depth=>0, :limit_depth=>true, :recv=>true}) :id=
        (hole 0 {:hash_depth=>0, :method_arg=>true})) :-
      (hole 0 {:hash_depth=>0, :method_arg=>true})))
  (begin
    (send
      (send
        (hole 0 {:hash_depth=>0, :limit_depth=>true, :recv=>true}) :id=
        (hole 0 {:hash_depth=>0, :method_arg=>true})) :-
      (hole 0 {:hash_depth=>0, :method_arg=>true})))
  (begin
    (send
      (send
        (hole 0 {:hash_depth=>0, :limit_depth=>true, :recv=>true}) :id=
        (hole 0 {:hash_depth=>0, :method_arg=>true})) :-
      (hole 0 {:hash_depth=>0, :method_arg=>true})))
  (begin
    (send
      (send
        (hole 0 {:hash_depth=>0, :limit_depth=>true, :recv=>true}) :id=
        (hole 0 {:hash_depth=>0, :method_arg=>true})) :count))
  (begin
    (send
      (send
        (hole 0 {:hash_depth=>0, :limit_depth=>true, :recv=>true}) :id=
        (hole 0 {:hash_depth=>0, :method_arg=>true})) :save))
  (begin
    (send
      (send
        (hole 0 {:hash_depth=>0, :limit_depth=>true, :recv=>true}) :id) :-
      (hole 0 {:hash_depth=>0, :method_arg=>true})))
  (begin
    (send
      (send
        (hole 0 {:hash_depth=>0, :limit_depth=>true, :recv=>true}) :id) :-
      (hole 0 {:hash_depth=>0, :method_arg=>true})))
  (begin
    (send
      (send
        (hole 0 {:hash_depth=>0, :limit_depth=>true, :recv=>true}) :id) :-
      (hole 0 {:hash_depth=>0, :method_arg=>true})))
  (begin
    (send
      (send
        (hole 0 {:hash_depth=>0, :limit_depth=>true, :recv=>true}) :id) :count))
  (begin
    (send
      (send
        (hole 0 {:hash_depth=>0, :limit_depth=>true, :recv=>true}) :id) :save))
  (begin
    (send
      (send
        (hole 0 {:hash_depth=>0, :limit_depth=>true, :recv=>true}) :token=
        (hole 0 {:hash_depth=>0, :method_arg=>true})) :count))
  (begin
    (send
      (send
        (hole 0 {:hash_depth=>0, :limit_depth=>true, :recv=>true}) :token=
        (hole 0 {:hash_depth=>0, :method_arg=>true})) :-
      (hole 0 {:hash_depth=>0, :method_arg=>true})))
  (begin
    (send
      (send
        (hole 0 {:hash_depth=>0, :limit_depth=>true, :recv=>true}) :token=
        (hole 0 {:hash_depth=>0, :method_arg=>true})) :save))
  (begin
    (send
      (send
        (hole 0 {:hash_depth=>0, :limit_depth=>true, :recv=>true}) :token) :count))
  (begin
    (send
      (send
        (hole 0 {:hash_depth=>0, :limit_depth=>true, :recv=>true}) :token) :-
      (hole 0 {:hash_depth=>0, :method_arg=>true})))
  (begin
    (send
      (send
        (hole 0 {:hash_depth=>0, :limit_depth=>true, :recv=>true}) :token) :save))
  (begin
    (send
      (send
        (hole 0 {:hash_depth=>0, :limit_depth=>true, :recv=>true}) :diaspora_user_id=
        (hole 0 {:hash_depth=>0, :method_arg=>true})) :-
      (hole 0 {:hash_depth=>0, :method_arg=>true})))
  (begin
    (send
      (send
        (hole 0 {:hash_depth=>0, :limit_depth=>true, :recv=>true}) :diaspora_user_id=
        (hole 0 {:hash_depth=>0, :method_arg=>true})) :-
      (hole 0 {:hash_depth=>0, :method_arg=>true})))
  (begin
    (send
      (send
        (hole 0 {:hash_depth=>0, :limit_depth=>true, :recv=>true}) :diaspora_user_id=
        (hole 0 {:hash_depth=>0, :method_arg=>true})) :-
      (hole 0 {:hash_depth=>0, :method_arg=>true})))
  (begin
    (send
      (send
        (hole 0 {:hash_depth=>0, :limit_depth=>true, :recv=>true}) :diaspora_user_id=
        (hole 0 {:hash_depth=>0, :method_arg=>true})) :count))
  (begin
    (send
      (send
        (hole 0 {:hash_depth=>0, :limit_depth=>true, :recv=>true}) :diaspora_user_id=
        (hole 0 {:hash_depth=>0, :method_arg=>true})) :save))
  (begin
    (send
      (send
        (hole 0 {:hash_depth=>0, :limit_depth=>true, :recv=>true}) :diaspora_user_id) :-
      (hole 0 {:hash_depth=>0, :method_arg=>true})))
  (begin
    (send
      (send
        (hole 0 {:hash_depth=>0, :limit_depth=>true, :recv=>true}) :diaspora_user_id) :-
      (hole 0 {:hash_depth=>0, :method_arg=>true})))
  (begin
    (send
      (send
        (hole 0 {:hash_depth=>0, :limit_depth=>true, :recv=>true}) :diaspora_user_id) :-
      (hole 0 {:hash_depth=>0, :method_arg=>true})))
  (begin
    (send
      (send
        (hole 0 {:hash_depth=>0, :limit_depth=>true, :recv=>true}) :diaspora_user_id) :count))
  (begin
    (send
      (send
        (hole 0 {:hash_depth=>0, :limit_depth=>true, :recv=>true}) :diaspora_user_id) :save))
  (begin
    (send
      (send
        (hole 0 {:hash_depth=>0, :limit_depth=>true, :recv=>true}) :count=
        (hole 0 {:hash_depth=>0, :method_arg=>true})) :-
      (hole 0 {:hash_depth=>0, :method_arg=>true})))
  (begin
    (send
      (send
        (hole 0 {:hash_depth=>0, :limit_depth=>true, :recv=>true}) :count=
        (hole 0 {:hash_depth=>0, :method_arg=>true})) :-
      (hole 0 {:hash_depth=>0, :method_arg=>true})))
  (begin
    (send
      (send
        (hole 0 {:hash_depth=>0, :limit_depth=>true, :recv=>true}) :count=
        (hole 0 {:hash_depth=>0, :method_arg=>true})) :-
      (hole 0 {:hash_depth=>0, :method_arg=>true})))
  (begin
    (send
      (send
        (hole 0 {:hash_depth=>0, :limit_depth=>true, :recv=>true}) :count=
        (hole 0 {:hash_depth=>0, :method_arg=>true})) :count))
  (begin
    (send
      (send
        (hole 0 {:hash_depth=>0, :limit_depth=>true, :recv=>true}) :count=
        (hole 0 {:hash_depth=>0, :method_arg=>true})) :save))
  (begin
    (send
      (begin
        (send
          (hole 0 {:hash_depth=>0, :limit_depth=>true, :recv=>true}) :count)) :-
      (hole 0 {:hash_depth=>0, :method_arg=>true})))
  (begin
    (send
      (begin
        (send
          (hole 0 {:hash_depth=>0, :limit_depth=>true, :recv=>true}) :count)) :-
      (hole 0 {:hash_depth=>0, :method_arg=>true})))
  (begin
    (send
      (begin
        (send
          (hole 0 {:hash_depth=>0, :limit_depth=>true, :recv=>true}) :count)) :-
      (hole 0 {:hash_depth=>0, :method_arg=>true})))
  (begin
    (send
      (begin
        (send
          (hole 0 {:hash_depth=>0, :limit_depth=>true, :recv=>true}) :count)) :-
      (hole 0 {:hash_depth=>0, :method_arg=>true})))
  (begin
    (send
      (begin
        (send
          (hole 0 {:hash_depth=>0, :limit_depth=>true, :recv=>true}) :count)) :-
      (hole 0 {:hash_depth=>0, :method_arg=>true})))
  (begin
    (send
      (begin
        (send
          (hole 0 {:hash_depth=>0, :limit_depth=>true, :recv=>true}) :count)) :-
      (hole 0 {:hash_depth=>0, :method_arg=>true})))
  (begin
    (send
      (begin
        (send
          (hole 0 {:hash_depth=>0, :limit_depth=>true, :recv=>true}) :count)) :count))
  (begin
    (send
      (begin
        (send
          (hole 0 {:hash_depth=>0, :limit_depth=>true, :recv=>true}) :count)) :count))
  (begin
    (send
      (begin
        (send
          (hole 0 {:hash_depth=>0, :limit_depth=>true, :recv=>true}) :count)) :save))
  (begin
    (send
      (begin
        (send
          (hole 0 {:hash_depth=>0, :limit_depth=>true, :recv=>true}) :count)) :save))
  (begin
    (send
      (send
        (hole 0 {:hash_depth=>0, :limit_depth=>true, :recv=>true}) :diaspora_user) :count))
  (begin
    (send
      (send
        (hole 0 {:hash_depth=>0, :limit_depth=>true, :recv=>true}) :diaspora_user) :-
      (hole 0 {:hash_depth=>0, :method_arg=>true})))
  (begin
    (send
      (send
        (hole 0 {:hash_depth=>0, :limit_depth=>true, :recv=>true}) :diaspora_user) :save))
  (begin
    (send
      (send
        (hole 0 {:hash_depth=>0, :limit_depth=>true, :recv=>true}) :diaspora_user=
        (hole 0 {:hash_depth=>0, :method_arg=>true})) :count))
  (begin
    (send
      (send
        (hole 0 {:hash_depth=>0, :limit_depth=>true, :recv=>true}) :diaspora_user=
        (hole 0 {:hash_depth=>0, :method_arg=>true})) :-
      (hole 0 {:hash_depth=>0, :method_arg=>true})))
  (begin
    (send
      (send
        (hole 0 {:hash_depth=>0, :limit_depth=>true, :recv=>true}) :diaspora_user=
        (hole 0 {:hash_depth=>0, :method_arg=>true})) :save))
  (begin
    (send
      (begin
        (send
          (hole 0 {:hash_depth=>0, :limit_depth=>true, :recv=>true}) :save)) :count))
  (begin
    (send
      (begin
        (send
          (hole 0 {:hash_depth=>0, :limit_depth=>true, :recv=>true}) :save)) :-
      (hole 0 {:hash_depth=>0, :method_arg=>true})))
  (begin
    (send
      (begin
        (send
          (hole 0 {:hash_depth=>0, :limit_depth=>true, :recv=>true}) :save)) :save))
  (send
    (begin
      (send
        (hole 0 {:hash_depth=>0, :limit_depth=>true, :recv=>true}) :-
        (hole 0 {:hash_depth=>0, :method_arg=>true}))) :confirmed=
    (hole 0 {:hash_depth=>0, :method_arg=>true}))
  (send
    (begin
      (send
        (hole 0 {:hash_depth=>0, :limit_depth=>true, :recv=>true}) :-
        (hole 0 {:hash_depth=>0, :method_arg=>true}))) :confirmed)
  (send
    (begin
      (send
        (hole 0 {:hash_depth=>0, :limit_depth=>true, :recv=>true}) :-
        (hole 0 {:hash_depth=>0, :method_arg=>true}))) :expired=
    (hole 0 {:hash_depth=>0, :method_arg=>true}))
  (send
    (begin
      (send
        (hole 0 {:hash_depth=>0, :limit_depth=>true, :recv=>true}) :-
        (hole 0 {:hash_depth=>0, :method_arg=>true}))) :expired)
  (send
    (begin
      (send
        (hole 0 {:hash_depth=>0, :limit_depth=>true, :recv=>true}) :-
        (hole 0 {:hash_depth=>0, :method_arg=>true}))) :discoverable=
    (hole 0 {:hash_depth=>0, :method_arg=>true}))
  (send
    (begin
      (send
        (hole 0 {:hash_depth=>0, :limit_depth=>true, :recv=>true}) :-
        (hole 0 {:hash_depth=>0, :method_arg=>true}))) :discoverable)
  (send
    (begin
      (send
        (hole 0 {:hash_depth=>0, :limit_depth=>true, :recv=>true}) :-
        (hole 0 {:hash_depth=>0, :method_arg=>true}))) :scheduled_check=
    (hole 0 {:hash_depth=>0, :method_arg=>true}))
  (send
    (begin
      (send
        (hole 0 {:hash_depth=>0, :limit_depth=>true, :recv=>true}) :-
        (hole 0 {:hash_depth=>0, :method_arg=>true}))) :scheduled_check)
  (begin
    (send
      (begin
        (send
          (hole 0 {:hash_depth=>0, :limit_depth=>true, :recv=>true}) :-
          (hole 0 {:hash_depth=>0, :method_arg=>true}))) :save))
  (send
    (begin
      (send
        (hole 0 {:hash_depth=>0, :limit_depth=>true, :recv=>true}) :-
        (hole 0 {:hash_depth=>0, :method_arg=>true}))) :otp_required_for_login=
    (hole 0 {:hash_depth=>0, :method_arg=>true}))
  (send
    (begin
      (send
        (hole 0 {:hash_depth=>0, :limit_depth=>true, :recv=>true}) :-
        (hole 0 {:hash_depth=>0, :method_arg=>true}))) :otp_required_for_login)
  (send
    (begin
      (send
        (hole 0 {:hash_depth=>0, :limit_depth=>true, :recv=>true}) :-
        (hole 0 {:hash_depth=>0, :method_arg=>true}))) :admin=
    (hole 0 {:hash_depth=>0, :method_arg=>true}))
  (send
    (begin
      (send
        (hole 0 {:hash_depth=>0, :limit_depth=>true, :recv=>true}) :-
        (hole 0 {:hash_depth=>0, :method_arg=>true}))) :admin)
  (send
    (begin
      (send
        (hole 0 {:hash_depth=>0, :limit_depth=>true, :recv=>true}) :-
        (hole 0 {:hash_depth=>0, :method_arg=>true}))) :staged=
    (hole 0 {:hash_depth=>0, :method_arg=>true}))
  (send
    (begin
      (send
        (hole 0 {:hash_depth=>0, :limit_depth=>true, :recv=>true}) :-
        (hole 0 {:hash_depth=>0, :method_arg=>true}))) :staged)
  (send
    (begin
      (send
        (hole 0 {:hash_depth=>0, :limit_depth=>true, :recv=>true}) :-
        (hole 0 {:hash_depth=>0, :method_arg=>true}))) :active=
    (hole 0 {:hash_depth=>0, :method_arg=>true}))
  (send
    (begin
      (send
        (hole 0 {:hash_depth=>0, :limit_depth=>true, :recv=>true}) :-
        (hole 0 {:hash_depth=>0, :method_arg=>true}))) :active)
  (send
    (begin
      (send
        (hole 0 {:hash_depth=>0, :limit_depth=>true, :recv=>true}) :-
        (hole 0 {:hash_depth=>0, :method_arg=>true}))) :primary=
    (hole 0 {:hash_depth=>0, :method_arg=>true}))
  (send
    (begin
      (send
        (hole 0 {:hash_depth=>0, :limit_depth=>true, :recv=>true}) :-
        (hole 0 {:hash_depth=>0, :method_arg=>true}))) :primary)
  (send
    (begin
      (send
        (hole 0 {:hash_depth=>0, :limit_depth=>true, :recv=>true}) :-
        (hole 0 {:hash_depth=>0, :method_arg=>true}))) :moderator=
    (hole 0 {:hash_depth=>0, :method_arg=>true}))
  (send
    (begin
      (send
        (hole 0 {:hash_depth=>0, :limit_depth=>true, :recv=>true}) :-
        (hole 0 {:hash_depth=>0, :method_arg=>true}))) :moderator)
  (begin
    (send
      (begin
        (send
          (hole 0 {:hash_depth=>0, :limit_depth=>true, :recv=>true}) :-
          (hole 0 {:hash_depth=>0, :method_arg=>true}))) :-
      (hole 0 {:hash_depth=>0, :method_arg=>true})))
  (begin
    (send
      (begin
        (send
          (hole 0 {:hash_depth=>0, :limit_depth=>true, :recv=>true}) :-
          (hole 0 {:hash_depth=>0, :method_arg=>true}))) :-
      (hole 0 {:hash_depth=>0, :method_arg=>true})))
  (begin
    (send
      (begin
        (send
          (hole 0 {:hash_depth=>0, :limit_depth=>true, :recv=>true}) :-
          (hole 0 {:hash_depth=>0, :method_arg=>true}))) :-
      (hole 0 {:hash_depth=>0, :method_arg=>true})))
  (send
    (begin
      (send
        (hole 0 {:hash_depth=>0, :limit_depth=>true, :recv=>true}) :count)) :confirmed=
    (hole 0 {:hash_depth=>0, :method_arg=>true}))
  (send
    (begin
      (send
        (hole 0 {:hash_depth=>0, :limit_depth=>true, :recv=>true}) :count)) :confirmed)
  (send
    (begin
      (send
        (hole 0 {:hash_depth=>0, :limit_depth=>true, :recv=>true}) :count)) :expired=
    (hole 0 {:hash_depth=>0, :method_arg=>true}))
  (send
    (begin
      (send
        (hole 0 {:hash_depth=>0, :limit_depth=>true, :recv=>true}) :count)) :expired)
  (send
    (begin
      (send
        (hole 0 {:hash_depth=>0, :limit_depth=>true, :recv=>true}) :count)) :discoverable=
    (hole 0 {:hash_depth=>0, :method_arg=>true}))
  (send
    (begin
      (send
        (hole 0 {:hash_depth=>0, :limit_depth=>true, :recv=>true}) :count)) :discoverable)
  (send
    (begin
      (send
        (hole 0 {:hash_depth=>0, :limit_depth=>true, :recv=>true}) :count)) :scheduled_check=
    (hole 0 {:hash_depth=>0, :method_arg=>true}))
  (send
    (begin
      (send
        (hole 0 {:hash_depth=>0, :limit_depth=>true, :recv=>true}) :count)) :scheduled_check)
  (begin
    (send
      (begin
        (send
          (hole 0 {:hash_depth=>0, :limit_depth=>true, :recv=>true}) :count)) :save))
  (send
    (begin
      (send
        (hole 0 {:hash_depth=>0, :limit_depth=>true, :recv=>true}) :count)) :otp_required_for_login=
    (hole 0 {:hash_depth=>0, :method_arg=>true}))
  (send
    (begin
      (send
        (hole 0 {:hash_depth=>0, :limit_depth=>true, :recv=>true}) :count)) :otp_required_for_login)
  (send
    (begin
      (send
        (hole 0 {:hash_depth=>0, :limit_depth=>true, :recv=>true}) :count)) :admin=
    (hole 0 {:hash_depth=>0, :method_arg=>true}))
  (send
    (begin
      (send
        (hole 0 {:hash_depth=>0, :limit_depth=>true, :recv=>true}) :count)) :admin)
  (send
    (begin
      (send
        (hole 0 {:hash_depth=>0, :limit_depth=>true, :recv=>true}) :count)) :staged=
    (hole 0 {:hash_depth=>0, :method_arg=>true}))
  (send
    (begin
      (send
        (hole 0 {:hash_depth=>0, :limit_depth=>true, :recv=>true}) :count)) :staged)
  (send
    (begin
      (send
        (hole 0 {:hash_depth=>0, :limit_depth=>true, :recv=>true}) :count)) :active=
    (hole 0 {:hash_depth=>0, :method_arg=>true}))
  (send
    (begin
      (send
        (hole 0 {:hash_depth=>0, :limit_depth=>true, :recv=>true}) :count)) :active)
  (send
    (begin
      (send
        (hole 0 {:hash_depth=>0, :limit_depth=>true, :recv=>true}) :count)) :primary=
    (hole 0 {:hash_depth=>0, :method_arg=>true}))
  (send
    (begin
      (send
        (hole 0 {:hash_depth=>0, :limit_depth=>true, :recv=>true}) :count)) :primary)
  (send
    (begin
      (send
        (hole 0 {:hash_depth=>0, :limit_depth=>true, :recv=>true}) :count)) :moderator=
    (hole 0 {:hash_depth=>0, :method_arg=>true}))
  (send
    (begin
      (send
        (hole 0 {:hash_depth=>0, :limit_depth=>true, :recv=>true}) :count)) :moderator)
  (begin
    (send
      (begin
        (send
          (hole 0 {:hash_depth=>0, :limit_depth=>true, :recv=>true}) :count)) :-
      (hole 0 {:hash_depth=>0, :method_arg=>true})))
  (begin
    (send
      (begin
        (send
          (hole 0 {:hash_depth=>0, :limit_depth=>true, :recv=>true}) :count)) :-
      (hole 0 {:hash_depth=>0, :method_arg=>true})))
  (begin
    (send
      (begin
        (send
          (hole 0 {:hash_depth=>0, :limit_depth=>true, :recv=>true}) :count)) :-
      (hole 0 {:hash_depth=>0, :method_arg=>true})))
  (send
    (begin
      (send
        (hole 0 {:hash_depth=>0, :limit_depth=>true, :recv=>true}) :-
        (hole 0 {:hash_depth=>0, :method_arg=>true}))) :confirmed=
    (hole 0 {:hash_depth=>0, :method_arg=>true}))
  (send
    (begin
      (send
        (hole 0 {:hash_depth=>0, :limit_depth=>true, :recv=>true}) :-
        (hole 0 {:hash_depth=>0, :method_arg=>true}))) :confirmed)
  (send
    (begin
      (send
        (hole 0 {:hash_depth=>0, :limit_depth=>true, :recv=>true}) :-
        (hole 0 {:hash_depth=>0, :method_arg=>true}))) :expired=
    (hole 0 {:hash_depth=>0, :method_arg=>true}))
  (send
    (begin
      (send
        (hole 0 {:hash_depth=>0, :limit_depth=>true, :recv=>true}) :-
        (hole 0 {:hash_depth=>0, :method_arg=>true}))) :expired)
  (send
    (begin
      (send
        (hole 0 {:hash_depth=>0, :limit_depth=>true, :recv=>true}) :-
        (hole 0 {:hash_depth=>0, :method_arg=>true}))) :discoverable=
    (hole 0 {:hash_depth=>0, :method_arg=>true}))
  (send
    (begin
      (send
        (hole 0 {:hash_depth=>0, :limit_depth=>true, :recv=>true}) :-
        (hole 0 {:hash_depth=>0, :method_arg=>true}))) :discoverable)
  (send
    (begin
      (send
        (hole 0 {:hash_depth=>0, :limit_depth=>true, :recv=>true}) :-
        (hole 0 {:hash_depth=>0, :method_arg=>true}))) :scheduled_check=
    (hole 0 {:hash_depth=>0, :method_arg=>true}))
  (send
    (begin
      (send
        (hole 0 {:hash_depth=>0, :limit_depth=>true, :recv=>true}) :-
        (hole 0 {:hash_depth=>0, :method_arg=>true}))) :scheduled_check)
  (begin
    (send
      (begin
        (send
          (hole 0 {:hash_depth=>0, :limit_depth=>true, :recv=>true}) :-
          (hole 0 {:hash_depth=>0, :method_arg=>true}))) :save))
  (send
    (begin
      (send
        (hole 0 {:hash_depth=>0, :limit_depth=>true, :recv=>true}) :-
        (hole 0 {:hash_depth=>0, :method_arg=>true}))) :otp_required_for_login=
    (hole 0 {:hash_depth=>0, :method_arg=>true}))
  (send
    (begin
      (send
        (hole 0 {:hash_depth=>0, :limit_depth=>true, :recv=>true}) :-
        (hole 0 {:hash_depth=>0, :method_arg=>true}))) :otp_required_for_login)
  (send
    (begin
      (send
        (hole 0 {:hash_depth=>0, :limit_depth=>true, :recv=>true}) :-
        (hole 0 {:hash_depth=>0, :method_arg=>true}))) :admin=
    (hole 0 {:hash_depth=>0, :method_arg=>true}))
  (send
    (begin
      (send
        (hole 0 {:hash_depth=>0, :limit_depth=>true, :recv=>true}) :-
        (hole 0 {:hash_depth=>0, :method_arg=>true}))) :admin)
  (send
    (begin
      (send
        (hole 0 {:hash_depth=>0, :limit_depth=>true, :recv=>true}) :-
        (hole 0 {:hash_depth=>0, :method_arg=>true}))) :staged=
    (hole 0 {:hash_depth=>0, :method_arg=>true}))
  (send
    (begin
      (send
        (hole 0 {:hash_depth=>0, :limit_depth=>true, :recv=>true}) :-
        (hole 0 {:hash_depth=>0, :method_arg=>true}))) :staged)
  (send
    (begin
      (send
        (hole 0 {:hash_depth=>0, :limit_depth=>true, :recv=>true}) :-
        (hole 0 {:hash_depth=>0, :method_arg=>true}))) :active=
    (hole 0 {:hash_depth=>0, :method_arg=>true}))
  (send
    (begin
      (send
        (hole 0 {:hash_depth=>0, :limit_depth=>true, :recv=>true}) :-
        (hole 0 {:hash_depth=>0, :method_arg=>true}))) :active)
  (send
    (begin
      (send
        (hole 0 {:hash_depth=>0, :limit_depth=>true, :recv=>true}) :-
        (hole 0 {:hash_depth=>0, :method_arg=>true}))) :primary=
    (hole 0 {:hash_depth=>0, :method_arg=>true}))
  (send
    (begin
      (send
        (hole 0 {:hash_depth=>0, :limit_depth=>true, :recv=>true}) :-
        (hole 0 {:hash_depth=>0, :method_arg=>true}))) :primary)
  (send
    (begin
      (send
        (hole 0 {:hash_depth=>0, :limit_depth=>true, :recv=>true}) :-
        (hole 0 {:hash_depth=>0, :method_arg=>true}))) :moderator=
    (hole 0 {:hash_depth=>0, :method_arg=>true}))
  (send
    (begin
      (send
        (hole 0 {:hash_depth=>0, :limit_depth=>true, :recv=>true}) :-
        (hole 0 {:hash_depth=>0, :method_arg=>true}))) :moderator)
  (begin
    (send
      (begin
        (send
          (hole 0 {:hash_depth=>0, :limit_depth=>true, :recv=>true}) :-
          (hole 0 {:hash_depth=>0, :method_arg=>true}))) :-
      (hole 0 {:hash_depth=>0, :method_arg=>true})))
  (begin
    (send
      (begin
        (send
          (hole 0 {:hash_depth=>0, :limit_depth=>true, :recv=>true}) :-
          (hole 0 {:hash_depth=>0, :method_arg=>true}))) :-
      (hole 0 {:hash_depth=>0, :method_arg=>true})))
  (begin
    (send
      (begin
        (send
          (hole 0 {:hash_depth=>0, :limit_depth=>true, :recv=>true}) :-
          (hole 0 {:hash_depth=>0, :method_arg=>true}))) :-
      (hole 0 {:hash_depth=>0, :method_arg=>true})))
  (begin
    (send
      (begin
        (send
          (hole 0 {:hash_depth=>0, :limit_depth=>true, :recv=>true}) :save)) :count))
  (begin
    (send
      (begin
        (send
          (hole 0 {:hash_depth=>0, :limit_depth=>true, :recv=>true}) :save)) :-
      (hole 0 {:hash_depth=>0, :method_arg=>true})))
  (begin
    (send
      (begin
        (send
          (hole 0 {:hash_depth=>0, :limit_depth=>true, :recv=>true}) :save)) :save))
  (hole 3 {:hash_depth=>0, :method_arg=>false, :variance=>:+}) {:method_arg=>false})
BASETYPE: true or false
SIZE WORK_LIST: 0
SIZE generated: 85
EVALUABLE#: 0

-------------------------

----------------
TTYPES
true or false
true or false
true or false

PROGS

LOCAL_COUNT: 6
GLOBAL_COUNT: 75

BASE_AFTER:
(send
  (begin
    (send
      (filled-hole
        (lvar InvitationCode(id: integer, token: string, diaspora_user_id: integer, count: integer)) {:method_arg=>false}) :count)) :confirmed=
  (filled-hole
    (true)
    (false)
    (hole 1 {:hash_depth=>0, :method_arg=>true, :variance=>:+}) {:method_arg=>true}))
BASETYPE: true or false
SIZE WORK_LIST: 84
SIZE generated: 3
EVALUABLE#: 2

-------------------------

----------------
TTYPES
true or false

PROGS

LOCAL_COUNT: 7
GLOBAL_COUNT: 76

BASE_AFTER:
(send
  (begin
    (send
      (filled-hole
        (lvar InvitationCode(id: integer, token: string, diaspora_user_id: integer, count: integer)) {:method_arg=>false}) :count)) :confirmed)
BASETYPE: true or false
SIZE WORK_LIST: 84
SIZE generated: 1
EVALUABLE#: 1

-------------------------

----------------
TTYPES
true or false
true or false
true or false

PROGS

LOCAL_COUNT: 8
GLOBAL_COUNT: 77

BASE_AFTER:
(send
  (begin
    (send
      (filled-hole
        (lvar InvitationCode(id: integer, token: string, diaspora_user_id: integer, count: integer)) {:method_arg=>false}) :count)) :expired=
  (filled-hole
    (true)
    (false)
    (hole 1 {:hash_depth=>0, :method_arg=>true, :variance=>:+}) {:method_arg=>true}))
BASETYPE: true or false
SIZE WORK_LIST: 83
SIZE generated: 3
EVALUABLE#: 2

-------------------------

----------------
TTYPES
true or false

PROGS

LOCAL_COUNT: 9
GLOBAL_COUNT: 78

BASE_AFTER:
(send
  (begin
    (send
      (filled-hole
        (lvar InvitationCode(id: integer, token: string, diaspora_user_id: integer, count: integer)) {:method_arg=>false}) :count)) :expired)
BASETYPE: true or false
SIZE WORK_LIST: 83
SIZE generated: 1
EVALUABLE#: 1

-------------------------

----------------
TTYPES
true or false
true or false
true or false

PROGS

LOCAL_COUNT: 10
GLOBAL_COUNT: 79

BASE_AFTER:
(send
  (begin
    (send
      (filled-hole
        (lvar InvitationCode(id: integer, token: string, diaspora_user_id: integer, count: integer)) {:method_arg=>false}) :count)) :discoverable=
  (filled-hole
    (true)
    (false)
    (hole 1 {:hash_depth=>0, :method_arg=>true, :variance=>:+}) {:method_arg=>true}))
BASETYPE: true or false
SIZE WORK_LIST: 82
SIZE generated: 3
EVALUABLE#: 2

-------------------------

----------------
TTYPES
true or false

PROGS

LOCAL_COUNT: 11
GLOBAL_COUNT: 80

BASE_AFTER:
(send
  (begin
    (send
      (filled-hole
        (lvar InvitationCode(id: integer, token: string, diaspora_user_id: integer, count: integer)) {:method_arg=>false}) :count)) :discoverable)
BASETYPE: true or false
SIZE WORK_LIST: 82
SIZE generated: 1
EVALUABLE#: 1

-------------------------

----------------
TTYPES
true or false
true or false
true or false

PROGS

LOCAL_COUNT: 12
GLOBAL_COUNT: 81

BASE_AFTER:
(send
  (begin
    (send
      (filled-hole
        (lvar InvitationCode(id: integer, token: string, diaspora_user_id: integer, count: integer)) {:method_arg=>false}) :count)) :scheduled_check=
  (filled-hole
    (true)
    (false)
    (hole 1 {:hash_depth=>0, :method_arg=>true, :variance=>:+}) {:method_arg=>true}))
BASETYPE: true or false
SIZE WORK_LIST: 81
SIZE generated: 3
EVALUABLE#: 2

-------------------------

----------------
TTYPES
true or false

PROGS

LOCAL_COUNT: 13
GLOBAL_COUNT: 82

BASE_AFTER:
(send
  (begin
    (send
      (filled-hole
        (lvar InvitationCode(id: integer, token: string, diaspora_user_id: integer, count: integer)) {:method_arg=>false}) :count)) :scheduled_check)
BASETYPE: true or false
SIZE WORK_LIST: 81
SIZE generated: 1
EVALUABLE#: 1

-------------------------

----------------
TTYPES
false or true

PROGS

LOCAL_COUNT: 14
GLOBAL_COUNT: 83

BASE_AFTER:
(begin
  (send
    (begin
      (send
        (filled-hole
          (lvar InvitationCode(id: integer, token: string, diaspora_user_id: integer, count: integer)) {:method_arg=>false}) :count)) :save))
BASETYPE: false or true
SIZE WORK_LIST: 80
SIZE generated: 1
EVALUABLE#: 1

-------------------------

----------------
TTYPES
true or false
true or false
true or false

PROGS

LOCAL_COUNT: 15
GLOBAL_COUNT: 84

BASE_AFTER:
(send
  (begin
    (send
      (filled-hole
        (lvar InvitationCode(id: integer, token: string, diaspora_user_id: integer, count: integer)) {:method_arg=>false}) :count)) :otp_required_for_login=
  (filled-hole
    (true)
    (false)
    (hole 1 {:hash_depth=>0, :method_arg=>true, :variance=>:+}) {:method_arg=>true}))
BASETYPE: true or false
SIZE WORK_LIST: 79
SIZE generated: 3
EVALUABLE#: 2

-------------------------

----------------
TTYPES
true or false

PROGS

LOCAL_COUNT: 16
GLOBAL_COUNT: 85

BASE_AFTER:
(send
  (begin
    (send
      (filled-hole
        (lvar InvitationCode(id: integer, token: string, diaspora_user_id: integer, count: integer)) {:method_arg=>false}) :count)) :otp_required_for_login)
BASETYPE: true or false
SIZE WORK_LIST: 79
SIZE generated: 1
EVALUABLE#: 1

-------------------------

----------------
TTYPES
true or false
true or false
true or false

PROGS

LOCAL_COUNT: 17
GLOBAL_COUNT: 86

BASE_AFTER:
(send
  (begin
    (send
      (filled-hole
        (lvar InvitationCode(id: integer, token: string, diaspora_user_id: integer, count: integer)) {:method_arg=>false}) :count)) :admin=
  (filled-hole
    (true)
    (false)
    (hole 1 {:hash_depth=>0, :method_arg=>true, :variance=>:+}) {:method_arg=>true}))
BASETYPE: true or false
SIZE WORK_LIST: 78
SIZE generated: 3
EVALUABLE#: 2

-------------------------

----------------
TTYPES
true or false

PROGS

LOCAL_COUNT: 18
GLOBAL_COUNT: 87

BASE_AFTER:
(send
  (begin
    (send
      (filled-hole
        (lvar InvitationCode(id: integer, token: string, diaspora_user_id: integer, count: integer)) {:method_arg=>false}) :count)) :admin)
BASETYPE: true or false
SIZE WORK_LIST: 78
SIZE generated: 1
EVALUABLE#: 1

-------------------------

----------------
TTYPES
true or false
true or false
true or false

PROGS

LOCAL_COUNT: 19
GLOBAL_COUNT: 88

BASE_AFTER:
(send
  (begin
    (send
      (filled-hole
        (lvar InvitationCode(id: integer, token: string, diaspora_user_id: integer, count: integer)) {:method_arg=>false}) :count)) :staged=
  (filled-hole
    (true)
    (false)
    (hole 1 {:hash_depth=>0, :method_arg=>true, :variance=>:+}) {:method_arg=>true}))
BASETYPE: true or false
SIZE WORK_LIST: 77
SIZE generated: 3
EVALUABLE#: 2

-------------------------

----------------
TTYPES
true or false

PROGS

LOCAL_COUNT: 20
GLOBAL_COUNT: 89

BASE_AFTER:
(send
  (begin
    (send
      (filled-hole
        (lvar InvitationCode(id: integer, token: string, diaspora_user_id: integer, count: integer)) {:method_arg=>false}) :count)) :staged)
BASETYPE: true or false
SIZE WORK_LIST: 77
SIZE generated: 1
EVALUABLE#: 1

-------------------------

----------------
TTYPES
true or false
true or false
true or false

PROGS

LOCAL_COUNT: 21
GLOBAL_COUNT: 90

BASE_AFTER:
(send
  (begin
    (send
      (filled-hole
        (lvar InvitationCode(id: integer, token: string, diaspora_user_id: integer, count: integer)) {:method_arg=>false}) :count)) :active=
  (filled-hole
    (true)
    (false)
    (hole 1 {:hash_depth=>0, :method_arg=>true, :variance=>:+}) {:method_arg=>true}))
BASETYPE: true or false
SIZE WORK_LIST: 76
SIZE generated: 3
EVALUABLE#: 2

-------------------------

----------------
TTYPES
true or false

PROGS

LOCAL_COUNT: 22
GLOBAL_COUNT: 91

BASE_AFTER:
(send
  (begin
    (send
      (filled-hole
        (lvar InvitationCode(id: integer, token: string, diaspora_user_id: integer, count: integer)) {:method_arg=>false}) :count)) :active)
BASETYPE: true or false
SIZE WORK_LIST: 76
SIZE generated: 1
EVALUABLE#: 1

-------------------------

----------------
TTYPES
true or false
true or false
true or false

PROGS

LOCAL_COUNT: 23
GLOBAL_COUNT: 92

BASE_AFTER:
(send
  (begin
    (send
      (filled-hole
        (lvar InvitationCode(id: integer, token: string, diaspora_user_id: integer, count: integer)) {:method_arg=>false}) :count)) :primary=
  (filled-hole
    (true)
    (false)
    (hole 1 {:hash_depth=>0, :method_arg=>true, :variance=>:+}) {:method_arg=>true}))
BASETYPE: true or false
SIZE WORK_LIST: 75
SIZE generated: 3
EVALUABLE#: 2

-------------------------

----------------
TTYPES
true or false

PROGS

LOCAL_COUNT: 24
GLOBAL_COUNT: 93

BASE_AFTER:
(send
  (begin
    (send
      (filled-hole
        (lvar InvitationCode(id: integer, token: string, diaspora_user_id: integer, count: integer)) {:method_arg=>false}) :count)) :primary)
BASETYPE: true or false
SIZE WORK_LIST: 75
SIZE generated: 1
EVALUABLE#: 1

-------------------------

----------------
TTYPES
true or false
true or false
true or false

PROGS

LOCAL_COUNT: 25
GLOBAL_COUNT: 94

BASE_AFTER:
(send
  (begin
    (send
      (filled-hole
        (lvar InvitationCode(id: integer, token: string, diaspora_user_id: integer, count: integer)) {:method_arg=>false}) :count)) :moderator=
  (filled-hole
    (true)
    (false)
    (hole 1 {:hash_depth=>0, :method_arg=>true, :variance=>:+}) {:method_arg=>true}))
BASETYPE: true or false
SIZE WORK_LIST: 74
SIZE generated: 3
EVALUABLE#: 2

-------------------------

----------------
TTYPES
true or false

PROGS

LOCAL_COUNT: 26
GLOBAL_COUNT: 95

BASE_AFTER:
(send
  (begin
    (send
      (filled-hole
        (lvar InvitationCode(id: integer, token: string, diaspora_user_id: integer, count: integer)) {:method_arg=>false}) :count)) :moderator)
BASETYPE: true or false
SIZE WORK_LIST: 74
SIZE generated: 1
EVALUABLE#: 1

-------------------------

----------------
TTYPES
Integer
Integer
Integer
Integer

PROGS

LOCAL_COUNT: 27
GLOBAL_COUNT: 96

BASE_AFTER:
(begin
  (send
    (begin
      (send
        (filled-hole
          (lvar InvitationCode(id: integer, token: string, diaspora_user_id: integer, count: integer)) {:method_arg=>false}) :count)) :-
    (filled-hole
      (int 0)
      (int 1)
      (int 2)
      (hole 1 {:hash_depth=>0, :method_arg=>true, :variance=>:+}) {:method_arg=>true})))
BASETYPE: Integer
SIZE WORK_LIST: 73
SIZE generated: 4
EVALUABLE#: 3

-------------------------

----------------
TTYPES
Integer
Integer
Integer
Integer
Integer
Integer
Integer
Integer
Integer
Integer
Integer
Integer
Integer
Integer
Integer
Integer

PROGS

LOCAL_COUNT: 28
GLOBAL_COUNT: 97

BASE_AFTER:
(begin
  (send
    (send
      (filled-hole
        (lvar :arg0) {:method_arg=>false}) :id=
      (filled-hole
        (int 0)
        (int 1)
        (int 2)
        (hole 1 {:hash_depth=>0, :method_arg=>true, :variance=>:+}) {:method_arg=>true})) :-
    (filled-hole
      (int 0)
      (int 1)
      (int 2)
      (hole 1 {:hash_depth=>0, :method_arg=>true, :variance=>:+}) {:method_arg=>true})))
BASETYPE: Integer
SIZE WORK_LIST: 73
SIZE generated: 16
EVALUABLE#: 9

-------------------------

----------------
TTYPES
Integer
Integer
Integer
Integer

PROGS

LOCAL_COUNT: 29
GLOBAL_COUNT: 98

BASE_AFTER:
(begin
  (send
    (send
      (filled-hole
        (lvar :arg0) {:method_arg=>false}) :id) :-
    (filled-hole
      (int 0)
      (int 1)
      (int 2)
      (hole 1 {:hash_depth=>0, :method_arg=>true, :variance=>:+}) {:method_arg=>true})))
BASETYPE: Integer
SIZE WORK_LIST: 79
SIZE generated: 4
EVALUABLE#: 3

-------------------------

----------------
TTYPES
true or false
true or false

PROGS

LOCAL_COUNT: 30
GLOBAL_COUNT: 99

BASE_AFTER:
(begin
  (send
    (send
      (filled-hole
        (lvar :arg0) {:method_arg=>false}) :token=
      (filled-hole
        (str "")
        (hole 1 {:hash_depth=>0, :method_arg=>true, :variance=>:+}) {:method_arg=>true})) :save))
BASETYPE: true or false
SIZE WORK_LIST: 79
SIZE generated: 2
EVALUABLE#: 1

-------------------------

----------------
TTYPES
Integer
Integer
Integer
Integer
Integer
Integer
Integer
Integer
Integer
Integer
Integer
Integer
Integer
Integer
Integer
Integer

PROGS

LOCAL_COUNT: 31
GLOBAL_COUNT: 100

BASE_AFTER:
(begin
  (send
    (send
      (filled-hole
        (lvar :arg0) {:method_arg=>false}) :diaspora_user_id=
      (filled-hole
        (int 0)
        (int 1)
        (int 2)
        (hole 1 {:hash_depth=>0, :method_arg=>true, :variance=>:+}) {:method_arg=>true})) :-
    (filled-hole
      (int 0)
      (int 1)
      (int 2)
      (hole 1 {:hash_depth=>0, :method_arg=>true, :variance=>:+}) {:method_arg=>true})))
BASETYPE: Integer
SIZE WORK_LIST: 79
SIZE generated: 16
EVALUABLE#: 9

-------------------------

----------------
TTYPES
Integer
Integer
Integer
Integer

PROGS

LOCAL_COUNT: 32
GLOBAL_COUNT: 101

BASE_AFTER:
(begin
  (send
    (send
      (filled-hole
        (lvar :arg0) {:method_arg=>false}) :diaspora_user_id) :-
    (filled-hole
      (int 0)
      (int 1)
      (int 2)
      (hole 1 {:hash_depth=>0, :method_arg=>true, :variance=>:+}) {:method_arg=>true})))
BASETYPE: Integer
SIZE WORK_LIST: 85
SIZE generated: 4
EVALUABLE#: 3

-------------------------

----------------
TTYPES
Integer
Integer
Integer
Integer
Integer
Integer
Integer
Integer
Integer
Integer
Integer
Integer
Integer
Integer
Integer
Integer

PROGS

LOCAL_COUNT: 33
GLOBAL_COUNT: 102

BASE_AFTER:
(begin
  (send
    (send
      (filled-hole
        (lvar :arg0) {:method_arg=>false}) :count=
      (filled-hole
        (int 0)
        (int 1)
        (int 2)
        (hole 1 {:hash_depth=>0, :method_arg=>true, :variance=>:+}) {:method_arg=>true})) :-
    (filled-hole
      (int 0)
      (int 1)
      (int 2)
      (hole 1 {:hash_depth=>0, :method_arg=>true, :variance=>:+}) {:method_arg=>true})))
BASETYPE: Integer
SIZE WORK_LIST: 85
SIZE generated: 16
EVALUABLE#: 9

-------------------------

----------------
TTYPES
Integer
Integer
Integer
Integer

PROGS

LOCAL_COUNT: 34
GLOBAL_COUNT: 103

BASE_AFTER:
(begin
  (send
    (begin
      (send
        (filled-hole
          (lvar :arg0) {:method_arg=>false}) :count)) :-
    (filled-hole
      (int 0)
      (int 1)
      (int 2)
      (hole 1 {:hash_depth=>0, :method_arg=>true, :variance=>:+}) {:method_arg=>true})))
BASETYPE: Integer
SIZE WORK_LIST: 91
SIZE generated: 4
EVALUABLE#: 3

-------------------------

----------------
TTYPES
true or false

PROGS

LOCAL_COUNT: 35
GLOBAL_COUNT: 104

BASE_AFTER:
(begin
  (send
    (send
      (filled-hole
        (lvar :arg0) {:method_arg=>false}) :diaspora_user) :save))
BASETYPE: true or false
SIZE WORK_LIST: 91
SIZE generated: 1
EVALUABLE#: 1

-------------------------

----------------
TTYPES
true or false

PROGS

LOCAL_COUNT: 36
GLOBAL_COUNT: 105

BASE_AFTER:
(begin
  (send
    (send
      (filled-hole
        (lvar :arg0) {:method_arg=>false}) :diaspora_user=
      (filled-hole
        (hole 1 {:hash_depth=>0, :method_arg=>true, :variance=>:+}) {:method_arg=>true})) :save))
BASETYPE: true or false
SIZE WORK_LIST: 90
SIZE generated: 1
EVALUABLE#: 0

-------------------------

----------------
TTYPES
true or false

PROGS

LOCAL_COUNT: 37
GLOBAL_COUNT: 106

BASE_AFTER:
(begin
  (send
    (begin
      (send
        (filled-hole
          (lvar :arg0) {:method_arg=>false}) :save)) :save))
BASETYPE: true or false
SIZE WORK_LIST: 90
SIZE generated: 1
EVALUABLE#: 1

-------------------------

----------------
TTYPES
true or false
true or false
true or false
true or false
true or false
true or false

PROGS

LOCAL_COUNT: 38
GLOBAL_COUNT: 107

BASE_AFTER:
(send
  (begin
    (send
      (lvar InvitationCode(id: integer, token: string, diaspora_user_id: integer, count: integer)) :count)) :confirmed=
  (filled-hole
    (begin
      (send
        (hole 0 {:hash_depth=>0, :limit_depth=>true, :recv=>true}) :save))
    (begin
      (send
        (hole 0 {:hash_depth=>0, :limit_depth=>true, :recv=>true}) :-
        (hole 0 {:hash_depth=>0, :method_arg=>true})))
    (begin
      (send
        (hole 0 {:hash_depth=>0, :limit_depth=>true, :recv=>true}) :count))
    (begin
      (send
        (hole 0 {:hash_depth=>0, :limit_depth=>true, :recv=>true}) :-
        (hole 0 {:hash_depth=>0, :method_arg=>true})))
    (begin
      (send
        (hole 0 {:hash_depth=>0, :limit_depth=>true, :recv=>true}) :save))
    (hole 2 {:hash_depth=>0, :method_arg=>true, :variance=>:+}) {:method_arg=>true}))
BASETYPE: true or false
SIZE WORK_LIST: 89
SIZE generated: 6
EVALUABLE#: 0

-------------------------

----------------
TTYPES
true or false

PROGS

LOCAL_COUNT: 39
GLOBAL_COUNT: 108

BASE_AFTER:
(send
  (begin
    (send
      (lvar InvitationCode(id: integer, token: string, diaspora_user_id: integer, count: integer)) :count)) :confirmed=
  (begin
    (send
      (filled-hole
        (lvar InvitationCode(id: integer, token: string, diaspora_user_id: integer, count: integer)) {:method_arg=>false}) :count)))
BASETYPE: true or false
SIZE WORK_LIST: 94
SIZE generated: 1
EVALUABLE#: 1

-------------------------

----------------
TTYPES
true or false
true or false
true or false
true or false
true or false
true or false

PROGS

LOCAL_COUNT: 40
GLOBAL_COUNT: 109

BASE_AFTER:
(send
  (begin
    (send
      (lvar InvitationCode(id: integer, token: string, diaspora_user_id: integer, count: integer)) :count)) :expired=
  (filled-hole
    (begin
      (send
        (hole 0 {:hash_depth=>0, :limit_depth=>true, :recv=>true}) :save))
    (begin
      (send
        (hole 0 {:hash_depth=>0, :limit_depth=>true, :recv=>true}) :-
        (hole 0 {:hash_depth=>0, :method_arg=>true})))
    (begin
      (send
        (hole 0 {:hash_depth=>0, :limit_depth=>true, :recv=>true}) :count))
    (begin
      (send
        (hole 0 {:hash_depth=>0, :limit_depth=>true, :recv=>true}) :-
        (hole 0 {:hash_depth=>0, :method_arg=>true})))
    (begin
      (send
        (hole 0 {:hash_depth=>0, :limit_depth=>true, :recv=>true}) :save))
    (hole 2 {:hash_depth=>0, :method_arg=>true, :variance=>:+}) {:method_arg=>true}))
BASETYPE: true or false
SIZE WORK_LIST: 93
SIZE generated: 6
EVALUABLE#: 0

-------------------------

----------------
TTYPES
true or false

PROGS

LOCAL_COUNT: 41
GLOBAL_COUNT: 110

BASE_AFTER:
(send
  (begin
    (send
      (lvar InvitationCode(id: integer, token: string, diaspora_user_id: integer, count: integer)) :count)) :expired=
  (begin
    (send
      (filled-hole
        (lvar InvitationCode(id: integer, token: string, diaspora_user_id: integer, count: integer)) {:method_arg=>false}) :count)))
BASETYPE: true or false
SIZE WORK_LIST: 98
SIZE generated: 1
EVALUABLE#: 1

-------------------------

----------------
TTYPES
true or false
true or false
true or false
true or false
true or false
true or false

PROGS

LOCAL_COUNT: 42
GLOBAL_COUNT: 111

BASE_AFTER:
(send
  (begin
    (send
      (lvar InvitationCode(id: integer, token: string, diaspora_user_id: integer, count: integer)) :count)) :discoverable=
  (filled-hole
    (begin
      (send
        (hole 0 {:hash_depth=>0, :limit_depth=>true, :recv=>true}) :save))
    (begin
      (send
        (hole 0 {:hash_depth=>0, :limit_depth=>true, :recv=>true}) :-
        (hole 0 {:hash_depth=>0, :method_arg=>true})))
    (begin
      (send
        (hole 0 {:hash_depth=>0, :limit_depth=>true, :recv=>true}) :count))
    (begin
      (send
        (hole 0 {:hash_depth=>0, :limit_depth=>true, :recv=>true}) :-
        (hole 0 {:hash_depth=>0, :method_arg=>true})))
    (begin
      (send
        (hole 0 {:hash_depth=>0, :limit_depth=>true, :recv=>true}) :save))
    (hole 2 {:hash_depth=>0, :method_arg=>true, :variance=>:+}) {:method_arg=>true}))
BASETYPE: true or false
SIZE WORK_LIST: 97
SIZE generated: 6
EVALUABLE#: 0

-------------------------

----------------
TTYPES
true or false

PROGS

LOCAL_COUNT: 43
GLOBAL_COUNT: 112

BASE_AFTER:
(send
  (begin
    (send
      (lvar InvitationCode(id: integer, token: string, diaspora_user_id: integer, count: integer)) :count)) :discoverable=
  (begin
    (send
      (filled-hole
        (lvar InvitationCode(id: integer, token: string, diaspora_user_id: integer, count: integer)) {:method_arg=>false}) :count)))
BASETYPE: true or false
SIZE WORK_LIST: 102
SIZE generated: 1
EVALUABLE#: 1

-------------------------

----------------
TTYPES
true or false
true or false
true or false
true or false
true or false
true or false

PROGS

LOCAL_COUNT: 44
GLOBAL_COUNT: 113

BASE_AFTER:
(send
  (begin
    (send
      (lvar InvitationCode(id: integer, token: string, diaspora_user_id: integer, count: integer)) :count)) :scheduled_check=
  (filled-hole
    (begin
      (send
        (hole 0 {:hash_depth=>0, :limit_depth=>true, :recv=>true}) :save))
    (begin
      (send
        (hole 0 {:hash_depth=>0, :limit_depth=>true, :recv=>true}) :-
        (hole 0 {:hash_depth=>0, :method_arg=>true})))
    (begin
      (send
        (hole 0 {:hash_depth=>0, :limit_depth=>true, :recv=>true}) :count))
    (begin
      (send
        (hole 0 {:hash_depth=>0, :limit_depth=>true, :recv=>true}) :-
        (hole 0 {:hash_depth=>0, :method_arg=>true})))
    (begin
      (send
        (hole 0 {:hash_depth=>0, :limit_depth=>true, :recv=>true}) :save))
    (hole 2 {:hash_depth=>0, :method_arg=>true, :variance=>:+}) {:method_arg=>true}))
BASETYPE: true or false
SIZE WORK_LIST: 101
SIZE generated: 6
EVALUABLE#: 0

-------------------------

----------------
TTYPES
true or false

PROGS

LOCAL_COUNT: 45
GLOBAL_COUNT: 114

BASE_AFTER:
(send
  (begin
    (send
      (lvar InvitationCode(id: integer, token: string, diaspora_user_id: integer, count: integer)) :count)) :scheduled_check=
  (begin
    (send
      (filled-hole
        (lvar InvitationCode(id: integer, token: string, diaspora_user_id: integer, count: integer)) {:method_arg=>false}) :count)))
BASETYPE: true or false
SIZE WORK_LIST: 106
SIZE generated: 1
EVALUABLE#: 1

-------------------------

----------------
TTYPES
true or false
true or false
true or false
true or false
true or false
true or false

PROGS

LOCAL_COUNT: 46
GLOBAL_COUNT: 115

BASE_AFTER:
(send
  (begin
    (send
      (lvar InvitationCode(id: integer, token: string, diaspora_user_id: integer, count: integer)) :count)) :otp_required_for_login=
  (filled-hole
    (begin
      (send
        (hole 0 {:hash_depth=>0, :limit_depth=>true, :recv=>true}) :save))
    (begin
      (send
        (hole 0 {:hash_depth=>0, :limit_depth=>true, :recv=>true}) :-
        (hole 0 {:hash_depth=>0, :method_arg=>true})))
    (begin
      (send
        (hole 0 {:hash_depth=>0, :limit_depth=>true, :recv=>true}) :count))
    (begin
      (send
        (hole 0 {:hash_depth=>0, :limit_depth=>true, :recv=>true}) :-
        (hole 0 {:hash_depth=>0, :method_arg=>true})))
    (begin
      (send
        (hole 0 {:hash_depth=>0, :limit_depth=>true, :recv=>true}) :save))
    (hole 2 {:hash_depth=>0, :method_arg=>true, :variance=>:+}) {:method_arg=>true}))
BASETYPE: true or false
SIZE WORK_LIST: 105
SIZE generated: 6
EVALUABLE#: 0

-------------------------

----------------
TTYPES
true or false

PROGS

LOCAL_COUNT: 47
GLOBAL_COUNT: 116

BASE_AFTER:
(send
  (begin
    (send
      (lvar InvitationCode(id: integer, token: string, diaspora_user_id: integer, count: integer)) :count)) :otp_required_for_login=
  (begin
    (send
      (filled-hole
        (lvar InvitationCode(id: integer, token: string, diaspora_user_id: integer, count: integer)) {:method_arg=>false}) :count)))
BASETYPE: true or false
SIZE WORK_LIST: 110
SIZE generated: 1
EVALUABLE#: 1

-------------------------

----------------
TTYPES
true or false
true or false
true or false
true or false
true or false
true or false

PROGS

LOCAL_COUNT: 48
GLOBAL_COUNT: 117

BASE_AFTER:
(send
  (begin
    (send
      (lvar InvitationCode(id: integer, token: string, diaspora_user_id: integer, count: integer)) :count)) :admin=
  (filled-hole
    (begin
      (send
        (hole 0 {:hash_depth=>0, :limit_depth=>true, :recv=>true}) :save))
    (begin
      (send
        (hole 0 {:hash_depth=>0, :limit_depth=>true, :recv=>true}) :-
        (hole 0 {:hash_depth=>0, :method_arg=>true})))
    (begin
      (send
        (hole 0 {:hash_depth=>0, :limit_depth=>true, :recv=>true}) :count))
    (begin
      (send
        (hole 0 {:hash_depth=>0, :limit_depth=>true, :recv=>true}) :-
        (hole 0 {:hash_depth=>0, :method_arg=>true})))
    (begin
      (send
        (hole 0 {:hash_depth=>0, :limit_depth=>true, :recv=>true}) :save))
    (hole 2 {:hash_depth=>0, :method_arg=>true, :variance=>:+}) {:method_arg=>true}))
BASETYPE: true or false
SIZE WORK_LIST: 109
SIZE generated: 6
EVALUABLE#: 0

-------------------------

----------------
TTYPES
true or false

PROGS

LOCAL_COUNT: 49
GLOBAL_COUNT: 118

BASE_AFTER:
(send
  (begin
    (send
      (lvar InvitationCode(id: integer, token: string, diaspora_user_id: integer, count: integer)) :count)) :admin=
  (begin
    (send
      (filled-hole
        (lvar InvitationCode(id: integer, token: string, diaspora_user_id: integer, count: integer)) {:method_arg=>false}) :count)))
BASETYPE: true or false
SIZE WORK_LIST: 114
SIZE generated: 1
EVALUABLE#: 1

-------------------------

----------------
TTYPES
true or false
true or false
true or false
true or false
true or false
true or false

PROGS

LOCAL_COUNT: 50
GLOBAL_COUNT: 119

BASE_AFTER:
(send
  (begin
    (send
      (lvar InvitationCode(id: integer, token: string, diaspora_user_id: integer, count: integer)) :count)) :staged=
  (filled-hole
    (begin
      (send
        (hole 0 {:hash_depth=>0, :limit_depth=>true, :recv=>true}) :save))
    (begin
      (send
        (hole 0 {:hash_depth=>0, :limit_depth=>true, :recv=>true}) :-
        (hole 0 {:hash_depth=>0, :method_arg=>true})))
    (begin
      (send
        (hole 0 {:hash_depth=>0, :limit_depth=>true, :recv=>true}) :count))
    (begin
      (send
        (hole 0 {:hash_depth=>0, :limit_depth=>true, :recv=>true}) :-
        (hole 0 {:hash_depth=>0, :method_arg=>true})))
    (begin
      (send
        (hole 0 {:hash_depth=>0, :limit_depth=>true, :recv=>true}) :save))
    (hole 2 {:hash_depth=>0, :method_arg=>true, :variance=>:+}) {:method_arg=>true}))
BASETYPE: true or false
SIZE WORK_LIST: 113
SIZE generated: 6
EVALUABLE#: 0

-------------------------

----------------
TTYPES
true or false

PROGS

LOCAL_COUNT: 51
GLOBAL_COUNT: 120

BASE_AFTER:
(send
  (begin
    (send
      (lvar InvitationCode(id: integer, token: string, diaspora_user_id: integer, count: integer)) :count)) :staged=
  (begin
    (send
      (filled-hole
        (lvar InvitationCode(id: integer, token: string, diaspora_user_id: integer, count: integer)) {:method_arg=>false}) :count)))
BASETYPE: true or false
SIZE WORK_LIST: 118
SIZE generated: 1
EVALUABLE#: 1

-------------------------

----------------
TTYPES
true or false
true or false
true or false
true or false
true or false
true or false

PROGS

LOCAL_COUNT: 52
GLOBAL_COUNT: 121

BASE_AFTER:
(send
  (begin
    (send
      (lvar InvitationCode(id: integer, token: string, diaspora_user_id: integer, count: integer)) :count)) :active=
  (filled-hole
    (begin
      (send
        (hole 0 {:hash_depth=>0, :limit_depth=>true, :recv=>true}) :save))
    (begin
      (send
        (hole 0 {:hash_depth=>0, :limit_depth=>true, :recv=>true}) :-
        (hole 0 {:hash_depth=>0, :method_arg=>true})))
    (begin
      (send
        (hole 0 {:hash_depth=>0, :limit_depth=>true, :recv=>true}) :count))
    (begin
      (send
        (hole 0 {:hash_depth=>0, :limit_depth=>true, :recv=>true}) :-
        (hole 0 {:hash_depth=>0, :method_arg=>true})))
    (begin
      (send
        (hole 0 {:hash_depth=>0, :limit_depth=>true, :recv=>true}) :save))
    (hole 2 {:hash_depth=>0, :method_arg=>true, :variance=>:+}) {:method_arg=>true}))
BASETYPE: true or false
SIZE WORK_LIST: 117
SIZE generated: 6
EVALUABLE#: 0

-------------------------

----------------
TTYPES
true or false

PROGS

LOCAL_COUNT: 53
GLOBAL_COUNT: 122

BASE_AFTER:
(send
  (begin
    (send
      (lvar InvitationCode(id: integer, token: string, diaspora_user_id: integer, count: integer)) :count)) :active=
  (begin
    (send
      (filled-hole
        (lvar InvitationCode(id: integer, token: string, diaspora_user_id: integer, count: integer)) {:method_arg=>false}) :count)))
BASETYPE: true or false
SIZE WORK_LIST: 122
SIZE generated: 1
EVALUABLE#: 1

-------------------------

----------------
TTYPES
true or false
true or false
true or false
true or false
true or false
true or false

PROGS

LOCAL_COUNT: 54
GLOBAL_COUNT: 123

BASE_AFTER:
(send
  (begin
    (send
      (lvar InvitationCode(id: integer, token: string, diaspora_user_id: integer, count: integer)) :count)) :primary=
  (filled-hole
    (begin
      (send
        (hole 0 {:hash_depth=>0, :limit_depth=>true, :recv=>true}) :save))
    (begin
      (send
        (hole 0 {:hash_depth=>0, :limit_depth=>true, :recv=>true}) :-
        (hole 0 {:hash_depth=>0, :method_arg=>true})))
    (begin
      (send
        (hole 0 {:hash_depth=>0, :limit_depth=>true, :recv=>true}) :count))
    (begin
      (send
        (hole 0 {:hash_depth=>0, :limit_depth=>true, :recv=>true}) :-
        (hole 0 {:hash_depth=>0, :method_arg=>true})))
    (begin
      (send
        (hole 0 {:hash_depth=>0, :limit_depth=>true, :recv=>true}) :save))
    (hole 2 {:hash_depth=>0, :method_arg=>true, :variance=>:+}) {:method_arg=>true}))
BASETYPE: true or false
SIZE WORK_LIST: 121
SIZE generated: 6
EVALUABLE#: 0

-------------------------

----------------
TTYPES
true or false

PROGS

LOCAL_COUNT: 55
GLOBAL_COUNT: 124

BASE_AFTER:
(send
  (begin
    (send
      (lvar InvitationCode(id: integer, token: string, diaspora_user_id: integer, count: integer)) :count)) :primary=
  (begin
    (send
      (filled-hole
        (lvar InvitationCode(id: integer, token: string, diaspora_user_id: integer, count: integer)) {:method_arg=>false}) :count)))
BASETYPE: true or false
SIZE WORK_LIST: 126
SIZE generated: 1
EVALUABLE#: 1

-------------------------

----------------
TTYPES
true or false
true or false
true or false
true or false
true or false
true or false

PROGS

LOCAL_COUNT: 56
GLOBAL_COUNT: 125

BASE_AFTER:
(send
  (begin
    (send
      (lvar InvitationCode(id: integer, token: string, diaspora_user_id: integer, count: integer)) :count)) :moderator=
  (filled-hole
    (begin
      (send
        (hole 0 {:hash_depth=>0, :limit_depth=>true, :recv=>true}) :save))
    (begin
      (send
        (hole 0 {:hash_depth=>0, :limit_depth=>true, :recv=>true}) :-
        (hole 0 {:hash_depth=>0, :method_arg=>true})))
    (begin
      (send
        (hole 0 {:hash_depth=>0, :limit_depth=>true, :recv=>true}) :count))
    (begin
      (send
        (hole 0 {:hash_depth=>0, :limit_depth=>true, :recv=>true}) :-
        (hole 0 {:hash_depth=>0, :method_arg=>true})))
    (begin
      (send
        (hole 0 {:hash_depth=>0, :limit_depth=>true, :recv=>true}) :save))
    (hole 2 {:hash_depth=>0, :method_arg=>true, :variance=>:+}) {:method_arg=>true}))
BASETYPE: true or false
SIZE WORK_LIST: 125
SIZE generated: 6
EVALUABLE#: 0

-------------------------

----------------
TTYPES
true or false

PROGS

LOCAL_COUNT: 57
GLOBAL_COUNT: 126

BASE_AFTER:
(send
  (begin
    (send
      (lvar InvitationCode(id: integer, token: string, diaspora_user_id: integer, count: integer)) :count)) :moderator=
  (begin
    (send
      (filled-hole
        (lvar InvitationCode(id: integer, token: string, diaspora_user_id: integer, count: integer)) {:method_arg=>false}) :count)))
BASETYPE: true or false
SIZE WORK_LIST: 130
SIZE generated: 1
EVALUABLE#: 1

-------------------------

----------------
TTYPES
Integer
Integer
Integer
Integer
Integer
Integer
Integer
Integer
Integer
Integer

PROGS

LOCAL_COUNT: 58
GLOBAL_COUNT: 127

BASE_AFTER:
(begin
  (send
    (begin
      (send
        (lvar InvitationCode(id: integer, token: string, diaspora_user_id: integer, count: integer)) :count)) :-
    (filled-hole
      (send
        (hole 0 {:hash_depth=>0, :limit_depth=>true, :recv=>true}) :id=
        (hole 0 {:hash_depth=>0, :method_arg=>true}))
      (send
        (hole 0 {:hash_depth=>0, :limit_depth=>true, :recv=>true}) :id)
      (send
        (hole 0 {:hash_depth=>0, :limit_depth=>true, :recv=>true}) :diaspora_user_id=
        (hole 0 {:hash_depth=>0, :method_arg=>true}))
      (send
        (hole 0 {:hash_depth=>0, :limit_depth=>true, :recv=>true}) :diaspora_user_id)
      (send
        (hole 0 {:hash_depth=>0, :limit_depth=>true, :recv=>true}) :count=
        (hole 0 {:hash_depth=>0, :method_arg=>true}))
      (begin
        (send
          (hole 0 {:hash_depth=>0, :limit_depth=>true, :recv=>true}) :count))
      (begin
        (send
          (hole 0 {:hash_depth=>0, :limit_depth=>true, :recv=>true}) :count))
      (begin
        (send
          (hole 0 {:hash_depth=>0, :limit_depth=>true, :recv=>true}) :count))
      (begin
        (send
          (hole 0 {:hash_depth=>0, :limit_depth=>true, :recv=>true}) :-
          (hole 0 {:hash_depth=>0, :method_arg=>true})))
      (begin
        (send
          (hole 0 {:hash_depth=>0, :limit_depth=>true, :recv=>true}) :count))
      (begin
        (send
          (hole 0 {:hash_depth=>0, :limit_depth=>true, :recv=>true}) :-
          (hole 0 {:hash_depth=>0, :method_arg=>true})))
      (hole 2 {:hash_depth=>0, :method_arg=>true, :variance=>:+}) {:method_arg=>true})))
BASETYPE: Integer
SIZE WORK_LIST: 129
SIZE generated: 10
EVALUABLE#: 0

-------------------------

----------------
TTYPES
Integer

PROGS

LOCAL_COUNT: 59
GLOBAL_COUNT: 128

BASE_AFTER:
(begin
  (send
    (begin
      (send
        (lvar InvitationCode(id: integer, token: string, diaspora_user_id: integer, count: integer)) :count)) :-
    (begin
      (send
        (filled-hole
          (lvar InvitationCode(id: integer, token: string, diaspora_user_id: integer, count: integer)) {:method_arg=>false}) :count))))
BASETYPE: Integer
SIZE WORK_LIST: 138
SIZE generated: 1
EVALUABLE#: 1

-------------------------

----------------
TTYPES
true or false

PROGS

LOCAL_COUNT: 60
GLOBAL_COUNT: 129

BASE_AFTER:
(send
  (begin
    (send
      (lvar InvitationCode(id: integer, token: string, diaspora_user_id: integer, count: integer)) :count)) :confirmed=
  (begin
    (send
      (filled-hole
        (lvar :arg0) {:method_arg=>false}) :save)))
BASETYPE: true or false
SIZE WORK_LIST: 137
SIZE generated: 1
EVALUABLE#: 1

-------------------------

----------------
TTYPES
true or false
true or false
Integer
Integer
Integer
String
%bot

PROGS

LOCAL_COUNT: 1
GLOBAL_COUNT: 1

BASE_AFTER:
(filled-hole
  (true)
  (false)
  (int 0)
  (int 1)
  (int 2)
  (str "")
  (hole 1 {:hash_depth=>0, :method_arg=>false, :variance=>:-}) {:method_arg=>false})
BASETYPE: %bot
SIZE WORK_LIST: 0
SIZE generated: 7
EVALUABLE#: 6

-------------------------

----------------
TTYPES
true or false
true or false

PROGS

LOCAL_COUNT: 2
GLOBAL_COUNT: 2

BASE_AFTER:
(true)
BASETYPE: true or false
SIZE WORK_LIST: 6
SIZE generated: 2
EVALUABLE#: 0

-------------------------

----------------
TTYPES
true or false
true or false

PROGS

LOCAL_COUNT: 3
GLOBAL_COUNT: 3

BASE_AFTER:
(false)
BASETYPE: true or false
SIZE WORK_LIST: 7
SIZE generated: 2
EVALUABLE#: 0

-------------------------

----------------
TTYPES
Integer
Integer

PROGS

LOCAL_COUNT: 4
GLOBAL_COUNT: 4

BASE_AFTER:
(int 0)
BASETYPE: Integer
SIZE WORK_LIST: 8
SIZE generated: 2
EVALUABLE#: 0

-------------------------

----------------
TTYPES
Integer
Integer

PROGS

LOCAL_COUNT: 5
GLOBAL_COUNT: 5

BASE_AFTER:
(int 1)
BASETYPE: Integer
SIZE WORK_LIST: 9
SIZE generated: 2
EVALUABLE#: 0

-------------------------

----------------
TTYPES
Integer
Integer

PROGS

LOCAL_COUNT: 6
GLOBAL_COUNT: 6

BASE_AFTER:
(int 2)
BASETYPE: Integer
SIZE WORK_LIST: 10
SIZE generated: 2
EVALUABLE#: 0

-------------------------

----------------
TTYPES
String
String

PROGS

LOCAL_COUNT: 7
GLOBAL_COUNT: 7

BASE_AFTER:
(str "")
BASETYPE: String
SIZE WORK_LIST: 11
SIZE generated: 2
EVALUABLE#: 0

-------------------------

----------------
TTYPES
%bot

PROGS

LOCAL_COUNT: 8
GLOBAL_COUNT: 8

BASE_AFTER:
(filled-hole
  (begin
    (send
      (hole 0 {:hash_depth=>0, :limit_depth=>true, :recv=>true}) :-
      (hole 0 {:hash_depth=>0, :method_arg=>true})))
  (begin
    (send
      (hole 0 {:hash_depth=>0, :limit_depth=>true, :recv=>true}) :count))
  (begin
    (send
      (hole 0 {:hash_depth=>0, :limit_depth=>true, :recv=>true}) :-
      (hole 0 {:hash_depth=>0, :method_arg=>true})))
  (hole 2 {:hash_depth=>0, :method_arg=>false, :variance=>:-}) {:method_arg=>false})
BASETYPE: %bot
SIZE WORK_LIST: 12
SIZE generated: 1
EVALUABLE#: 0

-------------------------

----------------
TTYPES
true or false
true or false
true or false
true or false

PROGS

LOCAL_COUNT: 9
GLOBAL_COUNT: 9

BASE_AFTER:
(begin
  (send
    (hole 0 {:hash_depth=>0, :limit_depth=>true, :recv=>true}) :count=
    (hole 0 {:hash_depth=>0, :method_arg=>true}))
  (true))
BASETYPE: true or false
SIZE WORK_LIST: 12
SIZE generated: 4
EVALUABLE#: 3

-------------------------

----------------
TTYPES
true or false

PROGS

LOCAL_COUNT: 10
GLOBAL_COUNT: 10

BASE_AFTER:
(begin
  (send
    (hole 0 {:hash_depth=>0, :limit_depth=>true, :recv=>true}) :diaspora_user=
    (hole 0 {:hash_depth=>0, :method_arg=>true}))
  (true))
BASETYPE: true or false
SIZE WORK_LIST: 14
SIZE generated: 1
EVALUABLE#: 0

-------------------------

----------------
TTYPES
true or false
true or false
true or false
true or false

PROGS

LOCAL_COUNT: 11
GLOBAL_COUNT: 11

BASE_AFTER:
(begin
  (send
    (hole 0 {:hash_depth=>0, :limit_depth=>true, :recv=>true}) :count=
    (hole 0 {:hash_depth=>0, :method_arg=>true}))
  (false))
BASETYPE: true or false
SIZE WORK_LIST: 14
SIZE generated: 4
EVALUABLE#: 3

-------------------------

----------------
TTYPES
true or false

PROGS

LOCAL_COUNT: 12
GLOBAL_COUNT: 12

BASE_AFTER:
(begin
  (send
    (hole 0 {:hash_depth=>0, :limit_depth=>true, :recv=>true}) :diaspora_user=
    (hole 0 {:hash_depth=>0, :method_arg=>true}))
  (false))
BASETYPE: true or false
SIZE WORK_LIST: 16
SIZE generated: 1
EVALUABLE#: 0

-------------------------

----------------
TTYPES
Integer
Integer
Integer
Integer
Integer

PROGS

LOCAL_COUNT: 13
GLOBAL_COUNT: 13

BASE_AFTER:
(begin
  (send
    (hole 0 {:hash_depth=>0, :limit_depth=>true, :recv=>true}) :count=
    (hole 0 {:hash_depth=>0, :method_arg=>true}))
  (int 0))
BASETYPE: Integer
SIZE WORK_LIST: 16
SIZE generated: 5
EVALUABLE#: 4

-------------------------

----------------
TTYPES
Integer

PROGS

LOCAL_COUNT: 14
GLOBAL_COUNT: 14

BASE_AFTER:
(begin
  (send
    (hole 0 {:hash_depth=>0, :limit_depth=>true, :recv=>true}) :diaspora_user=
    (hole 0 {:hash_depth=>0, :method_arg=>true}))
  (int 0))
BASETYPE: Integer
SIZE WORK_LIST: 19
SIZE generated: 1
EVALUABLE#: 0

-------------------------

----------------
TTYPES
Integer
Integer
Integer
Integer
Integer

PROGS

LOCAL_COUNT: 15
GLOBAL_COUNT: 15

BASE_AFTER:
(begin
  (send
    (hole 0 {:hash_depth=>0, :limit_depth=>true, :recv=>true}) :count=
    (hole 0 {:hash_depth=>0, :method_arg=>true}))
  (int 1))
BASETYPE: Integer
SIZE WORK_LIST: 19
SIZE generated: 5
EVALUABLE#: 4

-------------------------

----------------
TTYPES
Integer

PROGS

LOCAL_COUNT: 16
GLOBAL_COUNT: 16

BASE_AFTER:
(begin
  (send
    (hole 0 {:hash_depth=>0, :limit_depth=>true, :recv=>true}) :diaspora_user=
    (hole 0 {:hash_depth=>0, :method_arg=>true}))
  (int 1))
BASETYPE: Integer
SIZE WORK_LIST: 22
SIZE generated: 1
EVALUABLE#: 0

-------------------------

----------------
TTYPES
Integer
Integer
Integer
Integer
Integer

PROGS

LOCAL_COUNT: 17
GLOBAL_COUNT: 17

BASE_AFTER:
(begin
  (send
    (hole 0 {:hash_depth=>0, :limit_depth=>true, :recv=>true}) :count=
    (hole 0 {:hash_depth=>0, :method_arg=>true}))
  (int 2))
BASETYPE: Integer
SIZE WORK_LIST: 22
SIZE generated: 5
EVALUABLE#: 4

-------------------------

----------------
TTYPES
Integer

PROGS

LOCAL_COUNT: 18
GLOBAL_COUNT: 18

BASE_AFTER:
(begin
  (send
    (hole 0 {:hash_depth=>0, :limit_depth=>true, :recv=>true}) :diaspora_user=
    (hole 0 {:hash_depth=>0, :method_arg=>true}))
  (int 2))
BASETYPE: Integer
SIZE WORK_LIST: 24
SIZE generated: 1
EVALUABLE#: 0

-------------------------

----------------
TTYPES
String
String
String
String

PROGS

LOCAL_COUNT: 19
GLOBAL_COUNT: 19

BASE_AFTER:
(begin
  (send
    (hole 0 {:hash_depth=>0, :limit_depth=>true, :recv=>true}) :count=
    (hole 0 {:hash_depth=>0, :method_arg=>true}))
  (str ""))
BASETYPE: String
SIZE WORK_LIST: 24
SIZE generated: 4
EVALUABLE#: 3

-------------------------

----------------
TTYPES
String

PROGS

LOCAL_COUNT: 20
GLOBAL_COUNT: 20

BASE_AFTER:
(begin
  (send
    (hole 0 {:hash_depth=>0, :limit_depth=>true, :recv=>true}) :diaspora_user=
    (hole 0 {:hash_depth=>0, :method_arg=>true}))
  (str ""))
BASETYPE: String
SIZE WORK_LIST: 26
SIZE generated: 1
EVALUABLE#: 0

-------------------------

----------------
TTYPES
true or false
true or false

PROGS

LOCAL_COUNT: 21
GLOBAL_COUNT: 21

BASE_AFTER:
(begin
  (send
    (lvar :arg0) :count=
    (int 0))
  (true))
BASETYPE: true or false
SIZE WORK_LIST: 26
SIZE generated: 2
EVALUABLE#: 0

-------------------------

----------------
TTYPES
true or false
true or false

PROGS

LOCAL_COUNT: 22
GLOBAL_COUNT: 22

BASE_AFTER:
(begin
  (send
    (lvar :arg0) :count=
    (int 1))
  (true))
BASETYPE: true or false
SIZE WORK_LIST: 27
SIZE generated: 2
EVALUABLE#: 0

-------------------------

----------------
TTYPES
true or false
true or false

PROGS

LOCAL_COUNT: 23
GLOBAL_COUNT: 23

BASE_AFTER:
(begin
  (send
    (lvar :arg0) :count=
    (int 0))
  (false))
BASETYPE: true or false
SIZE WORK_LIST: 28
SIZE generated: 2
EVALUABLE#: 0

-------------------------

----------------
TTYPES
true or false
true or false

PROGS

LOCAL_COUNT: 24
GLOBAL_COUNT: 24

BASE_AFTER:
(begin
  (send
    (lvar :arg0) :count=
    (int 1))
  (false))
BASETYPE: true or false
SIZE WORK_LIST: 29
SIZE generated: 2
EVALUABLE#: 0

-------------------------

----------------
TTYPES
Integer
Integer

PROGS

LOCAL_COUNT: 25
GLOBAL_COUNT: 25

BASE_AFTER:
(begin
  (send
    (lvar :arg0) :count=
    (int 0))
  (int 0))
BASETYPE: Integer
SIZE WORK_LIST: 30
SIZE generated: 2
EVALUABLE#: 0

-------------------------

----------------
TTYPES
Integer
Integer

PROGS

LOCAL_COUNT: 26
GLOBAL_COUNT: 26

BASE_AFTER:
(begin
  (send
    (lvar :arg0) :count=
    (int 1))
  (int 0))
BASETYPE: Integer
SIZE WORK_LIST: 31
SIZE generated: 2
EVALUABLE#: 0

-------------------------

----------------
TTYPES
Integer
Integer

PROGS

LOCAL_COUNT: 27
GLOBAL_COUNT: 27

BASE_AFTER:
(begin
  (lvasgn :t0
    (int 0))
  (send
    (lvar :arg0) :count=
    (lvar :t0))
  (lvar :t0))
BASETYPE: Integer
SIZE WORK_LIST: 32
SIZE generated: 2
EVALUABLE#: 0

-------------------------

----------------
TTYPES
Integer
Integer

PROGS

LOCAL_COUNT: 28
GLOBAL_COUNT: 28

BASE_AFTER:
(begin
  (send
    (lvar :arg0) :count=
    (int 0))
  (int 1))
BASETYPE: Integer
SIZE WORK_LIST: 33
SIZE generated: 2
EVALUABLE#: 0

-------------------------

----------------
TTYPES
Integer
Integer

PROGS

LOCAL_COUNT: 29
GLOBAL_COUNT: 29

BASE_AFTER:
(begin
  (send
    (lvar :arg0) :count=
    (int 1))
  (int 1))
BASETYPE: Integer
SIZE WORK_LIST: 34
SIZE generated: 2
EVALUABLE#: 0

-------------------------

----------------
TTYPES
Integer
Integer

PROGS

LOCAL_COUNT: 30
GLOBAL_COUNT: 30

BASE_AFTER:
(begin
  (lvasgn :t0
    (int 1))
  (send
    (lvar :arg0) :count=
    (lvar :t0))
  (lvar :t0))
BASETYPE: Integer
SIZE WORK_LIST: 35
SIZE generated: 2
EVALUABLE#: 0

-------------------------

----------------
TTYPES
Integer
Integer

PROGS

LOCAL_COUNT: 31
GLOBAL_COUNT: 31

BASE_AFTER:
(begin
  (send
    (lvar :arg0) :count=
    (int 0))
  (int 2))
BASETYPE: Integer
SIZE WORK_LIST: 36
SIZE generated: 2
EVALUABLE#: 0

-------------------------

----------------
TTYPES
Integer
Integer

PROGS

LOCAL_COUNT: 32
GLOBAL_COUNT: 32

BASE_AFTER:
(begin
  (send
    (lvar :arg0) :count=
    (int 1))
  (int 2))
BASETYPE: Integer
SIZE WORK_LIST: 37
SIZE generated: 2
EVALUABLE#: 0

-------------------------

----------------
TTYPES
String
String

PROGS

LOCAL_COUNT: 33
GLOBAL_COUNT: 33

BASE_AFTER:
(begin
  (send
    (lvar :arg0) :count=
    (int 0))
  (str ""))
BASETYPE: String
SIZE WORK_LIST: 38
SIZE generated: 2
EVALUABLE#: 0

-------------------------

----------------
TTYPES
String
String

PROGS

LOCAL_COUNT: 34
GLOBAL_COUNT: 34

BASE_AFTER:
(begin
  (send
    (lvar :arg0) :count=
    (int 1))
  (str ""))
BASETYPE: String
SIZE WORK_LIST: 39
SIZE generated: 2
EVALUABLE#: 0

-------------------------

----------------
TTYPES
Integer
Integer
Integer
Integer
Integer
Integer
Integer
Integer
Integer
%bot

PROGS

LOCAL_COUNT: 35
GLOBAL_COUNT: 35

BASE_AFTER:
(filled-hole
  (begin
    (send
      (send
        (hole 0 {:hash_depth=>0, :limit_depth=>true, :recv=>true}) :id=
        (hole 0 {:hash_depth=>0, :method_arg=>true})) :-
      (hole 0 {:hash_depth=>0, :method_arg=>true})))
  (begin
    (send
      (send
        (hole 0 {:hash_depth=>0, :limit_depth=>true, :recv=>true}) :id=
        (hole 0 {:hash_depth=>0, :method_arg=>true})) :-
      (hole 0 {:hash_depth=>0, :method_arg=>true})))
  (begin
    (send
      (send
        (hole 0 {:hash_depth=>0, :limit_depth=>true, :recv=>true}) :id=
        (hole 0 {:hash_depth=>0, :method_arg=>true})) :count))
  (begin
    (send
      (send
        (hole 0 {:hash_depth=>0, :limit_depth=>true, :recv=>true}) :id) :-
      (hole 0 {:hash_depth=>0, :method_arg=>true})))
  (begin
    (send
      (send
        (hole 0 {:hash_depth=>0, :limit_depth=>true, :recv=>true}) :id) :-
      (hole 0 {:hash_depth=>0, :method_arg=>true})))
  (begin
    (send
      (send
        (hole 0 {:hash_depth=>0, :limit_depth=>true, :recv=>true}) :id) :count))
  (begin
    (send
      (send
        (hole 0 {:hash_depth=>0, :limit_depth=>true, :recv=>true}) :token=
        (hole 0 {:hash_depth=>0, :method_arg=>true})) :count))
  (begin
    (send
      (send
        (hole 0 {:hash_depth=>0, :limit_depth=>true, :recv=>true}) :token=
        (hole 0 {:hash_depth=>0, :method_arg=>true})) :-
      (hole 0 {:hash_depth=>0, :method_arg=>true})))
  (begin
    (send
      (send
        (hole 0 {:hash_depth=>0, :limit_depth=>true, :recv=>true}) :token) :count))
  (begin
    (send
      (send
        (hole 0 {:hash_depth=>0, :limit_depth=>true, :recv=>true}) :token) :-
      (hole 0 {:hash_depth=>0, :method_arg=>true})))
  (begin
    (send
      (send
        (hole 0 {:hash_depth=>0, :limit_depth=>true, :recv=>true}) :diaspora_user_id=
        (hole 0 {:hash_depth=>0, :method_arg=>true})) :-
      (hole 0 {:hash_depth=>0, :method_arg=>true})))
  (begin
    (send
      (send
        (hole 0 {:hash_depth=>0, :limit_depth=>true, :recv=>true}) :diaspora_user_id=
        (hole 0 {:hash_depth=>0, :method_arg=>true})) :-
      (hole 0 {:hash_depth=>0, :method_arg=>true})))
  (begin
    (send
      (send
        (hole 0 {:hash_depth=>0, :limit_depth=>true, :recv=>true}) :diaspora_user_id=
        (hole 0 {:hash_depth=>0, :method_arg=>true})) :count))
  (begin
    (send
      (send
        (hole 0 {:hash_depth=>0, :limit_depth=>true, :recv=>true}) :diaspora_user_id) :-
      (hole 0 {:hash_depth=>0, :method_arg=>true})))
  (begin
    (send
      (send
        (hole 0 {:hash_depth=>0, :limit_depth=>true, :recv=>true}) :diaspora_user_id) :-
      (hole 0 {:hash_depth=>0, :method_arg=>true})))
  (begin
    (send
      (send
        (hole 0 {:hash_depth=>0, :limit_depth=>true, :recv=>true}) :diaspora_user_id) :count))
  (begin
    (send
      (send
        (hole 0 {:hash_depth=>0, :limit_depth=>true, :recv=>true}) :count=
        (hole 0 {:hash_depth=>0, :method_arg=>true})) :-
      (hole 0 {:hash_depth=>0, :method_arg=>true})))
  (begin
    (send
      (send
        (hole 0 {:hash_depth=>0, :limit_depth=>true, :recv=>true}) :count=
        (hole 0 {:hash_depth=>0, :method_arg=>true})) :-
      (hole 0 {:hash_depth=>0, :method_arg=>true})))
  (begin
    (send
      (send
        (hole 0 {:hash_depth=>0, :limit_depth=>true, :recv=>true}) :count=
        (hole 0 {:hash_depth=>0, :method_arg=>true})) :count))
  (begin
    (send
      (begin
        (send
          (hole 0 {:hash_depth=>0, :limit_depth=>true, :recv=>true}) :count)) :-
      (hole 0 {:hash_depth=>0, :method_arg=>true})))
  (begin
    (send
      (begin
        (send
          (hole 0 {:hash_depth=>0, :limit_depth=>true, :recv=>true}) :count)) :-
      (hole 0 {:hash_depth=>0, :method_arg=>true})))
  (begin
    (send
      (begin
        (send
          (hole 0 {:hash_depth=>0, :limit_depth=>true, :recv=>true}) :count)) :count))
  (begin
    (send
      (send
        (hole 0 {:hash_depth=>0, :limit_depth=>true, :recv=>true}) :diaspora_user) :count))
  (begin
    (send
      (send
        (hole 0 {:hash_depth=>0, :limit_depth=>true, :recv=>true}) :diaspora_user) :-
      (hole 0 {:hash_depth=>0, :method_arg=>true})))
  (begin
    (send
      (send
        (hole 0 {:hash_depth=>0, :limit_depth=>true, :recv=>true}) :diaspora_user=
        (hole 0 {:hash_depth=>0, :method_arg=>true})) :count))
  (begin
    (send
      (send
        (hole 0 {:hash_depth=>0, :limit_depth=>true, :recv=>true}) :diaspora_user=
        (hole 0 {:hash_depth=>0, :method_arg=>true})) :-
      (hole 0 {:hash_depth=>0, :method_arg=>true})))
  (begin
    (send
      (begin
        (send
          (hole 0 {:hash_depth=>0, :limit_depth=>true, :recv=>true}) :-
          (hole 0 {:hash_depth=>0, :method_arg=>true}))) :-
      (hole 0 {:hash_depth=>0, :method_arg=>true})))
  (begin
    (send
      (begin
        (send
          (hole 0 {:hash_depth=>0, :limit_depth=>true, :recv=>true}) :-
          (hole 0 {:hash_depth=>0, :method_arg=>true}))) :-
      (hole 0 {:hash_depth=>0, :method_arg=>true})))
  (begin
    (send
      (begin
        (send
          (hole 0 {:hash_depth=>0, :limit_depth=>true, :recv=>true}) :save)) :count))
  (begin
    (send
      (begin
        (send
          (hole 0 {:hash_depth=>0, :limit_depth=>true, :recv=>true}) :save)) :-
      (hole 0 {:hash_depth=>0, :method_arg=>true})))
  (begin
    (send
      (begin
        (send
          (hole 0 {:hash_depth=>0, :limit_depth=>true, :recv=>true}) :count)) :-
      (hole 0 {:hash_depth=>0, :method_arg=>true})))
  (begin
    (send
      (begin
        (send
          (hole 0 {:hash_depth=>0, :limit_depth=>true, :recv=>true}) :count)) :-
      (hole 0 {:hash_depth=>0, :method_arg=>true})))
  (begin
    (send
      (begin
        (send
          (hole 0 {:hash_depth=>0, :limit_depth=>true, :recv=>true}) :-
          (hole 0 {:hash_depth=>0, :method_arg=>true}))) :-
      (hole 0 {:hash_depth=>0, :method_arg=>true})))
  (begin
    (send
      (begin
        (send
          (hole 0 {:hash_depth=>0, :limit_depth=>true, :recv=>true}) :-
          (hole 0 {:hash_depth=>0, :method_arg=>true}))) :-
      (hole 0 {:hash_depth=>0, :method_arg=>true})))
  (begin
    (send
      (begin
        (send
          (hole 0 {:hash_depth=>0, :limit_depth=>true, :recv=>true}) :save)) :count))
  (begin
    (send
      (begin
        (send
          (hole 0 {:hash_depth=>0, :limit_depth=>true, :recv=>true}) :save)) :-
      (hole 0 {:hash_depth=>0, :method_arg=>true})))
  (hole 3 {:hash_depth=>0, :method_arg=>false, :variance=>:-}) {:method_arg=>false})
BASETYPE: %bot
SIZE WORK_LIST: 40
SIZE generated: 10
EVALUABLE#: 0

-------------------------

----------------
TTYPES
Integer
Integer
Integer
Integer
Integer
Integer
Integer
Integer
Integer
Integer
Integer
Integer
Integer
Integer
Integer
Integer
Integer
Integer
Integer
Integer
Integer
Integer
Integer
Integer
Integer
Integer
Integer
Integer
Integer
Integer
Integer
Integer
Integer
Integer
Integer
Integer

PROGS

LOCAL_COUNT: 36
GLOBAL_COUNT: 36

BASE_AFTER:
(begin
  (send
    (begin
      (send
        (filled-hole
          (lvar :arg0) {:method_arg=>false}) :-
        (filled-hole
          (lvar :arg0)
          (lvar InvitationCode(id: integer, token: string, diaspora_user_id: integer, count: integer))
          (true)
          (false)
          (int 0)
          (int 1)
          (int 2)
          (str "")
          (hole 1 {:hash_depth=>0, :method_arg=>true, :variance=>:+}) {:method_arg=>true}))) :-
    (filled-hole
      (int 0)
      (int 1)
      (int 2)
      (hole 1 {:hash_depth=>0, :method_arg=>true, :variance=>:+}) {:method_arg=>true})))
BASETYPE: Integer
SIZE WORK_LIST: 49
SIZE generated: 36
EVALUABLE#: 24

-------------------------

----------------
TTYPES
Integer
Integer
Integer
Integer
Integer
Integer
Integer
Integer
Integer
Integer
Integer
Integer
Integer
Integer
Integer
Integer
Integer
Integer
Integer
Integer
Integer
Integer
Integer
Integer
Integer
Integer
Integer
Integer
Integer
Integer
Integer
Integer
Integer
Integer
Integer
Integer

PROGS

LOCAL_COUNT: 37
GLOBAL_COUNT: 37

BASE_AFTER:
(begin
  (send
    (begin
      (send
        (filled-hole
          (lvar InvitationCode(id: integer, token: string, diaspora_user_id: integer, count: integer)) {:method_arg=>false}) :-
        (filled-hole
          (lvar :arg0)
          (lvar InvitationCode(id: integer, token: string, diaspora_user_id: integer, count: integer))
          (true)
          (false)
          (int 0)
          (int 1)
          (int 2)
          (str "")
          (hole 1 {:hash_depth=>0, :method_arg=>true, :variance=>:+}) {:method_arg=>true}))) :-
    (filled-hole
      (int 0)
      (int 1)
      (int 2)
      (hole 1 {:hash_depth=>0, :method_arg=>true, :variance=>:+}) {:method_arg=>true})))
BASETYPE: Integer
SIZE WORK_LIST: 60
SIZE generated: 36
EVALUABLE#: 24

-------------------------

----------------
TTYPES
Integer
Integer
Integer
Integer

PROGS

LOCAL_COUNT: 38
GLOBAL_COUNT: 38

BASE_AFTER:
(begin
  (send
    (begin
      (send
        (filled-hole
          (lvar InvitationCode(id: integer, token: string, diaspora_user_id: integer, count: integer)) {:method_arg=>false}) :count)) :-
    (filled-hole
      (int 0)
      (int 1)
      (int 2)
      (hole 1 {:hash_depth=>0, :method_arg=>true, :variance=>:+}) {:method_arg=>true})))
BASETYPE: Integer
SIZE WORK_LIST: 71
SIZE generated: 4
EVALUABLE#: 3

-------------------------

----------------
TTYPES
true or false
true or false
true or false
true or false
true or false
true or false
true or false
true or false
true or false
true or false
true or false

PROGS

LOCAL_COUNT: 39
GLOBAL_COUNT: 39

BASE_AFTER:
(begin
  (send
    (lvar :arg0) :count=
    (hole 1 {:hash_depth=>0, :method_arg=>true, :variance=>:+}))
  (true))
BASETYPE: true or false
SIZE WORK_LIST: 74
SIZE generated: 11
EVALUABLE#: 0

-------------------------

----------------
TTYPES
Integer
Integer

PROGS

LOCAL_COUNT: 40
GLOBAL_COUNT: 40

BASE_AFTER:
(begin
  (send
    (begin
      (send
        (lvar InvitationCode(id: integer, token: string, diaspora_user_id: integer, count: integer)) :count)) :-
    (int 0)))
BASETYPE: Integer
SIZE WORK_LIST: 84
SIZE generated: 2
EVALUABLE#: 0

-------------------------

----------------
TTYPES
Integer
Integer

PROGS

LOCAL_COUNT: 41
GLOBAL_COUNT: 41

BASE_AFTER:
(begin
  (send
    (begin
      (send
        (lvar InvitationCode(id: integer, token: string, diaspora_user_id: integer, count: integer)) :count)) :-
    (int 1)))
BASETYPE: Integer
SIZE WORK_LIST: 85
SIZE generated: 2
EVALUABLE#: 0

-------------------------

----------------
TTYPES
Integer
Integer

PROGS

LOCAL_COUNT: 42
GLOBAL_COUNT: 42

BASE_AFTER:
(begin
  (send
    (begin
      (send
        (lvar InvitationCode(id: integer, token: string, diaspora_user_id: integer, count: integer)) :count)) :-
    (int 2)))
BASETYPE: Integer
SIZE WORK_LIST: 86
SIZE generated: 2
EVALUABLE#: 0

-------------------------

----------------
TTYPES
true or false

PROGS

LOCAL_COUNT: 43
GLOBAL_COUNT: 43

BASE_AFTER:
(begin
  (send
    (lvar :arg0) :count=
    (begin
      (send
        (hole 0 {:hash_depth=>0, :limit_depth=>true, :recv=>true}) :count)))
  (true))
BASETYPE: true or false
SIZE WORK_LIST: 87
SIZE generated: 1
EVALUABLE#: 1

-------------------------

----------------
TTYPES
true or false
true or false
true or false
true or false
true or false
true or false

PROGS

LOCAL_COUNT: 44
GLOBAL_COUNT: 44

BASE_AFTER:
(begin
  (send
    (lvar :arg0) :diaspora_user=
    (hole 1 {:hash_depth=>0, :method_arg=>true, :variance=>:+}))
  (true))
BASETYPE: true or false
SIZE WORK_LIST: 87
SIZE generated: 6
EVALUABLE#: 0

-------------------------

----------------
TTYPES
true or false
true or false

PROGS

LOCAL_COUNT: 45
GLOBAL_COUNT: 45

BASE_AFTER:
(begin
  (send
    (lvar :arg0) :count=
    (begin
      (send
        (lvar InvitationCode(id: integer, token: string, diaspora_user_id: integer, count: integer)) :count)))
  (true))
BASETYPE: true or false
SIZE WORK_LIST: 92
SIZE generated: 2
EVALUABLE#: 0

-------------------------

----------------
TTYPES
true or false

PROGS

LOCAL_COUNT: 46
GLOBAL_COUNT: 46

BASE_AFTER:
(begin
  (send
    (lvar :arg0) :diaspora_user=
    (begin
      (send
        (hole 0 {:hash_depth=>0, :limit_depth=>true, :recv=>true}) :count)))
  (true))
BASETYPE: true or false
SIZE WORK_LIST: 93
SIZE generated: 1
EVALUABLE#: 1

-------------------------

----------------
TTYPES
true or false
true or false
true or false
true or false
true or false
true or false
true or false
true or false
true or false
true or false
true or false

PROGS

LOCAL_COUNT: 47
GLOBAL_COUNT: 47

BASE_AFTER:
(begin
  (send
    (lvar :arg0) :count=
    (hole 1 {:hash_depth=>0, :method_arg=>true, :variance=>:+}))
  (false))
BASETYPE: true or false
SIZE WORK_LIST: 92
SIZE generated: 11
EVALUABLE#: 0

-------------------------

----------------
TTYPES
true or false

PROGS

LOCAL_COUNT: 48
GLOBAL_COUNT: 48

BASE_AFTER:
(begin
  (send
    (lvar :arg0) :count=
    (begin
      (send
        (hole 0 {:hash_depth=>0, :limit_depth=>true, :recv=>true}) :count)))
  (false))
BASETYPE: true or false
SIZE WORK_LIST: 102
SIZE generated: 1
EVALUABLE#: 1

-------------------------

----------------
TTYPES
true or false
true or false
true or false
true or false
true or false
true or false

PROGS

LOCAL_COUNT: 49
GLOBAL_COUNT: 49

BASE_AFTER:
(begin
  (send
    (lvar :arg0) :diaspora_user=
    (hole 1 {:hash_depth=>0, :method_arg=>true, :variance=>:+}))
  (false))
BASETYPE: true or false
SIZE WORK_LIST: 102
SIZE generated: 6
EVALUABLE#: 0

-------------------------

----------------
TTYPES
true or false
true or false

PROGS

LOCAL_COUNT: 50
GLOBAL_COUNT: 50

BASE_AFTER:
(begin
  (send
    (lvar :arg0) :count=
    (begin
      (send
        (lvar InvitationCode(id: integer, token: string, diaspora_user_id: integer, count: integer)) :count)))
  (false))
BASETYPE: true or false
SIZE WORK_LIST: 107
SIZE generated: 2
EVALUABLE#: 0

-------------------------

----------------
TTYPES
true or false

PROGS

LOCAL_COUNT: 51
GLOBAL_COUNT: 51

BASE_AFTER:
(begin
  (send
    (lvar :arg0) :diaspora_user=
    (begin
      (send
        (hole 0 {:hash_depth=>0, :limit_depth=>true, :recv=>true}) :count)))
  (false))
BASETYPE: true or false
SIZE WORK_LIST: 108
SIZE generated: 1
EVALUABLE#: 1

-------------------------

----------------
TTYPES
Integer
Integer
Integer
Integer
Integer
Integer
Integer
Integer
Integer
Integer
Integer

PROGS

LOCAL_COUNT: 52
GLOBAL_COUNT: 52

BASE_AFTER:
(begin
  (send
    (lvar :arg0) :count=
    (hole 1 {:hash_depth=>0, :method_arg=>true, :variance=>:+}))
  (int 0))
BASETYPE: Integer
SIZE WORK_LIST: 107
SIZE generated: 11
EVALUABLE#: 0

-------------------------

----------------
TTYPES
Integer

PROGS

LOCAL_COUNT: 53
GLOBAL_COUNT: 53

BASE_AFTER:
(begin
  (send
    (lvar :arg0) :count=
    (begin
      (send
        (hole 0 {:hash_depth=>0, :limit_depth=>true, :recv=>true}) :count)))
  (int 0))
BASETYPE: Integer
SIZE WORK_LIST: 117
SIZE generated: 1
EVALUABLE#: 1

-------------------------

----------------
TTYPES
Integer
Integer
Integer
Integer
Integer
Integer

PROGS

LOCAL_COUNT: 54
GLOBAL_COUNT: 54

BASE_AFTER:
(begin
  (send
    (lvar :arg0) :diaspora_user=
    (hole 1 {:hash_depth=>0, :method_arg=>true, :variance=>:+}))
  (int 0))
BASETYPE: Integer
SIZE WORK_LIST: 117
SIZE generated: 6
EVALUABLE#: 0

-------------------------

----------------
TTYPES
Integer
Integer

PROGS

LOCAL_COUNT: 55
GLOBAL_COUNT: 55

BASE_AFTER:
(begin
  (send
    (lvar :arg0) :count=
    (begin
      (send
        (lvar InvitationCode(id: integer, token: string, diaspora_user_id: integer, count: integer)) :count)))
  (int 0))
BASETYPE: Integer
SIZE WORK_LIST: 122
SIZE generated: 2
EVALUABLE#: 0

-------------------------

----------------
TTYPES
Integer

PROGS

LOCAL_COUNT: 56
GLOBAL_COUNT: 56

BASE_AFTER:
(begin
  (send
    (lvar :arg0) :diaspora_user=
    (begin
      (send
        (hole 0 {:hash_depth=>0, :limit_depth=>true, :recv=>true}) :count)))
  (int 0))
BASETYPE: Integer
SIZE WORK_LIST: 123
SIZE generated: 1
EVALUABLE#: 1

-------------------------

----------------
TTYPES
Integer
Integer
Integer
Integer
Integer
Integer
Integer
Integer
Integer
Integer
Integer

PROGS

LOCAL_COUNT: 57
GLOBAL_COUNT: 57

BASE_AFTER:
(begin
  (send
    (lvar :arg0) :count=
    (hole 1 {:hash_depth=>0, :method_arg=>true, :variance=>:+}))
  (int 1))
BASETYPE: Integer
SIZE WORK_LIST: 122
SIZE generated: 11
EVALUABLE#: 0

-------------------------

----------------
TTYPES
Integer

PROGS

LOCAL_COUNT: 58
GLOBAL_COUNT: 58

BASE_AFTER:
(begin
  (send
    (lvar :arg0) :count=
    (begin
      (send
        (hole 0 {:hash_depth=>0, :limit_depth=>true, :recv=>true}) :count)))
  (int 1))
BASETYPE: Integer
SIZE WORK_LIST: 132
SIZE generated: 1
EVALUABLE#: 1

-------------------------

----------------
TTYPES
Integer
Integer
Integer
Integer
Integer
Integer

PROGS

LOCAL_COUNT: 59
GLOBAL_COUNT: 59

BASE_AFTER:
(begin
  (send
    (lvar :arg0) :diaspora_user=
    (hole 1 {:hash_depth=>0, :method_arg=>true, :variance=>:+}))
  (int 1))
BASETYPE: Integer
SIZE WORK_LIST: 132
SIZE generated: 6
EVALUABLE#: 0

-------------------------

----------------
TTYPES
Integer
Integer

PROGS

LOCAL_COUNT: 60
GLOBAL_COUNT: 60

BASE_AFTER:
(begin
  (send
    (lvar :arg0) :count=
    (begin
      (send
        (lvar InvitationCode(id: integer, token: string, diaspora_user_id: integer, count: integer)) :count)))
  (int 1))
BASETYPE: Integer
SIZE WORK_LIST: 137
SIZE generated: 2
EVALUABLE#: 0

-------------------------

----------------
TTYPES
true or false
true or false
Integer
Integer
Integer
String
%bot

PROGS

LOCAL_COUNT: 1
GLOBAL_COUNT: 61

BASE_AFTER:
(filled-hole
  (true)
  (false)
  (int 0)
  (int 1)
  (int 2)
  (str "")
  (hole 1 {:hash_depth=>0, :method_arg=>false, :variance=>:-}) {:method_arg=>false})
BASETYPE: %bot
SIZE WORK_LIST: 0
SIZE generated: 7
EVALUABLE#: 6

-------------------------

----------------
TTYPES
true or false
true or false

PROGS

LOCAL_COUNT: 2
GLOBAL_COUNT: 62

BASE_AFTER:
(true)
BASETYPE: true or false
SIZE WORK_LIST: 6
SIZE generated: 2
EVALUABLE#: 0

-------------------------

----------------
TTYPES
true or false
true or false

PROGS

LOCAL_COUNT: 3
GLOBAL_COUNT: 63

BASE_AFTER:
(false)
BASETYPE: true or false
SIZE WORK_LIST: 7
SIZE generated: 2
EVALUABLE#: 0

-------------------------

----------------
TTYPES
Integer
Integer

PROGS

LOCAL_COUNT: 4
GLOBAL_COUNT: 64

BASE_AFTER:
(int 0)
BASETYPE: Integer
SIZE WORK_LIST: 8
SIZE generated: 2
EVALUABLE#: 0

-------------------------

----------------
TTYPES
Integer
Integer

PROGS

LOCAL_COUNT: 5
GLOBAL_COUNT: 65

BASE_AFTER:
(int 1)
BASETYPE: Integer
SIZE WORK_LIST: 9
SIZE generated: 2
EVALUABLE#: 0

-------------------------

----------------
TTYPES
Integer
Integer

PROGS

LOCAL_COUNT: 6
GLOBAL_COUNT: 66

BASE_AFTER:
(int 2)
BASETYPE: Integer
SIZE WORK_LIST: 10
SIZE generated: 2
EVALUABLE#: 0

-------------------------

----------------
TTYPES
String
String

PROGS

LOCAL_COUNT: 7
GLOBAL_COUNT: 67

BASE_AFTER:
(str "")
BASETYPE: String
SIZE WORK_LIST: 11
SIZE generated: 2
EVALUABLE#: 0

-------------------------

----------------
TTYPES
%bot

PROGS

LOCAL_COUNT: 8
GLOBAL_COUNT: 68

BASE_AFTER:
(filled-hole
  (hole 2 {:hash_depth=>0, :method_arg=>false, :variance=>:-}) {:method_arg=>false})
BASETYPE: %bot
SIZE WORK_LIST: 12
SIZE generated: 1
EVALUABLE#: 0

-------------------------

----------------
TTYPES
true or false
true or false
true or false
true or false

PROGS

LOCAL_COUNT: 9
GLOBAL_COUNT: 69

BASE_AFTER:
(begin
  (send
    (hole 0 {:hash_depth=>0, :limit_depth=>true, :recv=>true}) :count=
    (hole 0 {:hash_depth=>0, :method_arg=>true}))
  (true))
BASETYPE: true or false
SIZE WORK_LIST: 12
SIZE generated: 4
EVALUABLE#: 3

-------------------------

----------------
TTYPES
true or false

PROGS

LOCAL_COUNT: 1
GLOBAL_COUNT: 70

BASE_AFTER:
(filled-hole
  (hole 1 {:hash_depth=>0, :method_arg=>false, :variance=>:+}) {:method_arg=>false})
BASETYPE: true or false
SIZE WORK_LIST: 0
SIZE generated: 1
EVALUABLE#: 0

-------------------------

----------------
TTYPES
true or false
true or false
true or false

PROGS

LOCAL_COUNT: 2
GLOBAL_COUNT: 71

BASE_AFTER:
(filled-hole
  (begin
    (send
      (hole 0 {:hash_depth=>0, :limit_depth=>true, :recv=>true}) :-
      (hole 0 {:hash_depth=>0, :method_arg=>true})))
  (begin
    (send
      (hole 0 {:hash_depth=>0, :limit_depth=>true, :recv=>true}) :save))
  (begin
    (send
      (hole 0 {:hash_depth=>0, :limit_depth=>true, :recv=>true}) :count))
  (begin
    (send
      (hole 0 {:hash_depth=>0, :limit_depth=>true, :recv=>true}) :-
      (hole 0 {:hash_depth=>0, :method_arg=>true})))
  (begin
    (send
      (hole 0 {:hash_depth=>0, :limit_depth=>true, :recv=>true}) :save))
  (hole 2 {:hash_depth=>0, :method_arg=>false, :variance=>:+}) {:method_arg=>false})
BASETYPE: true or false
SIZE WORK_LIST: 0
SIZE generated: 3
EVALUABLE#: 0

-------------------------

----------------
TTYPES
true or false

PROGS

LOCAL_COUNT: 3
GLOBAL_COUNT: 72

BASE_AFTER:
(begin
  (send
    (filled-hole
      (lvar :arg0) {:method_arg=>false}) :save))
BASETYPE: true or false
SIZE WORK_LIST: 2
SIZE generated: 1
EVALUABLE#: 1

-------------------------

----------------
TTYPES
true or false

PROGS

LOCAL_COUNT: 4
GLOBAL_COUNT: 73

BASE_AFTER:
(begin
  (send
    (filled-hole
      (lvar InvitationCode(id: integer, token: string, diaspora_user_id: integer, count: integer)) {:method_arg=>false}) :save))
BASETYPE: true or false
SIZE WORK_LIST: 1
SIZE generated: 1
EVALUABLE#: 1

-------------------------

----------------
TTYPES
Integer
true or false
Integer
true or false
true or false
true or false
Integer
true or false
Integer
true or false
Integer
true or false
Integer
true or false
true or false
true or false
true or false
true or false
true or false
true or false
true or false
true or false
true or false
true or false
true or false
false or true
true or false
true or false
true or false
true or false
true or false
true or false
true or false
true or false
true or false
true or false
true or false
true or false
Integer
true or false
true or false
true or false
true or false
true or false
true or false
true or false
true or false
false or true
true or false
true or false
true or false
true or false
true or false
true or false
true or false
true or false
true or false
true or false
true or false
true or false
Integer
true or false
true or false
true or false
true or false
true or false
true or false
true or false
true or false
false or true
true or false
true or false
true or false
true or false
true or false
true or false
true or false
true or false
true or false
true or false
true or false
true or false
Integer
true or false
true or false

PROGS

LOCAL_COUNT: 5
GLOBAL_COUNT: 74

BASE_AFTER:
(filled-hole
  (begin
    (send
      (send
        (hole 0 {:hash_depth=>0, :limit_depth=>true, :recv=>true}) :id=
        (hole 0 {:hash_depth=>0, :method_arg=>true})) :-
      (hole 0 {:hash_depth=>0, :method_arg=>true})))
  (begin
    (send
      (send
        (hole 0 {:hash_depth=>0, :limit_depth=>true, :recv=>true}) :id=
        (hole 0 {:hash_depth=>0, :method_arg=>true})) :-
      (hole 0 {:hash_depth=>0, :method_arg=>true})))
  (begin
    (send
      (send
        (hole 0 {:hash_depth=>0, :limit_depth=>true, :recv=>true}) :id=
        (hole 0 {:hash_depth=>0, :method_arg=>true})) :-
      (hole 0 {:hash_depth=>0, :method_arg=>true})))
  (begin
    (send
      (send
        (hole 0 {:hash_depth=>0, :limit_depth=>true, :recv=>true}) :id=
        (hole 0 {:hash_depth=>0, :method_arg=>true})) :count))
  (begin
    (send
      (send
        (hole 0 {:hash_depth=>0, :limit_depth=>true, :recv=>true}) :id=
        (hole 0 {:hash_depth=>0, :method_arg=>true})) :save))
  (begin
    (send
      (send
        (hole 0 {:hash_depth=>0, :limit_depth=>true, :recv=>true}) :id) :-
      (hole 0 {:hash_depth=>0, :method_arg=>true})))
  (begin
    (send
      (send
        (hole 0 {:hash_depth=>0, :limit_depth=>true, :recv=>true}) :id) :-
      (hole 0 {:hash_depth=>0, :method_arg=>true})))
  (begin
    (send
      (send
        (hole 0 {:hash_depth=>0, :limit_depth=>true, :recv=>true}) :id) :-
      (hole 0 {:hash_depth=>0, :method_arg=>true})))
  (begin
    (send
      (send
        (hole 0 {:hash_depth=>0, :limit_depth=>true, :recv=>true}) :id) :count))
  (begin
    (send
      (send
        (hole 0 {:hash_depth=>0, :limit_depth=>true, :recv=>true}) :id) :save))
  (begin
    (send
      (send
        (hole 0 {:hash_depth=>0, :limit_depth=>true, :recv=>true}) :token=
        (hole 0 {:hash_depth=>0, :method_arg=>true})) :count))
  (begin
    (send
      (send
        (hole 0 {:hash_depth=>0, :limit_depth=>true, :recv=>true}) :token=
        (hole 0 {:hash_depth=>0, :method_arg=>true})) :-
      (hole 0 {:hash_depth=>0, :method_arg=>true})))
  (begin
    (send
      (send
        (hole 0 {:hash_depth=>0, :limit_depth=>true, :recv=>true}) :token=
        (hole 0 {:hash_depth=>0, :method_arg=>true})) :save))
  (begin
    (send
      (send
        (hole 0 {:hash_depth=>0, :limit_depth=>true, :recv=>true}) :token) :count))
  (begin
    (send
      (send
        (hole 0 {:hash_depth=>0, :limit_depth=>true, :recv=>true}) :token) :-
      (hole 0 {:hash_depth=>0, :method_arg=>true})))
  (begin
    (send
      (send
        (hole 0 {:hash_depth=>0, :limit_depth=>true, :recv=>true}) :token) :save))
  (begin
    (send
      (send
        (hole 0 {:hash_depth=>0, :limit_depth=>true, :recv=>true}) :diaspora_user_id=
        (hole 0 {:hash_depth=>0, :method_arg=>true})) :-
      (hole 0 {:hash_depth=>0, :method_arg=>true})))
  (begin
    (send
      (send
        (hole 0 {:hash_depth=>0, :limit_depth=>true, :recv=>true}) :diaspora_user_id=
        (hole 0 {:hash_depth=>0, :method_arg=>true})) :-
      (hole 0 {:hash_depth=>0, :method_arg=>true})))
  (begin
    (send
      (send
        (hole 0 {:hash_depth=>0, :limit_depth=>true, :recv=>true}) :diaspora_user_id=
        (hole 0 {:hash_depth=>0, :method_arg=>true})) :-
      (hole 0 {:hash_depth=>0, :method_arg=>true})))
  (begin
    (send
      (send
        (hole 0 {:hash_depth=>0, :limit_depth=>true, :recv=>true}) :diaspora_user_id=
        (hole 0 {:hash_depth=>0, :method_arg=>true})) :count))
  (begin
    (send
      (send
        (hole 0 {:hash_depth=>0, :limit_depth=>true, :recv=>true}) :diaspora_user_id=
        (hole 0 {:hash_depth=>0, :method_arg=>true})) :save))
  (begin
    (send
      (send
        (hole 0 {:hash_depth=>0, :limit_depth=>true, :recv=>true}) :diaspora_user_id) :-
      (hole 0 {:hash_depth=>0, :method_arg=>true})))
  (begin
    (send
      (send
        (hole 0 {:hash_depth=>0, :limit_depth=>true, :recv=>true}) :diaspora_user_id) :-
      (hole 0 {:hash_depth=>0, :method_arg=>true})))
  (begin
    (send
      (send
        (hole 0 {:hash_depth=>0, :limit_depth=>true, :recv=>true}) :diaspora_user_id) :-
      (hole 0 {:hash_depth=>0, :method_arg=>true})))
  (begin
    (send
      (send
        (hole 0 {:hash_depth=>0, :limit_depth=>true, :recv=>true}) :diaspora_user_id) :count))
  (begin
    (send
      (send
        (hole 0 {:hash_depth=>0, :limit_depth=>true, :recv=>true}) :diaspora_user_id) :save))
  (begin
    (send
      (send
        (hole 0 {:hash_depth=>0, :limit_depth=>true, :recv=>true}) :count=
        (hole 0 {:hash_depth=>0, :method_arg=>true})) :-
      (hole 0 {:hash_depth=>0, :method_arg=>true})))
  (begin
    (send
      (send
        (hole 0 {:hash_depth=>0, :limit_depth=>true, :recv=>true}) :count=
        (hole 0 {:hash_depth=>0, :method_arg=>true})) :-
      (hole 0 {:hash_depth=>0, :method_arg=>true})))
  (begin
    (send
      (send
        (hole 0 {:hash_depth=>0, :limit_depth=>true, :recv=>true}) :count=
        (hole 0 {:hash_depth=>0, :method_arg=>true})) :-
      (hole 0 {:hash_depth=>0, :method_arg=>true})))
  (begin
    (send
      (send
        (hole 0 {:hash_depth=>0, :limit_depth=>true, :recv=>true}) :count=
        (hole 0 {:hash_depth=>0, :method_arg=>true})) :count))
  (begin
    (send
      (send
        (hole 0 {:hash_depth=>0, :limit_depth=>true, :recv=>true}) :count=
        (hole 0 {:hash_depth=>0, :method_arg=>true})) :save))
  (begin
    (send
      (begin
        (send
          (hole 0 {:hash_depth=>0, :limit_depth=>true, :recv=>true}) :count)) :-
      (hole 0 {:hash_depth=>0, :method_arg=>true})))
  (begin
    (send
      (begin
        (send
          (hole 0 {:hash_depth=>0, :limit_depth=>true, :recv=>true}) :count)) :-
      (hole 0 {:hash_depth=>0, :method_arg=>true})))
  (begin
    (send
      (begin
        (send
          (hole 0 {:hash_depth=>0, :limit_depth=>true, :recv=>true}) :count)) :-
      (hole 0 {:hash_depth=>0, :method_arg=>true})))
  (begin
    (send
      (begin
        (send
          (hole 0 {:hash_depth=>0, :limit_depth=>true, :recv=>true}) :count)) :-
      (hole 0 {:hash_depth=>0, :method_arg=>true})))
  (begin
    (send
      (begin
        (send
          (hole 0 {:hash_depth=>0, :limit_depth=>true, :recv=>true}) :count)) :-
      (hole 0 {:hash_depth=>0, :method_arg=>true})))
  (begin
    (send
      (begin
        (send
          (hole 0 {:hash_depth=>0, :limit_depth=>true, :recv=>true}) :count)) :-
      (hole 0 {:hash_depth=>0, :method_arg=>true})))
  (begin
    (send
      (begin
        (send
          (hole 0 {:hash_depth=>0, :limit_depth=>true, :recv=>true}) :count)) :count))
  (begin
    (send
      (begin
        (send
          (hole 0 {:hash_depth=>0, :limit_depth=>true, :recv=>true}) :count)) :count))
  (begin
    (send
      (begin
        (send
          (hole 0 {:hash_depth=>0, :limit_depth=>true, :recv=>true}) :count)) :save))
  (begin
    (send
      (begin
        (send
          (hole 0 {:hash_depth=>0, :limit_depth=>true, :recv=>true}) :count)) :save))
  (begin
    (send
      (send
        (hole 0 {:hash_depth=>0, :limit_depth=>true, :recv=>true}) :diaspora_user) :count))
  (begin
    (send
      (send
        (hole 0 {:hash_depth=>0, :limit_depth=>true, :recv=>true}) :diaspora_user) :-
      (hole 0 {:hash_depth=>0, :method_arg=>true})))
  (begin
    (send
      (send
        (hole 0 {:hash_depth=>0, :limit_depth=>true, :recv=>true}) :diaspora_user) :save))
  (begin
    (send
      (send
        (hole 0 {:hash_depth=>0, :limit_depth=>true, :recv=>true}) :diaspora_user=
        (hole 0 {:hash_depth=>0, :method_arg=>true})) :count))
  (begin
    (send
      (send
        (hole 0 {:hash_depth=>0, :limit_depth=>true, :recv=>true}) :diaspora_user=
        (hole 0 {:hash_depth=>0, :method_arg=>true})) :-
      (hole 0 {:hash_depth=>0, :method_arg=>true})))
  (begin
    (send
      (send
        (hole 0 {:hash_depth=>0, :limit_depth=>true, :recv=>true}) :diaspora_user=
        (hole 0 {:hash_depth=>0, :method_arg=>true})) :save))
  (begin
    (send
      (begin
        (send
          (hole 0 {:hash_depth=>0, :limit_depth=>true, :recv=>true}) :save)) :count))
  (begin
    (send
      (begin
        (send
          (hole 0 {:hash_depth=>0, :limit_depth=>true, :recv=>true}) :save)) :-
      (hole 0 {:hash_depth=>0, :method_arg=>true})))
  (begin
    (send
      (begin
        (send
          (hole 0 {:hash_depth=>0, :limit_depth=>true, :recv=>true}) :save)) :save))
  (send
    (begin
      (send
        (hole 0 {:hash_depth=>0, :limit_depth=>true, :recv=>true}) :-
        (hole 0 {:hash_depth=>0, :method_arg=>true}))) :confirmed=
    (hole 0 {:hash_depth=>0, :method_arg=>true}))
  (send
    (begin
      (send
        (hole 0 {:hash_depth=>0, :limit_depth=>true, :recv=>true}) :-
        (hole 0 {:hash_depth=>0, :method_arg=>true}))) :confirmed)
  (send
    (begin
      (send
        (hole 0 {:hash_depth=>0, :limit_depth=>true, :recv=>true}) :-
        (hole 0 {:hash_depth=>0, :method_arg=>true}))) :expired=
    (hole 0 {:hash_depth=>0, :method_arg=>true}))
  (send
    (begin
      (send
        (hole 0 {:hash_depth=>0, :limit_depth=>true, :recv=>true}) :-
        (hole 0 {:hash_depth=>0, :method_arg=>true}))) :expired)
  (send
    (begin
      (send
        (hole 0 {:hash_depth=>0, :limit_depth=>true, :recv=>true}) :-
        (hole 0 {:hash_depth=>0, :method_arg=>true}))) :discoverable=
    (hole 0 {:hash_depth=>0, :method_arg=>true}))
  (send
    (begin
      (send
        (hole 0 {:hash_depth=>0, :limit_depth=>true, :recv=>true}) :-
        (hole 0 {:hash_depth=>0, :method_arg=>true}))) :discoverable)
  (send
    (begin
      (send
        (hole 0 {:hash_depth=>0, :limit_depth=>true, :recv=>true}) :-
        (hole 0 {:hash_depth=>0, :method_arg=>true}))) :scheduled_check=
    (hole 0 {:hash_depth=>0, :method_arg=>true}))
  (send
    (begin
      (send
        (hole 0 {:hash_depth=>0, :limit_depth=>true, :recv=>true}) :-
        (hole 0 {:hash_depth=>0, :method_arg=>true}))) :scheduled_check)
  (begin
    (send
      (begin
        (send
          (hole 0 {:hash_depth=>0, :limit_depth=>true, :recv=>true}) :-
          (hole 0 {:hash_depth=>0, :method_arg=>true}))) :save))
  (send
    (begin
      (send
        (hole 0 {:hash_depth=>0, :limit_depth=>true, :recv=>true}) :-
        (hole 0 {:hash_depth=>0, :method_arg=>true}))) :otp_required_for_login=
    (hole 0 {:hash_depth=>0, :method_arg=>true}))
  (send
    (begin
      (send
        (hole 0 {:hash_depth=>0, :limit_depth=>true, :recv=>true}) :-
        (hole 0 {:hash_depth=>0, :method_arg=>true}))) :otp_required_for_login)
  (send
    (begin
      (send
        (hole 0 {:hash_depth=>0, :limit_depth=>true, :recv=>true}) :-
        (hole 0 {:hash_depth=>0, :method_arg=>true}))) :admin=
    (hole 0 {:hash_depth=>0, :method_arg=>true}))
  (send
    (begin
      (send
        (hole 0 {:hash_depth=>0, :limit_depth=>true, :recv=>true}) :-
        (hole 0 {:hash_depth=>0, :method_arg=>true}))) :admin)
  (send
    (begin
      (send
        (hole 0 {:hash_depth=>0, :limit_depth=>true, :recv=>true}) :-
        (hole 0 {:hash_depth=>0, :method_arg=>true}))) :staged=
    (hole 0 {:hash_depth=>0, :method_arg=>true}))
  (send
    (begin
      (send
        (hole 0 {:hash_depth=>0, :limit_depth=>true, :recv=>true}) :-
        (hole 0 {:hash_depth=>0, :method_arg=>true}))) :staged)
  (send
    (begin
      (send
        (hole 0 {:hash_depth=>0, :limit_depth=>true, :recv=>true}) :-
        (hole 0 {:hash_depth=>0, :method_arg=>true}))) :active=
    (hole 0 {:hash_depth=>0, :method_arg=>true}))
  (send
    (begin
      (send
        (hole 0 {:hash_depth=>0, :limit_depth=>true, :recv=>true}) :-
        (hole 0 {:hash_depth=>0, :method_arg=>true}))) :active)
  (send
    (begin
      (send
        (hole 0 {:hash_depth=>0, :limit_depth=>true, :recv=>true}) :-
        (hole 0 {:hash_depth=>0, :method_arg=>true}))) :primary=
    (hole 0 {:hash_depth=>0, :method_arg=>true}))
  (send
    (begin
      (send
        (hole 0 {:hash_depth=>0, :limit_depth=>true, :recv=>true}) :-
        (hole 0 {:hash_depth=>0, :method_arg=>true}))) :primary)
  (send
    (begin
      (send
        (hole 0 {:hash_depth=>0, :limit_depth=>true, :recv=>true}) :-
        (hole 0 {:hash_depth=>0, :method_arg=>true}))) :moderator=
    (hole 0 {:hash_depth=>0, :method_arg=>true}))
  (send
    (begin
      (send
        (hole 0 {:hash_depth=>0, :limit_depth=>true, :recv=>true}) :-
        (hole 0 {:hash_depth=>0, :method_arg=>true}))) :moderator)
  (begin
    (send
      (begin
        (send
          (hole 0 {:hash_depth=>0, :limit_depth=>true, :recv=>true}) :-
          (hole 0 {:hash_depth=>0, :method_arg=>true}))) :-
      (hole 0 {:hash_depth=>0, :method_arg=>true})))
  (begin
    (send
      (begin
        (send
          (hole 0 {:hash_depth=>0, :limit_depth=>true, :recv=>true}) :-
          (hole 0 {:hash_depth=>0, :method_arg=>true}))) :-
      (hole 0 {:hash_depth=>0, :method_arg=>true})))
  (begin
    (send
      (begin
        (send
          (hole 0 {:hash_depth=>0, :limit_depth=>true, :recv=>true}) :-
          (hole 0 {:hash_depth=>0, :method_arg=>true}))) :-
      (hole 0 {:hash_depth=>0, :method_arg=>true})))
  (send
    (begin
      (send
        (hole 0 {:hash_depth=>0, :limit_depth=>true, :recv=>true}) :count)) :confirmed=
    (hole 0 {:hash_depth=>0, :method_arg=>true}))
  (send
    (begin
      (send
        (hole 0 {:hash_depth=>0, :limit_depth=>true, :recv=>true}) :count)) :confirmed)
  (send
    (begin
      (send
        (hole 0 {:hash_depth=>0, :limit_depth=>true, :recv=>true}) :count)) :expired=
    (hole 0 {:hash_depth=>0, :method_arg=>true}))
  (send
    (begin
      (send
        (hole 0 {:hash_depth=>0, :limit_depth=>true, :recv=>true}) :count)) :expired)
  (send
    (begin
      (send
        (hole 0 {:hash_depth=>0, :limit_depth=>true, :recv=>true}) :count)) :discoverable=
    (hole 0 {:hash_depth=>0, :method_arg=>true}))
  (send
    (begin
      (send
        (hole 0 {:hash_depth=>0, :limit_depth=>true, :recv=>true}) :count)) :discoverable)
  (send
    (begin
      (send
        (hole 0 {:hash_depth=>0, :limit_depth=>true, :recv=>true}) :count)) :scheduled_check=
    (hole 0 {:hash_depth=>0, :method_arg=>true}))
  (send
    (begin
      (send
        (hole 0 {:hash_depth=>0, :limit_depth=>true, :recv=>true}) :count)) :scheduled_check)
  (begin
    (send
      (begin
        (send
          (hole 0 {:hash_depth=>0, :limit_depth=>true, :recv=>true}) :count)) :save))
  (send
    (begin
      (send
        (hole 0 {:hash_depth=>0, :limit_depth=>true, :recv=>true}) :count)) :otp_required_for_login=
    (hole 0 {:hash_depth=>0, :method_arg=>true}))
  (send
    (begin
      (send
        (hole 0 {:hash_depth=>0, :limit_depth=>true, :recv=>true}) :count)) :otp_required_for_login)
  (send
    (begin
      (send
        (hole 0 {:hash_depth=>0, :limit_depth=>true, :recv=>true}) :count)) :admin=
    (hole 0 {:hash_depth=>0, :method_arg=>true}))
  (send
    (begin
      (send
        (hole 0 {:hash_depth=>0, :limit_depth=>true, :recv=>true}) :count)) :admin)
  (send
    (begin
      (send
        (hole 0 {:hash_depth=>0, :limit_depth=>true, :recv=>true}) :count)) :staged=
    (hole 0 {:hash_depth=>0, :method_arg=>true}))
  (send
    (begin
      (send
        (hole 0 {:hash_depth=>0, :limit_depth=>true, :recv=>true}) :count)) :staged)
  (send
    (begin
      (send
        (hole 0 {:hash_depth=>0, :limit_depth=>true, :recv=>true}) :count)) :active=
    (hole 0 {:hash_depth=>0, :method_arg=>true}))
  (send
    (begin
      (send
        (hole 0 {:hash_depth=>0, :limit_depth=>true, :recv=>true}) :count)) :active)
  (send
    (begin
      (send
        (hole 0 {:hash_depth=>0, :limit_depth=>true, :recv=>true}) :count)) :primary=
    (hole 0 {:hash_depth=>0, :method_arg=>true}))
  (send
    (begin
      (send
        (hole 0 {:hash_depth=>0, :limit_depth=>true, :recv=>true}) :count)) :primary)
  (send
    (begin
      (send
        (hole 0 {:hash_depth=>0, :limit_depth=>true, :recv=>true}) :count)) :moderator=
    (hole 0 {:hash_depth=>0, :method_arg=>true}))
  (send
    (begin
      (send
        (hole 0 {:hash_depth=>0, :limit_depth=>true, :recv=>true}) :count)) :moderator)
  (begin
    (send
      (begin
        (send
          (hole 0 {:hash_depth=>0, :limit_depth=>true, :recv=>true}) :count)) :-
      (hole 0 {:hash_depth=>0, :method_arg=>true})))
  (begin
    (send
      (begin
        (send
          (hole 0 {:hash_depth=>0, :limit_depth=>true, :recv=>true}) :count)) :-
      (hole 0 {:hash_depth=>0, :method_arg=>true})))
  (begin
    (send
      (begin
        (send
          (hole 0 {:hash_depth=>0, :limit_depth=>true, :recv=>true}) :count)) :-
      (hole 0 {:hash_depth=>0, :method_arg=>true})))
  (send
    (begin
      (send
        (hole 0 {:hash_depth=>0, :limit_depth=>true, :recv=>true}) :-
        (hole 0 {:hash_depth=>0, :method_arg=>true}))) :confirmed=
    (hole 0 {:hash_depth=>0, :method_arg=>true}))
  (send
    (begin
      (send
        (hole 0 {:hash_depth=>0, :limit_depth=>true, :recv=>true}) :-
        (hole 0 {:hash_depth=>0, :method_arg=>true}))) :confirmed)
  (send
    (begin
      (send
        (hole 0 {:hash_depth=>0, :limit_depth=>true, :recv=>true}) :-
        (hole 0 {:hash_depth=>0, :method_arg=>true}))) :expired=
    (hole 0 {:hash_depth=>0, :method_arg=>true}))
  (send
    (begin
      (send
        (hole 0 {:hash_depth=>0, :limit_depth=>true, :recv=>true}) :-
        (hole 0 {:hash_depth=>0, :method_arg=>true}))) :expired)
  (send
    (begin
      (send
        (hole 0 {:hash_depth=>0, :limit_depth=>true, :recv=>true}) :-
        (hole 0 {:hash_depth=>0, :method_arg=>true}))) :discoverable=
    (hole 0 {:hash_depth=>0, :method_arg=>true}))
  (send
    (begin
      (send
        (hole 0 {:hash_depth=>0, :limit_depth=>true, :recv=>true}) :-
        (hole 0 {:hash_depth=>0, :method_arg=>true}))) :discoverable)
  (send
    (begin
      (send
        (hole 0 {:hash_depth=>0, :limit_depth=>true, :recv=>true}) :-
        (hole 0 {:hash_depth=>0, :method_arg=>true}))) :scheduled_check=
    (hole 0 {:hash_depth=>0, :method_arg=>true}))
  (send
    (begin
      (send
        (hole 0 {:hash_depth=>0, :limit_depth=>true, :recv=>true}) :-
        (hole 0 {:hash_depth=>0, :method_arg=>true}))) :scheduled_check)
  (begin
    (send
      (begin
        (send
          (hole 0 {:hash_depth=>0, :limit_depth=>true, :recv=>true}) :-
          (hole 0 {:hash_depth=>0, :method_arg=>true}))) :save))
  (send
    (begin
      (send
        (hole 0 {:hash_depth=>0, :limit_depth=>true, :recv=>true}) :-
        (hole 0 {:hash_depth=>0, :method_arg=>true}))) :otp_required_for_login=
    (hole 0 {:hash_depth=>0, :method_arg=>true}))
  (send
    (begin
      (send
        (hole 0 {:hash_depth=>0, :limit_depth=>true, :recv=>true}) :-
        (hole 0 {:hash_depth=>0, :method_arg=>true}))) :otp_required_for_login)
  (send
    (begin
      (send
        (hole 0 {:hash_depth=>0, :limit_depth=>true, :recv=>true}) :-
        (hole 0 {:hash_depth=>0, :method_arg=>true}))) :admin=
    (hole 0 {:hash_depth=>0, :method_arg=>true}))
  (send
    (begin
      (send
        (hole 0 {:hash_depth=>0, :limit_depth=>true, :recv=>true}) :-
        (hole 0 {:hash_depth=>0, :method_arg=>true}))) :admin)
  (send
    (begin
      (send
        (hole 0 {:hash_depth=>0, :limit_depth=>true, :recv=>true}) :-
        (hole 0 {:hash_depth=>0, :method_arg=>true}))) :staged=
    (hole 0 {:hash_depth=>0, :method_arg=>true}))
  (send
    (begin
      (send
        (hole 0 {:hash_depth=>0, :limit_depth=>true, :recv=>true}) :-
        (hole 0 {:hash_depth=>0, :method_arg=>true}))) :staged)
  (send
    (begin
      (send
        (hole 0 {:hash_depth=>0, :limit_depth=>true, :recv=>true}) :-
        (hole 0 {:hash_depth=>0, :method_arg=>true}))) :active=
    (hole 0 {:hash_depth=>0, :method_arg=>true}))
  (send
    (begin
      (send
        (hole 0 {:hash_depth=>0, :limit_depth=>true, :recv=>true}) :-
        (hole 0 {:hash_depth=>0, :method_arg=>true}))) :active)
  (send
    (begin
      (send
        (hole 0 {:hash_depth=>0, :limit_depth=>true, :recv=>true}) :-
        (hole 0 {:hash_depth=>0, :method_arg=>true}))) :primary=
    (hole 0 {:hash_depth=>0, :method_arg=>true}))
  (send
    (begin
      (send
        (hole 0 {:hash_depth=>0, :limit_depth=>true, :recv=>true}) :-
        (hole 0 {:hash_depth=>0, :method_arg=>true}))) :primary)
  (send
    (begin
      (send
        (hole 0 {:hash_depth=>0, :limit_depth=>true, :recv=>true}) :-
        (hole 0 {:hash_depth=>0, :method_arg=>true}))) :moderator=
    (hole 0 {:hash_depth=>0, :method_arg=>true}))
  (send
    (begin
      (send
        (hole 0 {:hash_depth=>0, :limit_depth=>true, :recv=>true}) :-
        (hole 0 {:hash_depth=>0, :method_arg=>true}))) :moderator)
  (begin
    (send
      (begin
        (send
          (hole 0 {:hash_depth=>0, :limit_depth=>true, :recv=>true}) :-
          (hole 0 {:hash_depth=>0, :method_arg=>true}))) :-
      (hole 0 {:hash_depth=>0, :method_arg=>true})))
  (begin
    (send
      (begin
        (send
          (hole 0 {:hash_depth=>0, :limit_depth=>true, :recv=>true}) :-
          (hole 0 {:hash_depth=>0, :method_arg=>true}))) :-
      (hole 0 {:hash_depth=>0, :method_arg=>true})))
  (begin
    (send
      (begin
        (send
          (hole 0 {:hash_depth=>0, :limit_depth=>true, :recv=>true}) :-
          (hole 0 {:hash_depth=>0, :method_arg=>true}))) :-
      (hole 0 {:hash_depth=>0, :method_arg=>true})))
  (begin
    (send
      (begin
        (send
          (hole 0 {:hash_depth=>0, :limit_depth=>true, :recv=>true}) :save)) :count))
  (begin
    (send
      (begin
        (send
          (hole 0 {:hash_depth=>0, :limit_depth=>true, :recv=>true}) :save)) :-
      (hole 0 {:hash_depth=>0, :method_arg=>true})))
  (begin
    (send
      (begin
        (send
          (hole 0 {:hash_depth=>0, :limit_depth=>true, :recv=>true}) :save)) :save))
  (hole 3 {:hash_depth=>0, :method_arg=>false, :variance=>:+}) {:method_arg=>false})
BASETYPE: true or false
SIZE WORK_LIST: 0
SIZE generated: 85
EVALUABLE#: 0

-------------------------

----------------
TTYPES
true or false
true or false
true or false

PROGS

LOCAL_COUNT: 6
GLOBAL_COUNT: 75

BASE_AFTER:
(send
  (begin
    (send
      (filled-hole
        (lvar InvitationCode(id: integer, token: string, diaspora_user_id: integer, count: integer)) {:method_arg=>false}) :count)) :confirmed=
  (filled-hole
    (true)
    (false)
    (hole 1 {:hash_depth=>0, :method_arg=>true, :variance=>:+}) {:method_arg=>true}))
BASETYPE: true or false
SIZE WORK_LIST: 84
SIZE generated: 3
EVALUABLE#: 2

-------------------------

----------------
TTYPES
true or false

PROGS

LOCAL_COUNT: 7
GLOBAL_COUNT: 76

BASE_AFTER:
(send
  (begin
    (send
      (filled-hole
        (lvar InvitationCode(id: integer, token: string, diaspora_user_id: integer, count: integer)) {:method_arg=>false}) :count)) :confirmed)
BASETYPE: true or false
SIZE WORK_LIST: 84
SIZE generated: 1
EVALUABLE#: 1

-------------------------

----------------
TTYPES
true or false
true or false
true or false

PROGS

LOCAL_COUNT: 8
GLOBAL_COUNT: 77

BASE_AFTER:
(send
  (begin
    (send
      (filled-hole
        (lvar InvitationCode(id: integer, token: string, diaspora_user_id: integer, count: integer)) {:method_arg=>false}) :count)) :expired=
  (filled-hole
    (true)
    (false)
    (hole 1 {:hash_depth=>0, :method_arg=>true, :variance=>:+}) {:method_arg=>true}))
BASETYPE: true or false
SIZE WORK_LIST: 83
SIZE generated: 3
EVALUABLE#: 2

-------------------------

----------------
TTYPES
true or false

PROGS

LOCAL_COUNT: 9
GLOBAL_COUNT: 78

BASE_AFTER:
(send
  (begin
    (send
      (filled-hole
        (lvar InvitationCode(id: integer, token: string, diaspora_user_id: integer, count: integer)) {:method_arg=>false}) :count)) :expired)
BASETYPE: true or false
SIZE WORK_LIST: 83
SIZE generated: 1
EVALUABLE#: 1

-------------------------

----------------
TTYPES
true or false
true or false
true or false

PROGS

LOCAL_COUNT: 10
GLOBAL_COUNT: 79

BASE_AFTER:
(send
  (begin
    (send
      (filled-hole
        (lvar InvitationCode(id: integer, token: string, diaspora_user_id: integer, count: integer)) {:method_arg=>false}) :count)) :discoverable=
  (filled-hole
    (true)
    (false)
    (hole 1 {:hash_depth=>0, :method_arg=>true, :variance=>:+}) {:method_arg=>true}))
BASETYPE: true or false
SIZE WORK_LIST: 82
SIZE generated: 3
EVALUABLE#: 2

-------------------------

----------------
TTYPES
true or false

PROGS

LOCAL_COUNT: 11
GLOBAL_COUNT: 80

BASE_AFTER:
(send
  (begin
    (send
      (filled-hole
        (lvar InvitationCode(id: integer, token: string, diaspora_user_id: integer, count: integer)) {:method_arg=>false}) :count)) :discoverable)
BASETYPE: true or false
SIZE WORK_LIST: 82
SIZE generated: 1
EVALUABLE#: 1

-------------------------

----------------
TTYPES
true or false
true or false
true or false

PROGS

LOCAL_COUNT: 12
GLOBAL_COUNT: 81

BASE_AFTER:
(send
  (begin
    (send
      (filled-hole
        (lvar InvitationCode(id: integer, token: string, diaspora_user_id: integer, count: integer)) {:method_arg=>false}) :count)) :scheduled_check=
  (filled-hole
    (true)
    (false)
    (hole 1 {:hash_depth=>0, :method_arg=>true, :variance=>:+}) {:method_arg=>true}))
BASETYPE: true or false
SIZE WORK_LIST: 81
SIZE generated: 3
EVALUABLE#: 2

-------------------------

----------------
TTYPES
true or false

PROGS

LOCAL_COUNT: 13
GLOBAL_COUNT: 82

BASE_AFTER:
(send
  (begin
    (send
      (filled-hole
        (lvar InvitationCode(id: integer, token: string, diaspora_user_id: integer, count: integer)) {:method_arg=>false}) :count)) :scheduled_check)
BASETYPE: true or false
SIZE WORK_LIST: 81
SIZE generated: 1
EVALUABLE#: 1

-------------------------

----------------
TTYPES
false or true

PROGS

LOCAL_COUNT: 14
GLOBAL_COUNT: 83

BASE_AFTER:
(begin
  (send
    (begin
      (send
        (filled-hole
          (lvar InvitationCode(id: integer, token: string, diaspora_user_id: integer, count: integer)) {:method_arg=>false}) :count)) :save))
BASETYPE: false or true
SIZE WORK_LIST: 80
SIZE generated: 1
EVALUABLE#: 1

-------------------------

----------------
TTYPES
true or false
true or false
true or false

PROGS

LOCAL_COUNT: 15
GLOBAL_COUNT: 84

BASE_AFTER:
(send
  (begin
    (send
      (filled-hole
        (lvar InvitationCode(id: integer, token: string, diaspora_user_id: integer, count: integer)) {:method_arg=>false}) :count)) :otp_required_for_login=
  (filled-hole
    (true)
    (false)
    (hole 1 {:hash_depth=>0, :method_arg=>true, :variance=>:+}) {:method_arg=>true}))
BASETYPE: true or false
SIZE WORK_LIST: 79
SIZE generated: 3
EVALUABLE#: 2

-------------------------

----------------
TTYPES
true or false

PROGS

LOCAL_COUNT: 16
GLOBAL_COUNT: 85

BASE_AFTER:
(send
  (begin
    (send
      (filled-hole
        (lvar InvitationCode(id: integer, token: string, diaspora_user_id: integer, count: integer)) {:method_arg=>false}) :count)) :otp_required_for_login)
BASETYPE: true or false
SIZE WORK_LIST: 79
SIZE generated: 1
EVALUABLE#: 1

-------------------------

----------------
TTYPES
true or false
true or false
true or false

PROGS

LOCAL_COUNT: 17
GLOBAL_COUNT: 86

BASE_AFTER:
(send
  (begin
    (send
      (filled-hole
        (lvar InvitationCode(id: integer, token: string, diaspora_user_id: integer, count: integer)) {:method_arg=>false}) :count)) :admin=
  (filled-hole
    (true)
    (false)
    (hole 1 {:hash_depth=>0, :method_arg=>true, :variance=>:+}) {:method_arg=>true}))
BASETYPE: true or false
SIZE WORK_LIST: 78
SIZE generated: 3
EVALUABLE#: 2

-------------------------

----------------
TTYPES
true or false

PROGS

LOCAL_COUNT: 18
GLOBAL_COUNT: 87

BASE_AFTER:
(send
  (begin
    (send
      (filled-hole
        (lvar InvitationCode(id: integer, token: string, diaspora_user_id: integer, count: integer)) {:method_arg=>false}) :count)) :admin)
BASETYPE: true or false
SIZE WORK_LIST: 78
SIZE generated: 1
EVALUABLE#: 1

-------------------------

----------------
TTYPES
true or false
true or false
true or false

PROGS

LOCAL_COUNT: 19
GLOBAL_COUNT: 88

BASE_AFTER:
(send
  (begin
    (send
      (filled-hole
        (lvar InvitationCode(id: integer, token: string, diaspora_user_id: integer, count: integer)) {:method_arg=>false}) :count)) :staged=
  (filled-hole
    (true)
    (false)
    (hole 1 {:hash_depth=>0, :method_arg=>true, :variance=>:+}) {:method_arg=>true}))
BASETYPE: true or false
SIZE WORK_LIST: 77
SIZE generated: 3
EVALUABLE#: 2

-------------------------

----------------
TTYPES
true or false

PROGS

LOCAL_COUNT: 20
GLOBAL_COUNT: 89

BASE_AFTER:
(send
  (begin
    (send
      (filled-hole
        (lvar InvitationCode(id: integer, token: string, diaspora_user_id: integer, count: integer)) {:method_arg=>false}) :count)) :staged)
BASETYPE: true or false
SIZE WORK_LIST: 77
SIZE generated: 1
EVALUABLE#: 1

-------------------------

----------------
TTYPES
true or false
true or false
true or false

PROGS

LOCAL_COUNT: 21
GLOBAL_COUNT: 90

BASE_AFTER:
(send
  (begin
    (send
      (filled-hole
        (lvar InvitationCode(id: integer, token: string, diaspora_user_id: integer, count: integer)) {:method_arg=>false}) :count)) :active=
  (filled-hole
    (true)
    (false)
    (hole 1 {:hash_depth=>0, :method_arg=>true, :variance=>:+}) {:method_arg=>true}))
BASETYPE: true or false
SIZE WORK_LIST: 76
SIZE generated: 3
EVALUABLE#: 2

-------------------------

----------------
TTYPES
true or false

PROGS

LOCAL_COUNT: 22
GLOBAL_COUNT: 91

BASE_AFTER:
(send
  (begin
    (send
      (filled-hole
        (lvar InvitationCode(id: integer, token: string, diaspora_user_id: integer, count: integer)) {:method_arg=>false}) :count)) :active)
BASETYPE: true or false
SIZE WORK_LIST: 76
SIZE generated: 1
EVALUABLE#: 1

-------------------------

----------------
TTYPES
true or false
true or false
true or false

PROGS

LOCAL_COUNT: 23
GLOBAL_COUNT: 92

BASE_AFTER:
(send
  (begin
    (send
      (filled-hole
        (lvar InvitationCode(id: integer, token: string, diaspora_user_id: integer, count: integer)) {:method_arg=>false}) :count)) :primary=
  (filled-hole
    (true)
    (false)
    (hole 1 {:hash_depth=>0, :method_arg=>true, :variance=>:+}) {:method_arg=>true}))
BASETYPE: true or false
SIZE WORK_LIST: 75
SIZE generated: 3
EVALUABLE#: 2

-------------------------

----------------
TTYPES
true or false

PROGS

LOCAL_COUNT: 24
GLOBAL_COUNT: 93

BASE_AFTER:
(send
  (begin
    (send
      (filled-hole
        (lvar InvitationCode(id: integer, token: string, diaspora_user_id: integer, count: integer)) {:method_arg=>false}) :count)) :primary)
BASETYPE: true or false
SIZE WORK_LIST: 75
SIZE generated: 1
EVALUABLE#: 1

-------------------------

----------------
TTYPES
true or false
true or false
true or false

PROGS

LOCAL_COUNT: 25
GLOBAL_COUNT: 94

BASE_AFTER:
(send
  (begin
    (send
      (filled-hole
        (lvar InvitationCode(id: integer, token: string, diaspora_user_id: integer, count: integer)) {:method_arg=>false}) :count)) :moderator=
  (filled-hole
    (true)
    (false)
    (hole 1 {:hash_depth=>0, :method_arg=>true, :variance=>:+}) {:method_arg=>true}))
BASETYPE: true or false
SIZE WORK_LIST: 74
SIZE generated: 3
EVALUABLE#: 2

-------------------------

----------------
TTYPES
true or false

PROGS

LOCAL_COUNT: 26
GLOBAL_COUNT: 95

BASE_AFTER:
(send
  (begin
    (send
      (filled-hole
        (lvar InvitationCode(id: integer, token: string, diaspora_user_id: integer, count: integer)) {:method_arg=>false}) :count)) :moderator)
BASETYPE: true or false
SIZE WORK_LIST: 74
SIZE generated: 1
EVALUABLE#: 1

-------------------------

----------------
TTYPES
Integer
Integer
Integer
Integer

PROGS

LOCAL_COUNT: 27
GLOBAL_COUNT: 96

BASE_AFTER:
(begin
  (send
    (begin
      (send
        (filled-hole
          (lvar InvitationCode(id: integer, token: string, diaspora_user_id: integer, count: integer)) {:method_arg=>false}) :count)) :-
    (filled-hole
      (int 0)
      (int 1)
      (int 2)
      (hole 1 {:hash_depth=>0, :method_arg=>true, :variance=>:+}) {:method_arg=>true})))
BASETYPE: Integer
SIZE WORK_LIST: 73
SIZE generated: 4
EVALUABLE#: 3

-------------------------

----------------
TTYPES
Integer
Integer
Integer
Integer
Integer
Integer
Integer
Integer
Integer
Integer
Integer
Integer
Integer
Integer
Integer
Integer

PROGS

LOCAL_COUNT: 28
GLOBAL_COUNT: 97

BASE_AFTER:
(begin
  (send
    (send
      (filled-hole
        (lvar :arg0) {:method_arg=>false}) :id=
      (filled-hole
        (int 0)
        (int 1)
        (int 2)
        (hole 1 {:hash_depth=>0, :method_arg=>true, :variance=>:+}) {:method_arg=>true})) :-
    (filled-hole
      (int 0)
      (int 1)
      (int 2)
      (hole 1 {:hash_depth=>0, :method_arg=>true, :variance=>:+}) {:method_arg=>true})))
BASETYPE: Integer
SIZE WORK_LIST: 73
SIZE generated: 16
EVALUABLE#: 9

-------------------------

----------------
TTYPES
Integer
Integer
Integer
Integer

PROGS

LOCAL_COUNT: 29
GLOBAL_COUNT: 98

BASE_AFTER:
(begin
  (send
    (send
      (filled-hole
        (lvar :arg0) {:method_arg=>false}) :id) :-
    (filled-hole
      (int 0)
      (int 1)
      (int 2)
      (hole 1 {:hash_depth=>0, :method_arg=>true, :variance=>:+}) {:method_arg=>true})))
BASETYPE: Integer
SIZE WORK_LIST: 79
SIZE generated: 4
EVALUABLE#: 3

-------------------------

----------------
TTYPES
true or false
true or false

PROGS

LOCAL_COUNT: 30
GLOBAL_COUNT: 99

BASE_AFTER:
(begin
  (send
    (send
      (filled-hole
        (lvar :arg0) {:method_arg=>false}) :token=
      (filled-hole
        (str "")
        (hole 1 {:hash_depth=>0, :method_arg=>true, :variance=>:+}) {:method_arg=>true})) :save))
BASETYPE: true or false
SIZE WORK_LIST: 79
SIZE generated: 2
EVALUABLE#: 1

-------------------------

----------------
TTYPES
Integer
Integer
Integer
Integer
Integer
Integer
Integer
Integer
Integer
Integer
Integer
Integer
Integer
Integer
Integer
Integer

PROGS

LOCAL_COUNT: 31
GLOBAL_COUNT: 100

BASE_AFTER:
(begin
  (send
    (send
      (filled-hole
        (lvar :arg0) {:method_arg=>false}) :diaspora_user_id=
      (filled-hole
        (int 0)
        (int 1)
        (int 2)
        (hole 1 {:hash_depth=>0, :method_arg=>true, :variance=>:+}) {:method_arg=>true})) :-
    (filled-hole
      (int 0)
      (int 1)
      (int 2)
      (hole 1 {:hash_depth=>0, :method_arg=>true, :variance=>:+}) {:method_arg=>true})))
BASETYPE: Integer
SIZE WORK_LIST: 79
SIZE generated: 16
EVALUABLE#: 9

-------------------------

----------------
TTYPES
Integer
Integer
Integer
Integer

PROGS

LOCAL_COUNT: 32
GLOBAL_COUNT: 101

BASE_AFTER:
(begin
  (send
    (send
      (filled-hole
        (lvar :arg0) {:method_arg=>false}) :diaspora_user_id) :-
    (filled-hole
      (int 0)
      (int 1)
      (int 2)
      (hole 1 {:hash_depth=>0, :method_arg=>true, :variance=>:+}) {:method_arg=>true})))
BASETYPE: Integer
SIZE WORK_LIST: 85
SIZE generated: 4
EVALUABLE#: 3

-------------------------

----------------
TTYPES
Integer
Integer
Integer
Integer
Integer
Integer
Integer
Integer
Integer
Integer
Integer
Integer
Integer
Integer
Integer
Integer

PROGS

LOCAL_COUNT: 33
GLOBAL_COUNT: 102

BASE_AFTER:
(begin
  (send
    (send
      (filled-hole
        (lvar :arg0) {:method_arg=>false}) :count=
      (filled-hole
        (int 0)
        (int 1)
        (int 2)
        (hole 1 {:hash_depth=>0, :method_arg=>true, :variance=>:+}) {:method_arg=>true})) :-
    (filled-hole
      (int 0)
      (int 1)
      (int 2)
      (hole 1 {:hash_depth=>0, :method_arg=>true, :variance=>:+}) {:method_arg=>true})))
BASETYPE: Integer
SIZE WORK_LIST: 85
SIZE generated: 16
EVALUABLE#: 9

-------------------------

----------------
TTYPES
Integer
Integer
Integer
Integer

PROGS

LOCAL_COUNT: 34
GLOBAL_COUNT: 103

BASE_AFTER:
(begin
  (send
    (begin
      (send
        (filled-hole
          (lvar :arg0) {:method_arg=>false}) :count)) :-
    (filled-hole
      (int 0)
      (int 1)
      (int 2)
      (hole 1 {:hash_depth=>0, :method_arg=>true, :variance=>:+}) {:method_arg=>true})))
BASETYPE: Integer
SIZE WORK_LIST: 91
SIZE generated: 4
EVALUABLE#: 3

-------------------------

----------------
TTYPES
true or false

PROGS

LOCAL_COUNT: 35
GLOBAL_COUNT: 104

BASE_AFTER:
(begin
  (send
    (send
      (filled-hole
        (lvar :arg0) {:method_arg=>false}) :diaspora_user) :save))
BASETYPE: true or false
SIZE WORK_LIST: 91
SIZE generated: 1
EVALUABLE#: 1

-------------------------

----------------
TTYPES
true or false

PROGS

LOCAL_COUNT: 36
GLOBAL_COUNT: 105

BASE_AFTER:
(begin
  (send
    (send
      (filled-hole
        (lvar :arg0) {:method_arg=>false}) :diaspora_user=
      (filled-hole
        (hole 1 {:hash_depth=>0, :method_arg=>true, :variance=>:+}) {:method_arg=>true})) :save))
BASETYPE: true or false
SIZE WORK_LIST: 90
SIZE generated: 1
EVALUABLE#: 0

-------------------------

----------------
TTYPES
true or false

PROGS

LOCAL_COUNT: 37
GLOBAL_COUNT: 106

BASE_AFTER:
(begin
  (send
    (begin
      (send
        (filled-hole
          (lvar :arg0) {:method_arg=>false}) :save)) :save))
BASETYPE: true or false
SIZE WORK_LIST: 90
SIZE generated: 1
EVALUABLE#: 1

-------------------------

----------------
TTYPES
true or false
true or false
true or false
true or false
true or false
true or false

PROGS

LOCAL_COUNT: 38
GLOBAL_COUNT: 107

BASE_AFTER:
(send
  (begin
    (send
      (lvar InvitationCode(id: integer, token: string, diaspora_user_id: integer, count: integer)) :count)) :confirmed=
  (filled-hole
    (begin
      (send
        (hole 0 {:hash_depth=>0, :limit_depth=>true, :recv=>true}) :save))
    (begin
      (send
        (hole 0 {:hash_depth=>0, :limit_depth=>true, :recv=>true}) :-
        (hole 0 {:hash_depth=>0, :method_arg=>true})))
    (begin
      (send
        (hole 0 {:hash_depth=>0, :limit_depth=>true, :recv=>true}) :count))
    (begin
      (send
        (hole 0 {:hash_depth=>0, :limit_depth=>true, :recv=>true}) :-
        (hole 0 {:hash_depth=>0, :method_arg=>true})))
    (begin
      (send
        (hole 0 {:hash_depth=>0, :limit_depth=>true, :recv=>true}) :save))
    (hole 2 {:hash_depth=>0, :method_arg=>true, :variance=>:+}) {:method_arg=>true}))
BASETYPE: true or false
SIZE WORK_LIST: 89
SIZE generated: 6
EVALUABLE#: 0

-------------------------

----------------
TTYPES
true or false

PROGS

LOCAL_COUNT: 39
GLOBAL_COUNT: 108

BASE_AFTER:
(send
  (begin
    (send
      (lvar InvitationCode(id: integer, token: string, diaspora_user_id: integer, count: integer)) :count)) :confirmed=
  (begin
    (send
      (filled-hole
        (lvar InvitationCode(id: integer, token: string, diaspora_user_id: integer, count: integer)) {:method_arg=>false}) :count)))
BASETYPE: true or false
SIZE WORK_LIST: 94
SIZE generated: 1
EVALUABLE#: 1

-------------------------

----------------
TTYPES
true or false
true or false
true or false
true or false
true or false
true or false

PROGS

LOCAL_COUNT: 40
GLOBAL_COUNT: 109

BASE_AFTER:
(send
  (begin
    (send
      (lvar InvitationCode(id: integer, token: string, diaspora_user_id: integer, count: integer)) :count)) :expired=
  (filled-hole
    (begin
      (send
        (hole 0 {:hash_depth=>0, :limit_depth=>true, :recv=>true}) :save))
    (begin
      (send
        (hole 0 {:hash_depth=>0, :limit_depth=>true, :recv=>true}) :-
        (hole 0 {:hash_depth=>0, :method_arg=>true})))
    (begin
      (send
        (hole 0 {:hash_depth=>0, :limit_depth=>true, :recv=>true}) :count))
    (begin
      (send
        (hole 0 {:hash_depth=>0, :limit_depth=>true, :recv=>true}) :-
        (hole 0 {:hash_depth=>0, :method_arg=>true})))
    (begin
      (send
        (hole 0 {:hash_depth=>0, :limit_depth=>true, :recv=>true}) :save))
    (hole 2 {:hash_depth=>0, :method_arg=>true, :variance=>:+}) {:method_arg=>true}))
BASETYPE: true or false
SIZE WORK_LIST: 93
SIZE generated: 6
EVALUABLE#: 0

-------------------------

----------------
TTYPES
true or false

PROGS

LOCAL_COUNT: 41
GLOBAL_COUNT: 110

BASE_AFTER:
(send
  (begin
    (send
      (lvar InvitationCode(id: integer, token: string, diaspora_user_id: integer, count: integer)) :count)) :expired=
  (begin
    (send
      (filled-hole
        (lvar InvitationCode(id: integer, token: string, diaspora_user_id: integer, count: integer)) {:method_arg=>false}) :count)))
BASETYPE: true or false
SIZE WORK_LIST: 98
SIZE generated: 1
EVALUABLE#: 1

-------------------------

----------------
TTYPES
true or false
true or false
true or false
true or false
true or false
true or false

PROGS

LOCAL_COUNT: 42
GLOBAL_COUNT: 111

BASE_AFTER:
(send
  (begin
    (send
      (lvar InvitationCode(id: integer, token: string, diaspora_user_id: integer, count: integer)) :count)) :discoverable=
  (filled-hole
    (begin
      (send
        (hole 0 {:hash_depth=>0, :limit_depth=>true, :recv=>true}) :save))
    (begin
      (send
        (hole 0 {:hash_depth=>0, :limit_depth=>true, :recv=>true}) :-
        (hole 0 {:hash_depth=>0, :method_arg=>true})))
    (begin
      (send
        (hole 0 {:hash_depth=>0, :limit_depth=>true, :recv=>true}) :count))
    (begin
      (send
        (hole 0 {:hash_depth=>0, :limit_depth=>true, :recv=>true}) :-
        (hole 0 {:hash_depth=>0, :method_arg=>true})))
    (begin
      (send
        (hole 0 {:hash_depth=>0, :limit_depth=>true, :recv=>true}) :save))
    (hole 2 {:hash_depth=>0, :method_arg=>true, :variance=>:+}) {:method_arg=>true}))
BASETYPE: true or false
SIZE WORK_LIST: 97
SIZE generated: 6
EVALUABLE#: 0

-------------------------

----------------
TTYPES
true or false

PROGS

LOCAL_COUNT: 43
GLOBAL_COUNT: 112

BASE_AFTER:
(send
  (begin
    (send
      (lvar InvitationCode(id: integer, token: string, diaspora_user_id: integer, count: integer)) :count)) :discoverable=
  (begin
    (send
      (filled-hole
        (lvar InvitationCode(id: integer, token: string, diaspora_user_id: integer, count: integer)) {:method_arg=>false}) :count)))
BASETYPE: true or false
SIZE WORK_LIST: 102
SIZE generated: 1
EVALUABLE#: 1

-------------------------

----------------
TTYPES
true or false
true or false
true or false
true or false
true or false
true or false

PROGS

LOCAL_COUNT: 44
GLOBAL_COUNT: 113

BASE_AFTER:
(send
  (begin
    (send
      (lvar InvitationCode(id: integer, token: string, diaspora_user_id: integer, count: integer)) :count)) :scheduled_check=
  (filled-hole
    (begin
      (send
        (hole 0 {:hash_depth=>0, :limit_depth=>true, :recv=>true}) :save))
    (begin
      (send
        (hole 0 {:hash_depth=>0, :limit_depth=>true, :recv=>true}) :-
        (hole 0 {:hash_depth=>0, :method_arg=>true})))
    (begin
      (send
        (hole 0 {:hash_depth=>0, :limit_depth=>true, :recv=>true}) :count))
    (begin
      (send
        (hole 0 {:hash_depth=>0, :limit_depth=>true, :recv=>true}) :-
        (hole 0 {:hash_depth=>0, :method_arg=>true})))
    (begin
      (send
        (hole 0 {:hash_depth=>0, :limit_depth=>true, :recv=>true}) :save))
    (hole 2 {:hash_depth=>0, :method_arg=>true, :variance=>:+}) {:method_arg=>true}))
BASETYPE: true or false
SIZE WORK_LIST: 101
SIZE generated: 6
EVALUABLE#: 0

-------------------------

----------------
TTYPES
true or false

PROGS

LOCAL_COUNT: 45
GLOBAL_COUNT: 114

BASE_AFTER:
(send
  (begin
    (send
      (lvar InvitationCode(id: integer, token: string, diaspora_user_id: integer, count: integer)) :count)) :scheduled_check=
  (begin
    (send
      (filled-hole
        (lvar InvitationCode(id: integer, token: string, diaspora_user_id: integer, count: integer)) {:method_arg=>false}) :count)))
BASETYPE: true or false
SIZE WORK_LIST: 106
SIZE generated: 1
EVALUABLE#: 1

-------------------------

----------------
TTYPES
true or false
true or false
true or false
true or false
true or false
true or false

PROGS

LOCAL_COUNT: 46
GLOBAL_COUNT: 115

BASE_AFTER:
(send
  (begin
    (send
      (lvar InvitationCode(id: integer, token: string, diaspora_user_id: integer, count: integer)) :count)) :otp_required_for_login=
  (filled-hole
    (begin
      (send
        (hole 0 {:hash_depth=>0, :limit_depth=>true, :recv=>true}) :save))
    (begin
      (send
        (hole 0 {:hash_depth=>0, :limit_depth=>true, :recv=>true}) :-
        (hole 0 {:hash_depth=>0, :method_arg=>true})))
    (begin
      (send
        (hole 0 {:hash_depth=>0, :limit_depth=>true, :recv=>true}) :count))
    (begin
      (send
        (hole 0 {:hash_depth=>0, :limit_depth=>true, :recv=>true}) :-
        (hole 0 {:hash_depth=>0, :method_arg=>true})))
    (begin
      (send
        (hole 0 {:hash_depth=>0, :limit_depth=>true, :recv=>true}) :save))
    (hole 2 {:hash_depth=>0, :method_arg=>true, :variance=>:+}) {:method_arg=>true}))
BASETYPE: true or false
SIZE WORK_LIST: 105
SIZE generated: 6
EVALUABLE#: 0

-------------------------

----------------
TTYPES
true or false

PROGS

LOCAL_COUNT: 47
GLOBAL_COUNT: 116

BASE_AFTER:
(send
  (begin
    (send
      (lvar InvitationCode(id: integer, token: string, diaspora_user_id: integer, count: integer)) :count)) :otp_required_for_login=
  (begin
    (send
      (filled-hole
        (lvar InvitationCode(id: integer, token: string, diaspora_user_id: integer, count: integer)) {:method_arg=>false}) :count)))
BASETYPE: true or false
SIZE WORK_LIST: 110
SIZE generated: 1
EVALUABLE#: 1

-------------------------

----------------
TTYPES
true or false
true or false
true or false
true or false
true or false
true or false

PROGS

LOCAL_COUNT: 48
GLOBAL_COUNT: 117

BASE_AFTER:
(send
  (begin
    (send
      (lvar InvitationCode(id: integer, token: string, diaspora_user_id: integer, count: integer)) :count)) :admin=
  (filled-hole
    (begin
      (send
        (hole 0 {:hash_depth=>0, :limit_depth=>true, :recv=>true}) :save))
    (begin
      (send
        (hole 0 {:hash_depth=>0, :limit_depth=>true, :recv=>true}) :-
        (hole 0 {:hash_depth=>0, :method_arg=>true})))
    (begin
      (send
        (hole 0 {:hash_depth=>0, :limit_depth=>true, :recv=>true}) :count))
    (begin
      (send
        (hole 0 {:hash_depth=>0, :limit_depth=>true, :recv=>true}) :-
        (hole 0 {:hash_depth=>0, :method_arg=>true})))
    (begin
      (send
        (hole 0 {:hash_depth=>0, :limit_depth=>true, :recv=>true}) :save))
    (hole 2 {:hash_depth=>0, :method_arg=>true, :variance=>:+}) {:method_arg=>true}))
BASETYPE: true or false
SIZE WORK_LIST: 109
SIZE generated: 6
EVALUABLE#: 0

-------------------------

----------------
TTYPES
true or false

PROGS

LOCAL_COUNT: 49
GLOBAL_COUNT: 118

BASE_AFTER:
(send
  (begin
    (send
      (lvar InvitationCode(id: integer, token: string, diaspora_user_id: integer, count: integer)) :count)) :admin=
  (begin
    (send
      (filled-hole
        (lvar InvitationCode(id: integer, token: string, diaspora_user_id: integer, count: integer)) {:method_arg=>false}) :count)))
BASETYPE: true or false
SIZE WORK_LIST: 114
SIZE generated: 1
EVALUABLE#: 1

-------------------------

----------------
TTYPES
true or false
true or false
true or false
true or false
true or false
true or false

PROGS

LOCAL_COUNT: 50
GLOBAL_COUNT: 119

BASE_AFTER:
(send
  (begin
    (send
      (lvar InvitationCode(id: integer, token: string, diaspora_user_id: integer, count: integer)) :count)) :staged=
  (filled-hole
    (begin
      (send
        (hole 0 {:hash_depth=>0, :limit_depth=>true, :recv=>true}) :save))
    (begin
      (send
        (hole 0 {:hash_depth=>0, :limit_depth=>true, :recv=>true}) :-
        (hole 0 {:hash_depth=>0, :method_arg=>true})))
    (begin
      (send
        (hole 0 {:hash_depth=>0, :limit_depth=>true, :recv=>true}) :count))
    (begin
      (send
        (hole 0 {:hash_depth=>0, :limit_depth=>true, :recv=>true}) :-
        (hole 0 {:hash_depth=>0, :method_arg=>true})))
    (begin
      (send
        (hole 0 {:hash_depth=>0, :limit_depth=>true, :recv=>true}) :save))
    (hole 2 {:hash_depth=>0, :method_arg=>true, :variance=>:+}) {:method_arg=>true}))
BASETYPE: true or false
SIZE WORK_LIST: 113
SIZE generated: 6
EVALUABLE#: 0

-------------------------

----------------
TTYPES
true or false

PROGS

LOCAL_COUNT: 51
GLOBAL_COUNT: 120

BASE_AFTER:
(send
  (begin
    (send
      (lvar InvitationCode(id: integer, token: string, diaspora_user_id: integer, count: integer)) :count)) :staged=
  (begin
    (send
      (filled-hole
        (lvar InvitationCode(id: integer, token: string, diaspora_user_id: integer, count: integer)) {:method_arg=>false}) :count)))
BASETYPE: true or false
SIZE WORK_LIST: 118
SIZE generated: 1
EVALUABLE#: 1

-------------------------

----------------
TTYPES
true or false
true or false
true or false
true or false
true or false
true or false

PROGS

LOCAL_COUNT: 52
GLOBAL_COUNT: 121

BASE_AFTER:
(send
  (begin
    (send
      (lvar InvitationCode(id: integer, token: string, diaspora_user_id: integer, count: integer)) :count)) :active=
  (filled-hole
    (begin
      (send
        (hole 0 {:hash_depth=>0, :limit_depth=>true, :recv=>true}) :save))
    (begin
      (send
        (hole 0 {:hash_depth=>0, :limit_depth=>true, :recv=>true}) :-
        (hole 0 {:hash_depth=>0, :method_arg=>true})))
    (begin
      (send
        (hole 0 {:hash_depth=>0, :limit_depth=>true, :recv=>true}) :count))
    (begin
      (send
        (hole 0 {:hash_depth=>0, :limit_depth=>true, :recv=>true}) :-
        (hole 0 {:hash_depth=>0, :method_arg=>true})))
    (begin
      (send
        (hole 0 {:hash_depth=>0, :limit_depth=>true, :recv=>true}) :save))
    (hole 2 {:hash_depth=>0, :method_arg=>true, :variance=>:+}) {:method_arg=>true}))
BASETYPE: true or false
SIZE WORK_LIST: 117
SIZE generated: 6
EVALUABLE#: 0

-------------------------

----------------
TTYPES
true or false

PROGS

LOCAL_COUNT: 53
GLOBAL_COUNT: 122

BASE_AFTER:
(send
  (begin
    (send
      (lvar InvitationCode(id: integer, token: string, diaspora_user_id: integer, count: integer)) :count)) :active=
  (begin
    (send
      (filled-hole
        (lvar InvitationCode(id: integer, token: string, diaspora_user_id: integer, count: integer)) {:method_arg=>false}) :count)))
BASETYPE: true or false
SIZE WORK_LIST: 122
SIZE generated: 1
EVALUABLE#: 1

-------------------------

----------------
TTYPES
true or false
true or false
true or false
true or false
true or false
true or false

PROGS

LOCAL_COUNT: 54
GLOBAL_COUNT: 123

BASE_AFTER:
(send
  (begin
    (send
      (lvar InvitationCode(id: integer, token: string, diaspora_user_id: integer, count: integer)) :count)) :primary=
  (filled-hole
    (begin
      (send
        (hole 0 {:hash_depth=>0, :limit_depth=>true, :recv=>true}) :save))
    (begin
      (send
        (hole 0 {:hash_depth=>0, :limit_depth=>true, :recv=>true}) :-
        (hole 0 {:hash_depth=>0, :method_arg=>true})))
    (begin
      (send
        (hole 0 {:hash_depth=>0, :limit_depth=>true, :recv=>true}) :count))
    (begin
      (send
        (hole 0 {:hash_depth=>0, :limit_depth=>true, :recv=>true}) :-
        (hole 0 {:hash_depth=>0, :method_arg=>true})))
    (begin
      (send
        (hole 0 {:hash_depth=>0, :limit_depth=>true, :recv=>true}) :save))
    (hole 2 {:hash_depth=>0, :method_arg=>true, :variance=>:+}) {:method_arg=>true}))
BASETYPE: true or false
SIZE WORK_LIST: 121
SIZE generated: 6
EVALUABLE#: 0

-------------------------

----------------
TTYPES
true or false

PROGS

LOCAL_COUNT: 55
GLOBAL_COUNT: 124

BASE_AFTER:
(send
  (begin
    (send
      (lvar InvitationCode(id: integer, token: string, diaspora_user_id: integer, count: integer)) :count)) :primary=
  (begin
    (send
      (filled-hole
        (lvar InvitationCode(id: integer, token: string, diaspora_user_id: integer, count: integer)) {:method_arg=>false}) :count)))
BASETYPE: true or false
SIZE WORK_LIST: 126
SIZE generated: 1
EVALUABLE#: 1

-------------------------

----------------
TTYPES
true or false
true or false
true or false
true or false
true or false
true or false

PROGS

LOCAL_COUNT: 56
GLOBAL_COUNT: 125

BASE_AFTER:
(send
  (begin
    (send
      (lvar InvitationCode(id: integer, token: string, diaspora_user_id: integer, count: integer)) :count)) :moderator=
  (filled-hole
    (begin
      (send
        (hole 0 {:hash_depth=>0, :limit_depth=>true, :recv=>true}) :save))
    (begin
      (send
        (hole 0 {:hash_depth=>0, :limit_depth=>true, :recv=>true}) :-
        (hole 0 {:hash_depth=>0, :method_arg=>true})))
    (begin
      (send
        (hole 0 {:hash_depth=>0, :limit_depth=>true, :recv=>true}) :count))
    (begin
      (send
        (hole 0 {:hash_depth=>0, :limit_depth=>true, :recv=>true}) :-
        (hole 0 {:hash_depth=>0, :method_arg=>true})))
    (begin
      (send
        (hole 0 {:hash_depth=>0, :limit_depth=>true, :recv=>true}) :save))
    (hole 2 {:hash_depth=>0, :method_arg=>true, :variance=>:+}) {:method_arg=>true}))
BASETYPE: true or false
SIZE WORK_LIST: 125
SIZE generated: 6
EVALUABLE#: 0

-------------------------

----------------
TTYPES
true or false

PROGS

LOCAL_COUNT: 57
GLOBAL_COUNT: 126

BASE_AFTER:
(send
  (begin
    (send
      (lvar InvitationCode(id: integer, token: string, diaspora_user_id: integer, count: integer)) :count)) :moderator=
  (begin
    (send
      (filled-hole
        (lvar InvitationCode(id: integer, token: string, diaspora_user_id: integer, count: integer)) {:method_arg=>false}) :count)))
BASETYPE: true or false
SIZE WORK_LIST: 130
SIZE generated: 1
EVALUABLE#: 1

-------------------------

----------------
TTYPES
Integer
Integer
Integer
Integer
Integer
Integer
Integer
Integer
Integer
Integer

PROGS

LOCAL_COUNT: 58
GLOBAL_COUNT: 127

BASE_AFTER:
(begin
  (send
    (begin
      (send
        (lvar InvitationCode(id: integer, token: string, diaspora_user_id: integer, count: integer)) :count)) :-
    (filled-hole
      (send
        (hole 0 {:hash_depth=>0, :limit_depth=>true, :recv=>true}) :id=
        (hole 0 {:hash_depth=>0, :method_arg=>true}))
      (send
        (hole 0 {:hash_depth=>0, :limit_depth=>true, :recv=>true}) :id)
      (send
        (hole 0 {:hash_depth=>0, :limit_depth=>true, :recv=>true}) :diaspora_user_id=
        (hole 0 {:hash_depth=>0, :method_arg=>true}))
      (send
        (hole 0 {:hash_depth=>0, :limit_depth=>true, :recv=>true}) :diaspora_user_id)
      (send
        (hole 0 {:hash_depth=>0, :limit_depth=>true, :recv=>true}) :count=
        (hole 0 {:hash_depth=>0, :method_arg=>true}))
      (begin
        (send
          (hole 0 {:hash_depth=>0, :limit_depth=>true, :recv=>true}) :count))
      (begin
        (send
          (hole 0 {:hash_depth=>0, :limit_depth=>true, :recv=>true}) :count))
      (begin
        (send
          (hole 0 {:hash_depth=>0, :limit_depth=>true, :recv=>true}) :count))
      (begin
        (send
          (hole 0 {:hash_depth=>0, :limit_depth=>true, :recv=>true}) :-
          (hole 0 {:hash_depth=>0, :method_arg=>true})))
      (begin
        (send
          (hole 0 {:hash_depth=>0, :limit_depth=>true, :recv=>true}) :count))
      (begin
        (send
          (hole 0 {:hash_depth=>0, :limit_depth=>true, :recv=>true}) :-
          (hole 0 {:hash_depth=>0, :method_arg=>true})))
      (hole 2 {:hash_depth=>0, :method_arg=>true, :variance=>:+}) {:method_arg=>true})))
BASETYPE: Integer
SIZE WORK_LIST: 129
SIZE generated: 10
EVALUABLE#: 0

-------------------------

----------------
TTYPES
Integer

PROGS

LOCAL_COUNT: 59
GLOBAL_COUNT: 128

BASE_AFTER:
(begin
  (send
    (begin
      (send
        (lvar InvitationCode(id: integer, token: string, diaspora_user_id: integer, count: integer)) :count)) :-
    (begin
      (send
        (filled-hole
          (lvar InvitationCode(id: integer, token: string, diaspora_user_id: integer, count: integer)) {:method_arg=>false}) :count))))
BASETYPE: Integer
SIZE WORK_LIST: 138
SIZE generated: 1
EVALUABLE#: 1

-------------------------

----------------
TTYPES
true or false

PROGS

LOCAL_COUNT: 60
GLOBAL_COUNT: 129

BASE_AFTER:
(send
  (begin
    (send
      (lvar InvitationCode(id: integer, token: string, diaspora_user_id: integer, count: integer)) :count)) :confirmed=
  (begin
    (send
      (filled-hole
        (lvar :arg0) {:method_arg=>false}) :save)))
BASETYPE: true or false
SIZE WORK_LIST: 137
SIZE generated: 1
EVALUABLE#: 1

-------------------------

----------------
TTYPES
true or false

PROGS

LOCAL_COUNT: 1
GLOBAL_COUNT: 130

BASE_AFTER:
(filled-hole
  (hole 1 {:hash_depth=>0, :method_arg=>false, :variance=>:+}) {:method_arg=>false})
BASETYPE: true or false
SIZE WORK_LIST: 0
SIZE generated: 1
EVALUABLE#: 0

-------------------------

----------------
TTYPES
false or true
true or false

PROGS

LOCAL_COUNT: 2
GLOBAL_COUNT: 131

BASE_AFTER:
(filled-hole
  (begin
    (send
      (hole 0 {:hash_depth=>0, :limit_depth=>true, :recv=>true}) :save))
  (hole 2 {:hash_depth=>0, :method_arg=>false, :variance=>:+}) {:method_arg=>false})
BASETYPE: true or false
SIZE WORK_LIST: 0
SIZE generated: 2
EVALUABLE#: 0

-------------------------

----------------
TTYPES
false or true

PROGS

LOCAL_COUNT: 3
GLOBAL_COUNT: 132

BASE_AFTER:
(begin
  (send
    (filled-hole
      (lvar :arg0) {:method_arg=>false}) :save))
BASETYPE: false or true
SIZE WORK_LIST: 1
SIZE generated: 1
EVALUABLE#: 1

-------------------------

----------------
TTYPES
true or false
true or false
Integer
Integer
Integer
String
%bot

PROGS

LOCAL_COUNT: 1
GLOBAL_COUNT: 1

BASE_AFTER:
(filled-hole
  (true)
  (false)
  (int 0)
  (int 1)
  (int 2)
  (str "")
  (hole 1 {:hash_depth=>0, :method_arg=>false, :variance=>:-}) {:method_arg=>false})
BASETYPE: %bot
SIZE WORK_LIST: 0
SIZE generated: 7
EVALUABLE#: 6

-------------------------

----------------
TTYPES
true or false
true or false

PROGS

LOCAL_COUNT: 2
GLOBAL_COUNT: 2

BASE_AFTER:
(true)
BASETYPE: true or false
SIZE WORK_LIST: 6
SIZE generated: 2
EVALUABLE#: 0

-------------------------

----------------
TTYPES
true or false
true or false

PROGS

LOCAL_COUNT: 3
GLOBAL_COUNT: 3

BASE_AFTER:
(false)
BASETYPE: true or false
SIZE WORK_LIST: 7
SIZE generated: 2
EVALUABLE#: 0

-------------------------

----------------
TTYPES
Integer
Integer

PROGS

LOCAL_COUNT: 4
GLOBAL_COUNT: 4

BASE_AFTER:
(int 0)
BASETYPE: Integer
SIZE WORK_LIST: 8
SIZE generated: 2
EVALUABLE#: 0

-------------------------

----------------
TTYPES
Integer
Integer

PROGS

LOCAL_COUNT: 5
GLOBAL_COUNT: 5

BASE_AFTER:
(int 1)
BASETYPE: Integer
SIZE WORK_LIST: 9
SIZE generated: 2
EVALUABLE#: 0

-------------------------

----------------
TTYPES
Integer
Integer

PROGS

LOCAL_COUNT: 6
GLOBAL_COUNT: 6

BASE_AFTER:
(int 2)
BASETYPE: Integer
SIZE WORK_LIST: 10
SIZE generated: 2
EVALUABLE#: 0

-------------------------

----------------
TTYPES
String
String

PROGS

LOCAL_COUNT: 7
GLOBAL_COUNT: 7

BASE_AFTER:
(str "")
BASETYPE: String
SIZE WORK_LIST: 11
SIZE generated: 2
EVALUABLE#: 0

-------------------------

----------------
TTYPES
%bot

PROGS

LOCAL_COUNT: 8
GLOBAL_COUNT: 8

BASE_AFTER:
(filled-hole
  (begin
    (send
      (hole 0 {:hash_depth=>0, :limit_depth=>true, :recv=>true}) :-
      (hole 0 {:hash_depth=>0, :method_arg=>true})))
  (begin
    (send
      (hole 0 {:hash_depth=>0, :limit_depth=>true, :recv=>true}) :count))
  (begin
    (send
      (hole 0 {:hash_depth=>0, :limit_depth=>true, :recv=>true}) :-
      (hole 0 {:hash_depth=>0, :method_arg=>true})))
  (hole 2 {:hash_depth=>0, :method_arg=>false, :variance=>:-}) {:method_arg=>false})
BASETYPE: %bot
SIZE WORK_LIST: 12
SIZE generated: 1
EVALUABLE#: 0

-------------------------

----------------
TTYPES
true or false
true or false
true or false
true or false

PROGS

LOCAL_COUNT: 9
GLOBAL_COUNT: 9

BASE_AFTER:
(begin
  (send
    (hole 0 {:hash_depth=>0, :limit_depth=>true, :recv=>true}) :count=
    (hole 0 {:hash_depth=>0, :method_arg=>true}))
  (true))
BASETYPE: true or false
SIZE WORK_LIST: 12
SIZE generated: 4
EVALUABLE#: 3

-------------------------

----------------
TTYPES
true or false

PROGS

LOCAL_COUNT: 10
GLOBAL_COUNT: 10

BASE_AFTER:
(begin
  (send
    (hole 0 {:hash_depth=>0, :limit_depth=>true, :recv=>true}) :diaspora_user=
    (hole 0 {:hash_depth=>0, :method_arg=>true}))
  (true))
BASETYPE: true or false
SIZE WORK_LIST: 14
SIZE generated: 1
EVALUABLE#: 0

-------------------------

----------------
TTYPES
true or false
true or false
true or false
true or false

PROGS

LOCAL_COUNT: 11
GLOBAL_COUNT: 11

BASE_AFTER:
(begin
  (send
    (hole 0 {:hash_depth=>0, :limit_depth=>true, :recv=>true}) :count=
    (hole 0 {:hash_depth=>0, :method_arg=>true}))
  (false))
BASETYPE: true or false
SIZE WORK_LIST: 14
SIZE generated: 4
EVALUABLE#: 3

-------------------------

----------------
TTYPES
true or false

PROGS

LOCAL_COUNT: 12
GLOBAL_COUNT: 12

BASE_AFTER:
(begin
  (send
    (hole 0 {:hash_depth=>0, :limit_depth=>true, :recv=>true}) :diaspora_user=
    (hole 0 {:hash_depth=>0, :method_arg=>true}))
  (false))
BASETYPE: true or false
SIZE WORK_LIST: 16
SIZE generated: 1
EVALUABLE#: 0

-------------------------

----------------
TTYPES
Integer
Integer
Integer
Integer
Integer

PROGS

LOCAL_COUNT: 13
GLOBAL_COUNT: 13

BASE_AFTER:
(begin
  (send
    (hole 0 {:hash_depth=>0, :limit_depth=>true, :recv=>true}) :count=
    (hole 0 {:hash_depth=>0, :method_arg=>true}))
  (int 0))
BASETYPE: Integer
SIZE WORK_LIST: 16
SIZE generated: 5
EVALUABLE#: 4

-------------------------

----------------
TTYPES
Integer

PROGS

LOCAL_COUNT: 14
GLOBAL_COUNT: 14

BASE_AFTER:
(begin
  (send
    (hole 0 {:hash_depth=>0, :limit_depth=>true, :recv=>true}) :diaspora_user=
    (hole 0 {:hash_depth=>0, :method_arg=>true}))
  (int 0))
BASETYPE: Integer
SIZE WORK_LIST: 19
SIZE generated: 1
EVALUABLE#: 0

-------------------------

----------------
TTYPES
Integer
Integer
Integer
Integer
Integer

PROGS

LOCAL_COUNT: 15
GLOBAL_COUNT: 15

BASE_AFTER:
(begin
  (send
    (hole 0 {:hash_depth=>0, :limit_depth=>true, :recv=>true}) :count=
    (hole 0 {:hash_depth=>0, :method_arg=>true}))
  (int 1))
BASETYPE: Integer
SIZE WORK_LIST: 19
SIZE generated: 5
EVALUABLE#: 4

-------------------------

----------------
TTYPES
Integer

PROGS

LOCAL_COUNT: 16
GLOBAL_COUNT: 16

BASE_AFTER:
(begin
  (send
    (hole 0 {:hash_depth=>0, :limit_depth=>true, :recv=>true}) :diaspora_user=
    (hole 0 {:hash_depth=>0, :method_arg=>true}))
  (int 1))
BASETYPE: Integer
SIZE WORK_LIST: 22
SIZE generated: 1
EVALUABLE#: 0

-------------------------

----------------
TTYPES
Integer
Integer
Integer
Integer
Integer

PROGS

LOCAL_COUNT: 17
GLOBAL_COUNT: 17

BASE_AFTER:
(begin
  (send
    (hole 0 {:hash_depth=>0, :limit_depth=>true, :recv=>true}) :count=
    (hole 0 {:hash_depth=>0, :method_arg=>true}))
  (int 2))
BASETYPE: Integer
SIZE WORK_LIST: 22
SIZE generated: 5
EVALUABLE#: 4

-------------------------

----------------
TTYPES
Integer

PROGS

LOCAL_COUNT: 18
GLOBAL_COUNT: 18

BASE_AFTER:
(begin
  (send
    (hole 0 {:hash_depth=>0, :limit_depth=>true, :recv=>true}) :diaspora_user=
    (hole 0 {:hash_depth=>0, :method_arg=>true}))
  (int 2))
BASETYPE: Integer
SIZE WORK_LIST: 24
SIZE generated: 1
EVALUABLE#: 0

-------------------------

----------------
TTYPES
String
String
String
String

PROGS

LOCAL_COUNT: 19
GLOBAL_COUNT: 19

BASE_AFTER:
(begin
  (send
    (hole 0 {:hash_depth=>0, :limit_depth=>true, :recv=>true}) :count=
    (hole 0 {:hash_depth=>0, :method_arg=>true}))
  (str ""))
BASETYPE: String
SIZE WORK_LIST: 24
SIZE generated: 4
EVALUABLE#: 3

-------------------------

----------------
TTYPES
String

PROGS

LOCAL_COUNT: 20
GLOBAL_COUNT: 20

BASE_AFTER:
(begin
  (send
    (hole 0 {:hash_depth=>0, :limit_depth=>true, :recv=>true}) :diaspora_user=
    (hole 0 {:hash_depth=>0, :method_arg=>true}))
  (str ""))
BASETYPE: String
SIZE WORK_LIST: 26
SIZE generated: 1
EVALUABLE#: 0

-------------------------

----------------
TTYPES
true or false
true or false

PROGS

LOCAL_COUNT: 21
GLOBAL_COUNT: 21

BASE_AFTER:
(begin
  (send
    (lvar :arg0) :count=
    (int 0))
  (true))
BASETYPE: true or false
SIZE WORK_LIST: 26
SIZE generated: 2
EVALUABLE#: 0

-------------------------

----------------
TTYPES
true or false
true or false

PROGS

LOCAL_COUNT: 22
GLOBAL_COUNT: 22

BASE_AFTER:
(begin
  (send
    (lvar :arg0) :count=
    (int 1))
  (true))
BASETYPE: true or false
SIZE WORK_LIST: 27
SIZE generated: 2
EVALUABLE#: 0

-------------------------

----------------
TTYPES
true or false
true or false

PROGS

LOCAL_COUNT: 23
GLOBAL_COUNT: 23

BASE_AFTER:
(begin
  (send
    (lvar :arg0) :count=
    (int 0))
  (false))
BASETYPE: true or false
SIZE WORK_LIST: 28
SIZE generated: 2
EVALUABLE#: 0

-------------------------

----------------
TTYPES
true or false
true or false

PROGS

LOCAL_COUNT: 24
GLOBAL_COUNT: 24

BASE_AFTER:
(begin
  (send
    (lvar :arg0) :count=
    (int 1))
  (false))
BASETYPE: true or false
SIZE WORK_LIST: 29
SIZE generated: 2
EVALUABLE#: 0

-------------------------

----------------
TTYPES
Integer
Integer

PROGS

LOCAL_COUNT: 25
GLOBAL_COUNT: 25

BASE_AFTER:
(begin
  (send
    (lvar :arg0) :count=
    (int 0))
  (int 0))
BASETYPE: Integer
SIZE WORK_LIST: 30
SIZE generated: 2
EVALUABLE#: 0

-------------------------

----------------
TTYPES
Integer
Integer

PROGS

LOCAL_COUNT: 26
GLOBAL_COUNT: 26

BASE_AFTER:
(begin
  (send
    (lvar :arg0) :count=
    (int 1))
  (int 0))
BASETYPE: Integer
SIZE WORK_LIST: 31
SIZE generated: 2
EVALUABLE#: 0

-------------------------

----------------
TTYPES
Integer
Integer

PROGS

LOCAL_COUNT: 27
GLOBAL_COUNT: 27

BASE_AFTER:
(begin
  (lvasgn :t0
    (int 0))
  (send
    (lvar :arg0) :count=
    (lvar :t0))
  (lvar :t0))
BASETYPE: Integer
SIZE WORK_LIST: 32
SIZE generated: 2
EVALUABLE#: 0

-------------------------

----------------
TTYPES
Integer
Integer

PROGS

LOCAL_COUNT: 28
GLOBAL_COUNT: 28

BASE_AFTER:
(begin
  (send
    (lvar :arg0) :count=
    (int 0))
  (int 1))
BASETYPE: Integer
SIZE WORK_LIST: 33
SIZE generated: 2
EVALUABLE#: 0

-------------------------

----------------
TTYPES
Integer
Integer

PROGS

LOCAL_COUNT: 29
GLOBAL_COUNT: 29

BASE_AFTER:
(begin
  (send
    (lvar :arg0) :count=
    (int 1))
  (int 1))
BASETYPE: Integer
SIZE WORK_LIST: 34
SIZE generated: 2
EVALUABLE#: 0

-------------------------

----------------
TTYPES
Integer
Integer

PROGS

LOCAL_COUNT: 30
GLOBAL_COUNT: 30

BASE_AFTER:
(begin
  (lvasgn :t0
    (int 1))
  (send
    (lvar :arg0) :count=
    (lvar :t0))
  (lvar :t0))
BASETYPE: Integer
SIZE WORK_LIST: 35
SIZE generated: 2
EVALUABLE#: 0

-------------------------

----------------
TTYPES
Integer
Integer

PROGS

LOCAL_COUNT: 31
GLOBAL_COUNT: 31

BASE_AFTER:
(begin
  (send
    (lvar :arg0) :count=
    (int 0))
  (int 2))
BASETYPE: Integer
SIZE WORK_LIST: 36
SIZE generated: 2
EVALUABLE#: 0

-------------------------

----------------
TTYPES
Integer
Integer

PROGS

LOCAL_COUNT: 32
GLOBAL_COUNT: 32

BASE_AFTER:
(begin
  (send
    (lvar :arg0) :count=
    (int 1))
  (int 2))
BASETYPE: Integer
SIZE WORK_LIST: 37
SIZE generated: 2
EVALUABLE#: 0

-------------------------

----------------
TTYPES
String
String

PROGS

LOCAL_COUNT: 33
GLOBAL_COUNT: 33

BASE_AFTER:
(begin
  (send
    (lvar :arg0) :count=
    (int 0))
  (str ""))
BASETYPE: String
SIZE WORK_LIST: 38
SIZE generated: 2
EVALUABLE#: 0

-------------------------

----------------
TTYPES
String
String

PROGS

LOCAL_COUNT: 34
GLOBAL_COUNT: 34

BASE_AFTER:
(begin
  (send
    (lvar :arg0) :count=
    (int 1))
  (str ""))
BASETYPE: String
SIZE WORK_LIST: 39
SIZE generated: 2
EVALUABLE#: 0

-------------------------

----------------
TTYPES
Integer
Integer
Integer
Integer
Integer
Integer
Integer
Integer
Integer
%bot

PROGS

LOCAL_COUNT: 35
GLOBAL_COUNT: 35

BASE_AFTER:
(filled-hole
  (begin
    (send
      (send
        (hole 0 {:hash_depth=>0, :limit_depth=>true, :recv=>true}) :id=
        (hole 0 {:hash_depth=>0, :method_arg=>true})) :-
      (hole 0 {:hash_depth=>0, :method_arg=>true})))
  (begin
    (send
      (send
        (hole 0 {:hash_depth=>0, :limit_depth=>true, :recv=>true}) :id=
        (hole 0 {:hash_depth=>0, :method_arg=>true})) :-
      (hole 0 {:hash_depth=>0, :method_arg=>true})))
  (begin
    (send
      (send
        (hole 0 {:hash_depth=>0, :limit_depth=>true, :recv=>true}) :id=
        (hole 0 {:hash_depth=>0, :method_arg=>true})) :count))
  (begin
    (send
      (send
        (hole 0 {:hash_depth=>0, :limit_depth=>true, :recv=>true}) :id) :-
      (hole 0 {:hash_depth=>0, :method_arg=>true})))
  (begin
    (send
      (send
        (hole 0 {:hash_depth=>0, :limit_depth=>true, :recv=>true}) :id) :-
      (hole 0 {:hash_depth=>0, :method_arg=>true})))
  (begin
    (send
      (send
        (hole 0 {:hash_depth=>0, :limit_depth=>true, :recv=>true}) :id) :count))
  (begin
    (send
      (send
        (hole 0 {:hash_depth=>0, :limit_depth=>true, :recv=>true}) :token=
        (hole 0 {:hash_depth=>0, :method_arg=>true})) :count))
  (begin
    (send
      (send
        (hole 0 {:hash_depth=>0, :limit_depth=>true, :recv=>true}) :token=
        (hole 0 {:hash_depth=>0, :method_arg=>true})) :-
      (hole 0 {:hash_depth=>0, :method_arg=>true})))
  (begin
    (send
      (send
        (hole 0 {:hash_depth=>0, :limit_depth=>true, :recv=>true}) :token) :count))
  (begin
    (send
      (send
        (hole 0 {:hash_depth=>0, :limit_depth=>true, :recv=>true}) :token) :-
      (hole 0 {:hash_depth=>0, :method_arg=>true})))
  (begin
    (send
      (send
        (hole 0 {:hash_depth=>0, :limit_depth=>true, :recv=>true}) :diaspora_user_id=
        (hole 0 {:hash_depth=>0, :method_arg=>true})) :-
      (hole 0 {:hash_depth=>0, :method_arg=>true})))
  (begin
    (send
      (send
        (hole 0 {:hash_depth=>0, :limit_depth=>true, :recv=>true}) :diaspora_user_id=
        (hole 0 {:hash_depth=>0, :method_arg=>true})) :-
      (hole 0 {:hash_depth=>0, :method_arg=>true})))
  (begin
    (send
      (send
        (hole 0 {:hash_depth=>0, :limit_depth=>true, :recv=>true}) :diaspora_user_id=
        (hole 0 {:hash_depth=>0, :method_arg=>true})) :count))
  (begin
    (send
      (send
        (hole 0 {:hash_depth=>0, :limit_depth=>true, :recv=>true}) :diaspora_user_id) :-
      (hole 0 {:hash_depth=>0, :method_arg=>true})))
  (begin
    (send
      (send
        (hole 0 {:hash_depth=>0, :limit_depth=>true, :recv=>true}) :diaspora_user_id) :-
      (hole 0 {:hash_depth=>0, :method_arg=>true})))
  (begin
    (send
      (send
        (hole 0 {:hash_depth=>0, :limit_depth=>true, :recv=>true}) :diaspora_user_id) :count))
  (begin
    (send
      (send
        (hole 0 {:hash_depth=>0, :limit_depth=>true, :recv=>true}) :count=
        (hole 0 {:hash_depth=>0, :method_arg=>true})) :-
      (hole 0 {:hash_depth=>0, :method_arg=>true})))
  (begin
    (send
      (send
        (hole 0 {:hash_depth=>0, :limit_depth=>true, :recv=>true}) :count=
        (hole 0 {:hash_depth=>0, :method_arg=>true})) :-
      (hole 0 {:hash_depth=>0, :method_arg=>true})))
  (begin
    (send
      (send
        (hole 0 {:hash_depth=>0, :limit_depth=>true, :recv=>true}) :count=
        (hole 0 {:hash_depth=>0, :method_arg=>true})) :count))
  (begin
    (send
      (begin
        (send
          (hole 0 {:hash_depth=>0, :limit_depth=>true, :recv=>true}) :count)) :-
      (hole 0 {:hash_depth=>0, :method_arg=>true})))
  (begin
    (send
      (begin
        (send
          (hole 0 {:hash_depth=>0, :limit_depth=>true, :recv=>true}) :count)) :-
      (hole 0 {:hash_depth=>0, :method_arg=>true})))
  (begin
    (send
      (begin
        (send
          (hole 0 {:hash_depth=>0, :limit_depth=>true, :recv=>true}) :count)) :count))
  (begin
    (send
      (send
        (hole 0 {:hash_depth=>0, :limit_depth=>true, :recv=>true}) :diaspora_user) :count))
  (begin
    (send
      (send
        (hole 0 {:hash_depth=>0, :limit_depth=>true, :recv=>true}) :diaspora_user) :-
      (hole 0 {:hash_depth=>0, :method_arg=>true})))
  (begin
    (send
      (send
        (hole 0 {:hash_depth=>0, :limit_depth=>true, :recv=>true}) :diaspora_user=
        (hole 0 {:hash_depth=>0, :method_arg=>true})) :count))
  (begin
    (send
      (send
        (hole 0 {:hash_depth=>0, :limit_depth=>true, :recv=>true}) :diaspora_user=
        (hole 0 {:hash_depth=>0, :method_arg=>true})) :-
      (hole 0 {:hash_depth=>0, :method_arg=>true})))
  (begin
    (send
      (begin
        (send
          (hole 0 {:hash_depth=>0, :limit_depth=>true, :recv=>true}) :-
          (hole 0 {:hash_depth=>0, :method_arg=>true}))) :-
      (hole 0 {:hash_depth=>0, :method_arg=>true})))
  (begin
    (send
      (begin
        (send
          (hole 0 {:hash_depth=>0, :limit_depth=>true, :recv=>true}) :-
          (hole 0 {:hash_depth=>0, :method_arg=>true}))) :-
      (hole 0 {:hash_depth=>0, :method_arg=>true})))
  (begin
    (send
      (begin
        (send
          (hole 0 {:hash_depth=>0, :limit_depth=>true, :recv=>true}) :save)) :count))
  (begin
    (send
      (begin
        (send
          (hole 0 {:hash_depth=>0, :limit_depth=>true, :recv=>true}) :save)) :-
      (hole 0 {:hash_depth=>0, :method_arg=>true})))
  (begin
    (send
      (begin
        (send
          (hole 0 {:hash_depth=>0, :limit_depth=>true, :recv=>true}) :count)) :-
      (hole 0 {:hash_depth=>0, :method_arg=>true})))
  (begin
    (send
      (begin
        (send
          (hole 0 {:hash_depth=>0, :limit_depth=>true, :recv=>true}) :count)) :-
      (hole 0 {:hash_depth=>0, :method_arg=>true})))
  (begin
    (send
      (begin
        (send
          (hole 0 {:hash_depth=>0, :limit_depth=>true, :recv=>true}) :-
          (hole 0 {:hash_depth=>0, :method_arg=>true}))) :-
      (hole 0 {:hash_depth=>0, :method_arg=>true})))
  (begin
    (send
      (begin
        (send
          (hole 0 {:hash_depth=>0, :limit_depth=>true, :recv=>true}) :-
          (hole 0 {:hash_depth=>0, :method_arg=>true}))) :-
      (hole 0 {:hash_depth=>0, :method_arg=>true})))
  (begin
    (send
      (begin
        (send
          (hole 0 {:hash_depth=>0, :limit_depth=>true, :recv=>true}) :save)) :count))
  (begin
    (send
      (begin
        (send
          (hole 0 {:hash_depth=>0, :limit_depth=>true, :recv=>true}) :save)) :-
      (hole 0 {:hash_depth=>0, :method_arg=>true})))
  (hole 3 {:hash_depth=>0, :method_arg=>false, :variance=>:-}) {:method_arg=>false})
BASETYPE: %bot
SIZE WORK_LIST: 40
SIZE generated: 10
EVALUABLE#: 0

-------------------------

----------------
TTYPES
Integer
Integer
Integer
Integer
Integer
Integer
Integer
Integer
Integer
Integer
Integer
Integer
Integer
Integer
Integer
Integer
Integer
Integer
Integer
Integer
Integer
Integer
Integer
Integer
Integer
Integer
Integer
Integer
Integer
Integer
Integer
Integer
Integer
Integer
Integer
Integer

PROGS

LOCAL_COUNT: 36
GLOBAL_COUNT: 36

BASE_AFTER:
(begin
  (send
    (begin
      (send
        (filled-hole
          (lvar :arg0) {:method_arg=>false}) :-
        (filled-hole
          (lvar :arg0)
          (lvar InvitationCode(id: integer, token: string, diaspora_user_id: integer, count: integer))
          (true)
          (false)
          (int 0)
          (int 1)
          (int 2)
          (str "")
          (hole 1 {:hash_depth=>0, :method_arg=>true, :variance=>:+}) {:method_arg=>true}))) :-
    (filled-hole
      (int 0)
      (int 1)
      (int 2)
      (hole 1 {:hash_depth=>0, :method_arg=>true, :variance=>:+}) {:method_arg=>true})))
BASETYPE: Integer
SIZE WORK_LIST: 49
SIZE generated: 36
EVALUABLE#: 24

-------------------------

----------------
TTYPES
Integer
Integer
Integer
Integer
Integer
Integer
Integer
Integer
Integer
Integer
Integer
Integer
Integer
Integer
Integer
Integer
Integer
Integer
Integer
Integer
Integer
Integer
Integer
Integer
Integer
Integer
Integer
Integer
Integer
Integer
Integer
Integer
Integer
Integer
Integer
Integer

PROGS

LOCAL_COUNT: 37
GLOBAL_COUNT: 37

BASE_AFTER:
(begin
  (send
    (begin
      (send
        (filled-hole
          (lvar InvitationCode(id: integer, token: string, diaspora_user_id: integer, count: integer)) {:method_arg=>false}) :-
        (filled-hole
          (lvar :arg0)
          (lvar InvitationCode(id: integer, token: string, diaspora_user_id: integer, count: integer))
          (true)
          (false)
          (int 0)
          (int 1)
          (int 2)
          (str "")
          (hole 1 {:hash_depth=>0, :method_arg=>true, :variance=>:+}) {:method_arg=>true}))) :-
    (filled-hole
      (int 0)
      (int 1)
      (int 2)
      (hole 1 {:hash_depth=>0, :method_arg=>true, :variance=>:+}) {:method_arg=>true})))
BASETYPE: Integer
SIZE WORK_LIST: 60
SIZE generated: 36
EVALUABLE#: 24

-------------------------

----------------
TTYPES
Integer
Integer
Integer
Integer

PROGS

LOCAL_COUNT: 38
GLOBAL_COUNT: 38

BASE_AFTER:
(begin
  (send
    (begin
      (send
        (filled-hole
          (lvar InvitationCode(id: integer, token: string, diaspora_user_id: integer, count: integer)) {:method_arg=>false}) :count)) :-
    (filled-hole
      (int 0)
      (int 1)
      (int 2)
      (hole 1 {:hash_depth=>0, :method_arg=>true, :variance=>:+}) {:method_arg=>true})))
BASETYPE: Integer
SIZE WORK_LIST: 71
SIZE generated: 4
EVALUABLE#: 3

-------------------------

----------------
TTYPES
true or false
true or false
true or false
true or false
true or false
true or false
true or false
true or false
true or false
true or false
true or false

PROGS

LOCAL_COUNT: 39
GLOBAL_COUNT: 39

BASE_AFTER:
(begin
  (send
    (lvar :arg0) :count=
    (hole 1 {:hash_depth=>0, :method_arg=>true, :variance=>:+}))
  (true))
BASETYPE: true or false
SIZE WORK_LIST: 74
SIZE generated: 11
EVALUABLE#: 0

-------------------------

----------------
TTYPES
Integer
Integer

PROGS

LOCAL_COUNT: 40
GLOBAL_COUNT: 40

BASE_AFTER:
(begin
  (send
    (begin
      (send
        (lvar InvitationCode(id: integer, token: string, diaspora_user_id: integer, count: integer)) :count)) :-
    (int 0)))
BASETYPE: Integer
SIZE WORK_LIST: 84
SIZE generated: 2
EVALUABLE#: 0

-------------------------

----------------
TTYPES
Integer
Integer

PROGS

LOCAL_COUNT: 41
GLOBAL_COUNT: 41

BASE_AFTER:
(begin
  (send
    (begin
      (send
        (lvar InvitationCode(id: integer, token: string, diaspora_user_id: integer, count: integer)) :count)) :-
    (int 1)))
BASETYPE: Integer
SIZE WORK_LIST: 85
SIZE generated: 2
EVALUABLE#: 0

-------------------------

----------------
TTYPES
Integer
Integer

PROGS

LOCAL_COUNT: 42
GLOBAL_COUNT: 42

BASE_AFTER:
(begin
  (send
    (begin
      (send
        (lvar InvitationCode(id: integer, token: string, diaspora_user_id: integer, count: integer)) :count)) :-
    (int 2)))
BASETYPE: Integer
SIZE WORK_LIST: 86
SIZE generated: 2
EVALUABLE#: 0

-------------------------

----------------
TTYPES
true or false

PROGS

LOCAL_COUNT: 43
GLOBAL_COUNT: 43

BASE_AFTER:
(begin
  (send
    (lvar :arg0) :count=
    (begin
      (send
        (hole 0 {:hash_depth=>0, :limit_depth=>true, :recv=>true}) :count)))
  (true))
BASETYPE: true or false
SIZE WORK_LIST: 87
SIZE generated: 1
EVALUABLE#: 1

-------------------------

----------------
TTYPES
true or false
true or false
true or false
true or false
true or false
true or false

PROGS

LOCAL_COUNT: 44
GLOBAL_COUNT: 44

BASE_AFTER:
(begin
  (send
    (lvar :arg0) :diaspora_user=
    (hole 1 {:hash_depth=>0, :method_arg=>true, :variance=>:+}))
  (true))
BASETYPE: true or false
SIZE WORK_LIST: 87
SIZE generated: 6
EVALUABLE#: 0

-------------------------

----------------
TTYPES
true or false
true or false

PROGS

LOCAL_COUNT: 45
GLOBAL_COUNT: 45

BASE_AFTER:
(begin
  (send
    (lvar :arg0) :count=
    (begin
      (send
        (lvar InvitationCode(id: integer, token: string, diaspora_user_id: integer, count: integer)) :count)))
  (true))
BASETYPE: true or false
SIZE WORK_LIST: 92
SIZE generated: 2
EVALUABLE#: 0

-------------------------

----------------
TTYPES
true or false

PROGS

LOCAL_COUNT: 46
GLOBAL_COUNT: 46

BASE_AFTER:
(begin
  (send
    (lvar :arg0) :diaspora_user=
    (begin
      (send
        (hole 0 {:hash_depth=>0, :limit_depth=>true, :recv=>true}) :count)))
  (true))
BASETYPE: true or false
SIZE WORK_LIST: 93
SIZE generated: 1
EVALUABLE#: 1

-------------------------

----------------
TTYPES
true or false
true or false
true or false
true or false
true or false
true or false
true or false
true or false
true or false
true or false
true or false

PROGS

LOCAL_COUNT: 47
GLOBAL_COUNT: 47

BASE_AFTER:
(begin
  (send
    (lvar :arg0) :count=
    (hole 1 {:hash_depth=>0, :method_arg=>true, :variance=>:+}))
  (false))
BASETYPE: true or false
SIZE WORK_LIST: 92
SIZE generated: 11
EVALUABLE#: 0

-------------------------

----------------
TTYPES
true or false

PROGS

LOCAL_COUNT: 48
GLOBAL_COUNT: 48

BASE_AFTER:
(begin
  (send
    (lvar :arg0) :count=
    (begin
      (send
        (hole 0 {:hash_depth=>0, :limit_depth=>true, :recv=>true}) :count)))
  (false))
BASETYPE: true or false
SIZE WORK_LIST: 102
SIZE generated: 1
EVALUABLE#: 1

-------------------------

----------------
TTYPES
true or false
true or false
true or false
true or false
true or false
true or false

PROGS

LOCAL_COUNT: 49
GLOBAL_COUNT: 49

BASE_AFTER:
(begin
  (send
    (lvar :arg0) :diaspora_user=
    (hole 1 {:hash_depth=>0, :method_arg=>true, :variance=>:+}))
  (false))
BASETYPE: true or false
SIZE WORK_LIST: 102
SIZE generated: 6
EVALUABLE#: 0

-------------------------

----------------
TTYPES
true or false
true or false

PROGS

LOCAL_COUNT: 50
GLOBAL_COUNT: 50

BASE_AFTER:
(begin
  (send
    (lvar :arg0) :count=
    (begin
      (send
        (lvar InvitationCode(id: integer, token: string, diaspora_user_id: integer, count: integer)) :count)))
  (false))
BASETYPE: true or false
SIZE WORK_LIST: 107
SIZE generated: 2
EVALUABLE#: 0

-------------------------

----------------
TTYPES
true or false

PROGS

LOCAL_COUNT: 51
GLOBAL_COUNT: 51

BASE_AFTER:
(begin
  (send
    (lvar :arg0) :diaspora_user=
    (begin
      (send
        (hole 0 {:hash_depth=>0, :limit_depth=>true, :recv=>true}) :count)))
  (false))
BASETYPE: true or false
SIZE WORK_LIST: 108
SIZE generated: 1
EVALUABLE#: 1

-------------------------

----------------
TTYPES
Integer
Integer
Integer
Integer
Integer
Integer
Integer
Integer
Integer
Integer
Integer

PROGS

LOCAL_COUNT: 52
GLOBAL_COUNT: 52

BASE_AFTER:
(begin
  (send
    (lvar :arg0) :count=
    (hole 1 {:hash_depth=>0, :method_arg=>true, :variance=>:+}))
  (int 0))
BASETYPE: Integer
SIZE WORK_LIST: 107
SIZE generated: 11
EVALUABLE#: 0

-------------------------

----------------
TTYPES
Integer

PROGS

LOCAL_COUNT: 53
GLOBAL_COUNT: 53

BASE_AFTER:
(begin
  (send
    (lvar :arg0) :count=
    (begin
      (send
        (hole 0 {:hash_depth=>0, :limit_depth=>true, :recv=>true}) :count)))
  (int 0))
BASETYPE: Integer
SIZE WORK_LIST: 117
SIZE generated: 1
EVALUABLE#: 1

-------------------------

----------------
TTYPES
Integer
Integer
Integer
Integer
Integer
Integer

PROGS

LOCAL_COUNT: 54
GLOBAL_COUNT: 54

BASE_AFTER:
(begin
  (send
    (lvar :arg0) :diaspora_user=
    (hole 1 {:hash_depth=>0, :method_arg=>true, :variance=>:+}))
  (int 0))
BASETYPE: Integer
SIZE WORK_LIST: 117
SIZE generated: 6
EVALUABLE#: 0

-------------------------

----------------
TTYPES
Integer
Integer

PROGS

LOCAL_COUNT: 55
GLOBAL_COUNT: 55

BASE_AFTER:
(begin
  (send
    (lvar :arg0) :count=
    (begin
      (send
        (lvar InvitationCode(id: integer, token: string, diaspora_user_id: integer, count: integer)) :count)))
  (int 0))
BASETYPE: Integer
SIZE WORK_LIST: 122
SIZE generated: 2
EVALUABLE#: 0

-------------------------

----------------
TTYPES
Integer

PROGS

LOCAL_COUNT: 56
GLOBAL_COUNT: 56

BASE_AFTER:
(begin
  (send
    (lvar :arg0) :diaspora_user=
    (begin
      (send
        (hole 0 {:hash_depth=>0, :limit_depth=>true, :recv=>true}) :count)))
  (int 0))
BASETYPE: Integer
SIZE WORK_LIST: 123
SIZE generated: 1
EVALUABLE#: 1

-------------------------

----------------
TTYPES
Integer
Integer
Integer
Integer
Integer
Integer
Integer
Integer
Integer
Integer
Integer

PROGS

LOCAL_COUNT: 57
GLOBAL_COUNT: 57

BASE_AFTER:
(begin
  (send
    (lvar :arg0) :count=
    (hole 1 {:hash_depth=>0, :method_arg=>true, :variance=>:+}))
  (int 1))
BASETYPE: Integer
SIZE WORK_LIST: 122
SIZE generated: 11
EVALUABLE#: 0

-------------------------

----------------
TTYPES
Integer

PROGS

LOCAL_COUNT: 58
GLOBAL_COUNT: 58

BASE_AFTER:
(begin
  (send
    (lvar :arg0) :count=
    (begin
      (send
        (hole 0 {:hash_depth=>0, :limit_depth=>true, :recv=>true}) :count)))
  (int 1))
BASETYPE: Integer
SIZE WORK_LIST: 132
SIZE generated: 1
EVALUABLE#: 1

-------------------------

----------------
TTYPES
Integer
Integer
Integer
Integer
Integer
Integer

PROGS

LOCAL_COUNT: 59
GLOBAL_COUNT: 59

BASE_AFTER:
(begin
  (send
    (lvar :arg0) :diaspora_user=
    (hole 1 {:hash_depth=>0, :method_arg=>true, :variance=>:+}))
  (int 1))
BASETYPE: Integer
SIZE WORK_LIST: 132
SIZE generated: 6
EVALUABLE#: 0

-------------------------

----------------
TTYPES
Integer
Integer

PROGS

LOCAL_COUNT: 60
GLOBAL_COUNT: 60

BASE_AFTER:
(begin
  (send
    (lvar :arg0) :count=
    (begin
      (send
        (lvar InvitationCode(id: integer, token: string, diaspora_user_id: integer, count: integer)) :count)))
  (int 1))
BASETYPE: Integer
SIZE WORK_LIST: 137
SIZE generated: 2
EVALUABLE#: 0

-------------------------

----------------
TTYPES
true or false
true or false
Integer
Integer
Integer
String
%bot

PROGS

LOCAL_COUNT: 1
GLOBAL_COUNT: 61

BASE_AFTER:
(filled-hole
  (true)
  (false)
  (int 0)
  (int 1)
  (int 2)
  (str "")
  (hole 1 {:hash_depth=>0, :method_arg=>false, :variance=>:-}) {:method_arg=>false})
BASETYPE: %bot
SIZE WORK_LIST: 0
SIZE generated: 7
EVALUABLE#: 6

-------------------------

----------------
TTYPES
true or false
true or false

PROGS

LOCAL_COUNT: 2
GLOBAL_COUNT: 62

BASE_AFTER:
(true)
BASETYPE: true or false
SIZE WORK_LIST: 6
SIZE generated: 2
EVALUABLE#: 0

-------------------------

----------------
TTYPES
true or false
true or false

PROGS

LOCAL_COUNT: 3
GLOBAL_COUNT: 63

BASE_AFTER:
(false)
BASETYPE: true or false
SIZE WORK_LIST: 7
SIZE generated: 2
EVALUABLE#: 0

-------------------------

----------------
TTYPES
Integer
Integer

PROGS

LOCAL_COUNT: 4
GLOBAL_COUNT: 64

BASE_AFTER:
(int 0)
BASETYPE: Integer
SIZE WORK_LIST: 8
SIZE generated: 2
EVALUABLE#: 0

-------------------------

----------------
TTYPES
Integer
Integer

PROGS

LOCAL_COUNT: 5
GLOBAL_COUNT: 65

BASE_AFTER:
(int 1)
BASETYPE: Integer
SIZE WORK_LIST: 9
SIZE generated: 2
EVALUABLE#: 0

-------------------------

----------------
TTYPES
Integer
Integer

PROGS

LOCAL_COUNT: 6
GLOBAL_COUNT: 66

BASE_AFTER:
(int 2)
BASETYPE: Integer
SIZE WORK_LIST: 10
SIZE generated: 2
EVALUABLE#: 0

-------------------------

----------------
TTYPES
String
String

PROGS

LOCAL_COUNT: 7
GLOBAL_COUNT: 67

BASE_AFTER:
(str "")
BASETYPE: String
SIZE WORK_LIST: 11
SIZE generated: 2
EVALUABLE#: 0

-------------------------

----------------
TTYPES
%bot

PROGS

LOCAL_COUNT: 8
GLOBAL_COUNT: 68

BASE_AFTER:
(filled-hole
  (hole 2 {:hash_depth=>0, :method_arg=>false, :variance=>:-}) {:method_arg=>false})
BASETYPE: %bot
SIZE WORK_LIST: 12
SIZE generated: 1
EVALUABLE#: 0

-------------------------

----------------
TTYPES
true or false
true or false
true or false
true or false

PROGS

LOCAL_COUNT: 9
GLOBAL_COUNT: 69

BASE_AFTER:
(begin
  (send
    (hole 0 {:hash_depth=>0, :limit_depth=>true, :recv=>true}) :count=
    (hole 0 {:hash_depth=>0, :method_arg=>true}))
  (true))
BASETYPE: true or false
SIZE WORK_LIST: 12
SIZE generated: 4
EVALUABLE#: 3

-------------------------

----------------
TTYPES
true or false

PROGS

LOCAL_COUNT: 1
GLOBAL_COUNT: 70

BASE_AFTER:
(filled-hole
  (hole 1 {:hash_depth=>0, :method_arg=>false, :variance=>:+}) {:method_arg=>false})
BASETYPE: true or false
SIZE WORK_LIST: 0
SIZE generated: 1
EVALUABLE#: 0

-------------------------

----------------
TTYPES
true or false
true or false
true or false

PROGS

LOCAL_COUNT: 2
GLOBAL_COUNT: 71

BASE_AFTER:
(filled-hole
  (begin
    (send
      (hole 0 {:hash_depth=>0, :limit_depth=>true, :recv=>true}) :-
      (hole 0 {:hash_depth=>0, :method_arg=>true})))
  (begin
    (send
      (hole 0 {:hash_depth=>0, :limit_depth=>true, :recv=>true}) :save))
  (begin
    (send
      (hole 0 {:hash_depth=>0, :limit_depth=>true, :recv=>true}) :count))
  (begin
    (send
      (hole 0 {:hash_depth=>0, :limit_depth=>true, :recv=>true}) :-
      (hole 0 {:hash_depth=>0, :method_arg=>true})))
  (begin
    (send
      (hole 0 {:hash_depth=>0, :limit_depth=>true, :recv=>true}) :save))
  (hole 2 {:hash_depth=>0, :method_arg=>false, :variance=>:+}) {:method_arg=>false})
BASETYPE: true or false
SIZE WORK_LIST: 0
SIZE generated: 3
EVALUABLE#: 0

-------------------------

----------------
TTYPES
true or false

PROGS

LOCAL_COUNT: 3
GLOBAL_COUNT: 72

BASE_AFTER:
(begin
  (send
    (filled-hole
      (lvar :arg0) {:method_arg=>false}) :save))
BASETYPE: true or false
SIZE WORK_LIST: 2
SIZE generated: 1
EVALUABLE#: 1

-------------------------

----------------
TTYPES
true or false

PROGS

LOCAL_COUNT: 4
GLOBAL_COUNT: 73

BASE_AFTER:
(begin
  (send
    (filled-hole
      (lvar InvitationCode(id: integer, token: string, diaspora_user_id: integer, count: integer)) {:method_arg=>false}) :save))
BASETYPE: true or false
SIZE WORK_LIST: 1
SIZE generated: 1
EVALUABLE#: 1

-------------------------

----------------
TTYPES
Integer
true or false
Integer
true or false
true or false
true or false
Integer
true or false
Integer
true or false
Integer
true or false
Integer
true or false
true or false
true or false
true or false
true or false
true or false
true or false
true or false
true or false
true or false
true or false
true or false
false or true
true or false
true or false
true or false
true or false
true or false
true or false
true or false
true or false
true or false
true or false
true or false
true or false
Integer
true or false
true or false
true or false
true or false
true or false
true or false
true or false
true or false
false or true
true or false
true or false
true or false
true or false
true or false
true or false
true or false
true or false
true or false
true or false
true or false
true or false
Integer
true or false
true or false
true or false
true or false
true or false
true or false
true or false
true or false
false or true
true or false
true or false
true or false
true or false
true or false
true or false
true or false
true or false
true or false
true or false
true or false
true or false
Integer
true or false
true or false

PROGS

LOCAL_COUNT: 5
GLOBAL_COUNT: 74

BASE_AFTER:
(filled-hole
  (begin
    (send
      (send
        (hole 0 {:hash_depth=>0, :limit_depth=>true, :recv=>true}) :id=
        (hole 0 {:hash_depth=>0, :method_arg=>true})) :-
      (hole 0 {:hash_depth=>0, :method_arg=>true})))
  (begin
    (send
      (send
        (hole 0 {:hash_depth=>0, :limit_depth=>true, :recv=>true}) :id=
        (hole 0 {:hash_depth=>0, :method_arg=>true})) :-
      (hole 0 {:hash_depth=>0, :method_arg=>true})))
  (begin
    (send
      (send
        (hole 0 {:hash_depth=>0, :limit_depth=>true, :recv=>true}) :id=
        (hole 0 {:hash_depth=>0, :method_arg=>true})) :-
      (hole 0 {:hash_depth=>0, :method_arg=>true})))
  (begin
    (send
      (send
        (hole 0 {:hash_depth=>0, :limit_depth=>true, :recv=>true}) :id=
        (hole 0 {:hash_depth=>0, :method_arg=>true})) :count))
  (begin
    (send
      (send
        (hole 0 {:hash_depth=>0, :limit_depth=>true, :recv=>true}) :id=
        (hole 0 {:hash_depth=>0, :method_arg=>true})) :save))
  (begin
    (send
      (send
        (hole 0 {:hash_depth=>0, :limit_depth=>true, :recv=>true}) :id) :-
      (hole 0 {:hash_depth=>0, :method_arg=>true})))
  (begin
    (send
      (send
        (hole 0 {:hash_depth=>0, :limit_depth=>true, :recv=>true}) :id) :-
      (hole 0 {:hash_depth=>0, :method_arg=>true})))
  (begin
    (send
      (send
        (hole 0 {:hash_depth=>0, :limit_depth=>true, :recv=>true}) :id) :-
      (hole 0 {:hash_depth=>0, :method_arg=>true})))
  (begin
    (send
      (send
        (hole 0 {:hash_depth=>0, :limit_depth=>true, :recv=>true}) :id) :count))
  (begin
    (send
      (send
        (hole 0 {:hash_depth=>0, :limit_depth=>true, :recv=>true}) :id) :save))
  (begin
    (send
      (send
        (hole 0 {:hash_depth=>0, :limit_depth=>true, :recv=>true}) :token=
        (hole 0 {:hash_depth=>0, :method_arg=>true})) :count))
  (begin
    (send
      (send
        (hole 0 {:hash_depth=>0, :limit_depth=>true, :recv=>true}) :token=
        (hole 0 {:hash_depth=>0, :method_arg=>true})) :-
      (hole 0 {:hash_depth=>0, :method_arg=>true})))
  (begin
    (send
      (send
        (hole 0 {:hash_depth=>0, :limit_depth=>true, :recv=>true}) :token=
        (hole 0 {:hash_depth=>0, :method_arg=>true})) :save))
  (begin
    (send
      (send
        (hole 0 {:hash_depth=>0, :limit_depth=>true, :recv=>true}) :token) :count))
  (begin
    (send
      (send
        (hole 0 {:hash_depth=>0, :limit_depth=>true, :recv=>true}) :token) :-
      (hole 0 {:hash_depth=>0, :method_arg=>true})))
  (begin
    (send
      (send
        (hole 0 {:hash_depth=>0, :limit_depth=>true, :recv=>true}) :token) :save))
  (begin
    (send
      (send
        (hole 0 {:hash_depth=>0, :limit_depth=>true, :recv=>true}) :diaspora_user_id=
        (hole 0 {:hash_depth=>0, :method_arg=>true})) :-
      (hole 0 {:hash_depth=>0, :method_arg=>true})))
  (begin
    (send
      (send
        (hole 0 {:hash_depth=>0, :limit_depth=>true, :recv=>true}) :diaspora_user_id=
        (hole 0 {:hash_depth=>0, :method_arg=>true})) :-
      (hole 0 {:hash_depth=>0, :method_arg=>true})))
  (begin
    (send
      (send
        (hole 0 {:hash_depth=>0, :limit_depth=>true, :recv=>true}) :diaspora_user_id=
        (hole 0 {:hash_depth=>0, :method_arg=>true})) :-
      (hole 0 {:hash_depth=>0, :method_arg=>true})))
  (begin
    (send
      (send
        (hole 0 {:hash_depth=>0, :limit_depth=>true, :recv=>true}) :diaspora_user_id=
        (hole 0 {:hash_depth=>0, :method_arg=>true})) :count))
  (begin
    (send
      (send
        (hole 0 {:hash_depth=>0, :limit_depth=>true, :recv=>true}) :diaspora_user_id=
        (hole 0 {:hash_depth=>0, :method_arg=>true})) :save))
  (begin
    (send
      (send
        (hole 0 {:hash_depth=>0, :limit_depth=>true, :recv=>true}) :diaspora_user_id) :-
      (hole 0 {:hash_depth=>0, :method_arg=>true})))
  (begin
    (send
      (send
        (hole 0 {:hash_depth=>0, :limit_depth=>true, :recv=>true}) :diaspora_user_id) :-
      (hole 0 {:hash_depth=>0, :method_arg=>true})))
  (begin
    (send
      (send
        (hole 0 {:hash_depth=>0, :limit_depth=>true, :recv=>true}) :diaspora_user_id) :-
      (hole 0 {:hash_depth=>0, :method_arg=>true})))
  (begin
    (send
      (send
        (hole 0 {:hash_depth=>0, :limit_depth=>true, :recv=>true}) :diaspora_user_id) :count))
  (begin
    (send
      (send
        (hole 0 {:hash_depth=>0, :limit_depth=>true, :recv=>true}) :diaspora_user_id) :save))
  (begin
    (send
      (send
        (hole 0 {:hash_depth=>0, :limit_depth=>true, :recv=>true}) :count=
        (hole 0 {:hash_depth=>0, :method_arg=>true})) :-
      (hole 0 {:hash_depth=>0, :method_arg=>true})))
  (begin
    (send
      (send
        (hole 0 {:hash_depth=>0, :limit_depth=>true, :recv=>true}) :count=
        (hole 0 {:hash_depth=>0, :method_arg=>true})) :-
      (hole 0 {:hash_depth=>0, :method_arg=>true})))
  (begin
    (send
      (send
        (hole 0 {:hash_depth=>0, :limit_depth=>true, :recv=>true}) :count=
        (hole 0 {:hash_depth=>0, :method_arg=>true})) :-
      (hole 0 {:hash_depth=>0, :method_arg=>true})))
  (begin
    (send
      (send
        (hole 0 {:hash_depth=>0, :limit_depth=>true, :recv=>true}) :count=
        (hole 0 {:hash_depth=>0, :method_arg=>true})) :count))
  (begin
    (send
      (send
        (hole 0 {:hash_depth=>0, :limit_depth=>true, :recv=>true}) :count=
        (hole 0 {:hash_depth=>0, :method_arg=>true})) :save))
  (begin
    (send
      (begin
        (send
          (hole 0 {:hash_depth=>0, :limit_depth=>true, :recv=>true}) :count)) :-
      (hole 0 {:hash_depth=>0, :method_arg=>true})))
  (begin
    (send
      (begin
        (send
          (hole 0 {:hash_depth=>0, :limit_depth=>true, :recv=>true}) :count)) :-
      (hole 0 {:hash_depth=>0, :method_arg=>true})))
  (begin
    (send
      (begin
        (send
          (hole 0 {:hash_depth=>0, :limit_depth=>true, :recv=>true}) :count)) :-
      (hole 0 {:hash_depth=>0, :method_arg=>true})))
  (begin
    (send
      (begin
        (send
          (hole 0 {:hash_depth=>0, :limit_depth=>true, :recv=>true}) :count)) :-
      (hole 0 {:hash_depth=>0, :method_arg=>true})))
  (begin
    (send
      (begin
        (send
          (hole 0 {:hash_depth=>0, :limit_depth=>true, :recv=>true}) :count)) :-
      (hole 0 {:hash_depth=>0, :method_arg=>true})))
  (begin
    (send
      (begin
        (send
          (hole 0 {:hash_depth=>0, :limit_depth=>true, :recv=>true}) :count)) :-
      (hole 0 {:hash_depth=>0, :method_arg=>true})))
  (begin
    (send
      (begin
        (send
          (hole 0 {:hash_depth=>0, :limit_depth=>true, :recv=>true}) :count)) :count))
  (begin
    (send
      (begin
        (send
          (hole 0 {:hash_depth=>0, :limit_depth=>true, :recv=>true}) :count)) :count))
  (begin
    (send
      (begin
        (send
          (hole 0 {:hash_depth=>0, :limit_depth=>true, :recv=>true}) :count)) :save))
  (begin
    (send
      (begin
        (send
          (hole 0 {:hash_depth=>0, :limit_depth=>true, :recv=>true}) :count)) :save))
  (begin
    (send
      (send
        (hole 0 {:hash_depth=>0, :limit_depth=>true, :recv=>true}) :diaspora_user) :count))
  (begin
    (send
      (send
        (hole 0 {:hash_depth=>0, :limit_depth=>true, :recv=>true}) :diaspora_user) :-
      (hole 0 {:hash_depth=>0, :method_arg=>true})))
  (begin
    (send
      (send
        (hole 0 {:hash_depth=>0, :limit_depth=>true, :recv=>true}) :diaspora_user) :save))
  (begin
    (send
      (send
        (hole 0 {:hash_depth=>0, :limit_depth=>true, :recv=>true}) :diaspora_user=
        (hole 0 {:hash_depth=>0, :method_arg=>true})) :count))
  (begin
    (send
      (send
        (hole 0 {:hash_depth=>0, :limit_depth=>true, :recv=>true}) :diaspora_user=
        (hole 0 {:hash_depth=>0, :method_arg=>true})) :-
      (hole 0 {:hash_depth=>0, :method_arg=>true})))
  (begin
    (send
      (send
        (hole 0 {:hash_depth=>0, :limit_depth=>true, :recv=>true}) :diaspora_user=
        (hole 0 {:hash_depth=>0, :method_arg=>true})) :save))
  (begin
    (send
      (begin
        (send
          (hole 0 {:hash_depth=>0, :limit_depth=>true, :recv=>true}) :save)) :count))
  (begin
    (send
      (begin
        (send
          (hole 0 {:hash_depth=>0, :limit_depth=>true, :recv=>true}) :save)) :-
      (hole 0 {:hash_depth=>0, :method_arg=>true})))
  (begin
    (send
      (begin
        (send
          (hole 0 {:hash_depth=>0, :limit_depth=>true, :recv=>true}) :save)) :save))
  (send
    (begin
      (send
        (hole 0 {:hash_depth=>0, :limit_depth=>true, :recv=>true}) :-
        (hole 0 {:hash_depth=>0, :method_arg=>true}))) :confirmed=
    (hole 0 {:hash_depth=>0, :method_arg=>true}))
  (send
    (begin
      (send
        (hole 0 {:hash_depth=>0, :limit_depth=>true, :recv=>true}) :-
        (hole 0 {:hash_depth=>0, :method_arg=>true}))) :confirmed)
  (send
    (begin
      (send
        (hole 0 {:hash_depth=>0, :limit_depth=>true, :recv=>true}) :-
        (hole 0 {:hash_depth=>0, :method_arg=>true}))) :expired=
    (hole 0 {:hash_depth=>0, :method_arg=>true}))
  (send
    (begin
      (send
        (hole 0 {:hash_depth=>0, :limit_depth=>true, :recv=>true}) :-
        (hole 0 {:hash_depth=>0, :method_arg=>true}))) :expired)
  (send
    (begin
      (send
        (hole 0 {:hash_depth=>0, :limit_depth=>true, :recv=>true}) :-
        (hole 0 {:hash_depth=>0, :method_arg=>true}))) :discoverable=
    (hole 0 {:hash_depth=>0, :method_arg=>true}))
  (send
    (begin
      (send
        (hole 0 {:hash_depth=>0, :limit_depth=>true, :recv=>true}) :-
        (hole 0 {:hash_depth=>0, :method_arg=>true}))) :discoverable)
  (send
    (begin
      (send
        (hole 0 {:hash_depth=>0, :limit_depth=>true, :recv=>true}) :-
        (hole 0 {:hash_depth=>0, :method_arg=>true}))) :scheduled_check=
    (hole 0 {:hash_depth=>0, :method_arg=>true}))
  (send
    (begin
      (send
        (hole 0 {:hash_depth=>0, :limit_depth=>true, :recv=>true}) :-
        (hole 0 {:hash_depth=>0, :method_arg=>true}))) :scheduled_check)
  (begin
    (send
      (begin
        (send
          (hole 0 {:hash_depth=>0, :limit_depth=>true, :recv=>true}) :-
          (hole 0 {:hash_depth=>0, :method_arg=>true}))) :save))
  (send
    (begin
      (send
        (hole 0 {:hash_depth=>0, :limit_depth=>true, :recv=>true}) :-
        (hole 0 {:hash_depth=>0, :method_arg=>true}))) :otp_required_for_login=
    (hole 0 {:hash_depth=>0, :method_arg=>true}))
  (send
    (begin
      (send
        (hole 0 {:hash_depth=>0, :limit_depth=>true, :recv=>true}) :-
        (hole 0 {:hash_depth=>0, :method_arg=>true}))) :otp_required_for_login)
  (send
    (begin
      (send
        (hole 0 {:hash_depth=>0, :limit_depth=>true, :recv=>true}) :-
        (hole 0 {:hash_depth=>0, :method_arg=>true}))) :admin=
    (hole 0 {:hash_depth=>0, :method_arg=>true}))
  (send
    (begin
      (send
        (hole 0 {:hash_depth=>0, :limit_depth=>true, :recv=>true}) :-
        (hole 0 {:hash_depth=>0, :method_arg=>true}))) :admin)
  (send
    (begin
      (send
        (hole 0 {:hash_depth=>0, :limit_depth=>true, :recv=>true}) :-
        (hole 0 {:hash_depth=>0, :method_arg=>true}))) :staged=
    (hole 0 {:hash_depth=>0, :method_arg=>true}))
  (send
    (begin
      (send
        (hole 0 {:hash_depth=>0, :limit_depth=>true, :recv=>true}) :-
        (hole 0 {:hash_depth=>0, :method_arg=>true}))) :staged)
  (send
    (begin
      (send
        (hole 0 {:hash_depth=>0, :limit_depth=>true, :recv=>true}) :-
        (hole 0 {:hash_depth=>0, :method_arg=>true}))) :active=
    (hole 0 {:hash_depth=>0, :method_arg=>true}))
  (send
    (begin
      (send
        (hole 0 {:hash_depth=>0, :limit_depth=>true, :recv=>true}) :-
        (hole 0 {:hash_depth=>0, :method_arg=>true}))) :active)
  (send
    (begin
      (send
        (hole 0 {:hash_depth=>0, :limit_depth=>true, :recv=>true}) :-
        (hole 0 {:hash_depth=>0, :method_arg=>true}))) :primary=
    (hole 0 {:hash_depth=>0, :method_arg=>true}))
  (send
    (begin
      (send
        (hole 0 {:hash_depth=>0, :limit_depth=>true, :recv=>true}) :-
        (hole 0 {:hash_depth=>0, :method_arg=>true}))) :primary)
  (send
    (begin
      (send
        (hole 0 {:hash_depth=>0, :limit_depth=>true, :recv=>true}) :-
        (hole 0 {:hash_depth=>0, :method_arg=>true}))) :moderator=
    (hole 0 {:hash_depth=>0, :method_arg=>true}))
  (send
    (begin
      (send
        (hole 0 {:hash_depth=>0, :limit_depth=>true, :recv=>true}) :-
        (hole 0 {:hash_depth=>0, :method_arg=>true}))) :moderator)
  (begin
    (send
      (begin
        (send
          (hole 0 {:hash_depth=>0, :limit_depth=>true, :recv=>true}) :-
          (hole 0 {:hash_depth=>0, :method_arg=>true}))) :-
      (hole 0 {:hash_depth=>0, :method_arg=>true})))
  (begin
    (send
      (begin
        (send
          (hole 0 {:hash_depth=>0, :limit_depth=>true, :recv=>true}) :-
          (hole 0 {:hash_depth=>0, :method_arg=>true}))) :-
      (hole 0 {:hash_depth=>0, :method_arg=>true})))
  (begin
    (send
      (begin
        (send
          (hole 0 {:hash_depth=>0, :limit_depth=>true, :recv=>true}) :-
          (hole 0 {:hash_depth=>0, :method_arg=>true}))) :-
      (hole 0 {:hash_depth=>0, :method_arg=>true})))
  (send
    (begin
      (send
        (hole 0 {:hash_depth=>0, :limit_depth=>true, :recv=>true}) :count)) :confirmed=
    (hole 0 {:hash_depth=>0, :method_arg=>true}))
  (send
    (begin
      (send
        (hole 0 {:hash_depth=>0, :limit_depth=>true, :recv=>true}) :count)) :confirmed)
  (send
    (begin
      (send
        (hole 0 {:hash_depth=>0, :limit_depth=>true, :recv=>true}) :count)) :expired=
    (hole 0 {:hash_depth=>0, :method_arg=>true}))
  (send
    (begin
      (send
        (hole 0 {:hash_depth=>0, :limit_depth=>true, :recv=>true}) :count)) :expired)
  (send
    (begin
      (send
        (hole 0 {:hash_depth=>0, :limit_depth=>true, :recv=>true}) :count)) :discoverable=
    (hole 0 {:hash_depth=>0, :method_arg=>true}))
  (send
    (begin
      (send
        (hole 0 {:hash_depth=>0, :limit_depth=>true, :recv=>true}) :count)) :discoverable)
  (send
    (begin
      (send
        (hole 0 {:hash_depth=>0, :limit_depth=>true, :recv=>true}) :count)) :scheduled_check=
    (hole 0 {:hash_depth=>0, :method_arg=>true}))
  (send
    (begin
      (send
        (hole 0 {:hash_depth=>0, :limit_depth=>true, :recv=>true}) :count)) :scheduled_check)
  (begin
    (send
      (begin
        (send
          (hole 0 {:hash_depth=>0, :limit_depth=>true, :recv=>true}) :count)) :save))
  (send
    (begin
      (send
        (hole 0 {:hash_depth=>0, :limit_depth=>true, :recv=>true}) :count)) :otp_required_for_login=
    (hole 0 {:hash_depth=>0, :method_arg=>true}))
  (send
    (begin
      (send
        (hole 0 {:hash_depth=>0, :limit_depth=>true, :recv=>true}) :count)) :otp_required_for_login)
  (send
    (begin
      (send
        (hole 0 {:hash_depth=>0, :limit_depth=>true, :recv=>true}) :count)) :admin=
    (hole 0 {:hash_depth=>0, :method_arg=>true}))
  (send
    (begin
      (send
        (hole 0 {:hash_depth=>0, :limit_depth=>true, :recv=>true}) :count)) :admin)
  (send
    (begin
      (send
        (hole 0 {:hash_depth=>0, :limit_depth=>true, :recv=>true}) :count)) :staged=
    (hole 0 {:hash_depth=>0, :method_arg=>true}))
  (send
    (begin
      (send
        (hole 0 {:hash_depth=>0, :limit_depth=>true, :recv=>true}) :count)) :staged)
  (send
    (begin
      (send
        (hole 0 {:hash_depth=>0, :limit_depth=>true, :recv=>true}) :count)) :active=
    (hole 0 {:hash_depth=>0, :method_arg=>true}))
  (send
    (begin
      (send
        (hole 0 {:hash_depth=>0, :limit_depth=>true, :recv=>true}) :count)) :active)
  (send
    (begin
      (send
        (hole 0 {:hash_depth=>0, :limit_depth=>true, :recv=>true}) :count)) :primary=
    (hole 0 {:hash_depth=>0, :method_arg=>true}))
  (send
    (begin
      (send
        (hole 0 {:hash_depth=>0, :limit_depth=>true, :recv=>true}) :count)) :primary)
  (send
    (begin
      (send
        (hole 0 {:hash_depth=>0, :limit_depth=>true, :recv=>true}) :count)) :moderator=
    (hole 0 {:hash_depth=>0, :method_arg=>true}))
  (send
    (begin
      (send
        (hole 0 {:hash_depth=>0, :limit_depth=>true, :recv=>true}) :count)) :moderator)
  (begin
    (send
      (begin
        (send
          (hole 0 {:hash_depth=>0, :limit_depth=>true, :recv=>true}) :count)) :-
      (hole 0 {:hash_depth=>0, :method_arg=>true})))
  (begin
    (send
      (begin
        (send
          (hole 0 {:hash_depth=>0, :limit_depth=>true, :recv=>true}) :count)) :-
      (hole 0 {:hash_depth=>0, :method_arg=>true})))
  (begin
    (send
      (begin
        (send
          (hole 0 {:hash_depth=>0, :limit_depth=>true, :recv=>true}) :count)) :-
      (hole 0 {:hash_depth=>0, :method_arg=>true})))
  (send
    (begin
      (send
        (hole 0 {:hash_depth=>0, :limit_depth=>true, :recv=>true}) :-
        (hole 0 {:hash_depth=>0, :method_arg=>true}))) :confirmed=
    (hole 0 {:hash_depth=>0, :method_arg=>true}))
  (send
    (begin
      (send
        (hole 0 {:hash_depth=>0, :limit_depth=>true, :recv=>true}) :-
        (hole 0 {:hash_depth=>0, :method_arg=>true}))) :confirmed)
  (send
    (begin
      (send
        (hole 0 {:hash_depth=>0, :limit_depth=>true, :recv=>true}) :-
        (hole 0 {:hash_depth=>0, :method_arg=>true}))) :expired=
    (hole 0 {:hash_depth=>0, :method_arg=>true}))
  (send
    (begin
      (send
        (hole 0 {:hash_depth=>0, :limit_depth=>true, :recv=>true}) :-
        (hole 0 {:hash_depth=>0, :method_arg=>true}))) :expired)
  (send
    (begin
      (send
        (hole 0 {:hash_depth=>0, :limit_depth=>true, :recv=>true}) :-
        (hole 0 {:hash_depth=>0, :method_arg=>true}))) :discoverable=
    (hole 0 {:hash_depth=>0, :method_arg=>true}))
  (send
    (begin
      (send
        (hole 0 {:hash_depth=>0, :limit_depth=>true, :recv=>true}) :-
        (hole 0 {:hash_depth=>0, :method_arg=>true}))) :discoverable)
  (send
    (begin
      (send
        (hole 0 {:hash_depth=>0, :limit_depth=>true, :recv=>true}) :-
        (hole 0 {:hash_depth=>0, :method_arg=>true}))) :scheduled_check=
    (hole 0 {:hash_depth=>0, :method_arg=>true}))
  (send
    (begin
      (send
        (hole 0 {:hash_depth=>0, :limit_depth=>true, :recv=>true}) :-
        (hole 0 {:hash_depth=>0, :method_arg=>true}))) :scheduled_check)
  (begin
    (send
      (begin
        (send
          (hole 0 {:hash_depth=>0, :limit_depth=>true, :recv=>true}) :-
          (hole 0 {:hash_depth=>0, :method_arg=>true}))) :save))
  (send
    (begin
      (send
        (hole 0 {:hash_depth=>0, :limit_depth=>true, :recv=>true}) :-
        (hole 0 {:hash_depth=>0, :method_arg=>true}))) :otp_required_for_login=
    (hole 0 {:hash_depth=>0, :method_arg=>true}))
  (send
    (begin
      (send
        (hole 0 {:hash_depth=>0, :limit_depth=>true, :recv=>true}) :-
        (hole 0 {:hash_depth=>0, :method_arg=>true}))) :otp_required_for_login)
  (send
    (begin
      (send
        (hole 0 {:hash_depth=>0, :limit_depth=>true, :recv=>true}) :-
        (hole 0 {:hash_depth=>0, :method_arg=>true}))) :admin=
    (hole 0 {:hash_depth=>0, :method_arg=>true}))
  (send
    (begin
      (send
        (hole 0 {:hash_depth=>0, :limit_depth=>true, :recv=>true}) :-
        (hole 0 {:hash_depth=>0, :method_arg=>true}))) :admin)
  (send
    (begin
      (send
        (hole 0 {:hash_depth=>0, :limit_depth=>true, :recv=>true}) :-
        (hole 0 {:hash_depth=>0, :method_arg=>true}))) :staged=
    (hole 0 {:hash_depth=>0, :method_arg=>true}))
  (send
    (begin
      (send
        (hole 0 {:hash_depth=>0, :limit_depth=>true, :recv=>true}) :-
        (hole 0 {:hash_depth=>0, :method_arg=>true}))) :staged)
  (send
    (begin
      (send
        (hole 0 {:hash_depth=>0, :limit_depth=>true, :recv=>true}) :-
        (hole 0 {:hash_depth=>0, :method_arg=>true}))) :active=
    (hole 0 {:hash_depth=>0, :method_arg=>true}))
  (send
    (begin
      (send
        (hole 0 {:hash_depth=>0, :limit_depth=>true, :recv=>true}) :-
        (hole 0 {:hash_depth=>0, :method_arg=>true}))) :active)
  (send
    (begin
      (send
        (hole 0 {:hash_depth=>0, :limit_depth=>true, :recv=>true}) :-
        (hole 0 {:hash_depth=>0, :method_arg=>true}))) :primary=
    (hole 0 {:hash_depth=>0, :method_arg=>true}))
  (send
    (begin
      (send
        (hole 0 {:hash_depth=>0, :limit_depth=>true, :recv=>true}) :-
        (hole 0 {:hash_depth=>0, :method_arg=>true}))) :primary)
  (send
    (begin
      (send
        (hole 0 {:hash_depth=>0, :limit_depth=>true, :recv=>true}) :-
        (hole 0 {:hash_depth=>0, :method_arg=>true}))) :moderator=
    (hole 0 {:hash_depth=>0, :method_arg=>true}))
  (send
    (begin
      (send
        (hole 0 {:hash_depth=>0, :limit_depth=>true, :recv=>true}) :-
        (hole 0 {:hash_depth=>0, :method_arg=>true}))) :moderator)
  (begin
    (send
      (begin
        (send
          (hole 0 {:hash_depth=>0, :limit_depth=>true, :recv=>true}) :-
          (hole 0 {:hash_depth=>0, :method_arg=>true}))) :-
      (hole 0 {:hash_depth=>0, :method_arg=>true})))
  (begin
    (send
      (begin
        (send
          (hole 0 {:hash_depth=>0, :limit_depth=>true, :recv=>true}) :-
          (hole 0 {:hash_depth=>0, :method_arg=>true}))) :-
      (hole 0 {:hash_depth=>0, :method_arg=>true})))
  (begin
    (send
      (begin
        (send
          (hole 0 {:hash_depth=>0, :limit_depth=>true, :recv=>true}) :-
          (hole 0 {:hash_depth=>0, :method_arg=>true}))) :-
      (hole 0 {:hash_depth=>0, :method_arg=>true})))
  (begin
    (send
      (begin
        (send
          (hole 0 {:hash_depth=>0, :limit_depth=>true, :recv=>true}) :save)) :count))
  (begin
    (send
      (begin
        (send
          (hole 0 {:hash_depth=>0, :limit_depth=>true, :recv=>true}) :save)) :-
      (hole 0 {:hash_depth=>0, :method_arg=>true})))
  (begin
    (send
      (begin
        (send
          (hole 0 {:hash_depth=>0, :limit_depth=>true, :recv=>true}) :save)) :save))
  (hole 3 {:hash_depth=>0, :method_arg=>false, :variance=>:+}) {:method_arg=>false})
BASETYPE: true or false
SIZE WORK_LIST: 0
SIZE generated: 85
EVALUABLE#: 0

-------------------------

----------------
TTYPES
true or false
true or false
true or false

PROGS

LOCAL_COUNT: 6
GLOBAL_COUNT: 75

BASE_AFTER:
(send
  (begin
    (send
      (filled-hole
        (lvar InvitationCode(id: integer, token: string, diaspora_user_id: integer, count: integer)) {:method_arg=>false}) :count)) :confirmed=
  (filled-hole
    (true)
    (false)
    (hole 1 {:hash_depth=>0, :method_arg=>true, :variance=>:+}) {:method_arg=>true}))
BASETYPE: true or false
SIZE WORK_LIST: 84
SIZE generated: 3
EVALUABLE#: 2

-------------------------

----------------
TTYPES
true or false

PROGS

LOCAL_COUNT: 7
GLOBAL_COUNT: 76

BASE_AFTER:
(send
  (begin
    (send
      (filled-hole
        (lvar InvitationCode(id: integer, token: string, diaspora_user_id: integer, count: integer)) {:method_arg=>false}) :count)) :confirmed)
BASETYPE: true or false
SIZE WORK_LIST: 84
SIZE generated: 1
EVALUABLE#: 1

-------------------------

----------------
TTYPES
true or false
true or false
true or false

PROGS

LOCAL_COUNT: 8
GLOBAL_COUNT: 77

BASE_AFTER:
(send
  (begin
    (send
      (filled-hole
        (lvar InvitationCode(id: integer, token: string, diaspora_user_id: integer, count: integer)) {:method_arg=>false}) :count)) :expired=
  (filled-hole
    (true)
    (false)
    (hole 1 {:hash_depth=>0, :method_arg=>true, :variance=>:+}) {:method_arg=>true}))
BASETYPE: true or false
SIZE WORK_LIST: 83
SIZE generated: 3
EVALUABLE#: 2

-------------------------

----------------
TTYPES
true or false

PROGS

LOCAL_COUNT: 9
GLOBAL_COUNT: 78

BASE_AFTER:
(send
  (begin
    (send
      (filled-hole
        (lvar InvitationCode(id: integer, token: string, diaspora_user_id: integer, count: integer)) {:method_arg=>false}) :count)) :expired)
BASETYPE: true or false
SIZE WORK_LIST: 83
SIZE generated: 1
EVALUABLE#: 1

-------------------------

----------------
TTYPES
true or false
true or false
Integer
Integer
Integer
String
%bot

PROGS

LOCAL_COUNT: 1
GLOBAL_COUNT: 1

BASE_AFTER:
(filled-hole
  (true)
  (false)
  (int 0)
  (int 1)
  (int 2)
  (str "")
  (hole 1 {:hash_depth=>0, :method_arg=>false, :variance=>:-}) {:method_arg=>false})
BASETYPE: %bot
SIZE WORK_LIST: 0
SIZE generated: 7
EVALUABLE#: 6

-------------------------

----------------
TTYPES
true or false
true or false

PROGS

LOCAL_COUNT: 2
GLOBAL_COUNT: 2

BASE_AFTER:
(true)
BASETYPE: true or false
SIZE WORK_LIST: 6
SIZE generated: 2
EVALUABLE#: 0

-------------------------

----------------
TTYPES
true or false
true or false

PROGS

LOCAL_COUNT: 3
GLOBAL_COUNT: 3

BASE_AFTER:
(false)
BASETYPE: true or false
SIZE WORK_LIST: 7
SIZE generated: 2
EVALUABLE#: 0

-------------------------

----------------
TTYPES
Integer
Integer

PROGS

LOCAL_COUNT: 4
GLOBAL_COUNT: 4

BASE_AFTER:
(int 0)
BASETYPE: Integer
SIZE WORK_LIST: 8
SIZE generated: 2
EVALUABLE#: 0

-------------------------

----------------
TTYPES
Integer
Integer

PROGS

LOCAL_COUNT: 5
GLOBAL_COUNT: 5

BASE_AFTER:
(int 1)
BASETYPE: Integer
SIZE WORK_LIST: 9
SIZE generated: 2
EVALUABLE#: 0

-------------------------

----------------
TTYPES
Integer
Integer

PROGS

LOCAL_COUNT: 6
GLOBAL_COUNT: 6

BASE_AFTER:
(int 2)
BASETYPE: Integer
SIZE WORK_LIST: 10
SIZE generated: 2
EVALUABLE#: 0

-------------------------

----------------
TTYPES
String
String

PROGS

LOCAL_COUNT: 7
GLOBAL_COUNT: 7

BASE_AFTER:
(str "")
BASETYPE: String
SIZE WORK_LIST: 11
SIZE generated: 2
EVALUABLE#: 0

-------------------------

----------------
TTYPES
%bot

PROGS

LOCAL_COUNT: 8
GLOBAL_COUNT: 8

BASE_AFTER:
(filled-hole
  (begin
    (send
      (hole 0 {:hash_depth=>0, :limit_depth=>true, :recv=>true}) :-
      (hole 0 {:hash_depth=>0, :method_arg=>true})))
  (begin
    (send
      (hole 0 {:hash_depth=>0, :limit_depth=>true, :recv=>true}) :count))
  (begin
    (send
      (hole 0 {:hash_depth=>0, :limit_depth=>true, :recv=>true}) :-
      (hole 0 {:hash_depth=>0, :method_arg=>true})))
  (hole 2 {:hash_depth=>0, :method_arg=>false, :variance=>:-}) {:method_arg=>false})
BASETYPE: %bot
SIZE WORK_LIST: 12
SIZE generated: 1
EVALUABLE#: 0

-------------------------

----------------
TTYPES
true or false
true or false
true or false
true or false

PROGS

LOCAL_COUNT: 9
GLOBAL_COUNT: 9

BASE_AFTER:
(begin
  (send
    (hole 0 {:hash_depth=>0, :limit_depth=>true, :recv=>true}) :count=
    (hole 0 {:hash_depth=>0, :method_arg=>true}))
  (true))
BASETYPE: true or false
SIZE WORK_LIST: 12
SIZE generated: 4
EVALUABLE#: 3

-------------------------

----------------
TTYPES
true or false

PROGS

LOCAL_COUNT: 10
GLOBAL_COUNT: 10

BASE_AFTER:
(begin
  (send
    (hole 0 {:hash_depth=>0, :limit_depth=>true, :recv=>true}) :diaspora_user=
    (hole 0 {:hash_depth=>0, :method_arg=>true}))
  (true))
BASETYPE: true or false
SIZE WORK_LIST: 14
SIZE generated: 1
EVALUABLE#: 0

-------------------------

----------------
TTYPES
true or false
true or false
true or false
true or false

PROGS

LOCAL_COUNT: 11
GLOBAL_COUNT: 11

BASE_AFTER:
(begin
  (send
    (hole 0 {:hash_depth=>0, :limit_depth=>true, :recv=>true}) :count=
    (hole 0 {:hash_depth=>0, :method_arg=>true}))
  (false))
BASETYPE: true or false
SIZE WORK_LIST: 14
SIZE generated: 4
EVALUABLE#: 3

-------------------------

----------------
TTYPES
true or false

PROGS

LOCAL_COUNT: 12
GLOBAL_COUNT: 12

BASE_AFTER:
(begin
  (send
    (hole 0 {:hash_depth=>0, :limit_depth=>true, :recv=>true}) :diaspora_user=
    (hole 0 {:hash_depth=>0, :method_arg=>true}))
  (false))
BASETYPE: true or false
SIZE WORK_LIST: 16
SIZE generated: 1
EVALUABLE#: 0

-------------------------

----------------
TTYPES
Integer
Integer
Integer
Integer
Integer

PROGS

LOCAL_COUNT: 13
GLOBAL_COUNT: 13

BASE_AFTER:
(begin
  (send
    (hole 0 {:hash_depth=>0, :limit_depth=>true, :recv=>true}) :count=
    (hole 0 {:hash_depth=>0, :method_arg=>true}))
  (int 0))
BASETYPE: Integer
SIZE WORK_LIST: 16
SIZE generated: 5
EVALUABLE#: 4

-------------------------

----------------
TTYPES
Integer

PROGS

LOCAL_COUNT: 14
GLOBAL_COUNT: 14

BASE_AFTER:
(begin
  (send
    (hole 0 {:hash_depth=>0, :limit_depth=>true, :recv=>true}) :diaspora_user=
    (hole 0 {:hash_depth=>0, :method_arg=>true}))
  (int 0))
BASETYPE: Integer
SIZE WORK_LIST: 19
SIZE generated: 1
EVALUABLE#: 0

-------------------------

----------------
TTYPES
Integer
Integer
Integer
Integer
Integer

PROGS

LOCAL_COUNT: 15
GLOBAL_COUNT: 15

BASE_AFTER:
(begin
  (send
    (hole 0 {:hash_depth=>0, :limit_depth=>true, :recv=>true}) :count=
    (hole 0 {:hash_depth=>0, :method_arg=>true}))
  (int 1))
BASETYPE: Integer
SIZE WORK_LIST: 19
SIZE generated: 5
EVALUABLE#: 4

-------------------------

----------------
TTYPES
Integer

PROGS

LOCAL_COUNT: 16
GLOBAL_COUNT: 16

BASE_AFTER:
(begin
  (send
    (hole 0 {:hash_depth=>0, :limit_depth=>true, :recv=>true}) :diaspora_user=
    (hole 0 {:hash_depth=>0, :method_arg=>true}))
  (int 1))
BASETYPE: Integer
SIZE WORK_LIST: 22
SIZE generated: 1
EVALUABLE#: 0

-------------------------

----------------
TTYPES
Integer
Integer
Integer
Integer
Integer

PROGS

LOCAL_COUNT: 17
GLOBAL_COUNT: 17

BASE_AFTER:
(begin
  (send
    (hole 0 {:hash_depth=>0, :limit_depth=>true, :recv=>true}) :count=
    (hole 0 {:hash_depth=>0, :method_arg=>true}))
  (int 2))
BASETYPE: Integer
SIZE WORK_LIST: 22
SIZE generated: 5
EVALUABLE#: 4

-------------------------

----------------
TTYPES
Integer

PROGS

LOCAL_COUNT: 18
GLOBAL_COUNT: 18

BASE_AFTER:
(begin
  (send
    (hole 0 {:hash_depth=>0, :limit_depth=>true, :recv=>true}) :diaspora_user=
    (hole 0 {:hash_depth=>0, :method_arg=>true}))
  (int 2))
BASETYPE: Integer
SIZE WORK_LIST: 24
SIZE generated: 1
EVALUABLE#: 0

-------------------------

----------------
TTYPES
String
String
String
String

PROGS

LOCAL_COUNT: 19
GLOBAL_COUNT: 19

BASE_AFTER:
(begin
  (send
    (hole 0 {:hash_depth=>0, :limit_depth=>true, :recv=>true}) :count=
    (hole 0 {:hash_depth=>0, :method_arg=>true}))
  (str ""))
BASETYPE: String
SIZE WORK_LIST: 24
SIZE generated: 4
EVALUABLE#: 3

-------------------------

----------------
TTYPES
String

PROGS

LOCAL_COUNT: 20
GLOBAL_COUNT: 20

BASE_AFTER:
(begin
  (send
    (hole 0 {:hash_depth=>0, :limit_depth=>true, :recv=>true}) :diaspora_user=
    (hole 0 {:hash_depth=>0, :method_arg=>true}))
  (str ""))
BASETYPE: String
SIZE WORK_LIST: 26
SIZE generated: 1
EVALUABLE#: 0

-------------------------

----------------
TTYPES
true or false
true or false

PROGS

LOCAL_COUNT: 21
GLOBAL_COUNT: 21

BASE_AFTER:
(begin
  (send
    (lvar :arg0) :count=
    (int 0))
  (true))
BASETYPE: true or false
SIZE WORK_LIST: 26
SIZE generated: 2
EVALUABLE#: 0

-------------------------

----------------
TTYPES
true or false
true or false

PROGS

LOCAL_COUNT: 22
GLOBAL_COUNT: 22

BASE_AFTER:
(begin
  (send
    (lvar :arg0) :count=
    (int 1))
  (true))
BASETYPE: true or false
SIZE WORK_LIST: 27
SIZE generated: 2
EVALUABLE#: 0

-------------------------

----------------
TTYPES
true or false
true or false

PROGS

LOCAL_COUNT: 23
GLOBAL_COUNT: 23

BASE_AFTER:
(begin
  (send
    (lvar :arg0) :count=
    (int 0))
  (false))
BASETYPE: true or false
SIZE WORK_LIST: 28
SIZE generated: 2
EVALUABLE#: 0

-------------------------

----------------
TTYPES
true or false
true or false

PROGS

LOCAL_COUNT: 24
GLOBAL_COUNT: 24

BASE_AFTER:
(begin
  (send
    (lvar :arg0) :count=
    (int 1))
  (false))
BASETYPE: true or false
SIZE WORK_LIST: 29
SIZE generated: 2
EVALUABLE#: 0

-------------------------

----------------
TTYPES
Integer
Integer

PROGS

LOCAL_COUNT: 25
GLOBAL_COUNT: 25

BASE_AFTER:
(begin
  (send
    (lvar :arg0) :count=
    (int 0))
  (int 0))
BASETYPE: Integer
SIZE WORK_LIST: 30
SIZE generated: 2
EVALUABLE#: 0

-------------------------

----------------
TTYPES
Integer
Integer

PROGS

LOCAL_COUNT: 26
GLOBAL_COUNT: 26

BASE_AFTER:
(begin
  (send
    (lvar :arg0) :count=
    (int 1))
  (int 0))
BASETYPE: Integer
SIZE WORK_LIST: 31
SIZE generated: 2
EVALUABLE#: 0

-------------------------

----------------
TTYPES
Integer
Integer

PROGS

LOCAL_COUNT: 27
GLOBAL_COUNT: 27

BASE_AFTER:
(begin
  (lvasgn :t0
    (int 0))
  (send
    (lvar :arg0) :count=
    (lvar :t0))
  (lvar :t0))
BASETYPE: Integer
SIZE WORK_LIST: 32
SIZE generated: 2
EVALUABLE#: 0

-------------------------

----------------
TTYPES
Integer
Integer

PROGS

LOCAL_COUNT: 28
GLOBAL_COUNT: 28

BASE_AFTER:
(begin
  (send
    (lvar :arg0) :count=
    (int 0))
  (int 1))
BASETYPE: Integer
SIZE WORK_LIST: 33
SIZE generated: 2
EVALUABLE#: 0

-------------------------

----------------
TTYPES
Integer
Integer

PROGS

LOCAL_COUNT: 29
GLOBAL_COUNT: 29

BASE_AFTER:
(begin
  (send
    (lvar :arg0) :count=
    (int 1))
  (int 1))
BASETYPE: Integer
SIZE WORK_LIST: 34
SIZE generated: 2
EVALUABLE#: 0

-------------------------

----------------
TTYPES
Integer
Integer

PROGS

LOCAL_COUNT: 30
GLOBAL_COUNT: 30

BASE_AFTER:
(begin
  (lvasgn :t0
    (int 1))
  (send
    (lvar :arg0) :count=
    (lvar :t0))
  (lvar :t0))
BASETYPE: Integer
SIZE WORK_LIST: 35
SIZE generated: 2
EVALUABLE#: 0

-------------------------

----------------
TTYPES
Integer
Integer

PROGS

LOCAL_COUNT: 31
GLOBAL_COUNT: 31

BASE_AFTER:
(begin
  (send
    (lvar :arg0) :count=
    (int 0))
  (int 2))
BASETYPE: Integer
SIZE WORK_LIST: 36
SIZE generated: 2
EVALUABLE#: 0

-------------------------

----------------
TTYPES
Integer
Integer

PROGS

LOCAL_COUNT: 32
GLOBAL_COUNT: 32

BASE_AFTER:
(begin
  (send
    (lvar :arg0) :count=
    (int 1))
  (int 2))
BASETYPE: Integer
SIZE WORK_LIST: 37
SIZE generated: 2
EVALUABLE#: 0

-------------------------

----------------
TTYPES
String
String

PROGS

LOCAL_COUNT: 33
GLOBAL_COUNT: 33

BASE_AFTER:
(begin
  (send
    (lvar :arg0) :count=
    (int 0))
  (str ""))
BASETYPE: String
SIZE WORK_LIST: 38
SIZE generated: 2
EVALUABLE#: 0

-------------------------

----------------
TTYPES
String
String

PROGS

LOCAL_COUNT: 34
GLOBAL_COUNT: 34

BASE_AFTER:
(begin
  (send
    (lvar :arg0) :count=
    (int 1))
  (str ""))
BASETYPE: String
SIZE WORK_LIST: 39
SIZE generated: 2
EVALUABLE#: 0

-------------------------

----------------
TTYPES
Integer
Integer
Integer
Integer
Integer
Integer
Integer
Integer
Integer
%bot

PROGS

LOCAL_COUNT: 35
GLOBAL_COUNT: 35

BASE_AFTER:
(filled-hole
  (begin
    (send
      (send
        (hole 0 {:hash_depth=>0, :limit_depth=>true, :recv=>true}) :id=
        (hole 0 {:hash_depth=>0, :method_arg=>true})) :-
      (hole 0 {:hash_depth=>0, :method_arg=>true})))
  (begin
    (send
      (send
        (hole 0 {:hash_depth=>0, :limit_depth=>true, :recv=>true}) :id=
        (hole 0 {:hash_depth=>0, :method_arg=>true})) :-
      (hole 0 {:hash_depth=>0, :method_arg=>true})))
  (begin
    (send
      (send
        (hole 0 {:hash_depth=>0, :limit_depth=>true, :recv=>true}) :id=
        (hole 0 {:hash_depth=>0, :method_arg=>true})) :count))
  (begin
    (send
      (send
        (hole 0 {:hash_depth=>0, :limit_depth=>true, :recv=>true}) :id) :-
      (hole 0 {:hash_depth=>0, :method_arg=>true})))
  (begin
    (send
      (send
        (hole 0 {:hash_depth=>0, :limit_depth=>true, :recv=>true}) :id) :-
      (hole 0 {:hash_depth=>0, :method_arg=>true})))
  (begin
    (send
      (send
        (hole 0 {:hash_depth=>0, :limit_depth=>true, :recv=>true}) :id) :count))
  (begin
    (send
      (send
        (hole 0 {:hash_depth=>0, :limit_depth=>true, :recv=>true}) :token=
        (hole 0 {:hash_depth=>0, :method_arg=>true})) :count))
  (begin
    (send
      (send
        (hole 0 {:hash_depth=>0, :limit_depth=>true, :recv=>true}) :token=
        (hole 0 {:hash_depth=>0, :method_arg=>true})) :-
      (hole 0 {:hash_depth=>0, :method_arg=>true})))
  (begin
    (send
      (send
        (hole 0 {:hash_depth=>0, :limit_depth=>true, :recv=>true}) :token) :count))
  (begin
    (send
      (send
        (hole 0 {:hash_depth=>0, :limit_depth=>true, :recv=>true}) :token) :-
      (hole 0 {:hash_depth=>0, :method_arg=>true})))
  (begin
    (send
      (send
        (hole 0 {:hash_depth=>0, :limit_depth=>true, :recv=>true}) :diaspora_user_id=
        (hole 0 {:hash_depth=>0, :method_arg=>true})) :-
      (hole 0 {:hash_depth=>0, :method_arg=>true})))
  (begin
    (send
      (send
        (hole 0 {:hash_depth=>0, :limit_depth=>true, :recv=>true}) :diaspora_user_id=
        (hole 0 {:hash_depth=>0, :method_arg=>true})) :-
      (hole 0 {:hash_depth=>0, :method_arg=>true})))
  (begin
    (send
      (send
        (hole 0 {:hash_depth=>0, :limit_depth=>true, :recv=>true}) :diaspora_user_id=
        (hole 0 {:hash_depth=>0, :method_arg=>true})) :count))
  (begin
    (send
      (send
        (hole 0 {:hash_depth=>0, :limit_depth=>true, :recv=>true}) :diaspora_user_id) :-
      (hole 0 {:hash_depth=>0, :method_arg=>true})))
  (begin
    (send
      (send
        (hole 0 {:hash_depth=>0, :limit_depth=>true, :recv=>true}) :diaspora_user_id) :-
      (hole 0 {:hash_depth=>0, :method_arg=>true})))
  (begin
    (send
      (send
        (hole 0 {:hash_depth=>0, :limit_depth=>true, :recv=>true}) :diaspora_user_id) :count))
  (begin
    (send
      (send
        (hole 0 {:hash_depth=>0, :limit_depth=>true, :recv=>true}) :count=
        (hole 0 {:hash_depth=>0, :method_arg=>true})) :-
      (hole 0 {:hash_depth=>0, :method_arg=>true})))
  (begin
    (send
      (send
        (hole 0 {:hash_depth=>0, :limit_depth=>true, :recv=>true}) :count=
        (hole 0 {:hash_depth=>0, :method_arg=>true})) :-
      (hole 0 {:hash_depth=>0, :method_arg=>true})))
  (begin
    (send
      (send
        (hole 0 {:hash_depth=>0, :limit_depth=>true, :recv=>true}) :count=
        (hole 0 {:hash_depth=>0, :method_arg=>true})) :count))
  (begin
    (send
      (begin
        (send
          (hole 0 {:hash_depth=>0, :limit_depth=>true, :recv=>true}) :count)) :-
      (hole 0 {:hash_depth=>0, :method_arg=>true})))
  (begin
    (send
      (begin
        (send
          (hole 0 {:hash_depth=>0, :limit_depth=>true, :recv=>true}) :count)) :-
      (hole 0 {:hash_depth=>0, :method_arg=>true})))
  (begin
    (send
      (begin
        (send
          (hole 0 {:hash_depth=>0, :limit_depth=>true, :recv=>true}) :count)) :count))
  (begin
    (send
      (send
        (hole 0 {:hash_depth=>0, :limit_depth=>true, :recv=>true}) :diaspora_user) :count))
  (begin
    (send
      (send
        (hole 0 {:hash_depth=>0, :limit_depth=>true, :recv=>true}) :diaspora_user) :-
      (hole 0 {:hash_depth=>0, :method_arg=>true})))
  (begin
    (send
      (send
        (hole 0 {:hash_depth=>0, :limit_depth=>true, :recv=>true}) :diaspora_user=
        (hole 0 {:hash_depth=>0, :method_arg=>true})) :count))
  (begin
    (send
      (send
        (hole 0 {:hash_depth=>0, :limit_depth=>true, :recv=>true}) :diaspora_user=
        (hole 0 {:hash_depth=>0, :method_arg=>true})) :-
      (hole 0 {:hash_depth=>0, :method_arg=>true})))
  (begin
    (send
      (begin
        (send
          (hole 0 {:hash_depth=>0, :limit_depth=>true, :recv=>true}) :-
          (hole 0 {:hash_depth=>0, :method_arg=>true}))) :-
      (hole 0 {:hash_depth=>0, :method_arg=>true})))
  (begin
    (send
      (begin
        (send
          (hole 0 {:hash_depth=>0, :limit_depth=>true, :recv=>true}) :-
          (hole 0 {:hash_depth=>0, :method_arg=>true}))) :-
      (hole 0 {:hash_depth=>0, :method_arg=>true})))
  (begin
    (send
      (begin
        (send
          (hole 0 {:hash_depth=>0, :limit_depth=>true, :recv=>true}) :save)) :count))
  (begin
    (send
      (begin
        (send
          (hole 0 {:hash_depth=>0, :limit_depth=>true, :recv=>true}) :save)) :-
      (hole 0 {:hash_depth=>0, :method_arg=>true})))
  (begin
    (send
      (begin
        (send
          (hole 0 {:hash_depth=>0, :limit_depth=>true, :recv=>true}) :count)) :-
      (hole 0 {:hash_depth=>0, :method_arg=>true})))
  (begin
    (send
      (begin
        (send
          (hole 0 {:hash_depth=>0, :limit_depth=>true, :recv=>true}) :count)) :-
      (hole 0 {:hash_depth=>0, :method_arg=>true})))
  (begin
    (send
      (begin
        (send
          (hole 0 {:hash_depth=>0, :limit_depth=>true, :recv=>true}) :-
          (hole 0 {:hash_depth=>0, :method_arg=>true}))) :-
      (hole 0 {:hash_depth=>0, :method_arg=>true})))
  (begin
    (send
      (begin
        (send
          (hole 0 {:hash_depth=>0, :limit_depth=>true, :recv=>true}) :-
          (hole 0 {:hash_depth=>0, :method_arg=>true}))) :-
      (hole 0 {:hash_depth=>0, :method_arg=>true})))
  (begin
    (send
      (begin
        (send
          (hole 0 {:hash_depth=>0, :limit_depth=>true, :recv=>true}) :save)) :count))
  (begin
    (send
      (begin
        (send
          (hole 0 {:hash_depth=>0, :limit_depth=>true, :recv=>true}) :save)) :-
      (hole 0 {:hash_depth=>0, :method_arg=>true})))
  (hole 3 {:hash_depth=>0, :method_arg=>false, :variance=>:-}) {:method_arg=>false})
BASETYPE: %bot
SIZE WORK_LIST: 40
SIZE generated: 10
EVALUABLE#: 0

-------------------------

----------------
TTYPES
Integer
Integer
Integer
Integer
Integer
Integer
Integer
Integer
Integer
Integer
Integer
Integer
Integer
Integer
Integer
Integer
Integer
Integer
Integer
Integer
Integer
Integer
Integer
Integer
Integer
Integer
Integer
Integer
Integer
Integer
Integer
Integer
Integer
Integer
Integer
Integer

PROGS

LOCAL_COUNT: 36
GLOBAL_COUNT: 36

BASE_AFTER:
(begin
  (send
    (begin
      (send
        (filled-hole
          (lvar :arg0) {:method_arg=>false}) :-
        (filled-hole
          (lvar :arg0)
          (lvar InvitationCode(id: integer, token: string, diaspora_user_id: integer, count: integer))
          (true)
          (false)
          (int 0)
          (int 1)
          (int 2)
          (str "")
          (hole 1 {:hash_depth=>0, :method_arg=>true, :variance=>:+}) {:method_arg=>true}))) :-
    (filled-hole
      (int 0)
      (int 1)
      (int 2)
      (hole 1 {:hash_depth=>0, :method_arg=>true, :variance=>:+}) {:method_arg=>true})))
BASETYPE: Integer
SIZE WORK_LIST: 49
SIZE generated: 36
EVALUABLE#: 24

-------------------------

----------------
TTYPES
Integer
Integer
Integer
Integer
Integer
Integer
Integer
Integer
Integer
Integer
Integer
Integer
Integer
Integer
Integer
Integer
Integer
Integer
Integer
Integer
Integer
Integer
Integer
Integer
Integer
Integer
Integer
Integer
Integer
Integer
Integer
Integer
Integer
Integer
Integer
Integer

PROGS

LOCAL_COUNT: 37
GLOBAL_COUNT: 37

BASE_AFTER:
(begin
  (send
    (begin
      (send
        (filled-hole
          (lvar InvitationCode(id: integer, token: string, diaspora_user_id: integer, count: integer)) {:method_arg=>false}) :-
        (filled-hole
          (lvar :arg0)
          (lvar InvitationCode(id: integer, token: string, diaspora_user_id: integer, count: integer))
          (true)
          (false)
          (int 0)
          (int 1)
          (int 2)
          (str "")
          (hole 1 {:hash_depth=>0, :method_arg=>true, :variance=>:+}) {:method_arg=>true}))) :-
    (filled-hole
      (int 0)
      (int 1)
      (int 2)
      (hole 1 {:hash_depth=>0, :method_arg=>true, :variance=>:+}) {:method_arg=>true})))
BASETYPE: Integer
SIZE WORK_LIST: 60
SIZE generated: 36
EVALUABLE#: 24

-------------------------

----------------
TTYPES
Integer
Integer
Integer
Integer

PROGS

LOCAL_COUNT: 38
GLOBAL_COUNT: 38

BASE_AFTER:
(begin
  (send
    (begin
      (send
        (filled-hole
          (lvar InvitationCode(id: integer, token: string, diaspora_user_id: integer, count: integer)) {:method_arg=>false}) :count)) :-
    (filled-hole
      (int 0)
      (int 1)
      (int 2)
      (hole 1 {:hash_depth=>0, :method_arg=>true, :variance=>:+}) {:method_arg=>true})))
BASETYPE: Integer
SIZE WORK_LIST: 71
SIZE generated: 4
EVALUABLE#: 3

-------------------------

----------------
TTYPES
true or false
true or false
true or false
true or false
true or false
true or false
true or false
true or false
true or false
true or false
true or false

PROGS

LOCAL_COUNT: 39
GLOBAL_COUNT: 39

BASE_AFTER:
(begin
  (send
    (lvar :arg0) :count=
    (hole 1 {:hash_depth=>0, :method_arg=>true, :variance=>:+}))
  (true))
BASETYPE: true or false
SIZE WORK_LIST: 74
SIZE generated: 11
EVALUABLE#: 0

-------------------------

----------------
TTYPES
Integer
Integer

PROGS

LOCAL_COUNT: 40
GLOBAL_COUNT: 40

BASE_AFTER:
(begin
  (send
    (begin
      (send
        (lvar InvitationCode(id: integer, token: string, diaspora_user_id: integer, count: integer)) :count)) :-
    (int 0)))
BASETYPE: Integer
SIZE WORK_LIST: 84
SIZE generated: 2
EVALUABLE#: 0

-------------------------

----------------
TTYPES
Integer
Integer

PROGS

LOCAL_COUNT: 41
GLOBAL_COUNT: 41

BASE_AFTER:
(begin
  (send
    (begin
      (send
        (lvar InvitationCode(id: integer, token: string, diaspora_user_id: integer, count: integer)) :count)) :-
    (int 1)))
BASETYPE: Integer
SIZE WORK_LIST: 85
SIZE generated: 2
EVALUABLE#: 0

-------------------------

----------------
TTYPES
Integer
Integer

PROGS

LOCAL_COUNT: 42
GLOBAL_COUNT: 42

BASE_AFTER:
(begin
  (send
    (begin
      (send
        (lvar InvitationCode(id: integer, token: string, diaspora_user_id: integer, count: integer)) :count)) :-
    (int 2)))
BASETYPE: Integer
SIZE WORK_LIST: 86
SIZE generated: 2
EVALUABLE#: 0

-------------------------

----------------
TTYPES
true or false

PROGS

LOCAL_COUNT: 43
GLOBAL_COUNT: 43

BASE_AFTER:
(begin
  (send
    (lvar :arg0) :count=
    (begin
      (send
        (hole 0 {:hash_depth=>0, :limit_depth=>true, :recv=>true}) :count)))
  (true))
BASETYPE: true or false
SIZE WORK_LIST: 87
SIZE generated: 1
EVALUABLE#: 1

-------------------------

----------------
TTYPES
true or false
true or false
true or false
true or false
true or false
true or false

PROGS

LOCAL_COUNT: 44
GLOBAL_COUNT: 44

BASE_AFTER:
(begin
  (send
    (lvar :arg0) :diaspora_user=
    (hole 1 {:hash_depth=>0, :method_arg=>true, :variance=>:+}))
  (true))
BASETYPE: true or false
SIZE WORK_LIST: 87
SIZE generated: 6
EVALUABLE#: 0

-------------------------

----------------
TTYPES
true or false
true or false

PROGS

LOCAL_COUNT: 45
GLOBAL_COUNT: 45

BASE_AFTER:
(begin
  (send
    (lvar :arg0) :count=
    (begin
      (send
        (lvar InvitationCode(id: integer, token: string, diaspora_user_id: integer, count: integer)) :count)))
  (true))
BASETYPE: true or false
SIZE WORK_LIST: 92
SIZE generated: 2
EVALUABLE#: 0

-------------------------

----------------
TTYPES
true or false

PROGS

LOCAL_COUNT: 46
GLOBAL_COUNT: 46

BASE_AFTER:
(begin
  (send
    (lvar :arg0) :diaspora_user=
    (begin
      (send
        (hole 0 {:hash_depth=>0, :limit_depth=>true, :recv=>true}) :count)))
  (true))
BASETYPE: true or false
SIZE WORK_LIST: 93
SIZE generated: 1
EVALUABLE#: 1

-------------------------

----------------
TTYPES
true or false
true or false
true or false
true or false
true or false
true or false
true or false
true or false
true or false
true or false
true or false

PROGS

LOCAL_COUNT: 47
GLOBAL_COUNT: 47

BASE_AFTER:
(begin
  (send
    (lvar :arg0) :count=
    (hole 1 {:hash_depth=>0, :method_arg=>true, :variance=>:+}))
  (false))
BASETYPE: true or false
SIZE WORK_LIST: 92
SIZE generated: 11
EVALUABLE#: 0

-------------------------

----------------
TTYPES
true or false

PROGS

LOCAL_COUNT: 48
GLOBAL_COUNT: 48

BASE_AFTER:
(begin
  (send
    (lvar :arg0) :count=
    (begin
      (send
        (hole 0 {:hash_depth=>0, :limit_depth=>true, :recv=>true}) :count)))
  (false))
BASETYPE: true or false
SIZE WORK_LIST: 102
SIZE generated: 1
EVALUABLE#: 1

-------------------------

----------------
TTYPES
true or false
true or false
true or false
true or false
true or false
true or false

PROGS

LOCAL_COUNT: 49
GLOBAL_COUNT: 49

BASE_AFTER:
(begin
  (send
    (lvar :arg0) :diaspora_user=
    (hole 1 {:hash_depth=>0, :method_arg=>true, :variance=>:+}))
  (false))
BASETYPE: true or false
SIZE WORK_LIST: 102
SIZE generated: 6
EVALUABLE#: 0

-------------------------

----------------
TTYPES
true or false
true or false

PROGS

LOCAL_COUNT: 50
GLOBAL_COUNT: 50

BASE_AFTER:
(begin
  (send
    (lvar :arg0) :count=
    (begin
      (send
        (lvar InvitationCode(id: integer, token: string, diaspora_user_id: integer, count: integer)) :count)))
  (false))
BASETYPE: true or false
SIZE WORK_LIST: 107
SIZE generated: 2
EVALUABLE#: 0

-------------------------

----------------
TTYPES
true or false

PROGS

LOCAL_COUNT: 51
GLOBAL_COUNT: 51

BASE_AFTER:
(begin
  (send
    (lvar :arg0) :diaspora_user=
    (begin
      (send
        (hole 0 {:hash_depth=>0, :limit_depth=>true, :recv=>true}) :count)))
  (false))
BASETYPE: true or false
SIZE WORK_LIST: 108
SIZE generated: 1
EVALUABLE#: 1

-------------------------

----------------
TTYPES
Integer
Integer
Integer
Integer
Integer
Integer
Integer
Integer
Integer
Integer
Integer

PROGS

LOCAL_COUNT: 52
GLOBAL_COUNT: 52

BASE_AFTER:
(begin
  (send
    (lvar :arg0) :count=
    (hole 1 {:hash_depth=>0, :method_arg=>true, :variance=>:+}))
  (int 0))
BASETYPE: Integer
SIZE WORK_LIST: 107
SIZE generated: 11
EVALUABLE#: 0

-------------------------

----------------
TTYPES
Integer

PROGS

LOCAL_COUNT: 53
GLOBAL_COUNT: 53

BASE_AFTER:
(begin
  (send
    (lvar :arg0) :count=
    (begin
      (send
        (hole 0 {:hash_depth=>0, :limit_depth=>true, :recv=>true}) :count)))
  (int 0))
BASETYPE: Integer
SIZE WORK_LIST: 117
SIZE generated: 1
EVALUABLE#: 1

-------------------------

----------------
TTYPES
Integer
Integer
Integer
Integer
Integer
Integer

PROGS

LOCAL_COUNT: 54
GLOBAL_COUNT: 54

BASE_AFTER:
(begin
  (send
    (lvar :arg0) :diaspora_user=
    (hole 1 {:hash_depth=>0, :method_arg=>true, :variance=>:+}))
  (int 0))
BASETYPE: Integer
SIZE WORK_LIST: 117
SIZE generated: 6
EVALUABLE#: 0

-------------------------

----------------
TTYPES
Integer
Integer

PROGS

LOCAL_COUNT: 55
GLOBAL_COUNT: 55

BASE_AFTER:
(begin
  (send
    (lvar :arg0) :count=
    (begin
      (send
        (lvar InvitationCode(id: integer, token: string, diaspora_user_id: integer, count: integer)) :count)))
  (int 0))
BASETYPE: Integer
SIZE WORK_LIST: 122
SIZE generated: 2
EVALUABLE#: 0

-------------------------

----------------
TTYPES
Integer

PROGS

LOCAL_COUNT: 56
GLOBAL_COUNT: 56

BASE_AFTER:
(begin
  (send
    (lvar :arg0) :diaspora_user=
    (begin
      (send
        (hole 0 {:hash_depth=>0, :limit_depth=>true, :recv=>true}) :count)))
  (int 0))
BASETYPE: Integer
SIZE WORK_LIST: 123
SIZE generated: 1
EVALUABLE#: 1

-------------------------

----------------
TTYPES
Integer
Integer
Integer
Integer
Integer
Integer
Integer
Integer
Integer
Integer
Integer

PROGS

LOCAL_COUNT: 57
GLOBAL_COUNT: 57

BASE_AFTER:
(begin
  (send
    (lvar :arg0) :count=
    (hole 1 {:hash_depth=>0, :method_arg=>true, :variance=>:+}))
  (int 1))
BASETYPE: Integer
SIZE WORK_LIST: 122
SIZE generated: 11
EVALUABLE#: 0

-------------------------

----------------
TTYPES
Integer

PROGS

LOCAL_COUNT: 58
GLOBAL_COUNT: 58

BASE_AFTER:
(begin
  (send
    (lvar :arg0) :count=
    (begin
      (send
        (hole 0 {:hash_depth=>0, :limit_depth=>true, :recv=>true}) :count)))
  (int 1))
BASETYPE: Integer
SIZE WORK_LIST: 132
SIZE generated: 1
EVALUABLE#: 1

-------------------------

----------------
TTYPES
Integer
Integer
Integer
Integer
Integer
Integer

PROGS

LOCAL_COUNT: 59
GLOBAL_COUNT: 59

BASE_AFTER:
(begin
  (send
    (lvar :arg0) :diaspora_user=
    (hole 1 {:hash_depth=>0, :method_arg=>true, :variance=>:+}))
  (int 1))
BASETYPE: Integer
SIZE WORK_LIST: 132
SIZE generated: 6
EVALUABLE#: 0

-------------------------

----------------
TTYPES
Integer
Integer

PROGS

LOCAL_COUNT: 60
GLOBAL_COUNT: 60

BASE_AFTER:
(begin
  (send
    (lvar :arg0) :count=
    (begin
      (send
        (lvar InvitationCode(id: integer, token: string, diaspora_user_id: integer, count: integer)) :count)))
  (int 1))
BASETYPE: Integer
SIZE WORK_LIST: 137
SIZE generated: 2
EVALUABLE#: 0

-------------------------

----------------
TTYPES
true or false
true or false
Integer
Integer
Integer
String
%bot

PROGS

LOCAL_COUNT: 1
GLOBAL_COUNT: 61

BASE_AFTER:
(filled-hole
  (true)
  (false)
  (int 0)
  (int 1)
  (int 2)
  (str "")
  (hole 1 {:hash_depth=>0, :method_arg=>false, :variance=>:-}) {:method_arg=>false})
BASETYPE: %bot
SIZE WORK_LIST: 0
SIZE generated: 7
EVALUABLE#: 6

-------------------------

----------------
TTYPES
true or false
true or false

PROGS

LOCAL_COUNT: 2
GLOBAL_COUNT: 62

BASE_AFTER:
(true)
BASETYPE: true or false
SIZE WORK_LIST: 6
SIZE generated: 2
EVALUABLE#: 0

-------------------------

----------------
TTYPES
true or false
true or false

PROGS

LOCAL_COUNT: 3
GLOBAL_COUNT: 63

BASE_AFTER:
(false)
BASETYPE: true or false
SIZE WORK_LIST: 7
SIZE generated: 2
EVALUABLE#: 0

-------------------------

----------------
TTYPES
Integer
Integer

PROGS

LOCAL_COUNT: 4
GLOBAL_COUNT: 64

BASE_AFTER:
(int 0)
BASETYPE: Integer
SIZE WORK_LIST: 8
SIZE generated: 2
EVALUABLE#: 0

-------------------------

----------------
TTYPES
Integer
Integer

PROGS

LOCAL_COUNT: 5
GLOBAL_COUNT: 65

BASE_AFTER:
(int 1)
BASETYPE: Integer
SIZE WORK_LIST: 9
SIZE generated: 2
EVALUABLE#: 0

-------------------------

----------------
TTYPES
Integer
Integer

PROGS

LOCAL_COUNT: 6
GLOBAL_COUNT: 66

BASE_AFTER:
(int 2)
BASETYPE: Integer
SIZE WORK_LIST: 10
SIZE generated: 2
EVALUABLE#: 0

-------------------------

----------------
TTYPES
String
String

PROGS

LOCAL_COUNT: 7
GLOBAL_COUNT: 67

BASE_AFTER:
(str "")
BASETYPE: String
SIZE WORK_LIST: 11
SIZE generated: 2
EVALUABLE#: 0

-------------------------

----------------
TTYPES
%bot

PROGS

LOCAL_COUNT: 8
GLOBAL_COUNT: 68

BASE_AFTER:
(filled-hole
  (hole 2 {:hash_depth=>0, :method_arg=>false, :variance=>:-}) {:method_arg=>false})
BASETYPE: %bot
SIZE WORK_LIST: 12
SIZE generated: 1
EVALUABLE#: 0

-------------------------

----------------
TTYPES
true or false
true or false
true or false
true or false

PROGS

LOCAL_COUNT: 9
GLOBAL_COUNT: 69

BASE_AFTER:
(begin
  (send
    (hole 0 {:hash_depth=>0, :limit_depth=>true, :recv=>true}) :count=
    (hole 0 {:hash_depth=>0, :method_arg=>true}))
  (true))
BASETYPE: true or false
SIZE WORK_LIST: 12
SIZE generated: 4
EVALUABLE#: 3

-------------------------

----------------
TTYPES
true or false

PROGS

LOCAL_COUNT: 1
GLOBAL_COUNT: 70

BASE_AFTER:
(filled-hole
  (hole 1 {:hash_depth=>0, :method_arg=>false, :variance=>:+}) {:method_arg=>false})
BASETYPE: true or false
SIZE WORK_LIST: 0
SIZE generated: 1
EVALUABLE#: 0

-------------------------

----------------
TTYPES
true or false
true or false
true or false

PROGS

LOCAL_COUNT: 2
GLOBAL_COUNT: 71

BASE_AFTER:
(filled-hole
  (begin
    (send
      (hole 0 {:hash_depth=>0, :limit_depth=>true, :recv=>true}) :-
      (hole 0 {:hash_depth=>0, :method_arg=>true})))
  (begin
    (send
      (hole 0 {:hash_depth=>0, :limit_depth=>true, :recv=>true}) :save))
  (begin
    (send
      (hole 0 {:hash_depth=>0, :limit_depth=>true, :recv=>true}) :count))
  (begin
    (send
      (hole 0 {:hash_depth=>0, :limit_depth=>true, :recv=>true}) :-
      (hole 0 {:hash_depth=>0, :method_arg=>true})))
  (begin
    (send
      (hole 0 {:hash_depth=>0, :limit_depth=>true, :recv=>true}) :save))
  (hole 2 {:hash_depth=>0, :method_arg=>false, :variance=>:+}) {:method_arg=>false})
BASETYPE: true or false
SIZE WORK_LIST: 0
SIZE generated: 3
EVALUABLE#: 0

-------------------------

----------------
TTYPES
true or false

PROGS

LOCAL_COUNT: 3
GLOBAL_COUNT: 72

BASE_AFTER:
(begin
  (send
    (filled-hole
      (lvar :arg0) {:method_arg=>false}) :save))
BASETYPE: true or false
SIZE WORK_LIST: 2
SIZE generated: 1
EVALUABLE#: 1

-------------------------

----------------
TTYPES
true or false

PROGS

LOCAL_COUNT: 4
GLOBAL_COUNT: 73

BASE_AFTER:
(begin
  (send
    (filled-hole
      (lvar InvitationCode(id: integer, token: string, diaspora_user_id: integer, count: integer)) {:method_arg=>false}) :save))
BASETYPE: true or false
SIZE WORK_LIST: 1
SIZE generated: 1
EVALUABLE#: 1

-------------------------

----------------
TTYPES
Integer
true or false
Integer
true or false
true or false
true or false
Integer
true or false
Integer
true or false
Integer
true or false
Integer
true or false
true or false
true or false
true or false
true or false
true or false
true or false
true or false
true or false
true or false
true or false
true or false
false or true
true or false
true or false
true or false
true or false
true or false
true or false
true or false
true or false
true or false
true or false
true or false
true or false
Integer
true or false
true or false
true or false
true or false
true or false
true or false
true or false
true or false
false or true
true or false
true or false
true or false
true or false
true or false
true or false
true or false
true or false
true or false
true or false
true or false
true or false
Integer
true or false
true or false
true or false
true or false
true or false
true or false
true or false
true or false
false or true
true or false
true or false
true or false
true or false
true or false
true or false
true or false
true or false
true or false
true or false
true or false
true or false
Integer
true or false
true or false

PROGS

LOCAL_COUNT: 5
GLOBAL_COUNT: 74

BASE_AFTER:
(filled-hole
  (begin
    (send
      (send
        (hole 0 {:hash_depth=>0, :limit_depth=>true, :recv=>true}) :id=
        (hole 0 {:hash_depth=>0, :method_arg=>true})) :-
      (hole 0 {:hash_depth=>0, :method_arg=>true})))
  (begin
    (send
      (send
        (hole 0 {:hash_depth=>0, :limit_depth=>true, :recv=>true}) :id=
        (hole 0 {:hash_depth=>0, :method_arg=>true})) :-
      (hole 0 {:hash_depth=>0, :method_arg=>true})))
  (begin
    (send
      (send
        (hole 0 {:hash_depth=>0, :limit_depth=>true, :recv=>true}) :id=
        (hole 0 {:hash_depth=>0, :method_arg=>true})) :-
      (hole 0 {:hash_depth=>0, :method_arg=>true})))
  (begin
    (send
      (send
        (hole 0 {:hash_depth=>0, :limit_depth=>true, :recv=>true}) :id=
        (hole 0 {:hash_depth=>0, :method_arg=>true})) :count))
  (begin
    (send
      (send
        (hole 0 {:hash_depth=>0, :limit_depth=>true, :recv=>true}) :id=
        (hole 0 {:hash_depth=>0, :method_arg=>true})) :save))
  (begin
    (send
      (send
        (hole 0 {:hash_depth=>0, :limit_depth=>true, :recv=>true}) :id) :-
      (hole 0 {:hash_depth=>0, :method_arg=>true})))
  (begin
    (send
      (send
        (hole 0 {:hash_depth=>0, :limit_depth=>true, :recv=>true}) :id) :-
      (hole 0 {:hash_depth=>0, :method_arg=>true})))
  (begin
    (send
      (send
        (hole 0 {:hash_depth=>0, :limit_depth=>true, :recv=>true}) :id) :-
      (hole 0 {:hash_depth=>0, :method_arg=>true})))
  (begin
    (send
      (send
        (hole 0 {:hash_depth=>0, :limit_depth=>true, :recv=>true}) :id) :count))
  (begin
    (send
      (send
        (hole 0 {:hash_depth=>0, :limit_depth=>true, :recv=>true}) :id) :save))
  (begin
    (send
      (send
        (hole 0 {:hash_depth=>0, :limit_depth=>true, :recv=>true}) :token=
        (hole 0 {:hash_depth=>0, :method_arg=>true})) :count))
  (begin
    (send
      (send
        (hole 0 {:hash_depth=>0, :limit_depth=>true, :recv=>true}) :token=
        (hole 0 {:hash_depth=>0, :method_arg=>true})) :-
      (hole 0 {:hash_depth=>0, :method_arg=>true})))
  (begin
    (send
      (send
        (hole 0 {:hash_depth=>0, :limit_depth=>true, :recv=>true}) :token=
        (hole 0 {:hash_depth=>0, :method_arg=>true})) :save))
  (begin
    (send
      (send
        (hole 0 {:hash_depth=>0, :limit_depth=>true, :recv=>true}) :token) :count))
  (begin
    (send
      (send
        (hole 0 {:hash_depth=>0, :limit_depth=>true, :recv=>true}) :token) :-
      (hole 0 {:hash_depth=>0, :method_arg=>true})))
  (begin
    (send
      (send
        (hole 0 {:hash_depth=>0, :limit_depth=>true, :recv=>true}) :token) :save))
  (begin
    (send
      (send
        (hole 0 {:hash_depth=>0, :limit_depth=>true, :recv=>true}) :diaspora_user_id=
        (hole 0 {:hash_depth=>0, :method_arg=>true})) :-
      (hole 0 {:hash_depth=>0, :method_arg=>true})))
  (begin
    (send
      (send
        (hole 0 {:hash_depth=>0, :limit_depth=>true, :recv=>true}) :diaspora_user_id=
        (hole 0 {:hash_depth=>0, :method_arg=>true})) :-
      (hole 0 {:hash_depth=>0, :method_arg=>true})))
  (begin
    (send
      (send
        (hole 0 {:hash_depth=>0, :limit_depth=>true, :recv=>true}) :diaspora_user_id=
        (hole 0 {:hash_depth=>0, :method_arg=>true})) :-
      (hole 0 {:hash_depth=>0, :method_arg=>true})))
  (begin
    (send
      (send
        (hole 0 {:hash_depth=>0, :limit_depth=>true, :recv=>true}) :diaspora_user_id=
        (hole 0 {:hash_depth=>0, :method_arg=>true})) :count))
  (begin
    (send
      (send
        (hole 0 {:hash_depth=>0, :limit_depth=>true, :recv=>true}) :diaspora_user_id=
        (hole 0 {:hash_depth=>0, :method_arg=>true})) :save))
  (begin
    (send
      (send
        (hole 0 {:hash_depth=>0, :limit_depth=>true, :recv=>true}) :diaspora_user_id) :-
      (hole 0 {:hash_depth=>0, :method_arg=>true})))
  (begin
    (send
      (send
        (hole 0 {:hash_depth=>0, :limit_depth=>true, :recv=>true}) :diaspora_user_id) :-
      (hole 0 {:hash_depth=>0, :method_arg=>true})))
  (begin
    (send
      (send
        (hole 0 {:hash_depth=>0, :limit_depth=>true, :recv=>true}) :diaspora_user_id) :-
      (hole 0 {:hash_depth=>0, :method_arg=>true})))
  (begin
    (send
      (send
        (hole 0 {:hash_depth=>0, :limit_depth=>true, :recv=>true}) :diaspora_user_id) :count))
  (begin
    (send
      (send
        (hole 0 {:hash_depth=>0, :limit_depth=>true, :recv=>true}) :diaspora_user_id) :save))
  (begin
    (send
      (send
        (hole 0 {:hash_depth=>0, :limit_depth=>true, :recv=>true}) :count=
        (hole 0 {:hash_depth=>0, :method_arg=>true})) :-
      (hole 0 {:hash_depth=>0, :method_arg=>true})))
  (begin
    (send
      (send
        (hole 0 {:hash_depth=>0, :limit_depth=>true, :recv=>true}) :count=
        (hole 0 {:hash_depth=>0, :method_arg=>true})) :-
      (hole 0 {:hash_depth=>0, :method_arg=>true})))
  (begin
    (send
      (send
        (hole 0 {:hash_depth=>0, :limit_depth=>true, :recv=>true}) :count=
        (hole 0 {:hash_depth=>0, :method_arg=>true})) :-
      (hole 0 {:hash_depth=>0, :method_arg=>true})))
  (begin
    (send
      (send
        (hole 0 {:hash_depth=>0, :limit_depth=>true, :recv=>true}) :count=
        (hole 0 {:hash_depth=>0, :method_arg=>true})) :count))
  (begin
    (send
      (send
        (hole 0 {:hash_depth=>0, :limit_depth=>true, :recv=>true}) :count=
        (hole 0 {:hash_depth=>0, :method_arg=>true})) :save))
  (begin
    (send
      (begin
        (send
          (hole 0 {:hash_depth=>0, :limit_depth=>true, :recv=>true}) :count)) :-
      (hole 0 {:hash_depth=>0, :method_arg=>true})))
  (begin
    (send
      (begin
        (send
          (hole 0 {:hash_depth=>0, :limit_depth=>true, :recv=>true}) :count)) :-
      (hole 0 {:hash_depth=>0, :method_arg=>true})))
  (begin
    (send
      (begin
        (send
          (hole 0 {:hash_depth=>0, :limit_depth=>true, :recv=>true}) :count)) :-
      (hole 0 {:hash_depth=>0, :method_arg=>true})))
  (begin
    (send
      (begin
        (send
          (hole 0 {:hash_depth=>0, :limit_depth=>true, :recv=>true}) :count)) :-
      (hole 0 {:hash_depth=>0, :method_arg=>true})))
  (begin
    (send
      (begin
        (send
          (hole 0 {:hash_depth=>0, :limit_depth=>true, :recv=>true}) :count)) :-
      (hole 0 {:hash_depth=>0, :method_arg=>true})))
  (begin
    (send
      (begin
        (send
          (hole 0 {:hash_depth=>0, :limit_depth=>true, :recv=>true}) :count)) :-
      (hole 0 {:hash_depth=>0, :method_arg=>true})))
  (begin
    (send
      (begin
        (send
          (hole 0 {:hash_depth=>0, :limit_depth=>true, :recv=>true}) :count)) :count))
  (begin
    (send
      (begin
        (send
          (hole 0 {:hash_depth=>0, :limit_depth=>true, :recv=>true}) :count)) :count))
  (begin
    (send
      (begin
        (send
          (hole 0 {:hash_depth=>0, :limit_depth=>true, :recv=>true}) :count)) :save))
  (begin
    (send
      (begin
        (send
          (hole 0 {:hash_depth=>0, :limit_depth=>true, :recv=>true}) :count)) :save))
  (begin
    (send
      (send
        (hole 0 {:hash_depth=>0, :limit_depth=>true, :recv=>true}) :diaspora_user) :count))
  (begin
    (send
      (send
        (hole 0 {:hash_depth=>0, :limit_depth=>true, :recv=>true}) :diaspora_user) :-
      (hole 0 {:hash_depth=>0, :method_arg=>true})))
  (begin
    (send
      (send
        (hole 0 {:hash_depth=>0, :limit_depth=>true, :recv=>true}) :diaspora_user) :save))
  (begin
    (send
      (send
        (hole 0 {:hash_depth=>0, :limit_depth=>true, :recv=>true}) :diaspora_user=
        (hole 0 {:hash_depth=>0, :method_arg=>true})) :count))
  (begin
    (send
      (send
        (hole 0 {:hash_depth=>0, :limit_depth=>true, :recv=>true}) :diaspora_user=
        (hole 0 {:hash_depth=>0, :method_arg=>true})) :-
      (hole 0 {:hash_depth=>0, :method_arg=>true})))
  (begin
    (send
      (send
        (hole 0 {:hash_depth=>0, :limit_depth=>true, :recv=>true}) :diaspora_user=
        (hole 0 {:hash_depth=>0, :method_arg=>true})) :save))
  (begin
    (send
      (begin
        (send
          (hole 0 {:hash_depth=>0, :limit_depth=>true, :recv=>true}) :save)) :count))
  (begin
    (send
      (begin
        (send
          (hole 0 {:hash_depth=>0, :limit_depth=>true, :recv=>true}) :save)) :-
      (hole 0 {:hash_depth=>0, :method_arg=>true})))
  (begin
    (send
      (begin
        (send
          (hole 0 {:hash_depth=>0, :limit_depth=>true, :recv=>true}) :save)) :save))
  (send
    (begin
      (send
        (hole 0 {:hash_depth=>0, :limit_depth=>true, :recv=>true}) :-
        (hole 0 {:hash_depth=>0, :method_arg=>true}))) :confirmed=
    (hole 0 {:hash_depth=>0, :method_arg=>true}))
  (send
    (begin
      (send
        (hole 0 {:hash_depth=>0, :limit_depth=>true, :recv=>true}) :-
        (hole 0 {:hash_depth=>0, :method_arg=>true}))) :confirmed)
  (send
    (begin
      (send
        (hole 0 {:hash_depth=>0, :limit_depth=>true, :recv=>true}) :-
        (hole 0 {:hash_depth=>0, :method_arg=>true}))) :expired=
    (hole 0 {:hash_depth=>0, :method_arg=>true}))
  (send
    (begin
      (send
        (hole 0 {:hash_depth=>0, :limit_depth=>true, :recv=>true}) :-
        (hole 0 {:hash_depth=>0, :method_arg=>true}))) :expired)
  (send
    (begin
      (send
        (hole 0 {:hash_depth=>0, :limit_depth=>true, :recv=>true}) :-
        (hole 0 {:hash_depth=>0, :method_arg=>true}))) :discoverable=
    (hole 0 {:hash_depth=>0, :method_arg=>true}))
  (send
    (begin
      (send
        (hole 0 {:hash_depth=>0, :limit_depth=>true, :recv=>true}) :-
        (hole 0 {:hash_depth=>0, :method_arg=>true}))) :discoverable)
  (send
    (begin
      (send
        (hole 0 {:hash_depth=>0, :limit_depth=>true, :recv=>true}) :-
        (hole 0 {:hash_depth=>0, :method_arg=>true}))) :scheduled_check=
    (hole 0 {:hash_depth=>0, :method_arg=>true}))
  (send
    (begin
      (send
        (hole 0 {:hash_depth=>0, :limit_depth=>true, :recv=>true}) :-
        (hole 0 {:hash_depth=>0, :method_arg=>true}))) :scheduled_check)
  (begin
    (send
      (begin
        (send
          (hole 0 {:hash_depth=>0, :limit_depth=>true, :recv=>true}) :-
          (hole 0 {:hash_depth=>0, :method_arg=>true}))) :save))
  (send
    (begin
      (send
        (hole 0 {:hash_depth=>0, :limit_depth=>true, :recv=>true}) :-
        (hole 0 {:hash_depth=>0, :method_arg=>true}))) :otp_required_for_login=
    (hole 0 {:hash_depth=>0, :method_arg=>true}))
  (send
    (begin
      (send
        (hole 0 {:hash_depth=>0, :limit_depth=>true, :recv=>true}) :-
        (hole 0 {:hash_depth=>0, :method_arg=>true}))) :otp_required_for_login)
  (send
    (begin
      (send
        (hole 0 {:hash_depth=>0, :limit_depth=>true, :recv=>true}) :-
        (hole 0 {:hash_depth=>0, :method_arg=>true}))) :admin=
    (hole 0 {:hash_depth=>0, :method_arg=>true}))
  (send
    (begin
      (send
        (hole 0 {:hash_depth=>0, :limit_depth=>true, :recv=>true}) :-
        (hole 0 {:hash_depth=>0, :method_arg=>true}))) :admin)
  (send
    (begin
      (send
        (hole 0 {:hash_depth=>0, :limit_depth=>true, :recv=>true}) :-
        (hole 0 {:hash_depth=>0, :method_arg=>true}))) :staged=
    (hole 0 {:hash_depth=>0, :method_arg=>true}))
  (send
    (begin
      (send
        (hole 0 {:hash_depth=>0, :limit_depth=>true, :recv=>true}) :-
        (hole 0 {:hash_depth=>0, :method_arg=>true}))) :staged)
  (send
    (begin
      (send
        (hole 0 {:hash_depth=>0, :limit_depth=>true, :recv=>true}) :-
        (hole 0 {:hash_depth=>0, :method_arg=>true}))) :active=
    (hole 0 {:hash_depth=>0, :method_arg=>true}))
  (send
    (begin
      (send
        (hole 0 {:hash_depth=>0, :limit_depth=>true, :recv=>true}) :-
        (hole 0 {:hash_depth=>0, :method_arg=>true}))) :active)
  (send
    (begin
      (send
        (hole 0 {:hash_depth=>0, :limit_depth=>true, :recv=>true}) :-
        (hole 0 {:hash_depth=>0, :method_arg=>true}))) :primary=
    (hole 0 {:hash_depth=>0, :method_arg=>true}))
  (send
    (begin
      (send
        (hole 0 {:hash_depth=>0, :limit_depth=>true, :recv=>true}) :-
        (hole 0 {:hash_depth=>0, :method_arg=>true}))) :primary)
  (send
    (begin
      (send
        (hole 0 {:hash_depth=>0, :limit_depth=>true, :recv=>true}) :-
        (hole 0 {:hash_depth=>0, :method_arg=>true}))) :moderator=
    (hole 0 {:hash_depth=>0, :method_arg=>true}))
  (send
    (begin
      (send
        (hole 0 {:hash_depth=>0, :limit_depth=>true, :recv=>true}) :-
        (hole 0 {:hash_depth=>0, :method_arg=>true}))) :moderator)
  (begin
    (send
      (begin
        (send
          (hole 0 {:hash_depth=>0, :limit_depth=>true, :recv=>true}) :-
          (hole 0 {:hash_depth=>0, :method_arg=>true}))) :-
      (hole 0 {:hash_depth=>0, :method_arg=>true})))
  (begin
    (send
      (begin
        (send
          (hole 0 {:hash_depth=>0, :limit_depth=>true, :recv=>true}) :-
          (hole 0 {:hash_depth=>0, :method_arg=>true}))) :-
      (hole 0 {:hash_depth=>0, :method_arg=>true})))
  (begin
    (send
      (begin
        (send
          (hole 0 {:hash_depth=>0, :limit_depth=>true, :recv=>true}) :-
          (hole 0 {:hash_depth=>0, :method_arg=>true}))) :-
      (hole 0 {:hash_depth=>0, :method_arg=>true})))
  (send
    (begin
      (send
        (hole 0 {:hash_depth=>0, :limit_depth=>true, :recv=>true}) :count)) :confirmed=
    (hole 0 {:hash_depth=>0, :method_arg=>true}))
  (send
    (begin
      (send
        (hole 0 {:hash_depth=>0, :limit_depth=>true, :recv=>true}) :count)) :confirmed)
  (send
    (begin
      (send
        (hole 0 {:hash_depth=>0, :limit_depth=>true, :recv=>true}) :count)) :expired=
    (hole 0 {:hash_depth=>0, :method_arg=>true}))
  (send
    (begin
      (send
        (hole 0 {:hash_depth=>0, :limit_depth=>true, :recv=>true}) :count)) :expired)
  (send
    (begin
      (send
        (hole 0 {:hash_depth=>0, :limit_depth=>true, :recv=>true}) :count)) :discoverable=
    (hole 0 {:hash_depth=>0, :method_arg=>true}))
  (send
    (begin
      (send
        (hole 0 {:hash_depth=>0, :limit_depth=>true, :recv=>true}) :count)) :discoverable)
  (send
    (begin
      (send
        (hole 0 {:hash_depth=>0, :limit_depth=>true, :recv=>true}) :count)) :scheduled_check=
    (hole 0 {:hash_depth=>0, :method_arg=>true}))
  (send
    (begin
      (send
        (hole 0 {:hash_depth=>0, :limit_depth=>true, :recv=>true}) :count)) :scheduled_check)
  (begin
    (send
      (begin
        (send
          (hole 0 {:hash_depth=>0, :limit_depth=>true, :recv=>true}) :count)) :save))
  (send
    (begin
      (send
        (hole 0 {:hash_depth=>0, :limit_depth=>true, :recv=>true}) :count)) :otp_required_for_login=
    (hole 0 {:hash_depth=>0, :method_arg=>true}))
  (send
    (begin
      (send
        (hole 0 {:hash_depth=>0, :limit_depth=>true, :recv=>true}) :count)) :otp_required_for_login)
  (send
    (begin
      (send
        (hole 0 {:hash_depth=>0, :limit_depth=>true, :recv=>true}) :count)) :admin=
    (hole 0 {:hash_depth=>0, :method_arg=>true}))
  (send
    (begin
      (send
        (hole 0 {:hash_depth=>0, :limit_depth=>true, :recv=>true}) :count)) :admin)
  (send
    (begin
      (send
        (hole 0 {:hash_depth=>0, :limit_depth=>true, :recv=>true}) :count)) :staged=
    (hole 0 {:hash_depth=>0, :method_arg=>true}))
  (send
    (begin
      (send
        (hole 0 {:hash_depth=>0, :limit_depth=>true, :recv=>true}) :count)) :staged)
  (send
    (begin
      (send
        (hole 0 {:hash_depth=>0, :limit_depth=>true, :recv=>true}) :count)) :active=
    (hole 0 {:hash_depth=>0, :method_arg=>true}))
  (send
    (begin
      (send
        (hole 0 {:hash_depth=>0, :limit_depth=>true, :recv=>true}) :count)) :active)
  (send
    (begin
      (send
        (hole 0 {:hash_depth=>0, :limit_depth=>true, :recv=>true}) :count)) :primary=
    (hole 0 {:hash_depth=>0, :method_arg=>true}))
  (send
    (begin
      (send
        (hole 0 {:hash_depth=>0, :limit_depth=>true, :recv=>true}) :count)) :primary)
  (send
    (begin
      (send
        (hole 0 {:hash_depth=>0, :limit_depth=>true, :recv=>true}) :count)) :moderator=
    (hole 0 {:hash_depth=>0, :method_arg=>true}))
  (send
    (begin
      (send
        (hole 0 {:hash_depth=>0, :limit_depth=>true, :recv=>true}) :count)) :moderator)
  (begin
    (send
      (begin
        (send
          (hole 0 {:hash_depth=>0, :limit_depth=>true, :recv=>true}) :count)) :-
      (hole 0 {:hash_depth=>0, :method_arg=>true})))
  (begin
    (send
      (begin
        (send
          (hole 0 {:hash_depth=>0, :limit_depth=>true, :recv=>true}) :count)) :-
      (hole 0 {:hash_depth=>0, :method_arg=>true})))
  (begin
    (send
      (begin
        (send
          (hole 0 {:hash_depth=>0, :limit_depth=>true, :recv=>true}) :count)) :-
      (hole 0 {:hash_depth=>0, :method_arg=>true})))
  (send
    (begin
      (send
        (hole 0 {:hash_depth=>0, :limit_depth=>true, :recv=>true}) :-
        (hole 0 {:hash_depth=>0, :method_arg=>true}))) :confirmed=
    (hole 0 {:hash_depth=>0, :method_arg=>true}))
  (send
    (begin
      (send
        (hole 0 {:hash_depth=>0, :limit_depth=>true, :recv=>true}) :-
        (hole 0 {:hash_depth=>0, :method_arg=>true}))) :confirmed)
  (send
    (begin
      (send
        (hole 0 {:hash_depth=>0, :limit_depth=>true, :recv=>true}) :-
        (hole 0 {:hash_depth=>0, :method_arg=>true}))) :expired=
    (hole 0 {:hash_depth=>0, :method_arg=>true}))
  (send
    (begin
      (send
        (hole 0 {:hash_depth=>0, :limit_depth=>true, :recv=>true}) :-
        (hole 0 {:hash_depth=>0, :method_arg=>true}))) :expired)
  (send
    (begin
      (send
        (hole 0 {:hash_depth=>0, :limit_depth=>true, :recv=>true}) :-
        (hole 0 {:hash_depth=>0, :method_arg=>true}))) :discoverable=
    (hole 0 {:hash_depth=>0, :method_arg=>true}))
  (send
    (begin
      (send
        (hole 0 {:hash_depth=>0, :limit_depth=>true, :recv=>true}) :-
        (hole 0 {:hash_depth=>0, :method_arg=>true}))) :discoverable)
  (send
    (begin
      (send
        (hole 0 {:hash_depth=>0, :limit_depth=>true, :recv=>true}) :-
        (hole 0 {:hash_depth=>0, :method_arg=>true}))) :scheduled_check=
    (hole 0 {:hash_depth=>0, :method_arg=>true}))
  (send
    (begin
      (send
        (hole 0 {:hash_depth=>0, :limit_depth=>true, :recv=>true}) :-
        (hole 0 {:hash_depth=>0, :method_arg=>true}))) :scheduled_check)
  (begin
    (send
      (begin
        (send
          (hole 0 {:hash_depth=>0, :limit_depth=>true, :recv=>true}) :-
          (hole 0 {:hash_depth=>0, :method_arg=>true}))) :save))
  (send
    (begin
      (send
        (hole 0 {:hash_depth=>0, :limit_depth=>true, :recv=>true}) :-
        (hole 0 {:hash_depth=>0, :method_arg=>true}))) :otp_required_for_login=
    (hole 0 {:hash_depth=>0, :method_arg=>true}))
  (send
    (begin
      (send
        (hole 0 {:hash_depth=>0, :limit_depth=>true, :recv=>true}) :-
        (hole 0 {:hash_depth=>0, :method_arg=>true}))) :otp_required_for_login)
  (send
    (begin
      (send
        (hole 0 {:hash_depth=>0, :limit_depth=>true, :recv=>true}) :-
        (hole 0 {:hash_depth=>0, :method_arg=>true}))) :admin=
    (hole 0 {:hash_depth=>0, :method_arg=>true}))
  (send
    (begin
      (send
        (hole 0 {:hash_depth=>0, :limit_depth=>true, :recv=>true}) :-
        (hole 0 {:hash_depth=>0, :method_arg=>true}))) :admin)
  (send
    (begin
      (send
        (hole 0 {:hash_depth=>0, :limit_depth=>true, :recv=>true}) :-
        (hole 0 {:hash_depth=>0, :method_arg=>true}))) :staged=
    (hole 0 {:hash_depth=>0, :method_arg=>true}))
  (send
    (begin
      (send
        (hole 0 {:hash_depth=>0, :limit_depth=>true, :recv=>true}) :-
        (hole 0 {:hash_depth=>0, :method_arg=>true}))) :staged)
  (send
    (begin
      (send
        (hole 0 {:hash_depth=>0, :limit_depth=>true, :recv=>true}) :-
        (hole 0 {:hash_depth=>0, :method_arg=>true}))) :active=
    (hole 0 {:hash_depth=>0, :method_arg=>true}))
  (send
    (begin
      (send
        (hole 0 {:hash_depth=>0, :limit_depth=>true, :recv=>true}) :-
        (hole 0 {:hash_depth=>0, :method_arg=>true}))) :active)
  (send
    (begin
      (send
        (hole 0 {:hash_depth=>0, :limit_depth=>true, :recv=>true}) :-
        (hole 0 {:hash_depth=>0, :method_arg=>true}))) :primary=
    (hole 0 {:hash_depth=>0, :method_arg=>true}))
  (send
    (begin
      (send
        (hole 0 {:hash_depth=>0, :limit_depth=>true, :recv=>true}) :-
        (hole 0 {:hash_depth=>0, :method_arg=>true}))) :primary)
  (send
    (begin
      (send
        (hole 0 {:hash_depth=>0, :limit_depth=>true, :recv=>true}) :-
        (hole 0 {:hash_depth=>0, :method_arg=>true}))) :moderator=
    (hole 0 {:hash_depth=>0, :method_arg=>true}))
  (send
    (begin
      (send
        (hole 0 {:hash_depth=>0, :limit_depth=>true, :recv=>true}) :-
        (hole 0 {:hash_depth=>0, :method_arg=>true}))) :moderator)
  (begin
    (send
      (begin
        (send
          (hole 0 {:hash_depth=>0, :limit_depth=>true, :recv=>true}) :-
          (hole 0 {:hash_depth=>0, :method_arg=>true}))) :-
      (hole 0 {:hash_depth=>0, :method_arg=>true})))
  (begin
    (send
      (begin
        (send
          (hole 0 {:hash_depth=>0, :limit_depth=>true, :recv=>true}) :-
          (hole 0 {:hash_depth=>0, :method_arg=>true}))) :-
      (hole 0 {:hash_depth=>0, :method_arg=>true})))
  (begin
    (send
      (begin
        (send
          (hole 0 {:hash_depth=>0, :limit_depth=>true, :recv=>true}) :-
          (hole 0 {:hash_depth=>0, :method_arg=>true}))) :-
      (hole 0 {:hash_depth=>0, :method_arg=>true})))
  (begin
    (send
      (begin
        (send
          (hole 0 {:hash_depth=>0, :limit_depth=>true, :recv=>true}) :save)) :count))
  (begin
    (send
      (begin
        (send
          (hole 0 {:hash_depth=>0, :limit_depth=>true, :recv=>true}) :save)) :-
      (hole 0 {:hash_depth=>0, :method_arg=>true})))
  (begin
    (send
      (begin
        (send
          (hole 0 {:hash_depth=>0, :limit_depth=>true, :recv=>true}) :save)) :save))
  (hole 3 {:hash_depth=>0, :method_arg=>false, :variance=>:+}) {:method_arg=>false})
BASETYPE: true or false
SIZE WORK_LIST: 0
SIZE generated: 85
EVALUABLE#: 0

-------------------------

----------------
TTYPES
true or false
true or false
true or false

PROGS

LOCAL_COUNT: 6
GLOBAL_COUNT: 75

BASE_AFTER:
(send
  (begin
    (send
      (filled-hole
        (lvar InvitationCode(id: integer, token: string, diaspora_user_id: integer, count: integer)) {:method_arg=>false}) :count)) :confirmed=
  (filled-hole
    (true)
    (false)
    (hole 1 {:hash_depth=>0, :method_arg=>true, :variance=>:+}) {:method_arg=>true}))
BASETYPE: true or false
SIZE WORK_LIST: 84
SIZE generated: 3
EVALUABLE#: 2

-------------------------

----------------
TTYPES
true or false

PROGS

LOCAL_COUNT: 7
GLOBAL_COUNT: 76

BASE_AFTER:
(send
  (begin
    (send
      (filled-hole
        (lvar InvitationCode(id: integer, token: string, diaspora_user_id: integer, count: integer)) {:method_arg=>false}) :count)) :confirmed)
BASETYPE: true or false
SIZE WORK_LIST: 84
SIZE generated: 1
EVALUABLE#: 1

-------------------------

----------------
TTYPES
true or false
true or false
true or false

PROGS

LOCAL_COUNT: 8
GLOBAL_COUNT: 77

BASE_AFTER:
(send
  (begin
    (send
      (filled-hole
        (lvar InvitationCode(id: integer, token: string, diaspora_user_id: integer, count: integer)) {:method_arg=>false}) :count)) :expired=
  (filled-hole
    (true)
    (false)
    (hole 1 {:hash_depth=>0, :method_arg=>true, :variance=>:+}) {:method_arg=>true}))
BASETYPE: true or false
SIZE WORK_LIST: 83
SIZE generated: 3
EVALUABLE#: 2

-------------------------

----------------
TTYPES
true or false

PROGS

LOCAL_COUNT: 9
GLOBAL_COUNT: 78

BASE_AFTER:
(send
  (begin
    (send
      (filled-hole
        (lvar InvitationCode(id: integer, token: string, diaspora_user_id: integer, count: integer)) {:method_arg=>false}) :count)) :expired)
BASETYPE: true or false
SIZE WORK_LIST: 83
SIZE generated: 1
EVALUABLE#: 1

-------------------------

----------------
TTYPES
true or false
true or false
true or false

PROGS

LOCAL_COUNT: 10
GLOBAL_COUNT: 79

BASE_AFTER:
(send
  (begin
    (send
      (filled-hole
        (lvar InvitationCode(id: integer, token: string, diaspora_user_id: integer, count: integer)) {:method_arg=>false}) :count)) :discoverable=
  (filled-hole
    (true)
    (false)
    (hole 1 {:hash_depth=>0, :method_arg=>true, :variance=>:+}) {:method_arg=>true}))
BASETYPE: true or false
SIZE WORK_LIST: 82
SIZE generated: 3
EVALUABLE#: 2

-------------------------

----------------
TTYPES
true or false

PROGS

LOCAL_COUNT: 11
GLOBAL_COUNT: 80

BASE_AFTER:
(send
  (begin
    (send
      (filled-hole
        (lvar InvitationCode(id: integer, token: string, diaspora_user_id: integer, count: integer)) {:method_arg=>false}) :count)) :discoverable)
BASETYPE: true or false
SIZE WORK_LIST: 82
SIZE generated: 1
EVALUABLE#: 1

-------------------------

----------------
TTYPES
true or false
true or false
true or false

PROGS

LOCAL_COUNT: 12
GLOBAL_COUNT: 81

BASE_AFTER:
(send
  (begin
    (send
      (filled-hole
        (lvar InvitationCode(id: integer, token: string, diaspora_user_id: integer, count: integer)) {:method_arg=>false}) :count)) :scheduled_check=
  (filled-hole
    (true)
    (false)
    (hole 1 {:hash_depth=>0, :method_arg=>true, :variance=>:+}) {:method_arg=>true}))
BASETYPE: true or false
SIZE WORK_LIST: 81
SIZE generated: 3
EVALUABLE#: 2

-------------------------

----------------
TTYPES
true or false

PROGS

LOCAL_COUNT: 13
GLOBAL_COUNT: 82

BASE_AFTER:
(send
  (begin
    (send
      (filled-hole
        (lvar InvitationCode(id: integer, token: string, diaspora_user_id: integer, count: integer)) {:method_arg=>false}) :count)) :scheduled_check)
BASETYPE: true or false
SIZE WORK_LIST: 81
SIZE generated: 1
EVALUABLE#: 1

-------------------------

----------------
TTYPES
false or true

PROGS

LOCAL_COUNT: 14
GLOBAL_COUNT: 83

BASE_AFTER:
(begin
  (send
    (begin
      (send
        (filled-hole
          (lvar InvitationCode(id: integer, token: string, diaspora_user_id: integer, count: integer)) {:method_arg=>false}) :count)) :save))
BASETYPE: false or true
SIZE WORK_LIST: 80
SIZE generated: 1
EVALUABLE#: 1

-------------------------

----------------
TTYPES
true or false
true or false
true or false

PROGS

LOCAL_COUNT: 15
GLOBAL_COUNT: 84

BASE_AFTER:
(send
  (begin
    (send
      (filled-hole
        (lvar InvitationCode(id: integer, token: string, diaspora_user_id: integer, count: integer)) {:method_arg=>false}) :count)) :otp_required_for_login=
  (filled-hole
    (true)
    (false)
    (hole 1 {:hash_depth=>0, :method_arg=>true, :variance=>:+}) {:method_arg=>true}))
BASETYPE: true or false
SIZE WORK_LIST: 79
SIZE generated: 3
EVALUABLE#: 2

-------------------------

----------------
TTYPES
true or false

PROGS

LOCAL_COUNT: 16
GLOBAL_COUNT: 85

BASE_AFTER:
(send
  (begin
    (send
      (filled-hole
        (lvar InvitationCode(id: integer, token: string, diaspora_user_id: integer, count: integer)) {:method_arg=>false}) :count)) :otp_required_for_login)
BASETYPE: true or false
SIZE WORK_LIST: 79
SIZE generated: 1
EVALUABLE#: 1

-------------------------

----------------
TTYPES
true or false
true or false
true or false

PROGS

LOCAL_COUNT: 17
GLOBAL_COUNT: 86

BASE_AFTER:
(send
  (begin
    (send
      (filled-hole
        (lvar InvitationCode(id: integer, token: string, diaspora_user_id: integer, count: integer)) {:method_arg=>false}) :count)) :admin=
  (filled-hole
    (true)
    (false)
    (hole 1 {:hash_depth=>0, :method_arg=>true, :variance=>:+}) {:method_arg=>true}))
BASETYPE: true or false
SIZE WORK_LIST: 78
SIZE generated: 3
EVALUABLE#: 2

-------------------------

----------------
TTYPES
true or false

PROGS

LOCAL_COUNT: 18
GLOBAL_COUNT: 87

BASE_AFTER:
(send
  (begin
    (send
      (filled-hole
        (lvar InvitationCode(id: integer, token: string, diaspora_user_id: integer, count: integer)) {:method_arg=>false}) :count)) :admin)
BASETYPE: true or false
SIZE WORK_LIST: 78
SIZE generated: 1
EVALUABLE#: 1

-------------------------

----------------
TTYPES
true or false
true or false
true or false

PROGS

LOCAL_COUNT: 19
GLOBAL_COUNT: 88

BASE_AFTER:
(send
  (begin
    (send
      (filled-hole
        (lvar InvitationCode(id: integer, token: string, diaspora_user_id: integer, count: integer)) {:method_arg=>false}) :count)) :staged=
  (filled-hole
    (true)
    (false)
    (hole 1 {:hash_depth=>0, :method_arg=>true, :variance=>:+}) {:method_arg=>true}))
BASETYPE: true or false
SIZE WORK_LIST: 77
SIZE generated: 3
EVALUABLE#: 2

-------------------------

----------------
TTYPES
true or false

PROGS

LOCAL_COUNT: 20
GLOBAL_COUNT: 89

BASE_AFTER:
(send
  (begin
    (send
      (filled-hole
        (lvar InvitationCode(id: integer, token: string, diaspora_user_id: integer, count: integer)) {:method_arg=>false}) :count)) :staged)
BASETYPE: true or false
SIZE WORK_LIST: 77
SIZE generated: 1
EVALUABLE#: 1

-------------------------

----------------
TTYPES
true or false
true or false
true or false

PROGS

LOCAL_COUNT: 21
GLOBAL_COUNT: 90

BASE_AFTER:
(send
  (begin
    (send
      (filled-hole
        (lvar InvitationCode(id: integer, token: string, diaspora_user_id: integer, count: integer)) {:method_arg=>false}) :count)) :active=
  (filled-hole
    (true)
    (false)
    (hole 1 {:hash_depth=>0, :method_arg=>true, :variance=>:+}) {:method_arg=>true}))
BASETYPE: true or false
SIZE WORK_LIST: 76
SIZE generated: 3
EVALUABLE#: 2

-------------------------

----------------
TTYPES
true or false

PROGS

LOCAL_COUNT: 22
GLOBAL_COUNT: 91

BASE_AFTER:
(send
  (begin
    (send
      (filled-hole
        (lvar InvitationCode(id: integer, token: string, diaspora_user_id: integer, count: integer)) {:method_arg=>false}) :count)) :active)
BASETYPE: true or false
SIZE WORK_LIST: 76
SIZE generated: 1
EVALUABLE#: 1

-------------------------

----------------
TTYPES
true or false
true or false
true or false

PROGS

LOCAL_COUNT: 23
GLOBAL_COUNT: 92

BASE_AFTER:
(send
  (begin
    (send
      (filled-hole
        (lvar InvitationCode(id: integer, token: string, diaspora_user_id: integer, count: integer)) {:method_arg=>false}) :count)) :primary=
  (filled-hole
    (true)
    (false)
    (hole 1 {:hash_depth=>0, :method_arg=>true, :variance=>:+}) {:method_arg=>true}))
BASETYPE: true or false
SIZE WORK_LIST: 75
SIZE generated: 3
EVALUABLE#: 2

-------------------------

----------------
TTYPES
true or false

PROGS

LOCAL_COUNT: 24
GLOBAL_COUNT: 93

BASE_AFTER:
(send
  (begin
    (send
      (filled-hole
        (lvar InvitationCode(id: integer, token: string, diaspora_user_id: integer, count: integer)) {:method_arg=>false}) :count)) :primary)
BASETYPE: true or false
SIZE WORK_LIST: 75
SIZE generated: 1
EVALUABLE#: 1

-------------------------

----------------
TTYPES
true or false
true or false
true or false

PROGS

LOCAL_COUNT: 25
GLOBAL_COUNT: 94

BASE_AFTER:
(send
  (begin
    (send
      (filled-hole
        (lvar InvitationCode(id: integer, token: string, diaspora_user_id: integer, count: integer)) {:method_arg=>false}) :count)) :moderator=
  (filled-hole
    (true)
    (false)
    (hole 1 {:hash_depth=>0, :method_arg=>true, :variance=>:+}) {:method_arg=>true}))
BASETYPE: true or false
SIZE WORK_LIST: 74
SIZE generated: 3
EVALUABLE#: 2

-------------------------

----------------
TTYPES
true or false

PROGS

LOCAL_COUNT: 26
GLOBAL_COUNT: 95

BASE_AFTER:
(send
  (begin
    (send
      (filled-hole
        (lvar InvitationCode(id: integer, token: string, diaspora_user_id: integer, count: integer)) {:method_arg=>false}) :count)) :moderator)
BASETYPE: true or false
SIZE WORK_LIST: 74
SIZE generated: 1
EVALUABLE#: 1

-------------------------

----------------
TTYPES
Integer
Integer
Integer
Integer

PROGS

LOCAL_COUNT: 27
GLOBAL_COUNT: 96

BASE_AFTER:
(begin
  (send
    (begin
      (send
        (filled-hole
          (lvar InvitationCode(id: integer, token: string, diaspora_user_id: integer, count: integer)) {:method_arg=>false}) :count)) :-
    (filled-hole
      (int 0)
      (int 1)
      (int 2)
      (hole 1 {:hash_depth=>0, :method_arg=>true, :variance=>:+}) {:method_arg=>true})))
BASETYPE: Integer
SIZE WORK_LIST: 73
SIZE generated: 4
EVALUABLE#: 3

-------------------------

----------------
TTYPES
Integer
Integer
Integer
Integer
Integer
Integer
Integer
Integer
Integer
Integer
Integer
Integer
Integer
Integer
Integer
Integer

PROGS

LOCAL_COUNT: 28
GLOBAL_COUNT: 97

BASE_AFTER:
(begin
  (send
    (send
      (filled-hole
        (lvar :arg0) {:method_arg=>false}) :id=
      (filled-hole
        (int 0)
        (int 1)
        (int 2)
        (hole 1 {:hash_depth=>0, :method_arg=>true, :variance=>:+}) {:method_arg=>true})) :-
    (filled-hole
      (int 0)
      (int 1)
      (int 2)
      (hole 1 {:hash_depth=>0, :method_arg=>true, :variance=>:+}) {:method_arg=>true})))
BASETYPE: Integer
SIZE WORK_LIST: 73
SIZE generated: 16
EVALUABLE#: 9

-------------------------

----------------
TTYPES
Integer
Integer
Integer
Integer

PROGS

LOCAL_COUNT: 29
GLOBAL_COUNT: 98

BASE_AFTER:
(begin
  (send
    (send
      (filled-hole
        (lvar :arg0) {:method_arg=>false}) :id) :-
    (filled-hole
      (int 0)
      (int 1)
      (int 2)
      (hole 1 {:hash_depth=>0, :method_arg=>true, :variance=>:+}) {:method_arg=>true})))
BASETYPE: Integer
SIZE WORK_LIST: 79
SIZE generated: 4
EVALUABLE#: 3

-------------------------

----------------
TTYPES
true or false
true or false

PROGS

LOCAL_COUNT: 30
GLOBAL_COUNT: 99

BASE_AFTER:
(begin
  (send
    (send
      (filled-hole
        (lvar :arg0) {:method_arg=>false}) :token=
      (filled-hole
        (str "")
        (hole 1 {:hash_depth=>0, :method_arg=>true, :variance=>:+}) {:method_arg=>true})) :save))
BASETYPE: true or false
SIZE WORK_LIST: 79
SIZE generated: 2
EVALUABLE#: 1

-------------------------

----------------
TTYPES
Integer
Integer
Integer
Integer
Integer
Integer
Integer
Integer
Integer
Integer
Integer
Integer
Integer
Integer
Integer
Integer

PROGS

LOCAL_COUNT: 31
GLOBAL_COUNT: 100

BASE_AFTER:
(begin
  (send
    (send
      (filled-hole
        (lvar :arg0) {:method_arg=>false}) :diaspora_user_id=
      (filled-hole
        (int 0)
        (int 1)
        (int 2)
        (hole 1 {:hash_depth=>0, :method_arg=>true, :variance=>:+}) {:method_arg=>true})) :-
    (filled-hole
      (int 0)
      (int 1)
      (int 2)
      (hole 1 {:hash_depth=>0, :method_arg=>true, :variance=>:+}) {:method_arg=>true})))
BASETYPE: Integer
SIZE WORK_LIST: 79
SIZE generated: 16
EVALUABLE#: 9

-------------------------

----------------
TTYPES
Integer
Integer
Integer
Integer

PROGS

LOCAL_COUNT: 32
GLOBAL_COUNT: 101

BASE_AFTER:
(begin
  (send
    (send
      (filled-hole
        (lvar :arg0) {:method_arg=>false}) :diaspora_user_id) :-
    (filled-hole
      (int 0)
      (int 1)
      (int 2)
      (hole 1 {:hash_depth=>0, :method_arg=>true, :variance=>:+}) {:method_arg=>true})))
BASETYPE: Integer
SIZE WORK_LIST: 85
SIZE generated: 4
EVALUABLE#: 3

-------------------------

----------------
TTYPES
Integer
Integer
Integer
Integer
Integer
Integer
Integer
Integer
Integer
Integer
Integer
Integer
Integer
Integer
Integer
Integer

PROGS

LOCAL_COUNT: 33
GLOBAL_COUNT: 102

BASE_AFTER:
(begin
  (send
    (send
      (filled-hole
        (lvar :arg0) {:method_arg=>false}) :count=
      (filled-hole
        (int 0)
        (int 1)
        (int 2)
        (hole 1 {:hash_depth=>0, :method_arg=>true, :variance=>:+}) {:method_arg=>true})) :-
    (filled-hole
      (int 0)
      (int 1)
      (int 2)
      (hole 1 {:hash_depth=>0, :method_arg=>true, :variance=>:+}) {:method_arg=>true})))
BASETYPE: Integer
SIZE WORK_LIST: 85
SIZE generated: 16
EVALUABLE#: 9

-------------------------

----------------
TTYPES
Integer
Integer
Integer
Integer

PROGS

LOCAL_COUNT: 34
GLOBAL_COUNT: 103

BASE_AFTER:
(begin
  (send
    (begin
      (send
        (filled-hole
          (lvar :arg0) {:method_arg=>false}) :count)) :-
    (filled-hole
      (int 0)
      (int 1)
      (int 2)
      (hole 1 {:hash_depth=>0, :method_arg=>true, :variance=>:+}) {:method_arg=>true})))
BASETYPE: Integer
SIZE WORK_LIST: 91
SIZE generated: 4
EVALUABLE#: 3

-------------------------

----------------
TTYPES
true or false

PROGS

LOCAL_COUNT: 35
GLOBAL_COUNT: 104

BASE_AFTER:
(begin
  (send
    (send
      (filled-hole
        (lvar :arg0) {:method_arg=>false}) :diaspora_user) :save))
BASETYPE: true or false
SIZE WORK_LIST: 91
SIZE generated: 1
EVALUABLE#: 1

-------------------------

----------------
TTYPES
true or false

PROGS

LOCAL_COUNT: 36
GLOBAL_COUNT: 105

BASE_AFTER:
(begin
  (send
    (send
      (filled-hole
        (lvar :arg0) {:method_arg=>false}) :diaspora_user=
      (filled-hole
        (hole 1 {:hash_depth=>0, :method_arg=>true, :variance=>:+}) {:method_arg=>true})) :save))
BASETYPE: true or false
SIZE WORK_LIST: 90
SIZE generated: 1
EVALUABLE#: 0

-------------------------

----------------
TTYPES
true or false

PROGS

LOCAL_COUNT: 37
GLOBAL_COUNT: 106

BASE_AFTER:
(begin
  (send
    (begin
      (send
        (filled-hole
          (lvar :arg0) {:method_arg=>false}) :save)) :save))
BASETYPE: true or false
SIZE WORK_LIST: 90
SIZE generated: 1
EVALUABLE#: 1

-------------------------

----------------
TTYPES
true or false
true or false
true or false
true or false
true or false
true or false

PROGS

LOCAL_COUNT: 38
GLOBAL_COUNT: 107

BASE_AFTER:
(send
  (begin
    (send
      (lvar InvitationCode(id: integer, token: string, diaspora_user_id: integer, count: integer)) :count)) :confirmed=
  (filled-hole
    (begin
      (send
        (hole 0 {:hash_depth=>0, :limit_depth=>true, :recv=>true}) :save))
    (begin
      (send
        (hole 0 {:hash_depth=>0, :limit_depth=>true, :recv=>true}) :-
        (hole 0 {:hash_depth=>0, :method_arg=>true})))
    (begin
      (send
        (hole 0 {:hash_depth=>0, :limit_depth=>true, :recv=>true}) :count))
    (begin
      (send
        (hole 0 {:hash_depth=>0, :limit_depth=>true, :recv=>true}) :-
        (hole 0 {:hash_depth=>0, :method_arg=>true})))
    (begin
      (send
        (hole 0 {:hash_depth=>0, :limit_depth=>true, :recv=>true}) :save))
    (hole 2 {:hash_depth=>0, :method_arg=>true, :variance=>:+}) {:method_arg=>true}))
BASETYPE: true or false
SIZE WORK_LIST: 89
SIZE generated: 6
EVALUABLE#: 0

-------------------------

----------------
TTYPES
true or false

PROGS

LOCAL_COUNT: 39
GLOBAL_COUNT: 108

BASE_AFTER:
(send
  (begin
    (send
      (lvar InvitationCode(id: integer, token: string, diaspora_user_id: integer, count: integer)) :count)) :confirmed=
  (begin
    (send
      (filled-hole
        (lvar InvitationCode(id: integer, token: string, diaspora_user_id: integer, count: integer)) {:method_arg=>false}) :count)))
BASETYPE: true or false
SIZE WORK_LIST: 94
SIZE generated: 1
EVALUABLE#: 1

-------------------------

----------------
TTYPES
true or false
true or false
true or false
true or false
true or false
true or false

PROGS

LOCAL_COUNT: 40
GLOBAL_COUNT: 109

BASE_AFTER:
(send
  (begin
    (send
      (lvar InvitationCode(id: integer, token: string, diaspora_user_id: integer, count: integer)) :count)) :expired=
  (filled-hole
    (begin
      (send
        (hole 0 {:hash_depth=>0, :limit_depth=>true, :recv=>true}) :save))
    (begin
      (send
        (hole 0 {:hash_depth=>0, :limit_depth=>true, :recv=>true}) :-
        (hole 0 {:hash_depth=>0, :method_arg=>true})))
    (begin
      (send
        (hole 0 {:hash_depth=>0, :limit_depth=>true, :recv=>true}) :count))
    (begin
      (send
        (hole 0 {:hash_depth=>0, :limit_depth=>true, :recv=>true}) :-
        (hole 0 {:hash_depth=>0, :method_arg=>true})))
    (begin
      (send
        (hole 0 {:hash_depth=>0, :limit_depth=>true, :recv=>true}) :save))
    (hole 2 {:hash_depth=>0, :method_arg=>true, :variance=>:+}) {:method_arg=>true}))
BASETYPE: true or false
SIZE WORK_LIST: 93
SIZE generated: 6
EVALUABLE#: 0

-------------------------

----------------
TTYPES
true or false

PROGS

LOCAL_COUNT: 41
GLOBAL_COUNT: 110

BASE_AFTER:
(send
  (begin
    (send
      (lvar InvitationCode(id: integer, token: string, diaspora_user_id: integer, count: integer)) :count)) :expired=
  (begin
    (send
      (filled-hole
        (lvar InvitationCode(id: integer, token: string, diaspora_user_id: integer, count: integer)) {:method_arg=>false}) :count)))
BASETYPE: true or false
SIZE WORK_LIST: 98
SIZE generated: 1
EVALUABLE#: 1

-------------------------

----------------
TTYPES
true or false
true or false
true or false
true or false
true or false
true or false

PROGS

LOCAL_COUNT: 42
GLOBAL_COUNT: 111

BASE_AFTER:
(send
  (begin
    (send
      (lvar InvitationCode(id: integer, token: string, diaspora_user_id: integer, count: integer)) :count)) :discoverable=
  (filled-hole
    (begin
      (send
        (hole 0 {:hash_depth=>0, :limit_depth=>true, :recv=>true}) :save))
    (begin
      (send
        (hole 0 {:hash_depth=>0, :limit_depth=>true, :recv=>true}) :-
        (hole 0 {:hash_depth=>0, :method_arg=>true})))
    (begin
      (send
        (hole 0 {:hash_depth=>0, :limit_depth=>true, :recv=>true}) :count))
    (begin
      (send
        (hole 0 {:hash_depth=>0, :limit_depth=>true, :recv=>true}) :-
        (hole 0 {:hash_depth=>0, :method_arg=>true})))
    (begin
      (send
        (hole 0 {:hash_depth=>0, :limit_depth=>true, :recv=>true}) :save))
    (hole 2 {:hash_depth=>0, :method_arg=>true, :variance=>:+}) {:method_arg=>true}))
BASETYPE: true or false
SIZE WORK_LIST: 97
SIZE generated: 6
EVALUABLE#: 0

-------------------------

----------------
TTYPES
true or false

PROGS

LOCAL_COUNT: 43
GLOBAL_COUNT: 112

BASE_AFTER:
(send
  (begin
    (send
      (lvar InvitationCode(id: integer, token: string, diaspora_user_id: integer, count: integer)) :count)) :discoverable=
  (begin
    (send
      (filled-hole
        (lvar InvitationCode(id: integer, token: string, diaspora_user_id: integer, count: integer)) {:method_arg=>false}) :count)))
BASETYPE: true or false
SIZE WORK_LIST: 102
SIZE generated: 1
EVALUABLE#: 1

-------------------------

----------------
TTYPES
true or false
true or false
true or false
true or false
true or false
true or false

PROGS

LOCAL_COUNT: 44
GLOBAL_COUNT: 113

BASE_AFTER:
(send
  (begin
    (send
      (lvar InvitationCode(id: integer, token: string, diaspora_user_id: integer, count: integer)) :count)) :scheduled_check=
  (filled-hole
    (begin
      (send
        (hole 0 {:hash_depth=>0, :limit_depth=>true, :recv=>true}) :save))
    (begin
      (send
        (hole 0 {:hash_depth=>0, :limit_depth=>true, :recv=>true}) :-
        (hole 0 {:hash_depth=>0, :method_arg=>true})))
    (begin
      (send
        (hole 0 {:hash_depth=>0, :limit_depth=>true, :recv=>true}) :count))
    (begin
      (send
        (hole 0 {:hash_depth=>0, :limit_depth=>true, :recv=>true}) :-
        (hole 0 {:hash_depth=>0, :method_arg=>true})))
    (begin
      (send
        (hole 0 {:hash_depth=>0, :limit_depth=>true, :recv=>true}) :save))
    (hole 2 {:hash_depth=>0, :method_arg=>true, :variance=>:+}) {:method_arg=>true}))
BASETYPE: true or false
SIZE WORK_LIST: 101
SIZE generated: 6
EVALUABLE#: 0

-------------------------

----------------
TTYPES
true or false

PROGS

LOCAL_COUNT: 45
GLOBAL_COUNT: 114

BASE_AFTER:
(send
  (begin
    (send
      (lvar InvitationCode(id: integer, token: string, diaspora_user_id: integer, count: integer)) :count)) :scheduled_check=
  (begin
    (send
      (filled-hole
        (lvar InvitationCode(id: integer, token: string, diaspora_user_id: integer, count: integer)) {:method_arg=>false}) :count)))
BASETYPE: true or false
SIZE WORK_LIST: 106
SIZE generated: 1
EVALUABLE#: 1

-------------------------

----------------
TTYPES
true or false
true or false
true or false
true or false
true or false
true or false

PROGS

LOCAL_COUNT: 46
GLOBAL_COUNT: 115

BASE_AFTER:
(send
  (begin
    (send
      (lvar InvitationCode(id: integer, token: string, diaspora_user_id: integer, count: integer)) :count)) :otp_required_for_login=
  (filled-hole
    (begin
      (send
        (hole 0 {:hash_depth=>0, :limit_depth=>true, :recv=>true}) :save))
    (begin
      (send
        (hole 0 {:hash_depth=>0, :limit_depth=>true, :recv=>true}) :-
        (hole 0 {:hash_depth=>0, :method_arg=>true})))
    (begin
      (send
        (hole 0 {:hash_depth=>0, :limit_depth=>true, :recv=>true}) :count))
    (begin
      (send
        (hole 0 {:hash_depth=>0, :limit_depth=>true, :recv=>true}) :-
        (hole 0 {:hash_depth=>0, :method_arg=>true})))
    (begin
      (send
        (hole 0 {:hash_depth=>0, :limit_depth=>true, :recv=>true}) :save))
    (hole 2 {:hash_depth=>0, :method_arg=>true, :variance=>:+}) {:method_arg=>true}))
BASETYPE: true or false
SIZE WORK_LIST: 105
SIZE generated: 6
EVALUABLE#: 0

-------------------------

----------------
TTYPES
true or false

PROGS

LOCAL_COUNT: 47
GLOBAL_COUNT: 116

BASE_AFTER:
(send
  (begin
    (send
      (lvar InvitationCode(id: integer, token: string, diaspora_user_id: integer, count: integer)) :count)) :otp_required_for_login=
  (begin
    (send
      (filled-hole
        (lvar InvitationCode(id: integer, token: string, diaspora_user_id: integer, count: integer)) {:method_arg=>false}) :count)))
BASETYPE: true or false
SIZE WORK_LIST: 110
SIZE generated: 1
EVALUABLE#: 1

-------------------------

----------------
TTYPES
true or false
true or false
true or false
true or false
true or false
true or false

PROGS

LOCAL_COUNT: 48
GLOBAL_COUNT: 117

BASE_AFTER:
(send
  (begin
    (send
      (lvar InvitationCode(id: integer, token: string, diaspora_user_id: integer, count: integer)) :count)) :admin=
  (filled-hole
    (begin
      (send
        (hole 0 {:hash_depth=>0, :limit_depth=>true, :recv=>true}) :save))
    (begin
      (send
        (hole 0 {:hash_depth=>0, :limit_depth=>true, :recv=>true}) :-
        (hole 0 {:hash_depth=>0, :method_arg=>true})))
    (begin
      (send
        (hole 0 {:hash_depth=>0, :limit_depth=>true, :recv=>true}) :count))
    (begin
      (send
        (hole 0 {:hash_depth=>0, :limit_depth=>true, :recv=>true}) :-
        (hole 0 {:hash_depth=>0, :method_arg=>true})))
    (begin
      (send
        (hole 0 {:hash_depth=>0, :limit_depth=>true, :recv=>true}) :save))
    (hole 2 {:hash_depth=>0, :method_arg=>true, :variance=>:+}) {:method_arg=>true}))
BASETYPE: true or false
SIZE WORK_LIST: 109
SIZE generated: 6
EVALUABLE#: 0

-------------------------

----------------
TTYPES
true or false

PROGS

LOCAL_COUNT: 49
GLOBAL_COUNT: 118

BASE_AFTER:
(send
  (begin
    (send
      (lvar InvitationCode(id: integer, token: string, diaspora_user_id: integer, count: integer)) :count)) :admin=
  (begin
    (send
      (filled-hole
        (lvar InvitationCode(id: integer, token: string, diaspora_user_id: integer, count: integer)) {:method_arg=>false}) :count)))
BASETYPE: true or false
SIZE WORK_LIST: 114
SIZE generated: 1
EVALUABLE#: 1

-------------------------

----------------
TTYPES
true or false
true or false
true or false
true or false
true or false
true or false

PROGS

LOCAL_COUNT: 50
GLOBAL_COUNT: 119

BASE_AFTER:
(send
  (begin
    (send
      (lvar InvitationCode(id: integer, token: string, diaspora_user_id: integer, count: integer)) :count)) :staged=
  (filled-hole
    (begin
      (send
        (hole 0 {:hash_depth=>0, :limit_depth=>true, :recv=>true}) :save))
    (begin
      (send
        (hole 0 {:hash_depth=>0, :limit_depth=>true, :recv=>true}) :-
        (hole 0 {:hash_depth=>0, :method_arg=>true})))
    (begin
      (send
        (hole 0 {:hash_depth=>0, :limit_depth=>true, :recv=>true}) :count))
    (begin
      (send
        (hole 0 {:hash_depth=>0, :limit_depth=>true, :recv=>true}) :-
        (hole 0 {:hash_depth=>0, :method_arg=>true})))
    (begin
      (send
        (hole 0 {:hash_depth=>0, :limit_depth=>true, :recv=>true}) :save))
    (hole 2 {:hash_depth=>0, :method_arg=>true, :variance=>:+}) {:method_arg=>true}))
BASETYPE: true or false
SIZE WORK_LIST: 113
SIZE generated: 6
EVALUABLE#: 0

-------------------------

----------------
TTYPES
true or false

PROGS

LOCAL_COUNT: 51
GLOBAL_COUNT: 120

BASE_AFTER:
(send
  (begin
    (send
      (lvar InvitationCode(id: integer, token: string, diaspora_user_id: integer, count: integer)) :count)) :staged=
  (begin
    (send
      (filled-hole
        (lvar InvitationCode(id: integer, token: string, diaspora_user_id: integer, count: integer)) {:method_arg=>false}) :count)))
BASETYPE: true or false
SIZE WORK_LIST: 118
SIZE generated: 1
EVALUABLE#: 1

-------------------------

----------------
TTYPES
true or false
true or false
true or false
true or false
true or false
true or false

PROGS

LOCAL_COUNT: 52
GLOBAL_COUNT: 121

BASE_AFTER:
(send
  (begin
    (send
      (lvar InvitationCode(id: integer, token: string, diaspora_user_id: integer, count: integer)) :count)) :active=
  (filled-hole
    (begin
      (send
        (hole 0 {:hash_depth=>0, :limit_depth=>true, :recv=>true}) :save))
    (begin
      (send
        (hole 0 {:hash_depth=>0, :limit_depth=>true, :recv=>true}) :-
        (hole 0 {:hash_depth=>0, :method_arg=>true})))
    (begin
      (send
        (hole 0 {:hash_depth=>0, :limit_depth=>true, :recv=>true}) :count))
    (begin
      (send
        (hole 0 {:hash_depth=>0, :limit_depth=>true, :recv=>true}) :-
        (hole 0 {:hash_depth=>0, :method_arg=>true})))
    (begin
      (send
        (hole 0 {:hash_depth=>0, :limit_depth=>true, :recv=>true}) :save))
    (hole 2 {:hash_depth=>0, :method_arg=>true, :variance=>:+}) {:method_arg=>true}))
BASETYPE: true or false
SIZE WORK_LIST: 117
SIZE generated: 6
EVALUABLE#: 0

-------------------------

----------------
TTYPES
true or false

PROGS

LOCAL_COUNT: 53
GLOBAL_COUNT: 122

BASE_AFTER:
(send
  (begin
    (send
      (lvar InvitationCode(id: integer, token: string, diaspora_user_id: integer, count: integer)) :count)) :active=
  (begin
    (send
      (filled-hole
        (lvar InvitationCode(id: integer, token: string, diaspora_user_id: integer, count: integer)) {:method_arg=>false}) :count)))
BASETYPE: true or false
SIZE WORK_LIST: 122
SIZE generated: 1
EVALUABLE#: 1

-------------------------

----------------
TTYPES
true or false
true or false
true or false
true or false
true or false
true or false

PROGS

LOCAL_COUNT: 54
GLOBAL_COUNT: 123

BASE_AFTER:
(send
  (begin
    (send
      (lvar InvitationCode(id: integer, token: string, diaspora_user_id: integer, count: integer)) :count)) :primary=
  (filled-hole
    (begin
      (send
        (hole 0 {:hash_depth=>0, :limit_depth=>true, :recv=>true}) :save))
    (begin
      (send
        (hole 0 {:hash_depth=>0, :limit_depth=>true, :recv=>true}) :-
        (hole 0 {:hash_depth=>0, :method_arg=>true})))
    (begin
      (send
        (hole 0 {:hash_depth=>0, :limit_depth=>true, :recv=>true}) :count))
    (begin
      (send
        (hole 0 {:hash_depth=>0, :limit_depth=>true, :recv=>true}) :-
        (hole 0 {:hash_depth=>0, :method_arg=>true})))
    (begin
      (send
        (hole 0 {:hash_depth=>0, :limit_depth=>true, :recv=>true}) :save))
    (hole 2 {:hash_depth=>0, :method_arg=>true, :variance=>:+}) {:method_arg=>true}))
BASETYPE: true or false
SIZE WORK_LIST: 121
SIZE generated: 6
EVALUABLE#: 0

-------------------------

----------------
TTYPES
true or false

PROGS

LOCAL_COUNT: 55
GLOBAL_COUNT: 124

BASE_AFTER:
(send
  (begin
    (send
      (lvar InvitationCode(id: integer, token: string, diaspora_user_id: integer, count: integer)) :count)) :primary=
  (begin
    (send
      (filled-hole
        (lvar InvitationCode(id: integer, token: string, diaspora_user_id: integer, count: integer)) {:method_arg=>false}) :count)))
BASETYPE: true or false
SIZE WORK_LIST: 126
SIZE generated: 1
EVALUABLE#: 1

-------------------------

----------------
TTYPES
true or false
true or false
true or false
true or false
true or false
true or false

PROGS

LOCAL_COUNT: 56
GLOBAL_COUNT: 125

BASE_AFTER:
(send
  (begin
    (send
      (lvar InvitationCode(id: integer, token: string, diaspora_user_id: integer, count: integer)) :count)) :moderator=
  (filled-hole
    (begin
      (send
        (hole 0 {:hash_depth=>0, :limit_depth=>true, :recv=>true}) :save))
    (begin
      (send
        (hole 0 {:hash_depth=>0, :limit_depth=>true, :recv=>true}) :-
        (hole 0 {:hash_depth=>0, :method_arg=>true})))
    (begin
      (send
        (hole 0 {:hash_depth=>0, :limit_depth=>true, :recv=>true}) :count))
    (begin
      (send
        (hole 0 {:hash_depth=>0, :limit_depth=>true, :recv=>true}) :-
        (hole 0 {:hash_depth=>0, :method_arg=>true})))
    (begin
      (send
        (hole 0 {:hash_depth=>0, :limit_depth=>true, :recv=>true}) :save))
    (hole 2 {:hash_depth=>0, :method_arg=>true, :variance=>:+}) {:method_arg=>true}))
BASETYPE: true or false
SIZE WORK_LIST: 125
SIZE generated: 6
EVALUABLE#: 0

-------------------------

----------------
TTYPES
true or false

PROGS

LOCAL_COUNT: 57
GLOBAL_COUNT: 126

BASE_AFTER:
(send
  (begin
    (send
      (lvar InvitationCode(id: integer, token: string, diaspora_user_id: integer, count: integer)) :count)) :moderator=
  (begin
    (send
      (filled-hole
        (lvar InvitationCode(id: integer, token: string, diaspora_user_id: integer, count: integer)) {:method_arg=>false}) :count)))
BASETYPE: true or false
SIZE WORK_LIST: 130
SIZE generated: 1
EVALUABLE#: 1

-------------------------

----------------
TTYPES
Integer
Integer
Integer
Integer
Integer
Integer
Integer
Integer
Integer
Integer

PROGS

LOCAL_COUNT: 58
GLOBAL_COUNT: 127

BASE_AFTER:
(begin
  (send
    (begin
      (send
        (lvar InvitationCode(id: integer, token: string, diaspora_user_id: integer, count: integer)) :count)) :-
    (filled-hole
      (send
        (hole 0 {:hash_depth=>0, :limit_depth=>true, :recv=>true}) :id=
        (hole 0 {:hash_depth=>0, :method_arg=>true}))
      (send
        (hole 0 {:hash_depth=>0, :limit_depth=>true, :recv=>true}) :id)
      (send
        (hole 0 {:hash_depth=>0, :limit_depth=>true, :recv=>true}) :diaspora_user_id=
        (hole 0 {:hash_depth=>0, :method_arg=>true}))
      (send
        (hole 0 {:hash_depth=>0, :limit_depth=>true, :recv=>true}) :diaspora_user_id)
      (send
        (hole 0 {:hash_depth=>0, :limit_depth=>true, :recv=>true}) :count=
        (hole 0 {:hash_depth=>0, :method_arg=>true}))
      (begin
        (send
          (hole 0 {:hash_depth=>0, :limit_depth=>true, :recv=>true}) :count))
      (begin
        (send
          (hole 0 {:hash_depth=>0, :limit_depth=>true, :recv=>true}) :count))
      (begin
        (send
          (hole 0 {:hash_depth=>0, :limit_depth=>true, :recv=>true}) :count))
      (begin
        (send
          (hole 0 {:hash_depth=>0, :limit_depth=>true, :recv=>true}) :-
          (hole 0 {:hash_depth=>0, :method_arg=>true})))
      (begin
        (send
          (hole 0 {:hash_depth=>0, :limit_depth=>true, :recv=>true}) :count))
      (begin
        (send
          (hole 0 {:hash_depth=>0, :limit_depth=>true, :recv=>true}) :-
          (hole 0 {:hash_depth=>0, :method_arg=>true})))
      (hole 2 {:hash_depth=>0, :method_arg=>true, :variance=>:+}) {:method_arg=>true})))
BASETYPE: Integer
SIZE WORK_LIST: 129
SIZE generated: 10
EVALUABLE#: 0

-------------------------

----------------
TTYPES
Integer

PROGS

LOCAL_COUNT: 59
GLOBAL_COUNT: 128

BASE_AFTER:
(begin
  (send
    (begin
      (send
        (lvar InvitationCode(id: integer, token: string, diaspora_user_id: integer, count: integer)) :count)) :-
    (begin
      (send
        (filled-hole
          (lvar InvitationCode(id: integer, token: string, diaspora_user_id: integer, count: integer)) {:method_arg=>false}) :count))))
BASETYPE: Integer
SIZE WORK_LIST: 138
SIZE generated: 1
EVALUABLE#: 1

-------------------------

----------------
TTYPES
true or false

PROGS

LOCAL_COUNT: 60
GLOBAL_COUNT: 129

BASE_AFTER:
(send
  (begin
    (send
      (lvar InvitationCode(id: integer, token: string, diaspora_user_id: integer, count: integer)) :count)) :confirmed=
  (begin
    (send
      (filled-hole
        (lvar :arg0) {:method_arg=>false}) :save)))
BASETYPE: true or false
SIZE WORK_LIST: 137
SIZE generated: 1
EVALUABLE#: 1

-------------------------

----------------
TTYPES
true or false

PROGS

LOCAL_COUNT: 1
GLOBAL_COUNT: 130

BASE_AFTER:
(filled-hole
  (hole 1 {:hash_depth=>0, :method_arg=>false, :variance=>:+}) {:method_arg=>false})
BASETYPE: true or false
SIZE WORK_LIST: 0
SIZE generated: 1
EVALUABLE#: 0

-------------------------

----------------
TTYPES
false or true
true or false

PROGS

LOCAL_COUNT: 2
GLOBAL_COUNT: 131

BASE_AFTER:
(filled-hole
  (begin
    (send
      (hole 0 {:hash_depth=>0, :limit_depth=>true, :recv=>true}) :save))
  (hole 2 {:hash_depth=>0, :method_arg=>false, :variance=>:+}) {:method_arg=>false})
BASETYPE: true or false
SIZE WORK_LIST: 0
SIZE generated: 2
EVALUABLE#: 0

-------------------------

----------------
TTYPES
false or true

PROGS

LOCAL_COUNT: 3
GLOBAL_COUNT: 132

BASE_AFTER:
(begin
  (send
    (filled-hole
      (lvar :arg0) {:method_arg=>false}) :save))
BASETYPE: false or true
SIZE WORK_LIST: 1
SIZE generated: 1
EVALUABLE#: 1

-------------------------

----------------
TTYPES
true or false
true or false
Integer
Integer
Integer
String
%bot

PROGS

LOCAL_COUNT: 1
GLOBAL_COUNT: 1

BASE_AFTER:
(filled-hole
  (true)
  (false)
  (int 0)
  (int 1)
  (int 2)
  (str "")
  (hole 1 {:hash_depth=>0, :method_arg=>false, :variance=>:-}) {:method_arg=>false})
BASETYPE: %bot
SIZE WORK_LIST: 0
SIZE generated: 7
EVALUABLE#: 6

-------------------------

----------------
TTYPES
true or false
true or false

PROGS

LOCAL_COUNT: 2
GLOBAL_COUNT: 2

BASE_AFTER:
(true)
BASETYPE: true or false
SIZE WORK_LIST: 6
SIZE generated: 2
EVALUABLE#: 0

-------------------------

----------------
TTYPES
true or false
true or false

PROGS

LOCAL_COUNT: 3
GLOBAL_COUNT: 3

BASE_AFTER:
(false)
BASETYPE: true or false
SIZE WORK_LIST: 7
SIZE generated: 2
EVALUABLE#: 0

-------------------------

----------------
TTYPES
Integer
Integer

PROGS

LOCAL_COUNT: 4
GLOBAL_COUNT: 4

BASE_AFTER:
(int 0)
BASETYPE: Integer
SIZE WORK_LIST: 8
SIZE generated: 2
EVALUABLE#: 0

-------------------------

----------------
TTYPES
Integer
Integer

PROGS

LOCAL_COUNT: 5
GLOBAL_COUNT: 5

BASE_AFTER:
(int 1)
BASETYPE: Integer
SIZE WORK_LIST: 9
SIZE generated: 2
EVALUABLE#: 0

-------------------------

----------------
TTYPES
Integer
Integer

PROGS

LOCAL_COUNT: 6
GLOBAL_COUNT: 6

BASE_AFTER:
(int 2)
BASETYPE: Integer
SIZE WORK_LIST: 10
SIZE generated: 2
EVALUABLE#: 0

-------------------------

----------------
TTYPES
String
String

PROGS

LOCAL_COUNT: 7
GLOBAL_COUNT: 7

BASE_AFTER:
(str "")
BASETYPE: String
SIZE WORK_LIST: 11
SIZE generated: 2
EVALUABLE#: 0

-------------------------

----------------
TTYPES
%bot

PROGS

LOCAL_COUNT: 8
GLOBAL_COUNT: 8

BASE_AFTER:
(filled-hole
  (begin
    (send
      (hole 0 {:hash_depth=>0, :limit_depth=>true, :recv=>true}) :-
      (hole 0 {:hash_depth=>0, :method_arg=>true})))
  (begin
    (send
      (hole 0 {:hash_depth=>0, :limit_depth=>true, :recv=>true}) :count))
  (begin
    (send
      (hole 0 {:hash_depth=>0, :limit_depth=>true, :recv=>true}) :-
      (hole 0 {:hash_depth=>0, :method_arg=>true})))
  (hole 2 {:hash_depth=>0, :method_arg=>false, :variance=>:-}) {:method_arg=>false})
BASETYPE: %bot
SIZE WORK_LIST: 12
SIZE generated: 1
EVALUABLE#: 0

-------------------------

----------------
TTYPES
true or false
true or false
true or false
true or false

PROGS

LOCAL_COUNT: 9
GLOBAL_COUNT: 9

BASE_AFTER:
(begin
  (send
    (hole 0 {:hash_depth=>0, :limit_depth=>true, :recv=>true}) :count=
    (hole 0 {:hash_depth=>0, :method_arg=>true}))
  (true))
BASETYPE: true or false
SIZE WORK_LIST: 12
SIZE generated: 4
EVALUABLE#: 3

-------------------------

----------------
TTYPES
true or false

PROGS

LOCAL_COUNT: 10
GLOBAL_COUNT: 10

BASE_AFTER:
(begin
  (send
    (hole 0 {:hash_depth=>0, :limit_depth=>true, :recv=>true}) :diaspora_user=
    (hole 0 {:hash_depth=>0, :method_arg=>true}))
  (true))
BASETYPE: true or false
SIZE WORK_LIST: 14
SIZE generated: 1
EVALUABLE#: 0

-------------------------

----------------
TTYPES
true or false
true or false
true or false
true or false

PROGS

LOCAL_COUNT: 11
GLOBAL_COUNT: 11

BASE_AFTER:
(begin
  (send
    (hole 0 {:hash_depth=>0, :limit_depth=>true, :recv=>true}) :count=
    (hole 0 {:hash_depth=>0, :method_arg=>true}))
  (false))
BASETYPE: true or false
SIZE WORK_LIST: 14
SIZE generated: 4
EVALUABLE#: 3

-------------------------

----------------
TTYPES
true or false

PROGS

LOCAL_COUNT: 12
GLOBAL_COUNT: 12

BASE_AFTER:
(begin
  (send
    (hole 0 {:hash_depth=>0, :limit_depth=>true, :recv=>true}) :diaspora_user=
    (hole 0 {:hash_depth=>0, :method_arg=>true}))
  (false))
BASETYPE: true or false
SIZE WORK_LIST: 16
SIZE generated: 1
EVALUABLE#: 0

-------------------------

----------------
TTYPES
Integer
Integer
Integer
Integer
Integer

PROGS

LOCAL_COUNT: 13
GLOBAL_COUNT: 13

BASE_AFTER:
(begin
  (send
    (hole 0 {:hash_depth=>0, :limit_depth=>true, :recv=>true}) :count=
    (hole 0 {:hash_depth=>0, :method_arg=>true}))
  (int 0))
BASETYPE: Integer
SIZE WORK_LIST: 16
SIZE generated: 5
EVALUABLE#: 4

-------------------------

----------------
TTYPES
Integer

PROGS

LOCAL_COUNT: 14
GLOBAL_COUNT: 14

BASE_AFTER:
(begin
  (send
    (hole 0 {:hash_depth=>0, :limit_depth=>true, :recv=>true}) :diaspora_user=
    (hole 0 {:hash_depth=>0, :method_arg=>true}))
  (int 0))
BASETYPE: Integer
SIZE WORK_LIST: 19
SIZE generated: 1
EVALUABLE#: 0

-------------------------

----------------
TTYPES
Integer
Integer
Integer
Integer
Integer

PROGS

LOCAL_COUNT: 15
GLOBAL_COUNT: 15

BASE_AFTER:
(begin
  (send
    (hole 0 {:hash_depth=>0, :limit_depth=>true, :recv=>true}) :count=
    (hole 0 {:hash_depth=>0, :method_arg=>true}))
  (int 1))
BASETYPE: Integer
SIZE WORK_LIST: 19
SIZE generated: 5
EVALUABLE#: 4

-------------------------

----------------
TTYPES
Integer

PROGS

LOCAL_COUNT: 16
GLOBAL_COUNT: 16

BASE_AFTER:
(begin
  (send
    (hole 0 {:hash_depth=>0, :limit_depth=>true, :recv=>true}) :diaspora_user=
    (hole 0 {:hash_depth=>0, :method_arg=>true}))
  (int 1))
BASETYPE: Integer
SIZE WORK_LIST: 22
SIZE generated: 1
EVALUABLE#: 0

-------------------------

----------------
TTYPES
Integer
Integer
Integer
Integer
Integer

PROGS

LOCAL_COUNT: 17
GLOBAL_COUNT: 17

BASE_AFTER:
(begin
  (send
    (hole 0 {:hash_depth=>0, :limit_depth=>true, :recv=>true}) :count=
    (hole 0 {:hash_depth=>0, :method_arg=>true}))
  (int 2))
BASETYPE: Integer
SIZE WORK_LIST: 22
SIZE generated: 5
EVALUABLE#: 4

-------------------------

----------------
TTYPES
Integer

PROGS

LOCAL_COUNT: 18
GLOBAL_COUNT: 18

BASE_AFTER:
(begin
  (send
    (hole 0 {:hash_depth=>0, :limit_depth=>true, :recv=>true}) :diaspora_user=
    (hole 0 {:hash_depth=>0, :method_arg=>true}))
  (int 2))
BASETYPE: Integer
SIZE WORK_LIST: 24
SIZE generated: 1
EVALUABLE#: 0

-------------------------

----------------
TTYPES
String
String
String
String

PROGS

LOCAL_COUNT: 19
GLOBAL_COUNT: 19

BASE_AFTER:
(begin
  (send
    (hole 0 {:hash_depth=>0, :limit_depth=>true, :recv=>true}) :count=
    (hole 0 {:hash_depth=>0, :method_arg=>true}))
  (str ""))
BASETYPE: String
SIZE WORK_LIST: 24
SIZE generated: 4
EVALUABLE#: 3

-------------------------

----------------
TTYPES
String

PROGS

LOCAL_COUNT: 20
GLOBAL_COUNT: 20

BASE_AFTER:
(begin
  (send
    (hole 0 {:hash_depth=>0, :limit_depth=>true, :recv=>true}) :diaspora_user=
    (hole 0 {:hash_depth=>0, :method_arg=>true}))
  (str ""))
BASETYPE: String
SIZE WORK_LIST: 26
SIZE generated: 1
EVALUABLE#: 0

-------------------------

----------------
TTYPES
true or false
true or false

PROGS

LOCAL_COUNT: 21
GLOBAL_COUNT: 21

BASE_AFTER:
(begin
  (send
    (lvar :arg0) :count=
    (int 0))
  (true))
BASETYPE: true or false
SIZE WORK_LIST: 26
SIZE generated: 2
EVALUABLE#: 0

-------------------------

----------------
TTYPES
true or false
true or false

PROGS

LOCAL_COUNT: 22
GLOBAL_COUNT: 22

BASE_AFTER:
(begin
  (send
    (lvar :arg0) :count=
    (int 1))
  (true))
BASETYPE: true or false
SIZE WORK_LIST: 27
SIZE generated: 2
EVALUABLE#: 0

-------------------------

----------------
TTYPES
true or false
true or false

PROGS

LOCAL_COUNT: 23
GLOBAL_COUNT: 23

BASE_AFTER:
(begin
  (send
    (lvar :arg0) :count=
    (int 0))
  (false))
BASETYPE: true or false
SIZE WORK_LIST: 28
SIZE generated: 2
EVALUABLE#: 0

-------------------------

----------------
TTYPES
true or false
true or false

PROGS

LOCAL_COUNT: 24
GLOBAL_COUNT: 24

BASE_AFTER:
(begin
  (send
    (lvar :arg0) :count=
    (int 1))
  (false))
BASETYPE: true or false
SIZE WORK_LIST: 29
SIZE generated: 2
EVALUABLE#: 0

-------------------------

----------------
TTYPES
Integer
Integer

PROGS

LOCAL_COUNT: 25
GLOBAL_COUNT: 25

BASE_AFTER:
(begin
  (send
    (lvar :arg0) :count=
    (int 0))
  (int 0))
BASETYPE: Integer
SIZE WORK_LIST: 30
SIZE generated: 2
EVALUABLE#: 0

-------------------------

----------------
TTYPES
Integer
Integer

PROGS

LOCAL_COUNT: 26
GLOBAL_COUNT: 26

BASE_AFTER:
(begin
  (send
    (lvar :arg0) :count=
    (int 1))
  (int 0))
BASETYPE: Integer
SIZE WORK_LIST: 31
SIZE generated: 2
EVALUABLE#: 0

-------------------------

----------------
TTYPES
Integer
Integer

PROGS

LOCAL_COUNT: 27
GLOBAL_COUNT: 27

BASE_AFTER:
(begin
  (lvasgn :t0
    (int 0))
  (send
    (lvar :arg0) :count=
    (lvar :t0))
  (lvar :t0))
BASETYPE: Integer
SIZE WORK_LIST: 32
SIZE generated: 2
EVALUABLE#: 0

-------------------------

----------------
TTYPES
Integer
Integer

PROGS

LOCAL_COUNT: 28
GLOBAL_COUNT: 28

BASE_AFTER:
(begin
  (send
    (lvar :arg0) :count=
    (int 0))
  (int 1))
BASETYPE: Integer
SIZE WORK_LIST: 33
SIZE generated: 2
EVALUABLE#: 0

-------------------------

----------------
TTYPES
Integer
Integer

PROGS

LOCAL_COUNT: 29
GLOBAL_COUNT: 29

BASE_AFTER:
(begin
  (send
    (lvar :arg0) :count=
    (int 1))
  (int 1))
BASETYPE: Integer
SIZE WORK_LIST: 34
SIZE generated: 2
EVALUABLE#: 0

-------------------------

----------------
TTYPES
Integer
Integer

PROGS

LOCAL_COUNT: 30
GLOBAL_COUNT: 30

BASE_AFTER:
(begin
  (lvasgn :t0
    (int 1))
  (send
    (lvar :arg0) :count=
    (lvar :t0))
  (lvar :t0))
BASETYPE: Integer
SIZE WORK_LIST: 35
SIZE generated: 2
EVALUABLE#: 0

-------------------------

----------------
TTYPES
Integer
Integer

PROGS

LOCAL_COUNT: 31
GLOBAL_COUNT: 31

BASE_AFTER:
(begin
  (send
    (lvar :arg0) :count=
    (int 0))
  (int 2))
BASETYPE: Integer
SIZE WORK_LIST: 36
SIZE generated: 2
EVALUABLE#: 0

-------------------------

----------------
TTYPES
Integer
Integer

PROGS

LOCAL_COUNT: 32
GLOBAL_COUNT: 32

BASE_AFTER:
(begin
  (send
    (lvar :arg0) :count=
    (int 1))
  (int 2))
BASETYPE: Integer
SIZE WORK_LIST: 37
SIZE generated: 2
EVALUABLE#: 0

-------------------------

----------------
TTYPES
String
String

PROGS

LOCAL_COUNT: 33
GLOBAL_COUNT: 33

BASE_AFTER:
(begin
  (send
    (lvar :arg0) :count=
    (int 0))
  (str ""))
BASETYPE: String
SIZE WORK_LIST: 38
SIZE generated: 2
EVALUABLE#: 0

-------------------------

----------------
TTYPES
String
String

PROGS

LOCAL_COUNT: 34
GLOBAL_COUNT: 34

BASE_AFTER:
(begin
  (send
    (lvar :arg0) :count=
    (int 1))
  (str ""))
BASETYPE: String
SIZE WORK_LIST: 39
SIZE generated: 2
EVALUABLE#: 0

-------------------------

----------------
TTYPES
Integer
Integer
Integer
Integer
Integer
Integer
Integer
Integer
Integer
%bot

PROGS

LOCAL_COUNT: 35
GLOBAL_COUNT: 35

BASE_AFTER:
(filled-hole
  (begin
    (send
      (send
        (hole 0 {:hash_depth=>0, :limit_depth=>true, :recv=>true}) :id=
        (hole 0 {:hash_depth=>0, :method_arg=>true})) :-
      (hole 0 {:hash_depth=>0, :method_arg=>true})))
  (begin
    (send
      (send
        (hole 0 {:hash_depth=>0, :limit_depth=>true, :recv=>true}) :id=
        (hole 0 {:hash_depth=>0, :method_arg=>true})) :-
      (hole 0 {:hash_depth=>0, :method_arg=>true})))
  (begin
    (send
      (send
        (hole 0 {:hash_depth=>0, :limit_depth=>true, :recv=>true}) :id=
        (hole 0 {:hash_depth=>0, :method_arg=>true})) :count))
  (begin
    (send
      (send
        (hole 0 {:hash_depth=>0, :limit_depth=>true, :recv=>true}) :id) :-
      (hole 0 {:hash_depth=>0, :method_arg=>true})))
  (begin
    (send
      (send
        (hole 0 {:hash_depth=>0, :limit_depth=>true, :recv=>true}) :id) :-
      (hole 0 {:hash_depth=>0, :method_arg=>true})))
  (begin
    (send
      (send
        (hole 0 {:hash_depth=>0, :limit_depth=>true, :recv=>true}) :id) :count))
  (begin
    (send
      (send
        (hole 0 {:hash_depth=>0, :limit_depth=>true, :recv=>true}) :token=
        (hole 0 {:hash_depth=>0, :method_arg=>true})) :count))
  (begin
    (send
      (send
        (hole 0 {:hash_depth=>0, :limit_depth=>true, :recv=>true}) :token=
        (hole 0 {:hash_depth=>0, :method_arg=>true})) :-
      (hole 0 {:hash_depth=>0, :method_arg=>true})))
  (begin
    (send
      (send
        (hole 0 {:hash_depth=>0, :limit_depth=>true, :recv=>true}) :token) :count))
  (begin
    (send
      (send
        (hole 0 {:hash_depth=>0, :limit_depth=>true, :recv=>true}) :token) :-
      (hole 0 {:hash_depth=>0, :method_arg=>true})))
  (begin
    (send
      (send
        (hole 0 {:hash_depth=>0, :limit_depth=>true, :recv=>true}) :diaspora_user_id=
        (hole 0 {:hash_depth=>0, :method_arg=>true})) :-
      (hole 0 {:hash_depth=>0, :method_arg=>true})))
  (begin
    (send
      (send
        (hole 0 {:hash_depth=>0, :limit_depth=>true, :recv=>true}) :diaspora_user_id=
        (hole 0 {:hash_depth=>0, :method_arg=>true})) :-
      (hole 0 {:hash_depth=>0, :method_arg=>true})))
  (begin
    (send
      (send
        (hole 0 {:hash_depth=>0, :limit_depth=>true, :recv=>true}) :diaspora_user_id=
        (hole 0 {:hash_depth=>0, :method_arg=>true})) :count))
  (begin
    (send
      (send
        (hole 0 {:hash_depth=>0, :limit_depth=>true, :recv=>true}) :diaspora_user_id) :-
      (hole 0 {:hash_depth=>0, :method_arg=>true})))
  (begin
    (send
      (send
        (hole 0 {:hash_depth=>0, :limit_depth=>true, :recv=>true}) :diaspora_user_id) :-
      (hole 0 {:hash_depth=>0, :method_arg=>true})))
  (begin
    (send
      (send
        (hole 0 {:hash_depth=>0, :limit_depth=>true, :recv=>true}) :diaspora_user_id) :count))
  (begin
    (send
      (send
        (hole 0 {:hash_depth=>0, :limit_depth=>true, :recv=>true}) :count=
        (hole 0 {:hash_depth=>0, :method_arg=>true})) :-
      (hole 0 {:hash_depth=>0, :method_arg=>true})))
  (begin
    (send
      (send
        (hole 0 {:hash_depth=>0, :limit_depth=>true, :recv=>true}) :count=
        (hole 0 {:hash_depth=>0, :method_arg=>true})) :-
      (hole 0 {:hash_depth=>0, :method_arg=>true})))
  (begin
    (send
      (send
        (hole 0 {:hash_depth=>0, :limit_depth=>true, :recv=>true}) :count=
        (hole 0 {:hash_depth=>0, :method_arg=>true})) :count))
  (begin
    (send
      (begin
        (send
          (hole 0 {:hash_depth=>0, :limit_depth=>true, :recv=>true}) :count)) :-
      (hole 0 {:hash_depth=>0, :method_arg=>true})))
  (begin
    (send
      (begin
        (send
          (hole 0 {:hash_depth=>0, :limit_depth=>true, :recv=>true}) :count)) :-
      (hole 0 {:hash_depth=>0, :method_arg=>true})))
  (begin
    (send
      (begin
        (send
          (hole 0 {:hash_depth=>0, :limit_depth=>true, :recv=>true}) :count)) :count))
  (begin
    (send
      (send
        (hole 0 {:hash_depth=>0, :limit_depth=>true, :recv=>true}) :diaspora_user) :count))
  (begin
    (send
      (send
        (hole 0 {:hash_depth=>0, :limit_depth=>true, :recv=>true}) :diaspora_user) :-
      (hole 0 {:hash_depth=>0, :method_arg=>true})))
  (begin
    (send
      (send
        (hole 0 {:hash_depth=>0, :limit_depth=>true, :recv=>true}) :diaspora_user=
        (hole 0 {:hash_depth=>0, :method_arg=>true})) :count))
  (begin
    (send
      (send
        (hole 0 {:hash_depth=>0, :limit_depth=>true, :recv=>true}) :diaspora_user=
        (hole 0 {:hash_depth=>0, :method_arg=>true})) :-
      (hole 0 {:hash_depth=>0, :method_arg=>true})))
  (begin
    (send
      (begin
        (send
          (hole 0 {:hash_depth=>0, :limit_depth=>true, :recv=>true}) :-
          (hole 0 {:hash_depth=>0, :method_arg=>true}))) :-
      (hole 0 {:hash_depth=>0, :method_arg=>true})))
  (begin
    (send
      (begin
        (send
          (hole 0 {:hash_depth=>0, :limit_depth=>true, :recv=>true}) :-
          (hole 0 {:hash_depth=>0, :method_arg=>true}))) :-
      (hole 0 {:hash_depth=>0, :method_arg=>true})))
  (begin
    (send
      (begin
        (send
          (hole 0 {:hash_depth=>0, :limit_depth=>true, :recv=>true}) :save)) :count))
  (begin
    (send
      (begin
        (send
          (hole 0 {:hash_depth=>0, :limit_depth=>true, :recv=>true}) :save)) :-
      (hole 0 {:hash_depth=>0, :method_arg=>true})))
  (begin
    (send
      (begin
        (send
          (hole 0 {:hash_depth=>0, :limit_depth=>true, :recv=>true}) :count)) :-
      (hole 0 {:hash_depth=>0, :method_arg=>true})))
  (begin
    (send
      (begin
        (send
          (hole 0 {:hash_depth=>0, :limit_depth=>true, :recv=>true}) :count)) :-
      (hole 0 {:hash_depth=>0, :method_arg=>true})))
  (begin
    (send
      (begin
        (send
          (hole 0 {:hash_depth=>0, :limit_depth=>true, :recv=>true}) :-
          (hole 0 {:hash_depth=>0, :method_arg=>true}))) :-
      (hole 0 {:hash_depth=>0, :method_arg=>true})))
  (begin
    (send
      (begin
        (send
          (hole 0 {:hash_depth=>0, :limit_depth=>true, :recv=>true}) :-
          (hole 0 {:hash_depth=>0, :method_arg=>true}))) :-
      (hole 0 {:hash_depth=>0, :method_arg=>true})))
  (begin
    (send
      (begin
        (send
          (hole 0 {:hash_depth=>0, :limit_depth=>true, :recv=>true}) :save)) :count))
  (begin
    (send
      (begin
        (send
          (hole 0 {:hash_depth=>0, :limit_depth=>true, :recv=>true}) :save)) :-
      (hole 0 {:hash_depth=>0, :method_arg=>true})))
  (hole 3 {:hash_depth=>0, :method_arg=>false, :variance=>:-}) {:method_arg=>false})
BASETYPE: %bot
SIZE WORK_LIST: 40
SIZE generated: 10
EVALUABLE#: 0

-------------------------

----------------
TTYPES
Integer
Integer
Integer
Integer
Integer
Integer
Integer
Integer
Integer
Integer
Integer
Integer
Integer
Integer
Integer
Integer
Integer
Integer
Integer
Integer
Integer
Integer
Integer
Integer
Integer
Integer
Integer
Integer
Integer
Integer
Integer
Integer
Integer
Integer
Integer
Integer

PROGS

LOCAL_COUNT: 36
GLOBAL_COUNT: 36

BASE_AFTER:
(begin
  (send
    (begin
      (send
        (filled-hole
          (lvar :arg0) {:method_arg=>false}) :-
        (filled-hole
          (lvar :arg0)
          (lvar InvitationCode(id: integer, token: string, diaspora_user_id: integer, count: integer))
          (true)
          (false)
          (int 0)
          (int 1)
          (int 2)
          (str "")
          (hole 1 {:hash_depth=>0, :method_arg=>true, :variance=>:+}) {:method_arg=>true}))) :-
    (filled-hole
      (int 0)
      (int 1)
      (int 2)
      (hole 1 {:hash_depth=>0, :method_arg=>true, :variance=>:+}) {:method_arg=>true})))
BASETYPE: Integer
SIZE WORK_LIST: 49
SIZE generated: 36
EVALUABLE#: 24

-------------------------

----------------
TTYPES
Integer
Integer
Integer
Integer
Integer
Integer
Integer
Integer
Integer
Integer
Integer
Integer
Integer
Integer
Integer
Integer
Integer
Integer
Integer
Integer
Integer
Integer
Integer
Integer
Integer
Integer
Integer
Integer
Integer
Integer
Integer
Integer
Integer
Integer
Integer
Integer

PROGS

LOCAL_COUNT: 37
GLOBAL_COUNT: 37

BASE_AFTER:
(begin
  (send
    (begin
      (send
        (filled-hole
          (lvar InvitationCode(id: integer, token: string, diaspora_user_id: integer, count: integer)) {:method_arg=>false}) :-
        (filled-hole
          (lvar :arg0)
          (lvar InvitationCode(id: integer, token: string, diaspora_user_id: integer, count: integer))
          (true)
          (false)
          (int 0)
          (int 1)
          (int 2)
          (str "")
          (hole 1 {:hash_depth=>0, :method_arg=>true, :variance=>:+}) {:method_arg=>true}))) :-
    (filled-hole
      (int 0)
      (int 1)
      (int 2)
      (hole 1 {:hash_depth=>0, :method_arg=>true, :variance=>:+}) {:method_arg=>true})))
BASETYPE: Integer
SIZE WORK_LIST: 60
SIZE generated: 36
EVALUABLE#: 24

-------------------------

----------------
TTYPES
Integer
Integer
Integer
Integer

PROGS

LOCAL_COUNT: 38
GLOBAL_COUNT: 38

BASE_AFTER:
(begin
  (send
    (begin
      (send
        (filled-hole
          (lvar InvitationCode(id: integer, token: string, diaspora_user_id: integer, count: integer)) {:method_arg=>false}) :count)) :-
    (filled-hole
      (int 0)
      (int 1)
      (int 2)
      (hole 1 {:hash_depth=>0, :method_arg=>true, :variance=>:+}) {:method_arg=>true})))
BASETYPE: Integer
SIZE WORK_LIST: 71
SIZE generated: 4
EVALUABLE#: 3

-------------------------

----------------
TTYPES
true or false
true or false
true or false
true or false
true or false
true or false
true or false
true or false
true or false
true or false
true or false

PROGS

LOCAL_COUNT: 39
GLOBAL_COUNT: 39

BASE_AFTER:
(begin
  (send
    (lvar :arg0) :count=
    (hole 1 {:hash_depth=>0, :method_arg=>true, :variance=>:+}))
  (true))
BASETYPE: true or false
SIZE WORK_LIST: 74
SIZE generated: 11
EVALUABLE#: 0

-------------------------

----------------
TTYPES
Integer
Integer

PROGS

LOCAL_COUNT: 40
GLOBAL_COUNT: 40

BASE_AFTER:
(begin
  (send
    (begin
      (send
        (lvar InvitationCode(id: integer, token: string, diaspora_user_id: integer, count: integer)) :count)) :-
    (int 0)))
BASETYPE: Integer
SIZE WORK_LIST: 84
SIZE generated: 2
EVALUABLE#: 0

-------------------------

----------------
TTYPES
Integer
Integer

PROGS

LOCAL_COUNT: 41
GLOBAL_COUNT: 41

BASE_AFTER:
(begin
  (send
    (begin
      (send
        (lvar InvitationCode(id: integer, token: string, diaspora_user_id: integer, count: integer)) :count)) :-
    (int 1)))
BASETYPE: Integer
SIZE WORK_LIST: 85
SIZE generated: 2
EVALUABLE#: 0

-------------------------

----------------
TTYPES
Integer
Integer

PROGS

LOCAL_COUNT: 42
GLOBAL_COUNT: 42

BASE_AFTER:
(begin
  (send
    (begin
      (send
        (lvar InvitationCode(id: integer, token: string, diaspora_user_id: integer, count: integer)) :count)) :-
    (int 2)))
BASETYPE: Integer
SIZE WORK_LIST: 86
SIZE generated: 2
EVALUABLE#: 0

-------------------------

----------------
TTYPES
true or false

PROGS

LOCAL_COUNT: 43
GLOBAL_COUNT: 43

BASE_AFTER:
(begin
  (send
    (lvar :arg0) :count=
    (begin
      (send
        (hole 0 {:hash_depth=>0, :limit_depth=>true, :recv=>true}) :count)))
  (true))
BASETYPE: true or false
SIZE WORK_LIST: 87
SIZE generated: 1
EVALUABLE#: 1

-------------------------

----------------
TTYPES
true or false
true or false
true or false
true or false
true or false
true or false

PROGS

LOCAL_COUNT: 44
GLOBAL_COUNT: 44

BASE_AFTER:
(begin
  (send
    (lvar :arg0) :diaspora_user=
    (hole 1 {:hash_depth=>0, :method_arg=>true, :variance=>:+}))
  (true))
BASETYPE: true or false
SIZE WORK_LIST: 87
SIZE generated: 6
EVALUABLE#: 0

-------------------------

----------------
TTYPES
true or false
true or false

PROGS

LOCAL_COUNT: 45
GLOBAL_COUNT: 45

BASE_AFTER:
(begin
  (send
    (lvar :arg0) :count=
    (begin
      (send
        (lvar InvitationCode(id: integer, token: string, diaspora_user_id: integer, count: integer)) :count)))
  (true))
BASETYPE: true or false
SIZE WORK_LIST: 92
SIZE generated: 2
EVALUABLE#: 0

-------------------------

----------------
TTYPES
true or false

PROGS

LOCAL_COUNT: 46
GLOBAL_COUNT: 46

BASE_AFTER:
(begin
  (send
    (lvar :arg0) :diaspora_user=
    (begin
      (send
        (hole 0 {:hash_depth=>0, :limit_depth=>true, :recv=>true}) :count)))
  (true))
BASETYPE: true or false
SIZE WORK_LIST: 93
SIZE generated: 1
EVALUABLE#: 1

-------------------------

----------------
TTYPES
true or false
true or false
true or false
true or false
true or false
true or false
true or false
true or false
true or false
true or false
true or false

PROGS

LOCAL_COUNT: 47
GLOBAL_COUNT: 47

BASE_AFTER:
(begin
  (send
    (lvar :arg0) :count=
    (hole 1 {:hash_depth=>0, :method_arg=>true, :variance=>:+}))
  (false))
BASETYPE: true or false
SIZE WORK_LIST: 92
SIZE generated: 11
EVALUABLE#: 0

-------------------------

----------------
TTYPES
true or false

PROGS

LOCAL_COUNT: 48
GLOBAL_COUNT: 48

BASE_AFTER:
(begin
  (send
    (lvar :arg0) :count=
    (begin
      (send
        (hole 0 {:hash_depth=>0, :limit_depth=>true, :recv=>true}) :count)))
  (false))
BASETYPE: true or false
SIZE WORK_LIST: 102
SIZE generated: 1
EVALUABLE#: 1

-------------------------

----------------
TTYPES
true or false
true or false
true or false
true or false
true or false
true or false

PROGS

LOCAL_COUNT: 49
GLOBAL_COUNT: 49

BASE_AFTER:
(begin
  (send
    (lvar :arg0) :diaspora_user=
    (hole 1 {:hash_depth=>0, :method_arg=>true, :variance=>:+}))
  (false))
BASETYPE: true or false
SIZE WORK_LIST: 102
SIZE generated: 6
EVALUABLE#: 0

-------------------------

----------------
TTYPES
true or false
true or false

PROGS

LOCAL_COUNT: 50
GLOBAL_COUNT: 50

BASE_AFTER:
(begin
  (send
    (lvar :arg0) :count=
    (begin
      (send
        (lvar InvitationCode(id: integer, token: string, diaspora_user_id: integer, count: integer)) :count)))
  (false))
BASETYPE: true or false
SIZE WORK_LIST: 107
SIZE generated: 2
EVALUABLE#: 0

-------------------------

----------------
TTYPES
true or false

PROGS

LOCAL_COUNT: 51
GLOBAL_COUNT: 51

BASE_AFTER:
(begin
  (send
    (lvar :arg0) :diaspora_user=
    (begin
      (send
        (hole 0 {:hash_depth=>0, :limit_depth=>true, :recv=>true}) :count)))
  (false))
BASETYPE: true or false
SIZE WORK_LIST: 108
SIZE generated: 1
EVALUABLE#: 1

-------------------------

----------------
TTYPES
Integer
Integer
Integer
Integer
Integer
Integer
Integer
Integer
Integer
Integer
Integer

PROGS

LOCAL_COUNT: 52
GLOBAL_COUNT: 52

BASE_AFTER:
(begin
  (send
    (lvar :arg0) :count=
    (hole 1 {:hash_depth=>0, :method_arg=>true, :variance=>:+}))
  (int 0))
BASETYPE: Integer
SIZE WORK_LIST: 107
SIZE generated: 11
EVALUABLE#: 0

-------------------------

----------------
TTYPES
Integer

PROGS

LOCAL_COUNT: 53
GLOBAL_COUNT: 53

BASE_AFTER:
(begin
  (send
    (lvar :arg0) :count=
    (begin
      (send
        (hole 0 {:hash_depth=>0, :limit_depth=>true, :recv=>true}) :count)))
  (int 0))
BASETYPE: Integer
SIZE WORK_LIST: 117
SIZE generated: 1
EVALUABLE#: 1

-------------------------

----------------
TTYPES
Integer
Integer
Integer
Integer
Integer
Integer

PROGS

LOCAL_COUNT: 54
GLOBAL_COUNT: 54

BASE_AFTER:
(begin
  (send
    (lvar :arg0) :diaspora_user=
    (hole 1 {:hash_depth=>0, :method_arg=>true, :variance=>:+}))
  (int 0))
BASETYPE: Integer
SIZE WORK_LIST: 117
SIZE generated: 6
EVALUABLE#: 0

-------------------------

----------------
TTYPES
Integer
Integer

PROGS

LOCAL_COUNT: 55
GLOBAL_COUNT: 55

BASE_AFTER:
(begin
  (send
    (lvar :arg0) :count=
    (begin
      (send
        (lvar InvitationCode(id: integer, token: string, diaspora_user_id: integer, count: integer)) :count)))
  (int 0))
BASETYPE: Integer
SIZE WORK_LIST: 122
SIZE generated: 2
EVALUABLE#: 0

-------------------------

----------------
TTYPES
Integer

PROGS

LOCAL_COUNT: 56
GLOBAL_COUNT: 56

BASE_AFTER:
(begin
  (send
    (lvar :arg0) :diaspora_user=
    (begin
      (send
        (hole 0 {:hash_depth=>0, :limit_depth=>true, :recv=>true}) :count)))
  (int 0))
BASETYPE: Integer
SIZE WORK_LIST: 123
SIZE generated: 1
EVALUABLE#: 1

-------------------------

----------------
TTYPES
Integer
Integer
Integer
Integer
Integer
Integer
Integer
Integer
Integer
Integer
Integer

PROGS

LOCAL_COUNT: 57
GLOBAL_COUNT: 57

BASE_AFTER:
(begin
  (send
    (lvar :arg0) :count=
    (hole 1 {:hash_depth=>0, :method_arg=>true, :variance=>:+}))
  (int 1))
BASETYPE: Integer
SIZE WORK_LIST: 122
SIZE generated: 11
EVALUABLE#: 0

-------------------------

----------------
TTYPES
Integer

PROGS

LOCAL_COUNT: 58
GLOBAL_COUNT: 58

BASE_AFTER:
(begin
  (send
    (lvar :arg0) :count=
    (begin
      (send
        (hole 0 {:hash_depth=>0, :limit_depth=>true, :recv=>true}) :count)))
  (int 1))
BASETYPE: Integer
SIZE WORK_LIST: 132
SIZE generated: 1
EVALUABLE#: 1

-------------------------

----------------
TTYPES
Integer
Integer
Integer
Integer
Integer
Integer

PROGS

LOCAL_COUNT: 59
GLOBAL_COUNT: 59

BASE_AFTER:
(begin
  (send
    (lvar :arg0) :diaspora_user=
    (hole 1 {:hash_depth=>0, :method_arg=>true, :variance=>:+}))
  (int 1))
BASETYPE: Integer
SIZE WORK_LIST: 132
SIZE generated: 6
EVALUABLE#: 0

-------------------------

----------------
TTYPES
Integer
Integer

PROGS

LOCAL_COUNT: 60
GLOBAL_COUNT: 60

BASE_AFTER:
(begin
  (send
    (lvar :arg0) :count=
    (begin
      (send
        (lvar InvitationCode(id: integer, token: string, diaspora_user_id: integer, count: integer)) :count)))
  (int 1))
BASETYPE: Integer
SIZE WORK_LIST: 137
SIZE generated: 2
EVALUABLE#: 0

-------------------------

----------------
TTYPES
true or false
true or false
Integer
Integer
Integer
String
%bot

PROGS

LOCAL_COUNT: 1
GLOBAL_COUNT: 61

BASE_AFTER:
(filled-hole
  (true)
  (false)
  (int 0)
  (int 1)
  (int 2)
  (str "")
  (hole 1 {:hash_depth=>0, :method_arg=>false, :variance=>:-}) {:method_arg=>false})
BASETYPE: %bot
SIZE WORK_LIST: 0
SIZE generated: 7
EVALUABLE#: 6

-------------------------

----------------
TTYPES
true or false
true or false

PROGS

LOCAL_COUNT: 2
GLOBAL_COUNT: 62

BASE_AFTER:
(true)
BASETYPE: true or false
SIZE WORK_LIST: 6
SIZE generated: 2
EVALUABLE#: 0

-------------------------

----------------
TTYPES
true or false
true or false

PROGS

LOCAL_COUNT: 3
GLOBAL_COUNT: 63

BASE_AFTER:
(false)
BASETYPE: true or false
SIZE WORK_LIST: 7
SIZE generated: 2
EVALUABLE#: 0

-------------------------

----------------
TTYPES
Integer
Integer

PROGS

LOCAL_COUNT: 4
GLOBAL_COUNT: 64

BASE_AFTER:
(int 0)
BASETYPE: Integer
SIZE WORK_LIST: 8
SIZE generated: 2
EVALUABLE#: 0

-------------------------

----------------
TTYPES
Integer
Integer

PROGS

LOCAL_COUNT: 5
GLOBAL_COUNT: 65

BASE_AFTER:
(int 1)
BASETYPE: Integer
SIZE WORK_LIST: 9
SIZE generated: 2
EVALUABLE#: 0

-------------------------

----------------
TTYPES
Integer
Integer

PROGS

LOCAL_COUNT: 6
GLOBAL_COUNT: 66

BASE_AFTER:
(int 2)
BASETYPE: Integer
SIZE WORK_LIST: 10
SIZE generated: 2
EVALUABLE#: 0

-------------------------

----------------
TTYPES
String
String

PROGS

LOCAL_COUNT: 7
GLOBAL_COUNT: 67

BASE_AFTER:
(str "")
BASETYPE: String
SIZE WORK_LIST: 11
SIZE generated: 2
EVALUABLE#: 0

-------------------------

----------------
TTYPES
%bot

PROGS

LOCAL_COUNT: 8
GLOBAL_COUNT: 68

BASE_AFTER:
(filled-hole
  (hole 2 {:hash_depth=>0, :method_arg=>false, :variance=>:-}) {:method_arg=>false})
BASETYPE: %bot
SIZE WORK_LIST: 12
SIZE generated: 1
EVALUABLE#: 0

-------------------------

----------------
TTYPES
true or false
true or false
true or false
true or false

PROGS

LOCAL_COUNT: 9
GLOBAL_COUNT: 69

BASE_AFTER:
(begin
  (send
    (hole 0 {:hash_depth=>0, :limit_depth=>true, :recv=>true}) :count=
    (hole 0 {:hash_depth=>0, :method_arg=>true}))
  (true))
BASETYPE: true or false
SIZE WORK_LIST: 12
SIZE generated: 4
EVALUABLE#: 3

-------------------------

----------------
TTYPES
true or false

PROGS

LOCAL_COUNT: 1
GLOBAL_COUNT: 70

BASE_AFTER:
(filled-hole
  (hole 1 {:hash_depth=>0, :method_arg=>false, :variance=>:+}) {:method_arg=>false})
BASETYPE: true or false
SIZE WORK_LIST: 0
SIZE generated: 1
EVALUABLE#: 0

-------------------------

----------------
TTYPES
true or false
true or false
true or false

PROGS

LOCAL_COUNT: 2
GLOBAL_COUNT: 71

BASE_AFTER:
(filled-hole
  (begin
    (send
      (hole 0 {:hash_depth=>0, :limit_depth=>true, :recv=>true}) :-
      (hole 0 {:hash_depth=>0, :method_arg=>true})))
  (begin
    (send
      (hole 0 {:hash_depth=>0, :limit_depth=>true, :recv=>true}) :save))
  (begin
    (send
      (hole 0 {:hash_depth=>0, :limit_depth=>true, :recv=>true}) :count))
  (begin
    (send
      (hole 0 {:hash_depth=>0, :limit_depth=>true, :recv=>true}) :-
      (hole 0 {:hash_depth=>0, :method_arg=>true})))
  (begin
    (send
      (hole 0 {:hash_depth=>0, :limit_depth=>true, :recv=>true}) :save))
  (hole 2 {:hash_depth=>0, :method_arg=>false, :variance=>:+}) {:method_arg=>false})
BASETYPE: true or false
SIZE WORK_LIST: 0
SIZE generated: 3
EVALUABLE#: 0

-------------------------

----------------
TTYPES
true or false

PROGS

LOCAL_COUNT: 3
GLOBAL_COUNT: 72

BASE_AFTER:
(begin
  (send
    (filled-hole
      (lvar :arg0) {:method_arg=>false}) :save))
BASETYPE: true or false
SIZE WORK_LIST: 2
SIZE generated: 1
EVALUABLE#: 1

-------------------------

----------------
TTYPES
true or false

PROGS

LOCAL_COUNT: 4
GLOBAL_COUNT: 73

BASE_AFTER:
(begin
  (send
    (filled-hole
      (lvar InvitationCode(id: integer, token: string, diaspora_user_id: integer, count: integer)) {:method_arg=>false}) :save))
BASETYPE: true or false
SIZE WORK_LIST: 1
SIZE generated: 1
EVALUABLE#: 1

-------------------------

----------------
TTYPES
Integer
true or false
Integer
true or false
true or false
true or false
Integer
true or false
Integer
true or false
Integer
true or false
Integer
true or false
true or false
true or false
true or false
true or false
true or false
true or false
true or false
true or false
true or false
true or false
true or false
false or true
true or false
true or false
true or false
true or false
true or false
true or false
true or false
true or false
true or false
true or false
true or false
true or false
Integer
true or false
true or false
true or false
true or false
true or false
true or false
true or false
true or false
false or true
true or false
true or false
true or false
true or false
true or false
true or false
true or false
true or false
true or false
true or false
true or false
true or false
Integer
true or false
true or false
true or false
true or false
true or false
true or false
true or false
true or false
false or true
true or false
true or false
true or false
true or false
true or false
true or false
true or false
true or false
true or false
true or false
true or false
true or false
Integer
true or false
true or false

PROGS

LOCAL_COUNT: 5
GLOBAL_COUNT: 74

BASE_AFTER:
(filled-hole
  (begin
    (send
      (send
        (hole 0 {:hash_depth=>0, :limit_depth=>true, :recv=>true}) :id=
        (hole 0 {:hash_depth=>0, :method_arg=>true})) :-
      (hole 0 {:hash_depth=>0, :method_arg=>true})))
  (begin
    (send
      (send
        (hole 0 {:hash_depth=>0, :limit_depth=>true, :recv=>true}) :id=
        (hole 0 {:hash_depth=>0, :method_arg=>true})) :-
      (hole 0 {:hash_depth=>0, :method_arg=>true})))
  (begin
    (send
      (send
        (hole 0 {:hash_depth=>0, :limit_depth=>true, :recv=>true}) :id=
        (hole 0 {:hash_depth=>0, :method_arg=>true})) :-
      (hole 0 {:hash_depth=>0, :method_arg=>true})))
  (begin
    (send
      (send
        (hole 0 {:hash_depth=>0, :limit_depth=>true, :recv=>true}) :id=
        (hole 0 {:hash_depth=>0, :method_arg=>true})) :count))
  (begin
    (send
      (send
        (hole 0 {:hash_depth=>0, :limit_depth=>true, :recv=>true}) :id=
        (hole 0 {:hash_depth=>0, :method_arg=>true})) :save))
  (begin
    (send
      (send
        (hole 0 {:hash_depth=>0, :limit_depth=>true, :recv=>true}) :id) :-
      (hole 0 {:hash_depth=>0, :method_arg=>true})))
  (begin
    (send
      (send
        (hole 0 {:hash_depth=>0, :limit_depth=>true, :recv=>true}) :id) :-
      (hole 0 {:hash_depth=>0, :method_arg=>true})))
  (begin
    (send
      (send
        (hole 0 {:hash_depth=>0, :limit_depth=>true, :recv=>true}) :id) :-
      (hole 0 {:hash_depth=>0, :method_arg=>true})))
  (begin
    (send
      (send
        (hole 0 {:hash_depth=>0, :limit_depth=>true, :recv=>true}) :id) :count))
  (begin
    (send
      (send
        (hole 0 {:hash_depth=>0, :limit_depth=>true, :recv=>true}) :id) :save))
  (begin
    (send
      (send
        (hole 0 {:hash_depth=>0, :limit_depth=>true, :recv=>true}) :token=
        (hole 0 {:hash_depth=>0, :method_arg=>true})) :count))
  (begin
    (send
      (send
        (hole 0 {:hash_depth=>0, :limit_depth=>true, :recv=>true}) :token=
        (hole 0 {:hash_depth=>0, :method_arg=>true})) :-
      (hole 0 {:hash_depth=>0, :method_arg=>true})))
  (begin
    (send
      (send
        (hole 0 {:hash_depth=>0, :limit_depth=>true, :recv=>true}) :token=
        (hole 0 {:hash_depth=>0, :method_arg=>true})) :save))
  (begin
    (send
      (send
        (hole 0 {:hash_depth=>0, :limit_depth=>true, :recv=>true}) :token) :count))
  (begin
    (send
      (send
        (hole 0 {:hash_depth=>0, :limit_depth=>true, :recv=>true}) :token) :-
      (hole 0 {:hash_depth=>0, :method_arg=>true})))
  (begin
    (send
      (send
        (hole 0 {:hash_depth=>0, :limit_depth=>true, :recv=>true}) :token) :save))
  (begin
    (send
      (send
        (hole 0 {:hash_depth=>0, :limit_depth=>true, :recv=>true}) :diaspora_user_id=
        (hole 0 {:hash_depth=>0, :method_arg=>true})) :-
      (hole 0 {:hash_depth=>0, :method_arg=>true})))
  (begin
    (send
      (send
        (hole 0 {:hash_depth=>0, :limit_depth=>true, :recv=>true}) :diaspora_user_id=
        (hole 0 {:hash_depth=>0, :method_arg=>true})) :-
      (hole 0 {:hash_depth=>0, :method_arg=>true})))
  (begin
    (send
      (send
        (hole 0 {:hash_depth=>0, :limit_depth=>true, :recv=>true}) :diaspora_user_id=
        (hole 0 {:hash_depth=>0, :method_arg=>true})) :-
      (hole 0 {:hash_depth=>0, :method_arg=>true})))
  (begin
    (send
      (send
        (hole 0 {:hash_depth=>0, :limit_depth=>true, :recv=>true}) :diaspora_user_id=
        (hole 0 {:hash_depth=>0, :method_arg=>true})) :count))
  (begin
    (send
      (send
        (hole 0 {:hash_depth=>0, :limit_depth=>true, :recv=>true}) :diaspora_user_id=
        (hole 0 {:hash_depth=>0, :method_arg=>true})) :save))
  (begin
    (send
      (send
        (hole 0 {:hash_depth=>0, :limit_depth=>true, :recv=>true}) :diaspora_user_id) :-
      (hole 0 {:hash_depth=>0, :method_arg=>true})))
  (begin
    (send
      (send
        (hole 0 {:hash_depth=>0, :limit_depth=>true, :recv=>true}) :diaspora_user_id) :-
      (hole 0 {:hash_depth=>0, :method_arg=>true})))
  (begin
    (send
      (send
        (hole 0 {:hash_depth=>0, :limit_depth=>true, :recv=>true}) :diaspora_user_id) :-
      (hole 0 {:hash_depth=>0, :method_arg=>true})))
  (begin
    (send
      (send
        (hole 0 {:hash_depth=>0, :limit_depth=>true, :recv=>true}) :diaspora_user_id) :count))
  (begin
    (send
      (send
        (hole 0 {:hash_depth=>0, :limit_depth=>true, :recv=>true}) :diaspora_user_id) :save))
  (begin
    (send
      (send
        (hole 0 {:hash_depth=>0, :limit_depth=>true, :recv=>true}) :count=
        (hole 0 {:hash_depth=>0, :method_arg=>true})) :-
      (hole 0 {:hash_depth=>0, :method_arg=>true})))
  (begin
    (send
      (send
        (hole 0 {:hash_depth=>0, :limit_depth=>true, :recv=>true}) :count=
        (hole 0 {:hash_depth=>0, :method_arg=>true})) :-
      (hole 0 {:hash_depth=>0, :method_arg=>true})))
  (begin
    (send
      (send
        (hole 0 {:hash_depth=>0, :limit_depth=>true, :recv=>true}) :count=
        (hole 0 {:hash_depth=>0, :method_arg=>true})) :-
      (hole 0 {:hash_depth=>0, :method_arg=>true})))
  (begin
    (send
      (send
        (hole 0 {:hash_depth=>0, :limit_depth=>true, :recv=>true}) :count=
        (hole 0 {:hash_depth=>0, :method_arg=>true})) :count))
  (begin
    (send
      (send
        (hole 0 {:hash_depth=>0, :limit_depth=>true, :recv=>true}) :count=
        (hole 0 {:hash_depth=>0, :method_arg=>true})) :save))
  (begin
    (send
      (begin
        (send
          (hole 0 {:hash_depth=>0, :limit_depth=>true, :recv=>true}) :count)) :-
      (hole 0 {:hash_depth=>0, :method_arg=>true})))
  (begin
    (send
      (begin
        (send
          (hole 0 {:hash_depth=>0, :limit_depth=>true, :recv=>true}) :count)) :-
      (hole 0 {:hash_depth=>0, :method_arg=>true})))
  (begin
    (send
      (begin
        (send
          (hole 0 {:hash_depth=>0, :limit_depth=>true, :recv=>true}) :count)) :-
      (hole 0 {:hash_depth=>0, :method_arg=>true})))
  (begin
    (send
      (begin
        (send
          (hole 0 {:hash_depth=>0, :limit_depth=>true, :recv=>true}) :count)) :-
      (hole 0 {:hash_depth=>0, :method_arg=>true})))
  (begin
    (send
      (begin
        (send
          (hole 0 {:hash_depth=>0, :limit_depth=>true, :recv=>true}) :count)) :-
      (hole 0 {:hash_depth=>0, :method_arg=>true})))
  (begin
    (send
      (begin
        (send
          (hole 0 {:hash_depth=>0, :limit_depth=>true, :recv=>true}) :count)) :-
      (hole 0 {:hash_depth=>0, :method_arg=>true})))
  (begin
    (send
      (begin
        (send
          (hole 0 {:hash_depth=>0, :limit_depth=>true, :recv=>true}) :count)) :count))
  (begin
    (send
      (begin
        (send
          (hole 0 {:hash_depth=>0, :limit_depth=>true, :recv=>true}) :count)) :count))
  (begin
    (send
      (begin
        (send
          (hole 0 {:hash_depth=>0, :limit_depth=>true, :recv=>true}) :count)) :save))
  (begin
    (send
      (begin
        (send
          (hole 0 {:hash_depth=>0, :limit_depth=>true, :recv=>true}) :count)) :save))
  (begin
    (send
      (send
        (hole 0 {:hash_depth=>0, :limit_depth=>true, :recv=>true}) :diaspora_user) :count))
  (begin
    (send
      (send
        (hole 0 {:hash_depth=>0, :limit_depth=>true, :recv=>true}) :diaspora_user) :-
      (hole 0 {:hash_depth=>0, :method_arg=>true})))
  (begin
    (send
      (send
        (hole 0 {:hash_depth=>0, :limit_depth=>true, :recv=>true}) :diaspora_user) :save))
  (begin
    (send
      (send
        (hole 0 {:hash_depth=>0, :limit_depth=>true, :recv=>true}) :diaspora_user=
        (hole 0 {:hash_depth=>0, :method_arg=>true})) :count))
  (begin
    (send
      (send
        (hole 0 {:hash_depth=>0, :limit_depth=>true, :recv=>true}) :diaspora_user=
        (hole 0 {:hash_depth=>0, :method_arg=>true})) :-
      (hole 0 {:hash_depth=>0, :method_arg=>true})))
  (begin
    (send
      (send
        (hole 0 {:hash_depth=>0, :limit_depth=>true, :recv=>true}) :diaspora_user=
        (hole 0 {:hash_depth=>0, :method_arg=>true})) :save))
  (begin
    (send
      (begin
        (send
          (hole 0 {:hash_depth=>0, :limit_depth=>true, :recv=>true}) :save)) :count))
  (begin
    (send
      (begin
        (send
          (hole 0 {:hash_depth=>0, :limit_depth=>true, :recv=>true}) :save)) :-
      (hole 0 {:hash_depth=>0, :method_arg=>true})))
  (begin
    (send
      (begin
        (send
          (hole 0 {:hash_depth=>0, :limit_depth=>true, :recv=>true}) :save)) :save))
  (send
    (begin
      (send
        (hole 0 {:hash_depth=>0, :limit_depth=>true, :recv=>true}) :-
        (hole 0 {:hash_depth=>0, :method_arg=>true}))) :confirmed=
    (hole 0 {:hash_depth=>0, :method_arg=>true}))
  (send
    (begin
      (send
        (hole 0 {:hash_depth=>0, :limit_depth=>true, :recv=>true}) :-
        (hole 0 {:hash_depth=>0, :method_arg=>true}))) :confirmed)
  (send
    (begin
      (send
        (hole 0 {:hash_depth=>0, :limit_depth=>true, :recv=>true}) :-
        (hole 0 {:hash_depth=>0, :method_arg=>true}))) :expired=
    (hole 0 {:hash_depth=>0, :method_arg=>true}))
  (send
    (begin
      (send
        (hole 0 {:hash_depth=>0, :limit_depth=>true, :recv=>true}) :-
        (hole 0 {:hash_depth=>0, :method_arg=>true}))) :expired)
  (send
    (begin
      (send
        (hole 0 {:hash_depth=>0, :limit_depth=>true, :recv=>true}) :-
        (hole 0 {:hash_depth=>0, :method_arg=>true}))) :discoverable=
    (hole 0 {:hash_depth=>0, :method_arg=>true}))
  (send
    (begin
      (send
        (hole 0 {:hash_depth=>0, :limit_depth=>true, :recv=>true}) :-
        (hole 0 {:hash_depth=>0, :method_arg=>true}))) :discoverable)
  (send
    (begin
      (send
        (hole 0 {:hash_depth=>0, :limit_depth=>true, :recv=>true}) :-
        (hole 0 {:hash_depth=>0, :method_arg=>true}))) :scheduled_check=
    (hole 0 {:hash_depth=>0, :method_arg=>true}))
  (send
    (begin
      (send
        (hole 0 {:hash_depth=>0, :limit_depth=>true, :recv=>true}) :-
        (hole 0 {:hash_depth=>0, :method_arg=>true}))) :scheduled_check)
  (begin
    (send
      (begin
        (send
          (hole 0 {:hash_depth=>0, :limit_depth=>true, :recv=>true}) :-
          (hole 0 {:hash_depth=>0, :method_arg=>true}))) :save))
  (send
    (begin
      (send
        (hole 0 {:hash_depth=>0, :limit_depth=>true, :recv=>true}) :-
        (hole 0 {:hash_depth=>0, :method_arg=>true}))) :otp_required_for_login=
    (hole 0 {:hash_depth=>0, :method_arg=>true}))
  (send
    (begin
      (send
        (hole 0 {:hash_depth=>0, :limit_depth=>true, :recv=>true}) :-
        (hole 0 {:hash_depth=>0, :method_arg=>true}))) :otp_required_for_login)
  (send
    (begin
      (send
        (hole 0 {:hash_depth=>0, :limit_depth=>true, :recv=>true}) :-
        (hole 0 {:hash_depth=>0, :method_arg=>true}))) :admin=
    (hole 0 {:hash_depth=>0, :method_arg=>true}))
  (send
    (begin
      (send
        (hole 0 {:hash_depth=>0, :limit_depth=>true, :recv=>true}) :-
        (hole 0 {:hash_depth=>0, :method_arg=>true}))) :admin)
  (send
    (begin
      (send
        (hole 0 {:hash_depth=>0, :limit_depth=>true, :recv=>true}) :-
        (hole 0 {:hash_depth=>0, :method_arg=>true}))) :staged=
    (hole 0 {:hash_depth=>0, :method_arg=>true}))
  (send
    (begin
      (send
        (hole 0 {:hash_depth=>0, :limit_depth=>true, :recv=>true}) :-
        (hole 0 {:hash_depth=>0, :method_arg=>true}))) :staged)
  (send
    (begin
      (send
        (hole 0 {:hash_depth=>0, :limit_depth=>true, :recv=>true}) :-
        (hole 0 {:hash_depth=>0, :method_arg=>true}))) :active=
    (hole 0 {:hash_depth=>0, :method_arg=>true}))
  (send
    (begin
      (send
        (hole 0 {:hash_depth=>0, :limit_depth=>true, :recv=>true}) :-
        (hole 0 {:hash_depth=>0, :method_arg=>true}))) :active)
  (send
    (begin
      (send
        (hole 0 {:hash_depth=>0, :limit_depth=>true, :recv=>true}) :-
        (hole 0 {:hash_depth=>0, :method_arg=>true}))) :primary=
    (hole 0 {:hash_depth=>0, :method_arg=>true}))
  (send
    (begin
      (send
        (hole 0 {:hash_depth=>0, :limit_depth=>true, :recv=>true}) :-
        (hole 0 {:hash_depth=>0, :method_arg=>true}))) :primary)
  (send
    (begin
      (send
        (hole 0 {:hash_depth=>0, :limit_depth=>true, :recv=>true}) :-
        (hole 0 {:hash_depth=>0, :method_arg=>true}))) :moderator=
    (hole 0 {:hash_depth=>0, :method_arg=>true}))
  (send
    (begin
      (send
        (hole 0 {:hash_depth=>0, :limit_depth=>true, :recv=>true}) :-
        (hole 0 {:hash_depth=>0, :method_arg=>true}))) :moderator)
  (begin
    (send
      (begin
        (send
          (hole 0 {:hash_depth=>0, :limit_depth=>true, :recv=>true}) :-
          (hole 0 {:hash_depth=>0, :method_arg=>true}))) :-
      (hole 0 {:hash_depth=>0, :method_arg=>true})))
  (begin
    (send
      (begin
        (send
          (hole 0 {:hash_depth=>0, :limit_depth=>true, :recv=>true}) :-
          (hole 0 {:hash_depth=>0, :method_arg=>true}))) :-
      (hole 0 {:hash_depth=>0, :method_arg=>true})))
  (begin
    (send
      (begin
        (send
          (hole 0 {:hash_depth=>0, :limit_depth=>true, :recv=>true}) :-
          (hole 0 {:hash_depth=>0, :method_arg=>true}))) :-
      (hole 0 {:hash_depth=>0, :method_arg=>true})))
  (send
    (begin
      (send
        (hole 0 {:hash_depth=>0, :limit_depth=>true, :recv=>true}) :count)) :confirmed=
    (hole 0 {:hash_depth=>0, :method_arg=>true}))
  (send
    (begin
      (send
        (hole 0 {:hash_depth=>0, :limit_depth=>true, :recv=>true}) :count)) :confirmed)
  (send
    (begin
      (send
        (hole 0 {:hash_depth=>0, :limit_depth=>true, :recv=>true}) :count)) :expired=
    (hole 0 {:hash_depth=>0, :method_arg=>true}))
  (send
    (begin
      (send
        (hole 0 {:hash_depth=>0, :limit_depth=>true, :recv=>true}) :count)) :expired)
  (send
    (begin
      (send
        (hole 0 {:hash_depth=>0, :limit_depth=>true, :recv=>true}) :count)) :discoverable=
    (hole 0 {:hash_depth=>0, :method_arg=>true}))
  (send
    (begin
      (send
        (hole 0 {:hash_depth=>0, :limit_depth=>true, :recv=>true}) :count)) :discoverable)
  (send
    (begin
      (send
        (hole 0 {:hash_depth=>0, :limit_depth=>true, :recv=>true}) :count)) :scheduled_check=
    (hole 0 {:hash_depth=>0, :method_arg=>true}))
  (send
    (begin
      (send
        (hole 0 {:hash_depth=>0, :limit_depth=>true, :recv=>true}) :count)) :scheduled_check)
  (begin
    (send
      (begin
        (send
          (hole 0 {:hash_depth=>0, :limit_depth=>true, :recv=>true}) :count)) :save))
  (send
    (begin
      (send
        (hole 0 {:hash_depth=>0, :limit_depth=>true, :recv=>true}) :count)) :otp_required_for_login=
    (hole 0 {:hash_depth=>0, :method_arg=>true}))
  (send
    (begin
      (send
        (hole 0 {:hash_depth=>0, :limit_depth=>true, :recv=>true}) :count)) :otp_required_for_login)
  (send
    (begin
      (send
        (hole 0 {:hash_depth=>0, :limit_depth=>true, :recv=>true}) :count)) :admin=
    (hole 0 {:hash_depth=>0, :method_arg=>true}))
  (send
    (begin
      (send
        (hole 0 {:hash_depth=>0, :limit_depth=>true, :recv=>true}) :count)) :admin)
  (send
    (begin
      (send
        (hole 0 {:hash_depth=>0, :limit_depth=>true, :recv=>true}) :count)) :staged=
    (hole 0 {:hash_depth=>0, :method_arg=>true}))
  (send
    (begin
      (send
        (hole 0 {:hash_depth=>0, :limit_depth=>true, :recv=>true}) :count)) :staged)
  (send
    (begin
      (send
        (hole 0 {:hash_depth=>0, :limit_depth=>true, :recv=>true}) :count)) :active=
    (hole 0 {:hash_depth=>0, :method_arg=>true}))
  (send
    (begin
      (send
        (hole 0 {:hash_depth=>0, :limit_depth=>true, :recv=>true}) :count)) :active)
  (send
    (begin
      (send
        (hole 0 {:hash_depth=>0, :limit_depth=>true, :recv=>true}) :count)) :primary=
    (hole 0 {:hash_depth=>0, :method_arg=>true}))
  (send
    (begin
      (send
        (hole 0 {:hash_depth=>0, :limit_depth=>true, :recv=>true}) :count)) :primary)
  (send
    (begin
      (send
        (hole 0 {:hash_depth=>0, :limit_depth=>true, :recv=>true}) :count)) :moderator=
    (hole 0 {:hash_depth=>0, :method_arg=>true}))
  (send
    (begin
      (send
        (hole 0 {:hash_depth=>0, :limit_depth=>true, :recv=>true}) :count)) :moderator)
  (begin
    (send
      (begin
        (send
          (hole 0 {:hash_depth=>0, :limit_depth=>true, :recv=>true}) :count)) :-
      (hole 0 {:hash_depth=>0, :method_arg=>true})))
  (begin
    (send
      (begin
        (send
          (hole 0 {:hash_depth=>0, :limit_depth=>true, :recv=>true}) :count)) :-
      (hole 0 {:hash_depth=>0, :method_arg=>true})))
  (begin
    (send
      (begin
        (send
          (hole 0 {:hash_depth=>0, :limit_depth=>true, :recv=>true}) :count)) :-
      (hole 0 {:hash_depth=>0, :method_arg=>true})))
  (send
    (begin
      (send
        (hole 0 {:hash_depth=>0, :limit_depth=>true, :recv=>true}) :-
        (hole 0 {:hash_depth=>0, :method_arg=>true}))) :confirmed=
    (hole 0 {:hash_depth=>0, :method_arg=>true}))
  (send
    (begin
      (send
        (hole 0 {:hash_depth=>0, :limit_depth=>true, :recv=>true}) :-
        (hole 0 {:hash_depth=>0, :method_arg=>true}))) :confirmed)
  (send
    (begin
      (send
        (hole 0 {:hash_depth=>0, :limit_depth=>true, :recv=>true}) :-
        (hole 0 {:hash_depth=>0, :method_arg=>true}))) :expired=
    (hole 0 {:hash_depth=>0, :method_arg=>true}))
  (send
    (begin
      (send
        (hole 0 {:hash_depth=>0, :limit_depth=>true, :recv=>true}) :-
        (hole 0 {:hash_depth=>0, :method_arg=>true}))) :expired)
  (send
    (begin
      (send
        (hole 0 {:hash_depth=>0, :limit_depth=>true, :recv=>true}) :-
        (hole 0 {:hash_depth=>0, :method_arg=>true}))) :discoverable=
    (hole 0 {:hash_depth=>0, :method_arg=>true}))
  (send
    (begin
      (send
        (hole 0 {:hash_depth=>0, :limit_depth=>true, :recv=>true}) :-
        (hole 0 {:hash_depth=>0, :method_arg=>true}))) :discoverable)
  (send
    (begin
      (send
        (hole 0 {:hash_depth=>0, :limit_depth=>true, :recv=>true}) :-
        (hole 0 {:hash_depth=>0, :method_arg=>true}))) :scheduled_check=
    (hole 0 {:hash_depth=>0, :method_arg=>true}))
  (send
    (begin
      (send
        (hole 0 {:hash_depth=>0, :limit_depth=>true, :recv=>true}) :-
        (hole 0 {:hash_depth=>0, :method_arg=>true}))) :scheduled_check)
  (begin
    (send
      (begin
        (send
          (hole 0 {:hash_depth=>0, :limit_depth=>true, :recv=>true}) :-
          (hole 0 {:hash_depth=>0, :method_arg=>true}))) :save))
  (send
    (begin
      (send
        (hole 0 {:hash_depth=>0, :limit_depth=>true, :recv=>true}) :-
        (hole 0 {:hash_depth=>0, :method_arg=>true}))) :otp_required_for_login=
    (hole 0 {:hash_depth=>0, :method_arg=>true}))
  (send
    (begin
      (send
        (hole 0 {:hash_depth=>0, :limit_depth=>true, :recv=>true}) :-
        (hole 0 {:hash_depth=>0, :method_arg=>true}))) :otp_required_for_login)
  (send
    (begin
      (send
        (hole 0 {:hash_depth=>0, :limit_depth=>true, :recv=>true}) :-
        (hole 0 {:hash_depth=>0, :method_arg=>true}))) :admin=
    (hole 0 {:hash_depth=>0, :method_arg=>true}))
  (send
    (begin
      (send
        (hole 0 {:hash_depth=>0, :limit_depth=>true, :recv=>true}) :-
        (hole 0 {:hash_depth=>0, :method_arg=>true}))) :admin)
  (send
    (begin
      (send
        (hole 0 {:hash_depth=>0, :limit_depth=>true, :recv=>true}) :-
        (hole 0 {:hash_depth=>0, :method_arg=>true}))) :staged=
    (hole 0 {:hash_depth=>0, :method_arg=>true}))
  (send
    (begin
      (send
        (hole 0 {:hash_depth=>0, :limit_depth=>true, :recv=>true}) :-
        (hole 0 {:hash_depth=>0, :method_arg=>true}))) :staged)
  (send
    (begin
      (send
        (hole 0 {:hash_depth=>0, :limit_depth=>true, :recv=>true}) :-
        (hole 0 {:hash_depth=>0, :method_arg=>true}))) :active=
    (hole 0 {:hash_depth=>0, :method_arg=>true}))
  (send
    (begin
      (send
        (hole 0 {:hash_depth=>0, :limit_depth=>true, :recv=>true}) :-
        (hole 0 {:hash_depth=>0, :method_arg=>true}))) :active)
  (send
    (begin
      (send
        (hole 0 {:hash_depth=>0, :limit_depth=>true, :recv=>true}) :-
        (hole 0 {:hash_depth=>0, :method_arg=>true}))) :primary=
    (hole 0 {:hash_depth=>0, :method_arg=>true}))
  (send
    (begin
      (send
        (hole 0 {:hash_depth=>0, :limit_depth=>true, :recv=>true}) :-
        (hole 0 {:hash_depth=>0, :method_arg=>true}))) :primary)
  (send
    (begin
      (send
        (hole 0 {:hash_depth=>0, :limit_depth=>true, :recv=>true}) :-
        (hole 0 {:hash_depth=>0, :method_arg=>true}))) :moderator=
    (hole 0 {:hash_depth=>0, :method_arg=>true}))
  (send
    (begin
      (send
        (hole 0 {:hash_depth=>0, :limit_depth=>true, :recv=>true}) :-
        (hole 0 {:hash_depth=>0, :method_arg=>true}))) :moderator)
  (begin
    (send
      (begin
        (send
          (hole 0 {:hash_depth=>0, :limit_depth=>true, :recv=>true}) :-
          (hole 0 {:hash_depth=>0, :method_arg=>true}))) :-
      (hole 0 {:hash_depth=>0, :method_arg=>true})))
  (begin
    (send
      (begin
        (send
          (hole 0 {:hash_depth=>0, :limit_depth=>true, :recv=>true}) :-
          (hole 0 {:hash_depth=>0, :method_arg=>true}))) :-
      (hole 0 {:hash_depth=>0, :method_arg=>true})))
  (begin
    (send
      (begin
        (send
          (hole 0 {:hash_depth=>0, :limit_depth=>true, :recv=>true}) :-
          (hole 0 {:hash_depth=>0, :method_arg=>true}))) :-
      (hole 0 {:hash_depth=>0, :method_arg=>true})))
  (begin
    (send
      (begin
        (send
          (hole 0 {:hash_depth=>0, :limit_depth=>true, :recv=>true}) :save)) :count))
  (begin
    (send
      (begin
        (send
          (hole 0 {:hash_depth=>0, :limit_depth=>true, :recv=>true}) :save)) :-
      (hole 0 {:hash_depth=>0, :method_arg=>true})))
  (begin
    (send
      (begin
        (send
          (hole 0 {:hash_depth=>0, :limit_depth=>true, :recv=>true}) :save)) :save))
  (hole 3 {:hash_depth=>0, :method_arg=>false, :variance=>:+}) {:method_arg=>false})
BASETYPE: true or false
SIZE WORK_LIST: 0
SIZE generated: 85
EVALUABLE#: 0

-------------------------

----------------
TTYPES
true or false
true or false
true or false

PROGS

LOCAL_COUNT: 6
GLOBAL_COUNT: 75

BASE_AFTER:
(send
  (begin
    (send
      (filled-hole
        (lvar InvitationCode(id: integer, token: string, diaspora_user_id: integer, count: integer)) {:method_arg=>false}) :count)) :confirmed=
  (filled-hole
    (true)
    (false)
    (hole 1 {:hash_depth=>0, :method_arg=>true, :variance=>:+}) {:method_arg=>true}))
BASETYPE: true or false
SIZE WORK_LIST: 84
SIZE generated: 3
EVALUABLE#: 2

-------------------------

----------------
TTYPES
true or false

PROGS

LOCAL_COUNT: 7
GLOBAL_COUNT: 76

BASE_AFTER:
(send
  (begin
    (send
      (filled-hole
        (lvar InvitationCode(id: integer, token: string, diaspora_user_id: integer, count: integer)) {:method_arg=>false}) :count)) :confirmed)
BASETYPE: true or false
SIZE WORK_LIST: 84
SIZE generated: 1
EVALUABLE#: 1

-------------------------

----------------
TTYPES
true or false
true or false
true or false

PROGS

LOCAL_COUNT: 8
GLOBAL_COUNT: 77

BASE_AFTER:
(send
  (begin
    (send
      (filled-hole
        (lvar InvitationCode(id: integer, token: string, diaspora_user_id: integer, count: integer)) {:method_arg=>false}) :count)) :expired=
  (filled-hole
    (true)
    (false)
    (hole 1 {:hash_depth=>0, :method_arg=>true, :variance=>:+}) {:method_arg=>true}))
BASETYPE: true or false
SIZE WORK_LIST: 83
SIZE generated: 3
EVALUABLE#: 2

-------------------------

----------------
TTYPES
true or false

PROGS

LOCAL_COUNT: 9
GLOBAL_COUNT: 78

BASE_AFTER:
(send
  (begin
    (send
      (filled-hole
        (lvar InvitationCode(id: integer, token: string, diaspora_user_id: integer, count: integer)) {:method_arg=>false}) :count)) :expired)
BASETYPE: true or false
SIZE WORK_LIST: 83
SIZE generated: 1
EVALUABLE#: 1

-------------------------

----------------
TTYPES
true or false
true or false
true or false

PROGS

LOCAL_COUNT: 10
GLOBAL_COUNT: 79

BASE_AFTER:
(send
  (begin
    (send
      (filled-hole
        (lvar InvitationCode(id: integer, token: string, diaspora_user_id: integer, count: integer)) {:method_arg=>false}) :count)) :discoverable=
  (filled-hole
    (true)
    (false)
    (hole 1 {:hash_depth=>0, :method_arg=>true, :variance=>:+}) {:method_arg=>true}))
BASETYPE: true or false
SIZE WORK_LIST: 82
SIZE generated: 3
EVALUABLE#: 2

-------------------------

----------------
TTYPES
true or false

PROGS

LOCAL_COUNT: 11
GLOBAL_COUNT: 80

BASE_AFTER:
(send
  (begin
    (send
      (filled-hole
        (lvar InvitationCode(id: integer, token: string, diaspora_user_id: integer, count: integer)) {:method_arg=>false}) :count)) :discoverable)
BASETYPE: true or false
SIZE WORK_LIST: 82
SIZE generated: 1
EVALUABLE#: 1

-------------------------

----------------
TTYPES
true or false
true or false
true or false

PROGS

LOCAL_COUNT: 12
GLOBAL_COUNT: 81

BASE_AFTER:
(send
  (begin
    (send
      (filled-hole
        (lvar InvitationCode(id: integer, token: string, diaspora_user_id: integer, count: integer)) {:method_arg=>false}) :count)) :scheduled_check=
  (filled-hole
    (true)
    (false)
    (hole 1 {:hash_depth=>0, :method_arg=>true, :variance=>:+}) {:method_arg=>true}))
BASETYPE: true or false
SIZE WORK_LIST: 81
SIZE generated: 3
EVALUABLE#: 2

-------------------------

----------------
TTYPES
true or false

PROGS

LOCAL_COUNT: 13
GLOBAL_COUNT: 82

BASE_AFTER:
(send
  (begin
    (send
      (filled-hole
        (lvar InvitationCode(id: integer, token: string, diaspora_user_id: integer, count: integer)) {:method_arg=>false}) :count)) :scheduled_check)
BASETYPE: true or false
SIZE WORK_LIST: 81
SIZE generated: 1
EVALUABLE#: 1

-------------------------

----------------
TTYPES
false or true

PROGS

LOCAL_COUNT: 14
GLOBAL_COUNT: 83

BASE_AFTER:
(begin
  (send
    (begin
      (send
        (filled-hole
          (lvar InvitationCode(id: integer, token: string, diaspora_user_id: integer, count: integer)) {:method_arg=>false}) :count)) :save))
BASETYPE: false or true
SIZE WORK_LIST: 80
SIZE generated: 1
EVALUABLE#: 1

-------------------------

----------------
TTYPES
true or false
true or false
true or false

PROGS

LOCAL_COUNT: 15
GLOBAL_COUNT: 84

BASE_AFTER:
(send
  (begin
    (send
      (filled-hole
        (lvar InvitationCode(id: integer, token: string, diaspora_user_id: integer, count: integer)) {:method_arg=>false}) :count)) :otp_required_for_login=
  (filled-hole
    (true)
    (false)
    (hole 1 {:hash_depth=>0, :method_arg=>true, :variance=>:+}) {:method_arg=>true}))
BASETYPE: true or false
SIZE WORK_LIST: 79
SIZE generated: 3
EVALUABLE#: 2

-------------------------

----------------
TTYPES
true or false

PROGS

LOCAL_COUNT: 16
GLOBAL_COUNT: 85

BASE_AFTER:
(send
  (begin
    (send
      (filled-hole
        (lvar InvitationCode(id: integer, token: string, diaspora_user_id: integer, count: integer)) {:method_arg=>false}) :count)) :otp_required_for_login)
BASETYPE: true or false
SIZE WORK_LIST: 79
SIZE generated: 1
EVALUABLE#: 1

-------------------------

----------------
TTYPES
true or false
true or false
true or false

PROGS

LOCAL_COUNT: 17
GLOBAL_COUNT: 86

BASE_AFTER:
(send
  (begin
    (send
      (filled-hole
        (lvar InvitationCode(id: integer, token: string, diaspora_user_id: integer, count: integer)) {:method_arg=>false}) :count)) :admin=
  (filled-hole
    (true)
    (false)
    (hole 1 {:hash_depth=>0, :method_arg=>true, :variance=>:+}) {:method_arg=>true}))
BASETYPE: true or false
SIZE WORK_LIST: 78
SIZE generated: 3
EVALUABLE#: 2

-------------------------

----------------
TTYPES
true or false

PROGS

LOCAL_COUNT: 18
GLOBAL_COUNT: 87

BASE_AFTER:
(send
  (begin
    (send
      (filled-hole
        (lvar InvitationCode(id: integer, token: string, diaspora_user_id: integer, count: integer)) {:method_arg=>false}) :count)) :admin)
BASETYPE: true or false
SIZE WORK_LIST: 78
SIZE generated: 1
EVALUABLE#: 1

-------------------------

----------------
TTYPES
true or false
true or false
true or false

PROGS

LOCAL_COUNT: 19
GLOBAL_COUNT: 88

BASE_AFTER:
(send
  (begin
    (send
      (filled-hole
        (lvar InvitationCode(id: integer, token: string, diaspora_user_id: integer, count: integer)) {:method_arg=>false}) :count)) :staged=
  (filled-hole
    (true)
    (false)
    (hole 1 {:hash_depth=>0, :method_arg=>true, :variance=>:+}) {:method_arg=>true}))
BASETYPE: true or false
SIZE WORK_LIST: 77
SIZE generated: 3
EVALUABLE#: 2

-------------------------

----------------
TTYPES
true or false

PROGS

LOCAL_COUNT: 20
GLOBAL_COUNT: 89

BASE_AFTER:
(send
  (begin
    (send
      (filled-hole
        (lvar InvitationCode(id: integer, token: string, diaspora_user_id: integer, count: integer)) {:method_arg=>false}) :count)) :staged)
BASETYPE: true or false
SIZE WORK_LIST: 77
SIZE generated: 1
EVALUABLE#: 1

-------------------------

----------------
TTYPES
true or false
true or false
true or false

PROGS

LOCAL_COUNT: 21
GLOBAL_COUNT: 90

BASE_AFTER:
(send
  (begin
    (send
      (filled-hole
        (lvar InvitationCode(id: integer, token: string, diaspora_user_id: integer, count: integer)) {:method_arg=>false}) :count)) :active=
  (filled-hole
    (true)
    (false)
    (hole 1 {:hash_depth=>0, :method_arg=>true, :variance=>:+}) {:method_arg=>true}))
BASETYPE: true or false
SIZE WORK_LIST: 76
SIZE generated: 3
EVALUABLE#: 2

-------------------------

----------------
TTYPES
true or false

PROGS

LOCAL_COUNT: 22
GLOBAL_COUNT: 91

BASE_AFTER:
(send
  (begin
    (send
      (filled-hole
        (lvar InvitationCode(id: integer, token: string, diaspora_user_id: integer, count: integer)) {:method_arg=>false}) :count)) :active)
BASETYPE: true or false
SIZE WORK_LIST: 76
SIZE generated: 1
EVALUABLE#: 1

-------------------------

----------------
TTYPES
true or false
true or false
true or false

PROGS

LOCAL_COUNT: 23
GLOBAL_COUNT: 92

BASE_AFTER:
(send
  (begin
    (send
      (filled-hole
        (lvar InvitationCode(id: integer, token: string, diaspora_user_id: integer, count: integer)) {:method_arg=>false}) :count)) :primary=
  (filled-hole
    (true)
    (false)
    (hole 1 {:hash_depth=>0, :method_arg=>true, :variance=>:+}) {:method_arg=>true}))
BASETYPE: true or false
SIZE WORK_LIST: 75
SIZE generated: 3
EVALUABLE#: 2

-------------------------

----------------
TTYPES
true or false

PROGS

LOCAL_COUNT: 24
GLOBAL_COUNT: 93

BASE_AFTER:
(send
  (begin
    (send
      (filled-hole
        (lvar InvitationCode(id: integer, token: string, diaspora_user_id: integer, count: integer)) {:method_arg=>false}) :count)) :primary)
BASETYPE: true or false
SIZE WORK_LIST: 75
SIZE generated: 1
EVALUABLE#: 1

-------------------------

----------------
TTYPES
true or false
true or false
true or false

PROGS

LOCAL_COUNT: 25
GLOBAL_COUNT: 94

BASE_AFTER:
(send
  (begin
    (send
      (filled-hole
        (lvar InvitationCode(id: integer, token: string, diaspora_user_id: integer, count: integer)) {:method_arg=>false}) :count)) :moderator=
  (filled-hole
    (true)
    (false)
    (hole 1 {:hash_depth=>0, :method_arg=>true, :variance=>:+}) {:method_arg=>true}))
BASETYPE: true or false
SIZE WORK_LIST: 74
SIZE generated: 3
EVALUABLE#: 2

-------------------------

----------------
TTYPES
true or false

PROGS

LOCAL_COUNT: 26
GLOBAL_COUNT: 95

BASE_AFTER:
(send
  (begin
    (send
      (filled-hole
        (lvar InvitationCode(id: integer, token: string, diaspora_user_id: integer, count: integer)) {:method_arg=>false}) :count)) :moderator)
BASETYPE: true or false
SIZE WORK_LIST: 74
SIZE generated: 1
EVALUABLE#: 1

-------------------------

----------------
TTYPES
Integer
Integer
Integer
Integer

PROGS

LOCAL_COUNT: 27
GLOBAL_COUNT: 96

BASE_AFTER:
(begin
  (send
    (begin
      (send
        (filled-hole
          (lvar InvitationCode(id: integer, token: string, diaspora_user_id: integer, count: integer)) {:method_arg=>false}) :count)) :-
    (filled-hole
      (int 0)
      (int 1)
      (int 2)
      (hole 1 {:hash_depth=>0, :method_arg=>true, :variance=>:+}) {:method_arg=>true})))
BASETYPE: Integer
SIZE WORK_LIST: 73
SIZE generated: 4
EVALUABLE#: 3

-------------------------

----------------
TTYPES
Integer
Integer
Integer
Integer
Integer
Integer
Integer
Integer
Integer
Integer
Integer
Integer
Integer
Integer
Integer
Integer

PROGS

LOCAL_COUNT: 28
GLOBAL_COUNT: 97

BASE_AFTER:
(begin
  (send
    (send
      (filled-hole
        (lvar :arg0) {:method_arg=>false}) :id=
      (filled-hole
        (int 0)
        (int 1)
        (int 2)
        (hole 1 {:hash_depth=>0, :method_arg=>true, :variance=>:+}) {:method_arg=>true})) :-
    (filled-hole
      (int 0)
      (int 1)
      (int 2)
      (hole 1 {:hash_depth=>0, :method_arg=>true, :variance=>:+}) {:method_arg=>true})))
BASETYPE: Integer
SIZE WORK_LIST: 73
SIZE generated: 16
EVALUABLE#: 9

-------------------------

----------------
TTYPES
Integer
Integer
Integer
Integer

PROGS

LOCAL_COUNT: 29
GLOBAL_COUNT: 98

BASE_AFTER:
(begin
  (send
    (send
      (filled-hole
        (lvar :arg0) {:method_arg=>false}) :id) :-
    (filled-hole
      (int 0)
      (int 1)
      (int 2)
      (hole 1 {:hash_depth=>0, :method_arg=>true, :variance=>:+}) {:method_arg=>true})))
BASETYPE: Integer
SIZE WORK_LIST: 79
SIZE generated: 4
EVALUABLE#: 3

-------------------------

----------------
TTYPES
true or false
true or false

PROGS

LOCAL_COUNT: 30
GLOBAL_COUNT: 99

BASE_AFTER:
(begin
  (send
    (send
      (filled-hole
        (lvar :arg0) {:method_arg=>false}) :token=
      (filled-hole
        (str "")
        (hole 1 {:hash_depth=>0, :method_arg=>true, :variance=>:+}) {:method_arg=>true})) :save))
BASETYPE: true or false
SIZE WORK_LIST: 79
SIZE generated: 2
EVALUABLE#: 1

-------------------------

----------------
TTYPES
Integer
Integer
Integer
Integer
Integer
Integer
Integer
Integer
Integer
Integer
Integer
Integer
Integer
Integer
Integer
Integer

PROGS

LOCAL_COUNT: 31
GLOBAL_COUNT: 100

BASE_AFTER:
(begin
  (send
    (send
      (filled-hole
        (lvar :arg0) {:method_arg=>false}) :diaspora_user_id=
      (filled-hole
        (int 0)
        (int 1)
        (int 2)
        (hole 1 {:hash_depth=>0, :method_arg=>true, :variance=>:+}) {:method_arg=>true})) :-
    (filled-hole
      (int 0)
      (int 1)
      (int 2)
      (hole 1 {:hash_depth=>0, :method_arg=>true, :variance=>:+}) {:method_arg=>true})))
BASETYPE: Integer
SIZE WORK_LIST: 79
SIZE generated: 16
EVALUABLE#: 9

-------------------------

----------------
TTYPES
Integer
Integer
Integer
Integer

PROGS

LOCAL_COUNT: 32
GLOBAL_COUNT: 101

BASE_AFTER:
(begin
  (send
    (send
      (filled-hole
        (lvar :arg0) {:method_arg=>false}) :diaspora_user_id) :-
    (filled-hole
      (int 0)
      (int 1)
      (int 2)
      (hole 1 {:hash_depth=>0, :method_arg=>true, :variance=>:+}) {:method_arg=>true})))
BASETYPE: Integer
SIZE WORK_LIST: 85
SIZE generated: 4
EVALUABLE#: 3

-------------------------

----------------
TTYPES
Integer
Integer
Integer
Integer
Integer
Integer
Integer
Integer
Integer
Integer
Integer
Integer
Integer
Integer
Integer
Integer

PROGS

LOCAL_COUNT: 33
GLOBAL_COUNT: 102

BASE_AFTER:
(begin
  (send
    (send
      (filled-hole
        (lvar :arg0) {:method_arg=>false}) :count=
      (filled-hole
        (int 0)
        (int 1)
        (int 2)
        (hole 1 {:hash_depth=>0, :method_arg=>true, :variance=>:+}) {:method_arg=>true})) :-
    (filled-hole
      (int 0)
      (int 1)
      (int 2)
      (hole 1 {:hash_depth=>0, :method_arg=>true, :variance=>:+}) {:method_arg=>true})))
BASETYPE: Integer
SIZE WORK_LIST: 85
SIZE generated: 16
EVALUABLE#: 9

-------------------------

----------------
TTYPES
Integer
Integer
Integer
Integer

PROGS

LOCAL_COUNT: 34
GLOBAL_COUNT: 103

BASE_AFTER:
(begin
  (send
    (begin
      (send
        (filled-hole
          (lvar :arg0) {:method_arg=>false}) :count)) :-
    (filled-hole
      (int 0)
      (int 1)
      (int 2)
      (hole 1 {:hash_depth=>0, :method_arg=>true, :variance=>:+}) {:method_arg=>true})))
BASETYPE: Integer
SIZE WORK_LIST: 91
SIZE generated: 4
EVALUABLE#: 3

-------------------------

----------------
TTYPES
true or false

PROGS

LOCAL_COUNT: 35
GLOBAL_COUNT: 104

BASE_AFTER:
(begin
  (send
    (send
      (filled-hole
        (lvar :arg0) {:method_arg=>false}) :diaspora_user) :save))
BASETYPE: true or false
SIZE WORK_LIST: 91
SIZE generated: 1
EVALUABLE#: 1

-------------------------

----------------
TTYPES
true or false

PROGS

LOCAL_COUNT: 36
GLOBAL_COUNT: 105

BASE_AFTER:
(begin
  (send
    (send
      (filled-hole
        (lvar :arg0) {:method_arg=>false}) :diaspora_user=
      (filled-hole
        (hole 1 {:hash_depth=>0, :method_arg=>true, :variance=>:+}) {:method_arg=>true})) :save))
BASETYPE: true or false
SIZE WORK_LIST: 90
SIZE generated: 1
EVALUABLE#: 0

-------------------------

----------------
TTYPES
true or false

PROGS

LOCAL_COUNT: 37
GLOBAL_COUNT: 106

BASE_AFTER:
(begin
  (send
    (begin
      (send
        (filled-hole
          (lvar :arg0) {:method_arg=>false}) :save)) :save))
BASETYPE: true or false
SIZE WORK_LIST: 90
SIZE generated: 1
EVALUABLE#: 1

-------------------------

----------------
TTYPES
true or false
true or false
true or false
true or false
true or false
true or false

PROGS

LOCAL_COUNT: 38
GLOBAL_COUNT: 107

BASE_AFTER:
(send
  (begin
    (send
      (lvar InvitationCode(id: integer, token: string, diaspora_user_id: integer, count: integer)) :count)) :confirmed=
  (filled-hole
    (begin
      (send
        (hole 0 {:hash_depth=>0, :limit_depth=>true, :recv=>true}) :save))
    (begin
      (send
        (hole 0 {:hash_depth=>0, :limit_depth=>true, :recv=>true}) :-
        (hole 0 {:hash_depth=>0, :method_arg=>true})))
    (begin
      (send
        (hole 0 {:hash_depth=>0, :limit_depth=>true, :recv=>true}) :count))
    (begin
      (send
        (hole 0 {:hash_depth=>0, :limit_depth=>true, :recv=>true}) :-
        (hole 0 {:hash_depth=>0, :method_arg=>true})))
    (begin
      (send
        (hole 0 {:hash_depth=>0, :limit_depth=>true, :recv=>true}) :save))
    (hole 2 {:hash_depth=>0, :method_arg=>true, :variance=>:+}) {:method_arg=>true}))
BASETYPE: true or false
SIZE WORK_LIST: 89
SIZE generated: 6
EVALUABLE#: 0

-------------------------

----------------
TTYPES
true or false

PROGS

LOCAL_COUNT: 39
GLOBAL_COUNT: 108

BASE_AFTER:
(send
  (begin
    (send
      (lvar InvitationCode(id: integer, token: string, diaspora_user_id: integer, count: integer)) :count)) :confirmed=
  (begin
    (send
      (filled-hole
        (lvar InvitationCode(id: integer, token: string, diaspora_user_id: integer, count: integer)) {:method_arg=>false}) :count)))
BASETYPE: true or false
SIZE WORK_LIST: 94
SIZE generated: 1
EVALUABLE#: 1

-------------------------

----------------
TTYPES
true or false
true or false
true or false
true or false
true or false
true or false

PROGS

LOCAL_COUNT: 40
GLOBAL_COUNT: 109

BASE_AFTER:
(send
  (begin
    (send
      (lvar InvitationCode(id: integer, token: string, diaspora_user_id: integer, count: integer)) :count)) :expired=
  (filled-hole
    (begin
      (send
        (hole 0 {:hash_depth=>0, :limit_depth=>true, :recv=>true}) :save))
    (begin
      (send
        (hole 0 {:hash_depth=>0, :limit_depth=>true, :recv=>true}) :-
        (hole 0 {:hash_depth=>0, :method_arg=>true})))
    (begin
      (send
        (hole 0 {:hash_depth=>0, :limit_depth=>true, :recv=>true}) :count))
    (begin
      (send
        (hole 0 {:hash_depth=>0, :limit_depth=>true, :recv=>true}) :-
        (hole 0 {:hash_depth=>0, :method_arg=>true})))
    (begin
      (send
        (hole 0 {:hash_depth=>0, :limit_depth=>true, :recv=>true}) :save))
    (hole 2 {:hash_depth=>0, :method_arg=>true, :variance=>:+}) {:method_arg=>true}))
BASETYPE: true or false
SIZE WORK_LIST: 93
SIZE generated: 6
EVALUABLE#: 0

-------------------------

----------------
TTYPES
true or false

PROGS

LOCAL_COUNT: 41
GLOBAL_COUNT: 110

BASE_AFTER:
(send
  (begin
    (send
      (lvar InvitationCode(id: integer, token: string, diaspora_user_id: integer, count: integer)) :count)) :expired=
  (begin
    (send
      (filled-hole
        (lvar InvitationCode(id: integer, token: string, diaspora_user_id: integer, count: integer)) {:method_arg=>false}) :count)))
BASETYPE: true or false
SIZE WORK_LIST: 98
SIZE generated: 1
EVALUABLE#: 1

-------------------------

----------------
TTYPES
true or false
true or false
true or false
true or false
true or false
true or false

PROGS

LOCAL_COUNT: 42
GLOBAL_COUNT: 111

BASE_AFTER:
(send
  (begin
    (send
      (lvar InvitationCode(id: integer, token: string, diaspora_user_id: integer, count: integer)) :count)) :discoverable=
  (filled-hole
    (begin
      (send
        (hole 0 {:hash_depth=>0, :limit_depth=>true, :recv=>true}) :save))
    (begin
      (send
        (hole 0 {:hash_depth=>0, :limit_depth=>true, :recv=>true}) :-
        (hole 0 {:hash_depth=>0, :method_arg=>true})))
    (begin
      (send
        (hole 0 {:hash_depth=>0, :limit_depth=>true, :recv=>true}) :count))
    (begin
      (send
        (hole 0 {:hash_depth=>0, :limit_depth=>true, :recv=>true}) :-
        (hole 0 {:hash_depth=>0, :method_arg=>true})))
    (begin
      (send
        (hole 0 {:hash_depth=>0, :limit_depth=>true, :recv=>true}) :save))
    (hole 2 {:hash_depth=>0, :method_arg=>true, :variance=>:+}) {:method_arg=>true}))
BASETYPE: true or false
SIZE WORK_LIST: 97
SIZE generated: 6
EVALUABLE#: 0

-------------------------

----------------
TTYPES
true or false

PROGS

LOCAL_COUNT: 43
GLOBAL_COUNT: 112

BASE_AFTER:
(send
  (begin
    (send
      (lvar InvitationCode(id: integer, token: string, diaspora_user_id: integer, count: integer)) :count)) :discoverable=
  (begin
    (send
      (filled-hole
        (lvar InvitationCode(id: integer, token: string, diaspora_user_id: integer, count: integer)) {:method_arg=>false}) :count)))
BASETYPE: true or false
SIZE WORK_LIST: 102
SIZE generated: 1
EVALUABLE#: 1

-------------------------

----------------
TTYPES
true or false
true or false
true or false
true or false
true or false
true or false

PROGS

LOCAL_COUNT: 44
GLOBAL_COUNT: 113

BASE_AFTER:
(send
  (begin
    (send
      (lvar InvitationCode(id: integer, token: string, diaspora_user_id: integer, count: integer)) :count)) :scheduled_check=
  (filled-hole
    (begin
      (send
        (hole 0 {:hash_depth=>0, :limit_depth=>true, :recv=>true}) :save))
    (begin
      (send
        (hole 0 {:hash_depth=>0, :limit_depth=>true, :recv=>true}) :-
        (hole 0 {:hash_depth=>0, :method_arg=>true})))
    (begin
      (send
        (hole 0 {:hash_depth=>0, :limit_depth=>true, :recv=>true}) :count))
    (begin
      (send
        (hole 0 {:hash_depth=>0, :limit_depth=>true, :recv=>true}) :-
        (hole 0 {:hash_depth=>0, :method_arg=>true})))
    (begin
      (send
        (hole 0 {:hash_depth=>0, :limit_depth=>true, :recv=>true}) :save))
    (hole 2 {:hash_depth=>0, :method_arg=>true, :variance=>:+}) {:method_arg=>true}))
BASETYPE: true or false
SIZE WORK_LIST: 101
SIZE generated: 6
EVALUABLE#: 0

-------------------------

----------------
TTYPES
true or false

PROGS

LOCAL_COUNT: 45
GLOBAL_COUNT: 114

BASE_AFTER:
(send
  (begin
    (send
      (lvar InvitationCode(id: integer, token: string, diaspora_user_id: integer, count: integer)) :count)) :scheduled_check=
  (begin
    (send
      (filled-hole
        (lvar InvitationCode(id: integer, token: string, diaspora_user_id: integer, count: integer)) {:method_arg=>false}) :count)))
BASETYPE: true or false
SIZE WORK_LIST: 106
SIZE generated: 1
EVALUABLE#: 1

-------------------------

----------------
TTYPES
true or false
true or false
true or false
true or false
true or false
true or false

PROGS

LOCAL_COUNT: 46
GLOBAL_COUNT: 115

BASE_AFTER:
(send
  (begin
    (send
      (lvar InvitationCode(id: integer, token: string, diaspora_user_id: integer, count: integer)) :count)) :otp_required_for_login=
  (filled-hole
    (begin
      (send
        (hole 0 {:hash_depth=>0, :limit_depth=>true, :recv=>true}) :save))
    (begin
      (send
        (hole 0 {:hash_depth=>0, :limit_depth=>true, :recv=>true}) :-
        (hole 0 {:hash_depth=>0, :method_arg=>true})))
    (begin
      (send
        (hole 0 {:hash_depth=>0, :limit_depth=>true, :recv=>true}) :count))
    (begin
      (send
        (hole 0 {:hash_depth=>0, :limit_depth=>true, :recv=>true}) :-
        (hole 0 {:hash_depth=>0, :method_arg=>true})))
    (begin
      (send
        (hole 0 {:hash_depth=>0, :limit_depth=>true, :recv=>true}) :save))
    (hole 2 {:hash_depth=>0, :method_arg=>true, :variance=>:+}) {:method_arg=>true}))
BASETYPE: true or false
SIZE WORK_LIST: 105
SIZE generated: 6
EVALUABLE#: 0

-------------------------

----------------
TTYPES
true or false

PROGS

LOCAL_COUNT: 47
GLOBAL_COUNT: 116

BASE_AFTER:
(send
  (begin
    (send
      (lvar InvitationCode(id: integer, token: string, diaspora_user_id: integer, count: integer)) :count)) :otp_required_for_login=
  (begin
    (send
      (filled-hole
        (lvar InvitationCode(id: integer, token: string, diaspora_user_id: integer, count: integer)) {:method_arg=>false}) :count)))
BASETYPE: true or false
SIZE WORK_LIST: 110
SIZE generated: 1
EVALUABLE#: 1

-------------------------

----------------
TTYPES
true or false
true or false
true or false
true or false
true or false
true or false

PROGS

LOCAL_COUNT: 48
GLOBAL_COUNT: 117

BASE_AFTER:
(send
  (begin
    (send
      (lvar InvitationCode(id: integer, token: string, diaspora_user_id: integer, count: integer)) :count)) :admin=
  (filled-hole
    (begin
      (send
        (hole 0 {:hash_depth=>0, :limit_depth=>true, :recv=>true}) :save))
    (begin
      (send
        (hole 0 {:hash_depth=>0, :limit_depth=>true, :recv=>true}) :-
        (hole 0 {:hash_depth=>0, :method_arg=>true})))
    (begin
      (send
        (hole 0 {:hash_depth=>0, :limit_depth=>true, :recv=>true}) :count))
    (begin
      (send
        (hole 0 {:hash_depth=>0, :limit_depth=>true, :recv=>true}) :-
        (hole 0 {:hash_depth=>0, :method_arg=>true})))
    (begin
      (send
        (hole 0 {:hash_depth=>0, :limit_depth=>true, :recv=>true}) :save))
    (hole 2 {:hash_depth=>0, :method_arg=>true, :variance=>:+}) {:method_arg=>true}))
BASETYPE: true or false
SIZE WORK_LIST: 109
SIZE generated: 6
EVALUABLE#: 0

-------------------------

----------------
TTYPES
true or false

PROGS

LOCAL_COUNT: 49
GLOBAL_COUNT: 118

BASE_AFTER:
(send
  (begin
    (send
      (lvar InvitationCode(id: integer, token: string, diaspora_user_id: integer, count: integer)) :count)) :admin=
  (begin
    (send
      (filled-hole
        (lvar InvitationCode(id: integer, token: string, diaspora_user_id: integer, count: integer)) {:method_arg=>false}) :count)))
BASETYPE: true or false
SIZE WORK_LIST: 114
SIZE generated: 1
EVALUABLE#: 1

-------------------------

----------------
TTYPES
true or false
true or false
true or false
true or false
true or false
true or false

PROGS

LOCAL_COUNT: 50
GLOBAL_COUNT: 119

BASE_AFTER:
(send
  (begin
    (send
      (lvar InvitationCode(id: integer, token: string, diaspora_user_id: integer, count: integer)) :count)) :staged=
  (filled-hole
    (begin
      (send
        (hole 0 {:hash_depth=>0, :limit_depth=>true, :recv=>true}) :save))
    (begin
      (send
        (hole 0 {:hash_depth=>0, :limit_depth=>true, :recv=>true}) :-
        (hole 0 {:hash_depth=>0, :method_arg=>true})))
    (begin
      (send
        (hole 0 {:hash_depth=>0, :limit_depth=>true, :recv=>true}) :count))
    (begin
      (send
        (hole 0 {:hash_depth=>0, :limit_depth=>true, :recv=>true}) :-
        (hole 0 {:hash_depth=>0, :method_arg=>true})))
    (begin
      (send
        (hole 0 {:hash_depth=>0, :limit_depth=>true, :recv=>true}) :save))
    (hole 2 {:hash_depth=>0, :method_arg=>true, :variance=>:+}) {:method_arg=>true}))
BASETYPE: true or false
SIZE WORK_LIST: 113
SIZE generated: 6
EVALUABLE#: 0

-------------------------

----------------
TTYPES
true or false

PROGS

LOCAL_COUNT: 51
GLOBAL_COUNT: 120

BASE_AFTER:
(send
  (begin
    (send
      (lvar InvitationCode(id: integer, token: string, diaspora_user_id: integer, count: integer)) :count)) :staged=
  (begin
    (send
      (filled-hole
        (lvar InvitationCode(id: integer, token: string, diaspora_user_id: integer, count: integer)) {:method_arg=>false}) :count)))
BASETYPE: true or false
SIZE WORK_LIST: 118
SIZE generated: 1
EVALUABLE#: 1

-------------------------

----------------
TTYPES
true or false
true or false
true or false
true or false
true or false
true or false

PROGS

LOCAL_COUNT: 52
GLOBAL_COUNT: 121

BASE_AFTER:
(send
  (begin
    (send
      (lvar InvitationCode(id: integer, token: string, diaspora_user_id: integer, count: integer)) :count)) :active=
  (filled-hole
    (begin
      (send
        (hole 0 {:hash_depth=>0, :limit_depth=>true, :recv=>true}) :save))
    (begin
      (send
        (hole 0 {:hash_depth=>0, :limit_depth=>true, :recv=>true}) :-
        (hole 0 {:hash_depth=>0, :method_arg=>true})))
    (begin
      (send
        (hole 0 {:hash_depth=>0, :limit_depth=>true, :recv=>true}) :count))
    (begin
      (send
        (hole 0 {:hash_depth=>0, :limit_depth=>true, :recv=>true}) :-
        (hole 0 {:hash_depth=>0, :method_arg=>true})))
    (begin
      (send
        (hole 0 {:hash_depth=>0, :limit_depth=>true, :recv=>true}) :save))
    (hole 2 {:hash_depth=>0, :method_arg=>true, :variance=>:+}) {:method_arg=>true}))
BASETYPE: true or false
SIZE WORK_LIST: 117
SIZE generated: 6
EVALUABLE#: 0

-------------------------

----------------
TTYPES
true or false

PROGS

LOCAL_COUNT: 53
GLOBAL_COUNT: 122

BASE_AFTER:
(send
  (begin
    (send
      (lvar InvitationCode(id: integer, token: string, diaspora_user_id: integer, count: integer)) :count)) :active=
  (begin
    (send
      (filled-hole
        (lvar InvitationCode(id: integer, token: string, diaspora_user_id: integer, count: integer)) {:method_arg=>false}) :count)))
BASETYPE: true or false
SIZE WORK_LIST: 122
SIZE generated: 1
EVALUABLE#: 1

-------------------------

----------------
TTYPES
true or false
true or false
true or false
true or false
true or false
true or false

PROGS

LOCAL_COUNT: 54
GLOBAL_COUNT: 123

BASE_AFTER:
(send
  (begin
    (send
      (lvar InvitationCode(id: integer, token: string, diaspora_user_id: integer, count: integer)) :count)) :primary=
  (filled-hole
    (begin
      (send
        (hole 0 {:hash_depth=>0, :limit_depth=>true, :recv=>true}) :save))
    (begin
      (send
        (hole 0 {:hash_depth=>0, :limit_depth=>true, :recv=>true}) :-
        (hole 0 {:hash_depth=>0, :method_arg=>true})))
    (begin
      (send
        (hole 0 {:hash_depth=>0, :limit_depth=>true, :recv=>true}) :count))
    (begin
      (send
        (hole 0 {:hash_depth=>0, :limit_depth=>true, :recv=>true}) :-
        (hole 0 {:hash_depth=>0, :method_arg=>true})))
    (begin
      (send
        (hole 0 {:hash_depth=>0, :limit_depth=>true, :recv=>true}) :save))
    (hole 2 {:hash_depth=>0, :method_arg=>true, :variance=>:+}) {:method_arg=>true}))
BASETYPE: true or false
SIZE WORK_LIST: 121
SIZE generated: 6
EVALUABLE#: 0

-------------------------

----------------
TTYPES
true or false

PROGS

LOCAL_COUNT: 55
GLOBAL_COUNT: 124

BASE_AFTER:
(send
  (begin
    (send
      (lvar InvitationCode(id: integer, token: string, diaspora_user_id: integer, count: integer)) :count)) :primary=
  (begin
    (send
      (filled-hole
        (lvar InvitationCode(id: integer, token: string, diaspora_user_id: integer, count: integer)) {:method_arg=>false}) :count)))
BASETYPE: true or false
SIZE WORK_LIST: 126
SIZE generated: 1
EVALUABLE#: 1

-------------------------

----------------
TTYPES
true or false
true or false
true or false
true or false
true or false
true or false

PROGS

LOCAL_COUNT: 56
GLOBAL_COUNT: 125

BASE_AFTER:
(send
  (begin
    (send
      (lvar InvitationCode(id: integer, token: string, diaspora_user_id: integer, count: integer)) :count)) :moderator=
  (filled-hole
    (begin
      (send
        (hole 0 {:hash_depth=>0, :limit_depth=>true, :recv=>true}) :save))
    (begin
      (send
        (hole 0 {:hash_depth=>0, :limit_depth=>true, :recv=>true}) :-
        (hole 0 {:hash_depth=>0, :method_arg=>true})))
    (begin
      (send
        (hole 0 {:hash_depth=>0, :limit_depth=>true, :recv=>true}) :count))
    (begin
      (send
        (hole 0 {:hash_depth=>0, :limit_depth=>true, :recv=>true}) :-
        (hole 0 {:hash_depth=>0, :method_arg=>true})))
    (begin
      (send
        (hole 0 {:hash_depth=>0, :limit_depth=>true, :recv=>true}) :save))
    (hole 2 {:hash_depth=>0, :method_arg=>true, :variance=>:+}) {:method_arg=>true}))
BASETYPE: true or false
SIZE WORK_LIST: 125
SIZE generated: 6
EVALUABLE#: 0

-------------------------

----------------
TTYPES
true or false

PROGS

LOCAL_COUNT: 57
GLOBAL_COUNT: 126

BASE_AFTER:
(send
  (begin
    (send
      (lvar InvitationCode(id: integer, token: string, diaspora_user_id: integer, count: integer)) :count)) :moderator=
  (begin
    (send
      (filled-hole
        (lvar InvitationCode(id: integer, token: string, diaspora_user_id: integer, count: integer)) {:method_arg=>false}) :count)))
BASETYPE: true or false
SIZE WORK_LIST: 130
SIZE generated: 1
EVALUABLE#: 1

-------------------------

----------------
TTYPES
Integer
Integer
Integer
Integer
Integer
Integer
Integer
Integer
Integer
Integer

PROGS

LOCAL_COUNT: 58
GLOBAL_COUNT: 127

BASE_AFTER:
(begin
  (send
    (begin
      (send
        (lvar InvitationCode(id: integer, token: string, diaspora_user_id: integer, count: integer)) :count)) :-
    (filled-hole
      (send
        (hole 0 {:hash_depth=>0, :limit_depth=>true, :recv=>true}) :id=
        (hole 0 {:hash_depth=>0, :method_arg=>true}))
      (send
        (hole 0 {:hash_depth=>0, :limit_depth=>true, :recv=>true}) :id)
      (send
        (hole 0 {:hash_depth=>0, :limit_depth=>true, :recv=>true}) :diaspora_user_id=
        (hole 0 {:hash_depth=>0, :method_arg=>true}))
      (send
        (hole 0 {:hash_depth=>0, :limit_depth=>true, :recv=>true}) :diaspora_user_id)
      (send
        (hole 0 {:hash_depth=>0, :limit_depth=>true, :recv=>true}) :count=
        (hole 0 {:hash_depth=>0, :method_arg=>true}))
      (begin
        (send
          (hole 0 {:hash_depth=>0, :limit_depth=>true, :recv=>true}) :count))
      (begin
        (send
          (hole 0 {:hash_depth=>0, :limit_depth=>true, :recv=>true}) :count))
      (begin
        (send
          (hole 0 {:hash_depth=>0, :limit_depth=>true, :recv=>true}) :count))
      (begin
        (send
          (hole 0 {:hash_depth=>0, :limit_depth=>true, :recv=>true}) :-
          (hole 0 {:hash_depth=>0, :method_arg=>true})))
      (begin
        (send
          (hole 0 {:hash_depth=>0, :limit_depth=>true, :recv=>true}) :count))
      (begin
        (send
          (hole 0 {:hash_depth=>0, :limit_depth=>true, :recv=>true}) :-
          (hole 0 {:hash_depth=>0, :method_arg=>true})))
      (hole 2 {:hash_depth=>0, :method_arg=>true, :variance=>:+}) {:method_arg=>true})))
BASETYPE: Integer
SIZE WORK_LIST: 129
SIZE generated: 10
EVALUABLE#: 0

-------------------------

----------------
TTYPES
Integer

PROGS

LOCAL_COUNT: 59
GLOBAL_COUNT: 128

BASE_AFTER:
(begin
  (send
    (begin
      (send
        (lvar InvitationCode(id: integer, token: string, diaspora_user_id: integer, count: integer)) :count)) :-
    (begin
      (send
        (filled-hole
          (lvar InvitationCode(id: integer, token: string, diaspora_user_id: integer, count: integer)) {:method_arg=>false}) :count))))
BASETYPE: Integer
SIZE WORK_LIST: 138
SIZE generated: 1
EVALUABLE#: 1

-------------------------

----------------
TTYPES
true or false

PROGS

LOCAL_COUNT: 60
GLOBAL_COUNT: 129

BASE_AFTER:
(send
  (begin
    (send
      (lvar InvitationCode(id: integer, token: string, diaspora_user_id: integer, count: integer)) :count)) :confirmed=
  (begin
    (send
      (filled-hole
        (lvar :arg0) {:method_arg=>false}) :save)))
BASETYPE: true or false
SIZE WORK_LIST: 137
SIZE generated: 1
EVALUABLE#: 1

-------------------------

----------------
TTYPES
true or false

PROGS

LOCAL_COUNT: 1
GLOBAL_COUNT: 130

BASE_AFTER:
(filled-hole
  (hole 1 {:hash_depth=>0, :method_arg=>false, :variance=>:+}) {:method_arg=>false})
BASETYPE: true or false
SIZE WORK_LIST: 0
SIZE generated: 1
EVALUABLE#: 0

-------------------------

----------------
TTYPES
false or true
true or false

PROGS

LOCAL_COUNT: 2
GLOBAL_COUNT: 131

BASE_AFTER:
(filled-hole
  (begin
    (send
      (hole 0 {:hash_depth=>0, :limit_depth=>true, :recv=>true}) :save))
  (hole 2 {:hash_depth=>0, :method_arg=>false, :variance=>:+}) {:method_arg=>false})
BASETYPE: true or false
SIZE WORK_LIST: 0
SIZE generated: 2
EVALUABLE#: 0

-------------------------

----------------
TTYPES
false or true

PROGS

LOCAL_COUNT: 3
GLOBAL_COUNT: 132

BASE_AFTER:
(begin
  (send
    (filled-hole
      (lvar :arg0) {:method_arg=>false}) :save))
BASETYPE: false or true
SIZE WORK_LIST: 1
SIZE generated: 1
EVALUABLE#: 1

-------------------------

----------------
TTYPES
true or false
true or false
Integer
Integer
Integer
String
%bot

PROGS

LOCAL_COUNT: 1
GLOBAL_COUNT: 1

BASE_AFTER:
(filled-hole
  (true)
  (false)
  (int 0)
  (int 1)
  (int 2)
  (str "")
  (hole 1 {:hash_depth=>0, :method_arg=>false, :variance=>:-}) {:method_arg=>false})
BASETYPE: %bot
SIZE WORK_LIST: 0
SIZE generated: 7
EVALUABLE#: 6

-------------------------

----------------
TTYPES
true or false
true or false

PROGS

LOCAL_COUNT: 2
GLOBAL_COUNT: 2

BASE_AFTER:
(true)
BASETYPE: true or false
SIZE WORK_LIST: 6
SIZE generated: 2
EVALUABLE#: 0

-------------------------

----------------
TTYPES
true or false
true or false

PROGS

LOCAL_COUNT: 3
GLOBAL_COUNT: 3

BASE_AFTER:
(false)
BASETYPE: true or false
SIZE WORK_LIST: 7
SIZE generated: 2
EVALUABLE#: 0

-------------------------

----------------
TTYPES
Integer
Integer

PROGS

LOCAL_COUNT: 4
GLOBAL_COUNT: 4

BASE_AFTER:
(int 0)
BASETYPE: Integer
SIZE WORK_LIST: 8
SIZE generated: 2
EVALUABLE#: 0

-------------------------

----------------
TTYPES
Integer
Integer

PROGS

LOCAL_COUNT: 5
GLOBAL_COUNT: 5

BASE_AFTER:
(int 1)
BASETYPE: Integer
SIZE WORK_LIST: 9
SIZE generated: 2
EVALUABLE#: 0

-------------------------

----------------
TTYPES
Integer
Integer

PROGS

LOCAL_COUNT: 6
GLOBAL_COUNT: 6

BASE_AFTER:
(int 2)
BASETYPE: Integer
SIZE WORK_LIST: 10
SIZE generated: 2
EVALUABLE#: 0

-------------------------

----------------
TTYPES
String
String

PROGS

LOCAL_COUNT: 7
GLOBAL_COUNT: 7

BASE_AFTER:
(str "")
BASETYPE: String
SIZE WORK_LIST: 11
SIZE generated: 2
EVALUABLE#: 0

-------------------------

----------------
TTYPES
%bot

PROGS

LOCAL_COUNT: 8
GLOBAL_COUNT: 8

BASE_AFTER:
(filled-hole
  (begin
    (send
      (hole 0 {:hash_depth=>0, :limit_depth=>true, :recv=>true}) :-
      (hole 0 {:hash_depth=>0, :method_arg=>true})))
  (begin
    (send
      (hole 0 {:hash_depth=>0, :limit_depth=>true, :recv=>true}) :count))
  (begin
    (send
      (hole 0 {:hash_depth=>0, :limit_depth=>true, :recv=>true}) :-
      (hole 0 {:hash_depth=>0, :method_arg=>true})))
  (hole 2 {:hash_depth=>0, :method_arg=>false, :variance=>:-}) {:method_arg=>false})
BASETYPE: %bot
SIZE WORK_LIST: 12
SIZE generated: 1
EVALUABLE#: 0

-------------------------

----------------
TTYPES
true or false
true or false
true or false
true or false

PROGS

LOCAL_COUNT: 9
GLOBAL_COUNT: 9

BASE_AFTER:
(begin
  (send
    (hole 0 {:hash_depth=>0, :limit_depth=>true, :recv=>true}) :count=
    (hole 0 {:hash_depth=>0, :method_arg=>true}))
  (true))
BASETYPE: true or false
SIZE WORK_LIST: 12
SIZE generated: 4
EVALUABLE#: 3

-------------------------

----------------
TTYPES
true or false

PROGS

LOCAL_COUNT: 10
GLOBAL_COUNT: 10

BASE_AFTER:
(begin
  (send
    (hole 0 {:hash_depth=>0, :limit_depth=>true, :recv=>true}) :diaspora_user=
    (hole 0 {:hash_depth=>0, :method_arg=>true}))
  (true))
BASETYPE: true or false
SIZE WORK_LIST: 14
SIZE generated: 1
EVALUABLE#: 0

-------------------------

----------------
TTYPES
true or false
true or false
true or false
true or false

PROGS

LOCAL_COUNT: 11
GLOBAL_COUNT: 11

BASE_AFTER:
(begin
  (send
    (hole 0 {:hash_depth=>0, :limit_depth=>true, :recv=>true}) :count=
    (hole 0 {:hash_depth=>0, :method_arg=>true}))
  (false))
BASETYPE: true or false
SIZE WORK_LIST: 14
SIZE generated: 4
EVALUABLE#: 3

-------------------------

----------------
TTYPES
true or false

PROGS

LOCAL_COUNT: 12
GLOBAL_COUNT: 12

BASE_AFTER:
(begin
  (send
    (hole 0 {:hash_depth=>0, :limit_depth=>true, :recv=>true}) :diaspora_user=
    (hole 0 {:hash_depth=>0, :method_arg=>true}))
  (false))
BASETYPE: true or false
SIZE WORK_LIST: 16
SIZE generated: 1
EVALUABLE#: 0

-------------------------

----------------
TTYPES
Integer
Integer
Integer
Integer
Integer

PROGS

LOCAL_COUNT: 13
GLOBAL_COUNT: 13

BASE_AFTER:
(begin
  (send
    (hole 0 {:hash_depth=>0, :limit_depth=>true, :recv=>true}) :count=
    (hole 0 {:hash_depth=>0, :method_arg=>true}))
  (int 0))
BASETYPE: Integer
SIZE WORK_LIST: 16
SIZE generated: 5
EVALUABLE#: 4

-------------------------

----------------
TTYPES
Integer

PROGS

LOCAL_COUNT: 14
GLOBAL_COUNT: 14

BASE_AFTER:
(begin
  (send
    (hole 0 {:hash_depth=>0, :limit_depth=>true, :recv=>true}) :diaspora_user=
    (hole 0 {:hash_depth=>0, :method_arg=>true}))
  (int 0))
BASETYPE: Integer
SIZE WORK_LIST: 19
SIZE generated: 1
EVALUABLE#: 0

-------------------------

----------------
TTYPES
Integer
Integer
Integer
Integer
Integer

PROGS

LOCAL_COUNT: 15
GLOBAL_COUNT: 15

BASE_AFTER:
(begin
  (send
    (hole 0 {:hash_depth=>0, :limit_depth=>true, :recv=>true}) :count=
    (hole 0 {:hash_depth=>0, :method_arg=>true}))
  (int 1))
BASETYPE: Integer
SIZE WORK_LIST: 19
SIZE generated: 5
EVALUABLE#: 4

-------------------------

----------------
TTYPES
Integer

PROGS

LOCAL_COUNT: 16
GLOBAL_COUNT: 16

BASE_AFTER:
(begin
  (send
    (hole 0 {:hash_depth=>0, :limit_depth=>true, :recv=>true}) :diaspora_user=
    (hole 0 {:hash_depth=>0, :method_arg=>true}))
  (int 1))
BASETYPE: Integer
SIZE WORK_LIST: 22
SIZE generated: 1
EVALUABLE#: 0

-------------------------

----------------
TTYPES
Integer
Integer
Integer
Integer
Integer

PROGS

LOCAL_COUNT: 17
GLOBAL_COUNT: 17

BASE_AFTER:
(begin
  (send
    (hole 0 {:hash_depth=>0, :limit_depth=>true, :recv=>true}) :count=
    (hole 0 {:hash_depth=>0, :method_arg=>true}))
  (int 2))
BASETYPE: Integer
SIZE WORK_LIST: 22
SIZE generated: 5
EVALUABLE#: 4

-------------------------

----------------
TTYPES
Integer

PROGS

LOCAL_COUNT: 18
GLOBAL_COUNT: 18

BASE_AFTER:
(begin
  (send
    (hole 0 {:hash_depth=>0, :limit_depth=>true, :recv=>true}) :diaspora_user=
    (hole 0 {:hash_depth=>0, :method_arg=>true}))
  (int 2))
BASETYPE: Integer
SIZE WORK_LIST: 24
SIZE generated: 1
EVALUABLE#: 0

-------------------------

----------------
TTYPES
String
String
String
String

PROGS

LOCAL_COUNT: 19
GLOBAL_COUNT: 19

BASE_AFTER:
(begin
  (send
    (hole 0 {:hash_depth=>0, :limit_depth=>true, :recv=>true}) :count=
    (hole 0 {:hash_depth=>0, :method_arg=>true}))
  (str ""))
BASETYPE: String
SIZE WORK_LIST: 24
SIZE generated: 4
EVALUABLE#: 3

-------------------------

----------------
TTYPES
String

PROGS

LOCAL_COUNT: 20
GLOBAL_COUNT: 20

BASE_AFTER:
(begin
  (send
    (hole 0 {:hash_depth=>0, :limit_depth=>true, :recv=>true}) :diaspora_user=
    (hole 0 {:hash_depth=>0, :method_arg=>true}))
  (str ""))
BASETYPE: String
SIZE WORK_LIST: 26
SIZE generated: 1
EVALUABLE#: 0

-------------------------

----------------
TTYPES
true or false
true or false

PROGS

LOCAL_COUNT: 21
GLOBAL_COUNT: 21

BASE_AFTER:
(begin
  (send
    (lvar :arg0) :count=
    (int 0))
  (true))
BASETYPE: true or false
SIZE WORK_LIST: 26
SIZE generated: 2
EVALUABLE#: 0

-------------------------

----------------
TTYPES
true or false
true or false

PROGS

LOCAL_COUNT: 22
GLOBAL_COUNT: 22

BASE_AFTER:
(begin
  (send
    (lvar :arg0) :count=
    (int 1))
  (true))
BASETYPE: true or false
SIZE WORK_LIST: 27
SIZE generated: 2
EVALUABLE#: 0

-------------------------

----------------
TTYPES
true or false
true or false

PROGS

LOCAL_COUNT: 23
GLOBAL_COUNT: 23

BASE_AFTER:
(begin
  (send
    (lvar :arg0) :count=
    (int 0))
  (false))
BASETYPE: true or false
SIZE WORK_LIST: 28
SIZE generated: 2
EVALUABLE#: 0

-------------------------

----------------
TTYPES
true or false
true or false

PROGS

LOCAL_COUNT: 24
GLOBAL_COUNT: 24

BASE_AFTER:
(begin
  (send
    (lvar :arg0) :count=
    (int 1))
  (false))
BASETYPE: true or false
SIZE WORK_LIST: 29
SIZE generated: 2
EVALUABLE#: 0

-------------------------

----------------
TTYPES
Integer
Integer

PROGS

LOCAL_COUNT: 25
GLOBAL_COUNT: 25

BASE_AFTER:
(begin
  (send
    (lvar :arg0) :count=
    (int 0))
  (int 0))
BASETYPE: Integer
SIZE WORK_LIST: 30
SIZE generated: 2
EVALUABLE#: 0

-------------------------

----------------
TTYPES
Integer
Integer

PROGS

LOCAL_COUNT: 26
GLOBAL_COUNT: 26

BASE_AFTER:
(begin
  (send
    (lvar :arg0) :count=
    (int 1))
  (int 0))
BASETYPE: Integer
SIZE WORK_LIST: 31
SIZE generated: 2
EVALUABLE#: 0

-------------------------

----------------
TTYPES
Integer
Integer

PROGS

LOCAL_COUNT: 27
GLOBAL_COUNT: 27

BASE_AFTER:
(begin
  (lvasgn :t0
    (int 0))
  (send
    (lvar :arg0) :count=
    (lvar :t0))
  (lvar :t0))
BASETYPE: Integer
SIZE WORK_LIST: 32
SIZE generated: 2
EVALUABLE#: 0

-------------------------

----------------
TTYPES
Integer
Integer

PROGS

LOCAL_COUNT: 28
GLOBAL_COUNT: 28

BASE_AFTER:
(begin
  (send
    (lvar :arg0) :count=
    (int 0))
  (int 1))
BASETYPE: Integer
SIZE WORK_LIST: 33
SIZE generated: 2
EVALUABLE#: 0

-------------------------

----------------
TTYPES
Integer
Integer

PROGS

LOCAL_COUNT: 29
GLOBAL_COUNT: 29

BASE_AFTER:
(begin
  (send
    (lvar :arg0) :count=
    (int 1))
  (int 1))
BASETYPE: Integer
SIZE WORK_LIST: 34
SIZE generated: 2
EVALUABLE#: 0

-------------------------

----------------
TTYPES
Integer
Integer

PROGS

LOCAL_COUNT: 30
GLOBAL_COUNT: 30

BASE_AFTER:
(begin
  (lvasgn :t0
    (int 1))
  (send
    (lvar :arg0) :count=
    (lvar :t0))
  (lvar :t0))
BASETYPE: Integer
SIZE WORK_LIST: 35
SIZE generated: 2
EVALUABLE#: 0

-------------------------

----------------
TTYPES
Integer
Integer

PROGS

LOCAL_COUNT: 31
GLOBAL_COUNT: 31

BASE_AFTER:
(begin
  (send
    (lvar :arg0) :count=
    (int 0))
  (int 2))
BASETYPE: Integer
SIZE WORK_LIST: 36
SIZE generated: 2
EVALUABLE#: 0

-------------------------

----------------
TTYPES
Integer
Integer

PROGS

LOCAL_COUNT: 32
GLOBAL_COUNT: 32

BASE_AFTER:
(begin
  (send
    (lvar :arg0) :count=
    (int 1))
  (int 2))
BASETYPE: Integer
SIZE WORK_LIST: 37
SIZE generated: 2
EVALUABLE#: 0

-------------------------

----------------
TTYPES
String
String

PROGS

LOCAL_COUNT: 33
GLOBAL_COUNT: 33

BASE_AFTER:
(begin
  (send
    (lvar :arg0) :count=
    (int 0))
  (str ""))
BASETYPE: String
SIZE WORK_LIST: 38
SIZE generated: 2
EVALUABLE#: 0

-------------------------

----------------
TTYPES
String
String

PROGS

LOCAL_COUNT: 34
GLOBAL_COUNT: 34

BASE_AFTER:
(begin
  (send
    (lvar :arg0) :count=
    (int 1))
  (str ""))
BASETYPE: String
SIZE WORK_LIST: 39
SIZE generated: 2
EVALUABLE#: 0

-------------------------

----------------
TTYPES
Integer
Integer
Integer
Integer
Integer
Integer
Integer
Integer
Integer
%bot

PROGS

LOCAL_COUNT: 35
GLOBAL_COUNT: 35

BASE_AFTER:
(filled-hole
  (begin
    (send
      (send
        (hole 0 {:hash_depth=>0, :limit_depth=>true, :recv=>true}) :id=
        (hole 0 {:hash_depth=>0, :method_arg=>true})) :-
      (hole 0 {:hash_depth=>0, :method_arg=>true})))
  (begin
    (send
      (send
        (hole 0 {:hash_depth=>0, :limit_depth=>true, :recv=>true}) :id=
        (hole 0 {:hash_depth=>0, :method_arg=>true})) :-
      (hole 0 {:hash_depth=>0, :method_arg=>true})))
  (begin
    (send
      (send
        (hole 0 {:hash_depth=>0, :limit_depth=>true, :recv=>true}) :id=
        (hole 0 {:hash_depth=>0, :method_arg=>true})) :count))
  (begin
    (send
      (send
        (hole 0 {:hash_depth=>0, :limit_depth=>true, :recv=>true}) :id) :-
      (hole 0 {:hash_depth=>0, :method_arg=>true})))
  (begin
    (send
      (send
        (hole 0 {:hash_depth=>0, :limit_depth=>true, :recv=>true}) :id) :-
      (hole 0 {:hash_depth=>0, :method_arg=>true})))
  (begin
    (send
      (send
        (hole 0 {:hash_depth=>0, :limit_depth=>true, :recv=>true}) :id) :count))
  (begin
    (send
      (send
        (hole 0 {:hash_depth=>0, :limit_depth=>true, :recv=>true}) :token=
        (hole 0 {:hash_depth=>0, :method_arg=>true})) :count))
  (begin
    (send
      (send
        (hole 0 {:hash_depth=>0, :limit_depth=>true, :recv=>true}) :token=
        (hole 0 {:hash_depth=>0, :method_arg=>true})) :-
      (hole 0 {:hash_depth=>0, :method_arg=>true})))
  (begin
    (send
      (send
        (hole 0 {:hash_depth=>0, :limit_depth=>true, :recv=>true}) :token) :count))
  (begin
    (send
      (send
        (hole 0 {:hash_depth=>0, :limit_depth=>true, :recv=>true}) :token) :-
      (hole 0 {:hash_depth=>0, :method_arg=>true})))
  (begin
    (send
      (send
        (hole 0 {:hash_depth=>0, :limit_depth=>true, :recv=>true}) :diaspora_user_id=
        (hole 0 {:hash_depth=>0, :method_arg=>true})) :-
      (hole 0 {:hash_depth=>0, :method_arg=>true})))
  (begin
    (send
      (send
        (hole 0 {:hash_depth=>0, :limit_depth=>true, :recv=>true}) :diaspora_user_id=
        (hole 0 {:hash_depth=>0, :method_arg=>true})) :-
      (hole 0 {:hash_depth=>0, :method_arg=>true})))
  (begin
    (send
      (send
        (hole 0 {:hash_depth=>0, :limit_depth=>true, :recv=>true}) :diaspora_user_id=
        (hole 0 {:hash_depth=>0, :method_arg=>true})) :count))
  (begin
    (send
      (send
        (hole 0 {:hash_depth=>0, :limit_depth=>true, :recv=>true}) :diaspora_user_id) :-
      (hole 0 {:hash_depth=>0, :method_arg=>true})))
  (begin
    (send
      (send
        (hole 0 {:hash_depth=>0, :limit_depth=>true, :recv=>true}) :diaspora_user_id) :-
      (hole 0 {:hash_depth=>0, :method_arg=>true})))
  (begin
    (send
      (send
        (hole 0 {:hash_depth=>0, :limit_depth=>true, :recv=>true}) :diaspora_user_id) :count))
  (begin
    (send
      (send
        (hole 0 {:hash_depth=>0, :limit_depth=>true, :recv=>true}) :count=
        (hole 0 {:hash_depth=>0, :method_arg=>true})) :-
      (hole 0 {:hash_depth=>0, :method_arg=>true})))
  (begin
    (send
      (send
        (hole 0 {:hash_depth=>0, :limit_depth=>true, :recv=>true}) :count=
        (hole 0 {:hash_depth=>0, :method_arg=>true})) :-
      (hole 0 {:hash_depth=>0, :method_arg=>true})))
  (begin
    (send
      (send
        (hole 0 {:hash_depth=>0, :limit_depth=>true, :recv=>true}) :count=
        (hole 0 {:hash_depth=>0, :method_arg=>true})) :count))
  (begin
    (send
      (begin
        (send
          (hole 0 {:hash_depth=>0, :limit_depth=>true, :recv=>true}) :count)) :-
      (hole 0 {:hash_depth=>0, :method_arg=>true})))
  (begin
    (send
      (begin
        (send
          (hole 0 {:hash_depth=>0, :limit_depth=>true, :recv=>true}) :count)) :-
      (hole 0 {:hash_depth=>0, :method_arg=>true})))
  (begin
    (send
      (begin
        (send
          (hole 0 {:hash_depth=>0, :limit_depth=>true, :recv=>true}) :count)) :count))
  (begin
    (send
      (send
        (hole 0 {:hash_depth=>0, :limit_depth=>true, :recv=>true}) :diaspora_user) :count))
  (begin
    (send
      (send
        (hole 0 {:hash_depth=>0, :limit_depth=>true, :recv=>true}) :diaspora_user) :-
      (hole 0 {:hash_depth=>0, :method_arg=>true})))
  (begin
    (send
      (send
        (hole 0 {:hash_depth=>0, :limit_depth=>true, :recv=>true}) :diaspora_user=
        (hole 0 {:hash_depth=>0, :method_arg=>true})) :count))
  (begin
    (send
      (send
        (hole 0 {:hash_depth=>0, :limit_depth=>true, :recv=>true}) :diaspora_user=
        (hole 0 {:hash_depth=>0, :method_arg=>true})) :-
      (hole 0 {:hash_depth=>0, :method_arg=>true})))
  (begin
    (send
      (begin
        (send
          (hole 0 {:hash_depth=>0, :limit_depth=>true, :recv=>true}) :-
          (hole 0 {:hash_depth=>0, :method_arg=>true}))) :-
      (hole 0 {:hash_depth=>0, :method_arg=>true})))
  (begin
    (send
      (begin
        (send
          (hole 0 {:hash_depth=>0, :limit_depth=>true, :recv=>true}) :-
          (hole 0 {:hash_depth=>0, :method_arg=>true}))) :-
      (hole 0 {:hash_depth=>0, :method_arg=>true})))
  (begin
    (send
      (begin
        (send
          (hole 0 {:hash_depth=>0, :limit_depth=>true, :recv=>true}) :save)) :count))
  (begin
    (send
      (begin
        (send
          (hole 0 {:hash_depth=>0, :limit_depth=>true, :recv=>true}) :save)) :-
      (hole 0 {:hash_depth=>0, :method_arg=>true})))
  (begin
    (send
      (begin
        (send
          (hole 0 {:hash_depth=>0, :limit_depth=>true, :recv=>true}) :count)) :-
      (hole 0 {:hash_depth=>0, :method_arg=>true})))
  (begin
    (send
      (begin
        (send
          (hole 0 {:hash_depth=>0, :limit_depth=>true, :recv=>true}) :count)) :-
      (hole 0 {:hash_depth=>0, :method_arg=>true})))
  (begin
    (send
      (begin
        (send
          (hole 0 {:hash_depth=>0, :limit_depth=>true, :recv=>true}) :-
          (hole 0 {:hash_depth=>0, :method_arg=>true}))) :-
      (hole 0 {:hash_depth=>0, :method_arg=>true})))
  (begin
    (send
      (begin
        (send
          (hole 0 {:hash_depth=>0, :limit_depth=>true, :recv=>true}) :-
          (hole 0 {:hash_depth=>0, :method_arg=>true}))) :-
      (hole 0 {:hash_depth=>0, :method_arg=>true})))
  (begin
    (send
      (begin
        (send
          (hole 0 {:hash_depth=>0, :limit_depth=>true, :recv=>true}) :save)) :count))
  (begin
    (send
      (begin
        (send
          (hole 0 {:hash_depth=>0, :limit_depth=>true, :recv=>true}) :save)) :-
      (hole 0 {:hash_depth=>0, :method_arg=>true})))
  (hole 3 {:hash_depth=>0, :method_arg=>false, :variance=>:-}) {:method_arg=>false})
BASETYPE: %bot
SIZE WORK_LIST: 40
SIZE generated: 10
EVALUABLE#: 0

-------------------------

----------------
TTYPES
Integer
Integer
Integer
Integer
Integer
Integer
Integer
Integer
Integer
Integer
Integer
Integer
Integer
Integer
Integer
Integer
Integer
Integer
Integer
Integer
Integer
Integer
Integer
Integer
Integer
Integer
Integer
Integer
Integer
Integer
Integer
Integer
Integer
Integer
Integer
Integer

PROGS

LOCAL_COUNT: 36
GLOBAL_COUNT: 36

BASE_AFTER:
(begin
  (send
    (begin
      (send
        (filled-hole
          (lvar :arg0) {:method_arg=>false}) :-
        (filled-hole
          (lvar :arg0)
          (lvar InvitationCode(id: integer, token: string, diaspora_user_id: integer, count: integer))
          (true)
          (false)
          (int 0)
          (int 1)
          (int 2)
          (str "")
          (hole 1 {:hash_depth=>0, :method_arg=>true, :variance=>:+}) {:method_arg=>true}))) :-
    (filled-hole
      (int 0)
      (int 1)
      (int 2)
      (hole 1 {:hash_depth=>0, :method_arg=>true, :variance=>:+}) {:method_arg=>true})))
BASETYPE: Integer
SIZE WORK_LIST: 49
SIZE generated: 36
EVALUABLE#: 24

-------------------------

----------------
TTYPES
Integer
Integer
Integer
Integer
Integer
Integer
Integer
Integer
Integer
Integer
Integer
Integer
Integer
Integer
Integer
Integer
Integer
Integer
Integer
Integer
Integer
Integer
Integer
Integer
Integer
Integer
Integer
Integer
Integer
Integer
Integer
Integer
Integer
Integer
Integer
Integer

PROGS

LOCAL_COUNT: 37
GLOBAL_COUNT: 37

BASE_AFTER:
(begin
  (send
    (begin
      (send
        (filled-hole
          (lvar InvitationCode(id: integer, token: string, diaspora_user_id: integer, count: integer)) {:method_arg=>false}) :-
        (filled-hole
          (lvar :arg0)
          (lvar InvitationCode(id: integer, token: string, diaspora_user_id: integer, count: integer))
          (true)
          (false)
          (int 0)
          (int 1)
          (int 2)
          (str "")
          (hole 1 {:hash_depth=>0, :method_arg=>true, :variance=>:+}) {:method_arg=>true}))) :-
    (filled-hole
      (int 0)
      (int 1)
      (int 2)
      (hole 1 {:hash_depth=>0, :method_arg=>true, :variance=>:+}) {:method_arg=>true})))
BASETYPE: Integer
SIZE WORK_LIST: 60
SIZE generated: 36
EVALUABLE#: 24

-------------------------

----------------
TTYPES
Integer
Integer
Integer
Integer

PROGS

LOCAL_COUNT: 38
GLOBAL_COUNT: 38

BASE_AFTER:
(begin
  (send
    (begin
      (send
        (filled-hole
          (lvar InvitationCode(id: integer, token: string, diaspora_user_id: integer, count: integer)) {:method_arg=>false}) :count)) :-
    (filled-hole
      (int 0)
      (int 1)
      (int 2)
      (hole 1 {:hash_depth=>0, :method_arg=>true, :variance=>:+}) {:method_arg=>true})))
BASETYPE: Integer
SIZE WORK_LIST: 71
SIZE generated: 4
EVALUABLE#: 3

-------------------------

----------------
TTYPES
true or false
true or false
true or false
true or false
true or false
true or false
true or false
true or false
true or false
true or false
true or false

PROGS

LOCAL_COUNT: 39
GLOBAL_COUNT: 39

BASE_AFTER:
(begin
  (send
    (lvar :arg0) :count=
    (hole 1 {:hash_depth=>0, :method_arg=>true, :variance=>:+}))
  (true))
BASETYPE: true or false
SIZE WORK_LIST: 74
SIZE generated: 11
EVALUABLE#: 0

-------------------------

----------------
TTYPES
Integer
Integer

PROGS

LOCAL_COUNT: 40
GLOBAL_COUNT: 40

BASE_AFTER:
(begin
  (send
    (begin
      (send
        (lvar InvitationCode(id: integer, token: string, diaspora_user_id: integer, count: integer)) :count)) :-
    (int 0)))
BASETYPE: Integer
SIZE WORK_LIST: 84
SIZE generated: 2
EVALUABLE#: 0

-------------------------

----------------
TTYPES
Integer
Integer

PROGS

LOCAL_COUNT: 41
GLOBAL_COUNT: 41

BASE_AFTER:
(begin
  (send
    (begin
      (send
        (lvar InvitationCode(id: integer, token: string, diaspora_user_id: integer, count: integer)) :count)) :-
    (int 1)))
BASETYPE: Integer
SIZE WORK_LIST: 85
SIZE generated: 2
EVALUABLE#: 0

-------------------------

----------------
TTYPES
Integer
Integer

PROGS

LOCAL_COUNT: 42
GLOBAL_COUNT: 42

BASE_AFTER:
(begin
  (send
    (begin
      (send
        (lvar InvitationCode(id: integer, token: string, diaspora_user_id: integer, count: integer)) :count)) :-
    (int 2)))
BASETYPE: Integer
SIZE WORK_LIST: 86
SIZE generated: 2
EVALUABLE#: 0

-------------------------

----------------
TTYPES
true or false

PROGS

LOCAL_COUNT: 43
GLOBAL_COUNT: 43

BASE_AFTER:
(begin
  (send
    (lvar :arg0) :count=
    (begin
      (send
        (hole 0 {:hash_depth=>0, :limit_depth=>true, :recv=>true}) :count)))
  (true))
BASETYPE: true or false
SIZE WORK_LIST: 87
SIZE generated: 1
EVALUABLE#: 1

-------------------------

----------------
TTYPES
true or false
true or false
true or false
true or false
true or false
true or false

PROGS

LOCAL_COUNT: 44
GLOBAL_COUNT: 44

BASE_AFTER:
(begin
  (send
    (lvar :arg0) :diaspora_user=
    (hole 1 {:hash_depth=>0, :method_arg=>true, :variance=>:+}))
  (true))
BASETYPE: true or false
SIZE WORK_LIST: 87
SIZE generated: 6
EVALUABLE#: 0

-------------------------

----------------
TTYPES
true or false
true or false

PROGS

LOCAL_COUNT: 45
GLOBAL_COUNT: 45

BASE_AFTER:
(begin
  (send
    (lvar :arg0) :count=
    (begin
      (send
        (lvar InvitationCode(id: integer, token: string, diaspora_user_id: integer, count: integer)) :count)))
  (true))
BASETYPE: true or false
SIZE WORK_LIST: 92
SIZE generated: 2
EVALUABLE#: 0

-------------------------

----------------
TTYPES
true or false

PROGS

LOCAL_COUNT: 46
GLOBAL_COUNT: 46

BASE_AFTER:
(begin
  (send
    (lvar :arg0) :diaspora_user=
    (begin
      (send
        (hole 0 {:hash_depth=>0, :limit_depth=>true, :recv=>true}) :count)))
  (true))
BASETYPE: true or false
SIZE WORK_LIST: 93
SIZE generated: 1
EVALUABLE#: 1

-------------------------

----------------
TTYPES
true or false
true or false
true or false
true or false
true or false
true or false
true or false
true or false
true or false
true or false
true or false

PROGS

LOCAL_COUNT: 47
GLOBAL_COUNT: 47

BASE_AFTER:
(begin
  (send
    (lvar :arg0) :count=
    (hole 1 {:hash_depth=>0, :method_arg=>true, :variance=>:+}))
  (false))
BASETYPE: true or false
SIZE WORK_LIST: 92
SIZE generated: 11
EVALUABLE#: 0

-------------------------

----------------
TTYPES
true or false

PROGS

LOCAL_COUNT: 48
GLOBAL_COUNT: 48

BASE_AFTER:
(begin
  (send
    (lvar :arg0) :count=
    (begin
      (send
        (hole 0 {:hash_depth=>0, :limit_depth=>true, :recv=>true}) :count)))
  (false))
BASETYPE: true or false
SIZE WORK_LIST: 102
SIZE generated: 1
EVALUABLE#: 1

-------------------------

----------------
TTYPES
true or false
true or false
true or false
true or false
true or false
true or false

PROGS

LOCAL_COUNT: 49
GLOBAL_COUNT: 49

BASE_AFTER:
(begin
  (send
    (lvar :arg0) :diaspora_user=
    (hole 1 {:hash_depth=>0, :method_arg=>true, :variance=>:+}))
  (false))
BASETYPE: true or false
SIZE WORK_LIST: 102
SIZE generated: 6
EVALUABLE#: 0

-------------------------

----------------
TTYPES
true or false
true or false

PROGS

LOCAL_COUNT: 50
GLOBAL_COUNT: 50

BASE_AFTER:
(begin
  (send
    (lvar :arg0) :count=
    (begin
      (send
        (lvar InvitationCode(id: integer, token: string, diaspora_user_id: integer, count: integer)) :count)))
  (false))
BASETYPE: true or false
SIZE WORK_LIST: 107
SIZE generated: 2
EVALUABLE#: 0

-------------------------

----------------
TTYPES
true or false

PROGS

LOCAL_COUNT: 51
GLOBAL_COUNT: 51

BASE_AFTER:
(begin
  (send
    (lvar :arg0) :diaspora_user=
    (begin
      (send
        (hole 0 {:hash_depth=>0, :limit_depth=>true, :recv=>true}) :count)))
  (false))
BASETYPE: true or false
SIZE WORK_LIST: 108
SIZE generated: 1
EVALUABLE#: 1

-------------------------

----------------
TTYPES
Integer
Integer
Integer
Integer
Integer
Integer
Integer
Integer
Integer
Integer
Integer

PROGS

LOCAL_COUNT: 52
GLOBAL_COUNT: 52

BASE_AFTER:
(begin
  (send
    (lvar :arg0) :count=
    (hole 1 {:hash_depth=>0, :method_arg=>true, :variance=>:+}))
  (int 0))
BASETYPE: Integer
SIZE WORK_LIST: 107
SIZE generated: 11
EVALUABLE#: 0

-------------------------

----------------
TTYPES
Integer

PROGS

LOCAL_COUNT: 53
GLOBAL_COUNT: 53

BASE_AFTER:
(begin
  (send
    (lvar :arg0) :count=
    (begin
      (send
        (hole 0 {:hash_depth=>0, :limit_depth=>true, :recv=>true}) :count)))
  (int 0))
BASETYPE: Integer
SIZE WORK_LIST: 117
SIZE generated: 1
EVALUABLE#: 1

-------------------------

----------------
TTYPES
Integer
Integer
Integer
Integer
Integer
Integer

PROGS

LOCAL_COUNT: 54
GLOBAL_COUNT: 54

BASE_AFTER:
(begin
  (send
    (lvar :arg0) :diaspora_user=
    (hole 1 {:hash_depth=>0, :method_arg=>true, :variance=>:+}))
  (int 0))
BASETYPE: Integer
SIZE WORK_LIST: 117
SIZE generated: 6
EVALUABLE#: 0

-------------------------

----------------
TTYPES
Integer
Integer

PROGS

LOCAL_COUNT: 55
GLOBAL_COUNT: 55

BASE_AFTER:
(begin
  (send
    (lvar :arg0) :count=
    (begin
      (send
        (lvar InvitationCode(id: integer, token: string, diaspora_user_id: integer, count: integer)) :count)))
  (int 0))
BASETYPE: Integer
SIZE WORK_LIST: 122
SIZE generated: 2
EVALUABLE#: 0

-------------------------

----------------
TTYPES
Integer

PROGS

LOCAL_COUNT: 56
GLOBAL_COUNT: 56

BASE_AFTER:
(begin
  (send
    (lvar :arg0) :diaspora_user=
    (begin
      (send
        (hole 0 {:hash_depth=>0, :limit_depth=>true, :recv=>true}) :count)))
  (int 0))
BASETYPE: Integer
SIZE WORK_LIST: 123
SIZE generated: 1
EVALUABLE#: 1

-------------------------

----------------
TTYPES
Integer
Integer
Integer
Integer
Integer
Integer
Integer
Integer
Integer
Integer
Integer

PROGS

LOCAL_COUNT: 57
GLOBAL_COUNT: 57

BASE_AFTER:
(begin
  (send
    (lvar :arg0) :count=
    (hole 1 {:hash_depth=>0, :method_arg=>true, :variance=>:+}))
  (int 1))
BASETYPE: Integer
SIZE WORK_LIST: 122
SIZE generated: 11
EVALUABLE#: 0

-------------------------

----------------
TTYPES
Integer

PROGS

LOCAL_COUNT: 58
GLOBAL_COUNT: 58

BASE_AFTER:
(begin
  (send
    (lvar :arg0) :count=
    (begin
      (send
        (hole 0 {:hash_depth=>0, :limit_depth=>true, :recv=>true}) :count)))
  (int 1))
BASETYPE: Integer
SIZE WORK_LIST: 132
SIZE generated: 1
EVALUABLE#: 1

-------------------------

----------------
TTYPES
Integer
Integer
Integer
Integer
Integer
Integer

PROGS

LOCAL_COUNT: 59
GLOBAL_COUNT: 59

BASE_AFTER:
(begin
  (send
    (lvar :arg0) :diaspora_user=
    (hole 1 {:hash_depth=>0, :method_arg=>true, :variance=>:+}))
  (int 1))
BASETYPE: Integer
SIZE WORK_LIST: 132
SIZE generated: 6
EVALUABLE#: 0

-------------------------

----------------
TTYPES
Integer
Integer

PROGS

LOCAL_COUNT: 60
GLOBAL_COUNT: 60

BASE_AFTER:
(begin
  (send
    (lvar :arg0) :count=
    (begin
      (send
        (lvar InvitationCode(id: integer, token: string, diaspora_user_id: integer, count: integer)) :count)))
  (int 1))
BASETYPE: Integer
SIZE WORK_LIST: 137
SIZE generated: 2
EVALUABLE#: 0

-------------------------

----------------
TTYPES
true or false
true or false
Integer
Integer
Integer
String
%bot

PROGS

LOCAL_COUNT: 1
GLOBAL_COUNT: 61

BASE_AFTER:
(filled-hole
  (true)
  (false)
  (int 0)
  (int 1)
  (int 2)
  (str "")
  (hole 1 {:hash_depth=>0, :method_arg=>false, :variance=>:-}) {:method_arg=>false})
BASETYPE: %bot
SIZE WORK_LIST: 0
SIZE generated: 7
EVALUABLE#: 6

-------------------------

----------------
TTYPES
true or false
true or false

PROGS

LOCAL_COUNT: 2
GLOBAL_COUNT: 62

BASE_AFTER:
(true)
BASETYPE: true or false
SIZE WORK_LIST: 6
SIZE generated: 2
EVALUABLE#: 0

-------------------------

----------------
TTYPES
true or false
true or false

PROGS

LOCAL_COUNT: 3
GLOBAL_COUNT: 63

BASE_AFTER:
(false)
BASETYPE: true or false
SIZE WORK_LIST: 7
SIZE generated: 2
EVALUABLE#: 0

-------------------------

----------------
TTYPES
Integer
Integer

PROGS

LOCAL_COUNT: 4
GLOBAL_COUNT: 64

BASE_AFTER:
(int 0)
BASETYPE: Integer
SIZE WORK_LIST: 8
SIZE generated: 2
EVALUABLE#: 0

-------------------------

----------------
TTYPES
Integer
Integer

PROGS

LOCAL_COUNT: 5
GLOBAL_COUNT: 65

BASE_AFTER:
(int 1)
BASETYPE: Integer
SIZE WORK_LIST: 9
SIZE generated: 2
EVALUABLE#: 0

-------------------------

----------------
TTYPES
Integer
Integer

PROGS

LOCAL_COUNT: 6
GLOBAL_COUNT: 66

BASE_AFTER:
(int 2)
BASETYPE: Integer
SIZE WORK_LIST: 10
SIZE generated: 2
EVALUABLE#: 0

-------------------------

----------------
TTYPES
String
String

PROGS

LOCAL_COUNT: 7
GLOBAL_COUNT: 67

BASE_AFTER:
(str "")
BASETYPE: String
SIZE WORK_LIST: 11
SIZE generated: 2
EVALUABLE#: 0

-------------------------

----------------
TTYPES
%bot

PROGS

LOCAL_COUNT: 8
GLOBAL_COUNT: 68

BASE_AFTER:
(filled-hole
  (hole 2 {:hash_depth=>0, :method_arg=>false, :variance=>:-}) {:method_arg=>false})
BASETYPE: %bot
SIZE WORK_LIST: 12
SIZE generated: 1
EVALUABLE#: 0

-------------------------

----------------
TTYPES
true or false
true or false
true or false
true or false

PROGS

LOCAL_COUNT: 9
GLOBAL_COUNT: 69

BASE_AFTER:
(begin
  (send
    (hole 0 {:hash_depth=>0, :limit_depth=>true, :recv=>true}) :count=
    (hole 0 {:hash_depth=>0, :method_arg=>true}))
  (true))
BASETYPE: true or false
SIZE WORK_LIST: 12
SIZE generated: 4
EVALUABLE#: 3

-------------------------

----------------
TTYPES
true or false

PROGS

LOCAL_COUNT: 1
GLOBAL_COUNT: 70

BASE_AFTER:
(filled-hole
  (hole 1 {:hash_depth=>0, :method_arg=>false, :variance=>:+}) {:method_arg=>false})
BASETYPE: true or false
SIZE WORK_LIST: 0
SIZE generated: 1
EVALUABLE#: 0

-------------------------

----------------
TTYPES
true or false
true or false
true or false

PROGS

LOCAL_COUNT: 2
GLOBAL_COUNT: 71

BASE_AFTER:
(filled-hole
  (begin
    (send
      (hole 0 {:hash_depth=>0, :limit_depth=>true, :recv=>true}) :-
      (hole 0 {:hash_depth=>0, :method_arg=>true})))
  (begin
    (send
      (hole 0 {:hash_depth=>0, :limit_depth=>true, :recv=>true}) :save))
  (begin
    (send
      (hole 0 {:hash_depth=>0, :limit_depth=>true, :recv=>true}) :count))
  (begin
    (send
      (hole 0 {:hash_depth=>0, :limit_depth=>true, :recv=>true}) :-
      (hole 0 {:hash_depth=>0, :method_arg=>true})))
  (begin
    (send
      (hole 0 {:hash_depth=>0, :limit_depth=>true, :recv=>true}) :save))
  (hole 2 {:hash_depth=>0, :method_arg=>false, :variance=>:+}) {:method_arg=>false})
BASETYPE: true or false
SIZE WORK_LIST: 0
SIZE generated: 3
EVALUABLE#: 0

-------------------------

----------------
TTYPES
true or false

PROGS

LOCAL_COUNT: 3
GLOBAL_COUNT: 72

BASE_AFTER:
(begin
  (send
    (filled-hole
      (lvar :arg0) {:method_arg=>false}) :save))
BASETYPE: true or false
SIZE WORK_LIST: 2
SIZE generated: 1
EVALUABLE#: 1

-------------------------

----------------
TTYPES
true or false

PROGS

LOCAL_COUNT: 4
GLOBAL_COUNT: 73

BASE_AFTER:
(begin
  (send
    (filled-hole
      (lvar InvitationCode(id: integer, token: string, diaspora_user_id: integer, count: integer)) {:method_arg=>false}) :save))
BASETYPE: true or false
SIZE WORK_LIST: 1
SIZE generated: 1
EVALUABLE#: 1

-------------------------

----------------
TTYPES
Integer
true or false
Integer
true or false
true or false
true or false
Integer
true or false
Integer
true or false
Integer
true or false
Integer
true or false
true or false
true or false
true or false
true or false
true or false
true or false
true or false
true or false
true or false
true or false
true or false
false or true
true or false
true or false
true or false
true or false
true or false
true or false
true or false
true or false
true or false
true or false
true or false
true or false
Integer
true or false
true or false
true or false
true or false
true or false
true or false
true or false
true or false
false or true
true or false
true or false
true or false
true or false
true or false
true or false
true or false
true or false
true or false
true or false
true or false
true or false
Integer
true or false
true or false
true or false
true or false
true or false
true or false
true or false
true or false
false or true
true or false
true or false
true or false
true or false
true or false
true or false
true or false
true or false
true or false
true or false
true or false
true or false
Integer
true or false
true or false

PROGS

LOCAL_COUNT: 5
GLOBAL_COUNT: 74

BASE_AFTER:
(filled-hole
  (begin
    (send
      (send
        (hole 0 {:hash_depth=>0, :limit_depth=>true, :recv=>true}) :id=
        (hole 0 {:hash_depth=>0, :method_arg=>true})) :-
      (hole 0 {:hash_depth=>0, :method_arg=>true})))
  (begin
    (send
      (send
        (hole 0 {:hash_depth=>0, :limit_depth=>true, :recv=>true}) :id=
        (hole 0 {:hash_depth=>0, :method_arg=>true})) :-
      (hole 0 {:hash_depth=>0, :method_arg=>true})))
  (begin
    (send
      (send
        (hole 0 {:hash_depth=>0, :limit_depth=>true, :recv=>true}) :id=
        (hole 0 {:hash_depth=>0, :method_arg=>true})) :-
      (hole 0 {:hash_depth=>0, :method_arg=>true})))
  (begin
    (send
      (send
        (hole 0 {:hash_depth=>0, :limit_depth=>true, :recv=>true}) :id=
        (hole 0 {:hash_depth=>0, :method_arg=>true})) :count))
  (begin
    (send
      (send
        (hole 0 {:hash_depth=>0, :limit_depth=>true, :recv=>true}) :id=
        (hole 0 {:hash_depth=>0, :method_arg=>true})) :save))
  (begin
    (send
      (send
        (hole 0 {:hash_depth=>0, :limit_depth=>true, :recv=>true}) :id) :-
      (hole 0 {:hash_depth=>0, :method_arg=>true})))
  (begin
    (send
      (send
        (hole 0 {:hash_depth=>0, :limit_depth=>true, :recv=>true}) :id) :-
      (hole 0 {:hash_depth=>0, :method_arg=>true})))
  (begin
    (send
      (send
        (hole 0 {:hash_depth=>0, :limit_depth=>true, :recv=>true}) :id) :-
      (hole 0 {:hash_depth=>0, :method_arg=>true})))
  (begin
    (send
      (send
        (hole 0 {:hash_depth=>0, :limit_depth=>true, :recv=>true}) :id) :count))
  (begin
    (send
      (send
        (hole 0 {:hash_depth=>0, :limit_depth=>true, :recv=>true}) :id) :save))
  (begin
    (send
      (send
        (hole 0 {:hash_depth=>0, :limit_depth=>true, :recv=>true}) :token=
        (hole 0 {:hash_depth=>0, :method_arg=>true})) :count))
  (begin
    (send
      (send
        (hole 0 {:hash_depth=>0, :limit_depth=>true, :recv=>true}) :token=
        (hole 0 {:hash_depth=>0, :method_arg=>true})) :-
      (hole 0 {:hash_depth=>0, :method_arg=>true})))
  (begin
    (send
      (send
        (hole 0 {:hash_depth=>0, :limit_depth=>true, :recv=>true}) :token=
        (hole 0 {:hash_depth=>0, :method_arg=>true})) :save))
  (begin
    (send
      (send
        (hole 0 {:hash_depth=>0, :limit_depth=>true, :recv=>true}) :token) :count))
  (begin
    (send
      (send
        (hole 0 {:hash_depth=>0, :limit_depth=>true, :recv=>true}) :token) :-
      (hole 0 {:hash_depth=>0, :method_arg=>true})))
  (begin
    (send
      (send
        (hole 0 {:hash_depth=>0, :limit_depth=>true, :recv=>true}) :token) :save))
  (begin
    (send
      (send
        (hole 0 {:hash_depth=>0, :limit_depth=>true, :recv=>true}) :diaspora_user_id=
        (hole 0 {:hash_depth=>0, :method_arg=>true})) :-
      (hole 0 {:hash_depth=>0, :method_arg=>true})))
  (begin
    (send
      (send
        (hole 0 {:hash_depth=>0, :limit_depth=>true, :recv=>true}) :diaspora_user_id=
        (hole 0 {:hash_depth=>0, :method_arg=>true})) :-
      (hole 0 {:hash_depth=>0, :method_arg=>true})))
  (begin
    (send
      (send
        (hole 0 {:hash_depth=>0, :limit_depth=>true, :recv=>true}) :diaspora_user_id=
        (hole 0 {:hash_depth=>0, :method_arg=>true})) :-
      (hole 0 {:hash_depth=>0, :method_arg=>true})))
  (begin
    (send
      (send
        (hole 0 {:hash_depth=>0, :limit_depth=>true, :recv=>true}) :diaspora_user_id=
        (hole 0 {:hash_depth=>0, :method_arg=>true})) :count))
  (begin
    (send
      (send
        (hole 0 {:hash_depth=>0, :limit_depth=>true, :recv=>true}) :diaspora_user_id=
        (hole 0 {:hash_depth=>0, :method_arg=>true})) :save))
  (begin
    (send
      (send
        (hole 0 {:hash_depth=>0, :limit_depth=>true, :recv=>true}) :diaspora_user_id) :-
      (hole 0 {:hash_depth=>0, :method_arg=>true})))
  (begin
    (send
      (send
        (hole 0 {:hash_depth=>0, :limit_depth=>true, :recv=>true}) :diaspora_user_id) :-
      (hole 0 {:hash_depth=>0, :method_arg=>true})))
  (begin
    (send
      (send
        (hole 0 {:hash_depth=>0, :limit_depth=>true, :recv=>true}) :diaspora_user_id) :-
      (hole 0 {:hash_depth=>0, :method_arg=>true})))
  (begin
    (send
      (send
        (hole 0 {:hash_depth=>0, :limit_depth=>true, :recv=>true}) :diaspora_user_id) :count))
  (begin
    (send
      (send
        (hole 0 {:hash_depth=>0, :limit_depth=>true, :recv=>true}) :diaspora_user_id) :save))
  (begin
    (send
      (send
        (hole 0 {:hash_depth=>0, :limit_depth=>true, :recv=>true}) :count=
        (hole 0 {:hash_depth=>0, :method_arg=>true})) :-
      (hole 0 {:hash_depth=>0, :method_arg=>true})))
  (begin
    (send
      (send
        (hole 0 {:hash_depth=>0, :limit_depth=>true, :recv=>true}) :count=
        (hole 0 {:hash_depth=>0, :method_arg=>true})) :-
      (hole 0 {:hash_depth=>0, :method_arg=>true})))
  (begin
    (send
      (send
        (hole 0 {:hash_depth=>0, :limit_depth=>true, :recv=>true}) :count=
        (hole 0 {:hash_depth=>0, :method_arg=>true})) :-
      (hole 0 {:hash_depth=>0, :method_arg=>true})))
  (begin
    (send
      (send
        (hole 0 {:hash_depth=>0, :limit_depth=>true, :recv=>true}) :count=
        (hole 0 {:hash_depth=>0, :method_arg=>true})) :count))
  (begin
    (send
      (send
        (hole 0 {:hash_depth=>0, :limit_depth=>true, :recv=>true}) :count=
        (hole 0 {:hash_depth=>0, :method_arg=>true})) :save))
  (begin
    (send
      (begin
        (send
          (hole 0 {:hash_depth=>0, :limit_depth=>true, :recv=>true}) :count)) :-
      (hole 0 {:hash_depth=>0, :method_arg=>true})))
  (begin
    (send
      (begin
        (send
          (hole 0 {:hash_depth=>0, :limit_depth=>true, :recv=>true}) :count)) :-
      (hole 0 {:hash_depth=>0, :method_arg=>true})))
  (begin
    (send
      (begin
        (send
          (hole 0 {:hash_depth=>0, :limit_depth=>true, :recv=>true}) :count)) :-
      (hole 0 {:hash_depth=>0, :method_arg=>true})))
  (begin
    (send
      (begin
        (send
          (hole 0 {:hash_depth=>0, :limit_depth=>true, :recv=>true}) :count)) :-
      (hole 0 {:hash_depth=>0, :method_arg=>true})))
  (begin
    (send
      (begin
        (send
          (hole 0 {:hash_depth=>0, :limit_depth=>true, :recv=>true}) :count)) :-
      (hole 0 {:hash_depth=>0, :method_arg=>true})))
  (begin
    (send
      (begin
        (send
          (hole 0 {:hash_depth=>0, :limit_depth=>true, :recv=>true}) :count)) :-
      (hole 0 {:hash_depth=>0, :method_arg=>true})))
  (begin
    (send
      (begin
        (send
          (hole 0 {:hash_depth=>0, :limit_depth=>true, :recv=>true}) :count)) :count))
  (begin
    (send
      (begin
        (send
          (hole 0 {:hash_depth=>0, :limit_depth=>true, :recv=>true}) :count)) :count))
  (begin
    (send
      (begin
        (send
          (hole 0 {:hash_depth=>0, :limit_depth=>true, :recv=>true}) :count)) :save))
  (begin
    (send
      (begin
        (send
          (hole 0 {:hash_depth=>0, :limit_depth=>true, :recv=>true}) :count)) :save))
  (begin
    (send
      (send
        (hole 0 {:hash_depth=>0, :limit_depth=>true, :recv=>true}) :diaspora_user) :count))
  (begin
    (send
      (send
        (hole 0 {:hash_depth=>0, :limit_depth=>true, :recv=>true}) :diaspora_user) :-
      (hole 0 {:hash_depth=>0, :method_arg=>true})))
  (begin
    (send
      (send
        (hole 0 {:hash_depth=>0, :limit_depth=>true, :recv=>true}) :diaspora_user) :save))
  (begin
    (send
      (send
        (hole 0 {:hash_depth=>0, :limit_depth=>true, :recv=>true}) :diaspora_user=
        (hole 0 {:hash_depth=>0, :method_arg=>true})) :count))
  (begin
    (send
      (send
        (hole 0 {:hash_depth=>0, :limit_depth=>true, :recv=>true}) :diaspora_user=
        (hole 0 {:hash_depth=>0, :method_arg=>true})) :-
      (hole 0 {:hash_depth=>0, :method_arg=>true})))
  (begin
    (send
      (send
        (hole 0 {:hash_depth=>0, :limit_depth=>true, :recv=>true}) :diaspora_user=
        (hole 0 {:hash_depth=>0, :method_arg=>true})) :save))
  (begin
    (send
      (begin
        (send
          (hole 0 {:hash_depth=>0, :limit_depth=>true, :recv=>true}) :save)) :count))
  (begin
    (send
      (begin
        (send
          (hole 0 {:hash_depth=>0, :limit_depth=>true, :recv=>true}) :save)) :-
      (hole 0 {:hash_depth=>0, :method_arg=>true})))
  (begin
    (send
      (begin
        (send
          (hole 0 {:hash_depth=>0, :limit_depth=>true, :recv=>true}) :save)) :save))
  (send
    (begin
      (send
        (hole 0 {:hash_depth=>0, :limit_depth=>true, :recv=>true}) :-
        (hole 0 {:hash_depth=>0, :method_arg=>true}))) :confirmed=
    (hole 0 {:hash_depth=>0, :method_arg=>true}))
  (send
    (begin
      (send
        (hole 0 {:hash_depth=>0, :limit_depth=>true, :recv=>true}) :-
        (hole 0 {:hash_depth=>0, :method_arg=>true}))) :confirmed)
  (send
    (begin
      (send
        (hole 0 {:hash_depth=>0, :limit_depth=>true, :recv=>true}) :-
        (hole 0 {:hash_depth=>0, :method_arg=>true}))) :expired=
    (hole 0 {:hash_depth=>0, :method_arg=>true}))
  (send
    (begin
      (send
        (hole 0 {:hash_depth=>0, :limit_depth=>true, :recv=>true}) :-
        (hole 0 {:hash_depth=>0, :method_arg=>true}))) :expired)
  (send
    (begin
      (send
        (hole 0 {:hash_depth=>0, :limit_depth=>true, :recv=>true}) :-
        (hole 0 {:hash_depth=>0, :method_arg=>true}))) :discoverable=
    (hole 0 {:hash_depth=>0, :method_arg=>true}))
  (send
    (begin
      (send
        (hole 0 {:hash_depth=>0, :limit_depth=>true, :recv=>true}) :-
        (hole 0 {:hash_depth=>0, :method_arg=>true}))) :discoverable)
  (send
    (begin
      (send
        (hole 0 {:hash_depth=>0, :limit_depth=>true, :recv=>true}) :-
        (hole 0 {:hash_depth=>0, :method_arg=>true}))) :scheduled_check=
    (hole 0 {:hash_depth=>0, :method_arg=>true}))
  (send
    (begin
      (send
        (hole 0 {:hash_depth=>0, :limit_depth=>true, :recv=>true}) :-
        (hole 0 {:hash_depth=>0, :method_arg=>true}))) :scheduled_check)
  (begin
    (send
      (begin
        (send
          (hole 0 {:hash_depth=>0, :limit_depth=>true, :recv=>true}) :-
          (hole 0 {:hash_depth=>0, :method_arg=>true}))) :save))
  (send
    (begin
      (send
        (hole 0 {:hash_depth=>0, :limit_depth=>true, :recv=>true}) :-
        (hole 0 {:hash_depth=>0, :method_arg=>true}))) :otp_required_for_login=
    (hole 0 {:hash_depth=>0, :method_arg=>true}))
  (send
    (begin
      (send
        (hole 0 {:hash_depth=>0, :limit_depth=>true, :recv=>true}) :-
        (hole 0 {:hash_depth=>0, :method_arg=>true}))) :otp_required_for_login)
  (send
    (begin
      (send
        (hole 0 {:hash_depth=>0, :limit_depth=>true, :recv=>true}) :-
        (hole 0 {:hash_depth=>0, :method_arg=>true}))) :admin=
    (hole 0 {:hash_depth=>0, :method_arg=>true}))
  (send
    (begin
      (send
        (hole 0 {:hash_depth=>0, :limit_depth=>true, :recv=>true}) :-
        (hole 0 {:hash_depth=>0, :method_arg=>true}))) :admin)
  (send
    (begin
      (send
        (hole 0 {:hash_depth=>0, :limit_depth=>true, :recv=>true}) :-
        (hole 0 {:hash_depth=>0, :method_arg=>true}))) :staged=
    (hole 0 {:hash_depth=>0, :method_arg=>true}))
  (send
    (begin
      (send
        (hole 0 {:hash_depth=>0, :limit_depth=>true, :recv=>true}) :-
        (hole 0 {:hash_depth=>0, :method_arg=>true}))) :staged)
  (send
    (begin
      (send
        (hole 0 {:hash_depth=>0, :limit_depth=>true, :recv=>true}) :-
        (hole 0 {:hash_depth=>0, :method_arg=>true}))) :active=
    (hole 0 {:hash_depth=>0, :method_arg=>true}))
  (send
    (begin
      (send
        (hole 0 {:hash_depth=>0, :limit_depth=>true, :recv=>true}) :-
        (hole 0 {:hash_depth=>0, :method_arg=>true}))) :active)
  (send
    (begin
      (send
        (hole 0 {:hash_depth=>0, :limit_depth=>true, :recv=>true}) :-
        (hole 0 {:hash_depth=>0, :method_arg=>true}))) :primary=
    (hole 0 {:hash_depth=>0, :method_arg=>true}))
  (send
    (begin
      (send
        (hole 0 {:hash_depth=>0, :limit_depth=>true, :recv=>true}) :-
        (hole 0 {:hash_depth=>0, :method_arg=>true}))) :primary)
  (send
    (begin
      (send
        (hole 0 {:hash_depth=>0, :limit_depth=>true, :recv=>true}) :-
        (hole 0 {:hash_depth=>0, :method_arg=>true}))) :moderator=
    (hole 0 {:hash_depth=>0, :method_arg=>true}))
  (send
    (begin
      (send
        (hole 0 {:hash_depth=>0, :limit_depth=>true, :recv=>true}) :-
        (hole 0 {:hash_depth=>0, :method_arg=>true}))) :moderator)
  (begin
    (send
      (begin
        (send
          (hole 0 {:hash_depth=>0, :limit_depth=>true, :recv=>true}) :-
          (hole 0 {:hash_depth=>0, :method_arg=>true}))) :-
      (hole 0 {:hash_depth=>0, :method_arg=>true})))
  (begin
    (send
      (begin
        (send
          (hole 0 {:hash_depth=>0, :limit_depth=>true, :recv=>true}) :-
          (hole 0 {:hash_depth=>0, :method_arg=>true}))) :-
      (hole 0 {:hash_depth=>0, :method_arg=>true})))
  (begin
    (send
      (begin
        (send
          (hole 0 {:hash_depth=>0, :limit_depth=>true, :recv=>true}) :-
          (hole 0 {:hash_depth=>0, :method_arg=>true}))) :-
      (hole 0 {:hash_depth=>0, :method_arg=>true})))
  (send
    (begin
      (send
        (hole 0 {:hash_depth=>0, :limit_depth=>true, :recv=>true}) :count)) :confirmed=
    (hole 0 {:hash_depth=>0, :method_arg=>true}))
  (send
    (begin
      (send
        (hole 0 {:hash_depth=>0, :limit_depth=>true, :recv=>true}) :count)) :confirmed)
  (send
    (begin
      (send
        (hole 0 {:hash_depth=>0, :limit_depth=>true, :recv=>true}) :count)) :expired=
    (hole 0 {:hash_depth=>0, :method_arg=>true}))
  (send
    (begin
      (send
        (hole 0 {:hash_depth=>0, :limit_depth=>true, :recv=>true}) :count)) :expired)
  (send
    (begin
      (send
        (hole 0 {:hash_depth=>0, :limit_depth=>true, :recv=>true}) :count)) :discoverable=
    (hole 0 {:hash_depth=>0, :method_arg=>true}))
  (send
    (begin
      (send
        (hole 0 {:hash_depth=>0, :limit_depth=>true, :recv=>true}) :count)) :discoverable)
  (send
    (begin
      (send
        (hole 0 {:hash_depth=>0, :limit_depth=>true, :recv=>true}) :count)) :scheduled_check=
    (hole 0 {:hash_depth=>0, :method_arg=>true}))
  (send
    (begin
      (send
        (hole 0 {:hash_depth=>0, :limit_depth=>true, :recv=>true}) :count)) :scheduled_check)
  (begin
    (send
      (begin
        (send
          (hole 0 {:hash_depth=>0, :limit_depth=>true, :recv=>true}) :count)) :save))
  (send
    (begin
      (send
        (hole 0 {:hash_depth=>0, :limit_depth=>true, :recv=>true}) :count)) :otp_required_for_login=
    (hole 0 {:hash_depth=>0, :method_arg=>true}))
  (send
    (begin
      (send
        (hole 0 {:hash_depth=>0, :limit_depth=>true, :recv=>true}) :count)) :otp_required_for_login)
  (send
    (begin
      (send
        (hole 0 {:hash_depth=>0, :limit_depth=>true, :recv=>true}) :count)) :admin=
    (hole 0 {:hash_depth=>0, :method_arg=>true}))
  (send
    (begin
      (send
        (hole 0 {:hash_depth=>0, :limit_depth=>true, :recv=>true}) :count)) :admin)
  (send
    (begin
      (send
        (hole 0 {:hash_depth=>0, :limit_depth=>true, :recv=>true}) :count)) :staged=
    (hole 0 {:hash_depth=>0, :method_arg=>true}))
  (send
    (begin
      (send
        (hole 0 {:hash_depth=>0, :limit_depth=>true, :recv=>true}) :count)) :staged)
  (send
    (begin
      (send
        (hole 0 {:hash_depth=>0, :limit_depth=>true, :recv=>true}) :count)) :active=
    (hole 0 {:hash_depth=>0, :method_arg=>true}))
  (send
    (begin
      (send
        (hole 0 {:hash_depth=>0, :limit_depth=>true, :recv=>true}) :count)) :active)
  (send
    (begin
      (send
        (hole 0 {:hash_depth=>0, :limit_depth=>true, :recv=>true}) :count)) :primary=
    (hole 0 {:hash_depth=>0, :method_arg=>true}))
  (send
    (begin
      (send
        (hole 0 {:hash_depth=>0, :limit_depth=>true, :recv=>true}) :count)) :primary)
  (send
    (begin
      (send
        (hole 0 {:hash_depth=>0, :limit_depth=>true, :recv=>true}) :count)) :moderator=
    (hole 0 {:hash_depth=>0, :method_arg=>true}))
  (send
    (begin
      (send
        (hole 0 {:hash_depth=>0, :limit_depth=>true, :recv=>true}) :count)) :moderator)
  (begin
    (send
      (begin
        (send
          (hole 0 {:hash_depth=>0, :limit_depth=>true, :recv=>true}) :count)) :-
      (hole 0 {:hash_depth=>0, :method_arg=>true})))
  (begin
    (send
      (begin
        (send
          (hole 0 {:hash_depth=>0, :limit_depth=>true, :recv=>true}) :count)) :-
      (hole 0 {:hash_depth=>0, :method_arg=>true})))
  (begin
    (send
      (begin
        (send
          (hole 0 {:hash_depth=>0, :limit_depth=>true, :recv=>true}) :count)) :-
      (hole 0 {:hash_depth=>0, :method_arg=>true})))
  (send
    (begin
      (send
        (hole 0 {:hash_depth=>0, :limit_depth=>true, :recv=>true}) :-
        (hole 0 {:hash_depth=>0, :method_arg=>true}))) :confirmed=
    (hole 0 {:hash_depth=>0, :method_arg=>true}))
  (send
    (begin
      (send
        (hole 0 {:hash_depth=>0, :limit_depth=>true, :recv=>true}) :-
        (hole 0 {:hash_depth=>0, :method_arg=>true}))) :confirmed)
  (send
    (begin
      (send
        (hole 0 {:hash_depth=>0, :limit_depth=>true, :recv=>true}) :-
        (hole 0 {:hash_depth=>0, :method_arg=>true}))) :expired=
    (hole 0 {:hash_depth=>0, :method_arg=>true}))
  (send
    (begin
      (send
        (hole 0 {:hash_depth=>0, :limit_depth=>true, :recv=>true}) :-
        (hole 0 {:hash_depth=>0, :method_arg=>true}))) :expired)
  (send
    (begin
      (send
        (hole 0 {:hash_depth=>0, :limit_depth=>true, :recv=>true}) :-
        (hole 0 {:hash_depth=>0, :method_arg=>true}))) :discoverable=
    (hole 0 {:hash_depth=>0, :method_arg=>true}))
  (send
    (begin
      (send
        (hole 0 {:hash_depth=>0, :limit_depth=>true, :recv=>true}) :-
        (hole 0 {:hash_depth=>0, :method_arg=>true}))) :discoverable)
  (send
    (begin
      (send
        (hole 0 {:hash_depth=>0, :limit_depth=>true, :recv=>true}) :-
        (hole 0 {:hash_depth=>0, :method_arg=>true}))) :scheduled_check=
    (hole 0 {:hash_depth=>0, :method_arg=>true}))
  (send
    (begin
      (send
        (hole 0 {:hash_depth=>0, :limit_depth=>true, :recv=>true}) :-
        (hole 0 {:hash_depth=>0, :method_arg=>true}))) :scheduled_check)
  (begin
    (send
      (begin
        (send
          (hole 0 {:hash_depth=>0, :limit_depth=>true, :recv=>true}) :-
          (hole 0 {:hash_depth=>0, :method_arg=>true}))) :save))
  (send
    (begin
      (send
        (hole 0 {:hash_depth=>0, :limit_depth=>true, :recv=>true}) :-
        (hole 0 {:hash_depth=>0, :method_arg=>true}))) :otp_required_for_login=
    (hole 0 {:hash_depth=>0, :method_arg=>true}))
  (send
    (begin
      (send
        (hole 0 {:hash_depth=>0, :limit_depth=>true, :recv=>true}) :-
        (hole 0 {:hash_depth=>0, :method_arg=>true}))) :otp_required_for_login)
  (send
    (begin
      (send
        (hole 0 {:hash_depth=>0, :limit_depth=>true, :recv=>true}) :-
        (hole 0 {:hash_depth=>0, :method_arg=>true}))) :admin=
    (hole 0 {:hash_depth=>0, :method_arg=>true}))
  (send
    (begin
      (send
        (hole 0 {:hash_depth=>0, :limit_depth=>true, :recv=>true}) :-
        (hole 0 {:hash_depth=>0, :method_arg=>true}))) :admin)
  (send
    (begin
      (send
        (hole 0 {:hash_depth=>0, :limit_depth=>true, :recv=>true}) :-
        (hole 0 {:hash_depth=>0, :method_arg=>true}))) :staged=
    (hole 0 {:hash_depth=>0, :method_arg=>true}))
  (send
    (begin
      (send
        (hole 0 {:hash_depth=>0, :limit_depth=>true, :recv=>true}) :-
        (hole 0 {:hash_depth=>0, :method_arg=>true}))) :staged)
  (send
    (begin
      (send
        (hole 0 {:hash_depth=>0, :limit_depth=>true, :recv=>true}) :-
        (hole 0 {:hash_depth=>0, :method_arg=>true}))) :active=
    (hole 0 {:hash_depth=>0, :method_arg=>true}))
  (send
    (begin
      (send
        (hole 0 {:hash_depth=>0, :limit_depth=>true, :recv=>true}) :-
        (hole 0 {:hash_depth=>0, :method_arg=>true}))) :active)
  (send
    (begin
      (send
        (hole 0 {:hash_depth=>0, :limit_depth=>true, :recv=>true}) :-
        (hole 0 {:hash_depth=>0, :method_arg=>true}))) :primary=
    (hole 0 {:hash_depth=>0, :method_arg=>true}))
  (send
    (begin
      (send
        (hole 0 {:hash_depth=>0, :limit_depth=>true, :recv=>true}) :-
        (hole 0 {:hash_depth=>0, :method_arg=>true}))) :primary)
  (send
    (begin
      (send
        (hole 0 {:hash_depth=>0, :limit_depth=>true, :recv=>true}) :-
        (hole 0 {:hash_depth=>0, :method_arg=>true}))) :moderator=
    (hole 0 {:hash_depth=>0, :method_arg=>true}))
  (send
    (begin
      (send
        (hole 0 {:hash_depth=>0, :limit_depth=>true, :recv=>true}) :-
        (hole 0 {:hash_depth=>0, :method_arg=>true}))) :moderator)
  (begin
    (send
      (begin
        (send
          (hole 0 {:hash_depth=>0, :limit_depth=>true, :recv=>true}) :-
          (hole 0 {:hash_depth=>0, :method_arg=>true}))) :-
      (hole 0 {:hash_depth=>0, :method_arg=>true})))
  (begin
    (send
      (begin
        (send
          (hole 0 {:hash_depth=>0, :limit_depth=>true, :recv=>true}) :-
          (hole 0 {:hash_depth=>0, :method_arg=>true}))) :-
      (hole 0 {:hash_depth=>0, :method_arg=>true})))
  (begin
    (send
      (begin
        (send
          (hole 0 {:hash_depth=>0, :limit_depth=>true, :recv=>true}) :-
          (hole 0 {:hash_depth=>0, :method_arg=>true}))) :-
      (hole 0 {:hash_depth=>0, :method_arg=>true})))
  (begin
    (send
      (begin
        (send
          (hole 0 {:hash_depth=>0, :limit_depth=>true, :recv=>true}) :save)) :count))
  (begin
    (send
      (begin
        (send
          (hole 0 {:hash_depth=>0, :limit_depth=>true, :recv=>true}) :save)) :-
      (hole 0 {:hash_depth=>0, :method_arg=>true})))
  (begin
    (send
      (begin
        (send
          (hole 0 {:hash_depth=>0, :limit_depth=>true, :recv=>true}) :save)) :save))
  (hole 3 {:hash_depth=>0, :method_arg=>false, :variance=>:+}) {:method_arg=>false})
BASETYPE: true or false
SIZE WORK_LIST: 0
SIZE generated: 85
EVALUABLE#: 0

-------------------------

----------------
TTYPES
true or false
true or false
true or false

PROGS

LOCAL_COUNT: 6
GLOBAL_COUNT: 75

BASE_AFTER:
(send
  (begin
    (send
      (filled-hole
        (lvar InvitationCode(id: integer, token: string, diaspora_user_id: integer, count: integer)) {:method_arg=>false}) :count)) :confirmed=
  (filled-hole
    (true)
    (false)
    (hole 1 {:hash_depth=>0, :method_arg=>true, :variance=>:+}) {:method_arg=>true}))
BASETYPE: true or false
SIZE WORK_LIST: 84
SIZE generated: 3
EVALUABLE#: 2

-------------------------

----------------
TTYPES
true or false

PROGS

LOCAL_COUNT: 7
GLOBAL_COUNT: 76

BASE_AFTER:
(send
  (begin
    (send
      (filled-hole
        (lvar InvitationCode(id: integer, token: string, diaspora_user_id: integer, count: integer)) {:method_arg=>false}) :count)) :confirmed)
BASETYPE: true or false
SIZE WORK_LIST: 84
SIZE generated: 1
EVALUABLE#: 1

-------------------------

----------------
TTYPES
true or false
true or false
true or false

PROGS

LOCAL_COUNT: 8
GLOBAL_COUNT: 77

BASE_AFTER:
(send
  (begin
    (send
      (filled-hole
        (lvar InvitationCode(id: integer, token: string, diaspora_user_id: integer, count: integer)) {:method_arg=>false}) :count)) :expired=
  (filled-hole
    (true)
    (false)
    (hole 1 {:hash_depth=>0, :method_arg=>true, :variance=>:+}) {:method_arg=>true}))
BASETYPE: true or false
SIZE WORK_LIST: 83
SIZE generated: 3
EVALUABLE#: 2

-------------------------

----------------
TTYPES
true or false

PROGS

LOCAL_COUNT: 9
GLOBAL_COUNT: 78

BASE_AFTER:
(send
  (begin
    (send
      (filled-hole
        (lvar InvitationCode(id: integer, token: string, diaspora_user_id: integer, count: integer)) {:method_arg=>false}) :count)) :expired)
BASETYPE: true or false
SIZE WORK_LIST: 83
SIZE generated: 1
EVALUABLE#: 1

-------------------------

----------------
TTYPES
true or false
true or false
true or false

PROGS

LOCAL_COUNT: 10
GLOBAL_COUNT: 79

BASE_AFTER:
(send
  (begin
    (send
      (filled-hole
        (lvar InvitationCode(id: integer, token: string, diaspora_user_id: integer, count: integer)) {:method_arg=>false}) :count)) :discoverable=
  (filled-hole
    (true)
    (false)
    (hole 1 {:hash_depth=>0, :method_arg=>true, :variance=>:+}) {:method_arg=>true}))
BASETYPE: true or false
SIZE WORK_LIST: 82
SIZE generated: 3
EVALUABLE#: 2

-------------------------

----------------
TTYPES
true or false

PROGS

LOCAL_COUNT: 11
GLOBAL_COUNT: 80

BASE_AFTER:
(send
  (begin
    (send
      (filled-hole
        (lvar InvitationCode(id: integer, token: string, diaspora_user_id: integer, count: integer)) {:method_arg=>false}) :count)) :discoverable)
BASETYPE: true or false
SIZE WORK_LIST: 82
SIZE generated: 1
EVALUABLE#: 1

-------------------------

----------------
TTYPES
true or false
true or false
true or false

PROGS

LOCAL_COUNT: 12
GLOBAL_COUNT: 81

BASE_AFTER:
(send
  (begin
    (send
      (filled-hole
        (lvar InvitationCode(id: integer, token: string, diaspora_user_id: integer, count: integer)) {:method_arg=>false}) :count)) :scheduled_check=
  (filled-hole
    (true)
    (false)
    (hole 1 {:hash_depth=>0, :method_arg=>true, :variance=>:+}) {:method_arg=>true}))
BASETYPE: true or false
SIZE WORK_LIST: 81
SIZE generated: 3
EVALUABLE#: 2

-------------------------

----------------
TTYPES
true or false

PROGS

LOCAL_COUNT: 13
GLOBAL_COUNT: 82

BASE_AFTER:
(send
  (begin
    (send
      (filled-hole
        (lvar InvitationCode(id: integer, token: string, diaspora_user_id: integer, count: integer)) {:method_arg=>false}) :count)) :scheduled_check)
BASETYPE: true or false
SIZE WORK_LIST: 81
SIZE generated: 1
EVALUABLE#: 1

-------------------------

----------------
TTYPES
false or true

PROGS

LOCAL_COUNT: 14
GLOBAL_COUNT: 83

BASE_AFTER:
(begin
  (send
    (begin
      (send
        (filled-hole
          (lvar InvitationCode(id: integer, token: string, diaspora_user_id: integer, count: integer)) {:method_arg=>false}) :count)) :save))
BASETYPE: false or true
SIZE WORK_LIST: 80
SIZE generated: 1
EVALUABLE#: 1

-------------------------

----------------
TTYPES
true or false
true or false
true or false

PROGS

LOCAL_COUNT: 15
GLOBAL_COUNT: 84

BASE_AFTER:
(send
  (begin
    (send
      (filled-hole
        (lvar InvitationCode(id: integer, token: string, diaspora_user_id: integer, count: integer)) {:method_arg=>false}) :count)) :otp_required_for_login=
  (filled-hole
    (true)
    (false)
    (hole 1 {:hash_depth=>0, :method_arg=>true, :variance=>:+}) {:method_arg=>true}))
BASETYPE: true or false
SIZE WORK_LIST: 79
SIZE generated: 3
EVALUABLE#: 2

-------------------------

----------------
TTYPES
true or false

PROGS

LOCAL_COUNT: 16
GLOBAL_COUNT: 85

BASE_AFTER:
(send
  (begin
    (send
      (filled-hole
        (lvar InvitationCode(id: integer, token: string, diaspora_user_id: integer, count: integer)) {:method_arg=>false}) :count)) :otp_required_for_login)
BASETYPE: true or false
SIZE WORK_LIST: 79
SIZE generated: 1
EVALUABLE#: 1

-------------------------

----------------
TTYPES
true or false
true or false
true or false

PROGS

LOCAL_COUNT: 17
GLOBAL_COUNT: 86

BASE_AFTER:
(send
  (begin
    (send
      (filled-hole
        (lvar InvitationCode(id: integer, token: string, diaspora_user_id: integer, count: integer)) {:method_arg=>false}) :count)) :admin=
  (filled-hole
    (true)
    (false)
    (hole 1 {:hash_depth=>0, :method_arg=>true, :variance=>:+}) {:method_arg=>true}))
BASETYPE: true or false
SIZE WORK_LIST: 78
SIZE generated: 3
EVALUABLE#: 2

-------------------------

----------------
TTYPES
true or false

PROGS

LOCAL_COUNT: 18
GLOBAL_COUNT: 87

BASE_AFTER:
(send
  (begin
    (send
      (filled-hole
        (lvar InvitationCode(id: integer, token: string, diaspora_user_id: integer, count: integer)) {:method_arg=>false}) :count)) :admin)
BASETYPE: true or false
SIZE WORK_LIST: 78
SIZE generated: 1
EVALUABLE#: 1

-------------------------

----------------
TTYPES
true or false
true or false
true or false

PROGS

LOCAL_COUNT: 19
GLOBAL_COUNT: 88

BASE_AFTER:
(send
  (begin
    (send
      (filled-hole
        (lvar InvitationCode(id: integer, token: string, diaspora_user_id: integer, count: integer)) {:method_arg=>false}) :count)) :staged=
  (filled-hole
    (true)
    (false)
    (hole 1 {:hash_depth=>0, :method_arg=>true, :variance=>:+}) {:method_arg=>true}))
BASETYPE: true or false
SIZE WORK_LIST: 77
SIZE generated: 3
EVALUABLE#: 2

-------------------------

----------------
TTYPES
true or false

PROGS

LOCAL_COUNT: 20
GLOBAL_COUNT: 89

BASE_AFTER:
(send
  (begin
    (send
      (filled-hole
        (lvar InvitationCode(id: integer, token: string, diaspora_user_id: integer, count: integer)) {:method_arg=>false}) :count)) :staged)
BASETYPE: true or false
SIZE WORK_LIST: 77
SIZE generated: 1
EVALUABLE#: 1

-------------------------

----------------
TTYPES
true or false
true or false
true or false

PROGS

LOCAL_COUNT: 21
GLOBAL_COUNT: 90

BASE_AFTER:
(send
  (begin
    (send
      (filled-hole
        (lvar InvitationCode(id: integer, token: string, diaspora_user_id: integer, count: integer)) {:method_arg=>false}) :count)) :active=
  (filled-hole
    (true)
    (false)
    (hole 1 {:hash_depth=>0, :method_arg=>true, :variance=>:+}) {:method_arg=>true}))
BASETYPE: true or false
SIZE WORK_LIST: 76
SIZE generated: 3
EVALUABLE#: 2

-------------------------

----------------
TTYPES
true or false

PROGS

LOCAL_COUNT: 22
GLOBAL_COUNT: 91

BASE_AFTER:
(send
  (begin
    (send
      (filled-hole
        (lvar InvitationCode(id: integer, token: string, diaspora_user_id: integer, count: integer)) {:method_arg=>false}) :count)) :active)
BASETYPE: true or false
SIZE WORK_LIST: 76
SIZE generated: 1
EVALUABLE#: 1

-------------------------

----------------
TTYPES
true or false
true or false
true or false

PROGS

LOCAL_COUNT: 23
GLOBAL_COUNT: 92

BASE_AFTER:
(send
  (begin
    (send
      (filled-hole
        (lvar InvitationCode(id: integer, token: string, diaspora_user_id: integer, count: integer)) {:method_arg=>false}) :count)) :primary=
  (filled-hole
    (true)
    (false)
    (hole 1 {:hash_depth=>0, :method_arg=>true, :variance=>:+}) {:method_arg=>true}))
BASETYPE: true or false
SIZE WORK_LIST: 75
SIZE generated: 3
EVALUABLE#: 2

-------------------------

----------------
TTYPES
true or false

PROGS

LOCAL_COUNT: 24
GLOBAL_COUNT: 93

BASE_AFTER:
(send
  (begin
    (send
      (filled-hole
        (lvar InvitationCode(id: integer, token: string, diaspora_user_id: integer, count: integer)) {:method_arg=>false}) :count)) :primary)
BASETYPE: true or false
SIZE WORK_LIST: 75
SIZE generated: 1
EVALUABLE#: 1

-------------------------

----------------
TTYPES
true or false
true or false
true or false

PROGS

LOCAL_COUNT: 25
GLOBAL_COUNT: 94

BASE_AFTER:
(send
  (begin
    (send
      (filled-hole
        (lvar InvitationCode(id: integer, token: string, diaspora_user_id: integer, count: integer)) {:method_arg=>false}) :count)) :moderator=
  (filled-hole
    (true)
    (false)
    (hole 1 {:hash_depth=>0, :method_arg=>true, :variance=>:+}) {:method_arg=>true}))
BASETYPE: true or false
SIZE WORK_LIST: 74
SIZE generated: 3
EVALUABLE#: 2

-------------------------

----------------
TTYPES
true or false

PROGS

LOCAL_COUNT: 26
GLOBAL_COUNT: 95

BASE_AFTER:
(send
  (begin
    (send
      (filled-hole
        (lvar InvitationCode(id: integer, token: string, diaspora_user_id: integer, count: integer)) {:method_arg=>false}) :count)) :moderator)
BASETYPE: true or false
SIZE WORK_LIST: 74
SIZE generated: 1
EVALUABLE#: 1

-------------------------

----------------
TTYPES
Integer
Integer
Integer
Integer

PROGS

LOCAL_COUNT: 27
GLOBAL_COUNT: 96

BASE_AFTER:
(begin
  (send
    (begin
      (send
        (filled-hole
          (lvar InvitationCode(id: integer, token: string, diaspora_user_id: integer, count: integer)) {:method_arg=>false}) :count)) :-
    (filled-hole
      (int 0)
      (int 1)
      (int 2)
      (hole 1 {:hash_depth=>0, :method_arg=>true, :variance=>:+}) {:method_arg=>true})))
BASETYPE: Integer
SIZE WORK_LIST: 73
SIZE generated: 4
EVALUABLE#: 3

-------------------------

----------------
TTYPES
Integer
Integer
Integer
Integer
Integer
Integer
Integer
Integer
Integer
Integer
Integer
Integer
Integer
Integer
Integer
Integer

PROGS

LOCAL_COUNT: 28
GLOBAL_COUNT: 97

BASE_AFTER:
(begin
  (send
    (send
      (filled-hole
        (lvar :arg0) {:method_arg=>false}) :id=
      (filled-hole
        (int 0)
        (int 1)
        (int 2)
        (hole 1 {:hash_depth=>0, :method_arg=>true, :variance=>:+}) {:method_arg=>true})) :-
    (filled-hole
      (int 0)
      (int 1)
      (int 2)
      (hole 1 {:hash_depth=>0, :method_arg=>true, :variance=>:+}) {:method_arg=>true})))
BASETYPE: Integer
SIZE WORK_LIST: 73
SIZE generated: 16
EVALUABLE#: 9

-------------------------

----------------
TTYPES
Integer
Integer
Integer
Integer

PROGS

LOCAL_COUNT: 29
GLOBAL_COUNT: 98

BASE_AFTER:
(begin
  (send
    (send
      (filled-hole
        (lvar :arg0) {:method_arg=>false}) :id) :-
    (filled-hole
      (int 0)
      (int 1)
      (int 2)
      (hole 1 {:hash_depth=>0, :method_arg=>true, :variance=>:+}) {:method_arg=>true})))
BASETYPE: Integer
SIZE WORK_LIST: 79
SIZE generated: 4
EVALUABLE#: 3

-------------------------

----------------
TTYPES
true or false
true or false

PROGS

LOCAL_COUNT: 30
GLOBAL_COUNT: 99

BASE_AFTER:
(begin
  (send
    (send
      (filled-hole
        (lvar :arg0) {:method_arg=>false}) :token=
      (filled-hole
        (str "")
        (hole 1 {:hash_depth=>0, :method_arg=>true, :variance=>:+}) {:method_arg=>true})) :save))
BASETYPE: true or false
SIZE WORK_LIST: 79
SIZE generated: 2
EVALUABLE#: 1

-------------------------

----------------
TTYPES
Integer
Integer
Integer
Integer
Integer
Integer
Integer
Integer
Integer
Integer
Integer
Integer
Integer
Integer
Integer
Integer

PROGS

LOCAL_COUNT: 31
GLOBAL_COUNT: 100

BASE_AFTER:
(begin
  (send
    (send
      (filled-hole
        (lvar :arg0) {:method_arg=>false}) :diaspora_user_id=
      (filled-hole
        (int 0)
        (int 1)
        (int 2)
        (hole 1 {:hash_depth=>0, :method_arg=>true, :variance=>:+}) {:method_arg=>true})) :-
    (filled-hole
      (int 0)
      (int 1)
      (int 2)
      (hole 1 {:hash_depth=>0, :method_arg=>true, :variance=>:+}) {:method_arg=>true})))
BASETYPE: Integer
SIZE WORK_LIST: 79
SIZE generated: 16
EVALUABLE#: 9

-------------------------

----------------
TTYPES
Integer
Integer
Integer
Integer

PROGS

LOCAL_COUNT: 32
GLOBAL_COUNT: 101

BASE_AFTER:
(begin
  (send
    (send
      (filled-hole
        (lvar :arg0) {:method_arg=>false}) :diaspora_user_id) :-
    (filled-hole
      (int 0)
      (int 1)
      (int 2)
      (hole 1 {:hash_depth=>0, :method_arg=>true, :variance=>:+}) {:method_arg=>true})))
BASETYPE: Integer
SIZE WORK_LIST: 85
SIZE generated: 4
EVALUABLE#: 3

-------------------------

----------------
TTYPES
Integer
Integer
Integer
Integer
Integer
Integer
Integer
Integer
Integer
Integer
Integer
Integer
Integer
Integer
Integer
Integer

PROGS

LOCAL_COUNT: 33
GLOBAL_COUNT: 102

BASE_AFTER:
(begin
  (send
    (send
      (filled-hole
        (lvar :arg0) {:method_arg=>false}) :count=
      (filled-hole
        (int 0)
        (int 1)
        (int 2)
        (hole 1 {:hash_depth=>0, :method_arg=>true, :variance=>:+}) {:method_arg=>true})) :-
    (filled-hole
      (int 0)
      (int 1)
      (int 2)
      (hole 1 {:hash_depth=>0, :method_arg=>true, :variance=>:+}) {:method_arg=>true})))
BASETYPE: Integer
SIZE WORK_LIST: 85
SIZE generated: 16
EVALUABLE#: 9

-------------------------

----------------
TTYPES
Integer
Integer
Integer
Integer

PROGS

LOCAL_COUNT: 34
GLOBAL_COUNT: 103

BASE_AFTER:
(begin
  (send
    (begin
      (send
        (filled-hole
          (lvar :arg0) {:method_arg=>false}) :count)) :-
    (filled-hole
      (int 0)
      (int 1)
      (int 2)
      (hole 1 {:hash_depth=>0, :method_arg=>true, :variance=>:+}) {:method_arg=>true})))
BASETYPE: Integer
SIZE WORK_LIST: 91
SIZE generated: 4
EVALUABLE#: 3

-------------------------

----------------
TTYPES
true or false

PROGS

LOCAL_COUNT: 35
GLOBAL_COUNT: 104

BASE_AFTER:
(begin
  (send
    (send
      (filled-hole
        (lvar :arg0) {:method_arg=>false}) :diaspora_user) :save))
BASETYPE: true or false
SIZE WORK_LIST: 91
SIZE generated: 1
EVALUABLE#: 1

-------------------------

----------------
TTYPES
true or false

PROGS

LOCAL_COUNT: 36
GLOBAL_COUNT: 105

BASE_AFTER:
(begin
  (send
    (send
      (filled-hole
        (lvar :arg0) {:method_arg=>false}) :diaspora_user=
      (filled-hole
        (hole 1 {:hash_depth=>0, :method_arg=>true, :variance=>:+}) {:method_arg=>true})) :save))
BASETYPE: true or false
SIZE WORK_LIST: 90
SIZE generated: 1
EVALUABLE#: 0

-------------------------

----------------
TTYPES
true or false

PROGS

LOCAL_COUNT: 37
GLOBAL_COUNT: 106

BASE_AFTER:
(begin
  (send
    (begin
      (send
        (filled-hole
          (lvar :arg0) {:method_arg=>false}) :save)) :save))
BASETYPE: true or false
SIZE WORK_LIST: 90
SIZE generated: 1
EVALUABLE#: 1

-------------------------

----------------
TTYPES
true or false
true or false
true or false
true or false
true or false
true or false

PROGS

LOCAL_COUNT: 38
GLOBAL_COUNT: 107

BASE_AFTER:
(send
  (begin
    (send
      (lvar InvitationCode(id: integer, token: string, diaspora_user_id: integer, count: integer)) :count)) :confirmed=
  (filled-hole
    (begin
      (send
        (hole 0 {:hash_depth=>0, :limit_depth=>true, :recv=>true}) :save))
    (begin
      (send
        (hole 0 {:hash_depth=>0, :limit_depth=>true, :recv=>true}) :-
        (hole 0 {:hash_depth=>0, :method_arg=>true})))
    (begin
      (send
        (hole 0 {:hash_depth=>0, :limit_depth=>true, :recv=>true}) :count))
    (begin
      (send
        (hole 0 {:hash_depth=>0, :limit_depth=>true, :recv=>true}) :-
        (hole 0 {:hash_depth=>0, :method_arg=>true})))
    (begin
      (send
        (hole 0 {:hash_depth=>0, :limit_depth=>true, :recv=>true}) :save))
    (hole 2 {:hash_depth=>0, :method_arg=>true, :variance=>:+}) {:method_arg=>true}))
BASETYPE: true or false
SIZE WORK_LIST: 89
SIZE generated: 6
EVALUABLE#: 0

-------------------------

----------------
TTYPES
true or false

PROGS

LOCAL_COUNT: 39
GLOBAL_COUNT: 108

BASE_AFTER:
(send
  (begin
    (send
      (lvar InvitationCode(id: integer, token: string, diaspora_user_id: integer, count: integer)) :count)) :confirmed=
  (begin
    (send
      (filled-hole
        (lvar InvitationCode(id: integer, token: string, diaspora_user_id: integer, count: integer)) {:method_arg=>false}) :count)))
BASETYPE: true or false
SIZE WORK_LIST: 94
SIZE generated: 1
EVALUABLE#: 1

-------------------------

----------------
TTYPES
true or false
true or false
true or false
true or false
true or false
true or false

PROGS

LOCAL_COUNT: 40
GLOBAL_COUNT: 109

BASE_AFTER:
(send
  (begin
    (send
      (lvar InvitationCode(id: integer, token: string, diaspora_user_id: integer, count: integer)) :count)) :expired=
  (filled-hole
    (begin
      (send
        (hole 0 {:hash_depth=>0, :limit_depth=>true, :recv=>true}) :save))
    (begin
      (send
        (hole 0 {:hash_depth=>0, :limit_depth=>true, :recv=>true}) :-
        (hole 0 {:hash_depth=>0, :method_arg=>true})))
    (begin
      (send
        (hole 0 {:hash_depth=>0, :limit_depth=>true, :recv=>true}) :count))
    (begin
      (send
        (hole 0 {:hash_depth=>0, :limit_depth=>true, :recv=>true}) :-
        (hole 0 {:hash_depth=>0, :method_arg=>true})))
    (begin
      (send
        (hole 0 {:hash_depth=>0, :limit_depth=>true, :recv=>true}) :save))
    (hole 2 {:hash_depth=>0, :method_arg=>true, :variance=>:+}) {:method_arg=>true}))
BASETYPE: true or false
SIZE WORK_LIST: 93
SIZE generated: 6
EVALUABLE#: 0

-------------------------

----------------
TTYPES
true or false

PROGS

LOCAL_COUNT: 41
GLOBAL_COUNT: 110

BASE_AFTER:
(send
  (begin
    (send
      (lvar InvitationCode(id: integer, token: string, diaspora_user_id: integer, count: integer)) :count)) :expired=
  (begin
    (send
      (filled-hole
        (lvar InvitationCode(id: integer, token: string, diaspora_user_id: integer, count: integer)) {:method_arg=>false}) :count)))
BASETYPE: true or false
SIZE WORK_LIST: 98
SIZE generated: 1
EVALUABLE#: 1

-------------------------

----------------
TTYPES
true or false
true or false
true or false
true or false
true or false
true or false

PROGS

LOCAL_COUNT: 42
GLOBAL_COUNT: 111

BASE_AFTER:
(send
  (begin
    (send
      (lvar InvitationCode(id: integer, token: string, diaspora_user_id: integer, count: integer)) :count)) :discoverable=
  (filled-hole
    (begin
      (send
        (hole 0 {:hash_depth=>0, :limit_depth=>true, :recv=>true}) :save))
    (begin
      (send
        (hole 0 {:hash_depth=>0, :limit_depth=>true, :recv=>true}) :-
        (hole 0 {:hash_depth=>0, :method_arg=>true})))
    (begin
      (send
        (hole 0 {:hash_depth=>0, :limit_depth=>true, :recv=>true}) :count))
    (begin
      (send
        (hole 0 {:hash_depth=>0, :limit_depth=>true, :recv=>true}) :-
        (hole 0 {:hash_depth=>0, :method_arg=>true})))
    (begin
      (send
        (hole 0 {:hash_depth=>0, :limit_depth=>true, :recv=>true}) :save))
    (hole 2 {:hash_depth=>0, :method_arg=>true, :variance=>:+}) {:method_arg=>true}))
BASETYPE: true or false
SIZE WORK_LIST: 97
SIZE generated: 6
EVALUABLE#: 0

-------------------------

----------------
TTYPES
true or false

PROGS

LOCAL_COUNT: 43
GLOBAL_COUNT: 112

BASE_AFTER:
(send
  (begin
    (send
      (lvar InvitationCode(id: integer, token: string, diaspora_user_id: integer, count: integer)) :count)) :discoverable=
  (begin
    (send
      (filled-hole
        (lvar InvitationCode(id: integer, token: string, diaspora_user_id: integer, count: integer)) {:method_arg=>false}) :count)))
BASETYPE: true or false
SIZE WORK_LIST: 102
SIZE generated: 1
EVALUABLE#: 1

-------------------------

----------------
TTYPES
true or false
true or false
true or false
true or false
true or false
true or false

PROGS

LOCAL_COUNT: 44
GLOBAL_COUNT: 113

BASE_AFTER:
(send
  (begin
    (send
      (lvar InvitationCode(id: integer, token: string, diaspora_user_id: integer, count: integer)) :count)) :scheduled_check=
  (filled-hole
    (begin
      (send
        (hole 0 {:hash_depth=>0, :limit_depth=>true, :recv=>true}) :save))
    (begin
      (send
        (hole 0 {:hash_depth=>0, :limit_depth=>true, :recv=>true}) :-
        (hole 0 {:hash_depth=>0, :method_arg=>true})))
    (begin
      (send
        (hole 0 {:hash_depth=>0, :limit_depth=>true, :recv=>true}) :count))
    (begin
      (send
        (hole 0 {:hash_depth=>0, :limit_depth=>true, :recv=>true}) :-
        (hole 0 {:hash_depth=>0, :method_arg=>true})))
    (begin
      (send
        (hole 0 {:hash_depth=>0, :limit_depth=>true, :recv=>true}) :save))
    (hole 2 {:hash_depth=>0, :method_arg=>true, :variance=>:+}) {:method_arg=>true}))
BASETYPE: true or false
SIZE WORK_LIST: 101
SIZE generated: 6
EVALUABLE#: 0

-------------------------

----------------
TTYPES
true or false

PROGS

LOCAL_COUNT: 45
GLOBAL_COUNT: 114

BASE_AFTER:
(send
  (begin
    (send
      (lvar InvitationCode(id: integer, token: string, diaspora_user_id: integer, count: integer)) :count)) :scheduled_check=
  (begin
    (send
      (filled-hole
        (lvar InvitationCode(id: integer, token: string, diaspora_user_id: integer, count: integer)) {:method_arg=>false}) :count)))
BASETYPE: true or false
SIZE WORK_LIST: 106
SIZE generated: 1
EVALUABLE#: 1

-------------------------

----------------
TTYPES
true or false
true or false
true or false
true or false
true or false
true or false

PROGS

LOCAL_COUNT: 46
GLOBAL_COUNT: 115

BASE_AFTER:
(send
  (begin
    (send
      (lvar InvitationCode(id: integer, token: string, diaspora_user_id: integer, count: integer)) :count)) :otp_required_for_login=
  (filled-hole
    (begin
      (send
        (hole 0 {:hash_depth=>0, :limit_depth=>true, :recv=>true}) :save))
    (begin
      (send
        (hole 0 {:hash_depth=>0, :limit_depth=>true, :recv=>true}) :-
        (hole 0 {:hash_depth=>0, :method_arg=>true})))
    (begin
      (send
        (hole 0 {:hash_depth=>0, :limit_depth=>true, :recv=>true}) :count))
    (begin
      (send
        (hole 0 {:hash_depth=>0, :limit_depth=>true, :recv=>true}) :-
        (hole 0 {:hash_depth=>0, :method_arg=>true})))
    (begin
      (send
        (hole 0 {:hash_depth=>0, :limit_depth=>true, :recv=>true}) :save))
    (hole 2 {:hash_depth=>0, :method_arg=>true, :variance=>:+}) {:method_arg=>true}))
BASETYPE: true or false
SIZE WORK_LIST: 105
SIZE generated: 6
EVALUABLE#: 0

-------------------------

----------------
TTYPES
true or false

PROGS

LOCAL_COUNT: 47
GLOBAL_COUNT: 116

BASE_AFTER:
(send
  (begin
    (send
      (lvar InvitationCode(id: integer, token: string, diaspora_user_id: integer, count: integer)) :count)) :otp_required_for_login=
  (begin
    (send
      (filled-hole
        (lvar InvitationCode(id: integer, token: string, diaspora_user_id: integer, count: integer)) {:method_arg=>false}) :count)))
BASETYPE: true or false
SIZE WORK_LIST: 110
SIZE generated: 1
EVALUABLE#: 1

-------------------------

----------------
TTYPES
true or false
true or false
true or false
true or false
true or false
true or false

PROGS

LOCAL_COUNT: 48
GLOBAL_COUNT: 117

BASE_AFTER:
(send
  (begin
    (send
      (lvar InvitationCode(id: integer, token: string, diaspora_user_id: integer, count: integer)) :count)) :admin=
  (filled-hole
    (begin
      (send
        (hole 0 {:hash_depth=>0, :limit_depth=>true, :recv=>true}) :save))
    (begin
      (send
        (hole 0 {:hash_depth=>0, :limit_depth=>true, :recv=>true}) :-
        (hole 0 {:hash_depth=>0, :method_arg=>true})))
    (begin
      (send
        (hole 0 {:hash_depth=>0, :limit_depth=>true, :recv=>true}) :count))
    (begin
      (send
        (hole 0 {:hash_depth=>0, :limit_depth=>true, :recv=>true}) :-
        (hole 0 {:hash_depth=>0, :method_arg=>true})))
    (begin
      (send
        (hole 0 {:hash_depth=>0, :limit_depth=>true, :recv=>true}) :save))
    (hole 2 {:hash_depth=>0, :method_arg=>true, :variance=>:+}) {:method_arg=>true}))
BASETYPE: true or false
SIZE WORK_LIST: 109
SIZE generated: 6
EVALUABLE#: 0

-------------------------

----------------
TTYPES
true or false

PROGS

LOCAL_COUNT: 49
GLOBAL_COUNT: 118

BASE_AFTER:
(send
  (begin
    (send
      (lvar InvitationCode(id: integer, token: string, diaspora_user_id: integer, count: integer)) :count)) :admin=
  (begin
    (send
      (filled-hole
        (lvar InvitationCode(id: integer, token: string, diaspora_user_id: integer, count: integer)) {:method_arg=>false}) :count)))
BASETYPE: true or false
SIZE WORK_LIST: 114
SIZE generated: 1
EVALUABLE#: 1

-------------------------

----------------
TTYPES
true or false
true or false
true or false
true or false
true or false
true or false

PROGS

LOCAL_COUNT: 50
GLOBAL_COUNT: 119

BASE_AFTER:
(send
  (begin
    (send
      (lvar InvitationCode(id: integer, token: string, diaspora_user_id: integer, count: integer)) :count)) :staged=
  (filled-hole
    (begin
      (send
        (hole 0 {:hash_depth=>0, :limit_depth=>true, :recv=>true}) :save))
    (begin
      (send
        (hole 0 {:hash_depth=>0, :limit_depth=>true, :recv=>true}) :-
        (hole 0 {:hash_depth=>0, :method_arg=>true})))
    (begin
      (send
        (hole 0 {:hash_depth=>0, :limit_depth=>true, :recv=>true}) :count))
    (begin
      (send
        (hole 0 {:hash_depth=>0, :limit_depth=>true, :recv=>true}) :-
        (hole 0 {:hash_depth=>0, :method_arg=>true})))
    (begin
      (send
        (hole 0 {:hash_depth=>0, :limit_depth=>true, :recv=>true}) :save))
    (hole 2 {:hash_depth=>0, :method_arg=>true, :variance=>:+}) {:method_arg=>true}))
BASETYPE: true or false
SIZE WORK_LIST: 113
SIZE generated: 6
EVALUABLE#: 0

-------------------------

----------------
TTYPES
true or false

PROGS

LOCAL_COUNT: 51
GLOBAL_COUNT: 120

BASE_AFTER:
(send
  (begin
    (send
      (lvar InvitationCode(id: integer, token: string, diaspora_user_id: integer, count: integer)) :count)) :staged=
  (begin
    (send
      (filled-hole
        (lvar InvitationCode(id: integer, token: string, diaspora_user_id: integer, count: integer)) {:method_arg=>false}) :count)))
BASETYPE: true or false
SIZE WORK_LIST: 118
SIZE generated: 1
EVALUABLE#: 1

-------------------------

----------------
TTYPES
true or false
true or false
true or false
true or false
true or false
true or false

PROGS

LOCAL_COUNT: 52
GLOBAL_COUNT: 121

BASE_AFTER:
(send
  (begin
    (send
      (lvar InvitationCode(id: integer, token: string, diaspora_user_id: integer, count: integer)) :count)) :active=
  (filled-hole
    (begin
      (send
        (hole 0 {:hash_depth=>0, :limit_depth=>true, :recv=>true}) :save))
    (begin
      (send
        (hole 0 {:hash_depth=>0, :limit_depth=>true, :recv=>true}) :-
        (hole 0 {:hash_depth=>0, :method_arg=>true})))
    (begin
      (send
        (hole 0 {:hash_depth=>0, :limit_depth=>true, :recv=>true}) :count))
    (begin
      (send
        (hole 0 {:hash_depth=>0, :limit_depth=>true, :recv=>true}) :-
        (hole 0 {:hash_depth=>0, :method_arg=>true})))
    (begin
      (send
        (hole 0 {:hash_depth=>0, :limit_depth=>true, :recv=>true}) :save))
    (hole 2 {:hash_depth=>0, :method_arg=>true, :variance=>:+}) {:method_arg=>true}))
BASETYPE: true or false
SIZE WORK_LIST: 117
SIZE generated: 6
EVALUABLE#: 0

-------------------------

----------------
TTYPES
true or false

PROGS

LOCAL_COUNT: 53
GLOBAL_COUNT: 122

BASE_AFTER:
(send
  (begin
    (send
      (lvar InvitationCode(id: integer, token: string, diaspora_user_id: integer, count: integer)) :count)) :active=
  (begin
    (send
      (filled-hole
        (lvar InvitationCode(id: integer, token: string, diaspora_user_id: integer, count: integer)) {:method_arg=>false}) :count)))
BASETYPE: true or false
SIZE WORK_LIST: 122
SIZE generated: 1
EVALUABLE#: 1

-------------------------

----------------
TTYPES
true or false
true or false
true or false
true or false
true or false
true or false

PROGS

LOCAL_COUNT: 54
GLOBAL_COUNT: 123

BASE_AFTER:
(send
  (begin
    (send
      (lvar InvitationCode(id: integer, token: string, diaspora_user_id: integer, count: integer)) :count)) :primary=
  (filled-hole
    (begin
      (send
        (hole 0 {:hash_depth=>0, :limit_depth=>true, :recv=>true}) :save))
    (begin
      (send
        (hole 0 {:hash_depth=>0, :limit_depth=>true, :recv=>true}) :-
        (hole 0 {:hash_depth=>0, :method_arg=>true})))
    (begin
      (send
        (hole 0 {:hash_depth=>0, :limit_depth=>true, :recv=>true}) :count))
    (begin
      (send
        (hole 0 {:hash_depth=>0, :limit_depth=>true, :recv=>true}) :-
        (hole 0 {:hash_depth=>0, :method_arg=>true})))
    (begin
      (send
        (hole 0 {:hash_depth=>0, :limit_depth=>true, :recv=>true}) :save))
    (hole 2 {:hash_depth=>0, :method_arg=>true, :variance=>:+}) {:method_arg=>true}))
BASETYPE: true or false
SIZE WORK_LIST: 121
SIZE generated: 6
EVALUABLE#: 0

-------------------------

----------------
TTYPES
true or false

PROGS

LOCAL_COUNT: 55
GLOBAL_COUNT: 124

BASE_AFTER:
(send
  (begin
    (send
      (lvar InvitationCode(id: integer, token: string, diaspora_user_id: integer, count: integer)) :count)) :primary=
  (begin
    (send
      (filled-hole
        (lvar InvitationCode(id: integer, token: string, diaspora_user_id: integer, count: integer)) {:method_arg=>false}) :count)))
BASETYPE: true or false
SIZE WORK_LIST: 126
SIZE generated: 1
EVALUABLE#: 1

-------------------------

----------------
TTYPES
true or false
true or false
true or false
true or false
true or false
true or false

PROGS

LOCAL_COUNT: 56
GLOBAL_COUNT: 125

BASE_AFTER:
(send
  (begin
    (send
      (lvar InvitationCode(id: integer, token: string, diaspora_user_id: integer, count: integer)) :count)) :moderator=
  (filled-hole
    (begin
      (send
        (hole 0 {:hash_depth=>0, :limit_depth=>true, :recv=>true}) :save))
    (begin
      (send
        (hole 0 {:hash_depth=>0, :limit_depth=>true, :recv=>true}) :-
        (hole 0 {:hash_depth=>0, :method_arg=>true})))
    (begin
      (send
        (hole 0 {:hash_depth=>0, :limit_depth=>true, :recv=>true}) :count))
    (begin
      (send
        (hole 0 {:hash_depth=>0, :limit_depth=>true, :recv=>true}) :-
        (hole 0 {:hash_depth=>0, :method_arg=>true})))
    (begin
      (send
        (hole 0 {:hash_depth=>0, :limit_depth=>true, :recv=>true}) :save))
    (hole 2 {:hash_depth=>0, :method_arg=>true, :variance=>:+}) {:method_arg=>true}))
BASETYPE: true or false
SIZE WORK_LIST: 125
SIZE generated: 6
EVALUABLE#: 0

-------------------------

----------------
TTYPES
true or false

PROGS

LOCAL_COUNT: 57
GLOBAL_COUNT: 126

BASE_AFTER:
(send
  (begin
    (send
      (lvar InvitationCode(id: integer, token: string, diaspora_user_id: integer, count: integer)) :count)) :moderator=
  (begin
    (send
      (filled-hole
        (lvar InvitationCode(id: integer, token: string, diaspora_user_id: integer, count: integer)) {:method_arg=>false}) :count)))
BASETYPE: true or false
SIZE WORK_LIST: 130
SIZE generated: 1
EVALUABLE#: 1

-------------------------

----------------
TTYPES
Integer
Integer
Integer
Integer
Integer
Integer
Integer
Integer
Integer
Integer

PROGS

LOCAL_COUNT: 58
GLOBAL_COUNT: 127

BASE_AFTER:
(begin
  (send
    (begin
      (send
        (lvar InvitationCode(id: integer, token: string, diaspora_user_id: integer, count: integer)) :count)) :-
    (filled-hole
      (send
        (hole 0 {:hash_depth=>0, :limit_depth=>true, :recv=>true}) :id=
        (hole 0 {:hash_depth=>0, :method_arg=>true}))
      (send
        (hole 0 {:hash_depth=>0, :limit_depth=>true, :recv=>true}) :id)
      (send
        (hole 0 {:hash_depth=>0, :limit_depth=>true, :recv=>true}) :diaspora_user_id=
        (hole 0 {:hash_depth=>0, :method_arg=>true}))
      (send
        (hole 0 {:hash_depth=>0, :limit_depth=>true, :recv=>true}) :diaspora_user_id)
      (send
        (hole 0 {:hash_depth=>0, :limit_depth=>true, :recv=>true}) :count=
        (hole 0 {:hash_depth=>0, :method_arg=>true}))
      (begin
        (send
          (hole 0 {:hash_depth=>0, :limit_depth=>true, :recv=>true}) :count))
      (begin
        (send
          (hole 0 {:hash_depth=>0, :limit_depth=>true, :recv=>true}) :count))
      (begin
        (send
          (hole 0 {:hash_depth=>0, :limit_depth=>true, :recv=>true}) :count))
      (begin
        (send
          (hole 0 {:hash_depth=>0, :limit_depth=>true, :recv=>true}) :-
          (hole 0 {:hash_depth=>0, :method_arg=>true})))
      (begin
        (send
          (hole 0 {:hash_depth=>0, :limit_depth=>true, :recv=>true}) :count))
      (begin
        (send
          (hole 0 {:hash_depth=>0, :limit_depth=>true, :recv=>true}) :-
          (hole 0 {:hash_depth=>0, :method_arg=>true})))
      (hole 2 {:hash_depth=>0, :method_arg=>true, :variance=>:+}) {:method_arg=>true})))
BASETYPE: Integer
SIZE WORK_LIST: 129
SIZE generated: 10
EVALUABLE#: 0

-------------------------

----------------
TTYPES
Integer

PROGS

LOCAL_COUNT: 59
GLOBAL_COUNT: 128

BASE_AFTER:
(begin
  (send
    (begin
      (send
        (lvar InvitationCode(id: integer, token: string, diaspora_user_id: integer, count: integer)) :count)) :-
    (begin
      (send
        (filled-hole
          (lvar InvitationCode(id: integer, token: string, diaspora_user_id: integer, count: integer)) {:method_arg=>false}) :count))))
BASETYPE: Integer
SIZE WORK_LIST: 138
SIZE generated: 1
EVALUABLE#: 1

-------------------------

----------------
TTYPES
true or false

PROGS

LOCAL_COUNT: 60
GLOBAL_COUNT: 129

BASE_AFTER:
(send
  (begin
    (send
      (lvar InvitationCode(id: integer, token: string, diaspora_user_id: integer, count: integer)) :count)) :confirmed=
  (begin
    (send
      (filled-hole
        (lvar :arg0) {:method_arg=>false}) :save)))
BASETYPE: true or false
SIZE WORK_LIST: 137
SIZE generated: 1
EVALUABLE#: 1

-------------------------

----------------
TTYPES
true or false

PROGS

LOCAL_COUNT: 1
GLOBAL_COUNT: 130

BASE_AFTER:
(filled-hole
  (hole 1 {:hash_depth=>0, :method_arg=>false, :variance=>:+}) {:method_arg=>false})
BASETYPE: true or false
SIZE WORK_LIST: 0
SIZE generated: 1
EVALUABLE#: 0

-------------------------

----------------
TTYPES
false or true
true or false

PROGS

LOCAL_COUNT: 2
GLOBAL_COUNT: 131

BASE_AFTER:
(filled-hole
  (begin
    (send
      (hole 0 {:hash_depth=>0, :limit_depth=>true, :recv=>true}) :save))
  (hole 2 {:hash_depth=>0, :method_arg=>false, :variance=>:+}) {:method_arg=>false})
BASETYPE: true or false
SIZE WORK_LIST: 0
SIZE generated: 2
EVALUABLE#: 0

-------------------------

----------------
TTYPES
false or true

PROGS

LOCAL_COUNT: 3
GLOBAL_COUNT: 132

BASE_AFTER:
(begin
  (send
    (filled-hole
      (lvar :arg0) {:method_arg=>false}) :save))
BASETYPE: false or true
SIZE WORK_LIST: 1
SIZE generated: 1
EVALUABLE#: 1

-------------------------

----------------
TTYPES
true or false
true or false
Integer
Integer
Integer
String
%bot

PROGS

LOCAL_COUNT: 1
GLOBAL_COUNT: 1

BASE_AFTER:
(filled-hole
  (true)
  (false)
  (int 0)
  (int 1)
  (int 2)
  (str "")
  (hole 1 {:hash_depth=>0, :method_arg=>false, :variance=>:-}) {:method_arg=>false})
BASETYPE: %bot
SIZE WORK_LIST: 0
SIZE generated: 7
EVALUABLE#: 6

-------------------------

----------------
TTYPES
true or false
true or false

PROGS

LOCAL_COUNT: 2
GLOBAL_COUNT: 2

BASE_AFTER:
(true)
BASETYPE: true or false
SIZE WORK_LIST: 6
SIZE generated: 2
EVALUABLE#: 0

-------------------------

----------------
TTYPES
true or false
true or false

PROGS

LOCAL_COUNT: 3
GLOBAL_COUNT: 3

BASE_AFTER:
(false)
BASETYPE: true or false
SIZE WORK_LIST: 7
SIZE generated: 2
EVALUABLE#: 0

-------------------------

----------------
TTYPES
Integer
Integer

PROGS

LOCAL_COUNT: 4
GLOBAL_COUNT: 4

BASE_AFTER:
(int 0)
BASETYPE: Integer
SIZE WORK_LIST: 8
SIZE generated: 2
EVALUABLE#: 0

-------------------------

----------------
TTYPES
Integer
Integer

PROGS

LOCAL_COUNT: 5
GLOBAL_COUNT: 5

BASE_AFTER:
(int 1)
BASETYPE: Integer
SIZE WORK_LIST: 9
SIZE generated: 2
EVALUABLE#: 0

-------------------------

----------------
TTYPES
Integer
Integer

PROGS

LOCAL_COUNT: 6
GLOBAL_COUNT: 6

BASE_AFTER:
(int 2)
BASETYPE: Integer
SIZE WORK_LIST: 10
SIZE generated: 2
EVALUABLE#: 0

-------------------------

----------------
TTYPES
String
String

PROGS

LOCAL_COUNT: 7
GLOBAL_COUNT: 7

BASE_AFTER:
(str "")
BASETYPE: String
SIZE WORK_LIST: 11
SIZE generated: 2
EVALUABLE#: 0

-------------------------

----------------
TTYPES
%bot

PROGS

LOCAL_COUNT: 8
GLOBAL_COUNT: 8

BASE_AFTER:
(filled-hole
  (begin
    (send
      (hole 0 {:hash_depth=>0, :limit_depth=>true, :recv=>true}) :-
      (hole 0 {:hash_depth=>0, :method_arg=>true})))
  (begin
    (send
      (hole 0 {:hash_depth=>0, :limit_depth=>true, :recv=>true}) :count))
  (begin
    (send
      (hole 0 {:hash_depth=>0, :limit_depth=>true, :recv=>true}) :-
      (hole 0 {:hash_depth=>0, :method_arg=>true})))
  (hole 2 {:hash_depth=>0, :method_arg=>false, :variance=>:-}) {:method_arg=>false})
BASETYPE: %bot
SIZE WORK_LIST: 12
SIZE generated: 1
EVALUABLE#: 0

-------------------------

----------------
TTYPES
true or false
true or false
true or false
true or false

PROGS

LOCAL_COUNT: 9
GLOBAL_COUNT: 9

BASE_AFTER:
(begin
  (send
    (hole 0 {:hash_depth=>0, :limit_depth=>true, :recv=>true}) :count=
    (hole 0 {:hash_depth=>0, :method_arg=>true}))
  (true))
BASETYPE: true or false
SIZE WORK_LIST: 12
SIZE generated: 4
EVALUABLE#: 3

-------------------------

----------------
TTYPES
true or false

PROGS

LOCAL_COUNT: 10
GLOBAL_COUNT: 10

BASE_AFTER:
(begin
  (send
    (hole 0 {:hash_depth=>0, :limit_depth=>true, :recv=>true}) :diaspora_user=
    (hole 0 {:hash_depth=>0, :method_arg=>true}))
  (true))
BASETYPE: true or false
SIZE WORK_LIST: 14
SIZE generated: 1
EVALUABLE#: 0

-------------------------

----------------
TTYPES
true or false
true or false
true or false
true or false

PROGS

LOCAL_COUNT: 11
GLOBAL_COUNT: 11

BASE_AFTER:
(begin
  (send
    (hole 0 {:hash_depth=>0, :limit_depth=>true, :recv=>true}) :count=
    (hole 0 {:hash_depth=>0, :method_arg=>true}))
  (false))
BASETYPE: true or false
SIZE WORK_LIST: 14
SIZE generated: 4
EVALUABLE#: 3

-------------------------

----------------
TTYPES
true or false

PROGS

LOCAL_COUNT: 12
GLOBAL_COUNT: 12

BASE_AFTER:
(begin
  (send
    (hole 0 {:hash_depth=>0, :limit_depth=>true, :recv=>true}) :diaspora_user=
    (hole 0 {:hash_depth=>0, :method_arg=>true}))
  (false))
BASETYPE: true or false
SIZE WORK_LIST: 16
SIZE generated: 1
EVALUABLE#: 0

-------------------------

----------------
TTYPES
Integer
Integer
Integer
Integer
Integer

PROGS

LOCAL_COUNT: 13
GLOBAL_COUNT: 13

BASE_AFTER:
(begin
  (send
    (hole 0 {:hash_depth=>0, :limit_depth=>true, :recv=>true}) :count=
    (hole 0 {:hash_depth=>0, :method_arg=>true}))
  (int 0))
BASETYPE: Integer
SIZE WORK_LIST: 16
SIZE generated: 5
EVALUABLE#: 4

-------------------------

----------------
TTYPES
Integer

PROGS

LOCAL_COUNT: 14
GLOBAL_COUNT: 14

BASE_AFTER:
(begin
  (send
    (hole 0 {:hash_depth=>0, :limit_depth=>true, :recv=>true}) :diaspora_user=
    (hole 0 {:hash_depth=>0, :method_arg=>true}))
  (int 0))
BASETYPE: Integer
SIZE WORK_LIST: 19
SIZE generated: 1
EVALUABLE#: 0

-------------------------

----------------
TTYPES
Integer
Integer
Integer
Integer
Integer

PROGS

LOCAL_COUNT: 15
GLOBAL_COUNT: 15

BASE_AFTER:
(begin
  (send
    (hole 0 {:hash_depth=>0, :limit_depth=>true, :recv=>true}) :count=
    (hole 0 {:hash_depth=>0, :method_arg=>true}))
  (int 1))
BASETYPE: Integer
SIZE WORK_LIST: 19
SIZE generated: 5
EVALUABLE#: 4

-------------------------

----------------
TTYPES
Integer

PROGS

LOCAL_COUNT: 16
GLOBAL_COUNT: 16

BASE_AFTER:
(begin
  (send
    (hole 0 {:hash_depth=>0, :limit_depth=>true, :recv=>true}) :diaspora_user=
    (hole 0 {:hash_depth=>0, :method_arg=>true}))
  (int 1))
BASETYPE: Integer
SIZE WORK_LIST: 22
SIZE generated: 1
EVALUABLE#: 0

-------------------------

----------------
TTYPES
Integer
Integer
Integer
Integer
Integer

PROGS

LOCAL_COUNT: 17
GLOBAL_COUNT: 17

BASE_AFTER:
(begin
  (send
    (hole 0 {:hash_depth=>0, :limit_depth=>true, :recv=>true}) :count=
    (hole 0 {:hash_depth=>0, :method_arg=>true}))
  (int 2))
BASETYPE: Integer
SIZE WORK_LIST: 22
SIZE generated: 5
EVALUABLE#: 4

-------------------------

----------------
TTYPES
Integer

PROGS

LOCAL_COUNT: 18
GLOBAL_COUNT: 18

BASE_AFTER:
(begin
  (send
    (hole 0 {:hash_depth=>0, :limit_depth=>true, :recv=>true}) :diaspora_user=
    (hole 0 {:hash_depth=>0, :method_arg=>true}))
  (int 2))
BASETYPE: Integer
SIZE WORK_LIST: 24
SIZE generated: 1
EVALUABLE#: 0

-------------------------

----------------
TTYPES
String
String
String
String

PROGS

LOCAL_COUNT: 19
GLOBAL_COUNT: 19

BASE_AFTER:
(begin
  (send
    (hole 0 {:hash_depth=>0, :limit_depth=>true, :recv=>true}) :count=
    (hole 0 {:hash_depth=>0, :method_arg=>true}))
  (str ""))
BASETYPE: String
SIZE WORK_LIST: 24
SIZE generated: 4
EVALUABLE#: 3

-------------------------

----------------
TTYPES
String

PROGS

LOCAL_COUNT: 20
GLOBAL_COUNT: 20

BASE_AFTER:
(begin
  (send
    (hole 0 {:hash_depth=>0, :limit_depth=>true, :recv=>true}) :diaspora_user=
    (hole 0 {:hash_depth=>0, :method_arg=>true}))
  (str ""))
BASETYPE: String
SIZE WORK_LIST: 26
SIZE generated: 1
EVALUABLE#: 0

-------------------------

----------------
TTYPES
true or false
true or false

PROGS

LOCAL_COUNT: 21
GLOBAL_COUNT: 21

BASE_AFTER:
(begin
  (send
    (lvar :arg0) :count=
    (int 0))
  (true))
BASETYPE: true or false
SIZE WORK_LIST: 26
SIZE generated: 2
EVALUABLE#: 0

-------------------------

----------------
TTYPES
true or false
true or false

PROGS

LOCAL_COUNT: 22
GLOBAL_COUNT: 22

BASE_AFTER:
(begin
  (send
    (lvar :arg0) :count=
    (int 1))
  (true))
BASETYPE: true or false
SIZE WORK_LIST: 27
SIZE generated: 2
EVALUABLE#: 0

-------------------------

----------------
TTYPES
true or false
true or false

PROGS

LOCAL_COUNT: 23
GLOBAL_COUNT: 23

BASE_AFTER:
(begin
  (send
    (lvar :arg0) :count=
    (int 0))
  (false))
BASETYPE: true or false
SIZE WORK_LIST: 28
SIZE generated: 2
EVALUABLE#: 0

-------------------------

----------------
TTYPES
true or false
true or false

PROGS

LOCAL_COUNT: 24
GLOBAL_COUNT: 24

BASE_AFTER:
(begin
  (send
    (lvar :arg0) :count=
    (int 1))
  (false))
BASETYPE: true or false
SIZE WORK_LIST: 29
SIZE generated: 2
EVALUABLE#: 0

-------------------------

----------------
TTYPES
Integer
Integer

PROGS

LOCAL_COUNT: 25
GLOBAL_COUNT: 25

BASE_AFTER:
(begin
  (send
    (lvar :arg0) :count=
    (int 0))
  (int 0))
BASETYPE: Integer
SIZE WORK_LIST: 30
SIZE generated: 2
EVALUABLE#: 0

-------------------------

----------------
TTYPES
Integer
Integer

PROGS

LOCAL_COUNT: 26
GLOBAL_COUNT: 26

BASE_AFTER:
(begin
  (send
    (lvar :arg0) :count=
    (int 1))
  (int 0))
BASETYPE: Integer
SIZE WORK_LIST: 31
SIZE generated: 2
EVALUABLE#: 0

-------------------------

----------------
TTYPES
Integer
Integer

PROGS

LOCAL_COUNT: 27
GLOBAL_COUNT: 27

BASE_AFTER:
(begin
  (lvasgn :t0
    (int 0))
  (send
    (lvar :arg0) :count=
    (lvar :t0))
  (lvar :t0))
BASETYPE: Integer
SIZE WORK_LIST: 32
SIZE generated: 2
EVALUABLE#: 0

-------------------------

----------------
TTYPES
Integer
Integer

PROGS

LOCAL_COUNT: 28
GLOBAL_COUNT: 28

BASE_AFTER:
(begin
  (send
    (lvar :arg0) :count=
    (int 0))
  (int 1))
BASETYPE: Integer
SIZE WORK_LIST: 33
SIZE generated: 2
EVALUABLE#: 0

-------------------------

----------------
TTYPES
Integer
Integer

PROGS

LOCAL_COUNT: 29
GLOBAL_COUNT: 29

BASE_AFTER:
(begin
  (send
    (lvar :arg0) :count=
    (int 1))
  (int 1))
BASETYPE: Integer
SIZE WORK_LIST: 34
SIZE generated: 2
EVALUABLE#: 0

-------------------------

----------------
TTYPES
Integer
Integer

PROGS

LOCAL_COUNT: 30
GLOBAL_COUNT: 30

BASE_AFTER:
(begin
  (lvasgn :t0
    (int 1))
  (send
    (lvar :arg0) :count=
    (lvar :t0))
  (lvar :t0))
BASETYPE: Integer
SIZE WORK_LIST: 35
SIZE generated: 2
EVALUABLE#: 0

-------------------------

----------------
TTYPES
Integer
Integer

PROGS

LOCAL_COUNT: 31
GLOBAL_COUNT: 31

BASE_AFTER:
(begin
  (send
    (lvar :arg0) :count=
    (int 0))
  (int 2))
BASETYPE: Integer
SIZE WORK_LIST: 36
SIZE generated: 2
EVALUABLE#: 0

-------------------------

----------------
TTYPES
Integer
Integer

PROGS

LOCAL_COUNT: 32
GLOBAL_COUNT: 32

BASE_AFTER:
(begin
  (send
    (lvar :arg0) :count=
    (int 1))
  (int 2))
BASETYPE: Integer
SIZE WORK_LIST: 37
SIZE generated: 2
EVALUABLE#: 0

-------------------------

----------------
TTYPES
String
String

PROGS

LOCAL_COUNT: 33
GLOBAL_COUNT: 33

BASE_AFTER:
(begin
  (send
    (lvar :arg0) :count=
    (int 0))
  (str ""))
BASETYPE: String
SIZE WORK_LIST: 38
SIZE generated: 2
EVALUABLE#: 0

-------------------------

----------------
TTYPES
String
String

PROGS

LOCAL_COUNT: 34
GLOBAL_COUNT: 34

BASE_AFTER:
(begin
  (send
    (lvar :arg0) :count=
    (int 1))
  (str ""))
BASETYPE: String
SIZE WORK_LIST: 39
SIZE generated: 2
EVALUABLE#: 0

-------------------------

----------------
TTYPES
Integer
Integer
Integer
Integer
Integer
Integer
Integer
Integer
Integer
%bot

PROGS

LOCAL_COUNT: 35
GLOBAL_COUNT: 35

BASE_AFTER:
(filled-hole
  (begin
    (send
      (send
        (hole 0 {:hash_depth=>0, :limit_depth=>true, :recv=>true}) :id=
        (hole 0 {:hash_depth=>0, :method_arg=>true})) :-
      (hole 0 {:hash_depth=>0, :method_arg=>true})))
  (begin
    (send
      (send
        (hole 0 {:hash_depth=>0, :limit_depth=>true, :recv=>true}) :id=
        (hole 0 {:hash_depth=>0, :method_arg=>true})) :-
      (hole 0 {:hash_depth=>0, :method_arg=>true})))
  (begin
    (send
      (send
        (hole 0 {:hash_depth=>0, :limit_depth=>true, :recv=>true}) :id=
        (hole 0 {:hash_depth=>0, :method_arg=>true})) :count))
  (begin
    (send
      (send
        (hole 0 {:hash_depth=>0, :limit_depth=>true, :recv=>true}) :id) :-
      (hole 0 {:hash_depth=>0, :method_arg=>true})))
  (begin
    (send
      (send
        (hole 0 {:hash_depth=>0, :limit_depth=>true, :recv=>true}) :id) :-
      (hole 0 {:hash_depth=>0, :method_arg=>true})))
  (begin
    (send
      (send
        (hole 0 {:hash_depth=>0, :limit_depth=>true, :recv=>true}) :id) :count))
  (begin
    (send
      (send
        (hole 0 {:hash_depth=>0, :limit_depth=>true, :recv=>true}) :token=
        (hole 0 {:hash_depth=>0, :method_arg=>true})) :count))
  (begin
    (send
      (send
        (hole 0 {:hash_depth=>0, :limit_depth=>true, :recv=>true}) :token=
        (hole 0 {:hash_depth=>0, :method_arg=>true})) :-
      (hole 0 {:hash_depth=>0, :method_arg=>true})))
  (begin
    (send
      (send
        (hole 0 {:hash_depth=>0, :limit_depth=>true, :recv=>true}) :token) :count))
  (begin
    (send
      (send
        (hole 0 {:hash_depth=>0, :limit_depth=>true, :recv=>true}) :token) :-
      (hole 0 {:hash_depth=>0, :method_arg=>true})))
  (begin
    (send
      (send
        (hole 0 {:hash_depth=>0, :limit_depth=>true, :recv=>true}) :diaspora_user_id=
        (hole 0 {:hash_depth=>0, :method_arg=>true})) :-
      (hole 0 {:hash_depth=>0, :method_arg=>true})))
  (begin
    (send
      (send
        (hole 0 {:hash_depth=>0, :limit_depth=>true, :recv=>true}) :diaspora_user_id=
        (hole 0 {:hash_depth=>0, :method_arg=>true})) :-
      (hole 0 {:hash_depth=>0, :method_arg=>true})))
  (begin
    (send
      (send
        (hole 0 {:hash_depth=>0, :limit_depth=>true, :recv=>true}) :diaspora_user_id=
        (hole 0 {:hash_depth=>0, :method_arg=>true})) :count))
  (begin
    (send
      (send
        (hole 0 {:hash_depth=>0, :limit_depth=>true, :recv=>true}) :diaspora_user_id) :-
      (hole 0 {:hash_depth=>0, :method_arg=>true})))
  (begin
    (send
      (send
        (hole 0 {:hash_depth=>0, :limit_depth=>true, :recv=>true}) :diaspora_user_id) :-
      (hole 0 {:hash_depth=>0, :method_arg=>true})))
  (begin
    (send
      (send
        (hole 0 {:hash_depth=>0, :limit_depth=>true, :recv=>true}) :diaspora_user_id) :count))
  (begin
    (send
      (send
        (hole 0 {:hash_depth=>0, :limit_depth=>true, :recv=>true}) :count=
        (hole 0 {:hash_depth=>0, :method_arg=>true})) :-
      (hole 0 {:hash_depth=>0, :method_arg=>true})))
  (begin
    (send
      (send
        (hole 0 {:hash_depth=>0, :limit_depth=>true, :recv=>true}) :count=
        (hole 0 {:hash_depth=>0, :method_arg=>true})) :-
      (hole 0 {:hash_depth=>0, :method_arg=>true})))
  (begin
    (send
      (send
        (hole 0 {:hash_depth=>0, :limit_depth=>true, :recv=>true}) :count=
        (hole 0 {:hash_depth=>0, :method_arg=>true})) :count))
  (begin
    (send
      (begin
        (send
          (hole 0 {:hash_depth=>0, :limit_depth=>true, :recv=>true}) :count)) :-
      (hole 0 {:hash_depth=>0, :method_arg=>true})))
  (begin
    (send
      (begin
        (send
          (hole 0 {:hash_depth=>0, :limit_depth=>true, :recv=>true}) :count)) :-
      (hole 0 {:hash_depth=>0, :method_arg=>true})))
  (begin
    (send
      (begin
        (send
          (hole 0 {:hash_depth=>0, :limit_depth=>true, :recv=>true}) :count)) :count))
  (begin
    (send
      (send
        (hole 0 {:hash_depth=>0, :limit_depth=>true, :recv=>true}) :diaspora_user) :count))
  (begin
    (send
      (send
        (hole 0 {:hash_depth=>0, :limit_depth=>true, :recv=>true}) :diaspora_user) :-
      (hole 0 {:hash_depth=>0, :method_arg=>true})))
  (begin
    (send
      (send
        (hole 0 {:hash_depth=>0, :limit_depth=>true, :recv=>true}) :diaspora_user=
        (hole 0 {:hash_depth=>0, :method_arg=>true})) :count))
  (begin
    (send
      (send
        (hole 0 {:hash_depth=>0, :limit_depth=>true, :recv=>true}) :diaspora_user=
        (hole 0 {:hash_depth=>0, :method_arg=>true})) :-
      (hole 0 {:hash_depth=>0, :method_arg=>true})))
  (begin
    (send
      (begin
        (send
          (hole 0 {:hash_depth=>0, :limit_depth=>true, :recv=>true}) :-
          (hole 0 {:hash_depth=>0, :method_arg=>true}))) :-
      (hole 0 {:hash_depth=>0, :method_arg=>true})))
  (begin
    (send
      (begin
        (send
          (hole 0 {:hash_depth=>0, :limit_depth=>true, :recv=>true}) :-
          (hole 0 {:hash_depth=>0, :method_arg=>true}))) :-
      (hole 0 {:hash_depth=>0, :method_arg=>true})))
  (begin
    (send
      (begin
        (send
          (hole 0 {:hash_depth=>0, :limit_depth=>true, :recv=>true}) :save)) :count))
  (begin
    (send
      (begin
        (send
          (hole 0 {:hash_depth=>0, :limit_depth=>true, :recv=>true}) :save)) :-
      (hole 0 {:hash_depth=>0, :method_arg=>true})))
  (begin
    (send
      (begin
        (send
          (hole 0 {:hash_depth=>0, :limit_depth=>true, :recv=>true}) :count)) :-
      (hole 0 {:hash_depth=>0, :method_arg=>true})))
  (begin
    (send
      (begin
        (send
          (hole 0 {:hash_depth=>0, :limit_depth=>true, :recv=>true}) :count)) :-
      (hole 0 {:hash_depth=>0, :method_arg=>true})))
  (begin
    (send
      (begin
        (send
          (hole 0 {:hash_depth=>0, :limit_depth=>true, :recv=>true}) :-
          (hole 0 {:hash_depth=>0, :method_arg=>true}))) :-
      (hole 0 {:hash_depth=>0, :method_arg=>true})))
  (begin
    (send
      (begin
        (send
          (hole 0 {:hash_depth=>0, :limit_depth=>true, :recv=>true}) :-
          (hole 0 {:hash_depth=>0, :method_arg=>true}))) :-
      (hole 0 {:hash_depth=>0, :method_arg=>true})))
  (begin
    (send
      (begin
        (send
          (hole 0 {:hash_depth=>0, :limit_depth=>true, :recv=>true}) :save)) :count))
  (begin
    (send
      (begin
        (send
          (hole 0 {:hash_depth=>0, :limit_depth=>true, :recv=>true}) :save)) :-
      (hole 0 {:hash_depth=>0, :method_arg=>true})))
  (hole 3 {:hash_depth=>0, :method_arg=>false, :variance=>:-}) {:method_arg=>false})
BASETYPE: %bot
SIZE WORK_LIST: 40
SIZE generated: 10
EVALUABLE#: 0

-------------------------

----------------
TTYPES
Integer
Integer
Integer
Integer
Integer
Integer
Integer
Integer
Integer
Integer
Integer
Integer
Integer
Integer
Integer
Integer
Integer
Integer
Integer
Integer
Integer
Integer
Integer
Integer
Integer
Integer
Integer
Integer
Integer
Integer
Integer
Integer
Integer
Integer
Integer
Integer

PROGS

LOCAL_COUNT: 36
GLOBAL_COUNT: 36

BASE_AFTER:
(begin
  (send
    (begin
      (send
        (filled-hole
          (lvar :arg0) {:method_arg=>false}) :-
        (filled-hole
          (lvar :arg0)
          (lvar InvitationCode(id: integer, token: string, diaspora_user_id: integer, count: integer))
          (true)
          (false)
          (int 0)
          (int 1)
          (int 2)
          (str "")
          (hole 1 {:hash_depth=>0, :method_arg=>true, :variance=>:+}) {:method_arg=>true}))) :-
    (filled-hole
      (int 0)
      (int 1)
      (int 2)
      (hole 1 {:hash_depth=>0, :method_arg=>true, :variance=>:+}) {:method_arg=>true})))
BASETYPE: Integer
SIZE WORK_LIST: 49
SIZE generated: 36
EVALUABLE#: 24

-------------------------

----------------
TTYPES
Integer
Integer
Integer
Integer
Integer
Integer
Integer
Integer
Integer
Integer
Integer
Integer
Integer
Integer
Integer
Integer
Integer
Integer
Integer
Integer
Integer
Integer
Integer
Integer
Integer
Integer
Integer
Integer
Integer
Integer
Integer
Integer
Integer
Integer
Integer
Integer

PROGS

LOCAL_COUNT: 37
GLOBAL_COUNT: 37

BASE_AFTER:
(begin
  (send
    (begin
      (send
        (filled-hole
          (lvar InvitationCode(id: integer, token: string, diaspora_user_id: integer, count: integer)) {:method_arg=>false}) :-
        (filled-hole
          (lvar :arg0)
          (lvar InvitationCode(id: integer, token: string, diaspora_user_id: integer, count: integer))
          (true)
          (false)
          (int 0)
          (int 1)
          (int 2)
          (str "")
          (hole 1 {:hash_depth=>0, :method_arg=>true, :variance=>:+}) {:method_arg=>true}))) :-
    (filled-hole
      (int 0)
      (int 1)
      (int 2)
      (hole 1 {:hash_depth=>0, :method_arg=>true, :variance=>:+}) {:method_arg=>true})))
BASETYPE: Integer
SIZE WORK_LIST: 60
SIZE generated: 36
EVALUABLE#: 24

-------------------------

----------------
TTYPES
Integer
Integer
Integer
Integer

PROGS

LOCAL_COUNT: 38
GLOBAL_COUNT: 38

BASE_AFTER:
(begin
  (send
    (begin
      (send
        (filled-hole
          (lvar InvitationCode(id: integer, token: string, diaspora_user_id: integer, count: integer)) {:method_arg=>false}) :count)) :-
    (filled-hole
      (int 0)
      (int 1)
      (int 2)
      (hole 1 {:hash_depth=>0, :method_arg=>true, :variance=>:+}) {:method_arg=>true})))
BASETYPE: Integer
SIZE WORK_LIST: 71
SIZE generated: 4
EVALUABLE#: 3

-------------------------

----------------
TTYPES
true or false
true or false
true or false
true or false
true or false
true or false
true or false
true or false
true or false
true or false
true or false

PROGS

LOCAL_COUNT: 39
GLOBAL_COUNT: 39

BASE_AFTER:
(begin
  (send
    (lvar :arg0) :count=
    (hole 1 {:hash_depth=>0, :method_arg=>true, :variance=>:+}))
  (true))
BASETYPE: true or false
SIZE WORK_LIST: 74
SIZE generated: 11
EVALUABLE#: 0

-------------------------

----------------
TTYPES
Integer
Integer

PROGS

LOCAL_COUNT: 40
GLOBAL_COUNT: 40

BASE_AFTER:
(begin
  (send
    (begin
      (send
        (lvar InvitationCode(id: integer, token: string, diaspora_user_id: integer, count: integer)) :count)) :-
    (int 0)))
BASETYPE: Integer
SIZE WORK_LIST: 84
SIZE generated: 2
EVALUABLE#: 0

-------------------------

----------------
TTYPES
Integer
Integer

PROGS

LOCAL_COUNT: 41
GLOBAL_COUNT: 41

BASE_AFTER:
(begin
  (send
    (begin
      (send
        (lvar InvitationCode(id: integer, token: string, diaspora_user_id: integer, count: integer)) :count)) :-
    (int 1)))
BASETYPE: Integer
SIZE WORK_LIST: 85
SIZE generated: 2
EVALUABLE#: 0

-------------------------

----------------
TTYPES
Integer
Integer

PROGS

LOCAL_COUNT: 42
GLOBAL_COUNT: 42

BASE_AFTER:
(begin
  (send
    (begin
      (send
        (lvar InvitationCode(id: integer, token: string, diaspora_user_id: integer, count: integer)) :count)) :-
    (int 2)))
BASETYPE: Integer
SIZE WORK_LIST: 86
SIZE generated: 2
EVALUABLE#: 0

-------------------------

----------------
TTYPES
true or false

PROGS

LOCAL_COUNT: 43
GLOBAL_COUNT: 43

BASE_AFTER:
(begin
  (send
    (lvar :arg0) :count=
    (begin
      (send
        (hole 0 {:hash_depth=>0, :limit_depth=>true, :recv=>true}) :count)))
  (true))
BASETYPE: true or false
SIZE WORK_LIST: 87
SIZE generated: 1
EVALUABLE#: 1

-------------------------

----------------
TTYPES
true or false
true or false
true or false
true or false
true or false
true or false

PROGS

LOCAL_COUNT: 44
GLOBAL_COUNT: 44

BASE_AFTER:
(begin
  (send
    (lvar :arg0) :diaspora_user=
    (hole 1 {:hash_depth=>0, :method_arg=>true, :variance=>:+}))
  (true))
BASETYPE: true or false
SIZE WORK_LIST: 87
SIZE generated: 6
EVALUABLE#: 0

-------------------------

----------------
TTYPES
true or false
true or false

PROGS

LOCAL_COUNT: 45
GLOBAL_COUNT: 45

BASE_AFTER:
(begin
  (send
    (lvar :arg0) :count=
    (begin
      (send
        (lvar InvitationCode(id: integer, token: string, diaspora_user_id: integer, count: integer)) :count)))
  (true))
BASETYPE: true or false
SIZE WORK_LIST: 92
SIZE generated: 2
EVALUABLE#: 0

-------------------------

----------------
TTYPES
true or false

PROGS

LOCAL_COUNT: 46
GLOBAL_COUNT: 46

BASE_AFTER:
(begin
  (send
    (lvar :arg0) :diaspora_user=
    (begin
      (send
        (hole 0 {:hash_depth=>0, :limit_depth=>true, :recv=>true}) :count)))
  (true))
BASETYPE: true or false
SIZE WORK_LIST: 93
SIZE generated: 1
EVALUABLE#: 1

-------------------------

----------------
TTYPES
true or false
true or false
true or false
true or false
true or false
true or false
true or false
true or false
true or false
true or false
true or false

PROGS

LOCAL_COUNT: 47
GLOBAL_COUNT: 47

BASE_AFTER:
(begin
  (send
    (lvar :arg0) :count=
    (hole 1 {:hash_depth=>0, :method_arg=>true, :variance=>:+}))
  (false))
BASETYPE: true or false
SIZE WORK_LIST: 92
SIZE generated: 11
EVALUABLE#: 0

-------------------------

----------------
TTYPES
true or false

PROGS

LOCAL_COUNT: 48
GLOBAL_COUNT: 48

BASE_AFTER:
(begin
  (send
    (lvar :arg0) :count=
    (begin
      (send
        (hole 0 {:hash_depth=>0, :limit_depth=>true, :recv=>true}) :count)))
  (false))
BASETYPE: true or false
SIZE WORK_LIST: 102
SIZE generated: 1
EVALUABLE#: 1

-------------------------

----------------
TTYPES
true or false
true or false
true or false
true or false
true or false
true or false

PROGS

LOCAL_COUNT: 49
GLOBAL_COUNT: 49

BASE_AFTER:
(begin
  (send
    (lvar :arg0) :diaspora_user=
    (hole 1 {:hash_depth=>0, :method_arg=>true, :variance=>:+}))
  (false))
BASETYPE: true or false
SIZE WORK_LIST: 102
SIZE generated: 6
EVALUABLE#: 0

-------------------------

----------------
TTYPES
true or false
true or false

PROGS

LOCAL_COUNT: 50
GLOBAL_COUNT: 50

BASE_AFTER:
(begin
  (send
    (lvar :arg0) :count=
    (begin
      (send
        (lvar InvitationCode(id: integer, token: string, diaspora_user_id: integer, count: integer)) :count)))
  (false))
BASETYPE: true or false
SIZE WORK_LIST: 107
SIZE generated: 2
EVALUABLE#: 0

-------------------------

----------------
TTYPES
true or false

PROGS

LOCAL_COUNT: 51
GLOBAL_COUNT: 51

BASE_AFTER:
(begin
  (send
    (lvar :arg0) :diaspora_user=
    (begin
      (send
        (hole 0 {:hash_depth=>0, :limit_depth=>true, :recv=>true}) :count)))
  (false))
BASETYPE: true or false
SIZE WORK_LIST: 108
SIZE generated: 1
EVALUABLE#: 1

-------------------------

----------------
TTYPES
Integer
Integer
Integer
Integer
Integer
Integer
Integer
Integer
Integer
Integer
Integer

PROGS

LOCAL_COUNT: 52
GLOBAL_COUNT: 52

BASE_AFTER:
(begin
  (send
    (lvar :arg0) :count=
    (hole 1 {:hash_depth=>0, :method_arg=>true, :variance=>:+}))
  (int 0))
BASETYPE: Integer
SIZE WORK_LIST: 107
SIZE generated: 11
EVALUABLE#: 0

-------------------------

----------------
TTYPES
Integer

PROGS

LOCAL_COUNT: 53
GLOBAL_COUNT: 53

BASE_AFTER:
(begin
  (send
    (lvar :arg0) :count=
    (begin
      (send
        (hole 0 {:hash_depth=>0, :limit_depth=>true, :recv=>true}) :count)))
  (int 0))
BASETYPE: Integer
SIZE WORK_LIST: 117
SIZE generated: 1
EVALUABLE#: 1

-------------------------

----------------
TTYPES
Integer
Integer
Integer
Integer
Integer
Integer

PROGS

LOCAL_COUNT: 54
GLOBAL_COUNT: 54

BASE_AFTER:
(begin
  (send
    (lvar :arg0) :diaspora_user=
    (hole 1 {:hash_depth=>0, :method_arg=>true, :variance=>:+}))
  (int 0))
BASETYPE: Integer
SIZE WORK_LIST: 117
SIZE generated: 6
EVALUABLE#: 0

-------------------------

----------------
TTYPES
Integer
Integer

PROGS

LOCAL_COUNT: 55
GLOBAL_COUNT: 55

BASE_AFTER:
(begin
  (send
    (lvar :arg0) :count=
    (begin
      (send
        (lvar InvitationCode(id: integer, token: string, diaspora_user_id: integer, count: integer)) :count)))
  (int 0))
BASETYPE: Integer
SIZE WORK_LIST: 122
SIZE generated: 2
EVALUABLE#: 0

-------------------------

----------------
TTYPES
Integer

PROGS

LOCAL_COUNT: 56
GLOBAL_COUNT: 56

BASE_AFTER:
(begin
  (send
    (lvar :arg0) :diaspora_user=
    (begin
      (send
        (hole 0 {:hash_depth=>0, :limit_depth=>true, :recv=>true}) :count)))
  (int 0))
BASETYPE: Integer
SIZE WORK_LIST: 123
SIZE generated: 1
EVALUABLE#: 1

-------------------------

----------------
TTYPES
Integer
Integer
Integer
Integer
Integer
Integer
Integer
Integer
Integer
Integer
Integer

PROGS

LOCAL_COUNT: 57
GLOBAL_COUNT: 57

BASE_AFTER:
(begin
  (send
    (lvar :arg0) :count=
    (hole 1 {:hash_depth=>0, :method_arg=>true, :variance=>:+}))
  (int 1))
BASETYPE: Integer
SIZE WORK_LIST: 122
SIZE generated: 11
EVALUABLE#: 0

-------------------------

----------------
TTYPES
Integer

PROGS

LOCAL_COUNT: 58
GLOBAL_COUNT: 58

BASE_AFTER:
(begin
  (send
    (lvar :arg0) :count=
    (begin
      (send
        (hole 0 {:hash_depth=>0, :limit_depth=>true, :recv=>true}) :count)))
  (int 1))
BASETYPE: Integer
SIZE WORK_LIST: 132
SIZE generated: 1
EVALUABLE#: 1

-------------------------

----------------
TTYPES
Integer
Integer
Integer
Integer
Integer
Integer

PROGS

LOCAL_COUNT: 59
GLOBAL_COUNT: 59

BASE_AFTER:
(begin
  (send
    (lvar :arg0) :diaspora_user=
    (hole 1 {:hash_depth=>0, :method_arg=>true, :variance=>:+}))
  (int 1))
BASETYPE: Integer
SIZE WORK_LIST: 132
SIZE generated: 6
EVALUABLE#: 0

-------------------------

----------------
TTYPES
Integer
Integer

PROGS

LOCAL_COUNT: 60
GLOBAL_COUNT: 60

BASE_AFTER:
(begin
  (send
    (lvar :arg0) :count=
    (begin
      (send
        (lvar InvitationCode(id: integer, token: string, diaspora_user_id: integer, count: integer)) :count)))
  (int 1))
BASETYPE: Integer
SIZE WORK_LIST: 137
SIZE generated: 2
EVALUABLE#: 0

-------------------------

----------------
TTYPES
true or false
true or false
Integer
Integer
Integer
String
%bot

PROGS

LOCAL_COUNT: 1
GLOBAL_COUNT: 61

BASE_AFTER:
(filled-hole
  (true)
  (false)
  (int 0)
  (int 1)
  (int 2)
  (str "")
  (hole 1 {:hash_depth=>0, :method_arg=>false, :variance=>:-}) {:method_arg=>false})
BASETYPE: %bot
SIZE WORK_LIST: 0
SIZE generated: 7
EVALUABLE#: 6

-------------------------

----------------
TTYPES
true or false
true or false

PROGS

LOCAL_COUNT: 2
GLOBAL_COUNT: 62

BASE_AFTER:
(true)
BASETYPE: true or false
SIZE WORK_LIST: 6
SIZE generated: 2
EVALUABLE#: 0

-------------------------

----------------
TTYPES
true or false
true or false

PROGS

LOCAL_COUNT: 3
GLOBAL_COUNT: 63

BASE_AFTER:
(false)
BASETYPE: true or false
SIZE WORK_LIST: 7
SIZE generated: 2
EVALUABLE#: 0

-------------------------

----------------
TTYPES
Integer
Integer

PROGS

LOCAL_COUNT: 4
GLOBAL_COUNT: 64

BASE_AFTER:
(int 0)
BASETYPE: Integer
SIZE WORK_LIST: 8
SIZE generated: 2
EVALUABLE#: 0

-------------------------

----------------
TTYPES
Integer
Integer

PROGS

LOCAL_COUNT: 5
GLOBAL_COUNT: 65

BASE_AFTER:
(int 1)
BASETYPE: Integer
SIZE WORK_LIST: 9
SIZE generated: 2
EVALUABLE#: 0

-------------------------

----------------
TTYPES
Integer
Integer

PROGS

LOCAL_COUNT: 6
GLOBAL_COUNT: 66

BASE_AFTER:
(int 2)
BASETYPE: Integer
SIZE WORK_LIST: 10
SIZE generated: 2
EVALUABLE#: 0

-------------------------

----------------
TTYPES
String
String

PROGS

LOCAL_COUNT: 7
GLOBAL_COUNT: 67

BASE_AFTER:
(str "")
BASETYPE: String
SIZE WORK_LIST: 11
SIZE generated: 2
EVALUABLE#: 0

-------------------------

----------------
TTYPES
%bot

PROGS

LOCAL_COUNT: 8
GLOBAL_COUNT: 68

BASE_AFTER:
(filled-hole
  (hole 2 {:hash_depth=>0, :method_arg=>false, :variance=>:-}) {:method_arg=>false})
BASETYPE: %bot
SIZE WORK_LIST: 12
SIZE generated: 1
EVALUABLE#: 0

-------------------------

----------------
TTYPES
true or false
true or false
true or false
true or false

PROGS

LOCAL_COUNT: 9
GLOBAL_COUNT: 69

BASE_AFTER:
(begin
  (send
    (hole 0 {:hash_depth=>0, :limit_depth=>true, :recv=>true}) :count=
    (hole 0 {:hash_depth=>0, :method_arg=>true}))
  (true))
BASETYPE: true or false
SIZE WORK_LIST: 12
SIZE generated: 4
EVALUABLE#: 3

-------------------------

----------------
TTYPES
true or false

PROGS

LOCAL_COUNT: 1
GLOBAL_COUNT: 70

BASE_AFTER:
(filled-hole
  (hole 1 {:hash_depth=>0, :method_arg=>false, :variance=>:+}) {:method_arg=>false})
BASETYPE: true or false
SIZE WORK_LIST: 0
SIZE generated: 1
EVALUABLE#: 0

-------------------------

----------------
TTYPES
true or false
true or false
true or false

PROGS

LOCAL_COUNT: 2
GLOBAL_COUNT: 71

BASE_AFTER:
(filled-hole
  (begin
    (send
      (hole 0 {:hash_depth=>0, :limit_depth=>true, :recv=>true}) :-
      (hole 0 {:hash_depth=>0, :method_arg=>true})))
  (begin
    (send
      (hole 0 {:hash_depth=>0, :limit_depth=>true, :recv=>true}) :save))
  (begin
    (send
      (hole 0 {:hash_depth=>0, :limit_depth=>true, :recv=>true}) :count))
  (begin
    (send
      (hole 0 {:hash_depth=>0, :limit_depth=>true, :recv=>true}) :-
      (hole 0 {:hash_depth=>0, :method_arg=>true})))
  (begin
    (send
      (hole 0 {:hash_depth=>0, :limit_depth=>true, :recv=>true}) :save))
  (hole 2 {:hash_depth=>0, :method_arg=>false, :variance=>:+}) {:method_arg=>false})
BASETYPE: true or false
SIZE WORK_LIST: 0
SIZE generated: 3
EVALUABLE#: 0

-------------------------

----------------
TTYPES
true or false

PROGS

LOCAL_COUNT: 3
GLOBAL_COUNT: 72

BASE_AFTER:
(begin
  (send
    (filled-hole
      (lvar :arg0) {:method_arg=>false}) :save))
BASETYPE: true or false
SIZE WORK_LIST: 2
SIZE generated: 1
EVALUABLE#: 1

-------------------------

----------------
TTYPES
true or false

PROGS

LOCAL_COUNT: 4
GLOBAL_COUNT: 73

BASE_AFTER:
(begin
  (send
    (filled-hole
      (lvar InvitationCode(id: integer, token: string, diaspora_user_id: integer, count: integer)) {:method_arg=>false}) :save))
BASETYPE: true or false
SIZE WORK_LIST: 1
SIZE generated: 1
EVALUABLE#: 1

-------------------------

----------------
TTYPES
Integer
true or false
Integer
true or false
true or false
true or false
Integer
true or false
Integer
true or false
Integer
true or false
Integer
true or false
true or false
true or false
true or false
true or false
true or false
true or false
true or false
true or false
true or false
true or false
true or false
false or true
true or false
true or false
true or false
true or false
true or false
true or false
true or false
true or false
true or false
true or false
true or false
true or false
Integer
true or false
true or false
true or false
true or false
true or false
true or false
true or false
true or false
false or true
true or false
true or false
true or false
true or false
true or false
true or false
true or false
true or false
true or false
true or false
true or false
true or false
Integer
true or false
true or false
true or false
true or false
true or false
true or false
true or false
true or false
false or true
true or false
true or false
true or false
true or false
true or false
true or false
true or false
true or false
true or false
true or false
true or false
true or false
Integer
true or false
true or false

PROGS

LOCAL_COUNT: 5
GLOBAL_COUNT: 74

BASE_AFTER:
(filled-hole
  (begin
    (send
      (send
        (hole 0 {:hash_depth=>0, :limit_depth=>true, :recv=>true}) :id=
        (hole 0 {:hash_depth=>0, :method_arg=>true})) :-
      (hole 0 {:hash_depth=>0, :method_arg=>true})))
  (begin
    (send
      (send
        (hole 0 {:hash_depth=>0, :limit_depth=>true, :recv=>true}) :id=
        (hole 0 {:hash_depth=>0, :method_arg=>true})) :-
      (hole 0 {:hash_depth=>0, :method_arg=>true})))
  (begin
    (send
      (send
        (hole 0 {:hash_depth=>0, :limit_depth=>true, :recv=>true}) :id=
        (hole 0 {:hash_depth=>0, :method_arg=>true})) :-
      (hole 0 {:hash_depth=>0, :method_arg=>true})))
  (begin
    (send
      (send
        (hole 0 {:hash_depth=>0, :limit_depth=>true, :recv=>true}) :id=
        (hole 0 {:hash_depth=>0, :method_arg=>true})) :count))
  (begin
    (send
      (send
        (hole 0 {:hash_depth=>0, :limit_depth=>true, :recv=>true}) :id=
        (hole 0 {:hash_depth=>0, :method_arg=>true})) :save))
  (begin
    (send
      (send
        (hole 0 {:hash_depth=>0, :limit_depth=>true, :recv=>true}) :id) :-
      (hole 0 {:hash_depth=>0, :method_arg=>true})))
  (begin
    (send
      (send
        (hole 0 {:hash_depth=>0, :limit_depth=>true, :recv=>true}) :id) :-
      (hole 0 {:hash_depth=>0, :method_arg=>true})))
  (begin
    (send
      (send
        (hole 0 {:hash_depth=>0, :limit_depth=>true, :recv=>true}) :id) :-
      (hole 0 {:hash_depth=>0, :method_arg=>true})))
  (begin
    (send
      (send
        (hole 0 {:hash_depth=>0, :limit_depth=>true, :recv=>true}) :id) :count))
  (begin
    (send
      (send
        (hole 0 {:hash_depth=>0, :limit_depth=>true, :recv=>true}) :id) :save))
  (begin
    (send
      (send
        (hole 0 {:hash_depth=>0, :limit_depth=>true, :recv=>true}) :token=
        (hole 0 {:hash_depth=>0, :method_arg=>true})) :count))
  (begin
    (send
      (send
        (hole 0 {:hash_depth=>0, :limit_depth=>true, :recv=>true}) :token=
        (hole 0 {:hash_depth=>0, :method_arg=>true})) :-
      (hole 0 {:hash_depth=>0, :method_arg=>true})))
  (begin
    (send
      (send
        (hole 0 {:hash_depth=>0, :limit_depth=>true, :recv=>true}) :token=
        (hole 0 {:hash_depth=>0, :method_arg=>true})) :save))
  (begin
    (send
      (send
        (hole 0 {:hash_depth=>0, :limit_depth=>true, :recv=>true}) :token) :count))
  (begin
    (send
      (send
        (hole 0 {:hash_depth=>0, :limit_depth=>true, :recv=>true}) :token) :-
      (hole 0 {:hash_depth=>0, :method_arg=>true})))
  (begin
    (send
      (send
        (hole 0 {:hash_depth=>0, :limit_depth=>true, :recv=>true}) :token) :save))
  (begin
    (send
      (send
        (hole 0 {:hash_depth=>0, :limit_depth=>true, :recv=>true}) :diaspora_user_id=
        (hole 0 {:hash_depth=>0, :method_arg=>true})) :-
      (hole 0 {:hash_depth=>0, :method_arg=>true})))
  (begin
    (send
      (send
        (hole 0 {:hash_depth=>0, :limit_depth=>true, :recv=>true}) :diaspora_user_id=
        (hole 0 {:hash_depth=>0, :method_arg=>true})) :-
      (hole 0 {:hash_depth=>0, :method_arg=>true})))
  (begin
    (send
      (send
        (hole 0 {:hash_depth=>0, :limit_depth=>true, :recv=>true}) :diaspora_user_id=
        (hole 0 {:hash_depth=>0, :method_arg=>true})) :-
      (hole 0 {:hash_depth=>0, :method_arg=>true})))
  (begin
    (send
      (send
        (hole 0 {:hash_depth=>0, :limit_depth=>true, :recv=>true}) :diaspora_user_id=
        (hole 0 {:hash_depth=>0, :method_arg=>true})) :count))
  (begin
    (send
      (send
        (hole 0 {:hash_depth=>0, :limit_depth=>true, :recv=>true}) :diaspora_user_id=
        (hole 0 {:hash_depth=>0, :method_arg=>true})) :save))
  (begin
    (send
      (send
        (hole 0 {:hash_depth=>0, :limit_depth=>true, :recv=>true}) :diaspora_user_id) :-
      (hole 0 {:hash_depth=>0, :method_arg=>true})))
  (begin
    (send
      (send
        (hole 0 {:hash_depth=>0, :limit_depth=>true, :recv=>true}) :diaspora_user_id) :-
      (hole 0 {:hash_depth=>0, :method_arg=>true})))
  (begin
    (send
      (send
        (hole 0 {:hash_depth=>0, :limit_depth=>true, :recv=>true}) :diaspora_user_id) :-
      (hole 0 {:hash_depth=>0, :method_arg=>true})))
  (begin
    (send
      (send
        (hole 0 {:hash_depth=>0, :limit_depth=>true, :recv=>true}) :diaspora_user_id) :count))
  (begin
    (send
      (send
        (hole 0 {:hash_depth=>0, :limit_depth=>true, :recv=>true}) :diaspora_user_id) :save))
  (begin
    (send
      (send
        (hole 0 {:hash_depth=>0, :limit_depth=>true, :recv=>true}) :count=
        (hole 0 {:hash_depth=>0, :method_arg=>true})) :-
      (hole 0 {:hash_depth=>0, :method_arg=>true})))
  (begin
    (send
      (send
        (hole 0 {:hash_depth=>0, :limit_depth=>true, :recv=>true}) :count=
        (hole 0 {:hash_depth=>0, :method_arg=>true})) :-
      (hole 0 {:hash_depth=>0, :method_arg=>true})))
  (begin
    (send
      (send
        (hole 0 {:hash_depth=>0, :limit_depth=>true, :recv=>true}) :count=
        (hole 0 {:hash_depth=>0, :method_arg=>true})) :-
      (hole 0 {:hash_depth=>0, :method_arg=>true})))
  (begin
    (send
      (send
        (hole 0 {:hash_depth=>0, :limit_depth=>true, :recv=>true}) :count=
        (hole 0 {:hash_depth=>0, :method_arg=>true})) :count))
  (begin
    (send
      (send
        (hole 0 {:hash_depth=>0, :limit_depth=>true, :recv=>true}) :count=
        (hole 0 {:hash_depth=>0, :method_arg=>true})) :save))
  (begin
    (send
      (begin
        (send
          (hole 0 {:hash_depth=>0, :limit_depth=>true, :recv=>true}) :count)) :-
      (hole 0 {:hash_depth=>0, :method_arg=>true})))
  (begin
    (send
      (begin
        (send
          (hole 0 {:hash_depth=>0, :limit_depth=>true, :recv=>true}) :count)) :-
      (hole 0 {:hash_depth=>0, :method_arg=>true})))
  (begin
    (send
      (begin
        (send
          (hole 0 {:hash_depth=>0, :limit_depth=>true, :recv=>true}) :count)) :-
      (hole 0 {:hash_depth=>0, :method_arg=>true})))
  (begin
    (send
      (begin
        (send
          (hole 0 {:hash_depth=>0, :limit_depth=>true, :recv=>true}) :count)) :-
      (hole 0 {:hash_depth=>0, :method_arg=>true})))
  (begin
    (send
      (begin
        (send
          (hole 0 {:hash_depth=>0, :limit_depth=>true, :recv=>true}) :count)) :-
      (hole 0 {:hash_depth=>0, :method_arg=>true})))
  (begin
    (send
      (begin
        (send
          (hole 0 {:hash_depth=>0, :limit_depth=>true, :recv=>true}) :count)) :-
      (hole 0 {:hash_depth=>0, :method_arg=>true})))
  (begin
    (send
      (begin
        (send
          (hole 0 {:hash_depth=>0, :limit_depth=>true, :recv=>true}) :count)) :count))
  (begin
    (send
      (begin
        (send
          (hole 0 {:hash_depth=>0, :limit_depth=>true, :recv=>true}) :count)) :count))
  (begin
    (send
      (begin
        (send
          (hole 0 {:hash_depth=>0, :limit_depth=>true, :recv=>true}) :count)) :save))
  (begin
    (send
      (begin
        (send
          (hole 0 {:hash_depth=>0, :limit_depth=>true, :recv=>true}) :count)) :save))
  (begin
    (send
      (send
        (hole 0 {:hash_depth=>0, :limit_depth=>true, :recv=>true}) :diaspora_user) :count))
  (begin
    (send
      (send
        (hole 0 {:hash_depth=>0, :limit_depth=>true, :recv=>true}) :diaspora_user) :-
      (hole 0 {:hash_depth=>0, :method_arg=>true})))
  (begin
    (send
      (send
        (hole 0 {:hash_depth=>0, :limit_depth=>true, :recv=>true}) :diaspora_user) :save))
  (begin
    (send
      (send
        (hole 0 {:hash_depth=>0, :limit_depth=>true, :recv=>true}) :diaspora_user=
        (hole 0 {:hash_depth=>0, :method_arg=>true})) :count))
  (begin
    (send
      (send
        (hole 0 {:hash_depth=>0, :limit_depth=>true, :recv=>true}) :diaspora_user=
        (hole 0 {:hash_depth=>0, :method_arg=>true})) :-
      (hole 0 {:hash_depth=>0, :method_arg=>true})))
  (begin
    (send
      (send
        (hole 0 {:hash_depth=>0, :limit_depth=>true, :recv=>true}) :diaspora_user=
        (hole 0 {:hash_depth=>0, :method_arg=>true})) :save))
  (begin
    (send
      (begin
        (send
          (hole 0 {:hash_depth=>0, :limit_depth=>true, :recv=>true}) :save)) :count))
  (begin
    (send
      (begin
        (send
          (hole 0 {:hash_depth=>0, :limit_depth=>true, :recv=>true}) :save)) :-
      (hole 0 {:hash_depth=>0, :method_arg=>true})))
  (begin
    (send
      (begin
        (send
          (hole 0 {:hash_depth=>0, :limit_depth=>true, :recv=>true}) :save)) :save))
  (send
    (begin
      (send
        (hole 0 {:hash_depth=>0, :limit_depth=>true, :recv=>true}) :-
        (hole 0 {:hash_depth=>0, :method_arg=>true}))) :confirmed=
    (hole 0 {:hash_depth=>0, :method_arg=>true}))
  (send
    (begin
      (send
        (hole 0 {:hash_depth=>0, :limit_depth=>true, :recv=>true}) :-
        (hole 0 {:hash_depth=>0, :method_arg=>true}))) :confirmed)
  (send
    (begin
      (send
        (hole 0 {:hash_depth=>0, :limit_depth=>true, :recv=>true}) :-
        (hole 0 {:hash_depth=>0, :method_arg=>true}))) :expired=
    (hole 0 {:hash_depth=>0, :method_arg=>true}))
  (send
    (begin
      (send
        (hole 0 {:hash_depth=>0, :limit_depth=>true, :recv=>true}) :-
        (hole 0 {:hash_depth=>0, :method_arg=>true}))) :expired)
  (send
    (begin
      (send
        (hole 0 {:hash_depth=>0, :limit_depth=>true, :recv=>true}) :-
        (hole 0 {:hash_depth=>0, :method_arg=>true}))) :discoverable=
    (hole 0 {:hash_depth=>0, :method_arg=>true}))
  (send
    (begin
      (send
        (hole 0 {:hash_depth=>0, :limit_depth=>true, :recv=>true}) :-
        (hole 0 {:hash_depth=>0, :method_arg=>true}))) :discoverable)
  (send
    (begin
      (send
        (hole 0 {:hash_depth=>0, :limit_depth=>true, :recv=>true}) :-
        (hole 0 {:hash_depth=>0, :method_arg=>true}))) :scheduled_check=
    (hole 0 {:hash_depth=>0, :method_arg=>true}))
  (send
    (begin
      (send
        (hole 0 {:hash_depth=>0, :limit_depth=>true, :recv=>true}) :-
        (hole 0 {:hash_depth=>0, :method_arg=>true}))) :scheduled_check)
  (begin
    (send
      (begin
        (send
          (hole 0 {:hash_depth=>0, :limit_depth=>true, :recv=>true}) :-
          (hole 0 {:hash_depth=>0, :method_arg=>true}))) :save))
  (send
    (begin
      (send
        (hole 0 {:hash_depth=>0, :limit_depth=>true, :recv=>true}) :-
        (hole 0 {:hash_depth=>0, :method_arg=>true}))) :otp_required_for_login=
    (hole 0 {:hash_depth=>0, :method_arg=>true}))
  (send
    (begin
      (send
        (hole 0 {:hash_depth=>0, :limit_depth=>true, :recv=>true}) :-
        (hole 0 {:hash_depth=>0, :method_arg=>true}))) :otp_required_for_login)
  (send
    (begin
      (send
        (hole 0 {:hash_depth=>0, :limit_depth=>true, :recv=>true}) :-
        (hole 0 {:hash_depth=>0, :method_arg=>true}))) :admin=
    (hole 0 {:hash_depth=>0, :method_arg=>true}))
  (send
    (begin
      (send
        (hole 0 {:hash_depth=>0, :limit_depth=>true, :recv=>true}) :-
        (hole 0 {:hash_depth=>0, :method_arg=>true}))) :admin)
  (send
    (begin
      (send
        (hole 0 {:hash_depth=>0, :limit_depth=>true, :recv=>true}) :-
        (hole 0 {:hash_depth=>0, :method_arg=>true}))) :staged=
    (hole 0 {:hash_depth=>0, :method_arg=>true}))
  (send
    (begin
      (send
        (hole 0 {:hash_depth=>0, :limit_depth=>true, :recv=>true}) :-
        (hole 0 {:hash_depth=>0, :method_arg=>true}))) :staged)
  (send
    (begin
      (send
        (hole 0 {:hash_depth=>0, :limit_depth=>true, :recv=>true}) :-
        (hole 0 {:hash_depth=>0, :method_arg=>true}))) :active=
    (hole 0 {:hash_depth=>0, :method_arg=>true}))
  (send
    (begin
      (send
        (hole 0 {:hash_depth=>0, :limit_depth=>true, :recv=>true}) :-
        (hole 0 {:hash_depth=>0, :method_arg=>true}))) :active)
  (send
    (begin
      (send
        (hole 0 {:hash_depth=>0, :limit_depth=>true, :recv=>true}) :-
        (hole 0 {:hash_depth=>0, :method_arg=>true}))) :primary=
    (hole 0 {:hash_depth=>0, :method_arg=>true}))
  (send
    (begin
      (send
        (hole 0 {:hash_depth=>0, :limit_depth=>true, :recv=>true}) :-
        (hole 0 {:hash_depth=>0, :method_arg=>true}))) :primary)
  (send
    (begin
      (send
        (hole 0 {:hash_depth=>0, :limit_depth=>true, :recv=>true}) :-
        (hole 0 {:hash_depth=>0, :method_arg=>true}))) :moderator=
    (hole 0 {:hash_depth=>0, :method_arg=>true}))
  (send
    (begin
      (send
        (hole 0 {:hash_depth=>0, :limit_depth=>true, :recv=>true}) :-
        (hole 0 {:hash_depth=>0, :method_arg=>true}))) :moderator)
  (begin
    (send
      (begin
        (send
          (hole 0 {:hash_depth=>0, :limit_depth=>true, :recv=>true}) :-
          (hole 0 {:hash_depth=>0, :method_arg=>true}))) :-
      (hole 0 {:hash_depth=>0, :method_arg=>true})))
  (begin
    (send
      (begin
        (send
          (hole 0 {:hash_depth=>0, :limit_depth=>true, :recv=>true}) :-
          (hole 0 {:hash_depth=>0, :method_arg=>true}))) :-
      (hole 0 {:hash_depth=>0, :method_arg=>true})))
  (begin
    (send
      (begin
        (send
          (hole 0 {:hash_depth=>0, :limit_depth=>true, :recv=>true}) :-
          (hole 0 {:hash_depth=>0, :method_arg=>true}))) :-
      (hole 0 {:hash_depth=>0, :method_arg=>true})))
  (send
    (begin
      (send
        (hole 0 {:hash_depth=>0, :limit_depth=>true, :recv=>true}) :count)) :confirmed=
    (hole 0 {:hash_depth=>0, :method_arg=>true}))
  (send
    (begin
      (send
        (hole 0 {:hash_depth=>0, :limit_depth=>true, :recv=>true}) :count)) :confirmed)
  (send
    (begin
      (send
        (hole 0 {:hash_depth=>0, :limit_depth=>true, :recv=>true}) :count)) :expired=
    (hole 0 {:hash_depth=>0, :method_arg=>true}))
  (send
    (begin
      (send
        (hole 0 {:hash_depth=>0, :limit_depth=>true, :recv=>true}) :count)) :expired)
  (send
    (begin
      (send
        (hole 0 {:hash_depth=>0, :limit_depth=>true, :recv=>true}) :count)) :discoverable=
    (hole 0 {:hash_depth=>0, :method_arg=>true}))
  (send
    (begin
      (send
        (hole 0 {:hash_depth=>0, :limit_depth=>true, :recv=>true}) :count)) :discoverable)
  (send
    (begin
      (send
        (hole 0 {:hash_depth=>0, :limit_depth=>true, :recv=>true}) :count)) :scheduled_check=
    (hole 0 {:hash_depth=>0, :method_arg=>true}))
  (send
    (begin
      (send
        (hole 0 {:hash_depth=>0, :limit_depth=>true, :recv=>true}) :count)) :scheduled_check)
  (begin
    (send
      (begin
        (send
          (hole 0 {:hash_depth=>0, :limit_depth=>true, :recv=>true}) :count)) :save))
  (send
    (begin
      (send
        (hole 0 {:hash_depth=>0, :limit_depth=>true, :recv=>true}) :count)) :otp_required_for_login=
    (hole 0 {:hash_depth=>0, :method_arg=>true}))
  (send
    (begin
      (send
        (hole 0 {:hash_depth=>0, :limit_depth=>true, :recv=>true}) :count)) :otp_required_for_login)
  (send
    (begin
      (send
        (hole 0 {:hash_depth=>0, :limit_depth=>true, :recv=>true}) :count)) :admin=
    (hole 0 {:hash_depth=>0, :method_arg=>true}))
  (send
    (begin
      (send
        (hole 0 {:hash_depth=>0, :limit_depth=>true, :recv=>true}) :count)) :admin)
  (send
    (begin
      (send
        (hole 0 {:hash_depth=>0, :limit_depth=>true, :recv=>true}) :count)) :staged=
    (hole 0 {:hash_depth=>0, :method_arg=>true}))
  (send
    (begin
      (send
        (hole 0 {:hash_depth=>0, :limit_depth=>true, :recv=>true}) :count)) :staged)
  (send
    (begin
      (send
        (hole 0 {:hash_depth=>0, :limit_depth=>true, :recv=>true}) :count)) :active=
    (hole 0 {:hash_depth=>0, :method_arg=>true}))
  (send
    (begin
      (send
        (hole 0 {:hash_depth=>0, :limit_depth=>true, :recv=>true}) :count)) :active)
  (send
    (begin
      (send
        (hole 0 {:hash_depth=>0, :limit_depth=>true, :recv=>true}) :count)) :primary=
    (hole 0 {:hash_depth=>0, :method_arg=>true}))
  (send
    (begin
      (send
        (hole 0 {:hash_depth=>0, :limit_depth=>true, :recv=>true}) :count)) :primary)
  (send
    (begin
      (send
        (hole 0 {:hash_depth=>0, :limit_depth=>true, :recv=>true}) :count)) :moderator=
    (hole 0 {:hash_depth=>0, :method_arg=>true}))
  (send
    (begin
      (send
        (hole 0 {:hash_depth=>0, :limit_depth=>true, :recv=>true}) :count)) :moderator)
  (begin
    (send
      (begin
        (send
          (hole 0 {:hash_depth=>0, :limit_depth=>true, :recv=>true}) :count)) :-
      (hole 0 {:hash_depth=>0, :method_arg=>true})))
  (begin
    (send
      (begin
        (send
          (hole 0 {:hash_depth=>0, :limit_depth=>true, :recv=>true}) :count)) :-
      (hole 0 {:hash_depth=>0, :method_arg=>true})))
  (begin
    (send
      (begin
        (send
          (hole 0 {:hash_depth=>0, :limit_depth=>true, :recv=>true}) :count)) :-
      (hole 0 {:hash_depth=>0, :method_arg=>true})))
  (send
    (begin
      (send
        (hole 0 {:hash_depth=>0, :limit_depth=>true, :recv=>true}) :-
        (hole 0 {:hash_depth=>0, :method_arg=>true}))) :confirmed=
    (hole 0 {:hash_depth=>0, :method_arg=>true}))
  (send
    (begin
      (send
        (hole 0 {:hash_depth=>0, :limit_depth=>true, :recv=>true}) :-
        (hole 0 {:hash_depth=>0, :method_arg=>true}))) :confirmed)
  (send
    (begin
      (send
        (hole 0 {:hash_depth=>0, :limit_depth=>true, :recv=>true}) :-
        (hole 0 {:hash_depth=>0, :method_arg=>true}))) :expired=
    (hole 0 {:hash_depth=>0, :method_arg=>true}))
  (send
    (begin
      (send
        (hole 0 {:hash_depth=>0, :limit_depth=>true, :recv=>true}) :-
        (hole 0 {:hash_depth=>0, :method_arg=>true}))) :expired)
  (send
    (begin
      (send
        (hole 0 {:hash_depth=>0, :limit_depth=>true, :recv=>true}) :-
        (hole 0 {:hash_depth=>0, :method_arg=>true}))) :discoverable=
    (hole 0 {:hash_depth=>0, :method_arg=>true}))
  (send
    (begin
      (send
        (hole 0 {:hash_depth=>0, :limit_depth=>true, :recv=>true}) :-
        (hole 0 {:hash_depth=>0, :method_arg=>true}))) :discoverable)
  (send
    (begin
      (send
        (hole 0 {:hash_depth=>0, :limit_depth=>true, :recv=>true}) :-
        (hole 0 {:hash_depth=>0, :method_arg=>true}))) :scheduled_check=
    (hole 0 {:hash_depth=>0, :method_arg=>true}))
  (send
    (begin
      (send
        (hole 0 {:hash_depth=>0, :limit_depth=>true, :recv=>true}) :-
        (hole 0 {:hash_depth=>0, :method_arg=>true}))) :scheduled_check)
  (begin
    (send
      (begin
        (send
          (hole 0 {:hash_depth=>0, :limit_depth=>true, :recv=>true}) :-
          (hole 0 {:hash_depth=>0, :method_arg=>true}))) :save))
  (send
    (begin
      (send
        (hole 0 {:hash_depth=>0, :limit_depth=>true, :recv=>true}) :-
        (hole 0 {:hash_depth=>0, :method_arg=>true}))) :otp_required_for_login=
    (hole 0 {:hash_depth=>0, :method_arg=>true}))
  (send
    (begin
      (send
        (hole 0 {:hash_depth=>0, :limit_depth=>true, :recv=>true}) :-
        (hole 0 {:hash_depth=>0, :method_arg=>true}))) :otp_required_for_login)
  (send
    (begin
      (send
        (hole 0 {:hash_depth=>0, :limit_depth=>true, :recv=>true}) :-
        (hole 0 {:hash_depth=>0, :method_arg=>true}))) :admin=
    (hole 0 {:hash_depth=>0, :method_arg=>true}))
  (send
    (begin
      (send
        (hole 0 {:hash_depth=>0, :limit_depth=>true, :recv=>true}) :-
        (hole 0 {:hash_depth=>0, :method_arg=>true}))) :admin)
  (send
    (begin
      (send
        (hole 0 {:hash_depth=>0, :limit_depth=>true, :recv=>true}) :-
        (hole 0 {:hash_depth=>0, :method_arg=>true}))) :staged=
    (hole 0 {:hash_depth=>0, :method_arg=>true}))
  (send
    (begin
      (send
        (hole 0 {:hash_depth=>0, :limit_depth=>true, :recv=>true}) :-
        (hole 0 {:hash_depth=>0, :method_arg=>true}))) :staged)
  (send
    (begin
      (send
        (hole 0 {:hash_depth=>0, :limit_depth=>true, :recv=>true}) :-
        (hole 0 {:hash_depth=>0, :method_arg=>true}))) :active=
    (hole 0 {:hash_depth=>0, :method_arg=>true}))
  (send
    (begin
      (send
        (hole 0 {:hash_depth=>0, :limit_depth=>true, :recv=>true}) :-
        (hole 0 {:hash_depth=>0, :method_arg=>true}))) :active)
  (send
    (begin
      (send
        (hole 0 {:hash_depth=>0, :limit_depth=>true, :recv=>true}) :-
        (hole 0 {:hash_depth=>0, :method_arg=>true}))) :primary=
    (hole 0 {:hash_depth=>0, :method_arg=>true}))
  (send
    (begin
      (send
        (hole 0 {:hash_depth=>0, :limit_depth=>true, :recv=>true}) :-
        (hole 0 {:hash_depth=>0, :method_arg=>true}))) :primary)
  (send
    (begin
      (send
        (hole 0 {:hash_depth=>0, :limit_depth=>true, :recv=>true}) :-
        (hole 0 {:hash_depth=>0, :method_arg=>true}))) :moderator=
    (hole 0 {:hash_depth=>0, :method_arg=>true}))
  (send
    (begin
      (send
        (hole 0 {:hash_depth=>0, :limit_depth=>true, :recv=>true}) :-
        (hole 0 {:hash_depth=>0, :method_arg=>true}))) :moderator)
  (begin
    (send
      (begin
        (send
          (hole 0 {:hash_depth=>0, :limit_depth=>true, :recv=>true}) :-
          (hole 0 {:hash_depth=>0, :method_arg=>true}))) :-
      (hole 0 {:hash_depth=>0, :method_arg=>true})))
  (begin
    (send
      (begin
        (send
          (hole 0 {:hash_depth=>0, :limit_depth=>true, :recv=>true}) :-
          (hole 0 {:hash_depth=>0, :method_arg=>true}))) :-
      (hole 0 {:hash_depth=>0, :method_arg=>true})))
  (begin
    (send
      (begin
        (send
          (hole 0 {:hash_depth=>0, :limit_depth=>true, :recv=>true}) :-
          (hole 0 {:hash_depth=>0, :method_arg=>true}))) :-
      (hole 0 {:hash_depth=>0, :method_arg=>true})))
  (begin
    (send
      (begin
        (send
          (hole 0 {:hash_depth=>0, :limit_depth=>true, :recv=>true}) :save)) :count))
  (begin
    (send
      (begin
        (send
          (hole 0 {:hash_depth=>0, :limit_depth=>true, :recv=>true}) :save)) :-
      (hole 0 {:hash_depth=>0, :method_arg=>true})))
  (begin
    (send
      (begin
        (send
          (hole 0 {:hash_depth=>0, :limit_depth=>true, :recv=>true}) :save)) :save))
  (hole 3 {:hash_depth=>0, :method_arg=>false, :variance=>:+}) {:method_arg=>false})
BASETYPE: true or false
SIZE WORK_LIST: 0
SIZE generated: 85
EVALUABLE#: 0

-------------------------

----------------
TTYPES
true or false
true or false
true or false

PROGS

LOCAL_COUNT: 6
GLOBAL_COUNT: 75

BASE_AFTER:
(send
  (begin
    (send
      (filled-hole
        (lvar InvitationCode(id: integer, token: string, diaspora_user_id: integer, count: integer)) {:method_arg=>false}) :count)) :confirmed=
  (filled-hole
    (true)
    (false)
    (hole 1 {:hash_depth=>0, :method_arg=>true, :variance=>:+}) {:method_arg=>true}))
BASETYPE: true or false
SIZE WORK_LIST: 84
SIZE generated: 3
EVALUABLE#: 2

-------------------------

----------------
TTYPES
true or false

PROGS

LOCAL_COUNT: 7
GLOBAL_COUNT: 76

BASE_AFTER:
(send
  (begin
    (send
      (filled-hole
        (lvar InvitationCode(id: integer, token: string, diaspora_user_id: integer, count: integer)) {:method_arg=>false}) :count)) :confirmed)
BASETYPE: true or false
SIZE WORK_LIST: 84
SIZE generated: 1
EVALUABLE#: 1

-------------------------

----------------
TTYPES
true or false
true or false
true or false

PROGS

LOCAL_COUNT: 8
GLOBAL_COUNT: 77

BASE_AFTER:
(send
  (begin
    (send
      (filled-hole
        (lvar InvitationCode(id: integer, token: string, diaspora_user_id: integer, count: integer)) {:method_arg=>false}) :count)) :expired=
  (filled-hole
    (true)
    (false)
    (hole 1 {:hash_depth=>0, :method_arg=>true, :variance=>:+}) {:method_arg=>true}))
BASETYPE: true or false
SIZE WORK_LIST: 83
SIZE generated: 3
EVALUABLE#: 2

-------------------------

----------------
TTYPES
true or false

PROGS

LOCAL_COUNT: 9
GLOBAL_COUNT: 78

BASE_AFTER:
(send
  (begin
    (send
      (filled-hole
        (lvar InvitationCode(id: integer, token: string, diaspora_user_id: integer, count: integer)) {:method_arg=>false}) :count)) :expired)
BASETYPE: true or false
SIZE WORK_LIST: 83
SIZE generated: 1
EVALUABLE#: 1

-------------------------

----------------
TTYPES
true or false
true or false
true or false

PROGS

LOCAL_COUNT: 10
GLOBAL_COUNT: 79

BASE_AFTER:
(send
  (begin
    (send
      (filled-hole
        (lvar InvitationCode(id: integer, token: string, diaspora_user_id: integer, count: integer)) {:method_arg=>false}) :count)) :discoverable=
  (filled-hole
    (true)
    (false)
    (hole 1 {:hash_depth=>0, :method_arg=>true, :variance=>:+}) {:method_arg=>true}))
BASETYPE: true or false
SIZE WORK_LIST: 82
SIZE generated: 3
EVALUABLE#: 2

-------------------------

----------------
TTYPES
true or false

PROGS

LOCAL_COUNT: 11
GLOBAL_COUNT: 80

BASE_AFTER:
(send
  (begin
    (send
      (filled-hole
        (lvar InvitationCode(id: integer, token: string, diaspora_user_id: integer, count: integer)) {:method_arg=>false}) :count)) :discoverable)
BASETYPE: true or false
SIZE WORK_LIST: 82
SIZE generated: 1
EVALUABLE#: 1

-------------------------

----------------
TTYPES
true or false
true or false
true or false

PROGS

LOCAL_COUNT: 12
GLOBAL_COUNT: 81

BASE_AFTER:
(send
  (begin
    (send
      (filled-hole
        (lvar InvitationCode(id: integer, token: string, diaspora_user_id: integer, count: integer)) {:method_arg=>false}) :count)) :scheduled_check=
  (filled-hole
    (true)
    (false)
    (hole 1 {:hash_depth=>0, :method_arg=>true, :variance=>:+}) {:method_arg=>true}))
BASETYPE: true or false
SIZE WORK_LIST: 81
SIZE generated: 3
EVALUABLE#: 2

-------------------------

----------------
TTYPES
true or false

PROGS

LOCAL_COUNT: 13
GLOBAL_COUNT: 82

BASE_AFTER:
(send
  (begin
    (send
      (filled-hole
        (lvar InvitationCode(id: integer, token: string, diaspora_user_id: integer, count: integer)) {:method_arg=>false}) :count)) :scheduled_check)
BASETYPE: true or false
SIZE WORK_LIST: 81
SIZE generated: 1
EVALUABLE#: 1

-------------------------

----------------
TTYPES
false or true

PROGS

LOCAL_COUNT: 14
GLOBAL_COUNT: 83

BASE_AFTER:
(begin
  (send
    (begin
      (send
        (filled-hole
          (lvar InvitationCode(id: integer, token: string, diaspora_user_id: integer, count: integer)) {:method_arg=>false}) :count)) :save))
BASETYPE: false or true
SIZE WORK_LIST: 80
SIZE generated: 1
EVALUABLE#: 1

-------------------------

----------------
TTYPES
true or false
true or false
true or false

PROGS

LOCAL_COUNT: 15
GLOBAL_COUNT: 84

BASE_AFTER:
(send
  (begin
    (send
      (filled-hole
        (lvar InvitationCode(id: integer, token: string, diaspora_user_id: integer, count: integer)) {:method_arg=>false}) :count)) :otp_required_for_login=
  (filled-hole
    (true)
    (false)
    (hole 1 {:hash_depth=>0, :method_arg=>true, :variance=>:+}) {:method_arg=>true}))
BASETYPE: true or false
SIZE WORK_LIST: 79
SIZE generated: 3
EVALUABLE#: 2

-------------------------

----------------
TTYPES
true or false

PROGS

LOCAL_COUNT: 16
GLOBAL_COUNT: 85

BASE_AFTER:
(send
  (begin
    (send
      (filled-hole
        (lvar InvitationCode(id: integer, token: string, diaspora_user_id: integer, count: integer)) {:method_arg=>false}) :count)) :otp_required_for_login)
BASETYPE: true or false
SIZE WORK_LIST: 79
SIZE generated: 1
EVALUABLE#: 1

-------------------------

----------------
TTYPES
true or false
true or false
true or false

PROGS

LOCAL_COUNT: 17
GLOBAL_COUNT: 86

BASE_AFTER:
(send
  (begin
    (send
      (filled-hole
        (lvar InvitationCode(id: integer, token: string, diaspora_user_id: integer, count: integer)) {:method_arg=>false}) :count)) :admin=
  (filled-hole
    (true)
    (false)
    (hole 1 {:hash_depth=>0, :method_arg=>true, :variance=>:+}) {:method_arg=>true}))
BASETYPE: true or false
SIZE WORK_LIST: 78
SIZE generated: 3
EVALUABLE#: 2

-------------------------

----------------
TTYPES
true or false

PROGS

LOCAL_COUNT: 18
GLOBAL_COUNT: 87

BASE_AFTER:
(send
  (begin
    (send
      (filled-hole
        (lvar InvitationCode(id: integer, token: string, diaspora_user_id: integer, count: integer)) {:method_arg=>false}) :count)) :admin)
BASETYPE: true or false
SIZE WORK_LIST: 78
SIZE generated: 1
EVALUABLE#: 1

-------------------------

----------------
TTYPES
true or false
true or false
true or false

PROGS

LOCAL_COUNT: 19
GLOBAL_COUNT: 88

BASE_AFTER:
(send
  (begin
    (send
      (filled-hole
        (lvar InvitationCode(id: integer, token: string, diaspora_user_id: integer, count: integer)) {:method_arg=>false}) :count)) :staged=
  (filled-hole
    (true)
    (false)
    (hole 1 {:hash_depth=>0, :method_arg=>true, :variance=>:+}) {:method_arg=>true}))
BASETYPE: true or false
SIZE WORK_LIST: 77
SIZE generated: 3
EVALUABLE#: 2

-------------------------

----------------
TTYPES
true or false

PROGS

LOCAL_COUNT: 20
GLOBAL_COUNT: 89

BASE_AFTER:
(send
  (begin
    (send
      (filled-hole
        (lvar InvitationCode(id: integer, token: string, diaspora_user_id: integer, count: integer)) {:method_arg=>false}) :count)) :staged)
BASETYPE: true or false
SIZE WORK_LIST: 77
SIZE generated: 1
EVALUABLE#: 1

-------------------------

----------------
TTYPES
true or false
true or false
true or false

PROGS

LOCAL_COUNT: 21
GLOBAL_COUNT: 90

BASE_AFTER:
(send
  (begin
    (send
      (filled-hole
        (lvar InvitationCode(id: integer, token: string, diaspora_user_id: integer, count: integer)) {:method_arg=>false}) :count)) :active=
  (filled-hole
    (true)
    (false)
    (hole 1 {:hash_depth=>0, :method_arg=>true, :variance=>:+}) {:method_arg=>true}))
BASETYPE: true or false
SIZE WORK_LIST: 76
SIZE generated: 3
EVALUABLE#: 2

-------------------------

----------------
TTYPES
true or false

PROGS

LOCAL_COUNT: 22
GLOBAL_COUNT: 91

BASE_AFTER:
(send
  (begin
    (send
      (filled-hole
        (lvar InvitationCode(id: integer, token: string, diaspora_user_id: integer, count: integer)) {:method_arg=>false}) :count)) :active)
BASETYPE: true or false
SIZE WORK_LIST: 76
SIZE generated: 1
EVALUABLE#: 1

-------------------------

----------------
TTYPES
true or false
true or false
true or false

PROGS

LOCAL_COUNT: 23
GLOBAL_COUNT: 92

BASE_AFTER:
(send
  (begin
    (send
      (filled-hole
        (lvar InvitationCode(id: integer, token: string, diaspora_user_id: integer, count: integer)) {:method_arg=>false}) :count)) :primary=
  (filled-hole
    (true)
    (false)
    (hole 1 {:hash_depth=>0, :method_arg=>true, :variance=>:+}) {:method_arg=>true}))
BASETYPE: true or false
SIZE WORK_LIST: 75
SIZE generated: 3
EVALUABLE#: 2

-------------------------

----------------
TTYPES
true or false

PROGS

LOCAL_COUNT: 24
GLOBAL_COUNT: 93

BASE_AFTER:
(send
  (begin
    (send
      (filled-hole
        (lvar InvitationCode(id: integer, token: string, diaspora_user_id: integer, count: integer)) {:method_arg=>false}) :count)) :primary)
BASETYPE: true or false
SIZE WORK_LIST: 75
SIZE generated: 1
EVALUABLE#: 1

-------------------------

----------------
TTYPES
true or false
true or false
true or false

PROGS

LOCAL_COUNT: 25
GLOBAL_COUNT: 94

BASE_AFTER:
(send
  (begin
    (send
      (filled-hole
        (lvar InvitationCode(id: integer, token: string, diaspora_user_id: integer, count: integer)) {:method_arg=>false}) :count)) :moderator=
  (filled-hole
    (true)
    (false)
    (hole 1 {:hash_depth=>0, :method_arg=>true, :variance=>:+}) {:method_arg=>true}))
BASETYPE: true or false
SIZE WORK_LIST: 74
SIZE generated: 3
EVALUABLE#: 2

-------------------------

----------------
TTYPES
true or false

PROGS

LOCAL_COUNT: 26
GLOBAL_COUNT: 95

BASE_AFTER:
(send
  (begin
    (send
      (filled-hole
        (lvar InvitationCode(id: integer, token: string, diaspora_user_id: integer, count: integer)) {:method_arg=>false}) :count)) :moderator)
BASETYPE: true or false
SIZE WORK_LIST: 74
SIZE generated: 1
EVALUABLE#: 1

-------------------------

----------------
TTYPES
Integer
Integer
Integer
Integer

PROGS

LOCAL_COUNT: 27
GLOBAL_COUNT: 96

BASE_AFTER:
(begin
  (send
    (begin
      (send
        (filled-hole
          (lvar InvitationCode(id: integer, token: string, diaspora_user_id: integer, count: integer)) {:method_arg=>false}) :count)) :-
    (filled-hole
      (int 0)
      (int 1)
      (int 2)
      (hole 1 {:hash_depth=>0, :method_arg=>true, :variance=>:+}) {:method_arg=>true})))
BASETYPE: Integer
SIZE WORK_LIST: 73
SIZE generated: 4
EVALUABLE#: 3

-------------------------

----------------
TTYPES
Integer
Integer
Integer
Integer
Integer
Integer
Integer
Integer
Integer
Integer
Integer
Integer
Integer
Integer
Integer
Integer

PROGS

LOCAL_COUNT: 28
GLOBAL_COUNT: 97

BASE_AFTER:
(begin
  (send
    (send
      (filled-hole
        (lvar :arg0) {:method_arg=>false}) :id=
      (filled-hole
        (int 0)
        (int 1)
        (int 2)
        (hole 1 {:hash_depth=>0, :method_arg=>true, :variance=>:+}) {:method_arg=>true})) :-
    (filled-hole
      (int 0)
      (int 1)
      (int 2)
      (hole 1 {:hash_depth=>0, :method_arg=>true, :variance=>:+}) {:method_arg=>true})))
BASETYPE: Integer
SIZE WORK_LIST: 73
SIZE generated: 16
EVALUABLE#: 9

-------------------------

----------------
TTYPES
Integer
Integer
Integer
Integer

PROGS

LOCAL_COUNT: 29
GLOBAL_COUNT: 98

BASE_AFTER:
(begin
  (send
    (send
      (filled-hole
        (lvar :arg0) {:method_arg=>false}) :id) :-
    (filled-hole
      (int 0)
      (int 1)
      (int 2)
      (hole 1 {:hash_depth=>0, :method_arg=>true, :variance=>:+}) {:method_arg=>true})))
BASETYPE: Integer
SIZE WORK_LIST: 79
SIZE generated: 4
EVALUABLE#: 3

-------------------------

----------------
TTYPES
true or false
true or false

PROGS

LOCAL_COUNT: 30
GLOBAL_COUNT: 99

BASE_AFTER:
(begin
  (send
    (send
      (filled-hole
        (lvar :arg0) {:method_arg=>false}) :token=
      (filled-hole
        (str "")
        (hole 1 {:hash_depth=>0, :method_arg=>true, :variance=>:+}) {:method_arg=>true})) :save))
BASETYPE: true or false
SIZE WORK_LIST: 79
SIZE generated: 2
EVALUABLE#: 1

-------------------------

----------------
TTYPES
Integer
Integer
Integer
Integer
Integer
Integer
Integer
Integer
Integer
Integer
Integer
Integer
Integer
Integer
Integer
Integer

PROGS

LOCAL_COUNT: 31
GLOBAL_COUNT: 100

BASE_AFTER:
(begin
  (send
    (send
      (filled-hole
        (lvar :arg0) {:method_arg=>false}) :diaspora_user_id=
      (filled-hole
        (int 0)
        (int 1)
        (int 2)
        (hole 1 {:hash_depth=>0, :method_arg=>true, :variance=>:+}) {:method_arg=>true})) :-
    (filled-hole
      (int 0)
      (int 1)
      (int 2)
      (hole 1 {:hash_depth=>0, :method_arg=>true, :variance=>:+}) {:method_arg=>true})))
BASETYPE: Integer
SIZE WORK_LIST: 79
SIZE generated: 16
EVALUABLE#: 9

-------------------------

----------------
TTYPES
Integer
Integer
Integer
Integer

PROGS

LOCAL_COUNT: 32
GLOBAL_COUNT: 101

BASE_AFTER:
(begin
  (send
    (send
      (filled-hole
        (lvar :arg0) {:method_arg=>false}) :diaspora_user_id) :-
    (filled-hole
      (int 0)
      (int 1)
      (int 2)
      (hole 1 {:hash_depth=>0, :method_arg=>true, :variance=>:+}) {:method_arg=>true})))
BASETYPE: Integer
SIZE WORK_LIST: 85
SIZE generated: 4
EVALUABLE#: 3

-------------------------

----------------
TTYPES
Integer
Integer
Integer
Integer
Integer
Integer
Integer
Integer
Integer
Integer
Integer
Integer
Integer
Integer
Integer
Integer

PROGS

LOCAL_COUNT: 33
GLOBAL_COUNT: 102

BASE_AFTER:
(begin
  (send
    (send
      (filled-hole
        (lvar :arg0) {:method_arg=>false}) :count=
      (filled-hole
        (int 0)
        (int 1)
        (int 2)
        (hole 1 {:hash_depth=>0, :method_arg=>true, :variance=>:+}) {:method_arg=>true})) :-
    (filled-hole
      (int 0)
      (int 1)
      (int 2)
      (hole 1 {:hash_depth=>0, :method_arg=>true, :variance=>:+}) {:method_arg=>true})))
BASETYPE: Integer
SIZE WORK_LIST: 85
SIZE generated: 16
EVALUABLE#: 9

-------------------------

----------------
TTYPES
Integer
Integer
Integer
Integer

PROGS

LOCAL_COUNT: 34
GLOBAL_COUNT: 103

BASE_AFTER:
(begin
  (send
    (begin
      (send
        (filled-hole
          (lvar :arg0) {:method_arg=>false}) :count)) :-
    (filled-hole
      (int 0)
      (int 1)
      (int 2)
      (hole 1 {:hash_depth=>0, :method_arg=>true, :variance=>:+}) {:method_arg=>true})))
BASETYPE: Integer
SIZE WORK_LIST: 91
SIZE generated: 4
EVALUABLE#: 3

-------------------------

----------------
TTYPES
true or false

PROGS

LOCAL_COUNT: 35
GLOBAL_COUNT: 104

BASE_AFTER:
(begin
  (send
    (send
      (filled-hole
        (lvar :arg0) {:method_arg=>false}) :diaspora_user) :save))
BASETYPE: true or false
SIZE WORK_LIST: 91
SIZE generated: 1
EVALUABLE#: 1

-------------------------

----------------
TTYPES
true or false

PROGS

LOCAL_COUNT: 36
GLOBAL_COUNT: 105

BASE_AFTER:
(begin
  (send
    (send
      (filled-hole
        (lvar :arg0) {:method_arg=>false}) :diaspora_user=
      (filled-hole
        (hole 1 {:hash_depth=>0, :method_arg=>true, :variance=>:+}) {:method_arg=>true})) :save))
BASETYPE: true or false
SIZE WORK_LIST: 90
SIZE generated: 1
EVALUABLE#: 0

-------------------------

----------------
TTYPES
true or false

PROGS

LOCAL_COUNT: 37
GLOBAL_COUNT: 106

BASE_AFTER:
(begin
  (send
    (begin
      (send
        (filled-hole
          (lvar :arg0) {:method_arg=>false}) :save)) :save))
BASETYPE: true or false
SIZE WORK_LIST: 90
SIZE generated: 1
EVALUABLE#: 1

-------------------------

----------------
TTYPES
true or false
true or false
true or false
true or false
true or false
true or false

PROGS

LOCAL_COUNT: 38
GLOBAL_COUNT: 107

BASE_AFTER:
(send
  (begin
    (send
      (lvar InvitationCode(id: integer, token: string, diaspora_user_id: integer, count: integer)) :count)) :confirmed=
  (filled-hole
    (begin
      (send
        (hole 0 {:hash_depth=>0, :limit_depth=>true, :recv=>true}) :save))
    (begin
      (send
        (hole 0 {:hash_depth=>0, :limit_depth=>true, :recv=>true}) :-
        (hole 0 {:hash_depth=>0, :method_arg=>true})))
    (begin
      (send
        (hole 0 {:hash_depth=>0, :limit_depth=>true, :recv=>true}) :count))
    (begin
      (send
        (hole 0 {:hash_depth=>0, :limit_depth=>true, :recv=>true}) :-
        (hole 0 {:hash_depth=>0, :method_arg=>true})))
    (begin
      (send
        (hole 0 {:hash_depth=>0, :limit_depth=>true, :recv=>true}) :save))
    (hole 2 {:hash_depth=>0, :method_arg=>true, :variance=>:+}) {:method_arg=>true}))
BASETYPE: true or false
SIZE WORK_LIST: 89
SIZE generated: 6
EVALUABLE#: 0

-------------------------

----------------
TTYPES
true or false

PROGS

LOCAL_COUNT: 39
GLOBAL_COUNT: 108

BASE_AFTER:
(send
  (begin
    (send
      (lvar InvitationCode(id: integer, token: string, diaspora_user_id: integer, count: integer)) :count)) :confirmed=
  (begin
    (send
      (filled-hole
        (lvar InvitationCode(id: integer, token: string, diaspora_user_id: integer, count: integer)) {:method_arg=>false}) :count)))
BASETYPE: true or false
SIZE WORK_LIST: 94
SIZE generated: 1
EVALUABLE#: 1

-------------------------

----------------
TTYPES
true or false
true or false
true or false
true or false
true or false
true or false

PROGS

LOCAL_COUNT: 40
GLOBAL_COUNT: 109

BASE_AFTER:
(send
  (begin
    (send
      (lvar InvitationCode(id: integer, token: string, diaspora_user_id: integer, count: integer)) :count)) :expired=
  (filled-hole
    (begin
      (send
        (hole 0 {:hash_depth=>0, :limit_depth=>true, :recv=>true}) :save))
    (begin
      (send
        (hole 0 {:hash_depth=>0, :limit_depth=>true, :recv=>true}) :-
        (hole 0 {:hash_depth=>0, :method_arg=>true})))
    (begin
      (send
        (hole 0 {:hash_depth=>0, :limit_depth=>true, :recv=>true}) :count))
    (begin
      (send
        (hole 0 {:hash_depth=>0, :limit_depth=>true, :recv=>true}) :-
        (hole 0 {:hash_depth=>0, :method_arg=>true})))
    (begin
      (send
        (hole 0 {:hash_depth=>0, :limit_depth=>true, :recv=>true}) :save))
    (hole 2 {:hash_depth=>0, :method_arg=>true, :variance=>:+}) {:method_arg=>true}))
BASETYPE: true or false
SIZE WORK_LIST: 93
SIZE generated: 6
EVALUABLE#: 0

-------------------------

----------------
TTYPES
true or false

PROGS

LOCAL_COUNT: 41
GLOBAL_COUNT: 110

BASE_AFTER:
(send
  (begin
    (send
      (lvar InvitationCode(id: integer, token: string, diaspora_user_id: integer, count: integer)) :count)) :expired=
  (begin
    (send
      (filled-hole
        (lvar InvitationCode(id: integer, token: string, diaspora_user_id: integer, count: integer)) {:method_arg=>false}) :count)))
BASETYPE: true or false
SIZE WORK_LIST: 98
SIZE generated: 1
EVALUABLE#: 1

-------------------------

----------------
TTYPES
true or false
true or false
true or false
true or false
true or false
true or false

PROGS

LOCAL_COUNT: 42
GLOBAL_COUNT: 111

BASE_AFTER:
(send
  (begin
    (send
      (lvar InvitationCode(id: integer, token: string, diaspora_user_id: integer, count: integer)) :count)) :discoverable=
  (filled-hole
    (begin
      (send
        (hole 0 {:hash_depth=>0, :limit_depth=>true, :recv=>true}) :save))
    (begin
      (send
        (hole 0 {:hash_depth=>0, :limit_depth=>true, :recv=>true}) :-
        (hole 0 {:hash_depth=>0, :method_arg=>true})))
    (begin
      (send
        (hole 0 {:hash_depth=>0, :limit_depth=>true, :recv=>true}) :count))
    (begin
      (send
        (hole 0 {:hash_depth=>0, :limit_depth=>true, :recv=>true}) :-
        (hole 0 {:hash_depth=>0, :method_arg=>true})))
    (begin
      (send
        (hole 0 {:hash_depth=>0, :limit_depth=>true, :recv=>true}) :save))
    (hole 2 {:hash_depth=>0, :method_arg=>true, :variance=>:+}) {:method_arg=>true}))
BASETYPE: true or false
SIZE WORK_LIST: 97
SIZE generated: 6
EVALUABLE#: 0

-------------------------

----------------
TTYPES
true or false

PROGS

LOCAL_COUNT: 43
GLOBAL_COUNT: 112

BASE_AFTER:
(send
  (begin
    (send
      (lvar InvitationCode(id: integer, token: string, diaspora_user_id: integer, count: integer)) :count)) :discoverable=
  (begin
    (send
      (filled-hole
        (lvar InvitationCode(id: integer, token: string, diaspora_user_id: integer, count: integer)) {:method_arg=>false}) :count)))
BASETYPE: true or false
SIZE WORK_LIST: 102
SIZE generated: 1
EVALUABLE#: 1

-------------------------

----------------
TTYPES
true or false
true or false
true or false
true or false
true or false
true or false

PROGS

LOCAL_COUNT: 44
GLOBAL_COUNT: 113

BASE_AFTER:
(send
  (begin
    (send
      (lvar InvitationCode(id: integer, token: string, diaspora_user_id: integer, count: integer)) :count)) :scheduled_check=
  (filled-hole
    (begin
      (send
        (hole 0 {:hash_depth=>0, :limit_depth=>true, :recv=>true}) :save))
    (begin
      (send
        (hole 0 {:hash_depth=>0, :limit_depth=>true, :recv=>true}) :-
        (hole 0 {:hash_depth=>0, :method_arg=>true})))
    (begin
      (send
        (hole 0 {:hash_depth=>0, :limit_depth=>true, :recv=>true}) :count))
    (begin
      (send
        (hole 0 {:hash_depth=>0, :limit_depth=>true, :recv=>true}) :-
        (hole 0 {:hash_depth=>0, :method_arg=>true})))
    (begin
      (send
        (hole 0 {:hash_depth=>0, :limit_depth=>true, :recv=>true}) :save))
    (hole 2 {:hash_depth=>0, :method_arg=>true, :variance=>:+}) {:method_arg=>true}))
BASETYPE: true or false
SIZE WORK_LIST: 101
SIZE generated: 6
EVALUABLE#: 0

-------------------------

----------------
TTYPES
true or false

PROGS

LOCAL_COUNT: 45
GLOBAL_COUNT: 114

BASE_AFTER:
(send
  (begin
    (send
      (lvar InvitationCode(id: integer, token: string, diaspora_user_id: integer, count: integer)) :count)) :scheduled_check=
  (begin
    (send
      (filled-hole
        (lvar InvitationCode(id: integer, token: string, diaspora_user_id: integer, count: integer)) {:method_arg=>false}) :count)))
BASETYPE: true or false
SIZE WORK_LIST: 106
SIZE generated: 1
EVALUABLE#: 1

-------------------------

----------------
TTYPES
true or false
true or false
true or false
true or false
true or false
true or false

PROGS

LOCAL_COUNT: 46
GLOBAL_COUNT: 115

BASE_AFTER:
(send
  (begin
    (send
      (lvar InvitationCode(id: integer, token: string, diaspora_user_id: integer, count: integer)) :count)) :otp_required_for_login=
  (filled-hole
    (begin
      (send
        (hole 0 {:hash_depth=>0, :limit_depth=>true, :recv=>true}) :save))
    (begin
      (send
        (hole 0 {:hash_depth=>0, :limit_depth=>true, :recv=>true}) :-
        (hole 0 {:hash_depth=>0, :method_arg=>true})))
    (begin
      (send
        (hole 0 {:hash_depth=>0, :limit_depth=>true, :recv=>true}) :count))
    (begin
      (send
        (hole 0 {:hash_depth=>0, :limit_depth=>true, :recv=>true}) :-
        (hole 0 {:hash_depth=>0, :method_arg=>true})))
    (begin
      (send
        (hole 0 {:hash_depth=>0, :limit_depth=>true, :recv=>true}) :save))
    (hole 2 {:hash_depth=>0, :method_arg=>true, :variance=>:+}) {:method_arg=>true}))
BASETYPE: true or false
SIZE WORK_LIST: 105
SIZE generated: 6
EVALUABLE#: 0

-------------------------

----------------
TTYPES
true or false

PROGS

LOCAL_COUNT: 47
GLOBAL_COUNT: 116

BASE_AFTER:
(send
  (begin
    (send
      (lvar InvitationCode(id: integer, token: string, diaspora_user_id: integer, count: integer)) :count)) :otp_required_for_login=
  (begin
    (send
      (filled-hole
        (lvar InvitationCode(id: integer, token: string, diaspora_user_id: integer, count: integer)) {:method_arg=>false}) :count)))
BASETYPE: true or false
SIZE WORK_LIST: 110
SIZE generated: 1
EVALUABLE#: 1

-------------------------

----------------
TTYPES
true or false
true or false
true or false
true or false
true or false
true or false

PROGS

LOCAL_COUNT: 48
GLOBAL_COUNT: 117

BASE_AFTER:
(send
  (begin
    (send
      (lvar InvitationCode(id: integer, token: string, diaspora_user_id: integer, count: integer)) :count)) :admin=
  (filled-hole
    (begin
      (send
        (hole 0 {:hash_depth=>0, :limit_depth=>true, :recv=>true}) :save))
    (begin
      (send
        (hole 0 {:hash_depth=>0, :limit_depth=>true, :recv=>true}) :-
        (hole 0 {:hash_depth=>0, :method_arg=>true})))
    (begin
      (send
        (hole 0 {:hash_depth=>0, :limit_depth=>true, :recv=>true}) :count))
    (begin
      (send
        (hole 0 {:hash_depth=>0, :limit_depth=>true, :recv=>true}) :-
        (hole 0 {:hash_depth=>0, :method_arg=>true})))
    (begin
      (send
        (hole 0 {:hash_depth=>0, :limit_depth=>true, :recv=>true}) :save))
    (hole 2 {:hash_depth=>0, :method_arg=>true, :variance=>:+}) {:method_arg=>true}))
BASETYPE: true or false
SIZE WORK_LIST: 109
SIZE generated: 6
EVALUABLE#: 0

-------------------------

----------------
TTYPES
true or false

PROGS

LOCAL_COUNT: 49
GLOBAL_COUNT: 118

BASE_AFTER:
(send
  (begin
    (send
      (lvar InvitationCode(id: integer, token: string, diaspora_user_id: integer, count: integer)) :count)) :admin=
  (begin
    (send
      (filled-hole
        (lvar InvitationCode(id: integer, token: string, diaspora_user_id: integer, count: integer)) {:method_arg=>false}) :count)))
BASETYPE: true or false
SIZE WORK_LIST: 114
SIZE generated: 1
EVALUABLE#: 1

-------------------------

----------------
TTYPES
true or false
true or false
true or false
true or false
true or false
true or false

PROGS

LOCAL_COUNT: 50
GLOBAL_COUNT: 119

BASE_AFTER:
(send
  (begin
    (send
      (lvar InvitationCode(id: integer, token: string, diaspora_user_id: integer, count: integer)) :count)) :staged=
  (filled-hole
    (begin
      (send
        (hole 0 {:hash_depth=>0, :limit_depth=>true, :recv=>true}) :save))
    (begin
      (send
        (hole 0 {:hash_depth=>0, :limit_depth=>true, :recv=>true}) :-
        (hole 0 {:hash_depth=>0, :method_arg=>true})))
    (begin
      (send
        (hole 0 {:hash_depth=>0, :limit_depth=>true, :recv=>true}) :count))
    (begin
      (send
        (hole 0 {:hash_depth=>0, :limit_depth=>true, :recv=>true}) :-
        (hole 0 {:hash_depth=>0, :method_arg=>true})))
    (begin
      (send
        (hole 0 {:hash_depth=>0, :limit_depth=>true, :recv=>true}) :save))
    (hole 2 {:hash_depth=>0, :method_arg=>true, :variance=>:+}) {:method_arg=>true}))
BASETYPE: true or false
SIZE WORK_LIST: 113
SIZE generated: 6
EVALUABLE#: 0

-------------------------

----------------
TTYPES
true or false

PROGS

LOCAL_COUNT: 51
GLOBAL_COUNT: 120

BASE_AFTER:
(send
  (begin
    (send
      (lvar InvitationCode(id: integer, token: string, diaspora_user_id: integer, count: integer)) :count)) :staged=
  (begin
    (send
      (filled-hole
        (lvar InvitationCode(id: integer, token: string, diaspora_user_id: integer, count: integer)) {:method_arg=>false}) :count)))
BASETYPE: true or false
SIZE WORK_LIST: 118
SIZE generated: 1
EVALUABLE#: 1

-------------------------

----------------
TTYPES
true or false
true or false
true or false
true or false
true or false
true or false

PROGS

LOCAL_COUNT: 52
GLOBAL_COUNT: 121

BASE_AFTER:
(send
  (begin
    (send
      (lvar InvitationCode(id: integer, token: string, diaspora_user_id: integer, count: integer)) :count)) :active=
  (filled-hole
    (begin
      (send
        (hole 0 {:hash_depth=>0, :limit_depth=>true, :recv=>true}) :save))
    (begin
      (send
        (hole 0 {:hash_depth=>0, :limit_depth=>true, :recv=>true}) :-
        (hole 0 {:hash_depth=>0, :method_arg=>true})))
    (begin
      (send
        (hole 0 {:hash_depth=>0, :limit_depth=>true, :recv=>true}) :count))
    (begin
      (send
        (hole 0 {:hash_depth=>0, :limit_depth=>true, :recv=>true}) :-
        (hole 0 {:hash_depth=>0, :method_arg=>true})))
    (begin
      (send
        (hole 0 {:hash_depth=>0, :limit_depth=>true, :recv=>true}) :save))
    (hole 2 {:hash_depth=>0, :method_arg=>true, :variance=>:+}) {:method_arg=>true}))
BASETYPE: true or false
SIZE WORK_LIST: 117
SIZE generated: 6
EVALUABLE#: 0

-------------------------

----------------
TTYPES
true or false

PROGS

LOCAL_COUNT: 53
GLOBAL_COUNT: 122

BASE_AFTER:
(send
  (begin
    (send
      (lvar InvitationCode(id: integer, token: string, diaspora_user_id: integer, count: integer)) :count)) :active=
  (begin
    (send
      (filled-hole
        (lvar InvitationCode(id: integer, token: string, diaspora_user_id: integer, count: integer)) {:method_arg=>false}) :count)))
BASETYPE: true or false
SIZE WORK_LIST: 122
SIZE generated: 1
EVALUABLE#: 1

-------------------------

----------------
TTYPES
true or false
true or false
true or false
true or false
true or false
true or false

PROGS

LOCAL_COUNT: 54
GLOBAL_COUNT: 123

BASE_AFTER:
(send
  (begin
    (send
      (lvar InvitationCode(id: integer, token: string, diaspora_user_id: integer, count: integer)) :count)) :primary=
  (filled-hole
    (begin
      (send
        (hole 0 {:hash_depth=>0, :limit_depth=>true, :recv=>true}) :save))
    (begin
      (send
        (hole 0 {:hash_depth=>0, :limit_depth=>true, :recv=>true}) :-
        (hole 0 {:hash_depth=>0, :method_arg=>true})))
    (begin
      (send
        (hole 0 {:hash_depth=>0, :limit_depth=>true, :recv=>true}) :count))
    (begin
      (send
        (hole 0 {:hash_depth=>0, :limit_depth=>true, :recv=>true}) :-
        (hole 0 {:hash_depth=>0, :method_arg=>true})))
    (begin
      (send
        (hole 0 {:hash_depth=>0, :limit_depth=>true, :recv=>true}) :save))
    (hole 2 {:hash_depth=>0, :method_arg=>true, :variance=>:+}) {:method_arg=>true}))
BASETYPE: true or false
SIZE WORK_LIST: 121
SIZE generated: 6
EVALUABLE#: 0

-------------------------

----------------
TTYPES
true or false

PROGS

LOCAL_COUNT: 55
GLOBAL_COUNT: 124

BASE_AFTER:
(send
  (begin
    (send
      (lvar InvitationCode(id: integer, token: string, diaspora_user_id: integer, count: integer)) :count)) :primary=
  (begin
    (send
      (filled-hole
        (lvar InvitationCode(id: integer, token: string, diaspora_user_id: integer, count: integer)) {:method_arg=>false}) :count)))
BASETYPE: true or false
SIZE WORK_LIST: 126
SIZE generated: 1
EVALUABLE#: 1

-------------------------

----------------
TTYPES
true or false
true or false
true or false
true or false
true or false
true or false

PROGS

LOCAL_COUNT: 56
GLOBAL_COUNT: 125

BASE_AFTER:
(send
  (begin
    (send
      (lvar InvitationCode(id: integer, token: string, diaspora_user_id: integer, count: integer)) :count)) :moderator=
  (filled-hole
    (begin
      (send
        (hole 0 {:hash_depth=>0, :limit_depth=>true, :recv=>true}) :save))
    (begin
      (send
        (hole 0 {:hash_depth=>0, :limit_depth=>true, :recv=>true}) :-
        (hole 0 {:hash_depth=>0, :method_arg=>true})))
    (begin
      (send
        (hole 0 {:hash_depth=>0, :limit_depth=>true, :recv=>true}) :count))
    (begin
      (send
        (hole 0 {:hash_depth=>0, :limit_depth=>true, :recv=>true}) :-
        (hole 0 {:hash_depth=>0, :method_arg=>true})))
    (begin
      (send
        (hole 0 {:hash_depth=>0, :limit_depth=>true, :recv=>true}) :save))
    (hole 2 {:hash_depth=>0, :method_arg=>true, :variance=>:+}) {:method_arg=>true}))
BASETYPE: true or false
SIZE WORK_LIST: 125
SIZE generated: 6
EVALUABLE#: 0

-------------------------

----------------
TTYPES
true or false

PROGS

LOCAL_COUNT: 57
GLOBAL_COUNT: 126

BASE_AFTER:
(send
  (begin
    (send
      (lvar InvitationCode(id: integer, token: string, diaspora_user_id: integer, count: integer)) :count)) :moderator=
  (begin
    (send
      (filled-hole
        (lvar InvitationCode(id: integer, token: string, diaspora_user_id: integer, count: integer)) {:method_arg=>false}) :count)))
BASETYPE: true or false
SIZE WORK_LIST: 130
SIZE generated: 1
EVALUABLE#: 1

-------------------------

----------------
TTYPES
Integer
Integer
Integer
Integer
Integer
Integer
Integer
Integer
Integer
Integer

PROGS

LOCAL_COUNT: 58
GLOBAL_COUNT: 127

BASE_AFTER:
(begin
  (send
    (begin
      (send
        (lvar InvitationCode(id: integer, token: string, diaspora_user_id: integer, count: integer)) :count)) :-
    (filled-hole
      (send
        (hole 0 {:hash_depth=>0, :limit_depth=>true, :recv=>true}) :id=
        (hole 0 {:hash_depth=>0, :method_arg=>true}))
      (send
        (hole 0 {:hash_depth=>0, :limit_depth=>true, :recv=>true}) :id)
      (send
        (hole 0 {:hash_depth=>0, :limit_depth=>true, :recv=>true}) :diaspora_user_id=
        (hole 0 {:hash_depth=>0, :method_arg=>true}))
      (send
        (hole 0 {:hash_depth=>0, :limit_depth=>true, :recv=>true}) :diaspora_user_id)
      (send
        (hole 0 {:hash_depth=>0, :limit_depth=>true, :recv=>true}) :count=
        (hole 0 {:hash_depth=>0, :method_arg=>true}))
      (begin
        (send
          (hole 0 {:hash_depth=>0, :limit_depth=>true, :recv=>true}) :count))
      (begin
        (send
          (hole 0 {:hash_depth=>0, :limit_depth=>true, :recv=>true}) :count))
      (begin
        (send
          (hole 0 {:hash_depth=>0, :limit_depth=>true, :recv=>true}) :count))
      (begin
        (send
          (hole 0 {:hash_depth=>0, :limit_depth=>true, :recv=>true}) :-
          (hole 0 {:hash_depth=>0, :method_arg=>true})))
      (begin
        (send
          (hole 0 {:hash_depth=>0, :limit_depth=>true, :recv=>true}) :count))
      (begin
        (send
          (hole 0 {:hash_depth=>0, :limit_depth=>true, :recv=>true}) :-
          (hole 0 {:hash_depth=>0, :method_arg=>true})))
      (hole 2 {:hash_depth=>0, :method_arg=>true, :variance=>:+}) {:method_arg=>true})))
BASETYPE: Integer
SIZE WORK_LIST: 129
SIZE generated: 10
EVALUABLE#: 0

-------------------------

----------------
TTYPES
Integer

PROGS

LOCAL_COUNT: 59
GLOBAL_COUNT: 128

BASE_AFTER:
(begin
  (send
    (begin
      (send
        (lvar InvitationCode(id: integer, token: string, diaspora_user_id: integer, count: integer)) :count)) :-
    (begin
      (send
        (filled-hole
          (lvar InvitationCode(id: integer, token: string, diaspora_user_id: integer, count: integer)) {:method_arg=>false}) :count))))
BASETYPE: Integer
SIZE WORK_LIST: 138
SIZE generated: 1
EVALUABLE#: 1

-------------------------

----------------
TTYPES
true or false

PROGS

LOCAL_COUNT: 60
GLOBAL_COUNT: 129

BASE_AFTER:
(send
  (begin
    (send
      (lvar InvitationCode(id: integer, token: string, diaspora_user_id: integer, count: integer)) :count)) :confirmed=
  (begin
    (send
      (filled-hole
        (lvar :arg0) {:method_arg=>false}) :save)))
BASETYPE: true or false
SIZE WORK_LIST: 137
SIZE generated: 1
EVALUABLE#: 1

-------------------------

----------------
TTYPES
true or false

PROGS

LOCAL_COUNT: 1
GLOBAL_COUNT: 130

BASE_AFTER:
(filled-hole
  (hole 1 {:hash_depth=>0, :method_arg=>false, :variance=>:+}) {:method_arg=>false})
BASETYPE: true or false
SIZE WORK_LIST: 0
SIZE generated: 1
EVALUABLE#: 0

-------------------------

----------------
TTYPES
false or true
true or false

PROGS

LOCAL_COUNT: 2
GLOBAL_COUNT: 131

BASE_AFTER:
(filled-hole
  (begin
    (send
      (hole 0 {:hash_depth=>0, :limit_depth=>true, :recv=>true}) :save))
  (hole 2 {:hash_depth=>0, :method_arg=>false, :variance=>:+}) {:method_arg=>false})
BASETYPE: true or false
SIZE WORK_LIST: 0
SIZE generated: 2
EVALUABLE#: 0

-------------------------

----------------
TTYPES
false or true

PROGS

LOCAL_COUNT: 3
GLOBAL_COUNT: 132

BASE_AFTER:
(begin
  (send
    (filled-hole
      (lvar :arg0) {:method_arg=>false}) :save))
BASETYPE: false or true
SIZE WORK_LIST: 1
SIZE generated: 1
EVALUABLE#: 1

-------------------------

----------------
TTYPES
true or false
true or false
Integer
Integer
Integer
String
%bot

PROGS

LOCAL_COUNT: 1
GLOBAL_COUNT: 1

BASE_AFTER:
(filled-hole
  (true)
  (false)
  (int 0)
  (int 1)
  (int 2)
  (str "")
  (hole 1 {:hash_depth=>0, :method_arg=>false, :variance=>:-}) {:method_arg=>false})
BASETYPE: %bot
SIZE WORK_LIST: 0
SIZE generated: 7
EVALUABLE#: 6

-------------------------

----------------
TTYPES
true or false
true or false

PROGS

LOCAL_COUNT: 2
GLOBAL_COUNT: 2

BASE_AFTER:
(true)
BASETYPE: true or false
SIZE WORK_LIST: 6
SIZE generated: 2
EVALUABLE#: 0

-------------------------

----------------
TTYPES
true or false
true or false

PROGS

LOCAL_COUNT: 3
GLOBAL_COUNT: 3

BASE_AFTER:
(false)
BASETYPE: true or false
SIZE WORK_LIST: 7
SIZE generated: 2
EVALUABLE#: 0

-------------------------

----------------
TTYPES
Integer
Integer

PROGS

LOCAL_COUNT: 4
GLOBAL_COUNT: 4

BASE_AFTER:
(int 0)
BASETYPE: Integer
SIZE WORK_LIST: 8
SIZE generated: 2
EVALUABLE#: 0

-------------------------

----------------
TTYPES
Integer
Integer

PROGS

LOCAL_COUNT: 5
GLOBAL_COUNT: 5

BASE_AFTER:
(int 1)
BASETYPE: Integer
SIZE WORK_LIST: 9
SIZE generated: 2
EVALUABLE#: 0

-------------------------

----------------
TTYPES
Integer
Integer

PROGS

LOCAL_COUNT: 6
GLOBAL_COUNT: 6

BASE_AFTER:
(int 2)
BASETYPE: Integer
SIZE WORK_LIST: 10
SIZE generated: 2
EVALUABLE#: 0

-------------------------

----------------
TTYPES
String
String

PROGS

LOCAL_COUNT: 7
GLOBAL_COUNT: 7

BASE_AFTER:
(str "")
BASETYPE: String
SIZE WORK_LIST: 11
SIZE generated: 2
EVALUABLE#: 0

-------------------------

----------------
TTYPES
%bot

PROGS

LOCAL_COUNT: 8
GLOBAL_COUNT: 8

BASE_AFTER:
(filled-hole
  (begin
    (send
      (hole 0 {:hash_depth=>0, :limit_depth=>true, :recv=>true}) :-
      (hole 0 {:hash_depth=>0, :method_arg=>true})))
  (begin
    (send
      (hole 0 {:hash_depth=>0, :limit_depth=>true, :recv=>true}) :count))
  (begin
    (send
      (hole 0 {:hash_depth=>0, :limit_depth=>true, :recv=>true}) :-
      (hole 0 {:hash_depth=>0, :method_arg=>true})))
  (hole 2 {:hash_depth=>0, :method_arg=>false, :variance=>:-}) {:method_arg=>false})
BASETYPE: %bot
SIZE WORK_LIST: 12
SIZE generated: 1
EVALUABLE#: 0

-------------------------

----------------
TTYPES
true or false
true or false
true or false
true or false

PROGS

LOCAL_COUNT: 9
GLOBAL_COUNT: 9

BASE_AFTER:
(begin
  (send
    (hole 0 {:hash_depth=>0, :limit_depth=>true, :recv=>true}) :count=
    (hole 0 {:hash_depth=>0, :method_arg=>true}))
  (true))
BASETYPE: true or false
SIZE WORK_LIST: 12
SIZE generated: 4
EVALUABLE#: 3

-------------------------

----------------
TTYPES
true or false

PROGS

LOCAL_COUNT: 10
GLOBAL_COUNT: 10

BASE_AFTER:
(begin
  (send
    (hole 0 {:hash_depth=>0, :limit_depth=>true, :recv=>true}) :diaspora_user=
    (hole 0 {:hash_depth=>0, :method_arg=>true}))
  (true))
BASETYPE: true or false
SIZE WORK_LIST: 14
SIZE generated: 1
EVALUABLE#: 0

-------------------------

----------------
TTYPES
true or false
true or false
true or false
true or false

PROGS

LOCAL_COUNT: 11
GLOBAL_COUNT: 11

BASE_AFTER:
(begin
  (send
    (hole 0 {:hash_depth=>0, :limit_depth=>true, :recv=>true}) :count=
    (hole 0 {:hash_depth=>0, :method_arg=>true}))
  (false))
BASETYPE: true or false
SIZE WORK_LIST: 14
SIZE generated: 4
EVALUABLE#: 3

-------------------------

----------------
TTYPES
true or false

PROGS

LOCAL_COUNT: 12
GLOBAL_COUNT: 12

BASE_AFTER:
(begin
  (send
    (hole 0 {:hash_depth=>0, :limit_depth=>true, :recv=>true}) :diaspora_user=
    (hole 0 {:hash_depth=>0, :method_arg=>true}))
  (false))
BASETYPE: true or false
SIZE WORK_LIST: 16
SIZE generated: 1
EVALUABLE#: 0

-------------------------

----------------
TTYPES
Integer
Integer
Integer
Integer
Integer

PROGS

LOCAL_COUNT: 13
GLOBAL_COUNT: 13

BASE_AFTER:
(begin
  (send
    (hole 0 {:hash_depth=>0, :limit_depth=>true, :recv=>true}) :count=
    (hole 0 {:hash_depth=>0, :method_arg=>true}))
  (int 0))
BASETYPE: Integer
SIZE WORK_LIST: 16
SIZE generated: 5
EVALUABLE#: 4

-------------------------

----------------
TTYPES
Integer

PROGS

LOCAL_COUNT: 14
GLOBAL_COUNT: 14

BASE_AFTER:
(begin
  (send
    (hole 0 {:hash_depth=>0, :limit_depth=>true, :recv=>true}) :diaspora_user=
    (hole 0 {:hash_depth=>0, :method_arg=>true}))
  (int 0))
BASETYPE: Integer
SIZE WORK_LIST: 19
SIZE generated: 1
EVALUABLE#: 0

-------------------------

----------------
TTYPES
Integer
Integer
Integer
Integer
Integer

PROGS

LOCAL_COUNT: 15
GLOBAL_COUNT: 15

BASE_AFTER:
(begin
  (send
    (hole 0 {:hash_depth=>0, :limit_depth=>true, :recv=>true}) :count=
    (hole 0 {:hash_depth=>0, :method_arg=>true}))
  (int 1))
BASETYPE: Integer
SIZE WORK_LIST: 19
SIZE generated: 5
EVALUABLE#: 4

-------------------------

----------------
TTYPES
Integer

PROGS

LOCAL_COUNT: 16
GLOBAL_COUNT: 16

BASE_AFTER:
(begin
  (send
    (hole 0 {:hash_depth=>0, :limit_depth=>true, :recv=>true}) :diaspora_user=
    (hole 0 {:hash_depth=>0, :method_arg=>true}))
  (int 1))
BASETYPE: Integer
SIZE WORK_LIST: 22
SIZE generated: 1
EVALUABLE#: 0

-------------------------

----------------
TTYPES
Integer
Integer
Integer
Integer
Integer

PROGS

LOCAL_COUNT: 17
GLOBAL_COUNT: 17

BASE_AFTER:
(begin
  (send
    (hole 0 {:hash_depth=>0, :limit_depth=>true, :recv=>true}) :count=
    (hole 0 {:hash_depth=>0, :method_arg=>true}))
  (int 2))
BASETYPE: Integer
SIZE WORK_LIST: 22
SIZE generated: 5
EVALUABLE#: 4

-------------------------

----------------
TTYPES
Integer

PROGS

LOCAL_COUNT: 18
GLOBAL_COUNT: 18

BASE_AFTER:
(begin
  (send
    (hole 0 {:hash_depth=>0, :limit_depth=>true, :recv=>true}) :diaspora_user=
    (hole 0 {:hash_depth=>0, :method_arg=>true}))
  (int 2))
BASETYPE: Integer
SIZE WORK_LIST: 24
SIZE generated: 1
EVALUABLE#: 0

-------------------------

----------------
TTYPES
String
String
String
String

PROGS

LOCAL_COUNT: 19
GLOBAL_COUNT: 19

BASE_AFTER:
(begin
  (send
    (hole 0 {:hash_depth=>0, :limit_depth=>true, :recv=>true}) :count=
    (hole 0 {:hash_depth=>0, :method_arg=>true}))
  (str ""))
BASETYPE: String
SIZE WORK_LIST: 24
SIZE generated: 4
EVALUABLE#: 3

-------------------------

----------------
TTYPES
String

PROGS

LOCAL_COUNT: 20
GLOBAL_COUNT: 20

BASE_AFTER:
(begin
  (send
    (hole 0 {:hash_depth=>0, :limit_depth=>true, :recv=>true}) :diaspora_user=
    (hole 0 {:hash_depth=>0, :method_arg=>true}))
  (str ""))
BASETYPE: String
SIZE WORK_LIST: 26
SIZE generated: 1
EVALUABLE#: 0

-------------------------

----------------
TTYPES
true or false
true or false

PROGS

LOCAL_COUNT: 21
GLOBAL_COUNT: 21

BASE_AFTER:
(begin
  (send
    (lvar :arg0) :count=
    (int 0))
  (true))
BASETYPE: true or false
SIZE WORK_LIST: 26
SIZE generated: 2
EVALUABLE#: 0

-------------------------

----------------
TTYPES
true or false
true or false

PROGS

LOCAL_COUNT: 22
GLOBAL_COUNT: 22

BASE_AFTER:
(begin
  (send
    (lvar :arg0) :count=
    (int 1))
  (true))
BASETYPE: true or false
SIZE WORK_LIST: 27
SIZE generated: 2
EVALUABLE#: 0

-------------------------

----------------
TTYPES
true or false
true or false

PROGS

LOCAL_COUNT: 23
GLOBAL_COUNT: 23

BASE_AFTER:
(begin
  (send
    (lvar :arg0) :count=
    (int 0))
  (false))
BASETYPE: true or false
SIZE WORK_LIST: 28
SIZE generated: 2
EVALUABLE#: 0

-------------------------

----------------
TTYPES
true or false
true or false

PROGS

LOCAL_COUNT: 24
GLOBAL_COUNT: 24

BASE_AFTER:
(begin
  (send
    (lvar :arg0) :count=
    (int 1))
  (false))
BASETYPE: true or false
SIZE WORK_LIST: 29
SIZE generated: 2
EVALUABLE#: 0

-------------------------

----------------
TTYPES
Integer
Integer

PROGS

LOCAL_COUNT: 25
GLOBAL_COUNT: 25

BASE_AFTER:
(begin
  (send
    (lvar :arg0) :count=
    (int 0))
  (int 0))
BASETYPE: Integer
SIZE WORK_LIST: 30
SIZE generated: 2
EVALUABLE#: 0

-------------------------

----------------
TTYPES
Integer
Integer

PROGS

LOCAL_COUNT: 26
GLOBAL_COUNT: 26

BASE_AFTER:
(begin
  (send
    (lvar :arg0) :count=
    (int 1))
  (int 0))
BASETYPE: Integer
SIZE WORK_LIST: 31
SIZE generated: 2
EVALUABLE#: 0

-------------------------

----------------
TTYPES
Integer
Integer

PROGS

LOCAL_COUNT: 27
GLOBAL_COUNT: 27

BASE_AFTER:
(begin
  (lvasgn :t0
    (int 0))
  (send
    (lvar :arg0) :count=
    (lvar :t0))
  (lvar :t0))
BASETYPE: Integer
SIZE WORK_LIST: 32
SIZE generated: 2
EVALUABLE#: 0

-------------------------

----------------
TTYPES
Integer
Integer

PROGS

LOCAL_COUNT: 28
GLOBAL_COUNT: 28

BASE_AFTER:
(begin
  (send
    (lvar :arg0) :count=
    (int 0))
  (int 1))
BASETYPE: Integer
SIZE WORK_LIST: 33
SIZE generated: 2
EVALUABLE#: 0

-------------------------

----------------
TTYPES
Integer
Integer

PROGS

LOCAL_COUNT: 29
GLOBAL_COUNT: 29

BASE_AFTER:
(begin
  (send
    (lvar :arg0) :count=
    (int 1))
  (int 1))
BASETYPE: Integer
SIZE WORK_LIST: 34
SIZE generated: 2
EVALUABLE#: 0

-------------------------

----------------
TTYPES
Integer
Integer

PROGS

LOCAL_COUNT: 30
GLOBAL_COUNT: 30

BASE_AFTER:
(begin
  (lvasgn :t0
    (int 1))
  (send
    (lvar :arg0) :count=
    (lvar :t0))
  (lvar :t0))
BASETYPE: Integer
SIZE WORK_LIST: 35
SIZE generated: 2
EVALUABLE#: 0

-------------------------

----------------
TTYPES
Integer
Integer

PROGS

LOCAL_COUNT: 31
GLOBAL_COUNT: 31

BASE_AFTER:
(begin
  (send
    (lvar :arg0) :count=
    (int 0))
  (int 2))
BASETYPE: Integer
SIZE WORK_LIST: 36
SIZE generated: 2
EVALUABLE#: 0

-------------------------

----------------
TTYPES
Integer
Integer

PROGS

LOCAL_COUNT: 32
GLOBAL_COUNT: 32

BASE_AFTER:
(begin
  (send
    (lvar :arg0) :count=
    (int 1))
  (int 2))
BASETYPE: Integer
SIZE WORK_LIST: 37
SIZE generated: 2
EVALUABLE#: 0

-------------------------

----------------
TTYPES
String
String

PROGS

LOCAL_COUNT: 33
GLOBAL_COUNT: 33

BASE_AFTER:
(begin
  (send
    (lvar :arg0) :count=
    (int 0))
  (str ""))
BASETYPE: String
SIZE WORK_LIST: 38
SIZE generated: 2
EVALUABLE#: 0

-------------------------

----------------
TTYPES
String
String

PROGS

LOCAL_COUNT: 34
GLOBAL_COUNT: 34

BASE_AFTER:
(begin
  (send
    (lvar :arg0) :count=
    (int 1))
  (str ""))
BASETYPE: String
SIZE WORK_LIST: 39
SIZE generated: 2
EVALUABLE#: 0

-------------------------

----------------
TTYPES
Integer
Integer
Integer
Integer
Integer
Integer
Integer
Integer
Integer
%bot

PROGS

LOCAL_COUNT: 35
GLOBAL_COUNT: 35

BASE_AFTER:
(filled-hole
  (begin
    (send
      (send
        (hole 0 {:hash_depth=>0, :limit_depth=>true, :recv=>true}) :id=
        (hole 0 {:hash_depth=>0, :method_arg=>true})) :-
      (hole 0 {:hash_depth=>0, :method_arg=>true})))
  (begin
    (send
      (send
        (hole 0 {:hash_depth=>0, :limit_depth=>true, :recv=>true}) :id=
        (hole 0 {:hash_depth=>0, :method_arg=>true})) :-
      (hole 0 {:hash_depth=>0, :method_arg=>true})))
  (begin
    (send
      (send
        (hole 0 {:hash_depth=>0, :limit_depth=>true, :recv=>true}) :id=
        (hole 0 {:hash_depth=>0, :method_arg=>true})) :count))
  (begin
    (send
      (send
        (hole 0 {:hash_depth=>0, :limit_depth=>true, :recv=>true}) :id) :-
      (hole 0 {:hash_depth=>0, :method_arg=>true})))
  (begin
    (send
      (send
        (hole 0 {:hash_depth=>0, :limit_depth=>true, :recv=>true}) :id) :-
      (hole 0 {:hash_depth=>0, :method_arg=>true})))
  (begin
    (send
      (send
        (hole 0 {:hash_depth=>0, :limit_depth=>true, :recv=>true}) :id) :count))
  (begin
    (send
      (send
        (hole 0 {:hash_depth=>0, :limit_depth=>true, :recv=>true}) :token=
        (hole 0 {:hash_depth=>0, :method_arg=>true})) :count))
  (begin
    (send
      (send
        (hole 0 {:hash_depth=>0, :limit_depth=>true, :recv=>true}) :token=
        (hole 0 {:hash_depth=>0, :method_arg=>true})) :-
      (hole 0 {:hash_depth=>0, :method_arg=>true})))
  (begin
    (send
      (send
        (hole 0 {:hash_depth=>0, :limit_depth=>true, :recv=>true}) :token) :count))
  (begin
    (send
      (send
        (hole 0 {:hash_depth=>0, :limit_depth=>true, :recv=>true}) :token) :-
      (hole 0 {:hash_depth=>0, :method_arg=>true})))
  (begin
    (send
      (send
        (hole 0 {:hash_depth=>0, :limit_depth=>true, :recv=>true}) :diaspora_user_id=
        (hole 0 {:hash_depth=>0, :method_arg=>true})) :-
      (hole 0 {:hash_depth=>0, :method_arg=>true})))
  (begin
    (send
      (send
        (hole 0 {:hash_depth=>0, :limit_depth=>true, :recv=>true}) :diaspora_user_id=
        (hole 0 {:hash_depth=>0, :method_arg=>true})) :-
      (hole 0 {:hash_depth=>0, :method_arg=>true})))
  (begin
    (send
      (send
        (hole 0 {:hash_depth=>0, :limit_depth=>true, :recv=>true}) :diaspora_user_id=
        (hole 0 {:hash_depth=>0, :method_arg=>true})) :count))
  (begin
    (send
      (send
        (hole 0 {:hash_depth=>0, :limit_depth=>true, :recv=>true}) :diaspora_user_id) :-
      (hole 0 {:hash_depth=>0, :method_arg=>true})))
  (begin
    (send
      (send
        (hole 0 {:hash_depth=>0, :limit_depth=>true, :recv=>true}) :diaspora_user_id) :-
      (hole 0 {:hash_depth=>0, :method_arg=>true})))
  (begin
    (send
      (send
        (hole 0 {:hash_depth=>0, :limit_depth=>true, :recv=>true}) :diaspora_user_id) :count))
  (begin
    (send
      (send
        (hole 0 {:hash_depth=>0, :limit_depth=>true, :recv=>true}) :count=
        (hole 0 {:hash_depth=>0, :method_arg=>true})) :-
      (hole 0 {:hash_depth=>0, :method_arg=>true})))
  (begin
    (send
      (send
        (hole 0 {:hash_depth=>0, :limit_depth=>true, :recv=>true}) :count=
        (hole 0 {:hash_depth=>0, :method_arg=>true})) :-
      (hole 0 {:hash_depth=>0, :method_arg=>true})))
  (begin
    (send
      (send
        (hole 0 {:hash_depth=>0, :limit_depth=>true, :recv=>true}) :count=
        (hole 0 {:hash_depth=>0, :method_arg=>true})) :count))
  (begin
    (send
      (begin
        (send
          (hole 0 {:hash_depth=>0, :limit_depth=>true, :recv=>true}) :count)) :-
      (hole 0 {:hash_depth=>0, :method_arg=>true})))
  (begin
    (send
      (begin
        (send
          (hole 0 {:hash_depth=>0, :limit_depth=>true, :recv=>true}) :count)) :-
      (hole 0 {:hash_depth=>0, :method_arg=>true})))
  (begin
    (send
      (begin
        (send
          (hole 0 {:hash_depth=>0, :limit_depth=>true, :recv=>true}) :count)) :count))
  (begin
    (send
      (send
        (hole 0 {:hash_depth=>0, :limit_depth=>true, :recv=>true}) :diaspora_user) :count))
  (begin
    (send
      (send
        (hole 0 {:hash_depth=>0, :limit_depth=>true, :recv=>true}) :diaspora_user) :-
      (hole 0 {:hash_depth=>0, :method_arg=>true})))
  (begin
    (send
      (send
        (hole 0 {:hash_depth=>0, :limit_depth=>true, :recv=>true}) :diaspora_user=
        (hole 0 {:hash_depth=>0, :method_arg=>true})) :count))
  (begin
    (send
      (send
        (hole 0 {:hash_depth=>0, :limit_depth=>true, :recv=>true}) :diaspora_user=
        (hole 0 {:hash_depth=>0, :method_arg=>true})) :-
      (hole 0 {:hash_depth=>0, :method_arg=>true})))
  (begin
    (send
      (begin
        (send
          (hole 0 {:hash_depth=>0, :limit_depth=>true, :recv=>true}) :-
          (hole 0 {:hash_depth=>0, :method_arg=>true}))) :-
      (hole 0 {:hash_depth=>0, :method_arg=>true})))
  (begin
    (send
      (begin
        (send
          (hole 0 {:hash_depth=>0, :limit_depth=>true, :recv=>true}) :-
          (hole 0 {:hash_depth=>0, :method_arg=>true}))) :-
      (hole 0 {:hash_depth=>0, :method_arg=>true})))
  (begin
    (send
      (begin
        (send
          (hole 0 {:hash_depth=>0, :limit_depth=>true, :recv=>true}) :save)) :count))
  (begin
    (send
      (begin
        (send
          (hole 0 {:hash_depth=>0, :limit_depth=>true, :recv=>true}) :save)) :-
      (hole 0 {:hash_depth=>0, :method_arg=>true})))
  (begin
    (send
      (begin
        (send
          (hole 0 {:hash_depth=>0, :limit_depth=>true, :recv=>true}) :count)) :-
      (hole 0 {:hash_depth=>0, :method_arg=>true})))
  (begin
    (send
      (begin
        (send
          (hole 0 {:hash_depth=>0, :limit_depth=>true, :recv=>true}) :count)) :-
      (hole 0 {:hash_depth=>0, :method_arg=>true})))
  (begin
    (send
      (begin
        (send
          (hole 0 {:hash_depth=>0, :limit_depth=>true, :recv=>true}) :-
          (hole 0 {:hash_depth=>0, :method_arg=>true}))) :-
      (hole 0 {:hash_depth=>0, :method_arg=>true})))
  (begin
    (send
      (begin
        (send
          (hole 0 {:hash_depth=>0, :limit_depth=>true, :recv=>true}) :-
          (hole 0 {:hash_depth=>0, :method_arg=>true}))) :-
      (hole 0 {:hash_depth=>0, :method_arg=>true})))
  (begin
    (send
      (begin
        (send
          (hole 0 {:hash_depth=>0, :limit_depth=>true, :recv=>true}) :save)) :count))
  (begin
    (send
      (begin
        (send
          (hole 0 {:hash_depth=>0, :limit_depth=>true, :recv=>true}) :save)) :-
      (hole 0 {:hash_depth=>0, :method_arg=>true})))
  (hole 3 {:hash_depth=>0, :method_arg=>false, :variance=>:-}) {:method_arg=>false})
BASETYPE: %bot
SIZE WORK_LIST: 40
SIZE generated: 10
EVALUABLE#: 0

-------------------------

----------------
TTYPES
Integer
Integer
Integer
Integer
Integer
Integer
Integer
Integer
Integer
Integer
Integer
Integer
Integer
Integer
Integer
Integer
Integer
Integer
Integer
Integer
Integer
Integer
Integer
Integer
Integer
Integer
Integer
Integer
Integer
Integer
Integer
Integer
Integer
Integer
Integer
Integer

PROGS

LOCAL_COUNT: 36
GLOBAL_COUNT: 36

BASE_AFTER:
(begin
  (send
    (begin
      (send
        (filled-hole
          (lvar :arg0) {:method_arg=>false}) :-
        (filled-hole
          (lvar :arg0)
          (lvar InvitationCode(id: integer, token: string, diaspora_user_id: integer, count: integer))
          (true)
          (false)
          (int 0)
          (int 1)
          (int 2)
          (str "")
          (hole 1 {:hash_depth=>0, :method_arg=>true, :variance=>:+}) {:method_arg=>true}))) :-
    (filled-hole
      (int 0)
      (int 1)
      (int 2)
      (hole 1 {:hash_depth=>0, :method_arg=>true, :variance=>:+}) {:method_arg=>true})))
BASETYPE: Integer
SIZE WORK_LIST: 49
SIZE generated: 36
EVALUABLE#: 24

-------------------------

----------------
TTYPES
Integer
Integer
Integer
Integer
Integer
Integer
Integer
Integer
Integer
Integer
Integer
Integer
Integer
Integer
Integer
Integer
Integer
Integer
Integer
Integer
Integer
Integer
Integer
Integer
Integer
Integer
Integer
Integer
Integer
Integer
Integer
Integer
Integer
Integer
Integer
Integer

PROGS

LOCAL_COUNT: 37
GLOBAL_COUNT: 37

BASE_AFTER:
(begin
  (send
    (begin
      (send
        (filled-hole
          (lvar InvitationCode(id: integer, token: string, diaspora_user_id: integer, count: integer)) {:method_arg=>false}) :-
        (filled-hole
          (lvar :arg0)
          (lvar InvitationCode(id: integer, token: string, diaspora_user_id: integer, count: integer))
          (true)
          (false)
          (int 0)
          (int 1)
          (int 2)
          (str "")
          (hole 1 {:hash_depth=>0, :method_arg=>true, :variance=>:+}) {:method_arg=>true}))) :-
    (filled-hole
      (int 0)
      (int 1)
      (int 2)
      (hole 1 {:hash_depth=>0, :method_arg=>true, :variance=>:+}) {:method_arg=>true})))
BASETYPE: Integer
SIZE WORK_LIST: 60
SIZE generated: 36
EVALUABLE#: 24

-------------------------

----------------
TTYPES
Integer
Integer
Integer
Integer

PROGS

LOCAL_COUNT: 38
GLOBAL_COUNT: 38

BASE_AFTER:
(begin
  (send
    (begin
      (send
        (filled-hole
          (lvar InvitationCode(id: integer, token: string, diaspora_user_id: integer, count: integer)) {:method_arg=>false}) :count)) :-
    (filled-hole
      (int 0)
      (int 1)
      (int 2)
      (hole 1 {:hash_depth=>0, :method_arg=>true, :variance=>:+}) {:method_arg=>true})))
BASETYPE: Integer
SIZE WORK_LIST: 71
SIZE generated: 4
EVALUABLE#: 3

-------------------------

----------------
TTYPES
true or false
true or false
true or false
true or false
true or false
true or false
true or false
true or false
true or false
true or false
true or false

PROGS

LOCAL_COUNT: 39
GLOBAL_COUNT: 39

BASE_AFTER:
(begin
  (send
    (lvar :arg0) :count=
    (hole 1 {:hash_depth=>0, :method_arg=>true, :variance=>:+}))
  (true))
BASETYPE: true or false
SIZE WORK_LIST: 74
SIZE generated: 11
EVALUABLE#: 0

-------------------------

----------------
TTYPES
Integer
Integer

PROGS

LOCAL_COUNT: 40
GLOBAL_COUNT: 40

BASE_AFTER:
(begin
  (send
    (begin
      (send
        (lvar InvitationCode(id: integer, token: string, diaspora_user_id: integer, count: integer)) :count)) :-
    (int 0)))
BASETYPE: Integer
SIZE WORK_LIST: 84
SIZE generated: 2
EVALUABLE#: 0

-------------------------

----------------
TTYPES
Integer
Integer

PROGS

LOCAL_COUNT: 41
GLOBAL_COUNT: 41

BASE_AFTER:
(begin
  (send
    (begin
      (send
        (lvar InvitationCode(id: integer, token: string, diaspora_user_id: integer, count: integer)) :count)) :-
    (int 1)))
BASETYPE: Integer
SIZE WORK_LIST: 85
SIZE generated: 2
EVALUABLE#: 0

-------------------------

----------------
TTYPES
Integer
Integer

PROGS

LOCAL_COUNT: 42
GLOBAL_COUNT: 42

BASE_AFTER:
(begin
  (send
    (begin
      (send
        (lvar InvitationCode(id: integer, token: string, diaspora_user_id: integer, count: integer)) :count)) :-
    (int 2)))
BASETYPE: Integer
SIZE WORK_LIST: 86
SIZE generated: 2
EVALUABLE#: 0

-------------------------

----------------
TTYPES
true or false

PROGS

LOCAL_COUNT: 43
GLOBAL_COUNT: 43

BASE_AFTER:
(begin
  (send
    (lvar :arg0) :count=
    (begin
      (send
        (hole 0 {:hash_depth=>0, :limit_depth=>true, :recv=>true}) :count)))
  (true))
BASETYPE: true or false
SIZE WORK_LIST: 87
SIZE generated: 1
EVALUABLE#: 1

-------------------------

----------------
TTYPES
true or false
true or false
true or false
true or false
true or false
true or false

PROGS

LOCAL_COUNT: 44
GLOBAL_COUNT: 44

BASE_AFTER:
(begin
  (send
    (lvar :arg0) :diaspora_user=
    (hole 1 {:hash_depth=>0, :method_arg=>true, :variance=>:+}))
  (true))
BASETYPE: true or false
SIZE WORK_LIST: 87
SIZE generated: 6
EVALUABLE#: 0

-------------------------

----------------
TTYPES
true or false
true or false

PROGS

LOCAL_COUNT: 45
GLOBAL_COUNT: 45

BASE_AFTER:
(begin
  (send
    (lvar :arg0) :count=
    (begin
      (send
        (lvar InvitationCode(id: integer, token: string, diaspora_user_id: integer, count: integer)) :count)))
  (true))
BASETYPE: true or false
SIZE WORK_LIST: 92
SIZE generated: 2
EVALUABLE#: 0

-------------------------

----------------
TTYPES
true or false

PROGS

LOCAL_COUNT: 46
GLOBAL_COUNT: 46

BASE_AFTER:
(begin
  (send
    (lvar :arg0) :diaspora_user=
    (begin
      (send
        (hole 0 {:hash_depth=>0, :limit_depth=>true, :recv=>true}) :count)))
  (true))
BASETYPE: true or false
SIZE WORK_LIST: 93
SIZE generated: 1
EVALUABLE#: 1

-------------------------

----------------
TTYPES
true or false
true or false
true or false
true or false
true or false
true or false
true or false
true or false
true or false
true or false
true or false

PROGS

LOCAL_COUNT: 47
GLOBAL_COUNT: 47

BASE_AFTER:
(begin
  (send
    (lvar :arg0) :count=
    (hole 1 {:hash_depth=>0, :method_arg=>true, :variance=>:+}))
  (false))
BASETYPE: true or false
SIZE WORK_LIST: 92
SIZE generated: 11
EVALUABLE#: 0

-------------------------

----------------
TTYPES
true or false

PROGS

LOCAL_COUNT: 48
GLOBAL_COUNT: 48

BASE_AFTER:
(begin
  (send
    (lvar :arg0) :count=
    (begin
      (send
        (hole 0 {:hash_depth=>0, :limit_depth=>true, :recv=>true}) :count)))
  (false))
BASETYPE: true or false
SIZE WORK_LIST: 102
SIZE generated: 1
EVALUABLE#: 1

-------------------------

----------------
TTYPES
true or false
true or false
true or false
true or false
true or false
true or false

PROGS

LOCAL_COUNT: 49
GLOBAL_COUNT: 49

BASE_AFTER:
(begin
  (send
    (lvar :arg0) :diaspora_user=
    (hole 1 {:hash_depth=>0, :method_arg=>true, :variance=>:+}))
  (false))
BASETYPE: true or false
SIZE WORK_LIST: 102
SIZE generated: 6
EVALUABLE#: 0

-------------------------

----------------
TTYPES
true or false
true or false

PROGS

LOCAL_COUNT: 50
GLOBAL_COUNT: 50

BASE_AFTER:
(begin
  (send
    (lvar :arg0) :count=
    (begin
      (send
        (lvar InvitationCode(id: integer, token: string, diaspora_user_id: integer, count: integer)) :count)))
  (false))
BASETYPE: true or false
SIZE WORK_LIST: 107
SIZE generated: 2
EVALUABLE#: 0

-------------------------

----------------
TTYPES
true or false

PROGS

LOCAL_COUNT: 51
GLOBAL_COUNT: 51

BASE_AFTER:
(begin
  (send
    (lvar :arg0) :diaspora_user=
    (begin
      (send
        (hole 0 {:hash_depth=>0, :limit_depth=>true, :recv=>true}) :count)))
  (false))
BASETYPE: true or false
SIZE WORK_LIST: 108
SIZE generated: 1
EVALUABLE#: 1

-------------------------

----------------
TTYPES
Integer
Integer
Integer
Integer
Integer
Integer
Integer
Integer
Integer
Integer
Integer

PROGS

LOCAL_COUNT: 52
GLOBAL_COUNT: 52

BASE_AFTER:
(begin
  (send
    (lvar :arg0) :count=
    (hole 1 {:hash_depth=>0, :method_arg=>true, :variance=>:+}))
  (int 0))
BASETYPE: Integer
SIZE WORK_LIST: 107
SIZE generated: 11
EVALUABLE#: 0

-------------------------

----------------
TTYPES
Integer

PROGS

LOCAL_COUNT: 53
GLOBAL_COUNT: 53

BASE_AFTER:
(begin
  (send
    (lvar :arg0) :count=
    (begin
      (send
        (hole 0 {:hash_depth=>0, :limit_depth=>true, :recv=>true}) :count)))
  (int 0))
BASETYPE: Integer
SIZE WORK_LIST: 117
SIZE generated: 1
EVALUABLE#: 1

-------------------------

----------------
TTYPES
Integer
Integer
Integer
Integer
Integer
Integer

PROGS

LOCAL_COUNT: 54
GLOBAL_COUNT: 54

BASE_AFTER:
(begin
  (send
    (lvar :arg0) :diaspora_user=
    (hole 1 {:hash_depth=>0, :method_arg=>true, :variance=>:+}))
  (int 0))
BASETYPE: Integer
SIZE WORK_LIST: 117
SIZE generated: 6
EVALUABLE#: 0

-------------------------

----------------
TTYPES
Integer
Integer

PROGS

LOCAL_COUNT: 55
GLOBAL_COUNT: 55

BASE_AFTER:
(begin
  (send
    (lvar :arg0) :count=
    (begin
      (send
        (lvar InvitationCode(id: integer, token: string, diaspora_user_id: integer, count: integer)) :count)))
  (int 0))
BASETYPE: Integer
SIZE WORK_LIST: 122
SIZE generated: 2
EVALUABLE#: 0

-------------------------

----------------
TTYPES
Integer

PROGS

LOCAL_COUNT: 56
GLOBAL_COUNT: 56

BASE_AFTER:
(begin
  (send
    (lvar :arg0) :diaspora_user=
    (begin
      (send
        (hole 0 {:hash_depth=>0, :limit_depth=>true, :recv=>true}) :count)))
  (int 0))
BASETYPE: Integer
SIZE WORK_LIST: 123
SIZE generated: 1
EVALUABLE#: 1

-------------------------

----------------
TTYPES
Integer
Integer
Integer
Integer
Integer
Integer
Integer
Integer
Integer
Integer
Integer

PROGS

LOCAL_COUNT: 57
GLOBAL_COUNT: 57

BASE_AFTER:
(begin
  (send
    (lvar :arg0) :count=
    (hole 1 {:hash_depth=>0, :method_arg=>true, :variance=>:+}))
  (int 1))
BASETYPE: Integer
SIZE WORK_LIST: 122
SIZE generated: 11
EVALUABLE#: 0

-------------------------

----------------
TTYPES
Integer

PROGS

LOCAL_COUNT: 58
GLOBAL_COUNT: 58

BASE_AFTER:
(begin
  (send
    (lvar :arg0) :count=
    (begin
      (send
        (hole 0 {:hash_depth=>0, :limit_depth=>true, :recv=>true}) :count)))
  (int 1))
BASETYPE: Integer
SIZE WORK_LIST: 132
SIZE generated: 1
EVALUABLE#: 1

-------------------------

----------------
TTYPES
Integer
Integer
Integer
Integer
Integer
Integer

PROGS

LOCAL_COUNT: 59
GLOBAL_COUNT: 59

BASE_AFTER:
(begin
  (send
    (lvar :arg0) :diaspora_user=
    (hole 1 {:hash_depth=>0, :method_arg=>true, :variance=>:+}))
  (int 1))
BASETYPE: Integer
SIZE WORK_LIST: 132
SIZE generated: 6
EVALUABLE#: 0

-------------------------

----------------
TTYPES
Integer
Integer

PROGS

LOCAL_COUNT: 60
GLOBAL_COUNT: 60

BASE_AFTER:
(begin
  (send
    (lvar :arg0) :count=
    (begin
      (send
        (lvar InvitationCode(id: integer, token: string, diaspora_user_id: integer, count: integer)) :count)))
  (int 1))
BASETYPE: Integer
SIZE WORK_LIST: 137
SIZE generated: 2
EVALUABLE#: 0

-------------------------

----------------
TTYPES
true or false
true or false
Integer
Integer
Integer
String
%bot

PROGS

LOCAL_COUNT: 1
GLOBAL_COUNT: 61

BASE_AFTER:
(filled-hole
  (true)
  (false)
  (int 0)
  (int 1)
  (int 2)
  (str "")
  (hole 1 {:hash_depth=>0, :method_arg=>false, :variance=>:-}) {:method_arg=>false})
BASETYPE: %bot
SIZE WORK_LIST: 0
SIZE generated: 7
EVALUABLE#: 6

-------------------------

----------------
TTYPES
true or false
true or false

PROGS

LOCAL_COUNT: 2
GLOBAL_COUNT: 62

BASE_AFTER:
(true)
BASETYPE: true or false
SIZE WORK_LIST: 6
SIZE generated: 2
EVALUABLE#: 0

-------------------------

----------------
TTYPES
true or false
true or false

PROGS

LOCAL_COUNT: 3
GLOBAL_COUNT: 63

BASE_AFTER:
(false)
BASETYPE: true or false
SIZE WORK_LIST: 7
SIZE generated: 2
EVALUABLE#: 0

-------------------------

----------------
TTYPES
Integer
Integer

PROGS

LOCAL_COUNT: 4
GLOBAL_COUNT: 64

BASE_AFTER:
(int 0)
BASETYPE: Integer
SIZE WORK_LIST: 8
SIZE generated: 2
EVALUABLE#: 0

-------------------------

----------------
TTYPES
Integer
Integer

PROGS

LOCAL_COUNT: 5
GLOBAL_COUNT: 65

BASE_AFTER:
(int 1)
BASETYPE: Integer
SIZE WORK_LIST: 9
SIZE generated: 2
EVALUABLE#: 0

-------------------------

----------------
TTYPES
Integer
Integer

PROGS

LOCAL_COUNT: 6
GLOBAL_COUNT: 66

BASE_AFTER:
(int 2)
BASETYPE: Integer
SIZE WORK_LIST: 10
SIZE generated: 2
EVALUABLE#: 0

-------------------------

----------------
TTYPES
String
String

PROGS

LOCAL_COUNT: 7
GLOBAL_COUNT: 67

BASE_AFTER:
(str "")
BASETYPE: String
SIZE WORK_LIST: 11
SIZE generated: 2
EVALUABLE#: 0

-------------------------

----------------
TTYPES
%bot

PROGS

LOCAL_COUNT: 8
GLOBAL_COUNT: 68

BASE_AFTER:
(filled-hole
  (hole 2 {:hash_depth=>0, :method_arg=>false, :variance=>:-}) {:method_arg=>false})
BASETYPE: %bot
SIZE WORK_LIST: 12
SIZE generated: 1
EVALUABLE#: 0

-------------------------

----------------
TTYPES
true or false
true or false
true or false
true or false

PROGS

LOCAL_COUNT: 9
GLOBAL_COUNT: 69

BASE_AFTER:
(begin
  (send
    (hole 0 {:hash_depth=>0, :limit_depth=>true, :recv=>true}) :count=
    (hole 0 {:hash_depth=>0, :method_arg=>true}))
  (true))
BASETYPE: true or false
SIZE WORK_LIST: 12
SIZE generated: 4
EVALUABLE#: 3

-------------------------

----------------
TTYPES
true or false

PROGS

LOCAL_COUNT: 1
GLOBAL_COUNT: 70

BASE_AFTER:
(filled-hole
  (hole 1 {:hash_depth=>0, :method_arg=>false, :variance=>:+}) {:method_arg=>false})
BASETYPE: true or false
SIZE WORK_LIST: 0
SIZE generated: 1
EVALUABLE#: 0

-------------------------

----------------
TTYPES
true or false
true or false
true or false

PROGS

LOCAL_COUNT: 2
GLOBAL_COUNT: 71

BASE_AFTER:
(filled-hole
  (begin
    (send
      (hole 0 {:hash_depth=>0, :limit_depth=>true, :recv=>true}) :-
      (hole 0 {:hash_depth=>0, :method_arg=>true})))
  (begin
    (send
      (hole 0 {:hash_depth=>0, :limit_depth=>true, :recv=>true}) :save))
  (begin
    (send
      (hole 0 {:hash_depth=>0, :limit_depth=>true, :recv=>true}) :count))
  (begin
    (send
      (hole 0 {:hash_depth=>0, :limit_depth=>true, :recv=>true}) :-
      (hole 0 {:hash_depth=>0, :method_arg=>true})))
  (begin
    (send
      (hole 0 {:hash_depth=>0, :limit_depth=>true, :recv=>true}) :save))
  (hole 2 {:hash_depth=>0, :method_arg=>false, :variance=>:+}) {:method_arg=>false})
BASETYPE: true or false
SIZE WORK_LIST: 0
SIZE generated: 3
EVALUABLE#: 0

-------------------------

----------------
TTYPES
true or false

PROGS

LOCAL_COUNT: 3
GLOBAL_COUNT: 72

BASE_AFTER:
(begin
  (send
    (filled-hole
      (lvar :arg0) {:method_arg=>false}) :save))
BASETYPE: true or false
SIZE WORK_LIST: 2
SIZE generated: 1
EVALUABLE#: 1

-------------------------

----------------
TTYPES
true or false

PROGS

LOCAL_COUNT: 4
GLOBAL_COUNT: 73

BASE_AFTER:
(begin
  (send
    (filled-hole
      (lvar InvitationCode(id: integer, token: string, diaspora_user_id: integer, count: integer)) {:method_arg=>false}) :save))
BASETYPE: true or false
SIZE WORK_LIST: 1
SIZE generated: 1
EVALUABLE#: 1

-------------------------

----------------
TTYPES
Integer
true or false
Integer
true or false
true or false
true or false
Integer
true or false
Integer
true or false
Integer
true or false
Integer
true or false
true or false
true or false
true or false
true or false
true or false
true or false
true or false
true or false
true or false
true or false
true or false
false or true
true or false
true or false
true or false
true or false
true or false
true or false
true or false
true or false
true or false
true or false
true or false
true or false
Integer
true or false
true or false
true or false
true or false
true or false
true or false
true or false
true or false
false or true
true or false
true or false
true or false
true or false
true or false
true or false
true or false
true or false
true or false
true or false
true or false
true or false
Integer
true or false
true or false
true or false
true or false
true or false
true or false
true or false
true or false
false or true
true or false
true or false
true or false
true or false
true or false
true or false
true or false
true or false
true or false
true or false
true or false
true or false
Integer
true or false
true or false

PROGS

LOCAL_COUNT: 5
GLOBAL_COUNT: 74

BASE_AFTER:
(filled-hole
  (begin
    (send
      (send
        (hole 0 {:hash_depth=>0, :limit_depth=>true, :recv=>true}) :id=
        (hole 0 {:hash_depth=>0, :method_arg=>true})) :-
      (hole 0 {:hash_depth=>0, :method_arg=>true})))
  (begin
    (send
      (send
        (hole 0 {:hash_depth=>0, :limit_depth=>true, :recv=>true}) :id=
        (hole 0 {:hash_depth=>0, :method_arg=>true})) :-
      (hole 0 {:hash_depth=>0, :method_arg=>true})))
  (begin
    (send
      (send
        (hole 0 {:hash_depth=>0, :limit_depth=>true, :recv=>true}) :id=
        (hole 0 {:hash_depth=>0, :method_arg=>true})) :-
      (hole 0 {:hash_depth=>0, :method_arg=>true})))
  (begin
    (send
      (send
        (hole 0 {:hash_depth=>0, :limit_depth=>true, :recv=>true}) :id=
        (hole 0 {:hash_depth=>0, :method_arg=>true})) :count))
  (begin
    (send
      (send
        (hole 0 {:hash_depth=>0, :limit_depth=>true, :recv=>true}) :id=
        (hole 0 {:hash_depth=>0, :method_arg=>true})) :save))
  (begin
    (send
      (send
        (hole 0 {:hash_depth=>0, :limit_depth=>true, :recv=>true}) :id) :-
      (hole 0 {:hash_depth=>0, :method_arg=>true})))
  (begin
    (send
      (send
        (hole 0 {:hash_depth=>0, :limit_depth=>true, :recv=>true}) :id) :-
      (hole 0 {:hash_depth=>0, :method_arg=>true})))
  (begin
    (send
      (send
        (hole 0 {:hash_depth=>0, :limit_depth=>true, :recv=>true}) :id) :-
      (hole 0 {:hash_depth=>0, :method_arg=>true})))
  (begin
    (send
      (send
        (hole 0 {:hash_depth=>0, :limit_depth=>true, :recv=>true}) :id) :count))
  (begin
    (send
      (send
        (hole 0 {:hash_depth=>0, :limit_depth=>true, :recv=>true}) :id) :save))
  (begin
    (send
      (send
        (hole 0 {:hash_depth=>0, :limit_depth=>true, :recv=>true}) :token=
        (hole 0 {:hash_depth=>0, :method_arg=>true})) :count))
  (begin
    (send
      (send
        (hole 0 {:hash_depth=>0, :limit_depth=>true, :recv=>true}) :token=
        (hole 0 {:hash_depth=>0, :method_arg=>true})) :-
      (hole 0 {:hash_depth=>0, :method_arg=>true})))
  (begin
    (send
      (send
        (hole 0 {:hash_depth=>0, :limit_depth=>true, :recv=>true}) :token=
        (hole 0 {:hash_depth=>0, :method_arg=>true})) :save))
  (begin
    (send
      (send
        (hole 0 {:hash_depth=>0, :limit_depth=>true, :recv=>true}) :token) :count))
  (begin
    (send
      (send
        (hole 0 {:hash_depth=>0, :limit_depth=>true, :recv=>true}) :token) :-
      (hole 0 {:hash_depth=>0, :method_arg=>true})))
  (begin
    (send
      (send
        (hole 0 {:hash_depth=>0, :limit_depth=>true, :recv=>true}) :token) :save))
  (begin
    (send
      (send
        (hole 0 {:hash_depth=>0, :limit_depth=>true, :recv=>true}) :diaspora_user_id=
        (hole 0 {:hash_depth=>0, :method_arg=>true})) :-
      (hole 0 {:hash_depth=>0, :method_arg=>true})))
  (begin
    (send
      (send
        (hole 0 {:hash_depth=>0, :limit_depth=>true, :recv=>true}) :diaspora_user_id=
        (hole 0 {:hash_depth=>0, :method_arg=>true})) :-
      (hole 0 {:hash_depth=>0, :method_arg=>true})))
  (begin
    (send
      (send
        (hole 0 {:hash_depth=>0, :limit_depth=>true, :recv=>true}) :diaspora_user_id=
        (hole 0 {:hash_depth=>0, :method_arg=>true})) :-
      (hole 0 {:hash_depth=>0, :method_arg=>true})))
  (begin
    (send
      (send
        (hole 0 {:hash_depth=>0, :limit_depth=>true, :recv=>true}) :diaspora_user_id=
        (hole 0 {:hash_depth=>0, :method_arg=>true})) :count))
  (begin
    (send
      (send
        (hole 0 {:hash_depth=>0, :limit_depth=>true, :recv=>true}) :diaspora_user_id=
        (hole 0 {:hash_depth=>0, :method_arg=>true})) :save))
  (begin
    (send
      (send
        (hole 0 {:hash_depth=>0, :limit_depth=>true, :recv=>true}) :diaspora_user_id) :-
      (hole 0 {:hash_depth=>0, :method_arg=>true})))
  (begin
    (send
      (send
        (hole 0 {:hash_depth=>0, :limit_depth=>true, :recv=>true}) :diaspora_user_id) :-
      (hole 0 {:hash_depth=>0, :method_arg=>true})))
  (begin
    (send
      (send
        (hole 0 {:hash_depth=>0, :limit_depth=>true, :recv=>true}) :diaspora_user_id) :-
      (hole 0 {:hash_depth=>0, :method_arg=>true})))
  (begin
    (send
      (send
        (hole 0 {:hash_depth=>0, :limit_depth=>true, :recv=>true}) :diaspora_user_id) :count))
  (begin
    (send
      (send
        (hole 0 {:hash_depth=>0, :limit_depth=>true, :recv=>true}) :diaspora_user_id) :save))
  (begin
    (send
      (send
        (hole 0 {:hash_depth=>0, :limit_depth=>true, :recv=>true}) :count=
        (hole 0 {:hash_depth=>0, :method_arg=>true})) :-
      (hole 0 {:hash_depth=>0, :method_arg=>true})))
  (begin
    (send
      (send
        (hole 0 {:hash_depth=>0, :limit_depth=>true, :recv=>true}) :count=
        (hole 0 {:hash_depth=>0, :method_arg=>true})) :-
      (hole 0 {:hash_depth=>0, :method_arg=>true})))
  (begin
    (send
      (send
        (hole 0 {:hash_depth=>0, :limit_depth=>true, :recv=>true}) :count=
        (hole 0 {:hash_depth=>0, :method_arg=>true})) :-
      (hole 0 {:hash_depth=>0, :method_arg=>true})))
  (begin
    (send
      (send
        (hole 0 {:hash_depth=>0, :limit_depth=>true, :recv=>true}) :count=
        (hole 0 {:hash_depth=>0, :method_arg=>true})) :count))
  (begin
    (send
      (send
        (hole 0 {:hash_depth=>0, :limit_depth=>true, :recv=>true}) :count=
        (hole 0 {:hash_depth=>0, :method_arg=>true})) :save))
  (begin
    (send
      (begin
        (send
          (hole 0 {:hash_depth=>0, :limit_depth=>true, :recv=>true}) :count)) :-
      (hole 0 {:hash_depth=>0, :method_arg=>true})))
  (begin
    (send
      (begin
        (send
          (hole 0 {:hash_depth=>0, :limit_depth=>true, :recv=>true}) :count)) :-
      (hole 0 {:hash_depth=>0, :method_arg=>true})))
  (begin
    (send
      (begin
        (send
          (hole 0 {:hash_depth=>0, :limit_depth=>true, :recv=>true}) :count)) :-
      (hole 0 {:hash_depth=>0, :method_arg=>true})))
  (begin
    (send
      (begin
        (send
          (hole 0 {:hash_depth=>0, :limit_depth=>true, :recv=>true}) :count)) :-
      (hole 0 {:hash_depth=>0, :method_arg=>true})))
  (begin
    (send
      (begin
        (send
          (hole 0 {:hash_depth=>0, :limit_depth=>true, :recv=>true}) :count)) :-
      (hole 0 {:hash_depth=>0, :method_arg=>true})))
  (begin
    (send
      (begin
        (send
          (hole 0 {:hash_depth=>0, :limit_depth=>true, :recv=>true}) :count)) :-
      (hole 0 {:hash_depth=>0, :method_arg=>true})))
  (begin
    (send
      (begin
        (send
          (hole 0 {:hash_depth=>0, :limit_depth=>true, :recv=>true}) :count)) :count))
  (begin
    (send
      (begin
        (send
          (hole 0 {:hash_depth=>0, :limit_depth=>true, :recv=>true}) :count)) :count))
  (begin
    (send
      (begin
        (send
          (hole 0 {:hash_depth=>0, :limit_depth=>true, :recv=>true}) :count)) :save))
  (begin
    (send
      (begin
        (send
          (hole 0 {:hash_depth=>0, :limit_depth=>true, :recv=>true}) :count)) :save))
  (begin
    (send
      (send
        (hole 0 {:hash_depth=>0, :limit_depth=>true, :recv=>true}) :diaspora_user) :count))
  (begin
    (send
      (send
        (hole 0 {:hash_depth=>0, :limit_depth=>true, :recv=>true}) :diaspora_user) :-
      (hole 0 {:hash_depth=>0, :method_arg=>true})))
  (begin
    (send
      (send
        (hole 0 {:hash_depth=>0, :limit_depth=>true, :recv=>true}) :diaspora_user) :save))
  (begin
    (send
      (send
        (hole 0 {:hash_depth=>0, :limit_depth=>true, :recv=>true}) :diaspora_user=
        (hole 0 {:hash_depth=>0, :method_arg=>true})) :count))
  (begin
    (send
      (send
        (hole 0 {:hash_depth=>0, :limit_depth=>true, :recv=>true}) :diaspora_user=
        (hole 0 {:hash_depth=>0, :method_arg=>true})) :-
      (hole 0 {:hash_depth=>0, :method_arg=>true})))
  (begin
    (send
      (send
        (hole 0 {:hash_depth=>0, :limit_depth=>true, :recv=>true}) :diaspora_user=
        (hole 0 {:hash_depth=>0, :method_arg=>true})) :save))
  (begin
    (send
      (begin
        (send
          (hole 0 {:hash_depth=>0, :limit_depth=>true, :recv=>true}) :save)) :count))
  (begin
    (send
      (begin
        (send
          (hole 0 {:hash_depth=>0, :limit_depth=>true, :recv=>true}) :save)) :-
      (hole 0 {:hash_depth=>0, :method_arg=>true})))
  (begin
    (send
      (begin
        (send
          (hole 0 {:hash_depth=>0, :limit_depth=>true, :recv=>true}) :save)) :save))
  (send
    (begin
      (send
        (hole 0 {:hash_depth=>0, :limit_depth=>true, :recv=>true}) :-
        (hole 0 {:hash_depth=>0, :method_arg=>true}))) :confirmed=
    (hole 0 {:hash_depth=>0, :method_arg=>true}))
  (send
    (begin
      (send
        (hole 0 {:hash_depth=>0, :limit_depth=>true, :recv=>true}) :-
        (hole 0 {:hash_depth=>0, :method_arg=>true}))) :confirmed)
  (send
    (begin
      (send
        (hole 0 {:hash_depth=>0, :limit_depth=>true, :recv=>true}) :-
        (hole 0 {:hash_depth=>0, :method_arg=>true}))) :expired=
    (hole 0 {:hash_depth=>0, :method_arg=>true}))
  (send
    (begin
      (send
        (hole 0 {:hash_depth=>0, :limit_depth=>true, :recv=>true}) :-
        (hole 0 {:hash_depth=>0, :method_arg=>true}))) :expired)
  (send
    (begin
      (send
        (hole 0 {:hash_depth=>0, :limit_depth=>true, :recv=>true}) :-
        (hole 0 {:hash_depth=>0, :method_arg=>true}))) :discoverable=
    (hole 0 {:hash_depth=>0, :method_arg=>true}))
  (send
    (begin
      (send
        (hole 0 {:hash_depth=>0, :limit_depth=>true, :recv=>true}) :-
        (hole 0 {:hash_depth=>0, :method_arg=>true}))) :discoverable)
  (send
    (begin
      (send
        (hole 0 {:hash_depth=>0, :limit_depth=>true, :recv=>true}) :-
        (hole 0 {:hash_depth=>0, :method_arg=>true}))) :scheduled_check=
    (hole 0 {:hash_depth=>0, :method_arg=>true}))
  (send
    (begin
      (send
        (hole 0 {:hash_depth=>0, :limit_depth=>true, :recv=>true}) :-
        (hole 0 {:hash_depth=>0, :method_arg=>true}))) :scheduled_check)
  (begin
    (send
      (begin
        (send
          (hole 0 {:hash_depth=>0, :limit_depth=>true, :recv=>true}) :-
          (hole 0 {:hash_depth=>0, :method_arg=>true}))) :save))
  (send
    (begin
      (send
        (hole 0 {:hash_depth=>0, :limit_depth=>true, :recv=>true}) :-
        (hole 0 {:hash_depth=>0, :method_arg=>true}))) :otp_required_for_login=
    (hole 0 {:hash_depth=>0, :method_arg=>true}))
  (send
    (begin
      (send
        (hole 0 {:hash_depth=>0, :limit_depth=>true, :recv=>true}) :-
        (hole 0 {:hash_depth=>0, :method_arg=>true}))) :otp_required_for_login)
  (send
    (begin
      (send
        (hole 0 {:hash_depth=>0, :limit_depth=>true, :recv=>true}) :-
        (hole 0 {:hash_depth=>0, :method_arg=>true}))) :admin=
    (hole 0 {:hash_depth=>0, :method_arg=>true}))
  (send
    (begin
      (send
        (hole 0 {:hash_depth=>0, :limit_depth=>true, :recv=>true}) :-
        (hole 0 {:hash_depth=>0, :method_arg=>true}))) :admin)
  (send
    (begin
      (send
        (hole 0 {:hash_depth=>0, :limit_depth=>true, :recv=>true}) :-
        (hole 0 {:hash_depth=>0, :method_arg=>true}))) :staged=
    (hole 0 {:hash_depth=>0, :method_arg=>true}))
  (send
    (begin
      (send
        (hole 0 {:hash_depth=>0, :limit_depth=>true, :recv=>true}) :-
        (hole 0 {:hash_depth=>0, :method_arg=>true}))) :staged)
  (send
    (begin
      (send
        (hole 0 {:hash_depth=>0, :limit_depth=>true, :recv=>true}) :-
        (hole 0 {:hash_depth=>0, :method_arg=>true}))) :active=
    (hole 0 {:hash_depth=>0, :method_arg=>true}))
  (send
    (begin
      (send
        (hole 0 {:hash_depth=>0, :limit_depth=>true, :recv=>true}) :-
        (hole 0 {:hash_depth=>0, :method_arg=>true}))) :active)
  (send
    (begin
      (send
        (hole 0 {:hash_depth=>0, :limit_depth=>true, :recv=>true}) :-
        (hole 0 {:hash_depth=>0, :method_arg=>true}))) :primary=
    (hole 0 {:hash_depth=>0, :method_arg=>true}))
  (send
    (begin
      (send
        (hole 0 {:hash_depth=>0, :limit_depth=>true, :recv=>true}) :-
        (hole 0 {:hash_depth=>0, :method_arg=>true}))) :primary)
  (send
    (begin
      (send
        (hole 0 {:hash_depth=>0, :limit_depth=>true, :recv=>true}) :-
        (hole 0 {:hash_depth=>0, :method_arg=>true}))) :moderator=
    (hole 0 {:hash_depth=>0, :method_arg=>true}))
  (send
    (begin
      (send
        (hole 0 {:hash_depth=>0, :limit_depth=>true, :recv=>true}) :-
        (hole 0 {:hash_depth=>0, :method_arg=>true}))) :moderator)
  (begin
    (send
      (begin
        (send
          (hole 0 {:hash_depth=>0, :limit_depth=>true, :recv=>true}) :-
          (hole 0 {:hash_depth=>0, :method_arg=>true}))) :-
      (hole 0 {:hash_depth=>0, :method_arg=>true})))
  (begin
    (send
      (begin
        (send
          (hole 0 {:hash_depth=>0, :limit_depth=>true, :recv=>true}) :-
          (hole 0 {:hash_depth=>0, :method_arg=>true}))) :-
      (hole 0 {:hash_depth=>0, :method_arg=>true})))
  (begin
    (send
      (begin
        (send
          (hole 0 {:hash_depth=>0, :limit_depth=>true, :recv=>true}) :-
          (hole 0 {:hash_depth=>0, :method_arg=>true}))) :-
      (hole 0 {:hash_depth=>0, :method_arg=>true})))
  (send
    (begin
      (send
        (hole 0 {:hash_depth=>0, :limit_depth=>true, :recv=>true}) :count)) :confirmed=
    (hole 0 {:hash_depth=>0, :method_arg=>true}))
  (send
    (begin
      (send
        (hole 0 {:hash_depth=>0, :limit_depth=>true, :recv=>true}) :count)) :confirmed)
  (send
    (begin
      (send
        (hole 0 {:hash_depth=>0, :limit_depth=>true, :recv=>true}) :count)) :expired=
    (hole 0 {:hash_depth=>0, :method_arg=>true}))
  (send
    (begin
      (send
        (hole 0 {:hash_depth=>0, :limit_depth=>true, :recv=>true}) :count)) :expired)
  (send
    (begin
      (send
        (hole 0 {:hash_depth=>0, :limit_depth=>true, :recv=>true}) :count)) :discoverable=
    (hole 0 {:hash_depth=>0, :method_arg=>true}))
  (send
    (begin
      (send
        (hole 0 {:hash_depth=>0, :limit_depth=>true, :recv=>true}) :count)) :discoverable)
  (send
    (begin
      (send
        (hole 0 {:hash_depth=>0, :limit_depth=>true, :recv=>true}) :count)) :scheduled_check=
    (hole 0 {:hash_depth=>0, :method_arg=>true}))
  (send
    (begin
      (send
        (hole 0 {:hash_depth=>0, :limit_depth=>true, :recv=>true}) :count)) :scheduled_check)
  (begin
    (send
      (begin
        (send
          (hole 0 {:hash_depth=>0, :limit_depth=>true, :recv=>true}) :count)) :save))
  (send
    (begin
      (send
        (hole 0 {:hash_depth=>0, :limit_depth=>true, :recv=>true}) :count)) :otp_required_for_login=
    (hole 0 {:hash_depth=>0, :method_arg=>true}))
  (send
    (begin
      (send
        (hole 0 {:hash_depth=>0, :limit_depth=>true, :recv=>true}) :count)) :otp_required_for_login)
  (send
    (begin
      (send
        (hole 0 {:hash_depth=>0, :limit_depth=>true, :recv=>true}) :count)) :admin=
    (hole 0 {:hash_depth=>0, :method_arg=>true}))
  (send
    (begin
      (send
        (hole 0 {:hash_depth=>0, :limit_depth=>true, :recv=>true}) :count)) :admin)
  (send
    (begin
      (send
        (hole 0 {:hash_depth=>0, :limit_depth=>true, :recv=>true}) :count)) :staged=
    (hole 0 {:hash_depth=>0, :method_arg=>true}))
  (send
    (begin
      (send
        (hole 0 {:hash_depth=>0, :limit_depth=>true, :recv=>true}) :count)) :staged)
  (send
    (begin
      (send
        (hole 0 {:hash_depth=>0, :limit_depth=>true, :recv=>true}) :count)) :active=
    (hole 0 {:hash_depth=>0, :method_arg=>true}))
  (send
    (begin
      (send
        (hole 0 {:hash_depth=>0, :limit_depth=>true, :recv=>true}) :count)) :active)
  (send
    (begin
      (send
        (hole 0 {:hash_depth=>0, :limit_depth=>true, :recv=>true}) :count)) :primary=
    (hole 0 {:hash_depth=>0, :method_arg=>true}))
  (send
    (begin
      (send
        (hole 0 {:hash_depth=>0, :limit_depth=>true, :recv=>true}) :count)) :primary)
  (send
    (begin
      (send
        (hole 0 {:hash_depth=>0, :limit_depth=>true, :recv=>true}) :count)) :moderator=
    (hole 0 {:hash_depth=>0, :method_arg=>true}))
  (send
    (begin
      (send
        (hole 0 {:hash_depth=>0, :limit_depth=>true, :recv=>true}) :count)) :moderator)
  (begin
    (send
      (begin
        (send
          (hole 0 {:hash_depth=>0, :limit_depth=>true, :recv=>true}) :count)) :-
      (hole 0 {:hash_depth=>0, :method_arg=>true})))
  (begin
    (send
      (begin
        (send
          (hole 0 {:hash_depth=>0, :limit_depth=>true, :recv=>true}) :count)) :-
      (hole 0 {:hash_depth=>0, :method_arg=>true})))
  (begin
    (send
      (begin
        (send
          (hole 0 {:hash_depth=>0, :limit_depth=>true, :recv=>true}) :count)) :-
      (hole 0 {:hash_depth=>0, :method_arg=>true})))
  (send
    (begin
      (send
        (hole 0 {:hash_depth=>0, :limit_depth=>true, :recv=>true}) :-
        (hole 0 {:hash_depth=>0, :method_arg=>true}))) :confirmed=
    (hole 0 {:hash_depth=>0, :method_arg=>true}))
  (send
    (begin
      (send
        (hole 0 {:hash_depth=>0, :limit_depth=>true, :recv=>true}) :-
        (hole 0 {:hash_depth=>0, :method_arg=>true}))) :confirmed)
  (send
    (begin
      (send
        (hole 0 {:hash_depth=>0, :limit_depth=>true, :recv=>true}) :-
        (hole 0 {:hash_depth=>0, :method_arg=>true}))) :expired=
    (hole 0 {:hash_depth=>0, :method_arg=>true}))
  (send
    (begin
      (send
        (hole 0 {:hash_depth=>0, :limit_depth=>true, :recv=>true}) :-
        (hole 0 {:hash_depth=>0, :method_arg=>true}))) :expired)
  (send
    (begin
      (send
        (hole 0 {:hash_depth=>0, :limit_depth=>true, :recv=>true}) :-
        (hole 0 {:hash_depth=>0, :method_arg=>true}))) :discoverable=
    (hole 0 {:hash_depth=>0, :method_arg=>true}))
  (send
    (begin
      (send
        (hole 0 {:hash_depth=>0, :limit_depth=>true, :recv=>true}) :-
        (hole 0 {:hash_depth=>0, :method_arg=>true}))) :discoverable)
  (send
    (begin
      (send
        (hole 0 {:hash_depth=>0, :limit_depth=>true, :recv=>true}) :-
        (hole 0 {:hash_depth=>0, :method_arg=>true}))) :scheduled_check=
    (hole 0 {:hash_depth=>0, :method_arg=>true}))
  (send
    (begin
      (send
        (hole 0 {:hash_depth=>0, :limit_depth=>true, :recv=>true}) :-
        (hole 0 {:hash_depth=>0, :method_arg=>true}))) :scheduled_check)
  (begin
    (send
      (begin
        (send
          (hole 0 {:hash_depth=>0, :limit_depth=>true, :recv=>true}) :-
          (hole 0 {:hash_depth=>0, :method_arg=>true}))) :save))
  (send
    (begin
      (send
        (hole 0 {:hash_depth=>0, :limit_depth=>true, :recv=>true}) :-
        (hole 0 {:hash_depth=>0, :method_arg=>true}))) :otp_required_for_login=
    (hole 0 {:hash_depth=>0, :method_arg=>true}))
  (send
    (begin
      (send
        (hole 0 {:hash_depth=>0, :limit_depth=>true, :recv=>true}) :-
        (hole 0 {:hash_depth=>0, :method_arg=>true}))) :otp_required_for_login)
  (send
    (begin
      (send
        (hole 0 {:hash_depth=>0, :limit_depth=>true, :recv=>true}) :-
        (hole 0 {:hash_depth=>0, :method_arg=>true}))) :admin=
    (hole 0 {:hash_depth=>0, :method_arg=>true}))
  (send
    (begin
      (send
        (hole 0 {:hash_depth=>0, :limit_depth=>true, :recv=>true}) :-
        (hole 0 {:hash_depth=>0, :method_arg=>true}))) :admin)
  (send
    (begin
      (send
        (hole 0 {:hash_depth=>0, :limit_depth=>true, :recv=>true}) :-
        (hole 0 {:hash_depth=>0, :method_arg=>true}))) :staged=
    (hole 0 {:hash_depth=>0, :method_arg=>true}))
  (send
    (begin
      (send
        (hole 0 {:hash_depth=>0, :limit_depth=>true, :recv=>true}) :-
        (hole 0 {:hash_depth=>0, :method_arg=>true}))) :staged)
  (send
    (begin
      (send
        (hole 0 {:hash_depth=>0, :limit_depth=>true, :recv=>true}) :-
        (hole 0 {:hash_depth=>0, :method_arg=>true}))) :active=
    (hole 0 {:hash_depth=>0, :method_arg=>true}))
  (send
    (begin
      (send
        (hole 0 {:hash_depth=>0, :limit_depth=>true, :recv=>true}) :-
        (hole 0 {:hash_depth=>0, :method_arg=>true}))) :active)
  (send
    (begin
      (send
        (hole 0 {:hash_depth=>0, :limit_depth=>true, :recv=>true}) :-
        (hole 0 {:hash_depth=>0, :method_arg=>true}))) :primary=
    (hole 0 {:hash_depth=>0, :method_arg=>true}))
  (send
    (begin
      (send
        (hole 0 {:hash_depth=>0, :limit_depth=>true, :recv=>true}) :-
        (hole 0 {:hash_depth=>0, :method_arg=>true}))) :primary)
  (send
    (begin
      (send
        (hole 0 {:hash_depth=>0, :limit_depth=>true, :recv=>true}) :-
        (hole 0 {:hash_depth=>0, :method_arg=>true}))) :moderator=
    (hole 0 {:hash_depth=>0, :method_arg=>true}))
  (send
    (begin
      (send
        (hole 0 {:hash_depth=>0, :limit_depth=>true, :recv=>true}) :-
        (hole 0 {:hash_depth=>0, :method_arg=>true}))) :moderator)
  (begin
    (send
      (begin
        (send
          (hole 0 {:hash_depth=>0, :limit_depth=>true, :recv=>true}) :-
          (hole 0 {:hash_depth=>0, :method_arg=>true}))) :-
      (hole 0 {:hash_depth=>0, :method_arg=>true})))
  (begin
    (send
      (begin
        (send
          (hole 0 {:hash_depth=>0, :limit_depth=>true, :recv=>true}) :-
          (hole 0 {:hash_depth=>0, :method_arg=>true}))) :-
      (hole 0 {:hash_depth=>0, :method_arg=>true})))
  (begin
    (send
      (begin
        (send
          (hole 0 {:hash_depth=>0, :limit_depth=>true, :recv=>true}) :-
          (hole 0 {:hash_depth=>0, :method_arg=>true}))) :-
      (hole 0 {:hash_depth=>0, :method_arg=>true})))
  (begin
    (send
      (begin
        (send
          (hole 0 {:hash_depth=>0, :limit_depth=>true, :recv=>true}) :save)) :count))
  (begin
    (send
      (begin
        (send
          (hole 0 {:hash_depth=>0, :limit_depth=>true, :recv=>true}) :save)) :-
      (hole 0 {:hash_depth=>0, :method_arg=>true})))
  (begin
    (send
      (begin
        (send
          (hole 0 {:hash_depth=>0, :limit_depth=>true, :recv=>true}) :save)) :save))
  (hole 3 {:hash_depth=>0, :method_arg=>false, :variance=>:+}) {:method_arg=>false})
BASETYPE: true or false
SIZE WORK_LIST: 0
SIZE generated: 85
EVALUABLE#: 0

-------------------------

----------------
TTYPES
true or false
true or false
true or false

PROGS

LOCAL_COUNT: 6
GLOBAL_COUNT: 75

BASE_AFTER:
(send
  (begin
    (send
      (filled-hole
        (lvar InvitationCode(id: integer, token: string, diaspora_user_id: integer, count: integer)) {:method_arg=>false}) :count)) :confirmed=
  (filled-hole
    (true)
    (false)
    (hole 1 {:hash_depth=>0, :method_arg=>true, :variance=>:+}) {:method_arg=>true}))
BASETYPE: true or false
SIZE WORK_LIST: 84
SIZE generated: 3
EVALUABLE#: 2

-------------------------

----------------
TTYPES
true or false

PROGS

LOCAL_COUNT: 7
GLOBAL_COUNT: 76

BASE_AFTER:
(send
  (begin
    (send
      (filled-hole
        (lvar InvitationCode(id: integer, token: string, diaspora_user_id: integer, count: integer)) {:method_arg=>false}) :count)) :confirmed)
BASETYPE: true or false
SIZE WORK_LIST: 84
SIZE generated: 1
EVALUABLE#: 1

-------------------------

----------------
TTYPES
true or false
true or false
true or false

PROGS

LOCAL_COUNT: 8
GLOBAL_COUNT: 77

BASE_AFTER:
(send
  (begin
    (send
      (filled-hole
        (lvar InvitationCode(id: integer, token: string, diaspora_user_id: integer, count: integer)) {:method_arg=>false}) :count)) :expired=
  (filled-hole
    (true)
    (false)
    (hole 1 {:hash_depth=>0, :method_arg=>true, :variance=>:+}) {:method_arg=>true}))
BASETYPE: true or false
SIZE WORK_LIST: 83
SIZE generated: 3
EVALUABLE#: 2

-------------------------

----------------
TTYPES
true or false

PROGS

LOCAL_COUNT: 9
GLOBAL_COUNT: 78

BASE_AFTER:
(send
  (begin
    (send
      (filled-hole
        (lvar InvitationCode(id: integer, token: string, diaspora_user_id: integer, count: integer)) {:method_arg=>false}) :count)) :expired)
BASETYPE: true or false
SIZE WORK_LIST: 83
SIZE generated: 1
EVALUABLE#: 1

-------------------------

----------------
TTYPES
true or false
true or false
true or false

PROGS

LOCAL_COUNT: 10
GLOBAL_COUNT: 79

BASE_AFTER:
(send
  (begin
    (send
      (filled-hole
        (lvar InvitationCode(id: integer, token: string, diaspora_user_id: integer, count: integer)) {:method_arg=>false}) :count)) :discoverable=
  (filled-hole
    (true)
    (false)
    (hole 1 {:hash_depth=>0, :method_arg=>true, :variance=>:+}) {:method_arg=>true}))
BASETYPE: true or false
SIZE WORK_LIST: 82
SIZE generated: 3
EVALUABLE#: 2

-------------------------

----------------
TTYPES
true or false

PROGS

LOCAL_COUNT: 11
GLOBAL_COUNT: 80

BASE_AFTER:
(send
  (begin
    (send
      (filled-hole
        (lvar InvitationCode(id: integer, token: string, diaspora_user_id: integer, count: integer)) {:method_arg=>false}) :count)) :discoverable)
BASETYPE: true or false
SIZE WORK_LIST: 82
SIZE generated: 1
EVALUABLE#: 1

-------------------------

----------------
TTYPES
true or false
true or false
true or false

PROGS

LOCAL_COUNT: 12
GLOBAL_COUNT: 81

BASE_AFTER:
(send
  (begin
    (send
      (filled-hole
        (lvar InvitationCode(id: integer, token: string, diaspora_user_id: integer, count: integer)) {:method_arg=>false}) :count)) :scheduled_check=
  (filled-hole
    (true)
    (false)
    (hole 1 {:hash_depth=>0, :method_arg=>true, :variance=>:+}) {:method_arg=>true}))
BASETYPE: true or false
SIZE WORK_LIST: 81
SIZE generated: 3
EVALUABLE#: 2

-------------------------

----------------
TTYPES
true or false

PROGS

LOCAL_COUNT: 13
GLOBAL_COUNT: 82

BASE_AFTER:
(send
  (begin
    (send
      (filled-hole
        (lvar InvitationCode(id: integer, token: string, diaspora_user_id: integer, count: integer)) {:method_arg=>false}) :count)) :scheduled_check)
BASETYPE: true or false
SIZE WORK_LIST: 81
SIZE generated: 1
EVALUABLE#: 1

-------------------------

----------------
TTYPES
false or true

PROGS

LOCAL_COUNT: 14
GLOBAL_COUNT: 83

BASE_AFTER:
(begin
  (send
    (begin
      (send
        (filled-hole
          (lvar InvitationCode(id: integer, token: string, diaspora_user_id: integer, count: integer)) {:method_arg=>false}) :count)) :save))
BASETYPE: false or true
SIZE WORK_LIST: 80
SIZE generated: 1
EVALUABLE#: 1

-------------------------

----------------
TTYPES
true or false
true or false
true or false

PROGS

LOCAL_COUNT: 15
GLOBAL_COUNT: 84

BASE_AFTER:
(send
  (begin
    (send
      (filled-hole
        (lvar InvitationCode(id: integer, token: string, diaspora_user_id: integer, count: integer)) {:method_arg=>false}) :count)) :otp_required_for_login=
  (filled-hole
    (true)
    (false)
    (hole 1 {:hash_depth=>0, :method_arg=>true, :variance=>:+}) {:method_arg=>true}))
BASETYPE: true or false
SIZE WORK_LIST: 79
SIZE generated: 3
EVALUABLE#: 2

-------------------------

----------------
TTYPES
true or false

PROGS

LOCAL_COUNT: 16
GLOBAL_COUNT: 85

BASE_AFTER:
(send
  (begin
    (send
      (filled-hole
        (lvar InvitationCode(id: integer, token: string, diaspora_user_id: integer, count: integer)) {:method_arg=>false}) :count)) :otp_required_for_login)
BASETYPE: true or false
SIZE WORK_LIST: 79
SIZE generated: 1
EVALUABLE#: 1

-------------------------

----------------
TTYPES
true or false
true or false
true or false

PROGS

LOCAL_COUNT: 17
GLOBAL_COUNT: 86

BASE_AFTER:
(send
  (begin
    (send
      (filled-hole
        (lvar InvitationCode(id: integer, token: string, diaspora_user_id: integer, count: integer)) {:method_arg=>false}) :count)) :admin=
  (filled-hole
    (true)
    (false)
    (hole 1 {:hash_depth=>0, :method_arg=>true, :variance=>:+}) {:method_arg=>true}))
BASETYPE: true or false
SIZE WORK_LIST: 78
SIZE generated: 3
EVALUABLE#: 2

-------------------------

----------------
TTYPES
true or false

PROGS

LOCAL_COUNT: 18
GLOBAL_COUNT: 87

BASE_AFTER:
(send
  (begin
    (send
      (filled-hole
        (lvar InvitationCode(id: integer, token: string, diaspora_user_id: integer, count: integer)) {:method_arg=>false}) :count)) :admin)
BASETYPE: true or false
SIZE WORK_LIST: 78
SIZE generated: 1
EVALUABLE#: 1

-------------------------

----------------
TTYPES
true or false
true or false
true or false

PROGS

LOCAL_COUNT: 19
GLOBAL_COUNT: 88

BASE_AFTER:
(send
  (begin
    (send
      (filled-hole
        (lvar InvitationCode(id: integer, token: string, diaspora_user_id: integer, count: integer)) {:method_arg=>false}) :count)) :staged=
  (filled-hole
    (true)
    (false)
    (hole 1 {:hash_depth=>0, :method_arg=>true, :variance=>:+}) {:method_arg=>true}))
BASETYPE: true or false
SIZE WORK_LIST: 77
SIZE generated: 3
EVALUABLE#: 2

-------------------------

----------------
TTYPES
true or false

PROGS

LOCAL_COUNT: 20
GLOBAL_COUNT: 89

BASE_AFTER:
(send
  (begin
    (send
      (filled-hole
        (lvar InvitationCode(id: integer, token: string, diaspora_user_id: integer, count: integer)) {:method_arg=>false}) :count)) :staged)
BASETYPE: true or false
SIZE WORK_LIST: 77
SIZE generated: 1
EVALUABLE#: 1

-------------------------

----------------
TTYPES
true or false
true or false
true or false

PROGS

LOCAL_COUNT: 21
GLOBAL_COUNT: 90

BASE_AFTER:
(send
  (begin
    (send
      (filled-hole
        (lvar InvitationCode(id: integer, token: string, diaspora_user_id: integer, count: integer)) {:method_arg=>false}) :count)) :active=
  (filled-hole
    (true)
    (false)
    (hole 1 {:hash_depth=>0, :method_arg=>true, :variance=>:+}) {:method_arg=>true}))
BASETYPE: true or false
SIZE WORK_LIST: 76
SIZE generated: 3
EVALUABLE#: 2

-------------------------

----------------
TTYPES
true or false

PROGS

LOCAL_COUNT: 22
GLOBAL_COUNT: 91

BASE_AFTER:
(send
  (begin
    (send
      (filled-hole
        (lvar InvitationCode(id: integer, token: string, diaspora_user_id: integer, count: integer)) {:method_arg=>false}) :count)) :active)
BASETYPE: true or false
SIZE WORK_LIST: 76
SIZE generated: 1
EVALUABLE#: 1

-------------------------

----------------
TTYPES
true or false
true or false
true or false

PROGS

LOCAL_COUNT: 23
GLOBAL_COUNT: 92

BASE_AFTER:
(send
  (begin
    (send
      (filled-hole
        (lvar InvitationCode(id: integer, token: string, diaspora_user_id: integer, count: integer)) {:method_arg=>false}) :count)) :primary=
  (filled-hole
    (true)
    (false)
    (hole 1 {:hash_depth=>0, :method_arg=>true, :variance=>:+}) {:method_arg=>true}))
BASETYPE: true or false
SIZE WORK_LIST: 75
SIZE generated: 3
EVALUABLE#: 2

-------------------------

----------------
TTYPES
true or false

PROGS

LOCAL_COUNT: 24
GLOBAL_COUNT: 93

BASE_AFTER:
(send
  (begin
    (send
      (filled-hole
        (lvar InvitationCode(id: integer, token: string, diaspora_user_id: integer, count: integer)) {:method_arg=>false}) :count)) :primary)
BASETYPE: true or false
SIZE WORK_LIST: 75
SIZE generated: 1
EVALUABLE#: 1

-------------------------

----------------
TTYPES
true or false
true or false
true or false

PROGS

LOCAL_COUNT: 25
GLOBAL_COUNT: 94

BASE_AFTER:
(send
  (begin
    (send
      (filled-hole
        (lvar InvitationCode(id: integer, token: string, diaspora_user_id: integer, count: integer)) {:method_arg=>false}) :count)) :moderator=
  (filled-hole
    (true)
    (false)
    (hole 1 {:hash_depth=>0, :method_arg=>true, :variance=>:+}) {:method_arg=>true}))
BASETYPE: true or false
SIZE WORK_LIST: 74
SIZE generated: 3
EVALUABLE#: 2

-------------------------

----------------
TTYPES
true or false

PROGS

LOCAL_COUNT: 26
GLOBAL_COUNT: 95

BASE_AFTER:
(send
  (begin
    (send
      (filled-hole
        (lvar InvitationCode(id: integer, token: string, diaspora_user_id: integer, count: integer)) {:method_arg=>false}) :count)) :moderator)
BASETYPE: true or false
SIZE WORK_LIST: 74
SIZE generated: 1
EVALUABLE#: 1

-------------------------

----------------
TTYPES
Integer
Integer
Integer
Integer

PROGS

LOCAL_COUNT: 27
GLOBAL_COUNT: 96

BASE_AFTER:
(begin
  (send
    (begin
      (send
        (filled-hole
          (lvar InvitationCode(id: integer, token: string, diaspora_user_id: integer, count: integer)) {:method_arg=>false}) :count)) :-
    (filled-hole
      (int 0)
      (int 1)
      (int 2)
      (hole 1 {:hash_depth=>0, :method_arg=>true, :variance=>:+}) {:method_arg=>true})))
BASETYPE: Integer
SIZE WORK_LIST: 73
SIZE generated: 4
EVALUABLE#: 3

-------------------------

----------------
TTYPES
Integer
Integer
Integer
Integer
Integer
Integer
Integer
Integer
Integer
Integer
Integer
Integer
Integer
Integer
Integer
Integer

PROGS

LOCAL_COUNT: 28
GLOBAL_COUNT: 97

BASE_AFTER:
(begin
  (send
    (send
      (filled-hole
        (lvar :arg0) {:method_arg=>false}) :id=
      (filled-hole
        (int 0)
        (int 1)
        (int 2)
        (hole 1 {:hash_depth=>0, :method_arg=>true, :variance=>:+}) {:method_arg=>true})) :-
    (filled-hole
      (int 0)
      (int 1)
      (int 2)
      (hole 1 {:hash_depth=>0, :method_arg=>true, :variance=>:+}) {:method_arg=>true})))
BASETYPE: Integer
SIZE WORK_LIST: 73
SIZE generated: 16
EVALUABLE#: 9

-------------------------

----------------
TTYPES
Integer
Integer
Integer
Integer

PROGS

LOCAL_COUNT: 29
GLOBAL_COUNT: 98

BASE_AFTER:
(begin
  (send
    (send
      (filled-hole
        (lvar :arg0) {:method_arg=>false}) :id) :-
    (filled-hole
      (int 0)
      (int 1)
      (int 2)
      (hole 1 {:hash_depth=>0, :method_arg=>true, :variance=>:+}) {:method_arg=>true})))
BASETYPE: Integer
SIZE WORK_LIST: 79
SIZE generated: 4
EVALUABLE#: 3

-------------------------

----------------
TTYPES
true or false
true or false

PROGS

LOCAL_COUNT: 30
GLOBAL_COUNT: 99

BASE_AFTER:
(begin
  (send
    (send
      (filled-hole
        (lvar :arg0) {:method_arg=>false}) :token=
      (filled-hole
        (str "")
        (hole 1 {:hash_depth=>0, :method_arg=>true, :variance=>:+}) {:method_arg=>true})) :save))
BASETYPE: true or false
SIZE WORK_LIST: 79
SIZE generated: 2
EVALUABLE#: 1

-------------------------

----------------
TTYPES
Integer
Integer
Integer
Integer
Integer
Integer
Integer
Integer
Integer
Integer
Integer
Integer
Integer
Integer
Integer
Integer

PROGS

LOCAL_COUNT: 31
GLOBAL_COUNT: 100

BASE_AFTER:
(begin
  (send
    (send
      (filled-hole
        (lvar :arg0) {:method_arg=>false}) :diaspora_user_id=
      (filled-hole
        (int 0)
        (int 1)
        (int 2)
        (hole 1 {:hash_depth=>0, :method_arg=>true, :variance=>:+}) {:method_arg=>true})) :-
    (filled-hole
      (int 0)
      (int 1)
      (int 2)
      (hole 1 {:hash_depth=>0, :method_arg=>true, :variance=>:+}) {:method_arg=>true})))
BASETYPE: Integer
SIZE WORK_LIST: 79
SIZE generated: 16
EVALUABLE#: 9

-------------------------

----------------
TTYPES
Integer
Integer
Integer
Integer

PROGS

LOCAL_COUNT: 32
GLOBAL_COUNT: 101

BASE_AFTER:
(begin
  (send
    (send
      (filled-hole
        (lvar :arg0) {:method_arg=>false}) :diaspora_user_id) :-
    (filled-hole
      (int 0)
      (int 1)
      (int 2)
      (hole 1 {:hash_depth=>0, :method_arg=>true, :variance=>:+}) {:method_arg=>true})))
BASETYPE: Integer
SIZE WORK_LIST: 85
SIZE generated: 4
EVALUABLE#: 3

-------------------------

----------------
TTYPES
Integer
Integer
Integer
Integer
Integer
Integer
Integer
Integer
Integer
Integer
Integer
Integer
Integer
Integer
Integer
Integer

PROGS

LOCAL_COUNT: 33
GLOBAL_COUNT: 102

BASE_AFTER:
(begin
  (send
    (send
      (filled-hole
        (lvar :arg0) {:method_arg=>false}) :count=
      (filled-hole
        (int 0)
        (int 1)
        (int 2)
        (hole 1 {:hash_depth=>0, :method_arg=>true, :variance=>:+}) {:method_arg=>true})) :-
    (filled-hole
      (int 0)
      (int 1)
      (int 2)
      (hole 1 {:hash_depth=>0, :method_arg=>true, :variance=>:+}) {:method_arg=>true})))
BASETYPE: Integer
SIZE WORK_LIST: 85
SIZE generated: 16
EVALUABLE#: 9

-------------------------

----------------
TTYPES
Integer
Integer
Integer
Integer

PROGS

LOCAL_COUNT: 34
GLOBAL_COUNT: 103

BASE_AFTER:
(begin
  (send
    (begin
      (send
        (filled-hole
          (lvar :arg0) {:method_arg=>false}) :count)) :-
    (filled-hole
      (int 0)
      (int 1)
      (int 2)
      (hole 1 {:hash_depth=>0, :method_arg=>true, :variance=>:+}) {:method_arg=>true})))
BASETYPE: Integer
SIZE WORK_LIST: 91
SIZE generated: 4
EVALUABLE#: 3

-------------------------

----------------
TTYPES
true or false

PROGS

LOCAL_COUNT: 35
GLOBAL_COUNT: 104

BASE_AFTER:
(begin
  (send
    (send
      (filled-hole
        (lvar :arg0) {:method_arg=>false}) :diaspora_user) :save))
BASETYPE: true or false
SIZE WORK_LIST: 91
SIZE generated: 1
EVALUABLE#: 1

-------------------------

----------------
TTYPES
true or false

PROGS

LOCAL_COUNT: 36
GLOBAL_COUNT: 105

BASE_AFTER:
(begin
  (send
    (send
      (filled-hole
        (lvar :arg0) {:method_arg=>false}) :diaspora_user=
      (filled-hole
        (hole 1 {:hash_depth=>0, :method_arg=>true, :variance=>:+}) {:method_arg=>true})) :save))
BASETYPE: true or false
SIZE WORK_LIST: 90
SIZE generated: 1
EVALUABLE#: 0

-------------------------

----------------
TTYPES
true or false

PROGS

LOCAL_COUNT: 37
GLOBAL_COUNT: 106

BASE_AFTER:
(begin
  (send
    (begin
      (send
        (filled-hole
          (lvar :arg0) {:method_arg=>false}) :save)) :save))
BASETYPE: true or false
SIZE WORK_LIST: 90
SIZE generated: 1
EVALUABLE#: 1

-------------------------

----------------
TTYPES
true or false
true or false
true or false
true or false
true or false
true or false

PROGS

LOCAL_COUNT: 38
GLOBAL_COUNT: 107

BASE_AFTER:
(send
  (begin
    (send
      (lvar InvitationCode(id: integer, token: string, diaspora_user_id: integer, count: integer)) :count)) :confirmed=
  (filled-hole
    (begin
      (send
        (hole 0 {:hash_depth=>0, :limit_depth=>true, :recv=>true}) :save))
    (begin
      (send
        (hole 0 {:hash_depth=>0, :limit_depth=>true, :recv=>true}) :-
        (hole 0 {:hash_depth=>0, :method_arg=>true})))
    (begin
      (send
        (hole 0 {:hash_depth=>0, :limit_depth=>true, :recv=>true}) :count))
    (begin
      (send
        (hole 0 {:hash_depth=>0, :limit_depth=>true, :recv=>true}) :-
        (hole 0 {:hash_depth=>0, :method_arg=>true})))
    (begin
      (send
        (hole 0 {:hash_depth=>0, :limit_depth=>true, :recv=>true}) :save))
    (hole 2 {:hash_depth=>0, :method_arg=>true, :variance=>:+}) {:method_arg=>true}))
BASETYPE: true or false
SIZE WORK_LIST: 89
SIZE generated: 6
EVALUABLE#: 0

-------------------------

----------------
TTYPES
true or false

PROGS

LOCAL_COUNT: 39
GLOBAL_COUNT: 108

BASE_AFTER:
(send
  (begin
    (send
      (lvar InvitationCode(id: integer, token: string, diaspora_user_id: integer, count: integer)) :count)) :confirmed=
  (begin
    (send
      (filled-hole
        (lvar InvitationCode(id: integer, token: string, diaspora_user_id: integer, count: integer)) {:method_arg=>false}) :count)))
BASETYPE: true or false
SIZE WORK_LIST: 94
SIZE generated: 1
EVALUABLE#: 1

-------------------------

----------------
TTYPES
true or false
true or false
true or false
true or false
true or false
true or false

PROGS

LOCAL_COUNT: 40
GLOBAL_COUNT: 109

BASE_AFTER:
(send
  (begin
    (send
      (lvar InvitationCode(id: integer, token: string, diaspora_user_id: integer, count: integer)) :count)) :expired=
  (filled-hole
    (begin
      (send
        (hole 0 {:hash_depth=>0, :limit_depth=>true, :recv=>true}) :save))
    (begin
      (send
        (hole 0 {:hash_depth=>0, :limit_depth=>true, :recv=>true}) :-
        (hole 0 {:hash_depth=>0, :method_arg=>true})))
    (begin
      (send
        (hole 0 {:hash_depth=>0, :limit_depth=>true, :recv=>true}) :count))
    (begin
      (send
        (hole 0 {:hash_depth=>0, :limit_depth=>true, :recv=>true}) :-
        (hole 0 {:hash_depth=>0, :method_arg=>true})))
    (begin
      (send
        (hole 0 {:hash_depth=>0, :limit_depth=>true, :recv=>true}) :save))
    (hole 2 {:hash_depth=>0, :method_arg=>true, :variance=>:+}) {:method_arg=>true}))
BASETYPE: true or false
SIZE WORK_LIST: 93
SIZE generated: 6
EVALUABLE#: 0

-------------------------

----------------
TTYPES
true or false

PROGS

LOCAL_COUNT: 41
GLOBAL_COUNT: 110

BASE_AFTER:
(send
  (begin
    (send
      (lvar InvitationCode(id: integer, token: string, diaspora_user_id: integer, count: integer)) :count)) :expired=
  (begin
    (send
      (filled-hole
        (lvar InvitationCode(id: integer, token: string, diaspora_user_id: integer, count: integer)) {:method_arg=>false}) :count)))
BASETYPE: true or false
SIZE WORK_LIST: 98
SIZE generated: 1
EVALUABLE#: 1

-------------------------

----------------
TTYPES
true or false
true or false
true or false
true or false
true or false
true or false

PROGS

LOCAL_COUNT: 42
GLOBAL_COUNT: 111

BASE_AFTER:
(send
  (begin
    (send
      (lvar InvitationCode(id: integer, token: string, diaspora_user_id: integer, count: integer)) :count)) :discoverable=
  (filled-hole
    (begin
      (send
        (hole 0 {:hash_depth=>0, :limit_depth=>true, :recv=>true}) :save))
    (begin
      (send
        (hole 0 {:hash_depth=>0, :limit_depth=>true, :recv=>true}) :-
        (hole 0 {:hash_depth=>0, :method_arg=>true})))
    (begin
      (send
        (hole 0 {:hash_depth=>0, :limit_depth=>true, :recv=>true}) :count))
    (begin
      (send
        (hole 0 {:hash_depth=>0, :limit_depth=>true, :recv=>true}) :-
        (hole 0 {:hash_depth=>0, :method_arg=>true})))
    (begin
      (send
        (hole 0 {:hash_depth=>0, :limit_depth=>true, :recv=>true}) :save))
    (hole 2 {:hash_depth=>0, :method_arg=>true, :variance=>:+}) {:method_arg=>true}))
BASETYPE: true or false
SIZE WORK_LIST: 97
SIZE generated: 6
EVALUABLE#: 0

-------------------------

----------------
TTYPES
true or false

PROGS

LOCAL_COUNT: 43
GLOBAL_COUNT: 112

BASE_AFTER:
(send
  (begin
    (send
      (lvar InvitationCode(id: integer, token: string, diaspora_user_id: integer, count: integer)) :count)) :discoverable=
  (begin
    (send
      (filled-hole
        (lvar InvitationCode(id: integer, token: string, diaspora_user_id: integer, count: integer)) {:method_arg=>false}) :count)))
BASETYPE: true or false
SIZE WORK_LIST: 102
SIZE generated: 1
EVALUABLE#: 1

-------------------------

----------------
TTYPES
true or false
true or false
true or false
true or false
true or false
true or false

PROGS

LOCAL_COUNT: 44
GLOBAL_COUNT: 113

BASE_AFTER:
(send
  (begin
    (send
      (lvar InvitationCode(id: integer, token: string, diaspora_user_id: integer, count: integer)) :count)) :scheduled_check=
  (filled-hole
    (begin
      (send
        (hole 0 {:hash_depth=>0, :limit_depth=>true, :recv=>true}) :save))
    (begin
      (send
        (hole 0 {:hash_depth=>0, :limit_depth=>true, :recv=>true}) :-
        (hole 0 {:hash_depth=>0, :method_arg=>true})))
    (begin
      (send
        (hole 0 {:hash_depth=>0, :limit_depth=>true, :recv=>true}) :count))
    (begin
      (send
        (hole 0 {:hash_depth=>0, :limit_depth=>true, :recv=>true}) :-
        (hole 0 {:hash_depth=>0, :method_arg=>true})))
    (begin
      (send
        (hole 0 {:hash_depth=>0, :limit_depth=>true, :recv=>true}) :save))
    (hole 2 {:hash_depth=>0, :method_arg=>true, :variance=>:+}) {:method_arg=>true}))
BASETYPE: true or false
SIZE WORK_LIST: 101
SIZE generated: 6
EVALUABLE#: 0

-------------------------

----------------
TTYPES
true or false

PROGS

LOCAL_COUNT: 45
GLOBAL_COUNT: 114

BASE_AFTER:
(send
  (begin
    (send
      (lvar InvitationCode(id: integer, token: string, diaspora_user_id: integer, count: integer)) :count)) :scheduled_check=
  (begin
    (send
      (filled-hole
        (lvar InvitationCode(id: integer, token: string, diaspora_user_id: integer, count: integer)) {:method_arg=>false}) :count)))
BASETYPE: true or false
SIZE WORK_LIST: 106
SIZE generated: 1
EVALUABLE#: 1

-------------------------

----------------
TTYPES
true or false
true or false
true or false
true or false
true or false
true or false

PROGS

LOCAL_COUNT: 46
GLOBAL_COUNT: 115

BASE_AFTER:
(send
  (begin
    (send
      (lvar InvitationCode(id: integer, token: string, diaspora_user_id: integer, count: integer)) :count)) :otp_required_for_login=
  (filled-hole
    (begin
      (send
        (hole 0 {:hash_depth=>0, :limit_depth=>true, :recv=>true}) :save))
    (begin
      (send
        (hole 0 {:hash_depth=>0, :limit_depth=>true, :recv=>true}) :-
        (hole 0 {:hash_depth=>0, :method_arg=>true})))
    (begin
      (send
        (hole 0 {:hash_depth=>0, :limit_depth=>true, :recv=>true}) :count))
    (begin
      (send
        (hole 0 {:hash_depth=>0, :limit_depth=>true, :recv=>true}) :-
        (hole 0 {:hash_depth=>0, :method_arg=>true})))
    (begin
      (send
        (hole 0 {:hash_depth=>0, :limit_depth=>true, :recv=>true}) :save))
    (hole 2 {:hash_depth=>0, :method_arg=>true, :variance=>:+}) {:method_arg=>true}))
BASETYPE: true or false
SIZE WORK_LIST: 105
SIZE generated: 6
EVALUABLE#: 0

-------------------------

----------------
TTYPES
true or false

PROGS

LOCAL_COUNT: 47
GLOBAL_COUNT: 116

BASE_AFTER:
(send
  (begin
    (send
      (lvar InvitationCode(id: integer, token: string, diaspora_user_id: integer, count: integer)) :count)) :otp_required_for_login=
  (begin
    (send
      (filled-hole
        (lvar InvitationCode(id: integer, token: string, diaspora_user_id: integer, count: integer)) {:method_arg=>false}) :count)))
BASETYPE: true or false
SIZE WORK_LIST: 110
SIZE generated: 1
EVALUABLE#: 1

-------------------------

----------------
TTYPES
true or false
true or false
true or false
true or false
true or false
true or false

PROGS

LOCAL_COUNT: 48
GLOBAL_COUNT: 117

BASE_AFTER:
(send
  (begin
    (send
      (lvar InvitationCode(id: integer, token: string, diaspora_user_id: integer, count: integer)) :count)) :admin=
  (filled-hole
    (begin
      (send
        (hole 0 {:hash_depth=>0, :limit_depth=>true, :recv=>true}) :save))
    (begin
      (send
        (hole 0 {:hash_depth=>0, :limit_depth=>true, :recv=>true}) :-
        (hole 0 {:hash_depth=>0, :method_arg=>true})))
    (begin
      (send
        (hole 0 {:hash_depth=>0, :limit_depth=>true, :recv=>true}) :count))
    (begin
      (send
        (hole 0 {:hash_depth=>0, :limit_depth=>true, :recv=>true}) :-
        (hole 0 {:hash_depth=>0, :method_arg=>true})))
    (begin
      (send
        (hole 0 {:hash_depth=>0, :limit_depth=>true, :recv=>true}) :save))
    (hole 2 {:hash_depth=>0, :method_arg=>true, :variance=>:+}) {:method_arg=>true}))
BASETYPE: true or false
SIZE WORK_LIST: 109
SIZE generated: 6
EVALUABLE#: 0

-------------------------

----------------
TTYPES
true or false

PROGS

LOCAL_COUNT: 49
GLOBAL_COUNT: 118

BASE_AFTER:
(send
  (begin
    (send
      (lvar InvitationCode(id: integer, token: string, diaspora_user_id: integer, count: integer)) :count)) :admin=
  (begin
    (send
      (filled-hole
        (lvar InvitationCode(id: integer, token: string, diaspora_user_id: integer, count: integer)) {:method_arg=>false}) :count)))
BASETYPE: true or false
SIZE WORK_LIST: 114
SIZE generated: 1
EVALUABLE#: 1

-------------------------

----------------
TTYPES
true or false
true or false
true or false
true or false
true or false
true or false

PROGS

LOCAL_COUNT: 50
GLOBAL_COUNT: 119

BASE_AFTER:
(send
  (begin
    (send
      (lvar InvitationCode(id: integer, token: string, diaspora_user_id: integer, count: integer)) :count)) :staged=
  (filled-hole
    (begin
      (send
        (hole 0 {:hash_depth=>0, :limit_depth=>true, :recv=>true}) :save))
    (begin
      (send
        (hole 0 {:hash_depth=>0, :limit_depth=>true, :recv=>true}) :-
        (hole 0 {:hash_depth=>0, :method_arg=>true})))
    (begin
      (send
        (hole 0 {:hash_depth=>0, :limit_depth=>true, :recv=>true}) :count))
    (begin
      (send
        (hole 0 {:hash_depth=>0, :limit_depth=>true, :recv=>true}) :-
        (hole 0 {:hash_depth=>0, :method_arg=>true})))
    (begin
      (send
        (hole 0 {:hash_depth=>0, :limit_depth=>true, :recv=>true}) :save))
    (hole 2 {:hash_depth=>0, :method_arg=>true, :variance=>:+}) {:method_arg=>true}))
BASETYPE: true or false
SIZE WORK_LIST: 113
SIZE generated: 6
EVALUABLE#: 0

-------------------------

----------------
TTYPES
true or false

PROGS

LOCAL_COUNT: 51
GLOBAL_COUNT: 120

BASE_AFTER:
(send
  (begin
    (send
      (lvar InvitationCode(id: integer, token: string, diaspora_user_id: integer, count: integer)) :count)) :staged=
  (begin
    (send
      (filled-hole
        (lvar InvitationCode(id: integer, token: string, diaspora_user_id: integer, count: integer)) {:method_arg=>false}) :count)))
BASETYPE: true or false
SIZE WORK_LIST: 118
SIZE generated: 1
EVALUABLE#: 1

-------------------------

----------------
TTYPES
true or false
true or false
true or false
true or false
true or false
true or false

PROGS

LOCAL_COUNT: 52
GLOBAL_COUNT: 121

BASE_AFTER:
(send
  (begin
    (send
      (lvar InvitationCode(id: integer, token: string, diaspora_user_id: integer, count: integer)) :count)) :active=
  (filled-hole
    (begin
      (send
        (hole 0 {:hash_depth=>0, :limit_depth=>true, :recv=>true}) :save))
    (begin
      (send
        (hole 0 {:hash_depth=>0, :limit_depth=>true, :recv=>true}) :-
        (hole 0 {:hash_depth=>0, :method_arg=>true})))
    (begin
      (send
        (hole 0 {:hash_depth=>0, :limit_depth=>true, :recv=>true}) :count))
    (begin
      (send
        (hole 0 {:hash_depth=>0, :limit_depth=>true, :recv=>true}) :-
        (hole 0 {:hash_depth=>0, :method_arg=>true})))
    (begin
      (send
        (hole 0 {:hash_depth=>0, :limit_depth=>true, :recv=>true}) :save))
    (hole 2 {:hash_depth=>0, :method_arg=>true, :variance=>:+}) {:method_arg=>true}))
BASETYPE: true or false
SIZE WORK_LIST: 117
SIZE generated: 6
EVALUABLE#: 0

-------------------------

----------------
TTYPES
true or false

PROGS

LOCAL_COUNT: 53
GLOBAL_COUNT: 122

BASE_AFTER:
(send
  (begin
    (send
      (lvar InvitationCode(id: integer, token: string, diaspora_user_id: integer, count: integer)) :count)) :active=
  (begin
    (send
      (filled-hole
        (lvar InvitationCode(id: integer, token: string, diaspora_user_id: integer, count: integer)) {:method_arg=>false}) :count)))
BASETYPE: true or false
SIZE WORK_LIST: 122
SIZE generated: 1
EVALUABLE#: 1

-------------------------

----------------
TTYPES
true or false
true or false
true or false
true or false
true or false
true or false

PROGS

LOCAL_COUNT: 54
GLOBAL_COUNT: 123

BASE_AFTER:
(send
  (begin
    (send
      (lvar InvitationCode(id: integer, token: string, diaspora_user_id: integer, count: integer)) :count)) :primary=
  (filled-hole
    (begin
      (send
        (hole 0 {:hash_depth=>0, :limit_depth=>true, :recv=>true}) :save))
    (begin
      (send
        (hole 0 {:hash_depth=>0, :limit_depth=>true, :recv=>true}) :-
        (hole 0 {:hash_depth=>0, :method_arg=>true})))
    (begin
      (send
        (hole 0 {:hash_depth=>0, :limit_depth=>true, :recv=>true}) :count))
    (begin
      (send
        (hole 0 {:hash_depth=>0, :limit_depth=>true, :recv=>true}) :-
        (hole 0 {:hash_depth=>0, :method_arg=>true})))
    (begin
      (send
        (hole 0 {:hash_depth=>0, :limit_depth=>true, :recv=>true}) :save))
    (hole 2 {:hash_depth=>0, :method_arg=>true, :variance=>:+}) {:method_arg=>true}))
BASETYPE: true or false
SIZE WORK_LIST: 121
SIZE generated: 6
EVALUABLE#: 0

-------------------------

----------------
TTYPES
true or false

PROGS

LOCAL_COUNT: 55
GLOBAL_COUNT: 124

BASE_AFTER:
(send
  (begin
    (send
      (lvar InvitationCode(id: integer, token: string, diaspora_user_id: integer, count: integer)) :count)) :primary=
  (begin
    (send
      (filled-hole
        (lvar InvitationCode(id: integer, token: string, diaspora_user_id: integer, count: integer)) {:method_arg=>false}) :count)))
BASETYPE: true or false
SIZE WORK_LIST: 126
SIZE generated: 1
EVALUABLE#: 1

-------------------------

----------------
TTYPES
true or false
true or false
true or false
true or false
true or false
true or false

PROGS

LOCAL_COUNT: 56
GLOBAL_COUNT: 125

BASE_AFTER:
(send
  (begin
    (send
      (lvar InvitationCode(id: integer, token: string, diaspora_user_id: integer, count: integer)) :count)) :moderator=
  (filled-hole
    (begin
      (send
        (hole 0 {:hash_depth=>0, :limit_depth=>true, :recv=>true}) :save))
    (begin
      (send
        (hole 0 {:hash_depth=>0, :limit_depth=>true, :recv=>true}) :-
        (hole 0 {:hash_depth=>0, :method_arg=>true})))
    (begin
      (send
        (hole 0 {:hash_depth=>0, :limit_depth=>true, :recv=>true}) :count))
    (begin
      (send
        (hole 0 {:hash_depth=>0, :limit_depth=>true, :recv=>true}) :-
        (hole 0 {:hash_depth=>0, :method_arg=>true})))
    (begin
      (send
        (hole 0 {:hash_depth=>0, :limit_depth=>true, :recv=>true}) :save))
    (hole 2 {:hash_depth=>0, :method_arg=>true, :variance=>:+}) {:method_arg=>true}))
BASETYPE: true or false
SIZE WORK_LIST: 125
SIZE generated: 6
EVALUABLE#: 0

-------------------------

----------------
TTYPES
true or false

PROGS

LOCAL_COUNT: 57
GLOBAL_COUNT: 126

BASE_AFTER:
(send
  (begin
    (send
      (lvar InvitationCode(id: integer, token: string, diaspora_user_id: integer, count: integer)) :count)) :moderator=
  (begin
    (send
      (filled-hole
        (lvar InvitationCode(id: integer, token: string, diaspora_user_id: integer, count: integer)) {:method_arg=>false}) :count)))
BASETYPE: true or false
SIZE WORK_LIST: 130
SIZE generated: 1
EVALUABLE#: 1

-------------------------

----------------
TTYPES
Integer
Integer
Integer
Integer
Integer
Integer
Integer
Integer
Integer
Integer

PROGS

LOCAL_COUNT: 58
GLOBAL_COUNT: 127

BASE_AFTER:
(begin
  (send
    (begin
      (send
        (lvar InvitationCode(id: integer, token: string, diaspora_user_id: integer, count: integer)) :count)) :-
    (filled-hole
      (send
        (hole 0 {:hash_depth=>0, :limit_depth=>true, :recv=>true}) :id=
        (hole 0 {:hash_depth=>0, :method_arg=>true}))
      (send
        (hole 0 {:hash_depth=>0, :limit_depth=>true, :recv=>true}) :id)
      (send
        (hole 0 {:hash_depth=>0, :limit_depth=>true, :recv=>true}) :diaspora_user_id=
        (hole 0 {:hash_depth=>0, :method_arg=>true}))
      (send
        (hole 0 {:hash_depth=>0, :limit_depth=>true, :recv=>true}) :diaspora_user_id)
      (send
        (hole 0 {:hash_depth=>0, :limit_depth=>true, :recv=>true}) :count=
        (hole 0 {:hash_depth=>0, :method_arg=>true}))
      (begin
        (send
          (hole 0 {:hash_depth=>0, :limit_depth=>true, :recv=>true}) :count))
      (begin
        (send
          (hole 0 {:hash_depth=>0, :limit_depth=>true, :recv=>true}) :count))
      (begin
        (send
          (hole 0 {:hash_depth=>0, :limit_depth=>true, :recv=>true}) :count))
      (begin
        (send
          (hole 0 {:hash_depth=>0, :limit_depth=>true, :recv=>true}) :-
          (hole 0 {:hash_depth=>0, :method_arg=>true})))
      (begin
        (send
          (hole 0 {:hash_depth=>0, :limit_depth=>true, :recv=>true}) :count))
      (begin
        (send
          (hole 0 {:hash_depth=>0, :limit_depth=>true, :recv=>true}) :-
          (hole 0 {:hash_depth=>0, :method_arg=>true})))
      (hole 2 {:hash_depth=>0, :method_arg=>true, :variance=>:+}) {:method_arg=>true})))
BASETYPE: Integer
SIZE WORK_LIST: 129
SIZE generated: 10
EVALUABLE#: 0

-------------------------

----------------
TTYPES
Integer

PROGS

LOCAL_COUNT: 59
GLOBAL_COUNT: 128

BASE_AFTER:
(begin
  (send
    (begin
      (send
        (lvar InvitationCode(id: integer, token: string, diaspora_user_id: integer, count: integer)) :count)) :-
    (begin
      (send
        (filled-hole
          (lvar InvitationCode(id: integer, token: string, diaspora_user_id: integer, count: integer)) {:method_arg=>false}) :count))))
BASETYPE: Integer
SIZE WORK_LIST: 138
SIZE generated: 1
EVALUABLE#: 1

-------------------------

----------------
TTYPES
true or false

PROGS

LOCAL_COUNT: 60
GLOBAL_COUNT: 129

BASE_AFTER:
(send
  (begin
    (send
      (lvar InvitationCode(id: integer, token: string, diaspora_user_id: integer, count: integer)) :count)) :confirmed=
  (begin
    (send
      (filled-hole
        (lvar :arg0) {:method_arg=>false}) :save)))
BASETYPE: true or false
SIZE WORK_LIST: 137
SIZE generated: 1
EVALUABLE#: 1

-------------------------

----------------
TTYPES
true or false

PROGS

LOCAL_COUNT: 1
GLOBAL_COUNT: 130

BASE_AFTER:
(filled-hole
  (hole 1 {:hash_depth=>0, :method_arg=>false, :variance=>:+}) {:method_arg=>false})
BASETYPE: true or false
SIZE WORK_LIST: 0
SIZE generated: 1
EVALUABLE#: 0

-------------------------

----------------
TTYPES
false or true
true or false

PROGS

LOCAL_COUNT: 2
GLOBAL_COUNT: 131

BASE_AFTER:
(filled-hole
  (begin
    (send
      (hole 0 {:hash_depth=>0, :limit_depth=>true, :recv=>true}) :save))
  (hole 2 {:hash_depth=>0, :method_arg=>false, :variance=>:+}) {:method_arg=>false})
BASETYPE: true or false
SIZE WORK_LIST: 0
SIZE generated: 2
EVALUABLE#: 0

-------------------------

----------------
TTYPES
false or true

PROGS

LOCAL_COUNT: 3
GLOBAL_COUNT: 132

BASE_AFTER:
(begin
  (send
    (filled-hole
      (lvar :arg0) {:method_arg=>false}) :save))
BASETYPE: false or true
SIZE WORK_LIST: 1
SIZE generated: 1
EVALUABLE#: 1

-------------------------

----------------
TTYPES
true or false
true or false
Integer
Integer
Integer
String
%bot

PROGS

LOCAL_COUNT: 1
GLOBAL_COUNT: 1

BASE_AFTER:
(filled-hole
  (true)
  (false)
  (int 0)
  (int 1)
  (int 2)
  (str "")
  (hole 1 {:hash_depth=>0, :method_arg=>false, :variance=>:-}) {:method_arg=>false})
BASETYPE: %bot
SIZE WORK_LIST: 0
SIZE generated: 7
EVALUABLE#: 6

-------------------------

----------------
TTYPES
true or false
true or false

PROGS

LOCAL_COUNT: 2
GLOBAL_COUNT: 2

BASE_AFTER:
(true)
BASETYPE: true or false
SIZE WORK_LIST: 6
SIZE generated: 2
EVALUABLE#: 0

-------------------------

----------------
TTYPES
true or false
true or false

PROGS

LOCAL_COUNT: 3
GLOBAL_COUNT: 3

BASE_AFTER:
(false)
BASETYPE: true or false
SIZE WORK_LIST: 7
SIZE generated: 2
EVALUABLE#: 0

-------------------------

----------------
TTYPES
Integer
Integer

PROGS

LOCAL_COUNT: 4
GLOBAL_COUNT: 4

BASE_AFTER:
(int 0)
BASETYPE: Integer
SIZE WORK_LIST: 8
SIZE generated: 2
EVALUABLE#: 0

-------------------------

----------------
TTYPES
Integer
Integer

PROGS

LOCAL_COUNT: 5
GLOBAL_COUNT: 5

BASE_AFTER:
(int 1)
BASETYPE: Integer
SIZE WORK_LIST: 9
SIZE generated: 2
EVALUABLE#: 0

-------------------------

----------------
TTYPES
Integer
Integer

PROGS

LOCAL_COUNT: 6
GLOBAL_COUNT: 6

BASE_AFTER:
(int 2)
BASETYPE: Integer
SIZE WORK_LIST: 10
SIZE generated: 2
EVALUABLE#: 0

-------------------------

----------------
TTYPES
String
String

PROGS

LOCAL_COUNT: 7
GLOBAL_COUNT: 7

BASE_AFTER:
(str "")
BASETYPE: String
SIZE WORK_LIST: 11
SIZE generated: 2
EVALUABLE#: 0

-------------------------

----------------
TTYPES
%bot

PROGS

LOCAL_COUNT: 8
GLOBAL_COUNT: 8

BASE_AFTER:
(filled-hole
  (begin
    (send
      (hole 0 {:hash_depth=>0, :limit_depth=>true, :recv=>true}) :-
      (hole 0 {:hash_depth=>0, :method_arg=>true})))
  (begin
    (send
      (hole 0 {:hash_depth=>0, :limit_depth=>true, :recv=>true}) :count))
  (begin
    (send
      (hole 0 {:hash_depth=>0, :limit_depth=>true, :recv=>true}) :-
      (hole 0 {:hash_depth=>0, :method_arg=>true})))
  (hole 2 {:hash_depth=>0, :method_arg=>false, :variance=>:-}) {:method_arg=>false})
BASETYPE: %bot
SIZE WORK_LIST: 12
SIZE generated: 1
EVALUABLE#: 0

-------------------------

----------------
TTYPES
true or false
true or false
true or false
true or false

PROGS

LOCAL_COUNT: 9
GLOBAL_COUNT: 9

BASE_AFTER:
(begin
  (send
    (hole 0 {:hash_depth=>0, :limit_depth=>true, :recv=>true}) :count=
    (hole 0 {:hash_depth=>0, :method_arg=>true}))
  (true))
BASETYPE: true or false
SIZE WORK_LIST: 12
SIZE generated: 4
EVALUABLE#: 3

-------------------------

----------------
TTYPES
true or false

PROGS

LOCAL_COUNT: 10
GLOBAL_COUNT: 10

BASE_AFTER:
(begin
  (send
    (hole 0 {:hash_depth=>0, :limit_depth=>true, :recv=>true}) :diaspora_user=
    (hole 0 {:hash_depth=>0, :method_arg=>true}))
  (true))
BASETYPE: true or false
SIZE WORK_LIST: 14
SIZE generated: 1
EVALUABLE#: 0

-------------------------

----------------
TTYPES
true or false
true or false
true or false
true or false

PROGS

LOCAL_COUNT: 11
GLOBAL_COUNT: 11

BASE_AFTER:
(begin
  (send
    (hole 0 {:hash_depth=>0, :limit_depth=>true, :recv=>true}) :count=
    (hole 0 {:hash_depth=>0, :method_arg=>true}))
  (false))
BASETYPE: true or false
SIZE WORK_LIST: 14
SIZE generated: 4
EVALUABLE#: 3

-------------------------

----------------
TTYPES
true or false

PROGS

LOCAL_COUNT: 12
GLOBAL_COUNT: 12

BASE_AFTER:
(begin
  (send
    (hole 0 {:hash_depth=>0, :limit_depth=>true, :recv=>true}) :diaspora_user=
    (hole 0 {:hash_depth=>0, :method_arg=>true}))
  (false))
BASETYPE: true or false
SIZE WORK_LIST: 16
SIZE generated: 1
EVALUABLE#: 0

-------------------------

----------------
TTYPES
Integer
Integer
Integer
Integer
Integer

PROGS

LOCAL_COUNT: 13
GLOBAL_COUNT: 13

BASE_AFTER:
(begin
  (send
    (hole 0 {:hash_depth=>0, :limit_depth=>true, :recv=>true}) :count=
    (hole 0 {:hash_depth=>0, :method_arg=>true}))
  (int 0))
BASETYPE: Integer
SIZE WORK_LIST: 16
SIZE generated: 5
EVALUABLE#: 4

-------------------------

----------------
TTYPES
Integer

PROGS

LOCAL_COUNT: 14
GLOBAL_COUNT: 14

BASE_AFTER:
(begin
  (send
    (hole 0 {:hash_depth=>0, :limit_depth=>true, :recv=>true}) :diaspora_user=
    (hole 0 {:hash_depth=>0, :method_arg=>true}))
  (int 0))
BASETYPE: Integer
SIZE WORK_LIST: 19
SIZE generated: 1
EVALUABLE#: 0

-------------------------

----------------
TTYPES
Integer
Integer
Integer
Integer
Integer

PROGS

LOCAL_COUNT: 15
GLOBAL_COUNT: 15

BASE_AFTER:
(begin
  (send
    (hole 0 {:hash_depth=>0, :limit_depth=>true, :recv=>true}) :count=
    (hole 0 {:hash_depth=>0, :method_arg=>true}))
  (int 1))
BASETYPE: Integer
SIZE WORK_LIST: 19
SIZE generated: 5
EVALUABLE#: 4

-------------------------

----------------
TTYPES
Integer

PROGS

LOCAL_COUNT: 16
GLOBAL_COUNT: 16

BASE_AFTER:
(begin
  (send
    (hole 0 {:hash_depth=>0, :limit_depth=>true, :recv=>true}) :diaspora_user=
    (hole 0 {:hash_depth=>0, :method_arg=>true}))
  (int 1))
BASETYPE: Integer
SIZE WORK_LIST: 22
SIZE generated: 1
EVALUABLE#: 0

-------------------------

----------------
TTYPES
Integer
Integer
Integer
Integer
Integer

PROGS

LOCAL_COUNT: 17
GLOBAL_COUNT: 17

BASE_AFTER:
(begin
  (send
    (hole 0 {:hash_depth=>0, :limit_depth=>true, :recv=>true}) :count=
    (hole 0 {:hash_depth=>0, :method_arg=>true}))
  (int 2))
BASETYPE: Integer
SIZE WORK_LIST: 22
SIZE generated: 5
EVALUABLE#: 4

-------------------------

----------------
TTYPES
Integer

PROGS

LOCAL_COUNT: 18
GLOBAL_COUNT: 18

BASE_AFTER:
(begin
  (send
    (hole 0 {:hash_depth=>0, :limit_depth=>true, :recv=>true}) :diaspora_user=
    (hole 0 {:hash_depth=>0, :method_arg=>true}))
  (int 2))
BASETYPE: Integer
SIZE WORK_LIST: 24
SIZE generated: 1
EVALUABLE#: 0

-------------------------

----------------
TTYPES
String
String
String
String

PROGS

LOCAL_COUNT: 19
GLOBAL_COUNT: 19

BASE_AFTER:
(begin
  (send
    (hole 0 {:hash_depth=>0, :limit_depth=>true, :recv=>true}) :count=
    (hole 0 {:hash_depth=>0, :method_arg=>true}))
  (str ""))
BASETYPE: String
SIZE WORK_LIST: 24
SIZE generated: 4
EVALUABLE#: 3

-------------------------

----------------
TTYPES
String

PROGS

LOCAL_COUNT: 20
GLOBAL_COUNT: 20

BASE_AFTER:
(begin
  (send
    (hole 0 {:hash_depth=>0, :limit_depth=>true, :recv=>true}) :diaspora_user=
    (hole 0 {:hash_depth=>0, :method_arg=>true}))
  (str ""))
BASETYPE: String
SIZE WORK_LIST: 26
SIZE generated: 1
EVALUABLE#: 0

-------------------------

----------------
TTYPES
true or false
true or false

PROGS

LOCAL_COUNT: 21
GLOBAL_COUNT: 21

BASE_AFTER:
(begin
  (send
    (lvar :arg0) :count=
    (int 0))
  (true))
BASETYPE: true or false
SIZE WORK_LIST: 26
SIZE generated: 2
EVALUABLE#: 0

-------------------------

----------------
TTYPES
true or false
true or false

PROGS

LOCAL_COUNT: 22
GLOBAL_COUNT: 22

BASE_AFTER:
(begin
  (send
    (lvar :arg0) :count=
    (int 1))
  (true))
BASETYPE: true or false
SIZE WORK_LIST: 27
SIZE generated: 2
EVALUABLE#: 0

-------------------------

----------------
TTYPES
true or false
true or false

PROGS

LOCAL_COUNT: 23
GLOBAL_COUNT: 23

BASE_AFTER:
(begin
  (send
    (lvar :arg0) :count=
    (int 0))
  (false))
BASETYPE: true or false
SIZE WORK_LIST: 28
SIZE generated: 2
EVALUABLE#: 0

-------------------------

----------------
TTYPES
true or false
true or false

PROGS

LOCAL_COUNT: 24
GLOBAL_COUNT: 24

BASE_AFTER:
(begin
  (send
    (lvar :arg0) :count=
    (int 1))
  (false))
BASETYPE: true or false
SIZE WORK_LIST: 29
SIZE generated: 2
EVALUABLE#: 0

-------------------------

----------------
TTYPES
Integer
Integer

PROGS

LOCAL_COUNT: 25
GLOBAL_COUNT: 25

BASE_AFTER:
(begin
  (send
    (lvar :arg0) :count=
    (int 0))
  (int 0))
BASETYPE: Integer
SIZE WORK_LIST: 30
SIZE generated: 2
EVALUABLE#: 0

-------------------------

----------------
TTYPES
Integer
Integer

PROGS

LOCAL_COUNT: 26
GLOBAL_COUNT: 26

BASE_AFTER:
(begin
  (send
    (lvar :arg0) :count=
    (int 1))
  (int 0))
BASETYPE: Integer
SIZE WORK_LIST: 31
SIZE generated: 2
EVALUABLE#: 0

-------------------------

----------------
TTYPES
Integer
Integer

PROGS

LOCAL_COUNT: 27
GLOBAL_COUNT: 27

BASE_AFTER:
(begin
  (lvasgn :t0
    (int 0))
  (send
    (lvar :arg0) :count=
    (lvar :t0))
  (lvar :t0))
BASETYPE: Integer
SIZE WORK_LIST: 32
SIZE generated: 2
EVALUABLE#: 0

-------------------------

----------------
TTYPES
Integer
Integer

PROGS

LOCAL_COUNT: 28
GLOBAL_COUNT: 28

BASE_AFTER:
(begin
  (send
    (lvar :arg0) :count=
    (int 0))
  (int 1))
BASETYPE: Integer
SIZE WORK_LIST: 33
SIZE generated: 2
EVALUABLE#: 0

-------------------------

----------------
TTYPES
Integer
Integer

PROGS

LOCAL_COUNT: 29
GLOBAL_COUNT: 29

BASE_AFTER:
(begin
  (send
    (lvar :arg0) :count=
    (int 1))
  (int 1))
BASETYPE: Integer
SIZE WORK_LIST: 34
SIZE generated: 2
EVALUABLE#: 0

-------------------------

----------------
TTYPES
Integer
Integer

PROGS

LOCAL_COUNT: 30
GLOBAL_COUNT: 30

BASE_AFTER:
(begin
  (lvasgn :t0
    (int 1))
  (send
    (lvar :arg0) :count=
    (lvar :t0))
  (lvar :t0))
BASETYPE: Integer
SIZE WORK_LIST: 35
SIZE generated: 2
EVALUABLE#: 0

-------------------------

----------------
TTYPES
Integer
Integer

PROGS

LOCAL_COUNT: 31
GLOBAL_COUNT: 31

BASE_AFTER:
(begin
  (send
    (lvar :arg0) :count=
    (int 0))
  (int 2))
BASETYPE: Integer
SIZE WORK_LIST: 36
SIZE generated: 2
EVALUABLE#: 0

-------------------------

----------------
TTYPES
Integer
Integer

PROGS

LOCAL_COUNT: 32
GLOBAL_COUNT: 32

BASE_AFTER:
(begin
  (send
    (lvar :arg0) :count=
    (int 1))
  (int 2))
BASETYPE: Integer
SIZE WORK_LIST: 37
SIZE generated: 2
EVALUABLE#: 0

-------------------------

----------------
TTYPES
String
String

PROGS

LOCAL_COUNT: 33
GLOBAL_COUNT: 33

BASE_AFTER:
(begin
  (send
    (lvar :arg0) :count=
    (int 0))
  (str ""))
BASETYPE: String
SIZE WORK_LIST: 38
SIZE generated: 2
EVALUABLE#: 0

-------------------------

----------------
TTYPES
String
String

PROGS

LOCAL_COUNT: 34
GLOBAL_COUNT: 34

BASE_AFTER:
(begin
  (send
    (lvar :arg0) :count=
    (int 1))
  (str ""))
BASETYPE: String
SIZE WORK_LIST: 39
SIZE generated: 2
EVALUABLE#: 0

-------------------------

----------------
TTYPES
Integer
Integer
Integer
Integer
Integer
Integer
Integer
Integer
Integer
%bot

PROGS

LOCAL_COUNT: 35
GLOBAL_COUNT: 35

BASE_AFTER:
(filled-hole
  (begin
    (send
      (send
        (hole 0 {:hash_depth=>0, :limit_depth=>true, :recv=>true}) :id=
        (hole 0 {:hash_depth=>0, :method_arg=>true})) :-
      (hole 0 {:hash_depth=>0, :method_arg=>true})))
  (begin
    (send
      (send
        (hole 0 {:hash_depth=>0, :limit_depth=>true, :recv=>true}) :id=
        (hole 0 {:hash_depth=>0, :method_arg=>true})) :-
      (hole 0 {:hash_depth=>0, :method_arg=>true})))
  (begin
    (send
      (send
        (hole 0 {:hash_depth=>0, :limit_depth=>true, :recv=>true}) :id=
        (hole 0 {:hash_depth=>0, :method_arg=>true})) :count))
  (begin
    (send
      (send
        (hole 0 {:hash_depth=>0, :limit_depth=>true, :recv=>true}) :id) :-
      (hole 0 {:hash_depth=>0, :method_arg=>true})))
  (begin
    (send
      (send
        (hole 0 {:hash_depth=>0, :limit_depth=>true, :recv=>true}) :id) :-
      (hole 0 {:hash_depth=>0, :method_arg=>true})))
  (begin
    (send
      (send
        (hole 0 {:hash_depth=>0, :limit_depth=>true, :recv=>true}) :id) :count))
  (begin
    (send
      (send
        (hole 0 {:hash_depth=>0, :limit_depth=>true, :recv=>true}) :token=
        (hole 0 {:hash_depth=>0, :method_arg=>true})) :count))
  (begin
    (send
      (send
        (hole 0 {:hash_depth=>0, :limit_depth=>true, :recv=>true}) :token=
        (hole 0 {:hash_depth=>0, :method_arg=>true})) :-
      (hole 0 {:hash_depth=>0, :method_arg=>true})))
  (begin
    (send
      (send
        (hole 0 {:hash_depth=>0, :limit_depth=>true, :recv=>true}) :token) :count))
  (begin
    (send
      (send
        (hole 0 {:hash_depth=>0, :limit_depth=>true, :recv=>true}) :token) :-
      (hole 0 {:hash_depth=>0, :method_arg=>true})))
  (begin
    (send
      (send
        (hole 0 {:hash_depth=>0, :limit_depth=>true, :recv=>true}) :diaspora_user_id=
        (hole 0 {:hash_depth=>0, :method_arg=>true})) :-
      (hole 0 {:hash_depth=>0, :method_arg=>true})))
  (begin
    (send
      (send
        (hole 0 {:hash_depth=>0, :limit_depth=>true, :recv=>true}) :diaspora_user_id=
        (hole 0 {:hash_depth=>0, :method_arg=>true})) :-
      (hole 0 {:hash_depth=>0, :method_arg=>true})))
  (begin
    (send
      (send
        (hole 0 {:hash_depth=>0, :limit_depth=>true, :recv=>true}) :diaspora_user_id=
        (hole 0 {:hash_depth=>0, :method_arg=>true})) :count))
  (begin
    (send
      (send
        (hole 0 {:hash_depth=>0, :limit_depth=>true, :recv=>true}) :diaspora_user_id) :-
      (hole 0 {:hash_depth=>0, :method_arg=>true})))
  (begin
    (send
      (send
        (hole 0 {:hash_depth=>0, :limit_depth=>true, :recv=>true}) :diaspora_user_id) :-
      (hole 0 {:hash_depth=>0, :method_arg=>true})))
  (begin
    (send
      (send
        (hole 0 {:hash_depth=>0, :limit_depth=>true, :recv=>true}) :diaspora_user_id) :count))
  (begin
    (send
      (send
        (hole 0 {:hash_depth=>0, :limit_depth=>true, :recv=>true}) :count=
        (hole 0 {:hash_depth=>0, :method_arg=>true})) :-
      (hole 0 {:hash_depth=>0, :method_arg=>true})))
  (begin
    (send
      (send
        (hole 0 {:hash_depth=>0, :limit_depth=>true, :recv=>true}) :count=
        (hole 0 {:hash_depth=>0, :method_arg=>true})) :-
      (hole 0 {:hash_depth=>0, :method_arg=>true})))
  (begin
    (send
      (send
        (hole 0 {:hash_depth=>0, :limit_depth=>true, :recv=>true}) :count=
        (hole 0 {:hash_depth=>0, :method_arg=>true})) :count))
  (begin
    (send
      (begin
        (send
          (hole 0 {:hash_depth=>0, :limit_depth=>true, :recv=>true}) :count)) :-
      (hole 0 {:hash_depth=>0, :method_arg=>true})))
  (begin
    (send
      (begin
        (send
          (hole 0 {:hash_depth=>0, :limit_depth=>true, :recv=>true}) :count)) :-
      (hole 0 {:hash_depth=>0, :method_arg=>true})))
  (begin
    (send
      (begin
        (send
          (hole 0 {:hash_depth=>0, :limit_depth=>true, :recv=>true}) :count)) :count))
  (begin
    (send
      (send
        (hole 0 {:hash_depth=>0, :limit_depth=>true, :recv=>true}) :diaspora_user) :count))
  (begin
    (send
      (send
        (hole 0 {:hash_depth=>0, :limit_depth=>true, :recv=>true}) :diaspora_user) :-
      (hole 0 {:hash_depth=>0, :method_arg=>true})))
  (begin
    (send
      (send
        (hole 0 {:hash_depth=>0, :limit_depth=>true, :recv=>true}) :diaspora_user=
        (hole 0 {:hash_depth=>0, :method_arg=>true})) :count))
  (begin
    (send
      (send
        (hole 0 {:hash_depth=>0, :limit_depth=>true, :recv=>true}) :diaspora_user=
        (hole 0 {:hash_depth=>0, :method_arg=>true})) :-
      (hole 0 {:hash_depth=>0, :method_arg=>true})))
  (begin
    (send
      (begin
        (send
          (hole 0 {:hash_depth=>0, :limit_depth=>true, :recv=>true}) :-
          (hole 0 {:hash_depth=>0, :method_arg=>true}))) :-
      (hole 0 {:hash_depth=>0, :method_arg=>true})))
  (begin
    (send
      (begin
        (send
          (hole 0 {:hash_depth=>0, :limit_depth=>true, :recv=>true}) :-
          (hole 0 {:hash_depth=>0, :method_arg=>true}))) :-
      (hole 0 {:hash_depth=>0, :method_arg=>true})))
  (begin
    (send
      (begin
        (send
          (hole 0 {:hash_depth=>0, :limit_depth=>true, :recv=>true}) :save)) :count))
  (begin
    (send
      (begin
        (send
          (hole 0 {:hash_depth=>0, :limit_depth=>true, :recv=>true}) :save)) :-
      (hole 0 {:hash_depth=>0, :method_arg=>true})))
  (begin
    (send
      (begin
        (send
          (hole 0 {:hash_depth=>0, :limit_depth=>true, :recv=>true}) :count)) :-
      (hole 0 {:hash_depth=>0, :method_arg=>true})))
  (begin
    (send
      (begin
        (send
          (hole 0 {:hash_depth=>0, :limit_depth=>true, :recv=>true}) :count)) :-
      (hole 0 {:hash_depth=>0, :method_arg=>true})))
  (begin
    (send
      (begin
        (send
          (hole 0 {:hash_depth=>0, :limit_depth=>true, :recv=>true}) :-
          (hole 0 {:hash_depth=>0, :method_arg=>true}))) :-
      (hole 0 {:hash_depth=>0, :method_arg=>true})))
  (begin
    (send
      (begin
        (send
          (hole 0 {:hash_depth=>0, :limit_depth=>true, :recv=>true}) :-
          (hole 0 {:hash_depth=>0, :method_arg=>true}))) :-
      (hole 0 {:hash_depth=>0, :method_arg=>true})))
  (begin
    (send
      (begin
        (send
          (hole 0 {:hash_depth=>0, :limit_depth=>true, :recv=>true}) :save)) :count))
  (begin
    (send
      (begin
        (send
          (hole 0 {:hash_depth=>0, :limit_depth=>true, :recv=>true}) :save)) :-
      (hole 0 {:hash_depth=>0, :method_arg=>true})))
  (hole 3 {:hash_depth=>0, :method_arg=>false, :variance=>:-}) {:method_arg=>false})
BASETYPE: %bot
SIZE WORK_LIST: 40
SIZE generated: 10
EVALUABLE#: 0

-------------------------

----------------
TTYPES
Integer
Integer
Integer
Integer
Integer
Integer
Integer
Integer
Integer
Integer
Integer
Integer
Integer
Integer
Integer
Integer
Integer
Integer
Integer
Integer
Integer
Integer
Integer
Integer
Integer
Integer
Integer
Integer
Integer
Integer
Integer
Integer
Integer
Integer
Integer
Integer

PROGS

LOCAL_COUNT: 36
GLOBAL_COUNT: 36

BASE_AFTER:
(begin
  (send
    (begin
      (send
        (filled-hole
          (lvar :arg0) {:method_arg=>false}) :-
        (filled-hole
          (lvar :arg0)
          (lvar InvitationCode(id: integer, token: string, diaspora_user_id: integer, count: integer))
          (true)
          (false)
          (int 0)
          (int 1)
          (int 2)
          (str "")
          (hole 1 {:hash_depth=>0, :method_arg=>true, :variance=>:+}) {:method_arg=>true}))) :-
    (filled-hole
      (int 0)
      (int 1)
      (int 2)
      (hole 1 {:hash_depth=>0, :method_arg=>true, :variance=>:+}) {:method_arg=>true})))
BASETYPE: Integer
SIZE WORK_LIST: 49
SIZE generated: 36
EVALUABLE#: 24

-------------------------

----------------
TTYPES
Integer
Integer
Integer
Integer
Integer
Integer
Integer
Integer
Integer
Integer
Integer
Integer
Integer
Integer
Integer
Integer
Integer
Integer
Integer
Integer
Integer
Integer
Integer
Integer
Integer
Integer
Integer
Integer
Integer
Integer
Integer
Integer
Integer
Integer
Integer
Integer

PROGS

LOCAL_COUNT: 37
GLOBAL_COUNT: 37

BASE_AFTER:
(begin
  (send
    (begin
      (send
        (filled-hole
          (lvar InvitationCode(id: integer, token: string, diaspora_user_id: integer, count: integer)) {:method_arg=>false}) :-
        (filled-hole
          (lvar :arg0)
          (lvar InvitationCode(id: integer, token: string, diaspora_user_id: integer, count: integer))
          (true)
          (false)
          (int 0)
          (int 1)
          (int 2)
          (str "")
          (hole 1 {:hash_depth=>0, :method_arg=>true, :variance=>:+}) {:method_arg=>true}))) :-
    (filled-hole
      (int 0)
      (int 1)
      (int 2)
      (hole 1 {:hash_depth=>0, :method_arg=>true, :variance=>:+}) {:method_arg=>true})))
BASETYPE: Integer
SIZE WORK_LIST: 60
SIZE generated: 36
EVALUABLE#: 24

-------------------------

----------------
TTYPES
Integer
Integer
Integer
Integer

PROGS

LOCAL_COUNT: 38
GLOBAL_COUNT: 38

BASE_AFTER:
(begin
  (send
    (begin
      (send
        (filled-hole
          (lvar InvitationCode(id: integer, token: string, diaspora_user_id: integer, count: integer)) {:method_arg=>false}) :count)) :-
    (filled-hole
      (int 0)
      (int 1)
      (int 2)
      (hole 1 {:hash_depth=>0, :method_arg=>true, :variance=>:+}) {:method_arg=>true})))
BASETYPE: Integer
SIZE WORK_LIST: 71
SIZE generated: 4
EVALUABLE#: 3

-------------------------

----------------
TTYPES
true or false
true or false
true or false
true or false
true or false
true or false
true or false
true or false
true or false
true or false
true or false

PROGS

LOCAL_COUNT: 39
GLOBAL_COUNT: 39

BASE_AFTER:
(begin
  (send
    (lvar :arg0) :count=
    (hole 1 {:hash_depth=>0, :method_arg=>true, :variance=>:+}))
  (true))
BASETYPE: true or false
SIZE WORK_LIST: 74
SIZE generated: 11
EVALUABLE#: 0

-------------------------

----------------
TTYPES
Integer
Integer

PROGS

LOCAL_COUNT: 40
GLOBAL_COUNT: 40

BASE_AFTER:
(begin
  (send
    (begin
      (send
        (lvar InvitationCode(id: integer, token: string, diaspora_user_id: integer, count: integer)) :count)) :-
    (int 0)))
BASETYPE: Integer
SIZE WORK_LIST: 84
SIZE generated: 2
EVALUABLE#: 0

-------------------------

----------------
TTYPES
Integer
Integer

PROGS

LOCAL_COUNT: 41
GLOBAL_COUNT: 41

BASE_AFTER:
(begin
  (send
    (begin
      (send
        (lvar InvitationCode(id: integer, token: string, diaspora_user_id: integer, count: integer)) :count)) :-
    (int 1)))
BASETYPE: Integer
SIZE WORK_LIST: 85
SIZE generated: 2
EVALUABLE#: 0

-------------------------

----------------
TTYPES
Integer
Integer

PROGS

LOCAL_COUNT: 42
GLOBAL_COUNT: 42

BASE_AFTER:
(begin
  (send
    (begin
      (send
        (lvar InvitationCode(id: integer, token: string, diaspora_user_id: integer, count: integer)) :count)) :-
    (int 2)))
BASETYPE: Integer
SIZE WORK_LIST: 86
SIZE generated: 2
EVALUABLE#: 0

-------------------------

----------------
TTYPES
true or false

PROGS

LOCAL_COUNT: 43
GLOBAL_COUNT: 43

BASE_AFTER:
(begin
  (send
    (lvar :arg0) :count=
    (begin
      (send
        (hole 0 {:hash_depth=>0, :limit_depth=>true, :recv=>true}) :count)))
  (true))
BASETYPE: true or false
SIZE WORK_LIST: 87
SIZE generated: 1
EVALUABLE#: 1

-------------------------

----------------
TTYPES
true or false
true or false
true or false
true or false
true or false
true or false

PROGS

LOCAL_COUNT: 44
GLOBAL_COUNT: 44

BASE_AFTER:
(begin
  (send
    (lvar :arg0) :diaspora_user=
    (hole 1 {:hash_depth=>0, :method_arg=>true, :variance=>:+}))
  (true))
BASETYPE: true or false
SIZE WORK_LIST: 87
SIZE generated: 6
EVALUABLE#: 0

-------------------------

----------------
TTYPES
true or false
true or false

PROGS

LOCAL_COUNT: 45
GLOBAL_COUNT: 45

BASE_AFTER:
(begin
  (send
    (lvar :arg0) :count=
    (begin
      (send
        (lvar InvitationCode(id: integer, token: string, diaspora_user_id: integer, count: integer)) :count)))
  (true))
BASETYPE: true or false
SIZE WORK_LIST: 92
SIZE generated: 2
EVALUABLE#: 0

-------------------------

----------------
TTYPES
true or false

PROGS

LOCAL_COUNT: 46
GLOBAL_COUNT: 46

BASE_AFTER:
(begin
  (send
    (lvar :arg0) :diaspora_user=
    (begin
      (send
        (hole 0 {:hash_depth=>0, :limit_depth=>true, :recv=>true}) :count)))
  (true))
BASETYPE: true or false
SIZE WORK_LIST: 93
SIZE generated: 1
EVALUABLE#: 1

-------------------------

----------------
TTYPES
true or false
true or false
true or false
true or false
true or false
true or false
true or false
true or false
true or false
true or false
true or false

PROGS

LOCAL_COUNT: 47
GLOBAL_COUNT: 47

BASE_AFTER:
(begin
  (send
    (lvar :arg0) :count=
    (hole 1 {:hash_depth=>0, :method_arg=>true, :variance=>:+}))
  (false))
BASETYPE: true or false
SIZE WORK_LIST: 92
SIZE generated: 11
EVALUABLE#: 0

-------------------------

----------------
TTYPES
true or false

PROGS

LOCAL_COUNT: 48
GLOBAL_COUNT: 48

BASE_AFTER:
(begin
  (send
    (lvar :arg0) :count=
    (begin
      (send
        (hole 0 {:hash_depth=>0, :limit_depth=>true, :recv=>true}) :count)))
  (false))
BASETYPE: true or false
SIZE WORK_LIST: 102
SIZE generated: 1
EVALUABLE#: 1

-------------------------

----------------
TTYPES
true or false
true or false
true or false
true or false
true or false
true or false

PROGS

LOCAL_COUNT: 49
GLOBAL_COUNT: 49

BASE_AFTER:
(begin
  (send
    (lvar :arg0) :diaspora_user=
    (hole 1 {:hash_depth=>0, :method_arg=>true, :variance=>:+}))
  (false))
BASETYPE: true or false
SIZE WORK_LIST: 102
SIZE generated: 6
EVALUABLE#: 0

-------------------------

----------------
TTYPES
true or false
true or false

PROGS

LOCAL_COUNT: 50
GLOBAL_COUNT: 50

BASE_AFTER:
(begin
  (send
    (lvar :arg0) :count=
    (begin
      (send
        (lvar InvitationCode(id: integer, token: string, diaspora_user_id: integer, count: integer)) :count)))
  (false))
BASETYPE: true or false
SIZE WORK_LIST: 107
SIZE generated: 2
EVALUABLE#: 0

-------------------------

----------------
TTYPES
true or false

PROGS

LOCAL_COUNT: 51
GLOBAL_COUNT: 51

BASE_AFTER:
(begin
  (send
    (lvar :arg0) :diaspora_user=
    (begin
      (send
        (hole 0 {:hash_depth=>0, :limit_depth=>true, :recv=>true}) :count)))
  (false))
BASETYPE: true or false
SIZE WORK_LIST: 108
SIZE generated: 1
EVALUABLE#: 1

-------------------------

----------------
TTYPES
Integer
Integer
Integer
Integer
Integer
Integer
Integer
Integer
Integer
Integer
Integer

PROGS

LOCAL_COUNT: 52
GLOBAL_COUNT: 52

BASE_AFTER:
(begin
  (send
    (lvar :arg0) :count=
    (hole 1 {:hash_depth=>0, :method_arg=>true, :variance=>:+}))
  (int 0))
BASETYPE: Integer
SIZE WORK_LIST: 107
SIZE generated: 11
EVALUABLE#: 0

-------------------------

----------------
TTYPES
Integer

PROGS

LOCAL_COUNT: 53
GLOBAL_COUNT: 53

BASE_AFTER:
(begin
  (send
    (lvar :arg0) :count=
    (begin
      (send
        (hole 0 {:hash_depth=>0, :limit_depth=>true, :recv=>true}) :count)))
  (int 0))
BASETYPE: Integer
SIZE WORK_LIST: 117
SIZE generated: 1
EVALUABLE#: 1

-------------------------

----------------
TTYPES
Integer
Integer
Integer
Integer
Integer
Integer

PROGS

LOCAL_COUNT: 54
GLOBAL_COUNT: 54

BASE_AFTER:
(begin
  (send
    (lvar :arg0) :diaspora_user=
    (hole 1 {:hash_depth=>0, :method_arg=>true, :variance=>:+}))
  (int 0))
BASETYPE: Integer
SIZE WORK_LIST: 117
SIZE generated: 6
EVALUABLE#: 0

-------------------------

----------------
TTYPES
Integer
Integer

PROGS

LOCAL_COUNT: 55
GLOBAL_COUNT: 55

BASE_AFTER:
(begin
  (send
    (lvar :arg0) :count=
    (begin
      (send
        (lvar InvitationCode(id: integer, token: string, diaspora_user_id: integer, count: integer)) :count)))
  (int 0))
BASETYPE: Integer
SIZE WORK_LIST: 122
SIZE generated: 2
EVALUABLE#: 0

-------------------------

----------------
TTYPES
Integer

PROGS

LOCAL_COUNT: 56
GLOBAL_COUNT: 56

BASE_AFTER:
(begin
  (send
    (lvar :arg0) :diaspora_user=
    (begin
      (send
        (hole 0 {:hash_depth=>0, :limit_depth=>true, :recv=>true}) :count)))
  (int 0))
BASETYPE: Integer
SIZE WORK_LIST: 123
SIZE generated: 1
EVALUABLE#: 1

-------------------------

----------------
TTYPES
Integer
Integer
Integer
Integer
Integer
Integer
Integer
Integer
Integer
Integer
Integer

PROGS

LOCAL_COUNT: 57
GLOBAL_COUNT: 57

BASE_AFTER:
(begin
  (send
    (lvar :arg0) :count=
    (hole 1 {:hash_depth=>0, :method_arg=>true, :variance=>:+}))
  (int 1))
BASETYPE: Integer
SIZE WORK_LIST: 122
SIZE generated: 11
EVALUABLE#: 0

-------------------------

----------------
TTYPES
Integer

PROGS

LOCAL_COUNT: 58
GLOBAL_COUNT: 58

BASE_AFTER:
(begin
  (send
    (lvar :arg0) :count=
    (begin
      (send
        (hole 0 {:hash_depth=>0, :limit_depth=>true, :recv=>true}) :count)))
  (int 1))
BASETYPE: Integer
SIZE WORK_LIST: 132
SIZE generated: 1
EVALUABLE#: 1

-------------------------

----------------
TTYPES
Integer
Integer
Integer
Integer
Integer
Integer

PROGS

LOCAL_COUNT: 59
GLOBAL_COUNT: 59

BASE_AFTER:
(begin
  (send
    (lvar :arg0) :diaspora_user=
    (hole 1 {:hash_depth=>0, :method_arg=>true, :variance=>:+}))
  (int 1))
BASETYPE: Integer
SIZE WORK_LIST: 132
SIZE generated: 6
EVALUABLE#: 0

-------------------------

----------------
TTYPES
Integer
Integer

PROGS

LOCAL_COUNT: 60
GLOBAL_COUNT: 60

BASE_AFTER:
(begin
  (send
    (lvar :arg0) :count=
    (begin
      (send
        (lvar InvitationCode(id: integer, token: string, diaspora_user_id: integer, count: integer)) :count)))
  (int 1))
BASETYPE: Integer
SIZE WORK_LIST: 137
SIZE generated: 2
EVALUABLE#: 0

-------------------------

----------------
TTYPES
true or false
true or false
Integer
Integer
Integer
String
%bot

PROGS

LOCAL_COUNT: 1
GLOBAL_COUNT: 61

BASE_AFTER:
(filled-hole
  (true)
  (false)
  (int 0)
  (int 1)
  (int 2)
  (str "")
  (hole 1 {:hash_depth=>0, :method_arg=>false, :variance=>:-}) {:method_arg=>false})
BASETYPE: %bot
SIZE WORK_LIST: 0
SIZE generated: 7
EVALUABLE#: 6

-------------------------

----------------
TTYPES
true or false
true or false

PROGS

LOCAL_COUNT: 2
GLOBAL_COUNT: 62

BASE_AFTER:
(true)
BASETYPE: true or false
SIZE WORK_LIST: 6
SIZE generated: 2
EVALUABLE#: 0

-------------------------

----------------
TTYPES
true or false
true or false

PROGS

LOCAL_COUNT: 3
GLOBAL_COUNT: 63

BASE_AFTER:
(false)
BASETYPE: true or false
SIZE WORK_LIST: 7
SIZE generated: 2
EVALUABLE#: 0

-------------------------

----------------
TTYPES
Integer
Integer

PROGS

LOCAL_COUNT: 4
GLOBAL_COUNT: 64

BASE_AFTER:
(int 0)
BASETYPE: Integer
SIZE WORK_LIST: 8
SIZE generated: 2
EVALUABLE#: 0

-------------------------

----------------
TTYPES
Integer
Integer

PROGS

LOCAL_COUNT: 5
GLOBAL_COUNT: 65

BASE_AFTER:
(int 1)
BASETYPE: Integer
SIZE WORK_LIST: 9
SIZE generated: 2
EVALUABLE#: 0

-------------------------

----------------
TTYPES
Integer
Integer

PROGS

LOCAL_COUNT: 6
GLOBAL_COUNT: 66

BASE_AFTER:
(int 2)
BASETYPE: Integer
SIZE WORK_LIST: 10
SIZE generated: 2
EVALUABLE#: 0

-------------------------

----------------
TTYPES
String
String

PROGS

LOCAL_COUNT: 7
GLOBAL_COUNT: 67

BASE_AFTER:
(str "")
BASETYPE: String
SIZE WORK_LIST: 11
SIZE generated: 2
EVALUABLE#: 0

-------------------------

----------------
TTYPES
%bot

PROGS

LOCAL_COUNT: 8
GLOBAL_COUNT: 68

BASE_AFTER:
(filled-hole
  (hole 2 {:hash_depth=>0, :method_arg=>false, :variance=>:-}) {:method_arg=>false})
BASETYPE: %bot
SIZE WORK_LIST: 12
SIZE generated: 1
EVALUABLE#: 0

-------------------------

----------------
TTYPES
true or false
true or false
true or false
true or false

PROGS

LOCAL_COUNT: 9
GLOBAL_COUNT: 69

BASE_AFTER:
(begin
  (send
    (hole 0 {:hash_depth=>0, :limit_depth=>true, :recv=>true}) :count=
    (hole 0 {:hash_depth=>0, :method_arg=>true}))
  (true))
BASETYPE: true or false
SIZE WORK_LIST: 12
SIZE generated: 4
EVALUABLE#: 3

-------------------------

----------------
TTYPES
true or false

PROGS

LOCAL_COUNT: 1
GLOBAL_COUNT: 70

BASE_AFTER:
(filled-hole
  (hole 1 {:hash_depth=>0, :method_arg=>false, :variance=>:+}) {:method_arg=>false})
BASETYPE: true or false
SIZE WORK_LIST: 0
SIZE generated: 1
EVALUABLE#: 0

-------------------------

----------------
TTYPES
true or false
true or false
true or false

PROGS

LOCAL_COUNT: 2
GLOBAL_COUNT: 71

BASE_AFTER:
(filled-hole
  (begin
    (send
      (hole 0 {:hash_depth=>0, :limit_depth=>true, :recv=>true}) :-
      (hole 0 {:hash_depth=>0, :method_arg=>true})))
  (begin
    (send
      (hole 0 {:hash_depth=>0, :limit_depth=>true, :recv=>true}) :save))
  (begin
    (send
      (hole 0 {:hash_depth=>0, :limit_depth=>true, :recv=>true}) :count))
  (begin
    (send
      (hole 0 {:hash_depth=>0, :limit_depth=>true, :recv=>true}) :-
      (hole 0 {:hash_depth=>0, :method_arg=>true})))
  (begin
    (send
      (hole 0 {:hash_depth=>0, :limit_depth=>true, :recv=>true}) :save))
  (hole 2 {:hash_depth=>0, :method_arg=>false, :variance=>:+}) {:method_arg=>false})
BASETYPE: true or false
SIZE WORK_LIST: 0
SIZE generated: 3
EVALUABLE#: 0

-------------------------

----------------
TTYPES
true or false

PROGS

LOCAL_COUNT: 3
GLOBAL_COUNT: 72

BASE_AFTER:
(begin
  (send
    (filled-hole
      (lvar :arg0) {:method_arg=>false}) :save))
BASETYPE: true or false
SIZE WORK_LIST: 2
SIZE generated: 1
EVALUABLE#: 1

-------------------------

----------------
TTYPES
true or false

PROGS

LOCAL_COUNT: 4
GLOBAL_COUNT: 73

BASE_AFTER:
(begin
  (send
    (filled-hole
      (lvar InvitationCode(id: integer, token: string, diaspora_user_id: integer, count: integer)) {:method_arg=>false}) :save))
BASETYPE: true or false
SIZE WORK_LIST: 1
SIZE generated: 1
EVALUABLE#: 1

-------------------------

----------------
TTYPES
Integer
true or false
Integer
true or false
true or false
true or false
Integer
true or false
Integer
true or false
Integer
true or false
Integer
true or false
true or false
true or false
true or false
true or false
true or false
true or false
true or false
true or false
true or false
true or false
true or false
false or true
true or false
true or false
true or false
true or false
true or false
true or false
true or false
true or false
true or false
true or false
true or false
true or false
Integer
true or false
true or false
true or false
true or false
true or false
true or false
true or false
true or false
false or true
true or false
true or false
true or false
true or false
true or false
true or false
true or false
true or false
true or false
true or false
true or false
true or false
Integer
true or false
true or false
true or false
true or false
true or false
true or false
true or false
true or false
false or true
true or false
true or false
true or false
true or false
true or false
true or false
true or false
true or false
true or false
true or false
true or false
true or false
Integer
true or false
true or false

PROGS

LOCAL_COUNT: 5
GLOBAL_COUNT: 74

BASE_AFTER:
(filled-hole
  (begin
    (send
      (send
        (hole 0 {:hash_depth=>0, :limit_depth=>true, :recv=>true}) :id=
        (hole 0 {:hash_depth=>0, :method_arg=>true})) :-
      (hole 0 {:hash_depth=>0, :method_arg=>true})))
  (begin
    (send
      (send
        (hole 0 {:hash_depth=>0, :limit_depth=>true, :recv=>true}) :id=
        (hole 0 {:hash_depth=>0, :method_arg=>true})) :-
      (hole 0 {:hash_depth=>0, :method_arg=>true})))
  (begin
    (send
      (send
        (hole 0 {:hash_depth=>0, :limit_depth=>true, :recv=>true}) :id=
        (hole 0 {:hash_depth=>0, :method_arg=>true})) :-
      (hole 0 {:hash_depth=>0, :method_arg=>true})))
  (begin
    (send
      (send
        (hole 0 {:hash_depth=>0, :limit_depth=>true, :recv=>true}) :id=
        (hole 0 {:hash_depth=>0, :method_arg=>true})) :count))
  (begin
    (send
      (send
        (hole 0 {:hash_depth=>0, :limit_depth=>true, :recv=>true}) :id=
        (hole 0 {:hash_depth=>0, :method_arg=>true})) :save))
  (begin
    (send
      (send
        (hole 0 {:hash_depth=>0, :limit_depth=>true, :recv=>true}) :id) :-
      (hole 0 {:hash_depth=>0, :method_arg=>true})))
  (begin
    (send
      (send
        (hole 0 {:hash_depth=>0, :limit_depth=>true, :recv=>true}) :id) :-
      (hole 0 {:hash_depth=>0, :method_arg=>true})))
  (begin
    (send
      (send
        (hole 0 {:hash_depth=>0, :limit_depth=>true, :recv=>true}) :id) :-
      (hole 0 {:hash_depth=>0, :method_arg=>true})))
  (begin
    (send
      (send
        (hole 0 {:hash_depth=>0, :limit_depth=>true, :recv=>true}) :id) :count))
  (begin
    (send
      (send
        (hole 0 {:hash_depth=>0, :limit_depth=>true, :recv=>true}) :id) :save))
  (begin
    (send
      (send
        (hole 0 {:hash_depth=>0, :limit_depth=>true, :recv=>true}) :token=
        (hole 0 {:hash_depth=>0, :method_arg=>true})) :count))
  (begin
    (send
      (send
        (hole 0 {:hash_depth=>0, :limit_depth=>true, :recv=>true}) :token=
        (hole 0 {:hash_depth=>0, :method_arg=>true})) :-
      (hole 0 {:hash_depth=>0, :method_arg=>true})))
  (begin
    (send
      (send
        (hole 0 {:hash_depth=>0, :limit_depth=>true, :recv=>true}) :token=
        (hole 0 {:hash_depth=>0, :method_arg=>true})) :save))
  (begin
    (send
      (send
        (hole 0 {:hash_depth=>0, :limit_depth=>true, :recv=>true}) :token) :count))
  (begin
    (send
      (send
        (hole 0 {:hash_depth=>0, :limit_depth=>true, :recv=>true}) :token) :-
      (hole 0 {:hash_depth=>0, :method_arg=>true})))
  (begin
    (send
      (send
        (hole 0 {:hash_depth=>0, :limit_depth=>true, :recv=>true}) :token) :save))
  (begin
    (send
      (send
        (hole 0 {:hash_depth=>0, :limit_depth=>true, :recv=>true}) :diaspora_user_id=
        (hole 0 {:hash_depth=>0, :method_arg=>true})) :-
      (hole 0 {:hash_depth=>0, :method_arg=>true})))
  (begin
    (send
      (send
        (hole 0 {:hash_depth=>0, :limit_depth=>true, :recv=>true}) :diaspora_user_id=
        (hole 0 {:hash_depth=>0, :method_arg=>true})) :-
      (hole 0 {:hash_depth=>0, :method_arg=>true})))
  (begin
    (send
      (send
        (hole 0 {:hash_depth=>0, :limit_depth=>true, :recv=>true}) :diaspora_user_id=
        (hole 0 {:hash_depth=>0, :method_arg=>true})) :-
      (hole 0 {:hash_depth=>0, :method_arg=>true})))
  (begin
    (send
      (send
        (hole 0 {:hash_depth=>0, :limit_depth=>true, :recv=>true}) :diaspora_user_id=
        (hole 0 {:hash_depth=>0, :method_arg=>true})) :count))
  (begin
    (send
      (send
        (hole 0 {:hash_depth=>0, :limit_depth=>true, :recv=>true}) :diaspora_user_id=
        (hole 0 {:hash_depth=>0, :method_arg=>true})) :save))
  (begin
    (send
      (send
        (hole 0 {:hash_depth=>0, :limit_depth=>true, :recv=>true}) :diaspora_user_id) :-
      (hole 0 {:hash_depth=>0, :method_arg=>true})))
  (begin
    (send
      (send
        (hole 0 {:hash_depth=>0, :limit_depth=>true, :recv=>true}) :diaspora_user_id) :-
      (hole 0 {:hash_depth=>0, :method_arg=>true})))
  (begin
    (send
      (send
        (hole 0 {:hash_depth=>0, :limit_depth=>true, :recv=>true}) :diaspora_user_id) :-
      (hole 0 {:hash_depth=>0, :method_arg=>true})))
  (begin
    (send
      (send
        (hole 0 {:hash_depth=>0, :limit_depth=>true, :recv=>true}) :diaspora_user_id) :count))
  (begin
    (send
      (send
        (hole 0 {:hash_depth=>0, :limit_depth=>true, :recv=>true}) :diaspora_user_id) :save))
  (begin
    (send
      (send
        (hole 0 {:hash_depth=>0, :limit_depth=>true, :recv=>true}) :count=
        (hole 0 {:hash_depth=>0, :method_arg=>true})) :-
      (hole 0 {:hash_depth=>0, :method_arg=>true})))
  (begin
    (send
      (send
        (hole 0 {:hash_depth=>0, :limit_depth=>true, :recv=>true}) :count=
        (hole 0 {:hash_depth=>0, :method_arg=>true})) :-
      (hole 0 {:hash_depth=>0, :method_arg=>true})))
  (begin
    (send
      (send
        (hole 0 {:hash_depth=>0, :limit_depth=>true, :recv=>true}) :count=
        (hole 0 {:hash_depth=>0, :method_arg=>true})) :-
      (hole 0 {:hash_depth=>0, :method_arg=>true})))
  (begin
    (send
      (send
        (hole 0 {:hash_depth=>0, :limit_depth=>true, :recv=>true}) :count=
        (hole 0 {:hash_depth=>0, :method_arg=>true})) :count))
  (begin
    (send
      (send
        (hole 0 {:hash_depth=>0, :limit_depth=>true, :recv=>true}) :count=
        (hole 0 {:hash_depth=>0, :method_arg=>true})) :save))
  (begin
    (send
      (begin
        (send
          (hole 0 {:hash_depth=>0, :limit_depth=>true, :recv=>true}) :count)) :-
      (hole 0 {:hash_depth=>0, :method_arg=>true})))
  (begin
    (send
      (begin
        (send
          (hole 0 {:hash_depth=>0, :limit_depth=>true, :recv=>true}) :count)) :-
      (hole 0 {:hash_depth=>0, :method_arg=>true})))
  (begin
    (send
      (begin
        (send
          (hole 0 {:hash_depth=>0, :limit_depth=>true, :recv=>true}) :count)) :-
      (hole 0 {:hash_depth=>0, :method_arg=>true})))
  (begin
    (send
      (begin
        (send
          (hole 0 {:hash_depth=>0, :limit_depth=>true, :recv=>true}) :count)) :-
      (hole 0 {:hash_depth=>0, :method_arg=>true})))
  (begin
    (send
      (begin
        (send
          (hole 0 {:hash_depth=>0, :limit_depth=>true, :recv=>true}) :count)) :-
      (hole 0 {:hash_depth=>0, :method_arg=>true})))
  (begin
    (send
      (begin
        (send
          (hole 0 {:hash_depth=>0, :limit_depth=>true, :recv=>true}) :count)) :-
      (hole 0 {:hash_depth=>0, :method_arg=>true})))
  (begin
    (send
      (begin
        (send
          (hole 0 {:hash_depth=>0, :limit_depth=>true, :recv=>true}) :count)) :count))
  (begin
    (send
      (begin
        (send
          (hole 0 {:hash_depth=>0, :limit_depth=>true, :recv=>true}) :count)) :count))
  (begin
    (send
      (begin
        (send
          (hole 0 {:hash_depth=>0, :limit_depth=>true, :recv=>true}) :count)) :save))
  (begin
    (send
      (begin
        (send
          (hole 0 {:hash_depth=>0, :limit_depth=>true, :recv=>true}) :count)) :save))
  (begin
    (send
      (send
        (hole 0 {:hash_depth=>0, :limit_depth=>true, :recv=>true}) :diaspora_user) :count))
  (begin
    (send
      (send
        (hole 0 {:hash_depth=>0, :limit_depth=>true, :recv=>true}) :diaspora_user) :-
      (hole 0 {:hash_depth=>0, :method_arg=>true})))
  (begin
    (send
      (send
        (hole 0 {:hash_depth=>0, :limit_depth=>true, :recv=>true}) :diaspora_user) :save))
  (begin
    (send
      (send
        (hole 0 {:hash_depth=>0, :limit_depth=>true, :recv=>true}) :diaspora_user=
        (hole 0 {:hash_depth=>0, :method_arg=>true})) :count))
  (begin
    (send
      (send
        (hole 0 {:hash_depth=>0, :limit_depth=>true, :recv=>true}) :diaspora_user=
        (hole 0 {:hash_depth=>0, :method_arg=>true})) :-
      (hole 0 {:hash_depth=>0, :method_arg=>true})))
  (begin
    (send
      (send
        (hole 0 {:hash_depth=>0, :limit_depth=>true, :recv=>true}) :diaspora_user=
        (hole 0 {:hash_depth=>0, :method_arg=>true})) :save))
  (begin
    (send
      (begin
        (send
          (hole 0 {:hash_depth=>0, :limit_depth=>true, :recv=>true}) :save)) :count))
  (begin
    (send
      (begin
        (send
          (hole 0 {:hash_depth=>0, :limit_depth=>true, :recv=>true}) :save)) :-
      (hole 0 {:hash_depth=>0, :method_arg=>true})))
  (begin
    (send
      (begin
        (send
          (hole 0 {:hash_depth=>0, :limit_depth=>true, :recv=>true}) :save)) :save))
  (send
    (begin
      (send
        (hole 0 {:hash_depth=>0, :limit_depth=>true, :recv=>true}) :-
        (hole 0 {:hash_depth=>0, :method_arg=>true}))) :confirmed=
    (hole 0 {:hash_depth=>0, :method_arg=>true}))
  (send
    (begin
      (send
        (hole 0 {:hash_depth=>0, :limit_depth=>true, :recv=>true}) :-
        (hole 0 {:hash_depth=>0, :method_arg=>true}))) :confirmed)
  (send
    (begin
      (send
        (hole 0 {:hash_depth=>0, :limit_depth=>true, :recv=>true}) :-
        (hole 0 {:hash_depth=>0, :method_arg=>true}))) :expired=
    (hole 0 {:hash_depth=>0, :method_arg=>true}))
  (send
    (begin
      (send
        (hole 0 {:hash_depth=>0, :limit_depth=>true, :recv=>true}) :-
        (hole 0 {:hash_depth=>0, :method_arg=>true}))) :expired)
  (send
    (begin
      (send
        (hole 0 {:hash_depth=>0, :limit_depth=>true, :recv=>true}) :-
        (hole 0 {:hash_depth=>0, :method_arg=>true}))) :discoverable=
    (hole 0 {:hash_depth=>0, :method_arg=>true}))
  (send
    (begin
      (send
        (hole 0 {:hash_depth=>0, :limit_depth=>true, :recv=>true}) :-
        (hole 0 {:hash_depth=>0, :method_arg=>true}))) :discoverable)
  (send
    (begin
      (send
        (hole 0 {:hash_depth=>0, :limit_depth=>true, :recv=>true}) :-
        (hole 0 {:hash_depth=>0, :method_arg=>true}))) :scheduled_check=
    (hole 0 {:hash_depth=>0, :method_arg=>true}))
  (send
    (begin
      (send
        (hole 0 {:hash_depth=>0, :limit_depth=>true, :recv=>true}) :-
        (hole 0 {:hash_depth=>0, :method_arg=>true}))) :scheduled_check)
  (begin
    (send
      (begin
        (send
          (hole 0 {:hash_depth=>0, :limit_depth=>true, :recv=>true}) :-
          (hole 0 {:hash_depth=>0, :method_arg=>true}))) :save))
  (send
    (begin
      (send
        (hole 0 {:hash_depth=>0, :limit_depth=>true, :recv=>true}) :-
        (hole 0 {:hash_depth=>0, :method_arg=>true}))) :otp_required_for_login=
    (hole 0 {:hash_depth=>0, :method_arg=>true}))
  (send
    (begin
      (send
        (hole 0 {:hash_depth=>0, :limit_depth=>true, :recv=>true}) :-
        (hole 0 {:hash_depth=>0, :method_arg=>true}))) :otp_required_for_login)
  (send
    (begin
      (send
        (hole 0 {:hash_depth=>0, :limit_depth=>true, :recv=>true}) :-
        (hole 0 {:hash_depth=>0, :method_arg=>true}))) :admin=
    (hole 0 {:hash_depth=>0, :method_arg=>true}))
  (send
    (begin
      (send
        (hole 0 {:hash_depth=>0, :limit_depth=>true, :recv=>true}) :-
        (hole 0 {:hash_depth=>0, :method_arg=>true}))) :admin)
  (send
    (begin
      (send
        (hole 0 {:hash_depth=>0, :limit_depth=>true, :recv=>true}) :-
        (hole 0 {:hash_depth=>0, :method_arg=>true}))) :staged=
    (hole 0 {:hash_depth=>0, :method_arg=>true}))
  (send
    (begin
      (send
        (hole 0 {:hash_depth=>0, :limit_depth=>true, :recv=>true}) :-
        (hole 0 {:hash_depth=>0, :method_arg=>true}))) :staged)
  (send
    (begin
      (send
        (hole 0 {:hash_depth=>0, :limit_depth=>true, :recv=>true}) :-
        (hole 0 {:hash_depth=>0, :method_arg=>true}))) :active=
    (hole 0 {:hash_depth=>0, :method_arg=>true}))
  (send
    (begin
      (send
        (hole 0 {:hash_depth=>0, :limit_depth=>true, :recv=>true}) :-
        (hole 0 {:hash_depth=>0, :method_arg=>true}))) :active)
  (send
    (begin
      (send
        (hole 0 {:hash_depth=>0, :limit_depth=>true, :recv=>true}) :-
        (hole 0 {:hash_depth=>0, :method_arg=>true}))) :primary=
    (hole 0 {:hash_depth=>0, :method_arg=>true}))
  (send
    (begin
      (send
        (hole 0 {:hash_depth=>0, :limit_depth=>true, :recv=>true}) :-
        (hole 0 {:hash_depth=>0, :method_arg=>true}))) :primary)
  (send
    (begin
      (send
        (hole 0 {:hash_depth=>0, :limit_depth=>true, :recv=>true}) :-
        (hole 0 {:hash_depth=>0, :method_arg=>true}))) :moderator=
    (hole 0 {:hash_depth=>0, :method_arg=>true}))
  (send
    (begin
      (send
        (hole 0 {:hash_depth=>0, :limit_depth=>true, :recv=>true}) :-
        (hole 0 {:hash_depth=>0, :method_arg=>true}))) :moderator)
  (begin
    (send
      (begin
        (send
          (hole 0 {:hash_depth=>0, :limit_depth=>true, :recv=>true}) :-
          (hole 0 {:hash_depth=>0, :method_arg=>true}))) :-
      (hole 0 {:hash_depth=>0, :method_arg=>true})))
  (begin
    (send
      (begin
        (send
          (hole 0 {:hash_depth=>0, :limit_depth=>true, :recv=>true}) :-
          (hole 0 {:hash_depth=>0, :method_arg=>true}))) :-
      (hole 0 {:hash_depth=>0, :method_arg=>true})))
  (begin
    (send
      (begin
        (send
          (hole 0 {:hash_depth=>0, :limit_depth=>true, :recv=>true}) :-
          (hole 0 {:hash_depth=>0, :method_arg=>true}))) :-
      (hole 0 {:hash_depth=>0, :method_arg=>true})))
  (send
    (begin
      (send
        (hole 0 {:hash_depth=>0, :limit_depth=>true, :recv=>true}) :count)) :confirmed=
    (hole 0 {:hash_depth=>0, :method_arg=>true}))
  (send
    (begin
      (send
        (hole 0 {:hash_depth=>0, :limit_depth=>true, :recv=>true}) :count)) :confirmed)
  (send
    (begin
      (send
        (hole 0 {:hash_depth=>0, :limit_depth=>true, :recv=>true}) :count)) :expired=
    (hole 0 {:hash_depth=>0, :method_arg=>true}))
  (send
    (begin
      (send
        (hole 0 {:hash_depth=>0, :limit_depth=>true, :recv=>true}) :count)) :expired)
  (send
    (begin
      (send
        (hole 0 {:hash_depth=>0, :limit_depth=>true, :recv=>true}) :count)) :discoverable=
    (hole 0 {:hash_depth=>0, :method_arg=>true}))
  (send
    (begin
      (send
        (hole 0 {:hash_depth=>0, :limit_depth=>true, :recv=>true}) :count)) :discoverable)
  (send
    (begin
      (send
        (hole 0 {:hash_depth=>0, :limit_depth=>true, :recv=>true}) :count)) :scheduled_check=
    (hole 0 {:hash_depth=>0, :method_arg=>true}))
  (send
    (begin
      (send
        (hole 0 {:hash_depth=>0, :limit_depth=>true, :recv=>true}) :count)) :scheduled_check)
  (begin
    (send
      (begin
        (send
          (hole 0 {:hash_depth=>0, :limit_depth=>true, :recv=>true}) :count)) :save))
  (send
    (begin
      (send
        (hole 0 {:hash_depth=>0, :limit_depth=>true, :recv=>true}) :count)) :otp_required_for_login=
    (hole 0 {:hash_depth=>0, :method_arg=>true}))
  (send
    (begin
      (send
        (hole 0 {:hash_depth=>0, :limit_depth=>true, :recv=>true}) :count)) :otp_required_for_login)
  (send
    (begin
      (send
        (hole 0 {:hash_depth=>0, :limit_depth=>true, :recv=>true}) :count)) :admin=
    (hole 0 {:hash_depth=>0, :method_arg=>true}))
  (send
    (begin
      (send
        (hole 0 {:hash_depth=>0, :limit_depth=>true, :recv=>true}) :count)) :admin)
  (send
    (begin
      (send
        (hole 0 {:hash_depth=>0, :limit_depth=>true, :recv=>true}) :count)) :staged=
    (hole 0 {:hash_depth=>0, :method_arg=>true}))
  (send
    (begin
      (send
        (hole 0 {:hash_depth=>0, :limit_depth=>true, :recv=>true}) :count)) :staged)
  (send
    (begin
      (send
        (hole 0 {:hash_depth=>0, :limit_depth=>true, :recv=>true}) :count)) :active=
    (hole 0 {:hash_depth=>0, :method_arg=>true}))
  (send
    (begin
      (send
        (hole 0 {:hash_depth=>0, :limit_depth=>true, :recv=>true}) :count)) :active)
  (send
    (begin
      (send
        (hole 0 {:hash_depth=>0, :limit_depth=>true, :recv=>true}) :count)) :primary=
    (hole 0 {:hash_depth=>0, :method_arg=>true}))
  (send
    (begin
      (send
        (hole 0 {:hash_depth=>0, :limit_depth=>true, :recv=>true}) :count)) :primary)
  (send
    (begin
      (send
        (hole 0 {:hash_depth=>0, :limit_depth=>true, :recv=>true}) :count)) :moderator=
    (hole 0 {:hash_depth=>0, :method_arg=>true}))
  (send
    (begin
      (send
        (hole 0 {:hash_depth=>0, :limit_depth=>true, :recv=>true}) :count)) :moderator)
  (begin
    (send
      (begin
        (send
          (hole 0 {:hash_depth=>0, :limit_depth=>true, :recv=>true}) :count)) :-
      (hole 0 {:hash_depth=>0, :method_arg=>true})))
  (begin
    (send
      (begin
        (send
          (hole 0 {:hash_depth=>0, :limit_depth=>true, :recv=>true}) :count)) :-
      (hole 0 {:hash_depth=>0, :method_arg=>true})))
  (begin
    (send
      (begin
        (send
          (hole 0 {:hash_depth=>0, :limit_depth=>true, :recv=>true}) :count)) :-
      (hole 0 {:hash_depth=>0, :method_arg=>true})))
  (send
    (begin
      (send
        (hole 0 {:hash_depth=>0, :limit_depth=>true, :recv=>true}) :-
        (hole 0 {:hash_depth=>0, :method_arg=>true}))) :confirmed=
    (hole 0 {:hash_depth=>0, :method_arg=>true}))
  (send
    (begin
      (send
        (hole 0 {:hash_depth=>0, :limit_depth=>true, :recv=>true}) :-
        (hole 0 {:hash_depth=>0, :method_arg=>true}))) :confirmed)
  (send
    (begin
      (send
        (hole 0 {:hash_depth=>0, :limit_depth=>true, :recv=>true}) :-
        (hole 0 {:hash_depth=>0, :method_arg=>true}))) :expired=
    (hole 0 {:hash_depth=>0, :method_arg=>true}))
  (send
    (begin
      (send
        (hole 0 {:hash_depth=>0, :limit_depth=>true, :recv=>true}) :-
        (hole 0 {:hash_depth=>0, :method_arg=>true}))) :expired)
  (send
    (begin
      (send
        (hole 0 {:hash_depth=>0, :limit_depth=>true, :recv=>true}) :-
        (hole 0 {:hash_depth=>0, :method_arg=>true}))) :discoverable=
    (hole 0 {:hash_depth=>0, :method_arg=>true}))
  (send
    (begin
      (send
        (hole 0 {:hash_depth=>0, :limit_depth=>true, :recv=>true}) :-
        (hole 0 {:hash_depth=>0, :method_arg=>true}))) :discoverable)
  (send
    (begin
      (send
        (hole 0 {:hash_depth=>0, :limit_depth=>true, :recv=>true}) :-
        (hole 0 {:hash_depth=>0, :method_arg=>true}))) :scheduled_check=
    (hole 0 {:hash_depth=>0, :method_arg=>true}))
  (send
    (begin
      (send
        (hole 0 {:hash_depth=>0, :limit_depth=>true, :recv=>true}) :-
        (hole 0 {:hash_depth=>0, :method_arg=>true}))) :scheduled_check)
  (begin
    (send
      (begin
        (send
          (hole 0 {:hash_depth=>0, :limit_depth=>true, :recv=>true}) :-
          (hole 0 {:hash_depth=>0, :method_arg=>true}))) :save))
  (send
    (begin
      (send
        (hole 0 {:hash_depth=>0, :limit_depth=>true, :recv=>true}) :-
        (hole 0 {:hash_depth=>0, :method_arg=>true}))) :otp_required_for_login=
    (hole 0 {:hash_depth=>0, :method_arg=>true}))
  (send
    (begin
      (send
        (hole 0 {:hash_depth=>0, :limit_depth=>true, :recv=>true}) :-
        (hole 0 {:hash_depth=>0, :method_arg=>true}))) :otp_required_for_login)
  (send
    (begin
      (send
        (hole 0 {:hash_depth=>0, :limit_depth=>true, :recv=>true}) :-
        (hole 0 {:hash_depth=>0, :method_arg=>true}))) :admin=
    (hole 0 {:hash_depth=>0, :method_arg=>true}))
  (send
    (begin
      (send
        (hole 0 {:hash_depth=>0, :limit_depth=>true, :recv=>true}) :-
        (hole 0 {:hash_depth=>0, :method_arg=>true}))) :admin)
  (send
    (begin
      (send
        (hole 0 {:hash_depth=>0, :limit_depth=>true, :recv=>true}) :-
        (hole 0 {:hash_depth=>0, :method_arg=>true}))) :staged=
    (hole 0 {:hash_depth=>0, :method_arg=>true}))
  (send
    (begin
      (send
        (hole 0 {:hash_depth=>0, :limit_depth=>true, :recv=>true}) :-
        (hole 0 {:hash_depth=>0, :method_arg=>true}))) :staged)
  (send
    (begin
      (send
        (hole 0 {:hash_depth=>0, :limit_depth=>true, :recv=>true}) :-
        (hole 0 {:hash_depth=>0, :method_arg=>true}))) :active=
    (hole 0 {:hash_depth=>0, :method_arg=>true}))
  (send
    (begin
      (send
        (hole 0 {:hash_depth=>0, :limit_depth=>true, :recv=>true}) :-
        (hole 0 {:hash_depth=>0, :method_arg=>true}))) :active)
  (send
    (begin
      (send
        (hole 0 {:hash_depth=>0, :limit_depth=>true, :recv=>true}) :-
        (hole 0 {:hash_depth=>0, :method_arg=>true}))) :primary=
    (hole 0 {:hash_depth=>0, :method_arg=>true}))
  (send
    (begin
      (send
        (hole 0 {:hash_depth=>0, :limit_depth=>true, :recv=>true}) :-
        (hole 0 {:hash_depth=>0, :method_arg=>true}))) :primary)
  (send
    (begin
      (send
        (hole 0 {:hash_depth=>0, :limit_depth=>true, :recv=>true}) :-
        (hole 0 {:hash_depth=>0, :method_arg=>true}))) :moderator=
    (hole 0 {:hash_depth=>0, :method_arg=>true}))
  (send
    (begin
      (send
        (hole 0 {:hash_depth=>0, :limit_depth=>true, :recv=>true}) :-
        (hole 0 {:hash_depth=>0, :method_arg=>true}))) :moderator)
  (begin
    (send
      (begin
        (send
          (hole 0 {:hash_depth=>0, :limit_depth=>true, :recv=>true}) :-
          (hole 0 {:hash_depth=>0, :method_arg=>true}))) :-
      (hole 0 {:hash_depth=>0, :method_arg=>true})))
  (begin
    (send
      (begin
        (send
          (hole 0 {:hash_depth=>0, :limit_depth=>true, :recv=>true}) :-
          (hole 0 {:hash_depth=>0, :method_arg=>true}))) :-
      (hole 0 {:hash_depth=>0, :method_arg=>true})))
  (begin
    (send
      (begin
        (send
          (hole 0 {:hash_depth=>0, :limit_depth=>true, :recv=>true}) :-
          (hole 0 {:hash_depth=>0, :method_arg=>true}))) :-
      (hole 0 {:hash_depth=>0, :method_arg=>true})))
  (begin
    (send
      (begin
        (send
          (hole 0 {:hash_depth=>0, :limit_depth=>true, :recv=>true}) :save)) :count))
  (begin
    (send
      (begin
        (send
          (hole 0 {:hash_depth=>0, :limit_depth=>true, :recv=>true}) :save)) :-
      (hole 0 {:hash_depth=>0, :method_arg=>true})))
  (begin
    (send
      (begin
        (send
          (hole 0 {:hash_depth=>0, :limit_depth=>true, :recv=>true}) :save)) :save))
  (hole 3 {:hash_depth=>0, :method_arg=>false, :variance=>:+}) {:method_arg=>false})
BASETYPE: true or false
SIZE WORK_LIST: 0
SIZE generated: 85
EVALUABLE#: 0

-------------------------

----------------
TTYPES
true or false
true or false
true or false

PROGS

LOCAL_COUNT: 6
GLOBAL_COUNT: 75

BASE_AFTER:
(send
  (begin
    (send
      (filled-hole
        (lvar InvitationCode(id: integer, token: string, diaspora_user_id: integer, count: integer)) {:method_arg=>false}) :count)) :confirmed=
  (filled-hole
    (true)
    (false)
    (hole 1 {:hash_depth=>0, :method_arg=>true, :variance=>:+}) {:method_arg=>true}))
BASETYPE: true or false
SIZE WORK_LIST: 84
SIZE generated: 3
EVALUABLE#: 2

-------------------------

----------------
TTYPES
true or false

PROGS

LOCAL_COUNT: 7
GLOBAL_COUNT: 76

BASE_AFTER:
(send
  (begin
    (send
      (filled-hole
        (lvar InvitationCode(id: integer, token: string, diaspora_user_id: integer, count: integer)) {:method_arg=>false}) :count)) :confirmed)
BASETYPE: true or false
SIZE WORK_LIST: 84
SIZE generated: 1
EVALUABLE#: 1

-------------------------

----------------
TTYPES
true or false
true or false
true or false

PROGS

LOCAL_COUNT: 8
GLOBAL_COUNT: 77

BASE_AFTER:
(send
  (begin
    (send
      (filled-hole
        (lvar InvitationCode(id: integer, token: string, diaspora_user_id: integer, count: integer)) {:method_arg=>false}) :count)) :expired=
  (filled-hole
    (true)
    (false)
    (hole 1 {:hash_depth=>0, :method_arg=>true, :variance=>:+}) {:method_arg=>true}))
BASETYPE: true or false
SIZE WORK_LIST: 83
SIZE generated: 3
EVALUABLE#: 2

-------------------------

----------------
TTYPES
true or false

PROGS

LOCAL_COUNT: 9
GLOBAL_COUNT: 78

BASE_AFTER:
(send
  (begin
    (send
      (filled-hole
        (lvar InvitationCode(id: integer, token: string, diaspora_user_id: integer, count: integer)) {:method_arg=>false}) :count)) :expired)
BASETYPE: true or false
SIZE WORK_LIST: 83
SIZE generated: 1
EVALUABLE#: 1

-------------------------

----------------
TTYPES
true or false
true or false
true or false

PROGS

LOCAL_COUNT: 10
GLOBAL_COUNT: 79

BASE_AFTER:
(send
  (begin
    (send
      (filled-hole
        (lvar InvitationCode(id: integer, token: string, diaspora_user_id: integer, count: integer)) {:method_arg=>false}) :count)) :discoverable=
  (filled-hole
    (true)
    (false)
    (hole 1 {:hash_depth=>0, :method_arg=>true, :variance=>:+}) {:method_arg=>true}))
BASETYPE: true or false
SIZE WORK_LIST: 82
SIZE generated: 3
EVALUABLE#: 2

-------------------------

----------------
TTYPES
true or false

PROGS

LOCAL_COUNT: 11
GLOBAL_COUNT: 80

BASE_AFTER:
(send
  (begin
    (send
      (filled-hole
        (lvar InvitationCode(id: integer, token: string, diaspora_user_id: integer, count: integer)) {:method_arg=>false}) :count)) :discoverable)
BASETYPE: true or false
SIZE WORK_LIST: 82
SIZE generated: 1
EVALUABLE#: 1

-------------------------

----------------
TTYPES
true or false
true or false
true or false

PROGS

LOCAL_COUNT: 12
GLOBAL_COUNT: 81

BASE_AFTER:
(send
  (begin
    (send
      (filled-hole
        (lvar InvitationCode(id: integer, token: string, diaspora_user_id: integer, count: integer)) {:method_arg=>false}) :count)) :scheduled_check=
  (filled-hole
    (true)
    (false)
    (hole 1 {:hash_depth=>0, :method_arg=>true, :variance=>:+}) {:method_arg=>true}))
BASETYPE: true or false
SIZE WORK_LIST: 81
SIZE generated: 3
EVALUABLE#: 2

-------------------------

----------------
TTYPES
true or false

PROGS

LOCAL_COUNT: 13
GLOBAL_COUNT: 82

BASE_AFTER:
(send
  (begin
    (send
      (filled-hole
        (lvar InvitationCode(id: integer, token: string, diaspora_user_id: integer, count: integer)) {:method_arg=>false}) :count)) :scheduled_check)
BASETYPE: true or false
SIZE WORK_LIST: 81
SIZE generated: 1
EVALUABLE#: 1

-------------------------

----------------
TTYPES
false or true

PROGS

LOCAL_COUNT: 14
GLOBAL_COUNT: 83

BASE_AFTER:
(begin
  (send
    (begin
      (send
        (filled-hole
          (lvar InvitationCode(id: integer, token: string, diaspora_user_id: integer, count: integer)) {:method_arg=>false}) :count)) :save))
BASETYPE: false or true
SIZE WORK_LIST: 80
SIZE generated: 1
EVALUABLE#: 1

-------------------------

----------------
TTYPES
true or false
true or false
true or false

PROGS

LOCAL_COUNT: 15
GLOBAL_COUNT: 84

BASE_AFTER:
(send
  (begin
    (send
      (filled-hole
        (lvar InvitationCode(id: integer, token: string, diaspora_user_id: integer, count: integer)) {:method_arg=>false}) :count)) :otp_required_for_login=
  (filled-hole
    (true)
    (false)
    (hole 1 {:hash_depth=>0, :method_arg=>true, :variance=>:+}) {:method_arg=>true}))
BASETYPE: true or false
SIZE WORK_LIST: 79
SIZE generated: 3
EVALUABLE#: 2

-------------------------

----------------
TTYPES
true or false

PROGS

LOCAL_COUNT: 16
GLOBAL_COUNT: 85

BASE_AFTER:
(send
  (begin
    (send
      (filled-hole
        (lvar InvitationCode(id: integer, token: string, diaspora_user_id: integer, count: integer)) {:method_arg=>false}) :count)) :otp_required_for_login)
BASETYPE: true or false
SIZE WORK_LIST: 79
SIZE generated: 1
EVALUABLE#: 1

-------------------------

----------------
TTYPES
true or false
true or false
true or false

PROGS

LOCAL_COUNT: 17
GLOBAL_COUNT: 86

BASE_AFTER:
(send
  (begin
    (send
      (filled-hole
        (lvar InvitationCode(id: integer, token: string, diaspora_user_id: integer, count: integer)) {:method_arg=>false}) :count)) :admin=
  (filled-hole
    (true)
    (false)
    (hole 1 {:hash_depth=>0, :method_arg=>true, :variance=>:+}) {:method_arg=>true}))
BASETYPE: true or false
SIZE WORK_LIST: 78
SIZE generated: 3
EVALUABLE#: 2

-------------------------

----------------
TTYPES
true or false

PROGS

LOCAL_COUNT: 18
GLOBAL_COUNT: 87

BASE_AFTER:
(send
  (begin
    (send
      (filled-hole
        (lvar InvitationCode(id: integer, token: string, diaspora_user_id: integer, count: integer)) {:method_arg=>false}) :count)) :admin)
BASETYPE: true or false
SIZE WORK_LIST: 78
SIZE generated: 1
EVALUABLE#: 1

-------------------------

----------------
TTYPES
true or false
true or false
true or false

PROGS

LOCAL_COUNT: 19
GLOBAL_COUNT: 88

BASE_AFTER:
(send
  (begin
    (send
      (filled-hole
        (lvar InvitationCode(id: integer, token: string, diaspora_user_id: integer, count: integer)) {:method_arg=>false}) :count)) :staged=
  (filled-hole
    (true)
    (false)
    (hole 1 {:hash_depth=>0, :method_arg=>true, :variance=>:+}) {:method_arg=>true}))
BASETYPE: true or false
SIZE WORK_LIST: 77
SIZE generated: 3
EVALUABLE#: 2

-------------------------

----------------
TTYPES
true or false

PROGS

LOCAL_COUNT: 20
GLOBAL_COUNT: 89

BASE_AFTER:
(send
  (begin
    (send
      (filled-hole
        (lvar InvitationCode(id: integer, token: string, diaspora_user_id: integer, count: integer)) {:method_arg=>false}) :count)) :staged)
BASETYPE: true or false
SIZE WORK_LIST: 77
SIZE generated: 1
EVALUABLE#: 1

-------------------------

----------------
TTYPES
true or false
true or false
true or false

PROGS

LOCAL_COUNT: 21
GLOBAL_COUNT: 90

BASE_AFTER:
(send
  (begin
    (send
      (filled-hole
        (lvar InvitationCode(id: integer, token: string, diaspora_user_id: integer, count: integer)) {:method_arg=>false}) :count)) :active=
  (filled-hole
    (true)
    (false)
    (hole 1 {:hash_depth=>0, :method_arg=>true, :variance=>:+}) {:method_arg=>true}))
BASETYPE: true or false
SIZE WORK_LIST: 76
SIZE generated: 3
EVALUABLE#: 2

-------------------------

----------------
TTYPES
true or false

PROGS

LOCAL_COUNT: 22
GLOBAL_COUNT: 91

BASE_AFTER:
(send
  (begin
    (send
      (filled-hole
        (lvar InvitationCode(id: integer, token: string, diaspora_user_id: integer, count: integer)) {:method_arg=>false}) :count)) :active)
BASETYPE: true or false
SIZE WORK_LIST: 76
SIZE generated: 1
EVALUABLE#: 1

-------------------------

----------------
TTYPES
true or false
true or false
true or false

PROGS

LOCAL_COUNT: 23
GLOBAL_COUNT: 92

BASE_AFTER:
(send
  (begin
    (send
      (filled-hole
        (lvar InvitationCode(id: integer, token: string, diaspora_user_id: integer, count: integer)) {:method_arg=>false}) :count)) :primary=
  (filled-hole
    (true)
    (false)
    (hole 1 {:hash_depth=>0, :method_arg=>true, :variance=>:+}) {:method_arg=>true}))
BASETYPE: true or false
SIZE WORK_LIST: 75
SIZE generated: 3
EVALUABLE#: 2

-------------------------

----------------
TTYPES
true or false

PROGS

LOCAL_COUNT: 24
GLOBAL_COUNT: 93

BASE_AFTER:
(send
  (begin
    (send
      (filled-hole
        (lvar InvitationCode(id: integer, token: string, diaspora_user_id: integer, count: integer)) {:method_arg=>false}) :count)) :primary)
BASETYPE: true or false
SIZE WORK_LIST: 75
SIZE generated: 1
EVALUABLE#: 1

-------------------------

----------------
TTYPES
true or false
true or false
true or false

PROGS

LOCAL_COUNT: 25
GLOBAL_COUNT: 94

BASE_AFTER:
(send
  (begin
    (send
      (filled-hole
        (lvar InvitationCode(id: integer, token: string, diaspora_user_id: integer, count: integer)) {:method_arg=>false}) :count)) :moderator=
  (filled-hole
    (true)
    (false)
    (hole 1 {:hash_depth=>0, :method_arg=>true, :variance=>:+}) {:method_arg=>true}))
BASETYPE: true or false
SIZE WORK_LIST: 74
SIZE generated: 3
EVALUABLE#: 2

-------------------------

----------------
TTYPES
true or false

PROGS

LOCAL_COUNT: 26
GLOBAL_COUNT: 95

BASE_AFTER:
(send
  (begin
    (send
      (filled-hole
        (lvar InvitationCode(id: integer, token: string, diaspora_user_id: integer, count: integer)) {:method_arg=>false}) :count)) :moderator)
BASETYPE: true or false
SIZE WORK_LIST: 74
SIZE generated: 1
EVALUABLE#: 1

-------------------------

----------------
TTYPES
Integer
Integer
Integer
Integer

PROGS

LOCAL_COUNT: 27
GLOBAL_COUNT: 96

BASE_AFTER:
(begin
  (send
    (begin
      (send
        (filled-hole
          (lvar InvitationCode(id: integer, token: string, diaspora_user_id: integer, count: integer)) {:method_arg=>false}) :count)) :-
    (filled-hole
      (int 0)
      (int 1)
      (int 2)
      (hole 1 {:hash_depth=>0, :method_arg=>true, :variance=>:+}) {:method_arg=>true})))
BASETYPE: Integer
SIZE WORK_LIST: 73
SIZE generated: 4
EVALUABLE#: 3

-------------------------

----------------
TTYPES
Integer
Integer
Integer
Integer
Integer
Integer
Integer
Integer
Integer
Integer
Integer
Integer
Integer
Integer
Integer
Integer

PROGS

LOCAL_COUNT: 28
GLOBAL_COUNT: 97

BASE_AFTER:
(begin
  (send
    (send
      (filled-hole
        (lvar :arg0) {:method_arg=>false}) :id=
      (filled-hole
        (int 0)
        (int 1)
        (int 2)
        (hole 1 {:hash_depth=>0, :method_arg=>true, :variance=>:+}) {:method_arg=>true})) :-
    (filled-hole
      (int 0)
      (int 1)
      (int 2)
      (hole 1 {:hash_depth=>0, :method_arg=>true, :variance=>:+}) {:method_arg=>true})))
BASETYPE: Integer
SIZE WORK_LIST: 73
SIZE generated: 16
EVALUABLE#: 9

-------------------------

----------------
TTYPES
Integer
Integer
Integer
Integer

PROGS

LOCAL_COUNT: 29
GLOBAL_COUNT: 98

BASE_AFTER:
(begin
  (send
    (send
      (filled-hole
        (lvar :arg0) {:method_arg=>false}) :id) :-
    (filled-hole
      (int 0)
      (int 1)
      (int 2)
      (hole 1 {:hash_depth=>0, :method_arg=>true, :variance=>:+}) {:method_arg=>true})))
BASETYPE: Integer
SIZE WORK_LIST: 79
SIZE generated: 4
EVALUABLE#: 3

-------------------------

----------------
TTYPES
true or false
true or false

PROGS

LOCAL_COUNT: 30
GLOBAL_COUNT: 99

BASE_AFTER:
(begin
  (send
    (send
      (filled-hole
        (lvar :arg0) {:method_arg=>false}) :token=
      (filled-hole
        (str "")
        (hole 1 {:hash_depth=>0, :method_arg=>true, :variance=>:+}) {:method_arg=>true})) :save))
BASETYPE: true or false
SIZE WORK_LIST: 79
SIZE generated: 2
EVALUABLE#: 1

-------------------------

----------------
TTYPES
Integer
Integer
Integer
Integer
Integer
Integer
Integer
Integer
Integer
Integer
Integer
Integer
Integer
Integer
Integer
Integer

PROGS

LOCAL_COUNT: 31
GLOBAL_COUNT: 100

BASE_AFTER:
(begin
  (send
    (send
      (filled-hole
        (lvar :arg0) {:method_arg=>false}) :diaspora_user_id=
      (filled-hole
        (int 0)
        (int 1)
        (int 2)
        (hole 1 {:hash_depth=>0, :method_arg=>true, :variance=>:+}) {:method_arg=>true})) :-
    (filled-hole
      (int 0)
      (int 1)
      (int 2)
      (hole 1 {:hash_depth=>0, :method_arg=>true, :variance=>:+}) {:method_arg=>true})))
BASETYPE: Integer
SIZE WORK_LIST: 79
SIZE generated: 16
EVALUABLE#: 9

-------------------------

----------------
TTYPES
Integer
Integer
Integer
Integer

PROGS

LOCAL_COUNT: 32
GLOBAL_COUNT: 101

BASE_AFTER:
(begin
  (send
    (send
      (filled-hole
        (lvar :arg0) {:method_arg=>false}) :diaspora_user_id) :-
    (filled-hole
      (int 0)
      (int 1)
      (int 2)
      (hole 1 {:hash_depth=>0, :method_arg=>true, :variance=>:+}) {:method_arg=>true})))
BASETYPE: Integer
SIZE WORK_LIST: 85
SIZE generated: 4
EVALUABLE#: 3

-------------------------

----------------
TTYPES
Integer
Integer
Integer
Integer
Integer
Integer
Integer
Integer
Integer
Integer
Integer
Integer
Integer
Integer
Integer
Integer

PROGS

LOCAL_COUNT: 33
GLOBAL_COUNT: 102

BASE_AFTER:
(begin
  (send
    (send
      (filled-hole
        (lvar :arg0) {:method_arg=>false}) :count=
      (filled-hole
        (int 0)
        (int 1)
        (int 2)
        (hole 1 {:hash_depth=>0, :method_arg=>true, :variance=>:+}) {:method_arg=>true})) :-
    (filled-hole
      (int 0)
      (int 1)
      (int 2)
      (hole 1 {:hash_depth=>0, :method_arg=>true, :variance=>:+}) {:method_arg=>true})))
BASETYPE: Integer
SIZE WORK_LIST: 85
SIZE generated: 16
EVALUABLE#: 9

-------------------------

----------------
TTYPES
Integer
Integer
Integer
Integer

PROGS

LOCAL_COUNT: 34
GLOBAL_COUNT: 103

BASE_AFTER:
(begin
  (send
    (begin
      (send
        (filled-hole
          (lvar :arg0) {:method_arg=>false}) :count)) :-
    (filled-hole
      (int 0)
      (int 1)
      (int 2)
      (hole 1 {:hash_depth=>0, :method_arg=>true, :variance=>:+}) {:method_arg=>true})))
BASETYPE: Integer
SIZE WORK_LIST: 91
SIZE generated: 4
EVALUABLE#: 3

-------------------------

----------------
TTYPES
true or false

PROGS

LOCAL_COUNT: 35
GLOBAL_COUNT: 104

BASE_AFTER:
(begin
  (send
    (send
      (filled-hole
        (lvar :arg0) {:method_arg=>false}) :diaspora_user) :save))
BASETYPE: true or false
SIZE WORK_LIST: 91
SIZE generated: 1
EVALUABLE#: 1

-------------------------

----------------
TTYPES
true or false

PROGS

LOCAL_COUNT: 36
GLOBAL_COUNT: 105

BASE_AFTER:
(begin
  (send
    (send
      (filled-hole
        (lvar :arg0) {:method_arg=>false}) :diaspora_user=
      (filled-hole
        (hole 1 {:hash_depth=>0, :method_arg=>true, :variance=>:+}) {:method_arg=>true})) :save))
BASETYPE: true or false
SIZE WORK_LIST: 90
SIZE generated: 1
EVALUABLE#: 0

-------------------------

----------------
TTYPES
true or false

PROGS

LOCAL_COUNT: 37
GLOBAL_COUNT: 106

BASE_AFTER:
(begin
  (send
    (begin
      (send
        (filled-hole
          (lvar :arg0) {:method_arg=>false}) :save)) :save))
BASETYPE: true or false
SIZE WORK_LIST: 90
SIZE generated: 1
EVALUABLE#: 1

-------------------------

----------------
TTYPES
true or false
true or false
true or false
true or false
true or false
true or false

PROGS

LOCAL_COUNT: 38
GLOBAL_COUNT: 107

BASE_AFTER:
(send
  (begin
    (send
      (lvar InvitationCode(id: integer, token: string, diaspora_user_id: integer, count: integer)) :count)) :confirmed=
  (filled-hole
    (begin
      (send
        (hole 0 {:hash_depth=>0, :limit_depth=>true, :recv=>true}) :save))
    (begin
      (send
        (hole 0 {:hash_depth=>0, :limit_depth=>true, :recv=>true}) :-
        (hole 0 {:hash_depth=>0, :method_arg=>true})))
    (begin
      (send
        (hole 0 {:hash_depth=>0, :limit_depth=>true, :recv=>true}) :count))
    (begin
      (send
        (hole 0 {:hash_depth=>0, :limit_depth=>true, :recv=>true}) :-
        (hole 0 {:hash_depth=>0, :method_arg=>true})))
    (begin
      (send
        (hole 0 {:hash_depth=>0, :limit_depth=>true, :recv=>true}) :save))
    (hole 2 {:hash_depth=>0, :method_arg=>true, :variance=>:+}) {:method_arg=>true}))
BASETYPE: true or false
SIZE WORK_LIST: 89
SIZE generated: 6
EVALUABLE#: 0

-------------------------

----------------
TTYPES
true or false

PROGS

LOCAL_COUNT: 39
GLOBAL_COUNT: 108

BASE_AFTER:
(send
  (begin
    (send
      (lvar InvitationCode(id: integer, token: string, diaspora_user_id: integer, count: integer)) :count)) :confirmed=
  (begin
    (send
      (filled-hole
        (lvar InvitationCode(id: integer, token: string, diaspora_user_id: integer, count: integer)) {:method_arg=>false}) :count)))
BASETYPE: true or false
SIZE WORK_LIST: 94
SIZE generated: 1
EVALUABLE#: 1

-------------------------

----------------
TTYPES
true or false
true or false
true or false
true or false
true or false
true or false

PROGS

LOCAL_COUNT: 40
GLOBAL_COUNT: 109

BASE_AFTER:
(send
  (begin
    (send
      (lvar InvitationCode(id: integer, token: string, diaspora_user_id: integer, count: integer)) :count)) :expired=
  (filled-hole
    (begin
      (send
        (hole 0 {:hash_depth=>0, :limit_depth=>true, :recv=>true}) :save))
    (begin
      (send
        (hole 0 {:hash_depth=>0, :limit_depth=>true, :recv=>true}) :-
        (hole 0 {:hash_depth=>0, :method_arg=>true})))
    (begin
      (send
        (hole 0 {:hash_depth=>0, :limit_depth=>true, :recv=>true}) :count))
    (begin
      (send
        (hole 0 {:hash_depth=>0, :limit_depth=>true, :recv=>true}) :-
        (hole 0 {:hash_depth=>0, :method_arg=>true})))
    (begin
      (send
        (hole 0 {:hash_depth=>0, :limit_depth=>true, :recv=>true}) :save))
    (hole 2 {:hash_depth=>0, :method_arg=>true, :variance=>:+}) {:method_arg=>true}))
BASETYPE: true or false
SIZE WORK_LIST: 93
SIZE generated: 6
EVALUABLE#: 0

-------------------------

----------------
TTYPES
true or false

PROGS

LOCAL_COUNT: 41
GLOBAL_COUNT: 110

BASE_AFTER:
(send
  (begin
    (send
      (lvar InvitationCode(id: integer, token: string, diaspora_user_id: integer, count: integer)) :count)) :expired=
  (begin
    (send
      (filled-hole
        (lvar InvitationCode(id: integer, token: string, diaspora_user_id: integer, count: integer)) {:method_arg=>false}) :count)))
BASETYPE: true or false
SIZE WORK_LIST: 98
SIZE generated: 1
EVALUABLE#: 1

-------------------------

----------------
TTYPES
true or false
true or false
true or false
true or false
true or false
true or false

PROGS

LOCAL_COUNT: 42
GLOBAL_COUNT: 111

BASE_AFTER:
(send
  (begin
    (send
      (lvar InvitationCode(id: integer, token: string, diaspora_user_id: integer, count: integer)) :count)) :discoverable=
  (filled-hole
    (begin
      (send
        (hole 0 {:hash_depth=>0, :limit_depth=>true, :recv=>true}) :save))
    (begin
      (send
        (hole 0 {:hash_depth=>0, :limit_depth=>true, :recv=>true}) :-
        (hole 0 {:hash_depth=>0, :method_arg=>true})))
    (begin
      (send
        (hole 0 {:hash_depth=>0, :limit_depth=>true, :recv=>true}) :count))
    (begin
      (send
        (hole 0 {:hash_depth=>0, :limit_depth=>true, :recv=>true}) :-
        (hole 0 {:hash_depth=>0, :method_arg=>true})))
    (begin
      (send
        (hole 0 {:hash_depth=>0, :limit_depth=>true, :recv=>true}) :save))
    (hole 2 {:hash_depth=>0, :method_arg=>true, :variance=>:+}) {:method_arg=>true}))
BASETYPE: true or false
SIZE WORK_LIST: 97
SIZE generated: 6
EVALUABLE#: 0

-------------------------

----------------
TTYPES
true or false

PROGS

LOCAL_COUNT: 43
GLOBAL_COUNT: 112

BASE_AFTER:
(send
  (begin
    (send
      (lvar InvitationCode(id: integer, token: string, diaspora_user_id: integer, count: integer)) :count)) :discoverable=
  (begin
    (send
      (filled-hole
        (lvar InvitationCode(id: integer, token: string, diaspora_user_id: integer, count: integer)) {:method_arg=>false}) :count)))
BASETYPE: true or false
SIZE WORK_LIST: 102
SIZE generated: 1
EVALUABLE#: 1

-------------------------

----------------
TTYPES
true or false
true or false
true or false
true or false
true or false
true or false

PROGS

LOCAL_COUNT: 44
GLOBAL_COUNT: 113

BASE_AFTER:
(send
  (begin
    (send
      (lvar InvitationCode(id: integer, token: string, diaspora_user_id: integer, count: integer)) :count)) :scheduled_check=
  (filled-hole
    (begin
      (send
        (hole 0 {:hash_depth=>0, :limit_depth=>true, :recv=>true}) :save))
    (begin
      (send
        (hole 0 {:hash_depth=>0, :limit_depth=>true, :recv=>true}) :-
        (hole 0 {:hash_depth=>0, :method_arg=>true})))
    (begin
      (send
        (hole 0 {:hash_depth=>0, :limit_depth=>true, :recv=>true}) :count))
    (begin
      (send
        (hole 0 {:hash_depth=>0, :limit_depth=>true, :recv=>true}) :-
        (hole 0 {:hash_depth=>0, :method_arg=>true})))
    (begin
      (send
        (hole 0 {:hash_depth=>0, :limit_depth=>true, :recv=>true}) :save))
    (hole 2 {:hash_depth=>0, :method_arg=>true, :variance=>:+}) {:method_arg=>true}))
BASETYPE: true or false
SIZE WORK_LIST: 101
SIZE generated: 6
EVALUABLE#: 0

-------------------------

----------------
TTYPES
true or false

PROGS

LOCAL_COUNT: 45
GLOBAL_COUNT: 114

BASE_AFTER:
(send
  (begin
    (send
      (lvar InvitationCode(id: integer, token: string, diaspora_user_id: integer, count: integer)) :count)) :scheduled_check=
  (begin
    (send
      (filled-hole
        (lvar InvitationCode(id: integer, token: string, diaspora_user_id: integer, count: integer)) {:method_arg=>false}) :count)))
BASETYPE: true or false
SIZE WORK_LIST: 106
SIZE generated: 1
EVALUABLE#: 1

-------------------------

----------------
TTYPES
true or false
true or false
true or false
true or false
true or false
true or false

PROGS

LOCAL_COUNT: 46
GLOBAL_COUNT: 115

BASE_AFTER:
(send
  (begin
    (send
      (lvar InvitationCode(id: integer, token: string, diaspora_user_id: integer, count: integer)) :count)) :otp_required_for_login=
  (filled-hole
    (begin
      (send
        (hole 0 {:hash_depth=>0, :limit_depth=>true, :recv=>true}) :save))
    (begin
      (send
        (hole 0 {:hash_depth=>0, :limit_depth=>true, :recv=>true}) :-
        (hole 0 {:hash_depth=>0, :method_arg=>true})))
    (begin
      (send
        (hole 0 {:hash_depth=>0, :limit_depth=>true, :recv=>true}) :count))
    (begin
      (send
        (hole 0 {:hash_depth=>0, :limit_depth=>true, :recv=>true}) :-
        (hole 0 {:hash_depth=>0, :method_arg=>true})))
    (begin
      (send
        (hole 0 {:hash_depth=>0, :limit_depth=>true, :recv=>true}) :save))
    (hole 2 {:hash_depth=>0, :method_arg=>true, :variance=>:+}) {:method_arg=>true}))
BASETYPE: true or false
SIZE WORK_LIST: 105
SIZE generated: 6
EVALUABLE#: 0

-------------------------

----------------
TTYPES
true or false

PROGS

LOCAL_COUNT: 47
GLOBAL_COUNT: 116

BASE_AFTER:
(send
  (begin
    (send
      (lvar InvitationCode(id: integer, token: string, diaspora_user_id: integer, count: integer)) :count)) :otp_required_for_login=
  (begin
    (send
      (filled-hole
        (lvar InvitationCode(id: integer, token: string, diaspora_user_id: integer, count: integer)) {:method_arg=>false}) :count)))
BASETYPE: true or false
SIZE WORK_LIST: 110
SIZE generated: 1
EVALUABLE#: 1

-------------------------

----------------
TTYPES
true or false
true or false
true or false
true or false
true or false
true or false

PROGS

LOCAL_COUNT: 48
GLOBAL_COUNT: 117

BASE_AFTER:
(send
  (begin
    (send
      (lvar InvitationCode(id: integer, token: string, diaspora_user_id: integer, count: integer)) :count)) :admin=
  (filled-hole
    (begin
      (send
        (hole 0 {:hash_depth=>0, :limit_depth=>true, :recv=>true}) :save))
    (begin
      (send
        (hole 0 {:hash_depth=>0, :limit_depth=>true, :recv=>true}) :-
        (hole 0 {:hash_depth=>0, :method_arg=>true})))
    (begin
      (send
        (hole 0 {:hash_depth=>0, :limit_depth=>true, :recv=>true}) :count))
    (begin
      (send
        (hole 0 {:hash_depth=>0, :limit_depth=>true, :recv=>true}) :-
        (hole 0 {:hash_depth=>0, :method_arg=>true})))
    (begin
      (send
        (hole 0 {:hash_depth=>0, :limit_depth=>true, :recv=>true}) :save))
    (hole 2 {:hash_depth=>0, :method_arg=>true, :variance=>:+}) {:method_arg=>true}))
BASETYPE: true or false
SIZE WORK_LIST: 109
SIZE generated: 6
EVALUABLE#: 0

-------------------------

----------------
TTYPES
true or false

PROGS

LOCAL_COUNT: 49
GLOBAL_COUNT: 118

BASE_AFTER:
(send
  (begin
    (send
      (lvar InvitationCode(id: integer, token: string, diaspora_user_id: integer, count: integer)) :count)) :admin=
  (begin
    (send
      (filled-hole
        (lvar InvitationCode(id: integer, token: string, diaspora_user_id: integer, count: integer)) {:method_arg=>false}) :count)))
BASETYPE: true or false
SIZE WORK_LIST: 114
SIZE generated: 1
EVALUABLE#: 1

-------------------------

----------------
TTYPES
true or false
true or false
true or false
true or false
true or false
true or false

PROGS

LOCAL_COUNT: 50
GLOBAL_COUNT: 119

BASE_AFTER:
(send
  (begin
    (send
      (lvar InvitationCode(id: integer, token: string, diaspora_user_id: integer, count: integer)) :count)) :staged=
  (filled-hole
    (begin
      (send
        (hole 0 {:hash_depth=>0, :limit_depth=>true, :recv=>true}) :save))
    (begin
      (send
        (hole 0 {:hash_depth=>0, :limit_depth=>true, :recv=>true}) :-
        (hole 0 {:hash_depth=>0, :method_arg=>true})))
    (begin
      (send
        (hole 0 {:hash_depth=>0, :limit_depth=>true, :recv=>true}) :count))
    (begin
      (send
        (hole 0 {:hash_depth=>0, :limit_depth=>true, :recv=>true}) :-
        (hole 0 {:hash_depth=>0, :method_arg=>true})))
    (begin
      (send
        (hole 0 {:hash_depth=>0, :limit_depth=>true, :recv=>true}) :save))
    (hole 2 {:hash_depth=>0, :method_arg=>true, :variance=>:+}) {:method_arg=>true}))
BASETYPE: true or false
SIZE WORK_LIST: 113
SIZE generated: 6
EVALUABLE#: 0

-------------------------

----------------
TTYPES
true or false

PROGS

LOCAL_COUNT: 51
GLOBAL_COUNT: 120

BASE_AFTER:
(send
  (begin
    (send
      (lvar InvitationCode(id: integer, token: string, diaspora_user_id: integer, count: integer)) :count)) :staged=
  (begin
    (send
      (filled-hole
        (lvar InvitationCode(id: integer, token: string, diaspora_user_id: integer, count: integer)) {:method_arg=>false}) :count)))
BASETYPE: true or false
SIZE WORK_LIST: 118
SIZE generated: 1
EVALUABLE#: 1

-------------------------

----------------
TTYPES
true or false
true or false
true or false
true or false
true or false
true or false

PROGS

LOCAL_COUNT: 52
GLOBAL_COUNT: 121

BASE_AFTER:
(send
  (begin
    (send
      (lvar InvitationCode(id: integer, token: string, diaspora_user_id: integer, count: integer)) :count)) :active=
  (filled-hole
    (begin
      (send
        (hole 0 {:hash_depth=>0, :limit_depth=>true, :recv=>true}) :save))
    (begin
      (send
        (hole 0 {:hash_depth=>0, :limit_depth=>true, :recv=>true}) :-
        (hole 0 {:hash_depth=>0, :method_arg=>true})))
    (begin
      (send
        (hole 0 {:hash_depth=>0, :limit_depth=>true, :recv=>true}) :count))
    (begin
      (send
        (hole 0 {:hash_depth=>0, :limit_depth=>true, :recv=>true}) :-
        (hole 0 {:hash_depth=>0, :method_arg=>true})))
    (begin
      (send
        (hole 0 {:hash_depth=>0, :limit_depth=>true, :recv=>true}) :save))
    (hole 2 {:hash_depth=>0, :method_arg=>true, :variance=>:+}) {:method_arg=>true}))
BASETYPE: true or false
SIZE WORK_LIST: 117
SIZE generated: 6
EVALUABLE#: 0

-------------------------

----------------
TTYPES
true or false

PROGS

LOCAL_COUNT: 53
GLOBAL_COUNT: 122

BASE_AFTER:
(send
  (begin
    (send
      (lvar InvitationCode(id: integer, token: string, diaspora_user_id: integer, count: integer)) :count)) :active=
  (begin
    (send
      (filled-hole
        (lvar InvitationCode(id: integer, token: string, diaspora_user_id: integer, count: integer)) {:method_arg=>false}) :count)))
BASETYPE: true or false
SIZE WORK_LIST: 122
SIZE generated: 1
EVALUABLE#: 1

-------------------------

----------------
TTYPES
true or false
true or false
true or false
true or false
true or false
true or false

PROGS

LOCAL_COUNT: 54
GLOBAL_COUNT: 123

BASE_AFTER:
(send
  (begin
    (send
      (lvar InvitationCode(id: integer, token: string, diaspora_user_id: integer, count: integer)) :count)) :primary=
  (filled-hole
    (begin
      (send
        (hole 0 {:hash_depth=>0, :limit_depth=>true, :recv=>true}) :save))
    (begin
      (send
        (hole 0 {:hash_depth=>0, :limit_depth=>true, :recv=>true}) :-
        (hole 0 {:hash_depth=>0, :method_arg=>true})))
    (begin
      (send
        (hole 0 {:hash_depth=>0, :limit_depth=>true, :recv=>true}) :count))
    (begin
      (send
        (hole 0 {:hash_depth=>0, :limit_depth=>true, :recv=>true}) :-
        (hole 0 {:hash_depth=>0, :method_arg=>true})))
    (begin
      (send
        (hole 0 {:hash_depth=>0, :limit_depth=>true, :recv=>true}) :save))
    (hole 2 {:hash_depth=>0, :method_arg=>true, :variance=>:+}) {:method_arg=>true}))
BASETYPE: true or false
SIZE WORK_LIST: 121
SIZE generated: 6
EVALUABLE#: 0

-------------------------

----------------
TTYPES
true or false

PROGS

LOCAL_COUNT: 55
GLOBAL_COUNT: 124

BASE_AFTER:
(send
  (begin
    (send
      (lvar InvitationCode(id: integer, token: string, diaspora_user_id: integer, count: integer)) :count)) :primary=
  (begin
    (send
      (filled-hole
        (lvar InvitationCode(id: integer, token: string, diaspora_user_id: integer, count: integer)) {:method_arg=>false}) :count)))
BASETYPE: true or false
SIZE WORK_LIST: 126
SIZE generated: 1
EVALUABLE#: 1

-------------------------

----------------
TTYPES
true or false
true or false
true or false
true or false
true or false
true or false

PROGS

LOCAL_COUNT: 56
GLOBAL_COUNT: 125

BASE_AFTER:
(send
  (begin
    (send
      (lvar InvitationCode(id: integer, token: string, diaspora_user_id: integer, count: integer)) :count)) :moderator=
  (filled-hole
    (begin
      (send
        (hole 0 {:hash_depth=>0, :limit_depth=>true, :recv=>true}) :save))
    (begin
      (send
        (hole 0 {:hash_depth=>0, :limit_depth=>true, :recv=>true}) :-
        (hole 0 {:hash_depth=>0, :method_arg=>true})))
    (begin
      (send
        (hole 0 {:hash_depth=>0, :limit_depth=>true, :recv=>true}) :count))
    (begin
      (send
        (hole 0 {:hash_depth=>0, :limit_depth=>true, :recv=>true}) :-
        (hole 0 {:hash_depth=>0, :method_arg=>true})))
    (begin
      (send
        (hole 0 {:hash_depth=>0, :limit_depth=>true, :recv=>true}) :save))
    (hole 2 {:hash_depth=>0, :method_arg=>true, :variance=>:+}) {:method_arg=>true}))
BASETYPE: true or false
SIZE WORK_LIST: 125
SIZE generated: 6
EVALUABLE#: 0

-------------------------

----------------
TTYPES
true or false

PROGS

LOCAL_COUNT: 57
GLOBAL_COUNT: 126

BASE_AFTER:
(send
  (begin
    (send
      (lvar InvitationCode(id: integer, token: string, diaspora_user_id: integer, count: integer)) :count)) :moderator=
  (begin
    (send
      (filled-hole
        (lvar InvitationCode(id: integer, token: string, diaspora_user_id: integer, count: integer)) {:method_arg=>false}) :count)))
BASETYPE: true or false
SIZE WORK_LIST: 130
SIZE generated: 1
EVALUABLE#: 1

-------------------------

----------------
TTYPES
Integer
Integer
Integer
Integer
Integer
Integer
Integer
Integer
Integer
Integer

PROGS

LOCAL_COUNT: 58
GLOBAL_COUNT: 127

BASE_AFTER:
(begin
  (send
    (begin
      (send
        (lvar InvitationCode(id: integer, token: string, diaspora_user_id: integer, count: integer)) :count)) :-
    (filled-hole
      (send
        (hole 0 {:hash_depth=>0, :limit_depth=>true, :recv=>true}) :id=
        (hole 0 {:hash_depth=>0, :method_arg=>true}))
      (send
        (hole 0 {:hash_depth=>0, :limit_depth=>true, :recv=>true}) :id)
      (send
        (hole 0 {:hash_depth=>0, :limit_depth=>true, :recv=>true}) :diaspora_user_id=
        (hole 0 {:hash_depth=>0, :method_arg=>true}))
      (send
        (hole 0 {:hash_depth=>0, :limit_depth=>true, :recv=>true}) :diaspora_user_id)
      (send
        (hole 0 {:hash_depth=>0, :limit_depth=>true, :recv=>true}) :count=
        (hole 0 {:hash_depth=>0, :method_arg=>true}))
      (begin
        (send
          (hole 0 {:hash_depth=>0, :limit_depth=>true, :recv=>true}) :count))
      (begin
        (send
          (hole 0 {:hash_depth=>0, :limit_depth=>true, :recv=>true}) :count))
      (begin
        (send
          (hole 0 {:hash_depth=>0, :limit_depth=>true, :recv=>true}) :count))
      (begin
        (send
          (hole 0 {:hash_depth=>0, :limit_depth=>true, :recv=>true}) :-
          (hole 0 {:hash_depth=>0, :method_arg=>true})))
      (begin
        (send
          (hole 0 {:hash_depth=>0, :limit_depth=>true, :recv=>true}) :count))
      (begin
        (send
          (hole 0 {:hash_depth=>0, :limit_depth=>true, :recv=>true}) :-
          (hole 0 {:hash_depth=>0, :method_arg=>true})))
      (hole 2 {:hash_depth=>0, :method_arg=>true, :variance=>:+}) {:method_arg=>true})))
BASETYPE: Integer
SIZE WORK_LIST: 129
SIZE generated: 10
EVALUABLE#: 0

-------------------------

----------------
TTYPES
Integer

PROGS

LOCAL_COUNT: 59
GLOBAL_COUNT: 128

BASE_AFTER:
(begin
  (send
    (begin
      (send
        (lvar InvitationCode(id: integer, token: string, diaspora_user_id: integer, count: integer)) :count)) :-
    (begin
      (send
        (filled-hole
          (lvar InvitationCode(id: integer, token: string, diaspora_user_id: integer, count: integer)) {:method_arg=>false}) :count))))
BASETYPE: Integer
SIZE WORK_LIST: 138
SIZE generated: 1
EVALUABLE#: 1

-------------------------

----------------
TTYPES
true or false

PROGS

LOCAL_COUNT: 60
GLOBAL_COUNT: 129

BASE_AFTER:
(send
  (begin
    (send
      (lvar InvitationCode(id: integer, token: string, diaspora_user_id: integer, count: integer)) :count)) :confirmed=
  (begin
    (send
      (filled-hole
        (lvar :arg0) {:method_arg=>false}) :save)))
BASETYPE: true or false
SIZE WORK_LIST: 137
SIZE generated: 1
EVALUABLE#: 1

-------------------------

----------------
TTYPES
true or false

PROGS

LOCAL_COUNT: 1
GLOBAL_COUNT: 130

BASE_AFTER:
(filled-hole
  (hole 1 {:hash_depth=>0, :method_arg=>false, :variance=>:+}) {:method_arg=>false})
BASETYPE: true or false
SIZE WORK_LIST: 0
SIZE generated: 1
EVALUABLE#: 0

-------------------------

----------------
TTYPES
false or true
true or false

PROGS

LOCAL_COUNT: 2
GLOBAL_COUNT: 131

BASE_AFTER:
(filled-hole
  (begin
    (send
      (hole 0 {:hash_depth=>0, :limit_depth=>true, :recv=>true}) :save))
  (hole 2 {:hash_depth=>0, :method_arg=>false, :variance=>:+}) {:method_arg=>false})
BASETYPE: true or false
SIZE WORK_LIST: 0
SIZE generated: 2
EVALUABLE#: 0

-------------------------

----------------
TTYPES
false or true

PROGS

LOCAL_COUNT: 3
GLOBAL_COUNT: 132

BASE_AFTER:
(begin
  (send
    (filled-hole
      (lvar :arg0) {:method_arg=>false}) :save))
BASETYPE: false or true
SIZE WORK_LIST: 1
SIZE generated: 1
EVALUABLE#: 1

-------------------------
